  t=  11.00  cb_yield           L7-CB1 {'rot': 0.00491}
  t=  11.00  cb_yield           L7-CB3 {'rot': 0.00492}
  t=  11.00  cb_yield           L8-CB1 {'rot': 0.0051}
  t=  11.00  cb_yield           L8-CB3 {'rot': 0.0051}
  t=  11.00  cb_yield           L9-CB1 {'rot': 0.00523}
  t=  11.00  cb_yield           L9-CB3 {'rot': 0.00523}
  t=  11.00  cb_yield           L10-CB1 {'rot': 0.00532}
  t=  11.00  cb_yield           L10-CB3 {'rot': 0.00532}
  t=  11.00  cb_yield           L11-CB1 {'rot': 0.00537}
  t=  11.00  cb_yield           L11-CB3 {'rot': 0.00538}
  t=  11.00  cb_yield           L12-CB1 {'rot': 0.00539}
  t=  11.00  cb_yield           L12-CB3 {'rot': 0.0054}
  t=  11.00  cb_yield           L13-CB1 {'rot': 0.00539}
  t=  11.00  cb_yield           L13-CB3 {'rot': 0.0054}
  t=  11.00  cb_yield           L14-CB1 {'rot': 0.00536}
  t=  11.00  cb_yield           L14-CB3 {'rot': 0.00536}
  t=  11.00  cb_yield           L15-CB1 {'rot': 0.00531}
  t=  11.00  cb_yield           L15-CB3 {'rot': 0.00531}
  t=  11.00  cb_yield           L16-CB1 {'rot': 0.00524}
  t=  11.00  cb_yield           L16-CB3 {'rot': 0.00525}
  t=  12.00  cb_yield           L6-CB1 {'rot': 0.00519}
  t=  12.00  cb_yield           L6-CB3 {'rot': 0.0052}
  t=  12.00  cb_yield           L7-CB0 {'rot': 0.00515}
  t=  12.00  cb_yield           L7-CB2 {'rot': 0.00515}
  t=  12.00  cb_yield           L8-CB0 {'rot': 0.00535}
  t=  12.00  cb_yield           L8-CB2 {'rot': 0.00536}
  t=  12.00  cb_yield           L9-CB0 {'rot': 0.00549}
  t=  12.00  cb_yield           L9-CB2 {'rot': 0.00549}
  t=  12.00  cb_yield           L10-CB0 {'rot': 0.00556}
  t=  12.00  cb_yield           L10-CB2 {'rot': 0.00557}
  t=  12.00  cb_yield           L11-CB0 {'rot': 0.00559}
  t=  12.00  cb_yield           L11-CB2 {'rot': 0.00559}
  t=  12.00  cb_yield           L12-CB0 {'rot': 0.00558}
  t=  12.00  cb_yield           L12-CB2 {'rot': 0.00558}
  t=  12.00  cb_yield           L13-CB0 {'rot': 0.00553}
  t=  12.00  cb_yield           L13-CB2 {'rot': 0.00553}
  t=  12.00  cb_yield           L14-CB0 {'rot': 0.00544}
  t=  12.00  cb_yield           L14-CB2 {'rot': 0.00544}
  t=  12.00  cb_yield           L15-CB0 {'rot': 0.00532}
  t=  12.00  cb_yield           L15-CB2 {'rot': 0.00533}
  t=  12.00  cb_yield           L16-CB0 {'rot': 0.00519}
  t=  12.00  cb_yield           L16-CB2 {'rot': 0.00519}
  t=  12.00  cb_yield           L17-CB1 {'rot': 0.00572}
  t=  12.00  cb_yield           L17-CB3 {'rot': 0.00573}
  t=  12.00  cb_yield           L18-CB1 {'rot': 0.00554}
  t=  12.00  cb_yield           L18-CB3 {'rot': 0.00554}
  t=  13.00  cb_yield           L5-CB0 {'rot': 0.00497}
  t=  13.00  cb_yield           L5-CB1 {'rot': 0.00529}
  t=  13.00  cb_yield           L5-CB2 {'rot': 0.00498}
  t=  13.00  cb_yield           L5-CB3 {'rot': 0.00529}
  t=  13.00  cb_yield           L6-CB0 {'rot': 0.00542}
  t=  13.00  cb_yield           L6-CB2 {'rot': 0.00542}
  t=  13.00  cb_yield           L17-CB0 {'rot': 0.00557}
  t=  13.00  cb_yield           L17-CB2 {'rot': 0.00557}
  t=  13.00  cb_yield           L19-CB1 {'rot': 0.00585}
  t=  13.00  cb_yield           L19-CB3 {'rot': 0.00586}
  t=  13.00  cb_yield           L20-CB1 {'rot': 0.00557}
  t=  13.00  cb_yield           L20-CB3 {'rot': 0.00558}
  t=  14.00  cb_yield           L4-CB1 {'rot': 0.00511}
  t=  14.00  cb_yield           L4-CB3 {'rot': 0.00511}
  t=  14.00  cb_yield           L18-CB0 {'rot': 0.00586}
  t=  14.00  cb_yield           L18-CB2 {'rot': 0.00586}
  t=  14.00  cb_yield           L19-CB0 {'rot': 0.0055}
  t=  14.00  cb_yield           L19-CB2 {'rot': 0.0055}
  t=  14.00  cb_yield           L21-CB1 {'rot': 0.00571}
  t=  14.00  cb_yield           L21-CB3 {'rot': 0.00572}
  t=  15.00  cb_yield           L4-CB0 {'rot': 0.00524}
  t=  15.00  cb_yield           L4-CB2 {'rot': 0.00524}
  t=  15.00  cb_yield           L20-CB0 {'rot': 0.00561}
  t=  15.00  cb_yield           L20-CB2 {'rot': 0.00562}
  t=  15.00  cb_yield           L22-CB1 {'rot': 0.00576}
  t=  15.00  cb_yield           L22-CB3 {'rot': 0.00577}
  t=  16.00  cb_yield           L3-CB1 {'rot': 0.00498}
  t=  16.00  cb_yield           L3-CB3 {'rot': 0.00498}
  t=  16.00  cb_yield           L21-CB0 {'rot': 0.00559}
  t=  16.00  cb_yield           L21-CB2 {'rot': 0.00559}
  t=  16.00  cb_yield           L23-CB1 {'rot': 0.00575}
  t=  16.00  cb_yield           L23-CB3 {'rot': 0.00576}
  t=  17.00  cb_yield           L3-CB0 {'rot': 0.00499}
  t=  17.00  cb_yield           L3-CB2 {'rot': 0.00499}
  t=  17.00  cb_yield           L24-CB1 {'rot': 0.0056}
  t=  17.00  cb_yield           L24-CB3 {'rot': 0.00561}
  t=  18.00  cb_yield           L22-CB0 {'rot': 0.00575}
  t=  18.00  cb_yield           L22-CB2 {'rot': 0.00576}
  t=  19.00  cb_yield           L25-CB1 {'rot': 0.00556}
  t=  19.00  cb_yield           L25-CB3 {'rot': 0.00557}
  t=  20.00  cb_yield           L23-CB0 {'rot': 0.0057}
  t=  20.00  cb_yield           L23-CB2 {'rot': 0.00571}
  t=  21.00  cb_yield           L2-CB1 {'rot': 0.00499}
  t=  21.00  cb_yield           L2-CB3 {'rot': 0.00499}
  t=  22.00  cb_failure         L12-CB1 {'rot': 0.01913}
  t=  22.00  cb_failure         L12-CB3 {'rot': 0.01914}
  t=  22.00  cb_failure         L13-CB1 {'rot': 0.01932}
  t=  22.00  cb_failure         L13-CB3 {'rot': 0.01933}
  t=  22.00  cb_failure         L14-CB1 {'rot': 0.01922}
  t=  22.00  cb_failure         L14-CB3 {'rot': 0.01923}
  t=  22.00  cb_yield           L26-CB1 {'rot': 0.0055}
  t=  22.00  cb_yield           L26-CB3 {'rot': 0.00551}
  step 22  solver fallback: Newton
  t=  23.00  cb_yield           L2-CB0 {'rot': 0.00491}
  t=  23.00  cb_yield           L2-CB2 {'rot': 0.00491}
  t=  23.00  cb_failure         L10-CB1 {'rot': 0.01905}
  t=  23.00  cb_failure         L10-CB3 {'rot': 0.01906}
  t=  23.00  cb_failure         L11-CB1 {'rot': 0.01981}
  t=  23.00  cb_failure         L11-CB3 {'rot': 0.01982}
  t=  23.00  cb_failure         L13-CB0 {'rot': 0.01891}
  t=  23.00  cb_failure         L13-CB2 {'rot': 0.01892}
  t=  23.00  cb_failure         L15-CB1 {'rot': 0.02019}
  t=  23.00  cb_failure         L15-CB3 {'rot': 0.02019}
  t=  23.00  cb_failure         L16-CB1 {'rot': 0.01961}
  t=  23.00  cb_failure         L16-CB3 {'rot': 0.01961}
  t=  23.00  cb_yield           L24-CB0 {'rot': 0.00573}
  t=  23.00  cb_yield           L24-CB2 {'rot': 0.00574}
  t=  24.00  cb_failure         L9-CB1 {'rot': 0.01896}
  t=  24.00  cb_failure         L9-CB3 {'rot': 0.01896}
  t=  24.00  cb_failure         L11-CB0 {'rot': 0.01929}
  t=  24.00  cb_failure         L11-CB2 {'rot': 0.0193}
  t=  24.00  cb_failure         L12-CB0 {'rot': 0.01975}
  t=  24.00  cb_failure         L12-CB2 {'rot': 0.01976}
  t=  24.00  cb_failure         L14-CB0 {'rot': 0.01988}
  t=  24.00  cb_failure         L14-CB2 {'rot': 0.01989}
  t=  24.00  cb_failure         L15-CB0 {'rot': 0.01956}
  t=  24.00  cb_failure         L15-CB2 {'rot': 0.01956}
  t=  24.00  cb_failure         L16-CB0 {'rot': 0.01899}
  t=  24.00  cb_failure         L16-CB2 {'rot': 0.01899}
  t=  24.00  cb_failure         L17-CB1 {'rot': 0.01986}
  t=  24.00  cb_failure         L17-CB3 {'rot': 0.01987}
  t=  25.00  cb_failure         L10-CB0 {'rot': 0.01939}
  t=  25.00  cb_failure         L10-CB2 {'rot': 0.0194}
  t=  25.00  cb_failure         L18-CB1 {'rot': 0.0199}
  t=  25.00  cb_failure         L18-CB3 {'rot': 0.01991}
  t=  26.00  cb_failure         L8-CB1 {'rot': 0.0192}
  t=  26.00  cb_failure         L8-CB3 {'rot': 0.01921}
  t=  26.00  cb_failure         L9-CB0 {'rot': 0.01918}
  t=  26.00  cb_failure         L9-CB2 {'rot': 0.01919}
  t=  26.00  cb_failure         L17-CB0 {'rot': 0.02012}
  t=  26.00  cb_failure         L17-CB2 {'rot': 0.02013}
  t=  26.00  cb_failure         L19-CB1 {'rot': 0.01968}
  t=  26.00  cb_failure         L19-CB3 {'rot': 0.01969}
  t=  26.00  cb_yield           L25-CB0 {'rot': 0.00579}
  t=  26.00  cb_yield           L25-CB2 {'rot': 0.0058}
  t=  26.00  cb_yield           L27-CB1 {'rot': 0.00557}
  t=  26.00  cb_yield           L27-CB3 {'rot': 0.00558}
  t=  27.00  cb_failure         L18-CB0 {'rot': 0.02003}
  t=  27.00  cb_failure         L18-CB2 {'rot': 0.02004}
  t=  27.00  cb_failure         L22-CB1 {'rot': 0.01969}
  t=  27.00  cb_failure         L22-CB3 {'rot': 0.01969}
  t=  28.00  cb_failure         L7-CB1 {'rot': 0.01894}
  t=  28.00  cb_failure         L7-CB3 {'rot': 0.01895}
  t=  28.00  cb_failure         L8-CB0 {'rot': 0.0193}
  t=  28.00  cb_failure         L8-CB2 {'rot': 0.0193}
  t=  28.00  cb_failure         L19-CB0 {'rot': 0.01971}
  t=  28.00  cb_failure         L19-CB2 {'rot': 0.01971}
  t=  28.00  cb_failure         L20-CB1 {'rot': 0.02028}
  t=  28.00  cb_failure         L20-CB3 {'rot': 0.02029}
  step 28  solver fallback: Newton
  t=  29.00  cb_failure         L21-CB1 {'rot': 0.01947}
  t=  29.00  cb_failure         L21-CB3 {'rot': 0.01947}
  t=  29.00  cb_yield           L26-CB0 {'rot': 0.00575}
  t=  29.00  cb_yield           L26-CB2 {'rot': 0.00576}
  t=  29.00  cb_yield           L28-CB1 {'rot': 0.00553}
  t=  29.00  cb_yield           L28-CB3 {'rot': 0.00554}
  t=  30.00  cb_failure         L7-CB0 {'rot': 0.01905}
  t=  30.00  cb_failure         L7-CB2 {'rot': 0.01905}
  t=  30.00  cb_failure         L20-CB0 {'rot': 0.02004}
  t=  30.00  cb_failure         L20-CB2 {'rot': 0.02005}
  t=  30.00  cb_failure         L23-CB1 {'rot': 0.01985}
  t=  30.00  cb_failure         L23-CB3 {'rot': 0.01985}
  t=  32.00  cb_failure         L6-CB1 {'rot': 0.01946}
  t=  32.00  cb_failure         L6-CB3 {'rot': 0.01947}
  t=  32.00  cb_failure         L21-CB0 {'rot': 0.02001}
  t=  32.00  cb_failure         L21-CB2 {'rot': 0.02002}
  t=  32.00  cb_failure         L24-CB1 {'rot': 0.01986}
  t=  32.00  cb_failure         L24-CB3 {'rot': 0.01987}
  t=  32.00  cb_yield           L27-CB0 {'rot': 0.00548}
  t=  32.00  cb_yield           L27-CB2 {'rot': 0.00549}
  t=  33.00  cb_yield           L29-CB1 {'rot': 0.00579}
  t=  33.00  cb_yield           L29-CB3 {'rot': 0.0058}
  t=  34.00  cb_failure         L6-CB0 {'rot': 0.01927}
  t=  34.00  cb_failure         L6-CB2 {'rot': 0.01927}
  t=  34.00  cb_failure         L22-CB0 {'rot': 0.01974}
  t=  34.00  cb_failure         L22-CB2 {'rot': 0.01975}
  t=  35.00  cb_yield           L1-CB1 {'rot': 0.00501}
  t=  35.00  cb_yield           L1-CB3 {'rot': 0.00501}
  t=  35.00  cb_failure         L25-CB1 {'rot': 0.01993}
  t=  35.00  cb_failure         L25-CB3 {'rot': 0.01993}
  t=  36.00  cb_failure         L5-CB1 {'rot': 0.01897}
  t=  36.00  cb_failure         L5-CB3 {'rot': 0.01897}
  t=  36.00  cb_yield           L28-CB0 {'rot': 0.00565}
  t=  36.00  cb_yield           L28-CB2 {'rot': 0.00566}
  t=  36.00  cb_yield           L30-CB1 {'rot': 0.00579}
  t=  36.00  cb_yield           L30-CB3 {'rot': 0.0058}
  t=  37.00  cb_failure         L23-CB0 {'rot': 0.0199}
  t=  37.00  cb_failure         L23-CB2 {'rot': 0.01991}
  t=  38.00  cb_yield           L1-CB0 {'rot': 0.00502}
  t=  38.00  cb_yield           L1-CB2 {'rot': 0.00502}
  t=  38.00  cb_failure         L26-CB1 {'rot': 0.01995}
  t=  38.00  cb_failure         L26-CB3 {'rot': 0.01995}
  t=  38.00  cb_yield           L31-CB1 {'rot': 0.00552}
  t=  38.00  cb_yield           L31-CB3 {'rot': 0.00552}
  t=  39.00  cb_failure         L5-CB0 {'rot': 0.01923}
  t=  39.00  cb_failure         L5-CB2 {'rot': 0.01924}
  t=  40.00  cb_failure         L24-CB0 {'rot': 0.01966}
  t=  40.00  cb_failure         L24-CB2 {'rot': 0.01967}
  t=  40.00  cb_yield           L29-CB0 {'rot': 0.00554}
  t=  40.00  cb_yield           L29-CB2 {'rot': 0.00555}
  t=  40.00  cb_yield           L32-CB1 {'rot': 0.00578}
  t=  40.00  cb_yield           L32-CB3 {'rot': 0.00579}
  t=  41.00  cb_failure         L27-CB1 {'rot': 0.01995}
  t=  41.00  cb_failure         L27-CB3 {'rot': 0.01995}
  t=  42.00  cb_yield           L33-CB1 {'rot': 0.00599}
  t=  42.00  cb_yield           L33-CB3 {'rot': 0.006}
  t=  44.00  cb_failure         L4-CB1 {'rot': 0.01919}
  t=  44.00  cb_failure         L4-CB3 {'rot': 0.0192}
  t=  44.00  cb_failure         L25-CB0 {'rot': 0.01969}
  t=  44.00  cb_failure         L25-CB2 {'rot': 0.0197}
  t=  44.00  cb_failure         L28-CB1 {'rot': 0.01994}
  t=  44.00  cb_failure         L28-CB3 {'rot': 0.01994}
  t=  45.00  cb_yield           L30-CB0 {'rot': 0.00607}
  t=  45.00  cb_yield           L30-CB2 {'rot': 0.00608}
  t=  46.00  cb_failure         L29-CB1 {'rot': 0.0198}
  t=  46.00  cb_failure         L29-CB3 {'rot': 0.01981}
  step 46  solver fallback: Newton
  t=  47.00  cb_failure         L30-CB1 {'rot': 0.0199}
  t=  47.00  cb_failure         L30-CB3 {'rot': 0.0199}
  t=  47.00  cb_yield           L31-CB0 {'rot': 0.00576}
  t=  47.00  cb_yield           L31-CB2 {'rot': 0.00577}
  step 47  solver fallback: 100 sub-steps, tol 1e-05
  t=  48.00  cb_failure         L26-CB0 {'rot': 0.02561}
  t=  48.00  cb_failure         L26-CB2 {'rot': 0.02562}
  t=  48.00  cb_failure         L27-CB0 {'rot': 0.0244}
  t=  48.00  cb_failure         L27-CB2 {'rot': 0.02441}
  t=  48.00  cb_failure         L28-CB0 {'rot': 0.02323}
  t=  48.00  cb_failure         L28-CB2 {'rot': 0.02324}
  t=  48.00  cb_failure         L29-CB0 {'rot': 0.02209}
  t=  48.00  cb_failure         L29-CB2 {'rot': 0.0221}
  t=  48.00  cb_failure         L30-CB0 {'rot': 0.02107}
  t=  48.00  cb_failure         L30-CB2 {'rot': 0.02108}
  t=  48.00  cb_failure         L31-CB0 {'rot': 0.02027}
  t=  48.00  cb_failure         L31-CB1 {'rot': 0.02574}
  t=  48.00  cb_failure         L31-CB2 {'rot': 0.02028}
  t=  48.00  cb_failure         L31-CB3 {'rot': 0.02575}
  t=  48.00  cb_yield           L32-CB0 {'rot': 0.01973}
  t=  48.00  cb_failure         L32-CB0 {'rot': 0.01973}
  t=  48.00  cb_failure         L32-CB1 {'rot': 0.02525}
  t=  48.00  cb_yield           L32-CB2 {'rot': 0.01974}
  t=  48.00  cb_failure         L32-CB2 {'rot': 0.01974}
  t=  48.00  cb_failure         L32-CB3 {'rot': 0.02526}
  t=  48.00  cb_yield           L33-CB0 {'rot': 0.01954}
  t=  48.00  cb_failure         L33-CB0 {'rot': 0.01954}
  t=  48.00  cb_failure         L33-CB1 {'rot': 0.02495}
  t=  48.00  cb_yield           L33-CB2 {'rot': 0.01955}
  t=  48.00  cb_failure         L33-CB2 {'rot': 0.01955}
  t=  48.00  cb_failure         L33-CB3 {'rot': 0.02496}
  t=  54.00  cb_failure         L4-CB0 {'rot': 0.01896}
  t=  54.00  cb_failure         L4-CB2 {'rot': 0.01897}
  t=  62.00  cb_failure         L3-CB1 {'rot': 0.01911}
  t=  62.00  cb_failure         L3-CB3 {'rot': 0.01911}
  t=  66.00  cb_failure         L3-CB0 {'rot': 0.01892}
  t=  66.00  cb_failure         L3-CB2 {'rot': 0.01892}
  t=  82.00  cb_failure         L2-CB1 {'rot': 0.01892}
  t=  82.00  cb_failure         L2-CB3 {'rot': 0.01892}
  t=  89.00  cb_failure         L2-CB0 {'rot': 0.01899}
  t=  89.00  cb_failure         L2-CB2 {'rot': 0.01899}
  t= 143.00  cb_failure         L1-CB1 {'rot': 0.01892}
  t= 143.00  cb_failure         L1-CB3 {'rot': 0.01892}
  t= 158.00  cb_failure         L1-CB0 {'rot': 0.01896}
  t= 158.00  cb_failure         L1-CB2 {'rot': 0.01896}
  t= 187.00  punching           L14-col14 {'drift': np.float64(0.0257), 'vg_vc': 0.287, 'conn': 'column'}
  t= 187.00  punching           L15-col14 {'drift': np.float64(0.0258), 'vg_vc': 0.286, 'conn': 'column'}
  t= 187.00  punching           L16-col14 {'drift': np.float64(0.0258), 'vg_vc': 0.286, 'conn': 'column'}
  t= 187.00  punching           L17-col14 {'drift': np.float64(0.0258), 'vg_vc': 0.286, 'conn': 'column'}
  step 187  solver fallback: 10 sub-steps, tol 1e-05
  t= 188.00  punching           L13-col14 {'drift': np.float64(0.0258), 'vg_vc': 0.288, 'conn': 'column'}
  t= 188.00  punching           L14-col11 {'drift': np.float64(0.026), 'vg_vc': 0.291, 'conn': 'column'}
  t= 188.00  punching           L15-col11 {'drift': np.float64(0.0261), 'vg_vc': 0.291, 'conn': 'column'}
  t= 188.00  punching           L16-col11 {'drift': np.float64(0.0261), 'vg_vc': 0.291, 'conn': 'column'}
  t= 188.00  punching           L17-col11 {'drift': np.float64(0.026), 'vg_vc': 0.291, 'conn': 'column'}
  t= 188.00  punching           L18-col14 {'drift': np.float64(0.0259), 'vg_vc': 0.287, 'conn': 'column'}
  t= 188.00  punching           L21-col14 {'drift': np.float64(0.0245), 'vg_vc': 0.312, 'conn': 'column'}
