  t=  13.00  cb_yield           L7-CB1 {'rot': 0.00592}
  t=  13.00  cb_yield           L7-CB3 {'rot': 0.00593}
  t=  13.00  cb_yield           L8-CB1 {'rot': 0.00615}
  t=  13.00  cb_yield           L8-CB3 {'rot': 0.00615}
  t=  13.00  cb_yield           L9-CB1 {'rot': 0.00631}
  t=  13.00  cb_yield           L9-CB3 {'rot': 0.00631}
  t=  13.00  cb_yield           L10-CB1 {'rot': 0.00642}
  t=  13.00  cb_yield           L10-CB3 {'rot': 0.00642}
  t=  13.00  cb_yield           L11-CB1 {'rot': 0.00648}
  t=  13.00  cb_yield           L11-CB3 {'rot': 0.00649}
  t=  13.00  cb_yield           L12-CB1 {'rot': 0.00651}
  t=  13.00  cb_yield           L12-CB3 {'rot': 0.00652}
  t=  13.00  cb_yield           L13-CB1 {'rot': 0.00651}
  t=  13.00  cb_yield           L13-CB3 {'rot': 0.00651}
  t=  13.00  cb_yield           L14-CB1 {'rot': 0.00647}
  t=  13.00  cb_yield           L14-CB3 {'rot': 0.00647}
  t=  13.00  cb_yield           L15-CB1 {'rot': 0.0064}
  t=  13.00  cb_yield           L15-CB3 {'rot': 0.00641}
  t=  13.00  cb_yield           L16-CB1 {'rot': 0.00632}
  t=  13.00  cb_yield           L16-CB3 {'rot': 0.00633}
  t=  14.00  cb_yield           L6-CB1 {'rot': 0.00615}
  t=  14.00  cb_yield           L6-CB3 {'rot': 0.00615}
  t=  14.00  cb_yield           L7-CB0 {'rot': 0.00607}
  t=  14.00  cb_yield           L7-CB2 {'rot': 0.00608}
  t=  14.00  cb_yield           L8-CB0 {'rot': 0.00631}
  t=  14.00  cb_yield           L8-CB2 {'rot': 0.00632}
  t=  14.00  cb_yield           L9-CB0 {'rot': 0.00646}
  t=  14.00  cb_yield           L9-CB2 {'rot': 0.00646}
  t=  14.00  cb_yield           L10-CB0 {'rot': 0.00654}
  t=  14.00  cb_yield           L10-CB2 {'rot': 0.00655}
  t=  14.00  cb_yield           L11-CB0 {'rot': 0.00657}
  t=  14.00  cb_yield           L11-CB2 {'rot': 0.00658}
  t=  14.00  cb_yield           L12-CB0 {'rot': 0.00656}
  t=  14.00  cb_yield           L12-CB2 {'rot': 0.00656}
  t=  14.00  cb_yield           L13-CB0 {'rot': 0.0065}
  t=  14.00  cb_yield           L13-CB2 {'rot': 0.0065}
  t=  14.00  cb_yield           L14-CB0 {'rot': 0.00639}
  t=  14.00  cb_yield           L14-CB2 {'rot': 0.0064}
  t=  14.00  cb_yield           L15-CB0 {'rot': 0.00626}
  t=  14.00  cb_yield           L15-CB2 {'rot': 0.00626}
  t=  14.00  cb_yield           L16-CB0 {'rot': 0.0061}
  t=  14.00  cb_yield           L16-CB2 {'rot': 0.00611}
  t=  14.00  cb_yield           L17-CB1 {'rot': 0.00677}
  t=  14.00  cb_yield           L17-CB3 {'rot': 0.00678}
  t=  14.00  cb_yield           L18-CB1 {'rot': 0.00656}
  t=  14.00  cb_yield           L18-CB3 {'rot': 0.00657}
  t=  15.00  cb_yield           L5-CB1 {'rot': 0.00617}
  t=  15.00  cb_yield           L5-CB3 {'rot': 0.00617}
  t=  15.00  cb_yield           L6-CB0 {'rot': 0.00629}
  t=  15.00  cb_yield           L6-CB2 {'rot': 0.0063}
  t=  15.00  cb_yield           L19-CB1 {'rot': 0.00683}
  t=  15.00  cb_yield           L19-CB3 {'rot': 0.00684}
  t=  15.00  cb_yield           L20-CB3 {'rot': 0.00653}
  t=  16.00  cb_yield           L5-CB0 {'rot': 0.00628}
  t=  16.00  cb_yield           L5-CB2 {'rot': 0.00628}
  t=  16.00  cb_yield           L17-CB0 {'rot': 0.00704}
  t=  16.00  cb_yield           L17-CB2 {'rot': 0.00705}
  t=  16.00  cb_yield           L18-CB0 {'rot': 0.00667}
  t=  16.00  cb_yield           L18-CB2 {'rot': 0.00667}
  t=  16.00  cb_yield           L20-CB1 {'rot': 0.00701}
  t=  16.00  cb_yield           L21-CB1 {'rot': 0.00662}
  t=  16.00  cb_yield           L21-CB3 {'rot': 0.00663}
  t=  17.00  cb_yield           L4-CB0 {'rot': 0.00596}
  t=  17.00  cb_yield           L4-CB1 {'rot': 0.00633}
  t=  17.00  cb_yield           L4-CB2 {'rot': 0.00596}
  t=  17.00  cb_yield           L4-CB3 {'rot': 0.00633}
  t=  17.00  cb_yield           L19-CB0 {'rot': 0.00679}
  t=  17.00  cb_yield           L19-CB2 {'rot': 0.0068}
  t=  17.00  cb_yield           L22-CB1 {'rot': 0.00662}
  t=  17.00  cb_yield           L22-CB3 {'rot': 0.00663}
  t=  18.00  cb_yield           L20-CB0 {'rot': 0.00677}
  t=  18.00  cb_yield           L20-CB2 {'rot': 0.00678}
  t=  18.00  cb_yield           L23-CB1 {'rot': 0.00656}
  t=  18.00  cb_yield           L23-CB3 {'rot': 0.00657}
  t=  19.00  cb_yield           L3-CB1 {'rot': 0.00604}
  t=  19.00  cb_yield           L3-CB3 {'rot': 0.00604}
  t=  19.00  cb_yield           L21-CB0 {'rot': 0.00658}
  t=  19.00  cb_yield           L21-CB2 {'rot': 0.00659}
  t=  20.00  cb_yield           L3-CB0 {'rot': 0.0059}
  t=  20.00  cb_yield           L3-CB2 {'rot': 0.0059}
  t=  20.00  cb_yield           L24-CB1 {'rot': 0.00663}
  t=  20.00  cb_yield           L24-CB3 {'rot': 0.00664}
  t=  21.00  cb_yield           L22-CB0 {'rot': 0.00658}
  t=  21.00  cb_yield           L22-CB2 {'rot': 0.00658}
  t=  23.00  cb_failure         L12-CB1 {'rot': 0.01994}
  t=  23.00  cb_failure         L12-CB3 {'rot': 0.01995}
  t=  23.00  cb_failure         L13-CB1 {'rot': 0.02007}
  t=  23.00  cb_failure         L13-CB3 {'rot': 0.02008}
  t=  23.00  cb_yield           L25-CB1 {'rot': 0.00664}
  t=  23.00  cb_yield           L25-CB3 {'rot': 0.00664}
  t=  24.00  cb_failure         L10-CB1 {'rot': 0.02008}
  t=  24.00  cb_failure         L10-CB3 {'rot': 0.02009}
  t=  24.00  cb_failure         L11-CB1 {'rot': 0.02085}
  t=  24.00  cb_failure         L11-CB3 {'rot': 0.02085}
  t=  24.00  cb_failure         L14-CB1 {'rot': 0.02137}
  t=  24.00  cb_failure         L14-CB3 {'rot': 0.02138}
  t=  24.00  cb_failure         L15-CB1 {'rot': 0.02092}
  t=  24.00  cb_failure         L15-CB3 {'rot': 0.02093}
  t=  24.00  cb_failure         L16-CB1 {'rot': 0.02019}
  t=  24.00  cb_failure         L16-CB3 {'rot': 0.0202}
  t=  24.00  cb_yield           L23-CB0 {'rot': 0.00668}
  t=  24.00  cb_yield           L23-CB2 {'rot': 0.00669}
  t=  25.00  cb_failure         L9-CB1 {'rot': 0.02004}
  t=  25.00  cb_failure         L9-CB3 {'rot': 0.02004}
  t=  25.00  cb_failure         L11-CB0 {'rot': 0.02018}
  t=  25.00  cb_failure         L11-CB2 {'rot': 0.02019}
  t=  25.00  cb_failure         L12-CB0 {'rot': 0.02061}
  t=  25.00  cb_failure         L12-CB2 {'rot': 0.02062}
  t=  25.00  cb_failure         L13-CB0 {'rot': 0.02076}
  t=  25.00  cb_failure         L13-CB2 {'rot': 0.02077}
  t=  25.00  cb_failure         L14-CB0 {'rot': 0.0206}
  t=  25.00  cb_failure         L14-CB2 {'rot': 0.0206}
  t=  25.00  cb_failure         L15-CB0 {'rot': 0.02014}
  t=  25.00  cb_failure         L15-CB2 {'rot': 0.02015}
  t=  26.00  cb_yield           L2-CB1 {'rot': 0.00604}
  t=  26.00  cb_yield           L2-CB3 {'rot': 0.00604}
  t=  26.00  cb_failure         L10-CB0 {'rot': 0.02036}
  t=  26.00  cb_failure         L10-CB2 {'rot': 0.02036}
  t=  26.00  cb_failure         L16-CB0 {'rot': 0.02055}
  t=  26.00  cb_failure         L16-CB2 {'rot': 0.02056}
  t=  26.00  cb_failure         L17-CB1 {'rot': 0.02164}
  t=  26.00  cb_failure         L17-CB3 {'rot': 0.02165}
  t=  27.00  cb_failure         L8-CB1 {'rot': 0.02036}
  t=  27.00  cb_failure         L8-CB3 {'rot': 0.02037}
  t=  27.00  cb_failure         L9-CB0 {'rot': 0.0202}
  t=  27.00  cb_failure         L9-CB2 {'rot': 0.02021}
  t=  27.00  cb_failure         L17-CB0 {'rot': 0.02054}
  t=  27.00  cb_failure         L17-CB2 {'rot': 0.02055}
  t=  27.00  cb_failure         L18-CB1 {'rot': 0.02147}
  t=  27.00  cb_failure         L18-CB3 {'rot': 0.02148}
  t=  27.00  cb_yield           L24-CB0 {'rot': 0.00677}
  t=  27.00  cb_yield           L24-CB2 {'rot': 0.00678}
  t=  27.00  cb_yield           L26-CB1 {'rot': 0.00658}
  t=  27.00  cb_yield           L26-CB3 {'rot': 0.00659}
  t=  28.00  cb_yield           L2-CB0 {'rot': 0.006}
  t=  28.00  cb_yield           L2-CB2 {'rot': 0.006}
  t=  28.00  cb_failure         L19-CB1 {'rot': 0.02108}
  t=  28.00  cb_failure         L19-CB3 {'rot': 0.02109}
  t=  29.00  cb_failure         L7-CB1 {'rot': 0.02008}
  t=  29.00  cb_failure         L7-CB3 {'rot': 0.02008}
  t=  29.00  cb_failure         L8-CB0 {'rot': 0.02033}
  t=  29.00  cb_failure         L8-CB2 {'rot': 0.02033}
  t=  29.00  cb_failure         L18-CB0 {'rot': 0.02131}
  t=  29.00  cb_failure         L18-CB2 {'rot': 0.02132}
  t=  30.00  cb_failure         L19-CB0 {'rot': 0.02081}
  t=  30.00  cb_failure         L19-CB2 {'rot': 0.02082}
  t=  30.00  cb_failure         L20-CB1 {'rot': 0.02146}
  t=  30.00  cb_failure         L20-CB3 {'rot': 0.02147}
  t=  30.00  cb_yield           L25-CB0 {'rot': 0.00679}
  t=  30.00  cb_yield           L25-CB2 {'rot': 0.0068}
  t=  30.00  cb_yield           L27-CB3 {'rot': 0.00653}
  t=  31.00  cb_failure         L7-CB0 {'rot': 0.01996}
  t=  31.00  cb_failure         L7-CB2 {'rot': 0.01997}
  t=  31.00  cb_yield           L27-CB1 {'rot': 0.00688}
  t=  32.00  cb_failure         L6-CB1 {'rot': 0.01991}
  t=  32.00  cb_failure         L6-CB3 {'rot': 0.01991}
  t=  32.00  cb_failure         L20-CB0 {'rot': 0.02095}
  t=  32.00  cb_failure         L20-CB2 {'rot': 0.02096}
  t=  32.00  cb_failure         L21-CB1 {'rot': 0.0214}
  t=  32.00  cb_failure         L21-CB3 {'rot': 0.02141}
  t=  33.00  cb_yield           L26-CB0 {'rot': 0.00655}
  t=  33.00  cb_yield           L26-CB2 {'rot': 0.00656}
  t=  34.00  cb_failure         L4-CB3 {'rot': 0.02009}
  t=  34.00  cb_failure         L21-CB0 {'rot': 0.02078}
  t=  34.00  cb_failure         L21-CB2 {'rot': 0.02079}
  t=  34.00  cb_failure         L22-CB1 {'rot': 0.02107}
  t=  34.00  cb_failure         L22-CB3 {'rot': 0.02108}
  t=  34.00  cb_yield           L28-CB1 {'rot': 0.00679}
  t=  34.00  cb_yield           L28-CB3 {'rot': 0.0068}
  t=  35.00  cb_failure         L6-CB0 {'rot': 0.02028}
  t=  35.00  cb_failure         L6-CB2 {'rot': 0.02028}
  t=  37.00  cb_failure         L5-CB1 {'rot': 0.01997}
  t=  37.00  cb_failure         L5-CB3 {'rot': 0.01997}
  t=  37.00  cb_failure         L22-CB0 {'rot': 0.02105}
  t=  37.00  cb_failure         L22-CB2 {'rot': 0.02106}
  t=  37.00  cb_failure         L23-CB1 {'rot': 0.02136}
  t=  37.00  cb_failure         L23-CB3 {'rot': 0.02137}
  t=  37.00  cb_yield           L27-CB0 {'rot': 0.00666}
  t=  37.00  cb_yield           L27-CB2 {'rot': 0.00666}
  t=  37.00  cb_yield           L29-CB1 {'rot': 0.00662}
  t=  37.00  cb_yield           L29-CB3 {'rot': 0.00663}
  t=  40.00  cb_failure         L5-CB0 {'rot': 0.02011}
  t=  40.00  cb_failure         L5-CB2 {'rot': 0.02011}
  t=  40.00  cb_failure         L23-CB0 {'rot': 0.02096}
  t=  40.00  cb_failure         L23-CB2 {'rot': 0.02096}
  t=  40.00  cb_failure         L24-CB1 {'rot': 0.02136}
  t=  40.00  cb_failure         L24-CB3 {'rot': 0.02137}
  t=  41.00  cb_yield           L1-CB1 {'rot': 0.006}
  t=  41.00  cb_yield           L1-CB3 {'rot': 0.00601}
  t=  41.00  cb_yield           L30-CB1 {'rot': 0.00684}
  t=  41.00  cb_yield           L30-CB3 {'rot': 0.00685}
  t=  42.00  cb_yield           L28-CB0 {'rot': 0.00702}
  t=  42.00  cb_yield           L28-CB2 {'rot': 0.00703}
  t=  43.00  cb_failure         L24-CB0 {'rot': 0.02061}
  t=  43.00  cb_failure         L25-CB1 {'rot': 0.02114}
  t=  43.00  cb_failure         L25-CB3 {'rot': 0.02115}
  t=  43.00  cb_yield           L31-CB1 {'rot': 0.00661}
  t=  43.00  cb_yield           L31-CB3 {'rot': 0.00662}
  t=  44.00  cb_yield           L1-CB0 {'rot': 0.0059}
  t=  44.00  cb_yield           L1-CB2 {'rot': 0.0059}
  t=  44.00  cb_failure         L24-CB2 {'rot': 0.02115}
  t=  45.00  cb_failure         L4-CB1 {'rot': 0.02013}
  t=  45.00  cb_yield           L32-CB1 {'rot': 0.00673}
  t=  45.00  cb_yield           L32-CB3 {'rot': 0.00674}
  t=  46.00  cb_failure         L26-CB1 {'rot': 0.02104}
  t=  46.00  cb_failure         L26-CB3 {'rot': 0.02105}
  t=  46.00  cb_yield           L29-CB0 {'rot': 0.00669}
  t=  46.00  cb_yield           L29-CB2 {'rot': 0.0067}
  t=  47.00  cb_failure         L28-CB1 {'rot': 0.0208}
  t=  47.00  cb_failure         L28-CB3 {'rot': 0.02082}
  t=  48.00  cb_failure         L25-CB0 {'rot': 0.02082}
  t=  48.00  cb_failure         L25-CB2 {'rot': 0.02083}
  t=  48.00  cb_yield           L33-CB1 {'rot': 0.00685}
  t=  48.00  cb_yield           L33-CB3 {'rot': 0.00687}
  step 48  solver fallback: 10 sub-steps, tol 1e-05
  t=  49.00  cb_failure         L4-CB0 {'rot': 0.02011}
  t=  49.00  cb_failure         L4-CB2 {'rot': 0.02012}
  t=  49.00  cb_failure         L27-CB1 {'rot': 0.0208}
  t=  50.00  cb_failure         L27-CB3 {'rot': 0.02171}
  t=  50.00  cb_failure         L29-CB3 {'rot': 0.02053}
  t=  51.00  cb_failure         L29-CB1 {'rot': 0.02185}
  t=  51.00  cb_yield           L30-CB0 {'rot': 0.00658}
  t=  51.00  cb_yield           L30-CB2 {'rot': 0.00659}
  t=  52.00  cb_failure         L30-CB1 {'rot': 0.02249}
  t=  52.00  cb_failure         L30-CB3 {'rot': 0.02251}
  t=  53.00  cb_failure         L26-CB0 {'rot': 0.02066}
  t=  53.00  cb_failure         L26-CB2 {'rot': 0.02066}
  t=  53.00  cb_yield           L31-CB0 {'rot': 0.00709}
  t=  53.00  cb_yield           L31-CB2 {'rot': 0.0071}
  t=  53.00  cb_failure         L33-CB1 {'rot': 0.02206}
  t=  53.00  cb_failure         L33-CB3 {'rot': 0.02208}
  t=  54.00  cb_yield           L32-CB0 {'rot': 0.00685}
  t=  54.00  cb_yield           L32-CB2 {'rot': 0.00686}
  t=  55.00  cb_failure         L31-CB1 {'rot': 0.02222}
  t=  55.00  cb_failure         L31-CB3 {'rot': 0.02223}
  t=  55.00  cb_failure         L32-CB1 {'rot': 0.02126}
  t=  55.00  cb_failure         L32-CB3 {'rot': 0.02127}
  t=  55.00  cb_yield           L33-CB0 {'rot': 0.00807}
  t=  55.00  cb_yield           L33-CB2 {'rot': 0.00809}
  t=  56.00  cb_failure         L27-CB0 {'rot': 0.02085}
  t=  56.00  cb_failure         L27-CB2 {'rot': 0.02086}
  step 57  solver fallback: Newton
  t=  58.00  cb_failure         L28-CB0 {'rot': 0.02561}
  t=  58.00  cb_failure         L28-CB2 {'rot': 0.02562}
  t=  58.00  cb_failure         L29-CB0 {'rot': 0.02412}
  t=  58.00  cb_failure         L29-CB2 {'rot': 0.02413}
  t=  58.00  cb_failure         L30-CB0 {'rot': 0.02279}
  t=  58.00  cb_failure         L30-CB2 {'rot': 0.02279}
  t=  58.00  cb_failure         L31-CB0 {'rot': 0.02174}
  t=  58.00  cb_failure         L31-CB2 {'rot': 0.02175}
  t=  58.00  cb_failure         L32-CB0 {'rot': 0.02103}
  t=  58.00  cb_failure         L32-CB2 {'rot': 0.02104}
  t=  58.00  cb_failure         L33-CB0 {'rot': 0.02078}
  t=  58.00  cb_failure         L33-CB2 {'rot': 0.02079}
  t=  64.00  cb_failure         L3-CB0 {'rot': 0.02005}
  t=  64.00  cb_failure         L3-CB2 {'rot': 0.02005}
  t=  65.00  cb_failure         L3-CB1 {'rot': 0.02016}
  t=  65.00  cb_failure         L3-CB3 {'rot': 0.02016}
  t=  86.00  cb_failure         L2-CB1 {'rot': 0.01991}
  t=  86.00  cb_failure         L2-CB3 {'rot': 0.01991}
  t=  93.00  cb_failure         L2-CB0 {'rot': 0.0199}
  t=  93.00  cb_failure         L2-CB2 {'rot': 0.0199}
  t= 116.00  cb_failure         L1-CB0 {'rot': 0.0199}
  t= 116.00  cb_failure         L1-CB2 {'rot': 0.0199}
  step 149  solver fallback: Newton
  t= 151.00  cb_failure         L1-CB1 {'rot': 0.01998}
  t= 151.00  cb_failure         L1-CB3 {'rot': 0.01998}
  t= 181.00  punching           L13-col14 {'drift': np.float64(0.0257), 'vg_vc': 0.287, 'conn': 'column'}
  t= 181.00  punching           L14-col11 {'drift': np.float64(0.0258), 'vg_vc': 0.284, 'conn': 'column'}
  t= 181.00  punching           L14-col14 {'drift': np.float64(0.0258), 'vg_vc': 0.287, 'conn': 'column'}
  t= 181.00  punching           L15-col11 {'drift': np.float64(0.0258), 'vg_vc': 0.284, 'conn': 'column'}
  t= 181.00  punching           L15-col14 {'drift': np.float64(0.0258), 'vg_vc': 0.286, 'conn': 'column'}
  t= 181.00  punching           L16-col14 {'drift': np.float64(0.0258), 'vg_vc': 0.286, 'conn': 'column'}
  t= 181.00  punching           L17-col14 {'drift': np.float64(0.0257), 'vg_vc': 0.286, 'conn': 'column'}
