  t=  15.00  cb_yield           L9-CB1 {'rot': 0.00707}
  t=  15.00  cb_yield           L9-CB3 {'rot': 0.00708}
  t=  15.00  cb_yield           L10-CB1 {'rot': 0.00717}
  t=  15.00  cb_yield           L10-CB3 {'rot': 0.00718}
  t=  15.00  cb_yield           L11-CB1 {'rot': 0.00723}
  t=  15.00  cb_yield           L11-CB3 {'rot': 0.00723}
  t=  15.00  cb_yield           L12-CB1 {'rot': 0.00725}
  t=  15.00  cb_yield           L12-CB3 {'rot': 0.00726}
  t=  15.00  cb_yield           L13-CB1 {'rot': 0.00724}
  t=  15.00  cb_yield           L13-CB3 {'rot': 0.00725}
  t=  15.00  cb_yield           L14-CB1 {'rot': 0.0072}
  t=  15.00  cb_yield           L14-CB3 {'rot': 0.0072}
  t=  15.00  cb_yield           L15-CB1 {'rot': 0.00713}
  t=  15.00  cb_yield           L15-CB3 {'rot': 0.00713}
  t=  15.00  cb_yield           L16-CB1 {'rot': 0.00705}
  t=  15.00  cb_yield           L16-CB3 {'rot': 0.00705}
  t=  16.00  cb_yield           L7-CB1 {'rot': 0.00723}
  t=  16.00  cb_yield           L7-CB3 {'rot': 0.00724}
  t=  16.00  cb_yield           L8-CB1 {'rot': 0.00751}
  t=  16.00  cb_yield           L8-CB3 {'rot': 0.00752}
  t=  16.00  cb_yield           L9-CB0 {'rot': 0.00712}
  t=  16.00  cb_yield           L9-CB2 {'rot': 0.00712}
  t=  16.00  cb_yield           L10-CB0 {'rot': 0.00719}
  t=  16.00  cb_yield           L10-CB2 {'rot': 0.00719}
  t=  16.00  cb_yield           L11-CB0 {'rot': 0.00721}
  t=  16.00  cb_yield           L11-CB2 {'rot': 0.00721}
  t=  16.00  cb_yield           L12-CB0 {'rot': 0.00718}
  t=  16.00  cb_yield           L12-CB2 {'rot': 0.00719}
  t=  16.00  cb_yield           L13-CB0 {'rot': 0.00712}
  t=  16.00  cb_yield           L13-CB2 {'rot': 0.00713}
  t=  16.00  cb_yield           L14-CB0 {'rot': 0.00702}
  t=  16.00  cb_yield           L14-CB2 {'rot': 0.00703}
  t=  17.00  cb_yield           L6-CB1 {'rot': 0.00741}
  t=  17.00  cb_yield           L6-CB3 {'rot': 0.00741}
  t=  17.00  cb_yield           L7-CB0 {'rot': 0.00734}
  t=  17.00  cb_yield           L7-CB2 {'rot': 0.00735}
  t=  17.00  cb_yield           L8-CB0 {'rot': 0.00764}
  t=  17.00  cb_yield           L8-CB2 {'rot': 0.00764}
  t=  17.00  cb_yield           L15-CB0 {'rot': 0.00756}
  t=  17.00  cb_yield           L15-CB2 {'rot': 0.00757}
  t=  17.00  cb_yield           L16-CB0 {'rot': 0.00736}
  t=  17.00  cb_yield           L16-CB2 {'rot': 0.00737}
  t=  17.00  cb_yield           L17-CB1 {'rot': 0.00809}
  t=  17.00  cb_yield           L17-CB3 {'rot': 0.0081}
  t=  17.00  cb_yield           L18-CB1 {'rot': 0.00782}
  t=  17.00  cb_yield           L18-CB3 {'rot': 0.00783}
  t=  18.00  cb_yield           L5-CB1 {'rot': 0.00735}
  t=  18.00  cb_yield           L5-CB3 {'rot': 0.00735}
  t=  18.00  cb_yield           L6-CB0 {'rot': 0.0075}
  t=  18.00  cb_yield           L6-CB2 {'rot': 0.00751}
  t=  18.00  cb_yield           L17-CB0 {'rot': 0.00766}
  t=  18.00  cb_yield           L17-CB2 {'rot': 0.00766}
  t=  18.00  cb_yield           L19-CB1 {'rot': 0.00804}
  t=  18.00  cb_yield           L19-CB3 {'rot': 0.00805}
  t=  18.00  cb_yield           L20-CB1 {'rot': 0.00766}
  t=  18.00  cb_yield           L20-CB3 {'rot': 0.00767}
  t=  19.00  cb_yield           L5-CB0 {'rot': 0.0074}
  t=  19.00  cb_yield           L5-CB2 {'rot': 0.0074}
  t=  19.00  cb_yield           L18-CB0 {'rot': 0.00784}
  t=  19.00  cb_yield           L18-CB2 {'rot': 0.00785}
  t=  19.00  cb_yield           L21-CB1 {'rot': 0.00769}
  t=  19.00  cb_yield           L21-CB3 {'rot': 0.0077}
  t=  20.00  cb_yield           L4-CB1 {'rot': 0.00741}
  t=  20.00  cb_yield           L4-CB3 {'rot': 0.00741}
  t=  20.00  cb_yield           L19-CB0 {'rot': 0.0079}
  t=  20.00  cb_yield           L19-CB2 {'rot': 0.0079}
  t=  21.00  cb_yield           L4-CB0 {'rot': 0.00739}
  t=  21.00  cb_yield           L4-CB2 {'rot': 0.0074}
  t=  21.00  cb_yield           L20-CB0 {'rot': 0.00784}
  t=  21.00  cb_yield           L20-CB2 {'rot': 0.00785}
  t=  21.00  cb_yield           L22-CB1 {'rot': 0.00803}
  t=  21.00  cb_yield           L22-CB3 {'rot': 0.00804}
  t=  22.00  cb_yield           L21-CB0 {'rot': 0.00765}
  t=  22.00  cb_yield           L21-CB2 {'rot': 0.00766}
  t=  22.00  cb_yield           L23-CB1 {'rot': 0.0078}
  t=  22.00  cb_yield           L23-CB3 {'rot': 0.00781}
  t=  23.00  cb_yield           L3-CB1 {'rot': 0.00732}
  t=  23.00  cb_yield           L3-CB3 {'rot': 0.00733}
  t=  24.00  cb_yield           L3-CB0 {'rot': 0.00722}
  t=  24.00  cb_yield           L3-CB2 {'rot': 0.00723}
  t=  24.00  cb_yield           L22-CB0 {'rot': 0.00777}
  t=  24.00  cb_yield           L22-CB2 {'rot': 0.00778}
  t=  24.00  cb_yield           L24-CB1 {'rot': 0.00784}
  t=  24.00  cb_yield           L24-CB3 {'rot': 0.00785}
  t=  26.00  cb_yield           L23-CB0 {'rot': 0.0077}
  t=  26.00  cb_yield           L23-CB2 {'rot': 0.00771}
  t=  26.00  cb_yield           L25-CB1 {'rot': 0.0077}
  t=  26.00  cb_yield           L25-CB3 {'rot': 0.00771}
  t=  28.00  cb_yield           L2-CB1 {'rot': 0.00713}
  t=  28.00  cb_yield           L2-CB3 {'rot': 0.00714}
  t=  29.00  cb_yield           L24-CB0 {'rot': 0.0078}
  t=  29.00  cb_yield           L24-CB2 {'rot': 0.00781}
  t=  29.00  cb_yield           L26-CB1 {'rot': 0.00769}
  t=  29.00  cb_yield           L26-CB3 {'rot': 0.0077}
  t=  30.00  cb_yield           L2-CB0 {'rot': 0.00717}
  t=  30.00  cb_yield           L2-CB2 {'rot': 0.00717}
  t=  33.00  cb_yield           L27-CB1 {'rot': 0.0077}
  t=  33.00  cb_yield           L27-CB3 {'rot': 0.00771}
  t=  36.00  cb_yield           L25-CB0 {'rot': 0.00764}
  t=  36.00  cb_yield           L25-CB2 {'rot': 0.00765}
  t=  38.00  cb_failure         L11-CB1 {'rot': 0.03132}
  t=  38.00  cb_failure         L11-CB3 {'rot': 0.03133}
  t=  38.00  cb_failure         L12-CB1 {'rot': 0.03194}
  t=  38.00  cb_failure         L12-CB3 {'rot': 0.03194}
  t=  38.00  cb_failure         L13-CB1 {'rot': 0.03219}
  t=  38.00  cb_failure         L13-CB3 {'rot': 0.03219}
  t=  38.00  cb_failure         L14-CB1 {'rot': 0.03204}
  t=  38.00  cb_failure         L14-CB3 {'rot': 0.03205}
  t=  38.00  cb_failure         L15-CB1 {'rot': 0.03154}
  t=  38.00  cb_failure         L15-CB3 {'rot': 0.03155}
  t=  39.00  cb_failure         L10-CB1 {'rot': 0.03154}
  t=  39.00  cb_failure         L10-CB3 {'rot': 0.03155}
  t=  39.00  cb_failure         L16-CB1 {'rot': 0.03198}
  t=  39.00  cb_failure         L16-CB3 {'rot': 0.03199}
  t=  40.00  cb_failure         L9-CB1 {'rot': 0.03123}
  t=  40.00  cb_failure         L9-CB3 {'rot': 0.03124}
  t=  40.00  cb_failure         L12-CB0 {'rot': 0.03124}
  t=  40.00  cb_failure         L12-CB2 {'rot': 0.03125}
  t=  40.00  cb_failure         L13-CB0 {'rot': 0.03143}
  t=  40.00  cb_failure         L13-CB2 {'rot': 0.03144}
  t=  40.00  cb_failure         L14-CB0 {'rot': 0.03124}
  t=  40.00  cb_failure         L14-CB2 {'rot': 0.03124}
  t=  40.00  cb_failure         L17-CB1 {'rot': 0.0318}
  t=  40.00  cb_failure         L17-CB3 {'rot': 0.03181}
  t=  41.00  cb_failure         L11-CB0 {'rot': 0.03172}
  t=  41.00  cb_failure         L11-CB2 {'rot': 0.03173}
  t=  41.00  cb_failure         L15-CB0 {'rot': 0.03178}
  t=  41.00  cb_failure         L15-CB2 {'rot': 0.03179}
  t=  42.00  cb_failure         L8-CB1 {'rot': 0.03126}
  t=  42.00  cb_failure         L8-CB3 {'rot': 0.03126}
  t=  42.00  cb_failure         L10-CB0 {'rot': 0.03175}
  t=  42.00  cb_failure         L10-CB2 {'rot': 0.03176}
  t=  42.00  cb_failure         L16-CB0 {'rot': 0.03193}
  t=  42.00  cb_failure         L16-CB2 {'rot': 0.03194}
  t=  42.00  cb_failure         L18-CB1 {'rot': 0.03205}
  t=  42.00  cb_failure         L18-CB3 {'rot': 0.03206}
  t=  43.00  cb_failure         L9-CB0 {'rot': 0.03131}
  t=  43.00  cb_failure         L9-CB2 {'rot': 0.03132}
  t=  43.00  cb_yield           L28-CB1 {'rot': 0.0077}
  t=  43.00  cb_yield           L28-CB3 {'rot': 0.00771}
  t=  44.00  cb_failure         L17-CB0 {'rot': 0.03248}
  t=  44.00  cb_failure         L17-CB2 {'rot': 0.03249}
  t=  44.00  cb_failure         L19-CB1 {'rot': 0.03181}
  t=  44.00  cb_failure         L19-CB3 {'rot': 0.03181}
  t=  45.00  cb_failure         L7-CB1 {'rot': 0.03125}
  t=  45.00  cb_failure         L7-CB3 {'rot': 0.03125}
  t=  45.00  cb_failure         L8-CB0 {'rot': 0.03118}
  t=  45.00  cb_failure         L8-CB2 {'rot': 0.03119}
  t=  45.00  cb_failure         L18-CB0 {'rot': 0.03162}
  t=  45.00  cb_failure         L18-CB2 {'rot': 0.03162}
  t=  45.00  cb_yield           L26-CB0 {'rot': 0.00788}
  t=  45.00  cb_yield           L26-CB2 {'rot': 0.00789}
  t=  46.00  cb_yield           L1-CB1 {'rot': 0.00713}
  t=  46.00  cb_yield           L1-CB3 {'rot': 0.00713}
  t=  46.00  cb_failure         L20-CB1 {'rot': 0.03166}
  t=  46.00  cb_failure         L20-CB3 {'rot': 0.03166}
  t=  48.00  cb_failure         L7-CB0 {'rot': 0.03103}
  t=  48.00  cb_failure         L7-CB2 {'rot': 0.03104}
  t=  48.00  cb_failure         L19-CB0 {'rot': 0.0321}
  t=  48.00  cb_failure         L19-CB2 {'rot': 0.0321}
  t=  49.00  cb_failure         L6-CB1 {'rot': 0.03102}
  t=  49.00  cb_failure         L6-CB3 {'rot': 0.03102}
  t=  49.00  cb_failure         L21-CB1 {'rot': 0.03166}
  t=  49.00  cb_failure         L21-CB3 {'rot': 0.03166}
  t=  50.00  cb_yield           L1-CB0 {'rot': 0.00709}
  t=  50.00  cb_yield           L1-CB2 {'rot': 0.00709}
  t=  50.00  cb_yield           L29-CB1 {'rot': 0.00776}
  t=  50.00  cb_yield           L29-CB3 {'rot': 0.00777}
  t=  51.00  cb_failure         L20-CB0 {'rot': 0.03194}
  t=  51.00  cb_failure         L20-CB2 {'rot': 0.03194}
  t=  52.00  cb_yield           L27-CB0 {'rot': 0.00779}
  t=  52.00  cb_yield           L27-CB2 {'rot': 0.00779}
  t=  53.00  cb_failure         L6-CB0 {'rot': 0.03119}
  t=  53.00  cb_failure         L6-CB2 {'rot': 0.03119}
  t=  53.00  cb_failure         L22-CB1 {'rot': 0.03167}
  t=  53.00  cb_failure         L22-CB3 {'rot': 0.03167}
  t=  55.00  cb_failure         L21-CB0 {'rot': 0.03187}
  t=  55.00  cb_failure         L21-CB2 {'rot': 0.03188}
  t=  56.00  cb_failure         L5-CB1 {'rot': 0.03109}
  t=  56.00  cb_failure         L5-CB3 {'rot': 0.03109}
  t=  56.00  cb_yield           L30-CB1 {'rot': 0.00761}
  t=  56.00  cb_yield           L30-CB3 {'rot': 0.00763}
  t=  58.00  cb_failure         L23-CB1 {'rot': 0.03169}
  t=  58.00  cb_failure         L23-CB3 {'rot': 0.03169}
  t=  60.00  cb_failure         L22-CB0 {'rot': 0.03171}
  t=  60.00  cb_failure         L22-CB2 {'rot': 0.03172}
  t=  61.00  cb_failure         L5-CB0 {'rot': 0.03144}
  t=  61.00  cb_failure         L5-CB2 {'rot': 0.03144}
  t=  61.00  cb_yield           L28-CB0 {'rot': 0.00773}
  t=  61.00  cb_yield           L28-CB2 {'rot': 0.00774}
  t=  62.00  cb_yield           L31-CB1 {'rot': 0.00763}
  t=  62.00  cb_yield           L31-CB3 {'rot': 0.00765}
  t=  63.00  cb_failure         L24-CB1 {'rot': 0.03164}
  t=  63.00  cb_failure         L24-CB3 {'rot': 0.03164}
  t=  66.00  cb_yield           L32-CB1 {'rot': 0.00768}
  t=  66.00  cb_yield           L32-CB3 {'rot': 0.0077}
  t=  67.00  cb_failure         L23-CB0 {'rot': 0.03198}
  t=  67.00  cb_failure         L23-CB2 {'rot': 0.03198}
  t=  68.00  cb_failure         L4-CB1 {'rot': 0.03126}
  t=  68.00  cb_failure         L4-CB3 {'rot': 0.03126}
  t=  70.00  cb_failure         L25-CB1 {'rot': 0.03166}
  t=  70.00  cb_failure         L25-CB3 {'rot': 0.03166}
  t=  73.00  cb_yield           L29-CB0 {'rot': 0.00768}
  t=  73.00  cb_yield           L29-CB2 {'rot': 0.00769}
  t=  74.00  cb_failure         L4-CB0 {'rot': 0.0313}
  t=  74.00  cb_failure         L4-CB2 {'rot': 0.0313}
  t=  75.00  cb_failure         L24-CB0 {'rot': 0.03171}
  t=  75.00  cb_failure         L24-CB2 {'rot': 0.03172}
  t=  75.00  cb_yield           L33-CB1 {'rot': 0.00783}
  t=  75.00  cb_yield           L33-CB3 {'rot': 0.00784}
  t=  77.00  cb_failure         L26-CB1 {'rot': 0.03164}
  t=  77.00  cb_failure         L26-CB3 {'rot': 0.03164}
  t=  85.00  cb_failure         L27-CB1 {'rot': 0.03161}
  t=  85.00  cb_failure         L27-CB3 {'rot': 0.03161}
  t=  86.00  cb_failure         L25-CB0 {'rot': 0.03167}
  t=  86.00  cb_failure         L25-CB2 {'rot': 0.03168}
  t=  88.00  cb_yield           L30-CB0 {'rot': 0.00767}
  t=  88.00  cb_yield           L30-CB2 {'rot': 0.00767}
  t=  89.00  cb_failure         L3-CB1 {'rot': 0.03108}
  t=  89.00  cb_failure         L3-CB3 {'rot': 0.03108}
  t=  95.00  cb_failure         L28-CB1 {'rot': 0.03164}
  t=  95.00  cb_failure         L28-CB3 {'rot': 0.03164}
  t=  98.00  cb_failure         L3-CB0 {'rot': 0.03102}
  t=  98.00  cb_failure         L3-CB2 {'rot': 0.03102}
  t=  98.00  cb_failure         L26-CB0 {'rot': 0.03171}
  t=  98.00  cb_failure         L26-CB2 {'rot': 0.03172}
  t= 103.00  cb_failure         L29-CB1 {'rot': 0.03162}
  t= 103.00  cb_failure         L29-CB3 {'rot': 0.03162}
  t= 105.00  cb_yield           L31-CB0 {'rot': 0.00782}
  t= 105.00  cb_yield           L31-CB2 {'rot': 0.00782}
  t= 109.00  cb_failure         L30-CB1 {'rot': 0.03171}
  t= 109.00  cb_failure         L30-CB3 {'rot': 0.03171}
  t= 111.00  cb_yield           L32-CB0 {'rot': 0.00775}
  t= 111.00  cb_yield           L32-CB2 {'rot': 0.00775}
  t= 112.00  cb_failure         L27-CB0 {'rot': 0.03179}
  t= 112.00  cb_failure         L27-CB2 {'rot': 0.0318}
  t= 112.00  cb_failure         L31-CB1 {'rot': 0.03166}
  t= 112.00  cb_failure         L31-CB3 {'rot': 0.03166}
  t= 112.00  cb_failure         L33-CB1 {'rot': 0.03174}
  t= 112.00  cb_failure         L33-CB3 {'rot': 0.03174}
  t= 114.00  cb_yield           L33-CB0 {'rot': 0.00772}
  t= 114.00  cb_yield           L33-CB2 {'rot': 0.00773}
  t= 115.00  cb_failure         L32-CB1 {'rot': 0.03164}
  t= 115.00  cb_failure         L32-CB3 {'rot': 0.03164}
  t= 129.00  cb_failure         L28-CB0 {'rot': 0.03176}
  t= 129.00  cb_failure         L28-CB2 {'rot': 0.03177}
  t= 136.00  cb_failure         L2-CB1 {'rot': 0.03119}
  t= 136.00  cb_failure         L2-CB3 {'rot': 0.03119}
  t= 151.00  cb_failure         L2-CB0 {'rot': 0.0311}
  t= 151.00  cb_failure         L2-CB2 {'rot': 0.0311}
  t= 167.00  cb_failure         L29-CB0 {'rot': 0.03168}
  t= 167.00  cb_failure         L29-CB2 {'rot': 0.03168}
  t= 170.00  punching           L13-col14 {'drift': np.float64(0.0257), 'vg_vc': 0.287, 'conn': 'column'}
  t= 170.00  punching           L14-col14 {'drift': np.float64(0.0257), 'vg_vc': 0.287, 'conn': 'column'}
  t= 170.00  punching           L15-col14 {'drift': np.float64(0.0257), 'vg_vc': 0.287, 'conn': 'column'}
  t= 170.00  punching           L16-col14 {'drift': np.float64(0.0257), 'vg_vc': 0.286, 'conn': 'column'}
  step 170  solver fallback: 10 sub-steps, tol 1e-05
  t= 171.00  punching           L13-col11 {'drift': np.float64(0.0259), 'vg_vc': 0.292, 'conn': 'column'}
  t= 171.00  punching           L14-col11 {'drift': np.float64(0.026), 'vg_vc': 0.291, 'conn': 'column'}
  t= 171.00  punching           L15-col11 {'drift': np.float64(0.026), 'vg_vc': 0.291, 'conn': 'column'}
  t= 171.00  punching           L16-col11 {'drift': np.float64(0.026), 'vg_vc': 0.291, 'conn': 'column'}
  t= 171.00  punching           L17-col14 {'drift': np.float64(0.0258), 'vg_vc': 0.287, 'conn': 'column'}
  step 171  solver fallback: NewtonLineSearch
