  t=   9.00  cb_yield           L7-CB1 {'rot': 0.00412}
  t=   9.00  cb_yield           L7-CB3 {'rot': 0.00413}
  t=   9.00  cb_yield           L8-CB1 {'rot': 0.00432}
  t=   9.00  cb_yield           L8-CB3 {'rot': 0.00432}
  t=   9.00  cb_yield           L9-CB1 {'rot': 0.00447}
  t=   9.00  cb_yield           L9-CB3 {'rot': 0.00447}
  t=   9.00  cb_yield           L10-CB0 {'rot': 0.00416}
  t=   9.00  cb_yield           L10-CB1 {'rot': 0.00458}
  t=   9.00  cb_yield           L10-CB2 {'rot': 0.00417}
  t=   9.00  cb_yield           L10-CB3 {'rot': 0.00458}
  t=   9.00  cb_yield           L11-CB0 {'rot': 0.0042}
  t=   9.00  cb_yield           L11-CB1 {'rot': 0.00466}
  t=   9.00  cb_yield           L11-CB2 {'rot': 0.00421}
  t=   9.00  cb_yield           L11-CB3 {'rot': 0.00466}
  t=   9.00  cb_yield           L12-CB0 {'rot': 0.00422}
  t=   9.00  cb_yield           L12-CB1 {'rot': 0.0047}
  t=   9.00  cb_yield           L12-CB2 {'rot': 0.00422}
  t=   9.00  cb_yield           L12-CB3 {'rot': 0.00471}
  t=   9.00  cb_yield           L13-CB0 {'rot': 0.00421}
  t=   9.00  cb_yield           L13-CB1 {'rot': 0.00472}
  t=   9.00  cb_yield           L13-CB2 {'rot': 0.00421}
  t=   9.00  cb_yield           L13-CB3 {'rot': 0.00472}
  t=   9.00  cb_yield           L14-CB0 {'rot': 0.00417}
  t=   9.00  cb_yield           L14-CB1 {'rot': 0.00471}
  t=   9.00  cb_yield           L14-CB2 {'rot': 0.00418}
  t=   9.00  cb_yield           L14-CB3 {'rot': 0.00471}
  t=   9.00  cb_yield           L15-CB0 {'rot': 0.00412}
  t=   9.00  cb_yield           L15-CB1 {'rot': 0.00467}
  t=   9.00  cb_yield           L15-CB2 {'rot': 0.00412}
  t=   9.00  cb_yield           L15-CB3 {'rot': 0.00468}
  t=   9.00  cb_yield           L16-CB1 {'rot': 0.00462}
  t=   9.00  cb_yield           L16-CB3 {'rot': 0.00463}
  t=  10.00  cb_yield           L6-CB1 {'rot': 0.0044}
  t=  10.00  cb_yield           L6-CB3 {'rot': 0.0044}
  t=  10.00  cb_yield           L7-CB0 {'rot': 0.00436}
  t=  10.00  cb_yield           L7-CB2 {'rot': 0.00437}
  t=  10.00  cb_yield           L8-CB0 {'rot': 0.00458}
  t=  10.00  cb_yield           L8-CB2 {'rot': 0.00458}
  t=  10.00  cb_yield           L9-CB0 {'rot': 0.00474}
  t=  10.00  cb_yield           L9-CB2 {'rot': 0.00474}
  t=  10.00  cb_yield           L16-CB0 {'rot': 0.00468}
  t=  10.00  cb_yield           L16-CB2 {'rot': 0.00469}
  t=  10.00  cb_yield           L17-CB1 {'rot': 0.00519}
  t=  10.00  cb_yield           L17-CB3 {'rot': 0.0052}
  t=  10.00  cb_yield           L18-CB1 {'rot': 0.00503}
  t=  10.00  cb_yield           L18-CB3 {'rot': 0.00504}
  t=  10.00  cb_yield           L19-CB1 {'rot': 0.00485}
  t=  10.00  cb_yield           L19-CB3 {'rot': 0.00485}
  t=  10.00  cb_yield           L20-CB1 {'rot': 0.00465}
  t=  10.00  cb_yield           L20-CB3 {'rot': 0.00466}
  t=  11.00  cb_yield           L5-CB0 {'rot': 0.0042}
  t=  11.00  cb_yield           L5-CB1 {'rot': 0.0045}
  t=  11.00  cb_yield           L5-CB2 {'rot': 0.0042}
  t=  11.00  cb_yield           L5-CB3 {'rot': 0.0045}
  t=  11.00  cb_yield           L6-CB0 {'rot': 0.00461}
  t=  11.00  cb_yield           L6-CB2 {'rot': 0.00462}
  t=  11.00  cb_yield           L17-CB0 {'rot': 0.00516}
  t=  11.00  cb_yield           L17-CB2 {'rot': 0.00516}
  t=  11.00  cb_yield           L18-CB0 {'rot': 0.00492}
  t=  11.00  cb_yield           L18-CB2 {'rot': 0.00493}
  t=  11.00  cb_yield           L19-CB0 {'rot': 0.00466}
  t=  11.00  cb_yield           L19-CB2 {'rot': 0.00467}
  t=  11.00  cb_yield           L21-CB1 {'rot': 0.00492}
  t=  11.00  cb_yield           L21-CB3 {'rot': 0.00493}
  t=  11.00  cb_yield           L22-CB1 {'rot': 0.00465}
  t=  11.00  cb_yield           L22-CB3 {'rot': 0.00465}
  t=  12.00  cb_yield           L4-CB1 {'rot': 0.00437}
  t=  12.00  cb_yield           L4-CB3 {'rot': 0.00437}
  t=  12.00  cb_yield           L20-CB0 {'rot': 0.00491}
  t=  12.00  cb_yield           L20-CB2 {'rot': 0.00492}
  t=  12.00  cb_yield           L21-CB0 {'rot': 0.00457}
  t=  12.00  cb_yield           L21-CB2 {'rot': 0.00457}
  t=  12.00  cb_yield           L23-CB1 {'rot': 0.00477}
  t=  12.00  cb_yield           L23-CB3 {'rot': 0.00478}
  t=  13.00  cb_yield           L4-CB0 {'rot': 0.0045}
  t=  13.00  cb_yield           L4-CB2 {'rot': 0.0045}
  t=  13.00  cb_yield           L22-CB0 {'rot': 0.00466}
  t=  13.00  cb_yield           L22-CB2 {'rot': 0.00466}
  t=  13.00  cb_yield           L24-CB1 {'rot': 0.00482}
  t=  13.00  cb_yield           L24-CB3 {'rot': 0.00483}
  t=  14.00  cb_yield           L3-CB1 {'rot': 0.00435}
  t=  14.00  cb_yield           L3-CB3 {'rot': 0.00436}
  t=  14.00  cb_yield           L23-CB0 {'rot': 0.00463}
  t=  14.00  cb_yield           L23-CB2 {'rot': 0.00463}
  t=  14.00  cb_yield           L25-CB1 {'rot': 0.00481}
  t=  14.00  cb_yield           L25-CB3 {'rot': 0.00482}
  t=  15.00  cb_yield           L3-CB0 {'rot': 0.00437}
  t=  15.00  cb_yield           L3-CB2 {'rot': 0.00437}
  t=  15.00  cb_yield           L26-CB1 {'rot': 0.00471}
  t=  15.00  cb_yield           L26-CB3 {'rot': 0.00472}
  t=  16.00  cb_yield           L24-CB0 {'rot': 0.0048}
  t=  16.00  cb_yield           L24-CB2 {'rot': 0.00481}
  t=  17.00  cb_yield           L2-CB3 {'rot': 0.00411}
  t=  17.00  cb_yield           L27-CB1 {'rot': 0.00477}
  t=  17.00  cb_yield           L27-CB3 {'rot': 0.00478}
  t=  18.00  cb_yield           L2-CB1 {'rot': 0.00433}
  t=  18.00  cb_yield           L25-CB0 {'rot': 0.00474}
  t=  18.00  cb_yield           L25-CB2 {'rot': 0.00475}
  t=  19.00  cb_yield           L2-CB0 {'rot': 0.00414}
  t=  19.00  cb_yield           L2-CB2 {'rot': 0.00414}
  t=  19.00  cb_yield           L28-CB1 {'rot': 0.00467}
  t=  19.00  cb_yield           L28-CB3 {'rot': 0.00468}
  t=  21.00  cb_yield           L26-CB0 {'rot': 0.00467}
  t=  21.00  cb_yield           L26-CB2 {'rot': 0.00467}
  t=  22.00  cb_failure         L12-CB1 {'rot': 0.01821}
  t=  22.00  cb_failure         L12-CB3 {'rot': 0.01821}
  t=  22.00  cb_failure         L13-CB1 {'rot': 0.01853}
  t=  22.00  cb_failure         L13-CB3 {'rot': 0.01854}
  t=  22.00  cb_failure         L14-CB1 {'rot': 0.01866}
  t=  22.00  cb_failure         L14-CB3 {'rot': 0.01867}
  t=  22.00  cb_failure         L15-CB1 {'rot': 0.01861}
  t=  22.00  cb_failure         L15-CB3 {'rot': 0.01861}
  t=  22.00  cb_failure         L16-CB1 {'rot': 0.01838}
  t=  22.00  cb_failure         L16-CB3 {'rot': 0.01839}
  t=  22.00  cb_yield           L29-CB1 {'rot': 0.00469}
  t=  22.00  cb_yield           L29-CB3 {'rot': 0.0047}
  t=  23.00  cb_failure         L11-CB1 {'rot': 0.01864}
  t=  23.00  cb_failure         L11-CB3 {'rot': 0.01864}
  t=  23.00  cb_failure         L17-CB1 {'rot': 0.01901}
  t=  23.00  cb_failure         L17-CB3 {'rot': 0.01902}
  t=  24.00  cb_failure         L10-CB1 {'rot': 0.01875}
  t=  24.00  cb_failure         L10-CB3 {'rot': 0.01876}
  t=  24.00  cb_failure         L12-CB0 {'rot': 0.01833}
  t=  24.00  cb_failure         L12-CB2 {'rot': 0.01833}
  t=  24.00  cb_failure         L13-CB0 {'rot': 0.01863}
  t=  24.00  cb_failure         L13-CB2 {'rot': 0.01863}
  t=  24.00  cb_failure         L14-CB0 {'rot': 0.01874}
  t=  24.00  cb_failure         L14-CB2 {'rot': 0.01875}
  t=  24.00  cb_failure         L15-CB0 {'rot': 0.01869}
  t=  24.00  cb_failure         L15-CB2 {'rot': 0.01869}
  t=  24.00  cb_failure         L16-CB0 {'rot': 0.01847}
  t=  24.00  cb_failure         L16-CB2 {'rot': 0.01847}
  t=  24.00  cb_failure         L18-CB1 {'rot': 0.01941}
  t=  24.00  cb_failure         L18-CB3 {'rot': 0.01941}
  t=  24.00  cb_failure         L19-CB1 {'rot': 0.01863}
  t=  24.00  cb_failure         L19-CB3 {'rot': 0.01863}
  t=  24.00  cb_yield           L27-CB0 {'rot': 0.00464}
  t=  24.00  cb_yield           L27-CB2 {'rot': 0.00465}
  t=  25.00  cb_failure         L9-CB1 {'rot': 0.01855}
  t=  25.00  cb_failure         L9-CB3 {'rot': 0.01856}
  t=  25.00  cb_failure         L11-CB0 {'rot': 0.0186}
  t=  25.00  cb_failure         L11-CB2 {'rot': 0.0186}
  t=  25.00  cb_failure         L17-CB0 {'rot': 0.01889}
  t=  25.00  cb_failure         L17-CB2 {'rot': 0.01889}
  t=  25.00  cb_failure         L20-CB1 {'rot': 0.01861}
  t=  25.00  cb_failure         L20-CB3 {'rot': 0.01862}
  t=  25.00  cb_yield           L30-CB1 {'rot': 0.00468}
  t=  25.00  cb_yield           L30-CB3 {'rot': 0.00469}
  t=  26.00  cb_failure         L10-CB0 {'rot': 0.01862}
  t=  26.00  cb_failure         L10-CB2 {'rot': 0.01862}
  t=  26.00  cb_failure         L18-CB0 {'rot': 0.0191}
  t=  26.00  cb_failure         L18-CB2 {'rot': 0.01911}
  t=  27.00  cb_failure         L8-CB1 {'rot': 0.0187}
  t=  27.00  cb_failure         L8-CB3 {'rot': 0.01871}
  t=  27.00  cb_failure         L9-CB0 {'rot': 0.01839}
  t=  27.00  cb_failure         L9-CB2 {'rot': 0.01839}
  t=  27.00  cb_failure         L19-CB0 {'rot': 0.01915}
  t=  27.00  cb_failure         L19-CB2 {'rot': 0.01916}
  t=  27.00  cb_failure         L21-CB1 {'rot': 0.01927}
  t=  27.00  cb_failure         L21-CB3 {'rot': 0.01928}
  t=  27.00  cb_yield           L28-CB0 {'rot': 0.00469}
  t=  27.00  cb_yield           L28-CB2 {'rot': 0.00469}
  t=  27.00  cb_yield           L31-CB1 {'rot': 0.00472}
  t=  27.00  cb_yield           L31-CB3 {'rot': 0.00473}
  t=  28.00  cb_failure         L20-CB0 {'rot': 0.01897}
  t=  28.00  cb_failure         L20-CB2 {'rot': 0.01898}
  t=  28.00  cb_failure         L22-CB1 {'rot': 0.01872}
  t=  28.00  cb_failure         L22-CB3 {'rot': 0.01873}
  t=  28.00  cb_yield           L32-CB1 {'rot': 0.00471}
  t=  28.00  cb_yield           L32-CB3 {'rot': 0.00472}
  t=  29.00  cb_failure         L7-CB1 {'rot': 0.01837}
  t=  29.00  cb_failure         L7-CB3 {'rot': 0.01838}
  t=  29.00  cb_failure         L8-CB0 {'rot': 0.01838}
  t=  29.00  cb_failure         L8-CB2 {'rot': 0.01838}
  t=  29.00  cb_failure         L21-CB0 {'rot': 0.01855}
  t=  29.00  cb_failure         L21-CB2 {'rot': 0.01856}
  t=  29.00  cb_yield           L33-CB1 {'rot': 0.00495}
  t=  29.00  cb_yield           L33-CB3 {'rot': 0.00496}
  t=  30.00  cb_failure         L23-CB1 {'rot': 0.01901}
  t=  30.00  cb_failure         L23-CB3 {'rot': 0.01902}
  t=  30.00  cb_yield           L29-CB0 {'rot': 0.00472}
  t=  30.00  cb_yield           L29-CB2 {'rot': 0.00473}
  t=  31.00  cb_yield           L1-CB1 {'rot': 0.0042}
  t=  31.00  cb_yield           L1-CB3 {'rot': 0.0042}
  t=  31.00  cb_failure         L22-CB0 {'rot': 0.01857}
  t=  31.00  cb_failure         L22-CB2 {'rot': 0.01857}
  t=  32.00  cb_failure         L7-CB0 {'rot': 0.01833}
  t=  32.00  cb_failure         L7-CB2 {'rot': 0.01834}
  t=  32.00  cb_failure         L24-CB1 {'rot': 0.01919}
  t=  32.00  cb_failure         L24-CB3 {'rot': 0.0192}
  t=  33.00  cb_failure         L6-CB1 {'rot': 0.01845}
  t=  33.00  cb_failure         L6-CB3 {'rot': 0.01845}
  t=  33.00  cb_failure         L25-CB1 {'rot': 0.01856}
  t=  33.00  cb_failure         L25-CB3 {'rot': 0.01856}
  t=  33.00  cb_yield           L30-CB0 {'rot': 0.00494}
  t=  33.00  cb_yield           L30-CB2 {'rot': 0.00495}
  t=  34.00  cb_failure         L23-CB0 {'rot': 0.01909}
  t=  34.00  cb_failure         L23-CB2 {'rot': 0.0191}
  step 34  solver fallback: NewtonLineSearch
  t=  35.00  cb_failure         L26-CB1 {'rot': 0.01942}
  t=  35.00  cb_failure         L26-CB3 {'rot': 0.01943}
  t=  35.00  cb_yield           L31-CB0 {'rot': 0.0057}
  t=  35.00  cb_yield           L31-CB2 {'rot': 0.00571}
  t=  35.00  cb_yield           L32-CB0 {'rot': 0.00495}
  t=  35.00  cb_yield           L32-CB2 {'rot': 0.00496}
  t=  35.00  cb_yield           L33-CB0 {'rot': 0.00465}
  t=  35.00  cb_yield           L33-CB2 {'rot': 0.00466}
  t=  36.00  cb_failure         L24-CB0 {'rot': 0.02128}
  t=  36.00  cb_failure         L24-CB2 {'rot': 0.02128}
  t=  36.00  cb_failure         L25-CB0 {'rot': 0.0206}
  t=  36.00  cb_failure         L25-CB2 {'rot': 0.02061}
  t=  36.00  cb_failure         L26-CB0 {'rot': 0.01987}
  t=  36.00  cb_failure         L26-CB2 {'rot': 0.01988}
  t=  36.00  cb_failure         L27-CB0 {'rot': 0.01911}
  t=  36.00  cb_failure         L27-CB1 {'rot': 0.02314}
  t=  36.00  cb_failure         L27-CB2 {'rot': 0.01912}
  t=  36.00  cb_failure         L27-CB3 {'rot': 0.02315}
  t=  36.00  cb_failure         L28-CB1 {'rot': 0.02246}
  t=  36.00  cb_failure         L28-CB3 {'rot': 0.02246}
  t=  36.00  cb_failure         L29-CB1 {'rot': 0.02177}
  t=  36.00  cb_failure         L29-CB3 {'rot': 0.02178}
  t=  36.00  cb_failure         L30-CB1 {'rot': 0.02117}
  t=  36.00  cb_failure         L30-CB3 {'rot': 0.02118}
  t=  36.00  cb_failure         L31-CB1 {'rot': 0.0207}
  t=  36.00  cb_failure         L31-CB3 {'rot': 0.02071}
  t=  36.00  cb_failure         L32-CB1 {'rot': 0.0204}
  t=  36.00  cb_failure         L32-CB3 {'rot': 0.02041}
  t=  36.00  cb_failure         L33-CB1 {'rot': 0.0203}
  t=  36.00  cb_failure         L33-CB3 {'rot': 0.02031}
  t=  37.00  cb_failure         L28-CB0 {'rot': 0.01975}
  t=  37.00  cb_failure         L28-CB2 {'rot': 0.01976}
  t=  37.00  cb_failure         L29-CB0 {'rot': 0.01914}
  t=  37.00  cb_failure         L29-CB2 {'rot': 0.01915}
  t=  37.00  cb_failure         L30-CB0 {'rot': 0.01858}
  t=  37.00  cb_failure         L30-CB2 {'rot': 0.01859}
  t=  38.00  cb_failure         L31-CB0 {'rot': 0.01899}
  t=  38.00  cb_failure         L31-CB2 {'rot': 0.019}
  t=  38.00  cb_failure         L32-CB0 {'rot': 0.01871}
  t=  38.00  cb_failure         L32-CB2 {'rot': 0.01871}
  t=  38.00  cb_failure         L33-CB0 {'rot': 0.01861}
  t=  38.00  cb_failure         L33-CB2 {'rot': 0.01862}
  t=  44.00  cb_yield           L1-CB0 {'rot': 0.00423}
  t=  44.00  cb_yield           L1-CB2 {'rot': 0.00423}
  t=  44.00  cb_failure         L6-CB0 {'rot': 0.01856}
  t=  44.00  cb_failure         L6-CB2 {'rot': 0.01856}
  t=  46.00  cb_failure         L5-CB1 {'rot': 0.01857}
  t=  46.00  cb_failure         L5-CB3 {'rot': 0.01857}
  t=  48.00  cb_failure         L5-CB0 {'rot': 0.01815}
  t=  48.00  cb_failure         L5-CB2 {'rot': 0.01815}
  t=  52.00  cb_failure         L4-CB1 {'rot': 0.01818}
  t=  52.00  cb_failure         L4-CB3 {'rot': 0.01819}
  t=  56.00  cb_failure         L4-CB0 {'rot': 0.01844}
  t=  56.00  cb_failure         L4-CB2 {'rot': 0.01844}
  t=  64.00  cb_failure         L3-CB1 {'rot': 0.01837}
  t=  64.00  cb_failure         L3-CB3 {'rot': 0.01838}
  t=  68.00  cb_failure         L3-CB0 {'rot': 0.01816}
  t=  68.00  cb_failure         L3-CB2 {'rot': 0.01816}
  t=  85.00  cb_failure         L2-CB1 {'rot': 0.01812}
  t=  85.00  cb_failure         L2-CB3 {'rot': 0.01812}
  t=  92.00  cb_failure         L2-CB0 {'rot': 0.0182}
  t=  92.00  cb_failure         L2-CB2 {'rot': 0.0182}
  t= 137.00  cb_failure         L1-CB1 {'rot': 0.01817}
  t= 137.00  cb_failure         L1-CB3 {'rot': 0.01817}
  t= 168.00  cb_failure         L1-CB0 {'rot': 0.01812}
  t= 168.00  cb_failure         L1-CB2 {'rot': 0.01812}
  t= 189.00  punching           L29-col14 {'drift': np.float64(0.0193), 'vg_vc': 0.415, 'conn': 'column'}
  step 189  solver fallback: NewtonLineSearch
