  t=   9.00  cb_yield           L7-CB1 {'rot': 0.00412}
  t=   9.00  cb_yield           L7-CB3 {'rot': 0.00412}
  t=   9.00  cb_yield           L8-CB1 {'rot': 0.00429}
  t=   9.00  cb_yield           L8-CB3 {'rot': 0.0043}
  t=   9.00  cb_yield           L9-CB1 {'rot': 0.00442}
  t=   9.00  cb_yield           L9-CB3 {'rot': 0.00443}
  t=   9.00  cb_yield           L10-CB0 {'rot': 0.00414}
  t=   9.00  cb_yield           L10-CB1 {'rot': 0.00451}
  t=   9.00  cb_yield           L10-CB2 {'rot': 0.00414}
  t=   9.00  cb_yield           L10-CB3 {'rot': 0.00452}
  t=   9.00  cb_yield           L11-CB0 {'rot': 0.00416}
  t=   9.00  cb_yield           L11-CB1 {'rot': 0.00457}
  t=   9.00  cb_yield           L11-CB2 {'rot': 0.00417}
  t=   9.00  cb_yield           L11-CB3 {'rot': 0.00457}
  t=   9.00  cb_yield           L12-CB0 {'rot': 0.00417}
  t=   9.00  cb_yield           L12-CB1 {'rot': 0.0046}
  t=   9.00  cb_yield           L12-CB2 {'rot': 0.00417}
  t=   9.00  cb_yield           L12-CB3 {'rot': 0.0046}
  t=   9.00  cb_yield           L13-CB0 {'rot': 0.00415}
  t=   9.00  cb_yield           L13-CB1 {'rot': 0.0046}
  t=   9.00  cb_yield           L13-CB2 {'rot': 0.00415}
  t=   9.00  cb_yield           L13-CB3 {'rot': 0.00461}
  t=   9.00  cb_yield           L14-CB1 {'rot': 0.00458}
  t=   9.00  cb_yield           L14-CB3 {'rot': 0.00459}
  t=   9.00  cb_yield           L15-CB1 {'rot': 0.00454}
  t=   9.00  cb_yield           L15-CB3 {'rot': 0.00455}
  t=   9.00  cb_yield           L16-CB1 {'rot': 0.00449}
  t=   9.00  cb_yield           L16-CB3 {'rot': 0.00449}
  t=  10.00  cb_yield           L6-CB0 {'rot': 0.00416}
  t=  10.00  cb_yield           L6-CB1 {'rot': 0.00443}
  t=  10.00  cb_yield           L6-CB2 {'rot': 0.00416}
  t=  10.00  cb_yield           L6-CB3 {'rot': 0.00443}
  t=  10.00  cb_yield           L7-CB0 {'rot': 0.00442}
  t=  10.00  cb_yield           L7-CB2 {'rot': 0.00443}
  t=  10.00  cb_yield           L8-CB0 {'rot': 0.00463}
  t=  10.00  cb_yield           L8-CB2 {'rot': 0.00463}
  t=  10.00  cb_yield           L9-CB0 {'rot': 0.00477}
  t=  10.00  cb_yield           L9-CB2 {'rot': 0.00478}
  t=  10.00  cb_yield           L14-CB0 {'rot': 0.00483}
  t=  10.00  cb_yield           L14-CB2 {'rot': 0.00483}
  t=  10.00  cb_yield           L15-CB0 {'rot': 0.00473}
  t=  10.00  cb_yield           L15-CB2 {'rot': 0.00473}
  t=  10.00  cb_yield           L16-CB0 {'rot': 0.00461}
  t=  10.00  cb_yield           L16-CB2 {'rot': 0.00461}
  t=  10.00  cb_yield           L17-CB1 {'rot': 0.00503}
  t=  10.00  cb_yield           L17-CB3 {'rot': 0.00504}
  t=  10.00  cb_yield           L18-CB1 {'rot': 0.00486}
  t=  10.00  cb_yield           L18-CB3 {'rot': 0.00487}
  t=  10.00  cb_yield           L19-CB1 {'rot': 0.00468}
  t=  10.00  cb_yield           L19-CB3 {'rot': 0.00468}
  t=  11.00  cb_yield           L5-CB0 {'rot': 0.0043}
  t=  11.00  cb_yield           L5-CB1 {'rot': 0.00456}
  t=  11.00  cb_yield           L5-CB2 {'rot': 0.0043}
  t=  11.00  cb_yield           L5-CB3 {'rot': 0.00457}
  t=  11.00  cb_yield           L17-CB0 {'rot': 0.00507}
  t=  11.00  cb_yield           L17-CB2 {'rot': 0.00508}
  t=  11.00  cb_yield           L18-CB0 {'rot': 0.00482}
  t=  11.00  cb_yield           L18-CB2 {'rot': 0.00482}
  t=  11.00  cb_yield           L19-CB0 {'rot': 0.00455}
  t=  11.00  cb_yield           L19-CB2 {'rot': 0.00456}
  t=  11.00  cb_yield           L20-CB1 {'rot': 0.00499}
  t=  11.00  cb_yield           L20-CB3 {'rot': 0.00499}
  t=  11.00  cb_yield           L21-CB1 {'rot': 0.00471}
  t=  11.00  cb_yield           L21-CB3 {'rot': 0.00472}
  t=  12.00  cb_yield           L4-CB0 {'rot': 0.0042}
  t=  12.00  cb_yield           L4-CB1 {'rot': 0.00444}
  t=  12.00  cb_yield           L4-CB2 {'rot': 0.0042}
  t=  12.00  cb_yield           L4-CB3 {'rot': 0.00445}
  t=  12.00  cb_yield           L20-CB0 {'rot': 0.00478}
  t=  12.00  cb_yield           L20-CB2 {'rot': 0.00478}
  t=  12.00  cb_yield           L22-CB1 {'rot': 0.00487}
  t=  12.00  cb_yield           L22-CB3 {'rot': 0.00487}
  t=  13.00  cb_yield           L21-CB0 {'rot': 0.00491}
  t=  13.00  cb_yield           L21-CB2 {'rot': 0.00491}
  t=  13.00  cb_yield           L23-CB1 {'rot': 0.00493}
  t=  13.00  cb_yield           L23-CB3 {'rot': 0.00494}
  t=  14.00  cb_yield           L3-CB0 {'rot': 0.00416}
  t=  14.00  cb_yield           L3-CB1 {'rot': 0.00442}
  t=  14.00  cb_yield           L3-CB2 {'rot': 0.00416}
  t=  14.00  cb_yield           L3-CB3 {'rot': 0.00442}
  t=  14.00  cb_yield           L22-CB0 {'rot': 0.0049}
  t=  14.00  cb_yield           L22-CB2 {'rot': 0.00491}
  t=  14.00  cb_yield           L24-CB1 {'rot': 0.00493}
  t=  14.00  cb_yield           L24-CB3 {'rot': 0.00494}
  t=  15.00  cb_yield           L23-CB0 {'rot': 0.00476}
  t=  15.00  cb_yield           L23-CB2 {'rot': 0.00477}
  t=  15.00  cb_yield           L25-CB1 {'rot': 0.00481}
  t=  15.00  cb_yield           L25-CB3 {'rot': 0.00481}
  t=  16.00  cb_yield           L26-CB1 {'rot': 0.00458}
  t=  16.00  cb_yield           L26-CB3 {'rot': 0.00459}
  t=  17.00  cb_yield           L2-CB1 {'rot': 0.00414}
  t=  17.00  cb_yield           L2-CB3 {'rot': 0.00414}
  t=  17.00  cb_yield           L24-CB0 {'rot': 0.0048}
  t=  17.00  cb_yield           L24-CB2 {'rot': 0.00481}
  t=  19.00  cb_yield           L2-CB0 {'rot': 0.00423}
  t=  19.00  cb_yield           L2-CB2 {'rot': 0.00423}
  t=  19.00  cb_yield           L25-CB0 {'rot': 0.00455}
  t=  19.00  cb_yield           L25-CB2 {'rot': 0.00456}
  t=  19.00  cb_yield           L27-CB1 {'rot': 0.00467}
  t=  19.00  cb_yield           L27-CB3 {'rot': 0.00468}
  t=  21.00  cb_failure         L13-CB1 {'rot': 0.01814}
  t=  21.00  cb_failure         L13-CB3 {'rot': 0.01814}
  t=  21.00  cb_failure         L14-CB1 {'rot': 0.01819}
  t=  21.00  cb_failure         L14-CB3 {'rot': 0.01819}
  t=  22.00  cb_failure         L11-CB1 {'rot': 0.01842}
  t=  22.00  cb_failure         L11-CB3 {'rot': 0.01843}
  t=  22.00  cb_failure         L12-CB1 {'rot': 0.01894}
  t=  22.00  cb_failure         L12-CB3 {'rot': 0.01895}
  t=  22.00  cb_failure         L15-CB1 {'rot': 0.0192}
  t=  22.00  cb_failure         L15-CB3 {'rot': 0.01921}
  t=  22.00  cb_failure         L16-CB1 {'rot': 0.01887}
  t=  22.00  cb_failure         L16-CB3 {'rot': 0.01888}
  t=  23.00  cb_failure         L10-CB1 {'rot': 0.01859}
  t=  23.00  cb_failure         L10-CB3 {'rot': 0.01859}
  t=  23.00  cb_failure         L12-CB0 {'rot': 0.01845}
  t=  23.00  cb_failure         L12-CB2 {'rot': 0.01845}
  t=  23.00  cb_failure         L13-CB0 {'rot': 0.01873}
  t=  23.00  cb_failure         L13-CB2 {'rot': 0.01873}
  t=  23.00  cb_failure         L14-CB0 {'rot': 0.01879}
  t=  23.00  cb_failure         L14-CB2 {'rot': 0.01879}
  t=  23.00  cb_failure         L15-CB0 {'rot': 0.01865}
  t=  23.00  cb_failure         L15-CB2 {'rot': 0.01865}
  t=  23.00  cb_failure         L16-CB0 {'rot': 0.01831}
  t=  23.00  cb_failure         L16-CB2 {'rot': 0.01832}
  t=  23.00  cb_failure         L17-CB1 {'rot': 0.01934}
  t=  23.00  cb_failure         L17-CB3 {'rot': 0.01934}
  t=  23.00  cb_failure         L18-CB1 {'rot': 0.01855}
  t=  23.00  cb_failure         L18-CB3 {'rot': 0.01855}
  t=  23.00  cb_yield           L26-CB0 {'rot': 0.0047}
  t=  23.00  cb_yield           L26-CB2 {'rot': 0.00471}
  t=  23.00  cb_yield           L28-CB1 {'rot': 0.0047}
  t=  23.00  cb_yield           L28-CB3 {'rot': 0.00471}
  t=  24.00  cb_failure         L9-CB1 {'rot': 0.01842}
  t=  24.00  cb_failure         L9-CB3 {'rot': 0.01843}
  t=  24.00  cb_failure         L11-CB0 {'rot': 0.01877}
  t=  24.00  cb_failure         L11-CB2 {'rot': 0.01877}
  t=  24.00  cb_failure         L17-CB0 {'rot': 0.01865}
  t=  24.00  cb_failure         L17-CB2 {'rot': 0.01866}
  t=  24.00  cb_failure         L19-CB1 {'rot': 0.01861}
  t=  24.00  cb_failure         L19-CB3 {'rot': 0.01862}
  t=  25.00  cb_failure         L10-CB0 {'rot': 0.01881}
  t=  25.00  cb_failure         L10-CB2 {'rot': 0.01881}
  t=  25.00  cb_failure         L18-CB0 {'rot': 0.01879}
  t=  25.00  cb_failure         L18-CB2 {'rot': 0.01879}
  t=  26.00  cb_failure         L8-CB1 {'rot': 0.01863}
  t=  26.00  cb_failure         L8-CB3 {'rot': 0.01863}
  t=  26.00  cb_failure         L9-CB0 {'rot': 0.01858}
  t=  26.00  cb_failure         L9-CB2 {'rot': 0.01858}
  t=  26.00  cb_failure         L19-CB0 {'rot': 0.01873}
  t=  26.00  cb_failure         L19-CB2 {'rot': 0.01873}
  t=  26.00  cb_failure         L20-CB1 {'rot': 0.01941}
  t=  26.00  cb_failure         L20-CB3 {'rot': 0.01942}
  t=  26.00  cb_yield           L27-CB0 {'rot': 0.00471}
  t=  26.00  cb_yield           L27-CB2 {'rot': 0.00471}
  t=  26.00  cb_yield           L29-CB1 {'rot': 0.00471}
  t=  26.00  cb_yield           L29-CB3 {'rot': 0.00471}
  t=  27.00  cb_failure         L21-CB1 {'rot': 0.01886}
  t=  27.00  cb_failure         L21-CB3 {'rot': 0.01886}
  t=  28.00  cb_failure         L7-CB1 {'rot': 0.01839}
  t=  28.00  cb_failure         L7-CB3 {'rot': 0.0184}
  t=  28.00  cb_failure         L8-CB0 {'rot': 0.01869}
  t=  28.00  cb_failure         L8-CB2 {'rot': 0.01869}
  t=  28.00  cb_failure         L20-CB0 {'rot': 0.01928}
  t=  28.00  cb_failure         L20-CB2 {'rot': 0.01929}
  t=  28.00  cb_yield           L30-CB3 {'rot': 0.00456}
  t=  29.00  cb_failure         L21-CB0 {'rot': 0.0187}
  t=  29.00  cb_failure         L21-CB2 {'rot': 0.01871}
  t=  29.00  cb_failure         L22-CB1 {'rot': 0.01904}
  t=  29.00  cb_failure         L22-CB3 {'rot': 0.01905}
  t=  29.00  cb_yield           L28-CB0 {'rot': 0.00462}
  t=  29.00  cb_yield           L28-CB2 {'rot': 0.00462}
  t=  29.00  cb_yield           L30-CB1 {'rot': 0.00483}
  t=  30.00  cb_yield           L1-CB1 {'rot': 0.00418}
  t=  30.00  cb_yield           L1-CB3 {'rot': 0.00418}
  t=  30.00  cb_failure         L7-CB0 {'rot': 0.0184}
  t=  30.00  cb_failure         L7-CB2 {'rot': 0.0184}
  t=  31.00  cb_failure         L6-CB1 {'rot': 0.0182}
  t=  31.00  cb_failure         L6-CB3 {'rot': 0.01821}
  t=  31.00  cb_failure         L22-CB0 {'rot': 0.01866}
  t=  31.00  cb_failure         L22-CB2 {'rot': 0.01867}
  t=  31.00  cb_failure         L23-CB1 {'rot': 0.01898}
  t=  31.00  cb_failure         L23-CB3 {'rot': 0.01899}
  t=  31.00  cb_yield           L31-CB1 {'rot': 0.00484}
  t=  31.00  cb_yield           L31-CB3 {'rot': 0.00485}
  t=  32.00  cb_yield           L32-CB1 {'rot': 0.00474}
  t=  32.00  cb_yield           L32-CB3 {'rot': 0.00474}
  step 32  solver fallback: Newton
  t=  33.00  cb_yield           L1-CB0 {'rot': 0.0042}
  t=  33.00  cb_yield           L1-CB2 {'rot': 0.00421}
  t=  33.00  cb_failure         L24-CB1 {'rot': 0.01879}
  t=  33.00  cb_failure         L24-CB3 {'rot': 0.01879}
  t=  33.00  cb_yield           L29-CB0 {'rot': 0.00489}
  t=  33.00  cb_yield           L29-CB2 {'rot': 0.0049}
  t=  33.00  cb_yield           L33-CB1 {'rot': 0.00502}
  t=  33.00  cb_yield           L33-CB3 {'rot': 0.00503}
  t=  34.00  cb_failure         L6-CB0 {'rot': 0.01844}
  t=  34.00  cb_failure         L6-CB2 {'rot': 0.01844}
  t=  34.00  cb_failure         L23-CB0 {'rot': 0.01904}
  t=  34.00  cb_failure         L23-CB2 {'rot': 0.01905}
  t=  35.00  cb_failure         L25-CB1 {'rot': 0.01864}
  t=  35.00  cb_failure         L25-CB3 {'rot': 0.01864}
  t=  36.00  cb_failure         L5-CB1 {'rot': 0.01817}
  t=  36.00  cb_failure         L5-CB3 {'rot': 0.01817}
  t=  36.00  cb_yield           L30-CB0 {'rot': 0.00481}
  t=  36.00  cb_yield           L30-CB2 {'rot': 0.00482}
  t=  37.00  cb_failure         L24-CB0 {'rot': 0.01918}
  t=  37.00  cb_failure         L24-CB2 {'rot': 0.01919}
  t=  37.00  cb_failure         L26-CB1 {'rot': 0.01861}
  t=  37.00  cb_failure         L26-CB3 {'rot': 0.01861}
  t=  38.00  cb_yield           L31-CB0 {'rot': 0.00467}
  t=  38.00  cb_yield           L31-CB2 {'rot': 0.00468}
  t=  39.00  cb_failure         L25-CB0 {'rot': 0.01888}
  t=  39.00  cb_failure         L25-CB2 {'rot': 0.01889}
  t=  39.00  cb_failure         L27-CB1 {'rot': 0.02006}
  t=  39.00  cb_failure         L27-CB3 {'rot': 0.02007}
  t=  39.00  cb_yield           L32-CB0 {'rot': 0.00614}
  t=  39.00  cb_yield           L32-CB2 {'rot': 0.00615}
  t=  39.00  cb_yield           L33-CB0 {'rot': 0.00579}
  t=  39.00  cb_yield           L33-CB2 {'rot': 0.0058}
  t=  40.00  cb_failure         L26-CB0 {'rot': 0.02227}
  t=  40.00  cb_failure         L26-CB2 {'rot': 0.02228}
  t=  40.00  cb_failure         L27-CB0 {'rot': 0.02147}
  t=  40.00  cb_failure         L27-CB2 {'rot': 0.02148}
  t=  40.00  cb_failure         L28-CB0 {'rot': 0.0207}
  t=  40.00  cb_failure         L28-CB1 {'rot': 0.02442}
  t=  40.00  cb_failure         L28-CB2 {'rot': 0.02071}
  t=  40.00  cb_failure         L28-CB3 {'rot': 0.02443}
  t=  40.00  cb_failure         L29-CB0 {'rot': 0.01995}
  t=  40.00  cb_failure         L29-CB1 {'rot': 0.02371}
  t=  40.00  cb_failure         L29-CB2 {'rot': 0.01996}
  t=  40.00  cb_failure         L29-CB3 {'rot': 0.02372}
  t=  40.00  cb_failure         L30-CB0 {'rot': 0.01927}
  t=  40.00  cb_failure         L30-CB1 {'rot': 0.02308}
  t=  40.00  cb_failure         L30-CB2 {'rot': 0.01928}
  t=  40.00  cb_failure         L30-CB3 {'rot': 0.02309}
  t=  40.00  cb_failure         L31-CB0 {'rot': 0.01874}
  t=  40.00  cb_failure         L31-CB1 {'rot': 0.02259}
  t=  40.00  cb_failure         L31-CB2 {'rot': 0.01875}
  t=  40.00  cb_failure         L31-CB3 {'rot': 0.0226}
  t=  40.00  cb_failure         L32-CB1 {'rot': 0.02226}
  t=  40.00  cb_failure         L32-CB3 {'rot': 0.02227}
  t=  40.00  cb_failure         L33-CB1 {'rot': 0.02215}
  t=  40.00  cb_failure         L33-CB3 {'rot': 0.02216}
  t=  41.00  cb_failure         L32-CB0 {'rot': 0.01905}
  t=  41.00  cb_failure         L32-CB2 {'rot': 0.01906}
  t=  41.00  cb_failure         L33-CB0 {'rot': 0.01893}
  t=  41.00  cb_failure         L33-CB2 {'rot': 0.01893}
  t=  47.00  cb_failure         L5-CB0 {'rot': 0.01814}
  t=  47.00  cb_failure         L5-CB2 {'rot': 0.01814}
  t=  51.00  cb_failure         L4-CB1 {'rot': 0.01815}
  t=  51.00  cb_failure         L4-CB3 {'rot': 0.01815}
  t=  54.00  cb_failure         L4-CB0 {'rot': 0.01813}
  t=  54.00  cb_failure         L4-CB2 {'rot': 0.01814}
  t=  62.00  cb_failure         L3-CB1 {'rot': 0.01811}
  t=  62.00  cb_failure         L3-CB3 {'rot': 0.01811}
  t=  67.00  cb_failure         L3-CB0 {'rot': 0.0183}
  t=  67.00  cb_failure         L3-CB2 {'rot': 0.0183}
  t=  84.00  cb_failure         L2-CB1 {'rot': 0.01823}
  t=  84.00  cb_failure         L2-CB3 {'rot': 0.01823}
  t=  90.00  cb_failure         L2-CB0 {'rot': 0.01818}
  t=  90.00  cb_failure         L2-CB2 {'rot': 0.01818}
  t= 141.00  cb_failure         L1-CB1 {'rot': 0.01815}
  t= 141.00  cb_failure         L1-CB3 {'rot': 0.01815}
  t= 168.00  cb_failure         L1-CB0 {'rot': 0.01812}
  t= 168.00  cb_failure         L1-CB2 {'rot': 0.01812}
  t= 196.00  punching           L21-col14 {'drift': np.float64(0.0246), 'vg_vc': 0.311, 'conn': 'column'}
  step 196  solver fallback: NewtonLineSearch
