  t=  10.00  cb_yield           L9-CB1 {'rot': 0.00497}
  t=  10.00  cb_yield           L9-CB3 {'rot': 0.00498}
  t=  10.00  cb_yield           L10-CB1 {'rot': 0.00508}
  t=  10.00  cb_yield           L10-CB3 {'rot': 0.00509}
  t=  10.00  cb_yield           L11-CB1 {'rot': 0.00516}
  t=  10.00  cb_yield           L11-CB3 {'rot': 0.00516}
  t=  10.00  cb_yield           L12-CB1 {'rot': 0.00521}
  t=  10.00  cb_yield           L12-CB3 {'rot': 0.00521}
  t=  10.00  cb_yield           L13-CB1 {'rot': 0.00523}
  t=  10.00  cb_yield           L13-CB3 {'rot': 0.00523}
  t=  10.00  cb_yield           L14-CB1 {'rot': 0.00522}
  t=  10.00  cb_yield           L14-CB3 {'rot': 0.00523}
  t=  10.00  cb_yield           L15-CB1 {'rot': 0.00519}
  t=  10.00  cb_yield           L15-CB3 {'rot': 0.0052}
  t=  10.00  cb_yield           L16-CB1 {'rot': 0.00515}
  t=  10.00  cb_yield           L16-CB3 {'rot': 0.00515}
  t=  11.00  cb_yield           L7-CB1 {'rot': 0.00515}
  t=  11.00  cb_yield           L7-CB3 {'rot': 0.00515}
  t=  11.00  cb_yield           L8-CB0 {'rot': 0.00497}
  t=  11.00  cb_yield           L8-CB1 {'rot': 0.0054}
  t=  11.00  cb_yield           L8-CB2 {'rot': 0.00497}
  t=  11.00  cb_yield           L8-CB3 {'rot': 0.00541}
  t=  11.00  cb_yield           L9-CB0 {'rot': 0.00512}
  t=  11.00  cb_yield           L9-CB2 {'rot': 0.00512}
  t=  11.00  cb_yield           L10-CB0 {'rot': 0.00521}
  t=  11.00  cb_yield           L10-CB2 {'rot': 0.00522}
  t=  11.00  cb_yield           L11-CB0 {'rot': 0.00527}
  t=  11.00  cb_yield           L11-CB2 {'rot': 0.00528}
  t=  11.00  cb_yield           L12-CB0 {'rot': 0.00529}
  t=  11.00  cb_yield           L12-CB2 {'rot': 0.0053}
  t=  11.00  cb_yield           L13-CB0 {'rot': 0.00528}
  t=  11.00  cb_yield           L13-CB2 {'rot': 0.00528}
  t=  11.00  cb_yield           L14-CB0 {'rot': 0.00523}
  t=  11.00  cb_yield           L14-CB2 {'rot': 0.00523}
  t=  11.00  cb_yield           L15-CB0 {'rot': 0.00515}
  t=  11.00  cb_yield           L15-CB2 {'rot': 0.00516}
  t=  11.00  cb_yield           L16-CB0 {'rot': 0.00505}
  t=  11.00  cb_yield           L16-CB2 {'rot': 0.00506}
  t=  11.00  cb_yield           L17-CB1 {'rot': 0.00565}
  t=  11.00  cb_yield           L17-CB3 {'rot': 0.00566}
  t=  11.00  cb_yield           L18-CB1 {'rot': 0.00551}
  t=  11.00  cb_yield           L18-CB3 {'rot': 0.00552}
  t=  12.00  cb_yield           L6-CB0 {'rot': 0.00498}
  t=  12.00  cb_yield           L6-CB1 {'rot': 0.00537}
  t=  12.00  cb_yield           L6-CB2 {'rot': 0.00498}
  t=  12.00  cb_yield           L6-CB3 {'rot': 0.00538}
  t=  12.00  cb_yield           L7-CB0 {'rot': 0.00532}
  t=  12.00  cb_yield           L7-CB2 {'rot': 0.00532}
  t=  12.00  cb_yield           L17-CB0 {'rot': 0.00549}
  t=  12.00  cb_yield           L17-CB2 {'rot': 0.00549}
  t=  12.00  cb_yield           L19-CB1 {'rot': 0.00589}
  t=  12.00  cb_yield           L19-CB3 {'rot': 0.0059}
  t=  12.00  cb_yield           L20-CB1 {'rot': 0.00565}
  t=  12.00  cb_yield           L20-CB3 {'rot': 0.00565}
  t=  13.00  cb_yield           L5-CB0 {'rot': 0.00502}
  t=  13.00  cb_yield           L5-CB1 {'rot': 0.0054}
  t=  13.00  cb_yield           L5-CB2 {'rot': 0.00502}
  t=  13.00  cb_yield           L5-CB3 {'rot': 0.0054}
  t=  13.00  cb_yield           L18-CB0 {'rot': 0.00583}
  t=  13.00  cb_yield           L18-CB2 {'rot': 0.00584}
  t=  13.00  cb_yield           L19-CB0 {'rot': 0.00553}
  t=  13.00  cb_yield           L19-CB2 {'rot': 0.00553}
  t=  13.00  cb_yield           L21-CB1 {'rot': 0.00587}
  t=  13.00  cb_yield           L21-CB3 {'rot': 0.00588}
  t=  13.00  cb_yield           L22-CB1 {'rot': 0.00554}
  t=  13.00  cb_yield           L22-CB3 {'rot': 0.00555}
  t=  14.00  cb_yield           L4-CB1 {'rot': 0.00518}
  t=  14.00  cb_yield           L4-CB3 {'rot': 0.00518}
  t=  14.00  cb_yield           L20-CB0 {'rot': 0.00571}
  t=  14.00  cb_yield           L20-CB2 {'rot': 0.00572}
  t=  14.00  cb_yield           L23-CB1 {'rot': 0.00561}
  t=  14.00  cb_yield           L23-CB3 {'rot': 0.00562}
  t=  15.00  cb_yield           L4-CB0 {'rot': 0.00523}
  t=  15.00  cb_yield           L4-CB2 {'rot': 0.00524}
  t=  15.00  cb_yield           L21-CB0 {'rot': 0.00579}
  t=  15.00  cb_yield           L21-CB2 {'rot': 0.0058}
  t=  15.00  cb_yield           L24-CB1 {'rot': 0.0056}
  t=  15.00  cb_yield           L24-CB3 {'rot': 0.00561}
  t=  16.00  cb_yield           L3-CB1 {'rot': 0.00507}
  t=  16.00  cb_yield           L3-CB3 {'rot': 0.00507}
  t=  16.00  cb_yield           L22-CB0 {'rot': 0.00572}
  t=  16.00  cb_yield           L22-CB2 {'rot': 0.00573}
  t=  16.00  cb_yield           L25-CB1 {'rot': 0.00555}
  t=  16.00  cb_yield           L25-CB3 {'rot': 0.00555}
  t=  17.00  cb_yield           L3-CB0 {'rot': 0.00498}
  t=  17.00  cb_yield           L3-CB2 {'rot': 0.00498}
  t=  17.00  cb_yield           L23-CB0 {'rot': 0.00554}
  t=  17.00  cb_yield           L23-CB2 {'rot': 0.00555}
  t=  18.00  cb_yield           L26-CB1 {'rot': 0.00564}
  t=  18.00  cb_yield           L26-CB3 {'rot': 0.00565}
  t=  19.00  cb_yield           L24-CB0 {'rot': 0.00551}
  t=  19.00  cb_yield           L24-CB2 {'rot': 0.00551}
  t=  20.00  cb_yield           L27-CB1 {'rot': 0.00551}
  t=  20.00  cb_yield           L27-CB3 {'rot': 0.00552}
  t=  21.00  cb_yield           L2-CB1 {'rot': 0.00505}
  t=  21.00  cb_yield           L2-CB3 {'rot': 0.00505}
  t=  22.00  cb_failure         L19-CB1 {'rot': 0.01976}
  t=  23.00  cb_failure         L12-CB1 {'rot': 0.01936}
  t=  23.00  cb_failure         L12-CB3 {'rot': 0.01937}
  t=  23.00  cb_failure         L13-CB1 {'rot': 0.01967}
  t=  23.00  cb_failure         L13-CB3 {'rot': 0.01967}
  t=  23.00  cb_failure         L14-CB1 {'rot': 0.01975}
  t=  23.00  cb_failure         L14-CB3 {'rot': 0.01976}
  t=  23.00  cb_failure         L15-CB1 {'rot': 0.01964}
  t=  23.00  cb_failure         L15-CB3 {'rot': 0.01965}
  t=  23.00  cb_failure         L16-CB1 {'rot': 0.01933}
  t=  23.00  cb_failure         L16-CB3 {'rot': 0.01934}
  t=  23.00  cb_yield           L25-CB0 {'rot': 0.00577}
  t=  23.00  cb_yield           L25-CB2 {'rot': 0.00577}
  t=  24.00  cb_yield           L2-CB0 {'rot': 0.005}
  t=  24.00  cb_yield           L2-CB2 {'rot': 0.005}
  t=  24.00  cb_failure         L10-CB1 {'rot': 0.01912}
  t=  24.00  cb_failure         L10-CB3 {'rot': 0.01912}
  t=  24.00  cb_failure         L11-CB1 {'rot': 0.01985}
  t=  24.00  cb_failure         L11-CB3 {'rot': 0.01986}
  t=  24.00  cb_failure         L17-CB1 {'rot': 0.01992}
  t=  24.00  cb_failure         L17-CB3 {'rot': 0.01992}
  t=  24.00  cb_yield           L28-CB1 {'rot': 0.0056}
  t=  24.00  cb_yield           L28-CB3 {'rot': 0.00561}
  t=  25.00  cb_failure         L9-CB1 {'rot': 0.01901}
  t=  25.00  cb_failure         L9-CB3 {'rot': 0.01901}
  t=  25.00  cb_failure         L11-CB2 {'rot': 0.01893}
  t=  25.00  cb_failure         L12-CB0 {'rot': 0.01938}
  t=  25.00  cb_failure         L12-CB2 {'rot': 0.01938}
  t=  25.00  cb_failure         L13-CB0 {'rot': 0.01966}
  t=  25.00  cb_failure         L13-CB2 {'rot': 0.01966}
  t=  25.00  cb_failure         L14-CB0 {'rot': 0.01973}
  t=  25.00  cb_failure         L14-CB2 {'rot': 0.01973}
  t=  25.00  cb_failure         L15-CB0 {'rot': 0.01961}
  t=  25.00  cb_failure         L15-CB2 {'rot': 0.01962}
  t=  25.00  cb_failure         L16-CB0 {'rot': 0.01931}
  t=  25.00  cb_failure         L16-CB2 {'rot': 0.01931}
  t=  25.00  cb_failure         L18-CB1 {'rot': 0.02023}
  t=  25.00  cb_failure         L18-CB3 {'rot': 0.02024}
  t=  26.00  cb_failure         L10-CB0 {'rot': 0.01903}
  t=  26.00  cb_failure         L10-CB2 {'rot': 0.01903}
  t=  26.00  cb_failure         L11-CB0 {'rot': 0.0197}
  t=  26.00  cb_failure         L17-CB0 {'rot': 0.01966}
  t=  26.00  cb_failure         L17-CB2 {'rot': 0.01967}
  t=  26.00  cb_failure         L19-CB3 {'rot': 0.02029}
  t=  26.00  cb_yield           L26-CB0 {'rot': 0.00585}
  t=  26.00  cb_yield           L26-CB2 {'rot': 0.00586}
  t=  27.00  cb_failure         L8-CB1 {'rot': 0.01926}
  t=  27.00  cb_failure         L8-CB3 {'rot': 0.01927}
  t=  27.00  cb_failure         L18-CB0 {'rot': 0.01982}
  t=  27.00  cb_failure         L18-CB2 {'rot': 0.01982}
  t=  27.00  cb_failure         L20-CB1 {'rot': 0.02005}
  t=  27.00  cb_failure         L20-CB3 {'rot': 0.02005}
  t=  27.00  cb_yield           L29-CB1 {'rot': 0.00552}
  t=  27.00  cb_yield           L29-CB3 {'rot': 0.00553}
  t=  28.00  cb_failure         L9-CB0 {'rot': 0.01953}
  t=  28.00  cb_failure         L9-CB2 {'rot': 0.01953}
  t=  28.00  cb_failure         L19-CB0 {'rot': 0.01973}
  t=  28.00  cb_failure         L19-CB2 {'rot': 0.01974}
  t=  28.00  cb_failure         L21-CB1 {'rot': 0.01954}
  t=  28.00  cb_failure         L21-CB3 {'rot': 0.01955}
  t=  28.00  cb_failure         L23-CB1 {'rot': 0.01989}
  t=  28.00  cb_failure         L23-CB3 {'rot': 0.01989}
  step 28  solver fallback: Newton
  t=  29.00  cb_failure         L7-CB1 {'rot': 0.01899}
  t=  29.00  cb_failure         L7-CB3 {'rot': 0.01899}
  t=  29.00  cb_failure         L8-CB0 {'rot': 0.01901}
  t=  29.00  cb_failure         L8-CB2 {'rot': 0.01901}
  t=  29.00  cb_failure         L20-CB0 {'rot': 0.01948}
  t=  29.00  cb_failure         L20-CB2 {'rot': 0.01948}
  t=  29.00  cb_yield           L27-CB0 {'rot': 0.00586}
  t=  29.00  cb_yield           L27-CB2 {'rot': 0.00587}
  t=  30.00  cb_failure         L22-CB1 {'rot': 0.01971}
  t=  30.00  cb_failure         L22-CB3 {'rot': 0.01971}
  t=  30.00  cb_failure         L24-CB1 {'rot': 0.01993}
  t=  30.00  cb_failure         L24-CB3 {'rot': 0.01993}
  t=  30.00  cb_yield           L30-CB1 {'rot': 0.00571}
  t=  30.00  cb_yield           L30-CB3 {'rot': 0.00572}
  t=  31.00  cb_failure         L21-CB0 {'rot': 0.01962}
  t=  31.00  cb_failure         L21-CB2 {'rot': 0.01962}
  t=  32.00  cb_failure         L6-CB1 {'rot': 0.01894}
  t=  32.00  cb_failure         L6-CB3 {'rot': 0.01894}
  t=  32.00  cb_failure         L7-CB0 {'rot': 0.01932}
  t=  32.00  cb_failure         L7-CB2 {'rot': 0.01932}
  t=  32.00  cb_failure         L25-CB1 {'rot': 0.01987}
  t=  32.00  cb_failure         L25-CB3 {'rot': 0.01988}
  t=  32.00  cb_yield           L28-CB0 {'rot': 0.00567}
  t=  32.00  cb_yield           L28-CB2 {'rot': 0.00568}
  t=  32.00  cb_yield           L31-CB1 {'rot': 0.00565}
  t=  32.00  cb_yield           L31-CB3 {'rot': 0.00566}
  t=  33.00  cb_failure         L22-CB0 {'rot': 0.0195}
  t=  33.00  cb_failure         L22-CB2 {'rot': 0.01951}
  t=  33.00  cb_yield           L32-CB1 {'rot': 0.00567}
  t=  33.00  cb_yield           L32-CB3 {'rot': 0.00568}
  t=  34.00  cb_failure         L26-CB1 {'rot': 0.01975}
  t=  34.00  cb_failure         L26-CB3 {'rot': 0.01976}
  t=  35.00  cb_yield           L29-CB0 {'rot': 0.00556}
  t=  35.00  cb_yield           L29-CB2 {'rot': 0.00557}
  t=  35.00  cb_yield           L33-CB1 {'rot': 0.00572}
  t=  35.00  cb_yield           L33-CB3 {'rot': 0.00574}
  t=  36.00  cb_yield           L1-CB1 {'rot': 0.00502}
  t=  36.00  cb_yield           L1-CB3 {'rot': 0.00502}
  t=  36.00  cb_failure         L6-CB0 {'rot': 0.0191}
  t=  36.00  cb_failure         L6-CB2 {'rot': 0.0191}
  t=  36.00  cb_failure         L23-CB0 {'rot': 0.0198}
  t=  36.00  cb_failure         L23-CB2 {'rot': 0.01981}
  t=  36.00  cb_failure         L25-CB2 {'rot': 0.01977}
  t=  36.00  cb_failure         L27-CB1 {'rot': 0.01957}
  t=  36.00  cb_failure         L27-CB3 {'rot': 0.01959}
  t=  38.00  cb_failure         L5-CB1 {'rot': 0.01909}
  t=  38.00  cb_failure         L5-CB3 {'rot': 0.01909}
  t=  38.00  cb_yield           L30-CB0 {'rot': 0.00551}
  t=  38.00  cb_yield           L30-CB2 {'rot': 0.00551}
  t=  39.00  cb_failure         L24-CB0 {'rot': 0.01985}
  t=  39.00  cb_failure         L24-CB2 {'rot': 0.01985}
  t=  39.00  cb_failure         L26-CB2 {'rot': 0.01977}
  t=  39.00  cb_failure         L28-CB1 {'rot': 0.0199}
  t=  39.00  cb_failure         L28-CB3 {'rot': 0.0199}
  t=  40.00  cb_failure         L29-CB1 {'rot': 0.01985}
  t=  40.00  cb_failure         L29-CB3 {'rot': 0.01985}
  t=  40.00  cb_failure         L30-CB1 {'rot': 0.01952}
  t=  40.00  cb_failure         L30-CB3 {'rot': 0.01953}
  t=  40.00  cb_yield           L31-CB0 {'rot': 0.00612}
  t=  40.00  cb_yield           L31-CB2 {'rot': 0.00613}
  t=  41.00  cb_failure         L25-CB0 {'rot': 0.01986}
  t=  41.00  cb_failure         L27-CB0 {'rot': 0.01971}
  t=  41.00  cb_yield           L32-CB0 {'rot': 0.0084}
  t=  41.00  cb_failure         L32-CB1 {'rot': 0.01966}
  t=  41.00  cb_yield           L32-CB2 {'rot': 0.00841}
  t=  41.00  cb_failure         L32-CB3 {'rot': 0.01965}
  t=  41.00  cb_yield           L33-CB0 {'rot': 0.00807}
  t=  41.00  cb_failure         L33-CB1 {'rot': 0.02005}
  t=  41.00  cb_yield           L33-CB2 {'rot': 0.00808}
  t=  41.00  cb_failure         L33-CB3 {'rot': 0.02005}
  step 41  solver fallback: 10 sub-steps, tol 1e-05
  t=  42.00  cb_failure         L26-CB0 {'rot': 0.02302}
  t=  42.00  cb_failure         L27-CB2 {'rot': 0.02216}
  t=  42.00  cb_failure         L28-CB0 {'rot': 0.02131}
  t=  42.00  cb_failure         L28-CB2 {'rot': 0.02132}
  t=  42.00  cb_failure         L29-CB0 {'rot': 0.0205}
  t=  42.00  cb_failure         L29-CB2 {'rot': 0.02051}
  t=  42.00  cb_failure         L30-CB0 {'rot': 0.01976}
  t=  42.00  cb_failure         L30-CB2 {'rot': 0.01977}
  t=  42.00  cb_failure         L31-CB1 {'rot': 0.02403}
  t=  42.00  cb_failure         L31-CB3 {'rot': 0.02404}
  t=  43.00  cb_failure         L31-CB0 {'rot': 0.02003}
  t=  43.00  cb_failure         L31-CB2 {'rot': 0.02004}
  t=  43.00  cb_failure         L32-CB0 {'rot': 0.01965}
  t=  43.00  cb_failure         L32-CB2 {'rot': 0.01966}
  t=  43.00  cb_failure         L33-CB0 {'rot': 0.01952}
  t=  43.00  cb_failure         L33-CB2 {'rot': 0.01953}
  t=  49.00  cb_yield           L1-CB0 {'rot': 0.00502}
  t=  49.00  cb_yield           L1-CB2 {'rot': 0.00502}
  t=  49.00  cb_failure         L5-CB0 {'rot': 0.01894}
  t=  49.00  cb_failure         L5-CB2 {'rot': 0.01894}
  t=  53.00  cb_failure         L4-CB1 {'rot': 0.01901}
  t=  53.00  cb_failure         L4-CB3 {'rot': 0.01901}
  t=  57.00  cb_failure         L4-CB0 {'rot': 0.01917}
  t=  57.00  cb_failure         L4-CB2 {'rot': 0.01918}
  t=  65.00  cb_failure         L3-CB1 {'rot': 0.01915}
  t=  65.00  cb_failure         L3-CB3 {'rot': 0.01915}
  t=  70.00  cb_failure         L3-CB0 {'rot': 0.01912}
  t=  70.00  cb_failure         L3-CB2 {'rot': 0.01913}
  t=  86.00  cb_failure         L2-CB1 {'rot': 0.01893}
  t=  86.00  cb_failure         L2-CB3 {'rot': 0.01893}
  t=  93.00  cb_failure         L2-CB0 {'rot': 0.01894}
  t=  93.00  cb_failure         L2-CB2 {'rot': 0.01894}
  t= 141.00  cb_failure         L1-CB1 {'rot': 0.01895}
  t= 141.00  cb_failure         L1-CB3 {'rot': 0.01895}
  t= 172.00  cb_failure         L1-CB0 {'rot': 0.01894}
  t= 172.00  cb_failure         L1-CB2 {'rot': 0.01894}
