  t=   8.00  cb_yield           L13-CB1 {'rot': 0.00493}
  t=   8.00  cb_yield           L13-CB3 {'rot': 0.00493}
  t=   8.00  cb_yield           L14-CB1 {'rot': 0.00493}
  t=   8.00  cb_yield           L14-CB3 {'rot': 0.00493}
  t=   8.00  cb_yield           L15-CB1 {'rot': 0.00492}
  t=   8.00  cb_yield           L15-CB3 {'rot': 0.00493}
  t=   9.00  cb_yield           L7-CB1 {'rot': 0.00501}
  t=   9.00  cb_yield           L7-CB3 {'rot': 0.00502}
  t=   9.00  cb_yield           L8-CB1 {'rot': 0.00519}
  t=   9.00  cb_yield           L8-CB3 {'rot': 0.00519}
  t=   9.00  cb_yield           L9-CB1 {'rot': 0.00533}
  t=   9.00  cb_yield           L9-CB3 {'rot': 0.00533}
  t=   9.00  cb_yield           L10-CB1 {'rot': 0.00543}
  t=   9.00  cb_yield           L10-CB3 {'rot': 0.00543}
  t=   9.00  cb_yield           L11-CB1 {'rot': 0.0055}
  t=   9.00  cb_yield           L11-CB3 {'rot': 0.0055}
  t=   9.00  cb_yield           L12-CB1 {'rot': 0.00555}
  t=   9.00  cb_yield           L12-CB3 {'rot': 0.00555}
  t=   9.00  cb_yield           L16-CB1 {'rot': 0.00552}
  t=   9.00  cb_yield           L16-CB3 {'rot': 0.00552}
  t=   9.00  cb_yield           L17-CB1 {'rot': 0.00545}
  t=   9.00  cb_yield           L17-CB3 {'rot': 0.00545}
  t=  10.00  cb_yield           L5-CB1 {'rot': 0.00499}
  t=  10.00  cb_yield           L5-CB3 {'rot': 0.00499}
  t=  10.00  cb_yield           L6-CB1 {'rot': 0.00536}
  t=  10.00  cb_yield           L6-CB3 {'rot': 0.00536}
  t=  10.00  cb_yield           L18-CB1 {'rot': 0.006}
  t=  10.00  cb_yield           L18-CB3 {'rot': 0.006}
  t=  10.00  cb_yield           L19-CB1 {'rot': 0.00586}
  t=  10.00  cb_yield           L19-CB3 {'rot': 0.00586}
  t=  10.00  cb_yield           L20-CB1 {'rot': 0.0057}
  t=  10.00  cb_yield           L20-CB3 {'rot': 0.0057}
  t=  10.00  cb_yield           L21-CB1 {'rot': 0.00553}
  t=  10.00  cb_yield           L21-CB3 {'rot': 0.00553}
  t=  11.00  cb_yield           L4-CB1 {'rot': 0.00499}
  t=  11.00  cb_yield           L4-CB3 {'rot': 0.005}
  t=  11.00  cb_yield           L6-CB0 {'rot': 0.00496}
  t=  11.00  cb_yield           L6-CB2 {'rot': 0.00496}
  t=  11.00  cb_yield           L7-CB0 {'rot': 0.00515}
  t=  11.00  cb_yield           L7-CB2 {'rot': 0.00515}
  t=  11.00  cb_yield           L8-CB0 {'rot': 0.00527}
  t=  11.00  cb_yield           L8-CB2 {'rot': 0.00527}
  t=  11.00  cb_yield           L9-CB0 {'rot': 0.00533}
  t=  11.00  cb_yield           L9-CB2 {'rot': 0.00533}
  t=  11.00  cb_yield           L10-CB0 {'rot': 0.00534}
  t=  11.00  cb_yield           L10-CB2 {'rot': 0.00534}
  t=  11.00  cb_yield           L11-CB0 {'rot': 0.00531}
  t=  11.00  cb_yield           L11-CB2 {'rot': 0.00532}
  t=  11.00  cb_yield           L12-CB0 {'rot': 0.00528}
  t=  11.00  cb_yield           L12-CB2 {'rot': 0.00528}
  t=  11.00  cb_yield           L13-CB0 {'rot': 0.00521}
  t=  11.00  cb_yield           L13-CB2 {'rot': 0.00521}
  t=  11.00  cb_yield           L14-CB0 {'rot': 0.00511}
  t=  11.00  cb_yield           L14-CB2 {'rot': 0.00511}
  t=  11.00  cb_yield           L15-CB0 {'rot': 0.005}
  t=  11.00  cb_yield           L15-CB2 {'rot': 0.005}
  t=  11.00  cb_yield           L22-CB1 {'rot': 0.00585}
  t=  11.00  cb_yield           L22-CB3 {'rot': 0.00586}
  t=  11.00  cb_yield           L23-CB1 {'rot': 0.00559}
  t=  11.00  cb_yield           L23-CB3 {'rot': 0.00559}
  t=  12.00  cb_yield           L5-CB0 {'rot': 0.00515}
  t=  12.00  cb_yield           L5-CB2 {'rot': 0.00515}
  t=  12.00  cb_yield           L16-CB0 {'rot': 0.00539}
  t=  12.00  cb_yield           L16-CB2 {'rot': 0.00539}
  t=  12.00  cb_yield           L24-CB1 {'rot': 0.00576}
  t=  12.00  cb_yield           L24-CB3 {'rot': 0.00576}
  t=  13.00  cb_yield           L3-CB1 {'rot': 0.00514}
  t=  13.00  cb_yield           L3-CB3 {'rot': 0.00514}
  t=  13.00  cb_yield           L4-CB0 {'rot': 0.00513}
  t=  13.00  cb_yield           L4-CB2 {'rot': 0.00513}
  t=  13.00  cb_yield           L17-CB0 {'rot': 0.00566}
  t=  13.00  cb_yield           L17-CB2 {'rot': 0.00566}
  t=  13.00  cb_yield           L25-CB1 {'rot': 0.00586}
  t=  13.00  cb_yield           L25-CB3 {'rot': 0.00586}
  t=  13.00  cb_yield           L26-CB1 {'rot': 0.00548}
  t=  13.00  cb_yield           L26-CB3 {'rot': 0.00548}
  t=  14.00  cb_yield           L18-CB0 {'rot': 0.00585}
  t=  14.00  cb_yield           L18-CB2 {'rot': 0.00585}
  t=  14.00  cb_yield           L19-CB0 {'rot': 0.00552}
  t=  14.00  cb_yield           L19-CB2 {'rot': 0.00552}
  t=  14.00  cb_yield           L27-CB1 {'rot': 0.0055}
  t=  14.00  cb_yield           L27-CB3 {'rot': 0.0055}
  t=  15.00  cb_yield           L3-CB0 {'rot': 0.00514}
  t=  15.00  cb_yield           L3-CB2 {'rot': 0.00515}
  t=  15.00  cb_yield           L20-CB0 {'rot': 0.00555}
  t=  15.00  cb_yield           L20-CB2 {'rot': 0.00555}
  t=  15.00  cb_yield           L28-CB1 {'rot': 0.00552}
  t=  15.00  cb_yield           L28-CB3 {'rot': 0.00552}
  t=  16.00  cb_yield           L2-CB1 {'rot': 0.0052}
  t=  16.00  cb_yield           L2-CB3 {'rot': 0.0052}
  t=  16.00  cb_yield           L21-CB0 {'rot': 0.00549}
  t=  16.00  cb_yield           L21-CB2 {'rot': 0.00549}
  t=  16.00  cb_yield           L29-CB1 {'rot': 0.00556}
  t=  16.00  cb_yield           L29-CB3 {'rot': 0.00556}
  t=  17.00  cb_yield           L30-CB1 {'rot': 0.00563}
  t=  17.00  cb_yield           L30-CB3 {'rot': 0.00563}
  t=  18.00  cb_yield           L22-CB0 {'rot': 0.00565}
  t=  18.00  cb_yield           L22-CB2 {'rot': 0.00565}
  t=  18.00  cb_yield           L31-CB1 {'rot': 0.00578}
  t=  18.00  cb_yield           L31-CB3 {'rot': 0.00578}
  t=  19.00  cb_yield           L2-CB0 {'rot': 0.00513}
  t=  19.00  cb_yield           L2-CB2 {'rot': 0.00513}
  t=  19.00  cb_yield           L32-CB1 {'rot': 0.00613}
  t=  19.00  cb_yield           L32-CB3 {'rot': 0.00613}
  t=  20.00  cb_yield           L23-CB0 {'rot': 0.00564}
  t=  20.00  cb_yield           L23-CB2 {'rot': 0.00565}
  t=  20.00  cb_yield           L33-CB1 {'rot': 0.00552}
  t=  20.00  cb_yield           L33-CB3 {'rot': 0.00552}
  t=  21.00  cb_failure         L21-CB1 {'rot': 0.01974}
  t=  21.00  cb_failure         L21-CB3 {'rot': 0.01974}
  t=  22.00  cb_yield           L1-CB1 {'rot': 0.00493}
  t=  22.00  cb_yield           L1-CB3 {'rot': 0.00493}
  t=  22.00  cb_failure         L13-CB1 {'rot': 0.01896}
  t=  22.00  cb_failure         L13-CB3 {'rot': 0.01896}
  t=  22.00  cb_failure         L14-CB1 {'rot': 0.01909}
  t=  22.00  cb_failure         L14-CB3 {'rot': 0.01909}
  t=  22.00  cb_failure         L15-CB1 {'rot': 0.01909}
  t=  22.00  cb_failure         L15-CB3 {'rot': 0.01909}
  t=  22.00  cb_failure         L16-CB1 {'rot': 0.01898}
  t=  22.00  cb_failure         L16-CB3 {'rot': 0.01899}
  step 22  solver fallback: Newton
  t=  23.00  cb_failure         L11-CB1 {'rot': 0.01929}
  t=  23.00  cb_failure         L11-CB3 {'rot': 0.01929}
  t=  23.00  cb_failure         L12-CB1 {'rot': 0.01976}
  t=  23.00  cb_failure         L12-CB3 {'rot': 0.01976}
  t=  23.00  cb_failure         L17-CB1 {'rot': 0.02025}
  t=  23.00  cb_failure         L17-CB3 {'rot': 0.02025}
  t=  23.00  cb_failure         L18-CB1 {'rot': 0.02003}
  t=  23.00  cb_failure         L18-CB3 {'rot': 0.02003}
  t=  23.00  cb_failure         L19-CB1 {'rot': 0.01974}
  t=  23.00  cb_failure         L19-CB3 {'rot': 0.01974}
  t=  23.00  cb_failure         L20-CB1 {'rot': 0.01946}
  t=  23.00  cb_failure         L20-CB3 {'rot': 0.01946}
  t=  23.00  cb_yield           L24-CB2 {'rot': 0.00544}
  t=  24.00  cb_failure         L9-CB1 {'rot': 0.01892}
  t=  24.00  cb_failure         L9-CB3 {'rot': 0.01892}
  t=  24.00  cb_failure         L10-CB1 {'rot': 0.0196}
  t=  24.00  cb_failure         L10-CB3 {'rot': 0.0196}
  t=  24.00  cb_failure         L22-CB1 {'rot': 0.02002}
  t=  24.00  cb_failure         L22-CB3 {'rot': 0.02002}
  t=  24.00  cb_failure         L23-CB1 {'rot': 0.01954}
  t=  24.00  cb_failure         L23-CB3 {'rot': 0.01954}
  t=  24.00  cb_yield           L24-CB0 {'rot': 0.00554}
  t=  24.00  cb_failure         L24-CB1 {'rot': 0.01944}
  t=  24.00  cb_failure         L24-CB3 {'rot': 0.01944}
  t=  24.00  cb_failure         L29-CB1 {'rot': 0.01972}
  t=  24.00  cb_failure         L29-CB3 {'rot': 0.01972}
  t=  24.00  cb_failure         L32-CB1 {'rot': 0.01954}
  t=  24.00  cb_failure         L32-CB3 {'rot': 0.01954}
  t=  25.00  cb_failure         L8-CB1 {'rot': 0.01891}
  t=  25.00  cb_failure         L8-CB3 {'rot': 0.01891}
  t=  25.00  cb_failure         L25-CB1 {'rot': 0.01962}
  t=  25.00  cb_failure         L25-CB3 {'rot': 0.01963}
  t=  25.00  cb_failure         L26-CB1 {'rot': 0.01962}
  t=  25.00  cb_failure         L26-CB3 {'rot': 0.01962}
  t=  25.00  cb_failure         L33-CB1 {'rot': 0.01982}
  t=  25.00  cb_failure         L33-CB3 {'rot': 0.01982}
  t=  26.00  cb_failure         L27-CB1 {'rot': 0.01947}
  t=  26.00  cb_failure         L27-CB3 {'rot': 0.01947}
  t=  27.00  cb_failure         L7-CB1 {'rot': 0.01933}
  t=  27.00  cb_failure         L7-CB3 {'rot': 0.01933}
  t=  27.00  cb_yield           L25-CB0 {'rot': 0.0055}
  t=  27.00  cb_yield           L25-CB2 {'rot': 0.0055}
  t=  27.00  cb_failure         L28-CB1 {'rot': 0.01975}
  t=  27.00  cb_failure         L28-CB3 {'rot': 0.01975}
  t=  27.00  cb_failure         L30-CB1 {'rot': 0.01944}
  t=  27.00  cb_failure         L30-CB3 {'rot': 0.01944}
  t=  28.00  cb_failure         L31-CB1 {'rot': 0.0197}
  t=  28.00  cb_failure         L31-CB3 {'rot': 0.0197}
  t=  29.00  cb_yield           L1-CB0 {'rot': 0.0051}
  t=  29.00  cb_yield           L1-CB2 {'rot': 0.0051}
  t=  29.00  cb_failure         L6-CB1 {'rot': 0.01947}
  t=  29.00  cb_failure         L6-CB3 {'rot': 0.01947}
  t=  30.00  cb_yield           L26-CB0 {'rot': 0.00567}
  t=  30.00  cb_yield           L26-CB2 {'rot': 0.00567}
  t=  31.00  cb_failure         L5-CB1 {'rot': 0.0191}
  t=  31.00  cb_failure         L5-CB3 {'rot': 0.0191}
  t=  32.00  cb_yield           L27-CB0 {'rot': 0.00554}
  t=  32.00  cb_yield           L27-CB2 {'rot': 0.00554}
  t=  33.00  cb_failure         L18-CB0 {'rot': 0.01974}
  t=  33.00  cb_failure         L18-CB2 {'rot': 0.01974}
  t=  34.00  cb_failure         L10-CB0 {'rot': 0.01898}
  t=  34.00  cb_failure         L10-CB2 {'rot': 0.01898}
  t=  34.00  cb_failure         L11-CB0 {'rot': 0.01904}
  t=  34.00  cb_failure         L11-CB2 {'rot': 0.01904}
  t=  34.00  cb_failure         L12-CB0 {'rot': 0.01902}
  t=  34.00  cb_failure         L12-CB2 {'rot': 0.01902}
  t=  34.00  cb_failure         L13-CB0 {'rot': 0.01892}
  t=  34.00  cb_failure         L13-CB2 {'rot': 0.01892}
  t=  35.00  cb_failure         L4-CB1 {'rot': 0.01921}
  t=  35.00  cb_failure         L4-CB3 {'rot': 0.01921}
  t=  35.00  cb_failure         L8-CB0 {'rot': 0.01914}
  t=  35.00  cb_failure         L8-CB2 {'rot': 0.01914}
  t=  35.00  cb_failure         L9-CB0 {'rot': 0.01952}
  t=  35.00  cb_failure         L9-CB2 {'rot': 0.01952}
  t=  35.00  cb_failure         L14-CB0 {'rot': 0.01936}
  t=  35.00  cb_failure         L14-CB2 {'rot': 0.01936}
  t=  35.00  cb_failure         L15-CB0 {'rot': 0.01895}
  t=  35.00  cb_failure         L15-CB2 {'rot': 0.01895}
  t=  35.00  cb_yield           L28-CB0 {'rot': 0.00579}
  t=  35.00  cb_yield           L28-CB2 {'rot': 0.00579}
  t=  36.00  cb_failure         L7-CB0 {'rot': 0.01921}
  t=  36.00  cb_failure         L7-CB2 {'rot': 0.01921}
  t=  36.00  cb_failure         L16-CB0 {'rot': 0.01919}
  t=  36.00  cb_failure         L16-CB2 {'rot': 0.01919}
  t=  36.00  cb_failure         L21-CB0 {'rot': 0.01963}
  t=  36.00  cb_failure         L21-CB2 {'rot': 0.01963}
  t=  37.00  cb_failure         L6-CB0 {'rot': 0.01898}
  t=  37.00  cb_failure         L6-CB2 {'rot': 0.01898}
  t=  37.00  cb_yield           L29-CB0 {'rot': 0.00554}
  t=  37.00  cb_yield           L29-CB2 {'rot': 0.00554}
  t=  38.00  cb_failure         L17-CB0 {'rot': 0.01992}
  t=  38.00  cb_failure         L17-CB2 {'rot': 0.01992}
  t=  39.00  cb_failure         L5-CB0 {'rot': 0.01895}
  t=  39.00  cb_failure         L5-CB2 {'rot': 0.01895}
  t=  40.00  cb_failure         L3-CB1 {'rot': 0.01893}
  t=  40.00  cb_failure         L3-CB3 {'rot': 0.01893}
  t=  40.00  cb_failure         L19-CB0 {'rot': 0.01956}
  t=  40.00  cb_failure         L19-CB2 {'rot': 0.01956}
  t=  41.00  cb_yield           L30-CB0 {'rot': 0.0057}
  t=  41.00  cb_yield           L30-CB2 {'rot': 0.0057}
  t=  42.00  cb_failure         L4-CB0 {'rot': 0.01891}
  t=  42.00  cb_failure         L4-CB2 {'rot': 0.01891}
  t=  42.00  cb_failure         L20-CB0 {'rot': 0.01988}
  t=  42.00  cb_failure         L20-CB2 {'rot': 0.01988}
  t=  44.00  cb_yield           L31-CB0 {'rot': 0.00544}
  t=  44.00  cb_yield           L31-CB2 {'rot': 0.00544}
  t=  45.00  cb_failure         L25-CB0 {'rot': 0.0196}
  t=  45.00  cb_failure         L25-CB2 {'rot': 0.0196}
  t=  46.00  cb_failure         L22-CB0 {'rot': 0.0199}
  t=  46.00  cb_failure         L22-CB2 {'rot': 0.0199}
  t=  48.00  cb_failure         L3-CB0 {'rot': 0.01911}
  t=  48.00  cb_failure         L3-CB2 {'rot': 0.01912}
  t=  48.00  cb_failure         L23-CB0 {'rot': 0.01953}
  t=  48.00  cb_failure         L23-CB2 {'rot': 0.01953}
  t=  48.00  cb_yield           L32-CB0 {'rot': 0.00554}
  t=  48.00  cb_yield           L32-CB2 {'rot': 0.00554}
  t=  49.00  cb_failure         L2-CB1 {'rot': 0.01894}
  t=  49.00  cb_failure         L2-CB3 {'rot': 0.01894}
  t=  50.00  cb_yield           L33-CB0 {'rot': 0.00557}
  t=  50.00  cb_yield           L33-CB2 {'rot': 0.00557}
  t=  52.00  cb_failure         L24-CB0 {'rot': 0.01967}
  t=  52.00  cb_failure         L24-CB2 {'rot': 0.01967}
  t=  58.00  cb_failure         L2-CB0 {'rot': 0.01892}
  t=  58.00  cb_failure         L2-CB2 {'rot': 0.01892}
  t=  63.00  cb_failure         L26-CB0 {'rot': 0.01947}
  t=  63.00  cb_failure         L26-CB2 {'rot': 0.01947}
  t=  70.00  cb_failure         L1-CB1 {'rot': 0.01894}
  t=  70.00  cb_failure         L1-CB3 {'rot': 0.01894}
  t=  77.00  cb_failure         L27-CB0 {'rot': 0.01947}
  t=  77.00  cb_failure         L27-CB2 {'rot': 0.01947}
  t=  85.00  cb_failure         L1-CB0 {'rot': 0.01894}
  t=  85.00  cb_failure         L1-CB2 {'rot': 0.01894}
  step 85  solver fallback: NewtonLineSearch
  t=  90.00  wall_flexure_strength_loss S1-F {'rot_x': 0.0, 'rot_y': 0.00259}
  t= 104.00  wall_axial_failure S1-F {'rot_x': 0.0, 'b_x': 0.0052, 'rot_y': 0.00469, 'b_y': 0.0046, 'cause': 'flexure-compression (ASCE 41 b)'}
  step 104  solver fallback: 100 sub-steps, tol 0.0001
  step 105  solver fallback: 100 sub-steps, tol 0.0001
