  t=  11.00  cb_yield           L8-CB1 {'rot': 0.0061}
  t=  11.00  cb_yield           L8-CB3 {'rot': 0.0061}
  t=  11.00  cb_yield           L9-CB1 {'rot': 0.00624}
  t=  11.00  cb_yield           L9-CB3 {'rot': 0.00624}
  t=  11.00  cb_yield           L10-CB1 {'rot': 0.00633}
  t=  11.00  cb_yield           L10-CB3 {'rot': 0.00633}
  t=  11.00  cb_yield           L11-CB1 {'rot': 0.0064}
  t=  11.00  cb_yield           L11-CB3 {'rot': 0.0064}
  t=  11.00  cb_yield           L12-CB1 {'rot': 0.00645}
  t=  11.00  cb_yield           L12-CB3 {'rot': 0.00645}
  t=  11.00  cb_yield           L13-CB1 {'rot': 0.00647}
  t=  11.00  cb_yield           L13-CB3 {'rot': 0.00647}
  t=  11.00  cb_yield           L14-CB1 {'rot': 0.00646}
  t=  11.00  cb_yield           L14-CB3 {'rot': 0.00646}
  t=  11.00  cb_yield           L15-CB1 {'rot': 0.00643}
  t=  11.00  cb_yield           L15-CB3 {'rot': 0.00643}
  t=  11.00  cb_yield           L16-CB1 {'rot': 0.00638}
  t=  11.00  cb_yield           L16-CB3 {'rot': 0.00638}
  t=  12.00  cb_yield           L6-CB1 {'rot': 0.00622}
  t=  12.00  cb_yield           L6-CB3 {'rot': 0.00622}
  t=  12.00  cb_yield           L7-CB1 {'rot': 0.00652}
  t=  12.00  cb_yield           L7-CB3 {'rot': 0.00652}
  t=  12.00  cb_yield           L17-CB1 {'rot': 0.00692}
  t=  12.00  cb_yield           L17-CB3 {'rot': 0.00692}
  t=  12.00  cb_yield           L18-CB1 {'rot': 0.00678}
  t=  12.00  cb_yield           L18-CB3 {'rot': 0.00679}
  t=  12.00  cb_yield           L19-CB1 {'rot': 0.00662}
  t=  12.00  cb_yield           L19-CB3 {'rot': 0.00662}
  t=  13.00  cb_yield           L5-CB1 {'rot': 0.00637}
  t=  13.00  cb_yield           L5-CB3 {'rot': 0.00637}
  t=  13.00  cb_yield           L9-CB0 {'rot': 0.00612}
  t=  13.00  cb_yield           L9-CB2 {'rot': 0.00612}
  t=  13.00  cb_yield           L10-CB0 {'rot': 0.00612}
  t=  13.00  cb_yield           L10-CB2 {'rot': 0.00612}
  t=  13.00  cb_yield           L11-CB0 {'rot': 0.00609}
  t=  13.00  cb_yield           L11-CB2 {'rot': 0.00609}
  t=  13.00  cb_yield           L20-CB1 {'rot': 0.00704}
  t=  13.00  cb_yield           L20-CB3 {'rot': 0.00704}
  t=  13.00  cb_yield           L21-CB1 {'rot': 0.00679}
  t=  13.00  cb_yield           L21-CB3 {'rot': 0.00679}
  t=  14.00  cb_yield           L4-CB1 {'rot': 0.00628}
  t=  14.00  cb_yield           L4-CB3 {'rot': 0.00628}
  t=  14.00  cb_yield           L6-CB0 {'rot': 0.00625}
  t=  14.00  cb_yield           L6-CB2 {'rot': 0.00625}
  t=  14.00  cb_yield           L7-CB0 {'rot': 0.00648}
  t=  14.00  cb_yield           L7-CB2 {'rot': 0.00648}
  t=  14.00  cb_yield           L8-CB0 {'rot': 0.00663}
  t=  14.00  cb_yield           L8-CB2 {'rot': 0.00663}
  t=  14.00  cb_yield           L12-CB0 {'rot': 0.00662}
  t=  14.00  cb_yield           L12-CB2 {'rot': 0.00662}
  t=  14.00  cb_yield           L13-CB0 {'rot': 0.00653}
  t=  14.00  cb_yield           L13-CB2 {'rot': 0.00653}
  t=  14.00  cb_yield           L14-CB0 {'rot': 0.0064}
  t=  14.00  cb_yield           L14-CB2 {'rot': 0.0064}
  t=  14.00  cb_yield           L15-CB0 {'rot': 0.00625}
  t=  14.00  cb_yield           L15-CB2 {'rot': 0.00625}
  t=  14.00  cb_yield           L22-CB1 {'rot': 0.00704}
  t=  14.00  cb_yield           L22-CB3 {'rot': 0.00704}
  t=  14.00  cb_yield           L23-CB1 {'rot': 0.0067}
  t=  14.00  cb_yield           L23-CB3 {'rot': 0.0067}
  t=  15.00  cb_yield           L5-CB0 {'rot': 0.00638}
  t=  15.00  cb_yield           L5-CB2 {'rot': 0.00638}
  t=  15.00  cb_yield           L16-CB0 {'rot': 0.00661}
  t=  15.00  cb_yield           L16-CB2 {'rot': 0.00661}
  t=  15.00  cb_yield           L24-CB1 {'rot': 0.00678}
  t=  15.00  cb_yield           L24-CB3 {'rot': 0.00678}
  t=  16.00  cb_yield           L3-CB1 {'rot': 0.00631}
  t=  16.00  cb_yield           L3-CB3 {'rot': 0.00631}
  t=  16.00  cb_yield           L4-CB0 {'rot': 0.00627}
  t=  16.00  cb_yield           L4-CB2 {'rot': 0.00627}
  t=  16.00  cb_yield           L17-CB0 {'rot': 0.00683}
  t=  16.00  cb_yield           L17-CB2 {'rot': 0.00683}
  t=  16.00  cb_yield           L25-CB1 {'rot': 0.00679}
  t=  16.00  cb_yield           L25-CB3 {'rot': 0.0068}
  t=  17.00  cb_yield           L18-CB0 {'rot': 0.00697}
  t=  17.00  cb_yield           L18-CB2 {'rot': 0.00697}
  t=  17.00  cb_yield           L26-CB1 {'rot': 0.00673}
  t=  17.00  cb_yield           L26-CB3 {'rot': 0.00673}
  t=  18.00  cb_yield           L3-CB0 {'rot': 0.00624}
  t=  18.00  cb_yield           L3-CB2 {'rot': 0.00624}
  t=  18.00  cb_yield           L19-CB0 {'rot': 0.00703}
  t=  18.00  cb_yield           L19-CB2 {'rot': 0.00703}
  t=  18.00  cb_yield           L20-CB0 {'rot': 0.0066}
  t=  18.00  cb_yield           L20-CB2 {'rot': 0.0066}
  t=  18.00  cb_yield           L27-CB1 {'rot': 0.0066}
  t=  18.00  cb_yield           L27-CB3 {'rot': 0.0066}
  t=  19.00  cb_yield           L2-CB1 {'rot': 0.00621}
  t=  19.00  cb_yield           L2-CB3 {'rot': 0.00621}
  t=  20.00  cb_yield           L21-CB0 {'rot': 0.00694}
  t=  20.00  cb_yield           L21-CB2 {'rot': 0.00694}
  t=  20.00  cb_yield           L28-CB1 {'rot': 0.00685}
  t=  20.00  cb_yield           L28-CB3 {'rot': 0.00685}
  t=  21.00  cb_yield           L22-CB0 {'rot': 0.00675}
  t=  21.00  cb_yield           L22-CB2 {'rot': 0.00675}
  t=  21.00  cb_yield           L29-CB1 {'rot': 0.00661}
  t=  21.00  cb_yield           L29-CB3 {'rot': 0.00661}
  t=  22.00  cb_yield           L2-CB0 {'rot': 0.00639}
  t=  22.00  cb_yield           L2-CB2 {'rot': 0.00639}
  t=  23.00  cb_yield           L23-CB0 {'rot': 0.00683}
  t=  23.00  cb_yield           L23-CB2 {'rot': 0.00683}
  t=  23.00  cb_yield           L30-CB1 {'rot': 0.00667}
  t=  23.00  cb_yield           L30-CB3 {'rot': 0.00668}
  t=  25.00  cb_yield           L24-CB0 {'rot': 0.00676}
  t=  25.00  cb_yield           L24-CB2 {'rot': 0.00676}
  t=  25.00  cb_yield           L31-CB1 {'rot': 0.00671}
  t=  25.00  cb_yield           L31-CB3 {'rot': 0.00671}
  t=  26.00  cb_yield           L1-CB1 {'rot': 0.00613}
  t=  26.00  cb_yield           L1-CB3 {'rot': 0.00613}
  t=  27.00  cb_yield           L32-CB1 {'rot': 0.0069}
  t=  27.00  cb_yield           L32-CB3 {'rot': 0.0069}
  t=  28.00  cb_yield           L25-CB0 {'rot': 0.00674}
  t=  28.00  cb_yield           L25-CB2 {'rot': 0.00674}
  t=  30.00  cb_yield           L1-CB0 {'rot': 0.00626}
  t=  30.00  cb_yield           L1-CB2 {'rot': 0.00626}
  t=  32.00  cb_yield           L33-CB1 {'rot': 0.0069}
  t=  32.00  cb_yield           L33-CB3 {'rot': 0.0069}
  t=  33.00  cb_yield           L26-CB0 {'rot': 0.00662}
  t=  33.00  cb_yield           L26-CB2 {'rot': 0.00662}
  t=  38.00  cb_failure         L12-CB1 {'rot': 0.03044}
  t=  38.00  cb_failure         L12-CB3 {'rot': 0.03045}
  t=  38.00  cb_failure         L13-CB1 {'rot': 0.03071}
  t=  38.00  cb_failure         L13-CB3 {'rot': 0.03071}
  t=  38.00  cb_failure         L14-CB1 {'rot': 0.03075}
  t=  38.00  cb_failure         L14-CB3 {'rot': 0.03075}
  t=  38.00  cb_failure         L15-CB1 {'rot': 0.03063}
  t=  38.00  cb_failure         L15-CB3 {'rot': 0.03063}
  t=  38.00  cb_failure         L16-CB1 {'rot': 0.03036}
  t=  38.00  cb_failure         L16-CB3 {'rot': 0.03036}
  t=  39.00  cb_failure         L10-CB1 {'rot': 0.03035}
  t=  39.00  cb_failure         L10-CB3 {'rot': 0.03035}
  t=  39.00  cb_failure         L11-CB1 {'rot': 0.03093}
  t=  39.00  cb_failure         L11-CB3 {'rot': 0.03093}
  t=  39.00  cb_failure         L17-CB1 {'rot': 0.03083}
  t=  39.00  cb_failure         L17-CB3 {'rot': 0.03083}
  t=  40.00  cb_failure         L9-CB1 {'rot': 0.03048}
  t=  40.00  cb_failure         L9-CB3 {'rot': 0.03048}
  t=  40.00  cb_failure         L18-CB1 {'rot': 0.03109}
  t=  40.00  cb_failure         L18-CB3 {'rot': 0.03109}
  t=  40.00  cb_yield           L27-CB0 {'rot': 0.0066}
  t=  40.00  cb_yield           L27-CB2 {'rot': 0.0066}
  t=  41.00  cb_failure         L8-CB1 {'rot': 0.03032}
  t=  41.00  cb_failure         L8-CB3 {'rot': 0.03033}
  t=  41.00  cb_failure         L19-CB1 {'rot': 0.03118}
  t=  41.00  cb_failure         L19-CB3 {'rot': 0.03118}
  t=  42.00  cb_failure         L20-CB1 {'rot': 0.03114}
  t=  42.00  cb_failure         L20-CB3 {'rot': 0.03114}
  t=  43.00  cb_failure         L7-CB1 {'rot': 0.03065}
  t=  43.00  cb_failure         L7-CB3 {'rot': 0.03065}
  t=  43.00  cb_failure         L21-CB1 {'rot': 0.03092}
  t=  43.00  cb_failure         L21-CB3 {'rot': 0.03092}
  t=  45.00  cb_failure         L6-CB1 {'rot': 0.03041}
  t=  45.00  cb_failure         L6-CB3 {'rot': 0.03041}
  t=  45.00  cb_failure         L22-CB1 {'rot': 0.03113}
  t=  45.00  cb_failure         L22-CB3 {'rot': 0.03113}
  t=  46.00  cb_yield           L28-CB0 {'rot': 0.00673}
  t=  46.00  cb_yield           L28-CB2 {'rot': 0.00673}
  t=  47.00  cb_failure         L23-CB1 {'rot': 0.03088}
  t=  47.00  cb_failure         L23-CB3 {'rot': 0.03088}
  t=  48.00  cb_failure         L5-CB1 {'rot': 0.03014}
  t=  48.00  cb_failure         L5-CB3 {'rot': 0.03014}
  t=  49.00  cb_failure         L10-CB0 {'rot': 0.03021}
  t=  49.00  cb_failure         L10-CB2 {'rot': 0.03021}
  t=  49.00  cb_failure         L11-CB0 {'rot': 0.03022}
  t=  49.00  cb_failure         L11-CB2 {'rot': 0.03022}
  t=  49.00  cb_failure         L12-CB0 {'rot': 0.03009}
  t=  49.00  cb_failure         L12-CB2 {'rot': 0.03009}
  t=  50.00  cb_failure         L8-CB0 {'rot': 0.03026}
  t=  50.00  cb_failure         L8-CB2 {'rot': 0.03026}
  t=  50.00  cb_failure         L9-CB0 {'rot': 0.03083}
  t=  50.00  cb_failure         L9-CB2 {'rot': 0.03083}
  t=  50.00  cb_failure         L13-CB0 {'rot': 0.03058}
  t=  50.00  cb_failure         L13-CB2 {'rot': 0.03058}
  t=  50.00  cb_failure         L24-CB1 {'rot': 0.03064}
  t=  50.00  cb_failure         L24-CB3 {'rot': 0.03064}
  t=  51.00  cb_failure         L7-CB0 {'rot': 0.03009}
  t=  51.00  cb_failure         L7-CB2 {'rot': 0.03009}
  t=  51.00  cb_failure         L14-CB0 {'rot': 0.03077}
  t=  51.00  cb_failure         L14-CB2 {'rot': 0.03077}
  t=  52.00  cb_failure         L15-CB0 {'rot': 0.03074}
  t=  52.00  cb_failure         L15-CB2 {'rot': 0.03074}
  t=  53.00  cb_failure         L16-CB0 {'rot': 0.0305}
  t=  53.00  cb_failure         L16-CB2 {'rot': 0.0305}
  t=  54.00  cb_failure         L4-CB1 {'rot': 0.03046}
  t=  54.00  cb_failure         L4-CB3 {'rot': 0.03046}
  t=  54.00  cb_failure         L6-CB0 {'rot': 0.03072}
  t=  54.00  cb_failure         L6-CB2 {'rot': 0.03072}
  t=  54.00  cb_failure         L25-CB1 {'rot': 0.03089}
  t=  54.00  cb_failure         L25-CB3 {'rot': 0.03089}
  t=  54.00  cb_yield           L29-CB0 {'rot': 0.00668}
  t=  54.00  cb_yield           L29-CB2 {'rot': 0.00668}
  t=  56.00  cb_failure         L17-CB0 {'rot': 0.03118}
  t=  56.00  cb_failure         L17-CB2 {'rot': 0.03118}
  t=  57.00  cb_failure         L5-CB0 {'rot': 0.03039}
  t=  57.00  cb_failure         L5-CB2 {'rot': 0.03039}
  t=  57.00  cb_failure         L26-CB1 {'rot': 0.03064}
  t=  57.00  cb_failure         L26-CB3 {'rot': 0.03064}
  t=  58.00  cb_failure         L18-CB0 {'rot': 0.03078}
  t=  58.00  cb_failure         L18-CB2 {'rot': 0.03078}
  t=  61.00  cb_failure         L27-CB1 {'rot': 0.0306}
  t=  61.00  cb_failure         L27-CB3 {'rot': 0.0306}
  t=  62.00  cb_failure         L19-CB0 {'rot': 0.03103}
  t=  62.00  cb_failure         L19-CB2 {'rot': 0.03103}
  t=  63.00  cb_failure         L3-CB1 {'rot': 0.03016}
  t=  63.00  cb_failure         L3-CB3 {'rot': 0.03016}
  t=  63.00  cb_failure         L4-CB0 {'rot': 0.03029}
  t=  63.00  cb_failure         L4-CB2 {'rot': 0.03029}
  t=  65.00  cb_failure         L28-CB1 {'rot': 0.03059}
  t=  65.00  cb_failure         L28-CB3 {'rot': 0.03059}
  t=  66.00  cb_failure         L20-CB0 {'rot': 0.0306}
  t=  66.00  cb_failure         L20-CB2 {'rot': 0.0306}
  t=  69.00  cb_failure         L29-CB1 {'rot': 0.03059}
  t=  69.00  cb_failure         L29-CB3 {'rot': 0.03059}
  t=  72.00  cb_yield           L30-CB0 {'rot': 0.00662}
  t=  72.00  cb_yield           L30-CB2 {'rot': 0.00662}
  t=  73.00  cb_failure         L21-CB0 {'rot': 0.03059}
  t=  73.00  cb_failure         L21-CB2 {'rot': 0.03059}
  t=  74.00  cb_failure         L30-CB1 {'rot': 0.03062}
  t=  74.00  cb_failure         L30-CB3 {'rot': 0.03062}
  t=  76.00  cb_failure         L3-CB0 {'rot': 0.03035}
  t=  76.00  cb_failure         L3-CB2 {'rot': 0.03035}
  t=  78.00  cb_failure         L2-CB1 {'rot': 0.03013}
  t=  78.00  cb_failure         L2-CB3 {'rot': 0.03013}
  t=  78.00  cb_failure         L31-CB1 {'rot': 0.03061}
  t=  78.00  cb_failure         L31-CB3 {'rot': 0.03061}
  t=  81.00  cb_failure         L32-CB1 {'rot': 0.0306}
  t=  81.00  cb_failure         L32-CB3 {'rot': 0.0306}
  t=  83.00  cb_failure         L33-CB1 {'rot': 0.03066}
  t=  83.00  cb_failure         L33-CB3 {'rot': 0.03066}
  t=  84.00  cb_failure         L22-CB0 {'rot': 0.03066}
  t=  84.00  cb_failure         L22-CB2 {'rot': 0.03066}
  step 88  solver fallback: 10 sub-steps, tol 1e-05
  t=  89.00  wall_flexure_strength_loss S1-F {'rot_x': 0.0, 'rot_y': 0.03217}
  t=  89.00  wall_axial_failure S1-F {'rot_x': 0.0, 'b_x': 0.0052, 'rot_y': 0.03217, 'b_y': 0.0052, 'cause': 'flexure-compression (ASCE 41 b)'}
  t=  89.00  cb_failure         L1-CB1 {'rot': 0.03221}
  t=  89.00  cb_failure         L1-CB3 {'rot': 0.03221}
  t=  89.00  cb_failure         L2-CB0 {'rot': 0.03204}
  t=  89.00  cb_failure         L2-CB2 {'rot': 0.03204}
  step 89  solver fallback: 100 sub-steps, tol 0.0001
  step 90  solver fallback: 100 sub-steps, tol 0.0001
  step 91  solver fallback: NewtonLineSearch
