  t=  10.00  cb_yield           L9-CB1 {'rot': 0.00602}
  t=  10.00  cb_yield           L9-CB3 {'rot': 0.00602}
  t=  10.00  cb_yield           L10-CB1 {'rot': 0.00613}
  t=  10.00  cb_yield           L10-CB3 {'rot': 0.00613}
  t=  10.00  cb_yield           L11-CB1 {'rot': 0.0062}
  t=  10.00  cb_yield           L11-CB3 {'rot': 0.0062}
  t=  10.00  cb_yield           L12-CB1 {'rot': 0.00627}
  t=  10.00  cb_yield           L12-CB3 {'rot': 0.00627}
  t=  10.00  cb_yield           L13-CB1 {'rot': 0.00631}
  t=  10.00  cb_yield           L13-CB3 {'rot': 0.00631}
  t=  10.00  cb_yield           L14-CB1 {'rot': 0.00631}
  t=  10.00  cb_yield           L14-CB3 {'rot': 0.00631}
  t=  10.00  cb_yield           L15-CB1 {'rot': 0.0063}
  t=  10.00  cb_yield           L15-CB3 {'rot': 0.0063}
  t=  10.00  cb_yield           L16-CB1 {'rot': 0.00626}
  t=  10.00  cb_yield           L16-CB3 {'rot': 0.00627}
  t=  11.00  cb_yield           L6-CB1 {'rot': 0.006}
  t=  11.00  cb_yield           L6-CB3 {'rot': 0.006}
  t=  11.00  cb_yield           L7-CB1 {'rot': 0.00629}
  t=  11.00  cb_yield           L7-CB3 {'rot': 0.0063}
  t=  11.00  cb_yield           L8-CB1 {'rot': 0.00652}
  t=  11.00  cb_yield           L8-CB3 {'rot': 0.00652}
  t=  11.00  cb_yield           L17-CB1 {'rot': 0.00682}
  t=  11.00  cb_yield           L17-CB3 {'rot': 0.00682}
  t=  11.00  cb_yield           L18-CB1 {'rot': 0.0067}
  t=  11.00  cb_yield           L18-CB3 {'rot': 0.00671}
  t=  11.00  cb_yield           L19-CB1 {'rot': 0.00657}
  t=  11.00  cb_yield           L19-CB3 {'rot': 0.00657}
  t=  12.00  cb_yield           L5-CB1 {'rot': 0.00616}
  t=  12.00  cb_yield           L5-CB3 {'rot': 0.00617}
  t=  12.00  cb_yield           L20-CB1 {'rot': 0.00701}
  t=  12.00  cb_yield           L20-CB3 {'rot': 0.00701}
  t=  12.00  cb_yield           L21-CB1 {'rot': 0.00679}
  t=  12.00  cb_yield           L21-CB3 {'rot': 0.00679}
  t=  12.00  cb_yield           L22-CB1 {'rot': 0.00654}
  t=  12.00  cb_yield           L22-CB3 {'rot': 0.00654}
  t=  13.00  cb_yield           L4-CB1 {'rot': 0.00608}
  t=  13.00  cb_yield           L4-CB3 {'rot': 0.00608}
  t=  13.00  cb_yield           L6-CB0 {'rot': 0.00597}
  t=  13.00  cb_yield           L6-CB2 {'rot': 0.00597}
  t=  13.00  cb_yield           L7-CB0 {'rot': 0.00619}
  t=  13.00  cb_yield           L7-CB2 {'rot': 0.00619}
  t=  13.00  cb_yield           L8-CB0 {'rot': 0.00632}
  t=  13.00  cb_yield           L8-CB2 {'rot': 0.00632}
  t=  13.00  cb_yield           L9-CB0 {'rot': 0.00637}
  t=  13.00  cb_yield           L9-CB2 {'rot': 0.00638}
  t=  13.00  cb_yield           L10-CB0 {'rot': 0.00638}
  t=  13.00  cb_yield           L10-CB2 {'rot': 0.00638}
  t=  13.00  cb_yield           L11-CB0 {'rot': 0.00634}
  t=  13.00  cb_yield           L11-CB2 {'rot': 0.00634}
  t=  13.00  cb_yield           L12-CB0 {'rot': 0.0063}
  t=  13.00  cb_yield           L12-CB2 {'rot': 0.0063}
  t=  13.00  cb_yield           L13-CB0 {'rot': 0.00622}
  t=  13.00  cb_yield           L13-CB2 {'rot': 0.00622}
  t=  13.00  cb_yield           L14-CB0 {'rot': 0.0061}
  t=  13.00  cb_yield           L14-CB2 {'rot': 0.00611}
  t=  13.00  cb_yield           L15-CB0 {'rot': 0.00597}
  t=  13.00  cb_yield           L15-CB2 {'rot': 0.00597}
  t=  13.00  cb_yield           L23-CB1 {'rot': 0.00678}
  t=  13.00  cb_yield           L23-CB3 {'rot': 0.00678}
  t=  14.00  cb_yield           L5-CB0 {'rot': 0.00613}
  t=  14.00  cb_yield           L5-CB2 {'rot': 0.00613}
  t=  14.00  cb_yield           L16-CB0 {'rot': 0.00633}
  t=  14.00  cb_yield           L16-CB2 {'rot': 0.00633}
  t=  14.00  cb_yield           L24-CB1 {'rot': 0.00691}
  t=  14.00  cb_yield           L24-CB3 {'rot': 0.00691}
  t=  15.00  cb_yield           L3-CB1 {'rot': 0.00613}
  t=  15.00  cb_yield           L3-CB3 {'rot': 0.00613}
  t=  15.00  cb_yield           L4-CB0 {'rot': 0.00604}
  t=  15.00  cb_yield           L4-CB2 {'rot': 0.00604}
  t=  15.00  cb_yield           L17-CB0 {'rot': 0.00654}
  t=  15.00  cb_yield           L17-CB2 {'rot': 0.00654}
  t=  15.00  cb_yield           L25-CB1 {'rot': 0.00697}
  t=  15.00  cb_yield           L25-CB3 {'rot': 0.00697}
  t=  16.00  cb_yield           L18-CB0 {'rot': 0.00666}
  t=  16.00  cb_yield           L18-CB2 {'rot': 0.00666}
  t=  16.00  cb_yield           L26-CB1 {'rot': 0.00702}
  t=  16.00  cb_yield           L26-CB3 {'rot': 0.00702}
  t=  17.00  cb_yield           L3-CB0 {'rot': 0.00593}
  t=  17.00  cb_yield           L3-CB2 {'rot': 0.00593}
  t=  17.00  cb_yield           L19-CB0 {'rot': 0.00668}
  t=  17.00  cb_yield           L19-CB2 {'rot': 0.00668}
  t=  17.00  cb_yield           L27-CB1 {'rot': 0.00706}
  t=  17.00  cb_yield           L27-CB3 {'rot': 0.00706}
  t=  17.00  cb_yield           L28-CB1 {'rot': 0.00656}
  t=  17.00  cb_yield           L28-CB3 {'rot': 0.00656}
  t=  18.00  cb_yield           L2-CB1 {'rot': 0.00608}
  t=  18.00  cb_yield           L2-CB3 {'rot': 0.00609}
  t=  18.00  cb_yield           L20-CB0 {'rot': 0.00662}
  t=  18.00  cb_yield           L20-CB2 {'rot': 0.00662}
  t=  18.00  cb_yield           L29-CB1 {'rot': 0.00662}
  t=  18.00  cb_yield           L29-CB3 {'rot': 0.00662}
  t=  19.00  cb_yield           L30-CB1 {'rot': 0.00671}
  t=  19.00  cb_yield           L30-CB3 {'rot': 0.00671}
  t=  20.00  cb_failure         L17-CB1 {'rot': 0.02099}
  t=  20.00  cb_failure         L17-CB3 {'rot': 0.02099}
  t=  20.00  cb_yield           L21-CB0 {'rot': 0.00677}
  t=  20.00  cb_yield           L21-CB2 {'rot': 0.00677}
  t=  20.00  cb_yield           L31-CB1 {'rot': 0.0069}
  t=  20.00  cb_yield           L31-CB3 {'rot': 0.0069}
  t=  21.00  cb_yield           L32-CB1 {'rot': 0.00729}
  t=  21.00  cb_yield           L32-CB3 {'rot': 0.00729}
  t=  22.00  cb_yield           L22-CB0 {'rot': 0.00672}
  t=  22.00  cb_failure         L22-CB1 {'rot': 0.0213}
  t=  22.00  cb_yield           L22-CB2 {'rot': 0.00672}
  t=  22.00  cb_failure         L22-CB3 {'rot': 0.0213}
  t=  22.00  cb_yield           L33-CB1 {'rot': 0.00676}
  t=  22.00  cb_yield           L33-CB3 {'rot': 0.00676}
  t=  23.00  cb_yield           L2-CB0 {'rot': 0.006}
  t=  23.00  cb_yield           L2-CB2 {'rot': 0.006}
  t=  23.00  cb_failure         L13-CB1 {'rot': 0.02002}
  t=  23.00  cb_failure         L13-CB3 {'rot': 0.02002}
  t=  23.00  cb_failure         L14-CB1 {'rot': 0.02014}
  t=  23.00  cb_failure         L14-CB3 {'rot': 0.02014}
  t=  23.00  cb_failure         L15-CB1 {'rot': 0.02015}
  t=  23.00  cb_failure         L15-CB3 {'rot': 0.02015}
  t=  23.00  cb_failure         L16-CB1 {'rot': 0.02004}
  t=  23.00  cb_failure         L16-CB3 {'rot': 0.02004}
  t=  24.00  cb_failure         L10-CB1 {'rot': 0.0199}
  t=  24.00  cb_failure         L10-CB3 {'rot': 0.0199}
  t=  24.00  cb_failure         L11-CB1 {'rot': 0.02039}
  t=  24.00  cb_failure         L11-CB3 {'rot': 0.0204}
  t=  24.00  cb_failure         L12-CB1 {'rot': 0.02089}
  t=  24.00  cb_failure         L12-CB3 {'rot': 0.0209}
  t=  24.00  cb_failure         L18-CB1 {'rot': 0.02129}
  t=  24.00  cb_failure         L18-CB3 {'rot': 0.02129}
  t=  24.00  cb_failure         L19-CB1 {'rot': 0.02101}
  t=  24.00  cb_failure         L19-CB3 {'rot': 0.02101}
  t=  24.00  cb_failure         L20-CB1 {'rot': 0.02067}
  t=  24.00  cb_failure         L20-CB3 {'rot': 0.02067}
  t=  25.00  cb_failure         L9-CB1 {'rot': 0.01992}
  t=  25.00  cb_failure         L9-CB3 {'rot': 0.01992}
  t=  25.00  cb_failure         L21-CB1 {'rot': 0.02209}
  t=  25.00  cb_failure         L21-CB3 {'rot': 0.02209}
  t=  25.00  cb_failure         L23-CB1 {'rot': 0.0213}
  t=  25.00  cb_failure         L23-CB3 {'rot': 0.0213}
  t=  25.00  cb_failure         L24-CB1 {'rot': 0.0208}
  t=  25.00  cb_failure         L24-CB3 {'rot': 0.0208}
  t=  25.00  cb_failure         L26-CB1 {'rot': 0.02103}
  t=  25.00  cb_failure         L26-CB3 {'rot': 0.02103}
  t=  26.00  cb_yield           L1-CB1 {'rot': 0.00597}
  t=  26.00  cb_yield           L1-CB3 {'rot': 0.00598}
  t=  26.00  cb_failure         L8-CB1 {'rot': 0.01994}
  t=  26.00  cb_failure         L8-CB3 {'rot': 0.01994}
  t=  26.00  cb_failure         L25-CB1 {'rot': 0.02144}
  t=  26.00  cb_failure         L25-CB3 {'rot': 0.02144}
  t=  26.00  cb_failure         L33-CB1 {'rot': 0.02232}
  t=  26.00  cb_failure         L33-CB3 {'rot': 0.02232}
  t=  27.00  cb_failure         L27-CB1 {'rot': 0.0212}
  t=  27.00  cb_failure         L27-CB3 {'rot': 0.0212}
  t=  27.00  cb_failure         L28-CB1 {'rot': 0.02069}
  t=  27.00  cb_failure         L28-CB3 {'rot': 0.02069}
  t=  28.00  cb_failure         L7-CB1 {'rot': 0.02042}
  t=  28.00  cb_failure         L7-CB3 {'rot': 0.02042}
  t=  28.00  cb_yield           L23-CB0 {'rot': 0.00673}
  t=  28.00  cb_yield           L23-CB2 {'rot': 0.00673}
  t=  28.00  cb_failure         L29-CB1 {'rot': 0.02098}
  t=  28.00  cb_failure         L29-CB3 {'rot': 0.02098}
  t=  29.00  cb_failure         L6-CB3 {'rot': 0.01989}
  t=  29.00  cb_failure         L30-CB1 {'rot': 0.02108}
  t=  29.00  cb_failure         L30-CB3 {'rot': 0.02109}
  t=  29.00  cb_failure         L31-CB1 {'rot': 0.02063}
  t=  29.00  cb_failure         L31-CB3 {'rot': 0.02062}
  t=  30.00  cb_failure         L6-CB1 {'rot': 0.02058}
  t=  30.00  cb_yield           L24-CB0 {'rot': 0.00661}
  t=  30.00  cb_yield           L24-CB2 {'rot': 0.00661}
  t=  30.00  cb_failure         L32-CB1 {'rot': 0.02064}
  t=  30.00  cb_failure         L32-CB3 {'rot': 0.02064}
  t=  32.00  cb_failure         L5-CB1 {'rot': 0.02021}
  t=  32.00  cb_failure         L5-CB3 {'rot': 0.02021}
  t=  33.00  cb_yield           L1-CB0 {'rot': 0.00615}
  t=  33.00  cb_yield           L1-CB2 {'rot': 0.00615}
  t=  33.00  cb_failure         L6-CB0 {'rot': 0.02085}
  t=  33.00  cb_failure         L6-CB2 {'rot': 0.02085}
  t=  33.00  cb_yield           L25-CB0 {'rot': 0.00686}
  t=  33.00  cb_yield           L25-CB2 {'rot': 0.00686}
  t=  35.00  cb_yield           L26-CB0 {'rot': 0.00671}
  t=  35.00  cb_yield           L26-CB2 {'rot': 0.00671}
  t=  36.00  cb_failure         L4-CB1 {'rot': 0.02029}
  t=  36.00  cb_failure         L4-CB3 {'rot': 0.02029}
  t=  37.00  cb_failure         L8-CB0 {'rot': 0.02016}
  t=  37.00  cb_failure         L8-CB2 {'rot': 0.02016}
  t=  37.00  cb_failure         L9-CB0 {'rot': 0.02049}
  t=  37.00  cb_failure         L9-CB2 {'rot': 0.02049}
  t=  37.00  cb_failure         L10-CB0 {'rot': 0.02063}
  t=  37.00  cb_failure         L10-CB2 {'rot': 0.02063}
  t=  37.00  cb_failure         L11-CB0 {'rot': 0.02063}
  t=  37.00  cb_failure         L11-CB2 {'rot': 0.02064}
  t=  37.00  cb_failure         L12-CB0 {'rot': 0.02057}
  t=  37.00  cb_failure         L12-CB2 {'rot': 0.02057}
  t=  37.00  cb_failure         L13-CB0 {'rot': 0.02036}
  t=  37.00  cb_failure         L13-CB2 {'rot': 0.02036}
  t=  37.00  cb_failure         L14-CB0 {'rot': 0.01997}
  t=  37.00  cb_failure         L14-CB2 {'rot': 0.01997}
  t=  38.00  cb_failure         L7-CB0 {'rot': 0.02031}
  t=  38.00  cb_failure         L7-CB2 {'rot': 0.02031}
  t=  38.00  cb_failure         L15-CB0 {'rot': 0.02025}
  t=  38.00  cb_failure         L15-CB2 {'rot': 0.02025}
  t=  38.00  cb_yield           L27-CB0 {'rot': 0.00683}
  t=  38.00  cb_yield           L27-CB2 {'rot': 0.00683}
  t=  39.00  cb_failure         L16-CB0 {'rot': 0.0204}
  t=  39.00  cb_failure         L16-CB2 {'rot': 0.0204}
  t=  41.00  cb_failure         L3-CB1 {'rot': 0.01997}
  t=  41.00  cb_failure         L3-CB3 {'rot': 0.01997}
  t=  41.00  cb_failure         L5-CB0 {'rot': 0.02017}
  t=  41.00  cb_failure         L5-CB2 {'rot': 0.02017}
  t=  41.00  cb_failure         L17-CB0 {'rot': 0.02099}
  t=  41.00  cb_failure         L17-CB2 {'rot': 0.02099}
  t=  41.00  cb_yield           L28-CB0 {'rot': 0.00682}
  t=  41.00  cb_yield           L28-CB2 {'rot': 0.00682}
  t=  42.00  cb_failure         L18-CB0 {'rot': 0.02074}
  t=  42.00  cb_failure         L18-CB2 {'rot': 0.02074}
  t=  44.00  cb_failure         L4-CB0 {'rot': 0.02008}
  t=  44.00  cb_failure         L4-CB2 {'rot': 0.02008}
  t=  44.00  cb_failure         L19-CB0 {'rot': 0.02101}
  t=  44.00  cb_failure         L19-CB2 {'rot': 0.02101}
  t=  44.00  cb_yield           L29-CB0 {'rot': 0.00662}
  t=  44.00  cb_yield           L29-CB2 {'rot': 0.00662}
  t=  45.00  cb_failure         L20-CB0 {'rot': 0.02054}
  t=  45.00  cb_failure         L20-CB2 {'rot': 0.02054}
  t=  48.00  cb_failure         L21-CB0 {'rot': 0.021}
  t=  48.00  cb_failure         L21-CB2 {'rot': 0.021}
  t=  50.00  cb_failure         L3-CB0 {'rot': 0.02025}
  t=  50.00  cb_failure         L3-CB2 {'rot': 0.02026}
  t=  50.00  cb_yield           L30-CB0 {'rot': 0.00669}
  t=  50.00  cb_yield           L30-CB2 {'rot': 0.00669}
  t=  51.00  cb_failure         L2-CB1 {'rot': 0.01992}
  t=  51.00  cb_failure         L2-CB3 {'rot': 0.01992}
  t=  51.00  cb_failure         L22-CB0 {'rot': 0.0209}
  t=  51.00  cb_failure         L22-CB2 {'rot': 0.02091}
  t=  55.00  cb_failure         L23-CB0 {'rot': 0.02074}
  t=  55.00  cb_failure         L23-CB2 {'rot': 0.02074}
  t=  60.00  cb_failure         L2-CB0 {'rot': 0.0199}
  t=  60.00  cb_failure         L2-CB2 {'rot': 0.0199}
  t=  61.00  cb_failure         L24-CB0 {'rot': 0.02062}
  t=  61.00  cb_failure         L24-CB2 {'rot': 0.02062}
  t=  61.00  cb_yield           L31-CB0 {'rot': 0.00658}
  t=  61.00  cb_yield           L31-CB2 {'rot': 0.00658}
  t=  72.00  cb_failure         L1-CB1 {'rot': 0.0199}
  t=  72.00  cb_failure         L1-CB3 {'rot': 0.0199}
  t=  73.00  cb_failure         L25-CB0 {'rot': 0.02054}
  t=  73.00  cb_failure         L25-CB2 {'rot': 0.02054}
  t=  83.00  cb_failure         L1-CB0 {'rot': 0.02079}
  t=  83.00  cb_failure         L1-CB2 {'rot': 0.02079}
  t=  88.00  wall_flexure_strength_loss S1-F {'rot_x': 0.0, 'rot_y': 0.00211}
  step 101  solver fallback: 10 sub-steps, tol 1e-05
  t= 103.00  wall_axial_failure S1-F {'rot_x': 0.0, 'b_x': 0.005, 'rot_y': 0.00411, 'b_y': 0.0041, 'cause': 'flexure-compression (ASCE 41 b)'}
  step 103  solver fallback: NewtonLineSearch
