  t=  32.00  cb_yield           L11-CB3 {'rot': 0.00614}
  t=  32.00  cb_yield           L12-CB3 {'rot': 0.00619}
  t=  32.00  cb_yield           L13-CB3 {'rot': 0.00621}
  t=  32.00  cb_yield           L14-CB3 {'rot': 0.00619}
  t=  32.00  cb_yield           L15-CB3 {'rot': 0.00614}
  t=  33.00  cb_yield           L10-CB3 {'rot': 0.00617}
  t=  33.00  cb_yield           L16-CB3 {'rot': 0.00621}
  t=  34.00  cb_yield           L9-CB3 {'rot': 0.00614}
  t=  35.00  cb_yield           L6-CB0 {'rot': 0.00617}
  t=  35.00  cb_yield           L7-CB0 {'rot': 0.00616}
  t=  35.00  cb_yield           L8-CB0 {'rot': 0.00609}
  t=  36.00  cb_yield           L5-CB0 {'rot': 0.00637}
  t=  36.00  cb_yield           L8-CB3 {'rot': 0.00613}
  t=  36.00  cb_yield           L9-CB0 {'rot': 0.00626}
  t=  36.00  cb_yield           L10-CB0 {'rot': 0.00615}
  t=  37.00  cb_yield           L4-CB0 {'rot': 0.00638}
  t=  37.00  cb_yield           L11-CB0 {'rot': 0.00633}
  t=  37.00  cb_yield           L12-CB0 {'rot': 0.00623}
  t=  37.00  cb_yield           L13-CB0 {'rot': 0.00614}
  t=  37.00  cb_yield           L17-CB3 {'rot': 0.00664}
  t=  38.00  cb_yield           L14-CB0 {'rot': 0.00629}
  t=  38.00  cb_yield           L15-CB0 {'rot': 0.00617}
  t=  38.00  cb_yield           L18-CB3 {'rot': 0.00659}
  t=  39.00  cb_yield           L3-CB0 {'rot': 0.00634}
  t=  39.00  cb_yield           L16-CB0 {'rot': 0.00629}
  t=  40.00  cb_yield           L7-CB3 {'rot': 0.00618}
  t=  40.00  cb_yield           L19-CB3 {'rot': 0.00666}
  t=  42.00  cb_yield           L17-CB0 {'rot': 0.00682}
  t=  42.00  cb_yield           L20-CB3 {'rot': 0.00671}
  t=  43.00  cb_yield           L2-CB0 {'rot': 0.00622}
  t=  43.00  cb_yield           L18-CB0 {'rot': 0.00683}
  t=  44.00  cb_yield           L6-CB3 {'rot': 0.00618}
  t=  44.00  cb_yield           L19-CB0 {'rot': 0.0068}
  t=  44.00  cb_yield           L21-CB3 {'rot': 0.00672}
  t=  45.00  cb_yield           L20-CB0 {'rot': 0.00674}
  t=  46.00  cb_yield           L21-CB0 {'rot': 0.00664}
  t=  46.00  cb_yield           L22-CB3 {'rot': 0.00673}
  t=  48.00  cb_yield           L5-CB3 {'rot': 0.00614}
  t=  48.00  cb_yield           L22-CB0 {'rot': 0.00672}
  t=  48.00  cb_yield           L23-CB3 {'rot': 0.00671}
  t=  50.00  cb_yield           L23-CB0 {'rot': 0.00675}
  t=  50.00  cb_yield           L24-CB3 {'rot': 0.00667}
  t=  52.00  cb_yield           L24-CB0 {'rot': 0.00673}
  t=  53.00  cb_yield           L4-CB3 {'rot': 0.00614}
  t=  53.00  cb_yield           L8-CB1 {'rot': 0.00609}
  t=  53.00  cb_yield           L25-CB3 {'rot': 0.00669}
  t=  54.00  cb_yield           L7-CB1 {'rot': 0.00617}
  t=  54.00  cb_yield           L9-CB1 {'rot': 0.00613}
  t=  54.00  cb_yield           L25-CB0 {'rot': 0.00668}
  t=  55.00  cb_yield           L6-CB1 {'rot': 0.00616}
  t=  55.00  cb_yield           L10-CB1 {'rot': 0.00617}
  t=  55.00  cb_yield           L11-CB1 {'rot': 0.00612}
  t=  56.00  cb_yield           L1-CB0 {'rot': 0.00621}
  t=  56.00  cb_yield           L12-CB1 {'rot': 0.00617}
  t=  56.00  cb_yield           L13-CB1 {'rot': 0.00612}
  t=  56.00  cb_yield           L26-CB0 {'rot': 0.0066}
  t=  57.00  cb_yield           L5-CB1 {'rot': 0.00613}
  t=  57.00  cb_yield           L14-CB1 {'rot': 0.00613}
  t=  57.00  cb_yield           L26-CB3 {'rot': 0.00664}
  t=  58.00  cb_yield           L15-CB1 {'rot': 0.00611}
  t=  59.00  cb_yield           L3-CB3 {'rot': 0.00609}
  t=  59.00  cb_yield           L27-CB0 {'rot': 0.00662}
  t=  60.00  cb_yield           L16-CB1 {'rot': 0.0061}
  t=  61.00  cb_yield           L4-CB1 {'rot': 0.0061}
  t=  63.00  cb_yield           L28-CB0 {'rot': 0.00663}
  step 63  solver fallback: 100 sub-steps, tol 1e-05
  t=  64.00  cb_yield           L1-CB3 {'rot': 0.01664}
  t=  64.00  cb_yield           L2-CB3 {'rot': 0.01677}
  t=  64.00  cb_yield           L27-CB3 {'rot': 0.00821}
  t=  64.00  cb_yield           L28-CB3 {'rot': 0.00747}
  t=  64.00  cb_yield           L29-CB3 {'rot': 0.00661}
  t=  65.00  cb_yield           L11-CB2 {'rot': 0.0061}
  t=  65.00  cb_yield           L12-CB2 {'rot': 0.00613}
  t=  65.00  cb_yield           L13-CB2 {'rot': 0.00612}
  t=  66.00  cb_yield           L10-CB2 {'rot': 0.00614}
  t=  66.00  cb_yield           L14-CB2 {'rot': 0.00624}
  t=  66.00  cb_yield           L15-CB2 {'rot': 0.00615}
  t=  67.00  cb_yield           L9-CB2 {'rot': 0.00611}
  t=  67.00  cb_yield           L16-CB2 {'rot': 0.00615}
  t=  68.00  wall_axial_failure S1-F {'gamma': 0.00093, 'eps': -0.00649, 'cause': 'crushing'}
  step 68  solver fallback: 100 sub-steps, tol 0.0001
  t=  69.00  cb_yield           L8-CB2 {'rot': 0.00626}
  t=  69.00  cb_yield           L30-CB3 {'rot': 0.00661}
  step 69  solver fallback: 100 sub-steps, tol 0.0001
  t=  70.00  cb_yield           L1-CB1 {'rot': 0.02057}
  t=  70.00  cb_failure         L1-CB3 {'rot': 0.0576}
  t=  70.00  cb_yield           L2-CB1 {'rot': 0.02388}
  t=  70.00  cb_failure         L2-CB3 {'rot': 0.0555}
  t=  70.00  cb_yield           L3-CB1 {'rot': 0.0222}
  t=  70.00  cb_failure         L3-CB3 {'rot': 0.05374}
  t=  70.00  cb_failure         L4-CB3 {'rot': 0.05216}
  t=  70.00  cb_failure         L5-CB3 {'rot': 0.05071}
  t=  70.00  cb_failure         L6-CB3 {'rot': 0.04932}
  t=  70.00  cb_failure         L7-CB3 {'rot': 0.04803}
  t=  70.00  cb_failure         L8-CB3 {'rot': 0.04681}
  t=  70.00  cb_failure         L9-CB3 {'rot': 0.04569}
  t=  70.00  cb_failure         L10-CB3 {'rot': 0.04462}
  t=  70.00  cb_failure         L11-CB3 {'rot': 0.04358}
  t=  70.00  cb_failure         L12-CB3 {'rot': 0.04256}
  t=  70.00  cb_failure         L13-CB3 {'rot': 0.04158}
  t=  70.00  cb_failure         L14-CB3 {'rot': 0.04066}
  t=  70.00  cb_failure         L15-CB3 {'rot': 0.03976}
  t=  70.00  cb_failure         L16-CB3 {'rot': 0.0389}
  t=  70.00  cb_yield           L17-CB1 {'rot': 0.011}
  t=  70.00  cb_yield           L17-CB2 {'rot': 0.00673}
  t=  70.00  cb_failure         L17-CB3 {'rot': 0.03764}
  t=  70.00  cb_yield           L18-CB1 {'rot': 0.01084}
  t=  70.00  cb_failure         L18-CB3 {'rot': 0.03619}
  t=  70.00  cb_yield           L19-CB1 {'rot': 0.01067}
  t=  70.00  cb_failure         L19-CB3 {'rot': 0.03451}
  t=  70.00  cb_yield           L20-CB1 {'rot': 0.01047}
  t=  70.00  cb_failure         L20-CB3 {'rot': 0.03272}
  t=  70.00  cb_yield           L21-CB1 {'rot': 0.01024}
  t=  70.00  cb_yield           L22-CB1 {'rot': 0.00997}
  t=  70.00  cb_yield           L23-CB1 {'rot': 0.00967}
  t=  70.00  cb_yield           L24-CB1 {'rot': 0.00937}
  t=  70.00  cb_yield           L25-CB1 {'rot': 0.00907}
  t=  70.00  cb_yield           L26-CB1 {'rot': 0.00879}
  t=  70.00  cb_yield           L27-CB1 {'rot': 0.00853}
  t=  70.00  cb_yield           L28-CB1 {'rot': 0.00831}
  t=  70.00  cb_yield           L29-CB1 {'rot': 0.00808}
  t=  70.00  cb_yield           L30-CB1 {'rot': 0.00793}
  t=  70.00  cb_yield           L31-CB1 {'rot': 0.00785}
  t=  70.00  cb_yield           L31-CB3 {'rot': 0.01196}
  t=  70.00  cb_yield           L32-CB1 {'rot': 0.00781}
  t=  70.00  cb_yield           L32-CB3 {'rot': 0.01171}
  t=  70.00  cb_yield           L33-CB3 {'rot': 0.01018}
  step 70  solver fallback: NewtonLineSearch
  t=  71.00  cb_yield           L7-CB2 {'rot': 0.00634}
  t=  71.00  cb_yield           L18-CB2 {'rot': 0.00665}
  t=  71.00  cb_failure         L21-CB3 {'rot': 0.03317}
  t=  71.00  cb_failure         L22-CB3 {'rot': 0.03068}
  t=  71.00  cb_yield           L33-CB1 {'rot': 0.00833}
  step 71  solver fallback: 10 sub-steps, tol 1e-05
  t=  72.00  cb_failure         L2-CB1 {'rot': 0.03011}
  t=  72.00  cb_yield           L6-CB2 {'rot': 0.00634}
  t=  73.00  cb_yield           L5-CB2 {'rot': 0.00635}
  t=  73.00  cb_yield           L19-CB2 {'rot': 0.00661}
  t=  73.00  cb_failure         L23-CB3 {'rot': 0.03072}
  t=  74.00  cb_failure         L3-CB1 {'rot': 0.03113}
  t=  74.00  cb_yield           L4-CB2 {'rot': 0.00625}
  step 74  solver fallback: NewtonLineSearch
