  t=  22.00  cb_yield           L6-CB0 {'rot': 0.00413}
  t=  22.00  cb_yield           L7-CB0 {'rot': 0.00416}
  t=  22.00  cb_yield           L8-CB0 {'rot': 0.00415}
  t=  22.00  cb_yield           L9-CB0 {'rot': 0.00411}
  t=  23.00  cb_yield           L5-CB0 {'rot': 0.00432}
  t=  23.00  cb_yield           L10-CB0 {'rot': 0.00432}
  t=  23.00  cb_yield           L11-CB0 {'rot': 0.00427}
  t=  23.00  cb_yield           L12-CB0 {'rot': 0.00422}
  t=  23.00  cb_yield           L13-CB0 {'rot': 0.00417}
  t=  24.00  cb_yield           L4-CB0 {'rot': 0.00439}
  t=  24.00  cb_yield           L14-CB0 {'rot': 0.00429}
  t=  24.00  cb_yield           L15-CB0 {'rot': 0.00421}
  t=  24.00  cb_yield           L15-CB3 {'rot': 0.00414}
  t=  24.00  cb_yield           L16-CB0 {'rot': 0.00412}
  t=  24.00  cb_yield           L16-CB3 {'rot': 0.00416}
  t=  25.00  cb_yield           L3-CB0 {'rot': 0.00427}
  t=  25.00  cb_yield           L13-CB3 {'rot': 0.00411}
  t=  25.00  cb_yield           L14-CB3 {'rot': 0.00417}
  t=  26.00  cb_yield           L12-CB3 {'rot': 0.00411}
  t=  28.00  cb_yield           L2-CB0 {'rot': 0.00434}
  t=  28.00  cb_yield           L11-CB3 {'rot': 0.00416}
  t=  28.00  cb_yield           L17-CB0 {'rot': 0.00458}
  t=  30.00  cb_yield           L10-CB3 {'rot': 0.00417}
  t=  30.00  cb_yield           L18-CB0 {'rot': 0.00466}
  t=  31.00  cb_yield           L17-CB3 {'rot': 0.00456}
  t=  31.00  cb_yield           L19-CB0 {'rot': 0.0046}
  t=  32.00  cb_yield           L9-CB3 {'rot': 0.00413}
  t=  32.00  cb_yield           L18-CB3 {'rot': 0.00457}
  t=  33.00  cb_yield           L19-CB3 {'rot': 0.00456}
  t=  33.00  cb_yield           L20-CB0 {'rot': 0.00464}
  t=  34.00  cb_yield           L1-CB0 {'rot': 0.00415}
  t=  35.00  cb_yield           L8-CB3 {'rot': 0.00413}
  t=  35.00  cb_yield           L20-CB3 {'rot': 0.00457}
  t=  35.00  cb_yield           L21-CB0 {'rot': 0.00465}
  t=  37.00  cb_yield           L21-CB3 {'rot': 0.00457}
  t=  37.00  cb_yield           L22-CB0 {'rot': 0.00464}
  t=  39.00  cb_yield           L7-CB3 {'rot': 0.00414}
  t=  39.00  cb_yield           L23-CB0 {'rot': 0.00459}
  t=  40.00  cb_yield           L22-CB3 {'rot': 0.00458}
  t=  42.00  cb_yield           L6-CB1 {'rot': 0.00416}
  t=  42.00  cb_yield           L7-CB1 {'rot': 0.00414}
  t=  43.00  cb_yield           L5-CB1 {'rot': 0.00421}
  t=  43.00  cb_yield           L8-CB1 {'rot': 0.00414}
  t=  43.00  cb_yield           L23-CB3 {'rot': 0.00457}
  t=  43.00  cb_yield           L24-CB0 {'rot': 0.00462}
  t=  44.00  cb_yield           L4-CB1 {'rot': 0.00416}
  t=  45.00  cb_yield           L6-CB3 {'rot': 0.00416}
  t=  45.00  cb_yield           L9-CB1 {'rot': 0.00419}
  t=  46.00  cb_yield           L25-CB0 {'rot': 0.00456}
  t=  47.00  cb_yield           L3-CB1 {'rot': 0.00419}
  t=  47.00  cb_yield           L10-CB1 {'rot': 0.0042}
  t=  47.00  cb_yield           L24-CB3 {'rot': 0.00456}
  t=  48.00  cb_yield           L11-CB1 {'rot': 0.00414}
  t=  50.00  cb_yield           L12-CB1 {'rot': 0.00418}
  t=  51.00  cb_yield           L13-CB1 {'rot': 0.00414}
  t=  51.00  cb_yield           L26-CB0 {'rot': 0.00461}
  t=  52.00  cb_yield           L5-CB3 {'rot': 0.00414}
  t=  52.00  cb_yield           L25-CB3 {'rot': 0.00458}
  t=  53.00  cb_yield           L2-CB1 {'rot': 0.00417}
  t=  53.00  cb_yield           L14-CB1 {'rot': 0.00414}
  t=  55.00  cb_yield           L27-CB0 {'rot': 0.00456}
  t=  56.00  cb_yield           L15-CB1 {'rot': 0.00415}
  t=  57.00  cb_failure         L6-CB0 {'rot': 0.01818}
  t=  57.00  cb_failure         L7-CB0 {'rot': 0.01823}
  t=  58.00  cb_failure         L8-CB0 {'rot': 0.01845}
  t=  58.00  cb_yield           L26-CB3 {'rot': 0.00459}
  t=  59.00  cb_failure         L5-CB0 {'rot': 0.01845}
  t=  60.00  cb_failure         L9-CB0 {'rot': 0.01835}
  t=  60.00  cb_yield           L28-CB0 {'rot': 0.00457}
  t=  62.00  cb_failure         L10-CB0 {'rot': 0.01825}
  t=  62.00  cb_yield           L16-CB1 {'rot': 0.00412}
  t=  63.00  cb_failure         L4-CB0 {'rot': 0.01835}
  t=  64.00  cb_yield           L4-CB3 {'rot': 0.00414}
  t=  64.00  cb_failure         L11-CB0 {'rot': 0.01812}
  t=  65.00  cb_yield           L29-CB0 {'rot': 0.00455}
  t=  67.00  cb_failure         L12-CB0 {'rot': 0.01829}
  t=  68.00  cb_yield           L27-CB3 {'rot': 0.00456}
  t=  69.00  cb_failure         L13-CB0 {'rot': 0.01811}
  t=  71.00  cb_yield           L30-CB0 {'rot': 0.00457}
  t=  72.00  cb_failure         L14-CB0 {'rot': 0.01818}
  t=  74.00  cb_failure         L3-CB0 {'rot': 0.01821}
  t=  75.00  cb_failure         L15-CB0 {'rot': 0.01819}
  t=  77.00  cb_yield           L31-CB0 {'rot': 0.00457}
  t=  78.00  cb_failure         L16-CB0 {'rot': 0.01826}
  t=  81.00  cb_yield           L3-CB3 {'rot': 0.00413}
  t=  82.00  cb_yield           L32-CB0 {'rot': 0.00456}
  t=  86.00  cb_yield           L33-CB0 {'rot': 0.00457}
  t=  87.00  cb_failure         L2-CB0 {'rot': 0.0182}
  t=  89.00  cb_failure         L17-CB0 {'rot': 0.01869}
  t=  98.00  cb_failure         L18-CB0 {'rot': 0.01855}
  step 126  solver fallback: 100 sub-steps, tol 1e-05
  step 181  solver fallback: NewtonLineSearch
  t= 182.00  cb_yield           L2-CB3 {'rot': 0.00445}
  step 182  solver fallback: NewtonLineSearch
