  t=  34.00  cb_yield           L6-CB0 {'rot': 0.00495}
  t=  34.00  cb_yield           L7-CB0 {'rot': 0.00495}
  t=  35.00  cb_yield           L5-CB0 {'rot': 0.00505}
  t=  35.00  cb_yield           L8-CB0 {'rot': 0.00504}
  t=  36.00  cb_yield           L4-CB0 {'rot': 0.00501}
  t=  36.00  cb_yield           L9-CB0 {'rot': 0.00506}
  t=  36.00  cb_yield           L10-CB0 {'rot': 0.00495}
  t=  36.00  cb_yield           L13-CB3 {'rot': 0.00494}
  t=  36.00  cb_yield           L14-CB3 {'rot': 0.00496}
  t=  36.00  cb_yield           L15-CB3 {'rot': 0.00496}
  t=  36.00  cb_yield           L16-CB3 {'rot': 0.00494}
  t=  37.00  cb_yield           L11-CB0 {'rot': 0.00506}
  t=  37.00  cb_yield           L12-CB0 {'rot': 0.00502}
  t=  37.00  cb_yield           L13-CB0 {'rot': 0.005}
  t=  37.00  cb_yield           L14-CB0 {'rot': 0.00498}
  t=  37.00  cb_yield           L15-CB0 {'rot': 0.00495}
  t=  38.00  cb_yield           L3-CB0 {'rot': 0.00496}
  t=  38.00  cb_yield           L16-CB0 {'rot': 0.00507}
  t=  41.00  cb_yield           L17-CB0 {'rot': 0.00547}
  t=  42.00  cb_yield           L18-CB0 {'rot': 0.00554}
  t=  43.00  cb_yield           L2-CB0 {'rot': 0.00508}
  t=  43.00  cb_yield           L19-CB0 {'rot': 0.00559}
  t=  43.00  cb_yield           L20-CB0 {'rot': 0.00546}
  t=  44.00  cb_yield           L21-CB0 {'rot': 0.00548}
  t=  45.00  cb_yield           L22-CB0 {'rot': 0.00548}
  t=  47.00  cb_yield           L23-CB0 {'rot': 0.00559}
  t=  48.00  cb_yield           L24-CB0 {'rot': 0.00553}
  t=  50.00  cb_yield           L25-CB0 {'rot': 0.00554}
  t=  52.00  cb_yield           L26-CB0 {'rot': 0.00549}
  t=  53.00  cb_yield           L1-CB0 {'rot': 0.00494}
  t=  55.00  cb_yield           L27-CB0 {'rot': 0.00553}
  t=  58.00  cb_yield           L28-CB0 {'rot': 0.00551}
  t=  61.00  cb_yield           L29-CB0 {'rot': 0.00546}
  t=  73.00  wall_shear_strength_loss S9-F {'gamma': 0.0051}
  t=  73.00  wall_shear_strength_loss S10-F {'gamma': 0.00527}
  t=  73.00  wall_shear_strength_loss S11-F {'gamma': 0.00522}
  t=  73.00  wall_shear_strength_loss S12-F {'gamma': 0.00503}
  step 73  solver fallback: 100 sub-steps, tol 1e-05
  t=  74.00  wall_shear_strength_loss S7-F {'gamma': 0.00541}
  t=  74.00  wall_shear_strength_loss S8-F {'gamma': 0.00658}
  t=  74.00  wall_shear_failure S9-F {'gamma': 0.00766}
  t=  74.00  wall_shear_failure S10-F {'gamma': 0.00822}
  t=  74.00  wall_shear_failure S11-F {'gamma': 0.00828}
  t=  74.00  wall_shear_failure S12-F {'gamma': 0.00793}
  t=  74.00  wall_shear_strength_loss S13-F {'gamma': 0.00699}
  t=  74.00  wall_shear_strength_loss S14-F {'gamma': 0.00532}
  t=  75.00  wall_shear_failure S13-F {'gamma': 0.00753}
  t=  76.00  wall_shear_failure S8-F {'gamma': 0.00763}
  t=  76.00  wall_axial_failure S10-F {'gamma': 0.00912, 'eps': -0.00015, 'cause': 'shear'}
  t=  76.00  wall_axial_failure S11-F {'gamma': 0.00912, 'eps': -0.00014, 'cause': 'shear'}
