  t=   7.00  cb_yield           L10-CB1 {'rot': 0.00415}
  t=   7.00  cb_yield           L10-CB3 {'rot': 0.00415}
  t=   7.00  cb_yield           L11-CB1 {'rot': 0.0042}
  t=   7.00  cb_yield           L11-CB3 {'rot': 0.0042}
  t=   7.00  cb_yield           L12-CB1 {'rot': 0.00424}
  t=   7.00  cb_yield           L12-CB3 {'rot': 0.00424}
  t=   7.00  cb_yield           L13-CB1 {'rot': 0.00426}
  t=   7.00  cb_yield           L13-CB3 {'rot': 0.00426}
  t=   7.00  cb_yield           L14-CB1 {'rot': 0.00426}
  t=   7.00  cb_yield           L14-CB3 {'rot': 0.00426}
  t=   7.00  cb_yield           L15-CB1 {'rot': 0.00425}
  t=   7.00  cb_yield           L15-CB3 {'rot': 0.00425}
  t=   7.00  cb_yield           L16-CB1 {'rot': 0.00423}
  t=   7.00  cb_yield           L16-CB3 {'rot': 0.00423}
  t=   8.00  cb_yield           L6-CB1 {'rot': 0.00423}
  t=   8.00  cb_yield           L6-CB3 {'rot': 0.00424}
  t=   8.00  cb_yield           L7-CB1 {'rot': 0.00445}
  t=   8.00  cb_yield           L7-CB3 {'rot': 0.00445}
  t=   8.00  cb_yield           L8-CB1 {'rot': 0.00461}
  t=   8.00  cb_yield           L8-CB3 {'rot': 0.00462}
  t=   8.00  cb_yield           L9-CB1 {'rot': 0.00474}
  t=   8.00  cb_yield           L9-CB3 {'rot': 0.00474}
  t=   8.00  cb_yield           L17-CB1 {'rot': 0.00479}
  t=   8.00  cb_yield           L17-CB3 {'rot': 0.00479}
  t=   8.00  cb_yield           L18-CB1 {'rot': 0.0047}
  t=   8.00  cb_yield           L18-CB3 {'rot': 0.0047}
  t=   8.00  cb_yield           L19-CB1 {'rot': 0.00459}
  t=   8.00  cb_yield           L19-CB3 {'rot': 0.00459}
  t=   9.00  cb_yield           L5-CB1 {'rot': 0.00449}
  t=   9.00  cb_yield           L5-CB3 {'rot': 0.00449}
  t=   9.00  cb_yield           L7-CB0 {'rot': 0.00424}
  t=   9.00  cb_yield           L7-CB2 {'rot': 0.00424}
  t=   9.00  cb_yield           L8-CB0 {'rot': 0.00434}
  t=   9.00  cb_yield           L8-CB2 {'rot': 0.00434}
  t=   9.00  cb_yield           L9-CB0 {'rot': 0.00439}
  t=   9.00  cb_yield           L9-CB2 {'rot': 0.00439}
  t=   9.00  cb_yield           L10-CB0 {'rot': 0.00441}
  t=   9.00  cb_yield           L10-CB2 {'rot': 0.00441}
  t=   9.00  cb_yield           L11-CB0 {'rot': 0.00439}
  t=   9.00  cb_yield           L11-CB2 {'rot': 0.00439}
  t=   9.00  cb_yield           L12-CB0 {'rot': 0.00436}
  t=   9.00  cb_yield           L12-CB2 {'rot': 0.00436}
  t=   9.00  cb_yield           L13-CB0 {'rot': 0.00431}
  t=   9.00  cb_yield           L13-CB2 {'rot': 0.00431}
  t=   9.00  cb_yield           L14-CB0 {'rot': 0.00422}
  t=   9.00  cb_yield           L14-CB2 {'rot': 0.00422}
  t=   9.00  cb_yield           L15-CB0 {'rot': 0.00413}
  t=   9.00  cb_yield           L15-CB2 {'rot': 0.00413}
  t=   9.00  cb_yield           L20-CB1 {'rot': 0.00506}
  t=   9.00  cb_yield           L20-CB3 {'rot': 0.00506}
  t=   9.00  cb_yield           L21-CB1 {'rot': 0.00489}
  t=   9.00  cb_yield           L21-CB3 {'rot': 0.00489}
  t=   9.00  cb_yield           L22-CB1 {'rot': 0.00469}
  t=   9.00  cb_yield           L22-CB3 {'rot': 0.00469}
  t=  10.00  cb_yield           L4-CB1 {'rot': 0.00453}
  t=  10.00  cb_yield           L4-CB3 {'rot': 0.00453}
  t=  10.00  cb_yield           L5-CB0 {'rot': 0.00432}
  t=  10.00  cb_yield           L5-CB2 {'rot': 0.00432}
  t=  10.00  cb_yield           L6-CB0 {'rot': 0.00461}
  t=  10.00  cb_yield           L6-CB2 {'rot': 0.00461}
  t=  10.00  cb_yield           L16-CB0 {'rot': 0.00457}
  t=  10.00  cb_yield           L16-CB2 {'rot': 0.00457}
  t=  10.00  cb_yield           L23-CB1 {'rot': 0.00495}
  t=  10.00  cb_yield           L23-CB3 {'rot': 0.00495}
  t=  10.00  cb_yield           L24-CB1 {'rot': 0.00468}
  t=  10.00  cb_yield           L24-CB3 {'rot': 0.00468}
  t=  11.00  cb_yield           L3-CB1 {'rot': 0.0043}
  t=  11.00  cb_yield           L3-CB3 {'rot': 0.0043}
  t=  11.00  cb_yield           L4-CB0 {'rot': 0.00437}
  t=  11.00  cb_yield           L4-CB2 {'rot': 0.00437}
  t=  11.00  cb_yield           L17-CB0 {'rot': 0.0049}
  t=  11.00  cb_yield           L17-CB2 {'rot': 0.0049}
  t=  11.00  cb_yield           L18-CB0 {'rot': 0.00465}
  t=  11.00  cb_yield           L18-CB2 {'rot': 0.00465}
  t=  11.00  cb_yield           L25-CB1 {'rot': 0.00481}
  t=  11.00  cb_yield           L25-CB3 {'rot': 0.00481}
  t=  12.00  cb_yield           L3-CB0 {'rot': 0.00414}
  t=  12.00  cb_yield           L3-CB2 {'rot': 0.00415}
  t=  12.00  cb_yield           L19-CB0 {'rot': 0.00486}
  t=  12.00  cb_yield           L19-CB2 {'rot': 0.00486}
  t=  12.00  cb_yield           L20-CB0 {'rot': 0.00456}
  t=  12.00  cb_yield           L20-CB2 {'rot': 0.00456}
  t=  12.00  cb_yield           L26-CB1 {'rot': 0.00488}
  t=  12.00  cb_yield           L26-CB3 {'rot': 0.00488}
  t=  13.00  cb_yield           L21-CB0 {'rot': 0.00462}
  t=  13.00  cb_yield           L21-CB2 {'rot': 0.00462}
  t=  13.00  cb_yield           L27-CB1 {'rot': 0.00493}
  t=  13.00  cb_yield           L27-CB3 {'rot': 0.00493}
  t=  14.00  cb_yield           L2-CB1 {'rot': 0.00446}
  t=  14.00  cb_yield           L2-CB3 {'rot': 0.00446}
  t=  14.00  cb_yield           L22-CB0 {'rot': 0.00457}
  t=  14.00  cb_yield           L22-CB2 {'rot': 0.00457}
  t=  14.00  cb_yield           L28-CB1 {'rot': 0.00498}
  t=  14.00  cb_yield           L28-CB3 {'rot': 0.00498}
  t=  14.00  cb_yield           L29-CB1 {'rot': 0.00457}
  t=  14.00  cb_yield           L29-CB3 {'rot': 0.00457}
  t=  15.00  cb_yield           L2-CB0 {'rot': 0.00415}
  t=  15.00  cb_yield           L2-CB2 {'rot': 0.00415}
  t=  15.00  cb_yield           L30-CB1 {'rot': 0.00461}
  t=  15.00  cb_yield           L30-CB3 {'rot': 0.00461}
  t=  16.00  cb_yield           L23-CB0 {'rot': 0.00474}
  t=  16.00  cb_yield           L23-CB2 {'rot': 0.00474}
  t=  16.00  cb_yield           L31-CB1 {'rot': 0.00466}
  t=  16.00  cb_yield           L31-CB3 {'rot': 0.00466}
  t=  17.00  cb_yield           L32-CB1 {'rot': 0.00487}
  t=  17.00  cb_yield           L32-CB3 {'rot': 0.00487}
  t=  18.00  cb_yield           L24-CB0 {'rot': 0.00476}
  t=  18.00  cb_yield           L24-CB2 {'rot': 0.00476}
  t=  19.00  cb_yield           L1-CB1 {'rot': 0.00418}
  t=  19.00  cb_yield           L1-CB3 {'rot': 0.00418}
  t=  19.00  cb_yield           L33-CB1 {'rot': 0.00501}
  t=  19.00  cb_yield           L33-CB3 {'rot': 0.00501}
  t=  20.00  cb_yield           L25-CB0 {'rot': 0.00464}
  t=  20.00  cb_yield           L25-CB2 {'rot': 0.00464}
  t=  22.00  cb_failure         L11-CB1 {'rot': 0.01821}
  t=  22.00  cb_failure         L11-CB3 {'rot': 0.01821}
  t=  22.00  cb_failure         L12-CB1 {'rot': 0.0186}
  t=  22.00  cb_failure         L12-CB3 {'rot': 0.0186}
  t=  22.00  cb_failure         L13-CB1 {'rot': 0.01886}
  t=  22.00  cb_failure         L13-CB3 {'rot': 0.01886}
  t=  22.00  cb_failure         L14-CB1 {'rot': 0.01898}
  t=  22.00  cb_failure         L14-CB3 {'rot': 0.01898}
  t=  22.00  cb_failure         L15-CB1 {'rot': 0.01898}
  t=  22.00  cb_failure         L15-CB3 {'rot': 0.01898}
  t=  22.00  cb_failure         L16-CB1 {'rot': 0.01887}
  t=  22.00  cb_failure         L16-CB3 {'rot': 0.01887}
  t=  22.00  cb_failure         L17-CB1 {'rot': 0.01862}
  t=  22.00  cb_failure         L17-CB3 {'rot': 0.01862}
  t=  23.00  cb_failure         L10-CB1 {'rot': 0.01857}
  t=  23.00  cb_failure         L10-CB3 {'rot': 0.01857}
  t=  23.00  cb_failure         L18-CB1 {'rot': 0.01939}
  t=  23.00  cb_failure         L18-CB3 {'rot': 0.01939}
  t=  23.00  cb_failure         L19-CB1 {'rot': 0.019}
  t=  23.00  cb_failure         L19-CB3 {'rot': 0.019}
  t=  23.00  cb_failure         L20-CB1 {'rot': 0.01857}
  t=  23.00  cb_failure         L20-CB3 {'rot': 0.01857}
  t=  23.00  cb_yield           L26-CB0 {'rot': 0.00462}
  t=  23.00  cb_yield           L26-CB2 {'rot': 0.00462}
  t=  24.00  cb_yield           L1-CB0 {'rot': 0.00422}
  t=  24.00  cb_yield           L1-CB2 {'rot': 0.00422}
  t=  24.00  cb_failure         L9-CB1 {'rot': 0.01871}
  t=  24.00  cb_failure         L9-CB3 {'rot': 0.01871}
  t=  24.00  cb_failure         L21-CB1 {'rot': 0.01915}
  t=  24.00  cb_failure         L21-CB3 {'rot': 0.01915}
  t=  24.00  cb_failure         L22-CB1 {'rot': 0.01859}
  t=  24.00  cb_failure         L22-CB3 {'rot': 0.01859}
  t=  25.00  cb_failure         L8-CB1 {'rot': 0.01865}
  t=  25.00  cb_failure         L8-CB3 {'rot': 0.01865}
  t=  25.00  cb_failure         L23-CB1 {'rot': 0.01899}
  t=  25.00  cb_failure         L23-CB3 {'rot': 0.01899}
  t=  26.00  cb_failure         L7-CB1 {'rot': 0.01836}
  t=  26.00  cb_failure         L7-CB3 {'rot': 0.01836}
  t=  26.00  cb_failure         L24-CB1 {'rot': 0.01922}
  t=  26.00  cb_failure         L24-CB3 {'rot': 0.01922}
  t=  26.00  cb_failure         L25-CB1 {'rot': 0.01856}
  t=  26.00  cb_failure         L25-CB3 {'rot': 0.01856}
  t=  26.00  cb_yield           L27-CB0 {'rot': 0.00469}
  t=  26.00  cb_yield           L27-CB2 {'rot': 0.00469}
  t=  27.00  cb_failure         L26-CB1 {'rot': 0.01858}
  t=  27.00  cb_failure         L26-CB3 {'rot': 0.01858}
  t=  28.00  cb_failure         L6-CB1 {'rot': 0.01846}
  t=  28.00  cb_failure         L6-CB3 {'rot': 0.01846}
  t=  28.00  cb_failure         L27-CB1 {'rot': 0.01856}
  t=  28.00  cb_failure         L27-CB3 {'rot': 0.01856}
  t=  28.00  cb_yield           L28-CB0 {'rot': 0.00457}
  t=  28.00  cb_yield           L28-CB2 {'rot': 0.00457}
  t=  30.00  cb_failure         L5-CB1 {'rot': 0.01812}
  t=  30.00  cb_failure         L5-CB3 {'rot': 0.01812}
  t=  30.00  cb_failure         L28-CB1 {'rot': 0.01893}
  t=  30.00  cb_failure         L28-CB3 {'rot': 0.01893}
  t=  31.00  cb_yield           L29-CB0 {'rot': 0.00481}
  t=  31.00  cb_failure         L29-CB1 {'rot': 0.01867}
  t=  31.00  cb_yield           L29-CB2 {'rot': 0.00481}
  t=  31.00  cb_failure         L29-CB3 {'rot': 0.01867}
  t=  32.00  cb_failure         L9-CB0 {'rot': 0.01831}
  t=  32.00  cb_failure         L9-CB2 {'rot': 0.01831}
  t=  32.00  cb_failure         L10-CB0 {'rot': 0.01859}
  t=  32.00  cb_failure         L10-CB2 {'rot': 0.01859}
  t=  32.00  cb_failure         L11-CB0 {'rot': 0.01873}
  t=  32.00  cb_failure         L11-CB2 {'rot': 0.01874}
  t=  32.00  cb_failure         L12-CB0 {'rot': 0.0188}
  t=  32.00  cb_failure         L12-CB2 {'rot': 0.0188}
  t=  32.00  cb_failure         L13-CB0 {'rot': 0.01874}
  t=  32.00  cb_failure         L13-CB2 {'rot': 0.01874}
  t=  32.00  cb_failure         L14-CB0 {'rot': 0.01853}
  t=  32.00  cb_failure         L14-CB2 {'rot': 0.01853}
  t=  32.00  cb_failure         L15-CB0 {'rot': 0.01821}
  t=  32.00  cb_failure         L15-CB2 {'rot': 0.01821}
  t=  33.00  cb_failure         L8-CB0 {'rot': 0.01852}
  t=  33.00  cb_failure         L8-CB2 {'rot': 0.01852}
  t=  33.00  cb_failure         L16-CB0 {'rot': 0.01849}
  t=  33.00  cb_failure         L16-CB2 {'rot': 0.01849}
  t=  33.00  cb_yield           L30-CB0 {'rot': 0.00459}
  t=  33.00  cb_failure         L30-CB1 {'rot': 0.01883}
  t=  33.00  cb_yield           L30-CB2 {'rot': 0.00459}
  t=  33.00  cb_failure         L30-CB3 {'rot': 0.01884}
  t=  34.00  cb_failure         L4-CB1 {'rot': 0.01819}
  t=  34.00  cb_failure         L4-CB3 {'rot': 0.01819}
  t=  34.00  cb_failure         L7-CB0 {'rot': 0.0185}
  t=  34.00  cb_failure         L7-CB2 {'rot': 0.0185}
  t=  34.00  cb_failure         L17-CB0 {'rot': 0.01857}
  t=  34.00  cb_failure         L17-CB2 {'rot': 0.01857}
  t=  34.00  cb_failure         L31-CB1 {'rot': 0.0186}
  t=  34.00  cb_failure         L31-CB3 {'rot': 0.0186}
  t=  35.00  cb_failure         L6-CB0 {'rot': 0.0182}
  t=  35.00  cb_failure         L6-CB2 {'rot': 0.0182}
  t=  35.00  cb_failure         L18-CB0 {'rot': 0.01857}
  t=  35.00  cb_failure         L18-CB2 {'rot': 0.01857}
  t=  35.00  cb_failure         L32-CB1 {'rot': 0.01856}
  t=  35.00  cb_failure         L32-CB3 {'rot': 0.01856}
  t=  35.00  cb_failure         L33-CB1 {'rot': 0.01856}
  t=  35.00  cb_failure         L33-CB3 {'rot': 0.01856}
  t=  36.00  cb_yield           L31-CB0 {'rot': 0.00468}
  t=  36.00  cb_yield           L31-CB2 {'rot': 0.00468}
  t=  37.00  cb_failure         L19-CB0 {'rot': 0.01916}
  t=  37.00  cb_failure         L19-CB2 {'rot': 0.01916}
  t=  38.00  cb_failure         L5-CB0 {'rot': 0.01864}
  t=  38.00  cb_failure         L5-CB2 {'rot': 0.01864}
  t=  38.00  cb_failure         L20-CB0 {'rot': 0.01897}
  t=  38.00  cb_failure         L20-CB2 {'rot': 0.01898}
  t=  38.00  cb_yield           L32-CB0 {'rot': 0.00463}
  t=  38.00  cb_yield           L32-CB2 {'rot': 0.00463}
  t=  39.00  cb_failure         L21-CB0 {'rot': 0.01869}
  t=  39.00  cb_failure         L21-CB2 {'rot': 0.01869}
  t=  39.00  cb_yield           L33-CB0 {'rot': 0.00468}
  t=  39.00  cb_yield           L33-CB2 {'rot': 0.00468}
  t=  40.00  cb_failure         L3-CB1 {'rot': 0.01816}
  t=  40.00  cb_failure         L3-CB3 {'rot': 0.01816}
  t=  41.00  cb_failure         L4-CB0 {'rot': 0.0184}
  t=  41.00  cb_failure         L4-CB2 {'rot': 0.0184}
  t=  41.00  cb_failure         L22-CB0 {'rot': 0.01888}
  t=  41.00  cb_failure         L22-CB2 {'rot': 0.01888}
  t=  43.00  cb_failure         L23-CB0 {'rot': 0.01889}
  t=  43.00  cb_failure         L23-CB2 {'rot': 0.01889}
  t=  45.00  cb_failure         L24-CB0 {'rot': 0.0187}
  t=  45.00  cb_failure         L24-CB2 {'rot': 0.0187}
  t=  47.00  cb_failure         L3-CB0 {'rot': 0.01841}
  t=  47.00  cb_failure         L3-CB2 {'rot': 0.01841}
  t=  48.00  cb_failure         L25-CB0 {'rot': 0.01882}
  t=  48.00  cb_failure         L25-CB2 {'rot': 0.01882}
  t=  51.00  cb_failure         L2-CB1 {'rot': 0.01832}
  t=  51.00  cb_failure         L2-CB3 {'rot': 0.01832}
  t=  51.00  cb_failure         L26-CB0 {'rot': 0.01877}
  t=  51.00  cb_failure         L26-CB2 {'rot': 0.01877}
  t=  55.00  cb_failure         L27-CB0 {'rot': 0.01887}
  t=  55.00  cb_failure         L27-CB2 {'rot': 0.01887}
  t=  58.00  cb_failure         L2-CB0 {'rot': 0.01812}
  t=  58.00  cb_failure         L2-CB2 {'rot': 0.01812}
  t=  59.00  cb_failure         L28-CB0 {'rot': 0.0188}
  t=  59.00  cb_failure         L28-CB2 {'rot': 0.0188}
  t=  64.00  cb_failure         L29-CB0 {'rot': 0.01865}
  t=  64.00  cb_failure         L29-CB2 {'rot': 0.01865}
  t=  73.00  cb_failure         L1-CB1 {'rot': 0.01813}
  t=  73.00  cb_failure         L1-CB3 {'rot': 0.01813}
  t=  73.00  cb_failure         L30-CB0 {'rot': 0.01855}
  t=  73.00  cb_failure         L30-CB2 {'rot': 0.01855}
  t=  88.00  cb_failure         L31-CB0 {'rot': 0.01855}
  t=  88.00  cb_failure         L31-CB2 {'rot': 0.01855}
  t=  93.00  cb_failure         L1-CB0 {'rot': 0.01813}
  t=  93.00  cb_failure         L1-CB2 {'rot': 0.01813}
  t= 115.00  cb_failure         L32-CB0 {'rot': 0.01855}
  t= 115.00  cb_failure         L32-CB2 {'rot': 0.01855}
  t= 128.00  cb_failure         L33-CB0 {'rot': 0.01856}
  t= 128.00  cb_failure         L33-CB2 {'rot': 0.01855}
  step 249  solver fallback: NewtonLineSearch
