  t=  19.00  cb_yield           L13-CB3 {'rot': 0.00415}
  t=  19.00  cb_yield           L14-CB3 {'rot': 0.00417}
  t=  19.00  cb_yield           L15-CB3 {'rot': 0.00418}
  t=  19.00  cb_yield           L16-CB3 {'rot': 0.00416}
  t=  20.00  cb_yield           L10-CB3 {'rot': 0.00411}
  t=  20.00  cb_yield           L11-CB3 {'rot': 0.00421}
  t=  20.00  cb_yield           L12-CB3 {'rot': 0.00428}
  t=  21.00  cb_yield           L9-CB3 {'rot': 0.00417}
  t=  22.00  cb_yield           L8-CB3 {'rot': 0.00419}
  t=  22.00  cb_yield           L17-CB3 {'rot': 0.00458}
  t=  23.00  cb_yield           L7-CB3 {'rot': 0.00415}
  t=  23.00  cb_yield           L18-CB3 {'rot': 0.00465}
  t=  24.00  cb_yield           L7-CB0 {'rot': 0.00412}
  t=  24.00  cb_yield           L8-CB0 {'rot': 0.00413}
  t=  24.00  cb_yield           L9-CB0 {'rot': 0.00413}
  t=  24.00  cb_yield           L10-CB0 {'rot': 0.00412}
  t=  24.00  cb_yield           L11-CB0 {'rot': 0.00411}
  t=  24.00  cb_yield           L19-CB3 {'rot': 0.00469}
  t=  24.00  cb_yield           L20-CB3 {'rot': 0.00456}
  t=  25.00  cb_yield           L5-CB0 {'rot': 0.0043}
  t=  25.00  cb_yield           L5-CB1 {'rot': 0.00411}
  t=  25.00  cb_yield           L6-CB0 {'rot': 0.0044}
  t=  25.00  cb_yield           L6-CB1 {'rot': 0.00414}
  t=  25.00  cb_yield           L6-CB3 {'rot': 0.00418}
  t=  25.00  cb_yield           L12-CB0 {'rot': 0.00438}
  t=  25.00  cb_yield           L13-CB0 {'rot': 0.00435}
  t=  25.00  cb_yield           L14-CB0 {'rot': 0.00432}
  t=  25.00  cb_yield           L15-CB0 {'rot': 0.00428}
  t=  25.00  cb_yield           L16-CB0 {'rot': 0.00422}
  t=  25.00  cb_yield           L21-CB3 {'rot': 0.00455}
  t=  26.00  cb_yield           L4-CB0 {'rot': 0.00441}
  t=  26.00  cb_yield           L4-CB1 {'rot': 0.0042}
  t=  26.00  cb_yield           L7-CB1 {'rot': 0.00431}
  t=  26.00  cb_yield           L8-CB1 {'rot': 0.00424}
  t=  26.00  cb_yield           L9-CB1 {'rot': 0.00419}
  t=  26.00  cb_yield           L10-CB1 {'rot': 0.00413}
  t=  27.00  cb_yield           L3-CB0 {'rot': 0.00432}
  t=  27.00  cb_yield           L11-CB1 {'rot': 0.00426}
  t=  27.00  cb_yield           L12-CB1 {'rot': 0.0042}
  t=  27.00  cb_yield           L13-CB1 {'rot': 0.00413}
  t=  27.00  cb_yield           L17-CB0 {'rot': 0.00462}
  t=  27.00  cb_yield           L22-CB3 {'rot': 0.00464}
  t=  28.00  cb_yield           L3-CB1 {'rot': 0.00429}
  t=  28.00  cb_yield           L14-CB1 {'rot': 0.00423}
  t=  28.00  cb_yield           L15-CB1 {'rot': 0.00414}
  t=  28.00  cb_yield           L18-CB0 {'rot': 0.00473}
  t=  28.00  cb_yield           L19-CB0 {'rot': 0.0046}
  t=  28.00  cb_yield           L23-CB3 {'rot': 0.00456}
  t=  29.00  cb_yield           L2-CB0 {'rot': 0.0042}
  t=  29.00  cb_yield           L5-CB3 {'rot': 0.0042}
  t=  29.00  cb_yield           L16-CB1 {'rot': 0.0042}
  t=  29.00  cb_yield           L20-CB0 {'rot': 0.00468}
  t=  30.00  cb_yield           L21-CB0 {'rot': 0.00474}
  t=  30.00  cb_yield           L22-CB0 {'rot': 0.00456}
  t=  30.00  cb_yield           L24-CB3 {'rot': 0.00455}
  t=  31.00  cb_yield           L2-CB1 {'rot': 0.00412}
  t=  31.00  cb_yield           L23-CB0 {'rot': 0.00458}
  t=  32.00  cb_yield           L24-CB0 {'rot': 0.00457}
  t=  33.00  cb_yield           L17-CB1 {'rot': 0.00466}
  t=  33.00  cb_yield           L25-CB3 {'rot': 0.00462}
  t=  34.00  cb_yield           L18-CB1 {'rot': 0.00461}
  t=  34.00  cb_yield           L25-CB0 {'rot': 0.00474}
  t=  35.00  cb_yield           L1-CB0 {'rot': 0.00429}
  t=  35.00  cb_yield           L4-CB3 {'rot': 0.00418}
  t=  35.00  cb_yield           L26-CB0 {'rot': 0.00469}
  t=  35.00  cb_yield           L26-CB3 {'rot': 0.00457}
  t=  36.00  cb_yield           L19-CB1 {'rot': 0.00466}
  t=  36.00  cb_yield           L27-CB0 {'rot': 0.00465}
  t=  37.00  cb_yield           L28-CB0 {'rot': 0.0046}
  t=  38.00  cb_yield           L20-CB1 {'rot': 0.00467}
  t=  38.00  cb_yield           L27-CB3 {'rot': 0.00456}
  t=  38.00  cb_yield           L29-CB0 {'rot': 0.00457}
  t=  39.00  cb_yield           L30-CB0 {'rot': 0.00455}
  t=  40.00  cb_yield           L21-CB1 {'rot': 0.00462}
  t=  40.00  cb_yield           L31-CB0 {'rot': 0.00457}
  t=  41.00  cb_yield           L28-CB3 {'rot': 0.00458}
  t=  41.00  cb_yield           L32-CB0 {'rot': 0.00464}
  t=  41.00  cb_yield           L33-CB0 {'rot': 0.00455}
  t=  43.00  cb_yield           L22-CB1 {'rot': 0.00459}
  t=  45.00  cb_yield           L3-CB3 {'rot': 0.00413}
  t=  45.00  cb_yield           L29-CB3 {'rot': 0.00459}
  t=  47.00  cb_yield           L1-CB1 {'rot': 0.00418}
  t=  47.00  cb_yield           L23-CB1 {'rot': 0.00462}
  t=  50.00  cb_yield           L24-CB1 {'rot': 0.00458}
  t=  53.00  cb_failure         L6-CB0 {'rot': 0.01818}
  t=  53.00  cb_failure         L7-CB0 {'rot': 0.01841}
  t=  53.00  cb_failure         L8-CB0 {'rot': 0.01832}
  t=  53.00  cb_yield           L25-CB1 {'rot': 0.00459}
  t=  54.00  cb_failure         L9-CB0 {'rot': 0.01849}
  t=  55.00  cb_failure         L5-CB0 {'rot': 0.01855}
  t=  55.00  cb_failure         L10-CB0 {'rot': 0.01859}
  t=  55.00  cb_failure         L11-CB0 {'rot': 0.01817}
  t=  56.00  cb_failure         L12-CB0 {'rot': 0.01834}
  t=  56.00  cb_yield           L26-CB1 {'rot': 0.00462}
  t=  57.00  cb_failure         L13-CB0 {'rot': 0.01847}
  t=  58.00  cb_failure         L4-CB0 {'rot': 0.01848}
  t=  58.00  cb_failure         L14-CB0 {'rot': 0.01853}
  t=  59.00  cb_failure         L15-CB0 {'rot': 0.01856}
  t=  59.00  cb_failure         L16-CB0 {'rot': 0.01814}
  t=  59.00  cb_yield           L27-CB1 {'rot': 0.00468}
  t=  62.00  cb_failure         L17-CB0 {'rot': 0.01878}
  t=  62.00  cb_yield           L28-CB1 {'rot': 0.0047}
  t=  63.00  cb_failure         L18-CB0 {'rot': 0.01855}
  t=  64.00  cb_failure         L3-CB0 {'rot': 0.01812}
  t=  64.00  cb_yield           L29-CB1 {'rot': 0.0046}
  t=  65.00  cb_failure         L19-CB0 {'rot': 0.01856}
  t=  67.00  cb_failure         L20-CB0 {'rot': 0.01856}
  t=  67.00  cb_yield           L30-CB1 {'rot': 0.00473}
  t=  69.00  cb_yield           L31-CB1 {'rot': 0.00475}
  t=  70.00  cb_failure         L21-CB0 {'rot': 0.01875}
  t=  70.00  cb_yield           L32-CB1 {'rot': 0.00465}
  t=  71.00  cb_yield           L33-CB1 {'rot': 0.00475}
  t=  73.00  cb_failure         L6-CB1 {'rot': 0.01821}
  t=  73.00  cb_failure         L7-CB1 {'rot': 0.01823}
  t=  73.00  cb_failure         L8-CB1 {'rot': 0.01811}
  t=  73.00  cb_failure         L22-CB0 {'rot': 0.01877}
  t=  74.00  cb_failure         L5-CB1 {'rot': 0.01818}
  t=  75.00  cb_failure         L9-CB1 {'rot': 0.01836}
  t=  76.00  cb_failure         L10-CB1 {'rot': 0.01835}
  t=  76.00  cb_failure         L23-CB0 {'rot': 0.01867}
  t=  77.00  cb_failure         L4-CB1 {'rot': 0.01812}
  t=  77.00  cb_failure         L11-CB1 {'rot': 0.01838}
  t=  77.00  cb_failure         L12-CB1 {'rot': 0.01813}
  t=  78.00  cb_failure         L2-CB0 {'rot': 0.01812}
  t=  78.00  cb_failure         L13-CB1 {'rot': 0.01814}
  t=  79.00  cb_failure         L14-CB1 {'rot': 0.01813}
  t=  80.00  cb_failure         L24-CB0 {'rot': 0.01869}
  t=  81.00  cb_failure         L15-CB1 {'rot': 0.01831}
  t=  82.00  cb_failure         L16-CB1 {'rot': 0.01815}
  t=  85.00  cb_failure         L25-CB0 {'rot': 0.01867}
  t=  86.00  cb_failure         L17-CB1 {'rot': 0.0186}
  t=  88.00  cb_failure         L3-CB1 {'rot': 0.01813}
  t=  88.00  cb_failure         L18-CB1 {'rot': 0.01855}
  t=  90.00  cb_yield           L2-CB3 {'rot': 0.00411}
  t=  90.00  cb_failure         L26-CB0 {'rot': 0.01855}
  t=  91.00  cb_failure         L19-CB1 {'rot': 0.01855}
  t=  94.00  cb_failure         L20-CB1 {'rot': 0.01857}
  t=  96.00  cb_failure         L27-CB0 {'rot': 0.01857}
  t=  97.00  cb_failure         L21-CB1 {'rot': 0.01857}
  t= 100.00  cb_failure         L22-CB1 {'rot': 0.01856}
  t= 102.00  cb_failure         L28-CB0 {'rot': 0.01869}
  t= 104.00  cb_failure         L23-CB1 {'rot': 0.01863}
  t= 106.00  cb_failure         L29-CB0 {'rot': 0.01861}
  t= 107.00  cb_failure         L24-CB1 {'rot': 0.01859}
  t= 110.00  cb_failure         L25-CB1 {'rot': 0.01856}
  t= 110.00  cb_failure         L30-CB0 {'rot': 0.01862}
  t= 113.00  cb_failure         L31-CB0 {'rot': 0.01861}
  t= 114.00  cb_failure         L26-CB1 {'rot': 0.01857}
  t= 115.00  cb_failure         L32-CB0 {'rot': 0.01857}
  t= 117.00  cb_failure         L33-CB0 {'rot': 0.01861}
  t= 118.00  cb_failure         L27-CB1 {'rot': 0.01856}
  t= 146.00  cb_yield           L31-CB2 {'rot': 0.00456}
  t= 146.00  cb_yield           L32-CB2 {'rot': 0.00457}
  t= 147.00  cb_yield           L33-CB2 {'rot': 0.00458}
  t= 148.00  cb_yield           L8-CB2 {'rot': 0.00415}
  t= 148.00  cb_yield           L30-CB2 {'rot': 0.00458}
  t= 149.00  cb_yield           L7-CB2 {'rot': 0.00421}
  t= 150.00  cb_yield           L6-CB2 {'rot': 0.00415}
  t= 151.00  cb_yield           L9-CB2 {'rot': 0.0042}
  t= 153.00  cb_yield           L10-CB2 {'rot': 0.00411}
  t= 157.00  cb_yield           L5-CB2 {'rot': 0.00415}
  t= 180.00  cb_yield           L1-CB3 {'rot': 0.00414}
  step 184  solver fallback: NewtonLineSearch
