  t=  11.00  cb_yield           L8-CB1 {'rot': 0.00622}
  t=  11.00  cb_yield           L8-CB3 {'rot': 0.00622}
  t=  11.00  cb_yield           L9-CB1 {'rot': 0.00637}
  t=  11.00  cb_yield           L9-CB3 {'rot': 0.00638}
  t=  11.00  cb_yield           L10-CB1 {'rot': 0.00649}
  t=  11.00  cb_yield           L10-CB3 {'rot': 0.00649}
  t=  11.00  cb_yield           L11-CB1 {'rot': 0.00657}
  t=  11.00  cb_yield           L11-CB3 {'rot': 0.00657}
  t=  11.00  cb_yield           L12-CB1 {'rot': 0.00663}
  t=  11.00  cb_yield           L12-CB3 {'rot': 0.00663}
  t=  11.00  cb_yield           L13-CB1 {'rot': 0.00666}
  t=  11.00  cb_yield           L13-CB3 {'rot': 0.00666}
  t=  11.00  cb_yield           L14-CB1 {'rot': 0.00665}
  t=  11.00  cb_yield           L14-CB3 {'rot': 0.00665}
  t=  11.00  cb_yield           L15-CB1 {'rot': 0.00662}
  t=  11.00  cb_yield           L15-CB3 {'rot': 0.00662}
  t=  11.00  cb_yield           L16-CB1 {'rot': 0.00657}
  t=  11.00  cb_yield           L16-CB3 {'rot': 0.00657}
  t=  12.00  cb_yield           L6-CB1 {'rot': 0.00629}
  t=  12.00  cb_yield           L6-CB3 {'rot': 0.00629}
  t=  12.00  cb_yield           L7-CB1 {'rot': 0.00661}
  t=  12.00  cb_yield           L7-CB3 {'rot': 0.00662}
  t=  12.00  cb_yield           L17-CB1 {'rot': 0.00713}
  t=  12.00  cb_yield           L17-CB3 {'rot': 0.00713}
  t=  12.00  cb_yield           L18-CB1 {'rot': 0.00699}
  t=  12.00  cb_yield           L18-CB3 {'rot': 0.00699}
  t=  12.00  cb_yield           L19-CB1 {'rot': 0.00681}
  t=  12.00  cb_yield           L19-CB3 {'rot': 0.00682}
  t=  12.00  cb_yield           L20-CB1 {'rot': 0.00662}
  t=  12.00  cb_yield           L20-CB3 {'rot': 0.00662}
  t=  13.00  cb_yield           L5-CB1 {'rot': 0.00641}
  t=  13.00  cb_yield           L5-CB3 {'rot': 0.00642}
  t=  13.00  cb_yield           L8-CB0 {'rot': 0.00618}
  t=  13.00  cb_yield           L8-CB2 {'rot': 0.00618}
  t=  13.00  cb_yield           L9-CB0 {'rot': 0.00625}
  t=  13.00  cb_yield           L9-CB2 {'rot': 0.00626}
  t=  13.00  cb_yield           L10-CB0 {'rot': 0.00628}
  t=  13.00  cb_yield           L10-CB2 {'rot': 0.00628}
  t=  13.00  cb_yield           L11-CB0 {'rot': 0.00626}
  t=  13.00  cb_yield           L11-CB2 {'rot': 0.00626}
  t=  13.00  cb_yield           L12-CB0 {'rot': 0.00623}
  t=  13.00  cb_yield           L12-CB2 {'rot': 0.00623}
  t=  13.00  cb_yield           L13-CB0 {'rot': 0.00616}
  t=  13.00  cb_yield           L13-CB2 {'rot': 0.00616}
  t=  13.00  cb_yield           L21-CB1 {'rot': 0.00699}
  t=  13.00  cb_yield           L21-CB3 {'rot': 0.00699}
  t=  13.00  cb_yield           L22-CB1 {'rot': 0.0067}
  t=  13.00  cb_yield           L22-CB3 {'rot': 0.00671}
  t=  14.00  cb_yield           L4-CB1 {'rot': 0.00629}
  t=  14.00  cb_yield           L4-CB3 {'rot': 0.0063}
  t=  14.00  cb_yield           L6-CB0 {'rot': 0.00631}
  t=  14.00  cb_yield           L6-CB2 {'rot': 0.00631}
  t=  14.00  cb_yield           L7-CB0 {'rot': 0.00658}
  t=  14.00  cb_yield           L7-CB2 {'rot': 0.00658}
  t=  14.00  cb_yield           L14-CB0 {'rot': 0.00663}
  t=  14.00  cb_yield           L14-CB2 {'rot': 0.00663}
  t=  14.00  cb_yield           L15-CB0 {'rot': 0.00648}
  t=  14.00  cb_yield           L15-CB2 {'rot': 0.00648}
  t=  14.00  cb_yield           L16-CB0 {'rot': 0.00631}
  t=  14.00  cb_yield           L16-CB2 {'rot': 0.00631}
  t=  14.00  cb_yield           L23-CB1 {'rot': 0.00689}
  t=  14.00  cb_yield           L23-CB3 {'rot': 0.00689}
  t=  15.00  cb_yield           L5-CB0 {'rot': 0.00642}
  t=  15.00  cb_yield           L5-CB2 {'rot': 0.00642}
  t=  15.00  cb_yield           L24-CB1 {'rot': 0.007}
  t=  15.00  cb_yield           L24-CB3 {'rot': 0.007}
  t=  16.00  cb_yield           L3-CB1 {'rot': 0.00634}
  t=  16.00  cb_yield           L3-CB3 {'rot': 0.00634}
  t=  16.00  cb_yield           L4-CB0 {'rot': 0.0063}
  t=  16.00  cb_yield           L4-CB2 {'rot': 0.0063}
  t=  16.00  cb_yield           L17-CB0 {'rot': 0.00709}
  t=  16.00  cb_yield           L17-CB2 {'rot': 0.00709}
  t=  16.00  cb_yield           L18-CB0 {'rot': 0.00675}
  t=  16.00  cb_yield           L18-CB2 {'rot': 0.00675}
  t=  16.00  cb_yield           L25-CB1 {'rot': 0.00702}
  t=  16.00  cb_yield           L25-CB3 {'rot': 0.00702}
  t=  17.00  cb_yield           L19-CB0 {'rot': 0.00685}
  t=  17.00  cb_yield           L19-CB2 {'rot': 0.00685}
  t=  17.00  cb_yield           L26-CB1 {'rot': 0.00699}
  t=  17.00  cb_yield           L26-CB3 {'rot': 0.00699}
  t=  18.00  cb_yield           L3-CB0 {'rot': 0.00626}
  t=  18.00  cb_yield           L3-CB2 {'rot': 0.00626}
  t=  18.00  cb_yield           L20-CB0 {'rot': 0.00688}
  t=  18.00  cb_yield           L20-CB2 {'rot': 0.00688}
  t=  18.00  cb_yield           L27-CB1 {'rot': 0.00689}
  t=  18.00  cb_yield           L27-CB3 {'rot': 0.00689}
  t=  19.00  cb_yield           L2-CB1 {'rot': 0.00623}
  t=  19.00  cb_yield           L2-CB3 {'rot': 0.00623}
  t=  19.00  cb_yield           L21-CB0 {'rot': 0.00683}
  t=  19.00  cb_yield           L21-CB2 {'rot': 0.00683}
  t=  19.00  cb_yield           L28-CB1 {'rot': 0.00677}
  t=  19.00  cb_yield           L28-CB3 {'rot': 0.00677}
  t=  20.00  cb_yield           L22-CB0 {'rot': 0.00668}
  t=  20.00  cb_yield           L22-CB2 {'rot': 0.00668}
  t=  21.00  cb_yield           L29-CB1 {'rot': 0.00696}
  t=  21.00  cb_yield           L29-CB3 {'rot': 0.00696}
  t=  22.00  cb_yield           L2-CB0 {'rot': 0.00643}
  t=  22.00  cb_yield           L2-CB2 {'rot': 0.00643}
  t=  22.00  cb_yield           L23-CB0 {'rot': 0.00683}
  t=  22.00  cb_yield           L23-CB2 {'rot': 0.00683}
  t=  22.00  cb_yield           L30-CB1 {'rot': 0.00667}
  t=  22.00  cb_yield           L30-CB3 {'rot': 0.00667}
  t=  24.00  cb_yield           L24-CB0 {'rot': 0.00684}
  t=  24.00  cb_yield           L24-CB2 {'rot': 0.00684}
  t=  24.00  cb_yield           L31-CB1 {'rot': 0.00675}
  t=  24.00  cb_yield           L31-CB3 {'rot': 0.00675}
  t=  26.00  cb_yield           L25-CB0 {'rot': 0.00669}
  t=  26.00  cb_yield           L25-CB2 {'rot': 0.00669}
  t=  26.00  cb_yield           L32-CB1 {'rot': 0.00692}
  t=  26.00  cb_yield           L32-CB3 {'rot': 0.00692}
  t=  27.00  cb_yield           L1-CB1 {'rot': 0.00632}
  t=  27.00  cb_yield           L1-CB3 {'rot': 0.00632}
  t=  30.00  cb_yield           L1-CB0 {'rot': 0.00624}
  t=  30.00  cb_yield           L1-CB2 {'rot': 0.00624}
  t=  30.00  cb_yield           L26-CB0 {'rot': 0.00668}
  t=  30.00  cb_yield           L26-CB2 {'rot': 0.00668}
  t=  32.00  cb_yield           L33-CB1 {'rot': 0.00716}
  t=  32.00  cb_yield           L33-CB3 {'rot': 0.00716}
  t=  37.00  cb_yield           L27-CB0 {'rot': 0.00669}
  t=  37.00  cb_yield           L27-CB2 {'rot': 0.00669}
  t=  38.00  cb_failure         L12-CB1 {'rot': 0.03014}
  t=  38.00  cb_failure         L12-CB3 {'rot': 0.03014}
  t=  38.00  cb_failure         L13-CB1 {'rot': 0.03042}
  t=  38.00  cb_failure         L13-CB3 {'rot': 0.03042}
  t=  38.00  cb_failure         L14-CB1 {'rot': 0.03048}
  t=  38.00  cb_failure         L14-CB3 {'rot': 0.03048}
  t=  38.00  cb_failure         L15-CB1 {'rot': 0.03039}
  t=  38.00  cb_failure         L15-CB3 {'rot': 0.03039}
  t=  38.00  cb_failure         L16-CB1 {'rot': 0.03015}
  t=  38.00  cb_failure         L16-CB3 {'rot': 0.03015}
  t=  39.00  cb_failure         L10-CB1 {'rot': 0.0301}
  t=  39.00  cb_failure         L10-CB3 {'rot': 0.03011}
  t=  39.00  cb_failure         L11-CB1 {'rot': 0.03063}
  t=  39.00  cb_failure         L11-CB3 {'rot': 0.03063}
  t=  39.00  cb_failure         L17-CB1 {'rot': 0.03065}
  t=  39.00  cb_failure         L17-CB3 {'rot': 0.03065}
  t=  40.00  cb_failure         L9-CB1 {'rot': 0.03018}
  t=  40.00  cb_failure         L9-CB3 {'rot': 0.03018}
  t=  40.00  cb_failure         L18-CB1 {'rot': 0.03096}
  t=  40.00  cb_failure         L18-CB3 {'rot': 0.03096}
  t=  41.00  cb_failure         L19-CB1 {'rot': 0.03108}
  t=  41.00  cb_failure         L19-CB3 {'rot': 0.03108}
  t=  42.00  cb_failure         L8-CB1 {'rot': 0.03089}
  t=  42.00  cb_failure         L8-CB3 {'rot': 0.03089}
  t=  42.00  cb_failure         L20-CB1 {'rot': 0.03108}
  t=  42.00  cb_failure         L20-CB3 {'rot': 0.03108}
  t=  43.00  cb_failure         L7-CB1 {'rot': 0.03034}
  t=  43.00  cb_failure         L7-CB3 {'rot': 0.03034}
  t=  43.00  cb_failure         L21-CB1 {'rot': 0.03087}
  t=  43.00  cb_failure         L21-CB3 {'rot': 0.03087}
  t=  43.00  cb_yield           L28-CB0 {'rot': 0.00671}
  t=  43.00  cb_yield           L28-CB2 {'rot': 0.00671}
  t=  45.00  cb_failure         L6-CB1 {'rot': 0.03013}
  t=  45.00  cb_failure         L6-CB3 {'rot': 0.03013}
  t=  45.00  cb_failure         L22-CB1 {'rot': 0.0311}
  t=  45.00  cb_failure         L22-CB3 {'rot': 0.0311}
  t=  47.00  cb_failure         L23-CB1 {'rot': 0.03087}
  t=  47.00  cb_failure         L23-CB3 {'rot': 0.03087}
  t=  49.00  cb_failure         L5-CB1 {'rot': 0.0304}
  t=  49.00  cb_failure         L5-CB3 {'rot': 0.0304}
  t=  49.00  cb_failure         L10-CB0 {'rot': 0.03015}
  t=  49.00  cb_failure         L10-CB2 {'rot': 0.03015}
  t=  49.00  cb_failure         L11-CB0 {'rot': 0.03025}
  t=  49.00  cb_failure         L11-CB2 {'rot': 0.03026}
  t=  49.00  cb_failure         L12-CB0 {'rot': 0.0302}
  t=  49.00  cb_failure         L12-CB2 {'rot': 0.0302}
  t=  49.00  cb_yield           L29-CB0 {'rot': 0.00662}
  t=  49.00  cb_yield           L29-CB2 {'rot': 0.00662}
  t=  50.00  cb_failure         L9-CB0 {'rot': 0.03066}
  t=  50.00  cb_failure         L9-CB2 {'rot': 0.03066}
  t=  50.00  cb_failure         L13-CB0 {'rot': 0.03078}
  t=  50.00  cb_failure         L13-CB2 {'rot': 0.03078}
  t=  50.00  cb_failure         L14-CB0 {'rot': 0.03028}
  t=  50.00  cb_failure         L14-CB2 {'rot': 0.03028}
  t=  50.00  cb_failure         L24-CB1 {'rot': 0.03069}
  t=  50.00  cb_failure         L24-CB3 {'rot': 0.03069}
  t=  51.00  cb_failure         L8-CB0 {'rot': 0.03082}
  t=  51.00  cb_failure         L8-CB2 {'rot': 0.03082}
  t=  51.00  cb_failure         L15-CB0 {'rot': 0.03041}
  t=  51.00  cb_failure         L15-CB2 {'rot': 0.03041}
  t=  52.00  cb_failure         L7-CB0 {'rot': 0.03052}
  t=  52.00  cb_failure         L7-CB2 {'rot': 0.03052}
  t=  52.00  cb_failure         L16-CB0 {'rot': 0.03034}
  t=  52.00  cb_failure         L16-CB2 {'rot': 0.03034}
  t=  53.00  cb_failure         L25-CB1 {'rot': 0.03065}
  t=  53.00  cb_failure         L25-CB3 {'rot': 0.03065}
  t=  54.00  cb_failure         L4-CB1 {'rot': 0.03016}
  t=  54.00  cb_failure         L4-CB3 {'rot': 0.03016}
  t=  54.00  cb_failure         L6-CB0 {'rot': 0.03031}
  t=  54.00  cb_failure         L6-CB2 {'rot': 0.03031}
  t=  55.00  cb_failure         L17-CB0 {'rot': 0.03108}
  t=  55.00  cb_failure         L17-CB2 {'rot': 0.03108}
  t=  57.00  cb_failure         L18-CB0 {'rot': 0.03079}
  t=  57.00  cb_failure         L18-CB2 {'rot': 0.03079}
  t=  57.00  cb_failure         L26-CB1 {'rot': 0.03081}
  t=  57.00  cb_failure         L26-CB3 {'rot': 0.03081}
  t=  58.00  cb_failure         L5-CB0 {'rot': 0.03038}
  t=  58.00  cb_failure         L5-CB2 {'rot': 0.03038}
  t=  60.00  cb_failure         L19-CB0 {'rot': 0.03061}
  t=  60.00  cb_failure         L19-CB2 {'rot': 0.03061}
  t=  60.00  cb_failure         L27-CB1 {'rot': 0.03064}
  t=  60.00  cb_failure         L27-CB3 {'rot': 0.03064}
  t=  61.00  cb_yield           L30-CB0 {'rot': 0.00665}
  t=  61.00  cb_yield           L30-CB2 {'rot': 0.00665}
  t=  63.00  cb_failure         L3-CB1 {'rot': 0.03023}
  t=  63.00  cb_failure         L3-CB3 {'rot': 0.03023}
  t=  64.00  cb_failure         L28-CB1 {'rot': 0.0307}
  t=  64.00  cb_failure         L28-CB3 {'rot': 0.0307}
  t=  65.00  cb_failure         L4-CB0 {'rot': 0.03037}
  t=  65.00  cb_failure         L4-CB2 {'rot': 0.03037}
  t=  65.00  cb_failure         L20-CB0 {'rot': 0.03081}
  t=  65.00  cb_failure         L20-CB2 {'rot': 0.03081}
  t=  67.00  cb_failure         L29-CB1 {'rot': 0.03063}
  t=  67.00  cb_failure         L29-CB3 {'rot': 0.03063}
  t=  71.00  cb_failure         L30-CB1 {'rot': 0.03069}
  t=  71.00  cb_failure         L30-CB3 {'rot': 0.03069}
  t=  72.00  cb_failure         L21-CB0 {'rot': 0.03074}
  t=  72.00  cb_failure         L21-CB2 {'rot': 0.03074}
  t=  74.00  cb_failure         L31-CB1 {'rot': 0.03064}
  t=  74.00  cb_failure         L31-CB3 {'rot': 0.03064}
  t=  77.00  cb_failure         L2-CB1 {'rot': 0.03018}
  t=  77.00  cb_failure         L2-CB3 {'rot': 0.03018}
  t=  77.00  cb_failure         L32-CB1 {'rot': 0.03069}
  t=  77.00  cb_failure         L32-CB3 {'rot': 0.03069}
  t=  78.00  cb_failure         L33-CB1 {'rot': 0.03069}
  t=  78.00  cb_failure         L33-CB3 {'rot': 0.03069}
  t=  79.00  cb_failure         L3-CB0 {'rot': 0.03031}
  t=  79.00  cb_failure         L3-CB2 {'rot': 0.03031}
  t=  82.00  cb_failure         L22-CB0 {'rot': 0.0307}
  t=  82.00  cb_failure         L22-CB2 {'rot': 0.0307}
  t=  96.00  cb_failure         L23-CB0 {'rot': 0.0306}
  t=  96.00  cb_failure         L23-CB2 {'rot': 0.0306}
  t=  97.00  cb_failure         L1-CB1 {'rot': 0.03383}
  t=  97.00  cb_failure         L1-CB3 {'rot': 0.03383}
  t=  97.00  cb_failure         L2-CB0 {'rot': 0.03261}
  t=  97.00  cb_failure         L2-CB2 {'rot': 0.03261}
  t= 105.00  wall_flexure_strength_loss S1-F {'rot_x': 0.0, 'rot_y': 0.00375}
  t= 117.00  cb_failure         L1-CB0 {'rot': 0.03012}
  t= 117.00  cb_failure         L1-CB2 {'rot': 0.03012}
  step 118  solver fallback: Newton
  step 119  solver fallback: NewtonLineSearch
