  t=  36.00  cb_yield           L5-CB0 {'rot': 0.00617}
  t=  36.00  cb_yield           L6-CB0 {'rot': 0.00622}
  t=  36.00  cb_yield           L7-CB0 {'rot': 0.00617}
  t=  37.00  cb_yield           L4-CB0 {'rot': 0.00616}
  t=  37.00  cb_yield           L8-CB0 {'rot': 0.00629}
  t=  38.00  cb_yield           L9-CB0 {'rot': 0.00624}
  t=  39.00  cb_yield           L10-CB0 {'rot': 0.00619}
  t=  40.00  cb_yield           L3-CB0 {'rot': 0.00627}
  t=  40.00  cb_yield           L11-CB0 {'rot': 0.00616}
  t=  41.00  cb_yield           L12-CB0 {'rot': 0.00614}
  t=  42.00  cb_yield           L10-CB3 {'rot': 0.00615}
  t=  42.00  cb_yield           L11-CB3 {'rot': 0.00619}
  t=  42.00  cb_yield           L12-CB3 {'rot': 0.00618}
  t=  42.00  cb_yield           L13-CB0 {'rot': 0.00612}
  t=  42.00  cb_yield           L13-CB3 {'rot': 0.00614}
  t=  43.00  cb_yield           L9-CB3 {'rot': 0.00616}
  t=  43.00  cb_yield           L14-CB3 {'rot': 0.00616}
  t=  44.00  cb_yield           L14-CB0 {'rot': 0.00623}
  t=  44.00  cb_yield           L15-CB3 {'rot': 0.00615}
  t=  45.00  cb_yield           L2-CB0 {'rot': 0.00622}
  t=  45.00  cb_yield           L8-CB3 {'rot': 0.00621}
  t=  45.00  cb_yield           L15-CB0 {'rot': 0.00617}
  t=  46.00  cb_yield           L7-CB3 {'rot': 0.00611}
  t=  46.00  cb_yield           L16-CB3 {'rot': 0.0062}
  t=  47.00  cb_yield           L5-CB1 {'rot': 0.00621}
  t=  47.00  cb_yield           L6-CB1 {'rot': 0.0062}
  t=  47.00  cb_yield           L16-CB0 {'rot': 0.00625}
  t=  48.00  cb_yield           L4-CB1 {'rot': 0.00613}
  t=  48.00  cb_yield           L7-CB1 {'rot': 0.00617}
  t=  50.00  cb_yield           L6-CB3 {'rot': 0.0062}
  t=  50.00  cb_yield           L8-CB1 {'rot': 0.00615}
  t=  53.00  cb_yield           L9-CB1 {'rot': 0.00611}
  t=  53.00  cb_yield           L17-CB0 {'rot': 0.00664}
  t=  53.00  cb_yield           L17-CB3 {'rot': 0.00663}
  t=  54.00  cb_yield           L3-CB1 {'rot': 0.00614}
  t=  54.00  cb_yield           L5-CB3 {'rot': 0.00612}
  t=  56.00  cb_yield           L18-CB3 {'rot': 0.00663}
  t=  57.00  cb_yield           L18-CB0 {'rot': 0.0067}
  t=  58.00  cb_yield           L10-CB1 {'rot': 0.00615}
  t=  60.00  cb_yield           L19-CB3 {'rot': 0.00669}
  t=  61.00  cb_yield           L19-CB0 {'rot': 0.00668}
  t=  62.00  cb_yield           L1-CB0 {'rot': 0.00621}
  t=  62.00  cb_yield           L4-CB3 {'rot': 0.00615}
  t=  63.00  cb_yield           L11-CB1 {'rot': 0.00615}
  t=  63.00  cb_yield           L20-CB3 {'rot': 0.00662}
  t=  66.00  cb_yield           L2-CB1 {'rot': 0.00613}
  t=  66.00  cb_yield           L20-CB0 {'rot': 0.0067}
  t=  67.00  cb_yield           L12-CB1 {'rot': 0.00611}
  t=  67.00  cb_yield           L21-CB3 {'rot': 0.00663}
  t=  71.00  cb_yield           L13-CB1 {'rot': 0.00611}
  t=  72.00  cb_yield           L21-CB0 {'rot': 0.00668}
  t=  72.00  cb_yield           L22-CB3 {'rot': 0.00667}
  t=  75.00  cb_yield           L3-CB3 {'rot': 0.00613}
  t=  76.00  cb_yield           L14-CB1 {'rot': 0.00613}
  t=  78.00  cb_yield           L23-CB3 {'rot': 0.00666}
  t=  79.00  cb_yield           L22-CB0 {'rot': 0.00661}
  t=  82.00  cb_yield           L15-CB1 {'rot': 0.00613}
  t=  89.00  cb_yield           L16-CB1 {'rot': 0.00611}
  t=  90.00  cb_yield           L23-CB0 {'rot': 0.00663}
  t=  91.00  cb_yield           L24-CB3 {'rot': 0.00661}
  t= 110.00  cb_yield           L2-CB3 {'rot': 0.00612}
  t= 118.00  cb_failure         L8-CB0 {'rot': 0.03015}
  t= 126.00  cb_failure         L7-CB0 {'rot': 0.03012}
  t= 151.00  cb_failure         L6-CB0 {'rot': 0.03011}
  step 168  solver fallback: Newton
  step 170  solver fallback: NewtonLineSearch
  step 181  solver fallback: NewtonLineSearch
