  t=  34.00  cb_yield           L5-CB0 {'rot': 0.00537}
  t=  34.00  cb_yield           L6-CB0 {'rot': 0.00547}
  t=  34.00  cb_yield           L7-CB0 {'rot': 0.00547}
  t=  34.00  cb_yield           L8-CB0 {'rot': 0.00538}
  t=  35.00  cb_yield           L4-CB0 {'rot': 0.00534}
  t=  35.00  cb_yield           L9-CB0 {'rot': 0.00542}
  t=  36.00  cb_yield           L10-CB0 {'rot': 0.00549}
  t=  36.00  cb_yield           L11-CB0 {'rot': 0.00541}
  t=  36.00  cb_yield           L12-CB0 {'rot': 0.00535}
  t=  37.00  cb_yield           L13-CB0 {'rot': 0.00549}
  t=  37.00  cb_yield           L14-CB0 {'rot': 0.00545}
  t=  37.00  cb_yield           L15-CB0 {'rot': 0.00541}
  t=  37.00  cb_yield           L16-CB0 {'rot': 0.00536}
  t=  38.00  cb_yield           L3-CB0 {'rot': 0.00555}
  t=  40.00  cb_yield           L17-CB0 {'rot': 0.00579}
  t=  41.00  cb_yield           L2-CB0 {'rot': 0.00535}
  t=  41.00  cb_yield           L18-CB0 {'rot': 0.00586}
  t=  42.00  cb_yield           L19-CB0 {'rot': 0.00592}
  t=  42.00  cb_yield           L20-CB0 {'rot': 0.00578}
  t=  43.00  cb_yield           L21-CB0 {'rot': 0.0058}
  t=  44.00  cb_yield           L22-CB0 {'rot': 0.00578}
  t=  45.00  cb_yield           L23-CB0 {'rot': 0.00574}
  t=  47.00  cb_yield           L24-CB0 {'rot': 0.00582}
  t=  49.00  cb_yield           L25-CB0 {'rot': 0.00585}
  t=  51.00  cb_yield           L26-CB0 {'rot': 0.00582}
  t=  52.00  cb_yield           L1-CB0 {'rot': 0.00545}
  t=  54.00  cb_yield           L27-CB0 {'rot': 0.00584}
  t=  57.00  cb_yield           L28-CB0 {'rot': 0.00581}
  t=  61.00  cb_yield           L29-CB0 {'rot': 0.00576}
  step 74  solver fallback: 100 sub-steps, tol 1e-05
  t=  75.00  wall_shear_strength_loss S7-F {'gamma': 0.0057}
  t=  75.00  wall_shear_strength_loss S8-F {'gamma': 0.00688}
  t=  75.00  wall_shear_strength_loss S9-F {'gamma': 0.00785}
  t=  75.00  wall_shear_failure S9-F {'gamma': 0.00785}
  t=  75.00  wall_shear_strength_loss S10-F {'gamma': 0.00829}
  t=  75.00  wall_shear_failure S10-F {'gamma': 0.00829}
  t=  75.00  wall_shear_strength_loss S11-F {'gamma': 0.00829}
  t=  75.00  wall_shear_failure S11-F {'gamma': 0.00829}
  t=  75.00  wall_shear_strength_loss S12-F {'gamma': 0.00796}
  t=  75.00  wall_shear_failure S12-F {'gamma': 0.00796}
  t=  75.00  wall_shear_strength_loss S13-F {'gamma': 0.00707}
  t=  75.00  wall_shear_strength_loss S14-F {'gamma': 0.00539}
  t=  76.00  wall_shear_failure S13-F {'gamma': 0.00755}
  t=  77.00  wall_shear_strength_loss S6-F {'gamma': 0.00511}
  t=  77.00  wall_shear_failure S8-F {'gamma': 0.00784}
  t=  78.00  wall_axial_failure S9-F {'gamma': 0.00915, 'eps': -0.00014, 'cause': 'shear'}
  t=  78.00  wall_axial_failure S10-F {'gamma': 0.00947, 'eps': -0.00013, 'cause': 'shear'}
  t=  78.00  wall_axial_failure S11-F {'gamma': 0.00939, 'eps': -0.00012, 'cause': 'shear'}
  step 78  solver fallback: NewtonLineSearch
