  t=  10.00  cb_yield           L8-CB1 {'rot': 0.0055}
  t=  10.00  cb_yield           L8-CB3 {'rot': 0.0055}
  t=  10.00  cb_yield           L9-CB1 {'rot': 0.00564}
  t=  10.00  cb_yield           L9-CB3 {'rot': 0.00564}
  t=  10.00  cb_yield           L10-CB1 {'rot': 0.00575}
  t=  10.00  cb_yield           L10-CB3 {'rot': 0.00575}
  t=  10.00  cb_yield           L11-CB1 {'rot': 0.00582}
  t=  10.00  cb_yield           L11-CB3 {'rot': 0.00582}
  t=  10.00  cb_yield           L12-CB1 {'rot': 0.00587}
  t=  10.00  cb_yield           L12-CB3 {'rot': 0.00587}
  t=  10.00  cb_yield           L13-CB1 {'rot': 0.00589}
  t=  10.00  cb_yield           L13-CB3 {'rot': 0.00589}
  t=  10.00  cb_yield           L14-CB1 {'rot': 0.00588}
  t=  10.00  cb_yield           L14-CB3 {'rot': 0.00588}
  t=  10.00  cb_yield           L15-CB1 {'rot': 0.00584}
  t=  10.00  cb_yield           L15-CB3 {'rot': 0.00585}
  t=  10.00  cb_yield           L16-CB1 {'rot': 0.00579}
  t=  10.00  cb_yield           L16-CB3 {'rot': 0.00579}
  t=  11.00  cb_yield           L6-CB1 {'rot': 0.00561}
  t=  11.00  cb_yield           L6-CB3 {'rot': 0.00561}
  t=  11.00  cb_yield           L7-CB1 {'rot': 0.00591}
  t=  11.00  cb_yield           L7-CB3 {'rot': 0.00591}
  t=  11.00  cb_yield           L17-CB1 {'rot': 0.00637}
  t=  11.00  cb_yield           L17-CB3 {'rot': 0.00637}
  t=  11.00  cb_yield           L18-CB1 {'rot': 0.00624}
  t=  11.00  cb_yield           L18-CB3 {'rot': 0.00624}
  t=  11.00  cb_yield           L19-CB1 {'rot': 0.00607}
  t=  11.00  cb_yield           L19-CB3 {'rot': 0.00607}
  t=  11.00  cb_yield           L20-CB1 {'rot': 0.00589}
  t=  11.00  cb_yield           L20-CB3 {'rot': 0.00589}
  t=  12.00  cb_yield           L5-CB1 {'rot': 0.00576}
  t=  12.00  cb_yield           L5-CB3 {'rot': 0.00576}
  t=  12.00  cb_yield           L7-CB0 {'rot': 0.0055}
  t=  12.00  cb_yield           L7-CB2 {'rot': 0.0055}
  t=  12.00  cb_yield           L8-CB0 {'rot': 0.00565}
  t=  12.00  cb_yield           L8-CB2 {'rot': 0.00566}
  t=  12.00  cb_yield           L9-CB0 {'rot': 0.00574}
  t=  12.00  cb_yield           L9-CB2 {'rot': 0.00574}
  t=  12.00  cb_yield           L10-CB0 {'rot': 0.00578}
  t=  12.00  cb_yield           L10-CB2 {'rot': 0.00578}
  t=  12.00  cb_yield           L11-CB0 {'rot': 0.00577}
  t=  12.00  cb_yield           L11-CB2 {'rot': 0.00577}
  t=  12.00  cb_yield           L12-CB0 {'rot': 0.00574}
  t=  12.00  cb_yield           L12-CB2 {'rot': 0.00574}
  t=  12.00  cb_yield           L13-CB0 {'rot': 0.00568}
  t=  12.00  cb_yield           L13-CB2 {'rot': 0.00568}
  t=  12.00  cb_yield           L14-CB0 {'rot': 0.00557}
  t=  12.00  cb_yield           L14-CB2 {'rot': 0.00558}
  t=  12.00  cb_yield           L15-CB0 {'rot': 0.00545}
  t=  12.00  cb_yield           L15-CB2 {'rot': 0.00545}
  t=  12.00  cb_yield           L21-CB1 {'rot': 0.00625}
  t=  12.00  cb_yield           L21-CB3 {'rot': 0.00625}
  t=  12.00  cb_yield           L22-CB1 {'rot': 0.00598}
  t=  12.00  cb_yield           L22-CB3 {'rot': 0.00598}
  t=  13.00  cb_yield           L4-CB1 {'rot': 0.00568}
  t=  13.00  cb_yield           L4-CB3 {'rot': 0.00568}
  t=  13.00  cb_yield           L5-CB0 {'rot': 0.00542}
  t=  13.00  cb_yield           L5-CB2 {'rot': 0.00542}
  t=  13.00  cb_yield           L6-CB0 {'rot': 0.00579}
  t=  13.00  cb_yield           L6-CB2 {'rot': 0.00579}
  t=  13.00  cb_yield           L16-CB0 {'rot': 0.00587}
  t=  13.00  cb_yield           L16-CB2 {'rot': 0.00587}
  t=  13.00  cb_yield           L23-CB1 {'rot': 0.00617}
  t=  13.00  cb_yield           L23-CB3 {'rot': 0.00618}
  t=  13.00  cb_yield           L24-CB1 {'rot': 0.00583}
  t=  13.00  cb_yield           L24-CB3 {'rot': 0.00583}
  t=  14.00  cb_yield           L4-CB0 {'rot': 0.00536}
  t=  14.00  cb_yield           L4-CB2 {'rot': 0.00536}
  t=  14.00  cb_yield           L17-CB0 {'rot': 0.00616}
  t=  14.00  cb_yield           L17-CB2 {'rot': 0.00616}
  t=  14.00  cb_yield           L18-CB0 {'rot': 0.00586}
  t=  14.00  cb_yield           L18-CB2 {'rot': 0.00586}
  t=  14.00  cb_yield           L25-CB1 {'rot': 0.00589}
  t=  14.00  cb_yield           L25-CB3 {'rot': 0.00589}
  t=  15.00  cb_yield           L3-CB1 {'rot': 0.00578}
  t=  15.00  cb_yield           L3-CB3 {'rot': 0.00578}
  t=  15.00  cb_yield           L19-CB0 {'rot': 0.00601}
  t=  15.00  cb_yield           L19-CB2 {'rot': 0.00602}
  t=  15.00  cb_yield           L26-CB1 {'rot': 0.00589}
  t=  15.00  cb_yield           L26-CB3 {'rot': 0.00589}
  t=  16.00  cb_yield           L3-CB0 {'rot': 0.00542}
  t=  16.00  cb_yield           L3-CB2 {'rot': 0.00542}
  t=  16.00  cb_yield           L20-CB0 {'rot': 0.0061}
  t=  16.00  cb_yield           L20-CB2 {'rot': 0.0061}
  t=  16.00  cb_yield           L27-CB1 {'rot': 0.00583}
  t=  16.00  cb_yield           L27-CB3 {'rot': 0.00584}
  t=  17.00  cb_yield           L2-CB1 {'rot': 0.00536}
  t=  17.00  cb_yield           L2-CB3 {'rot': 0.00536}
  t=  17.00  cb_yield           L21-CB0 {'rot': 0.00611}
  t=  17.00  cb_yield           L21-CB2 {'rot': 0.00611}
  t=  18.00  cb_yield           L22-CB0 {'rot': 0.00602}
  t=  18.00  cb_yield           L22-CB2 {'rot': 0.00602}
  t=  18.00  cb_yield           L28-CB1 {'rot': 0.00613}
  t=  18.00  cb_yield           L28-CB3 {'rot': 0.00613}
  t=  19.00  cb_yield           L2-CB0 {'rot': 0.00534}
  t=  19.00  cb_yield           L2-CB2 {'rot': 0.00534}
  t=  19.00  cb_yield           L23-CB0 {'rot': 0.00585}
  t=  19.00  cb_yield           L23-CB2 {'rot': 0.00585}
  t=  19.00  cb_yield           L29-CB1 {'rot': 0.00598}
  t=  19.00  cb_yield           L29-CB3 {'rot': 0.00598}
  t=  20.00  cb_yield           L30-CB1 {'rot': 0.00575}
  t=  20.00  cb_yield           L30-CB3 {'rot': 0.00575}
  t=  21.00  cb_yield           L24-CB0 {'rot': 0.00595}
  t=  21.00  cb_yield           L24-CB2 {'rot': 0.00595}
  t=  22.00  cb_yield           L31-CB1 {'rot': 0.00593}
  t=  22.00  cb_yield           L31-CB3 {'rot': 0.00593}
  t=  23.00  cb_yield           L25-CB0 {'rot': 0.00591}
  t=  23.00  cb_yield           L25-CB2 {'rot': 0.00591}
  t=  23.00  cb_yield           L32-CB1 {'rot': 0.00587}
  t=  23.00  cb_yield           L32-CB3 {'rot': 0.00587}
  t=  24.00  cb_yield           L1-CB1 {'rot': 0.00541}
  t=  24.00  cb_yield           L1-CB3 {'rot': 0.00541}
  t=  26.00  cb_yield           L26-CB0 {'rot': 0.00597}
  t=  26.00  cb_yield           L26-CB2 {'rot': 0.00597}
  t=  27.00  cb_yield           L1-CB0 {'rot': 0.00549}
  t=  27.00  cb_yield           L1-CB2 {'rot': 0.00549}
  t=  30.00  cb_yield           L27-CB0 {'rot': 0.0058}
  t=  30.00  cb_yield           L27-CB2 {'rot': 0.0058}
  t=  30.00  cb_yield           L33-CB1 {'rot': 0.00605}
  t=  30.00  cb_yield           L33-CB3 {'rot': 0.00605}
  t=  37.00  cb_failure         L13-CB1 {'rot': 0.02933}
  t=  37.00  cb_failure         L13-CB3 {'rot': 0.02933}
  t=  37.00  cb_failure         L14-CB1 {'rot': 0.02938}
  t=  37.00  cb_failure         L14-CB3 {'rot': 0.02938}
  t=  37.00  cb_failure         L15-CB1 {'rot': 0.02933}
  t=  37.00  cb_failure         L15-CB3 {'rot': 0.02933}
  t=  37.00  cb_yield           L28-CB0 {'rot': 0.00585}
  t=  37.00  cb_yield           L28-CB2 {'rot': 0.00585}
  t=  38.00  cb_failure         L11-CB1 {'rot': 0.0295}
  t=  38.00  cb_failure         L11-CB3 {'rot': 0.0295}
  t=  38.00  cb_failure         L12-CB1 {'rot': 0.02995}
  t=  38.00  cb_failure         L12-CB3 {'rot': 0.02995}
  t=  38.00  cb_failure         L16-CB1 {'rot': 0.03003}
  t=  38.00  cb_failure         L16-CB3 {'rot': 0.03003}
  t=  39.00  cb_failure         L10-CB1 {'rot': 0.02978}
  t=  39.00  cb_failure         L10-CB3 {'rot': 0.02979}
  t=  39.00  cb_failure         L17-CB1 {'rot': 0.0305}
  t=  39.00  cb_failure         L17-CB3 {'rot': 0.0305}
  t=  39.00  cb_failure         L18-CB1 {'rot': 0.02994}
  t=  39.00  cb_failure         L18-CB3 {'rot': 0.02994}
  t=  40.00  cb_failure         L9-CB1 {'rot': 0.02985}
  t=  40.00  cb_failure         L9-CB3 {'rot': 0.02985}
  t=  40.00  cb_failure         L19-CB1 {'rot': 0.03009}
  t=  40.00  cb_failure         L19-CB3 {'rot': 0.03009}
  t=  41.00  cb_failure         L8-CB1 {'rot': 0.02965}
  t=  41.00  cb_failure         L8-CB3 {'rot': 0.02965}
  t=  41.00  cb_failure         L20-CB1 {'rot': 0.0301}
  t=  41.00  cb_failure         L20-CB3 {'rot': 0.0301}
  t=  42.00  cb_failure         L21-CB1 {'rot': 0.02988}
  t=  42.00  cb_failure         L21-CB3 {'rot': 0.02988}
  t=  43.00  cb_failure         L7-CB1 {'rot': 0.02986}
  t=  43.00  cb_failure         L7-CB3 {'rot': 0.02986}
  t=  43.00  cb_yield           L29-CB0 {'rot': 0.00591}
  t=  43.00  cb_yield           L29-CB2 {'rot': 0.00591}
  t=  44.00  cb_failure         L22-CB1 {'rot': 0.03014}
  t=  44.00  cb_failure         L22-CB3 {'rot': 0.03014}
  t=  45.00  cb_failure         L6-CB1 {'rot': 0.02951}
  t=  45.00  cb_failure         L6-CB3 {'rot': 0.02951}
  t=  46.00  cb_failure         L23-CB1 {'rot': 0.02998}
  t=  46.00  cb_failure         L23-CB3 {'rot': 0.02998}
  t=  48.00  cb_failure         L10-CB0 {'rot': 0.02956}
  t=  48.00  cb_failure         L10-CB2 {'rot': 0.02956}
  t=  48.00  cb_failure         L11-CB0 {'rot': 0.02975}
  t=  48.00  cb_failure         L11-CB2 {'rot': 0.02975}
  t=  48.00  cb_failure         L12-CB0 {'rot': 0.02979}
  t=  48.00  cb_failure         L12-CB2 {'rot': 0.02979}
  t=  48.00  cb_failure         L13-CB0 {'rot': 0.02964}
  t=  48.00  cb_failure         L13-CB2 {'rot': 0.02964}
  t=  49.00  cb_failure         L5-CB1 {'rot': 0.02971}
  t=  49.00  cb_failure         L5-CB3 {'rot': 0.02971}
  t=  49.00  cb_failure         L9-CB0 {'rot': 0.02992}
  t=  49.00  cb_failure         L9-CB2 {'rot': 0.02992}
  t=  49.00  cb_failure         L14-CB0 {'rot': 0.03004}
  t=  49.00  cb_failure         L14-CB2 {'rot': 0.03004}
  t=  49.00  cb_failure         L15-CB0 {'rot': 0.02952}
  t=  49.00  cb_failure         L15-CB2 {'rot': 0.02953}
  t=  49.00  cb_failure         L24-CB1 {'rot': 0.02996}
  t=  49.00  cb_failure         L24-CB3 {'rot': 0.02996}
  t=  49.00  cb_yield           L30-CB0 {'rot': 0.00578}
  t=  49.00  cb_yield           L30-CB2 {'rot': 0.00578}
  t=  50.00  cb_failure         L8-CB0 {'rot': 0.02995}
  t=  50.00  cb_failure         L8-CB2 {'rot': 0.02995}
  t=  50.00  cb_failure         L16-CB0 {'rot': 0.02959}
  t=  50.00  cb_failure         L16-CB2 {'rot': 0.02959}
  t=  51.00  cb_failure         L7-CB0 {'rot': 0.02957}
  t=  51.00  cb_failure         L7-CB2 {'rot': 0.02957}
  t=  52.00  cb_failure         L17-CB0 {'rot': 0.02995}
  t=  52.00  cb_failure         L17-CB2 {'rot': 0.02995}
  t=  52.00  cb_failure         L25-CB1 {'rot': 0.02986}
  t=  52.00  cb_failure         L25-CB3 {'rot': 0.02986}
  t=  54.00  cb_failure         L4-CB1 {'rot': 0.02938}
  t=  54.00  cb_failure         L4-CB3 {'rot': 0.02938}
  t=  54.00  cb_failure         L6-CB0 {'rot': 0.02991}
  t=  54.00  cb_failure         L6-CB2 {'rot': 0.02991}
  t=  54.00  cb_failure         L18-CB0 {'rot': 0.02993}
  t=  54.00  cb_failure         L18-CB2 {'rot': 0.02993}
  t=  55.00  cb_failure         L26-CB1 {'rot': 0.02979}
  t=  55.00  cb_failure         L26-CB3 {'rot': 0.02979}
  t=  57.00  cb_failure         L5-CB0 {'rot': 0.02933}
  t=  57.00  cb_failure         L5-CB2 {'rot': 0.02933}
  t=  57.00  cb_failure         L19-CB0 {'rot': 0.03011}
  t=  57.00  cb_failure         L19-CB2 {'rot': 0.03011}
  t=  58.00  cb_yield           L31-CB0 {'rot': 0.00575}
  t=  58.00  cb_yield           L31-CB2 {'rot': 0.00575}
  t=  59.00  cb_failure         L27-CB1 {'rot': 0.02989}
  t=  59.00  cb_failure         L27-CB3 {'rot': 0.02989}
  t=  60.00  cb_failure         L20-CB0 {'rot': 0.02986}
  t=  60.00  cb_failure         L20-CB2 {'rot': 0.02986}
  t=  62.00  cb_failure         L28-CB1 {'rot': 0.02975}
  t=  62.00  cb_failure         L28-CB3 {'rot': 0.02975}
  t=  63.00  cb_failure         L3-CB1 {'rot': 0.02947}
  t=  63.00  cb_failure         L3-CB3 {'rot': 0.02947}
  t=  64.00  cb_failure         L4-CB0 {'rot': 0.02933}
  t=  64.00  cb_failure         L4-CB2 {'rot': 0.02933}
  t=  65.00  cb_failure         L21-CB0 {'rot': 0.02985}
  t=  65.00  cb_failure         L21-CB2 {'rot': 0.02985}
  t=  66.00  cb_failure         L29-CB1 {'rot': 0.02983}
  t=  66.00  cb_failure         L29-CB3 {'rot': 0.02983}
  t=  69.00  cb_yield           L32-CB0 {'rot': 0.00576}
  t=  69.00  cb_yield           L32-CB2 {'rot': 0.00576}
  t=  70.00  cb_failure         L30-CB1 {'rot': 0.02988}
  t=  70.00  cb_failure         L30-CB3 {'rot': 0.02988}
  t=  73.00  cb_failure         L22-CB0 {'rot': 0.02992}
  t=  73.00  cb_failure         L22-CB2 {'rot': 0.02992}
  t=  73.00  cb_failure         L31-CB1 {'rot': 0.0298}
  t=  73.00  cb_failure         L31-CB3 {'rot': 0.0298}
  t=  76.00  cb_failure         L32-CB1 {'rot': 0.02989}
  t=  76.00  cb_failure         L32-CB3 {'rot': 0.02989}
  t=  77.00  cb_failure         L2-CB1 {'rot': 0.02944}
  t=  77.00  cb_failure         L2-CB3 {'rot': 0.02944}
  t=  77.00  cb_yield           L33-CB0 {'rot': 0.00576}
  t=  77.00  cb_yield           L33-CB2 {'rot': 0.00576}
  t=  78.00  cb_failure         L3-CB0 {'rot': 0.0294}
  t=  78.00  cb_failure         L3-CB2 {'rot': 0.0294}
  t=  83.00  cb_failure         L23-CB0 {'rot': 0.02975}
  t=  83.00  cb_failure         L23-CB2 {'rot': 0.02975}
  t=  83.00  cb_failure         L33-CB1 {'rot': 0.0299}
  t=  83.00  cb_failure         L33-CB3 {'rot': 0.0299}
  t=  97.00  cb_failure         L24-CB0 {'rot': 0.02974}
  t=  97.00  cb_failure         L24-CB2 {'rot': 0.02974}
  step 98  solver fallback: NewtonLineSearch
  t=  99.00  cb_failure         L1-CB1 {'rot': 0.03483}
  t=  99.00  cb_failure         L1-CB3 {'rot': 0.03483}
  t=  99.00  cb_failure         L2-CB0 {'rot': 0.03316}
  t=  99.00  cb_failure         L2-CB2 {'rot': 0.03315}
  t= 111.00  wall_flexure_strength_loss S1-F {'rot_x': 0.0, 'rot_y': 0.00459}
  t= 116.00  cb_failure         L1-CB0 {'rot': 0.02949}
  t= 116.00  cb_failure         L1-CB2 {'rot': 0.02949}
  step 120  solver fallback: NewtonLineSearch
