  t=   0.00  removed            pier-(1, 'M') 
  t=  10.00  cb_yield           L1-CB0 {'rot': 0.00633}
  t=  10.00  cb_yield           L1-CB1 {'rot': 0.00646}
  t=  10.00  cb_yield           L1-CB2 {'rot': 0.00633}
  t=  10.00  cb_yield           L1-CB3 {'rot': 0.00646}
  t=  10.00  cb_yield           L2-CB0 {'rot': 0.00591}
  t=  10.00  cb_yield           L2-CB2 {'rot': 0.00591}
  t=  11.00  cb_yield           L2-CB1 {'rot': 0.00648}
  t=  11.00  cb_yield           L2-CB3 {'rot': 0.00648}
  t=  11.00  cb_yield           L3-CB0 {'rot': 0.00607}
  t=  11.00  cb_yield           L3-CB2 {'rot': 0.00607}
  t=  12.00  cb_yield           L3-CB1 {'rot': 0.00649}
  t=  12.00  cb_yield           L3-CB3 {'rot': 0.00649}
  t=  12.00  cb_yield           L4-CB0 {'rot': 0.00619}
  t=  12.00  cb_yield           L4-CB2 {'rot': 0.0062}
  t=  13.00  cb_yield           L4-CB1 {'rot': 0.00646}
  t=  13.00  cb_yield           L4-CB3 {'rot': 0.00646}
  t=  13.00  cb_yield           L5-CB0 {'rot': 0.00629}
  t=  13.00  cb_yield           L5-CB2 {'rot': 0.00629}
  t=  14.00  cb_yield           L5-CB1 {'rot': 0.00641}
  t=  14.00  cb_yield           L5-CB3 {'rot': 0.00641}
  t=  14.00  cb_yield           L6-CB0 {'rot': 0.00636}
  t=  14.00  cb_yield           L6-CB2 {'rot': 0.00636}
  t=  14.00  cb_yield           L7-CB0 {'rot': 0.00597}
  t=  14.00  cb_yield           L7-CB2 {'rot': 0.00597}
  t=  15.00  cb_yield           L6-CB1 {'rot': 0.00633}
  t=  15.00  cb_yield           L6-CB3 {'rot': 0.00633}
  t=  15.00  cb_yield           L8-CB0 {'rot': 0.00603}
  t=  15.00  cb_yield           L8-CB2 {'rot': 0.00603}
  t=  16.00  cb_yield           L7-CB1 {'rot': 0.00624}
  t=  16.00  cb_yield           L7-CB3 {'rot': 0.00624}
  t=  16.00  cb_yield           L9-CB0 {'rot': 0.00606}
  t=  16.00  cb_yield           L9-CB2 {'rot': 0.00606}
  t=  17.00  cb_yield           L8-CB1 {'rot': 0.00613}
  t=  17.00  cb_yield           L8-CB3 {'rot': 0.00613}
  t=  17.00  cb_yield           L10-CB0 {'rot': 0.00608}
  t=  17.00  cb_yield           L10-CB2 {'rot': 0.00608}
  t=  18.00  cb_yield           L9-CB1 {'rot': 0.006}
  t=  18.00  cb_yield           L9-CB3 {'rot': 0.00599}
  t=  18.00  cb_yield           L11-CB0 {'rot': 0.00608}
  t=  18.00  cb_yield           L11-CB2 {'rot': 0.00608}
  t=  19.00  cb_yield           L12-CB0 {'rot': 0.00608}
  t=  19.00  cb_yield           L12-CB2 {'rot': 0.00608}
  t=  20.00  cb_yield           L10-CB1 {'rot': 0.00627}
  t=  20.00  cb_yield           L10-CB3 {'rot': 0.00626}
  t=  20.00  cb_yield           L13-CB0 {'rot': 0.00608}
  t=  20.00  cb_yield           L13-CB2 {'rot': 0.00608}
  t=  21.00  cb_yield           L11-CB1 {'rot': 0.00611}
  t=  21.00  cb_yield           L11-CB3 {'rot': 0.00611}
  t=  21.00  cb_yield           L14-CB0 {'rot': 0.00609}
  t=  21.00  cb_yield           L14-CB2 {'rot': 0.00609}
  t=  22.00  cb_yield           L15-CB0 {'rot': 0.00605}
  t=  22.00  cb_yield           L15-CB2 {'rot': 0.00605}
  t=  23.00  cb_yield           L12-CB1 {'rot': 0.006}
  t=  23.00  cb_yield           L12-CB3 {'rot': 0.006}
  t=  25.00  cb_failure         L1-CB1 {'rot': 0.02087}
  t=  25.00  cb_failure         L1-CB3 {'rot': 0.02087}
  t=  25.00  cb_yield           L16-CB0 {'rot': 0.00599}
  t=  25.00  cb_yield           L16-CB2 {'rot': 0.00599}
  t=  27.00  cb_failure         L1-CB0 {'rot': 0.02036}
  t=  27.00  cb_failure         L1-CB2 {'rot': 0.02036}
  t=  30.00  cb_failure         L2-CB1 {'rot': 0.02011}
  t=  30.00  cb_failure         L2-CB3 {'rot': 0.02011}
  t=  31.00  cb_yield           L13-CB1 {'rot': 0.00594}
  t=  31.00  cb_yield           L13-CB3 {'rot': 0.00593}
  t=  35.00  cb_failure         L2-CB0 {'rot': 0.02002}
  t=  35.00  cb_failure         L2-CB2 {'rot': 0.02002}
  t=  39.00  cb_failure         L3-CB0 {'rot': 0.02022}
  t=  39.00  cb_failure         L3-CB1 {'rot': 0.0202}
  t=  39.00  cb_failure         L3-CB2 {'rot': 0.02022}
  t=  39.00  cb_failure         L3-CB3 {'rot': 0.0202}
  t=  43.00  cb_failure         L4-CB0 {'rot': 0.01995}
  t=  43.00  cb_failure         L4-CB2 {'rot': 0.01995}
  t=  44.00  cb_yield           L14-CB1 {'rot': 0.00591}
  t=  44.00  cb_yield           L14-CB3 {'rot': 0.00591}
  t=  49.00  cb_failure         L4-CB1 {'rot': 0.02051}
  t=  49.00  cb_failure         L4-CB3 {'rot': 0.02051}
  t=  52.00  cb_yield           L17-CB0 {'rot': 0.00656}
  t=  52.00  cb_yield           L17-CB2 {'rot': 0.00656}
  t=  54.00  cb_failure         L5-CB0 {'rot': 0.02051}
  t=  54.00  cb_failure         L5-CB2 {'rot': 0.02051}
  t=  55.00  cb_failure         L5-CB1 {'rot': 0.01991}
  t=  55.00  cb_failure         L5-CB3 {'rot': 0.01991}
  t=  56.00  cb_yield           L15-CB1 {'rot': 0.0059}
  t=  56.00  cb_yield           L15-CB3 {'rot': 0.0059}
  t=  61.00  cb_failure         L6-CB0 {'rot': 0.02042}
  t=  61.00  cb_failure         L6-CB2 {'rot': 0.02042}
  t=  63.00  cb_failure         L7-CB1 {'rot': 0.01999}
  t=  63.00  cb_failure         L7-CB3 {'rot': 0.01999}
  t=  64.00  cb_failure         L6-CB1 {'rot': 0.02037}
  t=  64.00  cb_failure         L6-CB3 {'rot': 0.02037}
  t=  64.00  cb_yield           L18-CB0 {'rot': 0.00656}
  t=  64.00  cb_yield           L18-CB2 {'rot': 0.00656}
  t=  68.00  cb_failure         L7-CB0 {'rot': 0.02025}
  t=  68.00  cb_failure         L7-CB2 {'rot': 0.02026}
  t=  69.00  cb_yield           L16-CB1 {'rot': 0.00594}
  t=  69.00  cb_yield           L16-CB3 {'rot': 0.00594}
  t=  72.00  cb_failure         L8-CB1 {'rot': 0.02033}
  t=  72.00  cb_failure         L8-CB3 {'rot': 0.02033}
  t=  75.00  cb_yield           L19-CB0 {'rot': 0.00654}
  t=  75.00  cb_yield           L19-CB2 {'rot': 0.00654}
  t=  76.00  cb_failure         L8-CB0 {'rot': 0.02}
  t=  76.00  cb_failure         L8-CB2 {'rot': 0.02}
  t=  80.00  cb_failure         L9-CB1 {'rot': 0.01992}
  t=  80.00  cb_failure         L9-CB3 {'rot': 0.01992}
  t=  85.00  cb_failure         L9-CB0 {'rot': 0.02008}
  t=  85.00  cb_failure         L9-CB2 {'rot': 0.02008}
  t=  88.00  cb_yield           L20-CB0 {'rot': 0.00657}
  t=  88.00  cb_yield           L20-CB2 {'rot': 0.00658}
  t=  90.00  cb_failure         L10-CB1 {'rot': 0.02005}
  t=  90.00  cb_failure         L10-CB3 {'rot': 0.02005}
  t=  95.00  cb_failure         L10-CB0 {'rot': 0.0202}
  t=  95.00  cb_failure         L10-CB2 {'rot': 0.0202}
  t=  99.00  cb_yield           L17-CB1 {'rot': 0.00654}
  t=  99.00  cb_yield           L17-CB3 {'rot': 0.00653}
  t=  99.00  cb_yield           L21-CB0 {'rot': 0.00658}
  t=  99.00  cb_yield           L21-CB2 {'rot': 0.00659}
  t= 100.00  cb_failure         L11-CB1 {'rot': 0.0202}
  t= 100.00  cb_failure         L11-CB3 {'rot': 0.0202}
  t= 105.00  cb_failure         L11-CB0 {'rot': 0.02017}
  t= 105.00  cb_failure         L11-CB2 {'rot': 0.02017}
  t= 109.00  cb_yield           L22-CB0 {'rot': 0.00653}
  t= 109.00  cb_yield           L22-CB2 {'rot': 0.00653}
  t= 110.00  cb_failure         L12-CB1 {'rot': 0.02}
  t= 110.00  cb_failure         L12-CB3 {'rot': 0.02}
  t= 115.00  cb_failure         L12-CB0 {'rot': 0.02015}
  t= 115.00  cb_failure         L12-CB2 {'rot': 0.02015}
  t= 118.00  cb_failure         L13-CB1 {'rot': 0.03099}
  t= 118.00  cb_failure         L13-CB3 {'rot': 0.03099}
  t= 118.00  cb_yield           L18-CB1 {'rot': 0.00686}
  t= 118.00  cb_yield           L18-CB3 {'rot': 0.00686}
  t= 118.00  cb_yield           L23-CB0 {'rot': 0.00659}
  t= 118.00  cb_yield           L23-CB2 {'rot': 0.00659}
  t= 121.00  cb_failure         L13-CB0 {'rot': 0.02001}
  t= 121.00  cb_failure         L13-CB2 {'rot': 0.02001}
  t= 127.00  cb_yield           L24-CB0 {'rot': 0.00653}
  t= 127.00  cb_yield           L24-CB2 {'rot': 0.00653}
  t= 129.00  cb_yield           L19-CB1 {'rot': 0.00652}
  t= 130.00  cb_yield           L19-CB3 {'rot': 0.00657}
  t= 132.00  cb_failure         L14-CB0 {'rot': 0.02012}
  t= 132.00  cb_failure         L14-CB2 {'rot': 0.02012}
  t= 136.00  cb_failure         L14-CB1 {'rot': 0.02024}
  t= 136.00  cb_failure         L14-CB3 {'rot': 0.02024}
  t= 136.00  cb_failure         L15-CB1 {'rot': 0.02001}
  t= 136.00  cb_failure         L15-CB3 {'rot': 0.02001}
  t= 136.00  cb_yield           L25-CB0 {'rot': 0.00663}
  t= 136.00  cb_yield           L25-CB2 {'rot': 0.00663}
  t= 137.00  cb_failure         L15-CB0 {'rot': 0.02011}
  t= 137.00  cb_failure         L15-CB2 {'rot': 0.02011}
  t= 143.00  cb_yield           L20-CB1 {'rot': 0.00658}
  t= 143.00  cb_yield           L20-CB3 {'rot': 0.00658}
  t= 143.00  cb_yield           L26-CB0 {'rot': 0.00655}
  t= 143.00  cb_yield           L26-CB2 {'rot': 0.00655}
  t= 144.00  cb_failure         L16-CB0 {'rot': 0.01996}
  t= 144.00  cb_failure         L16-CB2 {'rot': 0.01996}
  t= 149.00  cb_yield           L27-CB0 {'rot': 0.00654}
  t= 149.00  cb_yield           L27-CB2 {'rot': 0.00654}
  t= 152.00  cb_failure         L16-CB1 {'rot': 0.02018}
  t= 152.00  cb_failure         L16-CB3 {'rot': 0.02018}
  t= 152.00  cb_yield           L21-CB1 {'rot': 0.00658}
  t= 152.00  cb_yield           L21-CB3 {'rot': 0.00657}
  t= 153.00  cb_failure         L17-CB1 {'rot': 0.02072}
  t= 153.00  cb_failure         L17-CB3 {'rot': 0.02072}
  t= 153.00  cb_yield           L28-CB0 {'rot': 0.00654}
  t= 153.00  cb_yield           L28-CB2 {'rot': 0.00654}
  t= 163.00  cb_yield           L29-CB0 {'rot': 0.00652}
  t= 163.00  cb_yield           L29-CB2 {'rot': 0.00652}
  t= 165.00  cb_failure         L17-CB0 {'rot': 0.02079}
  t= 165.00  cb_failure         L17-CB2 {'rot': 0.02079}
  t= 165.00  cb_failure         L18-CB1 {'rot': 0.02057}
  t= 165.00  cb_failure         L18-CB3 {'rot': 0.02057}
  t= 165.00  cb_yield           L30-CB0 {'rot': 0.00659}
  t= 165.00  cb_yield           L30-CB2 {'rot': 0.00659}
  t= 167.00  cb_yield           L22-CB1 {'rot': 0.00655}
  t= 167.00  cb_yield           L22-CB3 {'rot': 0.00655}
  t= 168.00  cb_yield           L31-CB0 {'rot': 0.00655}
  t= 168.00  cb_yield           L31-CB2 {'rot': 0.00655}
  t= 172.00  cb_yield           L32-CB0 {'rot': 0.00657}
  t= 172.00  cb_yield           L32-CB2 {'rot': 0.00657}
  t= 173.00  cb_yield           L33-CB0 {'rot': 0.00661}
  t= 173.00  cb_yield           L33-CB2 {'rot': 0.00661}
  t= 174.00  cb_failure         L18-CB0 {'rot': 0.02158}
  t= 174.00  cb_failure         L18-CB2 {'rot': 0.02158}
  t= 174.00  cb_failure         L19-CB0 {'rot': 0.02052}
  t= 174.00  cb_failure         L19-CB1 {'rot': 0.02087}
  t= 174.00  cb_failure         L19-CB2 {'rot': 0.02053}
  t= 174.00  cb_failure         L19-CB3 {'rot': 0.02087}
  t= 174.00  cb_yield           L23-CB1 {'rot': 0.00653}
  t= 174.00  cb_yield           L23-CB3 {'rot': 0.00653}
  t= 185.00  cb_yield           L24-CB1 {'rot': 0.00665}
  t= 185.00  cb_yield           L24-CB3 {'rot': 0.00665}
  t= 188.00  cb_yield           L25-CB1 {'rot': 0.00655}
  t= 188.00  cb_yield           L25-CB3 {'rot': 0.00655}
  t= 189.00  cb_failure         L20-CB0 {'rot': 0.02323}
  t= 189.00  cb_failure         L20-CB1 {'rot': 0.02201}
  t= 189.00  cb_failure         L20-CB2 {'rot': 0.02323}
  t= 189.00  cb_failure         L20-CB3 {'rot': 0.02201}
  t= 189.00  cb_failure         L21-CB1 {'rot': 0.06997}
  t= 189.00  cb_failure         L21-CB3 {'rot': 0.06996}
  t= 189.00  cb_yield           L26-CB1 {'rot': 0.00662}
  t= 189.00  cb_yield           L26-CB3 {'rot': 0.00662}
  t= 190.00  cb_failure         L21-CB0 {'rot': 0.0219}
  t= 190.00  cb_failure         L21-CB2 {'rot': 0.0219}
  t= 190.00  cb_yield           L27-CB1 {'rot': 0.0069}
  t= 190.00  cb_yield           L27-CB3 {'rot': 0.0069}
  t= 190.00  cb_yield           L28-CB1 {'rot': 0.00661}
  t= 190.00  cb_yield           L28-CB3 {'rot': 0.00661}
  t= 191.00  cb_failure         L22-CB0 {'rot': 0.10315}
  t= 191.00  cb_failure         L22-CB1 {'rot': 0.10267}
  t= 191.00  cb_failure         L22-CB2 {'rot': 0.10315}
  t= 191.00  cb_failure         L22-CB3 {'rot': 0.10267}
  t= 191.00  cb_failure         L23-CB0 {'rot': 0.10241}
  t= 191.00  cb_failure         L23-CB1 {'rot': 0.10184}
  t= 191.00  cb_failure         L23-CB2 {'rot': 0.10241}
  t= 191.00  cb_failure         L23-CB3 {'rot': 0.10184}
  t= 191.00  cb_failure         L24-CB0 {'rot': 0.10196}
  t= 191.00  cb_failure         L24-CB1 {'rot': 0.10124}
  t= 191.00  cb_failure         L24-CB2 {'rot': 0.10196}
  t= 191.00  cb_failure         L24-CB3 {'rot': 0.10124}
  t= 191.00  cb_failure         L25-CB0 {'rot': 0.10171}
  t= 191.00  cb_failure         L25-CB1 {'rot': 0.10093}
  t= 191.00  cb_failure         L25-CB2 {'rot': 0.10171}
  t= 191.00  cb_failure         L25-CB3 {'rot': 0.10093}
  t= 191.00  cb_failure         L26-CB0 {'rot': 0.10149}
  t= 191.00  cb_failure         L26-CB1 {'rot': 0.10067}
  t= 191.00  cb_failure         L26-CB2 {'rot': 0.10149}
  t= 191.00  cb_failure         L26-CB3 {'rot': 0.10067}
  t= 191.00  cb_failure         L27-CB0 {'rot': 0.10128}
  t= 191.00  cb_failure         L27-CB1 {'rot': 0.10046}
  t= 191.00  cb_failure         L27-CB2 {'rot': 0.10128}
  t= 191.00  cb_failure         L27-CB3 {'rot': 0.10046}
  t= 191.00  cb_failure         L28-CB0 {'rot': 0.10109}
  t= 191.00  cb_failure         L28-CB1 {'rot': 0.1003}
  t= 191.00  cb_failure         L28-CB2 {'rot': 0.10109}
  t= 191.00  cb_failure         L28-CB3 {'rot': 0.10029}
  t= 191.00  cb_failure         L29-CB0 {'rot': 0.10092}
  t= 191.00  cb_yield           L29-CB1 {'rot': 0.10017}
  t= 191.00  cb_failure         L29-CB1 {'rot': 0.10017}
  t= 191.00  cb_failure         L29-CB2 {'rot': 0.10092}
  t= 191.00  cb_yield           L29-CB3 {'rot': 0.10017}
  t= 191.00  cb_failure         L29-CB3 {'rot': 0.10017}
  t= 191.00  cb_failure         L30-CB0 {'rot': 0.10078}
  t= 191.00  cb_yield           L30-CB1 {'rot': 0.10007}
  t= 191.00  cb_failure         L30-CB1 {'rot': 0.10007}
  t= 191.00  cb_failure         L30-CB2 {'rot': 0.10078}
  t= 191.00  cb_yield           L30-CB3 {'rot': 0.10007}
  t= 191.00  cb_failure         L30-CB3 {'rot': 0.10007}
  t= 191.00  cb_failure         L31-CB0 {'rot': 0.10067}
  t= 191.00  cb_yield           L31-CB1 {'rot': 0.1}
  t= 191.00  cb_failure         L31-CB1 {'rot': 0.1}
  t= 191.00  cb_failure         L31-CB2 {'rot': 0.10067}
  t= 191.00  cb_yield           L31-CB3 {'rot': 0.1}
  t= 191.00  cb_failure         L31-CB3 {'rot': 0.1}
  t= 191.00  cb_failure         L32-CB0 {'rot': 0.10059}
  t= 191.00  cb_yield           L32-CB1 {'rot': 0.09996}
  t= 191.00  cb_failure         L32-CB1 {'rot': 0.09996}
  t= 191.00  cb_failure         L32-CB2 {'rot': 0.10059}
  t= 191.00  cb_yield           L32-CB3 {'rot': 0.09996}
  t= 191.00  cb_failure         L32-CB3 {'rot': 0.09996}
  t= 191.00  cb_failure         L33-CB0 {'rot': 0.10053}
  t= 191.00  cb_yield           L33-CB1 {'rot': 0.09997}
  t= 191.00  cb_failure         L33-CB1 {'rot': 0.09997}
  t= 191.00  cb_failure         L33-CB2 {'rot': 0.10053}
  t= 191.00  cb_yield           L33-CB3 {'rot': 0.09997}
  t= 191.00  cb_failure         L33-CB3 {'rot': 0.09997}
