  t=   0.00  removed            pier-(1, 'R') 
  t=  11.00  cb_yield           L1-CB0 {'rot': 0.00604}
  t=  11.00  cb_yield           L1-CB2 {'rot': 0.00604}
  t=  12.00  cb_yield           L2-CB0 {'rot': 0.00595}
  t=  12.00  cb_yield           L2-CB2 {'rot': 0.00595}
  t=  14.00  cb_yield           L3-CB0 {'rot': 0.00636}
  t=  14.00  cb_yield           L3-CB2 {'rot': 0.00636}
  t=  15.00  cb_yield           L4-CB0 {'rot': 0.00621}
  t=  15.00  cb_yield           L4-CB2 {'rot': 0.00621}
  t=  16.00  cb_yield           L5-CB0 {'rot': 0.00608}
  t=  16.00  cb_yield           L5-CB2 {'rot': 0.00608}
  t=  17.00  cb_yield           L6-CB0 {'rot': 0.00597}
  t=  17.00  cb_yield           L6-CB2 {'rot': 0.00597}
  t=  19.00  cb_yield           L7-CB0 {'rot': 0.00629}
  t=  19.00  cb_yield           L7-CB2 {'rot': 0.00629}
  t=  20.00  cb_yield           L8-CB0 {'rot': 0.00618}
  t=  20.00  cb_yield           L8-CB2 {'rot': 0.00617}
  t=  21.00  cb_yield           L9-CB0 {'rot': 0.00607}
  t=  21.00  cb_yield           L9-CB2 {'rot': 0.00607}
  t=  22.00  cb_yield           L10-CB0 {'rot': 0.00597}
  t=  22.00  cb_yield           L10-CB2 {'rot': 0.00597}
  t=  24.00  cb_yield           L11-CB0 {'rot': 0.00624}
  t=  24.00  cb_yield           L11-CB2 {'rot': 0.00624}
  t=  25.00  cb_yield           L12-CB0 {'rot': 0.00611}
  t=  25.00  cb_yield           L12-CB2 {'rot': 0.00611}
  t=  26.00  cb_yield           L13-CB0 {'rot': 0.00593}
  t=  26.00  cb_yield           L13-CB2 {'rot': 0.00593}
  t=  28.00  cb_yield           L14-CB0 {'rot': 0.00592}
  t=  28.00  cb_yield           L14-CB2 {'rot': 0.00592}
  t=  31.00  cb_yield           L15-CB0 {'rot': 0.00603}
  t=  31.00  cb_yield           L15-CB2 {'rot': 0.00603}
  t=  32.00  cb_failure         L1-CB0 {'rot': 0.02048}
  t=  32.00  cb_failure         L1-CB2 {'rot': 0.02048}
  t=  33.00  cb_yield           L16-CB0 {'rot': 0.00595}
  t=  33.00  cb_yield           L16-CB2 {'rot': 0.00595}
  t=  34.00  cb_failure         L2-CB0 {'rot': 0.01992}
  t=  34.00  cb_failure         L2-CB2 {'rot': 0.01992}
  t=  38.00  cb_failure         L3-CB0 {'rot': 0.02045}
  t=  38.00  cb_failure         L3-CB2 {'rot': 0.02045}
  t=  41.00  cb_failure         L4-CB0 {'rot': 0.02045}
  t=  41.00  cb_failure         L4-CB2 {'rot': 0.02045}
  t=  42.00  cb_yield           L17-CB0 {'rot': 0.00662}
  t=  42.00  cb_yield           L17-CB2 {'rot': 0.00662}
  t=  43.00  cb_failure         L5-CB0 {'rot': 0.01992}
  t=  43.00  cb_failure         L5-CB2 {'rot': 0.01992}
  t=  46.00  cb_failure         L6-CB0 {'rot': 0.02}
  t=  46.00  cb_failure         L6-CB2 {'rot': 0.02}
  t=  46.00  cb_yield           L18-CB0 {'rot': 0.00654}
  t=  46.00  cb_yield           L18-CB2 {'rot': 0.00654}
  t=  49.00  cb_failure         L7-CB0 {'rot': 0.0201}
  t=  49.00  cb_failure         L7-CB2 {'rot': 0.0201}
  t=  52.00  cb_failure         L8-CB0 {'rot': 0.02014}
  t=  52.00  cb_failure         L8-CB2 {'rot': 0.02014}
  t=  52.00  cb_yield           L19-CB0 {'rot': 0.0066}
  t=  52.00  cb_yield           L19-CB2 {'rot': 0.0066}
  t=  57.00  cb_failure         L9-CB0 {'rot': 0.01995}
  t=  57.00  cb_failure         L9-CB2 {'rot': 0.01995}
  t=  57.00  cb_yield           L20-CB0 {'rot': 0.00655}
  t=  57.00  cb_yield           L20-CB2 {'rot': 0.00655}
  t=  63.00  cb_failure         L10-CB0 {'rot': 0.02}
  t=  63.00  cb_failure         L10-CB2 {'rot': 0.02}
  t=  63.00  cb_yield           L21-CB0 {'rot': 0.0066}
  t=  63.00  cb_yield           L21-CB2 {'rot': 0.0066}
  t=  65.00  cb_failure         L12-CB0 {'rot': 0.02022}
  t=  65.00  cb_failure         L12-CB2 {'rot': 0.02021}
  t=  69.00  cb_failure         L11-CB0 {'rot': 0.01997}
  t=  69.00  cb_failure         L11-CB2 {'rot': 0.01997}
  t=  69.00  cb_yield           L22-CB0 {'rot': 0.00659}
  t=  69.00  cb_yield           L22-CB2 {'rot': 0.00658}
  t=  71.00  cb_failure         L13-CB0 {'rot': 0.02031}
  t=  71.00  cb_failure         L13-CB2 {'rot': 0.02031}
  t=  74.00  cb_yield           L23-CB0 {'rot': 0.00655}
  t=  74.00  cb_yield           L23-CB2 {'rot': 0.00655}
  t=  75.00  cb_failure         L14-CB0 {'rot': 0.02057}
  t=  75.00  cb_failure         L14-CB2 {'rot': 0.02057}
  t=  77.00  cb_failure         L15-CB0 {'rot': 0.02018}
  t=  77.00  cb_failure         L15-CB2 {'rot': 0.02018}
  t=  80.00  cb_failure         L16-CB0 {'rot': 0.02058}
  t=  80.00  cb_failure         L16-CB2 {'rot': 0.02058}
  t=  80.00  cb_yield           L24-CB0 {'rot': 0.00656}
  t=  80.00  cb_yield           L24-CB2 {'rot': 0.00656}
  t=  85.00  cb_yield           L25-CB0 {'rot': 0.00654}
  t=  85.00  cb_yield           L25-CB2 {'rot': 0.00654}
  t=  89.00  cb_failure         L17-CB0 {'rot': 0.02087}
  t=  89.00  cb_failure         L17-CB2 {'rot': 0.02086}
  t=  95.00  cb_yield           L26-CB0 {'rot': 0.00654}
  t=  95.00  cb_yield           L26-CB2 {'rot': 0.00654}
  t=  99.00  cb_yield           L27-CB0 {'rot': 0.00655}
  t=  99.00  cb_yield           L27-CB2 {'rot': 0.00655}
  t= 101.00  cb_failure         L18-CB0 {'rot': 0.02084}
  t= 101.00  cb_failure         L18-CB2 {'rot': 0.02084}
  t= 110.00  cb_yield           L28-CB0 {'rot': 0.0066}
  t= 110.00  cb_yield           L28-CB2 {'rot': 0.0066}
  t= 112.00  cb_yield           L29-CB0 {'rot': 0.00661}
  t= 112.00  cb_yield           L29-CB2 {'rot': 0.00661}
  t= 113.00  cb_failure         L19-CB0 {'rot': 0.02082}
  t= 113.00  cb_failure         L19-CB2 {'rot': 0.02082}
  t= 117.00  cb_yield           L30-CB0 {'rot': 0.00652}
  t= 117.00  cb_yield           L30-CB2 {'rot': 0.00652}
  t= 122.00  cb_yield           L31-CB0 {'rot': 0.00657}
  t= 122.00  cb_yield           L31-CB2 {'rot': 0.00657}
  t= 123.00  cb_yield           L32-CB0 {'rot': 0.00667}
  t= 123.00  cb_yield           L32-CB2 {'rot': 0.00667}
  t= 124.00  cb_failure         L20-CB0 {'rot': 0.02086}
  t= 124.00  cb_failure         L20-CB2 {'rot': 0.02085}
  t= 135.00  cb_failure         L21-CB0 {'rot': 0.02095}
  t= 135.00  cb_failure         L21-CB2 {'rot': 0.02095}
  t= 135.00  cb_yield           L33-CB0 {'rot': 0.00656}
  t= 135.00  cb_yield           L33-CB2 {'rot': 0.00656}
  t= 144.00  cb_failure         L22-CB0 {'rot': 0.02092}
  t= 144.00  cb_failure         L22-CB2 {'rot': 0.02092}
