  t=   0.00  removed            pier-(1, 'M') 
  t=   2.00  cb_yield           L1-CB0 {'rot': 0.00112}
  t=   2.00  cb_yield           L1-CB1 {'rot': 0.00115}
  t=   2.00  cb_yield           L1-CB2 {'rot': 0.00112}
  t=   2.00  cb_yield           L1-CB3 {'rot': 0.00115}
  t=   2.00  cb_yield           L2-CB0 {'rot': 0.00079}
  t=   2.00  cb_yield           L2-CB1 {'rot': 0.00078}
  t=   2.00  cb_yield           L2-CB2 {'rot': 0.00079}
  t=   2.00  cb_yield           L2-CB3 {'rot': 0.00078}
  t=   3.00  cb_yield           L3-CB0 {'rot': 0.00089}
  t=   3.00  cb_yield           L3-CB1 {'rot': 0.00084}
  t=   3.00  cb_yield           L3-CB2 {'rot': 0.00089}
  t=   3.00  cb_yield           L3-CB3 {'rot': 0.00085}
  t=   4.00  cb_yield           L4-CB0 {'rot': 0.00092}
  t=   4.00  cb_yield           L4-CB1 {'rot': 0.00086}
  t=   4.00  cb_yield           L4-CB2 {'rot': 0.00092}
  t=   4.00  cb_yield           L4-CB3 {'rot': 0.00086}
  t=   5.00  cb_yield           L5-CB0 {'rot': 0.00091}
  t=   5.00  cb_yield           L5-CB1 {'rot': 0.00083}
  t=   5.00  cb_yield           L5-CB2 {'rot': 0.00091}
  t=   5.00  cb_yield           L5-CB3 {'rot': 0.00083}
  t=   6.00  cb_yield           L6-CB0 {'rot': 0.00076}
  t=   6.00  cb_yield           L6-CB1 {'rot': 0.0007}
  t=   6.00  cb_yield           L6-CB2 {'rot': 0.00076}
  t=   6.00  cb_yield           L6-CB3 {'rot': 0.0007}
  t=  22.00  cb_failure         L1-CB1 {'rot': 0.03332}
  t=  22.00  cb_failure         L1-CB3 {'rot': 0.03335}
  t=  37.00  wall_flexure_strength_loss S2-M {'rot_x': 0.0, 'rot_y': 0.0147}
  t=  43.00  wall_axial_failure S2-M {'rot_x': 0.0, 'b_x': 0.0189, 'rot_y': 0.01931, 'b_y': 0.0189, 'cause': 'flexure-compression (ASCE 41 b)'}
  t=  45.00  cb_failure         L1-CB0 {'rot': 0.02492}
  t=  45.00  cb_failure         L1-CB2 {'rot': 0.02494}
