  t=   0.00  removed            pier-(1, 'F') 
  t=   2.00  cb_yield           L1-CB1 {'rot': 0.0007}
  t=   2.00  cb_yield           L1-CB3 {'rot': 0.0007}
  t=   3.00  cb_yield           L2-CB1 {'rot': 0.00074}
  t=   3.00  cb_yield           L2-CB3 {'rot': 0.00074}
  t=   4.00  cb_yield           L3-CB1 {'rot': 0.00069}
  t=   4.00  cb_yield           L3-CB3 {'rot': 0.00069}
  t=   6.00  cb_yield           L4-CB1 {'rot': 0.0008}
  t=   6.00  cb_yield           L4-CB3 {'rot': 0.0008}
  t=   8.00  cb_yield           L5-CB1 {'rot': 0.00084}
  t=   8.00  cb_yield           L5-CB3 {'rot': 0.00084}
  t=  10.00  cb_yield           L6-CB1 {'rot': 0.00081}
  t=  10.00  cb_yield           L6-CB3 {'rot': 0.00081}
  t=  12.00  cb_yield           L7-CB1 {'rot': 0.00075}
  t=  12.00  cb_yield           L7-CB3 {'rot': 0.00075}
  t=  15.00  cb_yield           L8-CB1 {'rot': 0.00077}
  t=  15.00  cb_yield           L8-CB3 {'rot': 0.00077}
  t=  19.00  cb_yield           L9-CB1 {'rot': 0.0007}
  t=  19.00  cb_yield           L9-CB3 {'rot': 0.0007}
  t=  44.00  wall_flexure_strength_loss S2-F {'rot_x': 0.0, 'rot_y': 0.01105}
  t=  53.00  wall_axial_failure S2-F {'rot_x': 0.0, 'b_x': 0.0174, 'rot_y': 0.01566, 'b_y': 0.0153, 'cause': 'flexure-compression (ASCE 41 b)'}
  t=  66.00  cb_failure         L1-CB1 {'rot': 0.02484}
  t=  66.00  cb_failure         L1-CB3 {'rot': 0.02503}
