  t=   0.00  removed            pier-(1, 'R') 
  t=   3.00  cb_yield           L1-CB0 {'rot': 0.00074}
  t=   3.00  cb_yield           L1-CB2 {'rot': 0.00074}
  t=   4.00  cb_yield           L2-CB0 {'rot': 0.0007}
  t=   4.00  cb_yield           L2-CB2 {'rot': 0.0007}
  t=   6.00  cb_yield           L3-CB0 {'rot': 0.00082}
  t=   6.00  cb_yield           L3-CB2 {'rot': 0.00082}
  t=   7.00  cb_yield           L4-CB0 {'rot': 0.00069}
  t=   7.00  cb_yield           L4-CB2 {'rot': 0.00069}
  t=   9.00  cb_yield           L5-CB0 {'rot': 0.0007}
  t=   9.00  cb_yield           L5-CB2 {'rot': 0.0007}
  t=  12.00  cb_yield           L6-CB0 {'rot': 0.00079}
  t=  12.00  cb_yield           L6-CB2 {'rot': 0.00079}
  t=  15.00  cb_yield           L7-CB0 {'rot': 0.00076}
  t=  15.00  cb_yield           L7-CB2 {'rot': 0.00076}
  t=  19.00  cb_yield           L8-CB0 {'rot': 0.00069}
  t=  19.00  cb_yield           L8-CB2 {'rot': 0.00069}
  t=  27.00  cb_yield           L9-CB0 {'rot': 0.0007}
  t=  27.00  cb_yield           L9-CB2 {'rot': 0.0007}
  t=  37.00  cb_yield           L10-CB0 {'rot': 0.00069}
  t=  37.00  cb_yield           L10-CB2 {'rot': 0.00069}
  t=  44.00  cb_failure         L1-CB0 {'rot': 0.0247}
  t=  44.00  cb_failure         L1-CB2 {'rot': 0.02471}
  t=  49.00  cb_yield           L11-CB0 {'rot': 0.0007}
  t=  49.00  cb_yield           L11-CB2 {'rot': 0.0007}
  t=  52.00  cb_failure         L2-CB0 {'rot': 0.02498}
  t=  52.00  cb_failure         L2-CB2 {'rot': 0.02499}
  t=  61.00  cb_failure         L3-CB0 {'rot': 0.02487}
  t=  61.00  cb_failure         L3-CB2 {'rot': 0.02487}
  t=  62.00  cb_yield           L12-CB0 {'rot': 0.00069}
  t=  62.00  cb_yield           L12-CB2 {'rot': 0.00069}
  t=  70.00  cb_failure         L4-CB0 {'rot': 0.02516}
  t=  70.00  cb_failure         L4-CB2 {'rot': 0.02516}
  t=  76.00  cb_failure         L5-CB0 {'rot': 0.02487}
  t=  76.00  cb_failure         L5-CB2 {'rot': 0.02487}
  t=  76.00  cb_yield           L13-CB0 {'rot': 0.0007}
  t=  76.00  cb_yield           L13-CB2 {'rot': 0.0007}
  t=  82.00  cb_failure         L6-CB0 {'rot': 0.02515}
  t=  82.00  cb_failure         L6-CB2 {'rot': 0.02515}
  t=  87.00  cb_failure         L7-CB0 {'rot': 0.02534}
  t=  87.00  cb_failure         L7-CB2 {'rot': 0.02534}
  t=  90.00  cb_yield           L14-CB0 {'rot': 0.00069}
  t=  90.00  cb_yield           L14-CB2 {'rot': 0.00069}
  t=  94.00  cb_failure         L8-CB0 {'rot': 0.02531}
  t=  94.00  cb_failure         L8-CB2 {'rot': 0.02531}
  t= 177.00  wall_flexure_strength_loss S10-R {'rot_x': 0.0, 'rot_y': 0.0153}
  t= 178.00  cb_failure         L9-CB0 {'rot': 0.02495}
  t= 178.00  cb_failure         L9-CB2 {'rot': 0.02495}
  t= 180.00  cb_yield           L15-CB0 {'rot': 0.00069}
  t= 180.00  cb_yield           L15-CB2 {'rot': 0.00069}
  t= 203.00  wall_axial_failure S10-R {'rot_x': 0.0, 'b_x': 0.02, 'rot_y': 0.02006, 'b_y': 0.02, 'cause': 'flexure-compression (ASCE 41 b)'}
