  t=   0.00  removed            pier-(1, 'R') 
  t=   4.00  cb_yield           L1-CB0 {'rot': 0.00104}
  t=   4.00  cb_yield           L1-CB2 {'rot': 0.00104}
  t=   5.00  cb_yield           L2-CB0 {'rot': 0.00087}
  t=   5.00  cb_yield           L2-CB2 {'rot': 0.00087}
  t=   7.00  cb_yield           L3-CB0 {'rot': 0.00089}
  t=   7.00  cb_yield           L3-CB2 {'rot': 0.00089}
  t=   9.00  cb_yield           L4-CB0 {'rot': 0.00088}
  t=   9.00  cb_yield           L4-CB2 {'rot': 0.00088}
  t=  12.00  cb_yield           L5-CB0 {'rot': 0.00098}
  t=  12.00  cb_yield           L5-CB2 {'rot': 0.00098}
  t=  15.00  cb_yield           L6-CB0 {'rot': 0.00091}
  t=  15.00  cb_yield           L6-CB2 {'rot': 0.00091}
  t=  20.00  cb_yield           L7-CB0 {'rot': 0.00087}
  t=  20.00  cb_yield           L7-CB2 {'rot': 0.00087}
  t=  27.00  cb_yield           L8-CB0 {'rot': 0.00085}
  t=  27.00  cb_yield           L8-CB2 {'rot': 0.00085}
  t=  28.00  cb_failure         L1-CB0 {'rot': 0.01551}
  t=  28.00  cb_failure         L1-CB2 {'rot': 0.01551}
  t=  34.00  cb_failure         L2-CB0 {'rot': 0.01528}
  t=  34.00  cb_failure         L2-CB2 {'rot': 0.01528}
  t=  36.00  cb_yield           L9-CB0 {'rot': 0.00087}
  t=  36.00  cb_yield           L9-CB2 {'rot': 0.00087}
  t=  40.00  cb_failure         L3-CB0 {'rot': 0.01497}
  t=  40.00  cb_failure         L3-CB2 {'rot': 0.01497}
  t=  45.00  cb_yield           L10-CB0 {'rot': 0.00087}
  t=  45.00  cb_yield           L10-CB2 {'rot': 0.00087}
  t=  47.00  cb_failure         L4-CB0 {'rot': 0.01496}
  t=  47.00  cb_failure         L4-CB2 {'rot': 0.01496}
  t=  53.00  cb_yield           L11-CB0 {'rot': 0.00087}
  t=  53.00  cb_yield           L11-CB2 {'rot': 0.00087}
  t=  54.00  cb_failure         L5-CB0 {'rot': 0.01549}
  t=  54.00  cb_failure         L5-CB2 {'rot': 0.01549}
  t=  58.00  cb_failure         L6-CB0 {'rot': 0.01508}
  t=  58.00  cb_failure         L6-CB2 {'rot': 0.01508}
  t=  60.00  cb_yield           L12-CB0 {'rot': 0.00086}
  t=  60.00  cb_yield           L12-CB2 {'rot': 0.00086}
  t=  62.00  cb_failure         L7-CB0 {'rot': 0.01519}
  t=  62.00  cb_failure         L7-CB2 {'rot': 0.01519}
  t=  67.00  cb_failure         L8-CB0 {'rot': 0.01491}
  t=  67.00  cb_failure         L8-CB2 {'rot': 0.01491}
  t=  77.00  cb_yield           L13-CB0 {'rot': 0.00086}
  t=  77.00  cb_yield           L13-CB2 {'rot': 0.00086}
  t=  87.00  cb_failure         L9-CB0 {'rot': 0.01533}
  t=  87.00  cb_failure         L9-CB2 {'rot': 0.01533}
  t=  92.00  cb_yield           L14-CB0 {'rot': 0.00085}
  t=  93.00  cb_yield           L14-CB2 {'rot': 0.00086}
  t= 101.00  cb_failure         L10-CB0 {'rot': 0.01516}
  t= 101.00  cb_failure         L10-CB2 {'rot': 0.01516}
  t= 108.00  cb_yield           L15-CB0 {'rot': 0.00085}
  t= 108.00  cb_yield           L15-CB2 {'rot': 0.00085}
  t= 115.00  cb_failure         L11-CB0 {'rot': 0.01485}
  t= 115.00  cb_failure         L11-CB2 {'rot': 0.01485}
  t= 124.00  cb_yield           L16-CB0 {'rot': 0.00086}
  t= 124.00  cb_yield           L16-CB2 {'rot': 0.00086}
  t= 131.00  cb_failure         L12-CB0 {'rot': 0.01527}
  t= 131.00  cb_failure         L12-CB2 {'rot': 0.01527}
  t= 144.00  cb_yield           L17-CB0 {'rot': 0.00094}
  t= 144.00  cb_yield           L17-CB2 {'rot': 0.00094}
  t= 146.00  cb_failure         L13-CB0 {'rot': 0.01549}
  t= 146.00  cb_failure         L13-CB2 {'rot': 0.01549}
