  t=   0.00  removed            pier-(1, 'F') 
  t=   0.00  removed            pier-(2, 'F') 
  t=   0.00  removed            pier-(3, 'F') 
  t=   0.00  removed            pier-(4, 'F') 
  t=   4.00  cb_yield           L4-CB1 {'rot': 0.00096}
  t=   4.00  cb_yield           L4-CB3 {'rot': 0.00096}
  t=   6.00  cb_yield           L5-CB1 {'rot': 0.00101}
  t=   6.00  cb_yield           L5-CB3 {'rot': 0.00101}
  t=   7.00  cb_yield           L6-CB1 {'rot': 0.00087}
  t=   7.00  cb_yield           L6-CB3 {'rot': 0.00087}
  t=   9.00  cb_yield           L7-CB1 {'rot': 0.00088}
  t=   9.00  cb_yield           L7-CB3 {'rot': 0.00088}
  t=  10.00  cb_yield           L1-CB1 {'rot': 0.00097}
  t=  10.00  cb_yield           L1-CB3 {'rot': 0.00097}
  t=  12.00  cb_yield           L8-CB1 {'rot': 0.00098}
  t=  12.00  cb_yield           L8-CB3 {'rot': 0.00098}
  t=  13.00  cb_yield           L2-CB1 {'rot': 0.00096}
  t=  13.00  cb_yield           L2-CB3 {'rot': 0.00096}
  t=  14.00  cb_yield           L9-CB1 {'rot': 0.00086}
  t=  14.00  cb_yield           L9-CB3 {'rot': 0.00086}
  t=  15.00  cb_yield           L3-CB1 {'rot': 0.00086}
  t=  15.00  cb_yield           L3-CB3 {'rot': 0.00086}
  t=  28.00  wall_flexure_strength_loss S5-F {'rot_x': 0.0, 'rot_y': 0.00352}
  t=  30.00  cb_yield           L10-CB1 {'rot': 0.00085}
  t=  30.00  cb_yield           L10-CB3 {'rot': 0.00085}
  t=  34.00  wall_axial_failure S5-F {'rot_x': 0.0, 'b_x': 0.0065, 'rot_y': 0.00619, 'b_y': 0.0059, 'cause': 'flexure-compression (ASCE 41 b)'}
