  t=   0.00  removed            pier-(1, 'M') 
  t=   2.00  cb_yield           L1-CB0 {'rot': 0.0012}
  t=   2.00  cb_yield           L1-CB1 {'rot': 0.00121}
  t=   2.00  cb_yield           L1-CB2 {'rot': 0.0012}
  t=   2.00  cb_yield           L1-CB3 {'rot': 0.00121}
  t=   3.00  cb_yield           L2-CB0 {'rot': 0.00122}
  t=   3.00  cb_yield           L2-CB1 {'rot': 0.00117}
  t=   3.00  cb_yield           L2-CB2 {'rot': 0.00122}
  t=   3.00  cb_yield           L2-CB3 {'rot': 0.00117}
  t=   3.00  cb_yield           L3-CB0 {'rot': 0.00087}
  t=   3.00  cb_yield           L3-CB2 {'rot': 0.00088}
  t=   4.00  cb_yield           L3-CB1 {'rot': 0.00108}
  t=   4.00  cb_yield           L3-CB3 {'rot': 0.00108}
  t=   4.00  cb_yield           L4-CB0 {'rot': 0.00085}
  t=   4.00  cb_yield           L4-CB2 {'rot': 0.00085}
  t=   5.00  cb_yield           L4-CB1 {'rot': 0.00099}
  t=   5.00  cb_yield           L4-CB3 {'rot': 0.00099}
  t=   6.00  cb_yield           L5-CB0 {'rot': 0.001}
  t=   6.00  cb_yield           L5-CB1 {'rot': 0.00089}
  t=   6.00  cb_yield           L5-CB2 {'rot': 0.001}
  t=   6.00  cb_yield           L5-CB3 {'rot': 0.00089}
  t=   7.00  cb_yield           L6-CB0 {'rot': 0.00089}
  t=   7.00  cb_yield           L6-CB2 {'rot': 0.00089}
  t=   8.00  cb_yield           L6-CB1 {'rot': 0.00093}
  t=   8.00  cb_yield           L6-CB3 {'rot': 0.00092}
  t=  11.00  cb_failure         L1-CB1 {'rot': 0.01753}
  t=  11.00  cb_failure         L1-CB3 {'rot': 0.01753}
  t=  14.00  cb_yield           L7-CB0 {'rot': 0.00085}
  t=  14.00  cb_yield           L7-CB2 {'rot': 0.00085}
  t=  18.00  wall_flexure_strength_loss S2-M {'rot_x': 0.0, 'rot_y': 0.0051}
  t=  22.00  wall_axial_failure S2-M {'rot_x': 0.0, 'b_x': 0.0078, 'rot_y': 0.0083, 'b_y': 0.0078, 'cause': 'flexure-compression (ASCE 41 b)'}
  t=  31.00  cb_failure         L1-CB0 {'rot': 0.01528}
  t=  31.00  cb_failure         L1-CB2 {'rot': 0.01528}
