  t=   0.00  removed            pier-(1, 'M') 
  t=   2.00  cb_yield           L1-CB0 {'rot': 0.00113}
  t=   2.00  cb_yield           L1-CB1 {'rot': 0.00116}
  t=   2.00  cb_yield           L1-CB2 {'rot': 0.00113}
  t=   2.00  cb_yield           L1-CB3 {'rot': 0.00116}
  t=   2.00  cb_yield           L2-CB0 {'rot': 0.0008}
  t=   2.00  cb_yield           L2-CB1 {'rot': 0.00078}
  t=   2.00  cb_yield           L2-CB2 {'rot': 0.0008}
  t=   2.00  cb_yield           L2-CB3 {'rot': 0.00078}
  t=   3.00  cb_yield           L3-CB0 {'rot': 0.0009}
  t=   3.00  cb_yield           L3-CB1 {'rot': 0.00085}
  t=   3.00  cb_yield           L3-CB2 {'rot': 0.0009}
  t=   3.00  cb_yield           L3-CB3 {'rot': 0.00084}
  t=   4.00  cb_yield           L4-CB0 {'rot': 0.00093}
  t=   4.00  cb_yield           L4-CB1 {'rot': 0.00085}
  t=   4.00  cb_yield           L4-CB2 {'rot': 0.00093}
  t=   4.00  cb_yield           L4-CB3 {'rot': 0.00085}
  t=   5.00  cb_yield           L5-CB0 {'rot': 0.00092}
  t=   5.00  cb_yield           L5-CB1 {'rot': 0.00083}
  t=   5.00  cb_yield           L5-CB2 {'rot': 0.00092}
  t=   5.00  cb_yield           L5-CB3 {'rot': 0.00083}
  t=   6.00  cb_yield           L6-CB0 {'rot': 0.00087}
  t=   6.00  cb_yield           L6-CB1 {'rot': 0.00078}
  t=   6.00  cb_yield           L6-CB2 {'rot': 0.00087}
  t=   6.00  cb_yield           L6-CB3 {'rot': 0.00078}
  t=  14.00  cb_yield           L7-CB0 {'rot': 0.00069}
  t=  14.00  cb_yield           L7-CB2 {'rot': 0.00069}
  t=  17.00  cb_failure         L1-CB1 {'rot': 0.03273}
  t=  17.00  cb_failure         L1-CB3 {'rot': 0.03273}
  t=  31.00  wall_flexure_strength_loss S2-M {'rot_x': 0.0, 'rot_y': 0.01386}
  t=  36.00  wall_axial_failure S2-M {'rot_x': 0.0, 'b_x': 0.0178, 'rot_y': 0.01884, 'b_y': 0.0178, 'cause': 'flexure-compression (ASCE 41 b)'}
  t=  48.00  cb_failure         L1-CB0 {'rot': 0.02473}
  t=  48.00  cb_failure         L1-CB2 {'rot': 0.02473}
