  t=   0.00  removed            pier-(1, 'F') 
  t=   0.00  removed            pier-(2, 'F') 
  t=   0.00  removed            pier-(3, 'F') 
  t=   0.00  removed            pier-(4, 'F') 
  t=   4.00  cb_yield           L4-CB1 {'rot': 0.0009}
  t=   4.00  cb_yield           L4-CB3 {'rot': 0.0009}
  t=   5.00  cb_yield           L5-CB1 {'rot': 0.00083}
  t=   5.00  cb_yield           L5-CB3 {'rot': 0.00083}
  t=   6.00  cb_yield           L6-CB1 {'rot': 0.00072}
  t=   6.00  cb_yield           L6-CB3 {'rot': 0.00072}
  t=   8.00  cb_yield           L7-CB1 {'rot': 0.00077}
  t=   8.00  cb_yield           L7-CB3 {'rot': 0.00077}
  t=   9.00  cb_yield           L1-CB1 {'rot': 0.00088}
  t=   9.00  cb_yield           L1-CB3 {'rot': 0.00088}
  t=  10.00  cb_yield           L8-CB1 {'rot': 0.00078}
  t=  10.00  cb_yield           L8-CB3 {'rot': 0.00078}
  t=  11.00  cb_yield           L2-CB1 {'rot': 0.0008}
  t=  11.00  cb_yield           L2-CB3 {'rot': 0.0008}
  t=  12.00  cb_yield           L3-CB1 {'rot': 0.00074}
  t=  12.00  cb_yield           L3-CB3 {'rot': 0.00074}
  t=  12.00  cb_yield           L9-CB1 {'rot': 0.00074}
  t=  12.00  cb_yield           L9-CB3 {'rot': 0.00075}
  t=  15.00  cb_yield           L10-CB1 {'rot': 0.00076}
  t=  15.00  cb_yield           L10-CB3 {'rot': 0.00076}
  t=  29.00  cb_yield           L11-CB1 {'rot': 0.00069}
  t=  29.00  cb_yield           L11-CB3 {'rot': 0.00069}
  t=  40.00  wall_flexure_strength_loss S5-F {'rot_x': 0.0, 'rot_y': 0.01062}
  t=  47.00  wall_axial_failure S5-F {'rot_x': 0.0, 'b_x': 0.0168, 'rot_y': 0.01577, 'b_y': 0.0151, 'cause': 'flexure-compression (ASCE 41 b)'}
