  t=   0.00  removed            pier-(1, 'R') 
  t=   3.00  cb_yield           L1-CB0 {'rot': 0.00077}
  t=   3.00  cb_yield           L1-CB2 {'rot': 0.00077}
  t=   4.00  cb_yield           L2-CB0 {'rot': 0.00074}
  t=   4.00  cb_yield           L2-CB2 {'rot': 0.00074}
  t=   6.00  cb_yield           L3-CB0 {'rot': 0.00089}
  t=   6.00  cb_yield           L3-CB2 {'rot': 0.00089}
  t=   7.00  cb_yield           L4-CB0 {'rot': 0.00076}
  t=   7.00  cb_yield           L4-CB2 {'rot': 0.00076}
  t=   9.00  cb_yield           L5-CB0 {'rot': 0.00079}
  t=   9.00  cb_yield           L5-CB2 {'rot': 0.00079}
  t=  11.00  cb_yield           L6-CB0 {'rot': 0.00074}
  t=  11.00  cb_yield           L6-CB2 {'rot': 0.00074}
  t=  15.00  cb_yield           L7-CB0 {'rot': 0.00073}
  t=  15.00  cb_yield           L7-CB2 {'rot': 0.00073}
  t=  22.00  cb_yield           L8-CB0 {'rot': 0.0007}
  t=  22.00  cb_yield           L8-CB2 {'rot': 0.0007}
  t=  34.00  cb_yield           L9-CB0 {'rot': 0.00069}
  t=  34.00  cb_yield           L9-CB2 {'rot': 0.00069}
  t=  43.00  cb_failure         L1-CB0 {'rot': 0.02495}
  t=  43.00  cb_failure         L1-CB2 {'rot': 0.02495}
  t=  48.00  cb_yield           L10-CB0 {'rot': 0.00069}
  t=  48.00  cb_yield           L10-CB2 {'rot': 0.00069}
  t=  53.00  cb_failure         L2-CB0 {'rot': 0.02498}
  t=  53.00  cb_failure         L2-CB2 {'rot': 0.02498}
  t=  63.00  cb_yield           L11-CB0 {'rot': 0.00069}
  t=  63.00  cb_yield           L11-CB2 {'rot': 0.00069}
  t=  64.00  cb_failure         L3-CB0 {'rot': 0.0249}
  t=  64.00  cb_failure         L3-CB2 {'rot': 0.0249}
  t=  75.00  cb_failure         L4-CB0 {'rot': 0.02494}
  t=  75.00  cb_failure         L4-CB2 {'rot': 0.02493}
  t=  82.00  cb_yield           L12-CB0 {'rot': 0.0007}
  t=  82.00  cb_yield           L12-CB2 {'rot': 0.0007}
  t=  84.00  cb_failure         L5-CB0 {'rot': 0.02518}
  t=  84.00  cb_failure         L5-CB2 {'rot': 0.02518}
  t=  91.00  cb_failure         L6-CB0 {'rot': 0.02497}
  t=  91.00  cb_failure         L6-CB2 {'rot': 0.02497}
  t=  97.00  cb_failure         L7-CB0 {'rot': 0.025}
  t=  97.00  cb_failure         L7-CB2 {'rot': 0.025}
  t= 100.00  cb_yield           L13-CB0 {'rot': 0.00069}
  t= 100.00  cb_yield           L13-CB2 {'rot': 0.00069}
  t= 109.00  cb_failure         L8-CB0 {'rot': 0.02523}
  t= 109.00  cb_failure         L8-CB2 {'rot': 0.02523}
  t= 261.00  wall_flexure_strength_loss S9-R {'rot_x': 0.0, 'rot_y': 0.01515}
  t= 264.00  wall_flexure_strength_loss S10-R {'rot_x': 0.0, 'rot_y': 0.01512}
  t= 285.00  wall_axial_failure S10-R {'rot_x': 0.0, 'b_x': 0.02, 'rot_y': 0.02006, 'b_y': 0.02, 'cause': 'flexure-compression (ASCE 41 b)'}
  t= 286.00  wall_axial_failure S9-R {'rot_x': 0.0, 'b_x': 0.02, 'rot_y': 0.02645, 'b_y': 0.02, 'cause': 'flexure-compression (ASCE 41 b)'}
  t= 286.00  cb_failure         L9-CB0 {'rot': 0.04503}
  t= 286.00  cb_failure         L9-CB2 {'rot': 0.04503}
