  t=   0.00  removed            pier-(1, 'F') 
  t=   2.00  cb_yield           L1-CB1 {'rot': 0.00073}
  t=   2.00  cb_yield           L1-CB3 {'rot': 0.00073}
  t=   3.00  cb_yield           L2-CB1 {'rot': 0.00078}
  t=   3.00  cb_yield           L2-CB3 {'rot': 0.00078}
  t=   4.00  cb_yield           L3-CB1 {'rot': 0.00074}
  t=   4.00  cb_yield           L3-CB3 {'rot': 0.00074}
  t=   6.00  cb_yield           L4-CB1 {'rot': 0.00088}
  t=   6.00  cb_yield           L4-CB3 {'rot': 0.00088}
  t=   7.00  cb_yield           L5-CB1 {'rot': 0.00075}
  t=   7.00  cb_yield           L5-CB3 {'rot': 0.00075}
  t=   9.00  cb_yield           L6-CB1 {'rot': 0.00077}
  t=   9.00  cb_yield           L6-CB3 {'rot': 0.00077}
  t=  11.00  cb_yield           L7-CB1 {'rot': 0.00074}
  t=  11.00  cb_yield           L7-CB3 {'rot': 0.00074}
  t=  14.00  cb_yield           L8-CB1 {'rot': 0.00077}
  t=  14.00  cb_yield           L8-CB3 {'rot': 0.00077}
  t=  25.00  cb_yield           L9-CB1 {'rot': 0.00069}
  t=  25.00  cb_yield           L9-CB3 {'rot': 0.00069}
  t=  39.00  wall_flexure_strength_loss S2-F {'rot_x': 0.0, 'rot_y': 0.01022}
  t=  45.00  wall_axial_failure S2-F {'rot_x': 0.0, 'b_x': 0.0161, 'rot_y': 0.01462, 'b_y': 0.0144, 'cause': 'flexure-compression (ASCE 41 b)'}
  t=  66.00  cb_failure         L1-CB1 {'rot': 0.0248}
  t=  66.00  cb_failure         L1-CB3 {'rot': 0.02481}
