  t=   0.00  removed            pier-(1, 'F') 
  t=   0.00  removed            pier-(1, 'M') 
  t=   0.00  removed            pier-(2, 'F') 
  t=   0.00  removed            pier-(2, 'M') 
  t=   0.00  removed            pier-(3, 'F') 
  t=   0.00  removed            pier-(3, 'M') 
  t=   0.00  removed            pier-(4, 'F') 
  t=   0.00  removed            pier-(4, 'M') 
  t=   0.02  cb_yield           L4-CB0 {'rot': 0.00125}
  t=   0.02  cb_yield           L4-CB2 {'rot': 0.00126}
  t=   0.02  cb_yield           L5-CB0 {'rot': 0.00087}
  t=   0.02  cb_yield           L5-CB2 {'rot': 0.00087}
  t=   0.02  cb_yield           L6-CB0 {'rot': 0.00074}
  t=   0.02  cb_yield           L6-CB2 {'rot': 0.00074}
  t=   0.04  cb_yield           L7-CB0 {'rot': 0.00192}
  t=   0.04  cb_yield           L7-CB2 {'rot': 0.00193}
  t=   0.04  cb_yield           L8-CB0 {'rot': 0.00168}
  t=   0.04  cb_yield           L8-CB2 {'rot': 0.00168}
  t=   0.04  cb_yield           L9-CB0 {'rot': 0.00139}
  t=   0.04  cb_yield           L9-CB2 {'rot': 0.00139}
  t=   0.04  cb_yield           L10-CB0 {'rot': 0.00105}
  t=   0.04  cb_yield           L10-CB2 {'rot': 0.00105}
  t=   0.04  cb_yield           L11-CB0 {'rot': 0.00075}
  t=   0.04  cb_yield           L11-CB2 {'rot': 0.00075}
  t=   0.06  cb_yield           L1-CB0 {'rot': 0.00085}
  t=   0.06  cb_yield           L1-CB2 {'rot': 0.00085}
  t=   0.06  cb_yield           L2-CB0 {'rot': 0.00082}
  t=   0.06  cb_yield           L2-CB2 {'rot': 0.00082}
  t=   0.06  cb_yield           L3-CB0 {'rot': 0.0007}
  t=   0.06  cb_yield           L3-CB2 {'rot': 0.0007}
  t=   0.06  cb_yield           L12-CB0 {'rot': 0.00128}
  t=   0.06  cb_yield           L12-CB2 {'rot': 0.00128}
  t=   0.06  cb_yield           L13-CB0 {'rot': 0.00097}
  t=   0.06  cb_yield           L13-CB2 {'rot': 0.00097}
  t=   0.06  cb_yield           L14-CB0 {'rot': 0.00073}
  t=   0.06  cb_yield           L14-CB2 {'rot': 0.00073}
  t=   0.08  cb_yield           L15-CB0 {'rot': 0.00103}
  t=   0.08  cb_yield           L15-CB2 {'rot': 0.00103}
  t=   0.08  cb_yield           L16-CB0 {'rot': 0.00078}
  t=   0.08  cb_yield           L16-CB2 {'rot': 0.00078}
  t=   0.10  cb_yield           L17-CB0 {'rot': 0.0014}
  t=   0.10  cb_yield           L17-CB2 {'rot': 0.0014}
  t=   0.10  cb_yield           L18-CB0 {'rot': 0.00103}
  t=   0.10  cb_yield           L18-CB2 {'rot': 0.00104}
  t=   0.10  cb_yield           L19-CB0 {'rot': 0.00078}
  t=   0.10  cb_yield           L19-CB2 {'rot': 0.00078}
  t=   0.12  cb_yield           L20-CB0 {'rot': 0.00151}
  t=   0.12  cb_yield           L20-CB2 {'rot': 0.00151}
  t=   0.12  cb_yield           L21-CB0 {'rot': 0.00113}
  t=   0.12  cb_yield           L21-CB2 {'rot': 0.00113}
  t=   0.12  cb_yield           L22-CB0 {'rot': 0.00081}
  t=   0.12  cb_yield           L22-CB2 {'rot': 0.00081}
  t=   0.14  cb_yield           L23-CB0 {'rot': 0.00133}
  t=   0.14  cb_yield           L23-CB2 {'rot': 0.00133}
  t=   0.14  cb_yield           L24-CB0 {'rot': 0.00101}
  t=   0.14  cb_yield           L24-CB2 {'rot': 0.00101}
  t=   0.14  cb_yield           L25-CB0 {'rot': 0.00078}
  t=   0.14  cb_yield           L25-CB2 {'rot': 0.00078}
  t=   0.16  cb_yield           L26-CB0 {'rot': 0.00074}
  t=   0.16  cb_yield           L26-CB2 {'rot': 0.00074}
  t=   0.26  cb_yield           L4-CB1 {'rot': 0.0007}
  t=   0.26  cb_yield           L4-CB3 {'rot': 0.0007}
  t=   0.50  cb_yield           L5-CB1 {'rot': 0.00082}
  t=   0.50  cb_yield           L5-CB3 {'rot': 0.00082}
  t=   0.64  cb_failure         L4-CB0 {'rot': 0.02477}
  t=   0.64  cb_failure         L4-CB2 {'rot': 0.02477}
  t=   2.72  cb_failure         L5-CB0 {'rot': 0.02469}
  t=   2.72  cb_failure         L5-CB2 {'rot': 0.0247}
  t=   4.02  cb_failure         L6-CB0 {'rot': 0.02492}
  t=   4.02  cb_failure         L6-CB2 {'rot': 0.02493}
  t=   4.66  cb_failure         L7-CB0 {'rot': 0.02595}
  t=   4.66  cb_failure         L7-CB2 {'rot': 0.02597}
  t=   4.98  cb_failure         L8-CB0 {'rot': 0.02548}
  t=   4.98  cb_failure         L8-CB2 {'rot': 0.02548}
  t=   5.06  punching           L33-col7 {'drift': np.float64(0.0154), 'vg_vc': 0.492, 'conn': 'column'}
  t=   5.08  punching           L30-col7 {'drift': np.float64(0.0155), 'vg_vc': 0.523, 'conn': 'column'}
  t=   5.08  punching           L31-col7 {'drift': np.float64(0.0155), 'vg_vc': 0.54, 'conn': 'column'}
  t=   5.08  punching           L33-col19 {'drift': np.float64(0.0155), 'vg_vc': 0.491, 'conn': 'column'}
  t=   5.08  column_axial_failure S33-C7 {'eps': -0.23972}
