  t=   0.00  removed            pier-(1, 'M') 
  t=   9.00  cb_yield           L1-CB0 {'rot': 0.00569}
  t=   9.00  cb_yield           L1-CB1 {'rot': 0.00563}
  t=   9.00  cb_yield           L1-CB2 {'rot': 0.00569}
  t=   9.00  cb_yield           L1-CB3 {'rot': 0.00563}
  t=   9.00  cb_yield           L2-CB0 {'rot': 0.00533}
  t=   9.00  cb_yield           L2-CB2 {'rot': 0.00533}
  t=  10.00  cb_yield           L2-CB1 {'rot': 0.00577}
  t=  10.00  cb_yield           L2-CB3 {'rot': 0.00577}
  t=  10.00  cb_yield           L3-CB0 {'rot': 0.00559}
  t=  10.00  cb_yield           L3-CB2 {'rot': 0.00559}
  t=  11.00  cb_yield           L3-CB1 {'rot': 0.00589}
  t=  11.00  cb_yield           L3-CB3 {'rot': 0.00589}
  t=  11.00  cb_yield           L4-CB0 {'rot': 0.0058}
  t=  11.00  cb_yield           L4-CB1 {'rot': 0.00545}
  t=  11.00  cb_yield           L4-CB2 {'rot': 0.00581}
  t=  11.00  cb_yield           L4-CB3 {'rot': 0.00545}
  t=  11.00  cb_yield           L5-CB0 {'rot': 0.00545}
  t=  11.00  cb_yield           L5-CB2 {'rot': 0.00545}
  t=  12.00  cb_yield           L5-CB1 {'rot': 0.00553}
  t=  12.00  cb_yield           L5-CB3 {'rot': 0.00553}
  t=  12.00  cb_yield           L6-CB0 {'rot': 0.00562}
  t=  12.00  cb_yield           L6-CB2 {'rot': 0.00562}
  t=  13.00  cb_yield           L6-CB1 {'rot': 0.00559}
  t=  13.00  cb_yield           L6-CB3 {'rot': 0.00559}
  t=  13.00  cb_yield           L7-CB0 {'rot': 0.00577}
  t=  13.00  cb_yield           L7-CB2 {'rot': 0.00578}
  t=  13.00  cb_yield           L8-CB0 {'rot': 0.00542}
  t=  13.00  cb_yield           L8-CB2 {'rot': 0.00542}
  t=  14.00  cb_yield           L7-CB1 {'rot': 0.00562}
  t=  14.00  cb_yield           L7-CB3 {'rot': 0.00562}
  t=  14.00  cb_yield           L9-CB0 {'rot': 0.00554}
  t=  14.00  cb_yield           L9-CB2 {'rot': 0.00555}
  t=  15.00  cb_yield           L8-CB1 {'rot': 0.00564}
  t=  15.00  cb_yield           L8-CB3 {'rot': 0.00564}
  t=  15.00  cb_yield           L10-CB0 {'rot': 0.00565}
  t=  15.00  cb_yield           L10-CB2 {'rot': 0.00565}
  t=  16.00  cb_yield           L9-CB1 {'rot': 0.00564}
  t=  16.00  cb_yield           L9-CB3 {'rot': 0.00564}
  t=  16.00  cb_yield           L11-CB0 {'rot': 0.00575}
  t=  16.00  cb_yield           L11-CB2 {'rot': 0.00576}
  t=  16.00  cb_yield           L12-CB0 {'rot': 0.0054}
  t=  16.00  cb_yield           L12-CB2 {'rot': 0.00541}
  t=  17.00  cb_yield           L10-CB1 {'rot': 0.00564}
  t=  17.00  cb_yield           L10-CB3 {'rot': 0.00563}
  t=  17.00  cb_yield           L13-CB0 {'rot': 0.0055}
  t=  17.00  cb_yield           L13-CB2 {'rot': 0.00551}
  t=  18.00  cb_yield           L11-CB1 {'rot': 0.00562}
  t=  18.00  cb_yield           L11-CB3 {'rot': 0.00562}
  t=  18.00  cb_yield           L14-CB0 {'rot': 0.0056}
  t=  18.00  cb_yield           L14-CB2 {'rot': 0.0056}
  t=  19.00  cb_yield           L12-CB1 {'rot': 0.0056}
  t=  19.00  cb_yield           L12-CB3 {'rot': 0.0056}
  t=  19.00  cb_yield           L15-CB0 {'rot': 0.0057}
  t=  19.00  cb_yield           L15-CB2 {'rot': 0.00571}
  t=  19.00  cb_yield           L16-CB0 {'rot': 0.00538}
  t=  19.00  cb_yield           L16-CB2 {'rot': 0.00539}
  t=  23.00  cb_yield           L13-CB1 {'rot': 0.00539}
  t=  23.00  cb_yield           L13-CB3 {'rot': 0.00538}
  t=  41.00  cb_failure         L1-CB1 {'rot': 0.03463}
  t=  41.00  cb_failure         L1-CB3 {'rot': 0.03464}
  t=  41.00  cb_yield           L14-CB1 {'rot': 0.00537}
  t=  41.00  cb_yield           L14-CB3 {'rot': 0.00537}
  t=  45.00  cb_failure         L1-CB0 {'rot': 0.02958}
  t=  45.00  cb_failure         L1-CB2 {'rot': 0.02961}
  t=  76.00  cb_yield           L17-CB2 {'rot': 0.00574}
  t=  77.00  cb_yield           L17-CB0 {'rot': 0.00579}
  t=  78.00  cb_failure         L2-CB0 {'rot': 0.02943}
  t=  78.00  cb_failure         L2-CB2 {'rot': 0.02943}
  t=  81.00  cb_failure         L2-CB1 {'rot': 0.02964}
  t=  81.00  cb_failure         L2-CB3 {'rot': 0.02963}
  t= 111.00  cb_yield           L15-CB1 {'rot': 0.00533}
  t= 113.00  cb_yield           L15-CB3 {'rot': 0.00533}
  t= 130.00  cb_failure         L3-CB1 {'rot': 0.02963}
  t= 130.00  cb_failure         L3-CB3 {'rot': 0.02966}
  t= 131.00  cb_failure         L3-CB2 {'rot': 0.02933}
  t= 132.00  cb_failure         L3-CB0 {'rot': 0.02977}
