  t=   0.00  removed            pier-(1, 'M') 
  t=   9.00  cb_yield           L1-CB0 {'rot': 0.00569}
  t=   9.00  cb_yield           L1-CB1 {'rot': 0.00573}
  t=   9.00  cb_yield           L1-CB2 {'rot': 0.00569}
  t=   9.00  cb_yield           L1-CB3 {'rot': 0.00573}
  t=  10.00  cb_yield           L2-CB0 {'rot': 0.00593}
  t=  10.00  cb_yield           L2-CB1 {'rot': 0.00584}
  t=  10.00  cb_yield           L2-CB2 {'rot': 0.00593}
  t=  10.00  cb_yield           L2-CB3 {'rot': 0.00584}
  t=  10.00  cb_yield           L3-CB0 {'rot': 0.00555}
  t=  10.00  cb_yield           L3-CB1 {'rot': 0.00536}
  t=  10.00  cb_yield           L3-CB2 {'rot': 0.00555}
  t=  10.00  cb_yield           L3-CB3 {'rot': 0.00536}
  t=  11.00  cb_yield           L4-CB0 {'rot': 0.00574}
  t=  11.00  cb_yield           L4-CB1 {'rot': 0.00546}
  t=  11.00  cb_yield           L4-CB2 {'rot': 0.00574}
  t=  11.00  cb_yield           L4-CB3 {'rot': 0.00546}
  t=  11.00  cb_yield           L5-CB0 {'rot': 0.00538}
  t=  11.00  cb_yield           L5-CB2 {'rot': 0.00538}
  t=  12.00  cb_yield           L5-CB1 {'rot': 0.00551}
  t=  12.00  cb_yield           L5-CB3 {'rot': 0.00551}
  t=  12.00  cb_yield           L6-CB0 {'rot': 0.00553}
  t=  12.00  cb_yield           L6-CB2 {'rot': 0.00553}
  t=  13.00  cb_yield           L6-CB1 {'rot': 0.00555}
  t=  13.00  cb_yield           L6-CB3 {'rot': 0.00555}
  t=  13.00  cb_yield           L7-CB0 {'rot': 0.00566}
  t=  13.00  cb_yield           L7-CB2 {'rot': 0.00566}
  t=  14.00  cb_yield           L7-CB1 {'rot': 0.00556}
  t=  14.00  cb_yield           L7-CB3 {'rot': 0.00556}
  t=  14.00  cb_yield           L8-CB0 {'rot': 0.00578}
  t=  14.00  cb_yield           L8-CB2 {'rot': 0.00578}
  t=  14.00  cb_yield           L9-CB0 {'rot': 0.00541}
  t=  14.00  cb_yield           L9-CB2 {'rot': 0.00541}
  t=  15.00  cb_yield           L8-CB1 {'rot': 0.00555}
  t=  15.00  cb_yield           L8-CB3 {'rot': 0.00555}
  t=  15.00  cb_yield           L10-CB0 {'rot': 0.0055}
  t=  15.00  cb_yield           L10-CB2 {'rot': 0.00551}
  t=  16.00  cb_yield           L9-CB1 {'rot': 0.00553}
  t=  16.00  cb_yield           L9-CB3 {'rot': 0.00553}
  t=  16.00  cb_yield           L11-CB0 {'rot': 0.00558}
  t=  16.00  cb_yield           L11-CB2 {'rot': 0.00558}
  t=  17.00  cb_yield           L10-CB1 {'rot': 0.0055}
  t=  17.00  cb_yield           L10-CB3 {'rot': 0.0055}
  t=  17.00  cb_yield           L12-CB0 {'rot': 0.00566}
  t=  17.00  cb_yield           L12-CB2 {'rot': 0.00566}
  t=  18.00  cb_yield           L11-CB1 {'rot': 0.00546}
  t=  18.00  cb_yield           L11-CB3 {'rot': 0.00546}
  t=  18.00  cb_yield           L13-CB0 {'rot': 0.00573}
  t=  18.00  cb_yield           L13-CB2 {'rot': 0.00573}
  t=  18.00  cb_yield           L14-CB0 {'rot': 0.0054}
  t=  18.00  cb_yield           L14-CB2 {'rot': 0.0054}
  t=  19.00  cb_yield           L12-CB1 {'rot': 0.00541}
  t=  19.00  cb_yield           L12-CB3 {'rot': 0.00541}
  t=  19.00  cb_yield           L15-CB0 {'rot': 0.00548}
  t=  19.00  cb_yield           L15-CB2 {'rot': 0.00548}
  t=  27.00  cb_yield           L16-CB0 {'rot': 0.00537}
  t=  27.00  cb_yield           L16-CB2 {'rot': 0.00537}
  t=  28.00  cb_failure         L1-CB1 {'rot': 0.03543}
  t=  28.00  cb_failure         L1-CB3 {'rot': 0.03543}
  t=  43.00  cb_failure         L1-CB0 {'rot': 0.03006}
  t=  43.00  cb_failure         L1-CB2 {'rot': 0.03006}
  t=  45.00  cb_yield           L13-CB1 {'rot': 0.00533}
  t=  45.00  cb_yield           L13-CB3 {'rot': 0.00533}
  t=  74.00  wall_flexure_strength_loss S2-M {'rot_x': 0.0, 'rot_y': 0.0138}
