  t=  19.00  cb_yield           L6-CB2 {'rot': 0.00085}
  t=  19.00  cb_yield           L7-CB2 {'rot': 0.00086}
  t=  19.00  cb_yield           L8-CB2 {'rot': 0.00085}
  t=  20.00  cb_yield           L5-CB0 {'rot': 0.00086}
  t=  20.00  cb_yield           L5-CB2 {'rot': 0.00085}
  t=  20.00  cb_yield           L6-CB0 {'rot': 0.00087}
  t=  20.00  cb_yield           L7-CB0 {'rot': 0.00086}
  t=  21.00  cb_yield           L4-CB0 {'rot': 0.00086}
  t=  21.00  cb_yield           L8-CB0 {'rot': 0.00085}
  t=  21.00  cb_yield           L9-CB2 {'rot': 0.00085}
  t=  23.00  cb_yield           L3-CB0 {'rot': 0.00087}
  t=  23.00  cb_yield           L9-CB0 {'rot': 0.00085}
  t=  23.00  cb_yield           L10-CB2 {'rot': 0.00086}
  t=  24.00  cb_yield           L4-CB2 {'rot': 0.00085}
  t=  24.00  cb_yield           L11-CB2 {'rot': 0.00087}
  t=  24.00  cb_yield           L12-CB2 {'rot': 0.00085}
  t=  25.00  cb_yield           L10-CB0 {'rot': 0.00088}
  t=  25.00  cb_yield           L13-CB2 {'rot': 0.00087}
  t=  25.00  cb_yield           L14-CB2 {'rot': 0.00085}
  t=  26.00  cb_yield           L11-CB0 {'rot': 0.00086}
  t=  26.00  cb_yield           L15-CB2 {'rot': 0.00086}
  t=  27.00  cb_yield           L2-CB0 {'rot': 0.00088}
  t=  27.00  cb_yield           L12-CB0 {'rot': 0.00086}
  t=  27.00  cb_yield           L16-CB2 {'rot': 0.00087}
  t=  28.00  cb_yield           L3-CB2 {'rot': 0.00086}
  t=  28.00  cb_yield           L13-CB0 {'rot': 0.00087}
  t=  28.00  cb_yield           L14-CB0 {'rot': 0.00085}
  t=  29.00  cb_yield           L15-CB0 {'rot': 0.00087}
  t=  30.00  cb_yield           L16-CB0 {'rot': 0.00088}
  t=  30.00  cb_yield           L17-CB2 {'rot': 0.00095}
  t=  32.00  cb_yield           L17-CB0 {'rot': 0.00095}
  t=  33.00  cb_yield           L18-CB2 {'rot': 0.00096}
  t=  34.00  cb_yield           L1-CB0 {'rot': 0.00085}
  t=  34.00  cb_yield           L18-CB0 {'rot': 0.00095}
  t=  35.00  cb_yield           L19-CB2 {'rot': 0.00094}
  t=  36.00  cb_yield           L19-CB0 {'rot': 0.00095}
  t=  37.00  cb_yield           L2-CB2 {'rot': 0.00085}
  t=  38.00  cb_yield           L20-CB0 {'rot': 0.00094}
  t=  39.00  cb_yield           L20-CB2 {'rot': 0.00095}
  t=  41.00  cb_yield           L21-CB0 {'rot': 0.00094}
  t=  44.00  cb_yield           L21-CB2 {'rot': 0.00095}
  step 44  solver fallback: Newton
  t=  45.00  cb_yield           L22-CB0 {'rot': 0.00095}
  t=  48.00  cb_yield           L23-CB0 {'rot': 0.00102}
  t=  49.00  cb_failure         L6-CB0 {'rot': 0.01558}
  t=  49.00  cb_failure         L7-CB0 {'rot': 0.01643}
  t=  49.00  cb_failure         L8-CB0 {'rot': 0.01679}
  t=  49.00  cb_failure         L9-CB0 {'rot': 0.01657}
  t=  49.00  cb_failure         L10-CB0 {'rot': 0.01617}
  t=  49.00  cb_failure         L11-CB0 {'rot': 0.01554}
  t=  49.00  cb_yield           L24-CB0 {'rot': 0.00099}
  t=  50.00  cb_failure         L5-CB0 {'rot': 0.01517}
  t=  50.00  cb_failure         L12-CB0 {'rot': 0.01671}
  t=  50.00  cb_failure         L13-CB0 {'rot': 0.01583}
  t=  51.00  cb_failure         L14-CB0 {'rot': 0.0163}
  t=  51.00  cb_failure         L15-CB0 {'rot': 0.01489}
  t=  53.00  cb_failure         L4-CB0 {'rot': 0.01492}
  t=  53.00  cb_failure         L16-CB0 {'rot': 0.01581}
  t=  53.00  cb_yield           L25-CB0 {'rot': 0.00096}
  t=  56.00  cb_failure         L17-CB0 {'rot': 0.01574}
  t=  58.00  cb_failure         L18-CB0 {'rot': 0.01503}
  t=  60.00  cb_yield           L2-CB3 {'rot': 0.00085}
  t=  60.00  cb_yield           L26-CB0 {'rot': 0.00095}
  t=  61.00  cb_failure         L3-CB0 {'rot': 0.01509}
  t=  61.00  cb_failure         L19-CB0 {'rot': 0.01498}
  t=  66.00  cb_failure         L20-CB0 {'rot': 0.01566}
  t=  67.00  wall_shear_strength_loss S12-F {'gamma': 0.00502}
  t=  67.00  wall_shear_strength_loss S13-F {'gamma': 0.00506}
  t=  68.00  wall_shear_strength_loss S11-F {'gamma': 0.00502}
  t=  68.00  wall_shear_strength_loss S14-F {'gamma': 0.005}
  t=  70.00  wall_shear_strength_loss S10-F {'gamma': 0.00502}
  t=  71.00  wall_shear_strength_loss S15-F {'gamma': 0.00505}
  t=  71.00  cb_yield           L3-CB3 {'rot': 0.00085}
  t=  71.00  cb_yield           L23-CB3 {'rot': 0.00094}
  t=  72.00  cb_failure         L21-CB0 {'rot': 0.01539}
  step 72  solver fallback: 100 sub-steps, tol 1e-05
  t=  73.00  punching           L10-col4 {'drift': np.float64(0.0289), 'vg_vc': 0.231, 'conn': 'column'}
  t=  73.00  punching           L11-col4 {'drift': np.float64(0.0302), 'vg_vc': 0.23, 'conn': 'column'}
  t=  73.00  punching           L11-col10 {'drift': np.float64(0.0284), 'vg_vc': 0.252, 'conn': 'column'}
  t=  73.00  punching           L12-col4 {'drift': np.float64(0.0308), 'vg_vc': 0.229, 'conn': 'column'}
  t=  73.00  punching           L12-col10 {'drift': np.float64(0.029), 'vg_vc': 0.249, 'conn': 'column'}
  t=  73.00  punching           L13-col4 {'drift': np.float64(0.0308), 'vg_vc': 0.27, 'conn': 'column'}
  t=  73.00  punching           L13-col10 {'drift': np.float64(0.029), 'vg_vc': 0.293, 'conn': 'column'}
  t=  73.00  punching           L13-col22 {'drift': np.float64(0.0278), 'vg_vc': 0.275, 'conn': 'column'}
  t=  73.00  punching           L14-col4 {'drift': np.float64(0.03), 'vg_vc': 0.271, 'conn': 'column'}
  t=  73.00  punching           L14-col10 {'drift': np.float64(0.0283), 'vg_vc': 0.292, 'conn': 'column'}
  t=  73.00  punching           L14-col22 {'drift': np.float64(0.0271), 'vg_vc': 0.276, 'conn': 'column'}
  t=  73.00  punching           L15-col4 {'drift': np.float64(0.0276), 'vg_vc': 0.272, 'conn': 'column'}
  t=  73.00  punching           L15-col10 {'drift': np.float64(0.026), 'vg_vc': 0.289, 'conn': 'column'}
  t=  73.00  wall_shear_strength_loss S9-F {'gamma': 0.00586}
  t=  73.00  wall_shear_failure S11-F {'gamma': 0.00758}
  t=  73.00  wall_shear_failure S12-F {'gamma': 0.00804}
  t=  73.00  wall_shear_failure S13-F {'gamma': 0.00827}
  t=  73.00  wall_shear_failure S14-F {'gamma': 0.00793}
  t=  73.00  wall_shear_strength_loss S16-F {'gamma': 0.00569}
  step 73  solver fallback: NewtonLineSearch
