  t=  21.00  cb_yield           L1-CB0 {'rot': 0.00091}
  t=  21.00  cb_yield           L1-CB2 {'rot': 0.00091}
  t=  21.00  cb_yield           L2-CB0 {'rot': 0.00094}
  t=  21.00  cb_yield           L2-CB2 {'rot': 0.00094}
  t=  21.00  cb_yield           L3-CB0 {'rot': 0.00093}
  t=  21.00  cb_yield           L3-CB2 {'rot': 0.00094}
  t=  21.00  cb_yield           L4-CB0 {'rot': 0.00092}
  t=  21.00  cb_yield           L4-CB2 {'rot': 0.00092}
  t=  22.00  cb_yield           L5-CB0 {'rot': 0.00094}
  t=  22.00  cb_yield           L5-CB2 {'rot': 0.00094}
  t=  23.00  cb_yield           L6-CB0 {'rot': 0.00096}
  t=  23.00  cb_yield           L6-CB2 {'rot': 0.00096}
  t=  23.00  cb_yield           L7-CB0 {'rot': 0.00091}
  t=  23.00  cb_yield           L7-CB2 {'rot': 0.00091}
  t=  24.00  cb_yield           L8-CB0 {'rot': 0.00091}
  t=  24.00  cb_yield           L8-CB2 {'rot': 0.00091}
  t=  26.00  cb_yield           L9-CB0 {'rot': 0.00096}
  t=  26.00  cb_yield           L9-CB2 {'rot': 0.00096}
  t=  27.00  cb_yield           L10-CB0 {'rot': 0.00095}
  t=  27.00  cb_yield           L10-CB2 {'rot': 0.00095}
  t=  28.00  cb_yield           L11-CB0 {'rot': 0.00093}
  t=  28.00  cb_yield           L11-CB2 {'rot': 0.00093}
  t=  29.00  cb_yield           L12-CB0 {'rot': 0.00091}
  t=  29.00  cb_yield           L12-CB2 {'rot': 0.00091}
  t=  31.00  cb_yield           L13-CB0 {'rot': 0.00101}
  t=  31.00  cb_yield           L13-CB2 {'rot': 0.00101}
  t=  32.00  cb_yield           L14-CB0 {'rot': 0.00097}
  t=  32.00  cb_yield           L14-CB2 {'rot': 0.00097}
  t=  33.00  cb_yield           L15-CB0 {'rot': 0.00094}
  t=  33.00  cb_yield           L15-CB2 {'rot': 0.00094}
  t=  35.00  cb_yield           L16-CB0 {'rot': 0.00101}
  t=  35.00  cb_yield           L16-CB2 {'rot': 0.00101}
  t=  37.00  cb_yield           L17-CB0 {'rot': 0.00108}
  t=  37.00  cb_yield           L17-CB2 {'rot': 0.00108}
  t=  39.00  cb_yield           L18-CB0 {'rot': 0.00107}
  t=  39.00  cb_yield           L18-CB2 {'rot': 0.00107}
  t=  41.00  cb_yield           L19-CB0 {'rot': 0.00103}
  t=  41.00  cb_yield           L19-CB2 {'rot': 0.00103}
  t=  43.00  cb_yield           L9-CB1 {'rot': 0.00092}
  t=  43.00  cb_yield           L9-CB3 {'rot': 0.00092}
  t=  43.00  cb_yield           L20-CB0 {'rot': 0.00098}
  t=  43.00  cb_yield           L20-CB2 {'rot': 0.00098}
  t=  44.00  cb_yield           L7-CB1 {'rot': 0.00093}
  t=  44.00  cb_yield           L7-CB3 {'rot': 0.00093}
  t=  44.00  cb_yield           L8-CB1 {'rot': 0.00094}
  t=  44.00  cb_yield           L8-CB3 {'rot': 0.00094}
  t=  44.00  cb_yield           L10-CB1 {'rot': 0.00096}
  t=  44.00  cb_yield           L10-CB3 {'rot': 0.00096}
  t=  44.00  cb_yield           L11-CB1 {'rot': 0.00092}
  t=  44.00  cb_yield           L11-CB3 {'rot': 0.00092}
  t=  45.00  cb_yield           L12-CB1 {'rot': 0.00095}
  t=  45.00  cb_yield           L12-CB3 {'rot': 0.00095}
  t=  46.00  cb_yield           L13-CB1 {'rot': 0.00092}
  t=  46.00  cb_yield           L13-CB3 {'rot': 0.00092}
  t=  47.00  cb_yield           L14-CB3 {'rot': 0.00091}
  t=  47.00  cb_yield           L21-CB0 {'rot': 0.00102}
  t=  47.00  cb_yield           L21-CB2 {'rot': 0.00102}
  t=  48.00  cb_yield           L6-CB1 {'rot': 0.00091}
  t=  48.00  cb_yield           L6-CB3 {'rot': 0.00091}
  t=  48.00  cb_yield           L14-CB1 {'rot': 0.00093}
  t=  49.00  cb_yield           L15-CB1 {'rot': 0.00092}
  t=  49.00  cb_yield           L15-CB3 {'rot': 0.00092}
  t=  51.00  cb_yield           L16-CB1 {'rot': 0.00091}
  t=  51.00  cb_yield           L16-CB3 {'rot': 0.00091}
  t=  52.00  cb_yield           L1-CB3 {'rot': 0.00091}
  t=  52.00  cb_yield           L22-CB0 {'rot': 0.001}
  t=  52.00  cb_yield           L22-CB2 {'rot': 0.001}
  t=  53.00  cb_yield           L1-CB1 {'rot': 0.00091}
  t=  54.00  cb_yield           L17-CB1 {'rot': 0.00099}
  t=  54.00  cb_yield           L17-CB3 {'rot': 0.00099}
  t=  56.00  cb_yield           L5-CB3 {'rot': 0.00091}
  t=  57.00  cb_yield           L5-CB1 {'rot': 0.00097}
  t=  58.00  cb_yield           L18-CB1 {'rot': 0.00099}
  t=  58.00  cb_yield           L18-CB3 {'rot': 0.00099}
  step 61  solver fallback: NewtonLineSearch
  t=  62.00  wall_shear_strength_loss S5-R {'gamma': 0.00562}
  t=  62.00  wall_shear_strength_loss S6-R {'gamma': 0.00719}
  t=  62.00  wall_shear_strength_loss S7-R {'gamma': 0.00838}
  t=  62.00  wall_shear_failure S7-R {'gamma': 0.00838}
  t=  62.00  wall_shear_strength_loss S8-R {'gamma': 0.01064}
  t=  62.00  wall_shear_failure S8-R {'gamma': 0.01064}
  t=  62.00  wall_axial_failure S8-R {'gamma': 0.01064, 'eps': -0.00045, 'cause': 'shear'}
  t=  62.00  wall_shear_strength_loss S9-R {'gamma': 0.01332}
  t=  62.00  wall_shear_failure S9-R {'gamma': 0.01332}
  t=  62.00  wall_axial_failure S9-R {'gamma': 0.01332, 'eps': -0.00045, 'cause': 'shear'}
  t=  62.00  wall_shear_strength_loss S9-M {'gamma': 0.00684}
  t=  62.00  wall_shear_strength_loss S9-F {'gamma': 0.00589}
  t=  62.00  wall_shear_strength_loss S10-R {'gamma': 0.01608}
  t=  62.00  wall_shear_failure S10-R {'gamma': 0.01608}
  t=  62.00  wall_axial_failure S10-R {'gamma': 0.01608, 'eps': -0.00042, 'cause': 'shear'}
  t=  62.00  wall_shear_strength_loss S10-M {'gamma': 0.00867}
  t=  62.00  wall_shear_failure S10-M {'gamma': 0.00867}
  t=  62.00  wall_shear_strength_loss S10-F {'gamma': 0.00804}
  t=  62.00  wall_shear_failure S10-F {'gamma': 0.00804}
  t=  62.00  wall_shear_strength_loss S11-R {'gamma': 0.01875}
  t=  62.00  wall_shear_failure S11-R {'gamma': 0.01875}
  t=  62.00  wall_axial_failure S11-R {'gamma': 0.01875, 'eps': -0.0004, 'cause': 'shear'}
  t=  62.00  wall_shear_strength_loss S11-M {'gamma': 0.01033}
  t=  62.00  wall_shear_failure S11-M {'gamma': 0.01033}
  t=  62.00  wall_axial_failure S11-M {'gamma': 0.01033, 'eps': -7e-05, 'cause': 'shear'}
  t=  62.00  wall_shear_strength_loss S11-F {'gamma': 0.00982}
  t=  62.00  wall_shear_failure S11-F {'gamma': 0.00982}
  t=  62.00  wall_axial_failure S11-F {'gamma': 0.00982, 'eps': -3e-05, 'cause': 'shear'}
  t=  62.00  wall_shear_strength_loss S12-R {'gamma': 0.02034}
  t=  62.00  wall_shear_failure S12-R {'gamma': 0.02034}
  t=  62.00  wall_axial_failure S12-R {'gamma': 0.02034, 'eps': -0.00037, 'cause': 'shear'}
  t=  62.00  wall_shear_strength_loss S12-M {'gamma': 0.01139}
  t=  62.00  wall_shear_failure S12-M {'gamma': 0.01139}
  t=  62.00  wall_axial_failure S12-M {'gamma': 0.01139, 'eps': -7e-05, 'cause': 'shear'}
  t=  62.00  wall_shear_strength_loss S12-F {'gamma': 0.01104}
  t=  62.00  wall_shear_failure S12-F {'gamma': 0.01104}
  t=  62.00  wall_axial_failure S12-F {'gamma': 0.01104, 'eps': -3e-05, 'cause': 'shear'}
  t=  62.00  wall_shear_strength_loss S13-R {'gamma': 0.01841}
  t=  62.00  wall_shear_failure S13-R {'gamma': 0.01841}
  t=  62.00  wall_axial_failure S13-R {'gamma': 0.01841, 'eps': -0.00036, 'cause': 'shear'}
  t=  62.00  wall_shear_strength_loss S13-M {'gamma': 0.00989}
  t=  62.00  wall_shear_failure S13-M {'gamma': 0.00989}
  t=  62.00  wall_axial_failure S13-M {'gamma': 0.00989, 'eps': -6e-05, 'cause': 'shear'}
  t=  62.00  wall_shear_strength_loss S14-R {'gamma': 0.0147}
  t=  62.00  wall_shear_failure S14-R {'gamma': 0.0147}
  t=  62.00  wall_axial_failure S14-R {'gamma': 0.0147, 'eps': -0.00033, 'cause': 'shear'}
  t=  62.00  wall_shear_strength_loss S14-M {'gamma': 0.00704}
  t=  62.00  wall_shear_strength_loss S14-F {'gamma': 0.00703}
  t=  62.00  wall_shear_strength_loss S15-R {'gamma': 0.01131}
  t=  62.00  wall_shear_failure S15-R {'gamma': 0.01131}
  t=  62.00  wall_shear_strength_loss S16-R {'gamma': 0.00849}
  t=  62.00  wall_shear_failure S16-R {'gamma': 0.00849}
  t=  62.00  wall_shear_strength_loss S17-R {'gamma': 0.00619}
  t=  62.00  cb_yield           L2-CB1 {'rot': 0.0017}
  t=  62.00  cb_yield           L2-CB3 {'rot': 0.00171}
  t=  62.00  cb_yield           L3-CB1 {'rot': 0.00181}
  t=  62.00  cb_yield           L3-CB3 {'rot': 0.00182}
  t=  62.00  cb_yield           L4-CB1 {'rot': 0.01159}
  t=  62.00  cb_yield           L4-CB3 {'rot': 0.01159}
