  t=  22.00  cb_yield           L6-CB0 {'rot': 0.00091}
  t=  22.00  cb_yield           L7-CB2 {'rot': 0.00091}
  t=  22.00  cb_yield           L8-CB2 {'rot': 0.00093}
  t=  23.00  cb_yield           L4-CB0 {'rot': 0.00091}
  t=  23.00  cb_yield           L5-CB0 {'rot': 0.00096}
  t=  23.00  cb_yield           L6-CB2 {'rot': 0.00092}
  t=  23.00  cb_yield           L7-CB0 {'rot': 0.00096}
  t=  23.00  cb_yield           L8-CB0 {'rot': 0.00094}
  t=  23.00  cb_yield           L9-CB2 {'rot': 0.00093}
  t=  24.00  cb_yield           L5-CB2 {'rot': 0.00092}
  t=  24.00  cb_yield           L9-CB0 {'rot': 0.00094}
  t=  24.00  cb_yield           L10-CB2 {'rot': 0.00095}
  t=  24.00  cb_yield           L11-CB2 {'rot': 0.00092}
  t=  25.00  cb_yield           L3-CB0 {'rot': 0.00094}
  t=  25.00  cb_yield           L4-CB2 {'rot': 0.00091}
  t=  25.00  cb_yield           L10-CB0 {'rot': 0.00094}
  t=  25.00  cb_yield           L12-CB2 {'rot': 0.00095}
  t=  25.00  cb_yield           L13-CB2 {'rot': 0.00091}
  t=  26.00  cb_yield           L11-CB0 {'rot': 0.00096}
  t=  26.00  cb_yield           L12-CB0 {'rot': 0.00091}
  t=  26.00  cb_yield           L14-CB2 {'rot': 0.00093}
  t=  27.00  cb_yield           L13-CB0 {'rot': 0.00092}
  t=  27.00  cb_yield           L15-CB2 {'rot': 0.00094}
  t=  28.00  cb_yield           L2-CB0 {'rot': 0.00094}
  t=  28.00  cb_yield           L14-CB0 {'rot': 0.00093}
  t=  28.00  cb_yield           L15-CB0 {'rot': 0.0009}
  t=  28.00  cb_yield           L16-CB2 {'rot': 0.00096}
  t=  29.00  cb_yield           L3-CB2 {'rot': 0.00091}
  t=  29.00  cb_yield           L16-CB0 {'rot': 0.00091}
  t=  30.00  cb_yield           L17-CB2 {'rot': 0.00101}
  t=  31.00  cb_yield           L17-CB0 {'rot': 0.00099}
  t=  32.00  cb_yield           L18-CB2 {'rot': 0.001}
  t=  33.00  cb_yield           L18-CB0 {'rot': 0.001}
  t=  35.00  cb_yield           L1-CB0 {'rot': 0.00091}
  t=  35.00  cb_yield           L19-CB0 {'rot': 0.00099}
  t=  35.00  cb_yield           L19-CB2 {'rot': 0.00099}
  t=  38.00  cb_yield           L20-CB0 {'rot': 0.00099}
  t=  40.00  cb_yield           L20-CB2 {'rot': 0.00099}
  t=  42.00  cb_yield           L21-CB0 {'rot': 0.00098}
  t=  48.00  cb_yield           L21-CB2 {'rot': 0.00098}
  t=  48.00  cb_yield           L22-CB0 {'rot': 0.00099}
  t=  57.00  cb_yield           L3-CB3 {'rot': 0.00091}
  t=  57.00  cb_yield           L23-CB0 {'rot': 0.001}
  t=  58.00  cb_yield           L7-CB3 {'rot': 0.00091}
  t=  58.00  cb_yield           L8-CB3 {'rot': 0.00091}
  t=  58.00  cb_yield           L9-CB3 {'rot': 0.00091}
  t=  58.00  cb_yield           L10-CB3 {'rot': 0.00091}
  t=  59.00  cb_yield           L4-CB3 {'rot': 0.00091}
  t=  59.00  cb_yield           L6-CB3 {'rot': 0.00092}
  t=  59.00  cb_yield           L11-CB3 {'rot': 0.00091}
  t=  60.00  cb_yield           L5-CB3 {'rot': 0.00095}
  t=  60.00  cb_yield           L12-CB3 {'rot': 0.00091}
  t=  61.00  cb_yield           L13-CB3 {'rot': 0.00092}
  t=  61.00  cb_yield           L14-CB3 {'rot': 0.00091}
  t=  62.00  cb_yield           L2-CB3 {'rot': 0.00092}
  t=  62.00  cb_yield           L15-CB3 {'rot': 0.00091}
  t=  62.00  cb_yield           L22-CB2 {'rot': 0.00099}
  t=  63.00  cb_yield           L1-CB3 {'rot': 0.00092}
  t=  64.00  cb_yield           L16-CB3 {'rot': 0.00091}
  t=  68.00  cb_yield           L17-CB3 {'rot': 0.00099}
  t=  68.00  cb_yield           L24-CB0 {'rot': 0.00098}
  t=  71.00  cb_yield           L18-CB3 {'rot': 0.00098}
  t=  73.00  cb_yield           L2-CB2 {'rot': 0.00091}
  t=  75.00  cb_yield           L19-CB3 {'rot': 0.001}
  t=  76.00  cb_yield           L7-CB1 {'rot': 0.00091}
  t=  77.00  cb_yield           L8-CB1 {'rot': 0.00091}
  t=  77.00  cb_yield           L9-CB1 {'rot': 0.00094}
  t=  78.00  cb_yield           L20-CB3 {'rot': 0.00099}
  t=  79.00  cb_yield           L6-CB1 {'rot': 0.00093}
  t=  79.00  cb_yield           L10-CB1 {'rot': 0.00096}
  t=  80.00  cb_yield           L5-CB1 {'rot': 0.00092}
  t=  80.00  cb_yield           L11-CB1 {'rot': 0.00092}
  t=  81.00  cb_yield           L12-CB1 {'rot': 0.00091}
  t=  81.00  cb_yield           L21-CB3 {'rot': 0.00101}
  t=  82.00  cb_yield           L4-CB1 {'rot': 0.00094}
  t=  83.00  cb_yield           L13-CB1 {'rot': 0.00096}
  t=  83.00  cb_yield           L22-CB3 {'rot': 0.00102}
  t=  84.00  cb_yield           L3-CB1 {'rot': 0.00095}
  t=  84.00  cb_yield           L14-CB1 {'rot': 0.00093}
  t=  84.00  cb_yield           L23-CB3 {'rot': 0.001}
  t=  84.00  cb_yield           L25-CB0 {'rot': 0.00098}
  t=  85.00  cb_yield           L15-CB1 {'rot': 0.00092}
  t=  86.00  cb_yield           L2-CB1 {'rot': 0.00093}
  t=  86.00  cb_failure         L7-CB0 {'rot': 0.02543}
  t=  86.00  cb_failure         L8-CB0 {'rot': 0.0267}
  t=  86.00  cb_failure         L9-CB0 {'rot': 0.0256}
  t=  86.00  cb_yield           L16-CB1 {'rot': 0.00091}
  t=  86.00  cb_yield           L24-CB3 {'rot': 0.00101}
  t=  87.00  cb_failure         L10-CB0 {'rot': 0.02607}
  t=  88.00  cb_failure         L6-CB0 {'rot': 0.02556}
  t=  88.00  cb_failure         L11-CB0 {'rot': 0.02585}
  t=  89.00  cb_failure         L12-CB0 {'rot': 0.02529}
  t=  89.00  cb_yield           L17-CB1 {'rot': 0.00103}
  t=  90.00  cb_yield           L1-CB1 {'rot': 0.00091}
  t=  90.00  cb_yield           L25-CB3 {'rot': 0.001}
  t=  91.00  cb_failure         L13-CB0 {'rot': 0.02543}
  t=  92.00  cb_failure         L5-CB0 {'rot': 0.02501}
  t=  92.00  cb_yield           L18-CB1 {'rot': 0.001}
  t=  93.00  cb_failure         L14-CB0 {'rot': 0.02493}
  t=  96.00  cb_failure         L15-CB0 {'rot': 0.02516}
  t=  97.00  cb_yield           L19-CB1 {'rot': 0.00099}
  t=  99.00  cb_failure         L16-CB0 {'rot': 0.02523}
  t= 101.00  cb_yield           L26-CB3 {'rot': 0.001}
  t= 102.00  cb_failure         L4-CB0 {'rot': 0.0251}
  t= 105.00  cb_yield           L20-CB1 {'rot': 0.001}
  t= 107.00  cb_yield           L26-CB0 {'rot': 0.00098}
  t= 108.00  cb_failure         L17-CB0 {'rot': 0.02556}
  t= 109.00  punching           L13-col4 {'drift': np.float64(0.0267), 'vg_vc': 0.271, 'conn': 'column'}
  step 109  solver fallback: NewtonLineSearch
  t= 110.00  punching           L7-col4 {'drift': np.float64(0.0277), 'vg_vc': 0.268, 'conn': 'column'}
  t= 110.00  punching           L7-col10 {'drift': np.float64(0.0258), 'vg_vc': 0.284, 'conn': 'column'}
  t= 110.00  punching           L8-col4 {'drift': np.float64(0.03), 'vg_vc': 0.24, 'conn': 'column'}
  t= 110.00  punching           L8-col10 {'drift': np.float64(0.0281), 'vg_vc': 0.29, 'conn': 'column'}
  t= 110.00  punching           L9-col4 {'drift': np.float64(0.0318), 'vg_vc': 0.248, 'conn': 'column'}
  t= 110.00  punching           L9-col10 {'drift': np.float64(0.0298), 'vg_vc': 0.288, 'conn': 'column'}
  t= 110.00  punching           L10-col4 {'drift': np.float64(0.0327), 'vg_vc': 0.233, 'conn': 'column'}
  t= 110.00  punching           L10-col10 {'drift': np.float64(0.0308), 'vg_vc': 0.291, 'conn': 'column'}
  t= 110.00  punching           L10-col22 {'drift': np.float64(0.0285), 'vg_vc': 0.242, 'conn': 'column'}
  t= 110.00  punching           L11-col4 {'drift': np.float64(0.0333), 'vg_vc': 0.232, 'conn': 'column'}
  t= 110.00  punching           L11-col10 {'drift': np.float64(0.0316), 'vg_vc': 0.252, 'conn': 'column'}
  t= 110.00  punching           L11-col22 {'drift': np.float64(0.0303), 'vg_vc': 0.242, 'conn': 'column'}
  t= 110.00  punching           L12-col4 {'drift': np.float64(0.035), 'vg_vc': 0.269, 'conn': 'column'}
  t= 110.00  punching           L12-col10 {'drift': np.float64(0.0335), 'vg_vc': 0.309, 'conn': 'column'}
  t= 110.00  punching           L12-col14 {'drift': np.float64(0.0292), 'vg_vc': 0.222, 'conn': 'column'}
  t= 110.00  punching           L12-col17 {'drift': np.float64(0.031), 'vg_vc': 0.181, 'conn': 'column'}
  t= 110.00  punching           L12-col22 {'drift': np.float64(0.0328), 'vg_vc': 0.246, 'conn': 'column'}
  t= 110.00  punching           L12-col23 {'drift': np.float64(0.0266), 'vg_vc': 0.284, 'conn': 'column'}
  t= 110.00  punching           L13-col0 {'drift': np.float64(0.0327), 'vg_vc': 0.209, 'conn': 'column'}
  t= 110.00  punching           L13-col5 {'drift': np.float64(0.0309), 'vg_vc': 9.742, 'conn': 'column'}
  t= 110.00  punching           L13-col10 {'drift': np.float64(0.0335), 'vg_vc': 2.242, 'conn': 'column'}
  t= 110.00  punching           L13-col11 {'drift': np.float64(0.0291), 'vg_vc': 0.432, 'conn': 'column'}
  t= 110.00  punching           L13-col14 {'drift': np.float64(0.0292), 'vg_vc': 0.274, 'conn': 'column'}
  t= 110.00  punching           L13-col17 {'drift': np.float64(0.031), 'vg_vc': 0.24, 'conn': 'column'}
  t= 110.00  punching           L13-col22 {'drift': np.float64(0.0329), 'vg_vc': 0.284, 'conn': 'column'}
  t= 110.00  punching           L13-col23 {'drift': np.float64(0.0268), 'vg_vc': 0.346, 'conn': 'column'}
  t= 110.00  punching           L14-col4 {'drift': np.float64(0.0345), 'vg_vc': 0.3, 'conn': 'column'}
  t= 110.00  punching           L14-col10 {'drift': np.float64(0.0331), 'vg_vc': 0.387, 'conn': 'column'}
  t= 110.00  punching           L14-col14 {'drift': np.float64(0.0291), 'vg_vc': 0.275, 'conn': 'column'}
  t= 110.00  punching           L14-col17 {'drift': np.float64(0.031), 'vg_vc': 0.216, 'conn': 'column'}
  t= 110.00  punching           L14-col22 {'drift': np.float64(0.0329), 'vg_vc': 0.292, 'conn': 'column'}
  t= 110.00  punching           L14-col23 {'drift': np.float64(0.0268), 'vg_vc': 0.342, 'conn': 'column'}
  t= 110.00  punching           L15-col4 {'drift': np.float64(0.0313), 'vg_vc': 0.276, 'conn': 'column'}
  t= 110.00  punching           L15-col10 {'drift': np.float64(0.0302), 'vg_vc': 0.238, 'conn': 'column'}
  t= 110.00  punching           L15-col14 {'drift': np.float64(0.0268), 'vg_vc': 0.277, 'conn': 'column'}
  t= 110.00  punching           L15-col22 {'drift': np.float64(0.0302), 'vg_vc': 0.331, 'conn': 'column'}
  t= 110.00  punching           L15-col23 {'drift': np.float64(0.0249), 'vg_vc': 0.338, 'conn': 'column'}
  t= 110.00  punching           L16-col4 {'drift': np.float64(0.0284), 'vg_vc': 0.276, 'conn': 'column'}
  t= 110.00  punching           L16-col22 {'drift': np.float64(0.0277), 'vg_vc': 0.276, 'conn': 'column'}
  t= 110.00  wall_axial_failure S1-M {'gamma': 0.0006, 'eps': -0.00865, 'cause': 'crushing'}
  t= 110.00  wall_shear_strength_loss S10-F {'gamma': 0.00535}
  t= 110.00  wall_shear_strength_loss S11-F {'gamma': 0.00553}
  t= 110.00  wall_shear_strength_loss S12-F {'gamma': 0.00575}
  t= 110.00  wall_shear_strength_loss S13-F {'gamma': 0.00613}
  t= 110.00  wall_shear_strength_loss S14-F {'gamma': 0.00604}
  t= 110.00  wall_shear_strength_loss S15-F {'gamma': 0.00534}
  t= 110.00  cb_failure         L1-CB1 {'rot': 0.04397}
  t= 110.00  cb_yield           L1-CB2 {'rot': 0.00281}
  t= 110.00  cb_failure         L2-CB1 {'rot': 0.05656}
  t= 110.00  cb_failure         L3-CB1 {'rot': 0.03302}
  t= 110.00  cb_failure         L3-CB3 {'rot': 0.02575}
  t= 110.00  cb_failure         L4-CB1 {'rot': 0.03256}
  t= 110.00  cb_failure         L4-CB3 {'rot': 0.02844}
  t= 110.00  cb_failure         L5-CB1 {'rot': 0.03379}
  t= 110.00  cb_failure         L5-CB3 {'rot': 0.03015}
  t= 110.00  cb_failure         L6-CB1 {'rot': 0.03338}
  t= 110.00  cb_failure         L6-CB3 {'rot': 0.03101}
  t= 110.00  cb_failure         L7-CB1 {'rot': 0.03348}
  t= 110.00  cb_failure         L7-CB3 {'rot': 0.03135}
  t= 110.00  cb_failure         L8-CB1 {'rot': 0.03082}
  t= 110.00  cb_failure         L8-CB3 {'rot': 0.03008}
  t= 110.00  cb_failure         L9-CB1 {'rot': 0.02948}
  t= 110.00  cb_failure         L9-CB3 {'rot': 0.02842}
  t= 110.00  cb_failure         L10-CB1 {'rot': 0.02679}
  t= 110.00  cb_failure         L12-CB2 {'rot': 0.02875}
  t= 110.00  cb_failure         L13-CB2 {'rot': 0.03491}
  t= 110.00  cb_failure         L14-CB2 {'rot': 0.0384}
  t= 110.00  cb_failure         L15-CB2 {'rot': 0.03979}
  t= 110.00  cb_failure         L16-CB2 {'rot': 0.03946}
  t= 110.00  cb_failure         L17-CB2 {'rot': 0.03768}
  t= 110.00  cb_failure         L18-CB2 {'rot': 0.0335}
  t= 110.00  cb_failure         L19-CB2 {'rot': 0.02766}
  t= 110.00  cb_yield           L21-CB1 {'rot': 0.0034}
  t= 110.00  cb_yield           L22-CB1 {'rot': 0.00455}
  t= 110.00  cb_yield           L23-CB1 {'rot': 0.00408}
  t= 110.00  cb_yield           L23-CB2 {'rot': 0.00632}
  t= 110.00  cb_yield           L24-CB1 {'rot': 0.00254}
  t= 110.00  cb_yield           L24-CB2 {'rot': 0.00498}
  t= 110.00  cb_yield           L25-CB1 {'rot': 0.00235}
  t= 110.00  cb_yield           L25-CB2 {'rot': 0.00241}
  t= 110.00  cb_yield           L26-CB1 {'rot': 0.00212}
  t= 110.00  cb_yield           L26-CB2 {'rot': 0.00179}
  t= 110.00  cb_yield           L27-CB0 {'rot': 0.00129}
  t= 110.00  cb_yield           L27-CB1 {'rot': 0.00193}
  t= 110.00  cb_yield           L27-CB2 {'rot': 0.00135}
  t= 110.00  cb_yield           L28-CB0 {'rot': 0.00129}
  t= 110.00  cb_yield           L28-CB1 {'rot': 0.00176}
  t= 110.00  cb_yield           L28-CB2 {'rot': 0.00105}
  t= 110.00  cb_yield           L29-CB0 {'rot': 0.0012}
  t= 110.00  cb_yield           L29-CB1 {'rot': 0.00153}
  t= 110.00  cb_yield           L30-CB0 {'rot': 0.00107}
  t= 110.00  cb_yield           L30-CB1 {'rot': 0.00139}
  t= 110.00  cb_yield           L31-CB1 {'rot': 0.00124}
  t= 110.00  cb_yield           L32-CB1 {'rot': 0.0011}
