  t=  14.00  cb_yield           L6-CB2 {'rot': 0.00071}
  t=  14.00  cb_yield           L7-CB2 {'rot': 0.00073}
  t=  14.00  cb_yield           L8-CB2 {'rot': 0.00073}
  t=  14.00  cb_yield           L9-CB2 {'rot': 0.00071}
  t=  15.00  cb_yield           L5-CB2 {'rot': 0.00074}
  t=  15.00  cb_yield           L10-CB2 {'rot': 0.00073}
  t=  15.00  cb_yield           L11-CB2 {'rot': 0.00072}
  t=  16.00  cb_yield           L4-CB0 {'rot': 0.00073}
  t=  16.00  cb_yield           L4-CB2 {'rot': 0.00074}
  t=  16.00  cb_yield           L5-CB0 {'rot': 0.00075}
  t=  16.00  cb_yield           L6-CB0 {'rot': 0.00074}
  t=  16.00  cb_yield           L7-CB0 {'rot': 0.00073}
  t=  16.00  cb_yield           L12-CB2 {'rot': 0.00074}
  t=  16.00  cb_yield           L13-CB2 {'rot': 0.00072}
  t=  16.00  cb_yield           L14-CB2 {'rot': 0.00071}
  t=  17.00  cb_yield           L3-CB0 {'rot': 0.00072}
  t=  17.00  cb_yield           L3-CB2 {'rot': 0.00071}
  t=  17.00  cb_yield           L8-CB0 {'rot': 0.00075}
  t=  17.00  cb_yield           L15-CB2 {'rot': 0.00072}
  t=  18.00  cb_yield           L9-CB0 {'rot': 0.00075}
  t=  18.00  cb_yield           L10-CB0 {'rot': 0.00072}
  t=  18.00  cb_yield           L11-CB0 {'rot': 0.00071}
  t=  18.00  cb_yield           L16-CB2 {'rot': 0.00074}
  t=  19.00  cb_yield           L2-CB0 {'rot': 0.00072}
  t=  19.00  cb_yield           L12-CB0 {'rot': 0.00074}
  t=  19.00  cb_yield           L13-CB0 {'rot': 0.00073}
  t=  19.00  cb_yield           L14-CB0 {'rot': 0.00072}
  t=  20.00  cb_yield           L15-CB0 {'rot': 0.00075}
  t=  20.00  cb_yield           L16-CB0 {'rot': 0.00072}
  t=  20.00  cb_yield           L17-CB2 {'rot': 0.00081}
  t=  21.00  cb_yield           L18-CB2 {'rot': 0.0008}
  t=  22.00  cb_yield           L2-CB2 {'rot': 0.00072}
  t=  22.00  cb_yield           L17-CB0 {'rot': 0.00081}
  t=  23.00  cb_yield           L18-CB0 {'rot': 0.0008}
  t=  23.00  cb_yield           L19-CB2 {'rot': 0.00081}
  t=  24.00  cb_yield           L19-CB0 {'rot': 0.00079}
  t=  25.00  cb_yield           L1-CB0 {'rot': 0.00074}
  t=  25.00  cb_yield           L20-CB2 {'rot': 0.00081}
  t=  26.00  cb_yield           L20-CB0 {'rot': 0.0008}
  t=  27.00  cb_yield           L21-CB2 {'rot': 0.00079}
  t=  28.00  cb_yield           L21-CB0 {'rot': 0.0008}
  t=  30.00  cb_yield           L22-CB0 {'rot': 0.00079}
  t=  31.00  cb_yield           L22-CB2 {'rot': 0.00079}
  t=  34.00  cb_yield           L23-CB0 {'rot': 0.0008}
  t=  38.00  cb_yield           L24-CB0 {'rot': 0.0008}
  t=  41.00  cb_yield           L25-CB0 {'rot': 0.0008}
  t=  42.00  cb_failure         L7-CB0 {'rot': 0.01487}
  t=  42.00  cb_failure         L8-CB0 {'rot': 0.01524}
  t=  42.00  cb_failure         L9-CB0 {'rot': 0.01515}
  t=  42.00  cb_failure         L10-CB0 {'rot': 0.0149}
  t=  43.00  cb_yield           L2-CB3 {'rot': 0.00071}
  t=  43.00  cb_failure         L6-CB0 {'rot': 0.0152}
  t=  43.00  cb_failure         L11-CB0 {'rot': 0.01615}
  t=  43.00  cb_failure         L12-CB0 {'rot': 0.01566}
  t=  43.00  cb_failure         L13-CB0 {'rot': 0.01495}
  t=  44.00  cb_failure         L14-CB0 {'rot': 0.01535}
  t=  45.00  cb_failure         L5-CB0 {'rot': 0.01525}
  t=  45.00  cb_failure         L15-CB0 {'rot': 0.01538}
  t=  46.00  cb_failure         L16-CB0 {'rot': 0.01524}
  t=  47.00  cb_yield           L26-CB0 {'rot': 0.00081}
  t=  48.00  cb_failure         L4-CB0 {'rot': 0.01479}
  t=  49.00  cb_failure         L17-CB0 {'rot': 0.01528}
  t=  51.00  cb_yield           L1-CB3 {'rot': 0.00071}
  t=  52.00  cb_failure         L18-CB0 {'rot': 0.01556}
  t=  54.00  cb_yield           L22-CB3 {'rot': 0.00078}
  t=  55.00  cb_failure         L19-CB0 {'rot': 0.01543}
  t=  56.00  cb_failure         L3-CB0 {'rot': 0.01495}
  t=  57.00  cb_yield           L3-CB3 {'rot': 0.00071}
  t=  57.00  cb_yield           L23-CB3 {'rot': 0.00078}
  t=  59.00  cb_failure         L20-CB0 {'rot': 0.01527}
  t=  59.00  cb_yield           L27-CB0 {'rot': 0.0008}
  t=  62.00  cb_yield           L24-CB3 {'rot': 0.00079}
  t=  65.00  cb_failure         L21-CB0 {'rot': 0.01511}
  t=  68.00  cb_yield           L25-CB3 {'rot': 0.00079}
  t=  71.00  wall_shear_strength_loss S13-F {'gamma': 0.00501}
  t=  71.00  cb_failure         L2-CB0 {'rot': 0.01473}
  t=  72.00  wall_shear_strength_loss S12-F {'gamma': 0.00506}
  t=  73.00  wall_shear_strength_loss S11-F {'gamma': 0.00508}
  t=  73.00  wall_shear_strength_loss S14-F {'gamma': 0.00508}
  t=  73.00  cb_yield           L3-CB1 {'rot': 0.00072}
  t=  73.00  cb_yield           L4-CB3 {'rot': 0.00071}
  t=  74.00  cb_failure         L22-CB0 {'rot': 0.01491}
  t=  75.00  wall_shear_strength_loss S10-F {'gamma': 0.00514}
  t=  75.00  wall_shear_strength_loss S15-F {'gamma': 0.00509}
  t=  75.00  cb_yield           L1-CB1 {'rot': 0.00071}
  t=  76.00  punching           L10-col4 {'drift': np.float64(0.0291), 'vg_vc': 0.231, 'conn': 'column'}
  t=  76.00  punching           L11-col4 {'drift': np.float64(0.0304), 'vg_vc': 0.23, 'conn': 'column'}
  t=  76.00  punching           L11-col10 {'drift': np.float64(0.0286), 'vg_vc': 0.253, 'conn': 'column'}
  t=  76.00  punching           L12-col4 {'drift': np.float64(0.0312), 'vg_vc': 0.229, 'conn': 'column'}
  t=  76.00  punching           L12-col10 {'drift': np.float64(0.0293), 'vg_vc': 0.25, 'conn': 'column'}
  t=  76.00  punching           L13-col4 {'drift': np.float64(0.0312), 'vg_vc': 0.27, 'conn': 'column'}
  t=  76.00  punching           L13-col10 {'drift': np.float64(0.0293), 'vg_vc': 0.294, 'conn': 'column'}
  t=  76.00  punching           L13-col22 {'drift': np.float64(0.0281), 'vg_vc': 0.275, 'conn': 'column'}
  t=  76.00  punching           L14-col4 {'drift': np.float64(0.0304), 'vg_vc': 0.271, 'conn': 'column'}
  t=  76.00  punching           L14-col10 {'drift': np.float64(0.0286), 'vg_vc': 0.293, 'conn': 'column'}
  t=  76.00  punching           L14-col22 {'drift': np.float64(0.0274), 'vg_vc': 0.276, 'conn': 'column'}
  t=  76.00  punching           L15-col4 {'drift': np.float64(0.028), 'vg_vc': 0.272, 'conn': 'column'}
  t=  76.00  punching           L15-col10 {'drift': np.float64(0.0264), 'vg_vc': 0.289, 'conn': 'column'}
  t=  76.00  wall_shear_strength_loss S9-F {'gamma': 0.00568}
  t=  76.00  wall_shear_failure S12-F {'gamma': 0.00785}
  t=  76.00  wall_shear_failure S13-F {'gamma': 0.00809}
  t=  76.00  wall_shear_failure S14-F {'gamma': 0.00777}
  t=  76.00  wall_shear_strength_loss S16-F {'gamma': 0.00559}
