  t=  20.00  cb_yield           L4-CB0 {'rot': 0.00079}
  t=  20.00  cb_yield           L5-CB0 {'rot': 0.00082}
  t=  20.00  cb_yield           L6-CB0 {'rot': 0.00082}
  t=  20.00  cb_yield           L7-CB0 {'rot': 0.00081}
  t=  20.00  cb_yield           L8-CB0 {'rot': 0.00081}
  t=  21.00  cb_yield           L9-CB0 {'rot': 0.00081}
  t=  22.00  cb_yield           L3-CB0 {'rot': 0.00086}
  t=  22.00  cb_yield           L9-CB2 {'rot': 0.00079}
  t=  22.00  cb_yield           L10-CB0 {'rot': 0.00083}
  t=  23.00  cb_yield           L7-CB2 {'rot': 0.00079}
  t=  23.00  cb_yield           L8-CB2 {'rot': 0.00079}
  t=  23.00  cb_yield           L10-CB2 {'rot': 0.00079}
  t=  23.00  cb_yield           L11-CB0 {'rot': 0.00084}
  t=  24.00  cb_yield           L2-CB0 {'rot': 0.00083}
  t=  24.00  cb_yield           L11-CB2 {'rot': 0.00079}
  t=  24.00  cb_yield           L12-CB0 {'rot': 0.00085}
  t=  24.00  cb_yield           L13-CB0 {'rot': 0.0008}
  t=  25.00  cb_yield           L6-CB2 {'rot': 0.00079}
  t=  25.00  cb_yield           L12-CB2 {'rot': 0.00079}
  t=  25.00  cb_yield           L14-CB0 {'rot': 0.0008}
  t=  26.00  cb_yield           L13-CB2 {'rot': 0.00079}
  t=  26.00  cb_yield           L15-CB0 {'rot': 0.00081}
  t=  27.00  cb_yield           L14-CB2 {'rot': 0.00079}
  t=  27.00  cb_yield           L16-CB0 {'rot': 0.00081}
  t=  29.00  cb_yield           L15-CB2 {'rot': 0.00079}
  t=  29.00  cb_yield           L17-CB0 {'rot': 0.00088}
  t=  30.00  cb_yield           L1-CB0 {'rot': 0.00081}
  t=  30.00  cb_yield           L16-CB2 {'rot': 0.00079}
  t=  31.00  cb_yield           L18-CB0 {'rot': 0.00088}
  t=  33.00  cb_yield           L3-CB3 {'rot': 0.00079}
  t=  33.00  cb_yield           L19-CB0 {'rot': 0.00087}
  t=  36.00  cb_yield           L2-CB3 {'rot': 0.00079}
  t=  36.00  cb_yield           L4-CB3 {'rot': 0.0008}
  t=  36.00  cb_yield           L17-CB2 {'rot': 0.00086}
  t=  36.00  cb_yield           L20-CB0 {'rot': 0.00086}
  t=  38.00  cb_yield           L5-CB3 {'rot': 0.0008}
  t=  39.00  cb_yield           L6-CB3 {'rot': 0.00079}
  t=  40.00  cb_yield           L7-CB3 {'rot': 0.00079}
  t=  41.00  cb_yield           L8-CB3 {'rot': 0.00079}
  t=  41.00  cb_yield           L21-CB0 {'rot': 0.00088}
  t=  42.00  cb_yield           L1-CB3 {'rot': 0.0008}
  t=  42.00  cb_yield           L9-CB3 {'rot': 0.0008}
  t=  42.00  cb_yield           L10-CB3 {'rot': 0.00079}
  t=  43.00  cb_yield           L11-CB3 {'rot': 0.0008}
  t=  43.00  cb_yield           L14-CB3 {'rot': 0.00079}
  t=  43.00  cb_yield           L18-CB2 {'rot': 0.00086}
  t=  44.00  cb_yield           L12-CB3 {'rot': 0.0008}
  t=  44.00  cb_yield           L13-CB3 {'rot': 0.0008}
  t=  44.00  cb_yield           L15-CB3 {'rot': 0.00079}
  t=  45.00  cb_yield           L5-CB2 {'rot': 0.00079}
  t=  45.00  cb_yield           L16-CB3 {'rot': 0.00079}
  t=  47.00  cb_yield           L22-CB0 {'rot': 0.00087}
  t=  48.00  cb_yield           L17-CB3 {'rot': 0.00086}
  t=  50.00  cb_yield           L18-CB3 {'rot': 0.00086}
  t=  52.00  cb_yield           L4-CB2 {'rot': 0.00079}
  t=  52.00  cb_yield           L19-CB2 {'rot': 0.00085}
  t=  52.00  cb_yield           L19-CB3 {'rot': 0.00087}
  t=  53.00  cb_yield           L20-CB3 {'rot': 0.00086}
  t=  54.00  cb_yield           L21-CB3 {'rot': 0.00085}
  t=  55.00  cb_yield           L23-CB0 {'rot': 0.00087}
  t=  57.00  cb_yield           L7-CB1 {'rot': 0.00079}
  t=  57.00  cb_yield           L22-CB3 {'rot': 0.00086}
  t=  58.00  cb_yield           L9-CB1 {'rot': 0.00079}
  t=  59.00  cb_yield           L8-CB1 {'rot': 0.00081}
  t=  61.00  cb_yield           L3-CB2 {'rot': 0.00079}
  t=  61.00  cb_yield           L6-CB1 {'rot': 0.0008}
  t=  61.00  cb_yield           L20-CB2 {'rot': 0.00086}
  t=  61.00  cb_yield           L23-CB3 {'rot': 0.00086}
  t=  62.00  cb_yield           L10-CB1 {'rot': 0.0008}
  t=  63.00  cb_yield           L5-CB1 {'rot': 0.00079}
  t=  64.00  cb_yield           L4-CB1 {'rot': 0.0008}
  t=  65.00  cb_yield           L11-CB1 {'rot': 0.00079}
  t=  66.00  cb_yield           L3-CB1 {'rot': 0.00079}
  t=  66.00  cb_yield           L24-CB0 {'rot': 0.00086}
  t=  67.00  cb_yield           L24-CB3 {'rot': 0.00086}
  t=  69.00  cb_yield           L12-CB1 {'rot': 0.0008}
  t=  72.00  cb_yield           L21-CB2 {'rot': 0.00086}
  t=  73.00  cb_yield           L13-CB1 {'rot': 0.00081}
  t=  75.00  cb_yield           L2-CB1 {'rot': 0.0008}
  t=  75.00  cb_yield           L14-CB1 {'rot': 0.00079}
  t=  76.00  cb_yield           L25-CB3 {'rot': 0.00085}
  t=  77.00  cb_yield           L15-CB1 {'rot': 0.00081}
  t=  78.00  cb_yield           L16-CB1 {'rot': 0.0008}
  t=  80.00  cb_yield           L17-CB1 {'rot': 0.00088}
  t=  82.00  cb_yield           L1-CB1 {'rot': 0.0008}
  t=  82.00  cb_failure         L8-CB0 {'rot': 0.02488}
  t=  82.00  cb_yield           L18-CB1 {'rot': 0.00091}
  t=  82.00  cb_yield           L22-CB2 {'rot': 0.00087}
  t=  83.00  cb_failure         L7-CB0 {'rot': 0.02503}
  t=  84.00  cb_failure         L9-CB0 {'rot': 0.02539}
  t=  84.00  cb_yield           L19-CB1 {'rot': 0.00091}
  t=  85.00  cb_failure         L6-CB0 {'rot': 0.02501}
  t=  85.00  cb_failure         L10-CB0 {'rot': 0.02486}
  t=  85.00  cb_yield           L26-CB3 {'rot': 0.00086}
  t=  86.00  cb_yield           L20-CB1 {'rot': 0.00088}
  t=  87.00  cb_failure         L11-CB0 {'rot': 0.02488}
  t=  89.00  cb_yield           L21-CB1 {'rot': 0.00089}
  t=  89.00  cb_yield           L23-CB2 {'rot': 0.00085}
  t=  89.00  cb_yield           L25-CB0 {'rot': 0.00086}
  t=  90.00  cb_failure         L12-CB0 {'rot': 0.02564}
  t=  91.00  cb_failure         L5-CB0 {'rot': 0.02528}
  t=  92.00  cb_failure         L13-CB0 {'rot': 0.02503}
  t=  92.00  cb_yield           L22-CB1 {'rot': 0.00085}
  t=  96.00  cb_failure         L14-CB0 {'rot': 0.02549}
  t=  98.00  cb_yield           L27-CB3 {'rot': 0.00086}
  t=  99.00  cb_failure         L15-CB0 {'rot': 0.0251}
  t=  99.00  cb_yield           L23-CB1 {'rot': 0.00086}
  t= 100.00  cb_failure         L4-CB0 {'rot': 0.02484}
  t= 102.00  cb_failure         L16-CB0 {'rot': 0.02494}
  t= 102.00  cb_yield           L24-CB2 {'rot': 0.00085}
  t= 106.00  cb_yield           L24-CB1 {'rot': 0.00087}
  t= 110.00  cb_yield           L25-CB1 {'rot': 0.00091}
  t= 112.00  cb_failure         L6-CB1 {'rot': 0.02547}
  t= 112.00  cb_failure         L7-CB1 {'rot': 0.02559}
  t= 112.00  cb_failure         L17-CB0 {'rot': 0.02548}
  t= 112.00  cb_yield           L25-CB2 {'rot': 0.00086}
  t= 112.00  cb_yield           L26-CB1 {'rot': 0.00086}
  t= 113.00  cb_failure         L3-CB0 {'rot': 0.0249}
  t= 113.00  cb_failure         L8-CB1 {'rot': 0.02523}
  t= 114.00  punching           L13-col4 {'drift': np.float64(0.0269), 'vg_vc': 0.271, 'conn': 'column'}
  t= 114.00  cb_failure         L5-CB1 {'rot': 0.02489}
