  t=  16.00  cb_yield           L4-CB3 {'rot': 0.00069}
  t=  16.00  cb_yield           L5-CB3 {'rot': 0.00071}
  t=  16.00  cb_yield           L6-CB3 {'rot': 0.00072}
  t=  16.00  cb_yield           L7-CB3 {'rot': 0.00071}
  t=  16.00  cb_yield           L8-CB3 {'rot': 0.0007}
  t=  16.00  cb_yield           L9-CB3 {'rot': 0.00069}
  t=  16.00  cb_yield           L10-CB3 {'rot': 0.00069}
  t=  17.00  cb_yield           L3-CB3 {'rot': 0.0007}
  t=  17.00  cb_yield           L11-CB3 {'rot': 0.00073}
  t=  17.00  cb_yield           L12-CB3 {'rot': 0.00072}
  t=  17.00  cb_yield           L13-CB3 {'rot': 0.00071}
  t=  17.00  cb_yield           L14-CB3 {'rot': 0.00069}
  t=  18.00  cb_yield           L15-CB3 {'rot': 0.00072}
  t=  18.00  cb_yield           L16-CB3 {'rot': 0.0007}
  t=  19.00  cb_yield           L4-CB0 {'rot': 0.00069}
  t=  19.00  cb_yield           L5-CB0 {'rot': 0.0007}
  t=  19.00  cb_yield           L6-CB0 {'rot': 0.0007}
  t=  19.00  cb_yield           L7-CB0 {'rot': 0.0007}
  t=  19.00  cb_yield           L8-CB0 {'rot': 0.00069}
  t=  20.00  cb_yield           L2-CB3 {'rot': 0.00071}
  t=  20.00  cb_yield           L3-CB0 {'rot': 0.00071}
  t=  20.00  cb_yield           L9-CB0 {'rot': 0.0007}
  t=  20.00  cb_yield           L17-CB3 {'rot': 0.00077}
  t=  21.00  cb_yield           L7-CB2 {'rot': 0.00069}
  t=  21.00  cb_yield           L8-CB2 {'rot': 0.00069}
  t=  21.00  cb_yield           L9-CB2 {'rot': 0.00069}
  t=  21.00  cb_yield           L10-CB0 {'rot': 0.00071}
  t=  21.00  cb_yield           L18-CB3 {'rot': 0.00075}
  t=  22.00  cb_yield           L2-CB0 {'rot': 0.00075}
  t=  22.00  cb_yield           L10-CB2 {'rot': 0.00069}
  t=  22.00  cb_yield           L11-CB0 {'rot': 0.00071}
  t=  22.00  cb_yield           L11-CB2 {'rot': 0.00069}
  t=  23.00  cb_yield           L6-CB2 {'rot': 0.00069}
  t=  23.00  cb_yield           L12-CB0 {'rot': 0.00071}
  t=  23.00  cb_yield           L12-CB2 {'rot': 0.00069}
  t=  23.00  cb_yield           L19-CB3 {'rot': 0.00075}
  t=  24.00  cb_yield           L13-CB0 {'rot': 0.00071}
  t=  24.00  cb_yield           L13-CB2 {'rot': 0.00069}
  t=  25.00  cb_yield           L14-CB0 {'rot': 0.00071}
  t=  26.00  cb_yield           L1-CB0 {'rot': 0.0007}
  t=  26.00  cb_yield           L5-CB2 {'rot': 0.00069}
  t=  26.00  cb_yield           L14-CB2 {'rot': 0.00069}
  t=  26.00  cb_yield           L15-CB0 {'rot': 0.00071}
  t=  26.00  cb_yield           L20-CB3 {'rot': 0.00075}
  t=  27.00  cb_yield           L1-CB3 {'rot': 0.0007}
  t=  27.00  cb_yield           L15-CB2 {'rot': 0.00069}
  t=  27.00  cb_yield           L16-CB0 {'rot': 0.00071}
  t=  29.00  cb_yield           L16-CB2 {'rot': 0.00069}
  t=  29.00  cb_yield           L17-CB0 {'rot': 0.00077}
  t=  29.00  cb_yield           L21-CB3 {'rot': 0.00074}
  t=  30.00  cb_yield           L18-CB0 {'rot': 0.00075}
  t=  32.00  cb_yield           L4-CB2 {'rot': 0.00069}
  t=  33.00  cb_yield           L19-CB0 {'rot': 0.00077}
  t=  34.00  cb_yield           L17-CB2 {'rot': 0.00074}
  t=  34.00  cb_yield           L22-CB3 {'rot': 0.00076}
  t=  35.00  cb_yield           L20-CB0 {'rot': 0.00074}
  t=  39.00  cb_yield           L7-CB1 {'rot': 0.00069}
  t=  39.00  cb_yield           L18-CB2 {'rot': 0.00074}
  t=  39.00  cb_yield           L21-CB0 {'rot': 0.00075}
  t=  39.00  cb_yield           L23-CB3 {'rot': 0.00074}
  t=  40.00  cb_yield           L6-CB1 {'rot': 0.0007}
  t=  40.00  cb_yield           L8-CB1 {'rot': 0.0007}
  t=  40.00  cb_yield           L9-CB1 {'rot': 0.00069}
  t=  41.00  cb_yield           L5-CB1 {'rot': 0.00069}
  t=  43.00  cb_yield           L10-CB1 {'rot': 0.00069}
  t=  44.00  cb_yield           L3-CB1 {'rot': 0.00069}
  t=  44.00  cb_yield           L4-CB1 {'rot': 0.0007}
  t=  44.00  cb_yield           L22-CB0 {'rot': 0.00074}
  t=  46.00  cb_yield           L11-CB1 {'rot': 0.0007}
  t=  46.00  cb_yield           L19-CB2 {'rot': 0.00075}
  t=  47.00  cb_yield           L24-CB3 {'rot': 0.00074}
  t=  49.00  cb_yield           L2-CB1 {'rot': 0.0007}
  t=  49.00  cb_yield           L12-CB1 {'rot': 0.00069}
  t=  52.00  cb_yield           L13-CB1 {'rot': 0.00069}
  t=  52.00  cb_yield           L23-CB0 {'rot': 0.00075}
  t=  53.00  cb_yield           L20-CB2 {'rot': 0.00075}
  t=  55.00  cb_yield           L14-CB1 {'rot': 0.00069}
  t=  58.00  cb_yield           L15-CB1 {'rot': 0.00069}
  t=  58.00  cb_yield           L25-CB3 {'rot': 0.00075}
  t=  61.00  cb_yield           L16-CB1 {'rot': 0.0007}
  t=  61.00  cb_yield           L21-CB2 {'rot': 0.00074}
  t=  63.00  cb_yield           L24-CB0 {'rot': 0.00074}
  t=  66.00  cb_yield           L17-CB1 {'rot': 0.00075}
  t=  71.00  cb_yield           L18-CB1 {'rot': 0.00075}
  t=  72.00  cb_yield           L26-CB3 {'rot': 0.00075}
  t=  73.00  cb_yield           L22-CB2 {'rot': 0.00075}
  t=  74.00  cb_yield           L1-CB1 {'rot': 0.0007}
  t=  74.00  cb_yield           L19-CB1 {'rot': 0.00075}
  t=  77.00  cb_yield           L20-CB1 {'rot': 0.00077}
  t=  79.00  cb_yield           L21-CB1 {'rot': 0.00076}
  t=  81.00  cb_failure         L8-CB0 {'rot': 0.02489}
  t=  81.00  cb_yield           L22-CB1 {'rot': 0.00074}
  t=  81.00  cb_yield           L23-CB2 {'rot': 0.00075}
  t=  82.00  cb_failure         L7-CB0 {'rot': 0.02516}
  t=  83.00  cb_failure         L6-CB0 {'rot': 0.02472}
  t=  83.00  cb_failure         L9-CB0 {'rot': 0.02492}
  t=  84.00  cb_yield           L25-CB0 {'rot': 0.00074}
  t=  85.00  cb_failure         L10-CB0 {'rot': 0.02502}
  t=  85.00  cb_yield           L23-CB1 {'rot': 0.00074}
  t=  85.00  cb_yield           L27-CB3 {'rot': 0.00074}
  t=  87.00  cb_failure         L11-CB0 {'rot': 0.02485}
  t=  88.00  cb_failure         L5-CB0 {'rot': 0.02469}
  t=  89.00  cb_yield           L24-CB2 {'rot': 0.00074}
  t=  90.00  cb_failure         L12-CB0 {'rot': 0.02525}
  t=  90.00  cb_yield           L24-CB1 {'rot': 0.00074}
  t=  93.00  cb_failure         L13-CB0 {'rot': 0.02526}
  t=  95.00  cb_yield           L25-CB1 {'rot': 0.00078}
  t=  96.00  cb_failure         L4-CB0 {'rot': 0.02485}
  t=  96.00  cb_failure         L14-CB0 {'rot': 0.02542}
  t=  98.00  cb_failure         L15-CB0 {'rot': 0.02502}
  t=  98.00  cb_yield           L25-CB2 {'rot': 0.00075}
  t=  98.00  cb_yield           L26-CB1 {'rot': 0.00077}
  t= 100.00  cb_failure         L16-CB0 {'rot': 0.02541}
  t= 101.00  cb_failure         L6-CB1 {'rot': 0.02535}
  t= 101.00  cb_failure         L7-CB1 {'rot': 0.02576}
  t= 101.00  cb_failure         L8-CB1 {'rot': 0.02485}
  t= 101.00  cb_yield           L27-CB1 {'rot': 0.00077}
  t= 102.00  cb_yield           L26-CB0 {'rot': 0.00074}
  t= 103.00  cb_failure         L5-CB1 {'rot': 0.02513}
  t= 103.00  cb_failure         L9-CB1 {'rot': 0.02605}
  t= 104.00  cb_failure         L10-CB1 {'rot': 0.02573}
  t= 104.00  cb_yield           L26-CB2 {'rot': 0.00075}
  t= 105.00  cb_failure         L11-CB1 {'rot': 0.02527}
  t= 105.00  cb_failure         L17-CB0 {'rot': 0.02501}
  t= 105.00  cb_yield           L28-CB1 {'rot': 0.00076}
  t= 106.00  cb_failure         L3-CB0 {'rot': 0.0248}
  t= 106.00  cb_failure         L12-CB1 {'rot': 0.02481}
  t= 108.00  cb_failure         L13-CB1 {'rot': 0.02587}
  t= 109.00  cb_failure         L14-CB1 {'rot': 0.02548}
  t= 110.00  cb_failure         L15-CB1 {'rot': 0.0248}
  t= 110.00  cb_failure         L18-CB0 {'rot': 0.02559}
  t= 111.00  punching           L13-col4 {'drift': np.float64(0.0266), 'vg_vc': 0.271, 'conn': 'column'}
  t= 111.00  cb_failure         L4-CB1 {'rot': 0.02514}
