  t=  19.00  cb_yield           L3-CB0 {'rot': 0.00091}
  t=  19.00  cb_yield           L3-CB2 {'rot': 0.00091}
  t=  19.00  cb_yield           L4-CB0 {'rot': 0.00092}
  t=  19.00  cb_yield           L4-CB2 {'rot': 0.00092}
  t=  19.00  cb_yield           L5-CB0 {'rot': 0.00091}
  t=  19.00  cb_yield           L5-CB2 {'rot': 0.00091}
  t=  19.00  cb_yield           L7-CB1 {'rot': 0.00091}
  t=  19.00  cb_yield           L7-CB3 {'rot': 0.00091}
  t=  20.00  cb_yield           L1-CB0 {'rot': 0.00091}
  t=  20.00  cb_yield           L1-CB2 {'rot': 0.00091}
  t=  20.00  cb_yield           L2-CB0 {'rot': 0.00094}
  t=  20.00  cb_yield           L2-CB2 {'rot': 0.00094}
  t=  20.00  cb_yield           L6-CB0 {'rot': 0.00095}
  t=  20.00  cb_yield           L6-CB1 {'rot': 0.00092}
  t=  20.00  cb_yield           L6-CB2 {'rot': 0.00095}
  t=  20.00  cb_yield           L6-CB3 {'rot': 0.00092}
  t=  20.00  cb_yield           L7-CB0 {'rot': 0.00094}
  t=  20.00  cb_yield           L7-CB2 {'rot': 0.00094}
  t=  20.00  cb_yield           L8-CB0 {'rot': 0.00091}
  t=  20.00  cb_yield           L8-CB2 {'rot': 0.00091}
  t=  21.00  cb_yield           L3-CB1 {'rot': 0.00091}
  t=  21.00  cb_yield           L3-CB3 {'rot': 0.00091}
  t=  21.00  cb_yield           L4-CB1 {'rot': 0.00091}
  t=  21.00  cb_yield           L4-CB3 {'rot': 0.00091}
  t=  21.00  cb_yield           L5-CB1 {'rot': 0.00091}
  t=  21.00  cb_yield           L5-CB3 {'rot': 0.00091}
  t=  21.00  cb_yield           L8-CB1 {'rot': 0.00092}
  t=  21.00  cb_yield           L8-CB3 {'rot': 0.00092}
  t=  21.00  cb_yield           L11-CB1 {'rot': 0.00091}
  t=  21.00  cb_yield           L11-CB3 {'rot': 0.00091}
  t=  21.00  cb_yield           L12-CB1 {'rot': 0.00091}
  t=  21.00  cb_yield           L12-CB3 {'rot': 0.00092}
  t=  21.00  cb_yield           L13-CB1 {'rot': 0.00092}
  t=  21.00  cb_yield           L13-CB3 {'rot': 0.00092}
  t=  21.00  cb_yield           L14-CB1 {'rot': 0.00091}
  t=  21.00  cb_yield           L14-CB3 {'rot': 0.00091}
  t=  22.00  cb_yield           L9-CB0 {'rot': 0.00094}
  t=  22.00  cb_yield           L9-CB1 {'rot': 0.00092}
  t=  22.00  cb_yield           L9-CB2 {'rot': 0.00094}
  t=  22.00  cb_yield           L9-CB3 {'rot': 0.00092}
  t=  22.00  cb_yield           L10-CB1 {'rot': 0.00092}
  t=  22.00  cb_yield           L10-CB3 {'rot': 0.00093}
  t=  22.00  cb_yield           L15-CB1 {'rot': 0.00093}
  t=  22.00  cb_yield           L15-CB3 {'rot': 0.00093}
  t=  23.00  cb_yield           L10-CB0 {'rot': 0.00096}
  t=  23.00  cb_yield           L10-CB2 {'rot': 0.00096}
  t=  23.00  cb_yield           L11-CB0 {'rot': 0.00091}
  t=  23.00  cb_yield           L11-CB2 {'rot': 0.00091}
  t=  23.00  cb_yield           L16-CB1 {'rot': 0.00094}
  t=  23.00  cb_yield           L16-CB3 {'rot': 0.00094}
  t=  24.00  cb_yield           L2-CB1 {'rot': 0.00094}
  t=  24.00  cb_yield           L2-CB3 {'rot': 0.00094}
  t=  24.00  cb_yield           L12-CB0 {'rot': 0.00094}
  t=  24.00  cb_yield           L12-CB2 {'rot': 0.00094}
  t=  24.00  cb_yield           L13-CB0 {'rot': 0.00091}
  t=  24.00  cb_yield           L13-CB2 {'rot': 0.00091}
  t=  24.00  cb_yield           L17-CB1 {'rot': 0.00101}
  t=  24.00  cb_yield           L17-CB3 {'rot': 0.00101}
  t=  25.00  cb_yield           L14-CB0 {'rot': 0.00092}
  t=  25.00  cb_yield           L14-CB2 {'rot': 0.00092}
  t=  25.00  cb_yield           L18-CB1 {'rot': 0.00103}
  t=  25.00  cb_yield           L18-CB3 {'rot': 0.00103}
  t=  25.00  cb_yield           L19-CB1 {'rot': 0.00099}
  t=  25.00  cb_yield           L19-CB3 {'rot': 0.00099}
  t=  26.00  cb_yield           L15-CB0 {'rot': 0.00093}
  t=  26.00  cb_yield           L15-CB2 {'rot': 0.00093}
  t=  26.00  cb_yield           L20-CB1 {'rot': 0.00099}
  t=  26.00  cb_yield           L20-CB3 {'rot': 0.001}
  t=  27.00  cb_yield           L1-CB1 {'rot': 0.00096}
  t=  27.00  cb_yield           L1-CB3 {'rot': 0.00096}
  t=  27.00  cb_yield           L16-CB0 {'rot': 0.00094}
  t=  27.00  cb_yield           L16-CB2 {'rot': 0.00094}
  t=  27.00  cb_yield           L21-CB1 {'rot': 0.00098}
  t=  27.00  cb_yield           L21-CB3 {'rot': 0.00098}
  t=  29.00  cb_yield           L17-CB0 {'rot': 0.00106}
  t=  29.00  cb_yield           L17-CB2 {'rot': 0.00106}
  t=  29.00  cb_yield           L22-CB1 {'rot': 0.001}
  t=  29.00  cb_yield           L22-CB3 {'rot': 0.001}
  t=  30.00  cb_yield           L18-CB0 {'rot': 0.00103}
  t=  30.00  cb_yield           L18-CB2 {'rot': 0.00103}
  t=  31.00  cb_yield           L19-CB0 {'rot': 0.00099}
  t=  31.00  cb_yield           L19-CB2 {'rot': 0.00099}
  t=  31.00  cb_yield           L23-CB1 {'rot': 0.00099}
  t=  31.00  cb_yield           L23-CB3 {'rot': 0.00099}
  t=  33.00  cb_yield           L20-CB0 {'rot': 0.00099}
  t=  33.00  cb_yield           L20-CB2 {'rot': 0.00099}
  t=  34.00  cb_yield           L24-CB1 {'rot': 0.00099}
  t=  34.00  cb_yield           L24-CB3 {'rot': 0.00099}
  t=  36.00  cb_yield           L21-CB0 {'rot': 0.00103}
  t=  36.00  cb_yield           L21-CB2 {'rot': 0.00103}
  t=  38.00  cb_yield           L22-CB0 {'rot': 0.00099}
  t=  38.00  cb_yield           L22-CB2 {'rot': 0.00099}
  t=  38.00  cb_yield           L25-CB1 {'rot': 0.00099}
  t=  38.00  cb_yield           L25-CB3 {'rot': 0.00099}
  t=  42.00  cb_yield           L23-CB0 {'rot': 0.00098}
  t=  42.00  cb_yield           L23-CB2 {'rot': 0.00098}
  t=  43.00  cb_yield           L26-CB1 {'rot': 0.00099}
  t=  43.00  cb_yield           L26-CB3 {'rot': 0.00099}
  step 47  solver fallback: 100 sub-steps, tol 1e-05
  t=  48.00  wall_shear_strength_loss S9-F {'gamma': 0.00551}
  t=  48.00  wall_shear_strength_loss S10-F {'gamma': 0.00641}
  t=  48.00  wall_shear_strength_loss S11-F {'gamma': 0.00655}
  t=  48.00  wall_shear_strength_loss S12-F {'gamma': 0.00643}
  t=  48.00  wall_shear_strength_loss S13-F {'gamma': 0.00616}
  t=  48.00  wall_shear_strength_loss S14-F {'gamma': 0.00541}
  t=  48.00  cb_yield           L27-CB1 {'rot': 0.001}
  t=  48.00  cb_yield           L27-CB3 {'rot': 0.001}
  t=  49.00  wall_shear_failure S10-F {'gamma': 0.00831}
  t=  49.00  wall_axial_failure S10-F {'gamma': 0.00831, 'eps': -6e-05, 'cause': 'shear'}
  t=  49.00  wall_shear_failure S11-F {'gamma': 0.00856}
  t=  49.00  wall_axial_failure S11-F {'gamma': 0.00856, 'eps': -6e-05, 'cause': 'shear'}
  t=  49.00  wall_shear_failure S12-F {'gamma': 0.00856}
  t=  49.00  wall_axial_failure S12-F {'gamma': 0.00856, 'eps': -5e-05, 'cause': 'shear'}
  t=  49.00  wall_shear_failure S13-F {'gamma': 0.00842}
  t=  49.00  wall_shear_failure S14-F {'gamma': 0.00771}
  t=  49.00  wall_shear_strength_loss S15-F {'gamma': 0.00683}
  t=  49.00  wall_shear_strength_loss S16-F {'gamma': 0.00604}
  t=  49.00  wall_shear_strength_loss S17-F {'gamma': 0.00536}
  t=  49.00  cb_yield           L28-CB1 {'rot': 0.00106}
  t=  49.00  cb_yield           L28-CB3 {'rot': 0.00106}
