  t=  14.00  cb_yield           L6-CB2 {'rot': 0.0008}
  t=  14.00  cb_yield           L7-CB2 {'rot': 0.00081}
  t=  14.00  cb_yield           L8-CB2 {'rot': 0.00082}
  t=  14.00  cb_yield           L9-CB2 {'rot': 0.0008}
  t=  15.00  cb_yield           L4-CB2 {'rot': 0.00084}
  t=  15.00  cb_yield           L5-CB2 {'rot': 0.0009}
  t=  15.00  cb_yield           L10-CB2 {'rot': 0.00091}
  t=  15.00  cb_yield           L11-CB2 {'rot': 0.00088}
  t=  15.00  cb_yield           L12-CB2 {'rot': 0.00084}
  t=  15.00  cb_yield           L13-CB2 {'rot': 0.00081}
  t=  16.00  cb_yield           L3-CB2 {'rot': 0.00087}
  t=  16.00  cb_yield           L6-CB0 {'rot': 0.00079}
  t=  16.00  cb_yield           L7-CB0 {'rot': 0.00079}
  t=  16.00  cb_yield           L14-CB2 {'rot': 0.00094}
  t=  16.00  cb_yield           L15-CB2 {'rot': 0.00089}
  t=  16.00  cb_yield           L16-CB2 {'rot': 0.00084}
  t=  17.00  cb_yield           L2-CB2 {'rot': 0.00082}
  t=  17.00  cb_yield           L3-CB0 {'rot': 0.0008}
  t=  17.00  cb_yield           L4-CB0 {'rot': 0.00084}
  t=  17.00  cb_yield           L5-CB0 {'rot': 0.00085}
  t=  17.00  cb_yield           L8-CB0 {'rot': 0.00084}
  t=  17.00  cb_yield           L9-CB0 {'rot': 0.00082}
  t=  17.00  cb_yield           L10-CB0 {'rot': 0.0008}
  t=  17.00  cb_yield           L17-CB2 {'rot': 0.00095}
  t=  17.00  cb_yield           L18-CB2 {'rot': 0.00087}
  t=  18.00  cb_yield           L2-CB0 {'rot': 0.00079}
  t=  18.00  cb_yield           L11-CB0 {'rot': 0.00086}
  t=  18.00  cb_yield           L12-CB0 {'rot': 0.00083}
  t=  18.00  cb_yield           L13-CB0 {'rot': 0.00081}
  t=  18.00  cb_yield           L14-CB0 {'rot': 0.00079}
  t=  18.00  cb_yield           L19-CB2 {'rot': 0.0009}
  t=  19.00  cb_yield           L15-CB0 {'rot': 0.00083}
  t=  19.00  cb_yield           L16-CB0 {'rot': 0.0008}
  t=  19.00  cb_yield           L20-CB2 {'rot': 0.00091}
  t=  20.00  cb_yield           L17-CB0 {'rot': 0.00088}
  t=  20.00  cb_yield           L21-CB2 {'rot': 0.00091}
  t=  21.00  cb_yield           L1-CB0 {'rot': 0.00082}
  t=  21.00  cb_yield           L1-CB2 {'rot': 0.00084}
  t=  21.00  cb_yield           L18-CB0 {'rot': 0.0009}
  t=  21.00  cb_yield           L22-CB2 {'rot': 0.00088}
  t=  22.00  cb_yield           L19-CB0 {'rot': 0.00092}
  t=  22.00  cb_yield           L20-CB0 {'rot': 0.00086}
  t=  23.00  cb_yield           L21-CB0 {'rot': 0.00086}
  t=  23.00  cb_yield           L23-CB2 {'rot': 0.00089}
  t=  25.00  cb_yield           L22-CB0 {'rot': 0.00091}
  t=  25.00  cb_yield           L24-CB2 {'rot': 0.00086}
  t=  26.00  cb_yield           L23-CB0 {'rot': 0.00087}
  t=  28.00  cb_yield           L24-CB0 {'rot': 0.00087}
  t=  29.00  cb_yield           L25-CB2 {'rot': 0.00087}
  t=  31.00  cb_yield           L25-CB0 {'rot': 0.00088}
  t=  35.00  cb_yield           L26-CB0 {'rot': 0.00089}
  t=  38.00  cb_yield           L11-CB3 {'rot': 0.00079}
  t=  39.00  cb_yield           L10-CB3 {'rot': 0.00079}
  t=  39.00  cb_yield           L12-CB3 {'rot': 0.00079}
  t=  40.00  cb_yield           L9-CB3 {'rot': 0.00079}
  t=  40.00  cb_yield           L13-CB3 {'rot': 0.00079}
  t=  42.00  cb_yield           L8-CB3 {'rot': 0.00079}
  t=  42.00  cb_yield           L14-CB3 {'rot': 0.00079}
  t=  43.00  cb_yield           L6-CB3 {'rot': 0.00079}
  t=  43.00  cb_yield           L7-CB3 {'rot': 0.0008}
  t=  44.00  cb_yield           L5-CB3 {'rot': 0.00079}
  t=  44.00  cb_yield           L15-CB3 {'rot': 0.00079}
  t=  45.00  cb_yield           L27-CB0 {'rot': 0.00085}
  t=  46.00  cb_yield           L4-CB3 {'rot': 0.0008}
  t=  46.00  cb_yield           L16-CB3 {'rot': 0.0008}
  t=  47.00  cb_yield           L3-CB3 {'rot': 0.0008}
  t=  49.00  cb_yield           L17-CB3 {'rot': 0.00086}
  t=  50.00  cb_yield           L2-CB3 {'rot': 0.0008}
  t=  51.00  cb_yield           L18-CB3 {'rot': 0.00085}
  t=  54.00  cb_yield           L1-CB3 {'rot': 0.00079}
  t=  55.00  cb_yield           L19-CB3 {'rot': 0.00087}
  t=  58.00  cb_yield           L20-CB3 {'rot': 0.00086}
  t=  62.00  cb_yield           L21-CB3 {'rot': 0.00086}
  t=  66.00  cb_yield           L22-CB3 {'rot': 0.00085}
  t=  70.00  cb_yield           L23-CB3 {'rot': 0.00085}
  t=  75.00  cb_yield           L24-CB3 {'rot': 0.00085}
  t=  83.00  cb_yield           L25-CB3 {'rot': 0.00086}
  step 86  solver fallback: 10 sub-steps, tol 1e-05
  t=  87.00  wall_shear_strength_loss S1-F {'gamma': 0.02675}
  t=  87.00  wall_shear_failure S1-F {'gamma': 0.02675}
  t=  87.00  wall_axial_failure S1-F {'gamma': 0.02675, 'eps': 0.0, 'cause': 'shear'}
  t=  87.00  cb_failure         L1-CB3 {'rot': 0.03327}
  t=  87.00  cb_yield           L2-CB1 {'rot': 0.00108}
  t=  87.00  cb_failure         L2-CB3 {'rot': 0.02871}
  t=  87.00  cb_failure         L3-CB3 {'rot': 0.02554}
  t=  87.00  cb_yield           L26-CB3 {'rot': 0.00086}
