  t=  11.00  cb_yield           L6-CB3 {'rot': 0.00072}
  t=  11.00  cb_yield           L7-CB3 {'rot': 0.00073}
  t=  11.00  cb_yield           L8-CB3 {'rot': 0.00073}
  t=  11.00  cb_yield           L9-CB3 {'rot': 0.00073}
  t=  11.00  cb_yield           L10-CB3 {'rot': 0.00073}
  t=  11.00  cb_yield           L11-CB3 {'rot': 0.00072}
  t=  11.00  cb_yield           L12-CB3 {'rot': 0.00072}
  t=  12.00  cb_yield           L7-CB2 {'rot': 0.00072}
  t=  12.00  cb_yield           L8-CB2 {'rot': 0.00072}
  t=  12.00  cb_yield           L9-CB2 {'rot': 0.00071}
  t=  12.00  cb_yield           L13-CB3 {'rot': 0.00077}
  t=  12.00  cb_yield           L14-CB3 {'rot': 0.00076}
  t=  12.00  cb_yield           L15-CB3 {'rot': 0.00074}
  t=  12.00  cb_yield           L16-CB3 {'rot': 0.00072}
  t=  13.00  cb_yield           L4-CB2 {'rot': 0.00073}
  t=  13.00  cb_yield           L5-CB2 {'rot': 0.00078}
  t=  13.00  cb_yield           L6-CB0 {'rot': 0.00071}
  t=  13.00  cb_yield           L6-CB2 {'rot': 0.00082}
  t=  13.00  cb_yield           L10-CB2 {'rot': 0.00082}
  t=  13.00  cb_yield           L11-CB2 {'rot': 0.0008}
  t=  13.00  cb_yield           L12-CB2 {'rot': 0.00077}
  t=  13.00  cb_yield           L13-CB2 {'rot': 0.00074}
  t=  13.00  cb_yield           L14-CB2 {'rot': 0.00071}
  t=  14.00  cb_yield           L3-CB2 {'rot': 0.00077}
  t=  14.00  cb_yield           L4-CB0 {'rot': 0.00072}
  t=  14.00  cb_yield           L5-CB0 {'rot': 0.00073}
  t=  14.00  cb_yield           L7-CB0 {'rot': 0.00073}
  t=  14.00  cb_yield           L8-CB0 {'rot': 0.00073}
  t=  14.00  cb_yield           L9-CB0 {'rot': 0.00072}
  t=  14.00  cb_yield           L15-CB2 {'rot': 0.00083}
  t=  14.00  cb_yield           L16-CB2 {'rot': 0.00078}
  t=  15.00  cb_yield           L2-CB2 {'rot': 0.00074}
  t=  15.00  cb_yield           L3-CB0 {'rot': 0.00077}
  t=  15.00  cb_yield           L10-CB0 {'rot': 0.00078}
  t=  15.00  cb_yield           L11-CB0 {'rot': 0.00076}
  t=  15.00  cb_yield           L12-CB0 {'rot': 0.00074}
  t=  15.00  cb_yield           L13-CB0 {'rot': 0.00072}
  t=  15.00  cb_yield           L17-CB2 {'rot': 0.00089}
  t=  15.00  cb_yield           L18-CB2 {'rot': 0.00082}
  t=  16.00  cb_yield           L2-CB0 {'rot': 0.00078}
  t=  16.00  cb_yield           L14-CB0 {'rot': 0.00079}
  t=  16.00  cb_yield           L15-CB0 {'rot': 0.00076}
  t=  16.00  cb_yield           L16-CB0 {'rot': 0.00074}
  t=  16.00  cb_yield           L19-CB2 {'rot': 0.00085}
  t=  17.00  cb_yield           L17-CB0 {'rot': 0.00083}
  t=  17.00  cb_yield           L17-CB3 {'rot': 0.00079}
  t=  17.00  cb_yield           L18-CB0 {'rot': 0.00079}
  t=  17.00  cb_yield           L20-CB2 {'rot': 0.00087}
  t=  18.00  cb_yield           L1-CB0 {'rot': 0.00072}
  t=  18.00  cb_yield           L1-CB2 {'rot': 0.00072}
  t=  18.00  cb_yield           L19-CB0 {'rot': 0.00081}
  t=  18.00  cb_yield           L21-CB2 {'rot': 0.00087}
  t=  19.00  cb_yield           L20-CB0 {'rot': 0.00083}
  t=  19.00  cb_yield           L22-CB2 {'rot': 0.00084}
  t=  20.00  cb_yield           L21-CB0 {'rot': 0.00084}
  t=  20.00  cb_yield           L23-CB2 {'rot': 0.0008}
  t=  21.00  cb_yield           L22-CB0 {'rot': 0.00084}
  t=  22.00  cb_yield           L23-CB0 {'rot': 0.00083}
  t=  23.00  cb_yield           L24-CB0 {'rot': 0.00079}
  t=  23.00  cb_yield           L24-CB2 {'rot': 0.00083}
  t=  25.00  cb_yield           L25-CB0 {'rot': 0.00079}
  t=  26.00  cb_yield           L25-CB2 {'rot': 0.00079}
  t=  28.00  cb_yield           L26-CB0 {'rot': 0.00079}
  t=  32.00  cb_yield           L27-CB0 {'rot': 0.00079}
  t=  38.00  cb_yield           L18-CB3 {'rot': 0.00079}
  t=  40.00  cb_yield           L19-CB3 {'rot': 0.00079}
  t=  40.00  cb_yield           L28-CB0 {'rot': 0.0008}
  t=  42.00  cb_yield           L3-CB3 {'rot': 0.00071}
  t=  42.00  cb_yield           L20-CB3 {'rot': 0.00079}
  t=  43.00  cb_yield           L2-CB3 {'rot': 0.00071}
  t=  43.00  cb_yield           L21-CB3 {'rot': 0.00079}
  t=  45.00  cb_yield           L4-CB3 {'rot': 0.00072}
  t=  45.00  cb_yield           L22-CB3 {'rot': 0.0008}
  t=  46.00  cb_yield           L1-CB3 {'rot': 0.00071}
  t=  46.00  cb_yield           L5-CB3 {'rot': 0.00073}
  t=  46.00  cb_yield           L23-CB3 {'rot': 0.0008}
  t=  46.00  cb_yield           L24-CB3 {'rot': 0.00079}
  t=  47.00  cb_yield           L25-CB3 {'rot': 0.0008}
  t=  47.00  cb_yield           L26-CB3 {'rot': 0.00079}
  t=  48.00  cb_failure         L6-CB0 {'rot': 0.01479}
  t=  48.00  cb_failure         L7-CB0 {'rot': 0.01473}
  t=  48.00  cb_yield           L8-CB1 {'rot': 0.00072}
  t=  48.00  cb_yield           L9-CB1 {'rot': 0.00071}
  t=  49.00  cb_failure         L5-CB0 {'rot': 0.01492}
  t=  49.00  cb_failure         L8-CB0 {'rot': 0.01499}
  t=  49.00  cb_yield           L10-CB1 {'rot': 0.00071}
  t=  50.00  cb_failure         L9-CB0 {'rot': 0.01472}
  t=  51.00  cb_failure         L4-CB0 {'rot': 0.01478}
  t=  51.00  cb_yield           L7-CB1 {'rot': 0.00071}
  t=  51.00  cb_yield           L11-CB1 {'rot': 0.00072}
  t=  51.00  cb_yield           L27-CB3 {'rot': 0.00079}
  t=  52.00  cb_failure         L10-CB0 {'rot': 0.01495}
  t=  52.00  cb_yield           L12-CB1 {'rot': 0.00073}
  t=  52.00  cb_yield           L13-CB1 {'rot': 0.00072}
  t=  53.00  cb_yield           L14-CB1 {'rot': 0.00072}
  t=  53.00  cb_yield           L29-CB0 {'rot': 0.0008}
  t=  54.00  cb_failure         L11-CB0 {'rot': 0.01512}
  t=  54.00  cb_yield           L15-CB1 {'rot': 0.00073}
  t=  55.00  cb_failure         L12-CB0 {'rot': 0.01485}
  t=  55.00  cb_yield           L16-CB1 {'rot': 0.00072}
  t=  57.00  cb_failure         L3-CB0 {'rot': 0.01486}
  t=  57.00  cb_failure         L13-CB0 {'rot': 0.01494}
  t=  59.00  cb_failure         L14-CB0 {'rot': 0.01489}
  t=  59.00  cb_yield           L17-CB1 {'rot': 0.00079}
  t=  61.00  cb_failure         L15-CB0 {'rot': 0.01476}
  t=  61.00  cb_yield           L28-CB3 {'rot': 0.00079}
  t=  64.00  cb_failure         L16-CB0 {'rot': 0.01493}
  t=  64.00  cb_yield           L18-CB1 {'rot': 0.00079}
  t=  70.00  cb_failure         L17-CB0 {'rot': 0.01479}
  t=  71.00  cb_failure         L2-CB0 {'rot': 0.01489}
  t=  73.00  cb_yield           L19-CB1 {'rot': 0.00079}
  t=  74.00  cb_yield           L3-CB1 {'rot': 0.00072}
  t=  78.00  cb_yield           L4-CB1 {'rot': 0.00071}
  t=  78.00  cb_failure         L18-CB0 {'rot': 0.01486}
  t=  85.00  cb_yield           L20-CB1 {'rot': 0.00079}
  t=  88.00  cb_failure         L19-CB0 {'rot': 0.0149}
  t= 102.00  cb_yield           L5-CB1 {'rot': 0.00071}
  t= 102.00  cb_failure         L20-CB0 {'rot': 0.01482}
  t= 103.00  cb_yield           L21-CB1 {'rot': 0.00079}
  step 198  solver fallback: NewtonLineSearch
