  t=  10.00  cb_yield           L7-CB2 {'rot': 0.00059}
  t=  10.00  cb_yield           L8-CB2 {'rot': 0.00059}
  t=  11.00  cb_yield           L6-CB2 {'rot': 0.00061}
  t=  11.00  cb_yield           L9-CB2 {'rot': 0.00059}
  t=  12.00  cb_yield           L5-CB2 {'rot': 0.0006}
  t=  12.00  cb_yield           L10-CB2 {'rot': 0.0006}
  t=  13.00  cb_yield           L11-CB2 {'rot': 0.0006}
  t=  13.00  cb_yield           L12-CB2 {'rot': 0.00059}
  t=  14.00  cb_yield           L13-CB2 {'rot': 0.0006}
  t=  14.00  cb_yield           L14-CB2 {'rot': 0.00059}
  t=  15.00  cb_yield           L15-CB2 {'rot': 0.0006}
  t=  16.00  cb_yield           L4-CB2 {'rot': 0.0006}
  t=  16.00  cb_yield           L5-CB0 {'rot': 0.0006}
  t=  16.00  cb_yield           L16-CB2 {'rot': 0.0006}
  t=  17.00  cb_yield           L4-CB0 {'rot': 0.0006}
  t=  17.00  cb_yield           L6-CB0 {'rot': 0.00061}
  t=  17.00  cb_yield           L7-CB0 {'rot': 0.0006}
  t=  19.00  cb_yield           L3-CB0 {'rot': 0.00061}
  t=  19.00  cb_yield           L8-CB0 {'rot': 0.00061}
  t=  27.00  cb_yield           L2-CB0 {'rot': 0.00059}
  t=  29.00  cb_yield           L9-CB0 {'rot': 0.00059}
  t=  37.00  cb_yield           L1-CB0 {'rot': 0.00061}
  t=  62.00  wall_shear_strength_loss S9-F {'gamma': 0.00501}
  t=  62.00  wall_shear_strength_loss S10-F {'gamma': 0.00506}
  t=  62.00  wall_shear_strength_loss S11-F {'gamma': 0.00501}
  step 62  solver fallback: 10 sub-steps, tol 1e-05
  t=  63.00  wall_shear_strength_loss S8-F {'gamma': 0.00512}
  t=  63.00  wall_shear_strength_loss S12-F {'gamma': 0.00531}
  t=  63.00  wall_shear_strength_loss S13-F {'gamma': 0.00514}
  t=  64.00  wall_shear_strength_loss S7-F {'gamma': 0.00507}
  t=  65.00  wall_shear_failure S10-F {'gamma': 0.0076}
  t=  65.00  wall_shear_failure S11-F {'gamma': 0.00762}
  t=  65.00  wall_shear_strength_loss S14-F {'gamma': 0.00529}
  t=  66.00  wall_shear_failure S9-F {'gamma': 0.00767}
  t=  66.00  wall_shear_failure S12-F {'gamma': 0.00775}
  t=  67.00  wall_shear_strength_loss S6-F {'gamma': 0.00505}
  t=  68.00  wall_shear_failure S8-F {'gamma': 0.00767}
  t=  68.00  wall_shear_failure S13-F {'gamma': 0.00763}
  t=  70.00  wall_axial_failure S10-F {'gamma': 0.00931, 'eps': -0.00013, 'cause': 'shear'}
