  t=  16.00  cb_yield           L2-CB0 {'rot': 0.00079}
  t=  16.00  cb_yield           L2-CB2 {'rot': 0.00079}
  t=  16.00  cb_yield           L3-CB0 {'rot': 0.0008}
  t=  16.00  cb_yield           L3-CB2 {'rot': 0.0008}
  t=  16.00  cb_yield           L4-CB0 {'rot': 0.0008}
  t=  16.00  cb_yield           L4-CB2 {'rot': 0.0008}
  t=  16.00  cb_yield           L5-CB0 {'rot': 0.0008}
  t=  16.00  cb_yield           L5-CB2 {'rot': 0.0008}
  t=  16.00  cb_yield           L6-CB0 {'rot': 0.00079}
  t=  16.00  cb_yield           L6-CB2 {'rot': 0.00079}
  t=  17.00  cb_yield           L1-CB0 {'rot': 0.00085}
  t=  17.00  cb_yield           L1-CB2 {'rot': 0.00085}
  t=  17.00  cb_yield           L7-CB0 {'rot': 0.00083}
  t=  17.00  cb_yield           L7-CB2 {'rot': 0.00083}
  t=  17.00  cb_yield           L8-CB0 {'rot': 0.0008}
  t=  17.00  cb_yield           L8-CB2 {'rot': 0.0008}
  t=  18.00  cb_yield           L3-CB1 {'rot': 0.00081}
  t=  18.00  cb_yield           L3-CB3 {'rot': 0.00081}
  t=  18.00  cb_yield           L4-CB1 {'rot': 0.0008}
  t=  18.00  cb_yield           L4-CB3 {'rot': 0.0008}
  t=  18.00  cb_yield           L5-CB1 {'rot': 0.00079}
  t=  18.00  cb_yield           L5-CB3 {'rot': 0.00079}
  t=  18.00  cb_yield           L9-CB0 {'rot': 0.00082}
  t=  18.00  cb_yield           L9-CB2 {'rot': 0.00082}
  t=  19.00  cb_yield           L6-CB1 {'rot': 0.00082}
  t=  19.00  cb_yield           L6-CB3 {'rot': 0.00082}
  t=  19.00  cb_yield           L7-CB1 {'rot': 0.00081}
  t=  19.00  cb_yield           L7-CB3 {'rot': 0.00081}
  t=  19.00  cb_yield           L10-CB0 {'rot': 0.00085}
  t=  19.00  cb_yield           L10-CB2 {'rot': 0.00085}
  t=  19.00  cb_yield           L11-CB0 {'rot': 0.0008}
  t=  19.00  cb_yield           L11-CB2 {'rot': 0.0008}
  t=  20.00  cb_yield           L8-CB1 {'rot': 0.00083}
  t=  20.00  cb_yield           L8-CB3 {'rot': 0.00083}
  t=  20.00  cb_yield           L12-CB0 {'rot': 0.00083}
  t=  20.00  cb_yield           L12-CB2 {'rot': 0.00083}
  t=  20.00  cb_yield           L13-CB0 {'rot': 0.00079}
  t=  20.00  cb_yield           L13-CB2 {'rot': 0.00079}
  t=  21.00  cb_yield           L9-CB1 {'rot': 0.00085}
  t=  21.00  cb_yield           L9-CB3 {'rot': 0.00085}
  t=  21.00  cb_yield           L10-CB1 {'rot': 0.00081}
  t=  21.00  cb_yield           L10-CB3 {'rot': 0.00081}
  t=  21.00  cb_yield           L11-CB1 {'rot': 0.00079}
  t=  21.00  cb_yield           L11-CB3 {'rot': 0.00079}
  t=  21.00  cb_yield           L14-CB0 {'rot': 0.00081}
  t=  21.00  cb_yield           L14-CB2 {'rot': 0.00081}
  t=  22.00  cb_yield           L12-CB1 {'rot': 0.00086}
  t=  22.00  cb_yield           L12-CB3 {'rot': 0.00086}
  t=  22.00  cb_yield           L13-CB1 {'rot': 0.00084}
  t=  22.00  cb_yield           L13-CB3 {'rot': 0.00084}
  t=  22.00  cb_yield           L14-CB1 {'rot': 0.00082}
  t=  22.00  cb_yield           L14-CB3 {'rot': 0.00082}
  t=  22.00  cb_yield           L15-CB0 {'rot': 0.00084}
  t=  22.00  cb_yield           L15-CB1 {'rot': 0.00081}
  t=  22.00  cb_yield           L15-CB2 {'rot': 0.00084}
  t=  22.00  cb_yield           L15-CB3 {'rot': 0.00081}
  t=  22.00  cb_yield           L16-CB1 {'rot': 0.00079}
  t=  22.00  cb_yield           L16-CB3 {'rot': 0.00079}
  t=  23.00  cb_yield           L16-CB0 {'rot': 0.00087}
  t=  23.00  cb_yield           L16-CB2 {'rot': 0.00087}
  t=  24.00  cb_yield           L17-CB0 {'rot': 0.00093}
  t=  24.00  cb_yield           L17-CB1 {'rot': 0.00088}
  t=  24.00  cb_yield           L17-CB2 {'rot': 0.00093}
  t=  24.00  cb_yield           L17-CB3 {'rot': 0.00088}
  t=  24.00  cb_yield           L18-CB1 {'rot': 0.00086}
  t=  24.00  cb_yield           L18-CB3 {'rot': 0.00086}
  t=  25.00  cb_yield           L1-CB1 {'rot': 0.00082}
  t=  25.00  cb_yield           L1-CB3 {'rot': 0.00082}
  t=  25.00  cb_yield           L2-CB1 {'rot': 0.00088}
  t=  25.00  cb_yield           L2-CB3 {'rot': 0.00088}
  t=  25.00  cb_yield           L18-CB0 {'rot': 0.00092}
  t=  25.00  cb_yield           L18-CB2 {'rot': 0.00092}
  t=  25.00  cb_yield           L19-CB1 {'rot': 0.00086}
  t=  25.00  cb_yield           L19-CB3 {'rot': 0.00086}
  t=  26.00  cb_yield           L19-CB0 {'rot': 0.00088}
  t=  26.00  cb_yield           L19-CB2 {'rot': 0.00088}
  t=  26.00  cb_yield           L20-CB1 {'rot': 0.00086}
  t=  26.00  cb_yield           L20-CB3 {'rot': 0.00086}
  t=  28.00  cb_yield           L20-CB0 {'rot': 0.00091}
  t=  28.00  cb_yield           L20-CB2 {'rot': 0.00091}
  t=  28.00  cb_yield           L21-CB1 {'rot': 0.00087}
  t=  28.00  cb_yield           L21-CB3 {'rot': 0.00087}
  t=  30.00  cb_yield           L21-CB0 {'rot': 0.00091}
  t=  30.00  cb_yield           L21-CB2 {'rot': 0.00091}
  t=  30.00  cb_yield           L22-CB1 {'rot': 0.00087}
  t=  30.00  cb_yield           L22-CB3 {'rot': 0.00087}
  t=  32.00  cb_yield           L22-CB0 {'rot': 0.00087}
  t=  32.00  cb_yield           L22-CB2 {'rot': 0.00087}
  t=  32.00  cb_yield           L23-CB1 {'rot': 0.00086}
  t=  32.00  cb_yield           L23-CB3 {'rot': 0.00086}
  t=  35.00  cb_yield           L23-CB0 {'rot': 0.00086}
  t=  35.00  cb_yield           L23-CB2 {'rot': 0.00086}
  t=  37.00  cb_yield           L24-CB1 {'rot': 0.00086}
  t=  37.00  cb_yield           L24-CB3 {'rot': 0.00086}
  t=  40.00  cb_yield           L24-CB0 {'rot': 0.00088}
  t=  40.00  cb_yield           L24-CB2 {'rot': 0.00088}
  step 47  solver fallback: 10 sub-steps, tol 1e-05
  t=  48.00  wall_shear_strength_loss S10-F {'gamma': 0.00505}
  t=  48.00  wall_shear_strength_loss S11-F {'gamma': 0.00515}
  t=  48.00  wall_shear_strength_loss S12-F {'gamma': 0.00505}
  t=  48.00  cb_yield           L25-CB1 {'rot': 0.00085}
  t=  48.00  cb_yield           L25-CB3 {'rot': 0.00085}
  step 48  solver fallback: 100 sub-steps, tol 0.0001
  t=  49.00  wall_shear_strength_loss S9-F {'gamma': 0.00628}
  t=  49.00  wall_shear_failure S10-F {'gamma': 0.00793}
  t=  49.00  wall_shear_failure S11-F {'gamma': 0.00823}
  t=  49.00  wall_shear_failure S12-F {'gamma': 0.00818}
  t=  49.00  wall_shear_strength_loss S13-F {'gamma': 0.00787}
  t=  49.00  wall_shear_failure S13-F {'gamma': 0.00787}
  t=  49.00  wall_shear_strength_loss S14-F {'gamma': 0.00688}
  t=  49.00  wall_shear_strength_loss S15-F {'gamma': 0.00586}
  t=  49.00  wall_shear_strength_loss S16-F {'gamma': 0.00516}
  t=  49.00  cb_yield           L26-CB1 {'rot': 0.00098}
  t=  49.00  cb_yield           L26-CB3 {'rot': 0.00098}
  t=  49.00  cb_yield           L27-CB1 {'rot': 0.00089}
  t=  49.00  cb_yield           L27-CB3 {'rot': 0.00089}
  step 49  solver fallback: 10 sub-steps, tol 1e-05
  t=  50.00  wall_shear_failure S14-F {'gamma': 0.0079}
  t=  50.00  wall_shear_strength_loss S17-F {'gamma': 0.00529}
  t=  50.00  cb_yield           L28-CB1 {'rot': 0.00089}
  t=  50.00  cb_yield           L28-CB3 {'rot': 0.00089}
  t=  51.00  wall_shear_failure S9-F {'gamma': 0.00775}
  t=  51.00  wall_axial_failure S10-F {'gamma': 0.00927, 'eps': -4e-05, 'cause': 'shear'}
  t=  51.00  wall_axial_failure S11-F {'gamma': 0.00959, 'eps': -4e-05, 'cause': 'shear'}
  t=  51.00  wall_axial_failure S12-F {'gamma': 0.0096, 'eps': -3e-05, 'cause': 'shear'}
  t=  51.00  wall_axial_failure S13-F {'gamma': 0.00943, 'eps': -3e-05, 'cause': 'shear'}
  t=  51.00  wall_shear_failure S15-F {'gamma': 0.00774}
  t=  51.00  wall_shear_strength_loss S18-F {'gamma': 0.0051}
