  t=  42.00  cb_yield           L4-CB0 {'rot': 0.00069}
  t=  44.00  cb_yield           L3-CB0 {'rot': 0.00069}
  t=  48.00  cb_yield           L2-CB0 {'rot': 0.0007}
  t=  53.00  cb_yield           L1-CB0 {'rot': 0.00071}
  t=  62.00  wall_shear_strength_loss S9-F {'gamma': 0.00507}
  t=  62.00  wall_shear_strength_loss S10-F {'gamma': 0.00511}
  t=  62.00  wall_shear_strength_loss S11-F {'gamma': 0.00505}
  t=  63.00  wall_shear_strength_loss S8-F {'gamma': 0.00525}
  t=  63.00  wall_shear_strength_loss S12-F {'gamma': 0.00544}
  t=  63.00  wall_shear_strength_loss S13-F {'gamma': 0.00523}
  t=  64.00  wall_shear_strength_loss S7-F {'gamma': 0.00522}
  t=  65.00  wall_shear_failure S10-F {'gamma': 0.00772}
  t=  65.00  wall_shear_failure S11-F {'gamma': 0.00772}
  t=  65.00  wall_shear_strength_loss S14-F {'gamma': 0.00533}
  t=  66.00  wall_shear_failure S9-F {'gamma': 0.00777}
  t=  66.00  wall_shear_failure S12-F {'gamma': 0.00781}
  t=  67.00  wall_shear_strength_loss S6-F {'gamma': 0.00521}
  t=  68.00  wall_shear_failure S8-F {'gamma': 0.00777}
  t=  68.00  wall_shear_failure S13-F {'gamma': 0.00765}
  t=  70.00  wall_axial_failure S9-F {'gamma': 0.00917, 'eps': -0.00013, 'cause': 'shear'}
  t=  70.00  wall_shear_strength_loss S10-M {'gamma': 0.00503}
  t=  70.00  wall_axial_failure S10-F {'gamma': 0.00938, 'eps': -0.00013, 'cause': 'shear'}
