  t=   1.87  cb_yield           L5-CB1 {'rot': 0.005}
  t=   1.87  cb_yield           L5-CB3 {'rot': 0.00512}
  t=   1.87  cb_yield           L6-CB1 {'rot': 0.00504}
  t=   1.87  cb_yield           L6-CB3 {'rot': 0.00516}
  t=   1.87  cb_yield           L7-CB1 {'rot': 0.00494}
  t=   1.87  cb_yield           L7-CB3 {'rot': 0.00507}
  t=   2.00  cb_yield           L4-CB0 {'rot': 0.00506}
  t=   2.00  cb_yield           L4-CB1 {'rot': 0.00542}
  t=   2.00  cb_yield           L4-CB2 {'rot': 0.00514}
  t=   2.00  cb_yield           L4-CB3 {'rot': 0.00551}
  t=   2.00  cb_yield           L5-CB0 {'rot': 0.00538}
  t=   2.00  cb_yield           L5-CB2 {'rot': 0.00547}
  t=   2.00  cb_yield           L6-CB0 {'rot': 0.00551}
  t=   2.00  cb_yield           L6-CB2 {'rot': 0.00562}
  t=   2.00  cb_yield           L7-CB0 {'rot': 0.0055}
  t=   2.00  cb_yield           L7-CB2 {'rot': 0.00561}
  t=   2.00  cb_yield           L8-CB0 {'rot': 0.00536}
  t=   2.00  cb_yield           L8-CB1 {'rot': 0.00597}
  t=   2.00  cb_yield           L8-CB2 {'rot': 0.00548}
  t=   2.00  cb_yield           L8-CB3 {'rot': 0.0061}
  t=   2.00  cb_yield           L9-CB0 {'rot': 0.00513}
  t=   2.00  cb_yield           L9-CB1 {'rot': 0.00579}
  t=   2.00  cb_yield           L9-CB2 {'rot': 0.00525}
  t=   2.00  cb_yield           L9-CB3 {'rot': 0.00592}
  t=   2.00  cb_yield           L10-CB1 {'rot': 0.00554}
  t=   2.00  cb_yield           L10-CB2 {'rot': 0.00496}
  t=   2.00  cb_yield           L10-CB3 {'rot': 0.00568}
  t=   2.00  cb_yield           L11-CB1 {'rot': 0.00527}
  t=   2.00  cb_yield           L11-CB3 {'rot': 0.0054}
  t=   2.00  cb_yield           L12-CB1 {'rot': 0.00497}
  t=   2.00  cb_yield           L12-CB3 {'rot': 0.0051}
  t=   2.12  cb_yield           L10-CB0 {'rot': 0.00567}
  t=   2.12  cb_yield           L11-CB0 {'rot': 0.00543}
  t=   2.12  cb_yield           L11-CB2 {'rot': 0.00555}
  t=   2.12  cb_yield           L12-CB0 {'rot': 0.00515}
  t=   2.12  cb_yield           L12-CB2 {'rot': 0.00528}
  t=   2.12  cb_yield           L13-CB1 {'rot': 0.00586}
  t=   2.12  cb_yield           L13-CB2 {'rot': 0.00497}
  t=   2.12  cb_yield           L13-CB3 {'rot': 0.00601}
  t=   2.12  cb_yield           L14-CB1 {'rot': 0.00555}
  t=   2.12  cb_yield           L14-CB3 {'rot': 0.00571}
  t=   2.12  cb_yield           L15-CB1 {'rot': 0.00524}
  t=   2.12  cb_yield           L15-CB3 {'rot': 0.0054}
  t=   2.12  cb_yield           L16-CB1 {'rot': 0.00493}
  t=   2.12  cb_yield           L16-CB3 {'rot': 0.00509}
  t=   2.25  cb_yield           L13-CB0 {'rot': 0.00553}
  t=   2.25  cb_yield           L14-CB0 {'rot': 0.00528}
  t=   2.25  cb_yield           L14-CB2 {'rot': 0.00546}
  t=   2.25  cb_yield           L15-CB0 {'rot': 0.00499}
  t=   2.25  cb_yield           L15-CB2 {'rot': 0.00518}
  t=   2.25  cb_yield           L17-CB1 {'rot': 0.00564}
  t=   2.25  cb_yield           L17-CB3 {'rot': 0.00586}
  t=   2.25  cb_yield           L18-CB3 {'rot': 0.0055}
  t=   2.37  cb_yield           L16-CB0 {'rot': 0.00511}
  t=   2.37  cb_yield           L16-CB2 {'rot': 0.00533}
  t=   2.37  cb_yield           L18-CB1 {'rot': 0.00622}
  t=   2.37  cb_yield           L19-CB1 {'rot': 0.006}
  t=   2.37  cb_yield           L19-CB3 {'rot': 0.00628}
  t=   2.37  cb_yield           L20-CB1 {'rot': 0.00577}
  t=   2.37  cb_yield           L20-CB3 {'rot': 0.00608}
  t=   2.37  cb_yield           L21-CB1 {'rot': 0.00554}
  t=   2.37  cb_yield           L21-CB3 {'rot': 0.00586}
  t=   2.37  cb_yield           L22-CB3 {'rot': 0.00564}
  t=   2.50  cb_yield           L17-CB2 {'rot': 0.00561}
  t=   2.50  cb_yield           L18-CB2 {'rot': 0.00566}
  t=   2.50  cb_yield           L19-CB2 {'rot': 0.00566}
  t=   2.50  cb_yield           L20-CB2 {'rot': 0.00563}
  t=   2.50  cb_yield           L21-CB2 {'rot': 0.00554}
  t=   2.50  cb_yield           L22-CB1 {'rot': 0.00733}
  t=   2.50  cb_yield           L23-CB1 {'rot': 0.00711}
  t=   2.50  cb_yield           L23-CB3 {'rot': 0.00746}
  t=   2.50  cb_yield           L24-CB1 {'rot': 0.00682}
  t=   2.50  cb_yield           L24-CB3 {'rot': 0.00718}
  t=   2.50  cb_yield           L25-CB1 {'rot': 0.00647}
  t=   2.50  cb_yield           L25-CB3 {'rot': 0.00683}
  t=   2.50  cb_yield           L26-CB1 {'rot': 0.00608}
  t=   2.50  cb_yield           L26-CB3 {'rot': 0.00643}
  t=   2.50  cb_yield           L27-CB1 {'rot': 0.00565}
  t=   2.50  cb_yield           L27-CB3 {'rot': 0.00599}
  t=   2.50  cb_yield           L28-CB3 {'rot': 0.00556}
  t=   2.62  cb_yield           L17-CB0 {'rot': 0.00576}
  t=   2.62  cb_yield           L18-CB0 {'rot': 0.00604}
  t=   2.62  cb_yield           L19-CB0 {'rot': 0.00624}
  t=   2.62  cb_yield           L20-CB0 {'rot': 0.00634}
  t=   2.62  cb_yield           L21-CB0 {'rot': 0.00634}
  t=   2.62  cb_yield           L22-CB0 {'rot': 0.0062}
  t=   2.62  cb_yield           L22-CB2 {'rot': 0.00644}
  t=   2.62  cb_yield           L23-CB0 {'rot': 0.00596}
  t=   2.62  cb_yield           L23-CB2 {'rot': 0.00619}
  t=   2.62  cb_yield           L24-CB0 {'rot': 0.0056}
  t=   2.62  cb_yield           L24-CB2 {'rot': 0.00583}
  t=   2.62  cb_yield           L28-CB1 {'rot': 0.00611}
  t=   2.62  cb_yield           L29-CB1 {'rot': 0.00553}
  t=   2.62  cb_yield           L29-CB3 {'rot': 0.00575}
  t=   4.00  cb_yield           L3-CB0 {'rot': 0.00506}
  t=   4.00  cb_yield           L3-CB1 {'rot': 0.005}
  t=   4.12  cb_yield           L2-CB0 {'rot': 0.00594}
  t=   4.12  cb_yield           L2-CB1 {'rot': 0.00579}
  t=   4.12  cb_yield           L2-CB2 {'rot': 0.00515}
  t=   4.12  cb_yield           L2-CB3 {'rot': 0.00503}
  t=   4.12  cb_yield           L3-CB2 {'rot': 0.00613}
  t=   4.12  cb_yield           L3-CB3 {'rot': 0.006}
  t=   4.25  cb_yield           L1-CB0 {'rot': 0.00511}
  t=   4.25  cb_yield           L1-CB1 {'rot': 0.00497}
  t=   4.37  cb_yield           L1-CB2 {'rot': 0.00495}
  t=   7.88  cb_yield           L1-CB3 {'rot': 0.00546}
  t=   8.63  cb_yield           L25-CB2 {'rot': 0.00746}
  t=   8.63  cb_yield           L26-CB2 {'rot': 0.00687}
  t=   8.63  cb_yield           L27-CB2 {'rot': 0.00624}
  t=   8.63  cb_yield           L28-CB2 {'rot': 0.00562}
  t=   8.63  cb_yield           L30-CB3 {'rot': 0.00864}
  t=   8.63  cb_yield           L31-CB3 {'rot': 0.00793}
  t=   8.63  cb_yield           L32-CB3 {'rot': 0.00738}
  t=   8.63  cb_yield           L33-CB3 {'rot': 0.00706}
  t=   8.75  cb_failure         L12-CB3 {'rot': 0.01891}
  t=   8.75  cb_failure         L13-CB3 {'rot': 0.01957}
  t=   8.75  cb_failure         L14-CB3 {'rot': 0.02002}
  t=   8.75  cb_failure         L15-CB3 {'rot': 0.02028}
  t=   8.75  cb_failure         L16-CB3 {'rot': 0.02034}
  t=   8.75  cb_failure         L17-CB3 {'rot': 0.0202}
  t=   8.75  cb_failure         L18-CB3 {'rot': 0.01989}
  t=   8.75  cb_failure         L19-CB3 {'rot': 0.01953}
  t=   8.75  cb_yield           L29-CB2 {'rot': 0.00597}
  t=   8.88  cb_failure         L18-CB1 {'rot': 0.01976}
  t=   8.88  cb_failure         L20-CB3 {'rot': 0.02163}
  t=   8.88  cb_failure         L21-CB3 {'rot': 0.02089}
  t=   8.88  cb_failure         L22-CB3 {'rot': 0.01995}
  t=   8.88  cb_yield           L30-CB2 {'rot': 0.00555}
  t=  8.975  solver fallback: Newton
  t=   9.00  cb_yield           L31-CB2 {'rot': 0.00549}
  t=   9.13  cb_yield           L32-CB2 {'rot': 0.00591}
  t=   9.13  cb_yield           L33-CB2 {'rot': 0.00563}
  t=   9.25  cb_yield           L25-CB0 {'rot': 0.00545}
  t=   9.25  cb_yield           L30-CB1 {'rot': 0.00706}
  t=   9.25  cb_yield           L31-CB1 {'rot': 0.00625}
  t=   9.25  cb_yield           L32-CB1 {'rot': 0.00562}
  t=   9.38  cb_yield           L26-CB0 {'rot': 0.00545}
  t=   9.38  cb_yield           L33-CB1 {'rot': 0.00652}
  progress t=  10.0s  max corner drift so far=0.0055  wall clock=116s
  t=  10.38  cb_yield           L27-CB0 {'rot': 0.00801}
  t=  10.38  cb_yield           L28-CB0 {'rot': 0.00754}
  t=  10.38  cb_yield           L29-CB0 {'rot': 0.00701}
  t=  10.38  cb_yield           L30-CB0 {'rot': 0.00644}
  t=  10.38  cb_yield           L31-CB0 {'rot': 0.0059}
  t=  10.38  cb_yield           L32-CB0 {'rot': 0.00547}
  t=  10.50  cb_failure         L20-CB1 {'rot': 0.0198}
  t=  10.50  cb_failure         L21-CB1 {'rot': 0.02035}
  t=  10.50  cb_failure         L22-CB1 {'rot': 0.0207}
  t=  10.50  cb_failure         L23-CB1 {'rot': 0.02087}
  t=  10.50  cb_failure         L24-CB1 {'rot': 0.02089}
  t=  10.50  cb_failure         L25-CB1 {'rot': 0.02078}
  t=  10.50  cb_failure         L26-CB1 {'rot': 0.02055}
  t=  10.50  cb_failure         L27-CB1 {'rot': 0.02022}
  t=  10.50  cb_failure         L28-CB1 {'rot': 0.01983}
  t=  10.50  cb_yield           L33-CB0 {'rot': 0.00717}
  t= 10.550  solver fallback: Newton
  t=  10.63  cb_failure         L3-CB2 {'rot': 0.0196}
  t=  10.63  cb_failure         L4-CB2 {'rot': 0.02124}
  t=  10.63  cb_failure         L5-CB2 {'rot': 0.02153}
  t=  10.63  cb_failure         L6-CB2 {'rot': 0.02081}
  t=  10.63  cb_failure         L7-CB2 {'rot': 0.01941}
  t=  10.63  cb_failure         L29-CB1 {'rot': 0.02077}
  t=  10.63  cb_failure         L30-CB1 {'rot': 0.02007}
  t= 10.675  solver fallback: Newton
  t= 10.700  solver fallback: Newton
  t=  10.75  cb_failure         L2-CB2 {'rot': 0.0192}
  t=  10.75  cb_failure         L3-CB3 {'rot': 0.01958}
  t=  10.75  cb_failure         L4-CB3 {'rot': 0.02087}
  t=  10.75  cb_failure         L5-CB3 {'rot': 0.02066}
  t=  10.75  cb_failure         L6-CB3 {'rot': 0.01938}
  t=  10.75  cb_failure         L8-CB2 {'rot': 0.02067}
  t=  10.75  cb_failure         L26-CB3 {'rot': 0.01955}
  t=  10.75  cb_failure         L31-CB1 {'rot': 0.02067}
  t=  10.75  cb_failure         L31-CB3 {'rot': 0.01976}
  t=  10.75  cb_failure         L32-CB1 {'rot': 0.0201}
  t=  10.75  cb_failure         L33-CB1 {'rot': 0.0199}
  t=  10.88  cb_failure         L2-CB3 {'rot': 0.01996}
  t=  10.88  cb_failure         L3-CB0 {'rot': 0.02105}
  t=  10.88  cb_failure         L4-CB0 {'rot': 0.02249}
  t=  10.88  cb_failure         L4-CB1 {'rot': 0.01989}
  t=  10.88  cb_failure         L5-CB0 {'rot': 0.0225}
  t=  10.88  cb_failure         L5-CB1 {'rot': 0.01955}
  t=  10.88  cb_failure         L6-CB0 {'rot': 0.02141}
  t=  10.88  cb_failure         L7-CB0 {'rot': 0.01966}
  t=  10.88  cb_failure         L7-CB3 {'rot': 0.0218}
  t=  10.88  cb_failure         L8-CB3 {'rot': 0.01937}
  t=  10.88  cb_failure         L9-CB2 {'rot': 0.02116}
  t=  11.00  cb_failure         L2-CB0 {'rot': 0.02032}
  t=  11.00  cb_failure         L3-CB1 {'rot': 0.02171}
  t=  11.00  cb_failure         L6-CB1 {'rot': 0.02345}
  t=  11.00  cb_failure         L7-CB1 {'rot': 0.02192}
  t=  11.00  cb_failure         L8-CB0 {'rot': 0.02236}
  t=  11.00  cb_failure         L8-CB1 {'rot': 0.01974}
  t=  11.00  cb_failure         L9-CB0 {'rot': 0.01974}
  t=  11.00  cb_failure         L9-CB3 {'rot': 0.02118}
  t=  11.00  cb_failure         L10-CB2 {'rot': 0.02173}
  t=  11.00  cb_failure         L11-CB2 {'rot': 0.01903}
  t=  11.13  cb_failure         L9-CB1 {'rot': 0.02298}
  t=  11.13  cb_failure         L10-CB0 {'rot': 0.02207}
  t=  11.13  cb_failure         L10-CB1 {'rot': 0.02083}
  t=  11.13  cb_failure         L10-CB3 {'rot': 0.02323}
  t=  11.13  cb_failure         L11-CB0 {'rot': 0.01981}
  t=  11.13  cb_failure         L11-CB3 {'rot': 0.021}
  t=  11.13  cb_failure         L12-CB2 {'rot': 0.02058}
  t=  11.25  cb_failure         L11-CB1 {'rot': 0.02495}
  t=  11.25  cb_failure         L12-CB0 {'rot': 0.02356}
  t=  11.25  cb_failure         L12-CB1 {'rot': 0.02332}
  t=  11.25  cb_failure         L13-CB0 {'rot': 0.02155}
  t=  11.25  cb_failure         L13-CB1 {'rot': 0.02131}
  t=  11.25  cb_failure         L13-CB2 {'rot': 0.02274}
  t=  11.25  cb_failure         L14-CB0 {'rot': 0.01924}
  t=  11.25  cb_failure         L14-CB1 {'rot': 0.01897}
  t=  11.25  cb_failure         L14-CB2 {'rot': 0.02046}
  t=  11.38  cb_failure         L15-CB0 {'rot': 0.02678}
  t=  11.38  cb_failure         L15-CB1 {'rot': 0.02632}
  t=  11.38  cb_failure         L15-CB2 {'rot': 0.02528}
  t=  11.38  cb_failure         L16-CB0 {'rot': 0.02555}
  t=  11.38  cb_failure         L16-CB1 {'rot': 0.02508}
  t=  11.38  cb_failure         L16-CB2 {'rot': 0.02408}
  t=  11.38  cb_failure         L17-CB0 {'rot': 0.02373}
  t=  11.38  cb_failure         L17-CB1 {'rot': 0.02335}
  t=  11.38  cb_failure         L17-CB2 {'rot': 0.0223}
  t=  11.38  cb_failure         L18-CB0 {'rot': 0.02185}
  t=  11.38  cb_failure         L18-CB2 {'rot': 0.02047}
  t=  11.38  cb_failure         L19-CB0 {'rot': 0.01985}
  t=  11.38  cb_failure         L19-CB1 {'rot': 0.01947}
  t= 11.475  solver fallback: Newton
  t=  11.50  cb_failure         L19-CB2 {'rot': 0.026}
  t=  11.50  cb_failure         L20-CB0 {'rot': 0.02749}
  t=  11.50  cb_failure         L20-CB2 {'rot': 0.02452}
  t=  11.50  cb_failure         L21-CB0 {'rot': 0.02553}
  t=  11.50  cb_failure         L21-CB2 {'rot': 0.02274}
  t=  11.50  cb_failure         L22-CB0 {'rot': 0.02328}
  t=  11.50  cb_failure         L22-CB2 {'rot': 0.02068}
  t=  11.50  cb_failure         L23-CB0 {'rot': 0.0208}
  t= 11.500  solver fallback: Newton
  t= 11.525  solver fallback: Newton
  t= 11.550  solver fallback: Newton
  t=  11.63  cb_failure         L23-CB2 {'rot': 0.02133}
  t=  11.63  cb_failure         L23-CB3 {'rot': 0.02169}
  t=  11.63  cb_failure         L24-CB0 {'rot': 0.02122}
  t= 11.625  solver fallback: Newton
  t=  11.75  cb_failure         L24-CB2 {'rot': 0.02153}
  t=  11.75  cb_failure         L24-CB3 {'rot': 0.02309}
  t=  11.75  cb_failure         L25-CB0 {'rot': 0.02087}
  t=  11.75  cb_failure         L25-CB2 {'rot': 0.01961}
  t=  11.75  cb_failure         L25-CB3 {'rot': 0.01944}
  t=  11.88  cb_failure         L26-CB0 {'rot': 0.01978}
  t=  12.00  cb_failure         L26-CB2 {'rot': 0.01982}
  t=  12.00  cb_failure         L27-CB0 {'rot': 0.01979}
  t=  12.00  cb_failure         L28-CB0 {'rot': 0.01982}
  t=  12.13  cb_failure         L27-CB2 {'rot': 0.01989}
  t=  12.13  cb_failure         L29-CB0 {'rot': 0.01986}
  t=  12.75  cb_failure         L27-CB3 {'rot': 0.01955}
  t=  12.75  cb_failure         L32-CB3 {'rot': 0.01965}
  t=  12.75  cb_failure         L33-CB3 {'rot': 0.01967}
  t=  12.88  cb_failure         L28-CB3 {'rot': 0.03175}
  t=  12.88  cb_failure         L29-CB3 {'rot': 0.03159}
  t=  12.88  cb_failure         L30-CB3 {'rot': 0.03091}
  t=  13.00  cb_failure         L28-CB2 {'rot': 0.02539}
  t=  13.00  cb_failure         L29-CB2 {'rot': 0.02521}
  t=  13.00  cb_failure         L30-CB2 {'rot': 0.0245}
  t=  13.00  cb_failure         L31-CB2 {'rot': 0.02353}
  t=  13.00  cb_failure         L32-CB2 {'rot': 0.0226}
  t=  13.00  cb_failure         L33-CB2 {'rot': 0.02222}
  t=  14.00  cb_failure         L2-CB1 {'rot': 0.02246}
  t=  14.13  cb_failure         L1-CB1 {'rot': 0.01978}
  t=  14.13  cb_failure         L1-CB2 {'rot': 0.01892}
  t=  14.13  cb_failure         L1-CB3 {'rot': 0.01926}
  t=  15.00  cb_failure         L30-CB0 {'rot': 0.02732}
  t=  15.00  cb_failure         L31-CB0 {'rot': 0.02567}
  t=  15.00  cb_failure         L32-CB0 {'rot': 0.02456}
  t=  15.00  cb_failure         L33-CB0 {'rot': 0.0242}
  t= 18.025  solver fallback: Newton
  progress t=  20.0s  max corner drift so far=0.0208  wall clock=269s
  t=  21.62  cb_failure         L1-CB0 {'rot': 0.0201}
  progress t=  30.0s  max corner drift so far=0.0208  wall clock=413s
  progress t=  40.0s  max corner drift so far=0.0208  wall clock=569s
  progress t=  50.0s  max corner drift so far=0.0208  wall clock=726s
  progress t=  60.0s  max corner drift so far=0.0208  wall clock=891s
  progress t=  70.0s  max corner drift so far=0.0208  wall clock=1035s
  progress t=  80.0s  max corner drift so far=0.0208  wall clock=1155s
  progress t=  90.0s  max corner drift so far=0.0208  wall clock=1275s
  progress t= 100.0s  max corner drift so far=0.0208  wall clock=1391s
