  t=   6.50  cb_yield           L7-CB3 {'rot': 0.00596}
  t=   6.50  cb_yield           L8-CB3 {'rot': 0.00596}
  t=   6.63  cb_yield           L5-CB3 {'rot': 0.00635}
  t=   6.63  cb_yield           L6-CB2 {'rot': 0.00593}
  t=   6.63  cb_yield           L6-CB3 {'rot': 0.00672}
  t=   6.63  cb_yield           L7-CB2 {'rot': 0.0061}
  t=   6.63  cb_yield           L8-CB2 {'rot': 0.00616}
  t=   6.63  cb_yield           L9-CB2 {'rot': 0.00612}
  t=   6.63  cb_yield           L9-CB3 {'rot': 0.00709}
  t=   6.63  cb_yield           L10-CB2 {'rot': 0.00602}
  t=   6.63  cb_yield           L10-CB3 {'rot': 0.00704}
  t=   6.63  cb_yield           L11-CB3 {'rot': 0.00694}
  t=   6.63  cb_yield           L12-CB3 {'rot': 0.0068}
  t=   6.63  cb_yield           L13-CB3 {'rot': 0.0066}
  t=   6.63  cb_yield           L14-CB3 {'rot': 0.00636}
  t=   6.63  cb_yield           L15-CB3 {'rot': 0.00608}
  t=   6.75  cb_yield           L11-CB2 {'rot': 0.00675}
  t=   6.75  cb_yield           L12-CB2 {'rot': 0.00655}
  t=   6.75  cb_yield           L13-CB2 {'rot': 0.00626}
  t=   6.75  cb_yield           L14-CB2 {'rot': 0.00591}
  t=   6.75  cb_yield           L16-CB3 {'rot': 0.00641}
  t=   7.00  cb_yield           L17-CB3 {'rot': 0.00698}
  t=   7.00  cb_yield           L18-CB3 {'rot': 0.00693}
  t=   7.00  cb_yield           L19-CB3 {'rot': 0.00684}
  t=   7.00  cb_yield           L20-CB3 {'rot': 0.00673}
  t=   7.00  cb_yield           L21-CB3 {'rot': 0.00659}
  t=   7.13  cb_yield           L22-CB3 {'rot': 0.00806}
  t=   7.13  cb_yield           L23-CB3 {'rot': 0.00787}
  t=   7.13  cb_yield           L24-CB3 {'rot': 0.00758}
  t=   7.13  cb_yield           L25-CB3 {'rot': 0.00722}
  t=   7.13  cb_yield           L26-CB3 {'rot': 0.0068}
  t=   7.25  cb_yield           L16-CB2 {'rot': 0.0059}
  t=   7.25  cb_yield           L27-CB3 {'rot': 0.00705}
  t=   7.25  cb_yield           L28-CB3 {'rot': 0.00663}
  t=   7.38  cb_yield           L15-CB2 {'rot': 0.00649}
  t=   7.50  cb_yield           L4-CB3 {'rot': 0.00629}
  t=   7.50  cb_yield           L5-CB2 {'rot': 0.00626}
  t=   7.63  cb_yield           L3-CB2 {'rot': 0.0059}
  t=   7.63  cb_yield           L3-CB3 {'rot': 0.00631}
  t=   7.63  cb_yield           L4-CB2 {'rot': 0.00678}
  t=   7.63  cb_yield           L7-CB1 {'rot': 0.00592}
  t=   7.63  cb_yield           L8-CB1 {'rot': 0.00596}
  t=   7.63  cb_yield           L9-CB1 {'rot': 0.00592}
  t=   7.75  cb_yield           L5-CB1 {'rot': 0.00599}
  t=   7.75  cb_yield           L6-CB1 {'rot': 0.00632}
  t=   7.75  cb_yield           L10-CB1 {'rot': 0.00642}
  t=   7.75  cb_yield           L11-CB1 {'rot': 0.00624}
  t=   7.75  cb_yield           L12-CB1 {'rot': 0.00601}
  t=   9.63  cb_yield           L17-CB2 {'rot': 0.00659}
  t=   9.75  cb_yield           L2-CB2 {'rot': 0.00612}
  t=   9.88  cb_yield           L2-CB3 {'rot': 0.00613}
  progress t=  10.0s  max corner drift so far=0.0047  wall clock=116s
  t=  11.00  cb_yield           L6-CB0 {'rot': 0.0059}
  t=  11.00  cb_yield           L7-CB0 {'rot': 0.00596}
  t=  11.00  cb_yield           L8-CB0 {'rot': 0.0059}
  t=  11.13  cb_yield           L4-CB0 {'rot': 0.00591}
  t=  11.13  cb_yield           L5-CB0 {'rot': 0.00634}
  t=  11.13  cb_yield           L9-CB0 {'rot': 0.00635}
  t=  11.13  cb_yield           L10-CB0 {'rot': 0.00609}
  t=  11.25  cb_yield           L11-CB0 {'rot': 0.00596}
  t=  12.00  cb_yield           L1-CB2 {'rot': 0.00659}
  t=  12.00  cb_yield           L1-CB3 {'rot': 0.00644}
  t=  12.00  cb_yield           L2-CB1 {'rot': 0.00614}
  t=  12.00  cb_yield           L3-CB0 {'rot': 0.00605}
  t=  12.00  cb_yield           L3-CB1 {'rot': 0.0071}
  t=  12.00  cb_yield           L4-CB1 {'rot': 0.00761}
  t=  12.00  cb_yield           L18-CB2 {'rot': 0.00695}
  t=  12.13  cb_yield           L19-CB2 {'rot': 0.00802}
  t=  12.13  cb_yield           L20-CB2 {'rot': 0.00747}
  t=  12.13  cb_yield           L21-CB2 {'rot': 0.00698}
  t=  12.13  cb_yield           L22-CB2 {'rot': 0.00655}
  t=  12.25  cb_yield           L12-CB0 {'rot': 0.00592}
  t=  12.25  cb_yield           L13-CB1 {'rot': 0.00797}
  t=  12.25  cb_yield           L14-CB1 {'rot': 0.00737}
  t=  12.25  cb_yield           L15-CB1 {'rot': 0.0068}
  t=  12.25  cb_yield           L16-CB1 {'rot': 0.00626}
  t=  12.25  cb_yield           L23-CB2 {'rot': 0.00781}
  t=  12.25  cb_yield           L24-CB2 {'rot': 0.00726}
  t=  12.25  cb_yield           L25-CB2 {'rot': 0.00675}
  t=  12.25  cb_yield           L29-CB3 {'rot': 0.008}
  t=  12.25  cb_yield           L30-CB3 {'rot': 0.0075}
  t=  12.25  cb_yield           L31-CB3 {'rot': 0.00703}
  t=  12.25  cb_yield           L32-CB3 {'rot': 0.00665}
  t=  12.38  cb_yield           L2-CB0 {'rot': 0.00627}
  t=  12.38  cb_failure         L12-CB3 {'rot': 0.0199}
  t=  12.38  cb_yield           L13-CB0 {'rot': 0.00787}
  t=  12.38  cb_failure         L13-CB3 {'rot': 0.01993}
  t=  12.38  cb_yield           L14-CB0 {'rot': 0.00755}
  t=  12.38  cb_yield           L15-CB0 {'rot': 0.00721}
  t=  12.38  cb_failure         L15-CB2 {'rot': 0.02102}
  t=  12.38  cb_yield           L16-CB0 {'rot': 0.00685}
  t=  12.38  cb_yield           L17-CB1 {'rot': 0.01037}
  t=  12.38  cb_yield           L18-CB1 {'rot': 0.00994}
  t=  12.38  cb_yield           L19-CB1 {'rot': 0.0095}
  t=  12.38  cb_yield           L20-CB1 {'rot': 0.00907}
  t=  12.38  cb_yield           L21-CB1 {'rot': 0.00861}
  t=  12.38  cb_yield           L22-CB1 {'rot': 0.00813}
  t=  12.38  cb_yield           L23-CB1 {'rot': 0.00763}
  t=  12.38  cb_yield           L24-CB1 {'rot': 0.0071}
  t=  12.38  cb_yield           L25-CB1 {'rot': 0.00656}
  t=  12.38  cb_yield           L26-CB2 {'rot': 0.00711}
  t=  12.38  cb_yield           L33-CB3 {'rot': 0.00665}
  t=  12.50  cb_yield           L1-CB1 {'rot': 0.00593}
  t=  12.50  cb_failure         L7-CB3 {'rot': 0.02041}
  t=  12.50  cb_failure         L8-CB3 {'rot': 0.02125}
  t=  12.50  cb_failure         L9-CB1 {'rot': 0.02101}
  t=  12.50  cb_failure         L9-CB3 {'rot': 0.02191}
  t=  12.50  cb_failure         L10-CB3 {'rot': 0.02244}
  t=  12.50  cb_failure         L11-CB3 {'rot': 0.02286}
  t=  12.50  cb_failure         L14-CB3 {'rot': 0.02363}
  t=  12.50  cb_failure         L15-CB3 {'rot': 0.02366}
  t=  12.50  cb_failure         L16-CB3 {'rot': 0.02358}
  t=  12.50  cb_yield           L17-CB0 {'rot': 0.00988}
  t=  12.50  cb_failure         L17-CB3 {'rot': 0.02333}
  t=  12.50  cb_yield           L18-CB0 {'rot': 0.00943}
  t=  12.50  cb_failure         L18-CB3 {'rot': 0.02295}
  t=  12.50  cb_yield           L19-CB0 {'rot': 0.0089}
  t=  12.50  cb_failure         L19-CB3 {'rot': 0.02241}
  t=  12.50  cb_yield           L20-CB0 {'rot': 0.00831}
  t=  12.50  cb_failure         L20-CB3 {'rot': 0.02175}
  t=  12.50  cb_yield           L21-CB0 {'rot': 0.00762}
  t=  12.50  cb_failure         L21-CB3 {'rot': 0.02092}
  t=  12.50  cb_yield           L22-CB0 {'rot': 0.00681}
  t=  12.50  cb_yield           L26-CB1 {'rot': 0.00967}
  t=  12.50  cb_yield           L27-CB1 {'rot': 0.00865}
  t=  12.50  cb_yield           L28-CB1 {'rot': 0.00777}
  t=  12.50  cb_yield           L29-CB1 {'rot': 0.00695}
  t=  12.63  cb_failure         L6-CB3 {'rot': 0.02162}
  t=  12.63  cb_failure         L9-CB2 {'rot': 0.02019}
  t=  12.63  cb_failure         L10-CB1 {'rot': 0.02107}
  t=  12.63  cb_failure         L10-CB2 {'rot': 0.02042}
  t=  12.63  cb_failure         L11-CB1 {'rot': 0.02158}
  t=  12.63  cb_failure         L11-CB2 {'rot': 0.02051}
  t=  12.63  cb_failure         L12-CB1 {'rot': 0.022}
  t=  12.63  cb_failure         L12-CB2 {'rot': 0.02052}
  t=  12.63  cb_failure         L13-CB1 {'rot': 0.02228}
  t=  12.63  cb_failure         L13-CB2 {'rot': 0.02041}
  t=  12.63  cb_failure         L14-CB1 {'rot': 0.02239}
  t=  12.63  cb_failure         L14-CB2 {'rot': 0.02014}
  t=  12.63  cb_failure         L15-CB1 {'rot': 0.02237}
  t=  12.63  cb_failure         L16-CB1 {'rot': 0.0222}
  t=  12.63  cb_failure         L17-CB1 {'rot': 0.02184}
  t=  12.63  cb_failure         L18-CB1 {'rot': 0.02134}
  t=  12.63  cb_failure         L19-CB1 {'rot': 0.02069}
  t=  12.63  cb_failure         L22-CB3 {'rot': 0.02222}
  t=  12.63  cb_yield           L23-CB0 {'rot': 0.00786}
  t=  12.63  cb_failure         L23-CB3 {'rot': 0.02107}
  t=  12.63  cb_yield           L24-CB0 {'rot': 0.00665}
  t=  12.63  cb_yield           L27-CB2 {'rot': 0.0067}
  t=  12.63  cb_yield           L30-CB1 {'rot': 0.00872}
  t=  12.63  cb_yield           L31-CB1 {'rot': 0.00798}
  t=  12.63  cb_yield           L32-CB1 {'rot': 0.00745}
  t=  12.75  cb_failure         L4-CB2 {'rot': 0.01991}
  t=  12.75  cb_failure         L5-CB3 {'rot': 0.02136}
  t=  12.75  cb_failure         L6-CB2 {'rot': 0.02008}
  t=  12.75  cb_failure         L7-CB1 {'rot': 0.02143}
  t=  12.75  cb_failure         L7-CB2 {'rot': 0.0213}
  t=  12.75  cb_failure         L8-CB1 {'rot': 0.02276}
  t=  12.75  cb_failure         L8-CB2 {'rot': 0.02216}
  t=  12.75  cb_failure         L16-CB2 {'rot': 0.02076}
  t=  12.75  cb_failure         L20-CB1 {'rot': 0.02308}
  t=  12.75  cb_failure         L21-CB1 {'rot': 0.02209}
  t=  12.75  cb_failure         L22-CB1 {'rot': 0.02098}
  t=  12.75  cb_yield           L25-CB0 {'rot': 0.00709}
  t=  12.75  cb_yield           L33-CB1 {'rot': 0.00866}
  t=  12.88  cb_failure         L6-CB1 {'rot': 0.02194}
  t=  12.88  cb_failure         L9-CB0 {'rot': 0.01991}
  t=  12.88  cb_failure         L10-CB0 {'rot': 0.02045}
  t=  12.88  cb_failure         L11-CB0 {'rot': 0.02083}
  t=  12.88  cb_failure         L12-CB0 {'rot': 0.02109}
  t=  12.88  cb_failure         L13-CB0 {'rot': 0.02116}
  t=  12.88  cb_failure         L14-CB0 {'rot': 0.021}
  t=  12.88  cb_failure         L15-CB0 {'rot': 0.02066}
  t=  12.88  cb_failure         L16-CB0 {'rot': 0.02016}
  t=  12.88  cb_failure         L17-CB2 {'rot': 0.02069}
  t=  12.88  cb_failure         L23-CB1 {'rot': 0.02242}
  t=  12.88  cb_failure         L24-CB1 {'rot': 0.02119}
  t=  12.88  cb_yield           L26-CB0 {'rot': 0.00764}
  t=  12.88  cb_failure         L27-CB1 {'rot': 0.02275}
  t=  13.00  cb_failure         L5-CB1 {'rot': 0.0208}
  t=  13.00  cb_failure         L8-CB0 {'rot': 0.0204}
  t=  13.00  cb_failure         L17-CB0 {'rot': 0.02083}
  t=  13.00  cb_failure         L24-CB3 {'rot': 0.02093}
  t=  13.00  cb_failure         L25-CB1 {'rot': 0.02192}
  t=  13.00  cb_failure         L26-CB1 {'rot': 0.02062}
  t=  13.00  cb_yield           L27-CB0 {'rot': 0.00779}
  t=  13.00  cb_yield           L28-CB0 {'rot': 0.00665}
  t=  13.13  cb_failure         L18-CB0 {'rot': 0.0207}
  t=  13.25  cb_failure         L25-CB3 {'rot': 0.02104}
  t=  13.38  cb_failure         L26-CB3 {'rot': 0.02096}
  t=  13.50  cb_yield           L28-CB2 {'rot': 0.00679}
  t=  15.00  cb_yield           L1-CB0 {'rot': 0.00663}
  t=  15.25  cb_failure         L5-CB2 {'rot': 0.02}
  t=  15.38  cb_failure         L7-CB0 {'rot': 0.02043}
  t=  15.50  cb_failure         L4-CB3 {'rot': 0.01999}
  t=  15.63  cb_failure         L4-CB0 {'rot': 0.02013}
  t=  15.75  cb_failure         L5-CB0 {'rot': 0.02041}
  t=  15.75  cb_failure         L6-CB0 {'rot': 0.02226}
  t=  15.75  cb_failure         L18-CB2 {'rot': 0.02061}
  t=  18.13  cb_failure         L4-CB1 {'rot': 0.02242}
  t=  18.25  cb_failure         L3-CB1 {'rot': 0.02093}
  t=  18.50  cb_failure         L3-CB0 {'rot': 0.02042}
  t=  18.63  cb_failure         L2-CB1 {'rot': 0.01998}
  t=  18.63  cb_failure         L3-CB3 {'rot': 0.02085}
  t=  18.75  cb_failure         L28-CB1 {'rot': 0.02091}
  t=  18.75  cb_failure         L33-CB1 {'rot': 0.02287}
  t=  18.87  cb_failure         L27-CB3 {'rot': 0.02089}
  t=  18.87  cb_yield           L29-CB0 {'rot': 0.00788}
  t=  18.87  cb_failure         L29-CB1 {'rot': 0.02322}
  t=  18.87  cb_yield           L30-CB0 {'rot': 0.00685}
  t=  18.87  cb_failure         L30-CB1 {'rot': 0.02231}
  t=  18.87  cb_failure         L31-CB1 {'rot': 0.02151}
  t=  18.87  cb_failure         L32-CB1 {'rot': 0.02091}
  t=  18.87  cb_failure         L33-CB3 {'rot': 0.02265}
  t=  19.00  cb_failure         L19-CB0 {'rot': 0.02115}
  t=  19.00  cb_failure         L28-CB3 {'rot': 0.02151}
  t=  19.00  cb_failure         L29-CB3 {'rot': 0.0207}
  t=  19.00  cb_yield           L31-CB0 {'rot': 0.00675}
  t=  19.12  cb_failure         L20-CB0 {'rot': 0.02133}
  t=  19.25  cb_failure         L19-CB2 {'rot': 0.02244}
  t=  19.25  cb_failure         L20-CB2 {'rot': 0.02102}
  t=  19.25  cb_failure         L21-CB0 {'rot': 0.02125}
  t=  19.37  cb_failure         L21-CB2 {'rot': 0.02131}
  t=  19.37  cb_failure         L24-CB2 {'rot': 0.02113}
  t=  19.50  cb_yield           L29-CB2 {'rot': 0.00801}
  t=  19.50  cb_yield           L30-CB2 {'rot': 0.00678}
  t=  19.50  cb_failure         L30-CB3 {'rot': 0.0223}
  t=  19.50  cb_failure         L31-CB3 {'rot': 0.02144}
  t=  19.50  cb_failure         L32-CB3 {'rot': 0.02087}
  t=  19.62  cb_yield           L31-CB2 {'rot': 0.00734}
  t=  19.62  cb_yield           L32-CB2 {'rot': 0.0066}
  progress t=  20.0s  max corner drift so far=0.0066  wall clock=245s
  t=  23.25  cb_failure         L3-CB2 {'rot': 0.0202}
  t=  23.25  cb_yield           L32-CB0 {'rot': 0.00761}
  t=  23.25  cb_yield           L33-CB0 {'rot': 0.00745}
  t=  25.00  cb_failure         L22-CB2 {'rot': 0.02337}
  t=  25.00  cb_failure         L23-CB2 {'rot': 0.0221}
  t=  25.00  cb_yield           L33-CB2 {'rot': 0.00709}
  t=  25.12  cb_failure         L22-CB0 {'rot': 0.02527}
  t=  25.12  cb_failure         L23-CB0 {'rot': 0.02505}
  t=  25.12  cb_failure         L24-CB0 {'rot': 0.02455}
  t=  25.12  cb_failure         L25-CB0 {'rot': 0.02374}
  t=  25.12  cb_failure         L25-CB2 {'rot': 0.02855}
  t=  25.12  cb_failure         L26-CB0 {'rot': 0.02259}
  t=  25.12  cb_failure         L26-CB2 {'rot': 0.0271}
  t=  25.12  cb_failure         L27-CB0 {'rot': 0.02114}
  t=  25.12  cb_failure         L27-CB2 {'rot': 0.02538}
  t=  25.12  cb_failure         L28-CB2 {'rot': 0.02361}
  t=  25.12  cb_failure         L29-CB2 {'rot': 0.02162}
  t=  25.25  cb_failure         L28-CB0 {'rot': 0.0209}
  t=  25.25  cb_failure         L30-CB2 {'rot': 0.02497}
  t=  25.25  cb_failure         L31-CB2 {'rot': 0.0234}
  t=  25.25  cb_failure         L32-CB2 {'rot': 0.02223}
  t=  25.25  cb_failure         L33-CB2 {'rot': 0.0218}
  t=  25.37  cb_failure         L29-CB0 {'rot': 0.02114}
  progress t=  30.0s  max corner drift so far=0.0096  wall clock=371s
  progress t=  40.0s  max corner drift so far=0.0096  wall clock=504s
  t=  43.00  cb_failure         L2-CB3 {'rot': 0.02016}
  t=  43.12  cb_failure         L2-CB0 {'rot': 0.02059}
  t= 43.125  solver fallback: Newton
  t=  43.25  cb_failure         L1-CB3 {'rot': 0.02049}
  t=  43.25  cb_failure         L2-CB2 {'rot': 0.02063}
  t=  45.87  cb_failure         L1-CB1 {'rot': 0.02053}
  t=  46.00  cb_failure         L1-CB2 {'rot': 0.02095}
  progress t=  50.0s  max corner drift so far=0.0127  wall clock=636s
  progress t=  60.0s  max corner drift so far=0.0127  wall clock=760s
  t=  63.87  cb_failure         L30-CB0 {'rot': 0.02255}
  t=  63.87  cb_failure         L31-CB0 {'rot': 0.0213}
  t=  64.00  cb_failure         L32-CB0 {'rot': 0.0237}
  t=  64.00  cb_failure         L33-CB0 {'rot': 0.02337}
  progress t=  70.0s  max corner drift so far=0.0127  wall clock=887s
  progress t=  80.0s  max corner drift so far=0.0127  wall clock=1012s
  progress t=  90.0s  max corner drift so far=0.0127  wall clock=1132s
  progress t= 100.0s  max corner drift so far=0.0127  wall clock=1248s
