  t=   8.63  cb_yield           L16-CB3 {'rot': 0.00615}
  t=   8.75  cb_yield           L13-CB3 {'rot': 0.00636}
  t=   8.75  cb_yield           L14-CB3 {'rot': 0.0066}
  t=   8.75  cb_yield           L15-CB3 {'rot': 0.00681}
  t=   8.75  cb_yield           L17-CB3 {'rot': 0.00711}
  t=   8.75  cb_yield           L18-CB3 {'rot': 0.00716}
  t=   8.75  cb_yield           L19-CB3 {'rot': 0.00713}
  t=   8.75  cb_yield           L20-CB3 {'rot': 0.00702}
  t=   8.75  cb_yield           L21-CB3 {'rot': 0.00685}
  t=   8.75  cb_yield           L22-CB3 {'rot': 0.0066}
  t=   8.88  cb_yield           L12-CB3 {'rot': 0.00626}
  t=   8.88  cb_yield           L15-CB2 {'rot': 0.00611}
  t=   8.88  cb_yield           L16-CB2 {'rot': 0.00616}
  progress t=  10.0s  max corner drift so far=0.0024  wall clock=93s
  t=  10.38  cb_yield           L3-CB2 {'rot': 0.00637}
  t=  10.38  cb_yield           L3-CB3 {'rot': 0.0062}
  t=  10.38  cb_yield           L4-CB2 {'rot': 0.0067}
  t=  10.38  cb_yield           L4-CB3 {'rot': 0.00651}
  t=  10.38  cb_yield           L5-CB2 {'rot': 0.00663}
  t=  10.38  cb_yield           L5-CB3 {'rot': 0.00642}
  t=  10.38  cb_yield           L6-CB2 {'rot': 0.00628}
  t=  10.50  cb_yield           L2-CB2 {'rot': 0.00625}
  t=  10.50  cb_yield           L2-CB3 {'rot': 0.00611}
  t=  10.50  cb_yield           L6-CB3 {'rot': 0.0075}
  t=  10.50  cb_yield           L7-CB2 {'rot': 0.00738}
  t=  10.50  cb_yield           L7-CB3 {'rot': 0.00711}
  t=  10.50  cb_yield           L8-CB2 {'rot': 0.00686}
  t=  10.50  cb_yield           L8-CB3 {'rot': 0.00656}
  t=  10.50  cb_yield           L9-CB2 {'rot': 0.00624}
  t=  10.63  cb_yield           L9-CB3 {'rot': 0.00665}
  t=  10.63  cb_yield           L10-CB2 {'rot': 0.00641}
  t=  10.75  cb_yield           L3-CB0 {'rot': 0.00635}
  t=  10.75  cb_yield           L3-CB1 {'rot': 0.00667}
  t=  10.75  cb_yield           L4-CB0 {'rot': 0.00674}
  t=  10.75  cb_yield           L4-CB1 {'rot': 0.00712}
  t=  10.75  cb_yield           L5-CB0 {'rot': 0.00676}
  t=  10.75  cb_yield           L5-CB1 {'rot': 0.00718}
  t=  10.75  cb_yield           L6-CB0 {'rot': 0.00652}
  t=  10.75  cb_yield           L6-CB1 {'rot': 0.00696}
  t=  10.75  cb_yield           L7-CB0 {'rot': 0.0061}
  t=  10.75  cb_yield           L7-CB1 {'rot': 0.00655}
  t=  10.75  cb_yield           L10-CB3 {'rot': 0.00648}
  t=  10.75  cb_yield           L11-CB2 {'rot': 0.00611}
  t=  10.88  cb_yield           L2-CB0 {'rot': 0.00615}
  t=  10.88  cb_yield           L8-CB0 {'rot': 0.00687}
  t=  10.88  cb_yield           L8-CB1 {'rot': 0.00697}
  t=  10.88  cb_yield           L9-CB0 {'rot': 0.00626}
  t=  10.88  cb_yield           L9-CB1 {'rot': 0.00639}
  t=  11.00  cb_yield           L10-CB0 {'rot': 0.00698}
  t=  11.00  cb_yield           L10-CB1 {'rot': 0.00698}
  t=  11.00  cb_yield           L11-CB0 {'rot': 0.00658}
  t=  11.00  cb_yield           L11-CB1 {'rot': 0.00659}
  t=  11.00  cb_yield           L12-CB0 {'rot': 0.00621}
  t=  11.00  cb_yield           L12-CB1 {'rot': 0.00621}
  t=  11.13  cb_yield           L13-CB0 {'rot': 0.0076}
  t=  11.13  cb_yield           L13-CB1 {'rot': 0.00772}
  t=  11.13  cb_yield           L14-CB0 {'rot': 0.00746}
  t=  11.13  cb_yield           L14-CB1 {'rot': 0.00756}
  t=  11.13  cb_yield           L15-CB0 {'rot': 0.00732}
  t=  11.13  cb_yield           L15-CB1 {'rot': 0.00742}
  t=  11.13  cb_yield           L16-CB0 {'rot': 0.0072}
  t=  11.13  cb_yield           L16-CB1 {'rot': 0.00729}
  t=  11.13  cb_yield           L17-CB0 {'rot': 0.00706}
  t=  11.13  cb_yield           L17-CB1 {'rot': 0.00714}
  t=  11.13  cb_yield           L18-CB0 {'rot': 0.00694}
  t=  11.13  cb_yield           L18-CB1 {'rot': 0.007}
  t=  11.13  cb_yield           L19-CB0 {'rot': 0.00681}
  t=  11.13  cb_yield           L19-CB1 {'rot': 0.00686}
  t=  11.13  cb_yield           L20-CB0 {'rot': 0.0067}
  t=  11.13  cb_yield           L20-CB1 {'rot': 0.00674}
  t=  11.13  cb_yield           L21-CB1 {'rot': 0.00661}
  t=  11.25  cb_yield           L21-CB0 {'rot': 0.00942}
  t=  11.25  cb_yield           L22-CB0 {'rot': 0.009}
  t=  11.25  cb_yield           L22-CB1 {'rot': 0.00938}
  t=  11.25  cb_yield           L23-CB0 {'rot': 0.00848}
  t=  11.25  cb_yield           L23-CB1 {'rot': 0.00884}
  t=  11.25  cb_yield           L24-CB0 {'rot': 0.00785}
  t=  11.25  cb_yield           L24-CB1 {'rot': 0.00819}
  t=  11.25  cb_yield           L25-CB0 {'rot': 0.00715}
  t=  11.25  cb_yield           L25-CB1 {'rot': 0.00748}
  t=  11.25  cb_yield           L26-CB1 {'rot': 0.00673}
  t=  13.00  cb_yield           L2-CB1 {'rot': 0.00627}
  t=  13.25  cb_yield           L11-CB3 {'rot': 0.0063}
  t=  13.50  cb_yield           L12-CB2 {'rot': 0.00618}
  t=  14.13  cb_yield           L23-CB3 {'rot': 0.00708}
  t=  14.13  cb_yield           L24-CB3 {'rot': 0.00689}
  t=  14.13  cb_yield           L25-CB3 {'rot': 0.00668}
  t=  14.25  cb_yield           L13-CB2 {'rot': 0.00658}
  t=  14.25  cb_yield           L14-CB2 {'rot': 0.00665}
  t=  14.25  cb_yield           L17-CB2 {'rot': 0.00675}
  t=  14.25  cb_yield           L18-CB2 {'rot': 0.00672}
  t=  14.25  cb_yield           L19-CB2 {'rot': 0.00663}
  t=  19.12  cb_yield           L1-CB2 {'rot': 0.00652}
  t=  19.12  cb_yield           L1-CB3 {'rot': 0.00683}
  t=  19.25  cb_yield           L1-CB1 {'rot': 0.00625}
  t=  19.37  cb_yield           L1-CB0 {'rot': 0.00634}
  t=  19.87  cb_yield           L27-CB1 {'rot': 0.00684}
  t=  20.00  cb_yield           L28-CB1 {'rot': 0.00737}
  progress t=  20.0s  max corner drift so far=0.0050  wall clock=192s
  t=  20.12  cb_yield           L29-CB1 {'rot': 0.00691}
  t=  20.75  cb_yield           L26-CB0 {'rot': 0.00727}
  t=  20.87  cb_yield           L27-CB0 {'rot': 0.00906}
  t=  20.87  cb_yield           L28-CB0 {'rot': 0.00842}
  t=  20.87  cb_yield           L29-CB0 {'rot': 0.00779}
  t=  20.87  cb_yield           L30-CB0 {'rot': 0.00715}
  t=  20.87  cb_yield           L30-CB1 {'rot': 0.00804}
  t=  20.87  cb_yield           L31-CB1 {'rot': 0.00746}
  t=  20.87  cb_yield           L32-CB1 {'rot': 0.00703}
  t=  20.87  cb_yield           L33-CB1 {'rot': 0.00683}
  t=  21.00  cb_yield           L31-CB0 {'rot': 0.0084}
  t=  21.00  cb_yield           L32-CB0 {'rot': 0.00793}
  t=  21.00  cb_yield           L33-CB0 {'rot': 0.00767}
  t=  25.12  cb_yield           L20-CB2 {'rot': 0.00849}
  t=  25.12  cb_yield           L21-CB2 {'rot': 0.00724}
  t=  25.25  cb_yield           L22-CB2 {'rot': 0.00791}
  t=  25.25  cb_yield           L23-CB2 {'rot': 0.00694}
  t=  25.37  cb_yield           L24-CB2 {'rot': 0.00808}
  t=  25.37  cb_yield           L25-CB2 {'rot': 0.00737}
  t=  25.37  cb_yield           L26-CB2 {'rot': 0.00664}
  t=  25.37  cb_yield           L26-CB3 {'rot': 0.0093}
  t=  25.37  cb_yield           L27-CB3 {'rot': 0.00855}
  t=  25.37  cb_yield           L28-CB3 {'rot': 0.00786}
  t=  25.37  cb_yield           L29-CB3 {'rot': 0.00712}
  t=  25.50  cb_yield           L27-CB2 {'rot': 0.00793}
  t=  25.50  cb_yield           L28-CB2 {'rot': 0.00718}
  t=  25.50  cb_yield           L30-CB3 {'rot': 0.00834}
  t=  25.50  cb_yield           L31-CB3 {'rot': 0.0073}
  t=  25.62  cb_yield           L29-CB2 {'rot': 0.0067}
  t=  25.62  cb_yield           L32-CB3 {'rot': 0.00706}
  progress t=  30.0s  max corner drift so far=0.0089  wall clock=292s
  t=  32.87  cb_yield           L33-CB3 {'rot': 0.0066}
  t=  33.00  cb_yield           L30-CB2 {'rot': 0.00671}
  progress t=  40.0s  max corner drift so far=0.0089  wall clock=388s
  t=  46.00  cb_yield           L31-CB2 {'rot': 0.00664}
  t=  49.00  cb_yield           L32-CB2 {'rot': 0.00783}
  t=  49.00  cb_yield           L33-CB2 {'rot': 0.00742}
  progress t=  50.0s  max corner drift so far=0.0089  wall clock=489s
  t=  59.12  cb_failure         L11-CB3 {'rot': 0.0305}
  t=  59.12  cb_failure         L12-CB3 {'rot': 0.03149}
  t=  59.12  cb_failure         L13-CB3 {'rot': 0.03224}
  t=  59.12  cb_failure         L14-CB3 {'rot': 0.03264}
  t=  59.12  cb_failure         L15-CB3 {'rot': 0.03273}
  t=  59.12  cb_failure         L16-CB3 {'rot': 0.03251}
  t=  59.12  cb_failure         L17-CB3 {'rot': 0.03187}
  t=  59.12  cb_failure         L18-CB3 {'rot': 0.03088}
  t=  59.25  cb_failure         L8-CB3 {'rot': 0.03164}
  t=  59.25  cb_failure         L9-CB3 {'rot': 0.03295}
  t=  59.25  cb_failure         L10-CB3 {'rot': 0.03396}
  t=  59.25  cb_failure         L11-CB1 {'rot': 0.03009}
  t=  59.25  cb_failure         L12-CB1 {'rot': 0.03037}
  t=  59.25  cb_failure         L13-CB1 {'rot': 0.03041}
  t=  59.25  cb_failure         L14-CB1 {'rot': 0.03015}
  t=  59.25  cb_failure         L19-CB3 {'rot': 0.03158}
  t=  59.37  cb_failure         L6-CB3 {'rot': 0.032}
  t=  59.37  cb_failure         L7-CB3 {'rot': 0.03429}
  t=  59.37  cb_failure         L8-CB2 {'rot': 0.03121}
  t=  59.37  cb_failure         L9-CB1 {'rot': 0.03091}
  t=  59.37  cb_failure         L9-CB2 {'rot': 0.03195}
  t=  59.37  cb_failure         L10-CB1 {'rot': 0.03138}
  t=  59.37  cb_failure         L10-CB2 {'rot': 0.03227}
  t=  59.37  cb_failure         L11-CB2 {'rot': 0.03225}
  t=  59.37  cb_failure         L12-CB2 {'rot': 0.03199}
  t=  59.37  cb_failure         L13-CB2 {'rot': 0.03144}
  t=  59.37  cb_failure         L14-CB2 {'rot': 0.03061}
  t=  59.37  cb_failure         L20-CB3 {'rot': 0.03071}
  t=  59.50  cb_failure         L5-CB3 {'rot': 0.03099}
  t=  59.50  cb_failure         L6-CB2 {'rot': 0.03013}
  t=  59.50  cb_failure         L7-CB2 {'rot': 0.03198}
  t=  59.50  cb_failure         L15-CB1 {'rot': 0.03024}
  t=  59.50  cb_failure         L15-CB2 {'rot': 0.03073}
  t=  59.50  cb_failure         L21-CB3 {'rot': 0.03098}
  t=  59.62  cb_failure         L16-CB1 {'rot': 0.03019}
  t=  59.62  cb_failure         L16-CB2 {'rot': 0.03165}
  t=  59.62  cb_failure         L22-CB3 {'rot': 0.03213}
  t=  59.62  cb_failure         L23-CB3 {'rot': 0.03077}
  t=  59.75  cb_failure         L17-CB2 {'rot': 0.03311}
  t=  59.75  cb_failure         L18-CB2 {'rot': 0.03214}
  t=  59.75  cb_failure         L19-CB2 {'rot': 0.03091}
  progress t=  60.0s  max corner drift so far=0.0099  wall clock=585s
  t=  65.12  cb_failure         L17-CB1 {'rot': 0.03061}
  t=  65.25  cb_failure         L18-CB1 {'rot': 0.03201}
  t=  65.25  cb_failure         L19-CB1 {'rot': 0.03061}
  t=  65.37  cb_failure         L8-CB1 {'rot': 0.03062}
  t=  65.50  cb_failure         L7-CB1 {'rot': 0.03112}
  t=  65.62  cb_failure         L4-CB3 {'rot': 0.03036}
  t=  65.62  cb_failure         L5-CB2 {'rot': 0.03049}
  t=  65.62  cb_failure         L6-CB1 {'rot': 0.03144}
  t=  65.75  cb_failure         L5-CB1 {'rot': 0.03063}
  t=  65.75  cb_failure         L8-CB0 {'rot': 0.03049}
  t=  65.75  cb_failure         L9-CB0 {'rot': 0.03065}
  t=  65.75  cb_failure         L10-CB0 {'rot': 0.03053}
  t=  65.75  cb_failure         L11-CB0 {'rot': 0.03023}
  t=  65.87  cb_failure         L7-CB0 {'rot': 0.03036}
  t=  65.87  cb_failure         L12-CB0 {'rot': 0.03035}
  progress t=  70.0s  max corner drift so far=0.0099  wall clock=679s
  progress t=  80.0s  max corner drift so far=0.0099  wall clock=775s
  progress t=  90.0s  max corner drift so far=0.0099  wall clock=870s
  progress t= 100.0s  max corner drift so far=0.0099  wall clock=964s
