  t=   4.20  cb_yield           L5-CB0 {'rot': 0.00738}
  t=   4.20  cb_yield           L5-CB1 {'rot': 0.00722}
  t=   4.20  cb_yield           L6-CB0 {'rot': 0.00753}
  t=   4.20  cb_yield           L6-CB1 {'rot': 0.00735}
  t=   4.20  cb_yield           L7-CB0 {'rot': 0.00748}
  t=   4.20  cb_yield           L7-CB1 {'rot': 0.00729}
  t=   4.20  cb_yield           L8-CB0 {'rot': 0.00728}
  t=   4.20  cb_yield           L8-CB1 {'rot': 0.00707}
  t=   4.25  cb_yield           L4-CB0 {'rot': 0.00741}
  t=   4.25  cb_yield           L4-CB1 {'rot': 0.00723}
  t=   4.25  cb_yield           L9-CB0 {'rot': 0.00723}
  t=   4.30  cb_yield           L9-CB1 {'rot': 0.00704}
  t=   7.90  cb_yield           L4-CB3 {'rot': 0.00708}
  t=   7.90  cb_yield           L5-CB3 {'rot': 0.00724}
  t=   7.90  cb_yield           L6-CB3 {'rot': 0.00714}
  t=   7.95  cb_yield           L7-CB3 {'rot': 0.0072}
  t=   8.00  cb_yield           L8-CB3 {'rot': 0.00719}
  t=   8.05  cb_yield           L9-CB3 {'rot': 0.00712}
  t=   8.45  cb_yield           L10-CB3 {'rot': 0.00712}
  t=   8.45  cb_yield           L11-CB3 {'rot': 0.00711}
  t=   8.45  cb_yield           L12-CB3 {'rot': 0.0071}
  t=   8.45  cb_yield           L13-CB3 {'rot': 0.00709}
  t=   8.45  cb_yield           L14-CB3 {'rot': 0.00708}
  t=   8.45  cb_yield           L15-CB3 {'rot': 0.00709}
  t=   8.45  cb_yield           L16-CB3 {'rot': 0.00711}
  t=   8.50  cb_yield           L17-CB3 {'rot': 0.0078}
  t=   8.50  cb_yield           L18-CB3 {'rot': 0.00784}
  t=   8.50  cb_yield           L19-CB3 {'rot': 0.00786}
  t=   8.50  cb_yield           L20-CB3 {'rot': 0.00787}
  t=   8.50  cb_yield           L21-CB3 {'rot': 0.00785}
  t=   8.50  cb_yield           L22-CB3 {'rot': 0.00777}
  t=   8.50  cb_yield           L23-CB3 {'rot': 0.00764}
  t=   8.55  cb_yield           L24-CB3 {'rot': 0.00834}
  t=   8.55  cb_yield           L25-CB3 {'rot': 0.00812}
  t=   8.55  cb_yield           L26-CB3 {'rot': 0.00782}
  t=   8.60  cb_yield           L12-CB2 {'rot': 0.00716}
  t=   8.60  cb_yield           L13-CB2 {'rot': 0.00735}
  t=   8.60  cb_yield           L14-CB2 {'rot': 0.00748}
  t=   8.60  cb_yield           L15-CB2 {'rot': 0.00756}
  t=   8.60  cb_yield           L16-CB2 {'rot': 0.0076}
  t=   8.60  cb_yield           L27-CB3 {'rot': 0.00819}
  t=   8.60  cb_yield           L28-CB3 {'rot': 0.00778}
  t=   8.65  cb_yield           L11-CB2 {'rot': 0.00708}
  t=   8.65  cb_yield           L17-CB2 {'rot': 0.00838}
  t=   8.65  cb_yield           L18-CB2 {'rot': 0.00838}
  t=   8.65  cb_yield           L19-CB2 {'rot': 0.00832}
  t=   8.65  cb_yield           L20-CB2 {'rot': 0.00823}
  t=   8.65  cb_yield           L21-CB2 {'rot': 0.00809}
  t=   8.65  cb_yield           L22-CB2 {'rot': 0.0079}
  t=   8.65  cb_yield           L23-CB2 {'rot': 0.00766}
  t=   8.65  cb_yield           L29-CB3 {'rot': 0.0077}
  t=   8.70  cb_yield           L24-CB2 {'rot': 0.00785}
  t=   8.75  cb_yield           L25-CB2 {'rot': 0.0077}
  progress t=  10.0s  max corner drift so far=0.0041  wall clock=218s
  t=  10.30  cb_yield           L2-CB2 {'rot': 0.00725}
  t=  10.30  cb_yield           L2-CB3 {'rot': 0.00731}
  t=  10.30  cb_yield           L3-CB2 {'rot': 0.00821}
  t=  10.30  cb_yield           L3-CB3 {'rot': 0.00827}
  t=  10.30  cb_yield           L4-CB2 {'rot': 0.00852}
  t=  10.30  cb_yield           L5-CB2 {'rot': 0.00827}
  t=  10.30  cb_yield           L6-CB2 {'rot': 0.00767}
  t=  10.35  cb_yield           L7-CB2 {'rot': 0.00857}
  t=  10.35  cb_yield           L8-CB2 {'rot': 0.00748}
  t=  10.35  cb_yield           L21-CB1 {'rot': 0.00785}
  t=  10.35  cb_yield           L22-CB1 {'rot': 0.00802}
  t=  10.35  cb_yield           L23-CB1 {'rot': 0.0081}
  t=  10.35  cb_yield           L24-CB1 {'rot': 0.00809}
  t=  10.35  cb_yield           L25-CB1 {'rot': 0.00799}
  t=  10.35  cb_yield           L26-CB1 {'rot': 0.00784}
  t=  10.35  cb_yield           L27-CB1 {'rot': 0.00763}
  t=  10.40  cb_yield           L1-CB2 {'rot': 0.00711}
  t=  10.40  cb_yield           L1-CB3 {'rot': 0.00716}
  t=  10.40  cb_yield           L3-CB1 {'rot': 0.00704}
  t=  10.40  cb_yield           L9-CB2 {'rot': 0.0078}
  t=  10.40  cb_yield           L19-CB1 {'rot': 0.00796}
  t=  10.40  cb_yield           L20-CB1 {'rot': 0.00831}
  t=  10.40  cb_yield           L28-CB1 {'rot': 0.00827}
  t=  10.40  cb_yield           L29-CB1 {'rot': 0.00799}
  t=  10.40  cb_yield           L30-CB1 {'rot': 0.00765}
  t=  10.45  cb_yield           L2-CB0 {'rot': 0.00729}
  t=  10.45  cb_yield           L3-CB0 {'rot': 0.00799}
  t=  10.45  cb_yield           L10-CB2 {'rot': 0.00779}
  t=  10.45  cb_yield           L18-CB1 {'rot': 0.00798}
  t=  10.45  cb_yield           L21-CB0 {'rot': 0.00781}
  t=  10.45  cb_yield           L22-CB0 {'rot': 0.00795}
  t=  10.45  cb_yield           L23-CB0 {'rot': 0.008}
  t=  10.45  cb_yield           L24-CB0 {'rot': 0.00796}
  t=  10.45  cb_yield           L25-CB0 {'rot': 0.00787}
  t=  10.45  cb_yield           L26-CB0 {'rot': 0.00771}
  t=  10.45  cb_yield           L31-CB1 {'rot': 0.00786}
  t=  10.50  cb_yield           L2-CB1 {'rot': 0.0072}
  t=  10.50  cb_yield           L20-CB0 {'rot': 0.00769}
  t=  10.50  cb_yield           L27-CB0 {'rot': 0.00771}
  t=  10.60  cb_yield           L1-CB0 {'rot': 0.00764}
  t=  10.70  cb_yield           L1-CB1 {'rot': 0.00729}
  t=  10.75  cb_yield           L10-CB1 {'rot': 0.00706}
  t=  10.80  cb_yield           L10-CB0 {'rot': 0.00726}
  t=  10.85  cb_yield           L11-CB1 {'rot': 0.00746}
  t=  10.90  cb_yield           L11-CB0 {'rot': 0.00765}
  t=  10.90  cb_yield           L12-CB1 {'rot': 0.00733}
  t=  10.95  cb_yield           L12-CB0 {'rot': 0.00773}
  t=  10.95  cb_yield           L13-CB1 {'rot': 0.00763}
  t=  11.00  cb_yield           L13-CB0 {'rot': 0.00829}
  t=  11.00  cb_yield           L14-CB0 {'rot': 0.00751}
  t=  11.00  cb_yield           L14-CB1 {'rot': 0.00827}
  t=  11.00  cb_yield           L15-CB1 {'rot': 0.00749}
  t=  11.05  cb_yield           L15-CB0 {'rot': 0.0084}
  t=  11.05  cb_yield           L16-CB0 {'rot': 0.00774}
  t=  11.05  cb_yield           L16-CB1 {'rot': 0.00846}
  t=  11.05  cb_yield           L17-CB1 {'rot': 0.00767}
  t=  11.10  cb_yield           L17-CB0 {'rot': 0.00879}
  t=  11.10  cb_yield           L18-CB0 {'rot': 0.00818}
  t=  11.10  cb_yield           L19-CB0 {'rot': 0.00767}
  t=  14.10  cb_yield           L30-CB3 {'rot': 0.00812}
  t=  14.20  cb_yield           L26-CB2 {'rot': 0.00786}
  t=  14.40  cb_yield           L31-CB3 {'rot': 0.00787}
  t=  14.45  cb_yield           L32-CB3 {'rot': 0.00782}
  t=  14.55  cb_yield           L33-CB3 {'rot': 0.00764}
  t=  17.70  cb_yield           L28-CB0 {'rot': 0.0079}
  t=  17.80  cb_yield           L29-CB0 {'rot': 0.00789}
  progress t=  20.0s  max corner drift so far=0.0105  wall clock=441s
  t=  20.10  cb_failure         L7-CB1 {'rot': 0.03126}
  t=  20.10  cb_failure         L8-CB1 {'rot': 0.03113}
  t=  20.10  cb_yield           L32-CB1 {'rot': 0.0084}
  t=  20.15  cb_failure         L5-CB1 {'rot': 0.03103}
  t=  20.15  cb_failure         L6-CB1 {'rot': 0.03216}
  t=  20.15  cb_failure         L9-CB1 {'rot': 0.03218}
  t=  20.15  cb_failure         L10-CB1 {'rot': 0.03155}
  t=  20.15  cb_yield           L33-CB1 {'rot': 0.00828}
  t=  20.20  cb_failure         L11-CB1 {'rot': 0.03257}
  t=  20.20  cb_failure         L12-CB1 {'rot': 0.03184}
  t=  20.25  cb_failure         L4-CB1 {'rot': 0.03107}
  t=  20.25  cb_failure         L13-CB1 {'rot': 0.03274}
  t=  20.25  cb_failure         L14-CB1 {'rot': 0.0317}
  t=  20.30  cb_failure         L7-CB0 {'rot': 0.03104}
  t=  20.30  cb_failure         L15-CB1 {'rot': 0.03241}
  t=  20.30  cb_failure         L16-CB1 {'rot': 0.03126}
  t=  20.35  cb_failure         L3-CB1 {'rot': 0.03193}
  t=  20.35  cb_failure         L6-CB0 {'rot': 0.03129}
  t=  20.35  cb_failure         L6-CB3 {'rot': 0.03158}
  t=  20.35  cb_failure         L7-CB3 {'rot': 0.03208}
  t=  20.35  cb_failure         L8-CB0 {'rot': 0.03231}
  t=  20.35  cb_failure         L8-CB3 {'rot': 0.032}
  t=  20.35  cb_failure         L9-CB0 {'rot': 0.03194}
  t=  20.35  cb_failure         L9-CB3 {'rot': 0.03145}
  t=  20.35  cb_failure         L10-CB0 {'rot': 0.03123}
  t=  20.35  cb_failure         L17-CB1 {'rot': 0.0331}
  t=  20.35  cb_failure         L18-CB1 {'rot': 0.03164}
  t=  20.40  cb_failure         L2-CB1 {'rot': 0.03145}
  t=  20.40  cb_failure         L5-CB3 {'rot': 0.03222}
  t=  20.40  cb_failure         L10-CB3 {'rot': 0.03458}
  t=  20.40  cb_failure         L11-CB0 {'rot': 0.03192}
  t=  20.40  cb_failure         L11-CB3 {'rot': 0.03382}
  t=  20.40  cb_failure         L12-CB3 {'rot': 0.03295}
  t=  20.40  cb_failure         L13-CB3 {'rot': 0.03192}
  t=  20.40  cb_failure         L19-CB1 {'rot': 0.03523}
  t=  20.40  cb_failure         L20-CB1 {'rot': 0.03389}
  t=  20.40  cb_failure         L21-CB1 {'rot': 0.03254}
  t=  20.41  wall_axial_failure S1-F {'gamma': 0.00092, 'eps': -0.00604, 'cause': 'crushing'}
  t=  20.45  cb_failure         L1-CB1 {'rot': 0.04307}
  t=  20.45  cb_failure         L3-CB3 {'rot': 0.03272}
  t=  20.45  cb_failure         L4-CB3 {'rot': 0.03646}
  t=  20.45  cb_failure         L12-CB0 {'rot': 0.03279}
  t=  20.45  cb_failure         L13-CB0 {'rot': 0.03175}
  t=  20.45  cb_failure         L14-CB3 {'rot': 0.0372}
  t=  20.45  cb_failure         L15-CB3 {'rot': 0.03589}
  t=  20.45  cb_failure         L16-CB3 {'rot': 0.03456}
  t=  20.45  cb_failure         L17-CB3 {'rot': 0.03293}
  t=  20.45  cb_failure         L18-CB3 {'rot': 0.03163}
  t=  20.45  cb_failure         L22-CB1 {'rot': 0.03602}
  t=  20.45  cb_failure         L23-CB1 {'rot': 0.03418}
  t=  20.45  cb_failure         L24-CB1 {'rot': 0.03217}
  t=  20.50  cb_failure         L1-CB3 {'rot': 0.0414}
  t=  20.50  cb_failure         L2-CB3 {'rot': 0.04691}
  t=  20.50  cb_failure         L14-CB0 {'rot': 0.03238}
  t=  20.50  cb_failure         L15-CB0 {'rot': 0.03102}
  t=  20.50  cb_failure         L19-CB3 {'rot': 0.04476}
  t=  20.50  cb_failure         L20-CB3 {'rot': 0.04258}
  t=  20.50  cb_failure         L21-CB3 {'rot': 0.0403}
  t=  20.50  cb_failure         L22-CB3 {'rot': 0.03809}
  t=  20.50  cb_failure         L23-CB3 {'rot': 0.03588}
  t=  20.50  cb_failure         L24-CB3 {'rot': 0.03365}
  t=  20.50  cb_failure         L25-CB1 {'rot': 0.04011}
  t=  20.50  cb_failure         L25-CB3 {'rot': 0.03176}
  t=  20.50  cb_failure         L26-CB1 {'rot': 0.03703}
  t=  20.50  cb_failure         L27-CB1 {'rot': 0.03388}
  t=  20.50  cb_failure         L28-CB1 {'rot': 0.03179}
  t=  20.55  cb_failure         L16-CB0 {'rot': 0.03126}
  t=  20.55  cb_failure         L26-CB3 {'rot': 0.05057}
  t=  20.55  cb_failure         L27-CB3 {'rot': 0.04881}
  t=  20.55  cb_failure         L28-CB3 {'rot': 0.04728}
  t=  20.55  cb_failure         L29-CB1 {'rot': 0.05217}
  t=  20.55  cb_failure         L29-CB3 {'rot': 0.04603}
  t=  20.55  cb_failure         L30-CB1 {'rot': 0.05003}
  t=  20.55  cb_failure         L30-CB3 {'rot': 0.04506}
  t=  20.55  cb_failure         L31-CB1 {'rot': 0.04883}
  t=  20.55  cb_failure         L31-CB3 {'rot': 0.0445}
  t=  20.55  cb_failure         L32-CB1 {'rot': 0.04845}
  t=  20.55  cb_failure         L32-CB3 {'rot': 0.04428}
  t=  20.55  cb_failure         L33-CB1 {'rot': 0.04777}
  t=  20.55  cb_failure         L33-CB3 {'rot': 0.04364}
  t=  20.65  cb_failure         L17-CB0 {'rot': 0.03264}
  t=  20.90  cb_yield           L30-CB0 {'rot': 0.00785}
  t=  20.95  cb_yield           L31-CB0 {'rot': 0.00821}
  t=  21.00  cb_yield           L32-CB0 {'rot': 0.00853}
  t=  21.00  cb_yield           L33-CB0 {'rot': 0.00821}
