  t=   2.00  cb_yield           L5-CB1 {'rot': 0.00607}
  t=   2.00  cb_yield           L5-CB3 {'rot': 0.00618}
  t=   2.00  cb_yield           L6-CB1 {'rot': 0.00624}
  t=   2.00  cb_yield           L6-CB3 {'rot': 0.00636}
  t=   2.00  cb_yield           L7-CB1 {'rot': 0.00626}
  t=   2.00  cb_yield           L7-CB3 {'rot': 0.00639}
  t=   2.00  cb_yield           L8-CB1 {'rot': 0.00617}
  t=   2.00  cb_yield           L8-CB3 {'rot': 0.0063}
  t=   2.00  cb_yield           L9-CB1 {'rot': 0.00599}
  t=   2.00  cb_yield           L9-CB3 {'rot': 0.00613}
  t=   2.12  cb_yield           L6-CB0 {'rot': 0.00603}
  t=   2.12  cb_yield           L6-CB2 {'rot': 0.0061}
  t=   2.12  cb_yield           L7-CB0 {'rot': 0.00614}
  t=   2.12  cb_yield           L7-CB2 {'rot': 0.00622}
  t=   2.12  cb_yield           L8-CB0 {'rot': 0.00613}
  t=   2.12  cb_yield           L8-CB2 {'rot': 0.00623}
  t=   2.12  cb_yield           L9-CB0 {'rot': 0.00601}
  t=   2.12  cb_yield           L9-CB2 {'rot': 0.00612}
  t=   2.12  cb_yield           L10-CB1 {'rot': 0.00673}
  t=   2.12  cb_yield           L10-CB2 {'rot': 0.00593}
  t=   2.12  cb_yield           L10-CB3 {'rot': 0.00687}
  t=   2.12  cb_yield           L11-CB1 {'rot': 0.00655}
  t=   2.12  cb_yield           L11-CB3 {'rot': 0.0067}
  t=   2.12  cb_yield           L12-CB1 {'rot': 0.00633}
  t=   2.12  cb_yield           L12-CB3 {'rot': 0.00649}
  t=   2.12  cb_yield           L13-CB1 {'rot': 0.00607}
  t=   2.12  cb_yield           L13-CB3 {'rot': 0.00623}
  t=   2.12  cb_yield           L14-CB3 {'rot': 0.00593}
  t=   2.25  cb_yield           L10-CB0 {'rot': 0.00604}
  t=   2.25  cb_yield           L11-CB0 {'rot': 0.00595}
  t=   2.25  cb_yield           L11-CB2 {'rot': 0.00607}
  t=   2.25  cb_yield           L12-CB2 {'rot': 0.00597}
  t=   2.25  cb_yield           L14-CB1 {'rot': 0.00676}
  t=   2.25  cb_yield           L15-CB1 {'rot': 0.00654}
  t=   2.25  cb_yield           L15-CB3 {'rot': 0.00674}
  t=   2.25  cb_yield           L16-CB1 {'rot': 0.00629}
  t=   2.25  cb_yield           L16-CB3 {'rot': 0.0065}
  t=   2.37  cb_yield           L17-CB1 {'rot': 0.00669}
  t=   2.37  cb_yield           L17-CB3 {'rot': 0.00693}
  t=   2.37  cb_yield           L18-CB3 {'rot': 0.00672}
  t=   2.50  cb_yield           L18-CB1 {'rot': 0.0074}
  t=   2.50  cb_yield           L19-CB1 {'rot': 0.00742}
  t=   2.50  cb_yield           L19-CB3 {'rot': 0.0077}
  t=   2.50  cb_yield           L20-CB1 {'rot': 0.0074}
  t=   2.50  cb_yield           L20-CB3 {'rot': 0.0077}
  t=   2.50  cb_yield           L21-CB1 {'rot': 0.00733}
  t=   2.50  cb_yield           L21-CB3 {'rot': 0.00765}
  t=   2.50  cb_yield           L22-CB1 {'rot': 0.00719}
  t=   2.50  cb_yield           L22-CB3 {'rot': 0.00753}
  t=   2.50  cb_yield           L23-CB1 {'rot': 0.007}
  t=   2.50  cb_yield           L23-CB3 {'rot': 0.00735}
  t=   2.50  cb_yield           L24-CB1 {'rot': 0.00676}
  t=   2.50  cb_yield           L24-CB3 {'rot': 0.00711}
  t=   2.50  cb_yield           L25-CB3 {'rot': 0.00682}
  t=   2.62  cb_yield           L21-CB2 {'rot': 0.00655}
  t=   2.62  cb_yield           L25-CB1 {'rot': 0.00809}
  t=   2.62  cb_yield           L26-CB1 {'rot': 0.00764}
  t=   2.62  cb_yield           L26-CB3 {'rot': 0.00789}
  t=   2.62  cb_yield           L27-CB1 {'rot': 0.00712}
  t=   2.62  cb_yield           L27-CB3 {'rot': 0.00736}
  t=   2.62  cb_yield           L28-CB1 {'rot': 0.00659}
  t=   2.62  cb_yield           L28-CB3 {'rot': 0.00683}
  t=   2.75  cb_yield           L20-CB2 {'rot': 0.00658}
  t=   2.75  cb_yield           L21-CB0 {'rot': 0.00656}
  t=   2.75  cb_yield           L22-CB0 {'rot': 0.00654}
  t=   2.75  cb_yield           L22-CB2 {'rot': 0.00665}
  t=   4.12  cb_yield           L2-CB0 {'rot': 0.00592}
  t=   4.12  cb_yield           L3-CB0 {'rot': 0.00708}
  t=   4.12  cb_yield           L3-CB1 {'rot': 0.00696}
  t=   4.12  cb_yield           L3-CB2 {'rot': 0.00605}
  t=   4.12  cb_yield           L3-CB3 {'rot': 0.00593}
  t=   4.12  cb_yield           L4-CB0 {'rot': 0.00789}
  t=   4.12  cb_yield           L4-CB1 {'rot': 0.00777}
  t=   4.12  cb_yield           L4-CB2 {'rot': 0.00662}
  t=   4.12  cb_yield           L4-CB3 {'rot': 0.00649}
  t=   4.12  cb_yield           L5-CB0 {'rot': 0.00835}
  t=   4.12  cb_yield           L5-CB2 {'rot': 0.00686}
  t=   4.12  cb_yield           L12-CB0 {'rot': 0.00681}
  t=   4.12  cb_yield           L13-CB0 {'rot': 0.00635}
  t=   4.25  cb_yield           L2-CB1 {'rot': 0.00722}
  t=   4.25  cb_yield           L2-CB2 {'rot': 0.00655}
  t=   4.25  cb_yield           L2-CB3 {'rot': 0.00635}
  t=   4.25  cb_yield           L14-CB0 {'rot': 0.00617}
  t=   8.00  cb_yield           L1-CB3 {'rot': 0.00624}
  t=   8.13  cb_yield           L1-CB2 {'rot': 0.00608}
  t=   8.13  cb_yield           L13-CB2 {'rot': 0.00756}
  t=   8.13  cb_yield           L14-CB2 {'rot': 0.00637}
  t=   8.13  cb_yield           L15-CB0 {'rot': 0.00617}
  t=   8.25  cb_yield           L15-CB2 {'rot': 0.00619}
  t=   8.25  cb_yield           L16-CB0 {'rot': 0.00598}
  t=   8.38  cb_yield           L1-CB1 {'rot': 0.00639}
  t=   8.38  cb_yield           L16-CB2 {'rot': 0.0063}
  t=   8.50  cb_yield           L17-CB2 {'rot': 0.00726}
  t=   8.50  cb_yield           L18-CB2 {'rot': 0.00676}
  t=   8.63  cb_yield           L19-CB2 {'rot': 0.00919}
  t=   8.63  cb_yield           L23-CB2 {'rot': 0.00754}
  t=   8.63  cb_yield           L24-CB2 {'rot': 0.00711}
  t=   8.63  cb_yield           L25-CB2 {'rot': 0.00665}
  t=   8.63  cb_yield           L29-CB3 {'rot': 0.00806}
  t=   8.63  cb_yield           L30-CB3 {'rot': 0.00733}
  t=   8.63  cb_yield           L31-CB3 {'rot': 0.00664}
  t=   8.75  cb_yield           L17-CB0 {'rot': 0.00802}
  t=   8.75  cb_yield           L18-CB0 {'rot': 0.00714}
  t=   8.75  cb_yield           L26-CB2 {'rot': 0.00811}
  t=   8.75  cb_yield           L27-CB2 {'rot': 0.0074}
  t=   8.75  cb_yield           L28-CB2 {'rot': 0.00673}
  t=   8.75  cb_yield           L32-CB3 {'rot': 0.0092}
  t=   8.75  cb_yield           L33-CB3 {'rot': 0.0088}
  t=   8.88  cb_failure         L13-CB3 {'rot': 0.0203}
  t=   8.88  cb_failure         L14-CB3 {'rot': 0.02119}
  t=   8.88  cb_failure         L15-CB3 {'rot': 0.02183}
  t=   8.88  cb_failure         L16-CB3 {'rot': 0.02223}
  t=   8.88  cb_failure         L17-CB3 {'rot': 0.02244}
  t=   8.88  cb_failure         L18-CB3 {'rot': 0.02243}
  t=   8.88  cb_yield           L19-CB0 {'rot': 0.00838}
  t=   8.88  cb_failure         L19-CB3 {'rot': 0.0222}
  t=   8.88  cb_yield           L20-CB0 {'rot': 0.00753}
  t=   8.88  cb_failure         L20-CB3 {'rot': 0.0218}
  t=   8.88  cb_failure         L21-CB3 {'rot': 0.0212}
  t=   9.00  cb_failure         L22-CB3 {'rot': 0.02197}
  t=   9.00  cb_failure         L23-CB3 {'rot': 0.0208}
  t=   9.00  cb_yield           L29-CB2 {'rot': 0.00687}
  t=   9.13  cb_yield           L23-CB0 {'rot': 0.00666}
  t=   9.13  cb_yield           L30-CB2 {'rot': 0.00673}
  t=   9.25  cb_yield           L29-CB1 {'rot': 0.00859}
  t=   9.25  cb_yield           L30-CB1 {'rot': 0.00758}
  t=   9.25  cb_yield           L31-CB1 {'rot': 0.0066}
  t=   9.38  cb_yield           L32-CB1 {'rot': 0.00732}
  progress t=  10.0s  max corner drift so far=0.0057  wall clock=92s
  t=  10.38  cb_yield           L24-CB0 {'rot': 0.00774}
  t=  10.38  cb_yield           L25-CB0 {'rot': 0.00767}
  t=  10.38  cb_yield           L26-CB0 {'rot': 0.00749}
  t=  10.38  cb_yield           L27-CB0 {'rot': 0.0072}
  t=  10.38  cb_yield           L28-CB0 {'rot': 0.00683}
  t=  10.38  cb_yield           L33-CB1 {'rot': 0.00823}
  t=  10.50  cb_yield           L1-CB0 {'rot': 0.00635}
  t=  10.50  cb_yield           L29-CB0 {'rot': 0.00946}
  t=  10.50  cb_yield           L30-CB0 {'rot': 0.00874}
  t=  10.50  cb_yield           L31-CB0 {'rot': 0.00794}
  t=  10.50  cb_yield           L32-CB0 {'rot': 0.00726}
  t=  10.50  cb_yield           L33-CB0 {'rot': 0.00691}
  t=  10.63  cb_failure         L3-CB2 {'rot': 0.0215}
  t=  10.63  cb_failure         L4-CB2 {'rot': 0.0234}
  t=  10.63  cb_failure         L5-CB2 {'rot': 0.02387}
  t=  10.63  cb_failure         L6-CB2 {'rot': 0.02322}
  t=  10.63  cb_failure         L7-CB2 {'rot': 0.02181}
  t=  10.63  cb_failure         L8-CB2 {'rot': 0.01992}
  t=  10.63  cb_failure         L19-CB1 {'rot': 0.02056}
  t=  10.63  cb_failure         L20-CB1 {'rot': 0.02235}
  t=  10.63  cb_failure         L21-CB1 {'rot': 0.02377}
  t=  10.63  cb_failure         L22-CB1 {'rot': 0.02476}
  t=  10.63  cb_failure         L23-CB1 {'rot': 0.0254}
  t=  10.63  cb_failure         L24-CB1 {'rot': 0.02571}
  t=  10.63  cb_failure         L25-CB1 {'rot': 0.02574}
  t=  10.63  cb_failure         L25-CB3 {'rot': 0.0207}
  t=  10.63  cb_failure         L26-CB1 {'rot': 0.02556}
  t=  10.63  cb_failure         L27-CB1 {'rot': 0.0252}
  t=  10.63  cb_failure         L28-CB1 {'rot': 0.02478}
  t=  10.63  cb_failure         L29-CB1 {'rot': 0.02423}
  t=  10.63  cb_failure         L30-CB1 {'rot': 0.02349}
  t=  10.63  cb_failure         L30-CB3 {'rot': 0.0227}
  t=  10.63  cb_failure         L31-CB1 {'rot': 0.02276}
  t=  10.63  cb_failure         L32-CB1 {'rot': 0.02216}
  t=  10.63  cb_failure         L33-CB1 {'rot': 0.02177}
  t=  10.63  cb_failure         L33-CB3 {'rot': 0.02136}
  t=  10.75  cb_failure         L2-CB0 {'rot': 0.02029}
  t=  10.75  cb_failure         L2-CB2 {'rot': 0.02279}
  t=  10.75  cb_failure         L2-CB3 {'rot': 0.02024}
  t=  10.75  cb_failure         L3-CB0 {'rot': 0.02303}
  t=  10.75  cb_failure         L3-CB1 {'rot': 0.02094}
  t=  10.75  cb_failure         L3-CB3 {'rot': 0.02343}
  t=  10.75  cb_failure         L4-CB0 {'rot': 0.02444}
  t=  10.75  cb_failure         L4-CB3 {'rot': 0.02514}
  t=  10.75  cb_failure         L5-CB0 {'rot': 0.02432}
  t=  10.75  cb_failure         L5-CB3 {'rot': 0.02509}
  t=  10.75  cb_failure         L6-CB0 {'rot': 0.0231}
  t=  10.75  cb_failure         L6-CB3 {'rot': 0.02377}
  t=  10.75  cb_failure         L7-CB0 {'rot': 0.02115}
  t=  10.75  cb_failure         L7-CB3 {'rot': 0.02156}
  t=  10.75  cb_failure         L9-CB2 {'rot': 0.0233}
  t=  10.75  cb_failure         L10-CB2 {'rot': 0.02048}
  t=  10.75  cb_failure         L24-CB3 {'rot': 0.02228}
  t=  10.75  cb_failure         L26-CB3 {'rot': 0.02288}
  t=  10.75  cb_failure         L27-CB3 {'rot': 0.02272}
  t=  10.75  cb_failure         L28-CB3 {'rot': 0.02239}
  t=  10.75  cb_failure         L29-CB3 {'rot': 0.02179}
  t=  10.88  cb_failure         L4-CB1 {'rot': 0.02382}
  t=  10.88  cb_failure         L5-CB1 {'rot': 0.02358}
  t=  10.88  cb_failure         L6-CB1 {'rot': 0.02215}
  t=  10.88  cb_failure         L7-CB1 {'rot': 0.01995}
  t=  10.88  cb_failure         L8-CB0 {'rot': 0.02283}
  t=  10.88  cb_failure         L8-CB3 {'rot': 0.02322}
  t=  10.88  cb_failure         L9-CB0 {'rot': 0.01992}
  t=  10.88  cb_failure         L9-CB3 {'rot': 0.0199}
  t=  10.88  cb_failure         L11-CB2 {'rot': 0.01996}
  t=  11.00  cb_failure         L2-CB1 {'rot': 0.0227}
  t=  11.00  cb_failure         L8-CB1 {'rot': 0.02308}
  t=  11.00  cb_failure         L10-CB0 {'rot': 0.02031}
  t=  11.00  cb_failure         L10-CB3 {'rot': 0.02057}
  t=  11.13  cb_failure         L9-CB1 {'rot': 0.02551}
  t=  11.13  cb_failure         L10-CB1 {'rot': 0.02228}
  t=  11.13  cb_failure         L11-CB0 {'rot': 0.02145}
  t=  11.13  cb_failure         L11-CB3 {'rot': 0.02167}
  t=  11.13  cb_failure         L12-CB2 {'rot': 0.02135}
  t=  11.25  cb_failure         L11-CB1 {'rot': 0.02553}
  t=  11.25  cb_failure         L12-CB0 {'rot': 0.02403}
  t=  11.25  cb_failure         L12-CB1 {'rot': 0.02285}
  t=  11.25  cb_failure         L12-CB3 {'rot': 0.02375}
  t=  11.25  cb_failure         L13-CB0 {'rot': 0.02099}
  t=  11.25  cb_failure         L13-CB2 {'rot': 0.02225}
  t=  11.38  cb_failure         L13-CB1 {'rot': 0.02755}
  t=  11.38  cb_failure         L14-CB0 {'rot': 0.02614}
  t=  11.38  cb_failure         L14-CB1 {'rot': 0.02573}
  t=  11.38  cb_failure         L14-CB2 {'rot': 0.02549}
  t=  11.38  cb_failure         L15-CB0 {'rot': 0.02424}
  t=  11.38  cb_failure         L15-CB1 {'rot': 0.02386}
  t=  11.38  cb_failure         L15-CB2 {'rot': 0.02373}
  t=  11.38  cb_failure         L16-CB0 {'rot': 0.02241}
  t=  11.38  cb_failure         L16-CB1 {'rot': 0.02196}
  t=  11.38  cb_failure         L16-CB2 {'rot': 0.02202}
  t=  11.38  cb_failure         L18-CB0 {'rot': 0.02248}
  t=  11.50  cb_failure         L17-CB0 {'rot': 0.0324}
  t=  11.50  cb_failure         L17-CB1 {'rot': 0.03222}
  t=  11.50  cb_failure         L17-CB2 {'rot': 0.02977}
  t=  11.50  cb_failure         L18-CB1 {'rot': 0.03066}
  t=  11.50  cb_failure         L18-CB2 {'rot': 0.02835}
  t=  11.50  cb_failure         L19-CB0 {'rot': 0.0288}
  t=  11.50  cb_failure         L19-CB2 {'rot': 0.02659}
  t=  11.50  cb_failure         L20-CB0 {'rot': 0.02679}
  t=  11.50  cb_failure         L20-CB2 {'rot': 0.02475}
  t=  11.50  cb_failure         L21-CB0 {'rot': 0.02456}
  t=  11.50  cb_failure         L21-CB2 {'rot': 0.02268}
  t=  11.50  cb_failure         L22-CB0 {'rot': 0.02212}
  t=  11.63  cb_failure         L22-CB2 {'rot': 0.0276}
  t=  11.63  cb_failure         L23-CB0 {'rot': 0.02728}
  t=  11.63  cb_failure         L23-CB2 {'rot': 0.02432}
  t=  11.63  cb_failure         L24-CB0 {'rot': 0.02312}
  t=  11.63  cb_failure         L24-CB2 {'rot': 0.02055}
  t=  11.75  cb_failure         L25-CB0 {'rot': 0.02113}
  t=  12.00  cb_failure         L25-CB2 {'rot': 0.02117}
  t=  12.00  cb_failure         L26-CB0 {'rot': 0.02378}
  t=  12.00  cb_failure         L26-CB2 {'rot': 0.02288}
  t=  12.00  cb_failure         L27-CB0 {'rot': 0.02211}
  t=  12.75  cb_failure         L31-CB3 {'rot': 0.0211}
  t=  12.88  cb_yield           L31-CB2 {'rot': 0.01364}
  t=  12.88  cb_yield           L32-CB2 {'rot': 0.01231}
  t=  12.88  cb_failure         L32-CB3 {'rot': 0.03038}
  t=  12.88  cb_yield           L33-CB2 {'rot': 0.0118}
  t=  13.00  cb_failure         L27-CB2 {'rot': 0.02399}
  t=  13.00  cb_failure         L28-CB2 {'rot': 0.02381}
  t=  13.00  cb_failure         L29-CB2 {'rot': 0.02318}
  t=  13.00  cb_failure         L30-CB2 {'rot': 0.02191}
  t=  14.13  cb_failure         L1-CB1 {'rot': 0.01995}
  t=  14.88  cb_failure         L31-CB2 {'rot': 0.02471}
  t=  14.88  cb_failure         L32-CB2 {'rot': 0.02358}
  t=  14.88  cb_failure         L33-CB2 {'rot': 0.02316}
  t=  15.00  cb_failure         L28-CB0 {'rot': 0.02641}
  t=  15.00  cb_failure         L29-CB0 {'rot': 0.02407}
  t=  15.00  cb_failure         L30-CB0 {'rot': 0.02123}
  t=  15.00  cb_failure         L33-CB0 {'rot': 0.02232}
  t=  15.13  cb_failure         L31-CB0 {'rot': 0.02972}
  t=  15.13  cb_failure         L32-CB0 {'rot': 0.02853}
  t= 18.150  solver fallback: Newton
  t= 18.175  solver fallback: Newton
  t= 18.200  solver fallback: Newton
  t= 18.575  solver fallback: Newton
  progress t=  20.0s  max corner drift so far=0.0212  wall clock=207s
  t= 21.550  solver fallback: Newton
  t=  25.37  cb_failure         L1-CB0 {'rot': 0.0207}
  progress t=  30.0s  max corner drift so far=0.0212  wall clock=319s
  progress t=  40.0s  max corner drift so far=0.0212  wall clock=432s
  t=  49.00  cb_failure         L1-CB3 {'rot': 0.02001}
  t=  49.12  cb_failure         L1-CB2 {'rot': 0.02106}
  progress t=  50.0s  max corner drift so far=0.0212  wall clock=541s
  progress t=  60.0s  max corner drift so far=0.0212  wall clock=658s
  progress t=  70.0s  max corner drift so far=0.0212  wall clock=764s
  progress t=  80.0s  max corner drift so far=0.0212  wall clock=855s
  progress t=  90.0s  max corner drift so far=0.0212  wall clock=945s
  progress t= 100.0s  max corner drift so far=0.0212  wall clock=1035s
