  t=   4.25  cb_yield           L4-CB0 {'rot': 0.0074}
  t=   4.25  cb_yield           L4-CB1 {'rot': 0.00732}
  t=   4.25  cb_yield           L5-CB0 {'rot': 0.00779}
  t=   4.25  cb_yield           L5-CB1 {'rot': 0.00771}
  t=   4.25  cb_yield           L6-CB0 {'rot': 0.00791}
  t=   4.25  cb_yield           L6-CB1 {'rot': 0.00783}
  t=   4.25  cb_yield           L7-CB0 {'rot': 0.00782}
  t=   4.25  cb_yield           L7-CB1 {'rot': 0.00774}
  t=   4.25  cb_yield           L8-CB0 {'rot': 0.00758}
  t=   4.25  cb_yield           L8-CB1 {'rot': 0.00748}
  t=   4.25  cb_yield           L9-CB0 {'rot': 0.00723}
  t=   4.25  cb_yield           L9-CB1 {'rot': 0.0071}
  t=   4.37  cb_yield           L3-CB0 {'rot': 0.00723}
  t=   4.37  cb_yield           L3-CB1 {'rot': 0.00711}
  t=   7.88  cb_yield           L4-CB3 {'rot': 0.0073}
  t=   7.88  cb_yield           L5-CB3 {'rot': 0.0074}
  t=   7.88  cb_yield           L6-CB3 {'rot': 0.00724}
  t=   8.00  cb_yield           L3-CB3 {'rot': 0.00735}
  t=   8.00  cb_yield           L4-CB2 {'rot': 0.0074}
  t=   8.00  cb_yield           L5-CB2 {'rot': 0.00765}
  t=   8.00  cb_yield           L6-CB2 {'rot': 0.00762}
  t=   8.00  cb_yield           L7-CB2 {'rot': 0.00739}
  t=   8.00  cb_yield           L7-CB3 {'rot': 0.00819}
  t=   8.00  cb_yield           L8-CB3 {'rot': 0.00782}
  t=   8.00  cb_yield           L9-CB3 {'rot': 0.00733}
  t=   8.13  cb_yield           L8-CB2 {'rot': 0.00765}
  t=   8.13  cb_yield           L9-CB2 {'rot': 0.00726}
  t=   8.13  cb_yield           L10-CB3 {'rot': 0.00771}
  t=   8.13  cb_yield           L11-CB3 {'rot': 0.0072}
  t=   8.50  cb_yield           L12-CB3 {'rot': 0.0076}
  t=   8.50  cb_yield           L13-CB3 {'rot': 0.00751}
  t=   8.50  cb_yield           L14-CB3 {'rot': 0.00741}
  t=   8.50  cb_yield           L15-CB3 {'rot': 0.00734}
  t=   8.50  cb_yield           L16-CB3 {'rot': 0.00729}
  t=   8.63  cb_yield           L12-CB2 {'rot': 0.00721}
  t=   8.63  cb_yield           L13-CB2 {'rot': 0.00743}
  t=   8.63  cb_yield           L14-CB2 {'rot': 0.00758}
  t=   8.63  cb_yield           L15-CB2 {'rot': 0.00769}
  t=   8.63  cb_yield           L16-CB2 {'rot': 0.00774}
  t=   8.63  cb_yield           L17-CB2 {'rot': 0.00775}
  t=   8.63  cb_yield           L17-CB3 {'rot': 0.00962}
  t=   8.63  cb_yield           L18-CB2 {'rot': 0.0077}
  t=   8.63  cb_yield           L18-CB3 {'rot': 0.00965}
  t=   8.63  cb_yield           L19-CB2 {'rot': 0.00762}
  t=   8.63  cb_yield           L19-CB3 {'rot': 0.00963}
  t=   8.63  cb_yield           L20-CB3 {'rot': 0.00958}
  t=   8.63  cb_yield           L21-CB3 {'rot': 0.0095}
  t=   8.63  cb_yield           L22-CB3 {'rot': 0.00937}
  t=   8.63  cb_yield           L23-CB3 {'rot': 0.0092}
  t=   8.63  cb_yield           L24-CB3 {'rot': 0.00897}
  t=   8.63  cb_yield           L25-CB3 {'rot': 0.00868}
  t=   8.63  cb_yield           L26-CB3 {'rot': 0.00833}
  t=   8.63  cb_yield           L27-CB3 {'rot': 0.00792}
  t=   8.75  cb_yield           L11-CB2 {'rot': 0.00713}
  t=   8.75  cb_yield           L20-CB2 {'rot': 0.00981}
  t=   8.75  cb_yield           L21-CB2 {'rot': 0.00963}
  t=   8.75  cb_yield           L22-CB2 {'rot': 0.00933}
  t=   8.75  cb_yield           L23-CB2 {'rot': 0.00894}
  t=   8.75  cb_yield           L24-CB2 {'rot': 0.00847}
  t=   8.75  cb_yield           L25-CB2 {'rot': 0.00794}
  t=   8.75  cb_yield           L28-CB3 {'rot': 0.00861}
  t=   8.75  cb_yield           L29-CB3 {'rot': 0.00799}
  t=   8.88  cb_yield           L26-CB2 {'rot': 0.00776}
  progress t=  10.0s  max corner drift so far=0.0042  wall clock=123s
  t=  10.38  cb_yield           L2-CB2 {'rot': 0.00965}
  t=  10.38  cb_yield           L2-CB3 {'rot': 0.00968}
  t=  10.38  cb_yield           L3-CB2 {'rot': 0.01115}
  t=  10.38  cb_yield           L20-CB1 {'rot': 0.00798}
  t=  10.38  cb_yield           L21-CB1 {'rot': 0.00841}
  t=  10.38  cb_yield           L22-CB0 {'rot': 0.00774}
  t=  10.38  cb_yield           L22-CB1 {'rot': 0.00875}
  t=  10.38  cb_yield           L23-CB0 {'rot': 0.00789}
  t=  10.38  cb_yield           L23-CB1 {'rot': 0.00896}
  t=  10.38  cb_yield           L24-CB0 {'rot': 0.00791}
  t=  10.38  cb_yield           L24-CB1 {'rot': 0.00904}
  t=  10.38  cb_yield           L25-CB0 {'rot': 0.0078}
  t=  10.38  cb_yield           L25-CB1 {'rot': 0.00899}
  t=  10.38  cb_yield           L26-CB1 {'rot': 0.0088}
  t=  10.38  cb_yield           L27-CB1 {'rot': 0.00851}
  t=  10.38  cb_yield           L28-CB1 {'rot': 0.00815}
  t=  10.38  cb_yield           L29-CB1 {'rot': 0.00773}
  t=  10.50  cb_yield           L1-CB2 {'rot': 0.00894}
  t=  10.50  cb_yield           L1-CB3 {'rot': 0.00889}
  t=  10.50  cb_yield           L2-CB0 {'rot': 0.0082}
  t=  10.50  cb_yield           L2-CB1 {'rot': 0.00872}
  t=  10.50  cb_yield           L10-CB2 {'rot': 0.00966}
  t=  10.50  cb_yield           L18-CB1 {'rot': 0.00833}
  t=  10.50  cb_yield           L19-CB0 {'rot': 0.00797}
  t=  10.50  cb_yield           L19-CB1 {'rot': 0.00924}
  t=  10.50  cb_yield           L20-CB0 {'rot': 0.00861}
  t=  10.50  cb_yield           L21-CB0 {'rot': 0.00907}
  t=  10.50  cb_yield           L26-CB0 {'rot': 0.00904}
  t=  10.50  cb_yield           L27-CB0 {'rot': 0.0087}
  t=  10.50  cb_yield           L28-CB0 {'rot': 0.00831}
  t=  10.50  cb_yield           L29-CB0 {'rot': 0.00782}
  t=  10.50  cb_yield           L30-CB1 {'rot': 0.00911}
  t=  10.50  cb_yield           L31-CB1 {'rot': 0.00847}
  t=  10.50  cb_yield           L32-CB1 {'rot': 0.00791}
  t=  10.63  cb_yield           L1-CB0 {'rot': 0.00745}
  t=  10.63  cb_yield           L1-CB1 {'rot': 0.00723}
  t=  10.88  cb_yield           L10-CB0 {'rot': 0.00812}
  t=  10.88  cb_yield           L10-CB1 {'rot': 0.00873}
  t=  10.88  cb_yield           L11-CB1 {'rot': 0.0073}
  t=  11.00  cb_yield           L11-CB0 {'rot': 0.00898}
  t=  11.00  cb_yield           L12-CB0 {'rot': 0.00799}
  t=  11.00  cb_yield           L12-CB1 {'rot': 0.00892}
  t=  11.00  cb_yield           L13-CB0 {'rot': 0.00704}
  t=  11.00  cb_yield           L13-CB1 {'rot': 0.0079}
  t=  11.13  cb_yield           L14-CB0 {'rot': 0.01024}
  t=  11.13  cb_yield           L14-CB1 {'rot': 0.01129}
  t=  11.13  cb_yield           L15-CB0 {'rot': 0.00965}
  t=  11.13  cb_yield           L15-CB1 {'rot': 0.01069}
  t=  11.13  cb_yield           L16-CB0 {'rot': 0.00904}
  t=  11.13  cb_yield           L16-CB1 {'rot': 0.01006}
  t=  11.13  cb_yield           L17-CB0 {'rot': 0.00828}
  t=  11.13  cb_yield           L17-CB1 {'rot': 0.00931}
  t=  11.25  cb_yield           L18-CB0 {'rot': 0.01377}
  t=  14.13  cb_yield           L30-CB3 {'rot': 0.00796}
  t=  14.25  cb_yield           L27-CB2 {'rot': 0.0077}
  t=  14.50  cb_yield           L31-CB3 {'rot': 0.00833}
  t=  14.50  cb_yield           L32-CB3 {'rot': 0.00778}
  t=  14.63  cb_yield           L33-CB3 {'rot': 0.00793}
  progress t=  20.0s  max corner drift so far=0.0107  wall clock=255s
  t=  20.12  cb_failure         L5-CB1 {'rot': 0.03104}
  t=  20.12  cb_failure         L6-CB1 {'rot': 0.03214}
  t=  20.12  cb_failure         L7-CB1 {'rot': 0.03252}
  t=  20.12  cb_failure         L8-CB1 {'rot': 0.03238}
  t=  20.12  cb_failure         L9-CB1 {'rot': 0.03191}
  t=  20.12  cb_failure         L10-CB1 {'rot': 0.03125}
  t=  20.25  cb_failure         L4-CB1 {'rot': 0.03156}
  t=  20.25  cb_failure         L6-CB0 {'rot': 0.03139}
  t=  20.25  cb_failure         L7-CB0 {'rot': 0.03157}
  t=  20.25  cb_failure         L8-CB0 {'rot': 0.03115}
  t=  20.25  cb_failure         L11-CB1 {'rot': 0.03466}
  t=  20.25  cb_failure         L12-CB1 {'rot': 0.03377}
  t=  20.25  cb_failure         L13-CB1 {'rot': 0.03272}
  t=  20.25  cb_failure         L14-CB1 {'rot': 0.03153}
  t=  20.25  cb_yield           L33-CB1 {'rot': 0.00922}
  t=  20.37  cb_failure         L5-CB0 {'rot': 0.03163}
  t=  20.37  cb_failure         L9-CB0 {'rot': 0.03457}
  t=  20.37  cb_failure         L10-CB0 {'rot': 0.03378}
  t=  20.37  cb_failure         L11-CB0 {'rot': 0.03271}
  t=  20.37  cb_failure         L12-CB0 {'rot': 0.03145}
  t=  20.37  cb_failure         L15-CB1 {'rot': 0.03395}
  t=  20.37  cb_failure         L16-CB1 {'rot': 0.03251}
  t=  20.50  cb_failure         L13-CB0 {'rot': 0.03545}
  t=  20.50  cb_failure         L14-CB0 {'rot': 0.03399}
  t=  20.50  cb_failure         L15-CB0 {'rot': 0.03236}
  t=  20.50  cb_failure         L17-CB1 {'rot': 0.03592}
  t=  20.50  cb_failure         L18-CB1 {'rot': 0.03383}
  t=  20.50  cb_failure         L19-CB1 {'rot': 0.03174}
  t=  20.62  cb_failure         L16-CB0 {'rot': 0.03705}
  t=  20.62  cb_failure         L17-CB0 {'rot': 0.03439}
  t=  20.62  cb_failure         L20-CB1 {'rot': 0.03173}
  t=  20.75  cb_failure         L18-CB0 {'rot': 0.03443}
  t=  21.00  cb_yield           L30-CB0 {'rot': 0.00861}
  t=  21.12  cb_yield           L31-CB0 {'rot': 0.01029}
  t=  21.12  cb_yield           L32-CB0 {'rot': 0.00927}
  t=  21.12  cb_yield           L33-CB0 {'rot': 0.00879}
  t=  21.25  cb_failure         L4-CB0 {'rot': 0.0324}
  t=  23.62  cb_failure         L21-CB1 {'rot': 0.03198}
  t=  26.12  cb_failure         L5-CB3 {'rot': 0.03167}
  t=  26.12  cb_failure         L6-CB3 {'rot': 0.03373}
  t=  26.12  cb_failure         L7-CB2 {'rot': 0.0315}
  t=  26.12  cb_failure         L7-CB3 {'rot': 0.0348}
  t=  26.12  cb_failure         L8-CB2 {'rot': 0.03171}
  t=  26.12  cb_failure         L8-CB3 {'rot': 0.03499}
  t=  26.12  cb_failure         L9-CB2 {'rot': 0.03109}
  t=  26.12  cb_failure         L9-CB3 {'rot': 0.03443}
  t=  26.12  cb_failure         L10-CB3 {'rot': 0.03335}
  t=  26.12  cb_failure         L11-CB3 {'rot': 0.03193}
  t=  26.25  cb_failure         L6-CB2 {'rot': 0.03249}
  t=  26.25  cb_failure         L10-CB2 {'rot': 0.03421}
  t=  26.25  cb_failure         L11-CB2 {'rot': 0.03304}
  t=  26.25  cb_failure         L12-CB2 {'rot': 0.03147}
  t=  26.25  cb_failure         L12-CB3 {'rot': 0.03536}
  t=  26.25  cb_failure         L13-CB3 {'rot': 0.03344}
  t=  26.25  cb_failure         L14-CB3 {'rot': 0.0311}
  t=  26.37  cb_failure         L13-CB2 {'rot': 0.03297}
  t=  26.37  cb_failure         L14-CB2 {'rot': 0.03108}
  t=  26.37  cb_failure         L15-CB3 {'rot': 0.03305}
  t=  26.50  cb_failure         L16-CB3 {'rot': 0.03242}
  t=  26.87  cb_yield           L28-CB2 {'rot': 0.00896}
  t=  26.87  cb_yield           L29-CB2 {'rot': 0.00779}
  progress t=  30.0s  max corner drift so far=0.0173  wall clock=394s
  t=  37.87  cb_failure         L5-CB2 {'rot': 0.03247}
  t=  38.00  cb_failure         L4-CB2 {'rot': 0.03167}
  t=  38.00  cb_failure         L4-CB3 {'rot': 0.03203}
  t=  38.12  cb_failure         L15-CB2 {'rot': 0.03521}
  t=  38.12  cb_failure         L16-CB2 {'rot': 0.03175}
  t=  38.25  cb_failure         L17-CB3 {'rot': 0.0323}
  t=  38.37  cb_failure         L17-CB2 {'rot': 0.03347}
  t=  38.75  cb_yield           L30-CB2 {'rot': 0.0089}
  t=  38.87  cb_yield           L31-CB2 {'rot': 0.0081}
  progress t=  40.0s  max corner drift so far=0.0173  wall clock=538s
  t=  41.00  cb_failure         L18-CB3 {'rot': 0.03379}
  t=  41.12  cb_failure         L19-CB3 {'rot': 0.03193}
  t=  46.00  cb_failure         L3-CB0 {'rot': 0.03275}
  t=  46.00  cb_failure         L3-CB1 {'rot': 0.03351}
  t=  46.12  cb_yield           L32-CB2 {'rot': 0.01189}
  t=  46.12  cb_yield           L33-CB2 {'rot': 0.01165}
  t=  46.25  cb_failure         L3-CB2 {'rot': 0.03125}
  t=  48.75  cb_failure         L2-CB0 {'rot': 0.03368}
  t=  48.75  cb_failure         L2-CB1 {'rot': 0.03741}
  t=  48.75  cb_failure         L3-CB3 {'rot': 0.03455}
  t=  48.87  cb_failure         L2-CB3 {'rot': 0.03303}
  t=  49.00  cb_failure         L2-CB2 {'rot': 0.03387}
  t=  49.37  cb_failure         L19-CB0 {'rot': 0.03243}
  t=  49.37  cb_failure         L20-CB3 {'rot': 0.03163}
  t=  49.50  cb_failure         L18-CB2 {'rot': 0.03894}
  t=  49.50  cb_failure         L19-CB2 {'rot': 0.03545}
  t=  49.50  cb_failure         L20-CB0 {'rot': 0.03404}
  t=  49.50  cb_failure         L20-CB2 {'rot': 0.032}
  t=  49.50  cb_failure         L21-CB3 {'rot': 0.03738}
  t=  49.50  cb_failure         L22-CB1 {'rot': 0.03485}
  t=  49.50  cb_failure         L22-CB3 {'rot': 0.03439}
  t=  49.50  cb_failure         L23-CB1 {'rot': 0.03167}
  t=  49.50  cb_failure         L23-CB3 {'rot': 0.03172}
  t=  49.62  cb_failure         L21-CB0 {'rot': 0.03599}
  t=  49.62  cb_failure         L21-CB2 {'rot': 0.03769}
  t=  49.62  cb_failure         L22-CB0 {'rot': 0.03199}
  t=  49.62  cb_failure         L22-CB2 {'rot': 0.03453}
  t=  49.62  cb_failure         L24-CB1 {'rot': 0.03467}
  t=  49.62  cb_failure         L24-CB3 {'rot': 0.03835}
  t=  49.62  cb_failure         L25-CB1 {'rot': 0.03176}
  t=  49.62  cb_failure         L25-CB3 {'rot': 0.03592}
  t=  49.62  cb_failure         L26-CB3 {'rot': 0.0335}
  t=  49.62  cb_failure         L27-CB3 {'rot': 0.03162}
  t=  49.75  cb_failure         L23-CB0 {'rot': 0.03525}
  t=  49.75  cb_failure         L23-CB2 {'rot': 0.03999}
  t=  49.75  cb_failure         L24-CB0 {'rot': 0.03168}
  t=  49.75  cb_failure         L24-CB2 {'rot': 0.03705}
  t=  49.75  cb_failure         L25-CB2 {'rot': 0.03382}
  t=  49.75  cb_failure         L26-CB1 {'rot': 0.03492}
  t=  49.75  cb_failure         L27-CB1 {'rot': 0.03166}
  t=  49.75  cb_failure         L28-CB3 {'rot': 0.03451}
  t=  49.75  cb_failure         L29-CB3 {'rot': 0.0317}
  t=  49.87  cb_failure         L25-CB0 {'rot': 0.03182}
  t=  49.87  cb_failure         L26-CB2 {'rot': 0.03345}
  t=  49.87  cb_failure         L28-CB1 {'rot': 0.03169}
  t=  49.87  cb_failure         L30-CB3 {'rot': 0.03165}
  t=  50.00  cb_failure         L29-CB1 {'rot': 0.03441}
  t=  50.00  cb_failure         L30-CB1 {'rot': 0.03165}
  t=  50.00  cb_failure         L31-CB3 {'rot': 0.0318}
  t=  50.00  cb_failure         L33-CB3 {'rot': 0.03173}
  progress t=  50.0s  max corner drift so far=0.0173  wall clock=680s
  t=  50.12  cb_failure         L31-CB1 {'rot': 0.03336}
  t=  50.12  cb_failure         L32-CB1 {'rot': 0.03169}
  t=  50.12  cb_failure         L32-CB3 {'rot': 0.03215}
  t=  50.12  cb_failure         L33-CB1 {'rot': 0.03177}
  progress t=  60.0s  max corner drift so far=0.0173  wall clock=821s
  progress t=  70.0s  max corner drift so far=0.0173  wall clock=946s
  progress t=  80.0s  max corner drift so far=0.0173  wall clock=1060s
  progress t=  90.0s  max corner drift so far=0.0173  wall clock=1172s
  progress t= 100.0s  max corner drift so far=0.0173  wall clock=1281s
