  t=   2.75  cb_yield           L8-CB3 {'rot': 0.0059}
  t=   2.75  cb_yield           L9-CB3 {'rot': 0.00592}
  t=   2.75  cb_yield           L10-CB3 {'rot': 0.00591}
  t=   2.87  cb_yield           L5-CB3 {'rot': 0.00599}
  t=   2.87  cb_yield           L6-CB3 {'rot': 0.00629}
  t=   2.87  cb_yield           L7-CB3 {'rot': 0.00649}
  t=   2.87  cb_yield           L11-CB3 {'rot': 0.00665}
  t=   2.87  cb_yield           L12-CB3 {'rot': 0.00664}
  t=   2.87  cb_yield           L13-CB3 {'rot': 0.00661}
  t=   2.87  cb_yield           L14-CB3 {'rot': 0.00656}
  t=   2.87  cb_yield           L15-CB3 {'rot': 0.00651}
  t=   2.87  cb_yield           L16-CB3 {'rot': 0.00644}
  t=   3.00  cb_yield           L4-CB3 {'rot': 0.00616}
  t=   3.00  cb_yield           L5-CB1 {'rot': 0.00602}
  t=   3.00  cb_yield           L5-CB2 {'rot': 0.00598}
  t=   3.00  cb_yield           L6-CB1 {'rot': 0.00628}
  t=   3.00  cb_yield           L6-CB2 {'rot': 0.00623}
  t=   3.00  cb_yield           L7-CB1 {'rot': 0.00643}
  t=   3.00  cb_yield           L7-CB2 {'rot': 0.00637}
  t=   3.00  cb_yield           L8-CB1 {'rot': 0.00649}
  t=   3.00  cb_yield           L8-CB2 {'rot': 0.00642}
  t=   3.00  cb_yield           L9-CB1 {'rot': 0.00649}
  t=   3.00  cb_yield           L9-CB2 {'rot': 0.00639}
  t=   3.00  cb_yield           L10-CB1 {'rot': 0.00644}
  t=   3.00  cb_yield           L10-CB2 {'rot': 0.00633}
  t=   3.00  cb_yield           L11-CB1 {'rot': 0.00636}
  t=   3.00  cb_yield           L11-CB2 {'rot': 0.00625}
  t=   3.00  cb_yield           L12-CB1 {'rot': 0.00627}
  t=   3.00  cb_yield           L12-CB2 {'rot': 0.00616}
  t=   3.00  cb_yield           L13-CB1 {'rot': 0.00616}
  t=   3.00  cb_yield           L13-CB2 {'rot': 0.00605}
  t=   3.00  cb_yield           L14-CB1 {'rot': 0.00603}
  t=   3.00  cb_yield           L14-CB2 {'rot': 0.00592}
  t=   3.00  cb_yield           L17-CB3 {'rot': 0.00714}
  t=   3.00  cb_yield           L18-CB3 {'rot': 0.00699}
  t=   3.00  cb_yield           L19-CB3 {'rot': 0.00683}
  t=   3.00  cb_yield           L20-CB3 {'rot': 0.00666}
  t=   3.12  cb_yield           L3-CB3 {'rot': 0.00613}
  t=   3.12  cb_yield           L4-CB1 {'rot': 0.00626}
  t=   3.12  cb_yield           L4-CB2 {'rot': 0.0063}
  t=   3.12  cb_yield           L5-CB0 {'rot': 0.00597}
  t=   3.12  cb_yield           L6-CB0 {'rot': 0.00617}
  t=   3.12  cb_yield           L7-CB0 {'rot': 0.00624}
  t=   3.12  cb_yield           L8-CB0 {'rot': 0.00621}
  t=   3.12  cb_yield           L9-CB0 {'rot': 0.00609}
  t=   3.12  cb_yield           L10-CB0 {'rot': 0.00593}
  t=   3.12  cb_yield           L15-CB1 {'rot': 0.00658}
  t=   3.12  cb_yield           L15-CB2 {'rot': 0.00641}
  t=   3.12  cb_yield           L16-CB1 {'rot': 0.00639}
  t=   3.12  cb_yield           L16-CB2 {'rot': 0.00622}
  t=   3.12  cb_yield           L21-CB3 {'rot': 0.00691}
  t=   3.12  cb_yield           L22-CB3 {'rot': 0.00664}
  t=   3.25  cb_yield           L3-CB1 {'rot': 0.00607}
  t=   3.25  cb_yield           L3-CB2 {'rot': 0.00624}
  t=   3.25  cb_yield           L4-CB0 {'rot': 0.00616}
  t=   3.25  cb_yield           L11-CB0 {'rot': 0.00645}
  t=   3.25  cb_yield           L12-CB0 {'rot': 0.00622}
  t=   3.25  cb_yield           L13-CB0 {'rot': 0.00597}
  t=   3.25  cb_yield           L17-CB1 {'rot': 0.00671}
  t=   3.37  cb_yield           L2-CB3 {'rot': 0.0061}
  t=   3.37  cb_yield           L14-CB0 {'rot': 0.00628}
  t=   3.37  cb_yield           L15-CB0 {'rot': 0.00594}
  t=   3.37  cb_yield           L17-CB2 {'rot': 0.00659}
  t=   3.37  cb_yield           L18-CB1 {'rot': 0.00686}
  t=   3.50  cb_yield           L3-CB0 {'rot': 0.00607}
  t=   3.50  cb_yield           L16-CB0 {'rot': 0.006}
  t=   3.50  cb_yield           L19-CB1 {'rot': 0.00684}
  t=   3.62  cb_yield           L20-CB1 {'rot': 0.00671}
  t=   3.75  cb_yield           L21-CB1 {'rot': 0.00653}
  t=   5.13  cb_yield           L17-CB0 {'rot': 0.00698}
  t=   5.13  cb_yield           L18-CB0 {'rot': 0.00673}
  t=   5.25  cb_yield           L18-CB2 {'rot': 0.00662}
  t=   5.25  cb_yield           L19-CB0 {'rot': 0.00735}
  t=   5.25  cb_yield           L20-CB0 {'rot': 0.007}
  t=   5.25  cb_yield           L21-CB0 {'rot': 0.00663}
  t=   5.38  cb_yield           L19-CB2 {'rot': 0.00711}
  t=   5.38  cb_yield           L20-CB2 {'rot': 0.00665}
  t=   5.38  cb_yield           L22-CB0 {'rot': 0.00658}
  t=   5.38  cb_yield           L22-CB1 {'rot': 0.00699}
  t=   5.50  cb_yield           L2-CB0 {'rot': 0.00601}
  t=   5.50  cb_yield           L2-CB1 {'rot': 0.00622}
  t=   5.50  cb_yield           L21-CB2 {'rot': 0.0071}
  t=   5.50  cb_yield           L22-CB2 {'rot': 0.00656}
  t=   5.50  cb_yield           L23-CB3 {'rot': 0.00665}
  t=   5.63  cb_yield           L2-CB2 {'rot': 0.00676}
  t=   5.88  cb_yield           L1-CB2 {'rot': 0.006}
  t=   5.88  cb_yield           L1-CB3 {'rot': 0.00622}
  t=   6.00  cb_yield           L1-CB0 {'rot': 0.00601}
  t=   6.00  cb_yield           L1-CB1 {'rot': 0.00598}
  t=   9.00  cb_yield           L23-CB1 {'rot': 0.00765}
  t=   9.00  cb_yield           L24-CB1 {'rot': 0.00739}
  t=   9.00  cb_yield           L25-CB1 {'rot': 0.00705}
  t=   9.00  cb_yield           L26-CB1 {'rot': 0.00666}
  t=   9.13  cb_yield           L23-CB0 {'rot': 0.0078}
  t=   9.13  cb_yield           L24-CB0 {'rot': 0.0078}
  t=   9.13  cb_yield           L25-CB0 {'rot': 0.00768}
  t=   9.13  cb_yield           L26-CB0 {'rot': 0.00743}
  t=   9.13  cb_yield           L27-CB0 {'rot': 0.00707}
  t=   9.13  cb_yield           L27-CB1 {'rot': 0.00978}
  t=   9.13  cb_yield           L28-CB0 {'rot': 0.00664}
  t=   9.13  cb_yield           L28-CB1 {'rot': 0.00937}
  t=   9.13  cb_yield           L29-CB1 {'rot': 0.00885}
  t=   9.13  cb_yield           L30-CB1 {'rot': 0.00821}
  t=   9.13  cb_yield           L31-CB1 {'rot': 0.00753}
  t=   9.13  cb_yield           L32-CB1 {'rot': 0.00697}
  t=   9.13  cb_yield           L33-CB1 {'rot': 0.00666}
  t=   9.25  cb_yield           L29-CB0 {'rot': 0.00711}
  t=  10.00  cb_failure         L4-CB1 {'rot': 0.02113}
  t=  10.00  cb_failure         L5-CB1 {'rot': 0.02185}
  t=  10.00  cb_failure         L6-CB1 {'rot': 0.02185}
  t=  10.00  cb_failure         L7-CB1 {'rot': 0.02132}
  t=  10.00  cb_failure         L8-CB1 {'rot': 0.02032}
  progress t=  10.0s  max corner drift so far=0.0046  wall clock=111s
  t= 10.050  solver fallback: Newton
  t=  10.13  cb_failure         L4-CB3 {'rot': 0.01998}
  t=  10.13  cb_failure         L5-CB3 {'rot': 0.02084}
  t=  10.13  cb_failure         L6-CB3 {'rot': 0.02104}
  t=  10.13  cb_failure         L7-CB3 {'rot': 0.02075}
  t=  10.13  cb_failure         L8-CB3 {'rot': 0.02004}
  t=  10.25  cb_failure         L9-CB1 {'rot': 0.02007}
  t=  10.25  cb_failure         L9-CB3 {'rot': 0.0216}
  t=  10.25  cb_failure         L10-CB3 {'rot': 0.02082}
  t=  10.38  cb_failure         L8-CB2 {'rot': 0.02001}
  t=  10.38  cb_failure         L9-CB2 {'rot': 0.01992}
  t=  10.38  cb_failure         L11-CB3 {'rot': 0.02236}
  t=  10.38  cb_failure         L12-CB3 {'rot': 0.02169}
  t=  10.38  cb_failure         L13-CB3 {'rot': 0.0207}
  t=  10.38  cb_yield           L24-CB3 {'rot': 0.0075}
  t=  10.38  cb_yield           L25-CB3 {'rot': 0.0068}
  t=  10.50  cb_failure         L14-CB3 {'rot': 0.0218}
  t=  10.50  cb_failure         L15-CB3 {'rot': 0.02109}
  t=  10.50  cb_failure         L16-CB3 {'rot': 0.02026}
  t=  10.50  cb_yield           L23-CB2 {'rot': 0.007}
  t=  10.50  cb_yield           L26-CB3 {'rot': 0.00892}
  t=  10.50  cb_yield           L27-CB3 {'rot': 0.00812}
  t=  10.50  cb_yield           L28-CB3 {'rot': 0.00741}
  t=  10.50  cb_yield           L29-CB3 {'rot': 0.00676}
  t=  10.63  cb_failure         L17-CB3 {'rot': 0.02236}
  t=  10.63  cb_failure         L18-CB3 {'rot': 0.02179}
  t=  10.63  cb_failure         L19-CB3 {'rot': 0.02112}
  t=  10.63  cb_yield           L24-CB2 {'rot': 0.00992}
  t=  10.63  cb_yield           L25-CB2 {'rot': 0.00874}
  t=  10.63  cb_yield           L26-CB2 {'rot': 0.00759}
  t=  10.63  cb_yield           L30-CB3 {'rot': 0.00915}
  t=  10.63  cb_yield           L31-CB3 {'rot': 0.00839}
  t=  10.63  cb_yield           L32-CB3 {'rot': 0.00782}
  t=  10.63  cb_yield           L33-CB3 {'rot': 0.00731}
  t=  10.75  cb_failure         L20-CB3 {'rot': 0.0245}
  t=  10.75  cb_failure         L21-CB3 {'rot': 0.02407}
  t=  10.75  cb_failure         L22-CB3 {'rot': 0.02343}
  t=  10.75  cb_failure         L23-CB3 {'rot': 0.02257}
  t=  10.75  cb_failure         L24-CB3 {'rot': 0.02149}
  t=  10.75  cb_yield           L27-CB2 {'rot': 0.00916}
  t=  10.75  cb_yield           L28-CB2 {'rot': 0.00781}
  t=  10.75  cb_yield           L29-CB2 {'rot': 0.00654}
  t=  10.88  cb_failure         L25-CB3 {'rot': 0.02379}
  t=  10.88  cb_failure         L26-CB3 {'rot': 0.02261}
  t=  10.88  cb_failure         L27-CB3 {'rot': 0.02133}
  t=  10.88  cb_yield           L30-CB2 {'rot': 0.00681}
  t=  10.88  cb_failure         L31-CB3 {'rot': 0.02227}
  t=  11.00  cb_failure         L21-CB1 {'rot': 0.02061}
  t=  11.00  cb_failure         L22-CB1 {'rot': 0.02073}
  t=  11.00  cb_failure         L23-CB1 {'rot': 0.02066}
  t=  11.00  cb_failure         L28-CB3 {'rot': 0.02335}
  t=  11.00  cb_failure         L29-CB3 {'rot': 0.02225}
  t=  11.00  cb_failure         L30-CB1 {'rot': 0.02179}
  t=  11.00  cb_failure         L30-CB3 {'rot': 0.02107}
  t=  11.00  cb_yield           L31-CB2 {'rot': 0.00668}
  t=  11.00  cb_failure         L33-CB3 {'rot': 0.02285}
  t=  11.13  cb_yield           L32-CB2 {'rot': 0.00772}
  t=  11.13  cb_failure         L32-CB3 {'rot': 0.02158}
  t=  11.13  cb_yield           L33-CB2 {'rot': 0.00737}
  t=  11.63  cb_failure         L6-CB2 {'rot': 0.02017}
  t=  11.63  cb_failure         L7-CB2 {'rot': 0.02035}
  t=  11.75  cb_failure         L10-CB1 {'rot': 0.02064}
  t=  11.75  cb_failure         L10-CB2 {'rot': 0.01997}
  t=  12.25  cb_yield           L30-CB0 {'rot': 0.00668}
  t=  12.38  cb_failure         L24-CB1 {'rot': 0.02188}
  t=  12.38  cb_failure         L25-CB1 {'rot': 0.0219}
  t=  12.38  cb_failure         L26-CB1 {'rot': 0.02171}
  t=  12.38  cb_failure         L27-CB1 {'rot': 0.02133}
  t=  12.38  cb_failure         L28-CB1 {'rot': 0.02087}
  t=  12.38  cb_yield           L31-CB0 {'rot': 0.00665}
  t=  12.50  cb_failure         L20-CB1 {'rot': 0.02111}
  t=  12.50  cb_failure         L29-CB1 {'rot': 0.02119}
  t=  12.50  cb_yield           L32-CB0 {'rot': 0.0067}
  t=  12.63  cb_failure         L4-CB2 {'rot': 0.02054}
  t=  12.63  cb_failure         L5-CB2 {'rot': 0.02116}
  t=  12.63  cb_yield           L33-CB0 {'rot': 0.00711}
  t=  12.75  cb_failure         L3-CB2 {'rot': 0.02313}
  t=  12.75  cb_failure         L3-CB3 {'rot': 0.02284}
  t=  12.88  cb_failure         L2-CB2 {'rot': 0.02048}
  t=  12.88  cb_failure         L2-CB3 {'rot': 0.02114}
  t=  13.00  cb_failure         L11-CB2 {'rot': 0.02241}
  t=  13.00  cb_failure         L12-CB2 {'rot': 0.02043}
  t=  13.13  cb_failure         L13-CB2 {'rot': 0.02313}
  t=  13.13  cb_failure         L14-CB2 {'rot': 0.02161}
  t=  13.13  cb_failure         L15-CB2 {'rot': 0.01994}
  t= 13.200  solver fallback: Newton
  t= 13.225  solver fallback: Newton
  t=  13.25  cb_failure         L16-CB2 {'rot': 0.02264}
  t=  13.25  cb_failure         L17-CB2 {'rot': 0.02084}
  t=  13.38  cb_failure         L18-CB2 {'rot': 0.02738}
  t=  13.38  cb_failure         L19-CB2 {'rot': 0.02609}
  t=  13.38  cb_failure         L20-CB2 {'rot': 0.02428}
  t=  13.38  cb_failure         L21-CB2 {'rot': 0.02186}
  t=  13.50  cb_failure         L14-CB0 {'rot': 0.02105}
  t=  13.50  cb_failure         L15-CB1 {'rot': 0.02075}
  t=  13.50  cb_failure         L16-CB1 {'rot': 0.02209}
  t=  13.50  cb_failure         L17-CB1 {'rot': 0.02311}
  t=  13.50  cb_failure         L18-CB0 {'rot': 0.02092}
  t=  13.50  cb_failure         L18-CB1 {'rot': 0.02357}
  t=  13.50  cb_failure         L19-CB0 {'rot': 0.02087}
  t=  13.50  cb_failure         L19-CB1 {'rot': 0.02352}
  t=  13.50  cb_failure         L22-CB2 {'rot': 0.02784}
  t=  13.50  cb_failure         L23-CB2 {'rot': 0.02467}
  t=  13.50  cb_failure         L24-CB2 {'rot': 0.02105}
  t=  13.50  cb_failure         L25-CB2 {'rot': 0.02281}
  t=  13.63  cb_failure         L16-CB0 {'rot': 0.02016}
  t=  13.63  cb_failure         L17-CB0 {'rot': 0.0224}
  t=  13.63  cb_failure         L20-CB0 {'rot': 0.02523}
  t=  13.63  cb_failure         L21-CB0 {'rot': 0.02509}
  t=  13.63  cb_failure         L22-CB0 {'rot': 0.0242}
  t=  13.63  cb_failure         L23-CB0 {'rot': 0.02238}
  t=  13.75  cb_failure         L24-CB0 {'rot': 0.02313}
  t=  13.75  cb_failure         L25-CB0 {'rot': 0.02105}
  t=  13.75  cb_failure         L26-CB2 {'rot': 0.02408}
  t=  13.75  cb_failure         L27-CB2 {'rot': 0.02063}
  t=  14.25  cb_failure         L5-CB0 {'rot': 0.02058}
  t=  14.25  cb_failure         L6-CB0 {'rot': 0.02065}
  t=  14.25  cb_failure         L7-CB0 {'rot': 0.02012}
  t=  14.38  cb_failure         L3-CB0 {'rot': 0.0206}
  t=  14.38  cb_failure         L4-CB0 {'rot': 0.02308}
  t=  14.38  cb_failure         L8-CB0 {'rot': 0.0241}
  t=  14.38  cb_failure         L9-CB0 {'rot': 0.023}
  t=  14.38  cb_failure         L10-CB0 {'rot': 0.02168}
  t=  14.38  cb_failure         L11-CB0 {'rot': 0.02027}
  t=  14.50  cb_failure         L12-CB0 {'rot': 0.02284}
  t=  14.50  cb_failure         L13-CB0 {'rot': 0.02068}
  t=  14.50  cb_failure         L31-CB1 {'rot': 0.02147}
  t=  14.50  cb_failure         L32-CB1 {'rot': 0.0207}
  t=  14.63  cb_failure         L11-CB1 {'rot': 0.02008}
  t=  15.50  wall_axial_failure S1-F {'gamma': 0.00064, 'eps': -0.00711, 'cause': 'crushing'}
  t=  15.50  cb_failure         L1-CB3 {'rot': 0.02176}
  t=  15.63  cb_failure         L1-CB1 {'rot': 0.05364}
  t=  15.63  cb_failure         L2-CB1 {'rot': 0.05812}
  t=  15.63  cb_failure         L3-CB1 {'rot': 0.0606}
  t=  15.63  cb_failure         L12-CB1 {'rot': 0.0469}
  t=  15.63  cb_failure         L13-CB1 {'rot': 0.04441}
  t=  15.63  cb_failure         L14-CB1 {'rot': 0.04214}
  t=  15.63  cb_failure         L33-CB1 {'rot': 0.03559}
