  t=   4.05  cb_yield           L5-CB0 {'rot': 0.00504}
  t=   4.05  cb_yield           L5-CB1 {'rot': 0.00493}
  t=   4.05  cb_yield           L6-CB0 {'rot': 0.00517}
  t=   4.05  cb_yield           L6-CB1 {'rot': 0.00505}
  t=   4.05  cb_yield           L7-CB0 {'rot': 0.00519}
  t=   4.05  cb_yield           L7-CB1 {'rot': 0.00505}
  t=   4.05  cb_yield           L8-CB0 {'rot': 0.00511}
  t=   4.05  cb_yield           L8-CB1 {'rot': 0.00496}
  t=   4.05  cb_yield           L9-CB0 {'rot': 0.00497}
  t=   4.10  cb_yield           L4-CB0 {'rot': 0.00523}
  t=   4.10  cb_yield           L4-CB1 {'rot': 0.00511}
  t=   4.10  cb_yield           L9-CB1 {'rot': 0.00509}
  t=   4.10  cb_yield           L10-CB0 {'rot': 0.00504}
  t=   4.15  cb_yield           L3-CB0 {'rot': 0.00505}
  t=   4.15  cb_yield           L3-CB1 {'rot': 0.00492}
  t=   4.15  cb_yield           L5-CB2 {'rot': 0.00496}
  t=   4.15  cb_yield           L6-CB2 {'rot': 0.00495}
  t=   4.15  cb_yield           L10-CB1 {'rot': 0.00496}
  t=   4.20  cb_yield           L4-CB2 {'rot': 0.00499}
  t=   4.20  cb_yield           L5-CB3 {'rot': 0.00502}
  t=   4.20  cb_yield           L6-CB3 {'rot': 0.00498}
  t=   4.20  cb_yield           L7-CB2 {'rot': 0.00496}
  t=   4.20  cb_yield           L11-CB0 {'rot': 0.00495}
  t=   4.25  cb_yield           L4-CB3 {'rot': 0.00492}
  t=   8.35  cb_yield           L12-CB3 {'rot': 0.00494}
  t=   8.35  cb_yield           L13-CB3 {'rot': 0.005}
  t=   8.35  cb_yield           L14-CB3 {'rot': 0.00505}
  t=   8.35  cb_yield           L15-CB3 {'rot': 0.0051}
  t=   8.35  cb_yield           L16-CB3 {'rot': 0.00515}
  t=   8.40  cb_yield           L7-CB3 {'rot': 0.00504}
  t=   8.40  cb_yield           L8-CB3 {'rot': 0.00519}
  t=   8.40  cb_yield           L9-CB3 {'rot': 0.00529}
  t=   8.40  cb_yield           L10-CB3 {'rot': 0.00536}
  t=   8.40  cb_yield           L11-CB3 {'rot': 0.0054}
  t=   8.40  cb_yield           L17-CB3 {'rot': 0.00555}
  t=   8.40  cb_yield           L18-CB3 {'rot': 0.00557}
  t=   8.40  cb_yield           L19-CB3 {'rot': 0.00557}
  t=   8.40  cb_yield           L20-CB3 {'rot': 0.00555}
  t=   8.40  cb_yield           L21-CB3 {'rot': 0.00551}
  t=   8.40  cb_yield           L22-CB3 {'rot': 0.00544}
  t=   8.45  cb_yield           L10-CB2 {'rot': 0.00491}
  t=   8.45  cb_yield           L23-CB3 {'rot': 0.00575}
  t=   8.45  cb_yield           L24-CB3 {'rot': 0.00561}
  t=   8.50  cb_yield           L8-CB2 {'rot': 0.00516}
  t=   8.50  cb_yield           L9-CB2 {'rot': 0.00529}
  t=   8.50  cb_yield           L11-CB2 {'rot': 0.00542}
  t=   8.50  cb_yield           L12-CB2 {'rot': 0.00544}
  t=   8.50  cb_yield           L13-CB2 {'rot': 0.00542}
  t=   8.50  cb_yield           L14-CB2 {'rot': 0.00537}
  t=   8.50  cb_yield           L15-CB2 {'rot': 0.0053}
  t=   8.50  cb_yield           L16-CB2 {'rot': 0.00523}
  t=   8.50  cb_yield           L25-CB3 {'rot': 0.0058}
  t=   8.50  cb_yield           L26-CB3 {'rot': 0.00557}
  t=   8.55  cb_yield           L17-CB2 {'rot': 0.00574}
  t=   8.55  cb_yield           L18-CB2 {'rot': 0.0056}
  t=   8.55  cb_yield           L19-CB2 {'rot': 0.00546}
  t=   8.55  cb_yield           L27-CB3 {'rot': 0.00549}
  t=   8.60  cb_yield           L20-CB2 {'rot': 0.00581}
  t=   8.60  cb_yield           L21-CB2 {'rot': 0.00558}
  t=   8.65  cb_yield           L11-CB1 {'rot': 0.00513}
  t=   8.65  cb_yield           L12-CB1 {'rot': 0.00512}
  t=   8.65  cb_yield           L13-CB1 {'rot': 0.00507}
  t=   8.65  cb_yield           L14-CB1 {'rot': 0.00497}
  t=   8.65  cb_yield           L22-CB2 {'rot': 0.00568}
  t=   8.70  cb_yield           L15-CB1 {'rot': 0.00511}
  t=   8.70  cb_yield           L16-CB1 {'rot': 0.00492}
  t=   8.70  cb_yield           L23-CB2 {'rot': 0.00554}
  t=   9.00  cb_yield           L28-CB3 {'rot': 0.00544}
  progress t=  10.0s  max corner drift so far=0.0029  wall clock=216s
  t=  10.30  cb_yield           L2-CB2 {'rot': 0.00527}
  t=  10.30  cb_yield           L2-CB3 {'rot': 0.00523}
  t=  10.30  cb_yield           L3-CB2 {'rot': 0.00589}
  t=  10.30  cb_yield           L3-CB3 {'rot': 0.00583}
  t=  10.35  cb_yield           L18-CB1 {'rot': 0.00551}
  t=  10.35  cb_yield           L19-CB1 {'rot': 0.0056}
  t=  10.35  cb_yield           L20-CB1 {'rot': 0.00565}
  t=  10.35  cb_yield           L21-CB1 {'rot': 0.00569}
  t=  10.35  cb_yield           L22-CB1 {'rot': 0.0057}
  t=  10.35  cb_yield           L23-CB1 {'rot': 0.00569}
  t=  10.35  cb_yield           L24-CB1 {'rot': 0.00567}
  t=  10.35  cb_yield           L25-CB1 {'rot': 0.00564}
  t=  10.35  cb_yield           L26-CB1 {'rot': 0.00558}
  t=  10.35  cb_yield           L27-CB1 {'rot': 0.00551}
  t=  10.40  cb_yield           L17-CB1 {'rot': 0.00556}
  t=  10.40  cb_yield           L21-CB0 {'rot': 0.00549}
  t=  10.40  cb_yield           L22-CB0 {'rot': 0.00553}
  t=  10.40  cb_yield           L23-CB0 {'rot': 0.00553}
  t=  10.40  cb_yield           L24-CB0 {'rot': 0.0055}
  t=  10.40  cb_yield           L28-CB1 {'rot': 0.00637}
  t=  10.40  cb_yield           L29-CB1 {'rot': 0.0062}
  t=  10.40  cb_yield           L30-CB1 {'rot': 0.00598}
  t=  10.40  cb_yield           L31-CB1 {'rot': 0.00574}
  t=  10.40  cb_yield           L32-CB1 {'rot': 0.00553}
  t=  10.45  cb_yield           L1-CB2 {'rot': 0.00492}
  t=  10.45  cb_yield           L1-CB3 {'rot': 0.00493}
  t=  10.45  cb_yield           L19-CB0 {'rot': 0.0055}
  t=  10.45  cb_yield           L20-CB0 {'rot': 0.00585}
  t=  10.45  cb_yield           L25-CB0 {'rot': 0.00618}
  t=  10.45  cb_yield           L26-CB0 {'rot': 0.00602}
  t=  10.45  cb_yield           L27-CB0 {'rot': 0.0058}
  t=  10.45  cb_yield           L28-CB0 {'rot': 0.00555}
  t=  10.45  cb_yield           L33-CB1 {'rot': 0.00595}
  t=  10.50  cb_yield           L29-CB0 {'rot': 0.0056}
  t=  10.55  cb_yield           L2-CB0 {'rot': 0.00553}
  t=  10.55  cb_yield           L2-CB1 {'rot': 0.00523}
  t=  10.65  cb_yield           L1-CB0 {'rot': 0.00538}
  t=  10.65  cb_yield           L1-CB1 {'rot': 0.00497}
  t=  10.65  cb_yield           L30-CB0 {'rot': 0.00551}
  t=  10.80  cb_yield           L12-CB0 {'rot': 0.00508}
  t=  10.85  cb_yield           L13-CB0 {'rot': 0.00494}
  t=  10.90  cb_yield           L14-CB0 {'rot': 0.00506}
  t=  10.95  cb_yield           L15-CB0 {'rot': 0.00545}
  t=  11.00  cb_yield           L16-CB0 {'rot': 0.00603}
  t=  11.05  cb_yield           L17-CB0 {'rot': 0.00679}
  t=  11.05  cb_yield           L18-CB0 {'rot': 0.0062}
  t=  11.35  cb_failure         L14-CB1 {'rot': 0.01931}
  t=  11.35  cb_failure         L15-CB1 {'rot': 0.01962}
  t=  11.35  cb_failure         L16-CB1 {'rot': 0.01975}
  t=  11.35  cb_failure         L17-CB1 {'rot': 0.01966}
  t=  11.40  cb_failure         L12-CB1 {'rot': 0.01903}
  t=  11.40  cb_failure         L13-CB1 {'rot': 0.01979}
  t=  11.40  cb_failure         L15-CB0 {'rot': 0.01892}
  t=  11.40  cb_failure         L16-CB0 {'rot': 0.01901}
  t=  11.40  cb_failure         L18-CB1 {'rot': 0.02033}
  t=  11.40  cb_failure         L19-CB1 {'rot': 0.01977}
  t=  11.40  cb_yield           L24-CB2 {'rot': 0.00556}
  t=  11.45  cb_failure         L13-CB0 {'rot': 0.01892}
  t=  11.45  cb_failure         L14-CB0 {'rot': 0.01944}
  t=  11.45  cb_failure         L17-CB0 {'rot': 0.01972}
  t=  11.45  cb_failure         L18-CB0 {'rot': 0.01944}
  t=  12.75  cb_yield           L29-CB3 {'rot': 0.00548}
  t=  12.80  cb_yield           L30-CB3 {'rot': 0.00547}
  t=  13.95  cb_yield           L31-CB3 {'rot': 0.00554}
  t=  14.00  cb_yield           L25-CB2 {'rot': 0.00597}
  t=  14.00  cb_yield           L26-CB2 {'rot': 0.00589}
  t=  14.00  cb_yield           L27-CB2 {'rot': 0.00571}
  t=  14.00  cb_yield           L28-CB2 {'rot': 0.00547}
  t=  14.00  cb_yield           L32-CB3 {'rot': 0.00639}
  t=  14.00  cb_yield           L33-CB3 {'rot': 0.00614}
  t=  14.05  cb_yield           L29-CB2 {'rot': 0.00589}
  t=  14.10  cb_yield           L30-CB2 {'rot': 0.00563}
  t=  17.10  cb_failure         L8-CB0 {'rot': 0.01902}
  t=  17.10  cb_failure         L9-CB0 {'rot': 0.01918}
  t=  17.10  cb_failure         L10-CB0 {'rot': 0.01912}
  t=  17.10  cb_failure         L11-CB0 {'rot': 0.01892}
  t=  17.15  cb_failure         L7-CB0 {'rot': 0.01948}
  t=  17.15  cb_failure         L7-CB1 {'rot': 0.01934}
  t=  17.15  cb_failure         L8-CB1 {'rot': 0.01978}
  t=  17.15  cb_failure         L9-CB1 {'rot': 0.01994}
  t=  17.15  cb_failure         L10-CB1 {'rot': 0.01989}
  t=  17.15  cb_failure         L11-CB1 {'rot': 0.01963}
  t=  17.15  cb_failure         L12-CB0 {'rot': 0.01946}
  t=  17.20  cb_failure         L6-CB0 {'rot': 0.01959}
  t=  17.20  cb_failure         L6-CB1 {'rot': 0.01949}
  t=  17.25  cb_failure         L5-CB0 {'rot': 0.01906}
  t=  17.25  cb_failure         L5-CB1 {'rot': 0.01895}
  t=  17.65  cb_failure         L19-CB0 {'rot': 0.01946}
  t=  17.80  cb_failure         L20-CB0 {'rot': 0.01948}
  t=  19.45  cb_failure         L7-CB3 {'rot': 0.01893}
  t=  19.50  cb_failure         L5-CB3 {'rot': 0.01945}
  t=  19.50  cb_failure         L6-CB2 {'rot': 0.01895}
  t=  19.50  cb_failure         L6-CB3 {'rot': 0.02031}
  t=  19.50  cb_failure         L7-CB2 {'rot': 0.0191}
  t=  19.50  cb_failure         L8-CB3 {'rot': 0.02063}
  t=  19.50  cb_failure         L9-CB3 {'rot': 0.02033}
  t=  19.50  cb_failure         L10-CB3 {'rot': 0.01982}
  t=  19.50  cb_failure         L11-CB3 {'rot': 0.01919}
  t=  19.55  cb_failure         L5-CB2 {'rot': 0.01902}
  t=  19.55  cb_failure         L8-CB2 {'rot': 0.02051}
  t=  19.55  cb_failure         L9-CB2 {'rot': 0.0202}
  t=  19.55  cb_failure         L10-CB2 {'rot': 0.01959}
  t=  19.55  cb_failure         L12-CB3 {'rot': 0.02037}
  t=  19.55  cb_failure         L13-CB3 {'rot': 0.01943}
  t=  19.60  cb_failure         L4-CB3 {'rot': 0.01892}
  t=  19.60  cb_failure         L11-CB2 {'rot': 0.0204}
  t=  19.60  cb_failure         L12-CB2 {'rot': 0.01945}
  t=  19.60  cb_failure         L14-CB3 {'rot': 0.02008}
  t=  19.65  cb_failure         L13-CB2 {'rot': 0.01951}
  t=  19.65  cb_failure         L15-CB3 {'rot': 0.02026}
  t=  19.70  cb_failure         L14-CB2 {'rot': 0.01893}
  t=  19.70  cb_failure         L16-CB3 {'rot': 0.02001}
  t=  19.80  cb_failure         L4-CB1 {'rot': 0.01922}
  t=  19.80  cb_failure         L17-CB3 {'rot': 0.02005}
  t=  19.85  cb_failure         L3-CB3 {'rot': 0.01905}
  t=  19.90  cb_failure         L3-CB1 {'rot': 0.01892}
  t=  19.90  cb_failure         L18-CB3 {'rot': 0.01959}
  t=  19.95  cb_failure         L4-CB0 {'rot': 0.01909}
  t=  19.95  cb_failure         L19-CB3 {'rot': 0.01949}
  t=  19.95  cb_failure         L20-CB1 {'rot': 0.01994}
  t=  19.95  cb_failure         L24-CB1 {'rot': 0.01973}
  t=  20.00  cb_failure         L4-CB2 {'rot': 0.01897}
  t=  20.00  cb_failure         L20-CB3 {'rot': 0.02006}
  t=  20.00  cb_failure         L21-CB1 {'rot': 0.0215}
  t=  20.00  cb_failure         L21-CB3 {'rot': 0.01949}
  t=  20.00  cb_failure         L22-CB1 {'rot': 0.02065}
  t=  20.00  cb_failure         L23-CB1 {'rot': 0.01966}
  t=  20.00  cb_failure         L26-CB1 {'rot': 0.01974}
  progress t=  20.0s  max corner drift so far=0.0075  wall clock=437s
  t= 20.020  solver fallback: Newton
  t=  20.05  cb_failure         L22-CB3 {'rot': 0.02023}
  t=  20.05  cb_failure         L23-CB3 {'rot': 0.01959}
  t=  20.05  cb_failure         L25-CB1 {'rot': 0.01945}
  t=  20.05  cb_failure         L26-CB3 {'rot': 0.01968}
  t=  20.05  cb_failure         L27-CB1 {'rot': 0.01973}
  t=  20.05  cb_failure         L27-CB3 {'rot': 0.01973}
  t=  20.05  cb_failure         L28-CB1 {'rot': 0.01976}
  t=  20.10  cb_failure         L2-CB1 {'rot': 0.01921}
  t=  20.10  cb_failure         L2-CB3 {'rot': 0.01893}
  t=  20.10  cb_failure         L3-CB0 {'rot': 0.01897}
  t=  20.10  cb_failure         L24-CB3 {'rot': 0.02097}
  t=  20.10  cb_failure         L25-CB3 {'rot': 0.02025}
  t=  20.10  cb_failure         L28-CB3 {'rot': 0.01971}
  t=  20.10  cb_failure         L29-CB1 {'rot': 0.01972}
  t=  20.10  cb_failure         L29-CB3 {'rot': 0.01973}
  t=  20.10  cb_failure         L30-CB1 {'rot': 0.01976}
  t=  20.10  cb_failure         L30-CB3 {'rot': 0.01977}
  t=  20.10  cb_failure         L31-CB3 {'rot': 0.01978}
  t=  20.10  cb_failure         L32-CB1 {'rot': 0.01981}
  t=  20.10  cb_failure         L32-CB3 {'rot': 0.01982}
  t=  20.15  cb_failure         L31-CB1 {'rot': 0.02}
  t=  20.15  cb_failure         L33-CB1 {'rot': 0.01976}
  t=  20.15  cb_failure         L33-CB3 {'rot': 0.01979}
  t=  20.20  cb_failure         L1-CB1 {'rot': 0.01922}
  t=  20.25  wall_axial_failure S1-F {'gamma': 0.00084, 'eps': -0.00677, 'cause': 'crushing'}
  t=  20.25  cb_yield           L31-CB0 {'rot': 0.0058}
  t=  20.30  cb_failure         L1-CB3 {'rot': 0.03321}
  t=  20.30  cb_yield           L32-CB0 {'rot': 0.00612}
  t=  20.30  cb_yield           L33-CB0 {'rot': 0.00585}
  t=  20.35  cb_failure         L23-CB0 {'rot': 0.01961}
  t=  20.40  cb_failure         L24-CB0 {'rot': 0.01978}
  t=  20.45  cb_failure         L21-CB0 {'rot': 0.01967}
  t=  20.45  cb_failure         L25-CB0 {'rot': 0.01968}
  t= 20.470  solver fallback: Newton
  t=  20.50  cb_failure         L22-CB0 {'rot': 0.01996}
  t=  20.55  cb_failure         L17-CB2 {'rot': 0.01952}
  t=  20.60  cb_failure         L15-CB2 {'rot': 0.01927}
  t=  20.60  cb_failure         L18-CB2 {'rot': 0.01964}
  t=  20.60  cb_failure         L19-CB2 {'rot': 0.0196}
  t=  20.65  cb_failure         L16-CB2 {'rot': 0.0198}
  t=  20.70  cb_failure         L20-CB2 {'rot': 0.01971}
  t=  20.75  cb_failure         L21-CB2 {'rot': 0.01974}
  t=  20.75  cb_failure         L26-CB0 {'rot': 0.01963}
