  t=   4.25  cb_yield           L5-CB0 {'rot': 0.00619}
  t=   4.25  cb_yield           L6-CB0 {'rot': 0.00628}
  t=   4.25  cb_yield           L7-CB0 {'rot': 0.0062}
  t=   8.50  cb_yield           L11-CB3 {'rot': 0.00615}
  t=   8.50  cb_yield           L12-CB3 {'rot': 0.00623}
  t=   8.50  cb_yield           L13-CB3 {'rot': 0.00627}
  t=   8.50  cb_yield           L14-CB3 {'rot': 0.00628}
  t=   8.50  cb_yield           L15-CB3 {'rot': 0.00627}
  t=   8.50  cb_yield           L16-CB3 {'rot': 0.00625}
  t=   8.63  cb_yield           L8-CB3 {'rot': 0.00619}
  t=   8.63  cb_yield           L9-CB3 {'rot': 0.00653}
  t=   8.63  cb_yield           L10-CB3 {'rot': 0.00683}
  t=   8.63  cb_yield           L12-CB2 {'rot': 0.00624}
  t=   8.63  cb_yield           L13-CB2 {'rot': 0.00635}
  t=   8.63  cb_yield           L14-CB2 {'rot': 0.00642}
  t=   8.63  cb_yield           L15-CB2 {'rot': 0.00644}
  t=   8.63  cb_yield           L16-CB2 {'rot': 0.00643}
  t=   8.63  cb_yield           L17-CB3 {'rot': 0.00775}
  t=   8.63  cb_yield           L18-CB3 {'rot': 0.00768}
  t=   8.63  cb_yield           L19-CB3 {'rot': 0.00755}
  t=   8.63  cb_yield           L20-CB3 {'rot': 0.00738}
  t=   8.63  cb_yield           L21-CB3 {'rot': 0.00717}
  t=   8.63  cb_yield           L22-CB3 {'rot': 0.00692}
  t=   8.63  cb_yield           L23-CB3 {'rot': 0.00664}
  t=   8.75  cb_yield           L7-CB3 {'rot': 0.00613}
  t=   8.75  cb_yield           L9-CB2 {'rot': 0.00625}
  t=   8.75  cb_yield           L10-CB2 {'rot': 0.00651}
  t=   8.75  cb_yield           L11-CB2 {'rot': 0.00674}
  t=   8.75  cb_yield           L17-CB2 {'rot': 0.00729}
  t=   8.75  cb_yield           L18-CB2 {'rot': 0.00717}
  t=   8.75  cb_yield           L19-CB2 {'rot': 0.00697}
  t=   8.75  cb_yield           L20-CB2 {'rot': 0.00671}
  t=   8.75  cb_yield           L24-CB3 {'rot': 0.00662}
  progress t=  10.0s  max corner drift so far=0.0029  wall clock=104s
  t=  10.38  cb_yield           L2-CB2 {'rot': 0.00648}
  t=  10.38  cb_yield           L2-CB3 {'rot': 0.0065}
  t=  10.38  cb_yield           L3-CB2 {'rot': 0.00741}
  t=  10.38  cb_yield           L3-CB3 {'rot': 0.00742}
  t=  10.38  cb_yield           L4-CB2 {'rot': 0.00774}
  t=  10.38  cb_yield           L4-CB3 {'rot': 0.00773}
  t=  10.38  cb_yield           L5-CB2 {'rot': 0.00756}
  t=  10.38  cb_yield           L5-CB3 {'rot': 0.00755}
  t=  10.38  cb_yield           L6-CB2 {'rot': 0.00708}
  t=  10.38  cb_yield           L6-CB3 {'rot': 0.00703}
  t=  10.38  cb_yield           L7-CB2 {'rot': 0.00639}
  t=  10.50  cb_yield           L8-CB2 {'rot': 0.00823}
  t=  10.50  cb_yield           L20-CB1 {'rot': 0.00678}
  t=  10.50  cb_yield           L21-CB1 {'rot': 0.00725}
  t=  10.50  cb_yield           L22-CB1 {'rot': 0.00759}
  t=  10.50  cb_yield           L23-CB0 {'rot': 0.00669}
  t=  10.50  cb_yield           L23-CB1 {'rot': 0.00778}
  t=  10.50  cb_yield           L24-CB0 {'rot': 0.0067}
  t=  10.50  cb_yield           L24-CB1 {'rot': 0.00784}
  t=  10.50  cb_yield           L25-CB0 {'rot': 0.0066}
  t=  10.50  cb_yield           L25-CB1 {'rot': 0.00778}
  t=  10.50  cb_yield           L26-CB1 {'rot': 0.00763}
  t=  10.50  cb_yield           L27-CB1 {'rot': 0.0074}
  t=  10.50  cb_yield           L28-CB1 {'rot': 0.00713}
  t=  10.50  cb_yield           L29-CB1 {'rot': 0.00681}
  t=  10.63  cb_yield           L2-CB0 {'rot': 0.00654}
  t=  10.63  cb_yield           L2-CB1 {'rot': 0.0064}
  t=  10.63  cb_yield           L3-CB0 {'rot': 0.0074}
  t=  10.63  cb_yield           L3-CB1 {'rot': 0.00737}
  t=  10.63  cb_yield           L4-CB0 {'rot': 0.00778}
  t=  10.63  cb_yield           L4-CB1 {'rot': 0.0078}
  t=  10.63  cb_yield           L5-CB1 {'rot': 0.00776}
  t=  10.63  cb_yield           L6-CB1 {'rot': 0.0074}
  t=  10.63  cb_yield           L7-CB1 {'rot': 0.00683}
  t=  10.63  cb_yield           L8-CB1 {'rot': 0.00614}
  t=  10.75  cb_yield           L1-CB0 {'rot': 0.00619}
  t=  10.75  cb_yield           L1-CB2 {'rot': 0.00635}
  t=  10.75  cb_yield           L1-CB3 {'rot': 0.00638}
  t=  10.75  cb_yield           L8-CB0 {'rot': 0.00804}
  t=  10.75  cb_yield           L9-CB0 {'rot': 0.00701}
  t=  10.75  cb_yield           L9-CB1 {'rot': 0.00724}
  t=  10.75  cb_yield           L10-CB1 {'rot': 0.0062}
  t=  10.88  cb_yield           L1-CB1 {'rot': 0.00623}
  t=  10.88  cb_yield           L10-CB0 {'rot': 0.00784}
  t=  10.88  cb_yield           L11-CB0 {'rot': 0.00687}
  t=  10.88  cb_yield           L11-CB1 {'rot': 0.00697}
  t=  11.00  cb_yield           L12-CB0 {'rot': 0.00883}
  t=  11.00  cb_yield           L12-CB1 {'rot': 0.0087}
  t=  11.00  cb_yield           L13-CB0 {'rot': 0.00808}
  t=  11.00  cb_yield           L13-CB1 {'rot': 0.00796}
  t=  11.00  cb_yield           L14-CB0 {'rot': 0.00731}
  t=  11.00  cb_yield           L14-CB1 {'rot': 0.00721}
  t=  11.00  cb_yield           L15-CB0 {'rot': 0.00664}
  t=  11.00  cb_yield           L15-CB1 {'rot': 0.00654}
  t=  11.13  cb_yield           L16-CB0 {'rot': 0.0099}
  t=  11.13  cb_yield           L16-CB1 {'rot': 0.01005}
  t=  11.13  cb_yield           L17-CB0 {'rot': 0.00954}
  t=  11.13  cb_yield           L17-CB1 {'rot': 0.00968}
  t=  11.13  cb_yield           L18-CB0 {'rot': 0.0092}
  t=  11.13  cb_yield           L18-CB1 {'rot': 0.00933}
  t=  11.13  cb_yield           L19-CB0 {'rot': 0.00888}
  t=  11.13  cb_yield           L19-CB1 {'rot': 0.009}
  t=  11.13  cb_yield           L20-CB0 {'rot': 0.0086}
  t=  11.13  cb_yield           L21-CB0 {'rot': 0.00833}
  t=  11.13  cb_yield           L22-CB0 {'rot': 0.00805}
  t=  11.25  cb_yield           L26-CB0 {'rot': 0.00764}
  t=  11.38  cb_yield           L21-CB2 {'rot': 0.00728}
  t=  11.63  cb_yield           L27-CB0 {'rot': 0.0067}
  t=  12.75  cb_yield           L25-CB3 {'rot': 0.0067}
  t=  12.88  cb_yield           L26-CB3 {'rot': 0.00748}
  t=  12.88  cb_yield           L27-CB3 {'rot': 0.00712}
  t=  12.88  cb_yield           L28-CB3 {'rot': 0.00673}
  t=  14.13  cb_yield           L22-CB2 {'rot': 0.0076}
  t=  14.13  cb_yield           L23-CB2 {'rot': 0.00728}
  t=  14.13  cb_yield           L24-CB2 {'rot': 0.00692}
  t=  14.13  cb_yield           L29-CB3 {'rot': 0.00704}
  t=  14.13  cb_yield           L30-CB3 {'rot': 0.0066}
  t=  14.25  cb_yield           L25-CB2 {'rot': 0.00664}
  t=  15.38  cb_yield           L30-CB1 {'rot': 0.00703}
  t=  15.38  cb_yield           L31-CB1 {'rot': 0.0066}
  t=  19.25  cb_yield           L31-CB3 {'rot': 0.00689}
  t=  19.25  cb_yield           L32-CB3 {'rot': 0.00663}
  t=  20.00  cb_yield           L26-CB2 {'rot': 0.00682}
  progress t=  20.0s  max corner drift so far=0.0066  wall clock=221s
  t=  20.12  cb_yield           L28-CB0 {'rot': 0.00672}
  t=  20.12  cb_yield           L32-CB1 {'rot': 0.0077}
  t=  20.75  cb_yield           L29-CB0 {'rot': 0.00666}
  t=  20.75  cb_yield           L33-CB1 {'rot': 0.00676}
  t=  20.87  cb_yield           L30-CB0 {'rot': 0.00824}
  t=  20.87  cb_yield           L31-CB0 {'rot': 0.00748}
  t=  20.87  cb_yield           L32-CB0 {'rot': 0.00693}
  t=  20.87  cb_yield           L33-CB0 {'rot': 0.00669}
  t=  25.50  cb_yield           L27-CB2 {'rot': 0.00768}
  t=  25.50  cb_yield           L28-CB2 {'rot': 0.00693}
  t=  25.62  cb_yield           L29-CB2 {'rot': 0.00702}
  t=  25.62  cb_yield           L33-CB3 {'rot': 0.00753}
  t=  26.12  cb_failure         L7-CB1 {'rot': 0.03107}
  t=  26.12  cb_failure         L7-CB3 {'rot': 0.03069}
  t=  26.12  cb_failure         L8-CB1 {'rot': 0.03159}
  t=  26.12  cb_failure         L8-CB3 {'rot': 0.03098}
  t=  26.12  cb_failure         L9-CB1 {'rot': 0.03148}
  t=  26.12  cb_failure         L9-CB3 {'rot': 0.03064}
  t=  26.12  cb_failure         L10-CB1 {'rot': 0.03094}
  t=  26.25  cb_failure         L6-CB1 {'rot': 0.03107}
  t=  26.25  cb_failure         L10-CB3 {'rot': 0.0303}
  t=  26.25  cb_failure         L11-CB1 {'rot': 0.03153}
  t=  26.25  cb_failure         L12-CB1 {'rot': 0.03041}
  progress t=  30.0s  max corner drift so far=0.0111  wall clock=344s
  t=  32.87  cb_yield           L30-CB2 {'rot': 0.00778}
  t=  33.00  cb_yield           L31-CB2 {'rot': 0.00717}
  t=  39.50  cb_yield           L32-CB2 {'rot': 0.00689}
  t=  39.50  cb_yield           L33-CB2 {'rot': 0.00674}
  t=  40.00  cb_failure         L6-CB3 {'rot': 0.03011}
  t=  40.00  cb_failure         L11-CB3 {'rot': 0.03186}
  t=  40.00  cb_failure         L12-CB3 {'rot': 0.03136}
  t=  40.00  cb_failure         L13-CB3 {'rot': 0.03065}
  progress t=  40.0s  max corner drift so far=0.0111  wall clock=460s
  t=  40.12  cb_failure         L8-CB2 {'rot': 0.03053}
  t=  40.12  cb_failure         L9-CB2 {'rot': 0.03077}
  t=  40.12  cb_failure         L10-CB2 {'rot': 0.03066}
  t=  40.12  cb_failure         L11-CB2 {'rot': 0.03027}
  t=  40.12  cb_failure         L14-CB3 {'rot': 0.03197}
  t=  40.12  cb_failure         L15-CB3 {'rot': 0.03073}
  t=  40.25  cb_failure         L7-CB2 {'rot': 0.03041}
  t=  40.25  cb_failure         L12-CB2 {'rot': 0.03112}
  t=  40.25  cb_failure         L13-CB2 {'rot': 0.03029}
  t=  40.25  cb_failure         L16-CB3 {'rot': 0.0308}
  t=  40.37  cb_failure         L5-CB3 {'rot': 0.03026}
  t=  40.50  cb_failure         L6-CB2 {'rot': 0.03055}
  t=  40.50  cb_failure         L13-CB1 {'rot': 0.03017}
  t=  48.37  cb_failure         L5-CB1 {'rot': 0.03086}
  t=  48.37  cb_failure         L6-CB0 {'rot': 0.03019}
  t=  48.37  cb_failure         L7-CB0 {'rot': 0.03124}
  t=  48.37  cb_failure         L8-CB0 {'rot': 0.03163}
  t=  48.37  cb_failure         L9-CB0 {'rot': 0.03159}
  t=  48.37  cb_failure         L10-CB0 {'rot': 0.0311}
  t=  48.37  cb_failure         L11-CB0 {'rot': 0.0302}
  t=  48.50  cb_failure         L4-CB1 {'rot': 0.03143}
  t=  48.50  cb_failure         L5-CB0 {'rot': 0.03164}
  t=  48.62  cb_failure         L3-CB1 {'rot': 0.0302}
  t=  48.62  cb_failure         L4-CB0 {'rot': 0.03175}
  t=  48.62  cb_failure         L4-CB3 {'rot': 0.03054}
  t=  48.62  cb_failure         L5-CB2 {'rot': 0.03102}
  t=  48.75  cb_failure         L4-CB2 {'rot': 0.03098}
  t=  49.12  cb_failure         L14-CB1 {'rot': 0.03129}
  t=  49.12  cb_failure         L15-CB1 {'rot': 0.0307}
  t=  49.12  cb_failure         L17-CB3 {'rot': 0.03414}
  t=  49.12  cb_failure         L18-CB3 {'rot': 0.03337}
  t=  49.12  cb_failure         L19-CB3 {'rot': 0.03244}
  t=  49.12  cb_failure         L20-CB3 {'rot': 0.03142}
  t=  49.25  cb_failure         L14-CB2 {'rot': 0.0332}
  t=  49.25  cb_failure         L15-CB2 {'rot': 0.03332}
  t=  49.25  cb_failure         L16-CB1 {'rot': 0.0325}
  t=  49.25  cb_failure         L16-CB2 {'rot': 0.03333}
  t=  49.25  cb_failure         L17-CB1 {'rot': 0.03226}
  t=  49.25  cb_failure         L17-CB2 {'rot': 0.03317}
  t=  49.25  cb_failure         L18-CB1 {'rot': 0.0319}
  t=  49.25  cb_failure         L18-CB2 {'rot': 0.03285}
  t=  49.25  cb_failure         L19-CB1 {'rot': 0.03137}
  t=  49.25  cb_failure         L19-CB2 {'rot': 0.03235}
  t=  49.25  cb_failure         L20-CB1 {'rot': 0.03072}
  t=  49.25  cb_failure         L20-CB2 {'rot': 0.0317}
  t=  49.25  cb_failure         L21-CB2 {'rot': 0.03077}
  t=  49.25  cb_failure         L21-CB3 {'rot': 0.03831}
  t=  49.25  cb_failure         L22-CB3 {'rot': 0.03731}
  t=  49.25  cb_failure         L23-CB3 {'rot': 0.03607}
  t=  49.25  cb_failure         L24-CB3 {'rot': 0.03459}
  t=  49.25  cb_failure         L25-CB3 {'rot': 0.03292}
  t=  49.25  cb_failure         L26-CB3 {'rot': 0.03099}
  t=  49.37  cb_failure         L21-CB1 {'rot': 0.033}
  t=  49.37  cb_failure         L22-CB1 {'rot': 0.03216}
  t=  49.37  cb_failure         L22-CB2 {'rot': 0.03423}
  t=  49.37  cb_failure         L23-CB1 {'rot': 0.03103}
  t=  49.37  cb_failure         L23-CB2 {'rot': 0.03287}
  t=  49.37  cb_failure         L24-CB2 {'rot': 0.0312}
  t=  49.37  cb_failure         L27-CB3 {'rot': 0.03386}
  t=  49.37  cb_failure         L28-CB3 {'rot': 0.03179}
  t=  49.50  cb_failure         L24-CB1 {'rot': 0.03153}
  t=  49.50  cb_failure         L25-CB2 {'rot': 0.03184}
  t=  49.50  cb_failure         L29-CB3 {'rot': 0.03319}
  t=  49.50  cb_failure         L30-CB3 {'rot': 0.03114}
  t=  49.62  cb_failure         L25-CB1 {'rot': 0.03206}
  t=  49.62  cb_failure         L26-CB1 {'rot': 0.03099}
  t=  49.62  cb_failure         L26-CB2 {'rot': 0.03148}
  t=  49.62  cb_failure         L31-CB3 {'rot': 0.0306}
  progress t=  50.0s  max corner drift so far=0.0111  wall clock=586s
  t=  59.75  cb_failure         L27-CB1 {'rot': 0.03199}
  t=  59.87  cb_failure         L28-CB1 {'rot': 0.03264}
  t=  59.87  cb_failure         L29-CB1 {'rot': 0.03076}
  progress t=  60.0s  max corner drift so far=0.0111  wall clock=704s
  t=  60.12  cb_failure         L13-CB0 {'rot': 0.03018}
  t=  60.12  cb_failure         L14-CB0 {'rot': 0.03026}
  t=  60.12  cb_failure         L15-CB0 {'rot': 0.03022}
  t=  60.12  cb_failure         L16-CB0 {'rot': 0.03009}
  t=  60.25  cb_failure         L12-CB0 {'rot': 0.03096}
  progress t=  70.0s  max corner drift so far=0.0111  wall clock=816s
  progress t=  80.0s  max corner drift so far=0.0111  wall clock=926s
  progress t=  90.0s  max corner drift so far=0.0111  wall clock=1033s
  progress t= 100.0s  max corner drift so far=0.0111  wall clock=1140s
