  t=   8.63  cb_yield           L13-CB3 {'rot': 0.00612}
  t=   8.63  cb_yield           L14-CB3 {'rot': 0.00621}
  t=   8.63  cb_yield           L15-CB3 {'rot': 0.00627}
  t=   8.63  cb_yield           L16-CB3 {'rot': 0.00629}
  t=   8.75  cb_yield           L11-CB3 {'rot': 0.00623}
  t=   8.75  cb_yield           L12-CB3 {'rot': 0.00642}
  t=   8.75  cb_yield           L17-CB3 {'rot': 0.00683}
  t=   8.75  cb_yield           L18-CB3 {'rot': 0.00677}
  t=   8.75  cb_yield           L19-CB3 {'rot': 0.00666}
  progress t=  10.0s  max corner drift so far=0.0023  wall clock=106s
  t=  10.50  cb_yield           L3-CB2 {'rot': 0.00655}
  t=  10.50  cb_yield           L3-CB3 {'rot': 0.00642}
  t=  10.50  cb_yield           L4-CB2 {'rot': 0.0071}
  t=  10.50  cb_yield           L4-CB3 {'rot': 0.00693}
  t=  10.50  cb_yield           L5-CB2 {'rot': 0.00731}
  t=  10.50  cb_yield           L5-CB3 {'rot': 0.00709}
  t=  10.50  cb_yield           L6-CB2 {'rot': 0.00726}
  t=  10.50  cb_yield           L6-CB3 {'rot': 0.00701}
  t=  10.50  cb_yield           L7-CB2 {'rot': 0.00702}
  t=  10.50  cb_yield           L7-CB3 {'rot': 0.00674}
  t=  10.50  cb_yield           L8-CB2 {'rot': 0.00665}
  t=  10.50  cb_yield           L8-CB3 {'rot': 0.00633}
  t=  10.50  cb_yield           L9-CB2 {'rot': 0.00618}
  t=  10.63  cb_yield           L2-CB2 {'rot': 0.00637}
  t=  10.63  cb_yield           L2-CB3 {'rot': 0.0063}
  t=  10.63  cb_yield           L4-CB0 {'rot': 0.00614}
  t=  10.63  cb_yield           L4-CB1 {'rot': 0.00627}
  t=  10.63  cb_yield           L5-CB0 {'rot': 0.0061}
  t=  10.63  cb_yield           L5-CB1 {'rot': 0.00629}
  t=  10.63  cb_yield           L9-CB3 {'rot': 0.00654}
  t=  10.63  cb_yield           L10-CB2 {'rot': 0.00637}
  t=  10.75  cb_yield           L2-CB0 {'rot': 0.00645}
  t=  10.75  cb_yield           L2-CB1 {'rot': 0.00628}
  t=  10.75  cb_yield           L3-CB0 {'rot': 0.00749}
  t=  10.75  cb_yield           L3-CB1 {'rot': 0.0073}
  t=  10.75  cb_yield           L6-CB0 {'rot': 0.00782}
  t=  10.75  cb_yield           L6-CB1 {'rot': 0.00776}
  t=  10.75  cb_yield           L7-CB0 {'rot': 0.00731}
  t=  10.75  cb_yield           L7-CB1 {'rot': 0.00731}
  t=  10.75  cb_yield           L8-CB0 {'rot': 0.00667}
  t=  10.75  cb_yield           L8-CB1 {'rot': 0.00668}
  t=  10.75  cb_yield           L10-CB3 {'rot': 0.00619}
  t=  10.88  cb_yield           L9-CB0 {'rot': 0.00728}
  t=  10.88  cb_yield           L9-CB1 {'rot': 0.00704}
  t=  10.88  cb_yield           L10-CB0 {'rot': 0.0066}
  t=  10.88  cb_yield           L10-CB1 {'rot': 0.00639}
  t=  11.00  cb_yield           L11-CB0 {'rot': 0.0076}
  t=  11.00  cb_yield           L11-CB1 {'rot': 0.0074}
  t=  11.00  cb_yield           L12-CB0 {'rot': 0.0072}
  t=  11.00  cb_yield           L12-CB1 {'rot': 0.007}
  t=  11.00  cb_yield           L13-CB0 {'rot': 0.00677}
  t=  11.00  cb_yield           L13-CB1 {'rot': 0.00657}
  t=  11.00  cb_yield           L14-CB0 {'rot': 0.00632}
  t=  11.00  cb_yield           L14-CB1 {'rot': 0.00612}
  t=  11.13  cb_yield           L15-CB0 {'rot': 0.00838}
  t=  11.13  cb_yield           L15-CB1 {'rot': 0.00844}
  t=  11.13  cb_yield           L16-CB0 {'rot': 0.00832}
  t=  11.13  cb_yield           L16-CB1 {'rot': 0.00838}
  t=  11.13  cb_yield           L17-CB0 {'rot': 0.00825}
  t=  11.13  cb_yield           L17-CB1 {'rot': 0.00829}
  t=  11.13  cb_yield           L18-CB0 {'rot': 0.00814}
  t=  11.13  cb_yield           L18-CB1 {'rot': 0.00817}
  t=  11.13  cb_yield           L19-CB0 {'rot': 0.00799}
  t=  11.13  cb_yield           L19-CB1 {'rot': 0.00802}
  t=  11.13  cb_yield           L20-CB0 {'rot': 0.00783}
  t=  11.13  cb_yield           L20-CB1 {'rot': 0.00784}
  t=  11.13  cb_yield           L21-CB0 {'rot': 0.00761}
  t=  11.13  cb_yield           L21-CB1 {'rot': 0.00761}
  t=  11.13  cb_yield           L22-CB0 {'rot': 0.00734}
  t=  11.13  cb_yield           L22-CB1 {'rot': 0.00732}
  t=  11.13  cb_yield           L23-CB0 {'rot': 0.007}
  t=  11.13  cb_yield           L23-CB1 {'rot': 0.00697}
  t=  11.13  cb_yield           L24-CB0 {'rot': 0.0066}
  t=  11.25  cb_yield           L24-CB1 {'rot': 0.00873}
  t=  11.25  cb_yield           L25-CB0 {'rot': 0.00737}
  t=  11.25  cb_yield           L25-CB1 {'rot': 0.00787}
  t=  11.25  cb_yield           L26-CB1 {'rot': 0.00698}
  t=  11.38  cb_yield           L26-CB0 {'rot': 0.0067}
  t=  13.25  cb_yield           L11-CB2 {'rot': 0.00653}
  t=  13.38  cb_yield           L12-CB2 {'rot': 0.00647}
  t=  14.13  cb_yield           L20-CB3 {'rot': 0.00672}
  t=  14.13  cb_yield           L21-CB3 {'rot': 0.00663}
  t=  16.13  cb_yield           L13-CB2 {'rot': 0.00634}
  t=  16.13  cb_yield           L14-CB2 {'rot': 0.00647}
  t=  16.13  cb_yield           L15-CB2 {'rot': 0.00652}
  t=  16.13  cb_yield           L16-CB2 {'rot': 0.00646}
  t=  18.38  cb_yield           L22-CB3 {'rot': 0.00691}
  t=  18.38  cb_yield           L23-CB3 {'rot': 0.00692}
  t=  18.38  cb_yield           L24-CB3 {'rot': 0.00685}
  t=  18.38  cb_yield           L25-CB3 {'rot': 0.00671}
  t=  18.63  cb_yield           L17-CB2 {'rot': 0.00727}
  t=  18.63  cb_yield           L18-CB2 {'rot': 0.00674}
  t=  18.75  cb_yield           L19-CB2 {'rot': 0.00681}
  t=  18.87  cb_yield           L20-CB2 {'rot': 0.00676}
  t=  19.12  cb_yield           L26-CB3 {'rot': 0.00663}
  t=  19.37  cb_yield           L1-CB3 {'rot': 0.00614}
  t=  19.87  cb_yield           L27-CB1 {'rot': 0.0076}
  t=  19.87  cb_yield           L28-CB1 {'rot': 0.00685}
  t=  20.00  cb_yield           L29-CB1 {'rot': 0.00671}
  progress t=  20.0s  max corner drift so far=0.0051  wall clock=220s
  t=  20.75  cb_yield           L27-CB0 {'rot': 0.00712}
  t=  20.75  cb_yield           L28-CB0 {'rot': 0.00662}
  t=  20.75  cb_yield           L30-CB1 {'rot': 0.00683}
  t=  20.87  cb_yield           L29-CB0 {'rot': 0.00746}
  t=  20.87  cb_yield           L30-CB0 {'rot': 0.00682}
  t=  20.87  cb_yield           L31-CB1 {'rot': 0.00739}
  t=  20.87  cb_yield           L32-CB1 {'rot': 0.00704}
  t=  20.87  cb_yield           L33-CB1 {'rot': 0.00687}
  t=  21.00  cb_yield           L31-CB0 {'rot': 0.0075}
  t=  21.00  cb_yield           L32-CB0 {'rot': 0.00712}
  t=  21.00  cb_yield           L33-CB0 {'rot': 0.00692}
  t=  22.25  cb_yield           L1-CB0 {'rot': 0.00692}
  t=  22.25  cb_yield           L1-CB1 {'rot': 0.00719}
  t=  25.00  cb_yield           L21-CB2 {'rot': 0.00784}
  t=  25.00  cb_yield           L22-CB2 {'rot': 0.00671}
  t=  25.12  cb_yield           L23-CB2 {'rot': 0.00715}
  t=  25.25  cb_yield           L24-CB2 {'rot': 0.00801}
  t=  25.25  cb_yield           L25-CB2 {'rot': 0.00708}
  t=  25.25  cb_yield           L27-CB3 {'rot': 0.00842}
  t=  25.25  cb_yield           L28-CB3 {'rot': 0.00759}
  t=  25.25  cb_yield           L29-CB3 {'rot': 0.00678}
  t=  25.37  cb_yield           L26-CB2 {'rot': 0.00802}
  t=  25.37  cb_yield           L27-CB2 {'rot': 0.00717}
  t=  25.37  cb_yield           L30-CB3 {'rot': 0.00825}
  t=  25.37  cb_yield           L31-CB3 {'rot': 0.00731}
  t=  25.37  cb_yield           L32-CB3 {'rot': 0.00658}
  t=  25.50  cb_yield           L28-CB2 {'rot': 0.00731}
  t=  26.00  cb_yield           L1-CB2 {'rot': 0.00671}
  progress t=  30.0s  max corner drift so far=0.0083  wall clock=338s
  t=  32.87  cb_yield           L29-CB2 {'rot': 0.0069}
  t=  32.87  cb_yield           L33-CB3 {'rot': 0.0067}
  progress t=  40.0s  max corner drift so far=0.0083  wall clock=454s
  t=  46.87  cb_yield           L30-CB2 {'rot': 0.00699}
  t=  49.00  cb_yield           L31-CB2 {'rot': 0.00813}
  t=  49.00  cb_yield           L32-CB2 {'rot': 0.00719}
  t=  49.00  cb_yield           L33-CB2 {'rot': 0.00677}
  progress t=  50.0s  max corner drift so far=0.0083  wall clock=567s
  t=  59.12  cb_failure         L9-CB3 {'rot': 0.03076}
  t=  59.12  cb_failure         L10-CB3 {'rot': 0.03185}
  t=  59.12  cb_failure         L11-CB3 {'rot': 0.03272}
  t=  59.12  cb_failure         L12-CB1 {'rot': 0.03017}
  t=  59.12  cb_failure         L12-CB3 {'rot': 0.03342}
  t=  59.12  cb_failure         L13-CB1 {'rot': 0.03034}
  t=  59.12  cb_failure         L13-CB3 {'rot': 0.03388}
  t=  59.12  cb_failure         L14-CB1 {'rot': 0.03022}
  t=  59.12  cb_failure         L14-CB3 {'rot': 0.03402}
  t=  59.12  cb_failure         L15-CB3 {'rot': 0.03389}
  t=  59.12  cb_failure         L16-CB3 {'rot': 0.03345}
  t=  59.12  cb_failure         L17-CB3 {'rot': 0.03258}
  t=  59.12  cb_failure         L18-CB3 {'rot': 0.03137}
  t=  59.25  cb_failure         L6-CB3 {'rot': 0.03123}
  t=  59.25  cb_failure         L7-CB1 {'rot': 0.03041}
  t=  59.25  cb_failure         L7-CB3 {'rot': 0.03328}
  t=  59.25  cb_failure         L8-CB1 {'rot': 0.03152}
  t=  59.25  cb_failure         L8-CB3 {'rot': 0.03476}
  t=  59.25  cb_failure         L9-CB1 {'rot': 0.03217}
  t=  59.25  cb_failure         L9-CB2 {'rot': 0.03065}
  t=  59.25  cb_failure         L10-CB1 {'rot': 0.03248}
  t=  59.25  cb_failure         L10-CB2 {'rot': 0.03096}
  t=  59.25  cb_failure         L11-CB1 {'rot': 0.03249}
  t=  59.25  cb_failure         L11-CB2 {'rot': 0.03097}
  t=  59.25  cb_failure         L12-CB2 {'rot': 0.03074}
  t=  59.25  cb_failure         L13-CB2 {'rot': 0.03023}
  t=  59.37  cb_failure         L5-CB3 {'rot': 0.03217}
  t=  59.37  cb_failure         L6-CB1 {'rot': 0.03096}
  t=  59.37  cb_failure         L6-CB2 {'rot': 0.03087}
  t=  59.37  cb_failure         L7-CB2 {'rot': 0.03243}
  t=  59.37  cb_failure         L8-CB2 {'rot': 0.03332}
  t=  59.37  cb_failure         L14-CB2 {'rot': 0.03048}
  t=  59.37  cb_failure         L15-CB1 {'rot': 0.03026}
  t=  59.50  cb_failure         L15-CB2 {'rot': 0.03023}
  t=  59.50  cb_failure         L19-CB3 {'rot': 0.0317}
  t=  59.62  cb_failure         L5-CB2 {'rot': 0.03018}
  t=  59.62  cb_failure         L16-CB1 {'rot': 0.03119}
  t=  59.62  cb_failure         L16-CB2 {'rot': 0.03085}
  t=  59.62  cb_failure         L20-CB3 {'rot': 0.03252}
  t=  59.62  cb_failure         L21-CB3 {'rot': 0.03092}
  t=  59.75  cb_failure         L17-CB2 {'rot': 0.03089}
  progress t=  60.0s  max corner drift so far=0.0095  wall clock=676s
  t=  65.00  cb_failure         L17-CB1 {'rot': 0.0306}
  t=  65.12  cb_failure         L18-CB1 {'rot': 0.03228}
  t=  65.12  cb_failure         L18-CB2 {'rot': 0.0306}
  t=  65.12  cb_failure         L19-CB1 {'rot': 0.03082}
  t=  65.12  cb_failure         L22-CB3 {'rot': 0.03106}
  t=  65.50  cb_failure         L4-CB3 {'rot': 0.03014}
  t=  65.50  cb_failure         L5-CB1 {'rot': 0.03033}
  t=  65.62  cb_failure         L7-CB0 {'rot': 0.03026}
  t=  65.62  cb_failure         L8-CB0 {'rot': 0.03069}
  t=  65.62  cb_failure         L9-CB0 {'rot': 0.03077}
  t=  65.62  cb_failure         L10-CB0 {'rot': 0.03061}
  t=  65.62  cb_failure         L11-CB0 {'rot': 0.03029}
  t=  65.75  cb_failure         L12-CB0 {'rot': 0.0306}
  t=  65.87  cb_failure         L13-CB0 {'rot': 0.03045}
  progress t=  70.0s  max corner drift so far=0.0095  wall clock=785s
  progress t=  80.0s  max corner drift so far=0.0095  wall clock=896s
  progress t=  90.0s  max corner drift so far=0.0095  wall clock=1006s
  progress t= 100.0s  max corner drift so far=0.0095  wall clock=1111s
