  t=   8.75  cb_yield           L15-CB3 {'rot': 0.00732}
  t=   8.75  cb_yield           L16-CB3 {'rot': 0.00758}
  t=   8.75  cb_yield           L17-CB3 {'rot': 0.00783}
  t=   8.75  cb_yield           L18-CB3 {'rot': 0.008}
  t=   8.75  cb_yield           L19-CB3 {'rot': 0.00807}
  t=   8.75  cb_yield           L20-CB3 {'rot': 0.00806}
  t=   8.75  cb_yield           L21-CB3 {'rot': 0.00797}
  t=   8.75  cb_yield           L22-CB3 {'rot': 0.0078}
  t=   8.88  cb_yield           L14-CB3 {'rot': 0.00718}
  progress t=  10.0s  max corner drift so far=0.0026  wall clock=86s
  t=  10.38  cb_yield           L4-CB2 {'rot': 0.00728}
  t=  10.38  cb_yield           L4-CB3 {'rot': 0.00705}
  t=  10.38  cb_yield           L5-CB2 {'rot': 0.00724}
  t=  10.50  cb_yield           L3-CB2 {'rot': 0.00777}
  t=  10.50  cb_yield           L3-CB3 {'rot': 0.00767}
  t=  10.50  cb_yield           L5-CB3 {'rot': 0.00825}
  t=  10.50  cb_yield           L6-CB2 {'rot': 0.0083}
  t=  10.50  cb_yield           L6-CB3 {'rot': 0.00802}
  t=  10.50  cb_yield           L7-CB2 {'rot': 0.00787}
  t=  10.50  cb_yield           L7-CB3 {'rot': 0.00756}
  t=  10.50  cb_yield           L8-CB2 {'rot': 0.00728}
  t=  10.63  cb_yield           L2-CB2 {'rot': 0.00703}
  t=  10.63  cb_yield           L2-CB3 {'rot': 0.00703}
  t=  10.63  cb_yield           L8-CB3 {'rot': 0.00737}
  t=  10.63  cb_yield           L9-CB2 {'rot': 0.00711}
  t=  10.75  cb_yield           L4-CB1 {'rot': 0.00702}
  t=  10.75  cb_yield           L5-CB1 {'rot': 0.00709}
  t=  10.75  cb_yield           L9-CB3 {'rot': 0.00707}
  t=  10.88  cb_yield           L4-CB0 {'rot': 0.00748}
  t=  10.88  cb_yield           L5-CB0 {'rot': 0.00764}
  t=  10.88  cb_yield           L6-CB0 {'rot': 0.00751}
  t=  10.88  cb_yield           L6-CB1 {'rot': 0.00745}
  t=  10.88  cb_yield           L7-CB0 {'rot': 0.00721}
  t=  10.88  cb_yield           L7-CB1 {'rot': 0.0072}
  t=  11.00  cb_yield           L8-CB0 {'rot': 0.00749}
  t=  11.00  cb_yield           L8-CB1 {'rot': 0.00737}
  t=  11.00  cb_yield           L9-CB0 {'rot': 0.00731}
  t=  11.00  cb_yield           L9-CB1 {'rot': 0.0072}
  t=  11.00  cb_yield           L10-CB0 {'rot': 0.00709}
  t=  11.13  cb_yield           L10-CB1 {'rot': 0.00795}
  t=  11.13  cb_yield           L11-CB0 {'rot': 0.00784}
  t=  11.13  cb_yield           L11-CB1 {'rot': 0.00794}
  t=  11.13  cb_yield           L12-CB0 {'rot': 0.00783}
  t=  11.13  cb_yield           L12-CB1 {'rot': 0.00792}
  t=  11.13  cb_yield           L13-CB0 {'rot': 0.0078}
  t=  11.13  cb_yield           L13-CB1 {'rot': 0.00789}
  t=  11.13  cb_yield           L14-CB0 {'rot': 0.00773}
  t=  11.13  cb_yield           L14-CB1 {'rot': 0.00781}
  t=  11.13  cb_yield           L15-CB0 {'rot': 0.00766}
  t=  11.13  cb_yield           L15-CB1 {'rot': 0.00772}
  t=  11.13  cb_yield           L16-CB0 {'rot': 0.00757}
  t=  11.13  cb_yield           L16-CB1 {'rot': 0.00763}
  t=  11.25  cb_yield           L17-CB0 {'rot': 0.00976}
  t=  11.25  cb_yield           L17-CB1 {'rot': 0.01025}
  t=  11.25  cb_yield           L18-CB0 {'rot': 0.00981}
  t=  11.25  cb_yield           L18-CB1 {'rot': 0.01027}
  t=  11.25  cb_yield           L19-CB0 {'rot': 0.00976}
  t=  11.25  cb_yield           L19-CB1 {'rot': 0.01021}
  t=  11.25  cb_yield           L20-CB0 {'rot': 0.00965}
  t=  11.25  cb_yield           L20-CB1 {'rot': 0.01008}
  t=  11.25  cb_yield           L21-CB0 {'rot': 0.00944}
  t=  11.25  cb_yield           L21-CB1 {'rot': 0.00985}
  t=  11.25  cb_yield           L22-CB0 {'rot': 0.00911}
  t=  11.25  cb_yield           L22-CB1 {'rot': 0.0095}
  t=  11.25  cb_yield           L23-CB0 {'rot': 0.00868}
  t=  11.25  cb_yield           L23-CB1 {'rot': 0.00905}
  t=  11.25  cb_yield           L24-CB0 {'rot': 0.00812}
  t=  11.25  cb_yield           L24-CB1 {'rot': 0.00847}
  t=  11.25  cb_yield           L25-CB1 {'rot': 0.00782}
  t=  13.00  cb_yield           L3-CB1 {'rot': 0.00759}
  t=  13.13  cb_yield           L2-CB1 {'rot': 0.00725}
  t=  13.13  cb_yield           L3-CB0 {'rot': 0.00712}
  t=  13.25  cb_yield           L10-CB3 {'rot': 0.0073}
  t=  13.38  cb_yield           L10-CB2 {'rot': 0.00778}
  t=  13.38  cb_yield           L11-CB2 {'rot': 0.00718}
  t=  13.38  cb_yield           L11-CB3 {'rot': 0.00814}
  t=  13.38  cb_yield           L12-CB3 {'rot': 0.00761}
  t=  13.50  cb_yield           L13-CB3 {'rot': 0.0075}
  t=  14.38  cb_yield           L12-CB2 {'rot': 0.00757}
  t=  14.38  cb_yield           L13-CB2 {'rot': 0.00763}
  t=  14.38  cb_yield           L14-CB2 {'rot': 0.00761}
  t=  14.38  cb_yield           L15-CB2 {'rot': 0.00751}
  t=  14.38  cb_yield           L16-CB2 {'rot': 0.00736}
  t=  16.75  cb_yield           L2-CB0 {'rot': 0.00704}
  t=  18.50  cb_yield           L23-CB3 {'rot': 0.0079}
  t=  18.50  cb_yield           L24-CB3 {'rot': 0.00766}
  t=  18.75  cb_yield           L17-CB2 {'rot': 0.00858}
  t=  18.75  cb_yield           L18-CB2 {'rot': 0.00799}
  t=  18.87  cb_yield           L19-CB2 {'rot': 0.00789}
  t=  19.25  cb_yield           L1-CB2 {'rot': 0.00711}
  t=  19.25  cb_yield           L1-CB3 {'rot': 0.00718}
  t=  19.37  cb_yield           L1-CB1 {'rot': 0.00719}
  t=  19.87  cb_yield           L26-CB1 {'rot': 0.00783}
  t=  20.00  cb_yield           L25-CB3 {'rot': 0.00764}
  t=  20.00  cb_yield           L27-CB1 {'rot': 0.00872}
  t=  20.00  cb_yield           L28-CB1 {'rot': 0.008}
  progress t=  20.0s  max corner drift so far=0.0055  wall clock=179s
  t=  20.12  cb_yield           L29-CB1 {'rot': 0.00797}
  t=  20.87  cb_yield           L25-CB0 {'rot': 0.00924}
  t=  20.87  cb_yield           L26-CB0 {'rot': 0.00871}
  t=  20.87  cb_yield           L27-CB0 {'rot': 0.00818}
  t=  20.87  cb_yield           L28-CB0 {'rot': 0.00767}
  t=  20.87  cb_yield           L30-CB1 {'rot': 0.00779}
  t=  21.00  cb_yield           L29-CB0 {'rot': 0.00866}
  t=  21.00  cb_yield           L30-CB0 {'rot': 0.00808}
  t=  21.00  cb_yield           L31-CB1 {'rot': 0.00855}
  t=  21.00  cb_yield           L32-CB1 {'rot': 0.00811}
  t=  21.00  cb_yield           L33-CB1 {'rot': 0.00788}
  t=  21.12  cb_yield           L31-CB0 {'rot': 0.00769}
  t=  22.25  cb_yield           L1-CB0 {'rot': 0.00732}
  t=  25.00  cb_yield           L20-CB2 {'rot': 0.00776}
  t=  25.12  cb_yield           L21-CB2 {'rot': 0.00888}
  t=  25.12  cb_yield           L22-CB2 {'rot': 0.00767}
  t=  25.25  cb_yield           L23-CB2 {'rot': 0.00863}
  t=  25.25  cb_yield           L24-CB2 {'rot': 0.00764}
  t=  25.25  cb_yield           L26-CB3 {'rot': 0.00855}
  t=  25.25  cb_yield           L27-CB3 {'rot': 0.00763}
  t=  25.37  cb_yield           L25-CB2 {'rot': 0.00816}
  t=  25.37  cb_yield           L28-CB3 {'rot': 0.00926}
  t=  25.37  cb_yield           L29-CB3 {'rot': 0.00845}
  t=  25.50  cb_yield           L26-CB2 {'rot': 0.00837}
  t=  25.50  cb_yield           L27-CB2 {'rot': 0.00767}
  t=  25.50  cb_yield           L30-CB3 {'rot': 0.00914}
  t=  25.50  cb_yield           L31-CB3 {'rot': 0.00812}
  progress t=  30.0s  max corner drift so far=0.0087  wall clock=273s
  t=  39.62  cb_yield           L28-CB2 {'rot': 0.00765}
  t=  39.62  cb_yield           L32-CB3 {'rot': 0.00869}
  t=  39.62  cb_yield           L33-CB3 {'rot': 0.00829}
  t=  39.75  cb_yield           L29-CB2 {'rot': 0.00779}
  progress t=  40.0s  max corner drift so far=0.0087  wall clock=364s
  t=  45.75  cb_yield           L30-CB2 {'rot': 0.00772}
  t=  45.87  cb_yield           L31-CB2 {'rot': 0.00808}
  t=  47.50  cb_yield           L32-CB0 {'rot': 0.00777}
  t=  49.12  cb_yield           L32-CB2 {'rot': 0.0081}
  t=  49.25  cb_yield           L33-CB2 {'rot': 0.00765}
  progress t=  50.0s  max corner drift so far=0.0087  wall clock=456s
  t=  59.12  cb_failure         L11-CB3 {'rot': 0.03132}
  t=  59.12  cb_failure         L12-CB1 {'rot': 0.03173}
  t=  59.12  cb_failure         L12-CB3 {'rot': 0.0324}
  t=  59.12  cb_failure         L13-CB1 {'rot': 0.03232}
  t=  59.12  cb_failure         L13-CB3 {'rot': 0.03323}
  t=  59.12  cb_failure         L14-CB1 {'rot': 0.03256}
  t=  59.12  cb_failure         L14-CB3 {'rot': 0.0337}
  t=  59.12  cb_failure         L15-CB1 {'rot': 0.03252}
  t=  59.12  cb_failure         L15-CB3 {'rot': 0.03387}
  t=  59.12  cb_failure         L16-CB1 {'rot': 0.03219}
  t=  59.12  cb_failure         L16-CB3 {'rot': 0.03373}
  t=  59.12  cb_failure         L17-CB3 {'rot': 0.03318}
  t=  59.12  cb_failure         L18-CB3 {'rot': 0.03224}
  t=  59.25  cb_failure         L8-CB3 {'rot': 0.03201}
  t=  59.25  cb_failure         L9-CB1 {'rot': 0.03199}
  t=  59.25  cb_failure         L9-CB3 {'rot': 0.03345}
  t=  59.25  cb_failure         L10-CB1 {'rot': 0.03277}
  t=  59.25  cb_failure         L10-CB3 {'rot': 0.03458}
  t=  59.25  cb_failure         L11-CB1 {'rot': 0.03329}
  t=  59.25  cb_failure         L19-CB3 {'rot': 0.03311}
  t=  59.25  cb_failure         L20-CB3 {'rot': 0.03174}
  t=  59.37  cb_failure         L6-CB3 {'rot': 0.03192}
  t=  59.37  cb_failure         L7-CB1 {'rot': 0.03167}
  t=  59.37  cb_failure         L7-CB3 {'rot': 0.03424}
  t=  59.37  cb_failure         L8-CB1 {'rot': 0.03301}
  t=  59.37  cb_failure         L9-CB2 {'rot': 0.03137}
  t=  59.37  cb_failure         L10-CB2 {'rot': 0.03171}
  t=  59.37  cb_failure         L11-CB2 {'rot': 0.03174}
  t=  59.37  cb_failure         L12-CB2 {'rot': 0.03154}
  t=  59.37  cb_failure         L13-CB2 {'rot': 0.03109}
  t=  59.50  cb_failure         L5-CB3 {'rot': 0.03103}
  t=  59.50  cb_failure         L8-CB2 {'rot': 0.03188}
  t=  59.50  cb_failure         L21-CB3 {'rot': 0.03162}
  t=  59.62  cb_failure         L7-CB2 {'rot': 0.03143}
  t=  59.62  cb_failure         L14-CB2 {'rot': 0.0314}
  t=  59.62  cb_failure         L22-CB3 {'rot': 0.03184}
  t=  59.75  cb_failure         L15-CB2 {'rot': 0.03161}
  t=  59.75  cb_failure         L17-CB1 {'rot': 0.03192}
  t=  59.87  cb_failure         L16-CB2 {'rot': 0.0319}
  progress t=  60.0s  max corner drift so far=0.0095  wall clock=549s
  t=  65.12  cb_failure         L18-CB1 {'rot': 0.03254}
  t=  65.25  cb_failure         L17-CB2 {'rot': 0.03261}
  t=  65.25  cb_failure         L19-CB1 {'rot': 0.03248}
  t=  65.37  cb_failure         L18-CB2 {'rot': 0.03168}
  t=  65.50  cb_failure         L6-CB1 {'rot': 0.03211}
  t=  65.50  cb_failure         L6-CB2 {'rot': 0.03142}
  t=  65.62  cb_failure         L4-CB3 {'rot': 0.0311}
  t=  65.62  cb_failure         L5-CB1 {'rot': 0.03143}
  t=  65.75  cb_failure         L5-CB2 {'rot': 0.03131}
  progress t=  70.0s  max corner drift so far=0.0096  wall clock=639s
  progress t=  80.0s  max corner drift so far=0.0096  wall clock=727s
  progress t=  90.0s  max corner drift so far=0.0096  wall clock=815s
  progress t= 100.0s  max corner drift so far=0.0096  wall clock=903s
