  t=   6.50  cb_yield           L4-CB3 {'rot': 0.00639}
  t=   6.50  cb_yield           L5-CB2 {'rot': 0.00628}
  t=   6.50  cb_yield           L5-CB3 {'rot': 0.00691}
  t=   6.50  cb_yield           L6-CB2 {'rot': 0.0065}
  t=   6.50  cb_yield           L6-CB3 {'rot': 0.00721}
  t=   6.50  cb_yield           L7-CB2 {'rot': 0.00657}
  t=   6.50  cb_yield           L7-CB3 {'rot': 0.00734}
  t=   6.50  cb_yield           L8-CB2 {'rot': 0.00652}
  t=   6.50  cb_yield           L8-CB3 {'rot': 0.00734}
  t=   6.50  cb_yield           L9-CB2 {'rot': 0.00635}
  t=   6.50  cb_yield           L9-CB3 {'rot': 0.00723}
  t=   6.50  cb_yield           L10-CB2 {'rot': 0.00612}
  t=   6.50  cb_yield           L10-CB3 {'rot': 0.00704}
  t=   6.50  cb_yield           L11-CB3 {'rot': 0.0068}
  t=   6.50  cb_yield           L12-CB3 {'rot': 0.00652}
  t=   6.50  cb_yield           L13-CB3 {'rot': 0.0062}
  t=   6.63  cb_yield           L3-CB3 {'rot': 0.00615}
  t=   6.63  cb_yield           L4-CB2 {'rot': 0.00654}
  t=   6.63  cb_yield           L11-CB2 {'rot': 0.00741}
  t=   6.63  cb_yield           L12-CB2 {'rot': 0.00716}
  t=   6.63  cb_yield           L13-CB2 {'rot': 0.00686}
  t=   6.63  cb_yield           L14-CB2 {'rot': 0.00649}
  t=   6.63  cb_yield           L14-CB3 {'rot': 0.00776}
  t=   6.63  cb_yield           L15-CB2 {'rot': 0.00609}
  t=   6.63  cb_yield           L15-CB3 {'rot': 0.00738}
  t=   6.63  cb_yield           L16-CB3 {'rot': 0.00696}
  t=   6.75  cb_yield           L16-CB2 {'rot': 0.00635}
  t=   6.75  cb_yield           L17-CB3 {'rot': 0.00707}
  t=   6.88  cb_yield           L18-CB3 {'rot': 0.00703}
  t=   6.88  cb_yield           L19-CB3 {'rot': 0.00654}
  t=   7.00  cb_yield           L17-CB2 {'rot': 0.00678}
  t=   7.00  cb_yield           L18-CB2 {'rot': 0.00661}
  t=   7.00  cb_yield           L20-CB3 {'rot': 0.00803}
  t=   7.00  cb_yield           L21-CB3 {'rot': 0.00781}
  t=   7.00  cb_yield           L22-CB3 {'rot': 0.00755}
  t=   7.00  cb_yield           L23-CB3 {'rot': 0.00725}
  t=   7.00  cb_yield           L24-CB3 {'rot': 0.00692}
  t=   7.00  cb_yield           L25-CB3 {'rot': 0.00656}
  t=   7.13  cb_yield           L19-CB2 {'rot': 0.00768}
  t=   7.13  cb_yield           L20-CB2 {'rot': 0.00773}
  t=   7.13  cb_yield           L21-CB2 {'rot': 0.00768}
  t=   7.13  cb_yield           L22-CB2 {'rot': 0.0075}
  t=   7.13  cb_yield           L23-CB2 {'rot': 0.0072}
  t=   7.13  cb_yield           L24-CB2 {'rot': 0.0068}
  t=   7.13  cb_yield           L26-CB3 {'rot': 0.00796}
  t=   7.13  cb_yield           L27-CB3 {'rot': 0.00736}
  t=   7.13  cb_yield           L28-CB3 {'rot': 0.00677}
  t=   7.25  cb_yield           L25-CB2 {'rot': 0.00702}
  t=   7.25  cb_yield           L26-CB2 {'rot': 0.00657}
  t=   7.25  cb_yield           L29-CB3 {'rot': 0.00717}
  t=   7.38  cb_yield           L30-CB3 {'rot': 0.00668}
  t=   7.50  cb_yield           L3-CB2 {'rot': 0.00643}
  t=   7.50  cb_yield           L5-CB1 {'rot': 0.00615}
  t=   7.50  cb_yield           L6-CB1 {'rot': 0.00639}
  t=   7.50  cb_yield           L7-CB1 {'rot': 0.0065}
  t=   7.50  cb_yield           L8-CB1 {'rot': 0.0065}
  t=   7.50  cb_yield           L9-CB1 {'rot': 0.00644}
  t=   7.50  cb_yield           L10-CB1 {'rot': 0.00633}
  t=   7.50  cb_yield           L11-CB1 {'rot': 0.00618}
  t=   7.50  cb_yield           L12-CB1 {'rot': 0.00604}
  t=   7.63  cb_yield           L2-CB2 {'rot': 0.00609}
  t=   7.63  cb_yield           L2-CB3 {'rot': 0.00639}
  t=   7.63  cb_yield           L3-CB1 {'rot': 0.00594}
  t=   7.63  cb_yield           L4-CB1 {'rot': 0.00675}
  t=   7.63  cb_yield           L5-CB0 {'rot': 0.00626}
  t=   7.63  cb_yield           L6-CB0 {'rot': 0.00655}
  t=   7.63  cb_yield           L7-CB0 {'rot': 0.00669}
  t=   7.63  cb_yield           L8-CB0 {'rot': 0.0067}
  t=   7.63  cb_yield           L9-CB0 {'rot': 0.00658}
  t=   7.63  cb_yield           L10-CB0 {'rot': 0.00637}
  t=   7.63  cb_yield           L11-CB0 {'rot': 0.0061}
  t=   7.63  cb_yield           L13-CB1 {'rot': 0.00708}
  t=   7.63  cb_yield           L14-CB1 {'rot': 0.00672}
  t=   7.63  cb_yield           L15-CB1 {'rot': 0.00635}
  t=   7.63  cb_yield           L16-CB1 {'rot': 0.00598}
  t=   7.75  cb_yield           L4-CB0 {'rot': 0.00621}
  t=   7.75  cb_yield           L12-CB0 {'rot': 0.00654}
  t=   7.75  cb_yield           L13-CB0 {'rot': 0.00609}
  t=   8.50  cb_yield           L19-CB1 {'rot': 0.00654}
  t=   8.50  cb_yield           L20-CB1 {'rot': 0.00663}
  t=   8.50  cb_yield           L21-CB1 {'rot': 0.0066}
  t=   9.75  cb_yield           L24-CB1 {'rot': 0.00664}
  t=   9.75  cb_yield           L25-CB1 {'rot': 0.00707}
  t=   9.75  cb_yield           L26-CB1 {'rot': 0.00736}
  t=   9.75  cb_yield           L27-CB1 {'rot': 0.0075}
  t=   9.75  cb_yield           L28-CB1 {'rot': 0.00751}
  t=   9.75  cb_yield           L29-CB1 {'rot': 0.0074}
  t=   9.75  cb_yield           L30-CB1 {'rot': 0.00715}
  t=   9.75  cb_yield           L31-CB1 {'rot': 0.00682}
  progress t=  10.0s  max corner drift so far=0.0060  wall clock=111s
  t=  11.00  cb_yield           L3-CB0 {'rot': 0.00663}
  t=  11.13  cb_yield           L2-CB0 {'rot': 0.00591}
  t=  11.13  cb_yield           L14-CB0 {'rot': 0.00655}
  t=  11.13  cb_yield           L15-CB0 {'rot': 0.0059}
  t=  11.25  cb_yield           L16-CB0 {'rot': 0.0059}
  t=  12.00  cb_yield           L1-CB2 {'rot': 0.00728}
  t=  12.00  cb_yield           L1-CB3 {'rot': 0.00701}
  t=  12.00  cb_yield           L2-CB1 {'rot': 0.00638}
  t=  12.13  cb_failure         L10-CB2 {'rot': 0.02073}
  t=  12.13  cb_failure         L15-CB3 {'rot': 0.02019}
  t=  12.13  cb_yield           L31-CB3 {'rot': 0.00658}
  t=  12.25  cb_yield           L1-CB1 {'rot': 0.00646}
  t=  12.25  cb_failure         L6-CB3 {'rot': 0.02007}
  t=  12.25  cb_failure         L7-CB3 {'rot': 0.0208}
  t=  12.25  cb_failure         L8-CB3 {'rot': 0.02121}
  t=  12.25  cb_failure         L9-CB3 {'rot': 0.02135}
  t=  12.25  cb_failure         L10-CB3 {'rot': 0.02129}
  t=  12.25  cb_failure         L11-CB3 {'rot': 0.02108}
  t=  12.25  cb_failure         L12-CB3 {'rot': 0.02077}
  t=  12.25  cb_failure         L13-CB3 {'rot': 0.02036}
  t=  12.25  cb_failure         L14-CB3 {'rot': 0.01991}
  t=  12.25  cb_yield           L27-CB2 {'rot': 0.00735}
  t=  12.25  cb_yield           L28-CB2 {'rot': 0.00684}
  t=  12.25  cb_yield           L32-CB3 {'rot': 0.00884}
  t=  12.25  cb_yield           L33-CB3 {'rot': 0.0086}
  t=  12.38  cb_yield           L1-CB0 {'rot': 0.00622}
  t=  12.38  cb_failure         L5-CB3 {'rot': 0.02101}
  t=  12.38  cb_failure         L6-CB2 {'rot': 0.02056}
  t=  12.38  cb_failure         L7-CB2 {'rot': 0.02118}
  t=  12.38  cb_failure         L8-CB2 {'rot': 0.02151}
  t=  12.38  cb_failure         L9-CB2 {'rot': 0.02161}
  t=  12.38  cb_failure         L11-CB2 {'rot': 0.02133}
  t=  12.38  cb_failure         L12-CB2 {'rot': 0.02106}
  t=  12.38  cb_failure         L13-CB2 {'rot': 0.02068}
  t=  12.38  cb_failure         L14-CB2 {'rot': 0.02018}
  t=  12.38  cb_failure         L16-CB3 {'rot': 0.02352}
  t=  12.38  cb_yield           L17-CB0 {'rot': 0.00691}
  t=  12.38  cb_yield           L17-CB1 {'rot': 0.0119}
  t=  12.38  cb_failure         L17-CB3 {'rot': 0.02296}
  t=  12.38  cb_yield           L18-CB1 {'rot': 0.01131}
  t=  12.38  cb_failure         L18-CB3 {'rot': 0.02234}
  t=  12.38  cb_failure         L19-CB3 {'rot': 0.02167}
  t=  12.38  cb_failure         L20-CB3 {'rot': 0.02097}
  t=  12.38  cb_yield           L22-CB1 {'rot': 0.00929}
  t=  12.38  cb_failure         L22-CB3 {'rot': 0.02225}
  t=  12.38  cb_yield           L23-CB1 {'rot': 0.0088}
  t=  12.38  cb_failure         L25-CB3 {'rot': 0.0222}
  t=  12.38  cb_yield           L29-CB2 {'rot': 0.00654}
  t=  12.50  cb_failure         L4-CB2 {'rot': 0.01991}
  t=  12.50  cb_failure         L4-CB3 {'rot': 0.02193}
  t=  12.50  cb_failure         L5-CB2 {'rot': 0.02163}
  t=  12.50  cb_failure         L6-CB1 {'rot': 0.02003}
  t=  12.50  cb_failure         L7-CB1 {'rot': 0.02073}
  t=  12.50  cb_failure         L8-CB1 {'rot': 0.02115}
  t=  12.50  cb_failure         L9-CB1 {'rot': 0.02138}
  t=  12.50  cb_failure         L10-CB1 {'rot': 0.02145}
  t=  12.50  cb_failure         L11-CB1 {'rot': 0.02142}
  t=  12.50  cb_failure         L12-CB1 {'rot': 0.02133}
  t=  12.50  cb_failure         L13-CB1 {'rot': 0.02117}
  t=  12.50  cb_failure         L14-CB1 {'rot': 0.0209}
  t=  12.50  cb_failure         L15-CB1 {'rot': 0.02058}
  t=  12.50  cb_failure         L15-CB2 {'rot': 0.02278}
  t=  12.50  cb_failure         L16-CB1 {'rot': 0.02023}
  t=  12.50  cb_failure         L16-CB2 {'rot': 0.02226}
  t=  12.50  cb_failure         L17-CB2 {'rot': 0.02153}
  t=  12.50  cb_yield           L18-CB0 {'rot': 0.01108}
  t=  12.50  cb_failure         L18-CB2 {'rot': 0.02072}
  t=  12.50  cb_yield           L19-CB0 {'rot': 0.01034}
  t=  12.50  cb_yield           L20-CB0 {'rot': 0.0096}
  t=  12.50  cb_yield           L21-CB0 {'rot': 0.00878}
  t=  12.50  cb_failure         L21-CB3 {'rot': 0.02606}
  t=  12.50  cb_yield           L22-CB0 {'rot': 0.00785}
  t=  12.50  cb_yield           L23-CB0 {'rot': 0.00684}
  t=  12.50  cb_failure         L23-CB3 {'rot': 0.0237}
  t=  12.50  cb_failure         L24-CB3 {'rot': 0.02225}
  t=  12.50  cb_yield           L32-CB1 {'rot': 0.00666}
  t=  12.63  cb_failure         L3-CB3 {'rot': 0.02045}
  t=  12.63  cb_failure         L5-CB1 {'rot': 0.02178}
  t=  12.63  cb_failure         L17-CB1 {'rot': 0.02598}
  t=  12.63  cb_failure         L18-CB1 {'rot': 0.02532}
  t=  12.63  cb_failure         L19-CB1 {'rot': 0.02452}
  t=  12.63  cb_failure         L19-CB2 {'rot': 0.02237}
  t=  12.63  cb_failure         L20-CB1 {'rot': 0.02363}
  t=  12.63  cb_failure         L20-CB2 {'rot': 0.0211}
  t=  12.63  cb_failure         L21-CB1 {'rot': 0.02255}
  t=  12.63  cb_failure         L22-CB1 {'rot': 0.02129}
  t=  12.63  cb_yield           L24-CB0 {'rot': 0.00824}
  t=  12.63  cb_yield           L25-CB0 {'rot': 0.00661}
  t=  12.63  cb_failure         L26-CB3 {'rot': 0.02109}
  t=  12.63  cb_failure         L30-CB3 {'rot': 0.02129}
  t=  12.63  cb_yield           L33-CB1 {'rot': 0.008}
  t=  12.75  cb_failure         L4-CB1 {'rot': 0.02128}
  t=  12.75  cb_failure         L6-CB0 {'rot': 0.02065}
  t=  12.75  cb_failure         L7-CB0 {'rot': 0.02194}
  t=  12.75  cb_failure         L8-CB0 {'rot': 0.02292}
  t=  12.75  cb_failure         L9-CB0 {'rot': 0.02365}
  t=  12.75  cb_failure         L10-CB0 {'rot': 0.02415}
  t=  12.75  cb_failure         L11-CB0 {'rot': 0.02444}
  t=  12.75  cb_failure         L12-CB0 {'rot': 0.02459}
  t=  12.75  cb_failure         L13-CB0 {'rot': 0.02452}
  t=  12.75  cb_failure         L14-CB0 {'rot': 0.0242}
  t=  12.75  cb_failure         L15-CB0 {'rot': 0.0237}
  t=  12.75  cb_failure         L16-CB0 {'rot': 0.02303}
  t=  12.75  cb_failure         L17-CB0 {'rot': 0.022}
  t=  12.75  cb_failure         L18-CB0 {'rot': 0.0208}
  t=  12.75  cb_failure         L23-CB1 {'rot': 0.02379}
  t=  12.75  cb_failure         L24-CB1 {'rot': 0.02213}
  t=  12.75  cb_yield           L26-CB0 {'rot': 0.00718}
  t=  12.75  cb_failure         L27-CB3 {'rot': 0.02074}
  t=  12.88  cb_failure         L3-CB2 {'rot': 0.02019}
  t=  12.88  cb_failure         L5-CB0 {'rot': 0.02106}
  t=  12.88  cb_failure         L19-CB0 {'rot': 0.02214}
  t=  12.88  cb_failure         L20-CB0 {'rot': 0.02063}
  t=  12.88  cb_failure         L25-CB1 {'rot': 0.02556}
  t=  12.88  cb_failure         L26-CB1 {'rot': 0.0241}
  t=  12.88  cb_yield           L27-CB0 {'rot': 0.00784}
  t=  12.88  cb_failure         L27-CB1 {'rot': 0.02278}
  t=  12.88  cb_yield           L28-CB0 {'rot': 0.00657}
  t=  12.88  cb_failure         L28-CB1 {'rot': 0.02169}
  t=  12.88  cb_failure         L28-CB3 {'rot': 0.02127}
  t=  12.88  cb_failure         L29-CB1 {'rot': 0.02198}
  t=  12.88  cb_failure         L33-CB3 {'rot': 0.02311}
  t=  13.00  cb_failure         L21-CB0 {'rot': 0.02118}
  t=  13.00  cb_failure         L21-CB2 {'rot': 0.02058}
  t=  13.00  cb_yield           L29-CB0 {'rot': 0.0081}
  t=  13.00  cb_failure         L29-CB3 {'rot': 0.02054}
  t=  13.00  cb_yield           L30-CB0 {'rot': 0.00702}
  t=  13.00  cb_failure         L30-CB1 {'rot': 0.02313}
  t=  13.00  cb_failure         L31-CB1 {'rot': 0.02234}
  t=  13.00  cb_failure         L32-CB1 {'rot': 0.02177}
  t=  13.00  cb_failure         L33-CB1 {'rot': 0.02125}
  t=  13.13  cb_failure         L3-CB1 {'rot': 0.02011}
  t=  13.13  cb_failure         L22-CB0 {'rot': 0.02094}
  t=  13.13  cb_yield           L31-CB0 {'rot': 0.00708}
  t=  13.25  cb_failure         L22-CB2 {'rot': 0.02115}
  t=  13.25  cb_failure         L23-CB2 {'rot': 0.02144}
  t=  13.25  cb_failure         L31-CB3 {'rot': 0.02226}
  t=  13.25  cb_failure         L32-CB3 {'rot': 0.02164}
  t=  13.38  cb_failure         L23-CB0 {'rot': 0.02093}
  t=  13.38  cb_yield           L30-CB2 {'rot': 0.00782}
  t=  13.50  cb_yield           L31-CB2 {'rot': 0.00811}
  t=  13.50  cb_yield           L32-CB2 {'rot': 0.00719}
  t=  13.50  cb_yield           L33-CB2 {'rot': 0.00682}
  t=  14.75  cb_yield           L32-CB0 {'rot': 0.00701}
  t=  14.75  cb_yield           L33-CB0 {'rot': 0.00683}
  t=  15.50  cb_failure         L2-CB3 {'rot': 0.02008}
  t=  15.63  cb_failure         L4-CB0 {'rot': 0.02178}
  t=  16.13  cb_failure         L3-CB0 {'rot': 0.02053}
  t=  18.75  cb_failure         L2-CB1 {'rot': 0.02117}
  t=  19.00  cb_failure         L24-CB0 {'rot': 0.0208}
  t=  19.00  cb_failure         L27-CB0 {'rot': 0.0228}
  t=  19.12  cb_failure         L25-CB0 {'rot': 0.02127}
  t=  19.37  cb_failure         L24-CB2 {'rot': 0.02227}
  t=  19.50  cb_failure         L25-CB2 {'rot': 0.02249}
  t=  19.62  cb_failure         L26-CB2 {'rot': 0.02193}
  t=  19.75  cb_failure         L27-CB2 {'rot': 0.02173}
  t=  19.87  cb_failure         L28-CB2 {'rot': 0.02155}
  progress t=  20.0s  max corner drift so far=0.0088  wall clock=228s
  t=  20.12  cb_failure         L2-CB2 {'rot': 0.02017}
  t=  23.12  cb_failure         L2-CB0 {'rot': 0.02036}
  t=  23.25  cb_failure         L1-CB1 {'rot': 0.02059}
  t=  23.50  cb_failure         L1-CB3 {'rot': 0.02023}
  t=  25.37  cb_failure         L29-CB2 {'rot': 0.02448}
  t=  25.37  cb_failure         L30-CB2 {'rot': 0.02299}
  t=  25.37  cb_failure         L31-CB2 {'rot': 0.0215}
  t=  25.50  cb_failure         L32-CB2 {'rot': 0.02585}
  t=  25.50  cb_failure         L33-CB2 {'rot': 0.02543}
  t=  27.37  cb_failure         L32-CB0 {'rot': 0.02054}
  progress t=  30.0s  max corner drift so far=0.0104  wall clock=346s
  t=  33.37  cb_failure         L26-CB0 {'rot': 0.02158}
  t=  33.37  cb_failure         L28-CB0 {'rot': 0.02063}
  t=  33.37  cb_failure         L33-CB0 {'rot': 0.02256}
  t=  33.50  cb_failure         L29-CB0 {'rot': 0.02241}
  t=  33.50  cb_failure         L30-CB0 {'rot': 0.02138}
  t=  33.62  cb_failure         L31-CB0 {'rot': 0.02155}
  progress t=  40.0s  max corner drift so far=0.0104  wall clock=468s
  t=  43.37  cb_failure         L1-CB2 {'rot': 0.01994}
  t=  43.50  cb_failure         L1-CB0 {'rot': 0.0201}
  t= 47.000  solver fallback: Newton
  t= 47.050  solver fallback: Newton
  progress t=  50.0s  max corner drift so far=0.0142  wall clock=596s
  progress t=  60.0s  max corner drift so far=0.0142  wall clock=716s
  t=  60.57  wall_axial_failure S1-F {'gamma': 0.00053, 'eps': -0.00729, 'cause': 'crushing'}
