  t=   4.12  cb_yield           L4-CB0 {'rot': 0.00653}
  t=   4.12  cb_yield           L4-CB1 {'rot': 0.00637}
  t=   4.12  cb_yield           L5-CB0 {'rot': 0.0069}
  t=   4.12  cb_yield           L5-CB1 {'rot': 0.00673}
  t=   4.12  cb_yield           L6-CB0 {'rot': 0.00704}
  t=   4.12  cb_yield           L6-CB1 {'rot': 0.00686}
  t=   4.12  cb_yield           L7-CB0 {'rot': 0.00701}
  t=   4.12  cb_yield           L7-CB1 {'rot': 0.00681}
  t=   4.12  cb_yield           L8-CB0 {'rot': 0.00684}
  t=   4.12  cb_yield           L8-CB1 {'rot': 0.00662}
  t=   4.12  cb_yield           L9-CB0 {'rot': 0.00657}
  t=   4.12  cb_yield           L9-CB1 {'rot': 0.00633}
  t=   4.12  cb_yield           L10-CB0 {'rot': 0.00624}
  t=   4.25  cb_yield           L3-CB0 {'rot': 0.00656}
  t=   4.25  cb_yield           L3-CB1 {'rot': 0.00637}
  t=   4.25  cb_yield           L4-CB2 {'rot': 0.00616}
  t=   4.25  cb_yield           L5-CB2 {'rot': 0.00636}
  t=   4.25  cb_yield           L5-CB3 {'rot': 0.00618}
  t=   4.25  cb_yield           L6-CB2 {'rot': 0.00632}
  t=   4.25  cb_yield           L6-CB3 {'rot': 0.00612}
  t=   4.25  cb_yield           L10-CB1 {'rot': 0.00625}
  t=   8.50  cb_yield           L7-CB3 {'rot': 0.00646}
  t=   8.50  cb_yield           L8-CB3 {'rot': 0.00678}
  t=   8.50  cb_yield           L9-CB2 {'rot': 0.00611}
  t=   8.50  cb_yield           L9-CB3 {'rot': 0.00703}
  t=   8.50  cb_yield           L10-CB2 {'rot': 0.00619}
  t=   8.50  cb_yield           L10-CB3 {'rot': 0.00721}
  t=   8.50  cb_yield           L11-CB2 {'rot': 0.00622}
  t=   8.50  cb_yield           L11-CB3 {'rot': 0.00733}
  t=   8.50  cb_yield           L12-CB2 {'rot': 0.00622}
  t=   8.50  cb_yield           L12-CB3 {'rot': 0.00741}
  t=   8.50  cb_yield           L13-CB2 {'rot': 0.00618}
  t=   8.50  cb_yield           L13-CB3 {'rot': 0.00745}
  t=   8.50  cb_yield           L14-CB2 {'rot': 0.00612}
  t=   8.50  cb_yield           L14-CB3 {'rot': 0.00745}
  t=   8.50  cb_yield           L15-CB3 {'rot': 0.00743}
  t=   8.50  cb_yield           L16-CB3 {'rot': 0.00739}
  t=   8.50  cb_yield           L17-CB3 {'rot': 0.00736}
  t=   8.50  cb_yield           L18-CB3 {'rot': 0.00732}
  t=   8.50  cb_yield           L19-CB3 {'rot': 0.00728}
  t=   8.50  cb_yield           L20-CB3 {'rot': 0.00723}
  t=   8.50  cb_yield           L21-CB3 {'rot': 0.00717}
  t=   8.50  cb_yield           L22-CB3 {'rot': 0.00708}
  t=   8.50  cb_yield           L23-CB3 {'rot': 0.00697}
  t=   8.50  cb_yield           L24-CB3 {'rot': 0.0068}
  t=   8.50  cb_yield           L25-CB3 {'rot': 0.0066}
  t=   8.63  cb_yield           L7-CB2 {'rot': 0.0061}
  t=   8.63  cb_yield           L8-CB2 {'rot': 0.00648}
  t=   8.63  cb_yield           L15-CB2 {'rot': 0.00784}
  t=   8.63  cb_yield           L16-CB2 {'rot': 0.00782}
  t=   8.63  cb_yield           L17-CB2 {'rot': 0.00773}
  t=   8.63  cb_yield           L18-CB2 {'rot': 0.00758}
  t=   8.63  cb_yield           L19-CB2 {'rot': 0.00737}
  t=   8.63  cb_yield           L20-CB2 {'rot': 0.00712}
  t=   8.63  cb_yield           L21-CB2 {'rot': 0.00684}
  t=   8.63  cb_yield           L26-CB3 {'rot': 0.00687}
  t=   8.75  cb_yield           L11-CB1 {'rot': 0.00625}
  t=   8.75  cb_yield           L12-CB1 {'rot': 0.00627}
  t=   8.75  cb_yield           L13-CB1 {'rot': 0.00623}
  t=   8.75  cb_yield           L14-CB1 {'rot': 0.00612}
  t=   8.75  cb_yield           L22-CB2 {'rot': 0.00745}
  t=   8.75  cb_yield           L23-CB2 {'rot': 0.00689}
  progress t=  10.0s  max corner drift so far=0.0036  wall clock=109s
  t=  10.38  cb_yield           L2-CB2 {'rot': 0.0081}
  t=  10.38  cb_yield           L2-CB3 {'rot': 0.00812}
  t=  10.38  cb_yield           L3-CB2 {'rot': 0.00924}
  t=  10.38  cb_yield           L3-CB3 {'rot': 0.00924}
  t=  10.38  cb_yield           L4-CB3 {'rot': 0.0096}
  t=  10.38  cb_yield           L19-CB1 {'rot': 0.0067}
  t=  10.38  cb_yield           L20-CB1 {'rot': 0.00683}
  t=  10.38  cb_yield           L21-CB1 {'rot': 0.00692}
  t=  10.38  cb_yield           L22-CB1 {'rot': 0.00697}
  t=  10.38  cb_yield           L23-CB1 {'rot': 0.00698}
  t=  10.38  cb_yield           L24-CB1 {'rot': 0.00697}
  t=  10.38  cb_yield           L25-CB1 {'rot': 0.00692}
  t=  10.38  cb_yield           L26-CB1 {'rot': 0.00685}
  t=  10.38  cb_yield           L27-CB1 {'rot': 0.00676}
  t=  10.38  cb_yield           L28-CB1 {'rot': 0.00665}
  t=  10.50  cb_yield           L1-CB2 {'rot': 0.00662}
  t=  10.50  cb_yield           L1-CB3 {'rot': 0.00663}
  t=  10.50  cb_yield           L2-CB0 {'rot': 0.00629}
  t=  10.50  cb_yield           L18-CB1 {'rot': 0.00698}
  t=  10.50  cb_yield           L20-CB0 {'rot': 0.00702}
  t=  10.50  cb_yield           L21-CB0 {'rot': 0.00751}
  t=  10.50  cb_yield           L22-CB0 {'rot': 0.00783}
  t=  10.50  cb_yield           L23-CB0 {'rot': 0.008}
  t=  10.50  cb_yield           L24-CB0 {'rot': 0.00801}
  t=  10.50  cb_yield           L25-CB0 {'rot': 0.0079}
  t=  10.50  cb_yield           L26-CB0 {'rot': 0.00768}
  t=  10.50  cb_yield           L27-CB0 {'rot': 0.00737}
  t=  10.50  cb_yield           L28-CB0 {'rot': 0.00701}
  t=  10.50  cb_yield           L29-CB0 {'rot': 0.0066}
  t=  10.50  cb_yield           L29-CB1 {'rot': 0.00847}
  t=  10.50  cb_yield           L30-CB1 {'rot': 0.00803}
  t=  10.50  cb_yield           L31-CB1 {'rot': 0.0076}
  t=  10.50  cb_yield           L32-CB1 {'rot': 0.00725}
  t=  10.50  cb_yield           L33-CB1 {'rot': 0.00705}
  t=  10.63  cb_yield           L1-CB0 {'rot': 0.00639}
  t=  10.63  cb_yield           L2-CB1 {'rot': 0.00747}
  t=  10.75  cb_yield           L1-CB1 {'rot': 0.00695}
  t=  10.88  cb_yield           L11-CB0 {'rot': 0.00768}
  t=  10.88  cb_yield           L12-CB0 {'rot': 0.00659}
  t=  11.00  cb_yield           L13-CB0 {'rot': 0.00873}
  t=  11.00  cb_yield           L14-CB0 {'rot': 0.00776}
  t=  11.00  cb_yield           L15-CB0 {'rot': 0.00691}
  t=  11.00  cb_yield           L15-CB1 {'rot': 0.00722}
  t=  11.00  cb_yield           L16-CB0 {'rot': 0.00618}
  t=  11.00  cb_yield           L16-CB1 {'rot': 0.00645}
  t=  11.13  cb_yield           L17-CB0 {'rot': 0.0103}
  t=  11.13  cb_yield           L17-CB1 {'rot': 0.01063}
  t=  11.13  cb_yield           L18-CB0 {'rot': 0.00973}
  t=  11.13  cb_yield           L19-CB0 {'rot': 0.00927}
  t=  11.38  cb_yield           L24-CB2 {'rot': 0.00691}
  t=  12.75  cb_yield           L27-CB3 {'rot': 0.00759}
  t=  12.75  cb_yield           L28-CB3 {'rot': 0.00693}
  t=  12.88  cb_yield           L25-CB2 {'rot': 0.00681}
  t=  12.88  cb_yield           L29-CB3 {'rot': 0.0079}
  t=  12.88  cb_yield           L30-CB3 {'rot': 0.00725}
  t=  12.88  cb_yield           L31-CB3 {'rot': 0.0066}
  t=  14.13  cb_yield           L26-CB2 {'rot': 0.00727}
  t=  14.13  cb_yield           L27-CB2 {'rot': 0.00678}
  t=  14.13  cb_yield           L32-CB3 {'rot': 0.00683}
  t=  14.38  cb_yield           L33-CB3 {'rot': 0.00719}
  t=  14.50  cb_yield           L28-CB2 {'rot': 0.00667}
  progress t=  20.0s  max corner drift so far=0.0094  wall clock=232s
  t=  20.25  cb_failure         L5-CB1 {'rot': 0.03064}
  t=  20.25  cb_failure         L6-CB1 {'rot': 0.03209}
  t=  20.25  cb_failure         L7-CB1 {'rot': 0.0329}
  t=  20.25  cb_failure         L8-CB1 {'rot': 0.03324}
  t=  20.25  cb_failure         L9-CB1 {'rot': 0.03322}
  t=  20.25  cb_failure         L10-CB1 {'rot': 0.03296}
  t=  20.25  cb_failure         L11-CB1 {'rot': 0.03256}
  t=  20.25  cb_failure         L12-CB1 {'rot': 0.03207}
  t=  20.25  cb_failure         L13-CB1 {'rot': 0.03141}
  t=  20.25  cb_failure         L14-CB1 {'rot': 0.03057}
  t=  20.37  cb_failure         L4-CB1 {'rot': 0.03296}
  t=  20.37  cb_failure         L7-CB0 {'rot': 0.03051}
  t=  20.37  cb_failure         L8-CB0 {'rot': 0.03099}
  t=  20.37  cb_failure         L9-CB0 {'rot': 0.03088}
  t=  20.37  cb_failure         L10-CB0 {'rot': 0.03041}
  t=  20.37  cb_failure         L15-CB1 {'rot': 0.03549}
  t=  20.37  cb_failure         L16-CB1 {'rot': 0.03433}
  t=  20.37  cb_failure         L17-CB1 {'rot': 0.03287}
  t=  20.37  cb_failure         L18-CB1 {'rot': 0.03145}
  t=  20.50  wall_axial_failure S1-F {'gamma': 0.00115, 'eps': -0.00722, 'cause': 'crushing'}
  t=  20.50  cb_failure         L2-CB1 {'rot': 0.03225}
  t=  20.50  cb_failure         L3-CB1 {'rot': 0.03576}
  t=  20.50  cb_failure         L6-CB0 {'rot': 0.03028}
  t=  20.50  cb_failure         L6-CB3 {'rot': 0.03068}
  t=  20.50  cb_failure         L7-CB3 {'rot': 0.03265}
  t=  20.50  cb_failure         L8-CB3 {'rot': 0.03401}
  t=  20.50  cb_failure         L9-CB3 {'rot': 0.03482}
  t=  20.50  cb_failure         L10-CB3 {'rot': 0.03521}
  t=  20.50  cb_failure         L11-CB0 {'rot': 0.03365}
  t=  20.50  cb_failure         L11-CB3 {'rot': 0.03527}
  t=  20.50  cb_failure         L12-CB0 {'rot': 0.03316}
  t=  20.50  cb_failure         L12-CB3 {'rot': 0.0351}
  t=  20.50  cb_failure         L13-CB0 {'rot': 0.03239}
  t=  20.50  cb_failure         L13-CB3 {'rot': 0.03467}
  t=  20.50  cb_failure         L14-CB0 {'rot': 0.03135}
  t=  20.50  cb_failure         L14-CB3 {'rot': 0.03398}
  t=  20.50  cb_failure         L15-CB0 {'rot': 0.03013}
  t=  20.50  cb_failure         L15-CB3 {'rot': 0.03313}
  t=  20.50  cb_failure         L16-CB3 {'rot': 0.03212}
  t=  20.50  cb_failure         L17-CB3 {'rot': 0.03073}
  t=  20.50  cb_failure         L19-CB1 {'rot': 0.03936}
  t=  20.50  cb_failure         L20-CB1 {'rot': 0.03746}
  t=  20.50  cb_failure         L21-CB1 {'rot': 0.0355}
  t=  20.50  cb_failure         L22-CB1 {'rot': 0.0335}
  t=  20.50  cb_failure         L23-CB1 {'rot': 0.03145}
  t=  20.62  cb_failure         L1-CB1 {'rot': 0.06649}
  t=  20.62  cb_failure         L1-CB3 {'rot': 0.04277}
  t=  20.62  cb_failure         L2-CB3 {'rot': 0.04691}
  t=  20.62  cb_failure         L3-CB3 {'rot': 0.05036}
  t=  20.62  cb_failure         L4-CB3 {'rot': 0.05334}
  t=  20.62  cb_failure         L5-CB3 {'rot': 0.0556}
  t=  20.62  cb_failure         L16-CB0 {'rot': 0.03305}
  t=  20.62  cb_failure         L17-CB0 {'rot': 0.03099}
  t=  20.62  cb_failure         L18-CB3 {'rot': 0.05329}
  t=  20.62  cb_failure         L19-CB3 {'rot': 0.05039}
  t=  20.62  cb_failure         L20-CB3 {'rot': 0.04751}
  t=  20.62  cb_failure         L21-CB3 {'rot': 0.04454}
  t=  20.62  cb_failure         L22-CB3 {'rot': 0.04159}
  t=  20.62  cb_failure         L23-CB3 {'rot': 0.03879}
  t=  20.62  cb_failure         L24-CB1 {'rot': 0.04662}
  t=  20.62  cb_failure         L24-CB3 {'rot': 0.03611}
  t=  20.62  cb_failure         L25-CB1 {'rot': 0.0436}
  t=  20.62  cb_failure         L25-CB3 {'rot': 0.03375}
  t=  20.62  cb_failure         L26-CB1 {'rot': 0.04052}
  t=  20.62  cb_failure         L26-CB3 {'rot': 0.0317}
  t=  20.62  cb_failure         L27-CB1 {'rot': 0.03761}
  t=  20.62  cb_failure         L28-CB1 {'rot': 0.03577}
  t=  20.62  cb_failure         L29-CB1 {'rot': 0.0337}
  t=  20.62  cb_failure         L30-CB1 {'rot': 0.03166}
  t=  20.62  cb_failure         L31-CB1 {'rot': 0.03061}
  t=  20.75  cb_failure         L27-CB3 {'rot': 0.09185}
  t=  20.75  cb_failure         L28-CB3 {'rot': 0.09119}
  t=  20.75  cb_failure         L29-CB3 {'rot': 0.09072}
  t=  20.75  cb_failure         L30-CB3 {'rot': 0.09041}
  t=  20.75  cb_failure         L31-CB3 {'rot': 0.09022}
  t=  20.75  cb_failure         L32-CB1 {'rot': 0.09627}
  t=  20.75  cb_failure         L32-CB3 {'rot': 0.09013}
  t=  20.75  cb_failure         L33-CB1 {'rot': 0.09536}
  t=  20.75  cb_failure         L33-CB3 {'rot': 0.08925}
  t=  20.87  cb_yield           L30-CB0 {'rot': 0.00739}
  t=  20.87  cb_yield           L31-CB0 {'rot': 0.00671}
  t=  21.00  cb_yield           L32-CB0 {'rot': 0.00977}
  t=  21.00  cb_yield           L33-CB0 {'rot': 0.00948}
  t=  21.12  cb_failure         L5-CB0 {'rot': 0.03027}
