  t=   2.00  cb_yield           L4-CB0 {'rot': 0.00704}
  t=   2.00  cb_yield           L4-CB1 {'rot': 0.00753}
  t=   2.00  cb_yield           L4-CB2 {'rot': 0.00717}
  t=   2.00  cb_yield           L4-CB3 {'rot': 0.00766}
  t=   2.00  cb_yield           L5-CB0 {'rot': 0.00743}
  t=   2.00  cb_yield           L5-CB1 {'rot': 0.008}
  t=   2.00  cb_yield           L5-CB2 {'rot': 0.00757}
  t=   2.00  cb_yield           L5-CB3 {'rot': 0.00815}
  t=   2.00  cb_yield           L6-CB0 {'rot': 0.00755}
  t=   2.00  cb_yield           L6-CB1 {'rot': 0.0082}
  t=   2.00  cb_yield           L6-CB2 {'rot': 0.0077}
  t=   2.00  cb_yield           L6-CB3 {'rot': 0.00836}
  t=   2.00  cb_yield           L7-CB0 {'rot': 0.00748}
  t=   2.00  cb_yield           L7-CB1 {'rot': 0.00819}
  t=   2.00  cb_yield           L7-CB2 {'rot': 0.00764}
  t=   2.00  cb_yield           L7-CB3 {'rot': 0.00837}
  t=   2.00  cb_yield           L8-CB0 {'rot': 0.00725}
  t=   2.00  cb_yield           L8-CB1 {'rot': 0.00802}
  t=   2.00  cb_yield           L8-CB2 {'rot': 0.00742}
  t=   2.00  cb_yield           L8-CB3 {'rot': 0.0082}
  t=   2.00  cb_yield           L9-CB1 {'rot': 0.00773}
  t=   2.00  cb_yield           L9-CB2 {'rot': 0.00707}
  t=   2.00  cb_yield           L9-CB3 {'rot': 0.00792}
  t=   2.00  cb_yield           L10-CB1 {'rot': 0.00737}
  t=   2.00  cb_yield           L10-CB3 {'rot': 0.00755}
  t=   2.00  cb_yield           L11-CB3 {'rot': 0.00714}
  t=   2.12  cb_yield           L9-CB0 {'rot': 0.00797}
  t=   2.12  cb_yield           L10-CB0 {'rot': 0.00767}
  t=   2.12  cb_yield           L10-CB2 {'rot': 0.00784}
  t=   2.12  cb_yield           L11-CB0 {'rot': 0.0073}
  t=   2.12  cb_yield           L11-CB1 {'rot': 0.0085}
  t=   2.12  cb_yield           L11-CB2 {'rot': 0.00748}
  t=   2.12  cb_yield           L12-CB1 {'rot': 0.00814}
  t=   2.12  cb_yield           L12-CB2 {'rot': 0.00708}
  t=   2.12  cb_yield           L12-CB3 {'rot': 0.00834}
  t=   2.12  cb_yield           L13-CB1 {'rot': 0.00773}
  t=   2.12  cb_yield           L13-CB3 {'rot': 0.00794}
  t=   2.12  cb_yield           L14-CB1 {'rot': 0.00727}
  t=   2.12  cb_yield           L14-CB3 {'rot': 0.00748}
  t=   2.12  cb_yield           L15-CB3 {'rot': 0.00704}
  t=   2.25  cb_yield           L12-CB0 {'rot': 0.00772}
  t=   2.25  cb_yield           L13-CB0 {'rot': 0.00743}
  t=   2.25  cb_yield           L13-CB2 {'rot': 0.00765}
  t=   2.25  cb_yield           L14-CB0 {'rot': 0.00706}
  t=   2.25  cb_yield           L14-CB2 {'rot': 0.0073}
  t=   2.25  cb_yield           L15-CB1 {'rot': 0.00834}
  t=   2.25  cb_yield           L16-CB1 {'rot': 0.00794}
  t=   2.25  cb_yield           L16-CB3 {'rot': 0.00823}
  t=   2.25  cb_yield           L17-CB3 {'rot': 0.00774}
  t=   2.37  cb_yield           L15-CB0 {'rot': 0.00721}
  t=   2.37  cb_yield           L15-CB2 {'rot': 0.00748}
  t=   2.37  cb_yield           L16-CB2 {'rot': 0.00721}
  t=   2.37  cb_yield           L17-CB1 {'rot': 0.00852}
  t=   2.37  cb_yield           L18-CB1 {'rot': 0.00813}
  t=   2.37  cb_yield           L18-CB3 {'rot': 0.00848}
  t=   2.37  cb_yield           L19-CB1 {'rot': 0.00773}
  t=   2.37  cb_yield           L19-CB3 {'rot': 0.00811}
  t=   2.37  cb_yield           L20-CB3 {'rot': 0.00775}
  t=   2.50  cb_yield           L16-CB0 {'rot': 0.00711}
  t=   2.50  cb_yield           L20-CB1 {'rot': 0.00948}
  t=   2.50  cb_yield           L21-CB1 {'rot': 0.00933}
  t=   2.50  cb_yield           L21-CB3 {'rot': 0.00976}
  t=   2.50  cb_yield           L22-CB1 {'rot': 0.00911}
  t=   2.50  cb_yield           L22-CB3 {'rot': 0.00956}
  t=   2.50  cb_yield           L23-CB1 {'rot': 0.00881}
  t=   2.50  cb_yield           L23-CB3 {'rot': 0.00928}
  t=   2.50  cb_yield           L24-CB1 {'rot': 0.00844}
  t=   2.50  cb_yield           L24-CB3 {'rot': 0.00892}
  t=   2.50  cb_yield           L25-CB1 {'rot': 0.00802}
  t=   2.50  cb_yield           L25-CB3 {'rot': 0.0085}
  t=   2.50  cb_yield           L26-CB3 {'rot': 0.00803}
  t=   2.62  cb_yield           L17-CB2 {'rot': 0.0078}
  t=   2.62  cb_yield           L18-CB0 {'rot': 0.00786}
  t=   2.62  cb_yield           L18-CB2 {'rot': 0.00815}
  t=   2.62  cb_yield           L19-CB0 {'rot': 0.0081}
  t=   2.62  cb_yield           L19-CB2 {'rot': 0.0084}
  t=   2.62  cb_yield           L20-CB0 {'rot': 0.00824}
  t=   2.62  cb_yield           L20-CB2 {'rot': 0.00855}
  t=   2.62  cb_yield           L21-CB0 {'rot': 0.00825}
  t=   2.62  cb_yield           L21-CB2 {'rot': 0.00857}
  t=   2.62  cb_yield           L22-CB0 {'rot': 0.0081}
  t=   2.62  cb_yield           L22-CB2 {'rot': 0.00842}
  t=   2.62  cb_yield           L23-CB0 {'rot': 0.00781}
  t=   2.62  cb_yield           L23-CB2 {'rot': 0.00813}
  t=   2.62  cb_yield           L24-CB2 {'rot': 0.0077}
  t=   2.62  cb_yield           L26-CB1 {'rot': 0.00966}
  t=   2.62  cb_yield           L27-CB1 {'rot': 0.00892}
  t=   2.62  cb_yield           L27-CB3 {'rot': 0.00926}
  t=   2.62  cb_yield           L28-CB1 {'rot': 0.0082}
  t=   2.62  cb_yield           L28-CB3 {'rot': 0.00852}
  t=   2.62  cb_yield           L29-CB3 {'rot': 0.00771}
  t=   2.75  cb_yield           L24-CB0 {'rot': 0.00796}
  t=   2.75  cb_yield           L29-CB1 {'rot': 0.00776}
  t=   3.62  cb_yield           L25-CB0 {'rot': 0.00769}
  t=   4.12  cb_yield           L2-CB0 {'rot': 0.0075}
  t=   4.12  cb_yield           L2-CB1 {'rot': 0.00731}
  t=   4.12  cb_yield           L3-CB0 {'rot': 0.00895}
  t=   4.12  cb_yield           L3-CB1 {'rot': 0.00877}
  t=   4.12  cb_yield           L3-CB2 {'rot': 0.00756}
  t=   4.12  cb_yield           L3-CB3 {'rot': 0.00741}
  t=   4.25  cb_yield           L2-CB2 {'rot': 0.00856}
  t=   4.25  cb_yield           L2-CB3 {'rot': 0.00833}
  t=   4.37  cb_yield           L1-CB0 {'rot': 0.00811}
  t=   4.37  cb_yield           L1-CB1 {'rot': 0.0079}
  t=   4.37  cb_yield           L1-CB2 {'rot': 0.00715}
  t=   4.50  cb_yield           L1-CB3 {'rot': 0.00707}
  t=   8.25  cb_yield           L17-CB0 {'rot': 0.00788}
  t=   8.63  cb_yield           L25-CB2 {'rot': 0.0077}
  t=   8.63  cb_yield           L30-CB3 {'rot': 0.00772}
  t=   8.75  cb_yield           L26-CB2 {'rot': 0.01049}
  t=   8.75  cb_yield           L27-CB2 {'rot': 0.00961}
  t=   8.75  cb_yield           L28-CB2 {'rot': 0.00879}
  t=   8.75  cb_yield           L29-CB2 {'rot': 0.00792}
  t=   8.75  cb_yield           L31-CB3 {'rot': 0.01014}
  t=   8.75  cb_yield           L32-CB3 {'rot': 0.00933}
  t=   8.75  cb_yield           L33-CB3 {'rot': 0.00873}
  t=   9.00  cb_yield           L30-CB2 {'rot': 0.00801}
  t=   9.13  cb_yield           L31-CB2 {'rot': 0.00788}
  t=   9.25  cb_yield           L26-CB0 {'rot': 0.00811}
  t=   9.25  cb_yield           L30-CB1 {'rot': 0.00789}
  t=   9.38  cb_yield           L27-CB0 {'rot': 0.00788}
  t=   9.38  cb_yield           L31-CB1 {'rot': 0.00944}
  t=   9.38  cb_yield           L32-CB1 {'rot': 0.00832}
  t=   9.38  cb_yield           L32-CB2 {'rot': 0.00776}
  progress t=  10.0s  max corner drift so far=0.0075  wall clock=119s
  t=  10.50  cb_yield           L28-CB0 {'rot': 0.01243}
  t=  10.50  cb_yield           L29-CB0 {'rot': 0.0118}
  t=  10.50  cb_yield           L30-CB0 {'rot': 0.01093}
  t=  10.50  cb_yield           L31-CB0 {'rot': 0.00998}
  t=  10.50  cb_yield           L32-CB0 {'rot': 0.00915}
  t=  10.50  cb_yield           L33-CB0 {'rot': 0.00874}
  t=  10.50  cb_yield           L33-CB1 {'rot': 0.0129}
  t=  10.75  cb_failure         L3-CB2 {'rot': 0.03487}
  t=  10.75  cb_failure         L3-CB3 {'rot': 0.03357}
  t=  10.75  cb_failure         L4-CB0 {'rot': 0.03135}
  t=  10.75  cb_failure         L4-CB2 {'rot': 0.03856}
  t=  10.75  cb_failure         L4-CB3 {'rot': 0.03693}
  t=  10.75  cb_failure         L5-CB0 {'rot': 0.03214}
  t=  10.75  cb_failure         L5-CB2 {'rot': 0.04011}
  t=  10.75  cb_failure         L5-CB3 {'rot': 0.0381}
  t=  10.75  cb_failure         L6-CB0 {'rot': 0.03102}
  t=  10.75  cb_failure         L6-CB2 {'rot': 0.0396}
  t=  10.75  cb_failure         L6-CB3 {'rot': 0.03716}
  t=  10.75  cb_failure         L7-CB2 {'rot': 0.03754}
  t=  10.75  cb_failure         L7-CB3 {'rot': 0.03474}
  t=  10.75  cb_failure         L8-CB2 {'rot': 0.0344}
  t=  10.75  cb_failure         L8-CB3 {'rot': 0.03121}
  t=  10.88  cb_failure         L2-CB0 {'rot': 0.03389}
  t=  10.88  cb_failure         L2-CB2 {'rot': 0.03716}
  t=  10.88  cb_failure         L2-CB3 {'rot': 0.03723}
  t=  10.88  cb_failure         L3-CB0 {'rot': 0.0376}
  t=  10.88  cb_failure         L3-CB1 {'rot': 0.03375}
  t=  10.88  cb_failure         L4-CB1 {'rot': 0.03619}
  t=  10.88  cb_failure         L5-CB1 {'rot': 0.03644}
  t=  10.88  cb_failure         L6-CB1 {'rot': 0.03479}
  t=  10.88  cb_failure         L7-CB0 {'rot': 0.03457}
  t=  10.88  cb_failure         L7-CB1 {'rot': 0.03196}
  t=  10.88  cb_failure         L8-CB0 {'rot': 0.03106}
  t=  10.88  cb_failure         L9-CB2 {'rot': 0.03509}
  t=  10.88  cb_failure         L9-CB3 {'rot': 0.03216}
  t=  11.00  cb_failure         L1-CB2 {'rot': 0.03129}
  t=  11.00  cb_failure         L1-CB3 {'rot': 0.03157}
  t=  11.00  cb_failure         L2-CB1 {'rot': 0.03548}
  t=  11.00  cb_failure         L8-CB1 {'rot': 0.03343}
  t=  11.00  cb_failure         L10-CB2 {'rot': 0.03159}
  t=  11.13  cb_failure         L1-CB1 {'rot': 0.0311}
  t=  11.13  cb_failure         L9-CB0 {'rot': 0.03397}
  t=  11.13  cb_failure         L9-CB1 {'rot': 0.03373}
  t=  11.13  cb_failure         L10-CB3 {'rot': 0.033}
  t=  11.25  cb_failure         L10-CB0 {'rot': 0.03537}
  t=  11.25  cb_failure         L10-CB1 {'rot': 0.03598}
  t=  11.25  cb_failure         L11-CB2 {'rot': 0.03308}
  t=  11.25  cb_failure         L11-CB3 {'rot': 0.03334}
  t=  11.38  cb_failure         L11-CB0 {'rot': 0.03865}
  t=  11.38  cb_failure         L11-CB1 {'rot': 0.03987}
  t=  11.38  cb_failure         L12-CB0 {'rot': 0.03401}
  t=  11.38  cb_failure         L12-CB1 {'rot': 0.03532}
  t=  11.38  cb_failure         L12-CB2 {'rot': 0.03526}
  t=  11.38  cb_failure         L12-CB3 {'rot': 0.03652}
  t=  11.38  cb_failure         L13-CB3 {'rot': 0.03178}
  t=  11.50  cb_failure         L13-CB0 {'rot': 0.04311}
  t=  11.50  cb_failure         L13-CB1 {'rot': 0.0453}
  t=  11.50  cb_failure         L13-CB2 {'rot': 0.04246}
  t=  11.50  cb_failure         L14-CB0 {'rot': 0.03989}
  t=  11.50  cb_failure         L14-CB1 {'rot': 0.04236}
  t=  11.50  cb_failure         L14-CB2 {'rot': 0.03968}
  t=  11.50  cb_failure         L14-CB3 {'rot': 0.04224}
  t=  11.50  cb_failure         L15-CB0 {'rot': 0.03643}
  t=  11.50  cb_failure         L15-CB1 {'rot': 0.03917}
  t=  11.50  cb_failure         L15-CB2 {'rot': 0.03666}
  t=  11.50  cb_failure         L15-CB3 {'rot': 0.03941}
  t=  11.50  cb_failure         L16-CB0 {'rot': 0.03332}
  t=  11.50  cb_failure         L16-CB1 {'rot': 0.03584}
  t=  11.50  cb_failure         L16-CB2 {'rot': 0.03388}
  t=  11.50  cb_failure         L16-CB3 {'rot': 0.03645}
  t=  11.50  cb_failure         L17-CB1 {'rot': 0.0317}
  t=  11.50  cb_failure         L17-CB3 {'rot': 0.03276}
  t=  11.63  cb_failure         L17-CB0 {'rot': 0.04563}
  t=  11.63  cb_failure         L17-CB2 {'rot': 0.04477}
  t=  11.63  cb_failure         L18-CB0 {'rot': 0.04085}
  t=  11.63  cb_failure         L18-CB1 {'rot': 0.04202}
  t=  11.63  cb_failure         L18-CB2 {'rot': 0.04038}
  t=  11.63  cb_failure         L18-CB3 {'rot': 0.04188}
  t=  11.63  cb_failure         L19-CB0 {'rot': 0.03576}
  t=  11.63  cb_failure         L19-CB1 {'rot': 0.03703}
  t=  11.63  cb_failure         L19-CB2 {'rot': 0.03568}
  t=  11.63  cb_failure         L19-CB3 {'rot': 0.03717}
  t=  11.63  cb_failure         L20-CB0 {'rot': 0.03164}
  t=  11.63  cb_failure         L20-CB1 {'rot': 0.03222}
  t=  11.63  cb_failure         L20-CB2 {'rot': 0.03166}
  t=  11.63  cb_failure         L20-CB3 {'rot': 0.03262}
  t=  11.75  cb_failure         L21-CB0 {'rot': 0.03794}
  t=  11.75  cb_failure         L21-CB1 {'rot': 0.03943}
  t=  11.75  cb_failure         L21-CB2 {'rot': 0.03632}
  t=  11.75  cb_failure         L21-CB3 {'rot': 0.03826}
  t=  11.75  cb_failure         L22-CB0 {'rot': 0.03167}
  t=  11.75  cb_failure         L22-CB1 {'rot': 0.03193}
  t=  11.88  cb_failure         L22-CB2 {'rot': 0.035}
  t=  11.88  cb_failure         L22-CB3 {'rot': 0.03718}
  t=  12.00  cb_failure         L23-CB1 {'rot': 0.03292}
  t=  12.88  cb_yield           L33-CB2 {'rot': 0.00984}
  t=  13.00  cb_failure         L25-CB3 {'rot': 0.03171}
  t=  13.00  cb_failure         L26-CB3 {'rot': 0.03209}
  t=  13.00  cb_failure         L27-CB3 {'rot': 0.03175}
  t=  14.88  cb_failure         L23-CB3 {'rot': 0.03521}
  t=  14.88  cb_failure         L24-CB3 {'rot': 0.03487}
  t=  15.00  cb_failure         L23-CB2 {'rot': 0.0332}
  t=  15.00  cb_failure         L24-CB1 {'rot': 0.0339}
  t=  15.00  cb_failure         L24-CB2 {'rot': 0.03294}
  t=  15.00  cb_failure         L25-CB1 {'rot': 0.03228}
  t=  15.00  cb_failure         L25-CB2 {'rot': 0.03229}
  t=  15.00  cb_failure         L28-CB3 {'rot': 0.04481}
  t=  15.00  cb_failure         L29-CB3 {'rot': 0.04332}
  t=  15.00  cb_failure         L30-CB3 {'rot': 0.04144}
  t=  15.00  cb_failure         L31-CB3 {'rot': 0.03961}
  t=  15.00  cb_failure         L32-CB3 {'rot': 0.03814}
  t=  15.00  cb_failure         L33-CB3 {'rot': 0.03678}
  t=  15.13  cb_failure         L26-CB1 {'rot': 0.04526}
  t=  15.13  cb_failure         L26-CB2 {'rot': 0.03561}
  t=  15.13  cb_failure         L27-CB1 {'rot': 0.04358}
  t=  15.13  cb_failure         L27-CB2 {'rot': 0.03425}
  t=  15.13  cb_failure         L28-CB1 {'rot': 0.04204}
  t=  15.13  cb_failure         L28-CB2 {'rot': 0.03284}
  t=  15.13  cb_failure         L29-CB1 {'rot': 0.04024}
  t=  15.13  cb_failure         L30-CB1 {'rot': 0.03805}
  t=  15.13  cb_failure         L31-CB1 {'rot': 0.0359}
  t=  15.13  cb_failure         L32-CB1 {'rot': 0.03424}
  t=  15.13  cb_failure         L33-CB1 {'rot': 0.03328}
  t=  15.25  cb_failure         L23-CB0 {'rot': 0.03564}
  t=  15.25  cb_failure         L24-CB0 {'rot': 0.03527}
  t=  15.25  cb_failure         L25-CB0 {'rot': 0.03427}
  t=  15.25  cb_failure         L26-CB0 {'rot': 0.03262}
  t=  15.25  cb_failure         L29-CB2 {'rot': 0.03162}
  t=  15.38  cb_failure         L27-CB0 {'rot': 0.03683}
  t=  15.38  cb_failure         L28-CB0 {'rot': 0.03437}
  t=  15.38  cb_failure         L29-CB0 {'rot': 0.03162}
  t=  16.35  wall_axial_failure S1-F {'gamma': 0.0006, 'eps': -0.00693, 'cause': 'crushing'}
