  t=   4.12  cb_yield           L4-CB0 {'rot': 0.00542}
  t=   4.12  cb_yield           L4-CB1 {'rot': 0.00529}
  t=   4.12  cb_yield           L5-CB0 {'rot': 0.00574}
  t=   4.12  cb_yield           L5-CB1 {'rot': 0.00559}
  t=   4.12  cb_yield           L6-CB0 {'rot': 0.00586}
  t=   4.12  cb_yield           L6-CB1 {'rot': 0.00569}
  t=   4.12  cb_yield           L7-CB0 {'rot': 0.00583}
  t=   4.12  cb_yield           L7-CB1 {'rot': 0.00564}
  t=   4.12  cb_yield           L8-CB0 {'rot': 0.00567}
  t=   4.12  cb_yield           L8-CB1 {'rot': 0.00548}
  t=   4.12  cb_yield           L9-CB0 {'rot': 0.00544}
  t=   4.12  cb_yield           L9-CB1 {'rot': 0.00522}
  t=   4.12  cb_yield           L10-CB0 {'rot': 0.00515}
  t=   4.25  cb_yield           L3-CB0 {'rot': 0.00537}
  t=   4.25  cb_yield           L3-CB1 {'rot': 0.00522}
  t=   4.25  cb_yield           L4-CB2 {'rot': 0.00505}
  t=   4.25  cb_yield           L4-CB3 {'rot': 0.00491}
  t=   4.25  cb_yield           L5-CB2 {'rot': 0.00523}
  t=   4.25  cb_yield           L5-CB3 {'rot': 0.00508}
  t=   4.25  cb_yield           L6-CB2 {'rot': 0.0052}
  t=   4.25  cb_yield           L6-CB3 {'rot': 0.00503}
  t=   4.25  cb_yield           L7-CB2 {'rot': 0.005}
  t=   4.25  cb_yield           L10-CB1 {'rot': 0.0051}
  t=   4.25  cb_yield           L11-CB0 {'rot': 0.00498}
  t=   8.38  cb_yield           L9-CB3 {'rot': 0.00497}
  t=   8.38  cb_yield           L10-CB3 {'rot': 0.00502}
  t=   8.38  cb_yield           L11-CB3 {'rot': 0.00505}
  t=   8.38  cb_yield           L12-CB3 {'rot': 0.0051}
  t=   8.38  cb_yield           L13-CB3 {'rot': 0.00515}
  t=   8.38  cb_yield           L14-CB3 {'rot': 0.0052}
  t=   8.38  cb_yield           L15-CB3 {'rot': 0.00525}
  t=   8.38  cb_yield           L16-CB3 {'rot': 0.00529}
  t=   8.50  cb_yield           L7-CB3 {'rot': 0.00567}
  t=   8.50  cb_yield           L8-CB2 {'rot': 0.00512}
  t=   8.50  cb_yield           L8-CB3 {'rot': 0.00597}
  t=   8.50  cb_yield           L9-CB2 {'rot': 0.00526}
  t=   8.50  cb_yield           L10-CB2 {'rot': 0.00533}
  t=   8.50  cb_yield           L11-CB2 {'rot': 0.00537}
  t=   8.50  cb_yield           L12-CB2 {'rot': 0.00537}
  t=   8.50  cb_yield           L13-CB2 {'rot': 0.00534}
  t=   8.50  cb_yield           L14-CB2 {'rot': 0.00528}
  t=   8.50  cb_yield           L15-CB2 {'rot': 0.00522}
  t=   8.50  cb_yield           L16-CB2 {'rot': 0.00515}
  t=   8.50  cb_yield           L17-CB3 {'rot': 0.00655}
  t=   8.50  cb_yield           L18-CB3 {'rot': 0.00651}
  t=   8.50  cb_yield           L19-CB3 {'rot': 0.00647}
  t=   8.50  cb_yield           L20-CB3 {'rot': 0.00642}
  t=   8.50  cb_yield           L21-CB3 {'rot': 0.00636}
  t=   8.50  cb_yield           L22-CB3 {'rot': 0.00627}
  t=   8.50  cb_yield           L23-CB3 {'rot': 0.00616}
  t=   8.50  cb_yield           L24-CB3 {'rot': 0.00602}
  t=   8.50  cb_yield           L25-CB3 {'rot': 0.00584}
  t=   8.50  cb_yield           L26-CB3 {'rot': 0.00562}
  t=   8.63  cb_yield           L11-CB1 {'rot': 0.00493}
  t=   8.63  cb_yield           L17-CB2 {'rot': 0.00656}
  t=   8.63  cb_yield           L18-CB2 {'rot': 0.00641}
  t=   8.63  cb_yield           L19-CB2 {'rot': 0.00622}
  t=   8.63  cb_yield           L20-CB2 {'rot': 0.006}
  t=   8.63  cb_yield           L21-CB2 {'rot': 0.00575}
  t=   8.63  cb_yield           L22-CB2 {'rot': 0.00547}
  t=   8.63  cb_yield           L27-CB3 {'rot': 0.00562}
  t=   8.75  cb_yield           L12-CB1 {'rot': 0.00556}
  t=   8.75  cb_yield           L13-CB1 {'rot': 0.0055}
  t=   8.75  cb_yield           L14-CB1 {'rot': 0.00538}
  t=   8.75  cb_yield           L15-CB1 {'rot': 0.00522}
  t=   8.75  cb_yield           L16-CB1 {'rot': 0.00501}
  t=   8.75  cb_yield           L23-CB2 {'rot': 0.00576}
  t=   9.00  cb_yield           L28-CB3 {'rot': 0.00545}
  progress t=  10.0s  max corner drift so far=0.0029  wall clock=88s
  t=  10.38  cb_yield           L2-CB2 {'rot': 0.00649}
  t=  10.38  cb_yield           L2-CB3 {'rot': 0.00645}
  t=  10.38  cb_yield           L3-CB2 {'rot': 0.00744}
  t=  10.38  cb_yield           L3-CB3 {'rot': 0.00737}
  t=  10.38  cb_yield           L18-CB1 {'rot': 0.00566}
  t=  10.38  cb_yield           L19-CB1 {'rot': 0.00583}
  t=  10.38  cb_yield           L20-CB1 {'rot': 0.00595}
  t=  10.38  cb_yield           L21-CB1 {'rot': 0.00604}
  t=  10.38  cb_yield           L22-CB1 {'rot': 0.00609}
  t=  10.38  cb_yield           L23-CB1 {'rot': 0.00611}
  t=  10.38  cb_yield           L24-CB1 {'rot': 0.0061}
  t=  10.38  cb_yield           L25-CB1 {'rot': 0.00607}
  t=  10.38  cb_yield           L26-CB1 {'rot': 0.00601}
  t=  10.38  cb_yield           L27-CB1 {'rot': 0.00593}
  t=  10.38  cb_yield           L28-CB1 {'rot': 0.00582}
  t=  10.38  cb_yield           L29-CB1 {'rot': 0.00569}
  t=  10.38  cb_yield           L30-CB1 {'rot': 0.00552}
  t=  10.50  cb_yield           L1-CB2 {'rot': 0.00524}
  t=  10.50  cb_yield           L1-CB3 {'rot': 0.00523}
  t=  10.50  cb_yield           L19-CB0 {'rot': 0.00546}
  t=  10.50  cb_yield           L20-CB0 {'rot': 0.00601}
  t=  10.50  cb_yield           L21-CB0 {'rot': 0.00644}
  t=  10.50  cb_yield           L22-CB0 {'rot': 0.00673}
  t=  10.50  cb_yield           L23-CB0 {'rot': 0.00687}
  t=  10.50  cb_yield           L24-CB0 {'rot': 0.00687}
  t=  10.50  cb_yield           L25-CB0 {'rot': 0.00677}
  t=  10.50  cb_yield           L26-CB0 {'rot': 0.00656}
  t=  10.50  cb_yield           L27-CB0 {'rot': 0.00627}
  t=  10.50  cb_yield           L28-CB0 {'rot': 0.00594}
  t=  10.50  cb_yield           L29-CB0 {'rot': 0.00558}
  t=  10.50  cb_yield           L31-CB1 {'rot': 0.00659}
  t=  10.50  cb_yield           L32-CB1 {'rot': 0.00631}
  t=  10.50  cb_yield           L33-CB1 {'rot': 0.00614}
  t=  10.63  cb_yield           L1-CB0 {'rot': 0.005}
  t=  10.63  cb_yield           L2-CB0 {'rot': 0.00674}
  t=  10.63  cb_yield           L2-CB1 {'rot': 0.00645}
  t=  10.75  cb_yield           L1-CB1 {'rot': 0.00584}
  t=  10.88  cb_yield           L12-CB0 {'rot': 0.00638}
  t=  10.88  cb_yield           L13-CB0 {'rot': 0.00542}
  t=  11.00  cb_yield           L14-CB0 {'rot': 0.0076}
  t=  11.00  cb_yield           L15-CB0 {'rot': 0.00676}
  t=  11.00  cb_yield           L16-CB0 {'rot': 0.00605}
  t=  11.13  cb_yield           L17-CB0 {'rot': 0.00975}
  t=  11.13  cb_yield           L17-CB1 {'rot': 0.00963}
  t=  11.13  cb_yield           L18-CB0 {'rot': 0.00916}
  t=  11.38  cb_failure         L13-CB1 {'rot': 0.01916}
  t=  11.38  cb_failure         L14-CB1 {'rot': 0.01967}
  t=  11.38  cb_failure         L15-CB1 {'rot': 0.02001}
  t=  11.38  cb_failure         L16-CB1 {'rot': 0.02015}
  t=  11.38  cb_failure         L17-CB1 {'rot': 0.02007}
  t=  11.38  cb_failure         L18-CB1 {'rot': 0.01976}
  t=  11.50  cb_failure         L12-CB1 {'rot': 0.01944}
  t=  11.50  cb_failure         L13-CB0 {'rot': 0.01917}
  t=  11.50  cb_failure         L14-CB0 {'rot': 0.01972}
  t=  11.50  cb_failure         L15-CB0 {'rot': 0.02005}
  t=  11.50  cb_failure         L16-CB0 {'rot': 0.02014}
  t=  11.50  cb_failure         L17-CB0 {'rot': 0.01999}
  t=  11.50  cb_failure         L18-CB0 {'rot': 0.01957}
  t=  11.50  cb_failure         L19-CB1 {'rot': 0.02016}
  t=  11.50  cb_yield           L24-CB2 {'rot': 0.0055}
  t=  12.88  cb_yield           L29-CB3 {'rot': 0.00634}
  t=  12.88  cb_yield           L30-CB3 {'rot': 0.00581}
  t=  14.00  cb_yield           L25-CB2 {'rot': 0.00597}
  t=  14.00  cb_yield           L26-CB2 {'rot': 0.00588}
  t=  14.00  cb_yield           L27-CB2 {'rot': 0.0057}
  t=  14.00  cb_yield           L28-CB2 {'rot': 0.00545}
  t=  14.00  cb_yield           L31-CB3 {'rot': 0.0068}
  t=  14.00  cb_yield           L32-CB3 {'rot': 0.00635}
  t=  14.00  cb_yield           L33-CB3 {'rot': 0.00609}
  t=  14.13  cb_yield           L29-CB2 {'rot': 0.0061}
  t=  14.13  cb_yield           L30-CB2 {'rot': 0.00556}
  t=  17.13  cb_failure         L7-CB0 {'rot': 0.01907}
  t=  17.13  cb_failure         L8-CB0 {'rot': 0.01947}
  t=  17.13  cb_failure         L8-CB1 {'rot': 0.01926}
  t=  17.13  cb_failure         L9-CB0 {'rot': 0.01963}
  t=  17.13  cb_failure         L9-CB1 {'rot': 0.01941}
  t=  17.13  cb_failure         L10-CB0 {'rot': 0.01957}
  t=  17.13  cb_failure         L10-CB1 {'rot': 0.01932}
  t=  17.13  cb_failure         L11-CB0 {'rot': 0.01932}
  t=  17.13  cb_failure         L11-CB1 {'rot': 0.01904}
  t=  17.13  cb_failure         L12-CB0 {'rot': 0.01893}
  t=  17.25  cb_failure         L5-CB0 {'rot': 0.01901}
  t=  17.25  cb_failure         L5-CB1 {'rot': 0.01892}
  t=  17.25  cb_failure         L6-CB0 {'rot': 0.0202}
  t=  17.25  cb_failure         L6-CB1 {'rot': 0.02014}
  t=  17.25  cb_failure         L7-CB1 {'rot': 0.02095}
  t=  17.75  cb_failure         L19-CB0 {'rot': 0.01945}
  t=  19.50  cb_failure         L5-CB3 {'rot': 0.01954}
  t=  19.50  cb_failure         L6-CB2 {'rot': 0.01903}
  t=  19.50  cb_failure         L6-CB3 {'rot': 0.0204}
  t=  19.50  cb_failure         L7-CB2 {'rot': 0.01919}
  t=  19.50  cb_failure         L7-CB3 {'rot': 0.02074}
  t=  19.50  cb_failure         L8-CB2 {'rot': 0.01897}
  t=  19.50  cb_failure         L8-CB3 {'rot': 0.02072}
  t=  19.50  cb_failure         L9-CB3 {'rot': 0.02041}
  t=  19.50  cb_failure         L10-CB3 {'rot': 0.0199}
  t=  19.50  cb_failure         L11-CB3 {'rot': 0.01926}
  t=  19.62  cb_failure         L4-CB3 {'rot': 0.01905}
  t=  19.62  cb_failure         L5-CB2 {'rot': 0.01944}
  t=  19.62  cb_failure         L9-CB2 {'rot': 0.02187}
  t=  19.62  cb_failure         L10-CB2 {'rot': 0.02158}
  t=  19.62  cb_failure         L11-CB2 {'rot': 0.02101}
  t=  19.62  cb_failure         L12-CB2 {'rot': 0.02016}
  t=  19.62  cb_failure         L12-CB3 {'rot': 0.02308}
  t=  19.62  cb_failure         L13-CB2 {'rot': 0.01899}
  t=  19.62  cb_failure         L13-CB3 {'rot': 0.02217}
  t=  19.62  cb_failure         L14-CB3 {'rot': 0.02097}
  t=  19.62  cb_failure         L15-CB3 {'rot': 0.01959}
  t=  19.75  cb_failure         L14-CB2 {'rot': 0.01915}
  t=  19.75  cb_failure         L16-CB3 {'rot': 0.0211}
  t=  19.75  cb_failure         L17-CB3 {'rot': 0.01951}
  t=  19.87  cb_failure         L3-CB3 {'rot': 0.0193}
  t=  19.87  cb_failure         L4-CB1 {'rot': 0.02081}
  t=  19.87  cb_failure         L18-CB3 {'rot': 0.01945}
  t=  20.00  cb_failure         L3-CB1 {'rot': 0.02087}
  t=  20.00  cb_failure         L4-CB0 {'rot': 0.01984}
  t=  20.00  cb_failure         L4-CB2 {'rot': 0.01892}
  t=  20.00  cb_failure         L19-CB3 {'rot': 0.02036}
  t=  20.00  cb_failure         L20-CB1 {'rot': 0.02203}
  t=  20.00  cb_failure         L20-CB3 {'rot': 0.01984}
  t=  20.00  cb_failure         L21-CB1 {'rot': 0.02129}
  t=  20.00  cb_failure         L21-CB3 {'rot': 0.0195}
  t=  20.00  cb_failure         L22-CB1 {'rot': 0.02043}
  t=  20.00  cb_failure         L23-CB1 {'rot': 0.01963}
  t=  20.00  cb_failure         L26-CB1 {'rot': 0.01973}
  progress t=  20.0s  max corner drift so far=0.0074  wall clock=183s
  t=  20.12  cb_failure         L2-CB1 {'rot': 0.0201}
  t=  20.12  cb_failure         L2-CB3 {'rot': 0.01941}
  t=  20.12  cb_failure         L3-CB0 {'rot': 0.01936}
  t=  20.12  cb_failure         L22-CB3 {'rot': 0.0233}
  t=  20.12  cb_failure         L23-CB3 {'rot': 0.0229}
  t=  20.12  cb_failure         L24-CB1 {'rot': 0.02548}
  t=  20.12  cb_failure         L24-CB3 {'rot': 0.0224}
  t=  20.12  cb_failure         L25-CB1 {'rot': 0.02447}
  t=  20.12  cb_failure         L25-CB3 {'rot': 0.02179}
  t=  20.12  cb_failure         L26-CB3 {'rot': 0.02107}
  t=  20.12  cb_failure         L27-CB1 {'rot': 0.02212}
  t=  20.12  cb_failure         L27-CB3 {'rot': 0.02028}
  t=  20.12  cb_failure         L28-CB1 {'rot': 0.021}
  t=  20.12  cb_failure         L28-CB3 {'rot': 0.01961}
  t=  20.12  cb_failure         L29-CB1 {'rot': 0.01992}
  t=  20.12  cb_failure         L29-CB3 {'rot': 0.01966}
  t=  20.12  cb_failure         L30-CB1 {'rot': 0.01971}
  t=  20.12  cb_failure         L30-CB3 {'rot': 0.01965}
  t=  20.12  cb_failure         L33-CB1 {'rot': 0.0197}
  t=  20.12  cb_failure         L33-CB3 {'rot': 0.01972}
  t=  20.25  wall_axial_failure S1-F {'gamma': 0.00082, 'eps': -0.00678, 'cause': 'crushing'}
  t=  20.25  cb_failure         L1-CB1 {'rot': 0.02688}
  t=  20.25  cb_yield           L30-CB0 {'rot': 0.00655}
  t=  20.25  cb_yield           L31-CB0 {'rot': 0.0059}
  t=  20.25  cb_failure         L31-CB1 {'rot': 0.02692}
  t=  20.25  cb_failure         L31-CB3 {'rot': 0.02454}
  t=  20.25  cb_failure         L32-CB1 {'rot': 0.02643}
  t=  20.25  cb_failure         L32-CB3 {'rot': 0.02419}
