  t=   3.00  cb_yield           L7-CB3 {'rot': 0.00606}
  t=   3.00  cb_yield           L8-CB3 {'rot': 0.00617}
  t=   3.00  cb_yield           L9-CB3 {'rot': 0.00624}
  t=   3.00  cb_yield           L10-CB3 {'rot': 0.00627}
  t=   3.00  cb_yield           L11-CB3 {'rot': 0.00629}
  t=   3.00  cb_yield           L12-CB3 {'rot': 0.00629}
  t=   3.00  cb_yield           L13-CB3 {'rot': 0.00628}
  t=   3.00  cb_yield           L14-CB3 {'rot': 0.00625}
  t=   3.00  cb_yield           L15-CB3 {'rot': 0.0062}
  t=   3.00  cb_yield           L16-CB3 {'rot': 0.00615}
  t=   3.12  cb_yield           L5-CB3 {'rot': 0.00629}
  t=   3.12  cb_yield           L6-CB3 {'rot': 0.00661}
  t=   3.12  cb_yield           L7-CB1 {'rot': 0.00595}
  t=   3.12  cb_yield           L7-CB2 {'rot': 0.00599}
  t=   3.12  cb_yield           L8-CB1 {'rot': 0.006}
  t=   3.12  cb_yield           L8-CB2 {'rot': 0.00603}
  t=   3.12  cb_yield           L9-CB1 {'rot': 0.006}
  t=   3.12  cb_yield           L9-CB2 {'rot': 0.00599}
  t=   3.12  cb_yield           L10-CB1 {'rot': 0.00595}
  t=   3.12  cb_yield           L10-CB2 {'rot': 0.00592}
  t=   3.12  cb_yield           L17-CB3 {'rot': 0.00656}
  t=   3.25  cb_yield           L4-CB3 {'rot': 0.00647}
  t=   3.25  cb_yield           L5-CB1 {'rot': 0.00615}
  t=   3.25  cb_yield           L5-CB2 {'rot': 0.00634}
  t=   3.25  cb_yield           L6-CB1 {'rot': 0.00645}
  t=   3.25  cb_yield           L6-CB2 {'rot': 0.00662}
  t=   3.25  cb_yield           L11-CB1 {'rot': 0.00653}
  t=   3.25  cb_yield           L11-CB2 {'rot': 0.00649}
  t=   3.25  cb_yield           L12-CB1 {'rot': 0.00642}
  t=   3.25  cb_yield           L12-CB2 {'rot': 0.00634}
  t=   3.25  cb_yield           L13-CB1 {'rot': 0.00629}
  t=   3.25  cb_yield           L13-CB2 {'rot': 0.00616}
  t=   3.25  cb_yield           L14-CB1 {'rot': 0.00613}
  t=   3.25  cb_yield           L14-CB2 {'rot': 0.00595}
  t=   3.25  cb_yield           L15-CB1 {'rot': 0.00597}
  t=   3.25  cb_yield           L18-CB3 {'rot': 0.00671}
  t=   3.37  cb_yield           L3-CB3 {'rot': 0.00613}
  t=   3.37  cb_yield           L4-CB1 {'rot': 0.00608}
  t=   3.37  cb_yield           L4-CB2 {'rot': 0.00639}
  t=   3.37  cb_yield           L6-CB0 {'rot': 0.00607}
  t=   3.37  cb_yield           L7-CB0 {'rot': 0.00617}
  t=   3.37  cb_yield           L8-CB0 {'rot': 0.00618}
  t=   3.37  cb_yield           L9-CB0 {'rot': 0.00609}
  t=   3.37  cb_yield           L10-CB0 {'rot': 0.00595}
  t=   3.37  cb_yield           L15-CB2 {'rot': 0.0061}
  t=   3.37  cb_yield           L16-CB1 {'rot': 0.00627}
  t=   3.37  cb_yield           L19-CB3 {'rot': 0.00653}
  t=   3.50  cb_yield           L5-CB0 {'rot': 0.00605}
  t=   3.50  cb_yield           L11-CB0 {'rot': 0.00616}
  t=   3.50  cb_yield           L12-CB0 {'rot': 0.00596}
  t=   3.50  cb_yield           L16-CB2 {'rot': 0.00599}
  t=   3.62  cb_yield           L13-CB0 {'rot': 0.00596}
  t=   3.62  cb_yield           L17-CB1 {'rot': 0.00664}
  t=   3.75  cb_yield           L18-CB1 {'rot': 0.00652}
  t=   5.13  cb_yield           L14-CB0 {'rot': 0.00635}
  t=   5.13  cb_yield           L15-CB0 {'rot': 0.00627}
  t=   5.13  cb_yield           L16-CB0 {'rot': 0.00615}
  t=   5.25  cb_yield           L17-CB0 {'rot': 0.00678}
  t=   5.25  cb_yield           L18-CB0 {'rot': 0.00654}
  t=   5.38  cb_yield           L4-CB0 {'rot': 0.00623}
  t=   5.38  cb_yield           L17-CB2 {'rot': 0.0067}
  t=   5.38  cb_yield           L19-CB0 {'rot': 0.00656}
  t=   5.38  cb_yield           L19-CB1 {'rot': 0.00674}
  t=   5.50  cb_yield           L3-CB0 {'rot': 0.00629}
  t=   5.50  cb_yield           L3-CB1 {'rot': 0.00635}
  t=   5.50  cb_yield           L3-CB2 {'rot': 0.00622}
  t=   5.50  cb_yield           L18-CB2 {'rot': 0.00695}
  t=   5.50  cb_yield           L19-CB2 {'rot': 0.00661}
  t=   5.50  cb_yield           L20-CB3 {'rot': 0.00664}
  t=   5.63  cb_yield           L2-CB0 {'rot': 0.00591}
  t=   5.63  cb_yield           L2-CB1 {'rot': 0.00596}
  t=   5.63  cb_yield           L2-CB3 {'rot': 0.00619}
  t=   5.75  cb_yield           L2-CB2 {'rot': 0.00656}
  t=   9.00  cb_yield           L20-CB1 {'rot': 0.00671}
  t=   9.00  cb_yield           L21-CB1 {'rot': 0.00682}
  t=   9.00  cb_yield           L22-CB1 {'rot': 0.00684}
  t=   9.00  cb_yield           L23-CB1 {'rot': 0.00678}
  t=   9.00  cb_yield           L24-CB1 {'rot': 0.00663}
  t=   9.13  cb_yield           L25-CB1 {'rot': 0.0082}
  t=   9.13  cb_yield           L26-CB1 {'rot': 0.00803}
  t=   9.13  cb_yield           L27-CB1 {'rot': 0.00778}
  t=   9.13  cb_yield           L28-CB1 {'rot': 0.00747}
  t=   9.13  cb_yield           L29-CB1 {'rot': 0.00709}
  t=   9.13  cb_yield           L30-CB1 {'rot': 0.00665}
  t=   9.25  cb_yield           L31-CB1 {'rot': 0.00653}
  t=   9.88  cb_yield           L1-CB0 {'rot': 0.0065}
  t=   9.88  cb_yield           L1-CB1 {'rot': 0.00676}
  t=  10.00  cb_yield           L1-CB2 {'rot': 0.00613}
  t=  10.00  cb_yield           L1-CB3 {'rot': 0.00648}
  progress t=  10.0s  max corner drift so far=0.0037  wall clock=108s
  t=  10.38  cb_yield           L21-CB3 {'rot': 0.00845}
  t=  10.38  cb_yield           L22-CB3 {'rot': 0.00786}
  t=  10.38  cb_yield           L23-CB3 {'rot': 0.00727}
  t=  10.38  cb_yield           L24-CB3 {'rot': 0.00669}
  t=  10.50  cb_yield           L20-CB2 {'rot': 0.00885}
  t=  10.50  cb_yield           L21-CB2 {'rot': 0.00831}
  t=  10.50  cb_yield           L22-CB2 {'rot': 0.00771}
  t=  10.50  cb_yield           L23-CB2 {'rot': 0.00708}
  t=  10.50  cb_yield           L25-CB3 {'rot': 0.00921}
  t=  10.50  cb_yield           L26-CB3 {'rot': 0.0085}
  t=  10.50  cb_yield           L27-CB3 {'rot': 0.00781}
  t=  10.50  cb_yield           L28-CB3 {'rot': 0.00717}
  t=  10.50  cb_yield           L29-CB3 {'rot': 0.00655}
  t=  10.63  cb_yield           L24-CB2 {'rot': 0.00928}
  t=  10.63  cb_yield           L25-CB2 {'rot': 0.00858}
  t=  10.63  cb_yield           L26-CB2 {'rot': 0.00777}
  t=  10.63  cb_yield           L27-CB2 {'rot': 0.00691}
  t=  10.63  cb_yield           L30-CB3 {'rot': 0.00814}
  t=  10.63  cb_yield           L31-CB3 {'rot': 0.00731}
  t=  10.63  cb_yield           L32-CB3 {'rot': 0.00671}
  t=  10.75  cb_yield           L28-CB2 {'rot': 0.00728}
  t=  10.75  cb_yield           L33-CB3 {'rot': 0.00781}
  t=  12.13  cb_yield           L20-CB0 {'rot': 0.00743}
  t=  12.13  cb_yield           L21-CB0 {'rot': 0.00779}
  t=  12.13  cb_yield           L22-CB0 {'rot': 0.00806}
  t=  12.13  cb_yield           L23-CB0 {'rot': 0.00822}
  t=  12.13  cb_yield           L24-CB0 {'rot': 0.00827}
  t=  12.13  cb_yield           L25-CB0 {'rot': 0.00819}
  t=  12.13  cb_yield           L26-CB0 {'rot': 0.008}
  t=  12.13  cb_yield           L27-CB0 {'rot': 0.00769}
  t=  12.13  cb_yield           L28-CB0 {'rot': 0.00732}
  t=  12.13  cb_yield           L29-CB0 {'rot': 0.00684}
  t=  12.13  cb_yield           L32-CB1 {'rot': 0.00888}
  t=  12.13  cb_yield           L33-CB1 {'rot': 0.00833}
  t=  12.25  cb_yield           L30-CB0 {'rot': 0.00804}
  t=  12.25  cb_yield           L31-CB0 {'rot': 0.00715}
  t=  12.63  cb_failure         L9-CB2 {'rot': 0.02019}
  t=  13.13  cb_failure         L10-CB3 {'rot': 0.02039}
  t=  13.13  cb_failure         L11-CB3 {'rot': 0.02101}
  t=  13.13  cb_failure         L12-CB3 {'rot': 0.02148}
  t=  13.13  cb_failure         L13-CB3 {'rot': 0.02174}
  t=  13.13  cb_failure         L14-CB3 {'rot': 0.02174}
  t=  13.13  cb_failure         L15-CB3 {'rot': 0.02154}
  t=  13.13  cb_failure         L16-CB3 {'rot': 0.02113}
  t=  13.25  cb_failure         L12-CB2 {'rot': 0.01995}
  t=  13.25  cb_failure         L13-CB2 {'rot': 0.02133}
  t=  13.25  cb_failure         L14-CB2 {'rot': 0.02239}
  t=  13.25  cb_failure         L15-CB2 {'rot': 0.02316}
  t=  13.25  cb_failure         L16-CB2 {'rot': 0.0236}
  t=  13.25  cb_failure         L17-CB2 {'rot': 0.02376}
  t=  13.25  cb_failure         L17-CB3 {'rot': 0.02613}
  t=  13.25  cb_failure         L18-CB2 {'rot': 0.02356}
  t=  13.25  cb_failure         L18-CB3 {'rot': 0.02582}
  t=  13.25  cb_failure         L19-CB2 {'rot': 0.02298}
  t=  13.25  cb_failure         L19-CB3 {'rot': 0.02516}
  t=  13.25  cb_failure         L20-CB2 {'rot': 0.0221}
  t=  13.25  cb_failure         L20-CB3 {'rot': 0.02422}
  t=  13.25  cb_failure         L21-CB2 {'rot': 0.02083}
  t=  13.25  cb_failure         L21-CB3 {'rot': 0.02293}
  t=  13.25  cb_failure         L22-CB3 {'rot': 0.0213}
  t=  13.38  cb_failure         L17-CB0 {'rot': 0.02274}
  t=  13.38  cb_failure         L22-CB2 {'rot': 0.02469}
  t=  13.38  cb_failure         L23-CB2 {'rot': 0.0223}
  t=  13.38  cb_failure         L23-CB3 {'rot': 0.02311}
  t=  13.50  cb_failure         L24-CB2 {'rot': 0.02147}
  t=  13.50  cb_failure         L24-CB3 {'rot': 0.02117}
  t=  13.50  cb_yield           L29-CB2 {'rot': 0.00797}
  t=  13.63  cb_yield           L30-CB2 {'rot': 0.00731}
  t=  14.25  cb_failure         L26-CB3 {'rot': 0.0211}
  t=  14.25  cb_failure         L27-CB3 {'rot': 0.02136}
  t=  14.25  cb_failure         L28-CB3 {'rot': 0.02176}
  t=  14.25  cb_failure         L29-CB3 {'rot': 0.02108}
  t=  14.25  cb_yield           L31-CB2 {'rot': 0.00846}
  t=  14.25  cb_yield           L32-CB2 {'rot': 0.00764}
  t=  14.25  cb_yield           L33-CB2 {'rot': 0.00725}
  t=  14.38  cb_failure         L9-CB0 {'rot': 0.02108}
  t=  14.38  cb_failure         L25-CB3 {'rot': 0.02365}
  t=  14.38  cb_failure         L30-CB3 {'rot': 0.02281}
  t=  14.38  cb_failure         L31-CB3 {'rot': 0.02194}
  t=  14.38  cb_failure         L32-CB3 {'rot': 0.02119}
  t=  14.38  cb_failure         L33-CB3 {'rot': 0.02068}
  t=  15.13  cb_failure         L6-CB2 {'rot': 0.021}
  t=  15.25  cb_failure         L5-CB3 {'rot': 0.02037}
  t=  15.25  cb_failure         L6-CB3 {'rot': 0.02093}
  t=  15.25  cb_failure         L7-CB3 {'rot': 0.02076}
  t=  15.25  cb_failure         L8-CB2 {'rot': 0.02103}
  t=  15.25  cb_failure         L8-CB3 {'rot': 0.02001}
  t= 15.300  solver fallback: Newton
  t=  15.38  cb_failure         L1-CB3 {'rot': 0.0202}
  t=  15.38  cb_failure         L2-CB3 {'rot': 0.02209}
  t=  15.38  cb_failure         L3-CB3 {'rot': 0.02381}
  t=  15.38  cb_failure         L4-CB3 {'rot': 0.02506}
  t=  15.38  cb_failure         L6-CB1 {'rot': 0.02}
  t=  15.38  cb_failure         L9-CB3 {'rot': 0.02373}
  t=  15.40  wall_axial_failure S1-F {'gamma': 0.00065, 'eps': -0.00812, 'cause': 'crushing'}
  t=  15.50  cb_failure         L1-CB1 {'rot': 0.04193}
  t=  15.50  cb_failure         L2-CB1 {'rot': 0.04612}
  t=  15.50  cb_failure         L3-CB1 {'rot': 0.04872}
  t=  15.50  cb_failure         L4-CB1 {'rot': 0.05019}
  t=  15.50  cb_failure         L5-CB1 {'rot': 0.05067}
  t=  15.50  cb_failure         L7-CB1 {'rot': 0.04951}
  t=  15.50  cb_failure         L8-CB1 {'rot': 0.04843}
  t=  15.50  cb_failure         L9-CB1 {'rot': 0.047}
  t=  15.50  cb_failure         L10-CB1 {'rot': 0.04528}
  t=  15.50  cb_failure         L11-CB1 {'rot': 0.04352}
  t=  15.50  cb_failure         L12-CB1 {'rot': 0.04179}
  t=  15.50  cb_failure         L13-CB1 {'rot': 0.0399}
  t=  15.50  cb_failure         L14-CB1 {'rot': 0.03821}
  t=  15.50  cb_failure         L15-CB1 {'rot': 0.03664}
  t=  15.50  cb_failure         L16-CB1 {'rot': 0.03525}
  t=  15.50  cb_failure         L17-CB1 {'rot': 0.03325}
  t=  15.50  cb_failure         L18-CB1 {'rot': 0.03145}
  t=  15.50  cb_failure         L19-CB1 {'rot': 0.02985}
  t=  15.50  cb_failure         L20-CB1 {'rot': 0.02852}
  t=  15.50  cb_failure         L21-CB1 {'rot': 0.02722}
  t=  15.50  cb_failure         L22-CB1 {'rot': 0.02627}
  t=  15.50  cb_failure         L23-CB1 {'rot': 0.0254}
  t=  15.50  cb_failure         L24-CB1 {'rot': 0.02467}
  t=  15.50  cb_failure         L25-CB1 {'rot': 0.02408}
  t=  15.50  cb_failure         L26-CB1 {'rot': 0.02363}
  t=  15.50  cb_failure         L27-CB1 {'rot': 0.02327}
  t=  15.50  cb_failure         L28-CB1 {'rot': 0.02299}
  t=  15.50  cb_failure         L29-CB1 {'rot': 0.02284}
  t=  15.50  cb_failure         L30-CB1 {'rot': 0.02285}
  t=  15.50  cb_failure         L31-CB1 {'rot': 0.02297}
  t=  15.50  cb_failure         L32-CB1 {'rot': 0.02314}
  t=  15.50  cb_failure         L33-CB1 {'rot': 0.02307}
  t= 15.525  solver fallback: Newton
