  t=   2.12  cb_yield           L9-CB3 {'rot': 0.00492}
  t=   2.25  cb_yield           L10-CB1 {'rot': 0.00494}
  t=   2.25  cb_yield           L10-CB3 {'rot': 0.00502}
  t=   2.25  cb_yield           L11-CB1 {'rot': 0.00497}
  t=   2.25  cb_yield           L11-CB3 {'rot': 0.00507}
  t=   2.25  cb_yield           L12-CB1 {'rot': 0.00498}
  t=   2.25  cb_yield           L12-CB3 {'rot': 0.00509}
  t=   2.25  cb_yield           L13-CB1 {'rot': 0.00494}
  t=   2.25  cb_yield           L13-CB3 {'rot': 0.00506}
  t=   2.25  cb_yield           L14-CB3 {'rot': 0.005}
  t=   2.37  cb_yield           L15-CB3 {'rot': 0.00505}
  t=   2.37  cb_yield           L16-CB3 {'rot': 0.00507}
  t=   2.50  cb_yield           L15-CB1 {'rot': 0.00493}
  t=   2.50  cb_yield           L16-CB1 {'rot': 0.00512}
  t=   2.50  cb_yield           L17-CB3 {'rot': 0.0055}
  t=   2.50  cb_yield           L18-CB1 {'rot': 0.00547}
  t=   2.50  cb_yield           L18-CB3 {'rot': 0.00566}
  t=   2.50  cb_yield           L19-CB1 {'rot': 0.00556}
  t=   2.50  cb_yield           L19-CB3 {'rot': 0.00577}
  t=   2.50  cb_yield           L20-CB1 {'rot': 0.00562}
  t=   2.50  cb_yield           L20-CB3 {'rot': 0.00584}
  t=   2.50  cb_yield           L21-CB1 {'rot': 0.00562}
  t=   2.50  cb_yield           L21-CB3 {'rot': 0.00586}
  t=   2.50  cb_yield           L22-CB1 {'rot': 0.00557}
  t=   2.50  cb_yield           L22-CB3 {'rot': 0.00582}
  t=   2.50  cb_yield           L23-CB1 {'rot': 0.00547}
  t=   2.50  cb_yield           L23-CB3 {'rot': 0.00572}
  t=   2.50  cb_yield           L24-CB3 {'rot': 0.00557}
  t=   2.62  cb_yield           L17-CB1 {'rot': 0.00553}
  t=   2.62  cb_yield           L24-CB1 {'rot': 0.00605}
  t=   2.62  cb_yield           L25-CB1 {'rot': 0.00582}
  t=   2.62  cb_yield           L25-CB3 {'rot': 0.00598}
  t=   2.62  cb_yield           L26-CB1 {'rot': 0.00552}
  t=   2.62  cb_yield           L26-CB3 {'rot': 0.00569}
  t=   4.00  cb_yield           L4-CB0 {'rot': 0.00501}
  t=   4.00  cb_yield           L5-CB0 {'rot': 0.00536}
  t=   4.00  cb_yield           L5-CB1 {'rot': 0.00523}
  t=   4.00  cb_yield           L6-CB0 {'rot': 0.00556}
  t=   4.00  cb_yield           L6-CB1 {'rot': 0.00541}
  t=   4.00  cb_yield           L7-CB0 {'rot': 0.00565}
  t=   4.00  cb_yield           L7-CB1 {'rot': 0.00548}
  t=   4.00  cb_yield           L8-CB0 {'rot': 0.00563}
  t=   4.00  cb_yield           L8-CB1 {'rot': 0.00544}
  t=   4.00  cb_yield           L9-CB0 {'rot': 0.00555}
  t=   4.00  cb_yield           L9-CB1 {'rot': 0.00533}
  t=   4.00  cb_yield           L10-CB0 {'rot': 0.00541}
  t=   4.00  cb_yield           L11-CB0 {'rot': 0.00522}
  t=   4.00  cb_yield           L12-CB0 {'rot': 0.00502}
  t=   4.12  cb_yield           L3-CB0 {'rot': 0.00588}
  t=   4.12  cb_yield           L3-CB1 {'rot': 0.0057}
  t=   4.12  cb_yield           L3-CB2 {'rot': 0.00508}
  t=   4.12  cb_yield           L3-CB3 {'rot': 0.00492}
  t=   4.12  cb_yield           L4-CB1 {'rot': 0.00639}
  t=   4.12  cb_yield           L4-CB2 {'rot': 0.00559}
  t=   4.12  cb_yield           L4-CB3 {'rot': 0.00542}
  t=   4.12  cb_yield           L5-CB2 {'rot': 0.00584}
  t=   4.12  cb_yield           L5-CB3 {'rot': 0.00564}
  t=   4.12  cb_yield           L6-CB2 {'rot': 0.00586}
  t=   4.12  cb_yield           L6-CB3 {'rot': 0.00564}
  t=   4.12  cb_yield           L7-CB2 {'rot': 0.00571}
  t=   4.12  cb_yield           L7-CB3 {'rot': 0.00546}
  t=   4.12  cb_yield           L8-CB2 {'rot': 0.00542}
  t=   4.12  cb_yield           L8-CB3 {'rot': 0.00515}
  t=   4.12  cb_yield           L9-CB2 {'rot': 0.00504}
  t=   4.12  cb_yield           L13-CB0 {'rot': 0.00504}
  t=   4.25  cb_yield           L2-CB0 {'rot': 0.0055}
  t=   4.25  cb_yield           L2-CB1 {'rot': 0.00532}
  t=   8.38  cb_yield           L10-CB2 {'rot': 0.00525}
  t=   8.38  cb_yield           L11-CB2 {'rot': 0.00515}
  t=   8.38  cb_yield           L12-CB2 {'rot': 0.00508}
  t=   8.38  cb_yield           L13-CB2 {'rot': 0.00502}
  t=   8.38  cb_yield           L14-CB2 {'rot': 0.00496}
  t=   8.38  cb_yield           L15-CB2 {'rot': 0.00493}
  t=   8.38  cb_yield           L27-CB1 {'rot': 0.00561}
  t=   8.50  cb_yield           L14-CB1 {'rot': 0.00508}
  t=   8.50  cb_yield           L16-CB2 {'rot': 0.00627}
  t=   8.50  cb_yield           L17-CB2 {'rot': 0.00613}
  t=   8.50  cb_yield           L18-CB2 {'rot': 0.00601}
  t=   8.50  cb_yield           L19-CB2 {'rot': 0.0059}
  t=   8.50  cb_yield           L20-CB2 {'rot': 0.0058}
  t=   8.50  cb_yield           L21-CB2 {'rot': 0.00569}
  t=   8.50  cb_yield           L22-CB2 {'rot': 0.00556}
  t=   8.50  cb_yield           L27-CB3 {'rot': 0.00648}
  t=   8.50  cb_yield           L28-CB3 {'rot': 0.00612}
  t=   8.50  cb_yield           L29-CB3 {'rot': 0.00572}
  t=   8.63  cb_yield           L23-CB2 {'rot': 0.00645}
  t=   8.63  cb_yield           L24-CB2 {'rot': 0.00605}
  t=   8.63  cb_yield           L25-CB2 {'rot': 0.00563}
  t=   8.63  cb_yield           L30-CB3 {'rot': 0.00575}
  t=   8.75  cb_yield           L14-CB0 {'rot': 0.00541}
  t=   8.75  cb_yield           L15-CB0 {'rot': 0.00522}
  t=   8.75  cb_yield           L16-CB0 {'rot': 0.00497}
  t=   8.88  cb_yield           L26-CB2 {'rot': 0.00548}
  t=   8.88  cb_yield           L31-CB3 {'rot': 0.00549}
  t=   9.00  cb_yield           L32-CB3 {'rot': 0.00616}
  t=   9.00  cb_yield           L33-CB3 {'rot': 0.00603}
  progress t=  10.0s  max corner drift so far=0.0037  wall clock=89s
  t=  10.38  cb_yield           L1-CB2 {'rot': 0.00582}
  t=  10.38  cb_yield           L1-CB3 {'rot': 0.00574}
  t=  10.38  cb_yield           L2-CB2 {'rot': 0.00802}
  t=  10.38  cb_yield           L2-CB3 {'rot': 0.00786}
  t=  10.38  cb_yield           L17-CB0 {'rot': 0.00572}
  t=  10.38  cb_yield           L18-CB0 {'rot': 0.00595}
  t=  10.38  cb_yield           L19-CB0 {'rot': 0.00611}
  t=  10.38  cb_yield           L20-CB0 {'rot': 0.00622}
  t=  10.38  cb_yield           L21-CB0 {'rot': 0.00627}
  t=  10.38  cb_yield           L22-CB0 {'rot': 0.00628}
  t=  10.38  cb_yield           L23-CB0 {'rot': 0.00624}
  t=  10.38  cb_yield           L24-CB0 {'rot': 0.00617}
  t=  10.38  cb_yield           L25-CB0 {'rot': 0.00606}
  t=  10.38  cb_yield           L26-CB0 {'rot': 0.00593}
  t=  10.38  cb_yield           L27-CB0 {'rot': 0.00577}
  t=  10.38  cb_yield           L28-CB0 {'rot': 0.00559}
  t=  10.38  cb_yield           L28-CB1 {'rot': 0.00765}
  t=  10.38  cb_yield           L29-CB1 {'rot': 0.00747}
  t=  10.38  cb_yield           L30-CB1 {'rot': 0.00724}
  t=  10.38  cb_yield           L31-CB1 {'rot': 0.00698}
  t=  10.38  cb_yield           L32-CB1 {'rot': 0.00675}
  t=  10.38  cb_yield           L33-CB1 {'rot': 0.00659}
  t=  10.50  cb_yield           L1-CB0 {'rot': 0.00525}
  t=  10.50  cb_yield           L29-CB0 {'rot': 0.00676}
  t=  10.50  cb_yield           L30-CB0 {'rot': 0.00629}
  t=  10.50  cb_yield           L31-CB0 {'rot': 0.00584}
  t=  10.50  cb_yield           L32-CB0 {'rot': 0.00547}
  t=  10.63  cb_yield           L1-CB1 {'rot': 0.00539}
  t=  11.25  cb_failure         L8-CB0 {'rot': 0.01899}
  t=  11.25  cb_failure         L8-CB1 {'rot': 0.0191}
  t=  11.25  cb_failure         L9-CB0 {'rot': 0.01937}
  t=  11.25  cb_failure         L9-CB1 {'rot': 0.01951}
  t=  11.25  cb_failure         L10-CB0 {'rot': 0.01962}
  t=  11.25  cb_failure         L10-CB1 {'rot': 0.01978}
  t=  11.25  cb_failure         L11-CB0 {'rot': 0.01977}
  t=  11.25  cb_failure         L11-CB1 {'rot': 0.01994}
  t=  11.25  cb_failure         L12-CB0 {'rot': 0.01987}
  t=  11.25  cb_failure         L12-CB1 {'rot': 0.02003}
  t=  11.25  cb_failure         L13-CB0 {'rot': 0.01985}
  t=  11.25  cb_failure         L13-CB1 {'rot': 0.01999}
  t=  11.25  cb_failure         L14-CB0 {'rot': 0.01964}
  t=  11.25  cb_failure         L14-CB1 {'rot': 0.01978}
  t=  11.25  cb_failure         L15-CB0 {'rot': 0.01932}
  t=  11.25  cb_failure         L15-CB1 {'rot': 0.01945}
  t=  11.25  cb_failure         L16-CB0 {'rot': 0.01892}
  t=  11.25  cb_failure         L16-CB1 {'rot': 0.019}
  t=  11.38  cb_failure         L14-CB3 {'rot': 0.01899}
  t=  11.38  cb_failure         L15-CB3 {'rot': 0.01912}
  t=  11.38  cb_failure         L16-CB3 {'rot': 0.01907}
  t=  11.38  cb_failure         L17-CB0 {'rot': 0.02388}
  t=  11.38  cb_failure         L17-CB1 {'rot': 0.02502}
  t=  11.38  cb_failure         L18-CB0 {'rot': 0.02334}
  t=  11.38  cb_failure         L18-CB1 {'rot': 0.02449}
  t=  11.38  cb_failure         L19-CB0 {'rot': 0.02254}
  t=  11.38  cb_failure         L19-CB1 {'rot': 0.02368}
  t=  11.38  cb_failure         L20-CB0 {'rot': 0.02152}
  t=  11.38  cb_failure         L20-CB1 {'rot': 0.02264}
  t=  11.38  cb_failure         L21-CB0 {'rot': 0.02011}
  t=  11.38  cb_failure         L21-CB1 {'rot': 0.02129}
  t=  11.38  cb_failure         L22-CB1 {'rot': 0.01957}
  t= 11.375  solver fallback: Newton
  t=  11.50  cb_failure         L12-CB3 {'rot': 0.01892}
  t=  11.50  cb_failure         L13-CB3 {'rot': 0.01965}
  t=  11.50  cb_failure         L15-CB2 {'rot': 0.01902}
  t=  11.50  cb_failure         L16-CB2 {'rot': 0.01918}
  t=  11.50  cb_failure         L17-CB3 {'rot': 0.02059}
  t=  11.50  cb_failure         L18-CB3 {'rot': 0.02021}
  t=  11.50  cb_failure         L19-CB3 {'rot': 0.01953}
  t=  11.50  cb_failure         L22-CB0 {'rot': 0.02064}
  t=  11.50  cb_failure         L23-CB1 {'rot': 0.01947}
  t= 11.500  solver fallback: Newton
  t=  11.63  cb_failure         L14-CB2 {'rot': 0.01895}
  t=  11.63  cb_failure         L17-CB2 {'rot': 0.01952}
  t=  12.75  cb_yield           L27-CB2 {'rot': 0.0061}
  t=  12.75  cb_yield           L28-CB2 {'rot': 0.00556}
  t=  13.63  cb_yield           L29-CB2 {'rot': 0.00663}
  t=  13.63  cb_yield           L30-CB2 {'rot': 0.00618}
  t=  13.63  cb_yield           L31-CB2 {'rot': 0.00569}
  t= 14.350  solver fallback: Newton
  t=  14.38  cb_failure         L20-CB2 {'rot': 0.01973}
  t=  14.38  cb_failure         L20-CB3 {'rot': 0.02369}
  t=  14.38  cb_failure         L21-CB3 {'rot': 0.02374}
  t=  14.38  cb_failure         L22-CB3 {'rot': 0.0236}
  t=  14.38  cb_failure         L23-CB3 {'rot': 0.02327}
  t=  14.38  cb_failure         L24-CB3 {'rot': 0.02275}
  t=  14.38  cb_failure         L25-CB3 {'rot': 0.02202}
  t=  14.38  cb_failure         L26-CB3 {'rot': 0.02111}
  t=  14.38  cb_failure         L27-CB3 {'rot': 0.02006}
  t=  14.38  cb_failure         L28-CB3 {'rot': 0.01968}
  t=  14.38  cb_failure         L33-CB3 {'rot': 0.01983}
  t=  14.50  cb_failure         L10-CB3 {'rot': 0.0198}
  t=  14.50  cb_failure         L11-CB3 {'rot': 0.02127}
  t=  14.50  cb_failure         L29-CB3 {'rot': 0.0195}
  t=  14.50  cb_yield           L32-CB2 {'rot': 0.00596}
  t=  14.50  cb_yield           L33-CB2 {'rot': 0.00569}
  t= 14.600  solver fallback: Newton
  t=  14.63  cb_failure         L8-CB3 {'rot': 0.02014}
  t=  14.63  cb_failure         L9-CB3 {'rot': 0.02145}
  t=  14.63  cb_failure         L30-CB3 {'rot': 0.01997}
  t=  14.63  cb_failure         L31-CB3 {'rot': 0.01946}
  t=  14.75  cb_failure         L6-CB3 {'rot': 0.02049}
  t=  14.75  cb_failure         L7-CB3 {'rot': 0.02216}
  t=  14.75  cb_failure         L24-CB1 {'rot': 0.01945}
  t= 14.750  solver fallback: Newton
  t= 14.775  solver fallback: Newton
  t=  14.88  cb_failure         L5-CB3 {'rot': 0.01896}
  t=  14.88  cb_failure         L7-CB1 {'rot': 0.01914}
  t=  14.88  cb_failure         L29-CB1 {'rot': 0.01972}
  t=  14.88  cb_failure         L30-CB1 {'rot': 0.01974}
  t=  14.88  cb_failure         L31-CB1 {'rot': 0.01974}
  t=  14.88  cb_failure         L32-CB1 {'rot': 0.01977}
  t=  14.88  cb_failure         L32-CB3 {'rot': 0.02076}
  t=  14.88  cb_failure         L33-CB1 {'rot': 0.01981}
  t=  15.13  cb_failure         L4-CB3 {'rot': 0.01947}
  t=  15.13  cb_failure         L6-CB1 {'rot': 0.01926}
  t=  15.13  cb_failure         L25-CB1 {'rot': 0.02024}
  t=  15.13  cb_failure         L26-CB1 {'rot': 0.01947}
  t=  17.13  cb_failure         L5-CB0 {'rot': 0.01951}
  t=  17.13  cb_failure         L6-CB0 {'rot': 0.02063}
  t=  17.13  cb_failure         L7-CB0 {'rot': 0.02136}
  t=  17.13  cb_failure         L7-CB2 {'rot': 0.01932}
  t=  17.13  cb_failure         L8-CB2 {'rot': 0.01993}
  t=  17.13  cb_failure         L9-CB2 {'rot': 0.02042}
  t=  17.13  cb_failure         L10-CB2 {'rot': 0.02075}
  t=  17.13  cb_failure         L11-CB2 {'rot': 0.02093}
  t=  17.13  cb_failure         L12-CB2 {'rot': 0.02103}
  t=  17.13  cb_failure         L13-CB2 {'rot': 0.02098}
  t=  17.25  cb_failure         L4-CB0 {'rot': 0.02019}
  t=  17.25  cb_failure         L4-CB1 {'rot': 0.01929}
  t=  17.25  cb_failure         L5-CB1 {'rot': 0.02134}
  t=  17.25  cb_failure         L5-CB2 {'rot': 0.01911}
  t=  17.25  cb_failure         L6-CB2 {'rot': 0.02039}
  t=  17.25  cb_failure         L18-CB2 {'rot': 0.02018}
  t=  17.25  cb_failure         L23-CB2 {'rot': 0.01977}
  t=  17.38  cb_failure         L19-CB2 {'rot': 0.02132}
  t=  17.50  cb_failure         L23-CB0 {'rot': 0.01983}
  t=  17.50  cb_failure         L24-CB0 {'rot': 0.01952}
  t=  17.63  cb_failure         L25-CB0 {'rot': 0.01971}
  t=  17.63  cb_failure         L26-CB0 {'rot': 0.01979}
  t=  17.63  cb_yield           L33-CB0 {'rot': 0.00625}
  t=  17.75  cb_failure         L27-CB0 {'rot': 0.0198}
  t= 17.850  solver fallback: Newton
  t= 17.875  solver fallback: Newton
  t=  18.00  cb_failure         L3-CB0 {'rot': 0.01903}
  t=  18.13  cb_failure         L3-CB1 {'rot': 0.02075}
  t=  19.87  cb_failure         L3-CB3 {'rot': 0.01911}
  progress t=  20.0s  max corner drift so far=0.0113  wall clock=194s
  t=  20.12  cb_failure         L2-CB1 {'rot': 0.02101}
  t=  20.12  cb_failure         L2-CB3 {'rot': 0.02236}
  t=  20.12  cb_failure         L4-CB2 {'rot': 0.02071}
  t=  20.12  cb_failure         L27-CB1 {'rot': 0.02359}
  t=  20.12  cb_failure         L28-CB1 {'rot': 0.02283}
  t=  20.25  cb_failure         L1-CB1 {'rot': 0.02787}
  t=  20.25  cb_failure         L1-CB3 {'rot': 0.02069}
  t=  20.25  cb_failure         L2-CB0 {'rot': 0.02091}
  t=  20.25  cb_failure         L3-CB2 {'rot': 0.02015}
  t=  20.27  wall_axial_failure S1-F {'gamma': 0.0009, 'eps': -0.00859, 'cause': 'crushing'}
