  t=   2.62  cb_yield           L20-CB3 {'rot': 0.00664}
  t=   2.62  cb_yield           L21-CB1 {'rot': 0.00657}
  t=   2.62  cb_yield           L21-CB3 {'rot': 0.00674}
  t=   2.62  cb_yield           L22-CB1 {'rot': 0.00658}
  t=   2.62  cb_yield           L22-CB3 {'rot': 0.00675}
  t=   2.62  cb_yield           L23-CB3 {'rot': 0.00669}
  t=   2.62  cb_yield           L24-CB3 {'rot': 0.00655}
  t=   4.12  cb_yield           L4-CB0 {'rot': 0.00619}
  t=   4.12  cb_yield           L4-CB1 {'rot': 0.00607}
  t=   4.12  cb_yield           L5-CB0 {'rot': 0.00657}
  t=   4.12  cb_yield           L5-CB1 {'rot': 0.00643}
  t=   4.12  cb_yield           L6-CB0 {'rot': 0.00673}
  t=   4.12  cb_yield           L6-CB1 {'rot': 0.00659}
  t=   4.12  cb_yield           L7-CB0 {'rot': 0.00673}
  t=   4.12  cb_yield           L7-CB1 {'rot': 0.00657}
  t=   4.12  cb_yield           L8-CB0 {'rot': 0.00661}
  t=   4.12  cb_yield           L8-CB1 {'rot': 0.00644}
  t=   4.12  cb_yield           L9-CB0 {'rot': 0.0064}
  t=   4.12  cb_yield           L9-CB1 {'rot': 0.0062}
  t=   4.12  cb_yield           L10-CB0 {'rot': 0.00613}
  t=   4.12  cb_yield           L10-CB1 {'rot': 0.0059}
  t=   4.25  cb_yield           L3-CB0 {'rot': 0.00671}
  t=   4.25  cb_yield           L3-CB1 {'rot': 0.00654}
  t=   4.25  cb_yield           L4-CB2 {'rot': 0.0064}
  t=   4.25  cb_yield           L4-CB3 {'rot': 0.00624}
  t=   4.25  cb_yield           L5-CB2 {'rot': 0.00664}
  t=   4.25  cb_yield           L5-CB3 {'rot': 0.00647}
  t=   4.25  cb_yield           L6-CB2 {'rot': 0.00663}
  t=   4.25  cb_yield           L6-CB3 {'rot': 0.00644}
  t=   4.25  cb_yield           L7-CB2 {'rot': 0.0064}
  t=   4.25  cb_yield           L7-CB3 {'rot': 0.00621}
  t=   4.25  cb_yield           L8-CB2 {'rot': 0.00602}
  t=   4.25  cb_yield           L11-CB0 {'rot': 0.00638}
  t=   4.25  cb_yield           L11-CB1 {'rot': 0.00601}
  t=   4.37  cb_yield           L3-CB2 {'rot': 0.00606}
  t=   7.88  cb_yield           L3-CB3 {'rot': 0.00659}
  t=   7.88  cb_yield           L8-CB3 {'rot': 0.0063}
  t=   8.00  cb_yield           L9-CB2 {'rot': 0.00606}
  t=   8.00  cb_yield           L9-CB3 {'rot': 0.00704}
  t=   8.00  cb_yield           L10-CB3 {'rot': 0.00656}
  t=   8.00  cb_yield           L11-CB3 {'rot': 0.00602}
  t=   8.13  cb_yield           L10-CB2 {'rot': 0.00628}
  t=   8.13  cb_yield           L12-CB3 {'rot': 0.00654}
  t=   8.13  cb_yield           L13-CB3 {'rot': 0.00605}
  t=   8.25  cb_yield           L11-CB2 {'rot': 0.00591}
  t=   8.25  cb_yield           L14-CB3 {'rot': 0.00624}
  t=   8.25  cb_yield           L15-CB3 {'rot': 0.00591}
  t=   8.38  cb_yield           L16-CB3 {'rot': 0.00664}
  t=   8.38  cb_yield           L17-CB3 {'rot': 0.00653}
  t=   8.50  cb_yield           L12-CB2 {'rot': 0.00656}
  t=   8.50  cb_yield           L13-CB2 {'rot': 0.00649}
  t=   8.50  cb_yield           L14-CB2 {'rot': 0.0064}
  t=   8.50  cb_yield           L15-CB2 {'rot': 0.00632}
  t=   8.50  cb_yield           L16-CB2 {'rot': 0.00627}
  t=   8.50  cb_yield           L18-CB3 {'rot': 0.00811}
  t=   8.50  cb_yield           L19-CB3 {'rot': 0.0081}
  t=   8.50  cb_yield           L25-CB3 {'rot': 0.00719}
  t=   8.50  cb_yield           L26-CB3 {'rot': 0.00684}
  t=   8.63  cb_yield           L12-CB1 {'rot': 0.00612}
  t=   8.63  cb_yield           L13-CB1 {'rot': 0.00619}
  t=   8.63  cb_yield           L14-CB1 {'rot': 0.00621}
  t=   8.63  cb_yield           L15-CB1 {'rot': 0.0062}
  t=   8.63  cb_yield           L16-CB1 {'rot': 0.00617}
  t=   8.63  cb_yield           L17-CB2 {'rot': 0.0082}
  t=   8.63  cb_yield           L18-CB2 {'rot': 0.00813}
  t=   8.63  cb_yield           L19-CB2 {'rot': 0.00802}
  t=   8.63  cb_yield           L20-CB2 {'rot': 0.0079}
  t=   8.63  cb_yield           L21-CB2 {'rot': 0.00775}
  t=   8.63  cb_yield           L22-CB2 {'rot': 0.00757}
  t=   8.63  cb_yield           L23-CB2 {'rot': 0.00736}
  t=   8.63  cb_yield           L24-CB2 {'rot': 0.0071}
  t=   8.63  cb_yield           L25-CB2 {'rot': 0.0068}
  t=   8.63  cb_yield           L27-CB3 {'rot': 0.00859}
  t=   8.63  cb_yield           L28-CB3 {'rot': 0.00817}
  t=   8.63  cb_yield           L29-CB3 {'rot': 0.00768}
  t=   8.63  cb_yield           L30-CB3 {'rot': 0.0071}
  t=   8.75  cb_yield           L17-CB1 {'rot': 0.00722}
  t=   8.75  cb_yield           L18-CB1 {'rot': 0.0071}
  t=   8.75  cb_yield           L19-CB1 {'rot': 0.00691}
  t=   8.75  cb_yield           L20-CB1 {'rot': 0.00666}
  t=   8.75  cb_yield           L26-CB2 {'rot': 0.00709}
  t=   8.75  cb_yield           L31-CB3 {'rot': 0.00704}
  t=   8.75  cb_yield           L32-CB3 {'rot': 0.00661}
  t=   9.00  cb_yield           L33-CB3 {'rot': 0.00667}
  progress t=  10.0s  max corner drift so far=0.0041  wall clock=84s
  t=  10.38  cb_yield           L1-CB2 {'rot': 0.00649}
  t=  10.38  cb_yield           L1-CB3 {'rot': 0.00643}
  t=  10.38  cb_yield           L2-CB2 {'rot': 0.00893}
  t=  10.38  cb_yield           L2-CB3 {'rot': 0.00884}
  t=  10.38  cb_yield           L19-CB0 {'rot': 0.00666}
  t=  10.38  cb_yield           L20-CB0 {'rot': 0.00699}
  t=  10.38  cb_yield           L21-CB0 {'rot': 0.00723}
  t=  10.38  cb_yield           L22-CB0 {'rot': 0.00738}
  t=  10.38  cb_yield           L23-CB0 {'rot': 0.00742}
  t=  10.38  cb_yield           L23-CB1 {'rot': 0.00933}
  t=  10.38  cb_yield           L24-CB0 {'rot': 0.00737}
  t=  10.38  cb_yield           L24-CB1 {'rot': 0.00934}
  t=  10.38  cb_yield           L25-CB0 {'rot': 0.00722}
  t=  10.38  cb_yield           L25-CB1 {'rot': 0.00925}
  t=  10.38  cb_yield           L26-CB0 {'rot': 0.00701}
  t=  10.38  cb_yield           L26-CB1 {'rot': 0.00909}
  t=  10.38  cb_yield           L27-CB0 {'rot': 0.00675}
  t=  10.38  cb_yield           L27-CB1 {'rot': 0.00888}
  t=  10.38  cb_yield           L28-CB1 {'rot': 0.00863}
  t=  10.38  cb_yield           L29-CB1 {'rot': 0.00834}
  t=  10.38  cb_yield           L30-CB1 {'rot': 0.00798}
  t=  10.38  cb_yield           L31-CB1 {'rot': 0.0076}
  t=  10.38  cb_yield           L32-CB1 {'rot': 0.00726}
  t=  10.38  cb_yield           L33-CB1 {'rot': 0.00704}
  t=  10.50  cb_yield           L1-CB0 {'rot': 0.00648}
  t=  10.50  cb_yield           L2-CB0 {'rot': 0.00843}
  t=  10.50  cb_yield           L2-CB1 {'rot': 0.00709}
  t=  10.50  cb_yield           L18-CB0 {'rot': 0.00661}
  t=  10.50  cb_yield           L28-CB0 {'rot': 0.00747}
  t=  10.50  cb_yield           L29-CB0 {'rot': 0.00702}
  t=  10.63  cb_yield           L1-CB1 {'rot': 0.00659}
  t=  10.88  cb_yield           L12-CB0 {'rot': 0.00658}
  t=  11.00  cb_yield           L13-CB0 {'rot': 0.00858}
  t=  11.00  cb_yield           L14-CB0 {'rot': 0.00746}
  t=  11.00  cb_yield           L15-CB0 {'rot': 0.0065}
  t=  11.13  cb_yield           L16-CB0 {'rot': 0.01041}
  t=  11.13  cb_yield           L17-CB0 {'rot': 0.00942}
  t=  11.38  cb_failure         L9-CB1 {'rot': 0.02059}
  t=  11.38  cb_failure         L10-CB0 {'rot': 0.02005}
  t=  11.38  cb_failure         L10-CB1 {'rot': 0.02155}
  t=  11.38  cb_failure         L11-CB0 {'rot': 0.02085}
  t=  11.38  cb_failure         L11-CB1 {'rot': 0.02242}
  t=  11.38  cb_failure         L12-CB0 {'rot': 0.02162}
  t=  11.38  cb_failure         L12-CB1 {'rot': 0.02325}
  t=  11.38  cb_failure         L13-CB0 {'rot': 0.02227}
  t=  11.38  cb_failure         L13-CB1 {'rot': 0.02394}
  t=  11.38  cb_failure         L14-CB0 {'rot': 0.02269}
  t=  11.38  cb_failure         L14-CB1 {'rot': 0.0244}
  t=  11.38  cb_failure         L15-CB0 {'rot': 0.02292}
  t=  11.38  cb_failure         L15-CB1 {'rot': 0.02466}
  t=  11.38  cb_failure         L15-CB3 {'rot': 0.01996}
  t=  11.38  cb_failure         L16-CB0 {'rot': 0.02295}
  t=  11.38  cb_failure         L16-CB1 {'rot': 0.02471}
  t=  11.38  cb_failure         L16-CB3 {'rot': 0.02001}
  t=  11.38  cb_failure         L17-CB0 {'rot': 0.02272}
  t=  11.38  cb_failure         L17-CB1 {'rot': 0.02451}
  t=  11.38  cb_failure         L18-CB0 {'rot': 0.02225}
  t=  11.38  cb_failure         L18-CB1 {'rot': 0.02406}
  t=  11.38  cb_failure         L19-CB0 {'rot': 0.02153}
  t=  11.38  cb_failure         L19-CB1 {'rot': 0.02336}
  t=  11.38  cb_failure         L20-CB0 {'rot': 0.02062}
  t=  11.38  cb_failure         L20-CB1 {'rot': 0.02247}
  t=  11.38  cb_failure         L21-CB1 {'rot': 0.02131}
  t=  11.50  cb_failure         L13-CB3 {'rot': 0.02026}
  t=  11.50  cb_failure         L14-CB3 {'rot': 0.02105}
  t=  11.50  cb_failure         L15-CB2 {'rot': 0.01993}
  t=  11.50  cb_failure         L16-CB2 {'rot': 0.02024}
  t=  11.50  cb_failure         L17-CB3 {'rot': 0.02217}
  t=  11.50  cb_failure         L18-CB3 {'rot': 0.02202}
  t=  11.50  cb_failure         L19-CB3 {'rot': 0.02154}
  t=  11.50  cb_failure         L20-CB3 {'rot': 0.02077}
  t=  11.50  cb_failure         L21-CB0 {'rot': 0.02362}
  t=  11.50  cb_failure         L22-CB0 {'rot': 0.0215}
  t=  11.50  cb_failure         L22-CB1 {'rot': 0.02297}
  t=  11.63  cb_failure         L17-CB2 {'rot': 0.02107}
  t=  11.63  cb_failure         L18-CB2 {'rot': 0.02085}
  t=  12.75  cb_yield           L27-CB2 {'rot': 0.00659}
  t=  14.25  cb_yield           L28-CB2 {'rot': 0.00784}
  t=  14.25  cb_yield           L29-CB2 {'rot': 0.00697}
  t=  14.38  cb_failure         L12-CB3 {'rot': 0.02018}
  t=  14.38  cb_failure         L21-CB3 {'rot': 0.0245}
  t=  14.38  cb_failure         L22-CB3 {'rot': 0.02445}
  t=  14.38  cb_failure         L23-CB3 {'rot': 0.0242}
  t=  14.38  cb_failure         L24-CB3 {'rot': 0.02373}
  t=  14.38  cb_failure         L25-CB3 {'rot': 0.02302}
  t=  14.38  cb_failure         L26-CB3 {'rot': 0.02207}
  t=  14.38  cb_failure         L27-CB3 {'rot': 0.02093}
  t=  14.50  cb_failure         L10-CB3 {'rot': 0.02098}
  t=  14.50  cb_failure         L11-CB3 {'rot': 0.0224}
  t=  14.50  cb_failure         L28-CB3 {'rot': 0.0214}
  t=  14.50  cb_failure         L29-CB3 {'rot': 0.02053}
  t=  14.50  cb_yield           L30-CB2 {'rot': 0.00665}
  t=  14.50  cb_failure         L33-CB3 {'rot': 0.02323}
  t=  14.63  cb_failure         L7-CB3 {'rot': 0.02042}
  t=  14.63  cb_failure         L8-CB3 {'rot': 0.02167}
  t=  14.63  cb_failure         L9-CB3 {'rot': 0.02293}
  t=  14.63  cb_failure         L30-CB3 {'rot': 0.02099}
  t= 14.625  solver fallback: Newton
  t=  14.75  cb_failure         L5-CB3 {'rot': 0.02018}
  t=  14.75  cb_failure         L6-CB3 {'rot': 0.02221}
  t=  14.75  cb_failure         L8-CB1 {'rot': 0.02064}
  t=  14.75  cb_failure         L31-CB3 {'rot': 0.02096}
  t=  14.88  cb_failure         L7-CB1 {'rot': 0.02076}
  t=  14.88  cb_failure         L28-CB1 {'rot': 0.02196}
  t=  14.88  cb_failure         L31-CB1 {'rot': 0.02118}
  t=  14.88  cb_failure         L32-CB3 {'rot': 0.02236}
  t=  15.00  cb_failure         L4-CB3 {'rot': 0.02097}
  t=  15.00  cb_failure         L32-CB1 {'rot': 0.02253}
  t=  15.00  cb_failure         L33-CB1 {'rot': 0.02292}
  t=  15.13  cb_failure         L4-CB1 {'rot': 0.02004}
  t=  15.13  cb_failure         L6-CB1 {'rot': 0.02048}
  t=  15.13  cb_failure         L23-CB1 {'rot': 0.02228}
  t=  15.13  cb_failure         L24-CB1 {'rot': 0.02178}
  t=  15.13  cb_failure         L25-CB1 {'rot': 0.02113}
  t=  15.25  cb_failure         L3-CB3 {'rot': 0.02015}
  t=  17.13  cb_failure         L5-CB0 {'rot': 0.02071}
  t=  17.13  cb_failure         L6-CB0 {'rot': 0.0216}
  t=  17.13  cb_failure         L7-CB0 {'rot': 0.02208}
  t=  17.13  cb_failure         L7-CB2 {'rot': 0.01996}
  t=  17.13  cb_failure         L8-CB0 {'rot': 0.0222}
  t=  17.13  cb_failure         L8-CB2 {'rot': 0.02051}
  t=  17.13  cb_failure         L9-CB0 {'rot': 0.02198}
  t=  17.13  cb_failure         L9-CB2 {'rot': 0.02093}
  t=  17.13  cb_failure         L10-CB2 {'rot': 0.02123}
  t=  17.13  cb_failure         L11-CB2 {'rot': 0.02142}
  t=  17.13  cb_failure         L12-CB2 {'rot': 0.02158}
  t=  17.13  cb_failure         L13-CB2 {'rot': 0.02161}
  t=  17.13  cb_failure         L14-CB2 {'rot': 0.02143}
  t=  17.25  cb_failure         L4-CB0 {'rot': 0.02128}
  t=  17.25  cb_failure         L5-CB1 {'rot': 0.0219}
  t=  17.25  cb_failure         L5-CB2 {'rot': 0.02022}
  t=  17.25  cb_failure         L6-CB2 {'rot': 0.02149}
  t=  17.38  cb_failure         L19-CB2 {'rot': 0.02164}
  t=  17.38  cb_failure         L20-CB2 {'rot': 0.02062}
  t=  17.63  cb_failure         L23-CB0 {'rot': 0.02083}
  t=  17.75  cb_failure         L24-CB0 {'rot': 0.02061}
  t=  17.75  cb_failure         L25-CB0 {'rot': 0.02223}
  t=  17.75  cb_yield           L30-CB0 {'rot': 0.00825}
  t=  17.75  cb_yield           L31-CB0 {'rot': 0.00703}
  t=  17.88  cb_yield           L32-CB0 {'rot': 0.00686}
  t=  17.88  cb_yield           L33-CB0 {'rot': 0.00657}
  t=  18.00  cb_failure         L3-CB0 {'rot': 0.01992}
  t=  18.13  cb_failure         L2-CB1 {'rot': 0.02014}
  t=  18.13  cb_failure         L3-CB1 {'rot': 0.0211}
  progress t=  20.0s  max corner drift so far=0.0123  wall clock=180s
  t=  20.12  cb_failure         L2-CB3 {'rot': 0.02141}
  t=  20.12  cb_failure         L26-CB1 {'rot': 0.0237}
  t=  20.12  cb_failure         L27-CB1 {'rot': 0.02274}
  t=  20.12  cb_failure         L29-CB1 {'rot': 0.02117}
  t=  20.25  cb_failure         L1-CB1 {'rot': 0.02594}
  t=  20.25  cb_failure         L2-CB0 {'rot': 0.02015}
  t=  20.25  cb_failure         L4-CB2 {'rot': 0.02019}
  t=  20.25  cb_failure         L30-CB1 {'rot': 0.02958}
  t=  20.27  wall_axial_failure S1-F {'gamma': 0.00085, 'eps': -0.00854, 'cause': 'crushing'}
  t=  20.37  cb_failure         L1-CB3 {'rot': 0.06107}
  t=  20.75  cb_failure         L26-CB0 {'rot': 0.02141}
