  t=   8.00  cb_yield           L5-CB3 {'rot': 0.00442}
  t=   8.00  cb_yield           L6-CB3 {'rot': 0.00451}
  t=   8.00  cb_yield           L7-CB3 {'rot': 0.00448}
  t=   8.00  cb_yield           L8-CB3 {'rot': 0.00437}
  t=   8.00  cb_yield           L9-CB3 {'rot': 0.00421}
  t=   8.13  cb_yield           L4-CB3 {'rot': 0.0045}
  t=   8.13  cb_yield           L5-CB2 {'rot': 0.00431}
  t=   8.13  cb_yield           L6-CB1 {'rot': 0.00422}
  t=   8.13  cb_yield           L6-CB2 {'rot': 0.00444}
  t=   8.13  cb_yield           L7-CB1 {'rot': 0.00432}
  t=   8.13  cb_yield           L7-CB2 {'rot': 0.00446}
  t=   8.13  cb_yield           L8-CB1 {'rot': 0.00435}
  t=   8.13  cb_yield           L8-CB2 {'rot': 0.00439}
  t=   8.13  cb_yield           L9-CB1 {'rot': 0.00433}
  t=   8.13  cb_yield           L9-CB2 {'rot': 0.00421}
  t=   8.13  cb_yield           L10-CB1 {'rot': 0.00427}
  t=   8.13  cb_yield           L10-CB3 {'rot': 0.00475}
  t=   8.13  cb_yield           L11-CB3 {'rot': 0.00452}
  t=   8.13  cb_yield           L12-CB3 {'rot': 0.00425}
  t=   8.25  cb_yield           L11-CB1 {'rot': 0.00419}
  t=   8.25  cb_yield           L13-CB3 {'rot': 0.00425}
  t=   8.38  cb_yield           L4-CB2 {'rot': 0.00419}
  t=   8.50  cb_yield           L14-CB3 {'rot': 0.00432}
  t=   8.50  cb_yield           L15-CB3 {'rot': 0.00423}
  t=   8.63  cb_yield           L16-CB3 {'rot': 0.00519}
  t=   8.63  cb_yield           L17-CB3 {'rot': 0.00524}
  t=   8.63  cb_yield           L18-CB3 {'rot': 0.00529}
  t=   8.63  cb_yield           L19-CB3 {'rot': 0.00532}
  t=   8.63  cb_yield           L20-CB3 {'rot': 0.00534}
  t=   8.63  cb_yield           L21-CB3 {'rot': 0.00536}
  t=   8.63  cb_yield           L22-CB3 {'rot': 0.00536}
  t=   8.63  cb_yield           L23-CB3 {'rot': 0.00534}
  t=   8.63  cb_yield           L24-CB3 {'rot': 0.00528}
  t=   8.63  cb_yield           L25-CB3 {'rot': 0.00519}
  t=   8.63  cb_yield           L26-CB3 {'rot': 0.00506}
  t=   8.63  cb_yield           L27-CB3 {'rot': 0.00489}
  t=   8.63  cb_yield           L28-CB3 {'rot': 0.00469}
  t=   8.75  cb_yield           L14-CB2 {'rot': 0.00433}
  t=   8.75  cb_yield           L15-CB2 {'rot': 0.00452}
  t=   8.75  cb_yield           L16-CB1 {'rot': 0.00418}
  t=   8.75  cb_yield           L16-CB2 {'rot': 0.00467}
  t=   8.75  cb_yield           L17-CB2 {'rot': 0.0048}
  t=   8.75  cb_yield           L18-CB2 {'rot': 0.00487}
  t=   8.75  cb_yield           L19-CB2 {'rot': 0.0049}
  t=   8.75  cb_yield           L20-CB2 {'rot': 0.00488}
  t=   8.75  cb_yield           L21-CB2 {'rot': 0.00483}
  t=   8.75  cb_yield           L22-CB2 {'rot': 0.00474}
  t=   8.75  cb_yield           L29-CB3 {'rot': 0.00546}
  t=   8.75  cb_yield           L30-CB3 {'rot': 0.00514}
  t=   8.75  cb_yield           L31-CB3 {'rot': 0.00483}
  t=   8.88  cb_yield           L13-CB2 {'rot': 0.00435}
  t=   8.88  cb_yield           L15-CB1 {'rot': 0.00432}
  t=   8.88  cb_yield           L17-CB1 {'rot': 0.00466}
  t=   8.88  cb_yield           L18-CB1 {'rot': 0.00476}
  t=   8.88  cb_yield           L19-CB1 {'rot': 0.0048}
  t=   8.88  cb_yield           L20-CB1 {'rot': 0.0048}
  t=   8.88  cb_yield           L21-CB1 {'rot': 0.00474}
  t=   8.88  cb_yield           L23-CB2 {'rot': 0.00545}
  t=   8.88  cb_yield           L24-CB2 {'rot': 0.00517}
  t=   8.88  cb_yield           L25-CB2 {'rot': 0.00483}
  t=   8.88  cb_yield           L32-CB3 {'rot': 0.00464}
  progress t=  10.0s  max corner drift so far=0.0019  wall clock=92s
  t=  10.38  cb_yield           L2-CB2 {'rot': 0.00435}
  t=  10.38  cb_yield           L3-CB2 {'rot': 0.00506}
  t=  10.38  cb_yield           L3-CB3 {'rot': 0.00476}
  t=  10.38  cb_yield           L22-CB1 {'rot': 0.00557}
  t=  10.38  cb_yield           L23-CB1 {'rot': 0.00574}
  t=  10.38  cb_yield           L24-CB1 {'rot': 0.00585}
  t=  10.38  cb_yield           L25-CB1 {'rot': 0.00589}
  t=  10.38  cb_yield           L26-CB1 {'rot': 0.00585}
  t=  10.38  cb_yield           L27-CB1 {'rot': 0.00576}
  t=  10.38  cb_yield           L28-CB1 {'rot': 0.0056}
  t=  10.38  cb_yield           L29-CB1 {'rot': 0.0054}
  t=  10.38  cb_yield           L30-CB1 {'rot': 0.00515}
  t=  10.38  cb_yield           L31-CB1 {'rot': 0.00489}
  t=  10.38  cb_yield           L32-CB1 {'rot': 0.00465}
  t=  10.50  cb_yield           L2-CB3 {'rot': 0.00549}
  t=  10.50  cb_yield           L3-CB0 {'rot': 0.0047}
  t=  10.50  cb_yield           L3-CB1 {'rot': 0.00463}
  t=  10.50  cb_yield           L4-CB0 {'rot': 0.00487}
  t=  10.50  cb_yield           L4-CB1 {'rot': 0.00479}
  t=  10.50  cb_yield           L5-CB0 {'rot': 0.00472}
  t=  10.50  cb_yield           L5-CB1 {'rot': 0.00462}
  t=  10.50  cb_yield           L6-CB0 {'rot': 0.00435}
  t=  10.50  cb_yield           L10-CB2 {'rot': 0.00475}
  t=  10.50  cb_yield           L20-CB0 {'rot': 0.00476}
  t=  10.50  cb_yield           L21-CB0 {'rot': 0.00503}
  t=  10.50  cb_yield           L22-CB0 {'rot': 0.0052}
  t=  10.50  cb_yield           L23-CB0 {'rot': 0.00527}
  t=  10.50  cb_yield           L24-CB0 {'rot': 0.00525}
  t=  10.50  cb_yield           L25-CB0 {'rot': 0.00514}
  t=  10.50  cb_yield           L26-CB0 {'rot': 0.00497}
  t=  10.50  cb_yield           L27-CB0 {'rot': 0.00474}
  t=  10.50  cb_yield           L33-CB1 {'rot': 0.00526}
  t=  10.63  cb_yield           L1-CB2 {'rot': 0.00458}
  t=  10.63  cb_yield           L1-CB3 {'rot': 0.00438}
  t=  10.63  cb_yield           L2-CB0 {'rot': 0.00488}
  t=  10.63  cb_yield           L2-CB1 {'rot': 0.00488}
  t=  10.63  cb_yield           L7-CB0 {'rot': 0.00518}
  t=  10.63  cb_yield           L8-CB0 {'rot': 0.00453}
  t=  10.63  cb_yield           L11-CB2 {'rot': 0.0049}
  t=  10.75  cb_yield           L9-CB0 {'rot': 0.00453}
  t=  10.75  cb_yield           L12-CB2 {'rot': 0.00438}
  t=  10.88  cb_yield           L10-CB0 {'rot': 0.00432}
  t=  11.00  cb_yield           L11-CB0 {'rot': 0.00441}
  t=  11.13  cb_yield           L12-CB0 {'rot': 0.00489}
  t=  11.13  cb_yield           L12-CB1 {'rot': 0.0048}
  t=  11.13  cb_yield           L13-CB0 {'rot': 0.00476}
  t=  11.13  cb_yield           L13-CB1 {'rot': 0.00464}
  t=  11.13  cb_yield           L14-CB0 {'rot': 0.00459}
  t=  11.13  cb_yield           L14-CB1 {'rot': 0.00444}
  t=  11.13  cb_yield           L15-CB0 {'rot': 0.00441}
  t=  11.13  cb_yield           L16-CB0 {'rot': 0.00421}
  t=  11.25  cb_yield           L17-CB0 {'rot': 0.00591}
  t=  11.25  cb_yield           L18-CB0 {'rot': 0.00593}
  t=  11.25  cb_yield           L19-CB0 {'rot': 0.00591}
  t=  14.00  cb_yield           L33-CB3 {'rot': 0.00501}
  t=  14.13  cb_yield           L26-CB2 {'rot': 0.00491}
  t=  14.13  cb_yield           L27-CB2 {'rot': 0.0047}
  t=  17.00  cb_yield           L1-CB0 {'rot': 0.00439}
  t=  17.00  cb_yield           L1-CB1 {'rot': 0.00427}
  progress t=  20.0s  max corner drift so far=0.0037  wall clock=185s
  t=  20.25  cb_failure         L8-CB1 {'rot': 0.01881}
  t=  20.25  cb_failure         L9-CB1 {'rot': 0.01939}
  t=  20.25  cb_failure         L10-CB1 {'rot': 0.01983}
  t=  20.25  cb_failure         L11-CB1 {'rot': 0.02015}
  t=  20.25  cb_failure         L12-CB1 {'rot': 0.02042}
  t=  20.25  cb_failure         L13-CB1 {'rot': 0.02059}
  t=  20.25  cb_failure         L14-CB1 {'rot': 0.02063}
  t=  20.25  cb_failure         L15-CB1 {'rot': 0.02059}
  t=  20.25  cb_failure         L16-CB1 {'rot': 0.02048}
  t=  20.25  cb_failure         L17-CB1 {'rot': 0.02028}
  t=  20.25  cb_failure         L18-CB1 {'rot': 0.02004}
  t=  20.25  cb_failure         L19-CB1 {'rot': 0.01979}
  t=  20.25  cb_failure         L20-CB1 {'rot': 0.01954}
  t=  20.25  cb_failure         L21-CB1 {'rot': 0.01927}
  t=  20.25  cb_failure         L22-CB1 {'rot': 0.01896}
  t=  20.25  cb_failure         L23-CB1 {'rot': 0.01863}
  t=  20.25  cb_yield           L28-CB0 {'rot': 0.00525}
  t=  20.25  cb_yield           L29-CB0 {'rot': 0.0047}
  t=  20.37  cb_failure         L7-CB1 {'rot': 0.0187}
  t=  20.37  cb_failure         L24-CB1 {'rot': 0.01868}
  t=  20.87  cb_failure         L25-CB1 {'rot': 0.01896}
  t=  20.87  cb_yield           L30-CB0 {'rot': 0.00586}
  t=  20.87  cb_yield           L31-CB0 {'rot': 0.00527}
  t=  20.87  cb_yield           L32-CB0 {'rot': 0.00483}
  t=  21.00  cb_yield           L33-CB0 {'rot': 0.00631}
  t=  25.25  cb_failure         L12-CB3 {'rot': 0.01834}
  t=  25.25  cb_failure         L13-CB3 {'rot': 0.01869}
  t=  25.25  cb_failure         L14-CB3 {'rot': 0.01885}
  t=  25.25  cb_failure         L15-CB3 {'rot': 0.01883}
  t=  25.25  cb_failure         L16-CB3 {'rot': 0.01865}
  t=  25.37  cb_failure         L10-CB3 {'rot': 0.01819}
  t=  25.37  cb_failure         L11-CB3 {'rot': 0.01874}
  t=  25.37  cb_failure         L17-CB3 {'rot': 0.01928}
  t=  25.37  cb_failure         L18-CB3 {'rot': 0.01886}
  t=  25.50  cb_failure         L19-CB3 {'rot': 0.01917}
  t=  25.50  cb_failure         L20-CB3 {'rot': 0.01892}
  t=  25.50  cb_failure         L21-CB3 {'rot': 0.01864}
  t=  25.62  cb_failure         L22-CB3 {'rot': 0.02028}
  t=  25.62  cb_failure         L23-CB3 {'rot': 0.02024}
  t=  25.62  cb_failure         L24-CB3 {'rot': 0.02011}
  t=  25.62  cb_failure         L25-CB3 {'rot': 0.01991}
  t=  25.62  cb_failure         L26-CB1 {'rot': 0.0198}
  t=  25.62  cb_failure         L26-CB3 {'rot': 0.01964}
  t=  25.62  cb_failure         L27-CB1 {'rot': 0.01944}
  t=  25.62  cb_failure         L27-CB3 {'rot': 0.01931}
  t=  25.62  cb_failure         L28-CB1 {'rot': 0.01905}
  t=  25.62  cb_yield           L28-CB2 {'rot': 0.00515}
  t=  25.62  cb_failure         L28-CB3 {'rot': 0.01897}
  t=  25.75  cb_failure         L9-CB3 {'rot': 0.01834}
  t=  25.75  cb_failure         L29-CB1 {'rot': 0.01956}
  t=  25.75  cb_yield           L29-CB2 {'rot': 0.00525}
  t=  25.75  cb_failure         L29-CB3 {'rot': 0.01989}
  t=  25.75  cb_failure         L30-CB1 {'rot': 0.01901}
  t=  25.75  cb_yield           L30-CB2 {'rot': 0.00467}
  t=  25.75  cb_failure         L30-CB3 {'rot': 0.01944}
  t=  25.75  cb_failure         L31-CB3 {'rot': 0.01897}
  t=  25.75  cb_failure         L32-CB3 {'rot': 0.01864}
  t=  25.87  cb_failure         L6-CB1 {'rot': 0.01917}
  t=  25.87  cb_failure         L6-CB3 {'rot': 0.01829}
  t=  25.87  cb_failure         L7-CB3 {'rot': 0.01884}
  t=  25.87  cb_failure         L8-CB3 {'rot': 0.01919}
  t=  26.00  cb_failure         L5-CB1 {'rot': 0.01927}
  t=  26.12  cb_failure         L8-CB0 {'rot': 0.01871}
  t=  26.12  cb_failure         L9-CB0 {'rot': 0.01895}
  t=  26.12  cb_failure         L10-CB0 {'rot': 0.01897}
  t=  26.12  cb_failure         L11-CB0 {'rot': 0.01881}
  t=  26.12  cb_failure         L12-CB0 {'rot': 0.01851}
  t=  26.25  cb_failure         L7-CB0 {'rot': 0.01905}
  t=  26.25  cb_failure         L13-CB0 {'rot': 0.0197}
  t=  26.25  cb_failure         L14-CB0 {'rot': 0.01909}
  t=  26.25  cb_failure         L15-CB0 {'rot': 0.01831}
  t=  26.62  cb_failure         L31-CB1 {'rot': 0.01885}
  t=  26.75  cb_failure         L32-CB1 {'rot': 0.01967}
  t=  26.75  cb_failure         L33-CB1 {'rot': 0.01949}
  progress t=  30.0s  max corner drift so far=0.0064  wall clock=277s
  t=  33.00  cb_yield           L31-CB2 {'rot': 0.0061}
  t=  33.00  cb_yield           L32-CB2 {'rot': 0.00559}
  t=  33.00  cb_yield           L33-CB2 {'rot': 0.00532}
  progress t=  40.0s  max corner drift so far=0.0064  wall clock=367s
  t=  47.87  cb_failure         L33-CB3 {'rot': 0.01907}
  t=  48.62  cb_failure         L5-CB3 {'rot': 0.01923}
  t=  48.75  cb_failure         L4-CB1 {'rot': 0.01821}
  t=  48.75  cb_failure         L4-CB3 {'rot': 0.01946}
  t=  48.75  cb_failure         L6-CB2 {'rot': 0.0182}
  t=  49.37  cb_failure         L15-CB2 {'rot': 0.01828}
  t=  49.37  cb_failure         L16-CB2 {'rot': 0.01874}
  t=  49.37  cb_failure         L17-CB2 {'rot': 0.01898}
  t=  49.37  cb_failure         L18-CB2 {'rot': 0.01894}
  t=  49.37  cb_failure         L19-CB2 {'rot': 0.01867}
  t=  49.50  cb_failure         L20-CB2 {'rot': 0.01924}
  t=  49.50  cb_failure         L21-CB2 {'rot': 0.01883}
  progress t=  50.0s  max corner drift so far=0.0064  wall clock=457s
  t=  59.25  cb_failure         L7-CB2 {'rot': 0.0185}
  t=  59.25  cb_failure         L8-CB2 {'rot': 0.01926}
  t=  59.25  cb_failure         L9-CB2 {'rot': 0.01981}
  t=  59.25  cb_failure         L10-CB2 {'rot': 0.02018}
  t=  59.25  cb_failure         L11-CB2 {'rot': 0.02042}
  t=  59.25  cb_failure         L12-CB2 {'rot': 0.02056}
  t=  59.25  cb_failure         L13-CB2 {'rot': 0.02055}
  t=  59.25  cb_failure         L14-CB2 {'rot': 0.02033}
  t=  59.50  cb_failure         L16-CB0 {'rot': 0.01898}
  t=  59.62  cb_failure         L5-CB2 {'rot': 0.01872}
  t=  59.62  cb_failure         L17-CB0 {'rot': 0.01904}
  t=  59.62  cb_failure         L22-CB2 {'rot': 0.01984}
  t=  59.62  cb_failure         L23-CB2 {'rot': 0.01885}
  t=  59.75  cb_failure         L18-CB0 {'rot': 0.01938}
  t=  59.75  cb_failure         L19-CB0 {'rot': 0.01934}
  t=  59.75  cb_failure         L20-CB0 {'rot': 0.01923}
  t=  59.75  cb_failure         L21-CB0 {'rot': 0.01899}
  t=  59.75  cb_failure         L24-CB2 {'rot': 0.02141}
  t=  59.75  cb_failure         L25-CB2 {'rot': 0.02023}
  t=  59.75  cb_failure         L26-CB2 {'rot': 0.01891}
  t=  59.87  cb_failure         L22-CB0 {'rot': 0.01919}
  t=  59.87  cb_failure         L23-CB0 {'rot': 0.01878}
  t=  59.87  cb_failure         L27-CB2 {'rot': 0.01887}
  progress t=  60.0s  max corner drift so far=0.0065  wall clock=547s
  t=  62.50  cb_failure         L4-CB2 {'rot': 0.01861}
  t=  63.25  cb_failure         L6-CB0 {'rot': 0.01822}
  t=  65.62  cb_failure         L3-CB3 {'rot': 0.01894}
  t=  65.62  cb_failure         L5-CB0 {'rot': 0.01924}
  t=  65.75  cb_failure         L3-CB1 {'rot': 0.01916}
  t=  65.75  cb_failure         L4-CB0 {'rot': 0.01894}
  progress t=  70.0s  max corner drift so far=0.0067  wall clock=636s
  progress t=  80.0s  max corner drift so far=0.0067  wall clock=723s
  progress t=  90.0s  max corner drift so far=0.0067  wall clock=811s
  progress t= 100.0s  max corner drift so far=0.0067  wall clock=902s
