  t=   4.00  cb_yield           L6-CB0 {'rot': 0.00505}
  t=   4.00  cb_yield           L7-CB0 {'rot': 0.00511}
  t=   4.00  cb_yield           L8-CB0 {'rot': 0.00507}
  t=   4.00  cb_yield           L9-CB0 {'rot': 0.00497}
  t=   4.12  cb_yield           L4-CB0 {'rot': 0.00547}
  t=   4.12  cb_yield           L4-CB1 {'rot': 0.00527}
  t=   4.12  cb_yield           L5-CB0 {'rot': 0.0058}
  t=   4.12  cb_yield           L5-CB1 {'rot': 0.00557}
  t=   4.12  cb_yield           L6-CB1 {'rot': 0.00568}
  t=   4.12  cb_yield           L7-CB1 {'rot': 0.00563}
  t=   4.12  cb_yield           L8-CB1 {'rot': 0.00546}
  t=   4.12  cb_yield           L9-CB1 {'rot': 0.00519}
  t=   4.12  cb_yield           L10-CB0 {'rot': 0.00522}
  t=   4.25  cb_yield           L3-CB0 {'rot': 0.00498}
  t=   6.13  cb_yield           L10-CB1 {'rot': 0.00494}
  t=   8.38  cb_yield           L6-CB3 {'rot': 0.00525}
  t=   8.38  cb_yield           L7-CB3 {'rot': 0.0055}
  t=   8.38  cb_yield           L8-CB3 {'rot': 0.00566}
  t=   8.38  cb_yield           L9-CB3 {'rot': 0.00575}
  t=   8.38  cb_yield           L10-CB3 {'rot': 0.00579}
  t=   8.38  cb_yield           L11-CB3 {'rot': 0.00579}
  t=   8.38  cb_yield           L12-CB3 {'rot': 0.00577}
  t=   8.38  cb_yield           L13-CB3 {'rot': 0.00572}
  t=   8.38  cb_yield           L14-CB3 {'rot': 0.00565}
  t=   8.38  cb_yield           L15-CB3 {'rot': 0.00556}
  t=   8.38  cb_yield           L16-CB3 {'rot': 0.00547}
  t=   8.50  cb_yield           L4-CB3 {'rot': 0.00536}
  t=   8.50  cb_yield           L5-CB2 {'rot': 0.00542}
  t=   8.50  cb_yield           L5-CB3 {'rot': 0.00598}
  t=   8.50  cb_yield           L6-CB2 {'rot': 0.0058}
  t=   8.50  cb_yield           L7-CB2 {'rot': 0.00607}
  t=   8.50  cb_yield           L8-CB2 {'rot': 0.00622}
  t=   8.50  cb_yield           L9-CB2 {'rot': 0.00628}
  t=   8.50  cb_yield           L10-CB2 {'rot': 0.00627}
  t=   8.50  cb_yield           L11-CB2 {'rot': 0.0062}
  t=   8.50  cb_yield           L12-CB2 {'rot': 0.00609}
  t=   8.50  cb_yield           L13-CB2 {'rot': 0.00594}
  t=   8.50  cb_yield           L14-CB2 {'rot': 0.00575}
  t=   8.50  cb_yield           L15-CB2 {'rot': 0.00554}
  t=   8.50  cb_yield           L16-CB2 {'rot': 0.00533}
  t=   8.50  cb_yield           L17-CB3 {'rot': 0.00639}
  t=   8.50  cb_yield           L18-CB3 {'rot': 0.00616}
  t=   8.50  cb_yield           L19-CB3 {'rot': 0.00592}
  t=   8.50  cb_yield           L20-CB3 {'rot': 0.00569}
  t=   8.50  cb_yield           L21-CB3 {'rot': 0.00546}
  t=   8.63  cb_yield           L3-CB3 {'rot': 0.00499}
  t=   8.63  cb_yield           L4-CB2 {'rot': 0.00537}
  t=   8.63  cb_yield           L11-CB1 {'rot': 0.0057}
  t=   8.63  cb_yield           L12-CB1 {'rot': 0.00546}
  t=   8.63  cb_yield           L13-CB1 {'rot': 0.00517}
  t=   8.63  cb_yield           L17-CB2 {'rot': 0.00616}
  t=   8.63  cb_yield           L18-CB2 {'rot': 0.00583}
  t=   8.63  cb_yield           L19-CB2 {'rot': 0.00547}
  t=   8.63  cb_yield           L22-CB3 {'rot': 0.00592}
  t=   8.63  cb_yield           L23-CB3 {'rot': 0.00556}
  t=   8.75  cb_yield           L11-CB0 {'rot': 0.0052}
  t=   8.75  cb_yield           L14-CB1 {'rot': 0.00541}
  t=   8.75  cb_yield           L15-CB1 {'rot': 0.00498}
  t=   8.75  cb_yield           L20-CB2 {'rot': 0.00588}
  t=   8.75  cb_yield           L21-CB2 {'rot': 0.00549}
  t=   8.75  cb_yield           L24-CB3 {'rot': 0.00577}
  t=   8.88  cb_yield           L22-CB2 {'rot': 0.0055}
  t=   8.88  cb_yield           L25-CB3 {'rot': 0.00593}
  t=   8.88  cb_yield           L26-CB3 {'rot': 0.00564}
  t=   9.00  cb_yield           L23-CB2 {'rot': 0.00556}
  t=   9.00  cb_yield           L27-CB3 {'rot': 0.00583}
  t=   9.00  cb_yield           L28-CB3 {'rot': 0.00556}
  t=   9.88  cb_yield           L3-CB1 {'rot': 0.00496}
  progress t=  10.0s  max corner drift so far=0.0026  wall clock=93s
  t=  10.13  cb_yield           L12-CB0 {'rot': 0.00495}
  t=  10.38  cb_yield           L2-CB2 {'rot': 0.00565}
  t=  10.38  cb_yield           L2-CB3 {'rot': 0.00558}
  t=  10.38  cb_yield           L3-CB2 {'rot': 0.00655}
  t=  10.38  cb_yield           L16-CB1 {'rot': 0.00494}
  t=  10.38  cb_yield           L18-CB1 {'rot': 0.00585}
  t=  10.38  cb_yield           L19-CB1 {'rot': 0.00618}
  t=  10.38  cb_yield           L20-CB1 {'rot': 0.00645}
  t=  10.38  cb_yield           L21-CB0 {'rot': 0.00551}
  t=  10.38  cb_yield           L21-CB1 {'rot': 0.00666}
  t=  10.38  cb_yield           L22-CB0 {'rot': 0.0056}
  t=  10.38  cb_yield           L22-CB1 {'rot': 0.0068}
  t=  10.38  cb_yield           L23-CB0 {'rot': 0.00562}
  t=  10.38  cb_yield           L23-CB1 {'rot': 0.00687}
  t=  10.38  cb_yield           L24-CB0 {'rot': 0.00559}
  t=  10.38  cb_yield           L24-CB1 {'rot': 0.00688}
  t=  10.38  cb_yield           L25-CB0 {'rot': 0.0055}
  t=  10.38  cb_yield           L25-CB1 {'rot': 0.00683}
  t=  10.38  cb_yield           L26-CB1 {'rot': 0.00674}
  t=  10.38  cb_yield           L27-CB1 {'rot': 0.0066}
  t=  10.38  cb_yield           L28-CB1 {'rot': 0.00642}
  t=  10.38  cb_yield           L29-CB1 {'rot': 0.00621}
  t=  10.38  cb_yield           L30-CB1 {'rot': 0.00598}
  t=  10.38  cb_yield           L31-CB1 {'rot': 0.00574}
  t=  10.38  cb_yield           L32-CB1 {'rot': 0.00553}
  t=  10.50  cb_yield           L2-CB0 {'rot': 0.005}
  t=  10.50  cb_yield           L19-CB0 {'rot': 0.00547}
  t=  10.50  cb_yield           L20-CB0 {'rot': 0.00618}
  t=  10.50  cb_yield           L26-CB0 {'rot': 0.00708}
  t=  10.50  cb_yield           L27-CB0 {'rot': 0.00677}
  t=  10.50  cb_yield           L28-CB0 {'rot': 0.0064}
  t=  10.50  cb_yield           L29-CB0 {'rot': 0.00598}
  t=  10.50  cb_yield           L30-CB0 {'rot': 0.00555}
  t=  10.50  cb_yield           L33-CB1 {'rot': 0.00655}
  t=  10.63  cb_yield           L1-CB0 {'rot': 0.00588}
  t=  10.63  cb_yield           L1-CB1 {'rot': 0.00535}
  t=  10.63  cb_yield           L1-CB2 {'rot': 0.00606}
  t=  10.63  cb_yield           L1-CB3 {'rot': 0.006}
  t=  10.63  cb_yield           L2-CB1 {'rot': 0.00742}
  t=  10.63  cb_yield           L31-CB0 {'rot': 0.00547}
  t=  10.88  cb_yield           L13-CB0 {'rot': 0.00691}
  t=  10.88  cb_yield           L14-CB0 {'rot': 0.00582}
  t=  11.00  cb_yield           L15-CB0 {'rot': 0.00839}
  t=  11.00  cb_yield           L16-CB0 {'rot': 0.00764}
  t=  11.00  cb_yield           L17-CB0 {'rot': 0.00685}
  t=  11.00  cb_yield           L17-CB1 {'rot': 0.00644}
  t=  11.00  cb_yield           L18-CB0 {'rot': 0.00618}
  t=  11.38  cb_failure         L14-CB1 {'rot': 0.01931}
  t=  11.38  cb_failure         L15-CB1 {'rot': 0.01969}
  t=  11.38  cb_failure         L16-CB1 {'rot': 0.01988}
  t=  11.38  cb_failure         L17-CB1 {'rot': 0.01989}
  t=  11.38  cb_failure         L18-CB1 {'rot': 0.01968}
  t=  11.50  cb_failure         L13-CB1 {'rot': 0.01913}
  t=  11.50  cb_yield           L24-CB2 {'rot': 0.00551}
  t=  12.75  cb_yield           L29-CB3 {'rot': 0.00585}
  t=  12.88  cb_yield           L30-CB3 {'rot': 0.0057}
  t=  14.00  cb_yield           L25-CB2 {'rot': 0.0068}
  t=  14.00  cb_yield           L26-CB2 {'rot': 0.0066}
  t=  14.00  cb_yield           L27-CB2 {'rot': 0.00634}
  t=  14.00  cb_yield           L28-CB2 {'rot': 0.00603}
  t=  14.00  cb_yield           L29-CB2 {'rot': 0.00565}
  t=  14.00  cb_yield           L31-CB3 {'rot': 0.00778}
  t=  14.00  cb_yield           L32-CB3 {'rot': 0.0074}
  t=  14.00  cb_yield           L33-CB3 {'rot': 0.0072}
  t=  17.13  cb_failure         L8-CB0 {'rot': 0.01893}
  t=  17.13  cb_failure         L9-CB0 {'rot': 0.01905}
  t=  17.13  cb_failure         L10-CB0 {'rot': 0.01902}
  t=  17.13  cb_failure         L11-CB0 {'rot': 0.01894}
  t=  17.25  cb_failure         L7-CB0 {'rot': 0.0194}
  t=  17.25  cb_failure         L7-CB1 {'rot': 0.0192}
  t=  17.25  cb_failure         L8-CB1 {'rot': 0.01952}
  t=  17.25  cb_failure         L9-CB1 {'rot': 0.01961}
  t=  17.25  cb_failure         L10-CB1 {'rot': 0.01952}
  t=  17.25  cb_failure         L11-CB1 {'rot': 0.01929}
  t=  17.25  cb_failure         L12-CB0 {'rot': 0.01922}
  t=  17.25  cb_failure         L12-CB1 {'rot': 0.01896}
  t=  17.38  cb_failure         L13-CB0 {'rot': 0.02022}
  t=  17.38  cb_failure         L14-CB0 {'rot': 0.01983}
  t=  17.38  cb_failure         L15-CB0 {'rot': 0.01934}
  t=  17.50  cb_failure         L16-CB0 {'rot': 0.02065}
  t=  17.50  cb_failure         L17-CB0 {'rot': 0.01975}
  t=  17.63  cb_failure         L18-CB0 {'rot': 0.01947}
  t=  19.37  cb_failure         L6-CB3 {'rot': 0.01894}
  t=  19.37  cb_failure         L7-CB3 {'rot': 0.01906}
  t=  19.50  cb_failure         L4-CB3 {'rot': 0.01946}
  t=  19.50  cb_failure         L5-CB2 {'rot': 0.01918}
  t=  19.50  cb_failure         L5-CB3 {'rot': 0.02098}
  t=  19.50  cb_failure         L6-CB1 {'rot': 0.01899}
  t=  19.50  cb_failure         L6-CB2 {'rot': 0.01992}
  t=  19.50  cb_failure         L7-CB2 {'rot': 0.02009}
  t=  19.50  cb_failure         L8-CB2 {'rot': 0.01993}
  t=  19.50  cb_failure         L8-CB3 {'rot': 0.02209}
  t=  19.50  cb_failure         L9-CB2 {'rot': 0.01946}
  t=  19.50  cb_failure         L9-CB3 {'rot': 0.02179}
  t=  19.50  cb_failure         L10-CB3 {'rot': 0.02129}
  t=  19.50  cb_failure         L11-CB3 {'rot': 0.02065}
  t=  19.50  cb_failure         L12-CB3 {'rot': 0.01992}
  t=  19.50  cb_failure         L13-CB3 {'rot': 0.01908}
  t=  19.62  cb_failure         L5-CB1 {'rot': 0.01894}
  t=  19.62  cb_failure         L10-CB2 {'rot': 0.02121}
  t=  19.62  cb_failure         L11-CB2 {'rot': 0.02078}
  t=  19.62  cb_failure         L12-CB2 {'rot': 0.02008}
  t=  19.62  cb_failure         L13-CB2 {'rot': 0.01907}
  t=  19.62  cb_failure         L14-CB3 {'rot': 0.02155}
  t=  19.62  cb_failure         L15-CB3 {'rot': 0.02023}
  t=  19.75  cb_failure         L16-CB3 {'rot': 0.02103}
  t=  19.75  cb_failure         L17-CB3 {'rot': 0.01948}
  t=  19.87  cb_failure         L4-CB1 {'rot': 0.01951}
  t=  19.87  cb_failure         L19-CB1 {'rot': 0.02004}
  t= 19.975  solver fallback: Newton
  t=  20.00  cb_failure         L5-CB0 {'rot': 0.01919}
  t=  20.00  cb_failure         L6-CB0 {'rot': 0.01999}
  t=  20.00  cb_failure         L18-CB3 {'rot': 0.02037}
  t=  20.00  cb_failure         L19-CB3 {'rot': 0.02006}
  t=  20.00  cb_failure         L20-CB1 {'rot': 0.02359}
  t=  20.00  cb_failure         L20-CB3 {'rot': 0.01972}
  t=  20.00  cb_failure         L21-CB1 {'rot': 0.02302}
  t=  20.00  cb_failure         L21-CB3 {'rot': 0.0195}
  t=  20.00  cb_failure         L22-CB1 {'rot': 0.02231}
  t=  20.00  cb_failure         L23-CB1 {'rot': 0.02142}
  t=  20.00  cb_failure         L24-CB1 {'rot': 0.02032}
  t=  20.00  cb_failure         L27-CB1 {'rot': 0.01975}
  progress t=  20.0s  max corner drift so far=0.0069  wall clock=196s
  t= 20.025  solver fallback: Newton
  t= 20.075  solver fallback: NewtonLineSearch
