  t=   1.87  cb_yield           L3-CB3 {'rot': 0.00496}
  t=   1.87  cb_yield           L4-CB0 {'rot': 0.00503}
  t=   1.87  cb_yield           L4-CB1 {'rot': 0.00538}
  t=   1.87  cb_yield           L4-CB2 {'rot': 0.00515}
  t=   1.87  cb_yield           L4-CB3 {'rot': 0.0055}
  t=   1.87  cb_yield           L5-CB0 {'rot': 0.00524}
  t=   1.87  cb_yield           L5-CB1 {'rot': 0.00565}
  t=   1.87  cb_yield           L5-CB2 {'rot': 0.00536}
  t=   1.87  cb_yield           L5-CB3 {'rot': 0.00579}
  t=   1.87  cb_yield           L6-CB0 {'rot': 0.00525}
  t=   1.87  cb_yield           L6-CB1 {'rot': 0.00573}
  t=   1.87  cb_yield           L6-CB2 {'rot': 0.00538}
  t=   1.87  cb_yield           L6-CB3 {'rot': 0.00587}
  t=   1.87  cb_yield           L7-CB0 {'rot': 0.00512}
  t=   1.87  cb_yield           L7-CB1 {'rot': 0.00564}
  t=   1.87  cb_yield           L7-CB2 {'rot': 0.00525}
  t=   1.87  cb_yield           L7-CB3 {'rot': 0.00579}
  t=   1.87  cb_yield           L8-CB1 {'rot': 0.00545}
  t=   1.87  cb_yield           L8-CB2 {'rot': 0.00502}
  t=   1.87  cb_yield           L8-CB3 {'rot': 0.0056}
  t=   1.87  cb_yield           L9-CB1 {'rot': 0.00518}
  t=   1.87  cb_yield           L9-CB3 {'rot': 0.00532}
  t=   1.87  cb_yield           L10-CB3 {'rot': 0.00499}
  t=   2.00  cb_yield           L3-CB0 {'rot': 0.00504}
  t=   2.00  cb_yield           L3-CB1 {'rot': 0.00539}
  t=   2.00  cb_yield           L3-CB2 {'rot': 0.00511}
  t=   2.00  cb_yield           L8-CB0 {'rot': 0.00622}
  t=   2.00  cb_yield           L9-CB0 {'rot': 0.00597}
  t=   2.00  cb_yield           L9-CB2 {'rot': 0.00611}
  t=   2.00  cb_yield           L10-CB0 {'rot': 0.00565}
  t=   2.00  cb_yield           L10-CB1 {'rot': 0.00649}
  t=   2.00  cb_yield           L10-CB2 {'rot': 0.00579}
  t=   2.00  cb_yield           L11-CB0 {'rot': 0.00528}
  t=   2.00  cb_yield           L11-CB1 {'rot': 0.00616}
  t=   2.00  cb_yield           L11-CB2 {'rot': 0.00541}
  t=   2.00  cb_yield           L11-CB3 {'rot': 0.00631}
  t=   2.00  cb_yield           L12-CB1 {'rot': 0.0058}
  t=   2.00  cb_yield           L12-CB2 {'rot': 0.00501}
  t=   2.00  cb_yield           L12-CB3 {'rot': 0.00595}
  t=   2.00  cb_yield           L13-CB1 {'rot': 0.00541}
  t=   2.00  cb_yield           L13-CB3 {'rot': 0.00556}
  t=   2.00  cb_yield           L14-CB1 {'rot': 0.00501}
  t=   2.00  cb_yield           L14-CB3 {'rot': 0.00515}
  t=   2.12  cb_yield           L12-CB0 {'rot': 0.00611}
  t=   2.12  cb_yield           L13-CB0 {'rot': 0.00575}
  t=   2.12  cb_yield           L13-CB2 {'rot': 0.00591}
  t=   2.12  cb_yield           L14-CB0 {'rot': 0.00535}
  t=   2.12  cb_yield           L14-CB2 {'rot': 0.00551}
  t=   2.12  cb_yield           L15-CB0 {'rot': 0.00493}
  t=   2.12  cb_yield           L15-CB1 {'rot': 0.00619}
  t=   2.12  cb_yield           L15-CB2 {'rot': 0.00511}
  t=   2.12  cb_yield           L15-CB3 {'rot': 0.00638}
  t=   2.12  cb_yield           L16-CB1 {'rot': 0.00581}
  t=   2.12  cb_yield           L16-CB3 {'rot': 0.006}
  t=   2.12  cb_yield           L17-CB3 {'rot': 0.00555}
  t=   2.25  cb_yield           L16-CB0 {'rot': 0.00557}
  t=   2.25  cb_yield           L16-CB2 {'rot': 0.00582}
  t=   2.25  cb_yield           L17-CB1 {'rot': 0.0066}
  t=   2.25  cb_yield           L18-CB1 {'rot': 0.00613}
  t=   2.25  cb_yield           L18-CB3 {'rot': 0.00641}
  t=   2.25  cb_yield           L19-CB1 {'rot': 0.00567}
  t=   2.25  cb_yield           L19-CB3 {'rot': 0.00596}
  t=   2.25  cb_yield           L20-CB3 {'rot': 0.00554}
  t=   2.37  cb_yield           L17-CB0 {'rot': 0.00591}
  t=   2.37  cb_yield           L17-CB2 {'rot': 0.0062}
  t=   2.37  cb_yield           L18-CB0 {'rot': 0.00562}
  t=   2.37  cb_yield           L18-CB2 {'rot': 0.00593}
  t=   2.37  cb_yield           L19-CB2 {'rot': 0.00565}
  t=   2.37  cb_yield           L20-CB1 {'rot': 0.007}
  t=   2.37  cb_yield           L21-CB1 {'rot': 0.00673}
  t=   2.37  cb_yield           L21-CB3 {'rot': 0.00712}
  t=   2.37  cb_yield           L22-CB1 {'rot': 0.00644}
  t=   2.37  cb_yield           L22-CB3 {'rot': 0.00685}
  t=   2.37  cb_yield           L23-CB1 {'rot': 0.00614}
  t=   2.37  cb_yield           L23-CB3 {'rot': 0.00656}
  t=   2.37  cb_yield           L24-CB1 {'rot': 0.00583}
  t=   2.37  cb_yield           L24-CB3 {'rot': 0.00625}
  t=   2.37  cb_yield           L25-CB1 {'rot': 0.00551}
  t=   2.37  cb_yield           L25-CB3 {'rot': 0.00593}
  t=   2.37  cb_yield           L26-CB3 {'rot': 0.0056}
  t=   2.50  cb_yield           L19-CB0 {'rot': 0.00685}
  t=   2.50  cb_yield           L20-CB0 {'rot': 0.00674}
  t=   2.50  cb_yield           L20-CB2 {'rot': 0.0071}
  t=   2.50  cb_yield           L21-CB0 {'rot': 0.00655}
  t=   2.50  cb_yield           L21-CB2 {'rot': 0.00693}
  t=   2.50  cb_yield           L22-CB0 {'rot': 0.00627}
  t=   2.50  cb_yield           L22-CB2 {'rot': 0.00666}
  t=   2.50  cb_yield           L23-CB0 {'rot': 0.00591}
  t=   2.50  cb_yield           L23-CB2 {'rot': 0.00631}
  t=   2.50  cb_yield           L24-CB0 {'rot': 0.00548}
  t=   2.50  cb_yield           L24-CB2 {'rot': 0.00588}
  t=   2.50  cb_yield           L26-CB1 {'rot': 0.0071}
  t=   2.50  cb_yield           L27-CB1 {'rot': 0.00656}
  t=   2.50  cb_yield           L27-CB3 {'rot': 0.00696}
  t=   2.50  cb_yield           L28-CB1 {'rot': 0.00603}
  t=   2.50  cb_yield           L28-CB3 {'rot': 0.00642}
  t=   2.50  cb_yield           L29-CB1 {'rot': 0.00548}
  t=   2.50  cb_yield           L29-CB3 {'rot': 0.00587}
  t=   2.62  cb_yield           L25-CB0 {'rot': 0.00596}
  t=   2.62  cb_yield           L25-CB2 {'rot': 0.00623}
  t=   2.62  cb_yield           L26-CB2 {'rot': 0.00559}
  t=   2.62  cb_yield           L30-CB1 {'rot': 0.00569}
  t=   2.62  cb_yield           L30-CB3 {'rot': 0.00594}
  t=   2.75  cb_yield           L26-CB0 {'rot': 0.00555}
  t=   4.12  cb_yield           L2-CB0 {'rot': 0.00686}
  t=   4.12  cb_yield           L2-CB1 {'rot': 0.00664}
  t=   4.12  cb_yield           L2-CB2 {'rot': 0.00591}
  t=   4.12  cb_yield           L2-CB3 {'rot': 0.00571}
  t=   4.25  cb_yield           L1-CB0 {'rot': 0.00591}
  t=   4.25  cb_yield           L1-CB1 {'rot': 0.00571}
  t=   4.25  cb_yield           L1-CB2 {'rot': 0.00518}
  t=   4.25  cb_yield           L1-CB3 {'rot': 0.00499}
  t=   8.38  cb_yield           L31-CB1 {'rot': 0.0057}
  t=   8.50  cb_failure         L8-CB3 {'rot': 0.01927}
  t=   8.50  cb_failure         L9-CB3 {'rot': 0.01951}
  t=   8.50  cb_failure         L10-CB3 {'rot': 0.01951}
  t=   8.50  cb_failure         L11-CB3 {'rot': 0.01932}
  t=   8.50  cb_failure         L12-CB3 {'rot': 0.01902}
  t=   8.50  cb_yield           L31-CB3 {'rot': 0.00663}
  t=   8.50  cb_yield           L32-CB1 {'rot': 0.00557}
  t=   8.50  cb_yield           L32-CB3 {'rot': 0.00612}
  t=   8.50  cb_yield           L33-CB3 {'rot': 0.00569}
  t=   8.63  cb_failure         L7-CB3 {'rot': 0.01902}
  t=   8.63  cb_failure         L13-CB3 {'rot': 0.02271}
  t=   8.63  cb_failure         L14-CB3 {'rot': 0.02253}
  t=   8.63  cb_failure         L15-CB3 {'rot': 0.02218}
  t=   8.63  cb_failure         L16-CB3 {'rot': 0.0217}
  t=   8.63  cb_failure         L17-CB3 {'rot': 0.02102}
  t=   8.63  cb_failure         L18-CB3 {'rot': 0.02031}
  t=   8.63  cb_failure         L19-CB3 {'rot': 0.01961}
  t=   8.63  cb_failure         L25-CB3 {'rot': 0.01982}
  t=   8.63  cb_yield           L27-CB2 {'rot': 0.00752}
  t=   8.63  cb_yield           L28-CB2 {'rot': 0.00676}
  t=   8.63  cb_yield           L29-CB2 {'rot': 0.00598}
  t=   8.75  cb_failure         L11-CB1 {'rot': 0.01905}
  t=   8.75  cb_failure         L11-CB2 {'rot': 0.01945}
  t=   8.75  cb_failure         L12-CB1 {'rot': 0.01933}
  t=   8.75  cb_failure         L12-CB2 {'rot': 0.02004}
  t=   8.75  cb_failure         L13-CB1 {'rot': 0.01943}
  t=   8.75  cb_failure         L13-CB2 {'rot': 0.02044}
  t=   8.75  cb_failure         L14-CB1 {'rot': 0.01929}
  t=   8.75  cb_failure         L14-CB2 {'rot': 0.02062}
  t=   8.75  cb_failure         L15-CB1 {'rot': 0.01893}
  t=   8.75  cb_failure         L15-CB2 {'rot': 0.02059}
  t=   8.75  cb_failure         L16-CB2 {'rot': 0.02034}
  t=   8.75  cb_failure         L17-CB2 {'rot': 0.01978}
  t=   8.75  cb_failure         L19-CB1 {'rot': 0.01965}
  t=   8.75  cb_failure         L20-CB3 {'rot': 0.02285}
  t=   8.75  cb_failure         L21-CB3 {'rot': 0.02191}
  t=   8.75  cb_failure         L22-CB3 {'rot': 0.0209}
  t=   8.75  cb_failure         L23-CB3 {'rot': 0.01987}
  t=   8.75  cb_yield           L30-CB2 {'rot': 0.00633}
  t=   8.75  cb_yield           L31-CB2 {'rot': 0.00565}
  t=   8.88  cb_failure         L16-CB1 {'rot': 0.01941}
  t=   8.88  cb_failure         L18-CB2 {'rot': 0.02227}
  t=   8.88  cb_failure         L19-CB2 {'rot': 0.02156}
  t=   8.88  cb_failure         L20-CB2 {'rot': 0.02065}
  t=   8.88  cb_failure         L21-CB2 {'rot': 0.01952}
  t=   8.88  cb_failure         L24-CB3 {'rot': 0.02081}
  t=   8.88  cb_yield           L32-CB2 {'rot': 0.00648}
  t=   8.88  cb_yield           L33-CB2 {'rot': 0.00628}
  t=  8.950  solver fallback: Newton
  t=  8.975  solver fallback: Newton
  t=   9.00  cb_failure         L22-CB2 {'rot': 0.0196}
  t=  9.000  solver fallback: Newton
  t=  9.025  solver fallback: Newton
  t=   9.13  cb_failure         L26-CB3 {'rot': 0.01975}
  t=   9.13  cb_failure         L33-CB3 {'rot': 0.01957}
  t=   9.25  cb_failure         L22-CB1 {'rot': 0.01976}
  t=   9.25  cb_failure         L23-CB1 {'rot': 0.01976}
  t=   9.25  cb_failure         L25-CB1 {'rot': 0.01978}
  t=   9.25  cb_yield           L27-CB0 {'rot': 0.00677}
  t=   9.25  cb_failure         L27-CB3 {'rot': 0.02076}
  t=   9.25  cb_yield           L28-CB0 {'rot': 0.00609}
  t=   9.25  cb_failure         L28-CB3 {'rot': 0.02006}
  t=   9.25  cb_yield           L33-CB1 {'rot': 0.00885}
  t=   9.38  cb_yield           L29-CB0 {'rot': 0.00779}
  t=   9.38  cb_yield           L30-CB0 {'rot': 0.00696}
  t=   9.38  cb_yield           L31-CB0 {'rot': 0.00608}
  t=   9.50  cb_yield           L32-CB0 {'rot': 0.00829}
  t=   9.50  cb_yield           L33-CB0 {'rot': 0.00805}
  progress t=  10.0s  max corner drift so far=0.0063  wall clock=116s
  t=  10.50  cb_failure         L18-CB1 {'rot': 0.02017}
  t=  10.50  cb_failure         L20-CB1 {'rot': 0.02181}
  t=  10.50  cb_failure         L21-CB1 {'rot': 0.02233}
  t=  10.50  cb_failure         L24-CB1 {'rot': 0.0231}
  t=  10.50  cb_failure         L26-CB1 {'rot': 0.02324}
  t=  10.50  cb_failure         L27-CB1 {'rot': 0.02321}
  t=  10.50  cb_failure         L28-CB1 {'rot': 0.02315}
  t=  10.50  cb_failure         L29-CB1 {'rot': 0.023}
  t=  10.50  cb_failure         L30-CB1 {'rot': 0.02268}
  t=  10.50  cb_failure         L31-CB1 {'rot': 0.02227}
  t=  10.50  cb_failure         L32-CB1 {'rot': 0.02193}
  t=  10.50  cb_failure         L33-CB1 {'rot': 0.02177}
  t=  10.63  cb_failure         L3-CB2 {'rot': 0.02098}
  t=  10.63  cb_failure         L4-CB2 {'rot': 0.0228}
  t=  10.63  cb_failure         L5-CB2 {'rot': 0.02327}
  t=  10.63  cb_failure         L6-CB2 {'rot': 0.02265}
  t=  10.63  cb_failure         L7-CB2 {'rot': 0.02125}
  t=  10.63  cb_failure         L8-CB2 {'rot': 0.01936}
  t=  10.63  cb_failure         L29-CB3 {'rot': 0.01961}
  t=  10.75  cb_failure         L2-CB0 {'rot': 0.02006}
  t=  10.75  cb_failure         L2-CB2 {'rot': 0.02294}
  t=  10.75  cb_failure         L2-CB3 {'rot': 0.0199}
  t=  10.75  cb_failure         L3-CB0 {'rot': 0.02231}
  t=  10.75  cb_failure         L3-CB3 {'rot': 0.02294}
  t=  10.75  cb_failure         L4-CB0 {'rot': 0.02327}
  t=  10.75  cb_failure         L4-CB3 {'rot': 0.02449}
  t=  10.75  cb_failure         L5-CB0 {'rot': 0.02286}
  t=  10.75  cb_failure         L5-CB3 {'rot': 0.02445}
  t=  10.75  cb_failure         L6-CB0 {'rot': 0.02162}
  t=  10.75  cb_failure         L6-CB3 {'rot': 0.02321}
  t=  10.75  cb_failure         L7-CB0 {'rot': 0.01977}
  t=  10.75  cb_failure         L9-CB2 {'rot': 0.02325}
  t=  10.75  cb_failure         L10-CB2 {'rot': 0.02051}
  t=  10.75  cb_failure         L30-CB3 {'rot': 0.02097}
  t=  10.75  cb_failure         L31-CB3 {'rot': 0.02028}
  t=  10.75  cb_failure         L32-CB3 {'rot': 0.01974}
  t=  10.88  cb_failure         L1-CB2 {'rot': 0.01903}
  t=  10.88  cb_failure         L2-CB1 {'rot': 0.01994}
  t=  10.88  cb_failure         L3-CB1 {'rot': 0.02279}
  t=  10.88  cb_failure         L4-CB1 {'rot': 0.02441}
  t=  10.88  cb_failure         L5-CB1 {'rot': 0.02452}
  t=  10.88  cb_failure         L6-CB1 {'rot': 0.02329}
  t=  10.88  cb_failure         L7-CB1 {'rot': 0.02124}
  t=  10.88  cb_failure         L8-CB0 {'rot': 0.02367}
  t=  10.88  cb_failure         L9-CB0 {'rot': 0.02065}
  t=  11.00  cb_failure         L1-CB0 {'rot': 0.0196}
  t=  11.00  cb_failure         L1-CB3 {'rot': 0.01907}
  t=  11.00  cb_failure         L8-CB1 {'rot': 0.02692}
  t=  11.00  cb_failure         L9-CB1 {'rot': 0.02373}
  t=  11.00  cb_failure         L10-CB0 {'rot': 0.023}
  t=  11.00  cb_failure         L10-CB1 {'rot': 0.0201}
  t=  11.00  cb_failure         L11-CB0 {'rot': 0.01945}
  t=  11.13  cb_failure         L12-CB0 {'rot': 0.02244}
  t=  11.13  cb_failure         L13-CB0 {'rot': 0.01897}
  t=  11.25  cb_failure         L14-CB0 {'rot': 0.02297}
  t=  11.25  cb_failure         L15-CB0 {'rot': 0.02012}
  t=  11.38  cb_failure         L16-CB0 {'rot': 0.03021}
  t=  11.38  cb_failure         L17-CB0 {'rot': 0.02771}
  t=  11.38  cb_failure         L17-CB1 {'rot': 0.02763}
  t=  11.38  cb_failure         L18-CB0 {'rot': 0.02543}
  t=  11.38  cb_failure         L19-CB0 {'rot': 0.02321}
  t=  11.38  cb_failure         L20-CB0 {'rot': 0.0211}
  t= 11.400  solver fallback: Newton
  t= 11.475  solver fallback: Newton
  t=  11.50  cb_failure         L21-CB0 {'rot': 0.02663}
  t=  11.50  cb_failure         L22-CB0 {'rot': 0.02457}
  t=  11.50  cb_failure         L23-CB0 {'rot': 0.02235}
  t=  11.50  cb_failure         L23-CB2 {'rot': 0.02108}
  t=  11.50  cb_failure         L24-CB0 {'rot': 0.0198}
  t=  11.50  cb_failure         L24-CB2 {'rot': 0.02032}
  t=  11.50  cb_failure         L26-CB0 {'rot': 0.02103}
  t=  11.50  cb_failure         L26-CB2 {'rot': 0.01985}
  t=  11.63  cb_failure         L25-CB0 {'rot': 0.02187}
  t=  11.63  cb_failure         L25-CB2 {'rot': 0.02004}
  t= 11.825  solver fallback: Newton
  t= 11.850  solver fallback: Newton
  t=  12.00  cb_failure         L27-CB0 {'rot': 0.02435}
  t=  12.00  cb_failure         L27-CB2 {'rot': 0.01961}
  t=  12.00  cb_failure         L28-CB0 {'rot': 0.02055}
  t=  12.00  cb_failure         L29-CB0 {'rot': 0.01999}
  t=  12.13  cb_failure         L28-CB2 {'rot': 0.01991}
  t=  12.13  cb_failure         L30-CB0 {'rot': 0.01987}
  t=  12.13  cb_failure         L31-CB0 {'rot': 0.0199}
  t=  12.13  cb_failure         L32-CB0 {'rot': 0.0199}
  t=  12.25  cb_failure         L29-CB2 {'rot': 0.01981}
  t=  12.25  cb_failure         L30-CB2 {'rot': 0.01986}
  t=  12.25  cb_failure         L31-CB2 {'rot': 0.01993}
  t=  12.25  cb_failure         L33-CB0 {'rot': 0.02028}
  t=  12.38  cb_failure         L32-CB2 {'rot': 0.01964}
  t=  12.88  cb_failure         L33-CB2 {'rot': 0.02034}
  t=  14.13  cb_failure         L1-CB1 {'rot': 0.01894}
  progress t=  20.0s  max corner drift so far=0.0243  wall clock=261s
  progress t=  30.0s  max corner drift so far=0.0243  wall clock=402s
  progress t=  40.0s  max corner drift so far=0.0243  wall clock=555s
  progress t=  50.0s  max corner drift so far=0.0243  wall clock=703s
  progress t=  60.0s  max corner drift so far=0.0243  wall clock=862s
  progress t=  70.0s  max corner drift so far=0.0243  wall clock=996s
  progress t=  80.0s  max corner drift so far=0.0243  wall clock=1106s
  progress t=  90.0s  max corner drift so far=0.0243  wall clock=1213s
  progress t= 100.0s  max corner drift so far=0.0243  wall clock=1320s
