  t=   1.87  cb_yield           L5-CB3 {'rot': 0.00496}
  t=   1.87  cb_yield           L6-CB3 {'rot': 0.00504}
  t=   1.87  cb_yield           L7-CB3 {'rot': 0.00499}
  t=   2.00  cb_yield           L4-CB1 {'rot': 0.0052}
  t=   2.00  cb_yield           L4-CB3 {'rot': 0.00528}
  t=   2.00  cb_yield           L5-CB0 {'rot': 0.00515}
  t=   2.00  cb_yield           L5-CB1 {'rot': 0.0056}
  t=   2.00  cb_yield           L5-CB2 {'rot': 0.00524}
  t=   2.00  cb_yield           L6-CB0 {'rot': 0.00531}
  t=   2.00  cb_yield           L6-CB1 {'rot': 0.00583}
  t=   2.00  cb_yield           L6-CB2 {'rot': 0.00541}
  t=   2.00  cb_yield           L7-CB0 {'rot': 0.00533}
  t=   2.00  cb_yield           L7-CB1 {'rot': 0.00591}
  t=   2.00  cb_yield           L7-CB2 {'rot': 0.00543}
  t=   2.00  cb_yield           L8-CB0 {'rot': 0.00524}
  t=   2.00  cb_yield           L8-CB1 {'rot': 0.00587}
  t=   2.00  cb_yield           L8-CB2 {'rot': 0.00535}
  t=   2.00  cb_yield           L8-CB3 {'rot': 0.00599}
  t=   2.00  cb_yield           L9-CB0 {'rot': 0.00505}
  t=   2.00  cb_yield           L9-CB1 {'rot': 0.00574}
  t=   2.00  cb_yield           L9-CB2 {'rot': 0.00516}
  t=   2.00  cb_yield           L9-CB3 {'rot': 0.00587}
  t=   2.00  cb_yield           L10-CB1 {'rot': 0.00554}
  t=   2.00  cb_yield           L10-CB3 {'rot': 0.00567}
  t=   2.00  cb_yield           L11-CB1 {'rot': 0.0053}
  t=   2.00  cb_yield           L11-CB3 {'rot': 0.00543}
  t=   2.00  cb_yield           L12-CB1 {'rot': 0.00504}
  t=   2.00  cb_yield           L12-CB3 {'rot': 0.00516}
  t=   2.12  cb_yield           L10-CB0 {'rot': 0.00557}
  t=   2.12  cb_yield           L10-CB2 {'rot': 0.00568}
  t=   2.12  cb_yield           L11-CB0 {'rot': 0.00537}
  t=   2.12  cb_yield           L11-CB2 {'rot': 0.00549}
  t=   2.12  cb_yield           L12-CB0 {'rot': 0.00514}
  t=   2.12  cb_yield           L12-CB2 {'rot': 0.00526}
  t=   2.12  cb_yield           L13-CB1 {'rot': 0.00592}
  t=   2.12  cb_yield           L13-CB2 {'rot': 0.005}
  t=   2.12  cb_yield           L13-CB3 {'rot': 0.00607}
  t=   2.12  cb_yield           L14-CB1 {'rot': 0.00565}
  t=   2.12  cb_yield           L14-CB3 {'rot': 0.00581}
  t=   2.12  cb_yield           L15-CB1 {'rot': 0.00537}
  t=   2.12  cb_yield           L15-CB3 {'rot': 0.00554}
  t=   2.12  cb_yield           L16-CB1 {'rot': 0.00509}
  t=   2.12  cb_yield           L16-CB3 {'rot': 0.00526}
  t=   2.25  cb_yield           L13-CB0 {'rot': 0.00549}
  t=   2.25  cb_yield           L14-CB0 {'rot': 0.00526}
  t=   2.25  cb_yield           L14-CB2 {'rot': 0.00545}
  t=   2.25  cb_yield           L15-CB0 {'rot': 0.005}
  t=   2.25  cb_yield           L15-CB2 {'rot': 0.00519}
  t=   2.25  cb_yield           L17-CB1 {'rot': 0.00571}
  t=   2.25  cb_yield           L17-CB3 {'rot': 0.00594}
  t=   2.25  cb_yield           L18-CB3 {'rot': 0.00561}
  t=   2.37  cb_yield           L16-CB0 {'rot': 0.00515}
  t=   2.37  cb_yield           L16-CB2 {'rot': 0.00537}
  t=   2.37  cb_yield           L18-CB1 {'rot': 0.00641}
  t=   2.37  cb_yield           L19-CB1 {'rot': 0.00623}
  t=   2.37  cb_yield           L19-CB3 {'rot': 0.00654}
  t=   2.37  cb_yield           L20-CB1 {'rot': 0.00605}
  t=   2.37  cb_yield           L20-CB3 {'rot': 0.00637}
  t=   2.37  cb_yield           L21-CB1 {'rot': 0.00585}
  t=   2.37  cb_yield           L21-CB3 {'rot': 0.00619}
  t=   2.37  cb_yield           L22-CB1 {'rot': 0.00564}
  t=   2.37  cb_yield           L22-CB3 {'rot': 0.00599}
  t=   2.37  cb_yield           L23-CB3 {'rot': 0.00577}
  t=   2.37  cb_yield           L24-CB3 {'rot': 0.00554}
  t=   2.50  cb_yield           L17-CB0 {'rot': 0.00555}
  t=   2.50  cb_yield           L17-CB2 {'rot': 0.0058}
  t=   2.50  cb_yield           L18-CB0 {'rot': 0.00562}
  t=   2.50  cb_yield           L18-CB2 {'rot': 0.00589}
  t=   2.50  cb_yield           L19-CB0 {'rot': 0.00563}
  t=   2.50  cb_yield           L19-CB2 {'rot': 0.00592}
  t=   2.50  cb_yield           L20-CB0 {'rot': 0.0056}
  t=   2.50  cb_yield           L20-CB2 {'rot': 0.0059}
  t=   2.50  cb_yield           L21-CB0 {'rot': 0.0055}
  t=   2.50  cb_yield           L21-CB2 {'rot': 0.00582}
  t=   2.50  cb_yield           L22-CB2 {'rot': 0.00565}
  t=   2.50  cb_yield           L23-CB1 {'rot': 0.00738}
  t=   2.50  cb_yield           L24-CB1 {'rot': 0.00708}
  t=   2.50  cb_yield           L25-CB1 {'rot': 0.00672}
  t=   2.50  cb_yield           L25-CB3 {'rot': 0.00707}
  t=   2.50  cb_yield           L26-CB1 {'rot': 0.00631}
  t=   2.50  cb_yield           L26-CB3 {'rot': 0.00666}
  t=   2.50  cb_yield           L27-CB1 {'rot': 0.00587}
  t=   2.50  cb_yield           L27-CB3 {'rot': 0.00621}
  t=   2.50  cb_yield           L28-CB3 {'rot': 0.00577}
  t=   2.62  cb_yield           L22-CB0 {'rot': 0.00625}
  t=   2.62  cb_yield           L23-CB0 {'rot': 0.00599}
  t=   2.62  cb_yield           L23-CB2 {'rot': 0.00622}
  t=   2.62  cb_yield           L24-CB0 {'rot': 0.00563}
  t=   2.62  cb_yield           L24-CB2 {'rot': 0.00585}
  t=   2.62  cb_yield           L28-CB1 {'rot': 0.00609}
  t=   2.62  cb_yield           L29-CB1 {'rot': 0.00553}
  t=   2.62  cb_yield           L29-CB3 {'rot': 0.00575}
  t=   3.62  cb_yield           L25-CB0 {'rot': 0.0055}
  t=   4.00  cb_yield           L3-CB0 {'rot': 0.00568}
  t=   4.00  cb_yield           L3-CB1 {'rot': 0.00553}
  t=   4.00  cb_yield           L4-CB0 {'rot': 0.0064}
  t=   4.00  cb_yield           L4-CB2 {'rot': 0.00526}
  t=   4.12  cb_yield           L2-CB0 {'rot': 0.00633}
  t=   4.12  cb_yield           L2-CB1 {'rot': 0.00612}
  t=   4.12  cb_yield           L2-CB2 {'rot': 0.00552}
  t=   4.12  cb_yield           L2-CB3 {'rot': 0.00533}
  t=   4.12  cb_yield           L3-CB2 {'rot': 0.00656}
  t=   4.12  cb_yield           L3-CB3 {'rot': 0.00634}
  t=   4.25  cb_yield           L1-CB0 {'rot': 0.00523}
  t=   4.25  cb_yield           L1-CB1 {'rot': 0.00508}
  t=   8.38  cb_yield           L30-CB1 {'rot': 0.00559}
  t=   8.50  cb_yield           L25-CB2 {'rot': 0.00628}
  t=   8.50  cb_yield           L26-CB2 {'rot': 0.00579}
  t=   8.50  cb_yield           L30-CB3 {'rot': 0.00673}
  t=   8.50  cb_yield           L31-CB3 {'rot': 0.00608}
  t=   8.50  cb_yield           L32-CB3 {'rot': 0.00558}
  t=   8.63  cb_yield           L27-CB2 {'rot': 0.00661}
  t=   8.63  cb_yield           L28-CB2 {'rot': 0.00597}
  t=   8.63  cb_yield           L33-CB3 {'rot': 0.00735}
  t=   8.75  cb_failure         L14-CB3 {'rot': 0.01904}
  t=   8.75  cb_failure         L15-CB3 {'rot': 0.01931}
  t=   8.75  cb_failure         L16-CB3 {'rot': 0.01939}
  t=   8.75  cb_yield           L29-CB2 {'rot': 0.0056}
  t=   8.88  cb_failure         L13-CB3 {'rot': 0.01941}
  t=   8.88  cb_failure         L17-CB3 {'rot': 0.02046}
  t=   8.88  cb_failure         L18-CB3 {'rot': 0.02014}
  t=   8.88  cb_failure         L19-CB3 {'rot': 0.01963}
  t=   9.00  cb_yield           L30-CB2 {'rot': 0.00656}
  t=   9.00  cb_yield           L31-CB2 {'rot': 0.00604}
  t=   9.00  cb_yield           L32-CB2 {'rot': 0.00566}
  t=   9.00  cb_yield           L33-CB2 {'rot': 0.00548}
  t=   9.25  cb_yield           L31-CB1 {'rot': 0.00579}
  t=   9.38  cb_yield           L32-CB1 {'rot': 0.00607}
  t=   9.38  cb_yield           L33-CB1 {'rot': 0.00582}
  progress t=  10.0s  max corner drift so far=0.0052  wall clock=208s
  t=  10.38  cb_yield           L1-CB2 {'rot': 0.00668}
  t=  10.38  cb_yield           L1-CB3 {'rot': 0.00619}
  t=  10.38  cb_yield           L26-CB0 {'rot': 0.00863}
  t=  10.38  cb_yield           L27-CB0 {'rot': 0.00823}
  t=  10.38  cb_yield           L28-CB0 {'rot': 0.00782}
  t=  10.38  cb_yield           L29-CB0 {'rot': 0.0074}
  t=  10.38  cb_yield           L30-CB0 {'rot': 0.00694}
  t=  10.38  cb_yield           L31-CB0 {'rot': 0.00649}
  t=  10.38  cb_yield           L32-CB0 {'rot': 0.00613}
  t=  10.38  cb_yield           L33-CB0 {'rot': 0.00593}
  t=  10.50  cb_failure         L20-CB1 {'rot': 0.01955}
  t=  10.50  cb_failure         L21-CB1 {'rot': 0.02003}
  t=  10.50  cb_failure         L22-CB1 {'rot': 0.02032}
  t=  10.50  cb_failure         L23-CB1 {'rot': 0.02045}
  t=  10.50  cb_failure         L24-CB1 {'rot': 0.02045}
  t=  10.50  cb_failure         L25-CB1 {'rot': 0.02034}
  t=  10.50  cb_failure         L26-CB1 {'rot': 0.02016}
  t=  10.50  cb_failure         L27-CB1 {'rot': 0.0199}
  t=  10.50  cb_failure         L28-CB1 {'rot': 0.01963}
  t= 10.525  solver fallback: Newton
  t=  10.63  cb_failure         L4-CB2 {'rot': 0.0206}
  t=  10.63  cb_failure         L5-CB2 {'rot': 0.02102}
  t=  10.63  cb_failure         L6-CB2 {'rot': 0.02044}
  t=  10.63  cb_failure         L7-CB2 {'rot': 0.01918}
  t=  10.63  cb_failure         L29-CB1 {'rot': 0.01993}
  t= 10.675  solver fallback: Newton
  t=  10.75  cb_failure         L3-CB2 {'rot': 0.02092}
  t=  10.75  cb_failure         L4-CB3 {'rot': 0.01933}
  t=  10.75  cb_failure         L5-CB3 {'rot': 0.01939}
  t=  10.75  cb_failure         L8-CB2 {'rot': 0.02022}
  t=  10.75  cb_failure         L30-CB1 {'rot': 0.02033}
  t=  10.75  cb_failure         L31-CB1 {'rot': 0.01976}
  t=  10.75  cb_failure         L32-CB1 {'rot': 0.01957}
  t= 10.750  solver fallback: Newton
  t=  10.88  cb_failure         L3-CB0 {'rot': 0.01927}
  t=  10.88  cb_failure         L3-CB3 {'rot': 0.01976}
  t=  10.88  cb_failure         L4-CB0 {'rot': 0.02089}
  t=  10.88  cb_failure         L5-CB0 {'rot': 0.02127}
  t=  10.88  cb_failure         L6-CB0 {'rot': 0.02061}
  t=  10.88  cb_failure         L6-CB3 {'rot': 0.02139}
  t=  10.88  cb_failure         L7-CB0 {'rot': 0.01923}
  t=  10.88  cb_failure         L7-CB3 {'rot': 0.02002}
  t=  10.88  cb_failure         L9-CB2 {'rot': 0.02054}
  t=  11.00  cb_failure         L3-CB1 {'rot': 0.01941}
  t=  11.00  cb_failure         L4-CB1 {'rot': 0.02136}
  t=  11.00  cb_failure         L5-CB1 {'rot': 0.02202}
  t=  11.00  cb_failure         L6-CB1 {'rot': 0.02161}
  t=  11.00  cb_failure         L7-CB1 {'rot': 0.02048}
  t=  11.00  cb_failure         L8-CB0 {'rot': 0.02155}
  t=  11.00  cb_failure         L8-CB1 {'rot': 0.01893}
  t=  11.00  cb_failure         L8-CB3 {'rot': 0.02178}
  t=  11.00  cb_failure         L9-CB0 {'rot': 0.01917}
  t=  11.00  cb_failure         L9-CB3 {'rot': 0.01996}
  t=  11.00  cb_failure         L10-CB2 {'rot': 0.02067}
  t=  11.13  cb_failure         L9-CB1 {'rot': 0.02191}
  t=  11.13  cb_failure         L10-CB0 {'rot': 0.02104}
  t=  11.13  cb_failure         L10-CB1 {'rot': 0.02045}
  t=  11.13  cb_failure         L10-CB3 {'rot': 0.02171}
  t=  11.13  cb_failure         L11-CB0 {'rot': 0.01931}
  t=  11.13  cb_failure         L11-CB2 {'rot': 0.02133}
  t=  11.13  cb_failure         L11-CB3 {'rot': 0.02021}
  t=  11.13  cb_failure         L12-CB2 {'rot': 0.01974}
  t=  11.25  cb_failure         L11-CB1 {'rot': 0.02497}
  t=  11.25  cb_failure         L12-CB0 {'rot': 0.02405}
  t=  11.25  cb_failure         L12-CB1 {'rot': 0.02402}
  t=  11.25  cb_failure         L12-CB3 {'rot': 0.02306}
  t=  11.25  cb_failure         L13-CB0 {'rot': 0.0228}
  t=  11.25  cb_failure         L13-CB1 {'rot': 0.02279}
  t=  11.25  cb_failure         L13-CB2 {'rot': 0.0222}
  t=  11.25  cb_failure         L14-CB0 {'rot': 0.02129}
  t=  11.25  cb_failure         L14-CB1 {'rot': 0.0213}
  t=  11.25  cb_failure         L14-CB2 {'rot': 0.02068}
  t=  11.25  cb_failure         L15-CB0 {'rot': 0.01967}
  t=  11.25  cb_failure         L15-CB1 {'rot': 0.01971}
  t=  11.25  cb_failure         L15-CB2 {'rot': 0.01904}
  t=  11.38  cb_failure         L16-CB0 {'rot': 0.02938}
  t=  11.38  cb_failure         L16-CB1 {'rot': 0.0287}
  t=  11.38  cb_failure         L16-CB2 {'rot': 0.02551}
  t=  11.38  cb_failure         L17-CB0 {'rot': 0.02847}
  t=  11.38  cb_failure         L17-CB1 {'rot': 0.02777}
  t=  11.38  cb_failure         L17-CB2 {'rot': 0.0246}
  t=  11.38  cb_failure         L18-CB0 {'rot': 0.02734}
  t=  11.38  cb_failure         L18-CB1 {'rot': 0.02663}
  t=  11.38  cb_failure         L18-CB2 {'rot': 0.02351}
  t=  11.38  cb_failure         L19-CB0 {'rot': 0.02598}
  t=  11.38  cb_failure         L19-CB1 {'rot': 0.02529}
  t=  11.38  cb_failure         L19-CB2 {'rot': 0.02224}
  t=  11.38  cb_failure         L20-CB0 {'rot': 0.02459}
  t=  11.38  cb_failure         L20-CB2 {'rot': 0.02095}
  t=  11.38  cb_failure         L20-CB3 {'rot': 0.02046}
  t=  11.38  cb_failure         L21-CB0 {'rot': 0.02304}
  t=  11.38  cb_failure         L21-CB2 {'rot': 0.0195}
  t=  11.38  cb_failure         L22-CB0 {'rot': 0.0214}
  t=  11.38  cb_failure         L23-CB0 {'rot': 0.01975}
  t= 11.475  solver fallback: Newton
  t=  11.50  cb_failure         L21-CB3 {'rot': 0.0251}
  t=  11.50  cb_failure         L22-CB2 {'rot': 0.02226}
  t=  11.50  cb_failure         L22-CB3 {'rot': 0.02338}
  t=  11.50  cb_failure         L23-CB2 {'rot': 0.02028}
  t=  11.50  cb_failure         L23-CB3 {'rot': 0.02128}
  t=  11.50  cb_failure         L24-CB0 {'rot': 0.02189}
  t=  11.50  cb_failure         L24-CB3 {'rot': 0.02007}
  t=  11.63  cb_failure         L24-CB2 {'rot': 0.01947}
  t=  11.63  cb_failure         L25-CB0 {'rot': 0.02077}
  t=  11.75  cb_failure         L26-CB0 {'rot': 0.01972}
  t=  11.88  cb_failure         L25-CB2 {'rot': 0.01964}
  t=  11.88  cb_failure         L27-CB0 {'rot': 0.02114}
  t=  11.88  cb_failure         L28-CB0 {'rot': 0.01966}
  t=  11.88  cb_failure         L29-CB0 {'rot': 0.01992}
  t=  12.00  cb_failure         L25-CB3 {'rot': 0.01951}
  t=  12.00  cb_failure         L26-CB2 {'rot': 0.01979}
  t=  12.13  cb_failure         L27-CB2 {'rot': 0.01984}
  t=  12.75  cb_failure         L26-CB3 {'rot': 0.02506}
  t=  12.75  cb_failure         L27-CB3 {'rot': 0.02544}
  t=  12.75  cb_failure         L28-CB3 {'rot': 0.02559}
  t=  12.75  cb_failure         L29-CB3 {'rot': 0.02546}
  t=  12.75  cb_failure         L30-CB3 {'rot': 0.02496}
  t=  12.75  cb_failure         L31-CB3 {'rot': 0.02429}
  t=  12.75  cb_failure         L32-CB3 {'rot': 0.0237}
  t=  12.75  cb_failure         L33-CB3 {'rot': 0.02348}
  t=  12.88  cb_failure         L33-CB1 {'rot': 0.01986}
  t=  13.75  cb_failure         L28-CB2 {'rot': 0.01983}
  t=  14.00  cb_failure         L2-CB1 {'rot': 0.02042}
  t=  14.00  cb_failure         L2-CB2 {'rot': 0.0191}
  t=  14.00  cb_failure         L2-CB3 {'rot': 0.02083}
  t=  14.13  cb_failure         L2-CB0 {'rot': 0.01897}
  t=  14.63  cb_failure         L29-CB2 {'rot': 0.02}
  t=  14.75  cb_failure         L30-CB2 {'rot': 0.02449}
  t=  14.75  cb_failure         L31-CB2 {'rot': 0.02329}
  t=  14.75  cb_failure         L32-CB2 {'rot': 0.02249}
  t=  14.75  cb_failure         L33-CB2 {'rot': 0.0222}
  t=  15.00  cb_failure         L30-CB0 {'rot': 0.02642}
  t=  15.00  cb_failure         L31-CB0 {'rot': 0.02543}
  t=  15.00  cb_failure         L32-CB0 {'rot': 0.02468}
  t=  15.00  cb_failure         L33-CB0 {'rot': 0.02442}
  t= 17.925  solver fallback: Newton
  t= 17.950  solver fallback: Newton
  t= 18.000  solver fallback: Newton
  t= 18.025  solver fallback: Newton
  t=  18.50  cb_failure         L1-CB1 {'rot': 0.02141}
  t=  18.63  cb_failure         L1-CB0 {'rot': 0.0202}
  progress t=  20.0s  max corner drift so far=0.0217  wall clock=441s
  t=  20.25  cb_failure         L1-CB3 {'rot': 0.01899}
  progress t=  30.0s  max corner drift so far=0.0217  wall clock=688s
  progress t=  40.0s  max corner drift so far=0.0217  wall clock=940s
  t=  49.00  cb_failure         L1-CB2 {'rot': 0.01971}
  progress t=  50.0s  max corner drift so far=0.0217  wall clock=1181s
  progress t=  60.0s  max corner drift so far=0.0217  wall clock=1413s
  progress t=  70.0s  max corner drift so far=0.0217  wall clock=1571s
  progress t=  80.0s  max corner drift so far=0.0217  wall clock=1701s
  progress t=  90.0s  max corner drift so far=0.0217  wall clock=1826s
  progress t= 100.0s  max corner drift so far=0.0217  wall clock=1939s
