  t=   4.00  cb_yield           L6-CB0 {'rot': 0.00412}
  t=   4.00  cb_yield           L7-CB0 {'rot': 0.00413}
  t=   4.12  cb_yield           L4-CB0 {'rot': 0.00426}
  t=   4.12  cb_yield           L4-CB1 {'rot': 0.00414}
  t=   4.12  cb_yield           L5-CB0 {'rot': 0.0045}
  t=   4.12  cb_yield           L5-CB1 {'rot': 0.00436}
  t=   4.12  cb_yield           L6-CB1 {'rot': 0.00442}
  t=   4.12  cb_yield           L7-CB1 {'rot': 0.00435}
  t=   4.12  cb_yield           L8-CB0 {'rot': 0.00439}
  t=   4.12  cb_yield           L8-CB1 {'rot': 0.00419}
  t=   4.12  cb_yield           L9-CB0 {'rot': 0.00419}
  t=   6.13  cb_yield           L9-CB1 {'rot': 0.00426}
  t=   8.38  cb_yield           L4-CB3 {'rot': 0.00431}
  t=   8.38  cb_yield           L5-CB2 {'rot': 0.00428}
  t=   8.38  cb_yield           L5-CB3 {'rot': 0.00472}
  t=   8.38  cb_yield           L6-CB2 {'rot': 0.00449}
  t=   8.38  cb_yield           L6-CB3 {'rot': 0.00499}
  t=   8.38  cb_yield           L7-CB2 {'rot': 0.00458}
  t=   8.38  cb_yield           L7-CB3 {'rot': 0.00514}
  t=   8.38  cb_yield           L8-CB2 {'rot': 0.00459}
  t=   8.38  cb_yield           L8-CB3 {'rot': 0.0052}
  t=   8.38  cb_yield           L9-CB2 {'rot': 0.00452}
  t=   8.38  cb_yield           L9-CB3 {'rot': 0.00519}
  t=   8.38  cb_yield           L10-CB2 {'rot': 0.0044}
  t=   8.38  cb_yield           L10-CB3 {'rot': 0.00511}
  t=   8.38  cb_yield           L11-CB2 {'rot': 0.00423}
  t=   8.38  cb_yield           L11-CB3 {'rot': 0.00499}
  t=   8.38  cb_yield           L12-CB3 {'rot': 0.00484}
  t=   8.38  cb_yield           L13-CB3 {'rot': 0.00467}
  t=   8.38  cb_yield           L14-CB3 {'rot': 0.00447}
  t=   8.38  cb_yield           L15-CB3 {'rot': 0.00427}
  t=   8.50  cb_yield           L3-CB2 {'rot': 0.00423}
  t=   8.50  cb_yield           L3-CB3 {'rot': 0.0045}
  t=   8.50  cb_yield           L4-CB2 {'rot': 0.00487}
  t=   8.50  cb_yield           L10-CB1 {'rot': 0.00434}
  t=   8.50  cb_yield           L12-CB2 {'rot': 0.00512}
  t=   8.50  cb_yield           L13-CB2 {'rot': 0.00485}
  t=   8.50  cb_yield           L14-CB2 {'rot': 0.00455}
  t=   8.50  cb_yield           L15-CB2 {'rot': 0.00426}
  t=   8.50  cb_yield           L16-CB3 {'rot': 0.0049}
  t=   8.50  cb_yield           L17-CB3 {'rot': 0.0046}
  t=   8.63  cb_yield           L3-CB1 {'rot': 0.00421}
  t=   8.63  cb_yield           L10-CB0 {'rot': 0.00442}
  t=   8.63  cb_yield           L11-CB1 {'rot': 0.00491}
  t=   8.63  cb_yield           L12-CB1 {'rot': 0.00457}
  t=   8.63  cb_yield           L13-CB1 {'rot': 0.00419}
  t=   8.63  cb_yield           L16-CB2 {'rot': 0.00494}
  t=   8.63  cb_yield           L17-CB2 {'rot': 0.0046}
  t=   8.63  cb_yield           L18-CB3 {'rot': 0.0053}
  t=   8.63  cb_yield           L19-CB3 {'rot': 0.005}
  t=   8.63  cb_yield           L20-CB3 {'rot': 0.0047}
  t=   8.75  cb_yield           L11-CB0 {'rot': 0.00439}
  t=   8.75  cb_yield           L14-CB1 {'rot': 0.00433}
  t=   8.75  cb_yield           L18-CB2 {'rot': 0.00517}
  t=   8.75  cb_yield           L19-CB2 {'rot': 0.00487}
  t=   8.75  cb_yield           L20-CB2 {'rot': 0.00457}
  t=   8.75  cb_yield           L21-CB3 {'rot': 0.00536}
  t=   8.75  cb_yield           L22-CB3 {'rot': 0.00507}
  t=   8.75  cb_yield           L23-CB3 {'rot': 0.0048}
  t=   8.88  cb_yield           L15-CB1 {'rot': 0.00418}
  t=   8.88  cb_yield           L21-CB2 {'rot': 0.0051}
  t=   8.88  cb_yield           L22-CB2 {'rot': 0.00482}
  t=   8.88  cb_yield           L24-CB3 {'rot': 0.00541}
  t=   8.88  cb_yield           L25-CB3 {'rot': 0.00514}
  t=   8.88  cb_yield           L26-CB3 {'rot': 0.00487}
  t=   8.88  cb_yield           L27-CB3 {'rot': 0.00462}
  t=   9.00  cb_yield           L23-CB2 {'rot': 0.00518}
  t=   9.00  cb_yield           L24-CB2 {'rot': 0.00488}
  t=   9.00  cb_yield           L28-CB3 {'rot': 0.00484}
  t=   9.13  cb_yield           L25-CB2 {'rot': 0.00466}
  t=   9.13  cb_yield           L29-CB3 {'rot': 0.00457}
  t=   9.25  cb_yield           L23-CB1 {'rot': 0.00464}
  t=   9.25  cb_yield           L24-CB1 {'rot': 0.00475}
  t=   9.25  cb_yield           L25-CB1 {'rot': 0.00477}
  t=   9.25  cb_yield           L26-CB1 {'rot': 0.00472}
  t=   9.25  cb_yield           L27-CB1 {'rot': 0.00459}
  t=   9.88  cb_yield           L2-CB0 {'rot': 0.00461}
  t=   9.88  cb_yield           L3-CB0 {'rot': 0.00552}
  t=  10.00  cb_yield           L12-CB0 {'rot': 0.00428}
  progress t=  10.0s  max corner drift so far=0.0022  wall clock=94s
  t=  10.13  cb_yield           L13-CB0 {'rot': 0.00423}
  t=  10.38  cb_yield           L2-CB2 {'rot': 0.00498}
  t=  10.38  cb_yield           L2-CB3 {'rot': 0.00477}
  t=  10.38  cb_yield           L16-CB1 {'rot': 0.00419}
  t=  10.38  cb_yield           L17-CB1 {'rot': 0.00483}
  t=  10.38  cb_yield           L18-CB0 {'rot': 0.00462}
  t=  10.38  cb_yield           L18-CB1 {'rot': 0.00539}
  t=  10.38  cb_yield           L19-CB0 {'rot': 0.00502}
  t=  10.38  cb_yield           L19-CB1 {'rot': 0.00586}
  t=  10.38  cb_yield           L20-CB0 {'rot': 0.00533}
  t=  10.38  cb_yield           L20-CB1 {'rot': 0.00624}
  t=  10.38  cb_yield           L21-CB0 {'rot': 0.00554}
  t=  10.38  cb_yield           L21-CB1 {'rot': 0.00652}
  t=  10.38  cb_yield           L22-CB0 {'rot': 0.00565}
  t=  10.38  cb_yield           L22-CB1 {'rot': 0.00669}
  t=  10.38  cb_yield           L23-CB0 {'rot': 0.00567}
  t=  10.38  cb_yield           L24-CB0 {'rot': 0.00561}
  t=  10.38  cb_yield           L25-CB0 {'rot': 0.00549}
  t=  10.38  cb_yield           L26-CB0 {'rot': 0.0053}
  t=  10.38  cb_yield           L27-CB0 {'rot': 0.00507}
  t=  10.38  cb_yield           L28-CB0 {'rot': 0.00482}
  t=  10.38  cb_yield           L28-CB1 {'rot': 0.00613}
  t=  10.38  cb_yield           L29-CB0 {'rot': 0.00455}
  t=  10.38  cb_yield           L29-CB1 {'rot': 0.00588}
  t=  10.38  cb_yield           L30-CB1 {'rot': 0.0056}
  t=  10.38  cb_yield           L31-CB1 {'rot': 0.00533}
  t=  10.38  cb_yield           L32-CB1 {'rot': 0.00509}
  t=  10.38  cb_yield           L33-CB1 {'rot': 0.00494}
  t=  10.50  cb_yield           L1-CB2 {'rot': 0.00424}
  t=  10.50  cb_yield           L1-CB3 {'rot': 0.00412}
  t=  10.50  cb_yield           L2-CB1 {'rot': 0.00487}
  t=  10.50  cb_yield           L30-CB0 {'rot': 0.00493}
  t=  10.63  cb_yield           L1-CB0 {'rot': 0.00484}
  t=  10.63  cb_yield           L1-CB1 {'rot': 0.00477}
  t=  10.63  cb_yield           L31-CB0 {'rot': 0.00472}
  t=  10.88  cb_yield           L14-CB0 {'rot': 0.00521}
  t=  10.88  cb_yield           L15-CB0 {'rot': 0.00451}
  t=  11.00  cb_yield           L16-CB0 {'rot': 0.00706}
  t=  11.00  cb_yield           L17-CB0 {'rot': 0.0067}
  t=  13.88  cb_yield           L30-CB3 {'rot': 0.00459}
  t=  14.00  cb_yield           L26-CB2 {'rot': 0.00468}
  t=  14.00  cb_yield           L27-CB2 {'rot': 0.00455}
  t=  14.00  cb_yield           L31-CB3 {'rot': 0.00574}
  t=  14.00  cb_yield           L32-CB3 {'rot': 0.00551}
  t=  14.00  cb_yield           L33-CB3 {'rot': 0.00537}
  t=  19.12  cb_yield           L28-CB2 {'rot': 0.005}
  t=  19.12  cb_yield           L29-CB2 {'rot': 0.00483}
  t=  19.12  cb_yield           L30-CB2 {'rot': 0.00462}
  progress t=  20.0s  max corner drift so far=0.0056  wall clock=194s
  t=  20.12  cb_failure         L8-CB1 {'rot': 0.01854}
  t=  20.12  cb_failure         L9-CB1 {'rot': 0.01902}
  t=  20.12  cb_failure         L10-CB1 {'rot': 0.01934}
  t=  20.12  cb_failure         L11-CB1 {'rot': 0.01951}
  t=  20.12  cb_failure         L12-CB1 {'rot': 0.01956}
  t=  20.12  cb_failure         L13-CB1 {'rot': 0.01945}
  t=  20.12  cb_failure         L14-CB1 {'rot': 0.01917}
  t=  20.12  cb_failure         L15-CB1 {'rot': 0.01875}
  t=  20.12  cb_failure         L16-CB1 {'rot': 0.01822}
  t=  20.25  cb_failure         L6-CB1 {'rot': 0.01899}
  t=  20.25  cb_failure         L7-CB0 {'rot': 0.01833}
  t=  20.25  cb_failure         L7-CB1 {'rot': 0.02008}
  t=  20.25  cb_failure         L8-CB0 {'rot': 0.01886}
  t=  20.25  cb_failure         L9-CB0 {'rot': 0.01909}
  t=  20.25  cb_failure         L10-CB0 {'rot': 0.01909}
  t=  20.25  cb_failure         L11-CB0 {'rot': 0.0189}
  t=  20.25  cb_failure         L12-CB0 {'rot': 0.01857}
  t=  20.25  cb_failure         L17-CB1 {'rot': 0.01856}
  t=  20.37  cb_failure         L5-CB1 {'rot': 0.01828}
  t=  20.37  cb_failure         L6-CB0 {'rot': 0.0189}
  t=  20.37  cb_failure         L13-CB0 {'rot': 0.02035}
  t=  20.37  cb_failure         L14-CB0 {'rot': 0.01979}
  t=  20.37  cb_failure         L15-CB0 {'rot': 0.01909}
  t=  20.37  cb_failure         L16-CB0 {'rot': 0.01827}
  t=  20.37  cb_failure         L18-CB1 {'rot': 0.01893}
  t=  20.50  cb_failure         L5-CB0 {'rot': 0.01812}
  t=  20.62  cb_failure         L17-CB0 {'rot': 0.01905}
  t=  20.62  cb_failure         L19-CB1 {'rot': 0.01874}
  t=  20.62  cb_yield           L32-CB0 {'rot': 0.00478}
  t=  20.62  cb_yield           L33-CB0 {'rot': 0.00463}
  t=  20.75  cb_failure         L18-CB0 {'rot': 0.019}
  t=  20.75  cb_failure         L20-CB1 {'rot': 0.01898}
  t=  20.87  cb_failure         L19-CB0 {'rot': 0.01857}
  t=  20.87  cb_failure         L21-CB1 {'rot': 0.01919}
  t=  20.87  cb_failure         L22-CB1 {'rot': 0.01858}
  t=  22.12  cb_yield           L31-CB2 {'rot': 0.00546}
  t=  22.12  cb_yield           L32-CB2 {'rot': 0.00543}
  t=  22.12  cb_yield           L33-CB2 {'rot': 0.00541}
  t=  22.62  cb_failure         L4-CB1 {'rot': 0.01889}
  t=  23.12  cb_failure         L20-CB0 {'rot': 0.01948}
  t=  23.12  cb_failure         L21-CB0 {'rot': 0.01867}
  t=  23.25  cb_failure         L22-CB0 {'rot': 0.01901}
  t=  25.25  cb_failure         L10-CB3 {'rot': 0.01812}
  t=  25.25  cb_failure         L11-CB3 {'rot': 0.01847}
  t=  25.25  cb_failure         L12-CB3 {'rot': 0.01867}
  t=  25.25  cb_failure         L13-CB3 {'rot': 0.01869}
  t=  25.25  cb_failure         L14-CB3 {'rot': 0.01849}
  t=  25.62  cb_failure         L23-CB1 {'rot': 0.01893}
  t=  25.62  cb_failure         L24-CB1 {'rot': 0.01867}
  t=  25.75  cb_failure         L15-CB3 {'rot': 0.0185}
  t=  25.75  cb_failure         L16-CB3 {'rot': 0.01847}
  t=  25.75  cb_failure         L20-CB3 {'rot': 0.01855}
  t=  25.75  cb_failure         L21-CB3 {'rot': 0.0186}
  t=  25.75  cb_failure         L22-CB3 {'rot': 0.01861}
  t=  25.75  cb_failure         L23-CB3 {'rot': 0.01856}
  t=  25.87  cb_failure         L7-CB3 {'rot': 0.0187}
  t=  25.87  cb_failure         L8-CB3 {'rot': 0.01921}
  t=  25.87  cb_failure         L9-CB3 {'rot': 0.01956}
  t=  25.87  cb_failure         L17-CB3 {'rot': 0.01986}
  t=  25.87  cb_failure         L18-CB3 {'rot': 0.01966}
  t=  25.87  cb_failure         L19-CB3 {'rot': 0.01941}
  t=  26.00  cb_failure         L4-CB0 {'rot': 0.01826}
  t=  26.00  cb_failure         L5-CB3 {'rot': 0.01832}
  t=  26.00  cb_failure         L6-CB3 {'rot': 0.01957}
  t=  26.00  cb_failure         L10-CB2 {'rot': 0.01817}
  t=  26.00  cb_failure         L11-CB2 {'rot': 0.01811}
  t=  26.12  cb_failure         L3-CB1 {'rot': 0.01836}
  t=  26.12  cb_failure         L6-CB2 {'rot': 0.01867}
  t=  26.12  cb_failure         L7-CB2 {'rot': 0.01948}
  t=  26.12  cb_failure         L8-CB2 {'rot': 0.01999}
  t=  26.12  cb_failure         L9-CB2 {'rot': 0.02026}
  t=  26.12  cb_failure         L12-CB2 {'rot': 0.02002}
  t=  26.12  cb_failure         L13-CB2 {'rot': 0.01964}
  t=  26.12  cb_failure         L14-CB2 {'rot': 0.01909}
  t=  26.12  cb_failure         L15-CB2 {'rot': 0.0184}
  t=  26.25  cb_failure         L4-CB3 {'rot': 0.0186}
  t=  26.25  cb_failure         L5-CB2 {'rot': 0.01847}
  t=  26.50  cb_failure         L25-CB1 {'rot': 0.02072}
  t=  26.50  cb_failure         L26-CB1 {'rot': 0.01999}
  t=  26.50  cb_failure         L27-CB1 {'rot': 0.0193}
  t=  26.50  cb_failure         L28-CB1 {'rot': 0.01872}
  t=  26.62  cb_failure         L29-CB1 {'rot': 0.0206}
  t=  26.62  cb_failure         L30-CB1 {'rot': 0.01998}
  t=  26.62  cb_failure         L31-CB1 {'rot': 0.01943}
  t=  26.62  cb_failure         L32-CB1 {'rot': 0.01906}
  t=  26.62  cb_failure         L33-CB1 {'rot': 0.01891}
  t=  26.75  cb_failure         L24-CB3 {'rot': 0.01894}
  t=  26.87  cb_failure         L25-CB3 {'rot': 0.01899}
  progress t=  30.0s  max corner drift so far=0.0085  wall clock=305s
  t=  32.75  cb_failure         L26-CB3 {'rot': 0.01952}
  t=  32.75  cb_failure         L27-CB3 {'rot': 0.01882}
  t=  32.87  cb_failure         L22-CB2 {'rot': 0.0188}
  t=  32.87  cb_failure         L23-CB2 {'rot': 0.01912}
  t=  32.87  cb_failure         L24-CB2 {'rot': 0.01928}
  t=  32.87  cb_failure         L25-CB2 {'rot': 0.01927}
  t=  32.87  cb_failure         L26-CB2 {'rot': 0.01909}
  t=  32.87  cb_failure         L27-CB2 {'rot': 0.01878}
  t=  32.87  cb_failure         L28-CB3 {'rot': 0.02389}
  t=  32.87  cb_failure         L29-CB3 {'rot': 0.02352}
  t=  32.87  cb_failure         L30-CB3 {'rot': 0.02298}
  t=  32.87  cb_failure         L31-CB3 {'rot': 0.02241}
  t=  32.87  cb_failure         L32-CB3 {'rot': 0.02199}
  t=  32.87  cb_failure         L33-CB3 {'rot': 0.02181}
  t=  33.00  cb_failure         L20-CB2 {'rot': 0.01889}
  t=  33.00  cb_failure         L21-CB2 {'rot': 0.01956}
  t=  33.00  cb_failure         L28-CB2 {'rot': 0.02198}
  t=  33.00  cb_failure         L29-CB2 {'rot': 0.02187}
  t=  33.00  cb_failure         L30-CB2 {'rot': 0.02154}
  t=  33.00  cb_failure         L31-CB2 {'rot': 0.02109}
  t=  33.00  cb_failure         L32-CB2 {'rot': 0.02069}
  t=  33.00  cb_failure         L33-CB2 {'rot': 0.02051}
  t=  33.12  cb_failure         L19-CB2 {'rot': 0.01901}
  t=  33.25  cb_failure         L16-CB2 {'rot': 0.01899}
  t=  33.25  cb_failure         L17-CB2 {'rot': 0.01899}
  t=  33.25  cb_failure         L18-CB2 {'rot': 0.01889}
  progress t=  40.0s  max corner drift so far=0.0085  wall clock=407s
  t=  40.12  cb_failure         L23-CB0 {'rot': 0.02019}
  t=  40.12  cb_failure         L24-CB0 {'rot': 0.02004}
  t=  40.12  cb_failure         L25-CB0 {'rot': 0.01981}
  t=  40.12  cb_failure         L26-CB0 {'rot': 0.01949}
  t=  40.12  cb_failure         L27-CB0 {'rot': 0.01908}
  t=  40.12  cb_failure         L28-CB0 {'rot': 0.01867}
  t=  47.75  cb_failure         L29-CB0 {'rot': 0.02173}
  t=  47.75  cb_failure         L30-CB0 {'rot': 0.0212}
  t=  47.75  cb_failure         L31-CB0 {'rot': 0.02063}
  t=  47.75  cb_failure         L32-CB0 {'rot': 0.0202}
  t=  47.75  cb_failure         L33-CB0 {'rot': 0.02004}
  t=  48.62  cb_failure         L3-CB2 {'rot': 0.01969}
  t=  48.62  cb_failure         L3-CB3 {'rot': 0.02097}
  t=  48.62  cb_failure         L4-CB2 {'rot': 0.02194}
  t=  48.75  cb_failure         L2-CB2 {'rot': 0.01811}
  t=  48.75  cb_failure         L2-CB3 {'rot': 0.01936}
  t=  48.75  cb_failure         L3-CB0 {'rot': 0.02012}
  progress t=  50.0s  max corner drift so far=0.0085  wall clock=510s
  progress t=  60.0s  max corner drift so far=0.0088  wall clock=611s
  t=  66.37  cb_failure         L2-CB1 {'rot': 0.01826}
  t=  66.50  cb_failure         L2-CB0 {'rot': 0.0184}
  progress t=  70.0s  max corner drift so far=0.0090  wall clock=711s
  progress t=  80.0s  max corner drift so far=0.0090  wall clock=809s
  progress t=  90.0s  max corner drift so far=0.0090  wall clock=911s
  progress t= 100.0s  max corner drift so far=0.0090  wall clock=1010s
