  t=   8.50  cb_yield           L5-CB3 {'rot': 0.00494}
  t=   8.50  cb_yield           L6-CB3 {'rot': 0.0053}
  t=   8.50  cb_yield           L7-CB2 {'rot': 0.00494}
  t=   8.50  cb_yield           L7-CB3 {'rot': 0.00557}
  t=   8.50  cb_yield           L8-CB2 {'rot': 0.00505}
  t=   8.50  cb_yield           L8-CB3 {'rot': 0.00574}
  t=   8.50  cb_yield           L9-CB2 {'rot': 0.00508}
  t=   8.50  cb_yield           L9-CB3 {'rot': 0.00585}
  t=   8.50  cb_yield           L10-CB2 {'rot': 0.00506}
  t=   8.50  cb_yield           L10-CB3 {'rot': 0.00589}
  t=   8.50  cb_yield           L11-CB2 {'rot': 0.00499}
  t=   8.50  cb_yield           L11-CB3 {'rot': 0.00588}
  t=   8.50  cb_yield           L12-CB3 {'rot': 0.00584}
  t=   8.50  cb_yield           L13-CB3 {'rot': 0.00576}
  t=   8.50  cb_yield           L14-CB3 {'rot': 0.00564}
  t=   8.50  cb_yield           L15-CB3 {'rot': 0.0055}
  t=   8.50  cb_yield           L16-CB3 {'rot': 0.00536}
  t=   8.63  cb_yield           L6-CB2 {'rot': 0.00528}
  t=   8.63  cb_yield           L12-CB2 {'rot': 0.0057}
  t=   8.63  cb_yield           L13-CB2 {'rot': 0.0056}
  t=   8.63  cb_yield           L14-CB2 {'rot': 0.00545}
  t=   8.63  cb_yield           L15-CB2 {'rot': 0.00528}
  t=   8.63  cb_yield           L16-CB2 {'rot': 0.00509}
  t=   8.63  cb_yield           L17-CB3 {'rot': 0.00601}
  t=   8.63  cb_yield           L18-CB3 {'rot': 0.00578}
  t=   8.63  cb_yield           L19-CB3 {'rot': 0.00554}
  t=   8.75  cb_yield           L7-CB1 {'rot': 0.0051}
  t=   8.75  cb_yield           L8-CB1 {'rot': 0.00522}
  t=   8.75  cb_yield           L9-CB1 {'rot': 0.00523}
  t=   8.75  cb_yield           L10-CB1 {'rot': 0.00516}
  t=   8.75  cb_yield           L11-CB1 {'rot': 0.00502}
  t=   8.75  cb_yield           L20-CB3 {'rot': 0.00578}
  t=   8.75  cb_yield           L21-CB3 {'rot': 0.00552}
  t=   8.88  cb_yield           L17-CB2 {'rot': 0.00568}
  t=   8.88  cb_yield           L18-CB2 {'rot': 0.00546}
  t=   8.88  cb_yield           L22-CB3 {'rot': 0.00561}
  t=   9.00  cb_yield           L23-CB3 {'rot': 0.00582}
  t=   9.00  cb_yield           L24-CB3 {'rot': 0.0056}
  t=   9.88  cb_yield           L4-CB0 {'rot': 0.00499}
  t=   9.88  cb_yield           L5-CB0 {'rot': 0.00524}
  t=   9.88  cb_yield           L5-CB1 {'rot': 0.00494}
  t=   9.88  cb_yield           L6-CB0 {'rot': 0.00532}
  t=   9.88  cb_yield           L6-CB1 {'rot': 0.00511}
  t=   9.88  cb_yield           L7-CB0 {'rot': 0.00526}
  t=   9.88  cb_yield           L8-CB0 {'rot': 0.00507}
  progress t=  10.0s  max corner drift so far=0.0021  wall clock=89s
  t=  10.38  cb_yield           L3-CB2 {'rot': 0.00542}
  t=  10.38  cb_yield           L3-CB3 {'rot': 0.00529}
  t=  10.38  cb_yield           L4-CB2 {'rot': 0.00581}
  t=  10.38  cb_yield           L4-CB3 {'rot': 0.00564}
  t=  10.38  cb_yield           L5-CB2 {'rot': 0.00585}
  t=  10.38  cb_yield           L21-CB1 {'rot': 0.00547}
  t=  10.38  cb_yield           L22-CB1 {'rot': 0.00561}
  t=  10.38  cb_yield           L23-CB1 {'rot': 0.00569}
  t=  10.38  cb_yield           L24-CB1 {'rot': 0.0057}
  t=  10.38  cb_yield           L25-CB1 {'rot': 0.00566}
  t=  10.38  cb_yield           L26-CB1 {'rot': 0.00558}
  t=  10.38  cb_yield           L27-CB1 {'rot': 0.00546}
  t=  10.50  cb_yield           L2-CB2 {'rot': 0.00569}
  t=  10.50  cb_yield           L2-CB3 {'rot': 0.00557}
  t=  10.50  cb_yield           L3-CB0 {'rot': 0.00512}
  t=  10.50  cb_yield           L3-CB1 {'rot': 0.00507}
  t=  10.50  cb_yield           L4-CB1 {'rot': 0.00542}
  t=  10.50  cb_yield           L20-CB1 {'rot': 0.00587}
  t=  10.50  cb_yield           L22-CB0 {'rot': 0.00577}
  t=  10.50  cb_yield           L23-CB0 {'rot': 0.00599}
  t=  10.50  cb_yield           L24-CB0 {'rot': 0.00606}
  t=  10.50  cb_yield           L25-CB0 {'rot': 0.00601}
  t=  10.50  cb_yield           L26-CB0 {'rot': 0.00585}
  t=  10.50  cb_yield           L27-CB0 {'rot': 0.0056}
  t=  10.50  cb_yield           L28-CB1 {'rot': 0.00671}
  t=  10.50  cb_yield           L29-CB1 {'rot': 0.00639}
  t=  10.50  cb_yield           L30-CB1 {'rot': 0.00605}
  t=  10.50  cb_yield           L31-CB1 {'rot': 0.00572}
  t=  10.63  cb_yield           L2-CB0 {'rot': 0.0065}
  t=  10.63  cb_yield           L2-CB1 {'rot': 0.00624}
  t=  10.63  cb_yield           L9-CB0 {'rot': 0.0058}
  t=  10.63  cb_yield           L10-CB0 {'rot': 0.00496}
  t=  10.63  cb_yield           L32-CB1 {'rot': 0.0056}
  t=  10.75  cb_yield           L1-CB0 {'rot': 0.0051}
  t=  10.75  cb_yield           L1-CB1 {'rot': 0.00497}
  t=  10.75  cb_yield           L11-CB0 {'rot': 0.00571}
  t=  10.88  cb_yield           L12-CB0 {'rot': 0.00681}
  t=  10.88  cb_yield           L12-CB1 {'rot': 0.00625}
  t=  10.88  cb_yield           L13-CB0 {'rot': 0.00609}
  t=  10.88  cb_yield           L13-CB1 {'rot': 0.00554}
  t=  10.88  cb_yield           L14-CB0 {'rot': 0.00537}
  t=  11.00  cb_yield           L14-CB1 {'rot': 0.00728}
  t=  11.00  cb_yield           L15-CB0 {'rot': 0.0072}
  t=  11.00  cb_yield           L15-CB1 {'rot': 0.00692}
  t=  11.00  cb_yield           L16-CB0 {'rot': 0.00686}
  t=  11.00  cb_yield           L16-CB1 {'rot': 0.00656}
  t=  11.00  cb_yield           L17-CB0 {'rot': 0.00647}
  t=  11.00  cb_yield           L17-CB1 {'rot': 0.00615}
  t=  11.00  cb_yield           L18-CB0 {'rot': 0.00611}
  t=  11.00  cb_yield           L18-CB1 {'rot': 0.00578}
  t=  11.00  cb_yield           L19-CB0 {'rot': 0.00579}
  t=  11.00  cb_yield           L20-CB0 {'rot': 0.00551}
  t=  11.13  cb_yield           L19-CB1 {'rot': 0.01007}
  t=  11.13  cb_yield           L21-CB0 {'rot': 0.00929}
  t=  11.25  cb_yield           L19-CB2 {'rot': 0.0057}
  t=  11.25  cb_yield           L20-CB2 {'rot': 0.00555}
  t=  11.25  cb_yield           L28-CB0 {'rot': 0.00571}
  t=  11.38  cb_yield           L21-CB2 {'rot': 0.00562}
  t=  11.38  cb_yield           L29-CB0 {'rot': 0.00559}
  t=  12.75  cb_yield           L25-CB3 {'rot': 0.00561}
  t=  12.88  cb_yield           L26-CB3 {'rot': 0.00575}
  t=  14.00  cb_yield           L27-CB3 {'rot': 0.00578}
  t=  14.00  cb_yield           L28-CB3 {'rot': 0.00569}
  t=  14.00  cb_yield           L29-CB3 {'rot': 0.00555}
  t=  17.13  cb_yield           L22-CB2 {'rot': 0.00619}
  t=  17.13  cb_yield           L23-CB2 {'rot': 0.00589}
  t=  17.13  cb_yield           L24-CB2 {'rot': 0.00552}
  t=  19.12  cb_yield           L30-CB3 {'rot': 0.0066}
  t=  19.12  cb_yield           L31-CB3 {'rot': 0.00634}
  t=  19.12  cb_yield           L32-CB3 {'rot': 0.00611}
  t=  19.12  cb_yield           L33-CB3 {'rot': 0.00596}
  t=  19.25  cb_yield           L1-CB3 {'rot': 0.00502}
  t=  19.37  cb_yield           L1-CB2 {'rot': 0.00514}
  t=  20.00  cb_yield           L33-CB1 {'rot': 0.00643}
  progress t=  20.0s  max corner drift so far=0.0053  wall clock=183s
  t=  20.37  cb_failure         L9-CB1 {'rot': 0.01913}
  t=  20.37  cb_failure         L10-CB1 {'rot': 0.01946}
  t=  20.37  cb_failure         L11-CB1 {'rot': 0.01963}
  t=  20.37  cb_failure         L12-CB1 {'rot': 0.01966}
  t=  20.37  cb_failure         L13-CB1 {'rot': 0.01953}
  t=  20.37  cb_failure         L14-CB1 {'rot': 0.01922}
  t=  20.50  cb_failure         L8-CB1 {'rot': 0.01895}
  t=  20.50  cb_failure         L9-CB0 {'rot': 0.01906}
  t=  20.50  cb_failure         L10-CB0 {'rot': 0.01936}
  t=  20.50  cb_failure         L11-CB0 {'rot': 0.01943}
  t=  20.50  cb_failure         L12-CB0 {'rot': 0.01931}
  t=  20.50  cb_failure         L13-CB0 {'rot': 0.01897}
  t=  20.50  cb_failure         L15-CB1 {'rot': 0.01934}
  t=  20.75  cb_yield           L30-CB0 {'rot': 0.00643}
  t=  20.75  cb_yield           L31-CB0 {'rot': 0.00601}
  t=  20.75  cb_yield           L32-CB0 {'rot': 0.00572}
  t=  20.75  cb_yield           L33-CB0 {'rot': 0.00558}
  t=  22.62  cb_failure         L5-CB1 {'rot': 0.01905}
  t=  22.62  cb_failure         L6-CB1 {'rot': 0.01969}
  t=  22.62  cb_failure         L7-CB1 {'rot': 0.01985}
  t=  23.50  cb_yield           L25-CB2 {'rot': 0.00553}
  t=  25.00  cb_failure         L17-CB3 {'rot': 0.01979}
  t=  25.12  cb_failure         L9-CB3 {'rot': 0.01941}
  t=  25.12  cb_failure         L10-CB3 {'rot': 0.02015}
  t=  25.12  cb_failure         L11-CB3 {'rot': 0.02063}
  t=  25.12  cb_failure         L12-CB3 {'rot': 0.02091}
  t=  25.12  cb_failure         L13-CB3 {'rot': 0.02097}
  t=  25.12  cb_failure         L14-CB3 {'rot': 0.02082}
  t=  25.12  cb_failure         L15-CB3 {'rot': 0.02046}
  t=  25.12  cb_failure         L16-CB1 {'rot': 0.01898}
  t=  25.12  cb_failure         L16-CB3 {'rot': 0.01992}
  t=  25.25  cb_failure         L17-CB1 {'rot': 0.01996}
  t=  25.25  cb_failure         L18-CB1 {'rot': 0.01947}
  t=  25.25  cb_failure         L20-CB1 {'rot': 0.0196}
  t=  25.37  cb_failure         L18-CB3 {'rot': 0.01967}
  t=  25.37  cb_failure         L19-CB1 {'rot': 0.02021}
  t=  25.37  cb_failure         L21-CB1 {'rot': 0.01952}
  t=  25.37  cb_failure         L23-CB1 {'rot': 0.01965}
  t=  25.37  cb_yield           L26-CB2 {'rot': 0.00681}
  t=  25.37  cb_yield           L27-CB2 {'rot': 0.00587}
  t=  25.50  cb_failure         L19-CB3 {'rot': 0.01984}
  t=  25.50  cb_failure         L20-CB3 {'rot': 0.01968}
  t=  25.50  cb_failure         L21-CB3 {'rot': 0.0195}
  t=  25.50  cb_failure         L22-CB1 {'rot': 0.02094}
  t=  25.50  cb_failure         L24-CB1 {'rot': 0.02041}
  t=  25.50  cb_failure         L25-CB1 {'rot': 0.01999}
  t=  25.50  cb_failure         L26-CB1 {'rot': 0.01958}
  t=  25.50  cb_yield           L28-CB2 {'rot': 0.00663}
  t=  25.50  cb_yield           L29-CB2 {'rot': 0.00579}
  t=  25.62  cb_failure         L22-CB3 {'rot': 0.01946}
  t=  25.62  cb_failure         L27-CB1 {'rot': 0.01952}
  t=  25.62  cb_yield           L30-CB2 {'rot': 0.00619}
  t=  25.62  cb_failure         L31-CB1 {'rot': 0.0197}
  t=  25.62  cb_yield           L31-CB2 {'rot': 0.00558}
  t=  25.62  cb_failure         L32-CB1 {'rot': 0.0197}
  t=  25.62  cb_failure         L33-CB1 {'rot': 0.01972}
  t=  25.62  cb_failure         L33-CB3 {'rot': 0.01983}
  t=  25.87  cb_failure         L8-CB3 {'rot': 0.01904}
  t=  26.00  cb_failure         L6-CB0 {'rot': 0.01907}
  t=  26.00  cb_failure         L6-CB3 {'rot': 0.01897}
  t=  26.00  cb_failure         L7-CB0 {'rot': 0.01971}
  t=  26.00  cb_failure         L7-CB3 {'rot': 0.01978}
  t=  26.00  cb_failure         L8-CB0 {'rot': 0.02007}
  t=  26.12  cb_failure         L4-CB1 {'rot': 0.01994}
  t=  26.12  cb_failure         L5-CB0 {'rot': 0.0199}
  t=  26.12  cb_failure         L5-CB3 {'rot': 0.01894}
  t=  26.12  cb_failure         L14-CB0 {'rot': 0.01989}
  t=  26.25  cb_failure         L15-CB0 {'rot': 0.01944}
  t=  26.75  cb_failure         L28-CB1 {'rot': 0.01965}
  progress t=  30.0s  max corner drift so far=0.0079  wall clock=284s
  t=  32.75  cb_yield           L32-CB2 {'rot': 0.00565}
  t=  32.87  cb_failure         L23-CB3 {'rot': 0.0207}
  t=  32.87  cb_failure         L24-CB3 {'rot': 0.02109}
  t=  32.87  cb_failure         L25-CB3 {'rot': 0.02131}
  t=  32.87  cb_failure         L26-CB3 {'rot': 0.02136}
  t=  32.87  cb_failure         L27-CB3 {'rot': 0.02126}
  t=  32.87  cb_failure         L28-CB3 {'rot': 0.02108}
  t=  32.87  cb_failure         L29-CB3 {'rot': 0.02074}
  t=  32.87  cb_failure         L30-CB3 {'rot': 0.02017}
  t=  32.87  cb_failure         L31-CB3 {'rot': 0.01953}
  t=  32.87  cb_yield           L33-CB2 {'rot': 0.00878}
  progress t=  40.0s  max corner drift so far=0.0079  wall clock=380s
  t=  40.25  cb_failure         L12-CB2 {'rot': 0.01898}
  t=  40.25  cb_failure         L13-CB2 {'rot': 0.01904}
  t=  40.37  cb_failure         L10-CB2 {'rot': 0.01911}
  t=  40.37  cb_failure         L11-CB2 {'rot': 0.01925}
  t=  40.37  cb_failure         L14-CB2 {'rot': 0.01894}
  t=  40.50  cb_failure         L7-CB2 {'rot': 0.01901}
  t=  40.50  cb_failure         L8-CB2 {'rot': 0.01942}
  t=  40.50  cb_failure         L9-CB2 {'rot': 0.01959}
  t=  47.62  cb_failure         L29-CB1 {'rot': 0.02278}
  t=  47.62  cb_failure         L30-CB1 {'rot': 0.02193}
  t=  47.75  cb_failure         L31-CB0 {'rot': 0.01979}
  t=  48.37  cb_failure         L4-CB3 {'rot': 0.01893}
  t=  48.50  cb_failure         L3-CB3 {'rot': 0.0197}
  t=  48.50  cb_failure         L4-CB0 {'rot': 0.01897}
  t=  48.50  cb_failure         L4-CB2 {'rot': 0.01956}
  t=  48.50  cb_failure         L5-CB2 {'rot': 0.02078}
  t=  48.50  cb_failure         L6-CB2 {'rot': 0.02129}
  t=  48.62  cb_failure         L2-CB1 {'rot': 0.01897}
  t=  48.62  cb_failure         L2-CB3 {'rot': 0.01918}
  t=  48.62  cb_failure         L3-CB0 {'rot': 0.01917}
  t=  48.62  cb_failure         L3-CB1 {'rot': 0.02009}
  t=  48.62  cb_failure         L3-CB2 {'rot': 0.01994}
  t=  49.00  cb_failure         L15-CB2 {'rot': 0.02051}
  t=  49.00  cb_failure         L16-CB2 {'rot': 0.01991}
  t=  49.12  cb_failure         L17-CB2 {'rot': 0.02336}
  t=  49.12  cb_failure         L18-CB2 {'rot': 0.02305}
  t=  49.12  cb_failure         L19-CB2 {'rot': 0.02259}
  t=  49.12  cb_failure         L20-CB2 {'rot': 0.02201}
  t=  49.12  cb_failure         L21-CB2 {'rot': 0.02124}
  t=  49.12  cb_failure         L22-CB2 {'rot': 0.02028}
  t=  49.25  cb_failure         L16-CB0 {'rot': 0.0193}
  t=  49.25  cb_failure         L17-CB0 {'rot': 0.01951}
  t=  49.25  cb_failure         L18-CB0 {'rot': 0.01956}
  t=  49.25  cb_failure         L19-CB0 {'rot': 0.01946}
  t=  49.25  cb_failure         L23-CB2 {'rot': 0.02415}
  t=  49.25  cb_failure         L24-CB2 {'rot': 0.0231}
  t=  49.25  cb_failure         L25-CB2 {'rot': 0.02182}
  t=  49.25  cb_failure         L26-CB2 {'rot': 0.02034}
  t=  49.25  cb_failure         L32-CB3 {'rot': 0.02066}
  t=  49.37  cb_failure         L20-CB0 {'rot': 0.02162}
  t=  49.37  cb_failure         L21-CB0 {'rot': 0.0215}
  t=  49.37  cb_failure         L22-CB0 {'rot': 0.02119}
  t=  49.37  cb_failure         L23-CB0 {'rot': 0.02071}
  t=  49.37  cb_failure         L24-CB0 {'rot': 0.02006}
  t=  49.37  cb_failure         L27-CB2 {'rot': 0.02272}
  t=  49.37  cb_failure         L28-CB2 {'rot': 0.02162}
  t=  49.37  cb_failure         L29-CB2 {'rot': 0.02057}
  t=  49.37  cb_failure         L30-CB2 {'rot': 0.01948}
  t=  49.50  cb_failure         L25-CB0 {'rot': 0.02218}
  t=  49.50  cb_failure         L26-CB0 {'rot': 0.02178}
  t=  49.50  cb_failure         L27-CB0 {'rot': 0.02123}
  t=  49.50  cb_failure         L28-CB0 {'rot': 0.02065}
  t=  49.50  cb_failure         L29-CB0 {'rot': 0.01998}
  t=  49.50  cb_failure         L31-CB2 {'rot': 0.02281}
  t=  49.50  cb_failure         L32-CB2 {'rot': 0.02212}
  t=  49.50  cb_failure         L33-CB2 {'rot': 0.02188}
  t=  49.62  cb_failure         L30-CB0 {'rot': 0.02075}
  progress t=  50.0s  max corner drift so far=0.0079  wall clock=478s
  t=  59.62  cb_failure         L32-CB0 {'rot': 0.021}
  t=  59.62  cb_failure         L33-CB0 {'rot': 0.02079}
  progress t=  60.0s  max corner drift so far=0.0094  wall clock=574s
  t= 62.700  solver fallback: Newton
  progress t=  70.0s  max corner drift so far=0.0094  wall clock=668s
  progress t=  80.0s  max corner drift so far=0.0094  wall clock=760s
  progress t=  90.0s  max corner drift so far=0.0094  wall clock=852s
  progress t= 100.0s  max corner drift so far=0.0094  wall clock=943s
