  t=   8.50  cb_yield           L6-CB3 {'rot': 0.00411}
  t=   8.50  cb_yield           L7-CB3 {'rot': 0.00424}
  t=   8.50  cb_yield           L8-CB3 {'rot': 0.00429}
  t=   8.50  cb_yield           L9-CB3 {'rot': 0.00428}
  t=   8.50  cb_yield           L10-CB3 {'rot': 0.00423}
  t=   8.50  cb_yield           L11-CB3 {'rot': 0.00415}
  t=   8.63  cb_yield           L8-CB2 {'rot': 0.00412}
  t=   8.63  cb_yield           L9-CB2 {'rot': 0.00412}
  t=   8.63  cb_yield           L12-CB3 {'rot': 0.00453}
  t=   8.63  cb_yield           L13-CB3 {'rot': 0.00444}
  t=   8.63  cb_yield           L14-CB3 {'rot': 0.00433}
  t=   8.63  cb_yield           L15-CB3 {'rot': 0.0042}
  t=   8.75  cb_yield           L10-CB2 {'rot': 0.00411}
  t=   8.75  cb_yield           L11-CB2 {'rot': 0.00413}
  t=   8.75  cb_yield           L12-CB2 {'rot': 0.00412}
  t=   8.75  cb_yield           L16-CB3 {'rot': 0.00455}
  t=   8.88  cb_yield           L17-CB3 {'rot': 0.00476}
  t=   8.88  cb_yield           L18-CB3 {'rot': 0.00471}
  t=   8.88  cb_yield           L19-CB3 {'rot': 0.00462}
  t=   9.00  cb_yield           L20-CB3 {'rot': 0.00478}
  t=   9.00  cb_yield           L21-CB3 {'rot': 0.00476}
  t=   9.00  cb_yield           L22-CB3 {'rot': 0.00469}
  t=   9.00  cb_yield           L23-CB3 {'rot': 0.00458}
  progress t=  10.0s  max corner drift so far=0.0015  wall clock=87s
  t=  10.38  cb_yield           L3-CB2 {'rot': 0.00423}
  t=  10.38  cb_yield           L4-CB2 {'rot': 0.0046}
  t=  10.38  cb_yield           L4-CB3 {'rot': 0.00428}
  t=  10.38  cb_yield           L5-CB2 {'rot': 0.00473}
  t=  10.38  cb_yield           L5-CB3 {'rot': 0.00437}
  t=  10.38  cb_yield           L6-CB2 {'rot': 0.00468}
  t=  10.38  cb_yield           L7-CB2 {'rot': 0.00449}
  t=  10.38  cb_yield           L22-CB1 {'rot': 0.00467}
  t=  10.38  cb_yield           L23-CB1 {'rot': 0.00477}
  t=  10.38  cb_yield           L24-CB1 {'rot': 0.00479}
  t=  10.38  cb_yield           L25-CB1 {'rot': 0.00476}
  t=  10.38  cb_yield           L26-CB1 {'rot': 0.00468}
  t=  10.50  cb_yield           L3-CB0 {'rot': 0.00423}
  t=  10.50  cb_yield           L3-CB3 {'rot': 0.00454}
  t=  10.50  cb_yield           L4-CB0 {'rot': 0.00455}
  t=  10.50  cb_yield           L4-CB1 {'rot': 0.00441}
  t=  10.50  cb_yield           L5-CB0 {'rot': 0.00462}
  t=  10.50  cb_yield           L5-CB1 {'rot': 0.00449}
  t=  10.50  cb_yield           L6-CB0 {'rot': 0.00451}
  t=  10.50  cb_yield           L6-CB1 {'rot': 0.00437}
  t=  10.50  cb_yield           L7-CB0 {'rot': 0.00426}
  t=  10.50  cb_yield           L21-CB1 {'rot': 0.00471}
  t=  10.50  cb_yield           L24-CB0 {'rot': 0.00464}
  t=  10.50  cb_yield           L25-CB0 {'rot': 0.00464}
  t=  10.50  cb_yield           L27-CB1 {'rot': 0.00536}
  t=  10.50  cb_yield           L28-CB1 {'rot': 0.00515}
  t=  10.50  cb_yield           L29-CB1 {'rot': 0.00488}
  t=  10.50  cb_yield           L30-CB1 {'rot': 0.00459}
  t=  10.63  cb_yield           L2-CB0 {'rot': 0.00439}
  t=  10.63  cb_yield           L2-CB1 {'rot': 0.00423}
  t=  10.63  cb_yield           L2-CB2 {'rot': 0.00421}
  t=  10.63  cb_yield           L3-CB1 {'rot': 0.00494}
  t=  10.63  cb_yield           L7-CB1 {'rot': 0.00496}
  t=  10.63  cb_yield           L8-CB0 {'rot': 0.00472}
  t=  10.63  cb_yield           L8-CB1 {'rot': 0.0045}
  t=  10.63  cb_yield           L9-CB0 {'rot': 0.0042}
  t=  10.75  cb_yield           L9-CB1 {'rot': 0.00449}
  t=  10.75  cb_yield           L10-CB0 {'rot': 0.00425}
  t=  10.88  cb_yield           L10-CB1 {'rot': 0.00445}
  t=  10.88  cb_yield           L11-CB0 {'rot': 0.00446}
  t=  10.88  cb_yield           L11-CB1 {'rot': 0.00422}
  t=  10.88  cb_yield           L12-CB0 {'rot': 0.00424}
  t=  11.00  cb_yield           L12-CB1 {'rot': 0.00479}
  t=  11.00  cb_yield           L13-CB0 {'rot': 0.00509}
  t=  11.00  cb_yield           L13-CB1 {'rot': 0.00483}
  t=  11.00  cb_yield           L14-CB0 {'rot': 0.00513}
  t=  11.00  cb_yield           L14-CB1 {'rot': 0.00486}
  t=  11.00  cb_yield           L15-CB0 {'rot': 0.00516}
  t=  11.00  cb_yield           L15-CB1 {'rot': 0.00489}
  t=  11.00  cb_yield           L16-CB0 {'rot': 0.00519}
  t=  11.00  cb_yield           L16-CB1 {'rot': 0.00491}
  t=  11.00  cb_yield           L17-CB0 {'rot': 0.00523}
  t=  11.00  cb_yield           L17-CB1 {'rot': 0.00494}
  t=  11.00  cb_yield           L18-CB0 {'rot': 0.00526}
  t=  11.00  cb_yield           L18-CB1 {'rot': 0.00496}
  t=  11.00  cb_yield           L19-CB0 {'rot': 0.00526}
  t=  11.00  cb_yield           L19-CB1 {'rot': 0.00495}
  t=  11.00  cb_yield           L20-CB0 {'rot': 0.00525}
  t=  11.00  cb_yield           L20-CB1 {'rot': 0.00494}
  t=  11.00  cb_yield           L21-CB0 {'rot': 0.0052}
  t=  11.00  cb_yield           L22-CB0 {'rot': 0.0051}
  t=  11.00  cb_yield           L23-CB0 {'rot': 0.00494}
  t=  11.13  cb_yield           L26-CB0 {'rot': 0.00553}
  t=  11.13  cb_yield           L27-CB0 {'rot': 0.0049}
  t=  11.25  cb_yield           L28-CB0 {'rot': 0.00471}
  t=  12.75  cb_yield           L24-CB3 {'rot': 0.00463}
  t=  12.88  cb_yield           L25-CB3 {'rot': 0.00502}
  t=  12.88  cb_yield           L26-CB3 {'rot': 0.00474}
  t=  13.00  cb_yield           L13-CB2 {'rot': 0.00448}
  t=  13.00  cb_yield           L14-CB2 {'rot': 0.00451}
  t=  13.00  cb_yield           L15-CB2 {'rot': 0.00451}
  t=  13.00  cb_yield           L16-CB2 {'rot': 0.00448}
  progress t=  20.0s  max corner drift so far=0.0034  wall clock=178s
  t=  20.87  cb_yield           L29-CB0 {'rot': 0.00527}
  t=  20.87  cb_yield           L30-CB0 {'rot': 0.00497}
  t=  20.87  cb_yield           L31-CB0 {'rot': 0.0047}
  t=  20.87  cb_yield           L31-CB1 {'rot': 0.00566}
  t=  20.87  cb_yield           L32-CB1 {'rot': 0.00547}
  t=  20.87  cb_yield           L33-CB1 {'rot': 0.00537}
  t=  21.00  cb_yield           L32-CB0 {'rot': 0.00594}
  t=  21.00  cb_yield           L33-CB0 {'rot': 0.00581}
  t=  22.25  cb_yield           L1-CB0 {'rot': 0.00417}
  t=  22.25  cb_yield           L1-CB1 {'rot': 0.00428}
  t=  24.75  cb_yield           L2-CB3 {'rot': 0.00467}
  t=  24.75  cb_yield           L17-CB2 {'rot': 0.00576}
  t=  24.75  cb_yield           L18-CB2 {'rot': 0.00546}
  t=  24.75  cb_yield           L19-CB2 {'rot': 0.00516}
  t=  24.75  cb_yield           L20-CB2 {'rot': 0.00486}
  t=  24.75  cb_yield           L21-CB2 {'rot': 0.00455}
  t=  25.12  cb_yield           L22-CB2 {'rot': 0.00486}
  t=  25.25  cb_yield           L23-CB2 {'rot': 0.00474}
  t=  25.25  cb_yield           L27-CB3 {'rot': 0.00483}
  t=  25.37  cb_yield           L28-CB3 {'rot': 0.00493}
  t=  26.62  cb_yield           L24-CB2 {'rot': 0.00458}
  t=  26.75  cb_yield           L25-CB2 {'rot': 0.00548}
  t=  26.75  cb_yield           L26-CB2 {'rot': 0.00525}
  t=  26.75  cb_yield           L27-CB2 {'rot': 0.00495}
  t=  26.75  cb_yield           L28-CB2 {'rot': 0.0046}
  t=  26.75  cb_yield           L29-CB3 {'rot': 0.00626}
  t=  26.75  cb_yield           L30-CB3 {'rot': 0.00585}
  t=  26.75  cb_yield           L31-CB3 {'rot': 0.00545}
  t=  26.75  cb_yield           L32-CB3 {'rot': 0.00512}
  t=  26.75  cb_yield           L33-CB3 {'rot': 0.00493}
  t=  26.87  cb_yield           L29-CB2 {'rot': 0.00477}
  t=  28.00  cb_yield           L1-CB2 {'rot': 0.00426}
  t=  28.12  cb_yield           L1-CB3 {'rot': 0.00481}
  t=  29.62  cb_yield           L30-CB2 {'rot': 0.00543}
  t=  29.62  cb_yield           L31-CB2 {'rot': 0.00482}
  t=  29.75  cb_yield           L32-CB2 {'rot': 0.00462}
  progress t=  30.0s  max corner drift so far=0.0049  wall clock=273s
  t=  39.75  cb_failure         L20-CB3 {'rot': 0.01861}
  t=  39.75  cb_failure         L21-CB3 {'rot': 0.01863}
  t=  39.75  cb_yield           L33-CB2 {'rot': 0.00471}
  t=  39.87  cb_failure         L15-CB3 {'rot': 0.01829}
  t=  39.87  cb_failure         L16-CB3 {'rot': 0.01858}
  t=  39.87  cb_failure         L17-CB3 {'rot': 0.01886}
  t=  39.87  cb_failure         L18-CB3 {'rot': 0.01908}
  t=  39.87  cb_failure         L19-CB3 {'rot': 0.01922}
  t=  39.87  cb_failure         L22-CB3 {'rot': 0.01928}
  t=  39.87  cb_failure         L23-CB3 {'rot': 0.01912}
  t=  39.87  cb_failure         L24-CB3 {'rot': 0.01886}
  t=  40.00  cb_failure         L13-CB3 {'rot': 0.01851}
  t=  40.00  cb_failure         L14-CB3 {'rot': 0.01889}
  progress t=  40.0s  max corner drift so far=0.0049  wall clock=368s
  t=  40.12  cb_failure         L11-CB3 {'rot': 0.01824}
  t=  40.12  cb_failure         L12-CB3 {'rot': 0.01875}
  t=  40.12  cb_failure         L19-CB1 {'rot': 0.01861}
  t=  40.12  cb_failure         L20-CB1 {'rot': 0.01861}
  t=  40.25  cb_failure         L15-CB1 {'rot': 0.01837}
  t=  40.25  cb_failure         L16-CB1 {'rot': 0.01856}
  t=  40.25  cb_failure         L17-CB1 {'rot': 0.01865}
  t=  40.25  cb_failure         L18-CB1 {'rot': 0.01861}
  t=  40.37  cb_failure         L10-CB3 {'rot': 0.0182}
  t=  49.00  cb_failure         L25-CB3 {'rot': 0.02117}
  t=  49.00  cb_failure         L26-CB3 {'rot': 0.02065}
  t=  49.00  cb_failure         L27-CB3 {'rot': 0.02005}
  t=  49.00  cb_failure         L28-CB3 {'rot': 0.01946}
  t=  49.00  cb_failure         L29-CB3 {'rot': 0.01881}
  t=  49.12  cb_failure         L21-CB1 {'rot': 0.01958}
  t=  49.12  cb_failure         L22-CB1 {'rot': 0.01956}
  t=  49.12  cb_failure         L23-CB1 {'rot': 0.01939}
  t=  49.12  cb_failure         L24-CB1 {'rot': 0.01905}
  t=  49.12  cb_failure         L25-CB1 {'rot': 0.01856}
  t=  49.12  cb_failure         L30-CB3 {'rot': 0.01954}
  t=  49.12  cb_failure         L31-CB3 {'rot': 0.01862}
  t=  49.25  cb_failure         L26-CB1 {'rot': 0.01999}
  t=  49.25  cb_failure         L27-CB1 {'rot': 0.0192}
  t=  49.25  cb_failure         L32-CB3 {'rot': 0.01892}
  t=  49.25  cb_failure         L33-CB3 {'rot': 0.0187}
  t=  49.37  cb_failure         L28-CB1 {'rot': 0.019}
  progress t=  50.0s  max corner drift so far=0.0053  wall clock=462s
  t=  54.00  cb_failure         L29-CB1 {'rot': 0.01898}
  t=  58.87  cb_failure         L13-CB1 {'rot': 0.0182}
  t=  58.87  cb_failure         L14-CB1 {'rot': 0.01834}
  t=  59.00  cb_failure         L8-CB3 {'rot': 0.01882}
  t=  59.00  cb_failure         L9-CB1 {'rot': 0.01876}
  t=  59.00  cb_failure         L9-CB3 {'rot': 0.01973}
  t=  59.00  cb_failure         L10-CB1 {'rot': 0.01942}
  t=  59.00  cb_failure         L11-CB1 {'rot': 0.01999}
  t=  59.00  cb_failure         L12-CB1 {'rot': 0.0205}
  t=  59.12  cb_failure         L6-CB3 {'rot': 0.01978}
  t=  59.12  cb_failure         L7-CB1 {'rot': 0.01897}
  t=  59.12  cb_failure         L7-CB3 {'rot': 0.02131}
  t=  59.12  cb_failure         L8-CB1 {'rot': 0.02012}
  t=  59.12  cb_failure         L8-CB2 {'rot': 0.01858}
  t=  59.12  cb_failure         L9-CB2 {'rot': 0.01922}
  t=  59.12  cb_failure         L10-CB2 {'rot': 0.0196}
  t=  59.12  cb_failure         L11-CB2 {'rot': 0.01976}
  t=  59.12  cb_failure         L12-CB2 {'rot': 0.01977}
  t=  59.12  cb_failure         L13-CB2 {'rot': 0.0196}
  t=  59.12  cb_failure         L14-CB2 {'rot': 0.01924}
  t=  59.12  cb_failure         L15-CB2 {'rot': 0.01875}
  t=  59.12  cb_failure         L16-CB2 {'rot': 0.01813}
  t=  59.25  cb_failure         L4-CB3 {'rot': 0.01845}
  t=  59.25  cb_failure         L5-CB2 {'rot': 0.01831}
  t=  59.25  cb_failure         L5-CB3 {'rot': 0.02097}
  t=  59.25  cb_failure         L6-CB1 {'rot': 0.01909}
  t=  59.25  cb_failure         L6-CB2 {'rot': 0.0199}
  t=  59.25  cb_failure         L7-CB2 {'rot': 0.02107}
  t=  59.25  cb_failure         L9-CB0 {'rot': 0.01852}
  t=  59.25  cb_failure         L10-CB0 {'rot': 0.01884}
  t=  59.25  cb_failure         L11-CB0 {'rot': 0.01897}
  t=  59.25  cb_failure         L12-CB0 {'rot': 0.01895}
  t=  59.25  cb_failure         L13-CB0 {'rot': 0.01877}
  t=  59.25  cb_failure         L14-CB0 {'rot': 0.01839}
  t=  59.37  cb_failure         L4-CB2 {'rot': 0.0186}
  t=  59.37  cb_failure         L5-CB1 {'rot': 0.01836}
  t=  59.37  cb_failure         L8-CB0 {'rot': 0.01824}
  t=  59.37  cb_failure         L17-CB2 {'rot': 0.02018}
  t=  59.37  cb_failure         L18-CB2 {'rot': 0.01912}
  t=  59.50  cb_failure         L19-CB2 {'rot': 0.02019}
  t=  59.50  cb_failure         L20-CB2 {'rot': 0.01926}
  t=  59.62  cb_failure         L21-CB2 {'rot': 0.02014}
  t=  59.62  cb_failure         L22-CB2 {'rot': 0.01907}
  t=  59.75  cb_failure         L23-CB2 {'rot': 0.01919}
  t=  59.87  cb_failure         L24-CB2 {'rot': 0.0193}
  t=  60.00  cb_failure         L25-CB2 {'rot': 0.01886}
  progress t=  60.0s  max corner drift so far=0.0065  wall clock=558s
  t=  64.87  cb_failure         L15-CB0 {'rot': 0.01886}
  t=  64.87  cb_failure         L16-CB0 {'rot': 0.01877}
  t=  64.87  cb_failure         L17-CB0 {'rot': 0.01856}
  t=  64.87  cb_failure         L30-CB1 {'rot': 0.01855}
  t=  65.00  cb_failure         L18-CB0 {'rot': 0.02079}
  t=  65.00  cb_failure         L19-CB0 {'rot': 0.02037}
  t=  65.00  cb_failure         L20-CB0 {'rot': 0.01987}
  t=  65.00  cb_failure         L21-CB0 {'rot': 0.01927}
  t=  65.00  cb_failure         L26-CB2 {'rot': 0.01858}
  t=  65.12  cb_failure         L22-CB0 {'rot': 0.01967}
  t=  65.12  cb_failure         L23-CB0 {'rot': 0.01862}
  t=  65.25  cb_failure         L7-CB0 {'rot': 0.01878}
  t=  65.25  cb_failure         L31-CB1 {'rot': 0.01903}
  t=  65.37  cb_failure         L6-CB0 {'rot': 0.01915}
  t=  65.37  cb_failure         L32-CB1 {'rot': 0.01884}
  t=  65.37  cb_failure         L33-CB1 {'rot': 0.01868}
  t=  65.50  cb_failure         L4-CB1 {'rot': 0.01984}
  t=  65.50  cb_failure         L5-CB0 {'rot': 0.01962}
  t=  65.62  cb_failure         L3-CB1 {'rot': 0.01815}
  t=  65.62  cb_failure         L4-CB0 {'rot': 0.01924}
  progress t=  70.0s  max corner drift so far=0.0065  wall clock=651s
  progress t=  80.0s  max corner drift so far=0.0065  wall clock=748s
  progress t=  90.0s  max corner drift so far=0.0065  wall clock=847s
  progress t= 100.0s  max corner drift so far=0.0065  wall clock=945s
