  t=   2.25  cb_yield           L10-CB3 {'rot': 0.00495}
  t=   2.25  cb_yield           L11-CB3 {'rot': 0.00501}
  t=   2.25  cb_yield           L12-CB3 {'rot': 0.00503}
  t=   2.25  cb_yield           L13-CB3 {'rot': 0.00502}
  t=   2.25  cb_yield           L14-CB3 {'rot': 0.00496}
  t=   2.37  cb_yield           L15-CB3 {'rot': 0.00506}
  t=   2.37  cb_yield           L16-CB1 {'rot': 0.00494}
  t=   2.37  cb_yield           L16-CB3 {'rot': 0.00511}
  t=   2.50  cb_yield           L15-CB1 {'rot': 0.005}
  t=   2.50  cb_yield           L17-CB3 {'rot': 0.0056}
  t=   2.50  cb_yield           L18-CB1 {'rot': 0.00558}
  t=   2.50  cb_yield           L18-CB3 {'rot': 0.00578}
  t=   2.50  cb_yield           L19-CB1 {'rot': 0.00568}
  t=   2.50  cb_yield           L19-CB3 {'rot': 0.0059}
  t=   2.50  cb_yield           L20-CB1 {'rot': 0.00574}
  t=   2.50  cb_yield           L20-CB3 {'rot': 0.00597}
  t=   2.50  cb_yield           L21-CB1 {'rot': 0.00575}
  t=   2.50  cb_yield           L21-CB3 {'rot': 0.00599}
  t=   2.50  cb_yield           L22-CB1 {'rot': 0.00569}
  t=   2.50  cb_yield           L22-CB3 {'rot': 0.00594}
  t=   2.50  cb_yield           L23-CB1 {'rot': 0.00558}
  t=   2.50  cb_yield           L23-CB3 {'rot': 0.00583}
  t=   2.50  cb_yield           L24-CB3 {'rot': 0.00567}
  t=   2.50  cb_yield           L25-CB3 {'rot': 0.00546}
  t=   2.62  cb_yield           L17-CB1 {'rot': 0.00553}
  t=   2.62  cb_yield           L24-CB1 {'rot': 0.00592}
  t=   2.62  cb_yield           L25-CB1 {'rot': 0.00569}
  t=   2.62  cb_yield           L26-CB3 {'rot': 0.00556}
  t=   4.00  cb_yield           L4-CB0 {'rot': 0.00549}
  t=   4.00  cb_yield           L4-CB1 {'rot': 0.00529}
  t=   4.00  cb_yield           L5-CB0 {'rot': 0.00589}
  t=   4.00  cb_yield           L5-CB1 {'rot': 0.00567}
  t=   4.00  cb_yield           L6-CB0 {'rot': 0.00611}
  t=   4.00  cb_yield           L6-CB1 {'rot': 0.00587}
  t=   4.00  cb_yield           L6-CB2 {'rot': 0.00499}
  t=   4.00  cb_yield           L7-CB0 {'rot': 0.0062}
  t=   4.00  cb_yield           L7-CB1 {'rot': 0.00593}
  t=   4.00  cb_yield           L7-CB2 {'rot': 0.00496}
  t=   4.00  cb_yield           L8-CB0 {'rot': 0.00617}
  t=   4.00  cb_yield           L8-CB1 {'rot': 0.00588}
  t=   4.00  cb_yield           L9-CB0 {'rot': 0.00606}
  t=   4.00  cb_yield           L9-CB1 {'rot': 0.00574}
  t=   4.00  cb_yield           L10-CB0 {'rot': 0.00588}
  t=   4.00  cb_yield           L10-CB1 {'rot': 0.00553}
  t=   4.00  cb_yield           L11-CB0 {'rot': 0.00564}
  t=   4.00  cb_yield           L11-CB1 {'rot': 0.00527}
  t=   4.00  cb_yield           L12-CB0 {'rot': 0.00538}
  t=   4.00  cb_yield           L12-CB1 {'rot': 0.00498}
  t=   4.00  cb_yield           L13-CB0 {'rot': 0.00508}
  t=   4.12  cb_yield           L2-CB0 {'rot': 0.00498}
  t=   4.12  cb_yield           L3-CB0 {'rot': 0.006}
  t=   4.12  cb_yield           L3-CB1 {'rot': 0.00575}
  t=   4.12  cb_yield           L3-CB2 {'rot': 0.00518}
  t=   4.12  cb_yield           L3-CB3 {'rot': 0.00495}
  t=   4.12  cb_yield           L4-CB2 {'rot': 0.0057}
  t=   4.12  cb_yield           L4-CB3 {'rot': 0.00544}
  t=   4.12  cb_yield           L5-CB2 {'rot': 0.00595}
  t=   4.12  cb_yield           L5-CB3 {'rot': 0.00567}
  t=   4.12  cb_yield           L6-CB3 {'rot': 0.00567}
  t=   4.12  cb_yield           L7-CB3 {'rot': 0.00549}
  t=   4.12  cb_yield           L8-CB2 {'rot': 0.00553}
  t=   4.12  cb_yield           L8-CB3 {'rot': 0.00518}
  t=   4.12  cb_yield           L9-CB2 {'rot': 0.00514}
  t=   4.25  cb_yield           L2-CB1 {'rot': 0.00498}
  t=   6.88  cb_yield           L26-CB1 {'rot': 0.00553}
  t=   8.25  cb_yield           L9-CB3 {'rot': 0.00518}
  t=   8.38  cb_yield           L10-CB2 {'rot': 0.00581}
  t=   8.38  cb_yield           L11-CB2 {'rot': 0.00573}
  t=   8.38  cb_yield           L12-CB2 {'rot': 0.00563}
  t=   8.38  cb_yield           L13-CB2 {'rot': 0.00551}
  t=   8.38  cb_yield           L14-CB2 {'rot': 0.00538}
  t=   8.38  cb_yield           L15-CB2 {'rot': 0.00524}
  t=   8.38  cb_yield           L16-CB2 {'rot': 0.00511}
  t=   8.50  cb_yield           L13-CB1 {'rot': 0.00527}
  t=   8.50  cb_yield           L14-CB1 {'rot': 0.00507}
  t=   8.50  cb_yield           L17-CB2 {'rot': 0.00627}
  t=   8.50  cb_yield           L18-CB2 {'rot': 0.00598}
  t=   8.50  cb_yield           L19-CB2 {'rot': 0.00569}
  t=   8.63  cb_yield           L20-CB2 {'rot': 0.00656}
  t=   8.63  cb_yield           L21-CB2 {'rot': 0.00611}
  t=   8.63  cb_yield           L22-CB2 {'rot': 0.00564}
  t=   8.63  cb_yield           L27-CB3 {'rot': 0.00548}
  t=   8.75  cb_yield           L14-CB0 {'rot': 0.00536}
  t=   8.75  cb_yield           L23-CB2 {'rot': 0.00599}
  t=   8.75  cb_yield           L24-CB2 {'rot': 0.00547}
  t=   8.75  cb_yield           L28-CB3 {'rot': 0.00557}
  t=   8.88  cb_yield           L25-CB2 {'rot': 0.00548}
  t=   8.88  cb_yield           L29-CB3 {'rot': 0.00594}
  t=   8.88  cb_yield           L30-CB3 {'rot': 0.00568}
  t=   8.88  cb_yield           L31-CB3 {'rot': 0.00547}
  t=   9.00  cb_yield           L26-CB2 {'rot': 0.00552}
  t=   9.00  cb_yield           L32-CB3 {'rot': 0.00578}
  t=   9.00  cb_yield           L33-CB3 {'rot': 0.00566}
  progress t=  10.0s  max corner drift so far=0.0032  wall clock=93s
  t=  10.13  cb_yield           L15-CB0 {'rot': 0.00518}
  t=  10.25  cb_yield           L16-CB0 {'rot': 0.00523}
  t=  10.38  cb_yield           L2-CB2 {'rot': 0.00676}
  t=  10.38  cb_yield           L2-CB3 {'rot': 0.00646}
  t=  10.38  cb_yield           L18-CB0 {'rot': 0.00571}
  t=  10.38  cb_yield           L19-CB0 {'rot': 0.00598}
  t=  10.38  cb_yield           L20-CB0 {'rot': 0.00618}
  t=  10.38  cb_yield           L21-CB0 {'rot': 0.00631}
  t=  10.38  cb_yield           L22-CB0 {'rot': 0.00639}
  t=  10.38  cb_yield           L23-CB0 {'rot': 0.00641}
  t=  10.38  cb_yield           L24-CB0 {'rot': 0.00637}
  t=  10.38  cb_yield           L25-CB0 {'rot': 0.00628}
  t=  10.38  cb_yield           L26-CB0 {'rot': 0.00615}
  t=  10.38  cb_yield           L27-CB0 {'rot': 0.00596}
  t=  10.38  cb_yield           L27-CB1 {'rot': 0.00826}
  t=  10.38  cb_yield           L28-CB0 {'rot': 0.00575}
  t=  10.38  cb_yield           L28-CB1 {'rot': 0.00808}
  t=  10.38  cb_yield           L29-CB0 {'rot': 0.0055}
  t=  10.38  cb_yield           L29-CB1 {'rot': 0.00786}
  t=  10.38  cb_yield           L30-CB1 {'rot': 0.0076}
  t=  10.38  cb_yield           L31-CB1 {'rot': 0.00732}
  t=  10.38  cb_yield           L32-CB1 {'rot': 0.00708}
  t=  10.38  cb_yield           L33-CB1 {'rot': 0.00693}
  t=  10.50  cb_yield           L1-CB2 {'rot': 0.00576}
  t=  10.50  cb_yield           L1-CB3 {'rot': 0.00557}
  t=  10.50  cb_yield           L30-CB0 {'rot': 0.00642}
  t=  10.50  cb_yield           L31-CB0 {'rot': 0.00595}
  t=  10.50  cb_yield           L32-CB0 {'rot': 0.00558}
  t=  10.63  cb_yield           L1-CB0 {'rot': 0.00683}
  t=  10.63  cb_yield           L1-CB1 {'rot': 0.00579}
  t=  10.63  cb_yield           L33-CB0 {'rot': 0.00574}
  t=  11.00  cb_yield           L17-CB0 {'rot': 0.00651}
  t=  11.25  cb_failure         L9-CB1 {'rot': 0.01913}
  t=  11.25  cb_failure         L10-CB1 {'rot': 0.01964}
  t=  11.25  cb_failure         L11-CB0 {'rot': 0.01893}
  t=  11.25  cb_failure         L11-CB1 {'rot': 0.02008}
  t=  11.25  cb_failure         L12-CB0 {'rot': 0.0193}
  t=  11.25  cb_failure         L12-CB1 {'rot': 0.02052}
  t=  11.25  cb_failure         L13-CB0 {'rot': 0.0196}
  t=  11.25  cb_failure         L13-CB1 {'rot': 0.02087}
  t=  11.25  cb_failure         L14-CB0 {'rot': 0.01974}
  t=  11.25  cb_failure         L14-CB1 {'rot': 0.02107}
  t=  11.25  cb_failure         L15-CB0 {'rot': 0.01975}
  t=  11.25  cb_failure         L15-CB1 {'rot': 0.02113}
  t=  11.25  cb_failure         L16-CB0 {'rot': 0.01963}
  t=  11.25  cb_failure         L16-CB1 {'rot': 0.02105}
  t=  11.25  cb_failure         L17-CB1 {'rot': 0.02075}
  t=  11.25  cb_failure         L18-CB1 {'rot': 0.02027}
  t=  11.25  cb_failure         L19-CB1 {'rot': 0.01961}
  t=  11.38  cb_failure         L8-CB1 {'rot': 0.01926}
  t=  11.38  cb_failure         L9-CB0 {'rot': 0.01936}
  t=  11.38  cb_failure         L10-CB0 {'rot': 0.02043}
  t=  11.38  cb_failure         L17-CB0 {'rot': 0.02385}
  t=  11.38  cb_failure         L18-CB0 {'rot': 0.0235}
  t=  11.38  cb_failure         L19-CB0 {'rot': 0.02288}
  t=  11.38  cb_failure         L20-CB0 {'rot': 0.02204}
  t=  11.38  cb_failure         L20-CB1 {'rot': 0.02345}
  t=  11.38  cb_failure         L21-CB0 {'rot': 0.02078}
  t=  11.38  cb_failure         L21-CB1 {'rot': 0.02225}
  t=  11.38  cb_failure         L22-CB0 {'rot': 0.01958}
  t=  11.38  cb_failure         L22-CB1 {'rot': 0.02063}
  t=  11.50  cb_failure         L15-CB3 {'rot': 0.01894}
  t=  11.50  cb_failure         L16-CB3 {'rot': 0.01904}
  t= 11.675  solver fallback: Newton
  t=  11.75  cb_failure         L24-CB0 {'rot': 0.01957}
  t=  12.00  cb_yield           L27-CB2 {'rot': 0.00546}
  t=  13.50  cb_yield           L28-CB2 {'rot': 0.00613}
  t=  13.50  cb_yield           L29-CB2 {'rot': 0.00562}
  t=  13.63  cb_yield           L30-CB2 {'rot': 0.00551}
  t=  14.13  cb_failure         L20-CB3 {'rot': 0.01982}
  t=  14.13  cb_yield           L31-CB2 {'rot': 0.00637}
  t=  14.13  cb_yield           L32-CB2 {'rot': 0.00583}
  t=  14.13  cb_yield           L33-CB2 {'rot': 0.00557}
  t=  14.25  cb_failure         L17-CB3 {'rot': 0.01948}
  t=  14.25  cb_failure         L18-CB3 {'rot': 0.0199}
  t=  14.25  cb_failure         L19-CB3 {'rot': 0.0202}
  t=  14.25  cb_failure         L21-CB3 {'rot': 0.02044}
  t=  14.25  cb_failure         L22-CB3 {'rot': 0.02032}
  t=  14.25  cb_failure         L23-CB3 {'rot': 0.02003}
  t=  14.25  cb_failure         L24-CB3 {'rot': 0.01956}
  t=  14.38  cb_failure         L11-CB3 {'rot': 0.01971}
  t=  14.38  cb_failure         L12-CB3 {'rot': 0.02075}
  t=  14.38  cb_failure         L13-CB3 {'rot': 0.02166}
  t=  14.38  cb_failure         L14-CB3 {'rot': 0.02237}
  t=  14.38  cb_failure         L25-CB3 {'rot': 0.01955}
  t=  14.50  cb_failure         L9-CB3 {'rot': 0.01984}
  t=  14.50  cb_failure         L10-CB3 {'rot': 0.02115}
  t=  14.63  cb_failure         L7-CB3 {'rot': 0.01995}
  t=  14.63  cb_failure         L8-CB3 {'rot': 0.02097}
  t=  14.75  cb_failure         L5-CB3 {'rot': 0.01946}
  t=  14.75  cb_failure         L6-CB1 {'rot': 0.01901}
  t=  14.75  cb_failure         L6-CB3 {'rot': 0.02096}
  t=  14.75  cb_failure         L7-CB1 {'rot': 0.02001}
  t=  17.00  cb_failure         L6-CB0 {'rot': 0.01899}
  t=  17.00  cb_failure         L7-CB0 {'rot': 0.01957}
  t=  17.00  cb_failure         L8-CB0 {'rot': 0.01986}
  t=  17.13  cb_failure         L4-CB0 {'rot': 0.01903}
  t=  17.13  cb_failure         L5-CB0 {'rot': 0.02092}
  t=  17.13  cb_failure         L5-CB1 {'rot': 0.02052}
  t=  17.13  cb_failure         L7-CB2 {'rot': 0.01904}
  t=  17.13  cb_failure         L8-CB2 {'rot': 0.01966}
  t=  17.13  cb_failure         L9-CB2 {'rot': 0.02009}
  t=  17.13  cb_failure         L10-CB2 {'rot': 0.02035}
  t=  17.13  cb_failure         L11-CB2 {'rot': 0.02048}
  t=  17.13  cb_failure         L12-CB2 {'rot': 0.02052}
  t=  17.13  cb_failure         L13-CB2 {'rot': 0.02038}
  t=  17.13  cb_failure         L14-CB2 {'rot': 0.02004}
  t=  17.13  cb_failure         L15-CB2 {'rot': 0.01958}
  t=  17.13  cb_failure         L16-CB2 {'rot': 0.01901}
  t=  17.25  cb_failure         L4-CB1 {'rot': 0.02138}
  t=  17.25  cb_failure         L6-CB2 {'rot': 0.01984}
  t=  17.25  cb_failure         L17-CB2 {'rot': 0.0203}
  t=  17.25  cb_failure         L18-CB2 {'rot': 0.01949}
  t= 17.300  solver fallback: Newton
  t=  17.38  cb_failure         L5-CB2 {'rot': 0.01929}
  t=  17.63  cb_failure         L23-CB0 {'rot': 0.0197}
  t=  17.63  cb_failure         L25-CB0 {'rot': 0.01959}
  t=  17.75  cb_failure         L23-CB1 {'rot': 0.02164}
  t=  17.75  cb_failure         L24-CB1 {'rot': 0.01965}
  t=  17.75  cb_failure         L26-CB0 {'rot': 0.01985}
  t=  18.00  cb_failure         L27-CB0 {'rot': 0.01981}
  t=  19.62  cb_failure         L4-CB3 {'rot': 0.01895}
  t=  19.75  cb_failure         L3-CB3 {'rot': 0.01943}
  t=  19.87  cb_failure         L2-CB3 {'rot': 0.01895}
  t=  19.87  cb_failure         L3-CB1 {'rot': 0.01894}
  t=  20.00  cb_failure         L2-CB1 {'rot': 0.01922}
  t=  20.00  cb_failure         L4-CB2 {'rot': 0.02085}
  t=  20.00  cb_failure         L25-CB1 {'rot': 0.01994}
  t=  20.00  cb_failure         L26-CB1 {'rot': 0.01961}
  t=  20.00  cb_failure         L27-CB1 {'rot': 0.01974}
  t=  20.00  cb_failure         L29-CB1 {'rot': 0.01956}
  progress t=  20.0s  max corner drift so far=0.0106  wall clock=198s
  t=  20.12  cb_failure         L1-CB1 {'rot': 0.01911}
  t=  20.12  cb_failure         L1-CB3 {'rot': 0.01949}
  t=  20.12  cb_failure         L2-CB0 {'rot': 0.01931}
  t=  20.12  cb_failure         L3-CB0 {'rot': 0.02194}
  t=  20.12  cb_failure         L3-CB2 {'rot': 0.02059}
  t=  20.12  cb_failure         L26-CB3 {'rot': 0.02764}
  t=  20.12  cb_failure         L27-CB3 {'rot': 0.02725}
  t=  20.12  cb_failure         L28-CB1 {'rot': 0.02695}
  t=  20.12  cb_failure         L28-CB3 {'rot': 0.02693}
  t=  20.12  cb_failure         L29-CB3 {'rot': 0.02659}
  t=  20.12  cb_failure         L30-CB1 {'rot': 0.0257}
  t=  20.12  cb_failure         L30-CB3 {'rot': 0.02617}
  t=  20.12  cb_failure         L31-CB1 {'rot': 0.0251}
  t=  20.12  cb_failure         L31-CB3 {'rot': 0.02576}
  t=  20.12  cb_failure         L32-CB1 {'rot': 0.02466}
  t=  20.12  cb_failure         L32-CB3 {'rot': 0.02544}
  t=  20.12  cb_failure         L33-CB1 {'rot': 0.02451}
  t=  20.12  cb_failure         L33-CB3 {'rot': 0.02532}
  t=  20.25  cb_failure         L1-CB0 {'rot': 0.01899}
  t=  20.32  wall_axial_failure S1-F {'gamma': 0.00129, 'eps': -0.008, 'cause': 'crushing'}
  t= 20.450  solver fallback: NewtonLineSearch
  t=  20.62  cb_failure         L19-CB2 {'rot': 0.02111}
  t=  20.62  cb_failure         L20-CB2 {'rot': 0.01951}
  t= 20.650  solver fallback: 4 sub-steps
  t=  20.75  cb_failure         L21-CB2 {'rot': 0.02089}
  t=  20.75  cb_failure         L29-CB0 {'rot': 0.01967}
  t=  20.87  cb_failure         L22-CB2 {'rot': 0.01984}
