  progress t=  10.0s  max corner drift so far=0.0014  wall clock=107s
  t=  10.63  cb_yield           L4-CB2 {'rot': 0.0051}
  t=  10.63  cb_yield           L5-CB2 {'rot': 0.00524}
  t=  10.63  cb_yield           L5-CB3 {'rot': 0.00494}
  t=  10.63  cb_yield           L6-CB2 {'rot': 0.00521}
  t=  10.63  cb_yield           L7-CB2 {'rot': 0.00505}
  t=  10.75  cb_yield           L3-CB0 {'rot': 0.00498}
  t=  10.75  cb_yield           L4-CB0 {'rot': 0.0054}
  t=  10.75  cb_yield           L4-CB1 {'rot': 0.00523}
  t=  10.75  cb_yield           L5-CB0 {'rot': 0.00555}
  t=  10.75  cb_yield           L5-CB1 {'rot': 0.00538}
  t=  10.75  cb_yield           L6-CB0 {'rot': 0.00547}
  t=  10.75  cb_yield           L6-CB1 {'rot': 0.00531}
  t=  10.75  cb_yield           L6-CB3 {'rot': 0.005}
  t=  10.75  cb_yield           L7-CB0 {'rot': 0.00524}
  t=  10.75  cb_yield           L7-CB1 {'rot': 0.00507}
  t=  10.88  cb_yield           L8-CB0 {'rot': 0.00526}
  t=  10.88  cb_yield           L8-CB1 {'rot': 0.00509}
  t=  10.88  cb_yield           L9-CB0 {'rot': 0.00499}
  t=  11.00  cb_yield           L9-CB1 {'rot': 0.0052}
  t=  11.00  cb_yield           L10-CB0 {'rot': 0.00527}
  t=  11.00  cb_yield           L10-CB1 {'rot': 0.00511}
  t=  11.00  cb_yield           L11-CB0 {'rot': 0.00514}
  t=  11.00  cb_yield           L11-CB1 {'rot': 0.00497}
  t=  11.00  cb_yield           L12-CB0 {'rot': 0.00499}
  t=  11.13  cb_yield           L12-CB1 {'rot': 0.00545}
  t=  11.13  cb_yield           L13-CB0 {'rot': 0.00568}
  t=  11.13  cb_yield           L13-CB1 {'rot': 0.00558}
  t=  11.13  cb_yield           L14-CB0 {'rot': 0.00579}
  t=  11.13  cb_yield           L14-CB1 {'rot': 0.00568}
  t=  11.13  cb_yield           L15-CB0 {'rot': 0.0059}
  t=  11.13  cb_yield           L15-CB1 {'rot': 0.00578}
  t=  11.13  cb_yield           L16-CB0 {'rot': 0.00598}
  t=  11.13  cb_yield           L16-CB1 {'rot': 0.00585}
  t=  11.13  cb_yield           L17-CB0 {'rot': 0.00606}
  t=  11.13  cb_yield           L17-CB1 {'rot': 0.0059}
  t=  11.13  cb_yield           L18-CB0 {'rot': 0.00609}
  t=  11.13  cb_yield           L18-CB1 {'rot': 0.00592}
  t=  11.13  cb_yield           L19-CB0 {'rot': 0.00607}
  t=  11.13  cb_yield           L19-CB1 {'rot': 0.00589}
  t=  11.13  cb_yield           L20-CB0 {'rot': 0.00601}
  t=  11.13  cb_yield           L20-CB1 {'rot': 0.00582}
  t=  11.13  cb_yield           L21-CB0 {'rot': 0.00589}
  t=  11.13  cb_yield           L21-CB1 {'rot': 0.00569}
  t=  11.13  cb_yield           L22-CB0 {'rot': 0.00569}
  t=  11.13  cb_yield           L22-CB1 {'rot': 0.00549}
  t=  11.25  cb_yield           L23-CB0 {'rot': 0.00651}
  t=  11.25  cb_yield           L23-CB1 {'rot': 0.00652}
  t=  11.25  cb_yield           L24-CB0 {'rot': 0.00598}
  t=  11.25  cb_yield           L24-CB1 {'rot': 0.00598}
  t=  11.38  cb_yield           L25-CB0 {'rot': 0.00548}
  t=  11.38  cb_yield           L25-CB1 {'rot': 0.00561}
  t=  12.75  cb_yield           L16-CB3 {'rot': 0.00494}
  t=  12.88  cb_yield           L3-CB1 {'rot': 0.00509}
  t=  13.00  cb_yield           L7-CB3 {'rot': 0.00495}
  t=  13.00  cb_yield           L8-CB3 {'rot': 0.00497}
  t=  13.00  cb_yield           L9-CB3 {'rot': 0.00496}
  t=  13.13  cb_yield           L8-CB2 {'rot': 0.00518}
  t=  13.13  cb_yield           L9-CB2 {'rot': 0.00518}
  t=  13.13  cb_yield           L10-CB2 {'rot': 0.00512}
  t=  13.13  cb_yield           L10-CB3 {'rot': 0.00591}
  t=  13.13  cb_yield           L11-CB2 {'rot': 0.00502}
  t=  13.13  cb_yield           L11-CB3 {'rot': 0.00586}
  t=  13.13  cb_yield           L12-CB3 {'rot': 0.00578}
  t=  13.13  cb_yield           L13-CB3 {'rot': 0.00565}
  t=  13.13  cb_yield           L14-CB3 {'rot': 0.00548}
  t=  13.13  cb_yield           L15-CB3 {'rot': 0.00528}
  t=  13.25  cb_yield           L4-CB3 {'rot': 0.00516}
  t=  13.25  cb_yield           L12-CB2 {'rot': 0.0054}
  t=  13.25  cb_yield           L13-CB2 {'rot': 0.00516}
  t=  13.38  cb_yield           L3-CB3 {'rot': 0.00499}
  t=  18.38  cb_yield           L17-CB3 {'rot': 0.00549}
  t=  18.38  cb_yield           L18-CB3 {'rot': 0.00549}
  t=  18.38  cb_yield           L19-CB3 {'rot': 0.00548}
  t=  18.50  cb_yield           L14-CB2 {'rot': 0.00532}
  t=  18.50  cb_yield           L15-CB2 {'rot': 0.00521}
  t=  18.50  cb_yield           L16-CB2 {'rot': 0.00511}
  t=  18.50  cb_yield           L20-CB3 {'rot': 0.0056}
  t=  18.75  cb_yield           L17-CB2 {'rot': 0.00559}
  t=  18.87  cb_yield           L21-CB3 {'rot': 0.00565}
  progress t=  20.0s  max corner drift so far=0.0033  wall clock=218s
  t=  20.87  cb_yield           L26-CB1 {'rot': 0.00632}
  t=  20.87  cb_yield           L27-CB1 {'rot': 0.00597}
  t=  20.87  cb_yield           L28-CB1 {'rot': 0.00562}
  t=  21.00  cb_yield           L29-CB1 {'rot': 0.00607}
  t=  21.00  cb_yield           L30-CB1 {'rot': 0.00589}
  t=  21.00  cb_yield           L31-CB1 {'rot': 0.00568}
  t=  21.00  cb_yield           L32-CB1 {'rot': 0.00549}
  t=  22.25  cb_yield           L2-CB0 {'rot': 0.00633}
  t=  22.25  cb_yield           L2-CB1 {'rot': 0.00645}
  t=  22.37  cb_yield           L1-CB0 {'rot': 0.00497}
  t=  22.37  cb_yield           L1-CB1 {'rot': 0.00516}
  t=  23.00  cb_yield           L26-CB0 {'rot': 0.00566}
  t=  23.12  cb_yield           L27-CB0 {'rot': 0.00589}
  t=  24.62  cb_yield           L3-CB2 {'rot': 0.0053}
  t=  24.75  cb_yield           L22-CB3 {'rot': 0.00563}
  t=  24.87  cb_yield           L18-CB2 {'rot': 0.00625}
  t=  24.87  cb_yield           L19-CB2 {'rot': 0.00582}
  t=  24.87  cb_yield           L23-CB3 {'rot': 0.00579}
  t=  25.00  cb_yield           L20-CB2 {'rot': 0.00568}
  t=  25.00  cb_yield           L24-CB3 {'rot': 0.00591}
  t=  25.00  cb_yield           L25-CB3 {'rot': 0.00547}
  t=  25.12  cb_yield           L21-CB2 {'rot': 0.00573}
  t=  25.12  cb_yield           L26-CB3 {'rot': 0.00564}
  t=  26.75  cb_yield           L27-CB3 {'rot': 0.00596}
  t=  26.75  cb_yield           L28-CB3 {'rot': 0.00555}
  t=  26.87  cb_yield           L29-CB3 {'rot': 0.00547}
  t=  27.25  cb_yield           L28-CB0 {'rot': 0.00584}
  t=  27.37  cb_yield           L29-CB0 {'rot': 0.00728}
  t=  27.37  cb_yield           L30-CB0 {'rot': 0.00647}
  t=  27.37  cb_yield           L31-CB0 {'rot': 0.00569}
  t=  28.00  cb_yield           L2-CB2 {'rot': 0.00564}
  t=  28.00  cb_yield           L2-CB3 {'rot': 0.00522}
  t=  28.00  cb_yield           L33-CB1 {'rot': 0.00573}
  t=  28.25  cb_yield           L32-CB0 {'rot': 0.0057}
  t=  28.25  cb_yield           L33-CB0 {'rot': 0.00547}
  t=  29.50  cb_yield           L22-CB2 {'rot': 0.00569}
  t=  29.50  cb_yield           L23-CB2 {'rot': 0.00559}
  t=  29.62  cb_yield           L24-CB2 {'rot': 0.00724}
  t=  29.62  cb_yield           L25-CB2 {'rot': 0.00686}
  t=  29.62  cb_yield           L26-CB2 {'rot': 0.00638}
  t=  29.62  cb_yield           L27-CB2 {'rot': 0.00583}
  t=  29.62  cb_yield           L30-CB3 {'rot': 0.00706}
  t=  29.62  cb_yield           L31-CB3 {'rot': 0.00643}
  t=  29.62  cb_yield           L32-CB3 {'rot': 0.00593}
  t=  29.62  cb_yield           L33-CB3 {'rot': 0.00568}
  t=  29.75  cb_yield           L28-CB2 {'rot': 0.00574}
  progress t=  30.0s  max corner drift so far=0.0050  wall clock=329s
  t=  32.75  cb_yield           L29-CB2 {'rot': 0.00601}
  t=  32.87  cb_yield           L30-CB2 {'rot': 0.00565}
  t=  39.62  cb_failure         L18-CB3 {'rot': 0.01979}
  t=  39.75  cb_failure         L23-CB3 {'rot': 0.01971}
  t=  39.87  cb_failure         L16-CB3 {'rot': 0.01902}
  t=  39.87  cb_failure         L19-CB3 {'rot': 0.01952}
  t=  39.87  cb_failure         L20-CB3 {'rot': 0.01957}
  t=  39.87  cb_failure         L21-CB3 {'rot': 0.01954}
  t=  39.87  cb_failure         L27-CB3 {'rot': 0.01975}
  t=  39.87  cb_failure         L28-CB3 {'rot': 0.01977}
  t=  40.00  cb_failure         L13-CB3 {'rot': 0.01919}
  t=  40.00  cb_failure         L14-CB3 {'rot': 0.01965}
  t=  40.00  cb_failure         L15-CB3 {'rot': 0.02002}
  t=  40.00  cb_failure         L17-CB3 {'rot': 0.02048}
  t=  40.00  cb_failure         L22-CB3 {'rot': 0.0201}
  t=  40.00  cb_failure         L30-CB3 {'rot': 0.01984}
  progress t=  40.0s  max corner drift so far=0.0050  wall clock=441s
  t=  40.12  cb_failure         L12-CB3 {'rot': 0.0193}
  t=  40.25  cb_yield           L1-CB3 {'rot': 0.00508}
  t=  40.50  cb_yield           L1-CB2 {'rot': 0.00498}
  t=  46.87  cb_yield           L31-CB2 {'rot': 0.00583}
  t=  49.00  cb_failure         L24-CB3 {'rot': 0.02161}
  t=  49.00  cb_failure         L25-CB3 {'rot': 0.0211}
  t=  49.00  cb_failure         L26-CB3 {'rot': 0.02051}
  t=  49.00  cb_failure         L33-CB3 {'rot': 0.01981}
  t=  49.12  cb_failure         L15-CB1 {'rot': 0.01902}
  t=  49.12  cb_failure         L16-CB1 {'rot': 0.01969}
  t=  49.12  cb_failure         L17-CB1 {'rot': 0.02039}
  t=  49.12  cb_failure         L18-CB1 {'rot': 0.02097}
  t=  49.12  cb_failure         L19-CB1 {'rot': 0.02141}
  t=  49.12  cb_failure         L20-CB1 {'rot': 0.02175}
  t=  49.12  cb_failure         L21-CB1 {'rot': 0.02195}
  t=  49.12  cb_failure         L22-CB1 {'rot': 0.02199}
  t=  49.12  cb_failure         L23-CB1 {'rot': 0.02189}
  t=  49.12  cb_failure         L24-CB1 {'rot': 0.02163}
  t=  49.12  cb_failure         L25-CB1 {'rot': 0.02122}
  t=  49.12  cb_failure         L26-CB1 {'rot': 0.02067}
  t=  49.12  cb_failure         L27-CB1 {'rot': 0.01998}
  t=  49.12  cb_failure         L29-CB3 {'rot': 0.02224}
  t=  49.12  cb_failure         L30-CB1 {'rot': 0.01976}
  t=  49.12  cb_failure         L31-CB1 {'rot': 0.01965}
  t=  49.12  cb_failure         L31-CB3 {'rot': 0.02015}
  t=  49.12  cb_failure         L32-CB1 {'rot': 0.01974}
  t=  49.12  cb_yield           L32-CB2 {'rot': 0.00564}
  t=  49.12  cb_failure         L32-CB3 {'rot': 0.01949}
  t=  49.12  cb_failure         L33-CB1 {'rot': 0.01976}
  t=  49.25  cb_failure         L18-CB2 {'rot': 0.0197}
  t=  49.25  cb_failure         L21-CB2 {'rot': 0.01974}
  t=  49.25  cb_failure         L28-CB1 {'rot': 0.02111}
  t=  49.25  cb_failure         L29-CB1 {'rot': 0.02037}
  t=  49.25  cb_yield           L33-CB2 {'rot': 0.00636}
  progress t=  50.0s  max corner drift so far=0.0054  wall clock=552s
  t=  58.87  cb_failure         L13-CB1 {'rot': 0.01898}
  t=  58.87  cb_failure         L14-CB1 {'rot': 0.01915}
  t=  59.00  cb_failure         L9-CB1 {'rot': 0.01927}
  t=  59.00  cb_failure         L9-CB3 {'rot': 0.01988}
  t=  59.00  cb_failure         L10-CB1 {'rot': 0.02003}
  t=  59.00  cb_failure         L10-CB3 {'rot': 0.02092}
  t=  59.00  cb_failure         L11-CB1 {'rot': 0.0207}
  t=  59.00  cb_failure         L11-CB3 {'rot': 0.02187}
  t=  59.00  cb_failure         L12-CB1 {'rot': 0.02132}
  t=  59.00  cb_failure         L17-CB2 {'rot': 0.01973}
  t=  59.12  cb_failure         L6-CB3 {'rot': 0.0194}
  t=  59.12  cb_failure         L7-CB1 {'rot': 0.01979}
  t=  59.12  cb_failure         L7-CB3 {'rot': 0.02096}
  t=  59.12  cb_failure         L8-CB1 {'rot': 0.02084}
  t=  59.12  cb_failure         L8-CB3 {'rot': 0.02228}
  t=  59.12  cb_failure         L12-CB2 {'rot': 0.01893}
  t=  59.12  cb_failure         L13-CB2 {'rot': 0.01909}
  t=  59.12  cb_failure         L14-CB2 {'rot': 0.01907}
  t=  59.25  cb_failure         L5-CB3 {'rot': 0.02075}
  t=  59.25  cb_failure         L6-CB1 {'rot': 0.02044}
  t=  59.25  cb_failure         L7-CB2 {'rot': 0.01977}
  t=  59.25  cb_failure         L8-CB2 {'rot': 0.02062}
  t=  59.25  cb_failure         L9-CB2 {'rot': 0.02114}
  t=  59.25  cb_failure         L10-CB2 {'rot': 0.0214}
  t=  59.25  cb_failure         L11-CB2 {'rot': 0.02142}
  t=  59.25  cb_failure         L15-CB2 {'rot': 0.01982}
  t=  59.25  cb_failure         L16-CB2 {'rot': 0.01909}
  t=  59.37  cb_failure         L4-CB3 {'rot': 0.02041}
  t=  59.37  cb_failure         L5-CB1 {'rot': 0.01937}
  t=  59.37  cb_failure         L5-CB2 {'rot': 0.01948}
  t=  59.37  cb_failure         L6-CB2 {'rot': 0.021}
  t=  59.62  cb_failure         L4-CB2 {'rot': 0.01897}
  t=  59.62  cb_failure         L19-CB0 {'rot': 0.01982}
  t=  59.75  cb_failure         L19-CB2 {'rot': 0.02003}
  progress t=  60.0s  max corner drift so far=0.0065  wall clock=662s
  t= 64.825  solver fallback: Newton
  t=  64.87  cb_failure         L20-CB2 {'rot': 0.02094}
  t=  64.87  cb_failure         L22-CB2 {'rot': 0.01947}
  t=  65.00  cb_failure         L9-CB0 {'rot': 0.01913}
  t=  65.00  cb_failure         L10-CB0 {'rot': 0.0196}
  t=  65.00  cb_failure         L11-CB0 {'rot': 0.01992}
  t=  65.00  cb_failure         L12-CB0 {'rot': 0.02018}
  t=  65.00  cb_failure         L13-CB0 {'rot': 0.02031}
  t=  65.00  cb_failure         L14-CB0 {'rot': 0.02027}
  t=  65.00  cb_failure         L15-CB0 {'rot': 0.02012}
  t=  65.00  cb_failure         L16-CB0 {'rot': 0.01987}
  t=  65.00  cb_failure         L20-CB0 {'rot': 0.01964}
  t=  65.00  cb_failure         L21-CB0 {'rot': 0.01976}
  t=  65.00  cb_failure         L23-CB2 {'rot': 0.01985}
  t=  65.12  cb_failure         L8-CB0 {'rot': 0.01923}
  t=  65.12  cb_failure         L17-CB0 {'rot': 0.02137}
  t=  65.12  cb_failure         L18-CB0 {'rot': 0.02076}
  t=  65.12  cb_failure         L23-CB0 {'rot': 0.01978}
  t=  65.37  cb_failure         L7-CB0 {'rot': 0.01935}
  t=  65.50  cb_failure         L4-CB1 {'rot': 0.01927}
  t=  65.50  cb_failure         L6-CB0 {'rot': 0.0195}
  t=  65.62  cb_failure         L5-CB0 {'rot': 0.01934}
  progress t=  70.0s  max corner drift so far=0.0065  wall clock=772s
  progress t=  80.0s  max corner drift so far=0.0065  wall clock=880s
  progress t=  90.0s  max corner drift so far=0.0065  wall clock=988s
  progress t= 100.0s  max corner drift so far=0.0065  wall clock=1094s
