  t=   1.75  cb_yield           L3-CB1 {'rot': 0.00417}
  t=   1.75  cb_yield           L3-CB3 {'rot': 0.00428}
  t=   1.75  cb_yield           L4-CB0 {'rot': 0.00426}
  t=   1.75  cb_yield           L4-CB1 {'rot': 0.00452}
  t=   1.75  cb_yield           L4-CB2 {'rot': 0.00437}
  t=   1.75  cb_yield           L4-CB3 {'rot': 0.00464}
  t=   1.75  cb_yield           L5-CB0 {'rot': 0.00433}
  t=   1.75  cb_yield           L5-CB1 {'rot': 0.00463}
  t=   1.75  cb_yield           L5-CB2 {'rot': 0.00444}
  t=   1.75  cb_yield           L5-CB3 {'rot': 0.00477}
  t=   1.75  cb_yield           L6-CB0 {'rot': 0.00422}
  t=   1.75  cb_yield           L6-CB1 {'rot': 0.00457}
  t=   1.75  cb_yield           L6-CB2 {'rot': 0.00434}
  t=   1.75  cb_yield           L6-CB3 {'rot': 0.00471}
  t=   1.75  cb_yield           L7-CB1 {'rot': 0.00438}
  t=   1.75  cb_yield           L7-CB2 {'rot': 0.00411}
  t=   1.75  cb_yield           L7-CB3 {'rot': 0.00452}
  t=   1.75  cb_yield           L8-CB3 {'rot': 0.00424}
  t=   1.87  cb_yield           L2-CB0 {'rot': 0.00418}
  t=   1.87  cb_yield           L2-CB1 {'rot': 0.00441}
  t=   1.87  cb_yield           L2-CB2 {'rot': 0.00427}
  t=   1.87  cb_yield           L2-CB3 {'rot': 0.00449}
  t=   1.87  cb_yield           L3-CB0 {'rot': 0.00503}
  t=   1.87  cb_yield           L3-CB2 {'rot': 0.00513}
  t=   1.87  cb_yield           L7-CB0 {'rot': 0.00579}
  t=   1.87  cb_yield           L8-CB0 {'rot': 0.00553}
  t=   1.87  cb_yield           L8-CB1 {'rot': 0.0061}
  t=   1.87  cb_yield           L8-CB2 {'rot': 0.00568}
  t=   1.87  cb_yield           L9-CB0 {'rot': 0.00515}
  t=   1.87  cb_yield           L9-CB1 {'rot': 0.00577}
  t=   1.87  cb_yield           L9-CB2 {'rot': 0.0053}
  t=   1.87  cb_yield           L9-CB3 {'rot': 0.00593}
  t=   1.87  cb_yield           L10-CB0 {'rot': 0.00472}
  t=   1.87  cb_yield           L10-CB1 {'rot': 0.00538}
  t=   1.87  cb_yield           L10-CB2 {'rot': 0.00485}
  t=   1.87  cb_yield           L10-CB3 {'rot': 0.00553}
  t=   1.87  cb_yield           L11-CB0 {'rot': 0.00426}
  t=   1.87  cb_yield           L11-CB1 {'rot': 0.00495}
  t=   1.87  cb_yield           L11-CB2 {'rot': 0.00438}
  t=   1.87  cb_yield           L11-CB3 {'rot': 0.00509}
  t=   1.87  cb_yield           L12-CB1 {'rot': 0.00452}
  t=   1.87  cb_yield           L12-CB3 {'rot': 0.00465}
  t=   1.87  cb_yield           L13-CB3 {'rot': 0.0042}
  t=   2.00  cb_yield           L12-CB0 {'rot': 0.00561}
  t=   2.00  cb_yield           L12-CB2 {'rot': 0.00575}
  t=   2.00  cb_yield           L13-CB0 {'rot': 0.00509}
  t=   2.00  cb_yield           L13-CB1 {'rot': 0.00605}
  t=   2.00  cb_yield           L13-CB2 {'rot': 0.00523}
  t=   2.00  cb_yield           L14-CB0 {'rot': 0.00455}
  t=   2.00  cb_yield           L14-CB1 {'rot': 0.00554}
  t=   2.00  cb_yield           L14-CB2 {'rot': 0.00469}
  t=   2.00  cb_yield           L14-CB3 {'rot': 0.00571}
  t=   2.00  cb_yield           L15-CB1 {'rot': 0.00505}
  t=   2.00  cb_yield           L15-CB2 {'rot': 0.00417}
  t=   2.00  cb_yield           L15-CB3 {'rot': 0.00521}
  t=   2.00  cb_yield           L16-CB1 {'rot': 0.00459}
  t=   2.00  cb_yield           L16-CB3 {'rot': 0.00474}
  t=   2.12  cb_yield           L15-CB0 {'rot': 0.00571}
  t=   2.12  cb_yield           L16-CB0 {'rot': 0.00519}
  t=   2.12  cb_yield           L16-CB2 {'rot': 0.0054}
  t=   2.12  cb_yield           L17-CB1 {'rot': 0.00586}
  t=   2.12  cb_yield           L17-CB2 {'rot': 0.00476}
  t=   2.12  cb_yield           L17-CB3 {'rot': 0.0061}
  t=   2.12  cb_yield           L18-CB1 {'rot': 0.00526}
  t=   2.12  cb_yield           L18-CB3 {'rot': 0.0055}
  t=   2.12  cb_yield           L19-CB1 {'rot': 0.00468}
  t=   2.12  cb_yield           L19-CB3 {'rot': 0.00493}
  t=   2.25  cb_yield           L17-CB0 {'rot': 0.00576}
  t=   2.25  cb_yield           L18-CB0 {'rot': 0.00515}
  t=   2.25  cb_yield           L18-CB2 {'rot': 0.00546}
  t=   2.25  cb_yield           L19-CB0 {'rot': 0.00458}
  t=   2.25  cb_yield           L19-CB2 {'rot': 0.0049}
  t=   2.25  cb_yield           L20-CB1 {'rot': 0.00579}
  t=   2.25  cb_yield           L20-CB3 {'rot': 0.00614}
  t=   2.25  cb_yield           L21-CB1 {'rot': 0.00532}
  t=   2.25  cb_yield           L21-CB3 {'rot': 0.00569}
  t=   2.25  cb_yield           L22-CB1 {'rot': 0.0049}
  t=   2.25  cb_yield           L22-CB3 {'rot': 0.00527}
  t=   2.25  cb_yield           L23-CB3 {'rot': 0.0049}
  t=   2.25  cb_yield           L24-CB3 {'rot': 0.00458}
  t=   2.37  cb_yield           L20-CB0 {'rot': 0.00606}
  t=   2.37  cb_yield           L20-CB2 {'rot': 0.00648}
  t=   2.37  cb_yield           L21-CB0 {'rot': 0.00564}
  t=   2.37  cb_yield           L21-CB2 {'rot': 0.00608}
  t=   2.37  cb_yield           L22-CB0 {'rot': 0.0052}
  t=   2.37  cb_yield           L22-CB2 {'rot': 0.00565}
  t=   2.37  cb_yield           L23-CB0 {'rot': 0.00474}
  t=   2.37  cb_yield           L23-CB1 {'rot': 0.0072}
  t=   2.37  cb_yield           L23-CB2 {'rot': 0.00521}
  t=   2.37  cb_yield           L24-CB1 {'rot': 0.00673}
  t=   2.37  cb_yield           L24-CB2 {'rot': 0.00475}
  t=   2.37  cb_yield           L25-CB1 {'rot': 0.00626}
  t=   2.37  cb_yield           L25-CB3 {'rot': 0.00675}
  t=   2.37  cb_yield           L26-CB1 {'rot': 0.00579}
  t=   2.37  cb_yield           L26-CB3 {'rot': 0.00627}
  t=   2.37  cb_yield           L27-CB1 {'rot': 0.00532}
  t=   2.37  cb_yield           L27-CB3 {'rot': 0.00579}
  t=   2.37  cb_yield           L28-CB1 {'rot': 0.00487}
  t=   2.37  cb_yield           L28-CB3 {'rot': 0.00534}
  t=   2.37  cb_yield           L29-CB3 {'rot': 0.0049}
  t=   2.50  cb_yield           L24-CB0 {'rot': 0.00602}
  t=   2.50  cb_yield           L25-CB0 {'rot': 0.00531}
  t=   2.50  cb_yield           L25-CB2 {'rot': 0.00577}
  t=   2.50  cb_yield           L26-CB0 {'rot': 0.0046}
  t=   2.50  cb_yield           L26-CB2 {'rot': 0.00506}
  t=   2.50  cb_yield           L29-CB1 {'rot': 0.00602}
  t=   2.50  cb_yield           L30-CB1 {'rot': 0.00541}
  t=   2.50  cb_yield           L30-CB3 {'rot': 0.00585}
  t=   2.50  cb_yield           L31-CB1 {'rot': 0.0049}
  t=   2.50  cb_yield           L31-CB3 {'rot': 0.00533}
  t=   2.50  cb_yield           L32-CB3 {'rot': 0.00495}
  t=   2.50  cb_yield           L33-CB3 {'rot': 0.00474}
  t=   2.62  cb_yield           L27-CB0 {'rot': 0.00482}
  t=   2.62  cb_yield           L27-CB2 {'rot': 0.00511}
  t=   2.62  cb_yield           L32-CB1 {'rot': 0.00542}
  t=   2.62  cb_yield           L33-CB1 {'rot': 0.00519}
  t=   2.75  cb_yield           L28-CB0 {'rot': 0.0047}
  t=   2.75  cb_yield           L28-CB2 {'rot': 0.00474}
  t=   3.62  cb_yield           L29-CB0 {'rot': 0.00455}
  t=   4.12  cb_yield           L1-CB0 {'rot': 0.00477}
  t=   4.12  cb_yield           L1-CB1 {'rot': 0.00462}
  t=   4.25  cb_yield           L1-CB2 {'rot': 0.00514}
  t=   4.25  cb_yield           L1-CB3 {'rot': 0.00495}
  t=   8.13  cb_failure         L5-CB3 {'rot': 0.01839}
  t=   8.13  cb_failure         L6-CB3 {'rot': 0.01935}
  t=   8.13  cb_failure         L7-CB3 {'rot': 0.01982}
  t=   8.13  cb_failure         L8-CB3 {'rot': 0.0199}
  t=   8.13  cb_failure         L9-CB3 {'rot': 0.01968}
  t=   8.13  cb_failure         L10-CB3 {'rot': 0.01921}
  t=   8.13  cb_failure         L11-CB3 {'rot': 0.01853}
  t=   8.25  cb_failure         L4-CB3 {'rot': 0.01878}
  t=   8.25  cb_failure         L6-CB2 {'rot': 0.01864}
  t=   8.25  cb_failure         L7-CB1 {'rot': 0.01846}
  t=   8.25  cb_failure         L7-CB2 {'rot': 0.01886}
  t=   8.25  cb_failure         L8-CB1 {'rot': 0.01865}
  t=   8.25  cb_failure         L8-CB2 {'rot': 0.01871}
  t=   8.25  cb_failure         L9-CB1 {'rot': 0.01864}
  t=   8.25  cb_failure         L9-CB2 {'rot': 0.01828}
  t=   8.25  cb_failure         L10-CB1 {'rot': 0.0185}
  t=   8.25  cb_failure         L11-CB1 {'rot': 0.01828}
  t=   8.25  cb_failure         L12-CB3 {'rot': 0.02027}
  t=   8.25  cb_failure         L13-CB3 {'rot': 0.01948}
  t=   8.25  cb_failure         L14-CB3 {'rot': 0.01855}
  t=   8.38  cb_failure         L4-CB2 {'rot': 0.01841}
  t=   8.38  cb_failure         L5-CB1 {'rot': 0.01928}
  t=   8.38  cb_failure         L5-CB2 {'rot': 0.01987}
  t=   8.38  cb_failure         L6-CB1 {'rot': 0.02014}
  t=   8.38  cb_failure         L10-CB2 {'rot': 0.01992}
  t=   8.38  cb_failure         L11-CB2 {'rot': 0.01924}
  t=   8.38  cb_failure         L12-CB1 {'rot': 0.01945}
  t=   8.38  cb_failure         L12-CB2 {'rot': 0.01848}
  t=   8.38  cb_failure         L13-CB1 {'rot': 0.019}
  t=   8.38  cb_failure         L14-CB1 {'rot': 0.01846}
  t=   8.38  cb_failure         L15-CB3 {'rot': 0.02045}
  t=   8.38  cb_failure         L16-CB3 {'rot': 0.01951}
  t=   8.50  cb_failure         L4-CB1 {'rot': 0.01919}
  t=   8.50  cb_failure         L5-CB0 {'rot': 0.01835}
  t=   8.50  cb_failure         L6-CB0 {'rot': 0.01931}
  t=   8.50  cb_failure         L7-CB0 {'rot': 0.0198}
  t=   8.50  cb_failure         L8-CB0 {'rot': 0.0199}
  t=   8.50  cb_failure         L9-CB0 {'rot': 0.01967}
  t=   8.50  cb_failure         L10-CB0 {'rot': 0.01918}
  t=   8.50  cb_failure         L11-CB0 {'rot': 0.01847}
  t=   8.50  cb_failure         L13-CB2 {'rot': 0.02092}
  t=   8.50  cb_failure         L14-CB2 {'rot': 0.01992}
  t=   8.50  cb_failure         L15-CB1 {'rot': 0.01915}
  t=   8.50  cb_failure         L15-CB2 {'rot': 0.01888}
  t=   8.50  cb_failure         L16-CB1 {'rot': 0.01831}
  t=   8.50  cb_failure         L17-CB3 {'rot': 0.02181}
  t=   8.50  cb_failure         L18-CB3 {'rot': 0.02073}
  t=   8.50  cb_failure         L19-CB3 {'rot': 0.01968}
  t=   8.50  cb_failure         L20-CB3 {'rot': 0.01867}
  t=   8.63  cb_failure         L12-CB0 {'rot': 0.02023}
  t=   8.63  cb_failure         L13-CB0 {'rot': 0.01946}
  t=   8.63  cb_failure         L14-CB0 {'rot': 0.01845}
  t=   8.63  cb_failure         L16-CB2 {'rot': 0.02248}
  t=   8.63  cb_failure         L17-CB1 {'rot': 0.01954}
  t=   8.63  cb_failure         L17-CB2 {'rot': 0.02122}
  t=   8.63  cb_failure         L18-CB2 {'rot': 0.01992}
  t=   8.63  cb_failure         L19-CB2 {'rot': 0.01859}
  t=   8.63  cb_failure         L21-CB3 {'rot': 0.02213}
  t=   8.63  cb_failure         L22-CB3 {'rot': 0.02108}
  t=   8.63  cb_failure         L23-CB3 {'rot': 0.02004}
  t=   8.63  cb_failure         L24-CB3 {'rot': 0.01898}
  t=   8.63  cb_yield           L29-CB2 {'rot': 0.00686}
  t=   8.63  cb_yield           L30-CB2 {'rot': 0.00598}
  t=   8.63  cb_yield           L31-CB2 {'rot': 0.00526}
  t=   8.63  cb_yield           L32-CB2 {'rot': 0.00477}
  t=   8.75  cb_failure         L15-CB0 {'rot': 0.01966}
  t=   8.75  cb_failure         L16-CB0 {'rot': 0.01874}
  t=   8.75  cb_failure         L18-CB1 {'rot': 0.02099}
  t=   8.75  cb_failure         L19-CB1 {'rot': 0.01943}
  t=   8.75  cb_failure         L20-CB2 {'rot': 0.02224}
  t=   8.75  cb_failure         L21-CB2 {'rot': 0.02071}
  t=   8.75  cb_failure         L22-CB2 {'rot': 0.01909}
  t=   8.75  cb_failure         L25-CB3 {'rot': 0.02106}
  t=   8.75  cb_failure         L26-CB3 {'rot': 0.01981}
  t=   8.75  cb_failure         L27-CB3 {'rot': 0.01862}
  t=   8.75  cb_yield           L33-CB2 {'rot': 0.00759}
  t=   8.88  cb_failure         L17-CB0 {'rot': 0.0194}
  t=   8.88  cb_failure         L20-CB1 {'rot': 0.01995}
  t=   8.88  cb_failure         L23-CB2 {'rot': 0.02183}
  t=   8.88  cb_failure         L24-CB2 {'rot': 0.02017}
  t=   8.88  cb_failure         L25-CB2 {'rot': 0.01855}
  t=   8.88  cb_failure         L28-CB3 {'rot': 0.02016}
  t=   8.88  cb_failure         L29-CB3 {'rot': 0.01915}
  t=   9.00  cb_failure         L18-CB0 {'rot': 0.01955}
  t=   9.00  cb_failure         L19-CB0 {'rot': 0.01858}
  t=   9.00  cb_failure         L21-CB1 {'rot': 0.02082}
  t=   9.00  cb_failure         L22-CB1 {'rot': 0.0193}
  t=   9.00  cb_failure         L26-CB2 {'rot': 0.02062}
  t=   9.00  cb_failure         L27-CB2 {'rot': 0.01925}
  t=   9.00  cb_failure         L30-CB3 {'rot': 0.02142}
  t=   9.00  cb_failure         L31-CB3 {'rot': 0.02069}
  t=   9.00  cb_failure         L32-CB3 {'rot': 0.0202}
  t=   9.00  cb_failure         L33-CB3 {'rot': 0.01999}
  t=   9.13  cb_failure         L23-CB1 {'rot': 0.02329}
  t=   9.13  cb_failure         L24-CB1 {'rot': 0.02232}
  t=   9.13  cb_failure         L25-CB1 {'rot': 0.02123}
  t=   9.13  cb_failure         L26-CB1 {'rot': 0.02003}
  t=   9.13  cb_failure         L27-CB1 {'rot': 0.01877}
  t=   9.13  cb_failure         L28-CB2 {'rot': 0.01989}
  t=   9.13  cb_failure         L29-CB2 {'rot': 0.01861}
  t=   9.13  cb_yield           L30-CB0 {'rot': 0.00684}
  t=   9.13  cb_yield           L31-CB0 {'rot': 0.0059}
  t=   9.13  cb_yield           L32-CB0 {'rot': 0.0053}
  t=   9.13  cb_yield           L33-CB0 {'rot': 0.00505}
  t=   9.25  cb_failure         L22-CB0 {'rot': 0.01866}
  t=   9.25  cb_failure         L23-CB0 {'rot': 0.01869}
  t=   9.25  cb_failure         L28-CB1 {'rot': 0.02383}
  t=   9.25  cb_failure         L29-CB1 {'rot': 0.02288}
  t=   9.25  cb_failure         L30-CB1 {'rot': 0.02184}
  t=   9.25  cb_failure         L30-CB2 {'rot': 0.0197}
  t=   9.25  cb_failure         L31-CB1 {'rot': 0.02095}
  t=   9.25  cb_failure         L31-CB2 {'rot': 0.01873}
  t=   9.25  cb_failure         L32-CB1 {'rot': 0.02042}
  t=   9.25  cb_failure         L33-CB1 {'rot': 0.02023}
  t=   9.38  cb_failure         L24-CB0 {'rot': 0.01947}
  t=   9.38  cb_failure         L25-CB0 {'rot': 0.01997}
  t=   9.38  cb_failure         L26-CB0 {'rot': 0.02035}
  t=   9.38  cb_failure         L27-CB0 {'rot': 0.0206}
  t=   9.38  cb_failure         L28-CB0 {'rot': 0.02077}
  t=   9.38  cb_failure         L29-CB0 {'rot': 0.02081}
  t=   9.38  cb_failure         L30-CB0 {'rot': 0.02059}
  t=   9.38  cb_failure         L31-CB0 {'rot': 0.02017}
  t=   9.38  cb_failure         L32-CB0 {'rot': 0.01977}
  t=   9.38  cb_failure         L32-CB2 {'rot': 0.02198}
  t=   9.38  cb_failure         L33-CB0 {'rot': 0.01961}
  t=   9.38  cb_failure         L33-CB2 {'rot': 0.02183}
  progress t=  10.0s  max corner drift so far=0.0074  wall clock=107s
  t=  10.63  cb_failure         L21-CB0 {'rot': 0.01935}
  t=  10.75  cb_failure         L2-CB2 {'rot': 0.02154}
  t=  10.75  cb_failure         L2-CB3 {'rot': 0.01863}
  t=  10.75  cb_failure         L3-CB0 {'rot': 0.01893}
  t=  10.75  cb_failure         L3-CB2 {'rot': 0.02518}
  t=  10.75  cb_failure         L3-CB3 {'rot': 0.02159}
  t=  10.75  cb_failure         L4-CB0 {'rot': 0.02001}
  t=  10.88  cb_failure         L1-CB2 {'rot': 0.02014}
  t=  10.88  cb_failure         L1-CB3 {'rot': 0.01913}
  t=  10.88  cb_failure         L2-CB0 {'rot': 0.02343}
  t=  10.88  cb_failure         L2-CB1 {'rot': 0.02077}
  t=  10.88  cb_failure         L3-CB1 {'rot': 0.02337}
  t=  11.00  cb_failure         L1-CB0 {'rot': 0.02146}
  t=  11.00  cb_failure         L1-CB1 {'rot': 0.02071}
  t=  11.50  cb_failure         L20-CB0 {'rot': 0.02904}
  progress t=  20.0s  max corner drift so far=0.0236  wall clock=259s
  progress t=  30.0s  max corner drift so far=0.0236  wall clock=394s
  progress t=  40.0s  max corner drift so far=0.0236  wall clock=576s
  progress t=  50.0s  max corner drift so far=0.0236  wall clock=747s
  progress t=  60.0s  max corner drift so far=0.0236  wall clock=907s
  progress t=  70.0s  max corner drift so far=0.0236  wall clock=1045s
  progress t=  80.0s  max corner drift so far=0.0236  wall clock=1156s
  progress t=  90.0s  max corner drift so far=0.0236  wall clock=1252s
  progress t= 100.0s  max corner drift so far=0.0236  wall clock=1350s
