  t=   2.00  cb_yield           L6-CB1 {'rot': 0.00412}
  t=   2.00  cb_yield           L6-CB3 {'rot': 0.0042}
  t=   2.00  cb_yield           L7-CB1 {'rot': 0.0042}
  t=   2.00  cb_yield           L7-CB3 {'rot': 0.00428}
  t=   2.00  cb_yield           L8-CB1 {'rot': 0.0042}
  t=   2.00  cb_yield           L8-CB3 {'rot': 0.00428}
  t=   2.00  cb_yield           L9-CB1 {'rot': 0.00414}
  t=   2.00  cb_yield           L9-CB3 {'rot': 0.00423}
  t=   2.00  cb_yield           L10-CB3 {'rot': 0.00413}
  t=   2.12  cb_yield           L10-CB1 {'rot': 0.00455}
  t=   2.12  cb_yield           L11-CB1 {'rot': 0.00449}
  t=   2.12  cb_yield           L11-CB3 {'rot': 0.00459}
  t=   2.12  cb_yield           L12-CB1 {'rot': 0.00441}
  t=   2.12  cb_yield           L12-CB3 {'rot': 0.00451}
  t=   2.12  cb_yield           L13-CB1 {'rot': 0.00429}
  t=   2.12  cb_yield           L13-CB3 {'rot': 0.00441}
  t=   2.12  cb_yield           L14-CB1 {'rot': 0.00415}
  t=   2.12  cb_yield           L14-CB3 {'rot': 0.00427}
  t=   2.12  cb_yield           L15-CB3 {'rot': 0.00411}
  t=   2.25  cb_yield           L15-CB1 {'rot': 0.00447}
  t=   2.25  cb_yield           L16-CB1 {'rot': 0.00435}
  t=   2.25  cb_yield           L16-CB3 {'rot': 0.00451}
  t=   2.37  cb_yield           L17-CB1 {'rot': 0.00474}
  t=   2.37  cb_yield           L17-CB3 {'rot': 0.00493}
  t=   2.37  cb_yield           L18-CB1 {'rot': 0.00472}
  t=   2.37  cb_yield           L18-CB3 {'rot': 0.00493}
  t=   2.37  cb_yield           L19-CB1 {'rot': 0.00467}
  t=   2.37  cb_yield           L19-CB3 {'rot': 0.0049}
  t=   2.37  cb_yield           L20-CB1 {'rot': 0.00461}
  t=   2.37  cb_yield           L20-CB3 {'rot': 0.00485}
  t=   2.37  cb_yield           L21-CB3 {'rot': 0.00477}
  t=   2.37  cb_yield           L22-CB3 {'rot': 0.00467}
  t=   2.50  cb_yield           L21-CB1 {'rot': 0.00566}
  t=   2.50  cb_yield           L22-CB1 {'rot': 0.00558}
  t=   2.50  cb_yield           L23-CB1 {'rot': 0.00544}
  t=   2.50  cb_yield           L23-CB3 {'rot': 0.00569}
  t=   2.50  cb_yield           L24-CB1 {'rot': 0.00523}
  t=   2.50  cb_yield           L24-CB3 {'rot': 0.00549}
  t=   2.50  cb_yield           L25-CB1 {'rot': 0.00498}
  t=   2.50  cb_yield           L25-CB3 {'rot': 0.00524}
  t=   2.50  cb_yield           L26-CB1 {'rot': 0.0047}
  t=   2.50  cb_yield           L26-CB3 {'rot': 0.00495}
  t=   2.50  cb_yield           L27-CB3 {'rot': 0.00464}
  t=   2.62  cb_yield           L19-CB2 {'rot': 0.00456}
  t=   2.62  cb_yield           L20-CB2 {'rot': 0.00463}
  t=   2.62  cb_yield           L21-CB2 {'rot': 0.00462}
  t=   2.62  cb_yield           L27-CB1 {'rot': 0.00468}
  t=   3.62  cb_yield           L15-CB0 {'rot': 0.00412}
  t=   3.62  cb_yield           L16-CB0 {'rot': 0.00426}
  t=   3.75  cb_yield           L12-CB0 {'rot': 0.00418}
  t=   3.75  cb_yield           L13-CB0 {'rot': 0.00426}
  t=   3.75  cb_yield           L14-CB0 {'rot': 0.00432}
  t=   3.87  cb_yield           L4-CB0 {'rot': 0.00423}
  t=   3.87  cb_yield           L4-CB1 {'rot': 0.00413}
  t=   3.87  cb_yield           L5-CB0 {'rot': 0.00458}
  t=   3.87  cb_yield           L5-CB1 {'rot': 0.00446}
  t=   3.87  cb_yield           L6-CB0 {'rot': 0.00481}
  t=   3.87  cb_yield           L7-CB0 {'rot': 0.00494}
  t=   3.87  cb_yield           L8-CB0 {'rot': 0.005}
  t=   3.87  cb_yield           L9-CB0 {'rot': 0.00501}
  t=   3.87  cb_yield           L10-CB0 {'rot': 0.00497}
  t=   3.87  cb_yield           L11-CB0 {'rot': 0.00489}
  t=   4.00  cb_yield           L3-CB0 {'rot': 0.00497}
  t=   4.00  cb_yield           L3-CB1 {'rot': 0.00482}
  t=   4.00  cb_yield           L3-CB2 {'rot': 0.00426}
  t=   4.00  cb_yield           L3-CB3 {'rot': 0.00412}
  t=   4.00  cb_yield           L4-CB2 {'rot': 0.00475}
  t=   4.00  cb_yield           L4-CB3 {'rot': 0.00458}
  t=   4.00  cb_yield           L5-CB2 {'rot': 0.00503}
  t=   4.00  cb_yield           L5-CB3 {'rot': 0.00484}
  t=   4.00  cb_yield           L6-CB2 {'rot': 0.00513}
  t=   4.00  cb_yield           L7-CB2 {'rot': 0.00509}
  t=   4.00  cb_yield           L8-CB2 {'rot': 0.00492}
  t=   4.00  cb_yield           L9-CB2 {'rot': 0.00468}
  t=   4.00  cb_yield           L10-CB2 {'rot': 0.00437}
  t=   4.12  cb_yield           L2-CB0 {'rot': 0.00489}
  t=   4.12  cb_yield           L2-CB1 {'rot': 0.00473}
  t=   4.12  cb_yield           L2-CB2 {'rot': 0.00427}
  t=   4.12  cb_yield           L2-CB3 {'rot': 0.00412}
  t=   8.25  cb_yield           L11-CB2 {'rot': 0.00467}
  t=   8.25  cb_yield           L12-CB2 {'rot': 0.00459}
  t=   8.25  cb_yield           L13-CB2 {'rot': 0.0045}
  t=   8.25  cb_yield           L14-CB2 {'rot': 0.00439}
  t=   8.25  cb_yield           L15-CB2 {'rot': 0.00428}
  t=   8.25  cb_yield           L16-CB2 {'rot': 0.00416}
  t=   8.38  cb_yield           L17-CB2 {'rot': 0.0048}
  t=   8.50  cb_yield           L18-CB2 {'rot': 0.00572}
  t=   8.63  cb_yield           L22-CB2 {'rot': 0.00525}
  t=   8.63  cb_yield           L23-CB2 {'rot': 0.00479}
  t=   8.63  cb_yield           L28-CB3 {'rot': 0.0047}
  t=   8.75  cb_yield           L24-CB2 {'rot': 0.00536}
  t=   8.75  cb_yield           L25-CB2 {'rot': 0.00487}
  t=   8.75  cb_yield           L29-CB3 {'rot': 0.00516}
  t=   8.75  cb_yield           L30-CB3 {'rot': 0.00489}
  t=   8.75  cb_yield           L31-CB3 {'rot': 0.00468}
  t=   8.88  cb_yield           L26-CB2 {'rot': 0.00517}
  t=   8.88  cb_yield           L27-CB2 {'rot': 0.00475}
  t=   8.88  cb_yield           L32-CB3 {'rot': 0.00533}
  t=   8.88  cb_yield           L33-CB3 {'rot': 0.00523}
  t=   9.00  cb_yield           L28-CB2 {'rot': 0.00489}
  t=   9.13  cb_yield           L29-CB2 {'rot': 0.00458}
  t=   9.25  cb_yield           L28-CB1 {'rot': 0.00575}
  t=   9.25  cb_yield           L29-CB1 {'rot': 0.00541}
  t=   9.25  cb_yield           L30-CB1 {'rot': 0.00499}
  t=   9.25  cb_yield           L31-CB1 {'rot': 0.00456}
  t=   9.88  cb_yield           L1-CB0 {'rot': 0.00435}
  progress t=  10.0s  max corner drift so far=0.0032  wall clock=101s
  t=  10.13  cb_yield           L17-CB0 {'rot': 0.00523}
  t=  10.13  cb_yield           L18-CB0 {'rot': 0.00456}
  t=  10.25  cb_yield           L19-CB0 {'rot': 0.00534}
  t=  10.25  cb_yield           L20-CB0 {'rot': 0.00507}
  t=  10.25  cb_yield           L21-CB0 {'rot': 0.00485}
  t=  10.25  cb_yield           L22-CB0 {'rot': 0.00468}
  t=  10.25  cb_yield           L23-CB0 {'rot': 0.00455}
  t=  10.25  cb_yield           L32-CB1 {'rot': 0.00456}
  t=  10.38  cb_yield           L1-CB2 {'rot': 0.00476}
  t=  10.38  cb_yield           L1-CB3 {'rot': 0.00448}
  t=  10.38  cb_yield           L24-CB0 {'rot': 0.00781}
  t=  10.38  cb_yield           L25-CB0 {'rot': 0.00766}
  t=  10.38  cb_yield           L26-CB0 {'rot': 0.00746}
  t=  10.38  cb_yield           L27-CB0 {'rot': 0.00721}
  t=  10.38  cb_yield           L28-CB0 {'rot': 0.00694}
  t=  10.38  cb_yield           L29-CB0 {'rot': 0.00662}
  t=  10.38  cb_yield           L30-CB0 {'rot': 0.00628}
  t=  10.38  cb_yield           L31-CB0 {'rot': 0.00594}
  t=  10.38  cb_yield           L32-CB0 {'rot': 0.00566}
  t=  10.38  cb_yield           L33-CB0 {'rot': 0.00549}
  t=  10.38  cb_yield           L33-CB1 {'rot': 0.00791}
  t=  10.63  cb_yield           L1-CB1 {'rot': 0.00592}
  t=  11.13  cb_failure         L7-CB0 {'rot': 0.0184}
  t=  11.13  cb_failure         L8-CB0 {'rot': 0.01854}
  t=  11.13  cb_failure         L8-CB1 {'rot': 0.01823}
  t=  11.13  cb_failure         L9-CB0 {'rot': 0.01843}
  t=  11.13  cb_failure         L9-CB1 {'rot': 0.01811}
  t=  11.13  cb_failure         L10-CB0 {'rot': 0.01813}
  t=  11.25  cb_failure         L7-CB1 {'rot': 0.01873}
  t=  11.25  cb_failure         L10-CB1 {'rot': 0.02048}
  t=  11.25  cb_failure         L11-CB0 {'rot': 0.01999}
  t=  11.25  cb_failure         L11-CB1 {'rot': 0.02086}
  t=  11.25  cb_failure         L12-CB0 {'rot': 0.02028}
  t=  11.25  cb_failure         L12-CB1 {'rot': 0.0212}
  t=  11.25  cb_failure         L13-CB0 {'rot': 0.02047}
  t=  11.25  cb_failure         L13-CB1 {'rot': 0.02143}
  t=  11.25  cb_failure         L14-CB0 {'rot': 0.02047}
  t=  11.25  cb_failure         L14-CB1 {'rot': 0.02149}
  t=  11.25  cb_failure         L15-CB0 {'rot': 0.02036}
  t=  11.25  cb_failure         L15-CB1 {'rot': 0.02141}
  t=  11.25  cb_failure         L16-CB0 {'rot': 0.0201}
  t=  11.25  cb_failure         L16-CB1 {'rot': 0.02118}
  t=  11.25  cb_failure         L17-CB0 {'rot': 0.01959}
  t=  11.25  cb_failure         L17-CB1 {'rot': 0.0207}
  t=  11.25  cb_failure         L18-CB0 {'rot': 0.01892}
  t=  11.25  cb_failure         L18-CB1 {'rot': 0.02006}
  t=  11.25  cb_failure         L19-CB1 {'rot': 0.01924}
  t=  11.38  cb_failure         L14-CB3 {'rot': 0.0182}
  t=  11.38  cb_failure         L15-CB3 {'rot': 0.01832}
  t=  11.38  cb_failure         L16-CB3 {'rot': 0.01827}
  t=  11.38  cb_failure         L19-CB0 {'rot': 0.02353}
  t=  11.38  cb_failure         L20-CB0 {'rot': 0.02265}
  t=  11.38  cb_failure         L20-CB1 {'rot': 0.02385}
  t=  11.38  cb_failure         L21-CB0 {'rot': 0.02139}
  t=  11.38  cb_failure         L21-CB1 {'rot': 0.02262}
  t=  11.38  cb_failure         L22-CB0 {'rot': 0.01976}
  t=  11.38  cb_failure         L22-CB1 {'rot': 0.02102}
  t=  11.38  cb_failure         L23-CB1 {'rot': 0.01903}
  t=  11.50  cb_failure         L13-CB3 {'rot': 0.01843}
  t=  11.50  cb_failure         L14-CB2 {'rot': 0.01822}
  t=  11.50  cb_failure         L15-CB2 {'rot': 0.01864}
  t=  11.50  cb_failure         L16-CB2 {'rot': 0.01882}
  t=  11.50  cb_failure         L17-CB2 {'rot': 0.01874}
  t=  11.50  cb_failure         L17-CB3 {'rot': 0.01946}
  t=  11.50  cb_failure         L18-CB3 {'rot': 0.01904}
  t=  11.50  cb_failure         L23-CB0 {'rot': 0.01944}
  t=  11.75  cb_failure         L24-CB0 {'rot': 0.01968}
  t=  11.75  cb_failure         L24-CB1 {'rot': 0.01968}
  t=  12.88  cb_yield           L30-CB2 {'rot': 0.00574}
  t=  12.88  cb_yield           L31-CB2 {'rot': 0.00507}
  t=  12.88  cb_yield           L32-CB2 {'rot': 0.00458}
  t=  13.00  cb_yield           L33-CB2 {'rot': 0.0046}
  t=  14.25  cb_failure         L19-CB3 {'rot': 0.02113}
  t=  14.25  cb_failure         L20-CB3 {'rot': 0.0216}
  t=  14.25  cb_failure         L21-CB3 {'rot': 0.02196}
  t=  14.25  cb_failure         L22-CB3 {'rot': 0.02217}
  t=  14.25  cb_failure         L23-CB3 {'rot': 0.02222}
  t=  14.25  cb_failure         L24-CB3 {'rot': 0.02209}
  t=  14.25  cb_failure         L25-CB3 {'rot': 0.02179}
  t=  14.25  cb_failure         L26-CB3 {'rot': 0.02133}
  t=  14.25  cb_failure         L27-CB3 {'rot': 0.02071}
  t=  14.25  cb_failure         L28-CB3 {'rot': 0.02006}
  t=  14.25  cb_failure         L29-CB3 {'rot': 0.01934}
  t=  14.25  cb_failure         L30-CB3 {'rot': 0.01857}
  t=  14.38  cb_failure         L10-CB3 {'rot': 0.01899}
  t=  14.38  cb_failure         L11-CB3 {'rot': 0.02007}
  t=  14.38  cb_failure         L12-CB3 {'rot': 0.02114}
  t=  14.38  cb_failure         L31-CB3 {'rot': 0.01915}
  t=  14.38  cb_failure         L32-CB3 {'rot': 0.01868}
  t=  14.38  cb_failure         L33-CB3 {'rot': 0.01855}
  t=  14.50  cb_failure         L9-CB3 {'rot': 0.01956}
  t=  14.50  cb_failure         L13-CB2 {'rot': 0.0187}
  t=  14.50  cb_failure         L18-CB2 {'rot': 0.02017}
  t=  14.50  cb_failure         L19-CB2 {'rot': 0.01979}
  t=  14.50  cb_failure         L20-CB2 {'rot': 0.01924}
  t=  14.50  cb_failure         L21-CB2 {'rot': 0.01855}
  t=  14.63  cb_failure         L7-CB3 {'rot': 0.01883}
  t=  14.63  cb_failure         L8-CB3 {'rot': 0.0204}
  t=  14.63  cb_failure         L12-CB2 {'rot': 0.01866}
  t=  14.63  cb_failure         L25-CB1 {'rot': 0.01909}
  t=  14.75  cb_failure         L6-CB1 {'rot': 0.01817}
  t=  14.75  cb_failure         L6-CB3 {'rot': 0.01985}
  t=  14.75  cb_failure         L10-CB2 {'rot': 0.01841}
  t=  14.75  cb_failure         L11-CB2 {'rot': 0.01883}
  t=  14.75  cb_failure         L26-CB1 {'rot': 0.01999}
  t=  14.75  cb_failure         L27-CB1 {'rot': 0.01902}
  t=  14.88  cb_failure         L5-CB3 {'rot': 0.01972}
  t=  14.88  cb_failure         L9-CB2 {'rot': 0.0186}
  t=  14.88  cb_failure         L28-CB1 {'rot': 0.02011}
  t=  14.88  cb_failure         L29-CB1 {'rot': 0.01964}
  t=  14.88  cb_failure         L30-CB1 {'rot': 0.01906}
  t=  15.00  cb_failure         L4-CB3 {'rot': 0.01881}
  t=  15.00  cb_failure         L5-CB1 {'rot': 0.01857}
  t=  15.00  cb_failure         L8-CB2 {'rot': 0.01821}
  t=  17.13  cb_failure         L5-CB0 {'rot': 0.01896}
  t=  17.13  cb_failure         L6-CB0 {'rot': 0.02017}
  t=  17.25  cb_failure         L4-CB0 {'rot': 0.01955}
  t=  17.25  cb_failure         L4-CB1 {'rot': 0.01969}
  t=  17.25  cb_failure         L7-CB2 {'rot': 0.01903}
  t=  17.38  cb_failure         L6-CB2 {'rot': 0.01883}
  t=  17.63  cb_failure         L25-CB0 {'rot': 0.01868}
  t=  17.88  cb_failure         L3-CB0 {'rot': 0.01881}
  t=  17.88  cb_failure         L3-CB1 {'rot': 0.01968}
  t=  18.13  cb_failure         L2-CB1 {'rot': 0.01859}
  t=  20.00  cb_failure         L3-CB3 {'rot': 0.02044}
  t=  20.00  cb_failure         L5-CB2 {'rot': 0.01881}
  progress t=  20.0s  max corner drift so far=0.0102  wall clock=215s
  t=  20.12  cb_failure         L2-CB3 {'rot': 0.02033}
  t=  20.12  cb_failure         L4-CB2 {'rot': 0.01899}
  t=  20.12  cb_failure         L31-CB1 {'rot': 0.02144}
  t=  20.12  cb_failure         L32-CB1 {'rot': 0.02099}
  t=  20.12  cb_failure         L33-CB1 {'rot': 0.02083}
  t=  20.25  cb_failure         L2-CB0 {'rot': 0.01833}
  t=  20.37  cb_failure         L26-CB0 {'rot': 0.02008}
  t=  20.37  cb_failure         L27-CB0 {'rot': 0.0189}
  t=  20.50  cb_failure         L28-CB0 {'rot': 0.01889}
  t=  20.62  cb_failure         L22-CB2 {'rot': 0.01986}
  t=  20.62  cb_failure         L29-CB0 {'rot': 0.01855}
  t=  20.75  cb_failure         L23-CB2 {'rot': 0.02083}
  t=  20.87  cb_failure         L24-CB2 {'rot': 0.02084}
  t=  20.87  cb_failure         L30-CB0 {'rot': 0.01958}
  t=  21.00  cb_failure         L25-CB2 {'rot': 0.02104}
  t=  21.00  cb_failure         L26-CB2 {'rot': 0.01891}
  t=  21.00  cb_failure         L31-CB0 {'rot': 0.02288}
  t=  21.00  cb_failure         L32-CB0 {'rot': 0.02213}
  t=  21.00  cb_failure         L33-CB0 {'rot': 0.0219}
  t=  21.12  cb_failure         L27-CB2 {'rot': 0.0228}
  t=  21.12  cb_failure         L28-CB2 {'rot': 0.02174}
  t=  21.12  cb_failure         L29-CB2 {'rot': 0.0208}
  t=  21.12  cb_failure         L30-CB2 {'rot': 0.01991}
  t=  21.12  cb_failure         L31-CB2 {'rot': 0.01921}
  t=  21.12  cb_failure         L32-CB2 {'rot': 0.01879}
  t=  21.12  cb_failure         L33-CB2 {'rot': 0.01866}
  t=  21.25  cb_failure         L1-CB0 {'rot': 0.02006}
  t=  21.25  cb_failure         L1-CB1 {'rot': 0.01991}
  t=  21.25  cb_failure         L3-CB2 {'rot': 0.01953}
  t=  28.00  cb_failure         L2-CB2 {'rot': 0.01825}
  progress t=  30.0s  max corner drift so far=0.0180  wall clock=336s
  progress t=  40.0s  max corner drift so far=0.0180  wall clock=457s
  progress t=  50.0s  max corner drift so far=0.0180  wall clock=576s
  t=  54.50  cb_failure         L1-CB2 {'rot': 0.01959}
  t=  54.50  cb_failure         L1-CB3 {'rot': 0.02209}
  progress t=  60.0s  max corner drift so far=0.0180  wall clock=702s
  progress t=  70.0s  max corner drift so far=0.0180  wall clock=809s
  progress t=  80.0s  max corner drift so far=0.0180  wall clock=911s
  progress t=  90.0s  max corner drift so far=0.0180  wall clock=1009s
  progress t= 100.0s  max corner drift so far=0.0180  wall clock=1104s
