  t=   2.00  cb_yield           L7-CB3 {'rot': 0.00417}
  t=   2.00  cb_yield           L8-CB1 {'rot': 0.00412}
  t=   2.00  cb_yield           L8-CB3 {'rot': 0.0042}
  t=   2.00  cb_yield           L9-CB3 {'rot': 0.00418}
  t=   2.12  cb_yield           L6-CB1 {'rot': 0.00413}
  t=   2.12  cb_yield           L6-CB3 {'rot': 0.00418}
  t=   2.12  cb_yield           L7-CB1 {'rot': 0.00431}
  t=   2.12  cb_yield           L9-CB1 {'rot': 0.00449}
  t=   2.12  cb_yield           L10-CB1 {'rot': 0.0045}
  t=   2.12  cb_yield           L10-CB3 {'rot': 0.00459}
  t=   2.12  cb_yield           L11-CB1 {'rot': 0.00447}
  t=   2.12  cb_yield           L11-CB3 {'rot': 0.00457}
  t=   2.12  cb_yield           L12-CB1 {'rot': 0.0044}
  t=   2.12  cb_yield           L12-CB3 {'rot': 0.00451}
  t=   2.12  cb_yield           L13-CB1 {'rot': 0.00431}
  t=   2.12  cb_yield           L13-CB3 {'rot': 0.00443}
  t=   2.12  cb_yield           L14-CB1 {'rot': 0.00418}
  t=   2.12  cb_yield           L14-CB3 {'rot': 0.0043}
  t=   2.12  cb_yield           L15-CB3 {'rot': 0.00416}
  t=   2.25  cb_yield           L15-CB1 {'rot': 0.00445}
  t=   2.25  cb_yield           L16-CB1 {'rot': 0.00435}
  t=   2.25  cb_yield           L16-CB3 {'rot': 0.00451}
  t=   2.37  cb_yield           L17-CB1 {'rot': 0.00483}
  t=   2.37  cb_yield           L17-CB3 {'rot': 0.00502}
  t=   2.37  cb_yield           L18-CB1 {'rot': 0.00484}
  t=   2.37  cb_yield           L18-CB3 {'rot': 0.00505}
  t=   2.37  cb_yield           L19-CB1 {'rot': 0.00481}
  t=   2.37  cb_yield           L19-CB3 {'rot': 0.00504}
  t=   2.37  cb_yield           L20-CB1 {'rot': 0.00476}
  t=   2.37  cb_yield           L20-CB3 {'rot': 0.005}
  t=   2.37  cb_yield           L21-CB1 {'rot': 0.00469}
  t=   2.37  cb_yield           L21-CB3 {'rot': 0.00494}
  t=   2.37  cb_yield           L22-CB1 {'rot': 0.00458}
  t=   2.37  cb_yield           L22-CB3 {'rot': 0.00484}
  t=   2.37  cb_yield           L23-CB3 {'rot': 0.00471}
  t=   2.37  cb_yield           L24-CB3 {'rot': 0.00455}
  t=   2.50  cb_yield           L23-CB1 {'rot': 0.00552}
  t=   2.50  cb_yield           L24-CB1 {'rot': 0.00532}
  t=   2.50  cb_yield           L25-CB1 {'rot': 0.00508}
  t=   2.50  cb_yield           L25-CB3 {'rot': 0.00532}
  t=   2.50  cb_yield           L26-CB1 {'rot': 0.0048}
  t=   2.50  cb_yield           L26-CB3 {'rot': 0.00504}
  t=   2.50  cb_yield           L27-CB3 {'rot': 0.00473}
  t=   2.62  cb_yield           L27-CB1 {'rot': 0.00469}
  t=   3.62  cb_yield           L14-CB0 {'rot': 0.00426}
  t=   3.62  cb_yield           L15-CB0 {'rot': 0.00439}
  t=   3.62  cb_yield           L16-CB0 {'rot': 0.00449}
  t=   3.62  cb_yield           L17-CB0 {'rot': 0.00457}
  t=   3.62  cb_yield           L18-CB0 {'rot': 0.00459}
  t=   3.62  cb_yield           L19-CB0 {'rot': 0.00457}
  t=   3.75  cb_yield           L8-CB0 {'rot': 0.00413}
  t=   3.75  cb_yield           L9-CB0 {'rot': 0.00427}
  t=   3.75  cb_yield           L10-CB0 {'rot': 0.00439}
  t=   3.75  cb_yield           L11-CB0 {'rot': 0.00448}
  t=   3.75  cb_yield           L12-CB0 {'rot': 0.00456}
  t=   3.75  cb_yield           L13-CB0 {'rot': 0.00461}
  t=   3.87  cb_yield           L4-CB0 {'rot': 0.00449}
  t=   3.87  cb_yield           L4-CB1 {'rot': 0.00433}
  t=   3.87  cb_yield           L5-CB0 {'rot': 0.00488}
  t=   3.87  cb_yield           L5-CB1 {'rot': 0.0047}
  t=   3.87  cb_yield           L6-CB0 {'rot': 0.00514}
  t=   3.87  cb_yield           L6-CB2 {'rot': 0.0042}
  t=   3.87  cb_yield           L7-CB0 {'rot': 0.00529}
  t=   3.87  cb_yield           L7-CB2 {'rot': 0.00426}
  t=   3.87  cb_yield           L8-CB2 {'rot': 0.00424}
  t=   3.87  cb_yield           L9-CB2 {'rot': 0.00417}
  t=   4.00  cb_yield           L2-CB0 {'rot': 0.00413}
  t=   4.00  cb_yield           L3-CB0 {'rot': 0.00502}
  t=   4.00  cb_yield           L3-CB1 {'rot': 0.00482}
  t=   4.00  cb_yield           L3-CB2 {'rot': 0.00429}
  t=   4.00  cb_yield           L4-CB2 {'rot': 0.00478}
  t=   4.00  cb_yield           L4-CB3 {'rot': 0.00456}
  t=   4.00  cb_yield           L5-CB2 {'rot': 0.00506}
  t=   4.00  cb_yield           L5-CB3 {'rot': 0.00481}
  t=   4.00  cb_yield           L10-CB2 {'rot': 0.00442}
  t=   4.12  cb_yield           L2-CB1 {'rot': 0.00447}
  t=   4.12  cb_yield           L3-CB3 {'rot': 0.00457}
  t=   8.25  cb_yield           L11-CB2 {'rot': 0.00528}
  t=   8.25  cb_yield           L12-CB2 {'rot': 0.00511}
  t=   8.25  cb_yield           L13-CB2 {'rot': 0.0049}
  t=   8.25  cb_yield           L14-CB2 {'rot': 0.00466}
  t=   8.25  cb_yield           L15-CB2 {'rot': 0.0044}
  t=   8.25  cb_yield           L16-CB2 {'rot': 0.00414}
  t=   8.38  cb_yield           L2-CB2 {'rot': 0.00471}
  t=   8.38  cb_yield           L2-CB3 {'rot': 0.00502}
  t=   8.38  cb_yield           L17-CB2 {'rot': 0.00462}
  t=   8.50  cb_yield           L18-CB2 {'rot': 0.0053}
  t=   8.50  cb_yield           L19-CB2 {'rot': 0.00484}
  t=   8.63  cb_yield           L20-CB2 {'rot': 0.00569}
  t=   8.63  cb_yield           L21-CB2 {'rot': 0.00522}
  t=   8.63  cb_yield           L22-CB2 {'rot': 0.00477}
  t=   8.63  cb_yield           L28-CB3 {'rot': 0.00468}
  t=   8.75  cb_yield           L23-CB2 {'rot': 0.00584}
  t=   8.75  cb_yield           L24-CB2 {'rot': 0.00537}
  t=   8.75  cb_yield           L25-CB2 {'rot': 0.00493}
  t=   8.75  cb_yield           L29-CB3 {'rot': 0.00555}
  t=   8.75  cb_yield           L30-CB3 {'rot': 0.0053}
  t=   8.75  cb_yield           L31-CB3 {'rot': 0.00511}
  t=   8.75  cb_yield           L32-CB3 {'rot': 0.00497}
  t=   8.75  cb_yield           L33-CB3 {'rot': 0.0049}
  t=   8.88  cb_yield           L26-CB2 {'rot': 0.00552}
  t=   8.88  cb_yield           L27-CB2 {'rot': 0.00505}
  t=   8.88  cb_yield           L28-CB2 {'rot': 0.00462}
  t=   9.00  cb_yield           L29-CB2 {'rot': 0.00484}
  t=   9.13  cb_yield           L20-CB0 {'rot': 0.00476}
  t=   9.13  cb_yield           L21-CB0 {'rot': 0.00486}
  t=   9.13  cb_yield           L22-CB0 {'rot': 0.00488}
  t=   9.13  cb_yield           L23-CB0 {'rot': 0.00481}
  t=   9.13  cb_yield           L24-CB0 {'rot': 0.00465}
  t=   9.13  cb_yield           L28-CB1 {'rot': 0.00604}
  t=   9.13  cb_yield           L29-CB1 {'rot': 0.00552}
  t=   9.13  cb_yield           L30-CB1 {'rot': 0.00497}
  t=   9.25  cb_yield           L25-CB0 {'rot': 0.0052}
  t=   9.25  cb_yield           L26-CB0 {'rot': 0.00508}
  t=   9.25  cb_yield           L27-CB0 {'rot': 0.00487}
  t=   9.25  cb_yield           L28-CB0 {'rot': 0.00459}
  t=   9.25  cb_yield           L31-CB1 {'rot': 0.0062}
  t=   9.25  cb_yield           L32-CB1 {'rot': 0.0058}
  t=   9.25  cb_yield           L33-CB1 {'rot': 0.00559}
  t=   9.88  cb_yield           L1-CB0 {'rot': 0.00489}
  t=   9.88  cb_yield           L1-CB1 {'rot': 0.00433}
  progress t=  10.0s  max corner drift so far=0.0033  wall clock=104s
  t=  10.38  cb_yield           L1-CB2 {'rot': 0.00432}
  t=  10.38  cb_yield           L29-CB0 {'rot': 0.00684}
  t=  10.38  cb_yield           L30-CB0 {'rot': 0.00642}
  t=  10.38  cb_yield           L31-CB0 {'rot': 0.00601}
  t=  10.38  cb_yield           L32-CB0 {'rot': 0.00568}
  t=  10.38  cb_yield           L33-CB0 {'rot': 0.00552}
  t=  10.50  cb_yield           L1-CB3 {'rot': 0.00546}
  t=  11.25  cb_failure         L8-CB1 {'rot': 0.01811}
  t=  11.25  cb_failure         L9-CB1 {'rot': 0.01886}
  t=  11.25  cb_failure         L10-CB0 {'rot': 0.01848}
  t=  11.25  cb_failure         L10-CB1 {'rot': 0.01952}
  t=  11.25  cb_failure         L11-CB0 {'rot': 0.01898}
  t=  11.25  cb_failure         L11-CB1 {'rot': 0.02011}
  t=  11.25  cb_failure         L12-CB0 {'rot': 0.01947}
  t=  11.25  cb_failure         L12-CB1 {'rot': 0.02065}
  t=  11.25  cb_failure         L13-CB0 {'rot': 0.01987}
  t=  11.25  cb_failure         L13-CB1 {'rot': 0.02111}
  t=  11.25  cb_failure         L14-CB0 {'rot': 0.02012}
  t=  11.25  cb_failure         L14-CB1 {'rot': 0.02142}
  t=  11.25  cb_failure         L15-CB0 {'rot': 0.02026}
  t=  11.25  cb_failure         L15-CB1 {'rot': 0.0216}
  t=  11.25  cb_failure         L16-CB0 {'rot': 0.02026}
  t=  11.25  cb_failure         L16-CB1 {'rot': 0.02164}
  t=  11.25  cb_failure         L17-CB0 {'rot': 0.02009}
  t=  11.25  cb_failure         L17-CB1 {'rot': 0.02151}
  t=  11.25  cb_failure         L18-CB0 {'rot': 0.01977}
  t=  11.25  cb_failure         L18-CB1 {'rot': 0.02121}
  t=  11.25  cb_failure         L19-CB0 {'rot': 0.01929}
  t=  11.25  cb_failure         L19-CB1 {'rot': 0.02074}
  t=  11.25  cb_failure         L20-CB0 {'rot': 0.01868}
  t=  11.25  cb_failure         L20-CB1 {'rot': 0.02011}
  t=  11.25  cb_failure         L21-CB1 {'rot': 0.01929}
  t=  11.38  cb_failure         L9-CB0 {'rot': 0.01909}
  t=  11.38  cb_failure         L21-CB0 {'rot': 0.0217}
  t=  11.38  cb_failure         L22-CB0 {'rot': 0.02044}
  t=  11.38  cb_failure         L22-CB1 {'rot': 0.02159}
  t=  11.38  cb_failure         L23-CB0 {'rot': 0.01882}
  t=  11.38  cb_failure         L23-CB1 {'rot': 0.02006}
  t=  11.50  cb_failure         L16-CB3 {'rot': 0.01814}
  t=  11.50  cb_failure         L24-CB1 {'rot': 0.01894}
  t=  11.63  cb_failure         L24-CB0 {'rot': 0.01981}
  t=  11.75  cb_failure         L25-CB0 {'rot': 0.01887}
  t=  11.75  cb_failure         L25-CB1 {'rot': 0.01895}
  t=  12.00  cb_yield           L30-CB2 {'rot': 0.00476}
  t=  12.88  cb_yield           L31-CB2 {'rot': 0.00491}
  t=  13.50  cb_yield           L32-CB2 {'rot': 0.00474}
  t=  13.50  cb_yield           L33-CB2 {'rot': 0.00456}
  t=  14.25  cb_failure         L13-CB3 {'rot': 0.01852}
  t=  14.25  cb_failure         L14-CB3 {'rot': 0.01912}
  t=  14.25  cb_failure         L15-CB3 {'rot': 0.01968}
  t=  14.25  cb_failure         L17-CB3 {'rot': 0.02071}
  t=  14.25  cb_failure         L18-CB3 {'rot': 0.02115}
  t=  14.25  cb_failure         L19-CB3 {'rot': 0.02149}
  t=  14.25  cb_failure         L20-CB3 {'rot': 0.02174}
  t=  14.25  cb_failure         L21-CB3 {'rot': 0.02187}
  t=  14.25  cb_failure         L22-CB3 {'rot': 0.02185}
  t=  14.25  cb_failure         L23-CB3 {'rot': 0.0217}
  t=  14.25  cb_failure         L24-CB3 {'rot': 0.02141}
  t=  14.25  cb_failure         L25-CB3 {'rot': 0.02099}
  t=  14.25  cb_failure         L26-CB3 {'rot': 0.02045}
  t=  14.25  cb_failure         L27-CB3 {'rot': 0.01982}
  t=  14.25  cb_failure         L28-CB3 {'rot': 0.01919}
  t=  14.38  cb_failure         L10-CB3 {'rot': 0.01921}
  t=  14.38  cb_failure         L11-CB3 {'rot': 0.02039}
  t=  14.38  cb_failure         L12-CB3 {'rot': 0.0215}
  t=  14.38  cb_failure         L29-CB3 {'rot': 0.01923}
  t=  14.38  cb_failure         L30-CB3 {'rot': 0.01856}
  t=  14.50  cb_failure         L9-CB3 {'rot': 0.0193}
  t=  14.50  cb_failure         L13-CB2 {'rot': 0.01812}
  t=  14.50  cb_failure         L14-CB2 {'rot': 0.01859}
  t=  14.50  cb_failure         L15-CB2 {'rot': 0.01885}
  t=  14.50  cb_failure         L16-CB2 {'rot': 0.01894}
  t=  14.50  cb_failure         L17-CB2 {'rot': 0.01883}
  t=  14.50  cb_failure         L18-CB2 {'rot': 0.01855}
  t=  14.63  cb_failure         L7-CB3 {'rot': 0.01876}
  t=  14.63  cb_failure         L8-CB3 {'rot': 0.01988}
  t=  14.75  cb_failure         L5-CB3 {'rot': 0.01842}
  t=  14.75  cb_failure         L6-CB1 {'rot': 0.01891}
  t=  14.75  cb_failure         L6-CB3 {'rot': 0.02004}
  t=  14.75  cb_failure         L7-CB1 {'rot': 0.02014}
  t=  14.88  cb_failure         L5-CB1 {'rot': 0.0182}
  t=  14.88  cb_failure         L10-CB2 {'rot': 0.01821}
  t=  14.88  cb_failure         L11-CB2 {'rot': 0.01818}
  t=  17.00  cb_failure         L7-CB0 {'rot': 0.01846}
  t=  17.00  cb_failure         L8-CB0 {'rot': 0.01889}
  t=  17.13  cb_failure         L5-CB0 {'rot': 0.01952}
  t=  17.13  cb_failure         L6-CB0 {'rot': 0.02084}
  t=  17.13  cb_failure         L8-CB2 {'rot': 0.01843}
  t=  17.13  cb_failure         L9-CB2 {'rot': 0.01902}
  t=  17.13  cb_failure         L12-CB2 {'rot': 0.01994}
  t=  17.25  cb_failure         L4-CB0 {'rot': 0.02041}
  t=  17.25  cb_failure         L4-CB1 {'rot': 0.02029}
  t=  17.25  cb_failure         L6-CB2 {'rot': 0.01895}
  t=  17.25  cb_failure         L7-CB2 {'rot': 0.01991}
  t=  17.25  cb_failure         L19-CB2 {'rot': 0.01968}
  t=  17.25  cb_failure         L20-CB2 {'rot': 0.01889}
  t=  17.38  cb_failure         L3-CB0 {'rot': 0.01827}
  t=  17.38  cb_failure         L3-CB1 {'rot': 0.01828}
  t=  17.38  cb_failure         L5-CB2 {'rot': 0.01905}
  t=  17.38  cb_failure         L21-CB2 {'rot': 0.01875}
  t=  17.88  cb_failure         L26-CB0 {'rot': 0.01882}
  t=  17.88  cb_failure         L26-CB1 {'rot': 0.01868}
  t=  19.62  cb_failure         L4-CB3 {'rot': 0.01854}
  t=  19.75  cb_failure         L3-CB3 {'rot': 0.01821}
  t=  20.00  cb_failure         L2-CB1 {'rot': 0.01814}
  t=  20.00  cb_failure         L2-CB3 {'rot': 0.02037}
  t=  20.00  cb_failure         L4-CB2 {'rot': 0.01896}
  t=  20.00  cb_failure         L27-CB1 {'rot': 0.02015}
  t=  20.00  cb_failure         L28-CB1 {'rot': 0.01919}
  progress t=  20.0s  max corner drift so far=0.0101  wall clock=225s
  t=  20.12  cb_failure         L2-CB0 {'rot': 0.01841}
  t=  20.12  cb_failure         L3-CB2 {'rot': 0.01877}
  t=  20.12  cb_failure         L29-CB1 {'rot': 0.02741}
  t=  20.12  cb_failure         L30-CB1 {'rot': 0.02676}
  t=  20.12  cb_failure         L31-CB1 {'rot': 0.02612}
  t=  20.12  cb_failure         L31-CB3 {'rot': 0.02522}
  t=  20.12  cb_failure         L32-CB1 {'rot': 0.02563}
  t=  20.12  cb_failure         L32-CB3 {'rot': 0.02485}
  t=  20.12  cb_failure         L33-CB1 {'rot': 0.02547}
  t=  20.12  cb_failure         L33-CB3 {'rot': 0.02472}
  t=  20.25  cb_failure         L1-CB0 {'rot': 0.01813}
  t=  20.25  cb_failure         L1-CB1 {'rot': 0.02266}
  t=  20.25  cb_failure         L1-CB3 {'rot': 0.02042}
  t=  20.37  cb_failure         L27-CB0 {'rot': 0.0194}
  t=  20.42  wall_axial_failure S1-F {'gamma': 0.0013, 'eps': -0.00672, 'cause': 'crushing'}
  t=  20.50  cb_failure         L22-CB2 {'rot': 0.01917}
  t=  20.50  cb_failure         L28-CB0 {'rot': 0.02083}
  t=  20.50  cb_failure         L29-CB0 {'rot': 0.01962}
  t= 20.500  solver fallback: NewtonLineSearch
  t= 20.525  solver fallback: 16 sub-steps
  t=  20.63  cb_failure         L30-CB0 {'rot': 0.01974}
  t=  20.63  cb_failure         L31-CB0 {'rot': 0.01889}
  t= 20.681  solver fallback: NewtonLineSearch
  t=  20.76  cb_failure         L23-CB2 {'rot': 0.02165}
  t=  20.76  cb_failure         L24-CB2 {'rot': 0.01976}
  t=  20.76  cb_failure         L32-CB0 {'rot': 0.02234}
  t=  20.76  cb_failure         L33-CB0 {'rot': 0.02217}
  t= 20.756  solver fallback: ModifiedNewton
  t= 20.806  solver fallback: Newton
  t= 20.831  solver fallback: Newton
  t=  21.01  cb_failure         L25-CB2 {'rot': 0.0208}
  t=  21.01  cb_failure         L26-CB2 {'rot': 0.0196}
