  t=   1.87  cb_yield           L4-CB1 {'rot': 0.00437}
  t=   1.87  cb_yield           L4-CB2 {'rot': 0.00418}
  t=   1.87  cb_yield           L4-CB3 {'rot': 0.00446}
  t=   1.87  cb_yield           L5-CB0 {'rot': 0.00428}
  t=   1.87  cb_yield           L5-CB1 {'rot': 0.00461}
  t=   1.87  cb_yield           L5-CB2 {'rot': 0.00438}
  t=   1.87  cb_yield           L5-CB3 {'rot': 0.00472}
  t=   1.87  cb_yield           L6-CB0 {'rot': 0.00432}
  t=   1.87  cb_yield           L6-CB1 {'rot': 0.0047}
  t=   1.87  cb_yield           L6-CB2 {'rot': 0.00442}
  t=   1.87  cb_yield           L6-CB3 {'rot': 0.00482}
  t=   1.87  cb_yield           L7-CB0 {'rot': 0.00423}
  t=   1.87  cb_yield           L7-CB1 {'rot': 0.00466}
  t=   1.87  cb_yield           L7-CB2 {'rot': 0.00434}
  t=   1.87  cb_yield           L7-CB3 {'rot': 0.00478}
  t=   1.87  cb_yield           L8-CB1 {'rot': 0.00453}
  t=   1.87  cb_yield           L8-CB2 {'rot': 0.00417}
  t=   1.87  cb_yield           L8-CB3 {'rot': 0.00465}
  t=   1.87  cb_yield           L9-CB1 {'rot': 0.00433}
  t=   1.87  cb_yield           L9-CB3 {'rot': 0.00445}
  t=   1.87  cb_yield           L10-CB3 {'rot': 0.0042}
  t=   2.00  cb_yield           L3-CB1 {'rot': 0.00431}
  t=   2.00  cb_yield           L3-CB3 {'rot': 0.00436}
  t=   2.00  cb_yield           L4-CB0 {'rot': 0.00458}
  t=   2.00  cb_yield           L8-CB0 {'rot': 0.00512}
  t=   2.00  cb_yield           L9-CB0 {'rot': 0.00495}
  t=   2.00  cb_yield           L9-CB2 {'rot': 0.00505}
  t=   2.00  cb_yield           L10-CB0 {'rot': 0.00471}
  t=   2.00  cb_yield           L10-CB1 {'rot': 0.00539}
  t=   2.00  cb_yield           L10-CB2 {'rot': 0.00481}
  t=   2.00  cb_yield           L11-CB0 {'rot': 0.00442}
  t=   2.00  cb_yield           L11-CB1 {'rot': 0.00515}
  t=   2.00  cb_yield           L11-CB2 {'rot': 0.00453}
  t=   2.00  cb_yield           L11-CB3 {'rot': 0.00527}
  t=   2.00  cb_yield           L12-CB1 {'rot': 0.00487}
  t=   2.00  cb_yield           L12-CB2 {'rot': 0.00422}
  t=   2.00  cb_yield           L12-CB3 {'rot': 0.005}
  t=   2.00  cb_yield           L13-CB1 {'rot': 0.00457}
  t=   2.00  cb_yield           L13-CB3 {'rot': 0.0047}
  t=   2.00  cb_yield           L14-CB1 {'rot': 0.00426}
  t=   2.00  cb_yield           L14-CB3 {'rot': 0.00438}
  t=   2.12  cb_yield           L12-CB0 {'rot': 0.00508}
  t=   2.12  cb_yield           L13-CB0 {'rot': 0.00481}
  t=   2.12  cb_yield           L13-CB2 {'rot': 0.00495}
  t=   2.12  cb_yield           L14-CB0 {'rot': 0.0045}
  t=   2.12  cb_yield           L14-CB2 {'rot': 0.00465}
  t=   2.12  cb_yield           L15-CB0 {'rot': 0.00418}
  t=   2.12  cb_yield           L15-CB1 {'rot': 0.00521}
  t=   2.12  cb_yield           L15-CB2 {'rot': 0.00433}
  t=   2.12  cb_yield           L15-CB3 {'rot': 0.00538}
  t=   2.12  cb_yield           L16-CB1 {'rot': 0.0049}
  t=   2.12  cb_yield           L16-CB3 {'rot': 0.00508}
  t=   2.12  cb_yield           L17-CB3 {'rot': 0.00471}
  t=   2.25  cb_yield           L16-CB0 {'rot': 0.00461}
  t=   2.25  cb_yield           L16-CB2 {'rot': 0.00481}
  t=   2.25  cb_yield           L17-CB1 {'rot': 0.00548}
  t=   2.25  cb_yield           L18-CB1 {'rot': 0.00514}
  t=   2.25  cb_yield           L18-CB3 {'rot': 0.00539}
  t=   2.25  cb_yield           L19-CB1 {'rot': 0.00481}
  t=   2.25  cb_yield           L19-CB3 {'rot': 0.00507}
  t=   2.25  cb_yield           L20-CB3 {'rot': 0.00476}
  t=   2.37  cb_yield           L17-CB0 {'rot': 0.00501}
  t=   2.37  cb_yield           L17-CB2 {'rot': 0.00526}
  t=   2.37  cb_yield           L18-CB0 {'rot': 0.00484}
  t=   2.37  cb_yield           L18-CB2 {'rot': 0.00511}
  t=   2.37  cb_yield           L19-CB0 {'rot': 0.00465}
  t=   2.37  cb_yield           L19-CB2 {'rot': 0.00494}
  t=   2.37  cb_yield           L20-CB1 {'rot': 0.00615}
  t=   2.37  cb_yield           L20-CB2 {'rot': 0.00477}
  t=   2.37  cb_yield           L21-CB1 {'rot': 0.00596}
  t=   2.37  cb_yield           L21-CB2 {'rot': 0.00457}
  t=   2.37  cb_yield           L21-CB3 {'rot': 0.0063}
  t=   2.37  cb_yield           L22-CB1 {'rot': 0.00574}
  t=   2.37  cb_yield           L22-CB3 {'rot': 0.0061}
  t=   2.37  cb_yield           L23-CB1 {'rot': 0.0055}
  t=   2.37  cb_yield           L23-CB3 {'rot': 0.00586}
  t=   2.37  cb_yield           L24-CB1 {'rot': 0.00523}
  t=   2.37  cb_yield           L24-CB3 {'rot': 0.00559}
  t=   2.37  cb_yield           L25-CB1 {'rot': 0.00494}
  t=   2.37  cb_yield           L25-CB3 {'rot': 0.0053}
  t=   2.37  cb_yield           L26-CB1 {'rot': 0.00463}
  t=   2.37  cb_yield           L26-CB3 {'rot': 0.00499}
  t=   2.37  cb_yield           L27-CB3 {'rot': 0.00467}
  t=   2.50  cb_yield           L20-CB0 {'rot': 0.00588}
  t=   2.50  cb_yield           L21-CB0 {'rot': 0.00572}
  t=   2.50  cb_yield           L22-CB0 {'rot': 0.00547}
  t=   2.50  cb_yield           L22-CB2 {'rot': 0.0058}
  t=   2.50  cb_yield           L23-CB0 {'rot': 0.00514}
  t=   2.50  cb_yield           L23-CB2 {'rot': 0.00548}
  t=   2.50  cb_yield           L24-CB0 {'rot': 0.00475}
  t=   2.50  cb_yield           L24-CB2 {'rot': 0.00509}
  t=   2.50  cb_yield           L25-CB2 {'rot': 0.00466}
  t=   2.50  cb_yield           L27-CB1 {'rot': 0.0055}
  t=   2.50  cb_yield           L28-CB1 {'rot': 0.00503}
  t=   2.50  cb_yield           L28-CB3 {'rot': 0.00536}
  t=   2.50  cb_yield           L29-CB1 {'rot': 0.00456}
  t=   2.50  cb_yield           L29-CB3 {'rot': 0.00489}
  t=   2.62  cb_yield           L25-CB0 {'rot': 0.00491}
  t=   2.62  cb_yield           L26-CB2 {'rot': 0.00458}
  t=   2.62  cb_yield           L30-CB3 {'rot': 0.00464}
  t=   2.75  cb_yield           L30-CB1 {'rot': 0.00466}
  t=   4.00  cb_yield           L2-CB0 {'rot': 0.00473}
  t=   4.00  cb_yield           L2-CB1 {'rot': 0.00459}
  t=   4.00  cb_yield           L3-CB0 {'rot': 0.00578}
  t=   4.00  cb_yield           L3-CB2 {'rot': 0.00483}
  t=   4.12  cb_yield           L1-CB0 {'rot': 0.00434}
  t=   4.12  cb_yield           L1-CB1 {'rot': 0.00422}
  t=   4.12  cb_yield           L2-CB2 {'rot': 0.00537}
  t=   4.12  cb_yield           L2-CB3 {'rot': 0.00516}
  t=   4.25  cb_yield           L1-CB2 {'rot': 0.00414}
  t=   8.25  cb_yield           L26-CB0 {'rot': 0.00478}
  t=   8.25  cb_yield           L31-CB1 {'rot': 0.00483}
  t=   8.25  cb_yield           L32-CB1 {'rot': 0.00455}
  t=   8.38  cb_yield           L1-CB3 {'rot': 0.0043}
  t=   8.50  cb_yield           L27-CB2 {'rot': 0.00483}
  t=   8.50  cb_yield           L31-CB3 {'rot': 0.00583}
  t=   8.50  cb_yield           L32-CB3 {'rot': 0.00546}
  t=   8.50  cb_yield           L33-CB3 {'rot': 0.00525}
  t=   8.63  cb_yield           L28-CB2 {'rot': 0.00497}
  t=   8.75  cb_failure         L11-CB3 {'rot': 0.01836}
  t=   8.75  cb_failure         L12-CB3 {'rot': 0.01883}
  t=   8.75  cb_failure         L13-CB3 {'rot': 0.01914}
  t=   8.75  cb_failure         L14-CB3 {'rot': 0.01924}
  t=   8.75  cb_failure         L15-CB3 {'rot': 0.01919}
  t=   8.75  cb_failure         L16-CB3 {'rot': 0.01896}
  t=   8.75  cb_yield           L29-CB2 {'rot': 0.00531}
  t=   8.75  cb_yield           L30-CB2 {'rot': 0.00481}
  t=   8.88  cb_failure         L17-CB3 {'rot': 0.01906}
  t=   8.88  cb_yield           L31-CB2 {'rot': 0.0055}
  t=   8.88  cb_yield           L32-CB2 {'rot': 0.00523}
  t=   8.88  cb_yield           L33-CB2 {'rot': 0.00511}
  t=   9.25  cb_yield           L27-CB0 {'rot': 0.00486}
  t=   9.25  cb_yield           L33-CB1 {'rot': 0.0062}
  t=   9.38  cb_yield           L28-CB0 {'rot': 0.00518}
  t=   9.38  cb_yield           L29-CB0 {'rot': 0.00485}
  progress t=  10.0s  max corner drift so far=0.0048  wall clock=99s
  t=  10.38  cb_yield           L30-CB0 {'rot': 0.00768}
  t=  10.38  cb_yield           L31-CB0 {'rot': 0.00737}
  t=  10.38  cb_yield           L32-CB0 {'rot': 0.00712}
  t=  10.38  cb_yield           L33-CB0 {'rot': 0.00697}
  t=  10.50  cb_failure         L19-CB1 {'rot': 0.01866}
  t=  10.50  cb_failure         L20-CB1 {'rot': 0.01936}
  t=  10.50  cb_failure         L21-CB1 {'rot': 0.01987}
  t=  10.50  cb_failure         L22-CB1 {'rot': 0.0202}
  t=  10.50  cb_failure         L23-CB1 {'rot': 0.02037}
  t=  10.50  cb_failure         L24-CB1 {'rot': 0.02043}
  t=  10.50  cb_failure         L25-CB1 {'rot': 0.02038}
  t=  10.50  cb_failure         L26-CB1 {'rot': 0.02026}
  t=  10.50  cb_failure         L27-CB1 {'rot': 0.02008}
  t=  10.50  cb_failure         L28-CB1 {'rot': 0.01988}
  t=  10.50  cb_failure         L29-CB1 {'rot': 0.01963}
  t=  10.50  cb_failure         L30-CB1 {'rot': 0.0193}
  t=  10.50  cb_failure         L31-CB1 {'rot': 0.01895}
  t=  10.50  cb_failure         L32-CB1 {'rot': 0.01867}
  t=  10.50  cb_failure         L33-CB1 {'rot': 0.01855}
  t=  10.63  cb_failure         L4-CB2 {'rot': 0.01875}
  t=  10.63  cb_failure         L5-CB2 {'rot': 0.01928}
  t=  10.63  cb_failure         L6-CB2 {'rot': 0.01892}
  t=  10.75  cb_failure         L3-CB2 {'rot': 0.01998}
  t=  10.75  cb_failure         L4-CB0 {'rot': 0.01892}
  t=  10.75  cb_failure         L4-CB3 {'rot': 0.01889}
  t=  10.75  cb_failure         L5-CB0 {'rot': 0.01909}
  t=  10.75  cb_failure         L5-CB3 {'rot': 0.01921}
  t=  10.75  cb_failure         L6-CB0 {'rot': 0.0183}
  t=  10.75  cb_failure         L6-CB3 {'rot': 0.0186}
  t=  10.75  cb_failure         L7-CB2 {'rot': 0.02158}
  t=  10.75  cb_failure         L8-CB2 {'rot': 0.02024}
  t=  10.75  cb_failure         L9-CB2 {'rot': 0.01855}
  t=  10.88  cb_failure         L2-CB0 {'rot': 0.0184}
  t=  10.88  cb_failure         L2-CB2 {'rot': 0.01873}
  t=  10.88  cb_failure         L3-CB0 {'rot': 0.02154}
  t=  10.88  cb_failure         L3-CB1 {'rot': 0.0194}
  t=  10.88  cb_failure         L3-CB3 {'rot': 0.02029}
  t=  10.88  cb_failure         L4-CB1 {'rot': 0.02091}
  t=  10.88  cb_failure         L5-CB1 {'rot': 0.02115}
  t=  10.88  cb_failure         L6-CB1 {'rot': 0.02033}
  t=  10.88  cb_failure         L7-CB0 {'rot': 0.02216}
  t=  10.88  cb_failure         L7-CB1 {'rot': 0.0188}
  t=  10.88  cb_failure         L7-CB3 {'rot': 0.02152}
  t=  10.88  cb_failure         L8-CB0 {'rot': 0.02044}
  t=  10.88  cb_failure         L8-CB3 {'rot': 0.01993}
  t=  10.88  cb_failure         L10-CB2 {'rot': 0.01945}
  t=  11.00  cb_failure         L2-CB1 {'rot': 0.01821}
  t=  11.00  cb_failure         L2-CB3 {'rot': 0.01844}
  t=  11.00  cb_failure         L8-CB1 {'rot': 0.02219}
  t=  11.00  cb_failure         L9-CB0 {'rot': 0.0221}
  t=  11.00  cb_failure         L9-CB1 {'rot': 0.0202}
  t=  11.00  cb_failure         L9-CB3 {'rot': 0.02159}
  t=  11.00  cb_failure         L10-CB0 {'rot': 0.01975}
  t=  11.00  cb_failure         L10-CB3 {'rot': 0.01958}
  t=  11.00  cb_failure         L11-CB2 {'rot': 0.0197}
  t=  11.13  cb_failure         L10-CB1 {'rot': 0.02406}
  t=  11.13  cb_failure         L11-CB0 {'rot': 0.02272}
  t=  11.13  cb_failure         L11-CB1 {'rot': 0.02239}
  t=  11.13  cb_failure         L12-CB0 {'rot': 0.02086}
  t=  11.13  cb_failure         L12-CB1 {'rot': 0.02048}
  t=  11.13  cb_failure         L12-CB2 {'rot': 0.02083}
  t=  11.13  cb_failure         L13-CB0 {'rot': 0.01873}
  t=  11.13  cb_failure         L13-CB1 {'rot': 0.01831}
  t=  11.13  cb_failure         L13-CB2 {'rot': 0.01873}
  t=  11.25  cb_failure         L14-CB0 {'rot': 0.02484}
  t=  11.25  cb_failure         L14-CB1 {'rot': 0.02441}
  t=  11.25  cb_failure         L14-CB2 {'rot': 0.02172}
  t=  11.25  cb_failure         L15-CB0 {'rot': 0.02329}
  t=  11.25  cb_failure         L15-CB1 {'rot': 0.02287}
  t=  11.25  cb_failure         L15-CB2 {'rot': 0.02003}
  t=  11.25  cb_failure         L16-CB0 {'rot': 0.02177}
  t=  11.25  cb_failure         L16-CB1 {'rot': 0.02127}
  t=  11.25  cb_failure         L16-CB2 {'rot': 0.0184}
  t=  11.25  cb_failure         L17-CB0 {'rot': 0.01972}
  t=  11.25  cb_failure         L17-CB1 {'rot': 0.01929}
  t=  11.38  cb_failure         L17-CB2 {'rot': 0.02402}
  t=  11.38  cb_failure         L18-CB0 {'rot': 0.0288}
  t=  11.38  cb_failure         L18-CB1 {'rot': 0.02942}
  t=  11.38  cb_failure         L18-CB2 {'rot': 0.02281}
  t=  11.38  cb_failure         L18-CB3 {'rot': 0.0238}
  t=  11.38  cb_failure         L19-CB0 {'rot': 0.02732}
  t=  11.38  cb_failure         L19-CB2 {'rot': 0.02137}
  t=  11.38  cb_failure         L19-CB3 {'rot': 0.0224}
  t=  11.38  cb_failure         L20-CB0 {'rot': 0.02576}
  t=  11.38  cb_failure         L20-CB2 {'rot': 0.01988}
  t=  11.38  cb_failure         L20-CB3 {'rot': 0.02087}
  t=  11.38  cb_failure         L21-CB0 {'rot': 0.02398}
  t=  11.38  cb_failure         L21-CB3 {'rot': 0.01918}
  t=  11.38  cb_failure         L22-CB0 {'rot': 0.02199}
  t=  11.38  cb_failure         L23-CB0 {'rot': 0.01994}
  t=  11.50  cb_failure         L21-CB2 {'rot': 0.02478}
  t=  11.50  cb_failure         L22-CB2 {'rot': 0.02247}
  t=  11.50  cb_failure         L22-CB3 {'rot': 0.0239}
  t=  11.50  cb_failure         L23-CB2 {'rot': 0.01973}
  t=  11.50  cb_failure         L23-CB3 {'rot': 0.02101}
  t=  11.50  cb_failure         L24-CB0 {'rot': 0.02273}
  t=  11.50  cb_failure         L25-CB0 {'rot': 0.01879}
  t=  11.63  cb_failure         L24-CB3 {'rot': 0.0186}
  t=  11.75  cb_failure         L24-CB2 {'rot': 0.01924}
  t=  11.75  cb_failure         L26-CB0 {'rot': 0.02255}
  t=  11.75  cb_failure         L27-CB0 {'rot': 0.01954}
  t=  11.88  cb_failure         L25-CB2 {'rot': 0.02014}
  t=  11.88  cb_failure         L25-CB3 {'rot': 0.02017}
  t=  11.88  cb_failure         L28-CB0 {'rot': 0.02192}
  t=  11.88  cb_failure         L29-CB0 {'rot': 0.0194}
  t=  12.00  cb_failure         L26-CB2 {'rot': 0.02083}
  t=  12.00  cb_failure         L26-CB3 {'rot': 0.02019}
  t=  12.00  cb_failure         L27-CB2 {'rot': 0.01862}
  t=  12.00  cb_failure         L30-CB0 {'rot': 0.02016}
  t=  12.13  cb_failure         L27-CB3 {'rot': 0.01888}
  t=  12.13  cb_failure         L28-CB2 {'rot': 0.01938}
  t=  12.13  cb_failure         L31-CB0 {'rot': 0.02133}
  t=  12.13  cb_failure         L32-CB0 {'rot': 0.02025}
  t=  12.13  cb_failure         L33-CB0 {'rot': 0.01994}
  t=  12.75  cb_failure         L28-CB3 {'rot': 0.02357}
  t=  12.75  cb_failure         L29-CB3 {'rot': 0.02368}
  t=  12.75  cb_failure         L30-CB3 {'rot': 0.02344}
  t=  12.75  cb_failure         L31-CB3 {'rot': 0.02302}
  t=  12.75  cb_failure         L32-CB3 {'rot': 0.02262}
  t=  12.75  cb_failure         L33-CB3 {'rot': 0.02244}
  t=  12.88  cb_failure         L29-CB2 {'rot': 0.02013}
  t=  12.88  cb_failure         L30-CB2 {'rot': 0.01972}
  t=  12.88  cb_failure         L31-CB2 {'rot': 0.01917}
  t=  12.88  cb_failure         L32-CB2 {'rot': 0.0187}
  t=  12.88  cb_failure         L33-CB2 {'rot': 0.01855}
  t=  18.38  cb_failure         L1-CB1 {'rot': 0.01887}
  progress t=  20.0s  max corner drift so far=0.0197  wall clock=221s
  t=  21.62  cb_failure         L1-CB0 {'rot': 0.01859}
  progress t=  30.0s  max corner drift so far=0.0197  wall clock=347s
  progress t=  40.0s  max corner drift so far=0.0197  wall clock=487s
  t=  49.00  cb_failure         L1-CB3 {'rot': 0.01927}
  progress t=  50.0s  max corner drift so far=0.0197  wall clock=621s
  t=  51.00  cb_failure         L1-CB2 {'rot': 0.01821}
  progress t=  60.0s  max corner drift so far=0.0197  wall clock=772s
  progress t=  70.0s  max corner drift so far=0.0197  wall clock=904s
  progress t=  80.0s  max corner drift so far=0.0197  wall clock=1010s
  progress t=  90.0s  max corner drift so far=0.0197  wall clock=1110s
  progress t= 100.0s  max corner drift so far=0.0197  wall clock=1208s
