  t=   4.12  cb_yield           L4-CB0 {'rot': 0.0067}
  t=   4.12  cb_yield           L4-CB1 {'rot': 0.00653}
  t=   4.12  cb_yield           L5-CB0 {'rot': 0.00707}
  t=   4.12  cb_yield           L5-CB1 {'rot': 0.00688}
  t=   4.12  cb_yield           L6-CB0 {'rot': 0.00721}
  t=   4.12  cb_yield           L6-CB1 {'rot': 0.00701}
  t=   4.12  cb_yield           L7-CB0 {'rot': 0.00717}
  t=   4.12  cb_yield           L7-CB1 {'rot': 0.00695}
  t=   4.12  cb_yield           L8-CB0 {'rot': 0.00698}
  t=   4.12  cb_yield           L8-CB1 {'rot': 0.00675}
  t=   4.12  cb_yield           L9-CB0 {'rot': 0.0067}
  t=   4.12  cb_yield           L9-CB1 {'rot': 0.00644}
  t=   4.12  cb_yield           L10-CB0 {'rot': 0.00634}
  t=   4.25  cb_yield           L3-CB0 {'rot': 0.00655}
  t=   4.25  cb_yield           L3-CB1 {'rot': 0.00635}
  t=   4.25  cb_yield           L4-CB2 {'rot': 0.00614}
  t=   4.25  cb_yield           L5-CB2 {'rot': 0.00634}
  t=   4.25  cb_yield           L5-CB3 {'rot': 0.00614}
  t=   4.25  cb_yield           L6-CB2 {'rot': 0.00629}
  t=   4.25  cb_yield           L10-CB1 {'rot': 0.00621}
  t=   8.50  cb_yield           L6-CB3 {'rot': 0.00648}
  t=   8.50  cb_yield           L7-CB2 {'rot': 0.00613}
  t=   8.50  cb_yield           L7-CB3 {'rot': 0.00688}
  t=   8.50  cb_yield           L8-CB2 {'rot': 0.00635}
  t=   8.50  cb_yield           L8-CB3 {'rot': 0.00718}
  t=   8.50  cb_yield           L9-CB2 {'rot': 0.00647}
  t=   8.50  cb_yield           L9-CB3 {'rot': 0.0074}
  t=   8.50  cb_yield           L10-CB2 {'rot': 0.00652}
  t=   8.50  cb_yield           L10-CB3 {'rot': 0.00753}
  t=   8.50  cb_yield           L11-CB2 {'rot': 0.00652}
  t=   8.50  cb_yield           L11-CB3 {'rot': 0.00761}
  t=   8.50  cb_yield           L12-CB2 {'rot': 0.00648}
  t=   8.50  cb_yield           L12-CB3 {'rot': 0.00764}
  t=   8.50  cb_yield           L13-CB2 {'rot': 0.0064}
  t=   8.50  cb_yield           L13-CB3 {'rot': 0.00762}
  t=   8.50  cb_yield           L14-CB2 {'rot': 0.00629}
  t=   8.50  cb_yield           L14-CB3 {'rot': 0.00756}
  t=   8.50  cb_yield           L15-CB2 {'rot': 0.00616}
  t=   8.50  cb_yield           L15-CB3 {'rot': 0.00748}
  t=   8.50  cb_yield           L16-CB3 {'rot': 0.00739}
  t=   8.50  cb_yield           L17-CB3 {'rot': 0.00729}
  t=   8.50  cb_yield           L18-CB3 {'rot': 0.00719}
  t=   8.50  cb_yield           L19-CB3 {'rot': 0.00708}
  t=   8.50  cb_yield           L20-CB3 {'rot': 0.00698}
  t=   8.50  cb_yield           L21-CB3 {'rot': 0.00687}
  t=   8.50  cb_yield           L22-CB3 {'rot': 0.00675}
  t=   8.63  cb_yield           L16-CB2 {'rot': 0.00782}
  t=   8.63  cb_yield           L17-CB2 {'rot': 0.00764}
  t=   8.63  cb_yield           L18-CB2 {'rot': 0.0074}
  t=   8.63  cb_yield           L19-CB2 {'rot': 0.00711}
  t=   8.63  cb_yield           L20-CB2 {'rot': 0.0068}
  t=   8.63  cb_yield           L23-CB3 {'rot': 0.00743}
  t=   8.63  cb_yield           L24-CB3 {'rot': 0.00704}
  t=   8.63  cb_yield           L25-CB3 {'rot': 0.00665}
  t=   8.75  cb_yield           L11-CB1 {'rot': 0.00663}
  t=   8.75  cb_yield           L12-CB1 {'rot': 0.00653}
  t=   8.75  cb_yield           L13-CB1 {'rot': 0.00638}
  t=   8.75  cb_yield           L14-CB1 {'rot': 0.00615}
  t=   8.75  cb_yield           L21-CB2 {'rot': 0.0075}
  t=   8.75  cb_yield           L22-CB2 {'rot': 0.00696}
  t=   9.00  cb_yield           L26-CB3 {'rot': 0.00663}
  progress t=  10.0s  max corner drift so far=0.0034  wall clock=104s
  t=  10.38  cb_yield           L2-CB2 {'rot': 0.00803}
  t=  10.38  cb_yield           L2-CB3 {'rot': 0.00775}
  t=  10.38  cb_yield           L3-CB2 {'rot': 0.00922}
  t=  10.38  cb_yield           L3-CB3 {'rot': 0.00884}
  t=  10.38  cb_yield           L4-CB3 {'rot': 0.00915}
  t=  10.38  cb_yield           L16-CB1 {'rot': 0.0062}
  t=  10.38  cb_yield           L18-CB1 {'rot': 0.00672}
  t=  10.38  cb_yield           L19-CB1 {'rot': 0.00686}
  t=  10.38  cb_yield           L20-CB1 {'rot': 0.00697}
  t=  10.38  cb_yield           L21-CB1 {'rot': 0.00704}
  t=  10.38  cb_yield           L22-CB1 {'rot': 0.00709}
  t=  10.38  cb_yield           L23-CB1 {'rot': 0.00711}
  t=  10.38  cb_yield           L24-CB1 {'rot': 0.0071}
  t=  10.38  cb_yield           L25-CB1 {'rot': 0.00706}
  t=  10.38  cb_yield           L26-CB1 {'rot': 0.007}
  t=  10.38  cb_yield           L27-CB1 {'rot': 0.0069}
  t=  10.38  cb_yield           L28-CB1 {'rot': 0.00678}
  t=  10.38  cb_yield           L29-CB1 {'rot': 0.00662}
  t=  10.50  cb_yield           L1-CB2 {'rot': 0.00656}
  t=  10.50  cb_yield           L1-CB3 {'rot': 0.0063}
  t=  10.50  cb_yield           L19-CB0 {'rot': 0.00669}
  t=  10.50  cb_yield           L20-CB0 {'rot': 0.00735}
  t=  10.50  cb_yield           L21-CB0 {'rot': 0.00785}
  t=  10.50  cb_yield           L22-CB0 {'rot': 0.00819}
  t=  10.50  cb_yield           L23-CB0 {'rot': 0.00836}
  t=  10.50  cb_yield           L24-CB0 {'rot': 0.00838}
  t=  10.50  cb_yield           L25-CB0 {'rot': 0.00827}
  t=  10.50  cb_yield           L26-CB0 {'rot': 0.00803}
  t=  10.50  cb_yield           L27-CB0 {'rot': 0.00771}
  t=  10.50  cb_yield           L28-CB0 {'rot': 0.00734}
  t=  10.50  cb_yield           L29-CB0 {'rot': 0.00692}
  t=  10.50  cb_yield           L30-CB1 {'rot': 0.00832}
  t=  10.50  cb_yield           L31-CB1 {'rot': 0.00788}
  t=  10.50  cb_yield           L32-CB1 {'rot': 0.00752}
  t=  10.50  cb_yield           L33-CB1 {'rot': 0.0073}
  t=  10.63  cb_yield           L2-CB0 {'rot': 0.00729}
  t=  10.63  cb_yield           L2-CB1 {'rot': 0.0072}
  t=  10.75  cb_yield           L1-CB0 {'rot': 0.0071}
  t=  10.75  cb_yield           L1-CB1 {'rot': 0.00696}
  t=  10.88  cb_yield           L11-CB0 {'rot': 0.00771}
  t=  10.88  cb_yield           L12-CB0 {'rot': 0.00655}
  t=  11.00  cb_yield           L13-CB0 {'rot': 0.00884}
  t=  11.00  cb_yield           L14-CB0 {'rot': 0.00786}
  t=  11.00  cb_yield           L15-CB0 {'rot': 0.007}
  t=  11.00  cb_yield           L15-CB1 {'rot': 0.00745}
  t=  11.00  cb_yield           L16-CB0 {'rot': 0.00627}
  t=  11.13  cb_yield           L17-CB0 {'rot': 0.01055}
  t=  11.13  cb_yield           L17-CB1 {'rot': 0.01118}
  t=  11.13  cb_yield           L18-CB0 {'rot': 0.01003}
  t=  11.25  cb_yield           L23-CB2 {'rot': 0.00682}
  t=  12.75  cb_yield           L27-CB3 {'rot': 0.00717}
  t=  12.88  cb_yield           L24-CB2 {'rot': 0.00711}
  t=  12.88  cb_yield           L25-CB2 {'rot': 0.00689}
  t=  12.88  cb_yield           L28-CB3 {'rot': 0.00827}
  t=  12.88  cb_yield           L29-CB3 {'rot': 0.00768}
  t=  12.88  cb_yield           L30-CB3 {'rot': 0.00702}
  t=  14.13  cb_yield           L26-CB2 {'rot': 0.00826}
  t=  14.13  cb_yield           L27-CB2 {'rot': 0.00772}
  t=  14.13  cb_yield           L28-CB2 {'rot': 0.00719}
  t=  14.13  cb_yield           L29-CB2 {'rot': 0.00661}
  t=  14.13  cb_yield           L31-CB3 {'rot': 0.00802}
  t=  14.13  cb_yield           L32-CB3 {'rot': 0.00751}
  t=  14.13  cb_yield           L33-CB3 {'rot': 0.00721}
  progress t=  20.0s  max corner drift so far=0.0086  wall clock=218s
  t=  20.25  cb_failure         L6-CB1 {'rot': 0.03174}
  t=  20.25  cb_failure         L7-CB1 {'rot': 0.03264}
  t=  20.25  cb_failure         L8-CB1 {'rot': 0.03288}
  t=  20.25  cb_failure         L9-CB1 {'rot': 0.03267}
  t=  20.25  cb_failure         L10-CB1 {'rot': 0.03219}
  t=  20.25  cb_failure         L11-CB1 {'rot': 0.03157}
  t=  20.25  cb_failure         L12-CB1 {'rot': 0.03087}
  t=  20.37  cb_failure         L5-CB1 {'rot': 0.03092}
  t=  20.37  cb_failure         L7-CB0 {'rot': 0.03069}
  t=  20.37  cb_failure         L8-CB0 {'rot': 0.03132}
  t=  20.37  cb_failure         L9-CB0 {'rot': 0.03128}
  t=  20.37  cb_failure         L10-CB0 {'rot': 0.03074}
  t=  20.37  cb_failure         L13-CB1 {'rot': 0.03388}
  t=  20.37  cb_failure         L14-CB1 {'rot': 0.03267}
  t=  20.37  cb_failure         L15-CB1 {'rot': 0.0314}
  t=  20.37  cb_failure         L16-CB1 {'rot': 0.03012}
  t=  20.50  cb_failure         L11-CB0 {'rot': 0.03421}
  t=  20.50  cb_failure         L12-CB0 {'rot': 0.03365}
  t=  20.50  cb_failure         L13-CB0 {'rot': 0.03274}
  t=  20.50  cb_failure         L14-CB0 {'rot': 0.0315}
  t=  20.50  cb_failure         L17-CB1 {'rot': 0.03238}
  t=  20.62  cb_failure         L15-CB0 {'rot': 0.03474}
  t=  20.62  cb_failure         L16-CB0 {'rot': 0.03298}
  t=  20.62  cb_failure         L18-CB1 {'rot': 0.03237}
  t=  20.75  cb_failure         L17-CB0 {'rot': 0.03192}
  t=  20.75  cb_failure         L19-CB1 {'rot': 0.03066}
  t=  20.87  cb_yield           L30-CB0 {'rot': 0.00747}
  t=  21.00  cb_failure         L6-CB0 {'rot': 0.0306}
  t=  21.00  cb_failure         L18-CB0 {'rot': 0.03114}
  t=  21.00  cb_yield           L31-CB0 {'rot': 0.01015}
  t=  21.00  cb_yield           L32-CB0 {'rot': 0.00945}
  t=  21.00  cb_yield           L33-CB0 {'rot': 0.00915}
  t=  21.12  cb_failure         L5-CB0 {'rot': 0.032}
  t=  23.37  cb_failure         L20-CB1 {'rot': 0.03063}
  t=  23.50  cb_failure         L21-CB1 {'rot': 0.03172}
  t=  25.75  cb_yield           L30-CB2 {'rot': 0.00799}
  t=  25.75  cb_yield           L31-CB2 {'rot': 0.0071}
  t=  25.87  cb_yield           L32-CB2 {'rot': 0.00743}
  t=  25.87  cb_yield           L33-CB2 {'rot': 0.00715}
  t=  26.00  cb_failure         L6-CB3 {'rot': 0.0303}
  t=  26.00  cb_failure         L7-CB3 {'rot': 0.03114}
  t=  26.00  cb_failure         L8-CB3 {'rot': 0.0312}
  t=  26.00  cb_failure         L9-CB3 {'rot': 0.03061}
  t=  26.12  cb_failure         L5-CB3 {'rot': 0.03225}
  t=  26.12  cb_failure         L6-CB2 {'rot': 0.03178}
  t=  26.12  cb_failure         L7-CB2 {'rot': 0.03284}
  t=  26.12  cb_failure         L8-CB2 {'rot': 0.03304}
  t=  26.12  cb_failure         L9-CB2 {'rot': 0.03257}
  t=  26.12  cb_failure         L10-CB2 {'rot': 0.03169}
  t=  26.12  cb_failure         L10-CB3 {'rot': 0.03473}
  t=  26.12  cb_failure         L11-CB2 {'rot': 0.03048}
  t=  26.12  cb_failure         L11-CB3 {'rot': 0.03359}
  t=  26.12  cb_failure         L12-CB3 {'rot': 0.0322}
  t=  26.12  cb_failure         L13-CB3 {'rot': 0.03045}
  t=  26.25  cb_failure         L4-CB3 {'rot': 0.03014}
  t=  26.25  cb_failure         L5-CB2 {'rot': 0.03119}
  t=  26.25  cb_failure         L12-CB2 {'rot': 0.03206}
  t=  26.25  cb_failure         L13-CB2 {'rot': 0.03046}
  t=  26.25  cb_failure         L14-CB3 {'rot': 0.03211}
  t=  26.37  cb_failure         L15-CB3 {'rot': 0.03092}
  t=  27.37  cb_failure         L4-CB0 {'rot': 0.03298}
  t=  27.50  cb_failure         L4-CB1 {'rot': 0.0305}
  progress t=  30.0s  max corner drift so far=0.0148  wall clock=343s
  t=  38.00  cb_failure         L4-CB2 {'rot': 0.03098}
  t=  38.00  cb_failure         L14-CB2 {'rot': 0.03148}
  t=  38.12  cb_failure         L15-CB2 {'rot': 0.03368}
  t=  38.12  cb_failure         L16-CB2 {'rot': 0.03073}
  t=  38.12  cb_failure         L16-CB3 {'rot': 0.03219}
  t=  38.25  cb_failure         L17-CB3 {'rot': 0.03142}
  t=  38.37  cb_failure         L17-CB2 {'rot': 0.03072}
  progress t=  40.0s  max corner drift so far=0.0148  wall clock=472s
  t=  40.37  cb_failure         L3-CB3 {'rot': 0.03164}
  t=  40.50  cb_failure         L3-CB2 {'rot': 0.03148}
  t=  40.75  cb_failure         L18-CB3 {'rot': 0.03149}
  t=  40.87  cb_failure         L19-CB3 {'rot': 0.03163}
  t=  41.00  cb_failure         L18-CB2 {'rot': 0.03272}
  t=  41.00  cb_failure         L20-CB3 {'rot': 0.03251}
  t=  41.12  cb_failure         L21-CB3 {'rot': 0.03146}
  t=  41.25  cb_failure         L3-CB1 {'rot': 0.03041}
  t=  46.00  cb_failure         L3-CB0 {'rot': 0.03011}
  t=  48.00  cb_failure         L22-CB1 {'rot': 0.03082}
  t=  48.12  cb_failure         L19-CB0 {'rot': 0.03164}
  t=  48.12  cb_failure         L20-CB0 {'rot': 0.03129}
  t=  48.12  cb_failure         L21-CB0 {'rot': 0.03076}
  t=  48.12  cb_failure         L23-CB1 {'rot': 0.03218}
  t=  48.12  cb_failure         L24-CB1 {'rot': 0.0311}
  t=  48.50  cb_failure         L2-CB1 {'rot': 0.03179}
  t=  48.62  cb_failure         L2-CB0 {'rot': 0.03415}
  t=  48.75  cb_failure         L1-CB1 {'rot': 0.03097}
  t=  48.75  cb_failure         L2-CB2 {'rot': 0.03282}
  t=  48.75  cb_failure         L2-CB3 {'rot': 0.03552}
  t=  48.87  cb_failure         L1-CB0 {'rot': 0.03106}
  t=  49.37  cb_failure         L19-CB2 {'rot': 0.03553}
  t=  49.37  cb_failure         L20-CB2 {'rot': 0.03237}
  t=  49.37  cb_failure         L22-CB3 {'rot': 0.03319}
  t=  49.37  cb_failure         L23-CB3 {'rot': 0.03077}
  t=  49.50  cb_failure         L21-CB2 {'rot': 0.03847}
  t=  49.50  cb_failure         L22-CB0 {'rot': 0.03238}
  t=  49.50  cb_failure         L22-CB2 {'rot': 0.03546}
  t=  49.50  cb_failure         L23-CB2 {'rot': 0.03264}
  t=  49.50  cb_failure         L24-CB3 {'rot': 0.03747}
  t=  49.50  cb_failure         L25-CB1 {'rot': 0.03089}
  t=  49.50  cb_failure         L25-CB3 {'rot': 0.03533}
  t=  49.50  cb_failure         L26-CB3 {'rot': 0.03322}
  t=  49.50  cb_failure         L27-CB3 {'rot': 0.03111}
  t=  49.62  cb_failure         L23-CB0 {'rot': 0.03502}
  t=  49.62  cb_failure         L24-CB0 {'rot': 0.03149}
  t=  49.62  cb_failure         L24-CB2 {'rot': 0.03812}
  t=  49.62  cb_failure         L25-CB2 {'rot': 0.03523}
  t=  49.62  cb_failure         L26-CB1 {'rot': 0.03329}
  t=  49.62  cb_failure         L26-CB2 {'rot': 0.03234}
  t=  49.62  cb_failure         L28-CB3 {'rot': 0.03572}
  t=  49.62  cb_failure         L29-CB3 {'rot': 0.03349}
  t=  49.62  cb_failure         L30-CB3 {'rot': 0.03136}
  t=  49.75  cb_failure         L25-CB0 {'rot': 0.03271}
  t=  49.75  cb_failure         L27-CB1 {'rot': 0.03533}
  t=  49.75  cb_failure         L27-CB2 {'rot': 0.03351}
  t=  49.75  cb_failure         L28-CB1 {'rot': 0.03241}
  t=  49.75  cb_failure         L31-CB3 {'rot': 0.03308}
  t=  49.75  cb_failure         L32-CB3 {'rot': 0.03173}
  t=  49.75  cb_failure         L33-CB3 {'rot': 0.03086}
  t=  49.87  cb_failure         L26-CB0 {'rot': 0.03283}
  t=  49.87  cb_failure         L28-CB2 {'rot': 0.03231}
  t=  49.87  cb_failure         L29-CB1 {'rot': 0.03579}
  t=  49.87  cb_failure         L30-CB1 {'rot': 0.03256}
  t=  50.00  cb_failure         L27-CB0 {'rot': 0.03237}
  t=  50.00  cb_failure         L31-CB1 {'rot': 0.0358}
  t=  50.00  cb_failure         L32-CB1 {'rot': 0.03438}
  t=  50.00  cb_failure         L33-CB1 {'rot': 0.0335}
  progress t=  50.0s  max corner drift so far=0.0166  wall clock=605s
  t=  50.12  cb_failure         L28-CB0 {'rot': 0.03071}
  progress t=  60.0s  max corner drift so far=0.0166  wall clock=735s
  progress t=  70.0s  max corner drift so far=0.0166  wall clock=854s
  progress t=  80.0s  max corner drift so far=0.0166  wall clock=957s
  progress t=  90.0s  max corner drift so far=0.0166  wall clock=1060s
  progress t= 100.0s  max corner drift so far=0.0166  wall clock=1159s
