  t=   8.63  cb_yield           L12-CB3 {'rot': 0.0062}
  t=   8.63  cb_yield           L13-CB3 {'rot': 0.00627}
  t=   8.63  cb_yield           L14-CB3 {'rot': 0.00629}
  t=   8.63  cb_yield           L15-CB3 {'rot': 0.00627}
  t=   8.63  cb_yield           L16-CB3 {'rot': 0.00623}
  t=   8.75  cb_yield           L9-CB3 {'rot': 0.00614}
  t=   8.75  cb_yield           L10-CB3 {'rot': 0.00633}
  t=   8.75  cb_yield           L11-CB3 {'rot': 0.00648}
  t=   8.75  cb_yield           L17-CB3 {'rot': 0.00665}
  progress t=  10.0s  max corner drift so far=0.0022  wall clock=97s
  t=  10.38  cb_yield           L4-CB2 {'rot': 0.00612}
  t=  10.50  cb_yield           L3-CB2 {'rot': 0.00675}
  t=  10.50  cb_yield           L3-CB3 {'rot': 0.00653}
  t=  10.50  cb_yield           L4-CB3 {'rot': 0.00706}
  t=  10.50  cb_yield           L5-CB2 {'rot': 0.00753}
  t=  10.50  cb_yield           L5-CB3 {'rot': 0.00723}
  t=  10.50  cb_yield           L6-CB2 {'rot': 0.00747}
  t=  10.50  cb_yield           L6-CB3 {'rot': 0.00714}
  t=  10.50  cb_yield           L7-CB2 {'rot': 0.00722}
  t=  10.50  cb_yield           L7-CB3 {'rot': 0.00686}
  t=  10.50  cb_yield           L8-CB2 {'rot': 0.00682}
  t=  10.50  cb_yield           L8-CB3 {'rot': 0.00643}
  t=  10.50  cb_yield           L9-CB2 {'rot': 0.00631}
  t=  10.63  cb_yield           L2-CB2 {'rot': 0.00658}
  t=  10.63  cb_yield           L2-CB3 {'rot': 0.00644}
  t=  10.63  cb_yield           L3-CB1 {'rot': 0.00636}
  t=  10.63  cb_yield           L4-CB0 {'rot': 0.00645}
  t=  10.63  cb_yield           L4-CB1 {'rot': 0.00675}
  t=  10.63  cb_yield           L5-CB0 {'rot': 0.00644}
  t=  10.63  cb_yield           L5-CB1 {'rot': 0.00678}
  t=  10.63  cb_yield           L6-CB0 {'rot': 0.00619}
  t=  10.63  cb_yield           L6-CB1 {'rot': 0.00655}
  t=  10.63  cb_yield           L7-CB1 {'rot': 0.00612}
  t=  10.63  cb_yield           L10-CB2 {'rot': 0.00647}
  t=  10.75  cb_yield           L2-CB0 {'rot': 0.00671}
  t=  10.75  cb_yield           L2-CB1 {'rot': 0.00665}
  t=  10.75  cb_yield           L3-CB0 {'rot': 0.00785}
  t=  10.75  cb_yield           L7-CB0 {'rot': 0.00778}
  t=  10.75  cb_yield           L8-CB0 {'rot': 0.00709}
  t=  10.75  cb_yield           L8-CB1 {'rot': 0.00712}
  t=  10.75  cb_yield           L9-CB0 {'rot': 0.00628}
  t=  10.75  cb_yield           L9-CB1 {'rot': 0.00632}
  t=  10.88  cb_yield           L10-CB0 {'rot': 0.00693}
  t=  10.88  cb_yield           L10-CB1 {'rot': 0.00674}
  t=  10.88  cb_yield           L11-CB0 {'rot': 0.00623}
  t=  11.00  cb_yield           L11-CB1 {'rot': 0.00774}
  t=  11.00  cb_yield           L12-CB0 {'rot': 0.0075}
  t=  11.00  cb_yield           L12-CB1 {'rot': 0.00736}
  t=  11.00  cb_yield           L13-CB0 {'rot': 0.00709}
  t=  11.00  cb_yield           L13-CB1 {'rot': 0.00694}
  t=  11.00  cb_yield           L14-CB0 {'rot': 0.00665}
  t=  11.00  cb_yield           L14-CB1 {'rot': 0.0065}
  t=  11.00  cb_yield           L15-CB0 {'rot': 0.00623}
  t=  11.13  cb_yield           L15-CB1 {'rot': 0.0089}
  t=  11.13  cb_yield           L16-CB0 {'rot': 0.00863}
  t=  11.13  cb_yield           L16-CB1 {'rot': 0.00888}
  t=  11.13  cb_yield           L17-CB0 {'rot': 0.00859}
  t=  11.13  cb_yield           L17-CB1 {'rot': 0.00883}
  t=  11.13  cb_yield           L18-CB0 {'rot': 0.00851}
  t=  11.13  cb_yield           L18-CB1 {'rot': 0.00873}
  t=  11.13  cb_yield           L19-CB0 {'rot': 0.00837}
  t=  11.13  cb_yield           L19-CB1 {'rot': 0.00858}
  t=  11.13  cb_yield           L20-CB0 {'rot': 0.0082}
  t=  11.13  cb_yield           L20-CB1 {'rot': 0.00839}
  t=  11.13  cb_yield           L21-CB0 {'rot': 0.00798}
  t=  11.13  cb_yield           L21-CB1 {'rot': 0.00815}
  t=  11.13  cb_yield           L22-CB0 {'rot': 0.00768}
  t=  11.13  cb_yield           L22-CB1 {'rot': 0.00784}
  t=  11.13  cb_yield           L23-CB0 {'rot': 0.00732}
  t=  11.13  cb_yield           L23-CB1 {'rot': 0.00746}
  t=  11.13  cb_yield           L24-CB0 {'rot': 0.00689}
  t=  11.13  cb_yield           L24-CB1 {'rot': 0.00701}
  t=  11.25  cb_yield           L25-CB0 {'rot': 0.0075}
  t=  11.25  cb_yield           L25-CB1 {'rot': 0.00819}
  t=  11.25  cb_yield           L26-CB1 {'rot': 0.00722}
  t=  11.38  cb_yield           L18-CB3 {'rot': 0.00708}
  t=  11.38  cb_yield           L19-CB3 {'rot': 0.0069}
  t=  11.38  cb_yield           L20-CB3 {'rot': 0.00664}
  t=  11.38  cb_yield           L26-CB0 {'rot': 0.00681}
  t=  11.38  cb_yield           L27-CB1 {'rot': 0.00672}
  t=  13.25  cb_yield           L11-CB2 {'rot': 0.0066}
  t=  13.38  cb_yield           L12-CB2 {'rot': 0.00658}
  t=  16.13  cb_yield           L13-CB2 {'rot': 0.00643}
  t=  16.13  cb_yield           L14-CB2 {'rot': 0.00652}
  t=  16.13  cb_yield           L15-CB2 {'rot': 0.00651}
  t=  16.13  cb_yield           L16-CB2 {'rot': 0.00642}
  t=  18.38  cb_yield           L21-CB3 {'rot': 0.00672}
  t=  18.38  cb_yield           L22-CB3 {'rot': 0.00676}
  t=  18.38  cb_yield           L23-CB3 {'rot': 0.00675}
  t=  18.38  cb_yield           L24-CB3 {'rot': 0.00667}
  t=  18.63  cb_yield           L17-CB2 {'rot': 0.00774}
  t=  18.63  cb_yield           L18-CB2 {'rot': 0.00711}
  t=  18.75  cb_yield           L19-CB2 {'rot': 0.00706}
  t=  18.87  cb_yield           L20-CB2 {'rot': 0.00691}
  t=  19.12  cb_yield           L25-CB3 {'rot': 0.00691}
  t=  19.12  cb_yield           L26-CB3 {'rot': 0.0069}
  t=  19.12  cb_yield           L27-CB3 {'rot': 0.00686}
  t=  19.12  cb_yield           L28-CB3 {'rot': 0.00676}
  t=  19.87  cb_yield           L28-CB1 {'rot': 0.0067}
  progress t=  20.0s  max corner drift so far=0.0051  wall clock=202s
  t=  20.75  cb_yield           L27-CB0 {'rot': 0.00751}
  t=  20.75  cb_yield           L28-CB0 {'rot': 0.00699}
  t=  20.75  cb_yield           L29-CB1 {'rot': 0.00697}
  t=  20.87  cb_yield           L29-CB0 {'rot': 0.00786}
  t=  20.87  cb_yield           L30-CB0 {'rot': 0.00722}
  t=  20.87  cb_yield           L30-CB1 {'rot': 0.00771}
  t=  20.87  cb_yield           L31-CB0 {'rot': 0.00668}
  t=  20.87  cb_yield           L31-CB1 {'rot': 0.00718}
  t=  20.87  cb_yield           L32-CB1 {'rot': 0.00682}
  t=  20.87  cb_yield           L33-CB1 {'rot': 0.00664}
  t=  21.00  cb_yield           L32-CB0 {'rot': 0.00746}
  t=  21.00  cb_yield           L33-CB0 {'rot': 0.00726}
  t=  22.25  cb_yield           L1-CB0 {'rot': 0.00702}
  t=  22.25  cb_yield           L1-CB1 {'rot': 0.00735}
  t=  25.00  cb_yield           L21-CB2 {'rot': 0.00755}
  t=  25.12  cb_yield           L22-CB2 {'rot': 0.00793}
  t=  25.12  cb_yield           L23-CB2 {'rot': 0.00693}
  t=  25.25  cb_yield           L24-CB2 {'rot': 0.0081}
  t=  25.25  cb_yield           L25-CB2 {'rot': 0.00726}
  t=  25.25  cb_yield           L29-CB3 {'rot': 0.0068}
  t=  25.37  cb_yield           L26-CB2 {'rot': 0.008}
  t=  25.37  cb_yield           L27-CB2 {'rot': 0.00714}
  t=  25.37  cb_yield           L30-CB3 {'rot': 0.0078}
  t=  25.37  cb_yield           L31-CB3 {'rot': 0.0068}
  t=  25.50  cb_yield           L28-CB2 {'rot': 0.00683}
  t=  25.50  cb_yield           L32-CB3 {'rot': 0.00672}
  t=  25.87  cb_yield           L1-CB3 {'rot': 0.00626}
  t=  26.00  cb_yield           L1-CB2 {'rot': 0.00655}
  progress t=  30.0s  max corner drift so far=0.0082  wall clock=306s
  t=  32.87  cb_yield           L29-CB2 {'rot': 0.00798}
  t=  32.87  cb_yield           L30-CB2 {'rot': 0.00711}
  t=  32.87  cb_yield           L33-CB3 {'rot': 0.00776}
  t=  33.00  cb_yield           L31-CB2 {'rot': 0.00674}
  progress t=  40.0s  max corner drift so far=0.0082  wall clock=406s
  t=  47.00  cb_yield           L32-CB2 {'rot': 0.0069}
  t=  47.00  cb_yield           L33-CB2 {'rot': 0.00668}
  progress t=  50.0s  max corner drift so far=0.0082  wall clock=508s
  t=  59.00  cb_failure         L13-CB3 {'rot': 0.03026}
  t=  59.00  cb_failure         L14-CB3 {'rot': 0.0306}
  t=  59.00  cb_failure         L15-CB3 {'rot': 0.03065}
  t=  59.00  cb_failure         L16-CB3 {'rot': 0.03041}
  t=  59.12  cb_failure         L8-CB3 {'rot': 0.03039}
  t=  59.12  cb_failure         L9-CB3 {'rot': 0.03169}
  t=  59.12  cb_failure         L10-CB3 {'rot': 0.03276}
  t=  59.12  cb_failure         L11-CB3 {'rot': 0.0336}
  t=  59.12  cb_failure         L12-CB3 {'rot': 0.03427}
  t=  59.12  cb_failure         L17-CB3 {'rot': 0.03327}
  t=  59.12  cb_failure         L18-CB3 {'rot': 0.03201}
  t=  59.25  cb_failure         L6-CB3 {'rot': 0.03222}
  t=  59.25  cb_failure         L7-CB2 {'rot': 0.03036}
  t=  59.25  cb_failure         L7-CB3 {'rot': 0.03438}
  t=  59.25  cb_failure         L8-CB1 {'rot': 0.03119}
  t=  59.25  cb_failure         L8-CB2 {'rot': 0.03155}
  t=  59.25  cb_failure         L9-CB1 {'rot': 0.03187}
  t=  59.25  cb_failure         L9-CB2 {'rot': 0.03227}
  t=  59.25  cb_failure         L10-CB1 {'rot': 0.03219}
  t=  59.25  cb_failure         L10-CB2 {'rot': 0.0326}
  t=  59.25  cb_failure         L11-CB1 {'rot': 0.03219}
  t=  59.25  cb_failure         L11-CB2 {'rot': 0.03261}
  t=  59.25  cb_failure         L12-CB1 {'rot': 0.03196}
  t=  59.25  cb_failure         L12-CB2 {'rot': 0.03236}
  t=  59.25  cb_failure         L13-CB1 {'rot': 0.03145}
  t=  59.25  cb_failure         L13-CB2 {'rot': 0.03182}
  t=  59.25  cb_failure         L14-CB1 {'rot': 0.03061}
  t=  59.25  cb_failure         L14-CB2 {'rot': 0.03094}
  t=  59.37  cb_failure         L5-CB3 {'rot': 0.03303}
  t=  59.37  cb_failure         L6-CB1 {'rot': 0.03019}
  t=  59.37  cb_failure         L6-CB2 {'rot': 0.03262}
  t=  59.37  cb_failure         L7-CB1 {'rot': 0.03192}
  t=  59.37  cb_failure         L15-CB2 {'rot': 0.03055}
  t=  59.50  cb_failure         L4-CB3 {'rot': 0.03044}
  t=  59.50  cb_failure         L5-CB2 {'rot': 0.03145}
  t=  59.50  cb_failure         L16-CB2 {'rot': 0.03039}
  t=  59.50  cb_failure         L19-CB3 {'rot': 0.03175}
  t=  59.62  cb_failure         L15-CB1 {'rot': 0.03033}
  t=  59.62  cb_failure         L17-CB2 {'rot': 0.03103}
  t=  59.62  cb_failure         L20-CB3 {'rot': 0.03242}
  t=  59.62  cb_failure         L21-CB3 {'rot': 0.03067}
  progress t=  60.0s  max corner drift so far=0.0097  wall clock=606s
  t=  65.00  cb_failure         L16-CB1 {'rot': 0.03107}
  t=  65.00  cb_failure         L22-CB3 {'rot': 0.03082}
  t=  65.12  cb_failure         L17-CB1 {'rot': 0.03324}
  t=  65.12  cb_failure         L18-CB1 {'rot': 0.03197}
  t=  65.12  cb_failure         L18-CB2 {'rot': 0.0327}
  t=  65.12  cb_failure         L19-CB2 {'rot': 0.03083}
  t=  65.25  cb_failure         L11-CB0 {'rot': 0.03029}
  t=  65.25  cb_failure         L12-CB0 {'rot': 0.03063}
  t=  65.25  cb_failure         L13-CB0 {'rot': 0.03069}
  t=  65.25  cb_failure         L14-CB0 {'rot': 0.03043}
  t=  65.25  cb_failure         L19-CB1 {'rot': 0.0317}
  t=  65.37  cb_failure         L10-CB0 {'rot': 0.03021}
  t=  65.50  cb_failure         L9-CB0 {'rot': 0.0304}
  t=  65.62  cb_failure         L5-CB1 {'rot': 0.03079}
  t=  65.62  cb_failure         L7-CB0 {'rot': 0.03016}
  t=  65.62  cb_failure         L8-CB0 {'rot': 0.03075}
  progress t=  70.0s  max corner drift so far=0.0097  wall clock=704s
  progress t=  80.0s  max corner drift so far=0.0097  wall clock=803s
  progress t=  90.0s  max corner drift so far=0.0097  wall clock=900s
  progress t= 100.0s  max corner drift so far=0.0097  wall clock=992s
