  t=   4.00  cb_yield           L7-CB0 {'rot': 0.00614}
  t=   4.12  cb_yield           L4-CB0 {'rot': 0.00664}
  t=   4.12  cb_yield           L4-CB1 {'rot': 0.0064}
  t=   4.12  cb_yield           L5-CB0 {'rot': 0.00702}
  t=   4.12  cb_yield           L5-CB1 {'rot': 0.00675}
  t=   4.12  cb_yield           L6-CB0 {'rot': 0.00717}
  t=   4.12  cb_yield           L6-CB1 {'rot': 0.00688}
  t=   4.12  cb_yield           L7-CB1 {'rot': 0.00683}
  t=   4.12  cb_yield           L8-CB0 {'rot': 0.00696}
  t=   4.12  cb_yield           L8-CB1 {'rot': 0.00663}
  t=   4.12  cb_yield           L9-CB0 {'rot': 0.00668}
  t=   4.12  cb_yield           L9-CB1 {'rot': 0.00633}
  t=   4.12  cb_yield           L10-CB0 {'rot': 0.00633}
  t=   4.25  cb_yield           L3-CB0 {'rot': 0.00613}
  t=   8.38  cb_yield           L7-CB3 {'rot': 0.00615}
  t=   8.38  cb_yield           L8-CB3 {'rot': 0.00631}
  t=   8.38  cb_yield           L9-CB3 {'rot': 0.00641}
  t=   8.38  cb_yield           L10-CB3 {'rot': 0.00645}
  t=   8.38  cb_yield           L11-CB3 {'rot': 0.00646}
  t=   8.38  cb_yield           L12-CB3 {'rot': 0.00643}
  t=   8.38  cb_yield           L13-CB3 {'rot': 0.00639}
  t=   8.38  cb_yield           L14-CB3 {'rot': 0.00632}
  t=   8.38  cb_yield           L15-CB3 {'rot': 0.00624}
  t=   8.38  cb_yield           L16-CB3 {'rot': 0.00615}
  t=   8.50  cb_yield           L5-CB2 {'rot': 0.00621}
  t=   8.50  cb_yield           L5-CB3 {'rot': 0.00674}
  t=   8.50  cb_yield           L6-CB2 {'rot': 0.00662}
  t=   8.50  cb_yield           L6-CB3 {'rot': 0.00726}
  t=   8.50  cb_yield           L7-CB2 {'rot': 0.00691}
  t=   8.50  cb_yield           L8-CB2 {'rot': 0.00708}
  t=   8.50  cb_yield           L9-CB2 {'rot': 0.00716}
  t=   8.50  cb_yield           L10-CB2 {'rot': 0.00715}
  t=   8.50  cb_yield           L11-CB2 {'rot': 0.00709}
  t=   8.50  cb_yield           L12-CB2 {'rot': 0.00699}
  t=   8.50  cb_yield           L13-CB2 {'rot': 0.00684}
  t=   8.50  cb_yield           L14-CB2 {'rot': 0.00665}
  t=   8.50  cb_yield           L15-CB2 {'rot': 0.00644}
  t=   8.50  cb_yield           L16-CB2 {'rot': 0.00623}
  t=   8.50  cb_yield           L17-CB3 {'rot': 0.00734}
  t=   8.50  cb_yield           L18-CB3 {'rot': 0.00711}
  t=   8.50  cb_yield           L19-CB3 {'rot': 0.00686}
  t=   8.50  cb_yield           L20-CB3 {'rot': 0.00662}
  t=   8.63  cb_yield           L4-CB2 {'rot': 0.00618}
  t=   8.63  cb_yield           L4-CB3 {'rot': 0.00663}
  t=   8.63  cb_yield           L10-CB1 {'rot': 0.00655}
  t=   8.63  cb_yield           L11-CB1 {'rot': 0.00635}
  t=   8.63  cb_yield           L17-CB2 {'rot': 0.00733}
  t=   8.63  cb_yield           L18-CB2 {'rot': 0.00697}
  t=   8.63  cb_yield           L21-CB3 {'rot': 0.00737}
  t=   8.63  cb_yield           L22-CB3 {'rot': 0.00695}
  t=   8.75  cb_yield           L12-CB1 {'rot': 0.00691}
  t=   8.75  cb_yield           L13-CB1 {'rot': 0.00656}
  t=   8.75  cb_yield           L14-CB1 {'rot': 0.00613}
  t=   8.75  cb_yield           L19-CB2 {'rot': 0.00747}
  t=   8.75  cb_yield           L20-CB2 {'rot': 0.00703}
  t=   8.75  cb_yield           L23-CB3 {'rot': 0.00715}
  t=   8.75  cb_yield           L24-CB3 {'rot': 0.00669}
  t=   8.88  cb_yield           L21-CB2 {'rot': 0.00692}
  t=   8.88  cb_yield           L25-CB3 {'rot': 0.00675}
  t=   9.00  cb_yield           L22-CB2 {'rot': 0.00684}
  t=   9.00  cb_yield           L26-CB3 {'rot': 0.00694}
  t=   9.13  cb_yield           L27-CB3 {'rot': 0.00667}
  progress t=  10.0s  max corner drift so far=0.0032  wall clock=88s
  t=  10.38  cb_yield           L2-CB2 {'rot': 0.00704}
  t=  10.38  cb_yield           L2-CB3 {'rot': 0.00688}
  t=  10.38  cb_yield           L3-CB2 {'rot': 0.00814}
  t=  10.38  cb_yield           L3-CB3 {'rot': 0.00791}
  t=  10.38  cb_yield           L18-CB1 {'rot': 0.00678}
  t=  10.38  cb_yield           L19-CB1 {'rot': 0.00711}
  t=  10.38  cb_yield           L20-CB1 {'rot': 0.00739}
  t=  10.38  cb_yield           L21-CB1 {'rot': 0.0076}
  t=  10.38  cb_yield           L22-CB1 {'rot': 0.00774}
  t=  10.38  cb_yield           L23-CB1 {'rot': 0.00782}
  t=  10.38  cb_yield           L24-CB1 {'rot': 0.00784}
  t=  10.38  cb_yield           L25-CB1 {'rot': 0.0078}
  t=  10.38  cb_yield           L26-CB1 {'rot': 0.0077}
  t=  10.38  cb_yield           L27-CB1 {'rot': 0.00755}
  t=  10.38  cb_yield           L28-CB1 {'rot': 0.00735}
  t=  10.38  cb_yield           L29-CB1 {'rot': 0.00712}
  t=  10.38  cb_yield           L30-CB1 {'rot': 0.00684}
  t=  10.50  cb_yield           L20-CB0 {'rot': 0.00732}
  t=  10.50  cb_yield           L21-CB0 {'rot': 0.00796}
  t=  10.50  cb_yield           L22-CB0 {'rot': 0.0084}
  t=  10.50  cb_yield           L23-CB0 {'rot': 0.00864}
  t=  10.50  cb_yield           L24-CB0 {'rot': 0.00871}
  t=  10.50  cb_yield           L25-CB0 {'rot': 0.0086}
  t=  10.50  cb_yield           L26-CB0 {'rot': 0.00837}
  t=  10.50  cb_yield           L27-CB0 {'rot': 0.00802}
  t=  10.50  cb_yield           L28-CB0 {'rot': 0.00761}
  t=  10.50  cb_yield           L29-CB0 {'rot': 0.00715}
  t=  10.50  cb_yield           L30-CB0 {'rot': 0.00663}
  t=  10.50  cb_yield           L31-CB1 {'rot': 0.0082}
  t=  10.50  cb_yield           L32-CB1 {'rot': 0.00783}
  t=  10.50  cb_yield           L33-CB1 {'rot': 0.00763}
  t=  10.63  cb_yield           L1-CB0 {'rot': 0.00682}
  t=  10.63  cb_yield           L1-CB1 {'rot': 0.00619}
  t=  10.63  cb_yield           L1-CB2 {'rot': 0.00746}
  t=  10.63  cb_yield           L1-CB3 {'rot': 0.00739}
  t=  10.63  cb_yield           L2-CB0 {'rot': 0.00908}
  t=  10.63  cb_yield           L2-CB1 {'rot': 0.00848}
  t=  10.63  cb_yield           L3-CB1 {'rot': 0.00972}
  t=  10.75  cb_yield           L11-CB0 {'rot': 0.00685}
  t=  10.88  cb_yield           L12-CB0 {'rot': 0.00816}
  t=  10.88  cb_yield           L13-CB0 {'rot': 0.00691}
  t=  11.00  cb_yield           L14-CB0 {'rot': 0.00966}
  t=  11.00  cb_yield           L15-CB0 {'rot': 0.00866}
  t=  11.00  cb_yield           L15-CB1 {'rot': 0.00859}
  t=  11.00  cb_yield           L16-CB0 {'rot': 0.00779}
  t=  11.00  cb_yield           L16-CB1 {'rot': 0.00772}
  t=  11.00  cb_yield           L17-CB0 {'rot': 0.00686}
  t=  11.00  cb_yield           L17-CB1 {'rot': 0.00682}
  t=  11.13  cb_yield           L18-CB0 {'rot': 0.01223}
  t=  11.13  cb_yield           L19-CB0 {'rot': 0.01173}
  t=  11.25  cb_yield           L23-CB2 {'rot': 0.0067}
  t=  12.75  cb_yield           L28-CB3 {'rot': 0.00695}
  t=  12.88  cb_yield           L24-CB2 {'rot': 0.00662}
  t=  12.88  cb_yield           L29-CB3 {'rot': 0.00771}
  t=  12.88  cb_yield           L30-CB3 {'rot': 0.00709}
  t=  14.00  cb_yield           L25-CB2 {'rot': 0.00672}
  t=  14.00  cb_yield           L31-CB3 {'rot': 0.00684}
  t=  14.13  cb_yield           L26-CB2 {'rot': 0.00781}
  t=  14.13  cb_yield           L27-CB2 {'rot': 0.00723}
  t=  14.13  cb_yield           L28-CB2 {'rot': 0.00668}
  t=  14.13  cb_yield           L32-CB3 {'rot': 0.00748}
  t=  14.13  cb_yield           L33-CB3 {'rot': 0.00728}
  progress t=  20.0s  max corner drift so far=0.0088  wall clock=186s
  t=  20.25  cb_failure         L7-CB1 {'rot': 0.03086}
  t=  20.25  cb_failure         L8-CB1 {'rot': 0.0314}
  t=  20.25  cb_failure         L9-CB1 {'rot': 0.03151}
  t=  20.25  cb_failure         L10-CB1 {'rot': 0.03135}
  t=  20.25  cb_failure         L11-CB1 {'rot': 0.03101}
  t=  20.25  cb_failure         L12-CB1 {'rot': 0.03059}
  t=  20.37  cb_failure         L6-CB1 {'rot': 0.03146}
  t=  20.37  cb_failure         L13-CB1 {'rot': 0.0339}
  t=  20.37  cb_failure         L14-CB1 {'rot': 0.03301}
  t=  20.37  cb_failure         L15-CB1 {'rot': 0.03203}
  t=  20.37  cb_failure         L16-CB1 {'rot': 0.03098}
  t=  20.50  cb_failure         L8-CB0 {'rot': 0.03113}
  t=  20.50  cb_failure         L9-CB0 {'rot': 0.03213}
  t=  20.50  cb_failure         L10-CB0 {'rot': 0.03264}
  t=  20.50  cb_failure         L11-CB0 {'rot': 0.03276}
  t=  20.50  cb_failure         L12-CB0 {'rot': 0.03257}
  t=  20.50  cb_failure         L13-CB0 {'rot': 0.03203}
  t=  20.50  cb_failure         L14-CB0 {'rot': 0.03115}
  t=  20.50  cb_failure         L17-CB1 {'rot': 0.03299}
  t=  20.50  cb_failure         L18-CB1 {'rot': 0.0309}
  t=  20.62  cb_failure         L15-CB0 {'rot': 0.03301}
  t=  20.62  cb_failure         L16-CB0 {'rot': 0.0315}
  t=  20.87  cb_yield           L31-CB0 {'rot': 0.00922}
  t=  20.87  cb_yield           L32-CB0 {'rot': 0.00864}
  t=  20.87  cb_yield           L33-CB0 {'rot': 0.00839}
  t=  21.12  cb_failure         L7-CB0 {'rot': 0.03087}
  t=  23.50  cb_failure         L19-CB1 {'rot': 0.03123}
  t=  25.50  cb_yield           L29-CB2 {'rot': 0.00663}
  t=  25.62  cb_yield           L30-CB2 {'rot': 0.00769}
  t=  25.62  cb_yield           L31-CB2 {'rot': 0.00688}
  t=  25.75  cb_yield           L32-CB2 {'rot': 0.00688}
  t=  26.00  cb_failure         L5-CB3 {'rot': 0.03185}
  t=  26.00  cb_failure         L6-CB3 {'rot': 0.03388}
  t=  26.00  cb_failure         L7-CB2 {'rot': 0.03036}
  t=  26.00  cb_failure         L7-CB3 {'rot': 0.03502}
  t=  26.00  cb_failure         L8-CB2 {'rot': 0.03054}
  t=  26.00  cb_failure         L8-CB3 {'rot': 0.03529}
  t=  26.00  cb_failure         L9-CB2 {'rot': 0.03018}
  t=  26.00  cb_failure         L9-CB3 {'rot': 0.03485}
  t=  26.00  cb_failure         L10-CB3 {'rot': 0.03398}
  t=  26.00  cb_failure         L11-CB3 {'rot': 0.03288}
  t=  26.00  cb_failure         L12-CB3 {'rot': 0.03161}
  t=  26.12  cb_failure         L4-CB3 {'rot': 0.03207}
  t=  26.12  cb_failure         L5-CB1 {'rot': 0.03278}
  t=  26.12  cb_failure         L5-CB2 {'rot': 0.03092}
  t=  26.12  cb_failure         L6-CB0 {'rot': 0.03144}
  t=  26.12  cb_failure         L6-CB2 {'rot': 0.03298}
  t=  26.12  cb_failure         L10-CB2 {'rot': 0.03337}
  t=  26.12  cb_failure         L11-CB2 {'rot': 0.03224}
  t=  26.12  cb_failure         L12-CB2 {'rot': 0.03083}
  t=  26.12  cb_failure         L13-CB3 {'rot': 0.03429}
  t=  26.12  cb_failure         L14-CB3 {'rot': 0.03214}
  t=  26.25  cb_failure         L4-CB1 {'rot': 0.03139}
  t=  26.25  cb_failure         L5-CB0 {'rot': 0.03197}
  t=  26.25  cb_failure         L13-CB2 {'rot': 0.03097}
  t=  26.25  cb_failure         L15-CB3 {'rot': 0.03186}
  t=  27.00  cb_failure         L20-CB1 {'rot': 0.03074}
  progress t=  30.0s  max corner drift so far=0.0140  wall clock=293s
  t=  32.87  cb_yield           L33-CB2 {'rot': 0.00681}
  t=  38.12  cb_failure         L14-CB2 {'rot': 0.03121}
  t=  38.25  cb_failure         L15-CB2 {'rot': 0.03074}
  progress t=  40.0s  max corner drift so far=0.0140  wall clock=396s
  t=  40.12  cb_failure         L16-CB3 {'rot': 0.03158}
  t=  40.25  cb_failure         L4-CB2 {'rot': 0.03083}
  t=  40.25  cb_failure         L17-CB3 {'rot': 0.03217}
  t=  40.37  cb_failure         L3-CB3 {'rot': 0.03138}
  t=  40.37  cb_failure         L16-CB2 {'rot': 0.03088}
  t=  40.37  cb_failure         L18-CB3 {'rot': 0.03177}
  t=  40.50  cb_failure         L4-CB0 {'rot': 0.03053}
  t=  40.50  cb_failure         L17-CB0 {'rot': 0.03081}
  t=  40.75  cb_failure         L17-CB2 {'rot': 0.03121}
  t=  40.75  cb_failure         L19-CB3 {'rot': 0.0311}
  t=  40.87  cb_failure         L3-CB1 {'rot': 0.03028}
  t=  40.87  cb_failure         L20-CB3 {'rot': 0.03107}
  t=  41.00  cb_failure         L18-CB2 {'rot': 0.03113}
  t=  41.00  cb_failure         L21-CB3 {'rot': 0.0318}
  t=  41.12  cb_failure         L22-CB3 {'rot': 0.03116}
  t= 46.225  solver fallback: Newton
  t=  47.87  cb_failure         L21-CB1 {'rot': 0.03471}
  t=  47.87  cb_failure         L22-CB1 {'rot': 0.03407}
  t=  47.87  cb_failure         L23-CB1 {'rot': 0.03333}
  t=  47.87  cb_failure         L24-CB1 {'rot': 0.03248}
  t=  47.87  cb_failure         L25-CB1 {'rot': 0.03158}
  t=  48.00  cb_failure         L18-CB0 {'rot': 0.03103}
  t=  48.00  cb_failure         L19-CB0 {'rot': 0.0312}
  t=  48.00  cb_failure         L20-CB0 {'rot': 0.03126}
  t=  48.00  cb_failure         L21-CB0 {'rot': 0.03118}
  t=  48.00  cb_failure         L22-CB0 {'rot': 0.03093}
  t=  48.00  cb_failure         L23-CB3 {'rot': 0.03172}
  t=  48.00  cb_failure         L24-CB3 {'rot': 0.03191}
  t=  48.00  cb_failure         L25-CB3 {'rot': 0.03173}
  t=  48.00  cb_failure         L26-CB1 {'rot': 0.03422}
  t=  48.00  cb_failure         L26-CB3 {'rot': 0.0311}
  t=  48.00  cb_failure         L27-CB1 {'rot': 0.03251}
  t=  48.00  cb_failure         L28-CB1 {'rot': 0.0308}
  t=  48.37  cb_failure         L3-CB0 {'rot': 0.03275}
  t=  48.50  cb_failure         L2-CB1 {'rot': 0.03398}
  t=  48.50  cb_failure         L3-CB2 {'rot': 0.0302}
  t=  48.62  cb_failure         L2-CB0 {'rot': 0.03704}
  t=  48.62  cb_failure         L2-CB2 {'rot': 0.03444}
  t=  48.62  cb_failure         L2-CB3 {'rot': 0.03459}
  t=  48.75  wall_flexure_strength_loss S1-F {'rot_x': 0.0, 'rot_y': 0.00407}
  t=  48.75  cb_failure         L1-CB0 {'rot': 0.03156}
  t=  48.75  cb_failure         L1-CB1 {'rot': 0.03712}
  t=  48.75  cb_failure         L1-CB2 {'rot': 0.03052}
  t=  48.75  cb_failure         L1-CB3 {'rot': 0.03229}
  t=  49.37  cb_failure         L19-CB2 {'rot': 0.03722}
  t=  49.37  cb_failure         L20-CB2 {'rot': 0.03454}
  t=  49.37  cb_failure         L21-CB2 {'rot': 0.03207}
  t=  49.50  cb_failure         L22-CB2 {'rot': 0.03726}
  t=  49.50  cb_failure         L23-CB2 {'rot': 0.03434}
  t=  49.50  cb_failure         L24-CB2 {'rot': 0.03156}
  t=  49.50  cb_failure         L27-CB3 {'rot': 0.03326}
  t=  49.50  cb_failure         L28-CB3 {'rot': 0.03158}
  t=  49.62  cb_failure         L23-CB0 {'rot': 0.03241}
  t=  49.62  cb_failure         L25-CB2 {'rot': 0.03426}
  t=  49.62  cb_failure         L26-CB2 {'rot': 0.03146}
  t=  49.62  cb_failure         L29-CB3 {'rot': 0.03494}
  t=  49.62  cb_failure         L30-CB3 {'rot': 0.03317}
  t=  49.62  cb_failure         L31-CB3 {'rot': 0.03175}
  t=  49.62  cb_failure         L32-CB3 {'rot': 0.03084}
  t=  49.62  cb_failure         L33-CB3 {'rot': 0.03061}
  t=  49.75  cb_failure         L24-CB0 {'rot': 0.03277}
  t=  49.75  cb_failure         L27-CB2 {'rot': 0.03273}
  t=  49.87  cb_failure         L25-CB0 {'rot': 0.03181}
  t=  49.87  cb_failure         L28-CB2 {'rot': 0.03188}
  t=  49.87  cb_failure         L29-CB1 {'rot': 0.03499}
  t=  49.87  cb_failure         L30-CB1 {'rot': 0.0328}
  t=  49.87  cb_failure         L31-CB1 {'rot': 0.03095}
  t=  50.00  cb_failure         L26-CB0 {'rot': 0.031}
  t=  50.00  cb_failure         L32-CB1 {'rot': 0.03223}
  t=  50.00  cb_failure         L33-CB1 {'rot': 0.03141}
  progress t=  50.0s  max corner drift so far=0.0163  wall clock=509s
  t=  56.62  wall_axial_failure S1-F {'gamma': 0.00234, 'eps': -0.006, 'cause': 'crushing'}
