  t=   8.38  cb_yield           L5-CB3 {'rot': 0.00533}
  t=   8.38  cb_yield           L6-CB3 {'rot': 0.00555}
  t=   8.38  cb_yield           L7-CB3 {'rot': 0.00564}
  t=   8.38  cb_yield           L8-CB3 {'rot': 0.00562}
  t=   8.38  cb_yield           L9-CB3 {'rot': 0.00552}
  t=   8.38  cb_yield           L10-CB3 {'rot': 0.00537}
  t=   8.50  cb_yield           L4-CB3 {'rot': 0.0055}
  t=   8.50  cb_yield           L5-CB2 {'rot': 0.00557}
  t=   8.50  cb_yield           L6-CB2 {'rot': 0.00582}
  t=   8.50  cb_yield           L7-CB2 {'rot': 0.00592}
  t=   8.50  cb_yield           L8-CB2 {'rot': 0.00591}
  t=   8.50  cb_yield           L9-CB2 {'rot': 0.0058}
  t=   8.50  cb_yield           L10-CB2 {'rot': 0.00562}
  t=   8.50  cb_yield           L11-CB2 {'rot': 0.00538}
  t=   8.50  cb_yield           L11-CB3 {'rot': 0.00612}
  t=   8.50  cb_yield           L12-CB3 {'rot': 0.00589}
  t=   8.50  cb_yield           L13-CB3 {'rot': 0.00562}
  t=   8.50  cb_yield           L14-CB3 {'rot': 0.00534}
  t=   8.63  cb_yield           L7-CB1 {'rot': 0.00542}
  t=   8.63  cb_yield           L8-CB1 {'rot': 0.00541}
  t=   8.63  cb_yield           L12-CB2 {'rot': 0.00578}
  t=   8.63  cb_yield           L13-CB2 {'rot': 0.0056}
  t=   8.63  cb_yield           L14-CB2 {'rot': 0.00537}
  t=   8.63  cb_yield           L15-CB3 {'rot': 0.00607}
  t=   8.63  cb_yield           L16-CB3 {'rot': 0.00584}
  t=   8.75  cb_yield           L15-CB2 {'rot': 0.00579}
  t=   8.75  cb_yield           L16-CB2 {'rot': 0.0057}
  t=   8.75  cb_yield           L17-CB3 {'rot': 0.00656}
  t=   8.75  cb_yield           L18-CB3 {'rot': 0.00642}
  t=   8.75  cb_yield           L19-CB3 {'rot': 0.00624}
  t=   8.75  cb_yield           L20-CB3 {'rot': 0.00603}
  t=   8.75  cb_yield           L21-CB3 {'rot': 0.0058}
  t=   8.88  cb_yield           L17-CB2 {'rot': 0.00605}
  t=   8.88  cb_yield           L18-CB2 {'rot': 0.00602}
  t=   8.88  cb_yield           L19-CB2 {'rot': 0.00594}
  t=   8.88  cb_yield           L20-CB2 {'rot': 0.00581}
  t=   8.88  cb_yield           L22-CB3 {'rot': 0.00663}
  t=   8.88  cb_yield           L23-CB3 {'rot': 0.0064}
  t=   8.88  cb_yield           L24-CB3 {'rot': 0.00614}
  t=   8.88  cb_yield           L25-CB3 {'rot': 0.00585}
  t=   9.00  cb_yield           L21-CB2 {'rot': 0.00591}
  t=   9.00  cb_yield           L22-CB2 {'rot': 0.00581}
  t=   9.00  cb_yield           L26-CB3 {'rot': 0.00611}
  t=   9.00  cb_yield           L27-CB3 {'rot': 0.00579}
  t=   9.75  cb_yield           L6-CB1 {'rot': 0.00538}
  t=   9.88  cb_yield           L4-CB0 {'rot': 0.00567}
  t=   9.88  cb_yield           L4-CB1 {'rot': 0.00537}
  t=   9.88  cb_yield           L5-CB0 {'rot': 0.00587}
  t=   9.88  cb_yield           L5-CB1 {'rot': 0.00567}
  t=   9.88  cb_yield           L6-CB0 {'rot': 0.00588}
  t=   9.88  cb_yield           L7-CB0 {'rot': 0.00572}
  t=   9.88  cb_yield           L8-CB0 {'rot': 0.00543}
  progress t=  10.0s  max corner drift so far=0.0022  wall clock=101s
  t=  10.38  cb_yield           L2-CB2 {'rot': 0.00546}
  t=  10.38  cb_yield           L2-CB3 {'rot': 0.00534}
  t=  10.38  cb_yield           L3-CB2 {'rot': 0.00641}
  t=  10.38  cb_yield           L3-CB3 {'rot': 0.00622}
  t=  10.38  cb_yield           L4-CB2 {'rot': 0.00694}
  t=  10.38  cb_yield           L19-CB1 {'rot': 0.0058}
  t=  10.38  cb_yield           L20-CB1 {'rot': 0.00635}
  t=  10.38  cb_yield           L21-CB0 {'rot': 0.0058}
  t=  10.38  cb_yield           L21-CB1 {'rot': 0.0068}
  t=  10.38  cb_yield           L22-CB0 {'rot': 0.00607}
  t=  10.38  cb_yield           L22-CB1 {'rot': 0.00712}
  t=  10.38  cb_yield           L23-CB0 {'rot': 0.00623}
  t=  10.38  cb_yield           L23-CB1 {'rot': 0.00733}
  t=  10.38  cb_yield           L24-CB0 {'rot': 0.00627}
  t=  10.38  cb_yield           L24-CB1 {'rot': 0.00743}
  t=  10.38  cb_yield           L25-CB0 {'rot': 0.00621}
  t=  10.38  cb_yield           L25-CB1 {'rot': 0.00741}
  t=  10.38  cb_yield           L26-CB0 {'rot': 0.00606}
  t=  10.38  cb_yield           L26-CB1 {'rot': 0.0073}
  t=  10.38  cb_yield           L27-CB0 {'rot': 0.00584}
  t=  10.38  cb_yield           L27-CB1 {'rot': 0.0071}
  t=  10.38  cb_yield           L28-CB1 {'rot': 0.00686}
  t=  10.38  cb_yield           L29-CB1 {'rot': 0.00656}
  t=  10.38  cb_yield           L30-CB1 {'rot': 0.00622}
  t=  10.38  cb_yield           L31-CB1 {'rot': 0.00588}
  t=  10.50  cb_yield           L2-CB0 {'rot': 0.00594}
  t=  10.50  cb_yield           L2-CB1 {'rot': 0.00565}
  t=  10.50  cb_yield           L3-CB0 {'rot': 0.00691}
  t=  10.50  cb_yield           L3-CB1 {'rot': 0.00654}
  t=  10.50  cb_yield           L28-CB0 {'rot': 0.00616}
  t=  10.50  cb_yield           L29-CB0 {'rot': 0.00583}
  t=  10.50  cb_yield           L32-CB1 {'rot': 0.00611}
  t=  10.50  cb_yield           L33-CB1 {'rot': 0.00593}
  t=  10.63  cb_yield           L9-CB0 {'rot': 0.00643}
  t=  10.63  cb_yield           L9-CB1 {'rot': 0.00603}
  t=  10.63  cb_yield           L10-CB0 {'rot': 0.00552}
  t=  10.75  cb_yield           L10-CB1 {'rot': 0.00617}
  t=  10.75  cb_yield           L11-CB0 {'rot': 0.00588}
  t=  10.75  cb_yield           L11-CB1 {'rot': 0.00547}
  t=  10.88  cb_yield           L12-CB0 {'rot': 0.00669}
  t=  10.88  cb_yield           L12-CB1 {'rot': 0.00631}
  t=  10.88  cb_yield           L13-CB0 {'rot': 0.0064}
  t=  10.88  cb_yield           L13-CB1 {'rot': 0.00601}
  t=  10.88  cb_yield           L14-CB0 {'rot': 0.00608}
  t=  10.88  cb_yield           L14-CB1 {'rot': 0.00569}
  t=  10.88  cb_yield           L15-CB0 {'rot': 0.00576}
  t=  10.88  cb_yield           L15-CB1 {'rot': 0.00537}
  t=  10.88  cb_yield           L16-CB0 {'rot': 0.00546}
  t=  11.00  cb_yield           L16-CB1 {'rot': 0.00838}
  t=  11.00  cb_yield           L17-CB0 {'rot': 0.00849}
  t=  11.00  cb_yield           L17-CB1 {'rot': 0.00847}
  t=  11.00  cb_yield           L18-CB0 {'rot': 0.00854}
  t=  11.00  cb_yield           L18-CB1 {'rot': 0.00852}
  t=  11.00  cb_yield           L19-CB0 {'rot': 0.00854}
  t=  11.00  cb_yield           L20-CB0 {'rot': 0.00849}
  progress t=  20.0s  max corner drift so far=0.0049  wall clock=207s
  t=  20.87  cb_yield           L30-CB0 {'rot': 0.00734}
  t=  20.87  cb_yield           L31-CB0 {'rot': 0.00696}
  t=  20.87  cb_yield           L32-CB0 {'rot': 0.00668}
  t=  20.87  cb_yield           L33-CB0 {'rot': 0.00653}
  t=  22.25  cb_yield           L1-CB0 {'rot': 0.00636}
  t=  22.25  cb_yield           L1-CB1 {'rot': 0.00686}
  t=  22.25  cb_yield           L29-CB3 {'rot': 0.00578}
  t=  22.25  cb_yield           L30-CB3 {'rot': 0.00578}
  t=  24.75  cb_yield           L23-CB2 {'rot': 0.00622}
  t=  24.87  cb_yield           L24-CB2 {'rot': 0.00678}
  t=  24.87  cb_yield           L25-CB2 {'rot': 0.00608}
  t=  24.87  cb_yield           L28-CB3 {'rot': 0.00662}
  t=  25.00  cb_yield           L26-CB2 {'rot': 0.006}
  t=  25.12  cb_yield           L31-CB3 {'rot': 0.0059}
  t=  25.25  cb_yield           L27-CB2 {'rot': 0.00664}
  t=  25.37  cb_yield           L28-CB2 {'rot': 0.00593}
  t=  25.37  cb_yield           L32-CB3 {'rot': 0.00652}
  t=  25.75  cb_yield           L1-CB3 {'rot': 0.00537}
  t=  25.87  cb_yield           L1-CB2 {'rot': 0.00543}
  progress t=  30.0s  max corner drift so far=0.0074  wall clock=325s
  t=  32.75  cb_yield           L29-CB2 {'rot': 0.00611}
  t=  32.75  cb_yield           L33-CB3 {'rot': 0.00645}
  t=  39.62  cb_yield           L30-CB2 {'rot': 0.00603}
  t=  39.75  cb_yield           L31-CB2 {'rot': 0.00591}
  progress t=  40.0s  max corner drift so far=0.0074  wall clock=441s
  t=  45.87  cb_yield           L32-CB2 {'rot': 0.00599}
  t=  45.87  cb_yield           L33-CB2 {'rot': 0.00579}
  progress t=  50.0s  max corner drift so far=0.0074  wall clock=559s
  t=  59.00  cb_failure         L9-CB3 {'rot': 0.02948}
  t=  59.00  cb_failure         L10-CB3 {'rot': 0.03001}
  t=  59.00  cb_failure         L11-CB3 {'rot': 0.03026}
  t=  59.00  cb_failure         L12-CB3 {'rot': 0.0303}
  t=  59.00  cb_failure         L13-CB3 {'rot': 0.03004}
  t=  59.00  cb_failure         L14-CB3 {'rot': 0.02946}
  t=  59.12  cb_failure         L6-CB1 {'rot': 0.02958}
  t=  59.12  cb_failure         L6-CB3 {'rot': 0.03141}
  t=  59.12  cb_failure         L7-CB1 {'rot': 0.03078}
  t=  59.12  cb_failure         L7-CB2 {'rot': 0.0296}
  t=  59.12  cb_failure         L7-CB3 {'rot': 0.03292}
  t=  59.12  cb_failure         L8-CB1 {'rot': 0.03142}
  t=  59.12  cb_failure         L8-CB2 {'rot': 0.0303}
  t=  59.12  cb_failure         L8-CB3 {'rot': 0.03387}
  t=  59.12  cb_failure         L9-CB1 {'rot': 0.03162}
  t=  59.12  cb_failure         L9-CB2 {'rot': 0.03058}
  t=  59.12  cb_failure         L10-CB1 {'rot': 0.03145}
  t=  59.12  cb_failure         L10-CB2 {'rot': 0.03051}
  t=  59.12  cb_failure         L11-CB1 {'rot': 0.03093}
  t=  59.12  cb_failure         L11-CB2 {'rot': 0.03013}
  t=  59.12  cb_failure         L12-CB1 {'rot': 0.03015}
  t=  59.12  cb_failure         L12-CB2 {'rot': 0.02948}
  t=  59.12  cb_failure         L15-CB3 {'rot': 0.03076}
  t=  59.12  cb_failure         L16-CB3 {'rot': 0.02936}
  t=  59.25  cb_failure         L4-CB3 {'rot': 0.03002}
  t=  59.25  cb_failure         L5-CB1 {'rot': 0.03028}
  t=  59.25  cb_failure         L5-CB2 {'rot': 0.0305}
  t=  59.25  cb_failure         L5-CB3 {'rot': 0.03309}
  t=  59.25  cb_failure         L6-CB2 {'rot': 0.03206}
  t=  59.25  cb_failure         L13-CB1 {'rot': 0.02988}
  t=  59.25  cb_failure         L13-CB2 {'rot': 0.03008}
  t=  59.37  cb_failure         L4-CB2 {'rot': 0.02938}
  t=  59.37  cb_failure         L7-CB0 {'rot': 0.0294}
  t=  59.37  cb_failure         L8-CB0 {'rot': 0.02952}
  t=  59.37  cb_failure         L14-CB2 {'rot': 0.02963}
  t=  59.37  cb_failure         L17-CB3 {'rot': 0.02996}
  t=  59.50  cb_failure         L14-CB1 {'rot': 0.03012}
  t=  59.50  cb_failure         L15-CB2 {'rot': 0.03028}
  t=  59.50  cb_failure         L18-CB3 {'rot': 0.03026}
  t=  59.62  cb_failure         L15-CB1 {'rot': 0.02996}
  t=  59.62  cb_failure         L16-CB2 {'rot': 0.03163}
  t=  59.62  cb_failure         L17-CB2 {'rot': 0.02987}
  t=  59.62  cb_failure         L19-CB3 {'rot': 0.03106}
  t=  59.75  cb_failure         L18-CB2 {'rot': 0.0301}
  t=  59.75  cb_failure         L20-CB3 {'rot': 0.03132}
  t=  59.87  cb_failure         L21-CB3 {'rot': 0.02987}
  progress t=  60.0s  max corner drift so far=0.0091  wall clock=665s
  t=  64.87  cb_failure         L16-CB1 {'rot': 0.0312}
  t=  64.87  cb_failure         L17-CB1 {'rot': 0.03063}
  t=  64.87  cb_failure         L18-CB1 {'rot': 0.02982}
  t=  64.87  cb_failure         L22-CB3 {'rot': 0.03079}
  t=  65.00  cb_failure         L19-CB1 {'rot': 0.0309}
  t=  65.00  cb_failure         L19-CB2 {'rot': 0.03128}
  t=  65.00  cb_failure         L20-CB2 {'rot': 0.02975}
  t=  65.00  cb_failure         L23-CB3 {'rot': 0.03106}
  t=  65.12  cb_failure         L10-CB0 {'rot': 0.02937}
  t=  65.12  cb_failure         L11-CB0 {'rot': 0.02968}
  t=  65.12  cb_failure         L12-CB0 {'rot': 0.02982}
  t=  65.12  cb_failure         L13-CB0 {'rot': 0.02978}
  t=  65.12  cb_failure         L14-CB0 {'rot': 0.02951}
  t=  65.12  cb_failure         L20-CB1 {'rot': 0.03056}
  t=  65.25  cb_failure         L9-CB0 {'rot': 0.02949}
  t=  65.25  cb_failure         L15-CB0 {'rot': 0.02956}
  t=  65.62  cb_failure         L6-CB0 {'rot': 0.02936}
  progress t=  70.0s  max corner drift so far=0.0091  wall clock=772s
  progress t=  80.0s  max corner drift so far=0.0091  wall clock=880s
  progress t=  90.0s  max corner drift so far=0.0091  wall clock=978s
  progress t= 100.0s  max corner drift so far=0.0091  wall clock=1079s
