  t=   4.12  cb_yield           L5-CB0 {'rot': 0.00538}
  t=   4.12  cb_yield           L6-CB0 {'rot': 0.00552}
  t=   4.12  cb_yield           L7-CB0 {'rot': 0.00552}
  t=   4.12  cb_yield           L8-CB0 {'rot': 0.00541}
  t=   8.38  cb_yield           L4-CB2 {'rot': 0.00557}
  t=   8.38  cb_yield           L4-CB3 {'rot': 0.00601}
  t=   8.38  cb_yield           L5-CB2 {'rot': 0.00595}
  t=   8.38  cb_yield           L5-CB3 {'rot': 0.00647}
  t=   8.38  cb_yield           L6-CB2 {'rot': 0.00615}
  t=   8.38  cb_yield           L6-CB3 {'rot': 0.00674}
  t=   8.38  cb_yield           L7-CB2 {'rot': 0.0062}
  t=   8.38  cb_yield           L7-CB3 {'rot': 0.00685}
  t=   8.38  cb_yield           L8-CB2 {'rot': 0.00613}
  t=   8.38  cb_yield           L8-CB3 {'rot': 0.00683}
  t=   8.38  cb_yield           L9-CB2 {'rot': 0.00596}
  t=   8.38  cb_yield           L9-CB3 {'rot': 0.00672}
  t=   8.38  cb_yield           L10-CB2 {'rot': 0.00572}
  t=   8.38  cb_yield           L10-CB3 {'rot': 0.00652}
  t=   8.38  cb_yield           L11-CB2 {'rot': 0.00543}
  t=   8.38  cb_yield           L11-CB3 {'rot': 0.00628}
  t=   8.38  cb_yield           L12-CB3 {'rot': 0.00601}
  t=   8.38  cb_yield           L13-CB3 {'rot': 0.00571}
  t=   8.38  cb_yield           L14-CB3 {'rot': 0.0054}
  t=   8.50  cb_yield           L3-CB2 {'rot': 0.00566}
  t=   8.50  cb_yield           L3-CB3 {'rot': 0.006}
  t=   8.50  cb_yield           L4-CB1 {'rot': 0.00585}
  t=   8.50  cb_yield           L5-CB1 {'rot': 0.00622}
  t=   8.50  cb_yield           L6-CB1 {'rot': 0.00638}
  t=   8.50  cb_yield           L7-CB1 {'rot': 0.00636}
  t=   8.50  cb_yield           L8-CB1 {'rot': 0.00619}
  t=   8.50  cb_yield           L9-CB1 {'rot': 0.00591}
  t=   8.50  cb_yield           L10-CB1 {'rot': 0.00556}
  t=   8.50  cb_yield           L12-CB2 {'rot': 0.00634}
  t=   8.50  cb_yield           L13-CB2 {'rot': 0.00595}
  t=   8.50  cb_yield           L14-CB2 {'rot': 0.00554}
  t=   8.50  cb_yield           L15-CB3 {'rot': 0.00618}
  t=   8.50  cb_yield           L16-CB3 {'rot': 0.00582}
  t=   8.63  cb_yield           L4-CB0 {'rot': 0.00539}
  t=   8.63  cb_yield           L9-CB0 {'rot': 0.00584}
  t=   8.63  cb_yield           L10-CB0 {'rot': 0.00553}
  t=   8.63  cb_yield           L11-CB1 {'rot': 0.00611}
  t=   8.63  cb_yield           L12-CB1 {'rot': 0.0057}
  t=   8.63  cb_yield           L15-CB2 {'rot': 0.00636}
  t=   8.63  cb_yield           L16-CB2 {'rot': 0.00602}
  t=   8.63  cb_yield           L17-CB3 {'rot': 0.00676}
  t=   8.63  cb_yield           L18-CB3 {'rot': 0.00637}
  t=   8.63  cb_yield           L19-CB3 {'rot': 0.00599}
  t=   8.75  cb_yield           L13-CB1 {'rot': 0.00574}
  t=   8.75  cb_yield           L14-CB1 {'rot': 0.00537}
  t=   8.75  cb_yield           L17-CB2 {'rot': 0.00687}
  t=   8.75  cb_yield           L18-CB2 {'rot': 0.0066}
  t=   8.75  cb_yield           L19-CB2 {'rot': 0.00629}
  t=   8.75  cb_yield           L20-CB2 {'rot': 0.00596}
  t=   8.75  cb_yield           L20-CB3 {'rot': 0.00723}
  t=   8.75  cb_yield           L21-CB3 {'rot': 0.00691}
  t=   8.75  cb_yield           L22-CB3 {'rot': 0.00657}
  t=   8.75  cb_yield           L23-CB3 {'rot': 0.00624}
  t=   8.75  cb_yield           L24-CB3 {'rot': 0.0059}
  t=   8.88  cb_yield           L15-CB1 {'rot': 0.00534}
  t=   8.88  cb_yield           L21-CB2 {'rot': 0.0069}
  t=   8.88  cb_yield           L22-CB2 {'rot': 0.00657}
  t=   8.88  cb_yield           L23-CB2 {'rot': 0.00622}
  t=   8.88  cb_yield           L24-CB2 {'rot': 0.00583}
  t=   8.88  cb_yield           L25-CB3 {'rot': 0.00686}
  t=   8.88  cb_yield           L26-CB3 {'rot': 0.00647}
  t=   8.88  cb_yield           L27-CB3 {'rot': 0.00609}
  t=   9.00  cb_yield           L25-CB2 {'rot': 0.00614}
  t=   9.00  cb_yield           L28-CB3 {'rot': 0.00639}
  t=   9.00  cb_yield           L29-CB3 {'rot': 0.00598}
  t=   9.13  cb_yield           L20-CB1 {'rot': 0.00576}
  t=   9.13  cb_yield           L21-CB1 {'rot': 0.006}
  t=   9.13  cb_yield           L22-CB1 {'rot': 0.00616}
  t=   9.13  cb_yield           L23-CB1 {'rot': 0.0062}
  t=   9.13  cb_yield           L24-CB1 {'rot': 0.00614}
  t=   9.13  cb_yield           L25-CB1 {'rot': 0.00599}
  t=   9.25  cb_yield           L26-CB1 {'rot': 0.00617}
  t=   9.25  cb_yield           L27-CB1 {'rot': 0.00602}
  t=   9.25  cb_yield           L28-CB1 {'rot': 0.00579}
  t=   9.75  cb_yield           L3-CB0 {'rot': 0.00582}
  t=   9.75  cb_yield           L3-CB1 {'rot': 0.00569}
  t=   9.88  cb_yield           L2-CB0 {'rot': 0.00586}
  progress t=  10.0s  max corner drift so far=0.0028  wall clock=94s
  t=  10.38  cb_yield           L2-CB2 {'rot': 0.00636}
  t=  10.38  cb_yield           L2-CB3 {'rot': 0.0063}
  t=  10.38  cb_yield           L17-CB1 {'rot': 0.00609}
  t=  10.38  cb_yield           L18-CB1 {'rot': 0.00691}
  t=  10.38  cb_yield           L19-CB0 {'rot': 0.00624}
  t=  10.38  cb_yield           L19-CB1 {'rot': 0.0076}
  t=  10.38  cb_yield           L20-CB0 {'rot': 0.00675}
  t=  10.38  cb_yield           L21-CB0 {'rot': 0.00714}
  t=  10.38  cb_yield           L22-CB0 {'rot': 0.0074}
  t=  10.38  cb_yield           L23-CB0 {'rot': 0.00753}
  t=  10.38  cb_yield           L24-CB0 {'rot': 0.00754}
  t=  10.38  cb_yield           L25-CB0 {'rot': 0.00743}
  t=  10.38  cb_yield           L26-CB0 {'rot': 0.00723}
  t=  10.38  cb_yield           L27-CB0 {'rot': 0.00694}
  t=  10.38  cb_yield           L28-CB0 {'rot': 0.0066}
  t=  10.38  cb_yield           L29-CB0 {'rot': 0.0062}
  t=  10.38  cb_yield           L29-CB1 {'rot': 0.00803}
  t=  10.38  cb_yield           L30-CB0 {'rot': 0.00576}
  t=  10.38  cb_yield           L30-CB1 {'rot': 0.0076}
  t=  10.38  cb_yield           L31-CB1 {'rot': 0.00718}
  t=  10.38  cb_yield           L32-CB1 {'rot': 0.00685}
  t=  10.38  cb_yield           L33-CB1 {'rot': 0.00667}
  t=  10.50  cb_yield           L1-CB2 {'rot': 0.00551}
  t=  10.50  cb_yield           L1-CB3 {'rot': 0.00546}
  t=  10.50  cb_yield           L2-CB1 {'rot': 0.00658}
  t=  10.50  cb_yield           L31-CB0 {'rot': 0.00614}
  t=  10.63  cb_yield           L1-CB0 {'rot': 0.00642}
  t=  10.63  cb_yield           L1-CB1 {'rot': 0.00604}
  t=  10.75  cb_yield           L11-CB0 {'rot': 0.00718}
  t=  10.75  cb_yield           L12-CB0 {'rot': 0.00604}
  t=  10.88  cb_yield           L13-CB0 {'rot': 0.00783}
  t=  10.88  cb_yield           L14-CB0 {'rot': 0.00707}
  t=  10.88  cb_yield           L15-CB0 {'rot': 0.00634}
  t=  10.88  cb_yield           L16-CB0 {'rot': 0.00567}
  t=  11.00  cb_yield           L16-CB1 {'rot': 0.00965}
  t=  11.00  cb_yield           L17-CB0 {'rot': 0.00952}
  t=  11.00  cb_yield           L18-CB0 {'rot': 0.00929}
  t=  14.00  cb_yield           L30-CB3 {'rot': 0.00683}
  t=  14.00  cb_yield           L31-CB3 {'rot': 0.00654}
  t=  14.00  cb_yield           L32-CB3 {'rot': 0.00629}
  t=  14.00  cb_yield           L33-CB3 {'rot': 0.00614}
  t=  17.13  cb_yield           L26-CB2 {'rot': 0.00603}
  t=  19.12  cb_yield           L27-CB2 {'rot': 0.00648}
  t=  19.12  cb_yield           L28-CB2 {'rot': 0.00623}
  t=  19.12  cb_yield           L29-CB2 {'rot': 0.00594}
  progress t=  20.0s  max corner drift so far=0.0063  wall clock=195s
  t=  20.75  cb_yield           L32-CB0 {'rot': 0.00682}
  t=  20.75  cb_yield           L33-CB0 {'rot': 0.00668}
  t=  25.37  cb_yield           L30-CB2 {'rot': 0.00683}
  t=  25.37  cb_yield           L31-CB2 {'rot': 0.00589}
  t=  25.50  cb_yield           L32-CB2 {'rot': 0.00684}
  t=  25.50  cb_yield           L33-CB2 {'rot': 0.0065}
  progress t=  30.0s  max corner drift so far=0.0099  wall clock=306s
  progress t=  40.0s  max corner drift so far=0.0099  wall clock=416s
  t=  49.00  cb_failure         L12-CB3 {'rot': 0.02938}
  t=  49.00  cb_failure         L13-CB3 {'rot': 0.02999}
  t=  49.00  cb_failure         L14-CB3 {'rot': 0.03042}
  t=  49.00  cb_failure         L15-CB3 {'rot': 0.03072}
  t=  49.00  cb_failure         L16-CB3 {'rot': 0.03089}
  t=  49.00  cb_failure         L17-CB3 {'rot': 0.03097}
  t=  49.00  cb_failure         L18-CB3 {'rot': 0.03093}
  t=  49.00  cb_failure         L19-CB3 {'rot': 0.03077}
  t=  49.00  cb_failure         L20-CB3 {'rot': 0.03052}
  t=  49.00  cb_failure         L21-CB3 {'rot': 0.03011}
  t=  49.12  cb_failure         L22-CB3 {'rot': 0.03434}
  t=  49.12  cb_failure         L23-CB3 {'rot': 0.03365}
  t=  49.12  cb_failure         L24-CB3 {'rot': 0.03266}
  t=  49.12  cb_failure         L25-CB3 {'rot': 0.03142}
  t=  49.12  cb_failure         L26-CB3 {'rot': 0.02992}
  t=  49.25  cb_failure         L16-CB2 {'rot': 0.02985}
  t=  49.25  cb_failure         L17-CB2 {'rot': 0.03051}
  t=  49.25  cb_failure         L18-CB2 {'rot': 0.0309}
  t=  49.25  cb_failure         L19-CB2 {'rot': 0.03104}
  t=  49.25  cb_failure         L20-CB2 {'rot': 0.03096}
  t=  49.25  cb_failure         L21-CB2 {'rot': 0.03065}
  t=  49.25  cb_failure         L22-CB2 {'rot': 0.03006}
  t=  49.25  cb_failure         L27-CB3 {'rot': 0.02975}
  progress t=  50.0s  max corner drift so far=0.0099  wall clock=537s
  t=  59.12  cb_failure         L9-CB1 {'rot': 0.02988}
  t=  59.12  cb_failure         L9-CB3 {'rot': 0.02947}
  t=  59.12  cb_failure         L10-CB1 {'rot': 0.03067}
  t=  59.12  cb_failure         L10-CB3 {'rot': 0.03049}
  t=  59.12  cb_failure         L11-CB1 {'rot': 0.03125}
  t=  59.12  cb_failure         L11-CB3 {'rot': 0.03132}
  t=  59.12  cb_failure         L12-CB1 {'rot': 0.03168}
  t=  59.12  cb_failure         L13-CB1 {'rot': 0.03191}
  t=  59.12  cb_failure         L14-CB1 {'rot': 0.0319}
  t=  59.12  cb_failure         L15-CB1 {'rot': 0.03168}
  t=  59.12  cb_failure         L16-CB1 {'rot': 0.03125}
  t=  59.12  cb_failure         L17-CB1 {'rot': 0.03042}
  t=  59.25  cb_failure         L6-CB1 {'rot': 0.02977}
  t=  59.25  cb_failure         L6-CB3 {'rot': 0.03043}
  t=  59.25  cb_failure         L7-CB1 {'rot': 0.03158}
  t=  59.25  cb_failure         L7-CB3 {'rot': 0.03243}
  t=  59.25  cb_failure         L8-CB1 {'rot': 0.03282}
  t=  59.25  cb_failure         L8-CB2 {'rot': 0.02978}
  t=  59.25  cb_failure         L8-CB3 {'rot': 0.03388}
  t=  59.25  cb_failure         L9-CB2 {'rot': 0.03055}
  t=  59.25  cb_failure         L10-CB2 {'rot': 0.03104}
  t=  59.25  cb_failure         L11-CB2 {'rot': 0.03128}
  t=  59.25  cb_failure         L12-CB2 {'rot': 0.03135}
  t=  59.25  cb_failure         L13-CB2 {'rot': 0.03121}
  t=  59.25  cb_failure         L14-CB2 {'rot': 0.03086}
  t=  59.25  cb_failure         L15-CB2 {'rot': 0.03035}
  t=  59.25  cb_failure         L18-CB1 {'rot': 0.03047}
  t=  59.37  cb_failure         L5-CB1 {'rot': 0.0294}
  t=  59.37  cb_failure         L5-CB3 {'rot': 0.03159}
  t=  59.37  cb_failure         L6-CB2 {'rot': 0.03066}
  t=  59.37  cb_failure         L7-CB2 {'rot': 0.03236}
  t=  59.37  cb_failure         L8-CB0 {'rot': 0.03006}
  t=  59.37  cb_failure         L9-CB0 {'rot': 0.0304}
  t=  59.37  cb_failure         L10-CB0 {'rot': 0.03042}
  t=  59.37  cb_failure         L11-CB0 {'rot': 0.03018}
  t=  59.37  cb_failure         L12-CB0 {'rot': 0.02977}
  t=  59.37  cb_failure         L19-CB1 {'rot': 0.03088}
  t=  59.37  cb_failure         L20-CB1 {'rot': 0.03009}
  t=  59.50  cb_failure         L4-CB3 {'rot': 0.02939}
  t=  59.50  cb_failure         L13-CB0 {'rot': 0.02995}
  t=  59.50  cb_failure         L14-CB0 {'rot': 0.02945}
  t=  59.50  cb_failure         L21-CB1 {'rot': 0.03314}
  t=  59.50  cb_failure         L22-CB1 {'rot': 0.03249}
  t=  59.50  cb_failure         L23-CB1 {'rot': 0.0318}
  t=  59.50  cb_failure         L24-CB1 {'rot': 0.03102}
  t=  59.50  cb_failure         L25-CB1 {'rot': 0.03016}
  t=  59.50  cb_failure         L28-CB3 {'rot': 0.0325}
  t=  59.50  cb_failure         L29-CB3 {'rot': 0.0311}
  t=  59.62  cb_failure         L5-CB2 {'rot': 0.02942}
  t=  59.62  cb_failure         L15-CB0 {'rot': 0.03103}
  t=  59.62  cb_failure         L16-CB0 {'rot': 0.03095}
  t=  59.62  cb_failure         L17-CB0 {'rot': 0.03076}
  t=  59.62  cb_failure         L18-CB0 {'rot': 0.03044}
  t=  59.62  cb_failure         L19-CB0 {'rot': 0.02996}
  t=  59.62  cb_failure         L23-CB2 {'rot': 0.03207}
  t=  59.62  cb_failure         L24-CB2 {'rot': 0.03038}
  t=  59.62  cb_failure         L26-CB1 {'rot': 0.03082}
  t=  59.62  cb_failure         L30-CB3 {'rot': 0.02979}
  t=  59.75  cb_failure         L20-CB0 {'rot': 0.03232}
  t=  59.75  cb_failure         L21-CB0 {'rot': 0.03131}
  t=  59.75  cb_failure         L22-CB0 {'rot': 0.02988}
  progress t=  60.0s  max corner drift so far=0.0111  wall clock=646s
  t=  62.87  cb_failure         L7-CB0 {'rot': 0.02961}
  t=  63.25  cb_failure         L6-CB0 {'rot': 0.02957}
  t=  65.75  cb_failure         L4-CB1 {'rot': 0.02941}
  t=  65.87  cb_failure         L5-CB0 {'rot': 0.02945}
  progress t=  70.0s  max corner drift so far=0.0111  wall clock=752s
  progress t=  80.0s  max corner drift so far=0.0111  wall clock=860s
  progress t=  90.0s  max corner drift so far=0.0111  wall clock=967s
  progress t= 100.0s  max corner drift so far=0.0111  wall clock=1068s
