  t=   6.50  cb_yield           L5-CB3 {'rot': 0.00549}
  t=   6.50  cb_yield           L6-CB3 {'rot': 0.00575}
  t=   6.50  cb_yield           L7-CB2 {'rot': 0.00534}
  t=   6.50  cb_yield           L7-CB3 {'rot': 0.00589}
  t=   6.50  cb_yield           L8-CB2 {'rot': 0.00536}
  t=   6.50  cb_yield           L8-CB3 {'rot': 0.00594}
  t=   6.50  cb_yield           L9-CB3 {'rot': 0.00591}
  t=   6.50  cb_yield           L10-CB3 {'rot': 0.00581}
  t=   6.50  cb_yield           L11-CB3 {'rot': 0.00567}
  t=   6.50  cb_yield           L12-CB3 {'rot': 0.00549}
  t=   6.63  cb_yield           L4-CB3 {'rot': 0.00555}
  t=   6.63  cb_yield           L5-CB2 {'rot': 0.00555}
  t=   6.63  cb_yield           L6-CB2 {'rot': 0.00587}
  t=   6.63  cb_yield           L9-CB2 {'rot': 0.0061}
  t=   6.63  cb_yield           L10-CB2 {'rot': 0.00596}
  t=   6.63  cb_yield           L11-CB2 {'rot': 0.00576}
  t=   6.63  cb_yield           L12-CB2 {'rot': 0.0055}
  t=   6.63  cb_yield           L13-CB3 {'rot': 0.00603}
  t=   6.63  cb_yield           L14-CB3 {'rot': 0.00568}
  t=   6.75  cb_yield           L15-CB3 {'rot': 0.00546}
  t=   6.88  cb_yield           L16-CB3 {'rot': 0.00577}
  t=   7.00  cb_yield           L15-CB2 {'rot': 0.00533}
  t=   7.00  cb_yield           L16-CB2 {'rot': 0.00543}
  t=   7.00  cb_yield           L17-CB3 {'rot': 0.00672}
  t=   7.00  cb_yield           L18-CB3 {'rot': 0.00679}
  t=   7.00  cb_yield           L19-CB3 {'rot': 0.00679}
  t=   7.00  cb_yield           L20-CB3 {'rot': 0.00674}
  t=   7.00  cb_yield           L21-CB3 {'rot': 0.00663}
  t=   7.00  cb_yield           L22-CB3 {'rot': 0.00646}
  t=   7.00  cb_yield           L23-CB3 {'rot': 0.00623}
  t=   7.00  cb_yield           L24-CB3 {'rot': 0.00595}
  t=   7.13  cb_yield           L17-CB2 {'rot': 0.00594}
  t=   7.13  cb_yield           L18-CB2 {'rot': 0.00607}
  t=   7.13  cb_yield           L19-CB2 {'rot': 0.00612}
  t=   7.13  cb_yield           L20-CB2 {'rot': 0.0061}
  t=   7.13  cb_yield           L21-CB2 {'rot': 0.006}
  t=   7.13  cb_yield           L22-CB2 {'rot': 0.00583}
  t=   7.13  cb_yield           L25-CB3 {'rot': 0.00639}
  t=   7.13  cb_yield           L26-CB3 {'rot': 0.006}
  t=   7.50  cb_yield           L3-CB3 {'rot': 0.00549}
  t=   7.50  cb_yield           L4-CB2 {'rot': 0.00587}
  t=   7.50  cb_yield           L13-CB2 {'rot': 0.00549}
  t=   7.63  cb_yield           L3-CB2 {'rot': 0.00592}
  t=   7.63  cb_yield           L5-CB1 {'rot': 0.00547}
  t=   7.63  cb_yield           L6-CB1 {'rot': 0.00563}
  t=   7.63  cb_yield           L7-CB1 {'rot': 0.00566}
  t=   7.63  cb_yield           L8-CB1 {'rot': 0.00556}
  t=   7.63  cb_yield           L9-CB1 {'rot': 0.00536}
  t=   7.63  cb_yield           L14-CB2 {'rot': 0.00594}
  t=   7.75  cb_yield           L10-CB1 {'rot': 0.00545}
  t=   9.00  cb_yield           L23-CB2 {'rot': 0.00665}
  t=   9.00  cb_yield           L24-CB2 {'rot': 0.0064}
  t=   9.00  cb_yield           L25-CB2 {'rot': 0.00609}
  t=   9.13  cb_yield           L26-CB2 {'rot': 0.00666}
  t=   9.13  cb_yield           L27-CB2 {'rot': 0.00611}
  t=   9.13  cb_yield           L27-CB3 {'rot': 0.00602}
  t=   9.50  cb_yield           L2-CB3 {'rot': 0.00551}
  t=   9.63  cb_yield           L2-CB2 {'rot': 0.00654}
  t=   9.63  cb_yield           L4-CB0 {'rot': 0.0058}
  t=   9.63  cb_yield           L4-CB1 {'rot': 0.00557}
  t=   9.63  cb_yield           L5-CB0 {'rot': 0.00602}
  t=   9.63  cb_yield           L6-CB0 {'rot': 0.006}
  t=   9.63  cb_yield           L7-CB0 {'rot': 0.0058}
  t=   9.63  cb_yield           L8-CB0 {'rot': 0.00546}
  t=   9.75  cb_yield           L3-CB0 {'rot': 0.00588}
  t=   9.75  cb_yield           L3-CB1 {'rot': 0.00569}
  t=   9.75  cb_yield           L9-CB0 {'rot': 0.00548}
  t=   9.75  cb_yield           L26-CB1 {'rot': 0.00575}
  progress t=  10.0s  max corner drift so far=0.0039  wall clock=111s
  t=  11.00  cb_yield           L10-CB0 {'rot': 0.00586}
  t=  11.00  cb_yield           L11-CB0 {'rot': 0.00534}
  t=  11.63  cb_yield           L18-CB0 {'rot': 0.0058}
  t=  11.63  cb_yield           L19-CB0 {'rot': 0.00623}
  t=  11.63  cb_yield           L20-CB0 {'rot': 0.00654}
  t=  11.63  cb_yield           L20-CB1 {'rot': 0.00594}
  t=  11.63  cb_yield           L21-CB0 {'rot': 0.00673}
  t=  11.63  cb_yield           L21-CB1 {'rot': 0.0061}
  t=  11.63  cb_yield           L22-CB0 {'rot': 0.00679}
  t=  11.63  cb_yield           L22-CB1 {'rot': 0.00614}
  t=  11.63  cb_yield           L23-CB0 {'rot': 0.00673}
  t=  11.63  cb_yield           L23-CB1 {'rot': 0.00606}
  t=  11.63  cb_yield           L24-CB0 {'rot': 0.00655}
  t=  11.63  cb_yield           L24-CB1 {'rot': 0.00587}
  t=  11.63  cb_yield           L25-CB0 {'rot': 0.00627}
  t=  11.63  cb_yield           L26-CB0 {'rot': 0.0059}
  t=  11.75  cb_yield           L1-CB2 {'rot': 0.00593}
  t=  11.75  cb_yield           L1-CB3 {'rot': 0.0058}
  t=  12.13  cb_yield           L28-CB3 {'rot': 0.00694}
  t=  12.13  cb_yield           L29-CB3 {'rot': 0.00646}
  t=  12.13  cb_yield           L30-CB3 {'rot': 0.00598}
  t=  12.25  cb_yield           L11-CB1 {'rot': 0.00535}
  t=  12.25  cb_yield           L12-CB1 {'rot': 0.00565}
  t=  12.25  cb_yield           L13-CB1 {'rot': 0.00598}
  t=  12.25  cb_yield           L14-CB1 {'rot': 0.00632}
  t=  12.25  cb_yield           L15-CB1 {'rot': 0.00665}
  t=  12.25  cb_yield           L16-CB1 {'rot': 0.00696}
  t=  12.25  cb_yield           L17-CB1 {'rot': 0.00729}
  t=  12.25  cb_yield           L18-CB1 {'rot': 0.00754}
  t=  12.25  cb_yield           L19-CB1 {'rot': 0.0077}
  t=  12.25  cb_yield           L25-CB1 {'rot': 0.00655}
  t=  12.25  cb_yield           L28-CB2 {'rot': 0.00643}
  t=  12.25  cb_yield           L31-CB3 {'rot': 0.00648}
  t=  12.25  cb_yield           L32-CB3 {'rot': 0.00599}
  t=  12.38  cb_yield           L12-CB0 {'rot': 0.006}
  t=  12.38  cb_yield           L13-CB0 {'rot': 0.00633}
  t=  12.38  cb_yield           L14-CB0 {'rot': 0.00666}
  t=  12.38  cb_yield           L15-CB0 {'rot': 0.00701}
  t=  12.38  cb_yield           L16-CB0 {'rot': 0.00733}
  t=  12.38  cb_yield           L17-CB0 {'rot': 0.00768}
  t=  12.38  cb_yield           L27-CB1 {'rot': 0.00786}
  t=  12.38  cb_yield           L28-CB1 {'rot': 0.00701}
  t=  12.38  cb_yield           L29-CB1 {'rot': 0.00606}
  t=  12.38  cb_yield           L29-CB2 {'rot': 0.00644}
  t=  12.38  cb_yield           L33-CB3 {'rot': 0.00663}
  t=  12.50  cb_yield           L2-CB1 {'rot': 0.00567}
  t=  12.50  cb_yield           L30-CB1 {'rot': 0.00606}
  t=  12.63  cb_yield           L2-CB0 {'rot': 0.00654}
  t=  12.75  cb_yield           L1-CB0 {'rot': 0.0056}
  t=  12.75  cb_yield           L1-CB1 {'rot': 0.00608}
  t=  13.13  cb_yield           L31-CB1 {'rot': 0.00603}
  t=  13.38  cb_yield           L27-CB0 {'rot': 0.00638}
  t=  13.50  cb_yield           L28-CB0 {'rot': 0.00578}
  t=  13.50  cb_yield           L32-CB1 {'rot': 0.00592}
  t=  17.75  cb_yield           L33-CB1 {'rot': 0.00657}
  t=  17.88  cb_yield           L29-CB0 {'rot': 0.00618}
  t=  18.00  cb_yield           L30-CB0 {'rot': 0.00604}
  progress t=  20.0s  max corner drift so far=0.0064  wall clock=225s
  t=  23.12  cb_yield           L31-CB0 {'rot': 0.00713}
  t=  23.12  cb_yield           L32-CB0 {'rot': 0.00682}
  t=  23.12  cb_yield           L33-CB0 {'rot': 0.00665}
  t=  25.00  cb_yield           L30-CB2 {'rot': 0.00622}
  t=  25.12  cb_yield           L31-CB2 {'rot': 0.00711}
  t=  25.12  cb_yield           L32-CB2 {'rot': 0.00645}
  t=  25.12  cb_yield           L33-CB2 {'rot': 0.00615}
  progress t=  30.0s  max corner drift so far=0.0068  wall clock=339s
  progress t=  40.0s  max corner drift so far=0.0068  wall clock=460s
  t=  45.75  cb_failure         L5-CB0 {'rot': 0.02996}
  t=  45.75  cb_failure         L5-CB1 {'rot': 0.02956}
  t=  45.75  cb_failure         L6-CB0 {'rot': 0.03064}
  t=  45.75  cb_failure         L6-CB1 {'rot': 0.03014}
  t=  45.75  cb_failure         L6-CB2 {'rot': 0.02986}
  t=  45.75  cb_failure         L6-CB3 {'rot': 0.02957}
  t=  45.75  cb_failure         L7-CB0 {'rot': 0.03056}
  t=  45.75  cb_failure         L7-CB1 {'rot': 0.02996}
  t=  45.75  cb_failure         L7-CB2 {'rot': 0.02986}
  t=  45.75  cb_failure         L7-CB3 {'rot': 0.02948}
  t=  45.75  cb_failure         L8-CB0 {'rot': 0.02982}
  t=  45.87  cb_failure         L4-CB2 {'rot': 0.03029}
  t=  45.87  cb_failure         L4-CB3 {'rot': 0.03022}
  t=  45.87  cb_failure         L5-CB2 {'rot': 0.03257}
  t=  45.87  cb_failure         L5-CB3 {'rot': 0.03236}
  t=  45.87  cb_failure         L8-CB1 {'rot': 0.03048}
  t=  45.87  cb_failure         L8-CB2 {'rot': 0.03342}
  t=  45.87  cb_failure         L8-CB3 {'rot': 0.03288}
  t=  45.87  cb_failure         L9-CB0 {'rot': 0.02996}
  t=  45.87  cb_failure         L9-CB2 {'rot': 0.0323}
  t=  45.87  cb_failure         L9-CB3 {'rot': 0.03168}
  t=  45.87  cb_failure         L10-CB2 {'rot': 0.03045}
  t=  45.87  cb_failure         L10-CB3 {'rot': 0.02982}
  t=  46.00  cb_failure         L11-CB2 {'rot': 0.03052}
  t=  46.00  cb_failure         L11-CB3 {'rot': 0.02997}
  t=  46.25  cb_failure         L12-CB3 {'rot': 0.02952}
  t=  48.50  cb_failure         L12-CB2 {'rot': 0.03051}
  t=  48.50  cb_failure         L13-CB3 {'rot': 0.03198}
  t=  48.50  cb_failure         L14-CB3 {'rot': 0.03}
  t=  48.62  cb_failure         L13-CB2 {'rot': 0.03}
  t=  48.87  cb_failure         L15-CB3 {'rot': 0.02952}
  t=  49.00  cb_failure         L14-CB2 {'rot': 0.03053}
  t=  49.00  cb_failure         L15-CB2 {'rot': 0.02962}
  t=  49.00  cb_failure         L16-CB3 {'rot': 0.03095}
  t=  49.00  cb_failure         L17-CB3 {'rot': 0.02987}
  t=  49.12  cb_failure         L16-CB2 {'rot': 0.03177}
  t=  49.12  cb_failure         L17-CB2 {'rot': 0.03144}
  t=  49.12  cb_failure         L18-CB2 {'rot': 0.03087}
  t=  49.12  cb_failure         L18-CB3 {'rot': 0.03341}
  t=  49.12  cb_failure         L19-CB2 {'rot': 0.03004}
  t=  49.12  cb_failure         L19-CB3 {'rot': 0.03278}
  t=  49.12  cb_failure         L20-CB3 {'rot': 0.03189}
  t=  49.12  cb_failure         L21-CB3 {'rot': 0.03068}
  t=  49.25  cb_failure         L20-CB2 {'rot': 0.03231}
  t=  49.25  cb_failure         L21-CB2 {'rot': 0.03156}
  t=  49.25  cb_failure         L22-CB2 {'rot': 0.03036}
  t=  49.25  cb_failure         L22-CB3 {'rot': 0.0336}
  t=  49.25  cb_failure         L23-CB3 {'rot': 0.03208}
  t=  49.25  cb_failure         L24-CB3 {'rot': 0.03017}
  progress t=  50.0s  max corner drift so far=0.0104  wall clock=580s
  progress t=  60.0s  max corner drift so far=0.0104  wall clock=696s
  t=  62.37  cb_failure         L9-CB1 {'rot': 0.03151}
  t=  62.37  cb_failure         L10-CB1 {'rot': 0.03153}
  t=  62.37  cb_failure         L11-CB1 {'rot': 0.03133}
  t=  62.37  cb_failure         L12-CB1 {'rot': 0.03096}
  t=  62.37  cb_failure         L13-CB1 {'rot': 0.03031}
  t=  62.37  cb_failure         L14-CB1 {'rot': 0.02939}
  t=  62.50  cb_failure         L10-CB0 {'rot': 0.0301}
  t=  62.50  cb_failure         L11-CB0 {'rot': 0.02964}
  t=  62.50  cb_failure         L15-CB1 {'rot': 0.0296}
  t=  62.87  cb_failure         L4-CB1 {'rot': 0.02944}
  t=  63.12  cb_failure         L12-CB0 {'rot': 0.0294}
  t=  63.12  cb_failure         L16-CB1 {'rot': 0.03096}
  t=  63.12  cb_failure         L17-CB1 {'rot': 0.02994}
  t=  63.25  cb_failure         L18-CB1 {'rot': 0.03048}
  t=  66.25  cb_failure         L13-CB0 {'rot': 0.03066}
  t=  66.25  cb_failure         L14-CB0 {'rot': 0.02986}
  t=  66.37  cb_failure         L15-CB0 {'rot': 0.03034}
  progress t=  70.0s  max corner drift so far=0.0104  wall clock=819s
  progress t=  80.0s  max corner drift so far=0.0104  wall clock=934s
  progress t=  90.0s  max corner drift so far=0.0104  wall clock=1047s
  progress t= 100.0s  max corner drift so far=0.0104  wall clock=1163s
