  t=   3.25  cb_yield           L6-CB3 {'rot': 0.00533}
  t=   3.25  cb_yield           L7-CB3 {'rot': 0.00548}
  t=   3.25  cb_yield           L8-CB3 {'rot': 0.00555}
  t=   3.25  cb_yield           L9-CB3 {'rot': 0.00556}
  t=   3.25  cb_yield           L10-CB3 {'rot': 0.00552}
  t=   3.25  cb_yield           L11-CB3 {'rot': 0.00545}
  t=   3.25  cb_yield           L12-CB3 {'rot': 0.00536}
  t=   3.37  cb_yield           L5-CB3 {'rot': 0.00536}
  t=   3.37  cb_yield           L8-CB2 {'rot': 0.00533}
  t=   3.37  cb_yield           L13-CB3 {'rot': 0.00552}
  t=   3.37  cb_yield           L14-CB3 {'rot': 0.00536}
  t=   3.50  cb_yield           L7-CB2 {'rot': 0.00533}
  t=   3.50  cb_yield           L9-CB2 {'rot': 0.00534}
  t=   5.00  cb_yield           L8-CB0 {'rot': 0.00537}
  t=   5.00  cb_yield           L9-CB0 {'rot': 0.00542}
  t=   5.00  cb_yield           L10-CB0 {'rot': 0.00543}
  t=   5.00  cb_yield           L11-CB0 {'rot': 0.00541}
  t=   5.00  cb_yield           L12-CB0 {'rot': 0.00538}
  t=   5.13  cb_yield           L5-CB0 {'rot': 0.00534}
  t=   5.13  cb_yield           L5-CB2 {'rot': 0.00555}
  t=   5.13  cb_yield           L6-CB0 {'rot': 0.00567}
  t=   5.13  cb_yield           L6-CB1 {'rot': 0.0055}
  t=   5.13  cb_yield           L6-CB2 {'rot': 0.00585}
  t=   5.13  cb_yield           L7-CB0 {'rot': 0.0059}
  t=   5.13  cb_yield           L7-CB1 {'rot': 0.00573}
  t=   5.13  cb_yield           L8-CB1 {'rot': 0.00589}
  t=   5.13  cb_yield           L9-CB1 {'rot': 0.00599}
  t=   5.13  cb_yield           L10-CB1 {'rot': 0.00603}
  t=   5.13  cb_yield           L10-CB2 {'rot': 0.0061}
  t=   5.13  cb_yield           L11-CB1 {'rot': 0.00603}
  t=   5.13  cb_yield           L11-CB2 {'rot': 0.006}
  t=   5.13  cb_yield           L12-CB1 {'rot': 0.00602}
  t=   5.13  cb_yield           L12-CB2 {'rot': 0.00587}
  t=   5.13  cb_yield           L13-CB0 {'rot': 0.00614}
  t=   5.13  cb_yield           L13-CB1 {'rot': 0.00596}
  t=   5.13  cb_yield           L13-CB2 {'rot': 0.0057}
  t=   5.13  cb_yield           L14-CB0 {'rot': 0.00603}
  t=   5.13  cb_yield           L14-CB1 {'rot': 0.00586}
  t=   5.13  cb_yield           L14-CB2 {'rot': 0.00549}
  t=   5.13  cb_yield           L15-CB0 {'rot': 0.00591}
  t=   5.13  cb_yield           L15-CB1 {'rot': 0.00574}
  t=   5.13  cb_yield           L16-CB0 {'rot': 0.00577}
  t=   5.13  cb_yield           L16-CB1 {'rot': 0.0056}
  t=   5.25  cb_yield           L4-CB2 {'rot': 0.00546}
  t=   5.25  cb_yield           L4-CB3 {'rot': 0.00555}
  t=   5.25  cb_yield           L5-CB1 {'rot': 0.00566}
  t=   5.25  cb_yield           L15-CB2 {'rot': 0.00574}
  t=   5.25  cb_yield           L15-CB3 {'rot': 0.00581}
  t=   5.25  cb_yield           L16-CB2 {'rot': 0.00549}
  t=   5.25  cb_yield           L16-CB3 {'rot': 0.00555}
  t=   5.25  cb_yield           L17-CB0 {'rot': 0.00589}
  t=   5.25  cb_yield           L17-CB1 {'rot': 0.00577}
  t=   5.38  cb_yield           L4-CB0 {'rot': 0.00569}
  t=   5.38  cb_yield           L4-CB1 {'rot': 0.00565}
  t=   5.50  cb_yield           L3-CB3 {'rot': 0.00544}
  t=   5.50  cb_yield           L17-CB2 {'rot': 0.0059}
  t=   5.50  cb_yield           L17-CB3 {'rot': 0.006}
  t=   5.63  cb_yield           L3-CB0 {'rot': 0.00541}
  t=   5.63  cb_yield           L3-CB1 {'rot': 0.00536}
  t=   5.63  cb_yield           L3-CB2 {'rot': 0.00552}
  progress t=  10.0s  max corner drift so far=0.0025  wall clock=110s
  t=  10.38  cb_yield           L18-CB3 {'rot': 0.00696}
  t=  10.38  cb_yield           L19-CB3 {'rot': 0.00672}
  t=  10.38  cb_yield           L20-CB3 {'rot': 0.00648}
  t=  10.38  cb_yield           L21-CB3 {'rot': 0.00622}
  t=  10.38  cb_yield           L22-CB3 {'rot': 0.00595}
  t=  10.50  cb_yield           L18-CB2 {'rot': 0.00731}
  t=  10.50  cb_yield           L19-CB1 {'rot': 0.00576}
  t=  10.50  cb_yield           L19-CB2 {'rot': 0.00725}
  t=  10.50  cb_yield           L20-CB1 {'rot': 0.00595}
  t=  10.50  cb_yield           L20-CB2 {'rot': 0.00715}
  t=  10.50  cb_yield           L21-CB1 {'rot': 0.0061}
  t=  10.50  cb_yield           L21-CB2 {'rot': 0.00699}
  t=  10.50  cb_yield           L22-CB1 {'rot': 0.00617}
  t=  10.50  cb_yield           L22-CB2 {'rot': 0.00677}
  t=  10.50  cb_yield           L23-CB1 {'rot': 0.00618}
  t=  10.50  cb_yield           L23-CB2 {'rot': 0.00649}
  t=  10.50  cb_yield           L23-CB3 {'rot': 0.00819}
  t=  10.50  cb_yield           L24-CB1 {'rot': 0.0061}
  t=  10.50  cb_yield           L24-CB2 {'rot': 0.00615}
  t=  10.50  cb_yield           L24-CB3 {'rot': 0.00785}
  t=  10.50  cb_yield           L25-CB1 {'rot': 0.00596}
  t=  10.50  cb_yield           L25-CB2 {'rot': 0.00577}
  t=  10.50  cb_yield           L25-CB3 {'rot': 0.00746}
  t=  10.50  cb_yield           L26-CB1 {'rot': 0.00575}
  t=  10.50  cb_yield           L26-CB3 {'rot': 0.00701}
  t=  10.50  cb_yield           L27-CB3 {'rot': 0.00653}
  t=  10.50  cb_yield           L28-CB3 {'rot': 0.00606}
  t=  10.63  cb_yield           L18-CB1 {'rot': 0.00622}
  t=  10.63  cb_yield           L26-CB2 {'rot': 0.00687}
  t=  10.63  cb_yield           L27-CB2 {'rot': 0.00618}
  t=  10.63  cb_yield           L29-CB3 {'rot': 0.00648}
  t=  10.75  cb_yield           L30-CB3 {'rot': 0.00591}
  t=  11.13  cb_yield           L2-CB2 {'rot': 0.00598}
  t=  11.13  cb_yield           L2-CB3 {'rot': 0.00594}
  t=  11.13  cb_yield           L28-CB2 {'rot': 0.00602}
  t=  11.13  cb_yield           L31-CB3 {'rot': 0.00636}
  t=  11.13  cb_yield           L32-CB3 {'rot': 0.0061}
  t=  11.13  cb_yield           L33-CB3 {'rot': 0.00595}
  t=  11.25  cb_yield           L1-CB3 {'rot': 0.00571}
  t=  11.25  cb_yield           L2-CB1 {'rot': 0.00541}
  t=  11.38  cb_yield           L1-CB2 {'rot': 0.00618}
  t=  11.38  cb_yield           L2-CB0 {'rot': 0.00593}
  t=  12.00  cb_yield           L19-CB0 {'rot': 0.00577}
  t=  12.00  cb_yield           L20-CB0 {'rot': 0.00625}
  t=  12.00  cb_yield           L21-CB0 {'rot': 0.00665}
  t=  12.00  cb_yield           L22-CB0 {'rot': 0.00696}
  t=  12.00  cb_yield           L23-CB0 {'rot': 0.00715}
  t=  12.00  cb_yield           L24-CB0 {'rot': 0.0072}
  t=  12.00  cb_yield           L25-CB0 {'rot': 0.00713}
  t=  12.00  cb_yield           L26-CB0 {'rot': 0.00693}
  t=  12.00  cb_yield           L27-CB0 {'rot': 0.00663}
  t=  12.00  cb_yield           L27-CB1 {'rot': 0.00846}
  t=  12.00  cb_yield           L28-CB0 {'rot': 0.00626}
  t=  12.00  cb_yield           L28-CB1 {'rot': 0.0081}
  t=  12.00  cb_yield           L29-CB0 {'rot': 0.00583}
  t=  12.00  cb_yield           L29-CB1 {'rot': 0.00767}
  t=  12.00  cb_yield           L30-CB1 {'rot': 0.00717}
  t=  12.00  cb_yield           L31-CB1 {'rot': 0.00668}
  t=  12.00  cb_yield           L32-CB1 {'rot': 0.0063}
  t=  12.00  cb_yield           L33-CB1 {'rot': 0.0061}
  t=  12.13  cb_yield           L18-CB0 {'rot': 0.0067}
  t=  12.13  cb_yield           L30-CB0 {'rot': 0.00613}
  t=  13.25  cb_yield           L29-CB2 {'rot': 0.00612}
  t=  14.13  cb_yield           L30-CB2 {'rot': 0.0058}
  t=  16.38  cb_yield           L1-CB0 {'rot': 0.00537}
  t=  16.38  cb_yield           L1-CB1 {'rot': 0.00568}
  t=  17.25  cb_yield           L31-CB0 {'rot': 0.00682}
  t=  17.25  cb_yield           L32-CB0 {'rot': 0.00615}
  t=  17.25  cb_yield           L33-CB0 {'rot': 0.00582}
  progress t=  20.0s  max corner drift so far=0.0063  wall clock=233s
  t=  21.75  cb_yield           L31-CB2 {'rot': 0.0074}
  t=  21.75  cb_yield           L32-CB2 {'rot': 0.00694}
  t=  21.75  cb_yield           L33-CB2 {'rot': 0.00673}
  progress t=  30.0s  max corner drift so far=0.0063  wall clock=348s
  progress t=  40.0s  max corner drift so far=0.0063  wall clock=463s
  t=  48.87  cb_failure         L7-CB3 {'rot': 0.03054}
  t=  48.87  cb_failure         L8-CB3 {'rot': 0.03127}
  t=  48.87  cb_failure         L9-CB3 {'rot': 0.03157}
  t=  48.87  cb_failure         L10-CB3 {'rot': 0.03157}
  t=  48.87  cb_failure         L11-CB3 {'rot': 0.03136}
  t=  48.87  cb_failure         L12-CB3 {'rot': 0.031}
  t=  48.87  cb_failure         L13-CB3 {'rot': 0.03045}
  t=  48.87  cb_failure         L14-CB3 {'rot': 0.0297}
  t=  49.00  cb_failure         L6-CB3 {'rot': 0.03146}
  t=  49.00  cb_failure         L7-CB2 {'rot': 0.02994}
  t=  49.00  cb_failure         L8-CB2 {'rot': 0.03099}
  t=  49.00  cb_failure         L9-CB2 {'rot': 0.03168}
  t=  49.00  cb_failure         L10-CB2 {'rot': 0.032}
  t=  49.00  cb_failure         L11-CB2 {'rot': 0.03199}
  t=  49.00  cb_failure         L12-CB2 {'rot': 0.03176}
  t=  49.00  cb_failure         L13-CB2 {'rot': 0.03125}
  t=  49.00  cb_failure         L14-CB2 {'rot': 0.03043}
  t=  49.00  cb_failure         L15-CB2 {'rot': 0.0294}
  t=  49.00  cb_failure         L15-CB3 {'rot': 0.03434}
  t=  49.00  cb_failure         L16-CB3 {'rot': 0.03328}
  t=  49.00  cb_failure         L17-CB3 {'rot': 0.03177}
  t=  49.00  cb_failure         L18-CB3 {'rot': 0.0301}
  t=  49.12  cb_failure         L5-CB3 {'rot': 0.03068}
  t=  49.12  cb_failure         L6-CB2 {'rot': 0.03078}
  t=  49.12  cb_failure         L8-CB1 {'rot': 0.02973}
  t=  49.12  cb_failure         L9-CB1 {'rot': 0.03079}
  t=  49.12  cb_failure         L10-CB1 {'rot': 0.0315}
  t=  49.12  cb_failure         L11-CB1 {'rot': 0.0319}
  t=  49.12  cb_failure         L12-CB1 {'rot': 0.03206}
  t=  49.12  cb_failure         L13-CB1 {'rot': 0.03192}
  t=  49.12  cb_failure         L14-CB1 {'rot': 0.03141}
  t=  49.12  cb_failure         L15-CB1 {'rot': 0.03064}
  t=  49.12  cb_failure         L16-CB1 {'rot': 0.02963}
  t=  49.12  cb_failure         L16-CB2 {'rot': 0.03166}
  t=  49.12  cb_failure         L19-CB3 {'rot': 0.03013}
  t=  49.25  cb_failure         L5-CB2 {'rot': 0.02985}
  t=  49.25  cb_failure         L7-CB1 {'rot': 0.02959}
  t=  49.25  cb_failure         L17-CB2 {'rot': 0.03034}
  t=  49.37  cb_failure         L4-CB3 {'rot': 0.03046}
  t=  49.37  cb_failure         L6-CB1 {'rot': 0.02949}
  t=  49.62  cb_failure         L5-CB1 {'rot': 0.03002}
  t=  49.62  cb_failure         L7-CB0 {'rot': 0.02942}
  t=  49.62  cb_failure         L8-CB0 {'rot': 0.02978}
  t=  49.62  cb_failure         L9-CB0 {'rot': 0.02973}
  t=  49.62  cb_failure         L10-CB0 {'rot': 0.02943}
  t=  49.75  cb_failure         L11-CB0 {'rot': 0.03003}
  t=  49.75  cb_failure         L12-CB0 {'rot': 0.02942}
  t=  49.87  cb_failure         L13-CB0 {'rot': 0.02998}
  t=  50.00  cb_failure         L14-CB0 {'rot': 0.02937}
  progress t=  50.0s  max corner drift so far=0.0087  wall clock=574s
  progress t=  60.0s  max corner drift so far=0.0087  wall clock=692s
  t=  62.12  cb_failure         L6-CB0 {'rot': 0.02977}
  progress t=  70.0s  max corner drift so far=0.0089  wall clock=805s
  t=  74.37  cb_failure         L20-CB3 {'rot': 0.03022}
  t=  74.50  cb_failure         L18-CB2 {'rot': 0.03103}
  t=  74.50  cb_failure         L21-CB3 {'rot': 0.03085}
  t=  74.62  cb_failure         L19-CB2 {'rot': 0.03079}
  t=  74.75  cb_failure         L4-CB2 {'rot': 0.03006}
  progress t=  80.0s  max corner drift so far=0.0106  wall clock=917s
  progress t=  90.0s  max corner drift so far=0.0106  wall clock=1024s
  progress t= 100.0s  max corner drift so far=0.0106  wall clock=1130s
