  t=   1.87  cb_yield           L4-CB0 {'rot': 0.00541}
  t=   1.87  cb_yield           L4-CB1 {'rot': 0.00575}
  t=   1.87  cb_yield           L4-CB2 {'rot': 0.00553}
  t=   1.87  cb_yield           L4-CB3 {'rot': 0.00587}
  t=   1.87  cb_yield           L5-CB0 {'rot': 0.00564}
  t=   1.87  cb_yield           L5-CB1 {'rot': 0.00603}
  t=   1.87  cb_yield           L5-CB2 {'rot': 0.00577}
  t=   1.87  cb_yield           L5-CB3 {'rot': 0.00617}
  t=   1.87  cb_yield           L6-CB0 {'rot': 0.00566}
  t=   1.87  cb_yield           L6-CB1 {'rot': 0.0061}
  t=   1.87  cb_yield           L6-CB2 {'rot': 0.0058}
  t=   1.87  cb_yield           L6-CB3 {'rot': 0.00625}
  t=   1.87  cb_yield           L7-CB0 {'rot': 0.00553}
  t=   1.87  cb_yield           L7-CB1 {'rot': 0.00602}
  t=   1.87  cb_yield           L7-CB2 {'rot': 0.00568}
  t=   1.87  cb_yield           L7-CB3 {'rot': 0.00618}
  t=   1.87  cb_yield           L8-CB1 {'rot': 0.00581}
  t=   1.87  cb_yield           L8-CB2 {'rot': 0.00544}
  t=   1.87  cb_yield           L8-CB3 {'rot': 0.00597}
  t=   1.87  cb_yield           L9-CB1 {'rot': 0.00553}
  t=   1.87  cb_yield           L9-CB3 {'rot': 0.00568}
  t=   1.87  cb_yield           L10-CB3 {'rot': 0.00534}
  t=   2.00  cb_yield           L3-CB0 {'rot': 0.00542}
  t=   2.00  cb_yield           L3-CB1 {'rot': 0.00578}
  t=   2.00  cb_yield           L3-CB2 {'rot': 0.0055}
  t=   2.00  cb_yield           L3-CB3 {'rot': 0.00585}
  t=   2.00  cb_yield           L8-CB0 {'rot': 0.00672}
  t=   2.00  cb_yield           L9-CB0 {'rot': 0.00648}
  t=   2.00  cb_yield           L9-CB2 {'rot': 0.00662}
  t=   2.00  cb_yield           L10-CB0 {'rot': 0.00614}
  t=   2.00  cb_yield           L10-CB1 {'rot': 0.00692}
  t=   2.00  cb_yield           L10-CB2 {'rot': 0.00628}
  t=   2.00  cb_yield           L11-CB0 {'rot': 0.00574}
  t=   2.00  cb_yield           L11-CB1 {'rot': 0.00656}
  t=   2.00  cb_yield           L11-CB2 {'rot': 0.00589}
  t=   2.00  cb_yield           L11-CB3 {'rot': 0.00673}
  t=   2.00  cb_yield           L12-CB1 {'rot': 0.00618}
  t=   2.00  cb_yield           L12-CB2 {'rot': 0.00546}
  t=   2.00  cb_yield           L12-CB3 {'rot': 0.00634}
  t=   2.00  cb_yield           L13-CB1 {'rot': 0.00576}
  t=   2.00  cb_yield           L13-CB3 {'rot': 0.00592}
  t=   2.00  cb_yield           L14-CB1 {'rot': 0.00533}
  t=   2.00  cb_yield           L14-CB3 {'rot': 0.00549}
  t=   2.12  cb_yield           L12-CB0 {'rot': 0.00662}
  t=   2.12  cb_yield           L13-CB0 {'rot': 0.00625}
  t=   2.12  cb_yield           L13-CB2 {'rot': 0.00643}
  t=   2.12  cb_yield           L14-CB0 {'rot': 0.00582}
  t=   2.12  cb_yield           L14-CB2 {'rot': 0.00601}
  t=   2.12  cb_yield           L15-CB0 {'rot': 0.00538}
  t=   2.12  cb_yield           L15-CB1 {'rot': 0.00656}
  t=   2.12  cb_yield           L15-CB2 {'rot': 0.00558}
  t=   2.12  cb_yield           L15-CB3 {'rot': 0.00678}
  t=   2.12  cb_yield           L16-CB1 {'rot': 0.00613}
  t=   2.12  cb_yield           L16-CB3 {'rot': 0.00636}
  t=   2.12  cb_yield           L17-CB3 {'rot': 0.00587}
  t=   2.25  cb_yield           L16-CB0 {'rot': 0.00596}
  t=   2.25  cb_yield           L16-CB2 {'rot': 0.00623}
  t=   2.25  cb_yield           L17-CB1 {'rot': 0.00688}
  t=   2.25  cb_yield           L17-CB2 {'rot': 0.00575}
  t=   2.25  cb_yield           L18-CB1 {'rot': 0.00641}
  t=   2.25  cb_yield           L18-CB3 {'rot': 0.00673}
  t=   2.25  cb_yield           L19-CB1 {'rot': 0.00595}
  t=   2.25  cb_yield           L19-CB3 {'rot': 0.00629}
  t=   2.25  cb_yield           L20-CB3 {'rot': 0.00589}
  t=   2.37  cb_yield           L17-CB0 {'rot': 0.00656}
  t=   2.37  cb_yield           L18-CB0 {'rot': 0.00631}
  t=   2.37  cb_yield           L18-CB2 {'rot': 0.00668}
  t=   2.37  cb_yield           L19-CB0 {'rot': 0.00604}
  t=   2.37  cb_yield           L19-CB2 {'rot': 0.00643}
  t=   2.37  cb_yield           L20-CB0 {'rot': 0.00577}
  t=   2.37  cb_yield           L20-CB1 {'rot': 0.00772}
  t=   2.37  cb_yield           L20-CB2 {'rot': 0.00618}
  t=   2.37  cb_yield           L21-CB1 {'rot': 0.00745}
  t=   2.37  cb_yield           L21-CB2 {'rot': 0.00591}
  t=   2.37  cb_yield           L21-CB3 {'rot': 0.0079}
  t=   2.37  cb_yield           L22-CB1 {'rot': 0.00714}
  t=   2.37  cb_yield           L22-CB3 {'rot': 0.00761}
  t=   2.37  cb_yield           L23-CB1 {'rot': 0.00681}
  t=   2.37  cb_yield           L23-CB3 {'rot': 0.00729}
  t=   2.37  cb_yield           L24-CB1 {'rot': 0.00645}
  t=   2.37  cb_yield           L24-CB3 {'rot': 0.00693}
  t=   2.37  cb_yield           L25-CB1 {'rot': 0.00606}
  t=   2.37  cb_yield           L25-CB3 {'rot': 0.00654}
  t=   2.37  cb_yield           L26-CB3 {'rot': 0.00613}
  t=   2.50  cb_yield           L21-CB0 {'rot': 0.00753}
  t=   2.50  cb_yield           L22-CB0 {'rot': 0.00717}
  t=   2.50  cb_yield           L22-CB2 {'rot': 0.00761}
  t=   2.50  cb_yield           L23-CB0 {'rot': 0.00671}
  t=   2.50  cb_yield           L23-CB2 {'rot': 0.00716}
  t=   2.50  cb_yield           L24-CB0 {'rot': 0.00618}
  t=   2.50  cb_yield           L24-CB2 {'rot': 0.00663}
  t=   2.50  cb_yield           L25-CB2 {'rot': 0.00604}
  t=   2.50  cb_yield           L26-CB1 {'rot': 0.00742}
  t=   2.50  cb_yield           L27-CB1 {'rot': 0.00676}
  t=   2.50  cb_yield           L27-CB3 {'rot': 0.00721}
  t=   2.50  cb_yield           L28-CB1 {'rot': 0.00615}
  t=   2.50  cb_yield           L28-CB3 {'rot': 0.00658}
  t=   2.50  cb_yield           L29-CB3 {'rot': 0.00594}
  t=   2.62  cb_yield           L25-CB0 {'rot': 0.00651}
  t=   2.62  cb_yield           L26-CB0 {'rot': 0.00577}
  t=   2.62  cb_yield           L26-CB2 {'rot': 0.00604}
  t=   2.62  cb_yield           L29-CB1 {'rot': 0.00596}
  t=   4.00  cb_yield           L2-CB0 {'rot': 0.00619}
  t=   4.00  cb_yield           L2-CB1 {'rot': 0.00604}
  t=   4.12  cb_yield           L1-CB0 {'rot': 0.00598}
  t=   4.12  cb_yield           L1-CB1 {'rot': 0.00584}
  t=   4.12  cb_yield           L2-CB2 {'rot': 0.00726}
  t=   4.12  cb_yield           L2-CB3 {'rot': 0.00708}
  t=   4.25  cb_yield           L1-CB2 {'rot': 0.00582}
  t=   4.25  cb_yield           L1-CB3 {'rot': 0.00577}
  t=   8.25  cb_yield           L30-CB1 {'rot': 0.00584}
  t=   8.50  cb_yield           L27-CB2 {'rot': 0.00624}
  t=   8.50  cb_yield           L30-CB3 {'rot': 0.00671}
  t=   8.50  cb_yield           L31-CB3 {'rot': 0.00599}
  t=   8.63  cb_yield           L28-CB2 {'rot': 0.00703}
  t=   8.63  cb_yield           L29-CB2 {'rot': 0.00617}
  t=   8.63  cb_yield           L32-CB3 {'rot': 0.00727}
  t=   8.63  cb_yield           L33-CB3 {'rot': 0.00704}
  t=   8.75  cb_yield           L30-CB2 {'rot': 0.0062}
  t=   8.88  cb_yield           L31-CB2 {'rot': 0.0072}
  t=   8.88  cb_yield           L32-CB2 {'rot': 0.00678}
  t=   8.88  cb_yield           L33-CB2 {'rot': 0.0066}
  t=   9.25  cb_yield           L27-CB0 {'rot': 0.00609}
  t=   9.25  cb_yield           L31-CB1 {'rot': 0.00718}
  t=   9.25  cb_yield           L32-CB1 {'rot': 0.00651}
  t=   9.25  cb_yield           L33-CB1 {'rot': 0.00616}
  t=  9.250  solver fallback: Newton
  progress t=  10.0s  max corner drift so far=0.0066  wall clock=95s
  t=  10.38  cb_yield           L28-CB0 {'rot': 0.0094}
  t=  10.38  cb_yield           L29-CB0 {'rot': 0.00887}
  t=  10.38  cb_yield           L30-CB0 {'rot': 0.00832}
  t=  10.38  cb_yield           L31-CB0 {'rot': 0.00783}
  t=  10.38  cb_yield           L32-CB0 {'rot': 0.00746}
  t=  10.38  cb_yield           L33-CB0 {'rot': 0.00728}
  t=  10.75  cb_failure         L3-CB2 {'rot': 0.02997}
  t=  10.75  cb_failure         L4-CB2 {'rot': 0.03258}
  t=  10.75  cb_failure         L5-CB2 {'rot': 0.03354}
  t=  10.75  cb_failure         L5-CB3 {'rot': 0.02983}
  t=  10.75  cb_failure         L6-CB2 {'rot': 0.03311}
  t=  10.75  cb_failure         L7-CB2 {'rot': 0.03165}
  t=  10.75  cb_failure         L8-CB2 {'rot': 0.02954}
  t=  10.88  cb_failure         L3-CB3 {'rot': 0.03166}
  t=  10.88  cb_failure         L4-CB0 {'rot': 0.02957}
  t=  10.88  cb_failure         L4-CB3 {'rot': 0.03404}
  t=  10.88  cb_failure         L5-CB0 {'rot': 0.0297}
  t=  10.88  cb_failure         L6-CB3 {'rot': 0.03375}
  t=  10.88  cb_failure         L7-CB3 {'rot': 0.03187}
  t=  10.88  cb_failure         L9-CB2 {'rot': 0.02971}
  t=  11.00  cb_failure         L2-CB2 {'rot': 0.03065}
  t=  11.00  cb_failure         L2-CB3 {'rot': 0.03003}
  t=  11.00  cb_failure         L3-CB0 {'rot': 0.03138}
  t=  11.00  cb_failure         L3-CB1 {'rot': 0.03061}
  t=  11.00  cb_failure         L4-CB1 {'rot': 0.03305}
  t=  11.00  cb_failure         L5-CB1 {'rot': 0.03386}
  t=  11.00  cb_failure         L6-CB0 {'rot': 0.03368}
  t=  11.00  cb_failure         L6-CB1 {'rot': 0.03301}
  t=  11.00  cb_failure         L7-CB0 {'rot': 0.03177}
  t=  11.00  cb_failure         L7-CB1 {'rot': 0.03097}
  t=  11.00  cb_failure         L8-CB0 {'rot': 0.02936}
  t=  11.00  cb_failure         L8-CB3 {'rot': 0.03443}
  t=  11.00  cb_failure         L9-CB3 {'rot': 0.03103}
  t=  11.13  cb_failure         L8-CB1 {'rot': 0.03401}
  t=  11.13  cb_failure         L9-CB0 {'rot': 0.02997}
  t=  11.13  cb_failure         L9-CB1 {'rot': 0.031}
  t=  11.13  cb_failure         L10-CB2 {'rot': 0.03163}
  t=  11.13  cb_failure         L10-CB3 {'rot': 0.0319}
  t=  11.25  cb_failure         L10-CB0 {'rot': 0.03181}
  t=  11.25  cb_failure         L10-CB1 {'rot': 0.03517}
  t=  11.25  cb_failure         L11-CB1 {'rot': 0.03262}
  t=  11.25  cb_failure         L11-CB2 {'rot': 0.03222}
  t=  11.25  cb_failure         L11-CB3 {'rot': 0.03455}
  t=  11.25  cb_failure         L12-CB1 {'rot': 0.02999}
  t=  11.25  cb_failure         L12-CB2 {'rot': 0.02939}
  t=  11.25  cb_failure         L12-CB3 {'rot': 0.03188}
  t=  11.38  cb_failure         L11-CB0 {'rot': 0.04067}
  t=  11.38  cb_failure         L12-CB0 {'rot': 0.03969}
  t=  11.38  cb_failure         L13-CB0 {'rot': 0.03827}
  t=  11.38  cb_failure         L13-CB1 {'rot': 0.04092}
  t=  11.38  cb_failure         L13-CB2 {'rot': 0.03796}
  t=  11.38  cb_failure         L13-CB3 {'rot': 0.03998}
  t=  11.38  cb_failure         L14-CB0 {'rot': 0.03658}
  t=  11.38  cb_failure         L14-CB1 {'rot': 0.03931}
  t=  11.38  cb_failure         L14-CB2 {'rot': 0.0362}
  t=  11.38  cb_failure         L14-CB3 {'rot': 0.03838}
  t=  11.38  cb_failure         L15-CB0 {'rot': 0.03479}
  t=  11.38  cb_failure         L15-CB1 {'rot': 0.03759}
  t=  11.38  cb_failure         L15-CB2 {'rot': 0.03434}
  t=  11.38  cb_failure         L15-CB3 {'rot': 0.03664}
  t=  11.38  cb_failure         L16-CB0 {'rot': 0.03312}
  t=  11.38  cb_failure         L16-CB1 {'rot': 0.0358}
  t=  11.38  cb_failure         L16-CB2 {'rot': 0.03262}
  t=  11.38  cb_failure         L16-CB3 {'rot': 0.03484}
  t=  11.38  cb_failure         L17-CB0 {'rot': 0.03061}
  t=  11.38  cb_failure         L17-CB1 {'rot': 0.03358}
  t=  11.38  cb_failure         L17-CB2 {'rot': 0.03003}
  t=  11.38  cb_failure         L17-CB3 {'rot': 0.03259}
  t=  11.38  cb_failure         L18-CB1 {'rot': 0.03143}
  t=  11.38  cb_failure         L18-CB3 {'rot': 0.0304}
  t=  11.50  cb_failure         L18-CB0 {'rot': 0.04355}
  t=  11.50  cb_failure         L18-CB2 {'rot': 0.04018}
  t=  11.50  cb_failure         L19-CB0 {'rot': 0.0406}
  t=  11.50  cb_failure         L19-CB1 {'rot': 0.04199}
  t=  11.50  cb_failure         L19-CB2 {'rot': 0.03747}
  t=  11.50  cb_failure         L19-CB3 {'rot': 0.03895}
  t=  11.50  cb_failure         L20-CB0 {'rot': 0.03759}
  t=  11.50  cb_failure         L20-CB1 {'rot': 0.03892}
  t=  11.50  cb_failure         L20-CB2 {'rot': 0.0347}
  t=  11.50  cb_failure         L20-CB3 {'rot': 0.03608}
  t=  11.50  cb_failure         L21-CB0 {'rot': 0.03432}
  t=  11.50  cb_failure         L21-CB1 {'rot': 0.03567}
  t=  11.50  cb_failure         L21-CB2 {'rot': 0.03167}
  t=  11.50  cb_failure         L21-CB3 {'rot': 0.03304}
  t=  11.50  cb_failure         L22-CB0 {'rot': 0.03099}
  t=  11.50  cb_failure         L22-CB1 {'rot': 0.0323}
  t=  11.50  cb_failure         L22-CB3 {'rot': 0.02988}
  t=  11.63  cb_failure         L22-CB2 {'rot': 0.03368}
  t=  11.63  cb_failure         L23-CB0 {'rot': 0.03129}
  t=  11.63  cb_failure         L23-CB1 {'rot': 0.03326}
  t=  11.63  cb_failure         L23-CB3 {'rot': 0.02984}
  t=  11.88  cb_failure         L24-CB1 {'rot': 0.03108}
  t=  12.00  cb_failure         L24-CB0 {'rot': 0.03116}
  t=  12.13  cb_failure         L25-CB1 {'rot': 0.03018}
  t=  14.75  cb_failure         L24-CB3 {'rot': 0.03552}
  t=  14.75  cb_failure         L25-CB3 {'rot': 0.03494}
  t=  14.75  cb_failure         L26-CB3 {'rot': 0.03395}
  t=  14.75  cb_failure         L27-CB3 {'rot': 0.03258}
  t=  14.75  cb_failure         L28-CB3 {'rot': 0.03121}
  t=  14.88  cb_failure         L23-CB2 {'rot': 0.03713}
  t=  14.88  cb_failure         L24-CB2 {'rot': 0.0375}
  t=  14.88  cb_failure         L25-CB2 {'rot': 0.0374}
  t=  14.88  cb_failure         L26-CB1 {'rot': 0.0317}
  t=  14.88  cb_failure         L26-CB2 {'rot': 0.03689}
  t=  14.88  cb_failure         L27-CB1 {'rot': 0.03067}
  t=  14.88  cb_failure         L27-CB2 {'rot': 0.03609}
  t=  14.88  cb_failure         L28-CB2 {'rot': 0.03516}
  t=  14.88  cb_failure         L29-CB2 {'rot': 0.03393}
  t=  14.88  cb_failure         L29-CB3 {'rot': 0.04618}
  t=  14.88  cb_failure         L30-CB2 {'rot': 0.03227}
  t=  14.88  cb_failure         L30-CB3 {'rot': 0.04458}
  t=  14.88  cb_failure         L31-CB2 {'rot': 0.03059}
  t=  14.88  cb_failure         L31-CB3 {'rot': 0.04296}
  t=  14.88  cb_failure         L32-CB3 {'rot': 0.04176}
  t=  14.88  cb_failure         L33-CB3 {'rot': 0.04125}
  t=  15.00  cb_failure         L28-CB1 {'rot': 0.03984}
  t=  15.00  cb_failure         L29-CB1 {'rot': 0.03835}
  t=  15.00  cb_failure         L30-CB1 {'rot': 0.03676}
  t=  15.00  cb_failure         L31-CB1 {'rot': 0.03535}
  t=  15.00  cb_failure         L32-CB1 {'rot': 0.03441}
  t=  15.00  cb_failure         L32-CB2 {'rot': 0.03154}
  t=  15.00  cb_failure         L33-CB1 {'rot': 0.03403}
  t=  15.00  cb_failure         L33-CB2 {'rot': 0.03115}
  t=  15.13  cb_failure         L25-CB0 {'rot': 0.03177}
  t=  15.13  cb_failure         L26-CB0 {'rot': 0.03019}
  t=  15.25  cb_failure         L27-CB0 {'rot': 0.03119}
  t=  15.38  cb_failure         L28-CB0 {'rot': 0.03129}
  t=  15.38  cb_failure         L29-CB0 {'rot': 0.03019}
  t=  17.25  cb_failure         L30-CB0 {'rot': 0.03255}
  t=  17.25  cb_failure         L31-CB0 {'rot': 0.03282}
  t=  17.25  cb_failure         L32-CB0 {'rot': 0.03292}
  t=  17.25  cb_failure         L33-CB0 {'rot': 0.03296}
  t=  18.50  cb_failure         L2-CB0 {'rot': 0.03031}
  t=  18.63  cb_failure         L2-CB1 {'rot': 0.03028}
  t=  18.75  cb_failure         L1-CB0 {'rot': 0.02937}
  t=  18.87  cb_failure         L1-CB1 {'rot': 0.03043}
  progress t=  20.0s  max corner drift so far=0.0278  wall clock=231s
  progress t=  30.0s  max corner drift so far=0.0278  wall clock=353s
  progress t=  40.0s  max corner drift so far=0.0278  wall clock=490s
  t=  46.12  cb_failure         L1-CB2 {'rot': 0.03029}
  t=  46.12  cb_failure         L1-CB3 {'rot': 0.03249}
  t= 46.200  solver fallback: Newton
  progress t=  50.0s  max corner drift so far=0.0278  wall clock=624s
  progress t=  60.0s  max corner drift so far=0.0278  wall clock=771s
  progress t=  70.0s  max corner drift so far=0.0278  wall clock=893s
  progress t=  80.0s  max corner drift so far=0.0278  wall clock=994s
  progress t=  90.0s  max corner drift so far=0.0278  wall clock=1092s
  progress t= 100.0s  max corner drift so far=0.0278  wall clock=1183s
