  t=   9.00  cb_yield           L10-CB1 {'rot': 0.00497}
  t=   9.00  cb_yield           L10-CB3 {'rot': 0.00497}
  t=   9.00  cb_yield           L11-CB1 {'rot': 0.00502}
  t=   9.00  cb_yield           L11-CB3 {'rot': 0.00502}
  t=   9.00  cb_yield           L12-CB1 {'rot': 0.00507}
  t=   9.00  cb_yield           L12-CB3 {'rot': 0.00507}
  t=   9.00  cb_yield           L13-CB1 {'rot': 0.0051}
  t=   9.00  cb_yield           L13-CB3 {'rot': 0.0051}
  t=   9.00  cb_yield           L14-CB1 {'rot': 0.00511}
  t=   9.00  cb_yield           L14-CB3 {'rot': 0.00511}
  t=   9.00  cb_yield           L15-CB1 {'rot': 0.0051}
  t=   9.00  cb_yield           L15-CB3 {'rot': 0.0051}
  t=   9.00  cb_yield           L16-CB1 {'rot': 0.00508}
  t=   9.00  cb_yield           L16-CB3 {'rot': 0.00508}
  t=  10.00  cb_yield           L6-CB1 {'rot': 0.00499}
  t=  10.00  cb_yield           L6-CB3 {'rot': 0.00499}
  t=  10.00  cb_yield           L7-CB1 {'rot': 0.00522}
  t=  10.00  cb_yield           L7-CB3 {'rot': 0.00522}
  t=  10.00  cb_yield           L8-CB1 {'rot': 0.00539}
  t=  10.00  cb_yield           L8-CB3 {'rot': 0.0054}
  t=  10.00  cb_yield           L9-CB1 {'rot': 0.00552}
  t=  10.00  cb_yield           L9-CB3 {'rot': 0.00552}
  t=  10.00  cb_yield           L17-CB1 {'rot': 0.0056}
  t=  10.00  cb_yield           L17-CB3 {'rot': 0.0056}
  t=  10.00  cb_yield           L18-CB1 {'rot': 0.00551}
  t=  10.00  cb_yield           L18-CB3 {'rot': 0.00551}
  t=  11.00  cb_yield           L5-CB1 {'rot': 0.00519}
  t=  11.00  cb_yield           L5-CB3 {'rot': 0.00519}
  t=  11.00  cb_yield           L7-CB0 {'rot': 0.005}
  t=  11.00  cb_yield           L7-CB2 {'rot': 0.005}
  t=  11.00  cb_yield           L8-CB0 {'rot': 0.00512}
  t=  11.00  cb_yield           L8-CB2 {'rot': 0.00512}
  t=  11.00  cb_yield           L9-CB0 {'rot': 0.00517}
  t=  11.00  cb_yield           L9-CB2 {'rot': 0.00517}
  t=  11.00  cb_yield           L10-CB0 {'rot': 0.00518}
  t=  11.00  cb_yield           L10-CB2 {'rot': 0.00518}
  t=  11.00  cb_yield           L11-CB0 {'rot': 0.00517}
  t=  11.00  cb_yield           L11-CB2 {'rot': 0.00517}
  t=  11.00  cb_yield           L12-CB0 {'rot': 0.00515}
  t=  11.00  cb_yield           L12-CB2 {'rot': 0.00515}
  t=  11.00  cb_yield           L13-CB0 {'rot': 0.0051}
  t=  11.00  cb_yield           L13-CB2 {'rot': 0.00511}
  t=  11.00  cb_yield           L14-CB0 {'rot': 0.00503}
  t=  11.00  cb_yield           L14-CB2 {'rot': 0.00503}
  t=  11.00  cb_yield           L15-CB0 {'rot': 0.00494}
  t=  11.00  cb_yield           L15-CB2 {'rot': 0.00494}
  t=  11.00  cb_yield           L19-CB1 {'rot': 0.00596}
  t=  11.00  cb_yield           L19-CB3 {'rot': 0.00596}
  t=  11.00  cb_yield           L20-CB1 {'rot': 0.00579}
  t=  11.00  cb_yield           L20-CB3 {'rot': 0.00579}
  t=  11.00  cb_yield           L21-CB1 {'rot': 0.0056}
  t=  11.00  cb_yield           L21-CB3 {'rot': 0.0056}
  t=  12.00  cb_yield           L4-CB1 {'rot': 0.00517}
  t=  12.00  cb_yield           L4-CB3 {'rot': 0.00517}
  t=  12.00  cb_yield           L5-CB0 {'rot': 0.00502}
  t=  12.00  cb_yield           L5-CB2 {'rot': 0.00502}
  t=  12.00  cb_yield           L6-CB0 {'rot': 0.00534}
  t=  12.00  cb_yield           L6-CB2 {'rot': 0.00534}
  t=  12.00  cb_yield           L16-CB0 {'rot': 0.00537}
  t=  12.00  cb_yield           L16-CB2 {'rot': 0.00537}
  t=  12.00  cb_yield           L22-CB1 {'rot': 0.00584}
  t=  12.00  cb_yield           L22-CB3 {'rot': 0.00584}
  t=  12.00  cb_yield           L23-CB1 {'rot': 0.00556}
  t=  12.00  cb_yield           L23-CB3 {'rot': 0.00556}
  t=  13.00  cb_yield           L4-CB0 {'rot': 0.005}
  t=  13.00  cb_yield           L4-CB2 {'rot': 0.005}
  t=  13.00  cb_yield           L17-CB0 {'rot': 0.00566}
  t=  13.00  cb_yield           L17-CB2 {'rot': 0.00566}
  t=  13.00  cb_yield           L24-CB1 {'rot': 0.00567}
  t=  13.00  cb_yield           L24-CB3 {'rot': 0.00567}
  t=  14.00  cb_yield           L3-CB1 {'rot': 0.00526}
  t=  14.00  cb_yield           L3-CB3 {'rot': 0.00526}
  t=  14.00  cb_yield           L18-CB0 {'rot': 0.0059}
  t=  14.00  cb_yield           L18-CB2 {'rot': 0.0059}
  t=  14.00  cb_yield           L19-CB0 {'rot': 0.00559}
  t=  14.00  cb_yield           L19-CB2 {'rot': 0.00559}
  t=  14.00  cb_yield           L25-CB1 {'rot': 0.00569}
  t=  14.00  cb_yield           L25-CB3 {'rot': 0.00569}
  t=  15.00  cb_yield           L3-CB0 {'rot': 0.00506}
  t=  15.00  cb_yield           L3-CB2 {'rot': 0.00506}
  t=  15.00  cb_yield           L20-CB0 {'rot': 0.00569}
  t=  15.00  cb_yield           L20-CB2 {'rot': 0.00569}
  t=  15.00  cb_yield           L26-CB1 {'rot': 0.00567}
  t=  15.00  cb_yield           L26-CB3 {'rot': 0.00567}
  t=  16.00  cb_yield           L21-CB0 {'rot': 0.00566}
  t=  16.00  cb_yield           L21-CB2 {'rot': 0.00566}
  t=  16.00  cb_yield           L27-CB1 {'rot': 0.00563}
  t=  16.00  cb_yield           L27-CB3 {'rot': 0.00563}
  t=  17.00  cb_yield           L2-CB1 {'rot': 0.00524}
  t=  17.00  cb_yield           L2-CB3 {'rot': 0.00524}
  t=  17.00  cb_yield           L22-CB0 {'rot': 0.00552}
  t=  17.00  cb_yield           L22-CB2 {'rot': 0.00552}
  t=  17.00  cb_yield           L28-CB1 {'rot': 0.0056}
  t=  17.00  cb_yield           L28-CB3 {'rot': 0.0056}
  t=  18.00  cb_yield           L29-CB1 {'rot': 0.00552}
  t=  18.00  cb_yield           L29-CB3 {'rot': 0.00553}
  t=  19.00  cb_yield           L2-CB0 {'rot': 0.00509}
  t=  19.00  cb_yield           L2-CB2 {'rot': 0.00509}
  t=  19.00  cb_yield           L23-CB0 {'rot': 0.00561}
  t=  19.00  cb_yield           L23-CB2 {'rot': 0.00561}
  t=  20.00  cb_yield           L30-CB1 {'rot': 0.0059}
  t=  20.00  cb_yield           L30-CB3 {'rot': 0.00591}
  t=  21.00  cb_yield           L24-CB0 {'rot': 0.00555}
  t=  21.00  cb_yield           L24-CB2 {'rot': 0.00555}
  t=  21.00  cb_yield           L31-CB1 {'rot': 0.00591}
  t=  21.00  cb_yield           L31-CB3 {'rot': 0.00591}
  t=  21.00  cb_yield           L32-CB1 {'rot': 0.00546}
  t=  21.00  cb_yield           L32-CB3 {'rot': 0.00546}
  t=  22.00  cb_yield           L33-CB1 {'rot': 0.00575}
  t=  22.00  cb_yield           L33-CB3 {'rot': 0.00575}
  t=  23.00  cb_failure         L13-CB1 {'rot': 0.01909}
  t=  23.00  cb_failure         L13-CB3 {'rot': 0.01909}
  t=  23.00  cb_failure         L14-CB1 {'rot': 0.01913}
  t=  23.00  cb_failure         L14-CB3 {'rot': 0.01913}
  t=  23.00  cb_failure         L15-CB1 {'rot': 0.01903}
  t=  23.00  cb_failure         L15-CB3 {'rot': 0.01903}
  t=  24.00  cb_yield           L1-CB1 {'rot': 0.00512}
  t=  24.00  cb_yield           L1-CB3 {'rot': 0.00512}
  t=  24.00  cb_failure         L10-CB1 {'rot': 0.01897}
  t=  24.00  cb_failure         L10-CB3 {'rot': 0.01897}
  t=  24.00  cb_failure         L11-CB1 {'rot': 0.01945}
  t=  24.00  cb_failure         L11-CB3 {'rot': 0.01945}
  t=  24.00  cb_failure         L12-CB1 {'rot': 0.01984}
  t=  24.00  cb_failure         L12-CB3 {'rot': 0.01984}
  t=  24.00  cb_failure         L16-CB1 {'rot': 0.01989}
  t=  24.00  cb_failure         L16-CB3 {'rot': 0.01989}
  t=  24.00  cb_failure         L17-CB1 {'rot': 0.01951}
  t=  24.00  cb_failure         L17-CB3 {'rot': 0.01951}
  t=  24.00  cb_yield           L25-CB0 {'rot': 0.00558}
  t=  24.00  cb_yield           L25-CB2 {'rot': 0.00558}
  t=  25.00  cb_failure         L9-CB1 {'rot': 0.01917}
  t=  25.00  cb_failure         L9-CB3 {'rot': 0.01917}
  t=  25.00  cb_failure         L18-CB1 {'rot': 0.02011}
  t=  25.00  cb_failure         L18-CB3 {'rot': 0.02011}
  t=  25.00  cb_failure         L19-CB1 {'rot': 0.01956}
  t=  25.00  cb_failure         L19-CB3 {'rot': 0.01956}
  t=  26.00  cb_failure         L8-CB1 {'rot': 0.01911}
  t=  26.00  cb_failure         L8-CB3 {'rot': 0.01911}
  t=  26.00  cb_failure         L20-CB1 {'rot': 0.02017}
  t=  26.00  cb_failure         L20-CB3 {'rot': 0.02017}
  t=  26.00  cb_failure         L21-CB1 {'rot': 0.01952}
  t=  26.00  cb_failure         L21-CB3 {'rot': 0.01952}
  t=  27.00  cb_failure         L22-CB1 {'rot': 0.02048}
  t=  27.00  cb_failure         L22-CB3 {'rot': 0.02048}
  t=  27.00  cb_failure         L23-CB1 {'rot': 0.0198}
  t=  27.00  cb_failure         L23-CB3 {'rot': 0.0198}
  t=  28.00  cb_failure         L7-CB1 {'rot': 0.01948}
  t=  28.00  cb_failure         L7-CB3 {'rot': 0.01948}
  t=  28.00  cb_failure         L24-CB1 {'rot': 0.02027}
  t=  28.00  cb_failure         L24-CB3 {'rot': 0.02028}
  t=  28.00  cb_failure         L25-CB1 {'rot': 0.01953}
  t=  28.00  cb_failure         L25-CB3 {'rot': 0.01953}
  t=  28.00  cb_yield           L26-CB0 {'rot': 0.00556}
  t=  28.00  cb_yield           L26-CB2 {'rot': 0.00556}
  t=  28.00  cb_failure         L31-CB1 {'rot': 0.01977}
  t=  28.00  cb_failure         L31-CB3 {'rot': 0.01977}
  t=  29.00  cb_yield           L1-CB0 {'rot': 0.00498}
  t=  29.00  cb_yield           L1-CB2 {'rot': 0.00498}
  t=  29.00  cb_failure         L26-CB1 {'rot': 0.01955}
  t=  29.00  cb_failure         L26-CB3 {'rot': 0.01955}
  t=  29.00  cb_failure         L33-CB1 {'rot': 0.01993}
  t=  29.00  cb_failure         L33-CB3 {'rot': 0.01993}
  t=  30.00  cb_failure         L6-CB1 {'rot': 0.01951}
  t=  30.00  cb_failure         L6-CB3 {'rot': 0.01951}
  t=  30.00  cb_failure         L27-CB1 {'rot': 0.01946}
  t=  30.00  cb_failure         L27-CB3 {'rot': 0.01946}
  t=  31.00  cb_yield           L27-CB0 {'rot': 0.00563}
  t=  31.00  cb_yield           L27-CB2 {'rot': 0.00563}
  t=  32.00  cb_failure         L5-CB1 {'rot': 0.01905}
  t=  32.00  cb_failure         L5-CB3 {'rot': 0.01905}
  t=  32.00  cb_failure         L28-CB1 {'rot': 0.01969}
  t=  32.00  cb_failure         L28-CB3 {'rot': 0.01969}
  t=  33.00  cb_failure         L10-CB0 {'rot': 0.01906}
  t=  33.00  cb_failure         L10-CB2 {'rot': 0.01906}
  t=  33.00  cb_failure         L11-CB0 {'rot': 0.01917}
  t=  33.00  cb_failure         L11-CB2 {'rot': 0.01917}
  t=  33.00  cb_failure         L12-CB0 {'rot': 0.01918}
  t=  33.00  cb_failure         L12-CB2 {'rot': 0.01918}
  t=  33.00  cb_failure         L13-CB0 {'rot': 0.01906}
  t=  33.00  cb_failure         L13-CB2 {'rot': 0.01906}
  t=  33.00  cb_yield           L28-CB0 {'rot': 0.00552}
  t=  33.00  cb_yield           L28-CB2 {'rot': 0.00552}
  t=  34.00  cb_failure         L8-CB0 {'rot': 0.01907}
  t=  34.00  cb_failure         L8-CB2 {'rot': 0.01907}
  t=  34.00  cb_failure         L9-CB0 {'rot': 0.01953}
  t=  34.00  cb_failure         L9-CB2 {'rot': 0.01953}
  t=  34.00  cb_failure         L14-CB0 {'rot': 0.01952}
  t=  34.00  cb_failure         L14-CB2 {'rot': 0.01952}
  t=  34.00  cb_failure         L15-CB0 {'rot': 0.0191}
  t=  34.00  cb_failure         L15-CB2 {'rot': 0.0191}
  t=  34.00  cb_failure         L19-CB0 {'rot': 0.01969}
  t=  34.00  cb_failure         L19-CB2 {'rot': 0.01969}
  t=  34.00  cb_failure         L29-CB1 {'rot': 0.01977}
  t=  34.00  cb_failure         L29-CB3 {'rot': 0.01977}
  t=  35.00  cb_failure         L7-CB0 {'rot': 0.01905}
  t=  35.00  cb_failure         L7-CB2 {'rot': 0.01905}
  t=  35.00  cb_failure         L16-CB0 {'rot': 0.01928}
  t=  35.00  cb_failure         L16-CB2 {'rot': 0.01928}
  t=  35.00  cb_failure         L20-CB0 {'rot': 0.01971}
  t=  35.00  cb_failure         L20-CB2 {'rot': 0.01971}
  t=  35.00  cb_failure         L30-CB1 {'rot': 0.01947}
  t=  35.00  cb_failure         L30-CB3 {'rot': 0.01947}
  t=  36.00  cb_failure         L4-CB1 {'rot': 0.01912}
  t=  36.00  cb_failure         L4-CB3 {'rot': 0.01912}
  t=  36.00  cb_yield           L29-CB0 {'rot': 0.00563}
  t=  36.00  cb_yield           L29-CB2 {'rot': 0.00563}
  t=  37.00  cb_failure         L6-CB0 {'rot': 0.01936}
  t=  37.00  cb_failure         L6-CB2 {'rot': 0.01936}
  t=  37.00  cb_failure         L17-CB0 {'rot': 0.02}
  t=  37.00  cb_failure         L17-CB2 {'rot': 0.02}
  step 37  solver fallback: Newton
  t=  38.00  cb_failure         L18-CB0 {'rot': 0.01989}
  t=  38.00  cb_failure         L18-CB2 {'rot': 0.01989}
  t=  39.00  cb_failure         L5-CB0 {'rot': 0.01922}
  t=  39.00  cb_failure         L5-CB2 {'rot': 0.01922}
  t=  39.00  cb_yield           L30-CB0 {'rot': 0.00563}
  t=  39.00  cb_yield           L30-CB2 {'rot': 0.00563}
  t=  39.00  cb_failure         L32-CB1 {'rot': 0.01964}
  t=  39.00  cb_failure         L32-CB3 {'rot': 0.01964}
  t=  42.00  cb_failure         L3-CB1 {'rot': 0.01914}
  t=  42.00  cb_failure         L3-CB3 {'rot': 0.01914}
  t=  42.00  cb_failure         L4-CB0 {'rot': 0.01905}
  t=  42.00  cb_failure         L4-CB2 {'rot': 0.01905}
  t=  42.00  cb_failure         L21-CB0 {'rot': 0.01975}
  t=  42.00  cb_failure         L21-CB2 {'rot': 0.01975}
  t=  42.00  cb_yield           L31-CB0 {'rot': 0.00556}
  t=  42.00  cb_yield           L31-CB2 {'rot': 0.00556}
  t=  44.00  cb_failure         L22-CB0 {'rot': 0.01984}
  t=  44.00  cb_failure         L22-CB2 {'rot': 0.01984}
  t=  45.00  cb_yield           L32-CB0 {'rot': 0.00566}
  t=  45.00  cb_yield           L32-CB2 {'rot': 0.00566}
  t=  46.00  cb_failure         L23-CB0 {'rot': 0.01975}
  t=  46.00  cb_failure         L23-CB2 {'rot': 0.01975}
  t=  46.00  cb_yield           L33-CB0 {'rot': 0.00562}
  t=  46.00  cb_yield           L33-CB2 {'rot': 0.00562}
  t=  48.00  cb_failure         L3-CB0 {'rot': 0.0192}
  t=  48.00  cb_failure         L3-CB2 {'rot': 0.0192}
  t=  48.00  cb_failure         L24-CB0 {'rot': 0.01951}
  t=  48.00  cb_failure         L24-CB2 {'rot': 0.01951}
  t=  51.00  cb_failure         L25-CB0 {'rot': 0.01947}
  t=  51.00  cb_failure         L25-CB2 {'rot': 0.01947}
  t=  52.00  cb_failure         L2-CB1 {'rot': 0.01894}
  t=  52.00  cb_failure         L2-CB3 {'rot': 0.01894}
  t=  55.00  cb_failure         L26-CB0 {'rot': 0.01952}
  t=  55.00  cb_failure         L26-CB2 {'rot': 0.01952}
  t=  59.00  cb_failure         L2-CB0 {'rot': 0.01898}
  t=  59.00  cb_failure         L2-CB2 {'rot': 0.01898}
  t=  59.00  cb_failure         L27-CB0 {'rot': 0.01982}
  t=  59.00  cb_failure         L27-CB2 {'rot': 0.01982}
  t=  62.00  cb_failure         L28-CB0 {'rot': 0.01948}
  t=  62.00  cb_failure         L28-CB2 {'rot': 0.01948}
  t=  67.00  cb_failure         L29-CB0 {'rot': 0.0195}
  t=  67.00  cb_failure         L29-CB2 {'rot': 0.0195}
  t=  67.00  cb_failure         L33-CB0 {'rot': 0.01959}
  t=  67.00  cb_failure         L33-CB2 {'rot': 0.01959}
  t=  79.00  cb_failure         L30-CB0 {'rot': 0.01947}
  t=  79.00  cb_failure         L30-CB2 {'rot': 0.01947}
  t=  82.00  cb_failure         L1-CB1 {'rot': 0.01892}
  t=  82.00  cb_failure         L1-CB3 {'rot': 0.01892}
  t=  91.00  cb_failure         L1-CB0 {'rot': 0.01892}
  t=  91.00  cb_failure         L1-CB2 {'rot': 0.01892}
  step 94  solver fallback: Newton
  t=  96.00  cb_failure         L31-CB0 {'rot': 0.01948}
  t=  96.00  cb_failure         L31-CB2 {'rot': 0.01948}
  step 173  solver fallback: NewtonLineSearch
  step 176  solver fallback: 100 sub-steps, tol 0.0001
  step 190  solver fallback: 10 sub-steps, tol 1e-05
  step 198  solver fallback: NewtonLineSearch
  t= 199.00  wall_flexure_strength_loss S1-F {'rot_x': 0.0, 'rot_y': 0.00595}
  t= 200.00  cb_failure         L32-CB0 {'rot': 0.01945}
  t= 200.00  cb_failure         L32-CB2 {'rot': 0.01945}
  step 221  solver fallback: 10 sub-steps, tol 1e-05
  step 222  solver fallback: 10 sub-steps, tol 1e-05
  step 224  solver fallback: NewtonLineSearch
