  t=  11.00  cb_yield           L8-CB1 {'rot': 0.00603}
  t=  11.00  cb_yield           L8-CB3 {'rot': 0.00603}
  t=  11.00  cb_yield           L9-CB1 {'rot': 0.00615}
  t=  11.00  cb_yield           L9-CB3 {'rot': 0.00615}
  t=  11.00  cb_yield           L10-CB1 {'rot': 0.00624}
  t=  11.00  cb_yield           L10-CB3 {'rot': 0.00624}
  t=  11.00  cb_yield           L11-CB1 {'rot': 0.00631}
  t=  11.00  cb_yield           L11-CB3 {'rot': 0.00631}
  t=  11.00  cb_yield           L12-CB1 {'rot': 0.00637}
  t=  11.00  cb_yield           L12-CB3 {'rot': 0.00637}
  t=  11.00  cb_yield           L13-CB1 {'rot': 0.00641}
  t=  11.00  cb_yield           L13-CB3 {'rot': 0.00641}
  t=  11.00  cb_yield           L14-CB1 {'rot': 0.00641}
  t=  11.00  cb_yield           L14-CB3 {'rot': 0.00641}
  t=  11.00  cb_yield           L15-CB1 {'rot': 0.00639}
  t=  11.00  cb_yield           L15-CB3 {'rot': 0.00639}
  t=  11.00  cb_yield           L16-CB1 {'rot': 0.00635}
  t=  11.00  cb_yield           L16-CB3 {'rot': 0.00636}
  t=  12.00  cb_yield           L6-CB1 {'rot': 0.00616}
  t=  12.00  cb_yield           L6-CB3 {'rot': 0.00616}
  t=  12.00  cb_yield           L7-CB1 {'rot': 0.00644}
  t=  12.00  cb_yield           L7-CB3 {'rot': 0.00644}
  t=  12.00  cb_yield           L17-CB1 {'rot': 0.00688}
  t=  12.00  cb_yield           L17-CB3 {'rot': 0.00688}
  t=  12.00  cb_yield           L18-CB1 {'rot': 0.00675}
  t=  12.00  cb_yield           L18-CB3 {'rot': 0.00675}
  t=  12.00  cb_yield           L19-CB1 {'rot': 0.0066}
  t=  12.00  cb_yield           L19-CB3 {'rot': 0.0066}
  t=  13.00  cb_yield           L5-CB1 {'rot': 0.00631}
  t=  13.00  cb_yield           L5-CB3 {'rot': 0.00631}
  t=  13.00  cb_yield           L7-CB0 {'rot': 0.00602}
  t=  13.00  cb_yield           L7-CB2 {'rot': 0.00602}
  t=  13.00  cb_yield           L8-CB0 {'rot': 0.00615}
  t=  13.00  cb_yield           L8-CB2 {'rot': 0.00615}
  t=  13.00  cb_yield           L9-CB0 {'rot': 0.0062}
  t=  13.00  cb_yield           L9-CB2 {'rot': 0.0062}
  t=  13.00  cb_yield           L10-CB0 {'rot': 0.0062}
  t=  13.00  cb_yield           L10-CB2 {'rot': 0.0062}
  t=  13.00  cb_yield           L11-CB0 {'rot': 0.00618}
  t=  13.00  cb_yield           L11-CB2 {'rot': 0.00618}
  t=  13.00  cb_yield           L12-CB0 {'rot': 0.00615}
  t=  13.00  cb_yield           L12-CB2 {'rot': 0.00615}
  t=  13.00  cb_yield           L13-CB0 {'rot': 0.0061}
  t=  13.00  cb_yield           L13-CB2 {'rot': 0.0061}
  t=  13.00  cb_yield           L14-CB0 {'rot': 0.00601}
  t=  13.00  cb_yield           L14-CB2 {'rot': 0.00601}
  t=  13.00  cb_yield           L15-CB0 {'rot': 0.0059}
  t=  13.00  cb_yield           L15-CB2 {'rot': 0.0059}
  t=  13.00  cb_yield           L20-CB1 {'rot': 0.00699}
  t=  13.00  cb_yield           L20-CB3 {'rot': 0.00699}
  t=  13.00  cb_yield           L21-CB1 {'rot': 0.00676}
  t=  13.00  cb_yield           L21-CB3 {'rot': 0.00676}
  t=  14.00  cb_yield           L4-CB1 {'rot': 0.0062}
  t=  14.00  cb_yield           L4-CB3 {'rot': 0.0062}
  t=  14.00  cb_yield           L5-CB0 {'rot': 0.00598}
  t=  14.00  cb_yield           L5-CB2 {'rot': 0.00598}
  t=  14.00  cb_yield           L6-CB0 {'rot': 0.00633}
  t=  14.00  cb_yield           L6-CB2 {'rot': 0.00633}
  t=  14.00  cb_yield           L16-CB0 {'rot': 0.00629}
  t=  14.00  cb_yield           L16-CB2 {'rot': 0.00629}
  t=  14.00  cb_yield           L22-CB1 {'rot': 0.00698}
  t=  14.00  cb_yield           L22-CB3 {'rot': 0.00698}
  t=  14.00  cb_yield           L23-CB1 {'rot': 0.00665}
  t=  14.00  cb_yield           L23-CB3 {'rot': 0.00666}
  t=  15.00  cb_yield           L17-CB0 {'rot': 0.00653}
  t=  15.00  cb_yield           L17-CB2 {'rot': 0.00653}
  t=  15.00  cb_yield           L24-CB1 {'rot': 0.00672}
  t=  15.00  cb_yield           L24-CB3 {'rot': 0.00672}
  t=  16.00  cb_yield           L3-CB1 {'rot': 0.0062}
  t=  16.00  cb_yield           L3-CB3 {'rot': 0.0062}
  t=  16.00  cb_yield           L4-CB0 {'rot': 0.00634}
  t=  16.00  cb_yield           L4-CB2 {'rot': 0.00634}
  t=  16.00  cb_yield           L18-CB0 {'rot': 0.0067}
  t=  16.00  cb_yield           L18-CB2 {'rot': 0.00671}
  t=  16.00  cb_yield           L25-CB1 {'rot': 0.0067}
  t=  16.00  cb_yield           L25-CB3 {'rot': 0.0067}
  t=  17.00  cb_yield           L19-CB0 {'rot': 0.00676}
  t=  17.00  cb_yield           L19-CB2 {'rot': 0.00676}
  t=  17.00  cb_yield           L26-CB1 {'rot': 0.00666}
  t=  17.00  cb_yield           L26-CB3 {'rot': 0.00667}
  t=  18.00  cb_yield           L3-CB0 {'rot': 0.00617}
  t=  18.00  cb_yield           L3-CB2 {'rot': 0.00617}
  t=  18.00  cb_yield           L20-CB0 {'rot': 0.00673}
  t=  18.00  cb_yield           L20-CB2 {'rot': 0.00673}
  t=  18.00  cb_yield           L27-CB1 {'rot': 0.00659}
  t=  18.00  cb_yield           L27-CB3 {'rot': 0.00659}
  t=  19.00  cb_yield           L2-CB1 {'rot': 0.00608}
  t=  19.00  cb_yield           L2-CB3 {'rot': 0.00608}
  t=  19.00  cb_yield           L21-CB0 {'rot': 0.0066}
  t=  19.00  cb_yield           L21-CB2 {'rot': 0.0066}
  t=  19.00  cb_yield           L28-CB1 {'rot': 0.00655}
  t=  19.00  cb_yield           L28-CB3 {'rot': 0.00655}
  t=  21.00  cb_yield           L22-CB0 {'rot': 0.00672}
  t=  21.00  cb_yield           L22-CB2 {'rot': 0.00673}
  t=  21.00  cb_yield           L29-CB1 {'rot': 0.00698}
  t=  21.00  cb_yield           L29-CB3 {'rot': 0.00699}
  t=  22.00  cb_yield           L2-CB0 {'rot': 0.00598}
  t=  22.00  cb_yield           L2-CB2 {'rot': 0.00598}
  t=  22.00  cb_yield           L30-CB1 {'rot': 0.00691}
  t=  22.00  cb_yield           L30-CB3 {'rot': 0.00691}
  t=  23.00  cb_yield           L23-CB0 {'rot': 0.00667}
  t=  23.00  cb_yield           L23-CB2 {'rot': 0.00667}
  t=  23.00  cb_yield           L31-CB1 {'rot': 0.00698}
  t=  23.00  cb_yield           L31-CB3 {'rot': 0.00698}
  t=  24.00  cb_failure         L13-CB1 {'rot': 0.01996}
  t=  24.00  cb_failure         L13-CB3 {'rot': 0.01996}
  t=  24.00  cb_failure         L14-CB1 {'rot': 0.01998}
  t=  24.00  cb_failure         L14-CB3 {'rot': 0.01998}
  t=  24.00  cb_yield           L32-CB1 {'rot': 0.00742}
  t=  24.00  cb_yield           L32-CB3 {'rot': 0.00742}
  t=  25.00  cb_failure         L10-CB1 {'rot': 0.01993}
  t=  25.00  cb_failure         L10-CB3 {'rot': 0.01993}
  t=  25.00  cb_failure         L11-CB1 {'rot': 0.02042}
  t=  25.00  cb_failure         L11-CB3 {'rot': 0.02042}
  t=  25.00  cb_failure         L12-CB1 {'rot': 0.02081}
  t=  25.00  cb_failure         L12-CB3 {'rot': 0.02081}
  t=  25.00  cb_failure         L15-CB1 {'rot': 0.02104}
  t=  25.00  cb_failure         L15-CB3 {'rot': 0.02104}
  t=  25.00  cb_failure         L16-CB1 {'rot': 0.02084}
  t=  25.00  cb_failure         L16-CB3 {'rot': 0.02084}
  t=  25.00  cb_yield           L33-CB1 {'rot': 0.0075}
  t=  25.00  cb_yield           L33-CB3 {'rot': 0.0075}
  t=  26.00  cb_failure         L9-CB1 {'rot': 0.02017}
  t=  26.00  cb_failure         L9-CB3 {'rot': 0.02017}
  t=  26.00  cb_failure         L17-CB1 {'rot': 0.02159}
  t=  26.00  cb_failure         L17-CB3 {'rot': 0.02159}
  t=  26.00  cb_failure         L18-CB1 {'rot': 0.02115}
  t=  26.00  cb_failure         L18-CB3 {'rot': 0.02115}
  t=  26.00  cb_failure         L19-CB1 {'rot': 0.02062}
  t=  26.00  cb_failure         L19-CB3 {'rot': 0.02062}
  t=  26.00  cb_yield           L24-CB0 {'rot': 0.00665}
  t=  26.00  cb_yield           L24-CB2 {'rot': 0.00665}
  t=  26.00  cb_failure         L25-CB1 {'rot': 0.02156}
  t=  26.00  cb_failure         L25-CB3 {'rot': 0.02156}
  t=  27.00  cb_yield           L1-CB1 {'rot': 0.006}
  t=  27.00  cb_yield           L1-CB3 {'rot': 0.006}
  t=  27.00  cb_failure         L8-CB1 {'rot': 0.02013}
  t=  27.00  cb_failure         L8-CB3 {'rot': 0.02013}
  t=  27.00  cb_failure         L20-CB1 {'rot': 0.02138}
  t=  27.00  cb_failure         L20-CB3 {'rot': 0.02138}
  t=  27.00  cb_failure         L21-CB1 {'rot': 0.02079}
  t=  27.00  cb_failure         L21-CB3 {'rot': 0.02079}
  t=  28.00  cb_failure         L22-CB1 {'rot': 0.02189}
  t=  28.00  cb_failure         L22-CB3 {'rot': 0.02189}
  t=  28.00  cb_failure         L23-CB1 {'rot': 0.02126}
  t=  28.00  cb_failure         L23-CB3 {'rot': 0.02126}
  t=  28.00  cb_failure         L24-CB1 {'rot': 0.02054}
  t=  28.00  cb_failure         L24-CB3 {'rot': 0.02054}
  t=  28.00  cb_failure         L29-CB1 {'rot': 0.02267}
  t=  28.00  cb_failure         L29-CB3 {'rot': 0.02268}
  t=  29.00  cb_failure         L7-CB1 {'rot': 0.02052}
  t=  29.00  cb_failure         L7-CB3 {'rot': 0.02052}
  t=  29.00  cb_failure         L26-CB1 {'rot': 0.02073}
  t=  29.00  cb_failure         L26-CB3 {'rot': 0.02073}
  t=  29.00  cb_failure         L33-CB1 {'rot': 0.02152}
  t=  29.00  cb_failure         L33-CB3 {'rot': 0.02152}
  t=  30.00  cb_failure         L10-CB0 {'rot': 0.02077}
  t=  30.00  cb_failure         L10-CB2 {'rot': 0.02077}
  t=  30.00  cb_failure         L27-CB1 {'rot': 0.02081}
  t=  30.00  cb_failure         L27-CB3 {'rot': 0.02081}
  t=  31.00  cb_failure         L6-CB1 {'rot': 0.02062}
  t=  31.00  cb_failure         L6-CB3 {'rot': 0.02062}
  t=  31.00  cb_yield           L25-CB0 {'rot': 0.0066}
  t=  31.00  cb_yield           L25-CB2 {'rot': 0.0066}
  t=  31.00  cb_failure         L28-CB1 {'rot': 0.02072}
  t=  31.00  cb_failure         L28-CB3 {'rot': 0.02072}
  t=  33.00  cb_yield           L1-CB0 {'rot': 0.00593}
  t=  33.00  cb_yield           L1-CB2 {'rot': 0.00593}
  t=  33.00  cb_failure         L5-CB1 {'rot': 0.02016}
  t=  33.00  cb_failure         L5-CB3 {'rot': 0.02016}
  t=  33.00  cb_failure         L30-CB1 {'rot': 0.02055}
  t=  33.00  cb_failure         L30-CB3 {'rot': 0.02055}
  t=  34.00  cb_yield           L26-CB0 {'rot': 0.00671}
  t=  34.00  cb_yield           L26-CB2 {'rot': 0.00671}
  t=  36.00  cb_failure         L8-CB0 {'rot': 0.02009}
  t=  36.00  cb_failure         L8-CB2 {'rot': 0.02009}
  t=  36.00  cb_failure         L9-CB0 {'rot': 0.02048}
  t=  36.00  cb_failure         L9-CB2 {'rot': 0.02048}
  t=  36.00  cb_failure         L11-CB0 {'rot': 0.02069}
  t=  36.00  cb_failure         L11-CB2 {'rot': 0.02069}
  t=  36.00  cb_failure         L12-CB0 {'rot': 0.02064}
  t=  36.00  cb_failure         L12-CB2 {'rot': 0.02064}
  t=  36.00  cb_failure         L13-CB0 {'rot': 0.02045}
  t=  36.00  cb_failure         L13-CB2 {'rot': 0.02045}
  t=  36.00  cb_failure         L14-CB0 {'rot': 0.02004}
  t=  36.00  cb_failure         L14-CB2 {'rot': 0.02004}
  t=  36.00  cb_failure         L31-CB1 {'rot': 0.02057}
  t=  36.00  cb_failure         L31-CB3 {'rot': 0.02057}
  t=  37.00  cb_failure         L4-CB1 {'rot': 0.02017}
  t=  37.00  cb_failure         L4-CB3 {'rot': 0.02017}
  t=  37.00  cb_failure         L7-CB0 {'rot': 0.02016}
  t=  37.00  cb_failure         L7-CB2 {'rot': 0.02016}
  t=  37.00  cb_failure         L15-CB0 {'rot': 0.02031}
  t=  37.00  cb_failure         L15-CB2 {'rot': 0.02031}
  t=  37.00  cb_yield           L27-CB0 {'rot': 0.00687}
  t=  37.00  cb_yield           L27-CB2 {'rot': 0.00687}
  t=  38.00  cb_failure         L6-CB0 {'rot': 0.01991}
  t=  38.00  cb_failure         L6-CB2 {'rot': 0.01991}
  t=  38.00  cb_failure         L16-CB0 {'rot': 0.02045}
  t=  38.00  cb_failure         L16-CB2 {'rot': 0.02045}
  t=  38.00  cb_failure         L32-CB1 {'rot': 0.02063}
  t=  38.00  cb_failure         L32-CB3 {'rot': 0.02063}
  t=  39.00  cb_yield           L28-CB0 {'rot': 0.0066}
  t=  39.00  cb_yield           L28-CB2 {'rot': 0.0066}
  t=  40.00  cb_failure         L17-CB0 {'rot': 0.02107}
  t=  40.00  cb_failure         L17-CB2 {'rot': 0.02107}
  t=  41.00  cb_failure         L5-CB0 {'rot': 0.02049}
  t=  41.00  cb_failure         L5-CB2 {'rot': 0.02049}
  t=  41.00  cb_failure         L18-CB0 {'rot': 0.02082}
  t=  41.00  cb_failure         L18-CB2 {'rot': 0.02082}
  t=  42.00  cb_yield           L29-CB0 {'rot': 0.00656}
  t=  42.00  cb_yield           L29-CB2 {'rot': 0.00656}
  t=  43.00  cb_failure         L3-CB1 {'rot': 0.02018}
  t=  43.00  cb_failure         L3-CB3 {'rot': 0.02018}
  t=  43.00  cb_failure         L19-CB0 {'rot': 0.02119}
  t=  43.00  cb_failure         L19-CB2 {'rot': 0.02119}
  t=  44.00  cb_failure         L4-CB0 {'rot': 0.02031}
  t=  44.00  cb_failure         L4-CB2 {'rot': 0.02031}
  t=  44.00  cb_failure         L20-CB0 {'rot': 0.02078}
  t=  44.00  cb_failure         L20-CB2 {'rot': 0.02078}
  t=  46.00  cb_failure         L21-CB0 {'rot': 0.02086}
  t=  46.00  cb_failure         L21-CB2 {'rot': 0.02086}
  t=  46.00  cb_yield           L30-CB0 {'rot': 0.00654}
  t=  46.00  cb_yield           L30-CB2 {'rot': 0.00654}
  t=  48.00  cb_failure         L22-CB0 {'rot': 0.02067}
  t=  48.00  cb_failure         L22-CB2 {'rot': 0.02067}
  t=  49.00  cb_failure         L3-CB0 {'rot': 0.01992}
  t=  49.00  cb_failure         L3-CB2 {'rot': 0.01992}
  t=  51.00  cb_failure         L23-CB0 {'rot': 0.02059}
  t=  51.00  cb_failure         L23-CB2 {'rot': 0.02059}
  t=  52.00  cb_yield           L31-CB0 {'rot': 0.00662}
  t=  52.00  cb_yield           L31-CB2 {'rot': 0.00662}
  t=  53.00  cb_failure         L2-CB1 {'rot': 0.01993}
  t=  53.00  cb_failure         L2-CB3 {'rot': 0.01993}
  t=  56.00  cb_failure         L24-CB0 {'rot': 0.02076}
  t=  56.00  cb_failure         L24-CB2 {'rot': 0.02076}
  t=  59.00  cb_yield           L32-CB0 {'rot': 0.00658}
  t=  59.00  cb_yield           L32-CB2 {'rot': 0.00658}
  t=  61.00  cb_failure         L2-CB0 {'rot': 0.02009}
  t=  61.00  cb_failure         L2-CB2 {'rot': 0.02009}
  t=  62.00  cb_failure         L25-CB0 {'rot': 0.02053}
  t=  62.00  cb_failure         L25-CB2 {'rot': 0.02053}
  t=  64.00  cb_yield           L33-CB0 {'rot': 0.00658}
  t=  64.00  cb_yield           L33-CB2 {'rot': 0.00658}
  t=  76.00  cb_failure         L26-CB0 {'rot': 0.02056}
  t=  76.00  cb_failure         L26-CB2 {'rot': 0.02056}
  t=  84.00  cb_failure         L1-CB1 {'rot': 0.01994}
  t=  84.00  cb_failure         L1-CB3 {'rot': 0.01994}
  t=  95.00  cb_failure         L1-CB0 {'rot': 0.01992}
  t=  95.00  cb_failure         L1-CB2 {'rot': 0.01992}
  t= 125.00  cb_failure         L27-CB0 {'rot': 0.02053}
  t= 125.00  cb_failure         L27-CB2 {'rot': 0.02053}
  step 167  solver fallback: 10 sub-steps, tol 1e-05
  step 189  solver fallback: Newton
