  t=  11.00  cb_yield           L11-CB1 {'rot': 0.00614}
  t=  11.00  cb_yield           L11-CB3 {'rot': 0.00614}
  t=  11.00  cb_yield           L12-CB1 {'rot': 0.0062}
  t=  11.00  cb_yield           L12-CB3 {'rot': 0.0062}
  t=  11.00  cb_yield           L13-CB1 {'rot': 0.00623}
  t=  11.00  cb_yield           L13-CB3 {'rot': 0.00623}
  t=  11.00  cb_yield           L14-CB1 {'rot': 0.00623}
  t=  11.00  cb_yield           L14-CB3 {'rot': 0.00623}
  t=  11.00  cb_yield           L15-CB1 {'rot': 0.00622}
  t=  11.00  cb_yield           L15-CB3 {'rot': 0.00622}
  t=  11.00  cb_yield           L16-CB1 {'rot': 0.00618}
  t=  11.00  cb_yield           L16-CB3 {'rot': 0.00618}
  t=  12.00  cb_yield           L7-CB1 {'rot': 0.00616}
  t=  12.00  cb_yield           L7-CB3 {'rot': 0.00617}
  t=  12.00  cb_yield           L8-CB1 {'rot': 0.00639}
  t=  12.00  cb_yield           L8-CB3 {'rot': 0.00639}
  t=  12.00  cb_yield           L9-CB1 {'rot': 0.00656}
  t=  12.00  cb_yield           L9-CB3 {'rot': 0.00656}
  t=  12.00  cb_yield           L10-CB1 {'rot': 0.00669}
  t=  12.00  cb_yield           L10-CB3 {'rot': 0.00669}
  t=  12.00  cb_yield           L17-CB1 {'rot': 0.00668}
  t=  12.00  cb_yield           L17-CB3 {'rot': 0.00669}
  t=  13.00  cb_yield           L6-CB1 {'rot': 0.00642}
  t=  13.00  cb_yield           L6-CB3 {'rot': 0.00642}
  t=  13.00  cb_yield           L10-CB0 {'rot': 0.00614}
  t=  13.00  cb_yield           L10-CB2 {'rot': 0.00614}
  t=  13.00  cb_yield           L11-CB0 {'rot': 0.00615}
  t=  13.00  cb_yield           L11-CB2 {'rot': 0.00615}
  t=  13.00  cb_yield           L12-CB0 {'rot': 0.00614}
  t=  13.00  cb_yield           L12-CB2 {'rot': 0.00615}
  t=  13.00  cb_yield           L13-CB0 {'rot': 0.00611}
  t=  13.00  cb_yield           L13-CB2 {'rot': 0.00611}
  t=  13.00  cb_yield           L18-CB1 {'rot': 0.00717}
  t=  13.00  cb_yield           L18-CB3 {'rot': 0.00717}
  t=  13.00  cb_yield           L19-CB1 {'rot': 0.00698}
  t=  13.00  cb_yield           L19-CB3 {'rot': 0.00698}
  t=  13.00  cb_yield           L20-CB1 {'rot': 0.00677}
  t=  13.00  cb_yield           L20-CB3 {'rot': 0.00677}
  t=  14.00  cb_yield           L5-CB1 {'rot': 0.00649}
  t=  14.00  cb_yield           L5-CB3 {'rot': 0.00649}
  t=  14.00  cb_yield           L7-CB0 {'rot': 0.00636}
  t=  14.00  cb_yield           L7-CB2 {'rot': 0.00636}
  t=  14.00  cb_yield           L8-CB0 {'rot': 0.00656}
  t=  14.00  cb_yield           L8-CB2 {'rot': 0.00656}
  t=  14.00  cb_yield           L9-CB0 {'rot': 0.00668}
  t=  14.00  cb_yield           L9-CB2 {'rot': 0.00668}
  t=  14.00  cb_yield           L14-CB0 {'rot': 0.00662}
  t=  14.00  cb_yield           L14-CB2 {'rot': 0.00662}
  t=  14.00  cb_yield           L15-CB0 {'rot': 0.0065}
  t=  14.00  cb_yield           L15-CB2 {'rot': 0.0065}
  t=  14.00  cb_yield           L16-CB0 {'rot': 0.00636}
  t=  14.00  cb_yield           L16-CB2 {'rot': 0.00636}
  t=  14.00  cb_yield           L21-CB1 {'rot': 0.00706}
  t=  14.00  cb_yield           L21-CB3 {'rot': 0.00706}
  t=  14.00  cb_yield           L22-CB1 {'rot': 0.00675}
  t=  14.00  cb_yield           L22-CB3 {'rot': 0.00675}
  t=  15.00  cb_yield           L4-CB1 {'rot': 0.00633}
  t=  15.00  cb_yield           L4-CB3 {'rot': 0.00634}
  t=  15.00  cb_yield           L5-CB0 {'rot': 0.00616}
  t=  15.00  cb_yield           L5-CB2 {'rot': 0.00616}
  t=  15.00  cb_yield           L6-CB0 {'rot': 0.0066}
  t=  15.00  cb_yield           L6-CB2 {'rot': 0.0066}
  t=  15.00  cb_yield           L17-CB0 {'rot': 0.00666}
  t=  15.00  cb_yield           L17-CB2 {'rot': 0.00666}
  t=  15.00  cb_yield           L23-CB1 {'rot': 0.00688}
  t=  15.00  cb_yield           L23-CB3 {'rot': 0.00688}
  t=  16.00  cb_yield           L18-CB0 {'rot': 0.00688}
  t=  16.00  cb_yield           L18-CB2 {'rot': 0.00688}
  t=  16.00  cb_yield           L24-CB1 {'rot': 0.00692}
  t=  16.00  cb_yield           L24-CB3 {'rot': 0.00692}
  t=  17.00  cb_yield           L3-CB1 {'rot': 0.00632}
  t=  17.00  cb_yield           L3-CB3 {'rot': 0.00632}
  t=  17.00  cb_yield           L4-CB0 {'rot': 0.00647}
  t=  17.00  cb_yield           L4-CB2 {'rot': 0.00647}
  t=  17.00  cb_yield           L19-CB0 {'rot': 0.00702}
  t=  17.00  cb_yield           L19-CB2 {'rot': 0.00702}
  t=  17.00  cb_yield           L20-CB0 {'rot': 0.00663}
  t=  17.00  cb_yield           L20-CB2 {'rot': 0.00663}
  t=  17.00  cb_yield           L25-CB1 {'rot': 0.00689}
  t=  17.00  cb_yield           L25-CB3 {'rot': 0.00689}
  t=  18.00  cb_yield           L21-CB0 {'rot': 0.00664}
  t=  18.00  cb_yield           L21-CB2 {'rot': 0.00664}
  t=  18.00  cb_yield           L26-CB1 {'rot': 0.00678}
  t=  18.00  cb_yield           L26-CB3 {'rot': 0.00678}
  t=  19.00  cb_yield           L3-CB0 {'rot': 0.00636}
  t=  19.00  cb_yield           L3-CB2 {'rot': 0.00636}
  t=  19.00  cb_yield           L27-CB1 {'rot': 0.00661}
  t=  19.00  cb_yield           L27-CB3 {'rot': 0.00661}
  t=  20.00  cb_yield           L2-CB1 {'rot': 0.00614}
  t=  20.00  cb_yield           L2-CB3 {'rot': 0.00614}
  t=  20.00  cb_yield           L22-CB0 {'rot': 0.00697}
  t=  20.00  cb_yield           L22-CB2 {'rot': 0.00697}
  t=  21.00  cb_yield           L23-CB0 {'rot': 0.00677}
  t=  21.00  cb_yield           L23-CB2 {'rot': 0.00678}
  t=  21.00  cb_yield           L28-CB1 {'rot': 0.00676}
  t=  21.00  cb_yield           L28-CB3 {'rot': 0.00677}
  t=  23.00  cb_yield           L2-CB0 {'rot': 0.00645}
  t=  23.00  cb_yield           L2-CB2 {'rot': 0.00645}
  t=  23.00  cb_yield           L24-CB0 {'rot': 0.00686}
  t=  23.00  cb_yield           L24-CB2 {'rot': 0.00686}
  t=  23.00  cb_yield           L29-CB1 {'rot': 0.00678}
  t=  23.00  cb_yield           L29-CB3 {'rot': 0.00679}
  t=  25.00  cb_yield           L25-CB0 {'rot': 0.0068}
  t=  25.00  cb_yield           L25-CB2 {'rot': 0.0068}
  t=  25.00  cb_yield           L30-CB1 {'rot': 0.00668}
  t=  25.00  cb_yield           L30-CB3 {'rot': 0.00669}
  t=  28.00  cb_yield           L1-CB1 {'rot': 0.00617}
  t=  28.00  cb_yield           L1-CB3 {'rot': 0.00617}
  t=  28.00  cb_yield           L26-CB0 {'rot': 0.00682}
  t=  28.00  cb_yield           L26-CB2 {'rot': 0.00682}
  t=  28.00  cb_yield           L31-CB1 {'rot': 0.00694}
  t=  28.00  cb_yield           L31-CB3 {'rot': 0.00694}
  t=  29.00  cb_yield           L32-CB1 {'rot': 0.00676}
  t=  29.00  cb_yield           L32-CB3 {'rot': 0.00677}
  t=  31.00  cb_yield           L1-CB0 {'rot': 0.0062}
  t=  31.00  cb_yield           L1-CB2 {'rot': 0.0062}
  t=  33.00  cb_yield           L27-CB0 {'rot': 0.00677}
  t=  33.00  cb_yield           L27-CB2 {'rot': 0.00678}
  t=  33.00  cb_yield           L33-CB1 {'rot': 0.00696}
  t=  33.00  cb_yield           L33-CB3 {'rot': 0.00696}
  t=  39.00  cb_failure         L13-CB1 {'rot': 0.03017}
  t=  39.00  cb_failure         L13-CB3 {'rot': 0.03017}
  t=  39.00  cb_failure         L14-CB1 {'rot': 0.03017}
  t=  39.00  cb_failure         L14-CB3 {'rot': 0.03017}
  t=  39.00  cb_yield           L28-CB0 {'rot': 0.00663}
  t=  39.00  cb_yield           L28-CB2 {'rot': 0.00663}
  t=  40.00  cb_failure         L11-CB1 {'rot': 0.03048}
  t=  40.00  cb_failure         L11-CB3 {'rot': 0.03048}
  t=  40.00  cb_failure         L12-CB1 {'rot': 0.03088}
  t=  40.00  cb_failure         L12-CB3 {'rot': 0.03088}
  t=  40.00  cb_failure         L15-CB1 {'rot': 0.03093}
  t=  40.00  cb_failure         L15-CB3 {'rot': 0.03093}
  t=  40.00  cb_failure         L16-CB1 {'rot': 0.03062}
  t=  40.00  cb_failure         L16-CB3 {'rot': 0.03062}
  t=  41.00  cb_failure         L10-CB1 {'rot': 0.03083}
  t=  41.00  cb_failure         L10-CB3 {'rot': 0.03083}
  t=  41.00  cb_failure         L17-CB1 {'rot': 0.03096}
  t=  41.00  cb_failure         L17-CB3 {'rot': 0.03096}
  t=  42.00  cb_failure         L9-CB1 {'rot': 0.03095}
  t=  42.00  cb_failure         L9-CB3 {'rot': 0.03095}
  t=  42.00  cb_failure         L18-CB1 {'rot': 0.03111}
  t=  42.00  cb_failure         L18-CB3 {'rot': 0.03111}
  t=  43.00  cb_failure         L8-CB1 {'rot': 0.03079}
  t=  43.00  cb_failure         L8-CB3 {'rot': 0.03079}
  t=  43.00  cb_failure         L19-CB1 {'rot': 0.03108}
  t=  43.00  cb_failure         L19-CB3 {'rot': 0.03108}
  t=  44.00  cb_failure         L7-CB1 {'rot': 0.03024}
  t=  44.00  cb_failure         L7-CB3 {'rot': 0.03024}
  t=  44.00  cb_failure         L20-CB1 {'rot': 0.03088}
  t=  44.00  cb_failure         L20-CB3 {'rot': 0.03088}
  t=  45.00  cb_yield           L29-CB0 {'rot': 0.00671}
  t=  45.00  cb_yield           L29-CB2 {'rot': 0.00671}
  t=  46.00  cb_failure         L21-CB1 {'rot': 0.03102}
  t=  46.00  cb_failure         L21-CB3 {'rot': 0.03102}
  t=  47.00  cb_failure         L6-CB1 {'rot': 0.03068}
  t=  47.00  cb_failure         L6-CB3 {'rot': 0.03068}
  t=  48.00  cb_failure         L9-CB0 {'rot': 0.03021}
  t=  48.00  cb_failure         L9-CB2 {'rot': 0.03021}
  t=  48.00  cb_failure         L10-CB0 {'rot': 0.03065}
  t=  48.00  cb_failure         L10-CB2 {'rot': 0.03065}
  t=  48.00  cb_failure         L11-CB0 {'rot': 0.03086}
  t=  48.00  cb_failure         L11-CB2 {'rot': 0.03086}
  t=  48.00  cb_failure         L12-CB0 {'rot': 0.0309}
  t=  48.00  cb_failure         L12-CB2 {'rot': 0.0309}
  t=  48.00  cb_failure         L13-CB0 {'rot': 0.03074}
  t=  48.00  cb_failure         L13-CB2 {'rot': 0.03074}
  t=  48.00  cb_failure         L14-CB0 {'rot': 0.03035}
  t=  48.00  cb_failure         L14-CB2 {'rot': 0.03035}
  t=  48.00  cb_failure         L22-CB1 {'rot': 0.03069}
  t=  48.00  cb_failure         L22-CB3 {'rot': 0.03069}
  t=  49.00  cb_failure         L8-CB0 {'rot': 0.03033}
  t=  49.00  cb_failure         L8-CB2 {'rot': 0.03033}
  t=  49.00  cb_failure         L15-CB0 {'rot': 0.03065}
  t=  49.00  cb_failure         L15-CB2 {'rot': 0.03065}
  t=  50.00  cb_failure         L5-CB1 {'rot': 0.03016}
  t=  50.00  cb_failure         L5-CB3 {'rot': 0.03016}
  t=  50.00  cb_failure         L16-CB0 {'rot': 0.03074}
  t=  50.00  cb_failure         L16-CB2 {'rot': 0.03075}
  t=  51.00  cb_failure         L7-CB0 {'rot': 0.03077}
  t=  51.00  cb_failure         L7-CB2 {'rot': 0.03077}
  t=  51.00  cb_failure         L23-CB1 {'rot': 0.03063}
  t=  51.00  cb_failure         L23-CB3 {'rot': 0.03063}
  t=  52.00  cb_failure         L17-CB0 {'rot': 0.03124}
  t=  52.00  cb_failure         L17-CB2 {'rot': 0.03124}
  t=  53.00  cb_failure         L6-CB0 {'rot': 0.03052}
  t=  53.00  cb_failure         L6-CB2 {'rot': 0.03052}
  t=  53.00  cb_failure         L18-CB0 {'rot': 0.03065}
  t=  53.00  cb_failure         L18-CB2 {'rot': 0.03065}
  t=  53.00  cb_yield           L30-CB0 {'rot': 0.00678}
  t=  53.00  cb_yield           L30-CB2 {'rot': 0.00678}
  t=  55.00  cb_failure         L24-CB1 {'rot': 0.03076}
  t=  55.00  cb_failure         L24-CB3 {'rot': 0.03076}
  t=  56.00  cb_failure         L4-CB1 {'rot': 0.03014}
  t=  56.00  cb_failure         L4-CB3 {'rot': 0.03014}
  t=  56.00  cb_failure         L19-CB0 {'rot': 0.03105}
  t=  56.00  cb_failure         L19-CB2 {'rot': 0.03105}
  t=  57.00  cb_failure         L5-CB0 {'rot': 0.03058}
  t=  57.00  cb_failure         L5-CB2 {'rot': 0.03058}
  t=  59.00  cb_failure         L20-CB0 {'rot': 0.0309}
  t=  59.00  cb_failure         L20-CB2 {'rot': 0.0309}
  t=  59.00  cb_failure         L25-CB1 {'rot': 0.03062}
  t=  59.00  cb_failure         L25-CB3 {'rot': 0.03062}
  t=  64.00  cb_failure         L4-CB0 {'rot': 0.03049}
  t=  64.00  cb_failure         L4-CB2 {'rot': 0.03048}
  t=  64.00  cb_failure         L21-CB0 {'rot': 0.03088}
  t=  64.00  cb_failure         L21-CB2 {'rot': 0.03088}
  t=  64.00  cb_failure         L26-CB1 {'rot': 0.03063}
  t=  64.00  cb_failure         L26-CB3 {'rot': 0.03063}
  t=  65.00  cb_yield           L31-CB0 {'rot': 0.00666}
  t=  65.00  cb_yield           L31-CB2 {'rot': 0.00666}
  t=  66.00  cb_failure         L3-CB1 {'rot': 0.03012}
  t=  66.00  cb_failure         L3-CB3 {'rot': 0.03012}
  t=  69.00  cb_failure         L27-CB1 {'rot': 0.03062}
  t=  69.00  cb_failure         L27-CB3 {'rot': 0.03062}
  t=  72.00  cb_failure         L22-CB0 {'rot': 0.03088}
  t=  72.00  cb_failure         L22-CB2 {'rot': 0.03088}
  t=  74.00  cb_failure         L28-CB1 {'rot': 0.03068}
  t=  74.00  cb_failure         L28-CB3 {'rot': 0.03068}
  t=  78.00  cb_failure         L3-CB0 {'rot': 0.03031}
  t=  78.00  cb_failure         L3-CB2 {'rot': 0.03031}
  t=  78.00  cb_failure         L29-CB1 {'rot': 0.03066}
  t=  78.00  cb_failure         L29-CB3 {'rot': 0.03066}
  t=  81.00  cb_yield           L32-CB0 {'rot': 0.00666}
  t=  81.00  cb_yield           L32-CB2 {'rot': 0.00666}
  t=  82.00  cb_failure         L30-CB1 {'rot': 0.03062}
  t=  82.00  cb_failure         L30-CB3 {'rot': 0.03062}
  t=  83.00  cb_failure         L2-CB1 {'rot': 0.03026}
  t=  83.00  cb_failure         L2-CB3 {'rot': 0.03026}
  t=  85.00  cb_failure         L23-CB0 {'rot': 0.0306}
  t=  85.00  cb_failure         L23-CB2 {'rot': 0.0306}
  t=  86.00  cb_failure         L31-CB1 {'rot': 0.03062}
  t=  86.00  cb_failure         L31-CB3 {'rot': 0.03062}
  t=  89.00  cb_failure         L32-CB1 {'rot': 0.03064}
  t=  89.00  cb_failure         L32-CB3 {'rot': 0.03064}
  t=  90.00  cb_failure         L33-CB1 {'rot': 0.03063}
  t=  90.00  cb_failure         L33-CB3 {'rot': 0.03063}
  t= 102.00  cb_failure         L2-CB0 {'rot': 0.03041}
  t= 102.00  cb_failure         L2-CB2 {'rot': 0.03041}
  t= 107.00  cb_failure         L24-CB0 {'rot': 0.03061}
  t= 107.00  cb_failure         L24-CB2 {'rot': 0.03061}
  step 108  solver fallback: NewtonLineSearch
  step 110  solver fallback: 10 sub-steps, tol 1e-05
  t= 111.00  wall_flexure_strength_loss S2-F {'rot_x': 0.0, 'rot_y': 0.00593}
  t= 111.00  wall_axial_failure S2-F {'gamma': 0.00329, 'eps': -0.01045, 'cause': 'crushing'}
