0 priority jobs, 42 collapse searches, 40 other jobs, 4 workers
[16:44:44] DONE pushover/A-D1D2D4_dir2 nonconverged 717.2  (718s)
[16:47:10] DONE pushover/B-D1D2D4_dir2 nonconverged 146.6  (147s)
[16:50:03] DONE pushover/A-D1D3D4_dir2 nonconverged 172.0  (172s)
[16:53:34] DONE pushover/B-D1D3D4_dir2 nonconverged 210.7  (211s)
[16:55:10] DONE pushover/A-D2D3D4_dir2 nonconverged 95.7  (96s)
[16:57:00] DONE pushover/B-D2D3D4_dir2 nonconverged 109.7  (110s)
[16:57:49] DONE pushover/A-D1D2D3D4_dir2 numerical 49.1  (49s)
[16:59:46] DONE pushover/B-D1D2D3D4_dir2 nonconverged 116.8  (117s)
[16:59:56] DONE nlth/B-D1D2D3D4_GM2_sf2.00 completed 1629.0  (1630s)
[17:04:28] DONE pushover/A-REF_dir1 nonconverged 281.2  (282s)
[17:06:13] DONE nlth/A-REF_GM2_sf1.50 completed 2006.5  (2007s)
[17:06:43] DONE pushover/B-REF_dir1 numerical 134.6  (135s)
[17:07:33] DONE nlth/A-D1D2D3D4_GM2_sf2.00 completed 2086.5  (2087s)
[17:11:48] DONE pushover/A-D1_dir1 numerical 305.0  (305s)
[17:12:48] DONE nlth/B-D1D2D3D4_GM2_sf3.00 numerical 772.0  (772s)
[17:16:06] DONE pushover/B-D1_dir1 nonconverged 257.0  (257s)
[17:22:25] DONE nlth/A-D1D2D3D4_GM2_sf3.00 collapse 891.7  (892s)
[17:27:22] DONE pushover/A-D2_dir1 nonconverged 676.3  (677s)
[17:30:03] DONE pushover/B-D2_dir1 numerical 160.6  (161s)
[17:31:51] DONE nlth/B-D1D2D3D4_GM2_sf3.00_dt0.01 numerical 1142.0  (1142s)
[17:33:03] DONE pushover/A-D3_dir1 nonconverged 179.4  (180s)
[17:37:06] DONE pushover/B-D3_dir1 numerical 242.8  (243s)
[17:38:12] DONE pushover/A-D4_dir1 numerical 66.0  (66s)
[17:41:25] DONE pushover/B-D4_dir1 nonconverged 192.4  (193s)
[17:41:54] DONE nlth/B-D1D2D3D4_GM2_sf2.50 numerical 602.0  (602s)
[17:42:09] DONE nlth/A-REF_GM2_sf2.00 completed 2155.3  (2156s)
[17:45:41] DONE pushover/A-D1D2_dir1 nonconverged 255.6  (256s)
[17:51:00] DONE pushover/B-D1D2_dir1 nonconverged 318.9  (319s)
[17:53:38] DONE pushover/A-D1D3_dir1 nonconverged 157.3  (158s)
[17:54:53] DONE nlth/A-D1D2D3D4_GM2_sf2.50 numerical 1947.5  (1948s)
[18:00:12] DONE pushover/B-D1D3_dir1 nonconverged 393.8  (394s)
[18:01:30] DONE pushover/A-D1D4_dir1 numerical 78.1  (78s)
[18:03:38] DONE pushover/B-D1D4_dir1 nonconverged 127.1  (127s)
[18:05:43] DONE pushover/A-D2D3_dir1 numerical 125.4  (126s)
[18:08:27] DONE pushover/B-D2D3_dir1 numerical 162.8  (163s)
[18:12:17] DONE pushover/A-D2D4_dir1 nonconverged 229.8  (230s)
[18:16:12] DONE pushover/B-D2D4_dir1 nonconverged 234.7  (235s)
[18:17:25] DONE pushover/A-D3D4_dir1 numerical 72.8  (73s)
[18:22:22] DONE nlth/B-D1D2D3D4_GM2_sf2.50_dt0.01 collapse 2427.5  (2428s)
[18:23:27] DONE pushover/B-D3D4_dir1 nonconverged 361.4  (362s)
[18:23:49] DONE nlth/A-D1D2D3D4_GM2_sf2.50_dt0.01 nonconverged 1734.6  (1735s)
[18:26:41] DONE nlth/A-REF_GM2_sf3.00 completed 2671.9  (2672s)
[18:31:01] DONE pushover/A-D1D2D3_dir1 nonconverged 453.7  (454s)
[18:32:33] DONE pushover/B-D1D2D3_dir1 numerical 91.4  (92s)
[18:36:53] DONE pushover/A-D1D2D4_dir1 nonconverged 259.8  (260s)
