  t=   4.88  cb_yield           L2-CB0 {'rot': 0.00086}
  t=   4.88  cb_yield           L3-CB0 {'rot': 0.00096}
  t=   4.88  cb_yield           L3-CB1 {'rot': 0.00088}
  t=   4.88  cb_yield           L4-CB0 {'rot': 0.00104}
  t=   4.88  cb_yield           L4-CB1 {'rot': 0.00092}
  t=   4.88  cb_yield           L5-CB0 {'rot': 0.00108}
  t=   4.88  cb_yield           L5-CB1 {'rot': 0.00093}
  t=   4.88  cb_yield           L6-CB0 {'rot': 0.00109}
  t=   4.88  cb_yield           L6-CB1 {'rot': 0.00093}
  t=   4.88  cb_yield           L7-CB0 {'rot': 0.00107}
  t=   4.88  cb_yield           L7-CB1 {'rot': 0.0009}
  t=   4.88  cb_yield           L8-CB0 {'rot': 0.00102}
  t=   4.88  cb_yield           L8-CB1 {'rot': 0.00086}
  t=   4.88  cb_yield           L9-CB0 {'rot': 0.00097}
  t=   4.88  cb_yield           L10-CB0 {'rot': 0.00091}
  t=   4.88  cb_yield           L11-CB0 {'rot': 0.00085}
  t=   5.00  cb_yield           L12-CB0 {'rot': 0.00086}
  t=   6.75  cb_yield           L2-CB1 {'rot': 0.00099}
  t=   6.75  cb_yield           L9-CB1 {'rot': 0.0011}
  t=   6.75  cb_yield           L10-CB1 {'rot': 0.00104}
  t=   6.75  cb_yield           L11-CB1 {'rot': 0.00099}
  t=   6.75  cb_yield           L12-CB1 {'rot': 0.00094}
  t=   6.75  cb_yield           L13-CB1 {'rot': 0.00088}
  t=   6.88  cb_yield           L1-CB1 {'rot': 0.00092}
  t=   6.88  cb_yield           L14-CB1 {'rot': 0.00102}
  t=   6.88  cb_yield           L15-CB1 {'rot': 0.00095}
  t=   6.88  cb_yield           L16-CB1 {'rot': 0.00089}
  t=   7.00  cb_yield           L13-CB0 {'rot': 0.00085}
  t=   9.75  cb_yield           L3-CB2 {'rot': 0.00088}
  t=   9.75  cb_yield           L4-CB2 {'rot': 0.0009}
  t=   9.75  cb_yield           L5-CB2 {'rot': 0.00093}
  t=   9.75  cb_yield           L6-CB2 {'rot': 0.00089}
  t=   9.75  cb_yield           L7-CB2 {'rot': 0.00087}
  t=   9.88  cb_yield           L1-CB2 {'rot': 0.00098}
  t=   9.88  cb_yield           L2-CB2 {'rot': 0.00123}
  t=   9.88  cb_yield           L2-CB3 {'rot': 0.0009}
  t=   9.88  cb_yield           L3-CB3 {'rot': 0.00099}
  t=   9.88  cb_yield           L4-CB3 {'rot': 0.00108}
  t=   9.88  cb_yield           L5-CB3 {'rot': 0.00113}
  t=   9.88  cb_yield           L6-CB3 {'rot': 0.00116}
  t=   9.88  cb_yield           L7-CB3 {'rot': 0.00115}
  t=   9.88  cb_yield           L8-CB2 {'rot': 0.00157}
  t=   9.88  cb_yield           L8-CB3 {'rot': 0.00111}
  t=   9.88  cb_yield           L9-CB2 {'rot': 0.00143}
  t=   9.88  cb_yield           L9-CB3 {'rot': 0.00104}
  t=   9.88  cb_yield           L10-CB2 {'rot': 0.00125}
  t=   9.88  cb_yield           L10-CB3 {'rot': 0.00094}
  t=   9.88  cb_yield           L11-CB2 {'rot': 0.00105}
  t=   9.88  cb_yield           L12-CB2 {'rot': 0.00088}
  t=  10.00  cb_yield           L11-CB3 {'rot': 0.00089}
  t=  10.00  cb_yield           L13-CB2 {'rot': 0.00093}
  progress t=  10.0s  max corner drift so far=0.0018  wall clock=143s
  t=  10.25  cb_yield           L14-CB2 {'rot': 0.00085}
  t=  10.50  cb_yield           L1-CB3 {'rot': 0.00102}
  t=  10.88  cb_yield           L14-CB0 {'rot': 0.00098}
  t=  10.88  cb_yield           L15-CB0 {'rot': 0.00105}
  t=  10.88  cb_yield           L16-CB0 {'rot': 0.00113}
  t=  10.88  cb_yield           L17-CB0 {'rot': 0.00127}
  t=  10.88  cb_yield           L17-CB1 {'rot': 0.00121}
  t=  10.88  cb_yield           L18-CB0 {'rot': 0.00133}
  t=  10.88  cb_yield           L18-CB1 {'rot': 0.00113}
  t=  10.88  cb_yield           L19-CB0 {'rot': 0.00135}
  t=  10.88  cb_yield           L19-CB1 {'rot': 0.00105}
  t=  10.88  cb_yield           L20-CB0 {'rot': 0.00135}
  t=  10.88  cb_yield           L20-CB1 {'rot': 0.00097}
  t=  10.88  cb_yield           L21-CB0 {'rot': 0.00131}
  t=  10.88  cb_yield           L22-CB0 {'rot': 0.00124}
  t=  10.88  cb_yield           L23-CB0 {'rot': 0.00113}
  t=  10.88  cb_yield           L24-CB0 {'rot': 0.00099}
  t=  11.00  cb_yield           L21-CB1 {'rot': 0.00155}
  t=  11.00  cb_yield           L22-CB1 {'rot': 0.00136}
  t=  11.00  cb_yield           L23-CB1 {'rot': 0.00119}
  t=  11.00  cb_yield           L24-CB1 {'rot': 0.00102}
  t=  11.00  cb_yield           L25-CB0 {'rot': 0.00119}
  t=  11.00  cb_yield           L26-CB0 {'rot': 0.001}
  t=  11.13  cb_yield           L1-CB0 {'rot': 0.00093}
  t=  11.13  cb_yield           L25-CB1 {'rot': 0.00095}
  t=  13.50  cb_yield           L12-CB3 {'rot': 0.00085}
  t=  13.75  cb_yield           L13-CB3 {'rot': 0.00085}
  t=  14.25  cb_yield           L14-CB3 {'rot': 0.00088}
  t=  15.50  cb_yield           L15-CB2 {'rot': 0.00116}
  t=  15.50  cb_yield           L16-CB2 {'rot': 0.00109}
  t=  15.50  cb_yield           L17-CB2 {'rot': 0.00104}
  t=  15.50  cb_yield           L18-CB2 {'rot': 0.00096}
  t=  15.63  cb_yield           L19-CB2 {'rot': 0.00114}
  t=  15.63  cb_yield           L20-CB2 {'rot': 0.00104}
  t=  15.63  cb_yield           L21-CB2 {'rot': 0.00095}
  t=  15.75  cb_yield           L22-CB2 {'rot': 0.00098}
  t=  15.88  cb_yield           L15-CB3 {'rot': 0.00106}
  t=  15.88  cb_yield           L16-CB3 {'rot': 0.00099}
  t=  15.88  cb_yield           L17-CB3 {'rot': 0.00098}
  t=  15.88  cb_yield           L18-CB3 {'rot': 0.00094}
  t=  15.88  cb_yield           L23-CB2 {'rot': 0.00105}
  t=  15.88  cb_yield           L24-CB2 {'rot': 0.00095}
  t=  16.00  cb_yield           L19-CB3 {'rot': 0.00123}
  t=  16.00  cb_yield           L20-CB3 {'rot': 0.00105}
  t=  16.13  cb_yield           L21-CB3 {'rot': 0.00099}
  t=  17.50  cb_failure         L6-CB0 {'rot': 0.01523}
  t=  17.50  cb_failure         L7-CB0 {'rot': 0.0154}
  t=  17.50  cb_failure         L8-CB0 {'rot': 0.01503}
  t=  17.63  cb_failure         L9-CB0 {'rot': 0.01573}
  t=  17.63  cb_yield           L26-CB1 {'rot': 0.00118}
  t=  17.75  cb_failure         L5-CB0 {'rot': 0.01534}
  t=  17.75  cb_failure         L10-CB0 {'rot': 0.01782}
  t=  17.75  cb_failure         L11-CB0 {'rot': 0.01726}
  t=  17.75  cb_failure         L12-CB0 {'rot': 0.01642}
  t=  17.75  cb_failure         L13-CB0 {'rot': 0.01541}
  t=  17.75  cb_yield           L27-CB0 {'rot': 0.00104}
  t=  17.75  cb_yield           L27-CB1 {'rot': 0.00104}
  t=  17.88  cb_failure         L14-CB0 {'rot': 0.01777}
  t=  17.88  cb_failure         L15-CB0 {'rot': 0.01673}
  t=  17.88  cb_failure         L16-CB0 {'rot': 0.01559}
  t=  18.25  cb_yield           L22-CB3 {'rot': 0.00179}
  t=  18.25  cb_yield           L23-CB3 {'rot': 0.00154}
  t=  18.25  cb_yield           L24-CB3 {'rot': 0.00134}
  t=  18.25  cb_yield           L25-CB2 {'rot': 0.00106}
  t=  18.25  cb_yield           L25-CB3 {'rot': 0.00118}
  t=  18.25  cb_yield           L26-CB2 {'rot': 0.00096}
  t=  18.25  cb_yield           L26-CB3 {'rot': 0.00104}
  t=  18.25  cb_yield           L27-CB3 {'rot': 0.00096}
  t=  18.38  cb_yield           L27-CB2 {'rot': 0.00102}
  t=  18.38  cb_yield           L28-CB3 {'rot': 0.00096}
  t=  19.37  cb_yield           L28-CB2 {'rot': 0.00109}
  t=  19.50  cb_yield           L29-CB2 {'rot': 0.001}
  t=  19.50  cb_yield           L29-CB3 {'rot': 0.00105}
  progress t=  20.0s  max corner drift so far=0.0122  wall clock=328s
  t=  20.87  cb_yield           L28-CB0 {'rot': 0.00139}
  t=  20.87  cb_yield           L28-CB1 {'rot': 0.00096}
  t=  20.87  cb_yield           L29-CB0 {'rot': 0.00096}
  t=  21.12  cb_yield           L30-CB0 {'rot': 0.00097}
  t=  21.25  cb_failure         L9-CB1 {'rot': 0.01497}
  t=  21.25  cb_failure         L10-CB1 {'rot': 0.01576}
  t=  21.25  cb_failure         L11-CB1 {'rot': 0.0163}
  t=  21.25  cb_failure         L12-CB1 {'rot': 0.01659}
  t=  21.25  cb_failure         L13-CB1 {'rot': 0.01663}
  t=  21.25  cb_failure         L14-CB1 {'rot': 0.01646}
  t=  21.25  cb_failure         L15-CB1 {'rot': 0.0161}
  t=  21.25  cb_failure         L16-CB1 {'rot': 0.01558}
  t=  21.25  cb_failure         L17-CB0 {'rot': 0.01662}
  t=  21.25  cb_failure         L18-CB0 {'rot': 0.01549}
  t=  21.37  cb_failure         L8-CB1 {'rot': 0.01547}
  t=  21.37  cb_failure         L17-CB1 {'rot': 0.01639}
  t=  21.37  cb_failure         L18-CB1 {'rot': 0.01528}
  t=  21.37  cb_failure         L19-CB0 {'rot': 0.01553}
  t=  21.50  cb_failure         L4-CB0 {'rot': 0.01584}
  t=  22.50  cb_failure         L4-CB2 {'rot': 0.01534}
  t=  22.50  cb_failure         L5-CB2 {'rot': 0.0171}
  t=  22.50  cb_failure         L6-CB2 {'rot': 0.01799}
  t=  22.50  cb_failure         L7-CB2 {'rot': 0.01826}
  t=  22.50  cb_failure         L8-CB2 {'rot': 0.01799}
  t=  22.50  cb_failure         L9-CB2 {'rot': 0.01712}
  t=  22.50  cb_failure         L10-CB2 {'rot': 0.01577}
  t=  22.62  cb_failure         L11-CB2 {'rot': 0.0182}
  t=  22.62  cb_failure         L12-CB2 {'rot': 0.01612}
  t=  22.75  cb_failure         L3-CB2 {'rot': 0.01534}
  t=  22.75  cb_failure         L5-CB3 {'rot': 0.01562}
  t=  22.75  cb_failure         L6-CB3 {'rot': 0.017}
  t=  22.75  cb_failure         L7-CB3 {'rot': 0.01762}
  t=  22.75  cb_failure         L8-CB3 {'rot': 0.01769}
  t=  22.75  cb_failure         L9-CB3 {'rot': 0.01734}
  t=  22.75  cb_failure         L10-CB3 {'rot': 0.01659}
  t=  22.75  cb_failure         L11-CB3 {'rot': 0.01542}
  t=  22.75  cb_failure         L13-CB2 {'rot': 0.01876}
  t=  22.75  cb_failure         L14-CB2 {'rot': 0.01591}
  t=  22.87  cb_failure         L12-CB3 {'rot': 0.01925}
  t=  22.87  cb_failure         L13-CB3 {'rot': 0.01736}
  t=  22.87  cb_failure         L14-CB3 {'rot': 0.01495}
  t=  22.87  cb_failure         L15-CB2 {'rot': 0.01754}
  t=  23.00  cb_failure         L6-CB1 {'rot': 0.01641}
  t=  23.00  cb_failure         L7-CB1 {'rot': 0.01805}
  t=  23.00  cb_failure         L15-CB3 {'rot': 0.01598}
  t=  23.00  cb_failure         L16-CB2 {'rot': 0.01656}
  t=  23.12  cb_failure         L4-CB3 {'rot': 0.01517}
  t=  23.12  cb_failure         L5-CB1 {'rot': 0.01602}
  t=  23.25  cb_failure         L4-CB1 {'rot': 0.01492}
  t=  23.75  cb_failure         L16-CB3 {'rot': 0.01502}
  t=  24.00  cb_failure         L3-CB0 {'rot': 0.01529}
  t=  26.12  cb_yield           L30-CB2 {'rot': 0.00098}
  t=  26.37  cb_failure         L17-CB2 {'rot': 0.02049}
  t=  26.37  cb_failure         L17-CB3 {'rot': 0.01811}
  t=  26.37  cb_failure         L18-CB2 {'rot': 0.01668}
  t=  26.50  cb_failure         L18-CB3 {'rot': 0.02371}
  t=  26.50  cb_failure         L19-CB2 {'rot': 0.02085}
  t=  26.50  cb_failure         L19-CB3 {'rot': 0.01938}
  t=  26.50  cb_failure         L20-CB2 {'rot': 0.01605}
  t=  26.62  cb_failure         L20-CB3 {'rot': 0.02089}
  t=  26.62  cb_failure         L21-CB2 {'rot': 0.01597}
  t=  26.62  cb_failure         L21-CB3 {'rot': 0.01502}
  t=  26.87  cb_failure         L22-CB2 {'rot': 0.0153}
  t=  26.87  cb_failure         L22-CB3 {'rot': 0.01647}
  t=  27.00  cb_failure         L3-CB3 {'rot': 0.01561}
  t=  27.00  cb_failure         L23-CB2 {'rot': 0.0156}
  t=  27.00  cb_failure         L23-CB3 {'rot': 0.01709}
  t=  27.00  cb_yield           L30-CB3 {'rot': 0.00103}
  t=  27.00  cb_yield           L31-CB2 {'rot': 0.00121}
  t=  27.12  cb_failure         L24-CB2 {'rot': 0.01609}
  t=  27.12  cb_failure         L24-CB3 {'rot': 0.01776}
  t=  27.12  cb_yield           L31-CB3 {'rot': 0.00098}
  t=  27.12  cb_yield           L32-CB2 {'rot': 0.00147}
  t=  27.12  cb_yield           L33-CB2 {'rot': 0.00122}
  t=  27.25  cb_failure         L19-CB1 {'rot': 0.01551}
  t=  27.25  cb_failure         L25-CB2 {'rot': 0.01506}
  t=  27.25  cb_failure         L25-CB3 {'rot': 0.01677}
  t=  27.25  cb_yield           L31-CB1 {'rot': 0.00098}
  t=  27.25  cb_yield           L32-CB1 {'rot': 0.00102}
  t=  27.25  cb_yield           L32-CB3 {'rot': 0.0011}
  t=  27.25  cb_yield           L33-CB1 {'rot': 0.00097}
  t=  27.37  cb_failure         L26-CB3 {'rot': 0.01555}
  t=  27.37  cb_yield           L30-CB1 {'rot': 0.0012}
  t=  27.37  cb_yield           L33-CB3 {'rot': 0.00231}
  t=  27.62  cb_failure         L20-CB1 {'rot': 0.01552}
  t=  27.75  cb_failure         L20-CB0 {'rot': 0.01571}
  t=  28.12  cb_failure         L21-CB0 {'rot': 0.01531}
  t=  28.12  cb_failure         L21-CB1 {'rot': 0.01533}
  t=  28.37  cb_failure         L22-CB0 {'rot': 0.01529}
  t=  28.37  cb_failure         L22-CB1 {'rot': 0.01581}
  t=  28.37  cb_yield           L29-CB1 {'rot': 0.00094}
  t=  28.50  cb_failure         L23-CB1 {'rot': 0.01642}
  t=  28.62  cb_failure         L3-CB1 {'rot': 0.01511}
  t=  28.62  cb_failure         L23-CB0 {'rot': 0.01671}
  t=  28.62  cb_failure         L24-CB1 {'rot': 0.01594}
  t=  28.87  cb_yield           L31-CB0 {'rot': 0.00107}
  progress t=  30.0s  max corner drift so far=0.0212  wall clock=548s
  t=  30.25  cb_yield           L32-CB0 {'rot': 0.00098}
  t=  34.87  cb_failure         L2-CB2 {'rot': 0.01489}
  t=  35.00  cb_failure         L2-CB3 {'rot': 0.01547}
  t=  35.25  cb_failure         L26-CB2 {'rot': 0.01528}
  t=  39.00  cb_yield           L33-CB0 {'rot': 0.00124}
  progress t=  40.0s  max corner drift so far=0.0212  wall clock=760s
  t=  43.37  cb_failure         L27-CB3 {'rot': 0.01504}
  t=  47.75  cb_failure         L24-CB0 {'rot': 0.01803}
  t=  47.75  cb_failure         L25-CB1 {'rot': 0.01683}
  t=  47.87  cb_failure         L25-CB0 {'rot': 0.01781}
  t=  48.00  cb_failure         L26-CB0 {'rot': 0.01521}
  t=  48.00  cb_failure         L26-CB1 {'rot': 0.01641}
  t=  48.37  cb_failure         L2-CB0 {'rot': 0.01526}
  t=  48.50  cb_failure         L2-CB1 {'rot': 0.01819}
  t=  48.75  cb_failure         L1-CB1 {'rot': 0.01551}
  t=  48.87  cb_failure         L1-CB0 {'rot': 0.01495}
  t=  49.62  cb_failure         L27-CB2 {'rot': 0.01682}
  t=  49.75  cb_failure         L27-CB0 {'rot': 0.01674}
  t=  49.75  cb_failure         L27-CB1 {'rot': 0.0177}
  t=  49.75  cb_failure         L28-CB3 {'rot': 0.015}
  t=  49.87  cb_failure         L28-CB2 {'rot': 0.0185}
  t=  50.00  cb_failure         L28-CB0 {'rot': 0.01587}
  t=  50.00  cb_failure         L28-CB1 {'rot': 0.01637}
  progress t=  50.0s  max corner drift so far=0.0212  wall clock=961s
  progress t=  60.0s  max corner drift so far=0.0212  wall clock=1160s
  t=  61.12  cb_failure         L29-CB2 {'rot': 0.01508}
  t=  61.12  cb_failure         L29-CB3 {'rot': 0.01502}
  progress t=  70.0s  max corner drift so far=0.0212  wall clock=1371s
  t=  78.38  cb_failure         L29-CB1 {'rot': 0.01522}
  t=  78.50  cb_failure         L29-CB0 {'rot': 0.01516}
  t=  78.63  cb_failure         L30-CB1 {'rot': 0.01617}
  t=  78.75  cb_failure         L30-CB3 {'rot': 0.01938}
  t=  78.88  cb_failure         L31-CB1 {'rot': 0.01837}
  t=  78.88  cb_failure         L31-CB3 {'rot': 0.02183}
  t=  78.88  cb_failure         L32-CB1 {'rot': 0.01625}
  t=  78.88  cb_failure         L32-CB3 {'rot': 0.0195}
  t=  79.25  cb_failure         L30-CB2 {'rot': 0.01631}
  t=  79.50  cb_failure         L1-CB3 {'rot': 0.01509}
  t=  79.50  cb_failure         L31-CB2 {'rot': 0.01865}
  t=  79.50  cb_failure         L32-CB2 {'rot': 0.01689}
  t=  79.50  cb_failure         L33-CB2 {'rot': 0.01622}
  t=  79.50  cb_failure         L33-CB3 {'rot': 0.01828}
  t=  79.75  cb_failure         L1-CB2 {'rot': 0.01636}
  t= 79.900  solver fallback: NewtonLineSearch
  progress t=  80.0s  max corner drift so far=0.0220  wall clock=1592s
  t=  84.13  cb_failure         L30-CB0 {'rot': 0.01611}
  t=  84.13  cb_failure         L31-CB0 {'rot': 0.01513}
  t=  84.25  cb_failure         L32-CB0 {'rot': 0.01826}
  t=  84.25  cb_failure         L33-CB0 {'rot': 0.018}
  t=  84.75  cb_failure         L33-CB1 {'rot': 0.01509}
  progress t=  90.0s  max corner drift so far=0.0220  wall clock=1856s
  t= 95.175  solver fallback: ModifiedNewton
  progress t= 100.0s  max corner drift so far=0.0220  wall clock=2121s
  progress t= 110.0s  max corner drift so far=0.0220  wall clock=2326s
  progress t= 120.0s  max corner drift so far=0.0220  wall clock=2526s
