  t=   6.00  cb_yield           L2-CB0 {'rot': 0.00086}
  t=   6.00  cb_yield           L2-CB1 {'rot': 0.00102}
  t=   6.00  cb_yield           L3-CB0 {'rot': 0.00094}
  t=   6.00  cb_yield           L3-CB1 {'rot': 0.00114}
  t=   6.00  cb_yield           L4-CB0 {'rot': 0.001}
  t=   6.00  cb_yield           L4-CB1 {'rot': 0.00121}
  t=   6.00  cb_yield           L5-CB0 {'rot': 0.00103}
  t=   6.00  cb_yield           L5-CB1 {'rot': 0.00125}
  t=   6.00  cb_yield           L6-CB0 {'rot': 0.00102}
  t=   6.00  cb_yield           L6-CB1 {'rot': 0.00124}
  t=   6.00  cb_yield           L7-CB0 {'rot': 0.001}
  t=   6.00  cb_yield           L7-CB1 {'rot': 0.0012}
  t=   6.00  cb_yield           L8-CB0 {'rot': 0.00096}
  t=   6.00  cb_yield           L8-CB1 {'rot': 0.00113}
  t=   6.00  cb_yield           L9-CB0 {'rot': 0.00088}
  t=   6.00  cb_yield           L9-CB1 {'rot': 0.00105}
  t=   6.00  cb_yield           L10-CB1 {'rot': 0.00098}
  t=   6.00  cb_yield           L11-CB1 {'rot': 0.00091}
  t=   6.00  cb_yield           L12-CB1 {'rot': 0.00086}
  t=   6.13  cb_yield           L1-CB0 {'rot': 0.00086}
  t=   6.13  cb_yield           L1-CB1 {'rot': 0.00099}
  t=   6.13  cb_yield           L10-CB0 {'rot': 0.00115}
  t=   6.13  cb_yield           L11-CB0 {'rot': 0.00103}
  t=   6.13  cb_yield           L12-CB0 {'rot': 0.00093}
  t=   6.13  cb_yield           L13-CB1 {'rot': 0.001}
  t=   6.13  cb_yield           L14-CB1 {'rot': 0.0009}
  t=   6.25  cb_yield           L13-CB0 {'rot': 0.00107}
  t=   6.25  cb_yield           L14-CB0 {'rot': 0.00096}
  t=   6.25  cb_yield           L15-CB0 {'rot': 0.00086}
  t=   6.25  cb_yield           L15-CB1 {'rot': 0.00104}
  t=   6.25  cb_yield           L16-CB1 {'rot': 0.00094}
  t=   6.38  cb_yield           L16-CB0 {'rot': 0.00102}
  t=   6.38  cb_yield           L17-CB0 {'rot': 0.00097}
  t=   6.38  cb_yield           L17-CB1 {'rot': 0.00114}
  t=   6.38  cb_yield           L18-CB1 {'rot': 0.00103}
  t=   6.50  cb_yield           L18-CB0 {'rot': 0.00105}
  t=   6.50  cb_yield           L19-CB0 {'rot': 0.00097}
  t=   6.50  cb_yield           L19-CB1 {'rot': 0.00113}
  t=   6.50  cb_yield           L20-CB1 {'rot': 0.00103}
  t=   6.50  cb_yield           L21-CB1 {'rot': 0.00095}
  t=   8.13  cb_yield           L20-CB0 {'rot': 0.00104}
  t=   8.13  cb_yield           L21-CB0 {'rot': 0.00099}
  t=   8.13  cb_yield           L22-CB0 {'rot': 0.00094}
  t=   8.25  cb_yield           L23-CB0 {'rot': 0.00095}
  t=   9.25  cb_yield           L2-CB2 {'rot': 0.00086}
  t=   9.25  cb_yield           L3-CB2 {'rot': 0.00089}
  t=   9.25  cb_yield           L4-CB2 {'rot': 0.00089}
  t=   9.25  cb_yield           L5-CB2 {'rot': 0.00087}
  t=   9.75  cb_yield           L1-CB3 {'rot': 0.00085}
  t=   9.75  cb_yield           L2-CB3 {'rot': 0.0009}
  t=   9.75  cb_yield           L3-CB3 {'rot': 0.00089}
  t=   9.75  cb_yield           L4-CB3 {'rot': 0.00087}
  t=   9.75  cb_yield           L6-CB2 {'rot': 0.00085}
  t=   9.88  cb_yield           L1-CB2 {'rot': 0.00094}
  t=   9.88  cb_yield           L5-CB3 {'rot': 0.0009}
  progress t=  10.0s  max corner drift so far=0.0029  wall clock=111s
  t=  10.13  cb_yield           L6-CB3 {'rot': 0.00092}
  t=  10.13  cb_yield           L7-CB2 {'rot': 0.00089}
  t=  10.13  cb_yield           L7-CB3 {'rot': 0.00088}
  t=  10.13  cb_yield           L8-CB2 {'rot': 0.00085}
  t=  10.25  cb_yield           L8-CB3 {'rot': 0.00091}
  t=  10.25  cb_yield           L9-CB2 {'rot': 0.00089}
  t=  10.25  cb_yield           L9-CB3 {'rot': 0.00091}
  t=  10.25  cb_yield           L10-CB2 {'rot': 0.00087}
  t=  10.25  cb_yield           L10-CB3 {'rot': 0.00094}
  t=  10.25  cb_yield           L11-CB2 {'rot': 0.00085}
  t=  10.25  cb_yield           L11-CB3 {'rot': 0.00094}
  t=  10.25  cb_yield           L12-CB3 {'rot': 0.00092}
  t=  10.25  cb_yield           L13-CB3 {'rot': 0.00089}
  t=  10.25  cb_yield           L14-CB3 {'rot': 0.00086}
  t=  10.38  cb_yield           L12-CB2 {'rot': 0.00085}
  t=  10.38  cb_yield           L13-CB2 {'rot': 0.00085}
  t=  10.38  cb_yield           L15-CB3 {'rot': 0.00091}
  t=  10.38  cb_yield           L16-CB3 {'rot': 0.00085}
  t=  11.75  cb_yield           L14-CB2 {'rot': 0.00086}
  t=  11.75  cb_yield           L15-CB2 {'rot': 0.00087}
  t=  11.75  cb_yield           L16-CB2 {'rot': 0.0009}
  t=  11.75  cb_yield           L17-CB2 {'rot': 0.00097}
  t=  11.75  cb_yield           L18-CB2 {'rot': 0.00097}
  t=  11.75  cb_yield           L19-CB2 {'rot': 0.00097}
  t=  11.75  cb_yield           L20-CB2 {'rot': 0.00096}
  t=  11.75  cb_yield           L21-CB2 {'rot': 0.00094}
  t=  11.88  cb_yield           L22-CB2 {'rot': 0.00165}
  t=  11.88  cb_yield           L23-CB2 {'rot': 0.00141}
  t=  11.88  cb_yield           L24-CB2 {'rot': 0.00117}
  t=  11.88  cb_yield           L25-CB2 {'rot': 0.00097}
  t=  12.00  cb_yield           L17-CB3 {'rot': 0.0012}
  t=  12.00  cb_yield           L18-CB3 {'rot': 0.00114}
  t=  12.00  cb_yield           L19-CB3 {'rot': 0.00107}
  t=  12.00  cb_yield           L20-CB3 {'rot': 0.00101}
  t=  12.00  cb_yield           L21-CB3 {'rot': 0.00094}
  t=  12.63  cb_failure         L7-CB2 {'rot': 0.01516}
  t=  12.63  cb_failure         L8-CB2 {'rot': 0.01509}
  t=  12.75  cb_failure         L9-CB2 {'rot': 0.01488}
  t=  12.88  cb_failure         L10-CB2 {'rot': 0.01485}
  t=  13.00  cb_failure         L11-CB2 {'rot': 0.01509}
  t=  13.13  cb_failure         L12-CB2 {'rot': 0.01499}
  t=  13.13  cb_failure         L13-CB2 {'rot': 0.01495}
  t=  13.25  cb_yield           L22-CB3 {'rot': 0.00113}
  t=  13.38  cb_yield           L23-CB3 {'rot': 0.0012}
  t=  13.38  cb_yield           L24-CB3 {'rot': 0.00099}
  t=  13.38  cb_yield           L26-CB2 {'rot': 0.0012}
  t=  13.38  cb_yield           L27-CB2 {'rot': 0.00094}
  t=  13.50  cb_yield           L22-CB1 {'rot': 0.00104}
  t=  13.50  cb_yield           L23-CB1 {'rot': 0.00097}
  t=  13.63  cb_yield           L24-CB0 {'rot': 0.00107}
  t=  13.63  cb_yield           L24-CB1 {'rot': 0.00136}
  t=  13.63  cb_yield           L25-CB0 {'rot': 0.00095}
  t=  13.63  cb_yield           L25-CB1 {'rot': 0.00122}
  t=  13.63  cb_yield           L26-CB1 {'rot': 0.00107}
  t=  13.63  cb_yield           L27-CB1 {'rot': 0.00095}
  t=  13.75  cb_yield           L26-CB0 {'rot': 0.00111}
  t=  13.75  cb_yield           L27-CB0 {'rot': 0.00095}
  t=  13.75  cb_yield           L28-CB1 {'rot': 0.001}
  t= 15.925  solver fallback: Newton
  t=  18.13  cb_failure         L6-CB2 {'rot': 0.01552}
  t=  18.25  cb_failure         L4-CB2 {'rot': 0.01707}
  t=  18.25  cb_failure         L5-CB2 {'rot': 0.0193}
  t=  18.25  cb_failure         L7-CB0 {'rot': 0.01515}
  t=  18.25  cb_failure         L8-CB0 {'rot': 0.01493}
  t=  18.38  cb_failure         L3-CB2 {'rot': 0.01613}
  t=  18.38  cb_failure         L5-CB0 {'rot': 0.01653}
  t=  18.38  cb_failure         L6-CB0 {'rot': 0.01758}
  t=  18.38  cb_failure         L6-CB3 {'rot': 0.01564}
  t=  18.38  cb_failure         L7-CB3 {'rot': 0.01572}
  t=  18.38  cb_failure         L8-CB3 {'rot': 0.01496}
  t=  18.38  cb_failure         L9-CB0 {'rot': 0.01607}
  t=  18.50  cb_failure         L4-CB0 {'rot': 0.016}
  t=  18.50  cb_failure         L4-CB3 {'rot': 0.01497}
  t=  18.50  cb_failure         L5-CB1 {'rot': 0.0153}
  t=  18.50  cb_failure         L5-CB3 {'rot': 0.01695}
  t=  18.50  cb_failure         L6-CB1 {'rot': 0.01566}
  t=  18.50  cb_failure         L7-CB1 {'rot': 0.01522}
  t=  18.50  cb_failure         L9-CB3 {'rot': 0.01583}
  t=  18.50  cb_failure         L10-CB0 {'rot': 0.01503}
  t=  18.63  cb_failure         L8-CB1 {'rot': 0.01506}
  t=  18.63  cb_failure         L10-CB3 {'rot': 0.01666}
  t=  18.63  cb_failure         L14-CB2 {'rot': 0.01635}
  t=  18.75  cb_failure         L11-CB0 {'rot': 0.01559}
  t=  18.75  cb_failure         L11-CB3 {'rot': 0.01784}
  t=  18.75  cb_failure         L12-CB3 {'rot': 0.01545}
  t=  18.75  cb_failure         L15-CB2 {'rot': 0.01656}
  t=  18.87  cb_failure         L16-CB2 {'rot': 0.01737}
  t=  19.00  cb_failure         L13-CB3 {'rot': 0.01502}
  t=  19.00  cb_failure         L17-CB2 {'rot': 0.01694}
  t=  19.00  cb_yield           L25-CB3 {'rot': 0.0011}
  t=  19.00  cb_yield           L28-CB2 {'rot': 0.00096}
  t=  19.50  cb_failure         L18-CB2 {'rot': 0.015}
  t=  19.75  cb_failure         L19-CB2 {'rot': 0.01622}
  t=  19.87  cb_yield           L28-CB0 {'rot': 0.00105}
  t=  20.00  cb_failure         L14-CB3 {'rot': 0.01495}
  t=  20.00  cb_yield           L29-CB1 {'rot': 0.00098}
  progress t=  20.0s  max corner drift so far=0.0143  wall clock=270s
  t=  20.12  cb_yield           L29-CB0 {'rot': 0.00116}
  t=  20.12  cb_yield           L30-CB1 {'rot': 0.00104}
  t=  23.50  cb_failure         L12-CB0 {'rot': 0.01875}
  t=  23.50  cb_failure         L13-CB0 {'rot': 0.01658}
  t=  23.62  cb_failure         L14-CB0 {'rot': 0.01748}
  t=  23.75  cb_failure         L3-CB0 {'rot': 0.01571}
  t=  23.75  cb_failure         L9-CB1 {'rot': 0.01494}
  t=  23.75  cb_failure         L15-CB0 {'rot': 0.01738}
  t=  23.87  cb_failure         L4-CB1 {'rot': 0.01556}
  t=  23.87  cb_failure         L10-CB1 {'rot': 0.01826}
  t=  23.87  cb_failure         L11-CB1 {'rot': 0.01724}
  t=  23.87  cb_failure         L12-CB1 {'rot': 0.01583}
  t=  23.87  cb_failure         L16-CB0 {'rot': 0.01613}
  t=  24.00  cb_failure         L2-CB0 {'rot': 0.01599}
  t=  24.00  cb_failure         L3-CB1 {'rot': 0.01618}
  t=  24.00  cb_failure         L13-CB1 {'rot': 0.01671}
  t=  24.12  cb_failure         L2-CB1 {'rot': 0.01521}
  t=  24.12  cb_failure         L3-CB3 {'rot': 0.01638}
  t=  24.12  cb_failure         L14-CB1 {'rot': 0.01712}
  t=  24.25  cb_failure         L2-CB2 {'rot': 0.01512}
  t=  24.25  cb_failure         L2-CB3 {'rot': 0.01624}
  t=  24.25  cb_failure         L15-CB1 {'rot': 0.01726}
  t=  24.25  cb_failure         L17-CB0 {'rot': 0.01656}
  t=  24.37  cb_failure         L1-CB0 {'rot': 0.01637}
  t=  24.37  cb_failure         L16-CB1 {'rot': 0.01643}
  t=  24.37  cb_yield           L26-CB3 {'rot': 0.00137}
  t=  24.37  cb_yield           L27-CB3 {'rot': 0.00118}
  t=  24.37  cb_yield           L28-CB3 {'rot': 0.00098}
  t=  24.50  cb_failure         L15-CB3 {'rot': 0.01697}
  t=  24.50  cb_failure         L18-CB0 {'rot': 0.0162}
  t=  24.62  cb_failure         L1-CB1 {'rot': 0.0149}
  t=  24.62  cb_failure         L16-CB3 {'rot': 0.01664}
  t=  24.62  cb_failure         L17-CB1 {'rot': 0.0171}
  t=  24.75  cb_failure         L17-CB3 {'rot': 0.01575}
  t=  24.75  cb_failure         L18-CB1 {'rot': 0.01509}
  t=  24.87  cb_failure         L18-CB3 {'rot': 0.01576}
  t=  24.87  cb_failure         L19-CB0 {'rot': 0.01694}
  t=  25.00  cb_failure         L19-CB1 {'rot': 0.01919}
  t=  25.00  cb_failure         L19-CB3 {'rot': 0.01596}
  t=  25.00  cb_failure         L20-CB0 {'rot': 0.01514}
  t=  25.12  cb_failure         L20-CB1 {'rot': 0.01842}
  t=  25.12  cb_failure         L20-CB3 {'rot': 0.01563}
  t=  25.25  cb_failure         L20-CB2 {'rot': 0.0182}
  t=  25.25  cb_failure         L21-CB0 {'rot': 0.017}
  t=  25.25  cb_failure         L21-CB1 {'rot': 0.01635}
  t=  25.37  cb_failure         L21-CB2 {'rot': 0.01567}
  t=  25.37  cb_failure         L21-CB3 {'rot': 0.01773}
  t=  27.25  cb_failure         L22-CB2 {'rot': 0.0153}
  progress t=  30.0s  max corner drift so far=0.0176  wall clock=423s
  t=  33.62  cb_yield           L29-CB3 {'rot': 0.00101}
  progress t=  40.0s  max corner drift so far=0.0176  wall clock=570s
  t=  46.12  cb_failure         L1-CB2 {'rot': 0.0152}
  t=  46.25  cb_failure         L1-CB3 {'rot': 0.01485}
  t=  46.87  cb_failure         L22-CB3 {'rot': 0.0153}
  t=  47.00  cb_failure         L22-CB0 {'rot': 0.01575}
  t=  47.00  cb_failure         L22-CB1 {'rot': 0.01668}
  t=  47.37  cb_failure         L23-CB2 {'rot': 0.01535}
  t=  47.37  cb_failure         L23-CB3 {'rot': 0.01524}
  t=  47.75  cb_failure         L24-CB2 {'rot': 0.01588}
  t=  47.75  cb_yield           L30-CB3 {'rot': 0.00115}
  progress t=  50.0s  max corner drift so far=0.0184  wall clock=722s
  t=  54.12  cb_yield           L30-CB0 {'rot': 0.00095}
  progress t=  60.0s  max corner drift so far=0.0184  wall clock=885s
  t=  62.12  cb_failure         L23-CB0 {'rot': 0.01543}
  t=  62.25  cb_failure         L23-CB1 {'rot': 0.01496}
  progress t=  70.0s  max corner drift so far=0.0184  wall clock=1033s
  t=  73.12  cb_yield           L31-CB1 {'rot': 0.00103}
  t=  73.37  cb_yield           L31-CB0 {'rot': 0.00095}
  t=  73.37  cb_yield           L32-CB1 {'rot': 0.00094}
  t=  77.75  cb_failure         L24-CB0 {'rot': 0.01577}
  t=  77.88  cb_failure         L24-CB1 {'rot': 0.01533}
  t= 78.100  solver fallback: NewtonLineSearch
  t=  78.25  cb_failure         L24-CB3 {'rot': 0.01586}
  t=  78.35  wall_axial_failure S2-M {'gamma': 0.00104, 'eps': -0.00646, 'cause': 'crushing'}
  t=  78.50  wall_axial_failure S2-R {'gamma': 0.00225, 'eps': -0.00754, 'cause': 'crushing'}
  t=  78.50  cb_failure         L25-CB1 {'rot': 0.01673}
  t=  78.50  cb_failure         L25-CB3 {'rot': 0.01949}
  t=  78.63  cb_failure         L26-CB1 {'rot': 0.04262}
  t=  78.63  cb_failure         L26-CB3 {'rot': 0.04636}
  t=  78.63  cb_failure         L27-CB1 {'rot': 0.03315}
  t=  78.63  cb_failure         L27-CB3 {'rot': 0.03615}
  t=  78.63  cb_failure         L28-CB1 {'rot': 0.02001}
  t=  78.63  cb_failure         L28-CB3 {'rot': 0.02233}
  t=  78.63  cb_yield           L31-CB3 {'rot': 0.00206}
  t=  78.63  cb_yield           L32-CB3 {'rot': 0.00128}
  t= 78.725  solver fallback: 16 sub-steps
