  t=   3.62  cb_yield           L5-CB2 {'rot': 0.0006}
  t=   3.62  cb_yield           L6-CB2 {'rot': 0.00061}
  t=   3.62  cb_yield           L7-CB2 {'rot': 0.00061}
  t=   3.62  cb_yield           L7-CB3 {'rot': 0.0006}
  t=   3.75  cb_yield           L4-CB2 {'rot': 0.0006}
  t=   3.75  cb_yield           L8-CB2 {'rot': 0.00061}
  t=   3.75  cb_yield           L9-CB2 {'rot': 0.00061}
  t=   3.75  cb_yield           L10-CB2 {'rot': 0.0006}
  t=   3.87  cb_yield           L2-CB2 {'rot': 0.00064}
  t=   3.87  cb_yield           L3-CB2 {'rot': 0.00068}
  t=   3.87  cb_yield           L4-CB3 {'rot': 0.00062}
  t=   3.87  cb_yield           L5-CB3 {'rot': 0.00064}
  t=   3.87  cb_yield           L6-CB3 {'rot': 0.00065}
  t=   3.87  cb_yield           L8-CB3 {'rot': 0.00064}
  t=   3.87  cb_yield           L9-CB3 {'rot': 0.00063}
  t=   3.87  cb_yield           L10-CB3 {'rot': 0.00061}
  t=   3.87  cb_yield           L11-CB2 {'rot': 0.00066}
  t=   3.87  cb_yield           L12-CB2 {'rot': 0.00065}
  t=   3.87  cb_yield           L13-CB2 {'rot': 0.00063}
  t=   3.87  cb_yield           L14-CB2 {'rot': 0.00061}
  t=   4.00  cb_yield           L1-CB2 {'rot': 0.00076}
  t=   4.00  cb_yield           L1-CB3 {'rot': 0.00067}
  t=   4.00  cb_yield           L2-CB3 {'rot': 0.00076}
  t=   4.00  cb_yield           L3-CB3 {'rot': 0.0008}
  t=   4.00  cb_yield           L11-CB3 {'rot': 0.00063}
  t=   4.00  cb_yield           L12-CB3 {'rot': 0.0006}
  t=   4.12  cb_yield           L1-CB0 {'rot': 0.00075}
  t=   4.12  cb_yield           L1-CB1 {'rot': 0.00078}
  t=   4.12  cb_yield           L2-CB0 {'rot': 0.00084}
  t=   4.12  cb_yield           L2-CB1 {'rot': 0.00085}
  t=   4.12  cb_yield           L3-CB0 {'rot': 0.00079}
  t=   4.12  cb_yield           L3-CB1 {'rot': 0.00078}
  t=   4.12  cb_yield           L4-CB0 {'rot': 0.00072}
  t=   4.12  cb_yield           L4-CB1 {'rot': 0.00069}
  t=   4.12  cb_yield           L5-CB0 {'rot': 0.00063}
  t=   4.12  cb_yield           L5-CB1 {'rot': 0.00061}
  t=   4.25  cb_yield           L6-CB0 {'rot': 0.0008}
  t=   4.25  cb_yield           L6-CB1 {'rot': 0.00081}
  t=   4.25  cb_yield           L7-CB0 {'rot': 0.00064}
  t=   4.25  cb_yield           L7-CB1 {'rot': 0.00064}
  t=   4.37  cb_yield           L8-CB0 {'rot': 0.00066}
  t=   4.37  cb_yield           L8-CB1 {'rot': 0.00069}
  t=   4.50  cb_yield           L9-CB0 {'rot': 0.00064}
  t=   4.50  cb_yield           L9-CB1 {'rot': 0.00067}
  t=   4.62  cb_yield           L10-CB0 {'rot': 0.00062}
  t=   4.62  cb_yield           L10-CB1 {'rot': 0.00066}
  t=   4.75  cb_yield           L11-CB0 {'rot': 0.00073}
  t=   4.75  cb_yield           L11-CB1 {'rot': 0.00079}
  t=   4.75  cb_yield           L12-CB0 {'rot': 0.00066}
  t=   4.75  cb_yield           L12-CB1 {'rot': 0.00071}
  t=   4.75  cb_yield           L13-CB0 {'rot': 0.00061}
  t=   4.75  cb_yield           L13-CB1 {'rot': 0.00065}
  t=   4.75  cb_yield           L14-CB1 {'rot': 0.00061}
  t=   4.88  cb_yield           L14-CB0 {'rot': 0.00076}
  t=   4.88  cb_yield           L15-CB0 {'rot': 0.00068}
  t=   4.88  cb_yield           L15-CB1 {'rot': 0.00075}
  t=   4.88  cb_yield           L16-CB0 {'rot': 0.00062}
  t=   4.88  cb_yield           L16-CB1 {'rot': 0.00068}
  t=   5.00  cb_yield           L17-CB0 {'rot': 0.00076}
  t=   5.00  cb_yield           L17-CB1 {'rot': 0.00081}
  t=   5.00  cb_yield           L18-CB1 {'rot': 0.00069}
  t=   5.13  cb_yield           L18-CB0 {'rot': 0.00072}
  t=   5.38  cb_yield           L19-CB0 {'rot': 0.00078}
  t=   5.38  cb_yield           L19-CB1 {'rot': 0.00078}
  t=   5.50  cb_yield           L20-CB0 {'rot': 0.00085}
  t=   5.50  cb_yield           L20-CB1 {'rot': 0.00083}
  t=   5.50  cb_yield           L21-CB0 {'rot': 0.00071}
  t=   5.50  cb_yield           L21-CB1 {'rot': 0.00069}
  t=   5.63  cb_yield           L22-CB0 {'rot': 0.00077}
  t=   5.63  cb_yield           L22-CB1 {'rot': 0.00073}
  t=   5.63  cb_yield           L23-CB0 {'rot': 0.00067}
  t=   5.75  cb_yield           L13-CB3 {'rot': 0.00066}
  t=   5.75  cb_yield           L14-CB3 {'rot': 0.00067}
  t=   5.75  cb_yield           L15-CB3 {'rot': 0.00066}
  t=   5.75  cb_yield           L16-CB3 {'rot': 0.00064}
  t=   5.75  cb_yield           L17-CB3 {'rot': 0.00067}
  t=   7.75  cb_yield           L23-CB1 {'rot': 0.00073}
  t=   7.88  cb_yield           L24-CB1 {'rot': 0.0008}
  t=   7.88  cb_yield           L25-CB1 {'rot': 0.00067}
  t=   8.13  cb_yield           L24-CB0 {'rot': 0.0009}
  t=   8.13  cb_yield           L25-CB0 {'rot': 0.00071}
  t=   8.13  cb_yield           L26-CB1 {'rot': 0.00076}
  t=   8.25  cb_yield           L26-CB0 {'rot': 0.0007}
  t=   8.25  cb_yield           L27-CB1 {'rot': 0.00073}
  t=   8.50  cb_yield           L18-CB3 {'rot': 0.00079}
  t=   8.50  cb_yield           L19-CB3 {'rot': 0.0008}
  t=   8.50  cb_yield           L20-CB3 {'rot': 0.00079}
  t=   8.50  cb_yield           L21-CB3 {'rot': 0.00077}
  t=   8.50  cb_yield           L22-CB3 {'rot': 0.00073}
  t=   8.50  cb_yield           L23-CB3 {'rot': 0.00069}
  t=   8.63  cb_yield           L15-CB2 {'rot': 0.00063}
  t=   8.63  cb_yield           L16-CB2 {'rot': 0.00065}
  t=   8.63  cb_yield           L17-CB2 {'rot': 0.00068}
  t=   8.63  cb_yield           L24-CB3 {'rot': 0.00098}
  t=   8.63  cb_yield           L25-CB3 {'rot': 0.0009}
  t=   8.63  cb_yield           L26-CB3 {'rot': 0.00081}
  t=   8.63  cb_yield           L27-CB3 {'rot': 0.00072}
  t=   8.75  cb_yield           L21-CB2 {'rot': 0.00069}
  t=   8.75  cb_yield           L22-CB2 {'rot': 0.00072}
  t=   8.75  cb_yield           L23-CB2 {'rot': 0.00073}
  t=   8.75  cb_yield           L24-CB2 {'rot': 0.00071}
  t=   9.50  cb_yield           L18-CB2 {'rot': 0.00078}
  t=   9.50  cb_yield           L19-CB2 {'rot': 0.00086}
  t=   9.50  cb_yield           L20-CB2 {'rot': 0.00092}
  t=   9.50  cb_yield           L25-CB2 {'rot': 0.00088}
  t=   9.50  cb_yield           L26-CB2 {'rot': 0.00081}
  t=   9.50  cb_yield           L27-CB2 {'rot': 0.0007}
  progress t=  10.0s  max corner drift so far=0.0025  wall clock=144s
  t=  10.38  cb_yield           L27-CB0 {'rot': 0.00084}
  t=  10.38  cb_yield           L28-CB0 {'rot': 0.00072}
  t=  10.38  cb_yield           L28-CB1 {'rot': 0.0008}
  t=  10.38  cb_yield           L29-CB1 {'rot': 0.00067}
  t=  10.88  cb_failure         L5-CB0 {'rot': 0.01503}
  t=  10.88  cb_failure         L5-CB1 {'rot': 0.01502}
  t=  10.88  cb_failure         L6-CB0 {'rot': 0.01499}
  t=  10.88  cb_failure         L6-CB1 {'rot': 0.01496}
  t=  11.00  cb_failure         L4-CB0 {'rot': 0.01538}
  t=  11.00  cb_failure         L4-CB1 {'rot': 0.01534}
  t=  11.00  cb_failure         L5-CB2 {'rot': 0.0148}
  t=  11.00  cb_failure         L5-CB3 {'rot': 0.01515}
  t=  11.00  cb_failure         L6-CB2 {'rot': 0.01502}
  t=  11.00  cb_failure         L6-CB3 {'rot': 0.01533}
  t=  11.00  cb_failure         L7-CB0 {'rot': 0.01743}
  t=  11.00  cb_failure         L7-CB1 {'rot': 0.01733}
  t=  11.00  cb_failure         L7-CB3 {'rot': 0.01466}
  t=  11.00  cb_failure         L8-CB0 {'rot': 0.01655}
  t=  11.00  cb_failure         L8-CB1 {'rot': 0.01638}
  t=  11.00  cb_failure         L9-CB0 {'rot': 0.01466}
  t=  11.00  cb_failure         L9-CB1 {'rot': 0.01471}
  t=  11.13  cb_failure         L4-CB2 {'rot': 0.01464}
  t=  11.13  cb_failure         L4-CB3 {'rot': 0.01485}
  t=  11.13  cb_failure         L7-CB2 {'rot': 0.01748}
  t=  11.13  cb_failure         L8-CB2 {'rot': 0.01705}
  t=  11.13  cb_failure         L8-CB3 {'rot': 0.01708}
  t=  11.13  cb_failure         L9-CB2 {'rot': 0.01593}
  t=  11.13  cb_failure         L9-CB3 {'rot': 0.0159}
  t=  11.13  cb_failure         L10-CB0 {'rot': 0.01848}
  t=  11.13  cb_failure         L10-CB1 {'rot': 0.01851}
  t=  11.13  cb_failure         L11-CB0 {'rot': 0.01647}
  t=  11.13  cb_failure         L11-CB1 {'rot': 0.01659}
  t=  11.13  cb_yield           L29-CB0 {'rot': 0.00097}
  t=  11.13  cb_yield           L30-CB0 {'rot': 0.00067}
  t=  11.13  cb_yield           L30-CB1 {'rot': 0.00072}
  t=  11.25  cb_failure         L10-CB2 {'rot': 0.01949}
  t=  11.25  cb_failure         L10-CB3 {'rot': 0.01908}
  t=  11.25  cb_failure         L11-CB2 {'rot': 0.01812}
  t=  11.25  cb_failure         L11-CB3 {'rot': 0.01768}
  t=  11.25  cb_failure         L12-CB0 {'rot': 0.02156}
  t=  11.25  cb_failure         L12-CB1 {'rot': 0.02128}
  t=  11.25  cb_failure         L12-CB2 {'rot': 0.01607}
  t=  11.25  cb_failure         L12-CB3 {'rot': 0.0157}
  t=  11.25  cb_failure         L13-CB0 {'rot': 0.01893}
  t=  11.25  cb_failure         L13-CB1 {'rot': 0.01877}
  t=  11.25  cb_failure         L14-CB0 {'rot': 0.01556}
  t=  11.25  cb_failure         L14-CB1 {'rot': 0.01553}
  t=  11.25  cb_yield           L31-CB0 {'rot': 0.00067}
  t=  11.25  cb_yield           L31-CB1 {'rot': 0.00071}
  t=  11.38  cb_failure         L3-CB0 {'rot': 0.01482}
  t=  11.38  cb_failure         L13-CB2 {'rot': 0.01879}
  t=  11.38  cb_failure         L13-CB3 {'rot': 0.01855}
  t=  11.38  cb_failure         L14-CB2 {'rot': 0.016}
  t=  11.38  cb_failure         L14-CB3 {'rot': 0.01591}
  t=  11.38  cb_failure         L15-CB0 {'rot': 0.02005}
  t=  11.38  cb_failure         L15-CB1 {'rot': 0.01982}
  t=  11.38  cb_failure         L16-CB0 {'rot': 0.01647}
  t=  11.38  cb_failure         L16-CB1 {'rot': 0.0164}
  t=  11.50  cb_failure         L15-CB2 {'rot': 0.01932}
  t=  11.50  cb_failure         L15-CB3 {'rot': 0.01938}
  t=  11.50  cb_failure         L16-CB2 {'rot': 0.01641}
  t=  11.50  cb_failure         L16-CB3 {'rot': 0.01642}
  t=  11.50  cb_failure         L17-CB0 {'rot': 0.01893}
  t=  11.50  cb_failure         L17-CB1 {'rot': 0.01899}
  t=  11.63  cb_failure         L17-CB2 {'rot': 0.01565}
  t=  11.63  cb_failure         L17-CB3 {'rot': 0.01586}
  t=  11.63  cb_failure         L18-CB0 {'rot': 0.01759}
  t=  11.63  cb_failure         L18-CB1 {'rot': 0.01759}
  t=  13.00  cb_yield           L28-CB3 {'rot': 0.00067}
  t=  13.63  cb_yield           L28-CB2 {'rot': 0.00094}
  t=  13.63  cb_yield           L29-CB2 {'rot': 0.00079}
  t=  14.25  cb_yield           L29-CB3 {'rot': 0.00108}
  t=  14.25  cb_yield           L30-CB3 {'rot': 0.00087}
  t=  14.25  cb_yield           L31-CB3 {'rot': 0.00072}
  t=  14.38  cb_yield           L30-CB2 {'rot': 0.0007}
  t=  14.38  cb_yield           L32-CB3 {'rot': 0.00077}
  t=  14.63  cb_yield           L33-CB3 {'rot': 0.00068}
  t=  16.25  cb_yield           L32-CB1 {'rot': 0.00068}
  t=  16.38  cb_yield           L32-CB0 {'rot': 0.00091}
  t=  16.38  cb_yield           L33-CB0 {'rot': 0.00074}
  t=  16.38  cb_yield           L33-CB1 {'rot': 0.00104}
  t=  16.75  cb_failure         L3-CB2 {'rot': 0.01491}
  t=  16.75  cb_failure         L3-CB3 {'rot': 0.01499}
  t=  17.25  cb_failure         L18-CB2 {'rot': 0.01597}
  t=  17.25  cb_failure         L18-CB3 {'rot': 0.01595}
  t=  17.38  cb_failure         L3-CB1 {'rot': 0.01534}
  t=  17.38  cb_failure         L19-CB2 {'rot': 0.01697}
  t=  17.38  cb_failure         L19-CB3 {'rot': 0.01721}
  t=  17.50  cb_failure         L19-CB0 {'rot': 0.01667}
  t=  17.50  cb_failure         L19-CB1 {'rot': 0.01752}
  t=  17.50  cb_failure         L20-CB2 {'rot': 0.01629}
  t=  17.50  cb_failure         L20-CB3 {'rot': 0.01676}
  t=  17.63  cb_failure         L20-CB0 {'rot': 0.0172}
  t=  17.63  cb_failure         L20-CB1 {'rot': 0.01743}
  t=  17.75  cb_failure         L21-CB0 {'rot': 0.01478}
  t=  17.75  cb_failure         L21-CB1 {'rot': 0.01502}
  t=  17.75  cb_failure         L21-CB2 {'rot': 0.01497}
  t=  17.75  cb_failure         L21-CB3 {'rot': 0.01506}
  t=  17.88  cb_failure         L2-CB0 {'rot': 0.01493}
  t=  18.00  cb_failure         L2-CB1 {'rot': 0.01621}
  t=  18.00  cb_failure         L22-CB0 {'rot': 0.0166}
  t=  18.00  cb_failure         L22-CB1 {'rot': 0.01675}
  t=  18.13  cb_failure         L2-CB2 {'rot': 0.0147}
  t=  18.13  cb_failure         L22-CB2 {'rot': 0.01554}
  t=  18.13  cb_failure         L22-CB3 {'rot': 0.01508}
  t=  18.25  cb_failure         L2-CB3 {'rot': 0.01475}
  t=  18.38  cb_failure         L23-CB0 {'rot': 0.01749}
  t=  18.38  cb_failure         L23-CB1 {'rot': 0.01675}
  t=  18.63  cb_failure         L1-CB0 {'rot': 0.01547}
  t=  18.63  cb_failure         L1-CB1 {'rot': 0.01541}
  t=  18.63  cb_yield           L31-CB2 {'rot': 0.00076}
  t=  19.00  cb_yield           L32-CB2 {'rot': 0.00067}
  t=  19.12  cb_failure         L24-CB0 {'rot': 0.01647}
  t=  19.12  cb_failure         L24-CB1 {'rot': 0.0147}
  t=  19.12  cb_yield           L33-CB2 {'rot': 0.00093}
  t=  19.37  cb_failure         L25-CB0 {'rot': 0.01771}
  t=  19.37  cb_failure         L25-CB1 {'rot': 0.01645}
  t=  19.50  cb_failure         L26-CB0 {'rot': 0.01558}
  t=  19.50  cb_failure         L26-CB1 {'rot': 0.01519}
  t=  19.75  cb_failure         L27-CB1 {'rot': 0.016}
  t=  19.87  cb_failure         L27-CB0 {'rot': 0.01536}
  t=  19.87  cb_failure         L28-CB1 {'rot': 0.01575}
  t=  20.00  cb_failure         L29-CB1 {'rot': 0.01551}
  progress t=  20.0s  max corner drift so far=0.0211  wall clock=329s
  t=  20.12  cb_failure         L28-CB0 {'rot': 0.01707}
  t=  20.12  cb_failure         L30-CB1 {'rot': 0.01578}
  t=  20.12  cb_failure         L31-CB1 {'rot': 0.01498}
  t=  20.25  cb_failure         L29-CB0 {'rot': 0.01729}
  t=  20.25  cb_failure         L30-CB0 {'rot': 0.01599}
  t=  20.25  cb_failure         L31-CB0 {'rot': 0.01511}
  t=  20.25  cb_failure         L32-CB0 {'rot': 0.01467}
  t=  20.25  cb_failure         L32-CB1 {'rot': 0.01676}
  t=  20.25  cb_failure         L33-CB1 {'rot': 0.01672}
  t=  20.37  cb_failure         L33-CB0 {'rot': 0.01581}
  t=  27.37  cb_failure         L23-CB3 {'rot': 0.01618}
  t=  27.37  cb_failure         L24-CB3 {'rot': 0.01561}
  progress t=  30.0s  max corner drift so far=0.0211  wall clock=518s
  t=  32.25  cb_failure         L23-CB2 {'rot': 0.01902}
  t=  32.37  cb_failure         L24-CB2 {'rot': 0.01965}
  t=  32.50  cb_failure         L25-CB2 {'rot': 0.01775}
  t=  32.50  cb_failure         L25-CB3 {'rot': 0.01488}
  t=  39.00  cb_failure         L26-CB2 {'rot': 0.01682}
  t=  39.00  cb_failure         L26-CB3 {'rot': 0.01511}
  t=  39.12  cb_failure         L27-CB2 {'rot': 0.01675}
  t=  39.12  cb_failure         L27-CB3 {'rot': 0.01545}
  progress t=  40.0s  max corner drift so far=0.0211  wall clock=716s
  progress t=  50.0s  max corner drift so far=0.0211  wall clock=900s
  progress t=  60.0s  max corner drift so far=0.0211  wall clock=1090s
  t= 69.125  solver fallback: Newton
  progress t=  70.0s  max corner drift so far=0.0211  wall clock=1294s
  t=  73.25  cb_failure         L28-CB3 {'rot': 0.01519}
  t=  73.50  cb_failure         L29-CB3 {'rot': 0.01597}
  t=  74.00  cb_failure         L30-CB3 {'rot': 0.01483}
  t=  76.13  cb_failure         L28-CB2 {'rot': 0.01574}
  t=  76.25  cb_failure         L29-CB2 {'rot': 0.01491}
  t=  76.63  cb_failure         L30-CB2 {'rot': 0.0148}
  t=  78.50  cb_failure         L31-CB3 {'rot': 0.01642}
  t=  78.50  cb_failure         L32-CB3 {'rot': 0.0155}
  t=  78.63  cb_failure         L33-CB3 {'rot': 0.01663}
  t=  79.88  cb_failure         L31-CB2 {'rot': 0.02055}
  t=  79.88  cb_failure         L32-CB2 {'rot': 0.01999}
  t=  79.88  cb_failure         L33-CB2 {'rot': 0.01972}
  progress t=  80.0s  max corner drift so far=0.0211  wall clock=1516s
  t=  80.13  cb_failure         L1-CB3 {'rot': 0.01517}
  t= 82.900  solver fallback: ModifiedNewton
  t= 84.925  solver fallback: 4 sub-steps
  t=  85.00  punching           L1-corecR24 {'drift': np.float64(0.0039), 'vg_vc': 0.87, 'conn': 'wall'}
  t=  85.00  punching           L1-corecL33 {'drift': np.float64(0.0043), 'vg_vc': 7.157, 'conn': 'wall'}
  t=  85.00  punching           L1-corecR33 {'drift': np.float64(0.0041), 'vg_vc': 2.965, 'conn': 'wall'}
  t=  85.00  punching           L2-corecL33 {'drift': np.float64(0.006), 'vg_vc': 5.4, 'conn': 'wall'}
  t=  85.00  punching           L3-corecL33 {'drift': np.float64(0.0078), 'vg_vc': 2.197, 'conn': 'wall'}
  t=  85.00  punching           L3-corecR33 {'drift': np.float64(0.0072), 'vg_vc': 1.112, 'conn': 'wall'}
  t=  85.00  punching           L4-corecL33 {'drift': np.float64(0.0096), 'vg_vc': 4.124, 'conn': 'wall'}
  t=  85.00  punching           L4-corecR33 {'drift': np.float64(0.0086), 'vg_vc': 0.933, 'conn': 'wall'}
  t=  85.00  punching           L5-corecR33 {'drift': np.float64(0.0096), 'vg_vc': 0.879, 'conn': 'wall'}
  t=  85.00  wall_axial_failure S2-R {'gamma': 0.00105, 'eps': -0.01092, 'cause': 'crushing'}
  t=  85.03  wall_axial_failure S2-M {'gamma': 0.00037, 'eps': -0.00847, 'cause': 'crushing'}
  t=  85.13  punching           L2-corecR33 {'drift': np.float64(0.006), 'vg_vc': 1.431, 'conn': 'wall'}
