  t=   4.12  cb_yield           L2-CB2 {'rot': 0.0006}
  t=   4.88  cb_yield           L3-CB0 {'rot': 0.0006}
  t=   4.88  cb_yield           L3-CB1 {'rot': 0.00061}
  t=   4.88  cb_yield           L4-CB0 {'rot': 0.00062}
  t=   4.88  cb_yield           L4-CB1 {'rot': 0.00064}
  t=   4.88  cb_yield           L5-CB0 {'rot': 0.00063}
  t=   4.88  cb_yield           L5-CB1 {'rot': 0.00065}
  t=   4.88  cb_yield           L6-CB0 {'rot': 0.00063}
  t=   4.88  cb_yield           L6-CB1 {'rot': 0.00065}
  t=   4.88  cb_yield           L7-CB0 {'rot': 0.00061}
  t=   4.88  cb_yield           L7-CB1 {'rot': 0.00064}
  t=   4.88  cb_yield           L8-CB1 {'rot': 0.00062}
  t=   4.88  cb_yield           L9-CB1 {'rot': 0.0006}
  t=   5.00  cb_yield           L1-CB0 {'rot': 0.00062}
  t=   5.00  cb_yield           L1-CB1 {'rot': 0.00065}
  t=   5.00  cb_yield           L2-CB0 {'rot': 0.00078}
  t=   5.00  cb_yield           L2-CB1 {'rot': 0.00081}
  t=   5.00  cb_yield           L8-CB0 {'rot': 0.00093}
  t=   5.00  cb_yield           L9-CB0 {'rot': 0.00087}
  t=   5.00  cb_yield           L10-CB0 {'rot': 0.00079}
  t=   5.00  cb_yield           L10-CB1 {'rot': 0.00085}
  t=   5.00  cb_yield           L11-CB0 {'rot': 0.00072}
  t=   5.00  cb_yield           L11-CB1 {'rot': 0.00077}
  t=   5.00  cb_yield           L12-CB0 {'rot': 0.00066}
  t=   5.00  cb_yield           L12-CB1 {'rot': 0.0007}
  t=   5.00  cb_yield           L13-CB0 {'rot': 0.00061}
  t=   5.00  cb_yield           L13-CB1 {'rot': 0.00063}
  t=   5.13  cb_yield           L14-CB0 {'rot': 0.00067}
  t=   5.13  cb_yield           L14-CB1 {'rot': 0.0007}
  t=   5.13  cb_yield           L15-CB1 {'rot': 0.00061}
  t=   5.25  cb_yield           L15-CB0 {'rot': 0.00067}
  t=   5.38  cb_yield           L16-CB0 {'rot': 0.00063}
  t=   5.38  cb_yield           L16-CB1 {'rot': 0.00063}
  t=   6.75  cb_yield           L1-CB3 {'rot': 0.00062}
  t=   6.75  cb_yield           L2-CB3 {'rot': 0.00069}
  t=   6.75  cb_yield           L3-CB3 {'rot': 0.00067}
  t=   6.75  cb_yield           L4-CB3 {'rot': 0.00062}
  t=   6.88  cb_yield           L5-CB3 {'rot': 0.00062}
  t=   6.88  cb_yield           L17-CB1 {'rot': 0.00067}
  t=   7.00  cb_yield           L17-CB0 {'rot': 0.00067}
  t=   7.00  cb_yield           L18-CB1 {'rot': 0.00075}
  t=   7.00  cb_yield           L19-CB1 {'rot': 0.00068}
  t=   7.13  cb_yield           L20-CB1 {'rot': 0.00067}
  t=   7.88  cb_yield           L1-CB2 {'rot': 0.00061}
  t=   7.88  cb_yield           L3-CB2 {'rot': 0.00067}
  t=   7.88  cb_yield           L4-CB2 {'rot': 0.00063}
  t=  10.00  cb_yield           L5-CB2 {'rot': 0.0006}
  t=  10.00  cb_yield           L6-CB2 {'rot': 0.00061}
  progress t=  10.0s  max corner drift so far=0.0016  wall clock=131s
  t=  10.13  cb_yield           L6-CB3 {'rot': 0.00069}
  t=  10.13  cb_yield           L7-CB2 {'rot': 0.00078}
  t=  10.13  cb_yield           L7-CB3 {'rot': 0.00061}
  t=  10.13  cb_yield           L8-CB2 {'rot': 0.00066}
  t=  10.25  cb_yield           L19-CB0 {'rot': 0.00067}
  t=  10.25  cb_yield           L20-CB0 {'rot': 0.0007}
  t=  10.25  cb_yield           L21-CB0 {'rot': 0.00076}
  t=  10.25  cb_yield           L21-CB1 {'rot': 0.00089}
  t=  10.25  cb_yield           L22-CB0 {'rot': 0.0008}
  t=  10.25  cb_yield           L22-CB1 {'rot': 0.00092}
  t=  10.25  cb_yield           L23-CB0 {'rot': 0.00081}
  t=  10.25  cb_yield           L23-CB1 {'rot': 0.00092}
  t=  10.25  cb_yield           L24-CB0 {'rot': 0.0008}
  t=  10.25  cb_yield           L24-CB1 {'rot': 0.00091}
  t=  10.25  cb_yield           L25-CB0 {'rot': 0.00077}
  t=  10.25  cb_yield           L25-CB1 {'rot': 0.00087}
  t=  10.25  cb_yield           L26-CB0 {'rot': 0.0007}
  t=  10.25  cb_yield           L26-CB1 {'rot': 0.00081}
  t=  10.25  cb_yield           L27-CB0 {'rot': 0.00067}
  t=  10.25  cb_yield           L27-CB1 {'rot': 0.00072}
  t=  10.25  cb_yield           L28-CB1 {'rot': 0.00067}
  t=  10.38  cb_yield           L17-CB2 {'rot': 0.00068}
  t=  10.38  cb_yield           L18-CB2 {'rot': 0.00074}
  t=  10.38  cb_yield           L18-CB3 {'rot': 0.00067}
  t=  10.38  cb_yield           L19-CB2 {'rot': 0.00072}
  t=  10.38  cb_yield           L20-CB2 {'rot': 0.00068}
  t=  10.38  cb_yield           L28-CB0 {'rot': 0.00073}
  t=  10.38  cb_yield           L29-CB1 {'rot': 0.0007}
  t=  10.88  cb_yield           L18-CB0 {'rot': 0.00184}
  t=  11.13  cb_yield           L8-CB3 {'rot': 0.00068}
  t=  11.13  cb_yield           L29-CB0 {'rot': 0.00073}
  t=  11.25  cb_yield           L9-CB3 {'rot': 0.0007}
  t=  11.50  cb_yield           L19-CB3 {'rot': 0.00089}
  t=  11.50  cb_yield           L20-CB3 {'rot': 0.00089}
  t=  11.50  cb_yield           L21-CB2 {'rot': 0.00078}
  t=  11.50  cb_yield           L21-CB3 {'rot': 0.00082}
  t=  11.50  cb_yield           L22-CB2 {'rot': 0.00068}
  t=  11.50  cb_yield           L22-CB3 {'rot': 0.00072}
  t=  11.63  cb_yield           L23-CB3 {'rot': 0.00069}
  t=  12.88  cb_yield           L10-CB3 {'rot': 0.00066}
  t=  12.88  cb_yield           L11-CB3 {'rot': 0.00061}
  t=  13.25  cb_yield           L9-CB2 {'rot': 0.00071}
  t=  13.25  cb_yield           L10-CB2 {'rot': 0.00061}
  t=  13.25  cb_yield           L12-CB3 {'rot': 0.00064}
  t=  13.38  cb_yield           L11-CB2 {'rot': 0.0006}
  t=  13.38  cb_yield           L13-CB3 {'rot': 0.00063}
  t=  13.88  cb_yield           L14-CB3 {'rot': 0.00062}
  t=  14.00  cb_yield           L12-CB2 {'rot': 0.00066}
  t=  14.38  cb_yield           L15-CB3 {'rot': 0.00068}
  t=  14.38  cb_yield           L16-CB3 {'rot': 0.00061}
  t=  15.50  cb_yield           L13-CB2 {'rot': 0.00116}
  t=  15.50  cb_yield           L14-CB2 {'rot': 0.00112}
  t=  15.50  cb_yield           L15-CB2 {'rot': 0.00106}
  t=  15.50  cb_yield           L16-CB2 {'rot': 0.00099}
  t=  15.75  cb_yield           L23-CB2 {'rot': 0.0008}
  t=  15.75  cb_yield           L24-CB2 {'rot': 0.00068}
  t=  15.88  cb_yield           L17-CB3 {'rot': 0.00076}
  t=  18.00  cb_yield           L24-CB3 {'rot': 0.00088}
  t=  18.00  cb_yield           L25-CB3 {'rot': 0.00085}
  t=  18.00  cb_yield           L26-CB3 {'rot': 0.00082}
  t=  18.00  cb_yield           L27-CB3 {'rot': 0.00079}
  t=  18.00  cb_yield           L28-CB3 {'rot': 0.00075}
  t=  18.00  cb_yield           L29-CB3 {'rot': 0.0007}
  t=  18.00  cb_yield           L30-CB3 {'rot': 0.00067}
  t=  18.13  cb_yield           L25-CB2 {'rot': 0.00099}
  t=  18.13  cb_yield           L26-CB2 {'rot': 0.00091}
  t=  18.13  cb_yield           L27-CB2 {'rot': 0.00082}
  t=  18.13  cb_yield           L28-CB2 {'rot': 0.00073}
  t=  18.13  cb_yield           L30-CB0 {'rot': 0.00067}
  t=  18.25  cb_yield           L29-CB2 {'rot': 0.00077}
  t=  19.25  cb_yield           L30-CB2 {'rot': 0.00076}
  t=  19.25  cb_yield           L31-CB3 {'rot': 0.00075}
  progress t=  20.0s  max corner drift so far=0.0081  wall clock=297s
  t=  20.87  cb_yield           L30-CB1 {'rot': 0.00077}
  t=  21.00  cb_failure         L11-CB0 {'rot': 0.01473}
  t=  21.00  cb_failure         L12-CB0 {'rot': 0.01497}
  t=  21.00  cb_failure         L13-CB0 {'rot': 0.01496}
  t=  21.00  cb_failure         L14-CB0 {'rot': 0.01469}
  t=  21.12  cb_failure         L9-CB0 {'rot': 0.01519}
  t=  21.12  cb_failure         L10-CB0 {'rot': 0.01574}
  t=  21.12  cb_failure         L15-CB0 {'rot': 0.01541}
  t=  21.12  cb_failure         L16-CB0 {'rot': 0.01487}
  t=  21.12  cb_yield           L31-CB0 {'rot': 0.00078}
  t=  21.25  cb_failure         L7-CB0 {'rot': 0.01519}
  t=  21.25  cb_failure         L8-CB0 {'rot': 0.01618}
  t=  21.25  cb_failure         L11-CB1 {'rot': 0.0149}
  t=  21.25  cb_failure         L12-CB1 {'rot': 0.01506}
  t=  21.25  cb_failure         L13-CB1 {'rot': 0.01502}
  t=  21.25  cb_failure         L14-CB1 {'rot': 0.01478}
  t=  21.25  cb_failure         L17-CB0 {'rot': 0.0152}
  t=  21.25  cb_yield           L31-CB1 {'rot': 0.00073}
  t=  21.37  cb_failure         L6-CB0 {'rot': 0.0154}
  t=  21.37  cb_failure         L9-CB1 {'rot': 0.01521}
  t=  21.37  cb_failure         L10-CB1 {'rot': 0.0158}
  t=  21.37  cb_failure         L15-CB1 {'rot': 0.01546}
  t=  21.37  cb_failure         L16-CB1 {'rot': 0.01492}
  t=  21.37  cb_failure         L18-CB0 {'rot': 0.01524}
  t=  21.37  cb_yield           L32-CB0 {'rot': 0.00085}
  t=  21.37  cb_yield           L33-CB0 {'rot': 0.00067}
  t=  21.50  cb_failure         L5-CB0 {'rot': 0.01491}
  t=  21.50  cb_failure         L8-CB1 {'rot': 0.01528}
  t=  21.50  cb_failure         L17-CB1 {'rot': 0.01477}
  t=  21.50  cb_failure         L19-CB0 {'rot': 0.01476}
  t=  21.62  cb_yield           L32-CB1 {'rot': 0.00069}
  t=  25.62  cb_failure         L7-CB2 {'rot': 0.01483}
  t=  25.62  cb_failure         L8-CB2 {'rot': 0.01538}
  t=  25.62  cb_failure         L9-CB2 {'rot': 0.01559}
  t=  25.62  cb_failure         L10-CB2 {'rot': 0.01552}
  t=  25.62  cb_failure         L11-CB2 {'rot': 0.01521}
  t=  25.62  cb_failure         L12-CB2 {'rot': 0.01466}
  t=  25.75  cb_failure         L5-CB2 {'rot': 0.01578}
  t=  25.75  cb_failure         L6-CB2 {'rot': 0.01714}
  t=  25.75  cb_failure         L8-CB3 {'rot': 0.01477}
  t=  25.75  cb_failure         L9-CB3 {'rot': 0.01477}
  t=  25.75  cb_failure         L13-CB2 {'rot': 0.0164}
  t=  25.75  cb_failure         L14-CB2 {'rot': 0.01523}
  t=  25.75  cb_yield           L31-CB2 {'rot': 0.00069}
  t=  25.87  cb_failure         L4-CB2 {'rot': 0.01681}
  t=  25.87  cb_failure         L5-CB3 {'rot': 0.01618}
  t=  25.87  cb_failure         L6-CB3 {'rot': 0.0175}
  t=  25.87  cb_failure         L7-CB3 {'rot': 0.01833}
  t=  25.87  cb_failure         L10-CB3 {'rot': 0.01859}
  t=  25.87  cb_failure         L11-CB3 {'rot': 0.01815}
  t=  25.87  cb_failure         L12-CB3 {'rot': 0.01745}
  t=  25.87  cb_failure         L13-CB3 {'rot': 0.01648}
  t=  25.87  cb_failure         L14-CB3 {'rot': 0.01529}
  t=  25.87  cb_failure         L15-CB2 {'rot': 0.01664}
  t=  25.87  cb_failure         L16-CB2 {'rot': 0.0149}
  t=  26.00  cb_failure         L3-CB2 {'rot': 0.01645}
  t=  26.00  cb_failure         L4-CB3 {'rot': 0.01741}
  t=  26.00  cb_failure         L15-CB3 {'rot': 0.0172}
  t=  26.00  cb_failure         L16-CB3 {'rot': 0.01553}
  t=  26.00  cb_failure         L17-CB2 {'rot': 0.01509}
  t=  26.12  cb_failure         L3-CB3 {'rot': 0.01634}
  t=  26.12  cb_failure         L17-CB3 {'rot': 0.01548}
  t=  26.25  cb_failure         L18-CB2 {'rot': 0.01522}
  t=  26.37  cb_failure         L6-CB1 {'rot': 0.01474}
  t=  26.37  cb_failure         L7-CB1 {'rot': 0.01575}
  t=  26.37  cb_failure         L18-CB3 {'rot': 0.01491}
  t=  26.50  cb_failure         L19-CB2 {'rot': 0.01495}
  t=  26.62  cb_failure         L19-CB3 {'rot': 0.01791}
  t=  26.62  cb_failure         L20-CB2 {'rot': 0.01528}
  t=  26.62  cb_failure         L20-CB3 {'rot': 0.01487}
  t=  26.75  cb_failure         L21-CB2 {'rot': 0.01601}
  t=  26.75  cb_failure         L21-CB3 {'rot': 0.01613}
  t=  26.87  cb_failure         L22-CB2 {'rot': 0.01525}
  t=  26.87  cb_failure         L22-CB3 {'rot': 0.01563}
  t=  27.00  cb_failure         L18-CB1 {'rot': 0.01577}
  t=  27.00  cb_failure         L19-CB1 {'rot': 0.01481}
  t=  27.12  cb_yield           L32-CB3 {'rot': 0.00078}
  t=  27.37  cb_failure         L5-CB1 {'rot': 0.0151}
  t=  27.37  cb_yield           L32-CB2 {'rot': 0.00067}
  t=  27.37  cb_yield           L33-CB3 {'rot': 0.00087}
  t=  27.75  cb_failure         L4-CB0 {'rot': 0.01463}
  t=  27.75  cb_failure         L4-CB1 {'rot': 0.01474}
  t=  27.87  cb_failure         L20-CB1 {'rot': 0.01492}
  t=  28.12  cb_failure         L20-CB0 {'rot': 0.01555}
  t=  28.12  cb_failure         L21-CB1 {'rot': 0.01525}
  t=  28.25  cb_failure         L21-CB0 {'rot': 0.0167}
  t=  28.25  cb_failure         L22-CB0 {'rot': 0.01508}
  t=  28.25  cb_failure         L22-CB1 {'rot': 0.01655}
  t=  28.25  cb_failure         L23-CB1 {'rot': 0.0147}
  t=  28.25  cb_yield           L33-CB1 {'rot': 0.00068}
  t=  28.37  cb_failure         L23-CB0 {'rot': 0.01606}
  t=  28.37  cb_failure         L24-CB1 {'rot': 0.01556}
  t=  28.50  cb_failure         L24-CB0 {'rot': 0.01643}
  t=  28.50  cb_failure         L25-CB1 {'rot': 0.01577}
  t=  28.62  cb_failure         L25-CB0 {'rot': 0.01581}
  t=  28.62  cb_failure         L26-CB1 {'rot': 0.01492}
  t=  28.87  cb_failure         L26-CB0 {'rot': 0.01507}
  t=  28.87  cb_failure         L27-CB1 {'rot': 0.01482}
  t=  29.12  cb_failure         L27-CB0 {'rot': 0.01467}
  progress t=  30.0s  max corner drift so far=0.0132  wall clock=474s
  t=  33.25  cb_failure         L23-CB3 {'rot': 0.01512}
  t=  33.37  cb_yield           L33-CB2 {'rot': 0.0013}
  t=  33.62  cb_failure         L23-CB2 {'rot': 0.01486}
  t=  33.62  cb_failure         L24-CB3 {'rot': 0.01512}
  t=  33.87  cb_failure         L24-CB2 {'rot': 0.01645}
  t=  33.87  cb_failure         L25-CB3 {'rot': 0.0164}
  t=  34.00  cb_failure         L25-CB2 {'rot': 0.01634}
  t=  34.00  cb_failure         L26-CB3 {'rot': 0.01607}
  t=  34.12  cb_failure         L26-CB2 {'rot': 0.01562}
  t=  34.12  cb_failure         L27-CB3 {'rot': 0.01526}
  t=  36.00  cb_failure         L28-CB1 {'rot': 0.01533}
  progress t=  40.0s  max corner drift so far=0.0132  wall clock=666s
  t=  41.25  cb_failure         L28-CB3 {'rot': 0.01568}
  t=  41.37  cb_failure         L27-CB2 {'rot': 0.01477}
  t=  41.37  cb_failure         L29-CB1 {'rot': 0.01617}
  t=  41.37  cb_failure         L29-CB3 {'rot': 0.01483}
  t=  41.75  cb_failure         L30-CB3 {'rot': 0.0161}
  t=  41.87  cb_failure         L31-CB3 {'rot': 0.01495}
  t=  43.00  cb_failure         L32-CB3 {'rot': 0.01569}
  t=  43.00  cb_failure         L33-CB3 {'rot': 0.01532}
  t=  43.12  cb_failure         L28-CB2 {'rot': 0.01516}
  t=  43.25  cb_failure         L29-CB2 {'rot': 0.01524}
  t=  43.37  cb_failure         L30-CB2 {'rot': 0.01479}
  t=  44.25  cb_failure         L30-CB1 {'rot': 0.01698}
  t=  44.25  cb_failure         L31-CB1 {'rot': 0.01636}
  t=  44.25  cb_failure         L32-CB1 {'rot': 0.01591}
  t=  44.25  cb_failure         L33-CB1 {'rot': 0.01552}
  t=  47.75  cb_failure         L28-CB0 {'rot': 0.01573}
  t=  47.87  cb_failure         L29-CB0 {'rot': 0.01841}
  t=  47.87  cb_failure         L30-CB0 {'rot': 0.01681}
  t=  47.87  cb_failure         L31-CB0 {'rot': 0.01554}
  t=  47.87  cb_failure         L32-CB0 {'rot': 0.01471}
  t=  48.00  cb_failure         L33-CB0 {'rot': 0.01778}
  t=  48.12  cb_failure         L3-CB0 {'rot': 0.01498}
  t=  48.12  cb_failure         L3-CB1 {'rot': 0.01683}
  t=  48.37  cb_failure         L2-CB1 {'rot': 0.01556}
  t=  48.50  cb_failure         L2-CB0 {'rot': 0.01498}
  t=  48.62  cb_failure         L2-CB2 {'rot': 0.01471}
  t=  48.62  cb_failure         L2-CB3 {'rot': 0.01584}
  t=  49.37  cb_failure         L31-CB2 {'rot': 0.01563}
  t=  49.37  cb_failure         L32-CB2 {'rot': 0.01501}
  t=  49.37  cb_failure         L33-CB2 {'rot': 0.01482}
  progress t=  50.0s  max corner drift so far=0.0132  wall clock=869s
  progress t=  60.0s  max corner drift so far=0.0132  wall clock=1067s
  progress t=  70.0s  max corner drift so far=0.0132  wall clock=1251s
  t=  79.88  cb_failure         L1-CB3 {'rot': 0.01541}
  t=  80.00  cb_failure         L1-CB2 {'rot': 0.01521}
  progress t=  80.0s  max corner drift so far=0.0178  wall clock=1440s
  progress t=  90.0s  max corner drift so far=0.0197  wall clock=1633s
  progress t= 100.0s  max corner drift so far=0.0197  wall clock=1816s
  progress t= 110.0s  max corner drift so far=0.0197  wall clock=1997s
  progress t= 120.0s  max corner drift so far=0.0197  wall clock=2153s
