  t=   9.88  cb_yield           L3-CB2 {'rot': 0.00088}
  t=   9.88  cb_yield           L4-CB2 {'rot': 0.00093}
  t=   9.88  cb_yield           L5-CB2 {'rot': 0.00097}
  t=   9.88  cb_yield           L6-CB2 {'rot': 0.00097}
  t=   9.88  cb_yield           L6-CB3 {'rot': 0.00085}
  t=   9.88  cb_yield           L7-CB2 {'rot': 0.00095}
  t=   9.88  cb_yield           L7-CB3 {'rot': 0.00085}
  t=   9.88  cb_yield           L8-CB2 {'rot': 0.0009}
  t=   9.88  cb_yield           L9-CB2 {'rot': 0.00086}
  progress t=  10.0s  max corner drift so far=0.0013  wall clock=115s
  t=  10.50  cb_yield           L1-CB2 {'rot': 0.00085}
  t=  10.50  cb_yield           L2-CB2 {'rot': 0.00092}
  t=  10.63  cb_yield           L1-CB3 {'rot': 0.00087}
  t=  10.63  cb_yield           L2-CB3 {'rot': 0.00093}
  t=  10.63  cb_yield           L3-CB3 {'rot': 0.00093}
  t=  10.63  cb_yield           L4-CB3 {'rot': 0.00091}
  t=  10.63  cb_yield           L5-CB3 {'rot': 0.00086}
  t=  10.88  cb_yield           L13-CB0 {'rot': 0.00085}
  t=  10.88  cb_yield           L13-CB1 {'rot': 0.00087}
  t=  10.88  cb_yield           L14-CB0 {'rot': 0.00087}
  t=  10.88  cb_yield           L14-CB1 {'rot': 0.00089}
  t=  10.88  cb_yield           L15-CB0 {'rot': 0.00091}
  t=  10.88  cb_yield           L15-CB1 {'rot': 0.0009}
  t=  10.88  cb_yield           L16-CB0 {'rot': 0.00094}
  t=  10.88  cb_yield           L16-CB1 {'rot': 0.0009}
  t=  10.88  cb_yield           L17-CB0 {'rot': 0.00102}
  t=  10.88  cb_yield           L17-CB1 {'rot': 0.00094}
  t=  10.88  cb_yield           L18-CB0 {'rot': 0.00104}
  t=  10.88  cb_yield           L19-CB0 {'rot': 0.00104}
  t=  10.88  cb_yield           L20-CB0 {'rot': 0.00103}
  t=  10.88  cb_yield           L21-CB0 {'rot': 0.001}
  t=  10.88  cb_yield           L22-CB0 {'rot': 0.00096}
  t=  11.00  cb_yield           L1-CB1 {'rot': 0.00101}
  t=  11.00  cb_yield           L2-CB1 {'rot': 0.00116}
  t=  11.00  cb_yield           L3-CB1 {'rot': 0.00124}
  t=  11.00  cb_yield           L4-CB1 {'rot': 0.00123}
  t=  11.00  cb_yield           L5-CB1 {'rot': 0.00115}
  t=  11.00  cb_yield           L6-CB1 {'rot': 0.00104}
  t=  11.00  cb_yield           L7-CB1 {'rot': 0.00094}
  t=  11.00  cb_yield           L8-CB1 {'rot': 0.00088}
  t=  11.00  cb_yield           L9-CB1 {'rot': 0.00086}
  t=  11.00  cb_yield           L10-CB1 {'rot': 0.00086}
  t=  11.00  cb_yield           L11-CB0 {'rot': 0.00085}
  t=  11.00  cb_yield           L11-CB1 {'rot': 0.0009}
  t=  11.00  cb_yield           L12-CB0 {'rot': 0.00095}
  t=  11.00  cb_yield           L12-CB1 {'rot': 0.00097}
  t=  11.00  cb_yield           L18-CB1 {'rot': 0.00117}
  t=  11.00  cb_yield           L19-CB1 {'rot': 0.00111}
  t=  11.00  cb_yield           L20-CB1 {'rot': 0.00105}
  t=  11.00  cb_yield           L21-CB1 {'rot': 0.00097}
  t=  11.00  cb_yield           L23-CB0 {'rot': 0.00105}
  t=  11.13  cb_yield           L2-CB0 {'rot': 0.00089}
  t=  11.13  cb_yield           L3-CB0 {'rot': 0.00092}
  t=  11.13  cb_yield           L4-CB0 {'rot': 0.00092}
  t=  11.13  cb_yield           L5-CB0 {'rot': 0.00088}
  t=  11.13  cb_yield           L6-CB0 {'rot': 0.00087}
  t=  11.13  cb_yield           L7-CB0 {'rot': 0.00089}
  t=  11.13  cb_yield           L8-CB0 {'rot': 0.00094}
  t=  11.13  cb_yield           L9-CB0 {'rot': 0.001}
  t=  11.13  cb_yield           L10-CB0 {'rot': 0.00104}
  t=  11.25  cb_yield           L1-CB0 {'rot': 0.00095}
  t=  12.38  cb_yield           L22-CB1 {'rot': 0.001}
  t=  12.38  cb_yield           L23-CB1 {'rot': 0.00096}
  t=  12.50  cb_yield           L24-CB0 {'rot': 0.00104}
  t=  12.50  cb_yield           L24-CB1 {'rot': 0.00139}
  t=  12.50  cb_yield           L25-CB0 {'rot': 0.00094}
  t=  12.50  cb_yield           L25-CB1 {'rot': 0.00121}
  t=  12.50  cb_yield           L26-CB1 {'rot': 0.00104}
  t=  13.25  cb_yield           L8-CB3 {'rot': 0.0009}
  t=  13.38  cb_yield           L9-CB3 {'rot': 0.00087}
  t=  17.50  cb_yield           L26-CB0 {'rot': 0.00096}
  t=  18.50  cb_yield           L10-CB2 {'rot': 0.00103}
  t=  18.50  cb_yield           L11-CB2 {'rot': 0.00094}
  t=  18.50  cb_yield           L12-CB2 {'rot': 0.00088}
  t=  18.63  cb_yield           L10-CB3 {'rot': 0.00087}
  t=  18.63  cb_yield           L13-CB2 {'rot': 0.0014}
  t=  18.63  cb_yield           L14-CB2 {'rot': 0.00126}
  t=  18.63  cb_yield           L15-CB2 {'rot': 0.00111}
  t=  18.63  cb_yield           L16-CB2 {'rot': 0.00097}
  t=  19.00  cb_yield           L17-CB2 {'rot': 0.00104}
  t=  19.00  cb_yield           L18-CB2 {'rot': 0.00097}
  t=  19.00  cb_yield           L20-CB3 {'rot': 0.00095}
  t=  19.00  cb_yield           L21-CB2 {'rot': 0.00096}
  t=  19.00  cb_yield           L21-CB3 {'rot': 0.00104}
  t=  19.00  cb_yield           L22-CB2 {'rot': 0.00095}
  t=  19.00  cb_yield           L22-CB3 {'rot': 0.0011}
  t=  19.00  cb_yield           L23-CB3 {'rot': 0.00111}
  t=  19.00  cb_yield           L24-CB3 {'rot': 0.0011}
  t=  19.00  cb_yield           L25-CB3 {'rot': 0.00108}
  t=  19.00  cb_yield           L26-CB3 {'rot': 0.00104}
  t=  19.12  cb_yield           L19-CB2 {'rot': 0.00115}
  t=  19.12  cb_yield           L20-CB2 {'rot': 0.00114}
  t=  19.12  cb_yield           L23-CB2 {'rot': 0.0011}
  t=  19.12  cb_yield           L24-CB2 {'rot': 0.00104}
  t=  19.12  cb_yield           L25-CB2 {'rot': 0.00098}
  progress t=  20.0s  max corner drift so far=0.0066  wall clock=253s
  t=  21.12  cb_yield           L15-CB3 {'rot': 0.00085}
  t=  21.12  cb_yield           L16-CB3 {'rot': 0.00089}
  t=  21.12  cb_yield           L17-CB3 {'rot': 0.00099}
  t=  21.12  cb_yield           L18-CB3 {'rot': 0.00101}
  t=  21.12  cb_yield           L19-CB3 {'rot': 0.00099}
  t=  21.25  cb_yield           L26-CB2 {'rot': 0.00099}
  t=  24.75  cb_yield           L11-CB3 {'rot': 0.00125}
  t=  24.75  cb_yield           L12-CB3 {'rot': 0.00112}
  t=  24.75  cb_yield           L13-CB3 {'rot': 0.00101}
  t=  24.75  cb_yield           L14-CB3 {'rot': 0.0009}
  t=  28.25  cb_yield           L27-CB2 {'rot': 0.00096}
  t=  28.37  cb_yield           L28-CB2 {'rot': 0.00113}
  progress t=  30.0s  max corner drift so far=0.0094  wall clock=403s
  progress t=  40.0s  max corner drift so far=0.0094  wall clock=554s
  t=  42.25  cb_failure         L8-CB0 {'rot': 0.01524}
  t=  42.25  cb_failure         L9-CB0 {'rot': 0.01554}
  t=  42.25  cb_failure         L10-CB0 {'rot': 0.01552}
  t=  42.25  cb_failure         L11-CB0 {'rot': 0.01525}
  t=  42.37  cb_failure         L7-CB0 {'rot': 0.01558}
  t=  42.37  cb_failure         L12-CB0 {'rot': 0.01596}
  t=  42.37  cb_failure         L13-CB0 {'rot': 0.01542}
  t=  42.50  cb_failure         L6-CB0 {'rot': 0.01488}
  t=  42.50  cb_failure         L14-CB0 {'rot': 0.0152}
  progress t=  50.0s  max corner drift so far=0.0094  wall clock=711s
  t=  50.50  cb_failure         L6-CB1 {'rot': 0.01636}
  t=  50.50  cb_failure         L6-CB2 {'rot': 0.0169}
  t=  50.50  cb_failure         L6-CB3 {'rot': 0.01647}
  t=  50.50  cb_failure         L7-CB1 {'rot': 0.01829}
  t=  50.50  cb_failure         L7-CB2 {'rot': 0.01883}
  t=  50.50  cb_failure         L7-CB3 {'rot': 0.01815}
  t=  50.50  cb_failure         L8-CB1 {'rot': 0.01945}
  t=  50.50  cb_failure         L8-CB2 {'rot': 0.02}
  t=  50.50  cb_failure         L8-CB3 {'rot': 0.019}
  t=  50.50  cb_failure         L9-CB1 {'rot': 0.02003}
  t=  50.50  cb_failure         L9-CB2 {'rot': 0.02069}
  t=  50.50  cb_failure         L9-CB3 {'rot': 0.01924}
  t=  50.50  cb_failure         L10-CB1 {'rot': 0.0201}
  t=  50.50  cb_failure         L10-CB2 {'rot': 0.02074}
  t=  50.50  cb_failure         L10-CB3 {'rot': 0.019}
  t=  50.50  cb_failure         L11-CB1 {'rot': 0.01965}
  t=  50.50  cb_failure         L11-CB2 {'rot': 0.02011}
  t=  50.50  cb_failure         L11-CB3 {'rot': 0.01828}
  t=  50.50  cb_failure         L12-CB1 {'rot': 0.01864}
  t=  50.50  cb_failure         L12-CB2 {'rot': 0.01882}
  t=  50.50  cb_failure         L12-CB3 {'rot': 0.01706}
  t=  50.50  cb_failure         L13-CB1 {'rot': 0.01693}
  t=  50.50  cb_failure         L13-CB2 {'rot': 0.0164}
  t=  50.50  cb_failure         L13-CB3 {'rot': 0.01521}
  t=  50.62  cb_failure         L5-CB0 {'rot': 0.0156}
  t=  50.62  cb_failure         L5-CB1 {'rot': 0.01582}
  t=  50.62  cb_failure         L5-CB2 {'rot': 0.01554}
  t=  50.62  cb_failure         L5-CB3 {'rot': 0.01592}
  t=  50.62  cb_failure         L14-CB1 {'rot': 0.02261}
  t=  50.62  cb_failure         L14-CB2 {'rot': 0.02033}
  t=  50.62  cb_failure         L14-CB3 {'rot': 0.02054}
  t=  50.62  cb_failure         L15-CB0 {'rot': 0.02077}
  t=  50.62  cb_failure         L15-CB1 {'rot': 0.01939}
  t=  50.62  cb_failure         L15-CB2 {'rot': 0.01652}
  t=  50.62  cb_failure         L15-CB3 {'rot': 0.0172}
  t=  50.62  cb_failure         L16-CB0 {'rot': 0.01645}
  t=  50.62  cb_failure         L16-CB1 {'rot': 0.01534}
  t=  50.75  cb_failure         L16-CB2 {'rot': 0.02137}
  t=  50.75  cb_failure         L16-CB3 {'rot': 0.02158}
  t=  50.75  cb_failure         L17-CB0 {'rot': 0.0186}
  t=  50.75  cb_failure         L17-CB1 {'rot': 0.01828}
  t=  50.75  cb_failure         L17-CB2 {'rot': 0.01526}
  t=  50.75  cb_failure         L17-CB3 {'rot': 0.01585}
  t=  50.87  cb_failure         L4-CB0 {'rot': 0.01759}
  t=  50.87  cb_failure         L4-CB1 {'rot': 0.01643}
  t=  50.87  cb_failure         L4-CB2 {'rot': 0.0161}
  t=  50.87  cb_failure         L4-CB3 {'rot': 0.01537}
  t=  50.87  cb_failure         L18-CB0 {'rot': 0.01822}
  t=  50.87  cb_failure         L18-CB1 {'rot': 0.01806}
  t=  50.87  cb_failure         L18-CB2 {'rot': 0.01615}
  t=  50.87  cb_failure         L18-CB3 {'rot': 0.01613}
  t=  56.50  cb_failure         L3-CB0 {'rot': 0.01502}
  t=  56.75  cb_failure         L3-CB1 {'rot': 0.0149}
  progress t=  60.0s  max corner drift so far=0.0094  wall clock=881s
  t=  61.62  cb_failure         L3-CB2 {'rot': 0.01694}
  t=  61.62  cb_failure         L3-CB3 {'rot': 0.0162}
  t=  61.75  cb_failure         L2-CB2 {'rot': 0.01521}
  t=  61.87  cb_failure         L2-CB3 {'rot': 0.01653}
  t=  62.00  cb_failure         L2-CB1 {'rot': 0.01538}
  t=  62.12  cb_failure         L2-CB0 {'rot': 0.01574}
  t=  62.50  cb_failure         L19-CB1 {'rot': 0.01527}
  t=  62.50  cb_failure         L19-CB2 {'rot': 0.01528}
  t=  62.50  cb_failure         L19-CB3 {'rot': 0.01574}
  t=  62.62  cb_failure         L1-CB2 {'rot': 0.01504}
  t=  62.75  cb_failure         L19-CB0 {'rot': 0.01572}
  t=  63.25  cb_failure         L20-CB1 {'rot': 0.01536}
  t=  63.25  cb_failure         L20-CB3 {'rot': 0.01558}
  t=  64.00  cb_failure         L20-CB0 {'rot': 0.01502}
  progress t=  70.0s  max corner drift so far=0.0124  wall clock=1043s
  t=  72.75  cb_yield           L27-CB3 {'rot': 0.00115}
  t=  72.87  cb_yield           L28-CB3 {'rot': 0.00103}
  t=  75.50  cb_failure         L20-CB2 {'rot': 0.01592}
  t=  76.00  cb_failure         L21-CB2 {'rot': 0.01523}
  t=  76.25  cb_failure         L21-CB3 {'rot': 0.01598}
  t=  79.50  cb_yield           L29-CB2 {'rot': 0.00094}
  t=  79.63  cb_yield           L29-CB3 {'rot': 0.00117}
  t=  79.63  cb_yield           L30-CB2 {'rot': 0.00098}
  t=  79.75  cb_yield           L27-CB1 {'rot': 0.001}
  progress t=  80.0s  max corner drift so far=0.0153  wall clock=1200s
  t=  82.63  cb_failure         L1-CB3 {'rot': 0.01516}
  t=  82.63  cb_failure         L22-CB2 {'rot': 0.01546}
  t=  83.63  cb_failure         L22-CB3 {'rot': 0.01582}
  t=  83.75  cb_failure         L23-CB2 {'rot': 0.01565}
  t=  83.75  cb_yield           L27-CB0 {'rot': 0.00133}
  t=  83.75  cb_yield           L28-CB0 {'rot': 0.00116}
  t=  83.75  cb_yield           L29-CB0 {'rot': 0.00099}
  t=  83.88  cb_yield           L30-CB0 {'rot': 0.00105}
  t=  83.88  cb_yield           L30-CB3 {'rot': 0.00113}
  t=  84.00  cb_yield           L31-CB3 {'rot': 0.00102}
  t=  86.13  cb_yield           L28-CB1 {'rot': 0.00095}
  t=  86.50  cb_yield           L31-CB2 {'rot': 0.00125}
  t=  86.50  cb_yield           L32-CB3 {'rot': 0.00102}
  t=  86.63  cb_yield           L32-CB2 {'rot': 0.00114}
  t=  86.63  cb_yield           L33-CB3 {'rot': 0.00103}
  progress t=  90.0s  max corner drift so far=0.0212  wall clock=1371s
  t=  90.75  cb_failure         L21-CB0 {'rot': 0.01627}
  t=  90.75  cb_failure         L21-CB1 {'rot': 0.01764}
  t=  90.75  cb_failure         L23-CB3 {'rot': 0.0166}
  progress t= 100.0s  max corner drift so far=0.0212  wall clock=1538s
  progress t= 110.0s  max corner drift so far=0.0212  wall clock=1686s
  progress t= 120.0s  max corner drift so far=0.0212  wall clock=1828s
