  t=   5.25  cb_yield           L3-CB0 {'rot': 0.00045}
  t=   5.25  cb_yield           L4-CB0 {'rot': 0.00047}
  t=   5.25  cb_yield           L4-CB1 {'rot': 0.00048}
  t=   5.25  cb_yield           L5-CB0 {'rot': 0.00048}
  t=   5.25  cb_yield           L5-CB1 {'rot': 0.00049}
  t=   5.25  cb_yield           L6-CB0 {'rot': 0.00048}
  t=   5.25  cb_yield           L6-CB1 {'rot': 0.00049}
  t=   5.25  cb_yield           L7-CB0 {'rot': 0.00047}
  t=   5.25  cb_yield           L7-CB1 {'rot': 0.00049}
  t=   5.25  cb_yield           L8-CB1 {'rot': 0.00047}
  t=   5.25  cb_yield           L9-CB1 {'rot': 0.00045}
  t=   6.75  cb_yield           L2-CB1 {'rot': 0.00045}
  t=   6.75  cb_yield           L3-CB1 {'rot': 0.00046}
  t=   6.88  cb_yield           L1-CB0 {'rot': 0.00047}
  t=   6.88  cb_yield           L1-CB1 {'rot': 0.00052}
  t=   6.88  cb_yield           L2-CB0 {'rot': 0.00054}
  t=   6.88  cb_yield           L8-CB0 {'rot': 0.00058}
  t=   6.88  cb_yield           L9-CB0 {'rot': 0.00053}
  t=   6.88  cb_yield           L10-CB0 {'rot': 0.00049}
  t=   6.88  cb_yield           L10-CB1 {'rot': 0.00057}
  t=   6.88  cb_yield           L11-CB0 {'rot': 0.00045}
  t=   6.88  cb_yield           L11-CB1 {'rot': 0.00053}
  t=   6.88  cb_yield           L12-CB1 {'rot': 0.00049}
  t=   6.88  cb_yield           L13-CB1 {'rot': 0.00046}
  t=   7.00  cb_yield           L12-CB0 {'rot': 0.00048}
  t=   7.00  cb_yield           L14-CB1 {'rot': 0.00051}
  t=   7.00  cb_yield           L15-CB1 {'rot': 0.00047}
  t=   7.13  cb_yield           L16-CB1 {'rot': 0.00047}
  progress t=  10.0s  max corner drift so far=0.0012  wall clock=130s
  t=  10.25  cb_yield           L1-CB2 {'rot': 0.00045}
  t=  10.25  cb_yield           L2-CB2 {'rot': 0.00048}
  t=  10.38  cb_yield           L1-CB3 {'rot': 0.00048}
  t=  10.38  cb_yield           L2-CB3 {'rot': 0.00051}
  t=  10.38  cb_yield           L3-CB2 {'rot': 0.00059}
  t=  10.38  cb_yield           L4-CB2 {'rot': 0.00052}
  t=  10.88  cb_yield           L14-CB0 {'rot': 0.00045}
  t=  10.88  cb_yield           L15-CB0 {'rot': 0.00045}
  t=  10.88  cb_yield           L16-CB0 {'rot': 0.00045}
  t=  11.00  cb_yield           L13-CB0 {'rot': 0.00076}
  t=  11.00  cb_yield           L17-CB0 {'rot': 0.00092}
  t=  11.00  cb_yield           L17-CB1 {'rot': 0.00092}
  t=  11.00  cb_yield           L18-CB0 {'rot': 0.0009}
  t=  11.00  cb_yield           L18-CB1 {'rot': 0.00091}
  t=  11.00  cb_yield           L19-CB0 {'rot': 0.00085}
  t=  11.00  cb_yield           L19-CB1 {'rot': 0.00087}
  t=  11.00  cb_yield           L20-CB0 {'rot': 0.00079}
  t=  11.00  cb_yield           L20-CB1 {'rot': 0.00081}
  t=  11.00  cb_yield           L21-CB0 {'rot': 0.00072}
  t=  11.00  cb_yield           L21-CB1 {'rot': 0.00074}
  t=  11.00  cb_yield           L22-CB0 {'rot': 0.00064}
  t=  11.00  cb_yield           L22-CB1 {'rot': 0.00066}
  t=  11.00  cb_yield           L23-CB0 {'rot': 0.00056}
  t=  11.00  cb_yield           L23-CB1 {'rot': 0.00058}
  t=  11.00  cb_yield           L24-CB0 {'rot': 0.0005}
  t=  11.00  cb_yield           L24-CB1 {'rot': 0.00051}
  t=  11.13  cb_yield           L25-CB0 {'rot': 0.00066}
  t=  11.13  cb_yield           L25-CB1 {'rot': 0.00066}
  t=  11.13  cb_yield           L26-CB0 {'rot': 0.00055}
  t=  11.13  cb_yield           L26-CB1 {'rot': 0.00055}
  t=  13.00  cb_yield           L3-CB3 {'rot': 0.00073}
  t=  13.00  cb_yield           L4-CB3 {'rot': 0.00072}
  t=  13.00  cb_yield           L5-CB3 {'rot': 0.00067}
  t=  13.00  cb_yield           L6-CB3 {'rot': 0.00059}
  t=  13.00  cb_yield           L7-CB3 {'rot': 0.00052}
  t=  13.00  cb_yield           L8-CB3 {'rot': 0.00045}
  t=  13.13  cb_yield           L5-CB2 {'rot': 0.00049}
  t=  13.13  cb_yield           L6-CB2 {'rot': 0.00045}
  t=  13.25  cb_yield           L7-CB2 {'rot': 0.00045}
  t=  13.25  cb_yield           L9-CB3 {'rot': 0.0005}
  t=  13.25  cb_yield           L10-CB3 {'rot': 0.00045}
  t=  13.38  cb_yield           L8-CB2 {'rot': 0.00048}
  t=  13.38  cb_yield           L11-CB3 {'rot': 0.00046}
  t=  13.88  cb_yield           L9-CB2 {'rot': 0.00052}
  t=  13.88  cb_yield           L10-CB2 {'rot': 0.00046}
  t=  13.88  cb_yield           L12-CB3 {'rot': 0.00055}
  t=  13.88  cb_yield           L13-CB3 {'rot': 0.0005}
  t=  13.88  cb_yield           L14-CB3 {'rot': 0.00045}
  t=  14.00  cb_yield           L11-CB2 {'rot': 0.00049}
  t=  14.00  cb_yield           L15-CB3 {'rot': 0.00046}
  t=  15.63  cb_yield           L12-CB2 {'rot': 0.00081}
  t=  15.63  cb_yield           L13-CB2 {'rot': 0.00081}
  t=  15.63  cb_yield           L14-CB2 {'rot': 0.00078}
  t=  15.63  cb_yield           L15-CB2 {'rot': 0.00074}
  t=  15.63  cb_yield           L16-CB2 {'rot': 0.00068}
  t=  15.63  cb_yield           L16-CB3 {'rot': 0.00046}
  t=  15.63  cb_yield           L17-CB2 {'rot': 0.00067}
  t=  15.63  cb_yield           L18-CB2 {'rot': 0.0006}
  t=  15.63  cb_yield           L19-CB2 {'rot': 0.00054}
  t=  15.63  cb_yield           L20-CB2 {'rot': 0.0005}
  t=  15.75  cb_yield           L27-CB1 {'rot': 0.00055}
  t=  15.88  cb_yield           L27-CB0 {'rot': 0.00054}
  t=  15.88  cb_yield           L28-CB1 {'rot': 0.00055}
  t=  16.00  cb_yield           L17-CB3 {'rot': 0.00052}
  t=  17.63  cb_yield           L27-CB3 {'rot': 0.00054}
  t=  17.88  cb_yield           L18-CB3 {'rot': 0.00057}
  t=  17.88  cb_yield           L19-CB3 {'rot': 0.00051}
  t=  18.00  cb_yield           L20-CB3 {'rot': 0.00053}
  t=  18.00  cb_yield           L26-CB3 {'rot': 0.0005}
  t=  18.13  cb_yield           L21-CB3 {'rot': 0.00066}
  t=  18.13  cb_yield           L22-CB3 {'rot': 0.00066}
  t=  18.13  cb_yield           L23-CB3 {'rot': 0.00066}
  t=  18.13  cb_yield           L24-CB3 {'rot': 0.00067}
  t=  18.13  cb_yield           L25-CB3 {'rot': 0.00067}
  t=  18.13  cb_yield           L26-CB2 {'rot': 0.00051}
  t=  18.13  cb_yield           L27-CB2 {'rot': 0.00052}
  t=  18.13  cb_yield           L28-CB3 {'rot': 0.00059}
  t=  18.25  cb_yield           L21-CB2 {'rot': 0.00052}
  t=  18.25  cb_yield           L22-CB2 {'rot': 0.0005}
  t=  19.00  cb_yield           L23-CB2 {'rot': 0.00075}
  t=  19.00  cb_yield           L24-CB2 {'rot': 0.00073}
  t=  19.00  cb_yield           L25-CB2 {'rot': 0.00071}
  t=  19.00  cb_yield           L28-CB2 {'rot': 0.00055}
  t=  19.00  cb_yield           L29-CB3 {'rot': 0.00065}
  t=  19.12  cb_yield           L29-CB2 {'rot': 0.00053}
  t=  19.12  cb_yield           L30-CB3 {'rot': 0.00059}
  progress t=  20.0s  max corner drift so far=0.0033  wall clock=285s
  t=  20.75  cb_yield           L29-CB1 {'rot': 0.00056}
  t=  20.87  cb_yield           L28-CB0 {'rot': 0.00074}
  t=  20.87  cb_yield           L29-CB0 {'rot': 0.0005}
  t=  20.87  cb_yield           L30-CB1 {'rot': 0.00052}
  t=  21.00  cb_yield           L30-CB0 {'rot': 0.00052}
  t=  21.00  cb_yield           L31-CB1 {'rot': 0.00051}
  t=  21.12  cb_yield           L31-CB0 {'rot': 0.00057}
  t=  21.12  cb_yield           L32-CB1 {'rot': 0.00056}
  t=  21.25  cb_yield           L32-CB0 {'rot': 0.0006}
  t=  21.25  cb_yield           L33-CB1 {'rot': 0.00084}
  t=  21.37  cb_yield           L33-CB0 {'rot': 0.00068}
  t=  28.37  cb_yield           L30-CB2 {'rot': 0.00053}
  t=  28.50  cb_yield           L31-CB2 {'rot': 0.0005}
  progress t=  30.0s  max corner drift so far=0.0048  wall clock=444s
  t=  30.37  cb_yield           L31-CB3 {'rot': 0.0005}
  t=  30.50  cb_yield           L32-CB3 {'rot': 0.00052}
  t=  30.62  cb_yield           L33-CB3 {'rot': 0.0005}
  t=  36.50  cb_yield           L32-CB2 {'rot': 0.00052}
  t=  36.62  cb_yield           L33-CB2 {'rot': 0.00056}
  progress t=  40.0s  max corner drift so far=0.0048  wall clock=610s
  progress t=  50.0s  max corner drift so far=0.0048  wall clock=784s
  t=  53.62  cb_failure         L12-CB1 {'rot': 0.0147}
  t=  53.62  cb_failure         L13-CB1 {'rot': 0.01487}
  t=  53.62  cb_failure         L14-CB1 {'rot': 0.01482}
  t=  53.62  cb_failure         L15-CB1 {'rot': 0.01459}
  t=  53.75  cb_failure         L10-CB1 {'rot': 0.01447}
  t=  53.75  cb_failure         L11-CB1 {'rot': 0.01506}
  t=  53.75  cb_failure         L16-CB1 {'rot': 0.01485}
  t=  58.75  cb_failure         L7-CB1 {'rot': 0.01476}
  t=  58.75  cb_failure         L8-CB1 {'rot': 0.01554}
  t=  58.75  cb_failure         L9-CB1 {'rot': 0.01606}
  t=  58.87  cb_failure         L6-CB1 {'rot': 0.01615}
  t=  58.87  cb_failure         L7-CB0 {'rot': 0.01545}
  t=  58.87  cb_failure         L8-CB0 {'rot': 0.01638}
  t=  58.87  cb_failure         L8-CB3 {'rot': 0.01525}
  t=  58.87  cb_failure         L9-CB0 {'rot': 0.01692}
  t=  58.87  cb_failure         L9-CB3 {'rot': 0.0158}
  t=  58.87  cb_failure         L10-CB0 {'rot': 0.01714}
  t=  58.87  cb_failure         L10-CB3 {'rot': 0.01606}
  t=  58.87  cb_failure         L11-CB0 {'rot': 0.01708}
  t=  58.87  cb_failure         L11-CB3 {'rot': 0.01604}
  t=  58.87  cb_failure         L12-CB0 {'rot': 0.01679}
  t=  58.87  cb_failure         L12-CB3 {'rot': 0.01579}
  t=  58.87  cb_failure         L13-CB0 {'rot': 0.01623}
  t=  58.87  cb_failure         L13-CB3 {'rot': 0.01528}
  t=  58.87  cb_failure         L14-CB0 {'rot': 0.01543}
  t=  58.87  cb_failure         L14-CB3 {'rot': 0.01453}
  t=  58.87  cb_failure         L15-CB0 {'rot': 0.01447}
  t=  58.87  cb_failure         L17-CB1 {'rot': 0.01507}
  t=  59.00  cb_failure         L5-CB1 {'rot': 0.01593}
  t=  59.00  cb_failure         L6-CB0 {'rot': 0.01655}
  t=  59.00  cb_failure         L6-CB3 {'rot': 0.01475}
  t=  59.00  cb_failure         L7-CB3 {'rot': 0.01636}
  t=  59.00  cb_failure         L8-CB2 {'rot': 0.0153}
  t=  59.00  cb_failure         L9-CB2 {'rot': 0.01593}
  t=  59.00  cb_failure         L10-CB2 {'rot': 0.01625}
  t=  59.00  cb_failure         L11-CB2 {'rot': 0.01629}
  t=  59.00  cb_failure         L12-CB2 {'rot': 0.01605}
  t=  59.00  cb_failure         L13-CB2 {'rot': 0.01551}
  t=  59.00  cb_failure         L14-CB2 {'rot': 0.01463}
  t=  59.00  cb_failure         L15-CB3 {'rot': 0.01674}
  t=  59.00  cb_failure         L16-CB0 {'rot': 0.01633}
  t=  59.00  cb_failure         L16-CB3 {'rot': 0.0154}
  t=  59.00  cb_failure         L18-CB1 {'rot': 0.01478}
  t=  59.12  cb_failure         L4-CB1 {'rot': 0.01484}
  t=  59.12  cb_failure         L5-CB0 {'rot': 0.01646}
  t=  59.12  cb_failure         L6-CB2 {'rot': 0.01461}
  t=  59.12  cb_failure         L7-CB2 {'rot': 0.01615}
  t=  59.12  cb_failure         L15-CB2 {'rot': 0.01657}
  t=  59.12  cb_failure         L16-CB2 {'rot': 0.01516}
  t=  59.12  cb_failure         L17-CB0 {'rot': 0.01656}
  t=  59.12  cb_failure         L17-CB3 {'rot': 0.01616}
  t=  59.25  cb_failure         L4-CB0 {'rot': 0.0156}
  t=  59.25  cb_failure         L5-CB2 {'rot': 0.01464}
  t=  59.25  cb_failure         L5-CB3 {'rot': 0.01628}
  t=  59.25  cb_failure         L17-CB2 {'rot': 0.0154}
  t=  59.25  cb_failure         L18-CB0 {'rot': 0.01594}
  t=  59.25  cb_failure         L18-CB3 {'rot': 0.01624}
  t=  59.25  cb_failure         L19-CB1 {'rot': 0.01575}
  t=  59.37  cb_failure         L4-CB3 {'rot': 0.01512}
  t=  59.37  cb_failure         L19-CB3 {'rot': 0.0148}
  t=  59.50  cb_failure         L3-CB1 {'rot': 0.01478}
  t=  59.50  cb_failure         L4-CB2 {'rot': 0.01453}
  t=  59.75  cb_failure         L18-CB2 {'rot': 0.0145}
  t=  59.75  cb_failure         L19-CB0 {'rot': 0.01502}
  t=  59.75  cb_failure         L20-CB1 {'rot': 0.01501}
  t=  60.00  cb_failure         L20-CB3 {'rot': 0.01473}
  progress t=  60.0s  max corner drift so far=0.0057  wall clock=954s
  t=  60.12  cb_failure         L19-CB2 {'rot': 0.01475}
  t=  65.50  cb_failure         L20-CB0 {'rot': 0.01514}
  t=  65.50  cb_failure         L21-CB1 {'rot': 0.01463}
  t=  65.62  cb_failure         L20-CB2 {'rot': 0.01524}
  t=  65.62  cb_failure         L21-CB3 {'rot': 0.01491}
  progress t=  70.0s  max corner drift so far=0.0057  wall clock=1124s
  t=  77.38  cb_failure         L3-CB0 {'rot': 0.01455}
  t=  77.38  cb_failure         L3-CB3 {'rot': 0.01446}
  t=  77.50  cb_failure         L3-CB2 {'rot': 0.01496}
  t=  78.00  cb_failure         L21-CB0 {'rot': 0.01486}
  t=  78.00  cb_failure         L21-CB2 {'rot': 0.01674}
  t=  78.00  cb_failure         L22-CB3 {'rot': 0.01595}
  t=  78.13  cb_failure         L22-CB1 {'rot': 0.01633}
  t=  78.13  cb_failure         L22-CB2 {'rot': 0.01668}
  t=  78.13  cb_failure         L23-CB3 {'rot': 0.01602}
  t=  78.25  cb_failure         L22-CB0 {'rot': 0.01668}
  t=  78.25  cb_failure         L23-CB1 {'rot': 0.01672}
  t=  78.25  cb_failure         L23-CB2 {'rot': 0.01796}
  t=  78.25  cb_failure         L24-CB3 {'rot': 0.01742}
  t=  78.38  cb_failure         L23-CB0 {'rot': 0.01663}
  t=  78.38  cb_failure         L24-CB1 {'rot': 0.01654}
  t=  78.38  cb_failure         L24-CB2 {'rot': 0.01871}
  t=  78.38  cb_failure         L25-CB2 {'rot': 0.01458}
  t=  78.38  cb_failure         L25-CB3 {'rot': 0.01765}
  t=  78.50  cb_failure         L26-CB3 {'rot': 0.01499}
  t=  78.88  cb_failure         L26-CB2 {'rot': 0.01487}
  t=  78.88  cb_failure         L27-CB3 {'rot': 0.01456}
  t=  79.63  cb_failure         L27-CB2 {'rot': 0.01533}
  t=  79.63  cb_failure         L28-CB3 {'rot': 0.01527}
  t=  79.88  cb_failure         L29-CB3 {'rot': 0.01462}
  progress t=  80.0s  max corner drift so far=0.0107  wall clock=1292s
  t=  85.63  cb_failure         L2-CB2 {'rot': 0.01515}
  t=  85.63  cb_failure         L2-CB3 {'rot': 0.01535}
  t=  86.00  cb_failure         L28-CB2 {'rot': 0.01525}
  t=  86.00  cb_failure         L30-CB3 {'rot': 0.01586}
  t=  86.00  cb_failure         L31-CB3 {'rot': 0.01518}
  t=  86.00  cb_failure         L32-CB3 {'rot': 0.01478}
  t=  86.13  cb_failure         L29-CB2 {'rot': 0.01596}
  t=  86.13  cb_failure         L30-CB2 {'rot': 0.01493}
  t=  86.13  cb_failure         L33-CB3 {'rot': 0.01634}
  t=  86.25  cb_failure         L31-CB2 {'rot': 0.01615}
  t=  86.25  cb_failure         L32-CB2 {'rot': 0.01573}
  t=  86.25  cb_failure         L33-CB2 {'rot': 0.01555}
  t=  86.88  cb_failure         L24-CB0 {'rot': 0.01483}
  t=  86.88  cb_failure         L25-CB1 {'rot': 0.01577}
  t=  87.00  cb_failure         L26-CB1 {'rot': 0.01547}
  t=  87.13  cb_failure         L25-CB0 {'rot': 0.01602}
  t=  87.13  cb_failure         L27-CB1 {'rot': 0.01473}
  t=  87.38  cb_failure         L28-CB1 {'rot': 0.0152}
  progress t=  90.0s  max corner drift so far=0.0133  wall clock=1472s
  t=  93.13  cb_failure         L29-CB1 {'rot': 0.0151}
  t=  93.25  cb_failure         L30-CB1 {'rot': 0.0175}
  t=  93.25  cb_failure         L31-CB1 {'rot': 0.01676}
  t=  93.25  cb_failure         L32-CB1 {'rot': 0.01632}
  t=  93.25  cb_failure         L33-CB1 {'rot': 0.01595}
  t=  93.50  cb_failure         L26-CB0 {'rot': 0.01471}
  progress t= 100.0s  max corner drift so far=0.0133  wall clock=1653s
  progress t= 110.0s  max corner drift so far=0.0133  wall clock=1821s
  progress t= 120.0s  max corner drift so far=0.0133  wall clock=1975s
