  t=   8.50  cb_yield           L2-CB3 {'rot': 0.00088}
  t=   8.50  cb_yield           L3-CB3 {'rot': 0.00095}
  t=   8.50  cb_yield           L4-CB3 {'rot': 0.001}
  t=   8.50  cb_yield           L5-CB3 {'rot': 0.00103}
  t=   8.50  cb_yield           L6-CB3 {'rot': 0.00102}
  t=   8.50  cb_yield           L7-CB3 {'rot': 0.00099}
  t=   8.50  cb_yield           L8-CB3 {'rot': 0.00094}
  t=   8.50  cb_yield           L9-CB3 {'rot': 0.00089}
  t=   8.63  cb_yield           L5-CB2 {'rot': 0.00086}
  t=   8.63  cb_yield           L6-CB2 {'rot': 0.00088}
  t=   8.63  cb_yield           L7-CB2 {'rot': 0.00089}
  t=   8.63  cb_yield           L8-CB2 {'rot': 0.00088}
  t=   8.63  cb_yield           L9-CB2 {'rot': 0.00086}
  t=   8.63  cb_yield           L10-CB3 {'rot': 0.00094}
  t=   8.63  cb_yield           L11-CB3 {'rot': 0.00088}
  t=   8.75  cb_yield           L4-CB2 {'rot': 0.00086}
  t=   8.75  cb_yield           L10-CB2 {'rot': 0.00089}
  t=   8.75  cb_yield           L11-CB2 {'rot': 0.00085}
  t=   9.25  cb_yield           L3-CB2 {'rot': 0.00086}
  t=   9.38  cb_yield           L2-CB2 {'rot': 0.00088}
  t=   9.75  cb_yield           L2-CB0 {'rot': 0.00085}
  t=   9.75  cb_yield           L3-CB0 {'rot': 0.00086}
  t=   9.75  cb_yield           L4-CB0 {'rot': 0.00087}
  t=   9.75  cb_yield           L5-CB0 {'rot': 0.00088}
  t=   9.75  cb_yield           L6-CB0 {'rot': 0.00088}
  t=   9.75  cb_yield           L7-CB0 {'rot': 0.00092}
  t=   9.75  cb_yield           L8-CB0 {'rot': 0.00095}
  t=   9.75  cb_yield           L9-CB0 {'rot': 0.00095}
  t=   9.75  cb_yield           L10-CB0 {'rot': 0.00092}
  t=   9.75  cb_yield           L11-CB0 {'rot': 0.0009}
  t=   9.75  cb_yield           L12-CB0 {'rot': 0.00086}
  t=   9.88  cb_yield           L1-CB0 {'rot': 0.00087}
  t=   9.88  cb_yield           L13-CB0 {'rot': 0.00096}
  t=   9.88  cb_yield           L14-CB0 {'rot': 0.00087}
  progress t=  10.0s  max corner drift so far=0.0019  wall clock=127s
  t=  11.13  cb_yield           L2-CB1 {'rot': 0.00092}
  t=  11.13  cb_yield           L3-CB1 {'rot': 0.00102}
  t=  11.13  cb_yield           L4-CB1 {'rot': 0.00111}
  t=  11.13  cb_yield           L5-CB1 {'rot': 0.00117}
  t=  11.13  cb_yield           L6-CB1 {'rot': 0.00118}
  t=  11.13  cb_yield           L7-CB1 {'rot': 0.00116}
  t=  11.13  cb_yield           L8-CB1 {'rot': 0.00111}
  t=  11.13  cb_yield           L9-CB1 {'rot': 0.00102}
  t=  11.13  cb_yield           L10-CB1 {'rot': 0.00093}
  t=  11.13  cb_yield           L11-CB1 {'rot': 0.00085}
  t=  11.25  cb_yield           L12-CB1 {'rot': 0.00096}
  t=  11.25  cb_yield           L13-CB1 {'rot': 0.00087}
  t=  11.38  cb_yield           L15-CB0 {'rot': 0.00087}
  t=  11.50  cb_yield           L16-CB0 {'rot': 0.00089}
  t=  11.63  cb_yield           L17-CB0 {'rot': 0.00099}
  t=  11.63  cb_yield           L18-CB0 {'rot': 0.00095}
  t=  12.25  cb_yield           L1-CB2 {'rot': 0.00088}
  t=  12.25  cb_yield           L1-CB3 {'rot': 0.00085}
  t=  12.38  cb_yield           L12-CB2 {'rot': 0.00087}
  t=  12.75  cb_yield           L14-CB1 {'rot': 0.00098}
  t=  12.75  cb_yield           L15-CB1 {'rot': 0.00095}
  t=  12.75  cb_yield           L16-CB1 {'rot': 0.00091}
  t=  12.88  cb_yield           L17-CB1 {'rot': 0.0012}
  t=  12.88  cb_yield           L18-CB1 {'rot': 0.00116}
  t=  12.88  cb_yield           L19-CB0 {'rot': 0.00111}
  t=  12.88  cb_yield           L19-CB1 {'rot': 0.00112}
  t=  12.88  cb_yield           L20-CB0 {'rot': 0.00102}
  t=  12.88  cb_yield           L20-CB1 {'rot': 0.00108}
  t=  12.88  cb_yield           L21-CB0 {'rot': 0.00094}
  t=  12.88  cb_yield           L21-CB1 {'rot': 0.00103}
  t=  12.88  cb_yield           L22-CB1 {'rot': 0.00096}
  t=  13.75  cb_yield           L1-CB1 {'rot': 0.00086}
  t=  14.75  cb_yield           L12-CB3 {'rot': 0.0011}
  t=  14.75  cb_yield           L13-CB3 {'rot': 0.00099}
  t=  14.75  cb_yield           L14-CB3 {'rot': 0.00089}
  t=  14.88  cb_yield           L15-CB3 {'rot': 0.00114}
  t=  14.88  cb_yield           L16-CB3 {'rot': 0.00105}
  t=  14.88  cb_yield           L17-CB3 {'rot': 0.00102}
  t=  14.88  cb_yield           L18-CB3 {'rot': 0.00094}
  t=  15.00  cb_yield           L19-CB3 {'rot': 0.00112}
  t=  15.00  cb_yield           L20-CB3 {'rot': 0.00107}
  t=  15.00  cb_yield           L21-CB3 {'rot': 0.00105}
  t=  15.00  cb_yield           L22-CB3 {'rot': 0.00102}
  t=  15.00  cb_yield           L23-CB3 {'rot': 0.00097}
  t=  15.13  cb_yield           L16-CB2 {'rot': 0.00086}
  t=  15.13  cb_yield           L18-CB2 {'rot': 0.00095}
  t=  15.13  cb_yield           L19-CB2 {'rot': 0.00094}
  t=  15.13  cb_yield           L24-CB3 {'rot': 0.00094}
  t=  15.25  cb_yield           L13-CB2 {'rot': 0.00108}
  t=  15.25  cb_yield           L14-CB2 {'rot': 0.00103}
  t=  15.25  cb_yield           L15-CB2 {'rot': 0.001}
  t=  15.25  cb_yield           L17-CB2 {'rot': 0.00095}
  t=  17.63  cb_yield           L22-CB0 {'rot': 0.00105}
  t=  17.63  cb_yield           L23-CB1 {'rot': 0.00095}
  t=  17.75  cb_yield           L23-CB0 {'rot': 0.00131}
  t=  17.75  cb_yield           L24-CB0 {'rot': 0.00106}
  t=  17.75  cb_yield           L24-CB1 {'rot': 0.00117}
  t=  17.75  cb_yield           L25-CB1 {'rot': 0.001}
  t=  17.88  cb_yield           L25-CB0 {'rot': 0.00112}
  t=  17.88  cb_yield           L26-CB1 {'rot': 0.00099}
  t=  19.50  cb_yield           L20-CB2 {'rot': 0.00094}
  t=  19.87  cb_yield           L26-CB0 {'rot': 0.00109}
  progress t=  20.0s  max corner drift so far=0.0058  wall clock=283s
  t=  21.62  cb_yield           L27-CB1 {'rot': 0.00098}
  t=  23.12  cb_yield           L27-CB0 {'rot': 0.00094}
  t=  25.00  cb_yield           L21-CB2 {'rot': 0.00114}
  t=  25.00  cb_yield           L22-CB2 {'rot': 0.00097}
  t=  25.12  cb_yield           L23-CB2 {'rot': 0.00162}
  t=  25.12  cb_yield           L24-CB2 {'rot': 0.00136}
  t=  25.12  cb_yield           L25-CB2 {'rot': 0.00112}
  t=  25.12  cb_yield           L25-CB3 {'rot': 0.00105}
  t=  25.25  cb_yield           L26-CB2 {'rot': 0.00129}
  t=  25.25  cb_yield           L26-CB3 {'rot': 0.00134}
  t=  25.25  cb_yield           L27-CB2 {'rot': 0.00101}
  t=  25.25  cb_yield           L27-CB3 {'rot': 0.00107}
  t=  25.37  cb_yield           L28-CB3 {'rot': 0.00096}
  t=  25.50  cb_yield           L28-CB2 {'rot': 0.00097}
  progress t=  30.0s  max corner drift so far=0.0069  wall clock=437s
  progress t=  40.0s  max corner drift so far=0.0079  wall clock=598s
  t=  45.12  cb_failure         L5-CB0 {'rot': 0.01572}
  t=  45.12  cb_failure         L5-CB1 {'rot': 0.01616}
  t=  45.12  cb_failure         L6-CB0 {'rot': 0.01636}
  t=  45.12  cb_failure         L6-CB1 {'rot': 0.01678}
  t=  45.12  cb_failure         L7-CB0 {'rot': 0.01649}
  t=  45.12  cb_failure         L7-CB1 {'rot': 0.01674}
  t=  45.12  cb_failure         L8-CB0 {'rot': 0.01627}
  t=  45.12  cb_failure         L8-CB1 {'rot': 0.01627}
  t=  45.12  cb_failure         L9-CB0 {'rot': 0.01578}
  t=  45.12  cb_failure         L9-CB1 {'rot': 0.01549}
  t=  45.12  cb_failure         L10-CB0 {'rot': 0.01505}
  t=  45.25  cb_failure         L3-CB0 {'rot': 0.01523}
  t=  45.25  cb_failure         L3-CB1 {'rot': 0.01601}
  t=  45.25  cb_failure         L4-CB0 {'rot': 0.01752}
  t=  45.25  cb_failure         L4-CB1 {'rot': 0.01844}
  t=  45.25  cb_failure         L10-CB1 {'rot': 0.01771}
  t=  45.25  cb_failure         L11-CB0 {'rot': 0.01709}
  t=  45.25  cb_failure         L11-CB1 {'rot': 0.01664}
  t=  45.25  cb_failure         L12-CB0 {'rot': 0.01632}
  t=  45.25  cb_failure         L12-CB1 {'rot': 0.01556}
  t=  45.25  cb_failure         L13-CB0 {'rot': 0.01543}
  t=  45.37  cb_failure         L2-CB1 {'rot': 0.01549}
  t=  45.37  cb_failure         L5-CB3 {'rot': 0.01491}
  t=  45.37  cb_failure         L13-CB1 {'rot': 0.01784}
  t=  45.37  cb_failure         L14-CB0 {'rot': 0.01735}
  t=  45.37  cb_failure         L14-CB1 {'rot': 0.01635}
  t=  45.37  cb_failure         L15-CB0 {'rot': 0.01602}
  t=  45.37  cb_failure         L15-CB1 {'rot': 0.01486}
  t=  45.50  cb_failure         L2-CB0 {'rot': 0.01672}
  t=  45.50  cb_failure         L4-CB3 {'rot': 0.01693}
  t=  45.50  cb_failure         L6-CB3 {'rot': 0.01854}
  t=  45.50  cb_failure         L7-CB3 {'rot': 0.01799}
  t=  45.50  cb_failure         L8-CB3 {'rot': 0.01678}
  t=  45.50  cb_failure         L9-CB3 {'rot': 0.01503}
  t=  45.50  cb_failure         L16-CB0 {'rot': 0.01637}
  t=  45.62  cb_failure         L3-CB3 {'rot': 0.01555}
  t=  45.62  cb_failure         L4-CB2 {'rot': 0.0155}
  t=  45.62  cb_failure         L5-CB2 {'rot': 0.01748}
  t=  45.62  cb_failure         L6-CB2 {'rot': 0.01832}
  t=  45.62  cb_failure         L7-CB2 {'rot': 0.01838}
  t=  45.62  cb_failure         L8-CB2 {'rot': 0.01786}
  t=  45.62  cb_failure         L9-CB2 {'rot': 0.01668}
  t=  45.62  cb_failure         L10-CB2 {'rot': 0.01493}
  t=  45.62  cb_failure         L10-CB3 {'rot': 0.01717}
  t=  45.62  cb_failure         L16-CB1 {'rot': 0.01509}
  t=  45.75  cb_failure         L11-CB2 {'rot': 0.01507}
  t=  45.75  cb_failure         L11-CB3 {'rot': 0.01685}
  t=  45.75  cb_failure         L17-CB0 {'rot': 0.01543}
  t=  45.87  cb_failure         L3-CB2 {'rot': 0.01559}
  t=  45.87  cb_failure         L12-CB3 {'rot': 0.01523}
  t=  45.87  cb_failure         L17-CB1 {'rot': 0.01531}
  t=  45.87  cb_yield           L29-CB2 {'rot': 0.001}
  t=  46.00  cb_failure         L12-CB2 {'rot': 0.0152}
  t=  46.00  cb_failure         L18-CB0 {'rot': 0.01527}
  t=  46.25  cb_failure         L13-CB3 {'rot': 0.01512}
  t=  46.25  cb_failure         L18-CB1 {'rot': 0.01512}
  t=  46.25  cb_yield           L28-CB1 {'rot': 0.00134}
  t=  46.25  cb_yield           L29-CB1 {'rot': 0.00107}
  t=  46.37  cb_failure         L19-CB0 {'rot': 0.0154}
  t=  46.37  cb_yield           L30-CB1 {'rot': 0.00101}
  t=  46.62  cb_failure         L14-CB3 {'rot': 0.01501}
  t=  46.75  cb_failure         L13-CB2 {'rot': 0.01539}
  t=  47.00  cb_failure         L14-CB2 {'rot': 0.015}
  progress t=  50.0s  max corner drift so far=0.0147  wall clock=763s
  t=  52.75  cb_failure         L19-CB1 {'rot': 0.01503}
  t=  53.25  cb_failure         L15-CB2 {'rot': 0.01493}
  t=  53.25  cb_failure         L15-CB3 {'rot': 0.01576}
  t=  59.25  cb_failure         L16-CB2 {'rot': 0.01571}
  t=  59.37  cb_failure         L16-CB3 {'rot': 0.01602}
  t=  59.50  cb_failure         L2-CB2 {'rot': 0.01751}
  t=  59.50  cb_failure         L2-CB3 {'rot': 0.01706}
  progress t=  60.0s  max corner drift so far=0.0147  wall clock=937s
  t=  60.12  cb_failure         L17-CB3 {'rot': 0.01577}
  t=  60.25  cb_failure         L17-CB2 {'rot': 0.01606}
  t=  60.37  cb_failure         L18-CB3 {'rot': 0.01504}
  t=  60.50  cb_failure         L18-CB2 {'rot': 0.01634}
  t=  61.50  cb_yield           L29-CB3 {'rot': 0.00117}
  t=  61.50  cb_yield           L30-CB2 {'rot': 0.00111}
  t=  61.50  cb_yield           L30-CB3 {'rot': 0.00095}
  t=  65.75  cb_failure         L19-CB2 {'rot': 0.01583}
  t=  66.00  cb_failure         L19-CB3 {'rot': 0.01634}
  t=  67.00  cb_failure         L20-CB0 {'rot': 0.01504}
  progress t=  70.0s  max corner drift so far=0.0147  wall clock=1120s
  t=  76.38  cb_failure         L20-CB1 {'rot': 0.01556}
  t=  76.38  cb_failure         L21-CB0 {'rot': 0.01642}
  t=  77.13  cb_failure         L1-CB0 {'rot': 0.01532}
  t=  77.13  cb_failure         L1-CB1 {'rot': 0.0153}
  t=  77.13  cb_failure         L21-CB1 {'rot': 0.01554}
  t=  77.75  cb_failure         L1-CB2 {'rot': 0.01597}
  t=  77.75  cb_failure         L1-CB3 {'rot': 0.0162}
  t=  77.88  cb_failure         L20-CB3 {'rot': 0.0154}
  t=  77.88  cb_failure         L22-CB0 {'rot': 0.01536}
  t=  78.00  cb_failure         L20-CB2 {'rot': 0.01528}
  t=  78.38  cb_failure         L21-CB2 {'rot': 0.0159}
  t=  78.38  cb_failure         L21-CB3 {'rot': 0.01744}
  t=  78.50  cb_failure         L22-CB1 {'rot': 0.01705}
  t=  78.63  cb_failure         L22-CB2 {'rot': 0.01606}
  t=  78.63  cb_failure         L22-CB3 {'rot': 0.01721}
  progress t=  80.0s  max corner drift so far=0.0163  wall clock=1304s
  t=  80.50  cb_yield           L28-CB0 {'rot': 0.00155}
  t=  80.50  cb_yield           L29-CB0 {'rot': 0.00119}
  t=  80.63  cb_yield           L30-CB0 {'rot': 0.00129}
  t=  80.75  cb_yield           L31-CB0 {'rot': 0.00129}
  t=  80.88  cb_yield           L31-CB1 {'rot': 0.00101}
  t=  80.88  cb_yield           L32-CB0 {'rot': 0.00113}
  progress t=  90.0s  max corner drift so far=0.0163  wall clock=1485s
  progress t= 100.0s  max corner drift so far=0.0163  wall clock=1660s
  t= 103.50  cb_failure         L23-CB0 {'rot': 0.01556}
  t= 103.63  cb_failure         L23-CB1 {'rot': 0.01577}
  progress t= 110.0s  max corner drift so far=0.0170  wall clock=1837s
  progress t= 120.0s  max corner drift so far=0.0170  wall clock=2000s
