  t=   4.60  cb_yield           L2-CB3 {'rot': 0.00088}
  t=   4.60  cb_yield           L3-CB3 {'rot': 0.00088}
  t=   4.60  cb_yield           L4-CB3 {'rot': 0.00085}
  t=   4.65  cb_yield           L5-CB3 {'rot': 0.00089}
  t=   4.70  cb_yield           L1-CB3 {'rot': 0.00085}
  t=   4.70  cb_yield           L6-CB3 {'rot': 0.00088}
  t=   4.80  cb_yield           L7-CB3 {'rot': 0.00085}
  t=   5.90  cb_yield           L6-CB1 {'rot': 0.00086}
  t=   5.90  cb_yield           L7-CB1 {'rot': 0.00085}
  t=   5.95  cb_yield           L2-CB1 {'rot': 0.00095}
  t=   5.95  cb_yield           L3-CB0 {'rot': 0.00089}
  t=   5.95  cb_yield           L3-CB1 {'rot': 0.00102}
  t=   5.95  cb_yield           L4-CB0 {'rot': 0.00095}
  t=   5.95  cb_yield           L4-CB1 {'rot': 0.00106}
  t=   5.95  cb_yield           L5-CB0 {'rot': 0.00099}
  t=   5.95  cb_yield           L5-CB1 {'rot': 0.00109}
  t=   5.95  cb_yield           L6-CB0 {'rot': 0.00101}
  t=   5.95  cb_yield           L7-CB0 {'rot': 0.00101}
  t=   5.95  cb_yield           L8-CB0 {'rot': 0.00099}
  t=   5.95  cb_yield           L8-CB1 {'rot': 0.00102}
  t=   5.95  cb_yield           L9-CB0 {'rot': 0.00093}
  t=   5.95  cb_yield           L9-CB1 {'rot': 0.00096}
  t=   5.95  cb_yield           L10-CB0 {'rot': 0.00087}
  t=   5.95  cb_yield           L10-CB1 {'rot': 0.0009}
  t=   5.95  cb_yield           L11-CB1 {'rot': 0.00085}
  t=   6.00  cb_yield           L1-CB1 {'rot': 0.00095}
  t=   6.00  cb_yield           L2-CB0 {'rot': 0.00099}
  t=   6.00  cb_yield           L11-CB0 {'rot': 0.00099}
  t=   6.00  cb_yield           L12-CB0 {'rot': 0.0009}
  t=   6.00  cb_yield           L12-CB1 {'rot': 0.00094}
  t=   6.00  cb_yield           L13-CB1 {'rot': 0.00088}
  t=   6.05  cb_yield           L1-CB0 {'rot': 0.00093}
  t=   6.05  cb_yield           L13-CB0 {'rot': 0.00092}
  t=   6.05  cb_yield           L14-CB1 {'rot': 0.0009}
  t=   6.10  cb_yield           L14-CB0 {'rot': 0.00091}
  t=   6.10  cb_yield           L15-CB1 {'rot': 0.00091}
  t=   6.15  cb_yield           L15-CB0 {'rot': 0.0009}
  t=   6.15  cb_yield           L16-CB1 {'rot': 0.00092}
  t=   6.20  cb_yield           L16-CB0 {'rot': 0.00091}
  t=   6.20  cb_yield           L17-CB1 {'rot': 0.00096}
  t=   6.25  cb_yield           L17-CB0 {'rot': 0.00095}
  t=   6.25  cb_yield           L18-CB1 {'rot': 0.00095}
  t=   6.30  cb_yield           L19-CB1 {'rot': 0.00094}
  t=   6.35  cb_yield           L18-CB0 {'rot': 0.00105}
  t=   6.40  cb_yield           L19-CB0 {'rot': 0.00102}
  t=   6.40  cb_yield           L20-CB1 {'rot': 0.00103}
  t=   6.45  cb_yield           L20-CB0 {'rot': 0.00101}
  t=   6.45  cb_yield           L21-CB1 {'rot': 0.00103}
  t=   6.50  cb_yield           L21-CB0 {'rot': 0.00099}
  t=   6.50  cb_yield           L22-CB1 {'rot': 0.00102}
  t=   6.55  cb_yield           L22-CB0 {'rot': 0.00096}
  t=   6.55  cb_yield           L23-CB1 {'rot': 0.00098}
  t=   8.15  cb_yield           L23-CB0 {'rot': 0.00107}
  t=   8.15  cb_yield           L24-CB0 {'rot': 0.00094}
  t=   9.20  cb_yield           L2-CB2 {'rot': 0.00086}
  t=   9.20  cb_yield           L3-CB2 {'rot': 0.00089}
  t=   9.20  cb_yield           L4-CB2 {'rot': 0.00089}
  t=   9.20  cb_yield           L5-CB2 {'rot': 0.00087}
  t=   9.20  cb_yield           L6-CB2 {'rot': 0.00085}
  t=   9.25  cb_yield           L1-CB2 {'rot': 0.0009}
  t=   9.25  cb_yield           L7-CB2 {'rot': 0.00102}
  t=   9.25  cb_yield           L8-CB2 {'rot': 0.00094}
  t=   9.25  cb_yield           L8-CB3 {'rot': 0.00089}
  t=   9.25  cb_yield           L9-CB2 {'rot': 0.00085}
  t=   9.30  cb_yield           L9-CB3 {'rot': 0.0009}
  t=  10.00  cb_yield           L10-CB2 {'rot': 0.00087}
  t=  10.00  cb_yield           L10-CB3 {'rot': 0.00088}
  progress t=  10.0s  max corner drift so far=0.0033  wall clock=277s
  t=  10.05  cb_yield           L11-CB2 {'rot': 0.00087}
  t=  10.05  cb_yield           L11-CB3 {'rot': 0.00092}
  t=  10.05  cb_yield           L12-CB3 {'rot': 0.00087}
  t=  10.10  cb_yield           L12-CB2 {'rot': 0.00089}
  t=  10.10  cb_yield           L13-CB3 {'rot': 0.00088}
  t=  10.15  cb_yield           L13-CB2 {'rot': 0.0009}
  t=  10.15  cb_yield           L14-CB3 {'rot': 0.00087}
  t=  10.20  cb_yield           L14-CB2 {'rot': 0.00093}
  t=  10.20  cb_yield           L15-CB3 {'rot': 0.00088}
  t=  10.25  cb_yield           L15-CB2 {'rot': 0.00094}
  t=  10.25  cb_yield           L16-CB3 {'rot': 0.00085}
  t=  10.30  cb_yield           L16-CB2 {'rot': 0.00091}
  t=  10.40  cb_yield           L17-CB2 {'rot': 0.00099}
  t=  10.40  cb_yield           L17-CB3 {'rot': 0.001}
  t=  10.45  cb_yield           L18-CB2 {'rot': 0.00097}
  t=  10.45  cb_yield           L18-CB3 {'rot': 0.00097}
  t=  10.50  cb_yield           L19-CB2 {'rot': 0.00099}
  t=  10.50  cb_yield           L19-CB3 {'rot': 0.00099}
  t=  10.55  cb_yield           L20-CB2 {'rot': 0.00101}
  t=  10.55  cb_yield           L20-CB3 {'rot': 0.00098}
  t=  10.55  cb_yield           L21-CB2 {'rot': 0.00095}
  t=  10.60  cb_yield           L21-CB3 {'rot': 0.00102}
  t=  10.60  cb_yield           L22-CB2 {'rot': 0.00103}
  t=  10.60  cb_yield           L22-CB3 {'rot': 0.00098}
  t=  10.60  cb_yield           L23-CB2 {'rot': 0.00096}
  t=  10.65  cb_yield           L23-CB3 {'rot': 0.00096}
  t=  10.65  cb_yield           L24-CB2 {'rot': 0.00095}
  t=  11.90  cb_yield           L25-CB2 {'rot': 0.00094}
  t=  12.40  cb_failure         L6-CB2 {'rot': 0.01505}
  t=  12.40  cb_failure         L7-CB2 {'rot': 0.01517}
  t=  12.40  cb_failure         L8-CB2 {'rot': 0.0149}
  t=  12.45  cb_failure         L5-CB2 {'rot': 0.01621}
  t=  12.45  cb_failure         L9-CB2 {'rot': 0.01568}
  t=  12.50  cb_failure         L4-CB2 {'rot': 0.01585}
  t=  12.50  cb_failure         L10-CB2 {'rot': 0.01525}
  t=  12.60  cb_failure         L3-CB2 {'rot': 0.01495}
  t=  12.65  cb_failure         L11-CB2 {'rot': 0.01522}
  t=  12.85  cb_failure         L12-CB2 {'rot': 0.01537}
  t=  12.95  cb_failure         L13-CB2 {'rot': 0.01625}
  t=  13.00  cb_failure         L14-CB2 {'rot': 0.01638}
  t=  13.05  cb_failure         L15-CB2 {'rot': 0.01697}
  t=  13.05  cb_failure         L16-CB2 {'rot': 0.01544}
  t=  13.20  cb_failure         L17-CB2 {'rot': 0.01531}
  t=  13.20  cb_yield           L24-CB3 {'rot': 0.00095}
  t=  13.30  cb_yield           L25-CB3 {'rot': 0.00109}
  t=  13.35  cb_yield           L26-CB3 {'rot': 0.00101}
  t=  13.40  cb_failure         L18-CB2 {'rot': 0.01596}
  t=  13.40  cb_yield           L26-CB2 {'rot': 0.00111}
  t=  13.45  cb_yield           L27-CB2 {'rot': 0.00101}
  t=  13.45  cb_yield           L27-CB3 {'rot': 0.0011}
  t=  13.50  cb_failure         L19-CB2 {'rot': 0.01536}
  t=  13.50  cb_yield           L28-CB3 {'rot': 0.00095}
  t=  13.55  cb_yield           L28-CB2 {'rot': 0.00106}
  t=  13.60  cb_yield           L24-CB1 {'rot': 0.0011}
  t=  13.60  cb_yield           L25-CB1 {'rot': 0.001}
  t=  13.65  cb_yield           L25-CB0 {'rot': 0.00102}
  t=  13.65  cb_yield           L26-CB1 {'rot': 0.00132}
  t=  13.65  cb_yield           L27-CB1 {'rot': 0.00115}
  t=  13.65  cb_yield           L28-CB1 {'rot': 0.001}
  t=  13.70  cb_yield           L26-CB0 {'rot': 0.00132}
  t=  13.70  cb_yield           L27-CB0 {'rot': 0.00114}
  t=  13.70  cb_yield           L28-CB0 {'rot': 0.00097}
  t=  13.70  cb_yield           L29-CB1 {'rot': 0.00109}
  t=  13.75  cb_yield           L29-CB0 {'rot': 0.00104}
  t=  13.75  cb_yield           L30-CB1 {'rot': 0.00104}
  t=  13.80  cb_yield           L30-CB0 {'rot': 0.00101}
  t=  13.85  cb_yield           L31-CB1 {'rot': 0.00104}
  t=  13.90  cb_yield           L31-CB0 {'rot': 0.00109}
  t=  16.45  cb_yield           L29-CB2 {'rot': 0.00107}
  t=  16.55  cb_yield           L30-CB2 {'rot': 0.00095}
  t=  16.75  cb_yield           L31-CB2 {'rot': 0.00094}
  t=  17.00  cb_failure         L20-CB2 {'rot': 0.01518}
  t=  17.45  cb_yield           L32-CB2 {'rot': 0.00094}
  t=  17.50  cb_failure         L6-CB0 {'rot': 0.01496}
  t=  17.50  cb_failure         L7-CB0 {'rot': 0.0156}
  t=  17.50  cb_failure         L8-CB0 {'rot': 0.01585}
  t=  17.50  cb_failure         L9-CB0 {'rot': 0.01576}
  t=  17.50  cb_failure         L10-CB0 {'rot': 0.01544}
  t=  17.50  cb_failure         L11-CB0 {'rot': 0.01494}
  t=  17.55  cb_failure         L12-CB0 {'rot': 0.01609}
  t=  17.55  cb_failure         L13-CB0 {'rot': 0.01551}
  t=  17.60  cb_failure         L14-CB0 {'rot': 0.01671}
  t=  17.60  cb_failure         L15-CB0 {'rot': 0.01577}
  t=  17.65  cb_failure         L16-CB0 {'rot': 0.01703}
  t=  17.70  cb_failure         L17-CB0 {'rot': 0.01627}
  t=  17.75  cb_failure         L18-CB0 {'rot': 0.01596}
  t=  17.80  cb_failure         L19-CB0 {'rot': 0.01612}
  t=  17.85  cb_failure         L20-CB0 {'rot': 0.01609}
  t=  17.95  cb_failure         L5-CB0 {'rot': 0.01557}
  t=  17.95  cb_failure         L21-CB0 {'rot': 0.01607}
  t=  18.05  cb_failure         L8-CB1 {'rot': 0.015}
  t=  18.05  cb_failure         L9-CB1 {'rot': 0.01553}
  t=  18.05  cb_failure         L10-CB1 {'rot': 0.01591}
  t=  18.05  cb_failure         L11-CB1 {'rot': 0.01618}
  t=  18.05  cb_failure         L12-CB1 {'rot': 0.01637}
  t=  18.05  cb_failure         L13-CB1 {'rot': 0.01644}
  t=  18.05  cb_failure         L14-CB1 {'rot': 0.01635}
  t=  18.05  cb_failure         L15-CB1 {'rot': 0.0161}
  t=  18.05  cb_failure         L16-CB1 {'rot': 0.01564}
  t=  18.10  cb_failure         L4-CB0 {'rot': 0.01512}
  t=  18.10  cb_failure         L6-CB1 {'rot': 0.01501}
  t=  18.10  cb_failure         L7-CB1 {'rot': 0.01615}
  t=  18.10  cb_failure         L17-CB1 {'rot': 0.01541}
  t=  18.15  cb_failure         L5-CB1 {'rot': 0.01518}
  t=  18.25  cb_failure         L4-CB1 {'rot': 0.01571}
  t=  18.25  cb_failure         L8-CB3 {'rot': 0.01542}
  t=  18.25  cb_failure         L9-CB3 {'rot': 0.01576}
  t=  18.25  cb_failure         L10-CB3 {'rot': 0.01572}
  t=  18.25  cb_failure         L11-CB3 {'rot': 0.01535}
  t=  18.30  cb_failure         L3-CB0 {'rot': 0.01568}
  t=  18.30  cb_failure         L6-CB3 {'rot': 0.01582}
  t=  18.30  cb_failure         L7-CB3 {'rot': 0.017}
  t=  18.30  cb_failure         L12-CB3 {'rot': 0.01617}
  t=  18.30  cb_failure         L13-CB3 {'rot': 0.01491}
  t=  18.35  cb_failure         L3-CB1 {'rot': 0.01537}
  t=  18.35  cb_failure         L5-CB3 {'rot': 0.01633}
  t=  18.40  cb_failure         L4-CB3 {'rot': 0.01588}
  t=  18.40  cb_failure         L14-CB3 {'rot': 0.01557}
  t=  18.45  cb_failure         L2-CB0 {'rot': 0.01528}
  t=  18.50  cb_failure         L2-CB1 {'rot': 0.01582}
  t=  18.50  cb_failure         L3-CB3 {'rot': 0.0167}
  t=  18.50  cb_failure         L15-CB3 {'rot': 0.01524}
  t=  18.55  cb_failure         L2-CB2 {'rot': 0.01492}
  t=  18.60  cb_failure         L2-CB3 {'rot': 0.01491}
  t=  18.65  cb_failure         L16-CB3 {'rot': 0.01554}
  t=  18.75  cb_failure         L18-CB1 {'rot': 0.01503}
  t=  18.80  cb_failure         L17-CB3 {'rot': 0.01675}
  t=  18.90  cb_failure         L18-CB3 {'rot': 0.01714}
  t=  18.95  cb_failure         L19-CB1 {'rot': 0.01515}
  t=  18.95  cb_failure         L19-CB3 {'rot': 0.01539}
  t=  19.05  cb_failure         L20-CB3 {'rot': 0.01588}
  t=  19.10  cb_failure         L20-CB1 {'rot': 0.01523}
  t=  19.15  cb_failure         L21-CB2 {'rot': 0.0151}
  t=  19.20  cb_failure         L21-CB3 {'rot': 0.01574}
  t=  19.70  cb_failure         L22-CB2 {'rot': 0.01664}
  t=  19.70  cb_failure         L22-CB3 {'rot': 0.01573}
  t=  19.85  cb_failure         L23-CB2 {'rot': 0.0161}
  t=  19.95  cb_failure         L23-CB3 {'rot': 0.01516}
  progress t=  20.0s  max corner drift so far=0.0197  wall clock=572s
  t=  20.05  cb_yield           L29-CB3 {'rot': 0.00101}
  t=  20.10  cb_yield           L30-CB3 {'rot': 0.00101}
  t=  20.10  cb_yield           L32-CB0 {'rot': 0.00102}
  t=  20.15  cb_yield           L31-CB3 {'rot': 0.00107}
  t=  20.15  cb_yield           L33-CB0 {'rot': 0.00095}
  t=  20.20  cb_yield           L32-CB3 {'rot': 0.00106}
  t=  20.25  cb_failure         L24-CB2 {'rot': 0.01505}
  t=  20.25  cb_yield           L33-CB3 {'rot': 0.0011}
  t=  24.75  cb_yield           L33-CB2 {'rot': 0.00095}
  t=  24.85  cb_yield           L32-CB1 {'rot': 0.00098}
  t=  24.90  cb_yield           L33-CB1 {'rot': 0.00105}
  t=  25.15  cb_failure         L21-CB1 {'rot': 0.01517}
  t=  25.25  cb_failure         L22-CB0 {'rot': 0.01733}
  t=  25.30  cb_failure         L22-CB1 {'rot': 0.01742}
  t=  25.40  cb_failure         L23-CB0 {'rot': 0.0169}
  t=  25.40  cb_failure         L23-CB1 {'rot': 0.01693}
  t=  25.60  cb_failure         L24-CB1 {'rot': 0.01523}
  t=  25.80  cb_failure         L24-CB0 {'rot': 0.01649}
  t=  25.90  cb_failure         L25-CB1 {'rot': 0.0152}
  t=  25.95  cb_failure         L25-CB0 {'rot': 0.0156}
  t=  27.20  cb_failure         L24-CB3 {'rot': 0.01532}
  t=  28.10  cb_failure         L25-CB2 {'rot': 0.01496}
  progress t=  30.0s  max corner drift so far=0.0252  wall clock=881s
  progress t=  40.0s  max corner drift so far=0.0252  wall clock=1176s
  t=  47.60  cb_failure         L25-CB3 {'rot': 0.0166}
  t=  47.75  cb_failure         L26-CB2 {'rot': 0.01617}
  t=  47.75  cb_failure         L26-CB3 {'rot': 0.01585}
  progress t=  50.0s  max corner drift so far=0.0252  wall clock=1470s
  progress t=  60.0s  max corner drift so far=0.0252  wall clock=1750s
  progress t=  70.0s  max corner drift so far=0.0252  wall clock=2042s
  t=  72.10  cb_failure         L26-CB1 {'rot': 0.01566}
  t=  78.05  cb_failure         L26-CB0 {'rot': 0.01572}
  t=  78.55  wall_axial_failure S2-M {'gamma': 0.00097, 'eps': -0.00609, 'cause': 'crushing'}
  t=  78.55  cb_failure         L1-CB3 {'rot': 0.01541}
  t=  78.60  cb_failure         L1-CB0 {'rot': 0.01654}
  t=  78.65  cb_failure         L27-CB1 {'rot': 0.01925}
  t=  78.65  cb_failure         L27-CB3 {'rot': 0.01975}
  t=  78.70  cb_failure         L28-CB3 {'rot': 0.01587}
  t=  78.75  cb_failure         L28-CB1 {'rot': 0.01816}
  t=  79.40  cb_failure         L29-CB1 {'rot': 0.01795}
  t=  79.40  cb_failure         L29-CB3 {'rot': 0.01626}
  t=  79.70  cb_failure         L30-CB3 {'rot': 0.01571}
  t=  79.75  cb_failure         L30-CB1 {'rot': 0.01606}
  t=  79.90  cb_failure         L31-CB3 {'rot': 0.0152}
  t=  79.95  cb_failure         L32-CB3 {'rot': 0.02228}
  t=  79.95  cb_failure         L33-CB3 {'rot': 0.02196}
  t=  80.00  cb_failure         L31-CB1 {'rot': 0.02723}
  t=  80.00  cb_failure         L32-CB1 {'rot': 0.02677}
  t=  80.00  cb_failure         L33-CB1 {'rot': 0.02681}
  progress t=  80.0s  max corner drift so far=0.0252  wall clock=2371s
  t=  80.05  cb_failure         L27-CB0 {'rot': 0.01918}
  t=  80.05  cb_failure         L28-CB0 {'rot': 0.02177}
  t=  80.05  cb_failure         L29-CB0 {'rot': 0.02258}
  t=  80.05  cb_failure         L30-CB0 {'rot': 0.022}
  t=  80.05  cb_failure         L31-CB0 {'rot': 0.02122}
  t=  80.05  cb_failure         L32-CB0 {'rot': 0.02107}
  t=  80.05  cb_failure         L33-CB0 {'rot': 0.02087}
  t=  80.10  cb_failure         L27-CB2 {'rot': 0.02749}
  t=  80.10  cb_failure         L28-CB2 {'rot': 0.02926}
  t=  80.10  cb_failure         L29-CB2 {'rot': 0.0306}
  t=  80.10  cb_failure         L30-CB2 {'rot': 0.03123}
  t=  80.10  cb_failure         L31-CB2 {'rot': 0.03174}
  t=  80.10  cb_failure         L32-CB2 {'rot': 0.03253}
  t=  80.10  cb_failure         L33-CB2 {'rot': 0.03265}
