  t=   6.00  cb_yield           L3-CB1 {'rot': 0.00086}
  t=   6.00  cb_yield           L4-CB1 {'rot': 0.00091}
  t=   6.00  cb_yield           L5-CB1 {'rot': 0.00092}
  t=   6.00  cb_yield           L6-CB1 {'rot': 0.00091}
  t=   6.00  cb_yield           L7-CB1 {'rot': 0.00087}
  t=   6.00  cb_yield           L8-CB1 {'rot': 0.00085}
  t=   6.13  cb_yield           L2-CB1 {'rot': 0.00092}
  t=   6.13  cb_yield           L3-CB0 {'rot': 0.00086}
  t=   6.13  cb_yield           L4-CB0 {'rot': 0.00091}
  t=   6.13  cb_yield           L5-CB0 {'rot': 0.00093}
  t=   6.13  cb_yield           L6-CB0 {'rot': 0.00094}
  t=   6.13  cb_yield           L7-CB0 {'rot': 0.00092}
  t=   6.13  cb_yield           L8-CB0 {'rot': 0.0009}
  t=   6.13  cb_yield           L9-CB0 {'rot': 0.00085}
  t=   6.13  cb_yield           L9-CB1 {'rot': 0.00101}
  t=   6.13  cb_yield           L10-CB1 {'rot': 0.00095}
  t=   6.13  cb_yield           L11-CB1 {'rot': 0.00089}
  t=   6.25  cb_yield           L10-CB0 {'rot': 0.00086}
  t=   6.25  cb_yield           L12-CB1 {'rot': 0.00092}
  t=   6.25  cb_yield           L13-CB1 {'rot': 0.00087}
  t=   6.38  cb_yield           L14-CB1 {'rot': 0.00088}
  t=   6.38  cb_yield           L15-CB1 {'rot': 0.00085}
  t=   7.63  cb_yield           L2-CB0 {'rot': 0.00087}
  t=   7.75  cb_yield           L1-CB0 {'rot': 0.00087}
  t=   7.88  cb_yield           L11-CB0 {'rot': 0.00087}
  progress t=  10.0s  max corner drift so far=0.0025  wall clock=110s
  t=  11.00  cb_yield           L12-CB0 {'rot': 0.00101}
  t=  11.00  cb_yield           L13-CB0 {'rot': 0.00095}
  t=  11.00  cb_yield           L14-CB0 {'rot': 0.00089}
  t=  11.13  cb_yield           L15-CB0 {'rot': 0.00091}
  t=  11.13  cb_yield           L16-CB0 {'rot': 0.00086}
  t=  11.75  cb_yield           L3-CB3 {'rot': 0.00086}
  t=  11.75  cb_yield           L4-CB3 {'rot': 0.00094}
  t=  11.75  cb_yield           L5-CB3 {'rot': 0.00101}
  t=  11.75  cb_yield           L6-CB3 {'rot': 0.00104}
  t=  11.75  cb_yield           L7-CB3 {'rot': 0.00106}
  t=  11.75  cb_yield           L8-CB2 {'rot': 0.00086}
  t=  11.75  cb_yield           L8-CB3 {'rot': 0.00105}
  t=  11.75  cb_yield           L9-CB3 {'rot': 0.00101}
  t=  11.75  cb_yield           L10-CB3 {'rot': 0.00096}
  t=  11.75  cb_yield           L11-CB3 {'rot': 0.00091}
  t=  11.75  cb_yield           L12-CB3 {'rot': 0.00087}
  t=  11.75  cb_yield           L13-CB3 {'rot': 0.00086}
  t=  11.75  cb_yield           L14-CB2 {'rot': 0.00086}
  t=  11.75  cb_yield           L15-CB2 {'rot': 0.00088}
  t=  11.75  cb_yield           L16-CB2 {'rot': 0.00091}
  t=  11.75  cb_yield           L17-CB2 {'rot': 0.00096}
  t=  11.75  cb_yield           L18-CB2 {'rot': 0.00096}
  t=  11.75  cb_yield           L19-CB2 {'rot': 0.00095}
  t=  11.75  cb_yield           L20-CB2 {'rot': 0.00094}
  t=  11.88  cb_yield           L2-CB3 {'rot': 0.00099}
  t=  11.88  cb_yield           L4-CB2 {'rot': 0.00086}
  t=  11.88  cb_yield           L5-CB2 {'rot': 0.00093}
  t=  11.88  cb_yield           L6-CB2 {'rot': 0.00105}
  t=  11.88  cb_yield           L7-CB2 {'rot': 0.0012}
  t=  11.88  cb_yield           L9-CB2 {'rot': 0.00138}
  t=  11.88  cb_yield           L10-CB2 {'rot': 0.00146}
  t=  11.88  cb_yield           L11-CB2 {'rot': 0.00156}
  t=  11.88  cb_yield           L12-CB2 {'rot': 0.00167}
  t=  11.88  cb_yield           L13-CB2 {'rot': 0.00179}
  t=  11.88  cb_yield           L14-CB3 {'rot': 0.00101}
  t=  11.88  cb_yield           L15-CB3 {'rot': 0.00097}
  t=  11.88  cb_yield           L16-CB3 {'rot': 0.00093}
  t=  11.88  cb_yield           L17-CB3 {'rot': 0.00094}
  t=  11.88  cb_yield           L21-CB2 {'rot': 0.00171}
  t=  11.88  cb_yield           L22-CB2 {'rot': 0.00154}
  t=  11.88  cb_yield           L23-CB2 {'rot': 0.00135}
  t=  11.88  cb_yield           L24-CB2 {'rot': 0.00116}
  t=  11.88  cb_yield           L25-CB2 {'rot': 0.00096}
  t=  12.00  cb_yield           L1-CB3 {'rot': 0.0009}
  t=  12.00  cb_yield           L2-CB2 {'rot': 0.00102}
  t=  12.00  cb_yield           L3-CB2 {'rot': 0.00126}
  t=  12.00  cb_yield           L18-CB3 {'rot': 0.00103}
  t=  12.00  cb_yield           L19-CB3 {'rot': 0.00097}
  t=  12.13  cb_yield           L1-CB2 {'rot': 0.00126}
  t=  13.25  cb_yield           L1-CB1 {'rot': 0.00094}
  t=  15.38  cb_yield           L17-CB0 {'rot': 0.00096}
  t=  15.50  cb_yield           L18-CB0 {'rot': 0.00106}
  t=  15.50  cb_yield           L19-CB0 {'rot': 0.00099}
  t=  16.00  cb_yield           L20-CB0 {'rot': 0.00124}
  t=  16.00  cb_yield           L21-CB0 {'rot': 0.00109}
  t=  16.00  cb_yield           L22-CB0 {'rot': 0.00098}
  t=  16.13  cb_yield           L16-CB1 {'rot': 0.00105}
  t=  16.13  cb_yield           L17-CB1 {'rot': 0.00104}
  t=  16.13  cb_yield           L18-CB1 {'rot': 0.00095}
  t=  16.13  cb_yield           L23-CB0 {'rot': 0.00136}
  t=  16.13  cb_yield           L24-CB0 {'rot': 0.00114}
  t=  16.13  cb_yield           L25-CB0 {'rot': 0.00094}
  t=  16.25  cb_yield           L19-CB1 {'rot': 0.00116}
  t=  16.25  cb_yield           L20-CB1 {'rot': 0.00102}
  t=  18.63  cb_yield           L20-CB3 {'rot': 0.0012}
  t=  18.63  cb_yield           L21-CB3 {'rot': 0.00099}
  t=  18.63  cb_yield           L26-CB2 {'rot': 0.00095}
  t=  18.75  cb_yield           L22-CB3 {'rot': 0.0011}
  t=  18.75  cb_yield           L23-CB3 {'rot': 0.00095}
  t=  18.87  cb_yield           L27-CB2 {'rot': 0.00097}
  t=  19.62  cb_yield           L21-CB1 {'rot': 0.00135}
  t=  19.62  cb_yield           L22-CB1 {'rot': 0.0014}
  t=  19.62  cb_yield           L23-CB1 {'rot': 0.00138}
  t=  19.62  cb_yield           L24-CB1 {'rot': 0.0013}
  t=  19.62  cb_yield           L25-CB1 {'rot': 0.00118}
  t=  19.62  cb_yield           L26-CB1 {'rot': 0.00107}
  t=  19.62  cb_yield           L27-CB1 {'rot': 0.00095}
  t=  19.75  cb_yield           L26-CB0 {'rot': 0.00095}
  progress t=  20.0s  max corner drift so far=0.0085  wall clock=245s
  t=  22.12  cb_yield           L24-CB3 {'rot': 0.00103}
  t=  22.25  cb_yield           L25-CB3 {'rot': 0.00107}
  t=  22.37  cb_yield           L26-CB3 {'rot': 0.00099}
  t=  26.50  cb_yield           L27-CB0 {'rot': 0.00115}
  t=  26.50  cb_yield           L28-CB1 {'rot': 0.00101}
  progress t=  30.0s  max corner drift so far=0.0085  wall clock=378s
  progress t=  40.0s  max corner drift so far=0.0085  wall clock=513s
  progress t=  50.0s  max corner drift so far=0.0085  wall clock=637s
  t=  53.50  cb_failure         L5-CB0 {'rot': 0.01663}
  t=  53.50  cb_failure         L5-CB1 {'rot': 0.01618}
  t=  53.50  cb_failure         L6-CB0 {'rot': 0.01766}
  t=  53.50  cb_failure         L6-CB1 {'rot': 0.01705}
  t=  53.50  cb_failure         L7-CB0 {'rot': 0.01789}
  t=  53.50  cb_failure         L7-CB1 {'rot': 0.0171}
  t=  53.50  cb_failure         L8-CB0 {'rot': 0.01736}
  t=  53.50  cb_failure         L8-CB1 {'rot': 0.01612}
  t=  53.50  cb_failure         L9-CB0 {'rot': 0.01612}
  t=  53.62  cb_failure         L4-CB0 {'rot': 0.01524}
  t=  53.62  cb_failure         L4-CB1 {'rot': 0.01558}
  t=  53.62  cb_failure         L5-CB3 {'rot': 0.01561}
  t=  53.62  cb_failure         L6-CB3 {'rot': 0.01685}
  t=  53.62  cb_failure         L7-CB3 {'rot': 0.01727}
  t=  53.62  cb_failure         L8-CB3 {'rot': 0.01694}
  t=  53.62  cb_failure         L9-CB1 {'rot': 0.01904}
  t=  53.62  cb_failure         L9-CB3 {'rot': 0.01568}
  t=  53.62  cb_failure         L10-CB0 {'rot': 0.01845}
  t=  53.62  cb_failure         L10-CB1 {'rot': 0.01695}
  t=  53.62  cb_failure         L11-CB0 {'rot': 0.01607}
  t=  53.75  cb_failure         L6-CB2 {'rot': 0.01532}
  t=  53.75  cb_failure         L7-CB2 {'rot': 0.01566}
  t=  53.75  cb_failure         L8-CB2 {'rot': 0.01529}
  t=  53.75  cb_failure         L10-CB3 {'rot': 0.01585}
  t=  53.75  cb_failure         L11-CB1 {'rot': 0.01672}
  t=  53.75  cb_failure         L12-CB0 {'rot': 0.01544}
  t=  53.87  cb_failure         L9-CB2 {'rot': 0.01503}
  t=  58.00  cb_failure         L12-CB1 {'rot': 0.01497}
  t=  58.12  cb_failure         L13-CB0 {'rot': 0.01554}
  t=  58.25  cb_failure         L13-CB1 {'rot': 0.01487}
  t=  58.37  cb_failure         L14-CB0 {'rot': 0.01519}
  progress t=  60.0s  max corner drift so far=0.0100  wall clock=778s
  progress t=  70.0s  max corner drift so far=0.0100  wall clock=913s
  t=  72.62  cb_yield           L28-CB0 {'rot': 0.00125}
  t=  72.75  cb_yield           L29-CB0 {'rot': 0.00104}
  t=  72.75  cb_yield           L29-CB1 {'rot': 0.00097}
  t=  73.00  cb_failure         L3-CB0 {'rot': 0.01646}
  t=  73.00  cb_failure         L3-CB1 {'rot': 0.01952}
  t=  73.00  cb_failure         L14-CB1 {'rot': 0.01702}
  t=  73.12  cb_failure         L2-CB1 {'rot': 0.01766}
  t=  73.12  cb_failure         L3-CB3 {'rot': 0.0152}
  t=  73.12  cb_failure         L4-CB2 {'rot': 0.01678}
  t=  73.12  cb_failure         L4-CB3 {'rot': 0.01864}
  t=  73.12  cb_failure         L5-CB2 {'rot': 0.01902}
  t=  73.12  cb_failure         L10-CB2 {'rot': 0.01695}
  t=  73.12  cb_failure         L11-CB3 {'rot': 0.01861}
  t=  73.12  cb_failure         L12-CB3 {'rot': 0.01565}
  t=  73.12  cb_failure         L15-CB0 {'rot': 0.01508}
  t=  73.12  cb_failure         L15-CB1 {'rot': 0.01581}
  t=  73.25  cb_failure         L2-CB0 {'rot': 0.01808}
  t=  73.25  cb_failure         L3-CB2 {'rot': 0.01749}
  t=  73.25  cb_failure         L11-CB2 {'rot': 0.01975}
  t=  73.25  cb_failure         L12-CB2 {'rot': 0.01663}
  t=  73.25  cb_failure         L13-CB3 {'rot': 0.01521}
  t=  73.37  cb_failure         L2-CB2 {'rot': 0.01587}
  t=  73.37  cb_failure         L2-CB3 {'rot': 0.01679}
  t=  73.37  cb_failure         L13-CB2 {'rot': 0.01608}
  t=  73.50  cb_failure         L1-CB1 {'rot': 0.01537}
  t=  73.50  cb_failure         L14-CB3 {'rot': 0.0156}
  t=  73.62  cb_failure         L14-CB2 {'rot': 0.01813}
  t=  73.62  cb_failure         L16-CB1 {'rot': 0.01499}
  t=  73.75  cb_failure         L15-CB2 {'rot': 0.01757}
  t=  73.75  cb_failure         L15-CB3 {'rot': 0.01837}
  t=  73.75  cb_failure         L16-CB0 {'rot': 0.01637}
  t=  73.87  cb_failure         L16-CB2 {'rot': 0.01786}
  t=  73.87  cb_failure         L16-CB3 {'rot': 0.01831}
  t=  74.00  cb_failure         L17-CB0 {'rot': 0.01656}
  t=  74.00  cb_failure         L17-CB1 {'rot': 0.01707}
  t=  74.00  cb_failure         L17-CB2 {'rot': 0.01652}
  t=  74.00  cb_failure         L17-CB3 {'rot': 0.01684}
  t=  74.25  cb_failure         L18-CB0 {'rot': 0.01516}
  t=  74.25  cb_failure         L18-CB1 {'rot': 0.01502}
  t=  74.25  cb_failure         L18-CB2 {'rot': 0.01723}
  t=  74.25  cb_failure         L18-CB3 {'rot': 0.01723}
  t=  74.75  cb_failure         L19-CB2 {'rot': 0.01527}
  t=  74.87  cb_failure         L19-CB3 {'rot': 0.01583}
  t=  74.87  cb_yield           L27-CB3 {'rot': 0.00126}
  t=  74.87  cb_yield           L28-CB3 {'rot': 0.00096}
  t=  75.00  cb_yield           L28-CB2 {'rot': 0.00113}
  t=  75.12  cb_yield           L29-CB3 {'rot': 0.00096}
  t=  79.63  cb_failure         L19-CB0 {'rot': 0.01643}
  t=  79.63  cb_yield           L30-CB0 {'rot': 0.00117}
  t=  79.75  cb_failure         L19-CB1 {'rot': 0.01868}
  t=  79.75  cb_failure         L20-CB0 {'rot': 0.01658}
  t=  79.75  cb_failure         L20-CB1 {'rot': 0.01618}
  t=  79.75  cb_yield           L31-CB0 {'rot': 0.00111}
  t=  79.88  cb_failure         L21-CB0 {'rot': 0.0164}
  t=  79.88  cb_failure         L21-CB1 {'rot': 0.01677}
  t=  79.88  cb_yield           L30-CB1 {'rot': 0.00104}
  t=  79.88  cb_yield           L32-CB0 {'rot': 0.00096}
  t=  80.00  cb_failure         L22-CB0 {'rot': 0.01535}
  t=  80.00  cb_failure         L22-CB1 {'rot': 0.01577}
  t=  80.00  cb_yield           L30-CB3 {'rot': 0.00104}
  t=  80.00  cb_yield           L31-CB1 {'rot': 0.001}
  t=  80.00  cb_yield           L31-CB3 {'rot': 0.00097}
  t=  80.00  cb_yield           L33-CB0 {'rot': 0.00098}
  progress t=  80.0s  max corner drift so far=0.0139  wall clock=1064s
  t=  80.13  cb_yield           L32-CB1 {'rot': 0.00097}
  t=  80.38  cb_failure         L1-CB0 {'rot': 0.01596}
  t=  80.63  cb_failure         L20-CB3 {'rot': 0.01564}
  t=  80.75  cb_failure         L20-CB2 {'rot': 0.01775}
  t=  80.88  cb_failure         L21-CB2 {'rot': 0.01838}
  t=  80.88  cb_failure         L21-CB3 {'rot': 0.01948}
  t=  81.00  cb_failure         L1-CB2 {'rot': 0.0149}
  t=  81.00  cb_failure         L22-CB2 {'rot': 0.01924}
  t=  81.00  cb_failure         L22-CB3 {'rot': 0.02059}
  t=  81.13  cb_failure         L1-CB3 {'rot': 0.01561}
  t=  81.13  cb_failure         L23-CB0 {'rot': 0.01602}
  t=  81.13  cb_failure         L23-CB1 {'rot': 0.01708}
  t=  81.13  cb_failure         L23-CB2 {'rot': 0.01872}
  t=  81.13  cb_failure         L23-CB3 {'rot': 0.02032}
  t=  81.25  cb_failure         L24-CB2 {'rot': 0.01584}
  t=  81.25  cb_failure         L24-CB3 {'rot': 0.01743}
  t=  81.38  cb_yield           L29-CB2 {'rot': 0.0013}
  t=  81.50  cb_failure         L24-CB1 {'rot': 0.01549}
  t=  81.50  cb_failure         L25-CB3 {'rot': 0.01571}
  t=  81.50  cb_yield           L30-CB2 {'rot': 0.00108}
  t=  81.63  cb_failure         L25-CB2 {'rot': 0.01509}
  t=  82.50  cb_yield           L31-CB2 {'rot': 0.00105}
  t=  83.00  cb_failure         L26-CB3 {'rot': 0.01529}
  t=  83.00  cb_yield           L32-CB2 {'rot': 0.00096}
  t=  86.63  cb_failure         L24-CB0 {'rot': 0.01602}
  t=  86.75  cb_failure         L25-CB0 {'rot': 0.01545}
  t=  86.75  cb_failure         L25-CB1 {'rot': 0.01631}
  t=  86.88  cb_failure         L26-CB0 {'rot': 0.01511}
  t=  86.88  cb_failure         L26-CB1 {'rot': 0.01606}
  t=  87.00  cb_yield           L32-CB3 {'rot': 0.0011}
  t=  87.00  cb_yield           L33-CB1 {'rot': 0.00149}
  t=  87.00  cb_yield           L33-CB3 {'rot': 0.00108}
  t=  87.13  cb_failure         L27-CB0 {'rot': 0.01562}
  t=  87.13  cb_failure         L27-CB1 {'rot': 0.01654}
  t=  87.38  cb_failure         L28-CB1 {'rot': 0.01561}
  t=  89.88  cb_failure         L26-CB2 {'rot': 0.01611}
  t=  90.00  cb_failure         L27-CB3 {'rot': 0.01607}
  progress t=  90.0s  max corner drift so far=0.0212  wall clock=1238s
  t=  91.50  cb_yield           L33-CB2 {'rot': 0.00095}
  t=  93.75  cb_failure         L28-CB0 {'rot': 0.0154}
  t=  94.25  cb_failure         L29-CB1 {'rot': 0.01495}
  t=  94.63  cb_failure         L29-CB0 {'rot': 0.0152}
  t=  94.88  cb_failure         L30-CB1 {'rot': 0.01528}
  progress t= 100.0s  max corner drift so far=0.0212  wall clock=1400s
  progress t= 110.0s  max corner drift so far=0.0212  wall clock=1548s
  progress t= 120.0s  max corner drift so far=0.0212  wall clock=1683s
