  t=   3.62  cb_yield           L4-CB3 {'rot': 0.00085}
  t=   3.62  cb_yield           L5-CB3 {'rot': 0.00089}
  t=   3.62  cb_yield           L6-CB3 {'rot': 0.00093}
  t=   3.62  cb_yield           L7-CB3 {'rot': 0.00095}
  t=   3.62  cb_yield           L8-CB3 {'rot': 0.00096}
  t=   3.62  cb_yield           L9-CB3 {'rot': 0.00097}
  t=   3.62  cb_yield           L10-CB3 {'rot': 0.00096}
  t=   3.62  cb_yield           L11-CB3 {'rot': 0.00095}
  t=   3.62  cb_yield           L12-CB3 {'rot': 0.00095}
  t=   3.62  cb_yield           L13-CB3 {'rot': 0.00094}
  t=   3.62  cb_yield           L14-CB3 {'rot': 0.00092}
  t=   3.62  cb_yield           L15-CB3 {'rot': 0.0009}
  t=   3.62  cb_yield           L16-CB3 {'rot': 0.00087}
  t=   3.75  cb_yield           L1-CB3 {'rot': 0.00089}
  t=   3.75  cb_yield           L2-CB3 {'rot': 0.00107}
  t=   3.75  cb_yield           L3-CB3 {'rot': 0.00116}
  t=   3.75  cb_yield           L5-CB2 {'rot': 0.00085}
  t=   3.75  cb_yield           L6-CB2 {'rot': 0.00085}
  t=   3.75  cb_yield           L7-CB2 {'rot': 0.00086}
  t=   3.75  cb_yield           L8-CB2 {'rot': 0.00087}
  t=   3.87  cb_yield           L2-CB2 {'rot': 0.00094}
  t=   3.87  cb_yield           L3-CB2 {'rot': 0.00098}
  t=   3.87  cb_yield           L4-CB2 {'rot': 0.00098}
  t=   3.87  cb_yield           L9-CB2 {'rot': 0.00092}
  t=   3.87  cb_yield           L10-CB2 {'rot': 0.00089}
  t=   3.87  cb_yield           L11-CB2 {'rot': 0.00087}
  t=   4.00  cb_yield           L1-CB2 {'rot': 0.00112}
  t=   4.12  cb_yield           L1-CB1 {'rot': 0.00093}
  t=   4.12  cb_yield           L2-CB1 {'rot': 0.00095}
  t=   4.12  cb_yield           L3-CB1 {'rot': 0.00093}
  t=   4.12  cb_yield           L4-CB1 {'rot': 0.00088}
  t=   4.25  cb_yield           L5-CB1 {'rot': 0.001}
  t=   4.25  cb_yield           L6-CB1 {'rot': 0.00093}
  t=   4.25  cb_yield           L7-CB1 {'rot': 0.00086}
  t=   4.37  cb_yield           L8-CB1 {'rot': 0.00088}
  t=   4.50  cb_yield           L9-CB1 {'rot': 0.00089}
  t=   4.75  cb_yield           L2-CB0 {'rot': 0.00086}
  t=   4.75  cb_yield           L3-CB0 {'rot': 0.00093}
  t=   4.75  cb_yield           L4-CB0 {'rot': 0.00097}
  t=   4.75  cb_yield           L5-CB0 {'rot': 0.00097}
  t=   4.75  cb_yield           L6-CB0 {'rot': 0.00095}
  t=   4.75  cb_yield           L7-CB0 {'rot': 0.00095}
  t=   4.75  cb_yield           L8-CB0 {'rot': 0.00092}
  t=   4.75  cb_yield           L9-CB0 {'rot': 0.00087}
  t=   4.75  cb_yield           L10-CB1 {'rot': 0.00085}
  t=   4.88  cb_yield           L1-CB0 {'rot': 0.00087}
  t=   4.88  cb_yield           L10-CB0 {'rot': 0.00133}
  t=   4.88  cb_yield           L11-CB0 {'rot': 0.00123}
  t=   4.88  cb_yield           L11-CB1 {'rot': 0.00093}
  t=   4.88  cb_yield           L12-CB0 {'rot': 0.00115}
  t=   4.88  cb_yield           L12-CB1 {'rot': 0.00087}
  t=   4.88  cb_yield           L13-CB0 {'rot': 0.00107}
  t=   4.88  cb_yield           L14-CB0 {'rot': 0.00098}
  t=   4.88  cb_yield           L15-CB0 {'rot': 0.0009}
  t=   5.00  cb_yield           L13-CB1 {'rot': 0.00089}
  t=   5.00  cb_yield           L16-CB0 {'rot': 0.0009}
  t=   5.25  cb_yield           L14-CB1 {'rot': 0.00091}
  t=   5.25  cb_yield           L17-CB0 {'rot': 0.00107}
  t=   5.38  cb_yield           L18-CB0 {'rot': 0.00101}
  t=   5.50  cb_yield           L19-CB0 {'rot': 0.00102}
  t=   5.63  cb_yield           L20-CB0 {'rot': 0.00099}
  t=   6.63  cb_yield           L15-CB1 {'rot': 0.00093}
  t=   6.63  cb_yield           L16-CB1 {'rot': 0.00085}
  t=   6.75  cb_yield           L17-CB1 {'rot': 0.00116}
  t=   6.75  cb_yield           L18-CB1 {'rot': 0.00103}
  t=   6.88  cb_yield           L19-CB1 {'rot': 0.00119}
  t=   6.88  cb_yield           L20-CB1 {'rot': 0.00104}
  t=   7.00  cb_yield           L21-CB1 {'rot': 0.00106}
  t=   8.13  cb_yield           L21-CB0 {'rot': 0.00099}
  t=   8.13  cb_yield           L22-CB0 {'rot': 0.00094}
  t=   8.13  cb_yield           L22-CB1 {'rot': 0.00098}
  t=   9.38  cb_yield           L18-CB2 {'rot': 0.00097}
  t=   9.38  cb_yield           L19-CB2 {'rot': 0.00104}
  t=   9.38  cb_yield           L20-CB2 {'rot': 0.00109}
  t=   9.38  cb_yield           L21-CB2 {'rot': 0.0011}
  t=   9.38  cb_yield           L22-CB2 {'rot': 0.00108}
  t=   9.38  cb_yield           L23-CB2 {'rot': 0.00102}
  t=   9.50  cb_yield           L16-CB2 {'rot': 0.00098}
  t=   9.50  cb_yield           L17-CB2 {'rot': 0.00122}
  t=   9.50  cb_yield           L24-CB2 {'rot': 0.0011}
  t=   9.50  cb_yield           L25-CB2 {'rot': 0.00097}
  t=  10.00  cb_yield           L12-CB2 {'rot': 0.00105}
  t=  10.00  cb_yield           L13-CB2 {'rot': 0.00091}
  progress t=  10.0s  max corner drift so far=0.0031  wall clock=150s
  t=  10.88  cb_yield           L23-CB0 {'rot': 0.001}
  t=  10.88  cb_yield           L23-CB1 {'rot': 0.00104}
  t=  11.00  cb_yield           L24-CB0 {'rot': 0.00184}
  t=  11.00  cb_yield           L24-CB1 {'rot': 0.00242}
  t=  11.00  cb_yield           L25-CB0 {'rot': 0.00146}
  t=  11.00  cb_yield           L25-CB1 {'rot': 0.00197}
  t=  11.00  cb_yield           L26-CB0 {'rot': 0.00117}
  t=  11.00  cb_yield           L26-CB1 {'rot': 0.00157}
  t=  11.00  cb_yield           L27-CB1 {'rot': 0.00121}
  t=  11.00  cb_yield           L28-CB1 {'rot': 0.00095}
  t=  11.13  cb_failure         L7-CB1 {'rot': 0.01517}
  t=  11.13  cb_failure         L8-CB1 {'rot': 0.01526}
  t=  11.13  cb_failure         L9-CB1 {'rot': 0.01508}
  t=  11.13  cb_yield           L17-CB3 {'rot': 0.00336}
  t=  11.13  cb_yield           L18-CB3 {'rot': 0.00252}
  t=  11.13  cb_yield           L19-CB3 {'rot': 0.00178}
  t=  11.13  cb_yield           L20-CB3 {'rot': 0.00126}
  t=  11.13  cb_yield           L21-CB3 {'rot': 0.00096}
  t=  11.13  cb_yield           L27-CB0 {'rot': 0.0012}
  t=  11.13  cb_yield           L28-CB0 {'rot': 0.00095}
  t=  11.13  cb_yield           L29-CB1 {'rot': 0.00144}
  t=  11.13  cb_yield           L30-CB1 {'rot': 0.00101}
  t=  11.25  cb_failure         L4-CB1 {'rot': 0.01489}
  t=  11.25  cb_failure         L5-CB1 {'rot': 0.01761}
  t=  11.25  cb_failure         L5-CB3 {'rot': 0.01557}
  t=  11.25  cb_failure         L6-CB1 {'rot': 0.01961}
  t=  11.25  cb_failure         L6-CB3 {'rot': 0.01718}
  t=  11.25  cb_failure         L7-CB3 {'rot': 0.01817}
  t=  11.25  cb_failure         L8-CB3 {'rot': 0.01862}
  t=  11.25  cb_failure         L9-CB3 {'rot': 0.01865}
  t=  11.25  cb_failure         L10-CB1 {'rot': 0.02253}
  t=  11.25  cb_failure         L10-CB3 {'rot': 0.01836}
  t=  11.25  cb_failure         L11-CB1 {'rot': 0.02236}
  t=  11.25  cb_failure         L11-CB3 {'rot': 0.01778}
  t=  11.25  cb_failure         L12-CB1 {'rot': 0.02195}
  t=  11.25  cb_failure         L12-CB3 {'rot': 0.01693}
  t=  11.25  cb_failure         L13-CB1 {'rot': 0.02131}
  t=  11.25  cb_failure         L13-CB3 {'rot': 0.01585}
  t=  11.25  cb_failure         L14-CB1 {'rot': 0.02045}
  t=  11.25  cb_failure         L15-CB1 {'rot': 0.01942}
  t=  11.25  cb_failure         L16-CB1 {'rot': 0.01828}
  t=  11.25  cb_failure         L17-CB1 {'rot': 0.01674}
  t=  11.25  cb_failure         L18-CB1 {'rot': 0.0151}
  t=  11.25  cb_yield           L22-CB3 {'rot': 0.0019}
  t=  11.25  cb_yield           L23-CB3 {'rot': 0.00125}
  t=  11.25  cb_yield           L31-CB1 {'rot': 0.00102}
  t=  11.38  cb_yield           L14-CB2 {'rot': 0.00401}
  t=  11.38  cb_failure         L14-CB3 {'rot': 0.02237}
  t=  11.38  cb_yield           L15-CB2 {'rot': 0.00353}
  t=  11.38  cb_failure         L15-CB3 {'rot': 0.02131}
  t=  11.38  cb_failure         L16-CB3 {'rot': 0.01999}
  t=  11.38  cb_failure         L17-CB3 {'rot': 0.018}
  t=  11.38  cb_failure         L18-CB3 {'rot': 0.01565}
  t=  11.38  cb_failure         L19-CB1 {'rot': 0.01878}
  t=  11.38  cb_yield           L24-CB3 {'rot': 0.00095}
  t=  11.50  cb_failure         L5-CB0 {'rot': 0.01719}
  t=  11.50  cb_failure         L6-CB0 {'rot': 0.02116}
  t=  11.50  cb_failure         L7-CB0 {'rot': 0.02458}
  t=  11.50  cb_failure         L7-CB2 {'rot': 0.01668}
  t=  11.50  cb_failure         L8-CB0 {'rot': 0.02732}
  t=  11.50  cb_failure         L8-CB2 {'rot': 0.0189}
  t=  11.50  cb_failure         L9-CB0 {'rot': 0.02967}
  t=  11.50  cb_failure         L9-CB2 {'rot': 0.02058}
  t=  11.50  cb_failure         L10-CB0 {'rot': 0.03124}
  t=  11.50  cb_failure         L10-CB2 {'rot': 0.02185}
  t=  11.50  cb_failure         L11-CB0 {'rot': 0.0323}
  t=  11.50  cb_failure         L11-CB2 {'rot': 0.02277}
  t=  11.50  cb_failure         L12-CB0 {'rot': 0.03295}
  t=  11.50  cb_failure         L12-CB2 {'rot': 0.02339}
  t=  11.50  cb_failure         L13-CB0 {'rot': 0.03319}
  t=  11.50  cb_failure         L13-CB2 {'rot': 0.02365}
  t=  11.50  cb_failure         L14-CB0 {'rot': 0.03302}
  t=  11.50  cb_failure         L14-CB2 {'rot': 0.02355}
  t=  11.50  cb_failure         L15-CB0 {'rot': 0.03234}
  t=  11.50  cb_failure         L15-CB2 {'rot': 0.02302}
  t=  11.50  cb_failure         L16-CB0 {'rot': 0.03112}
  t=  11.50  cb_failure         L16-CB2 {'rot': 0.02203}
  t=  11.50  cb_failure         L17-CB0 {'rot': 0.02824}
  t=  11.50  cb_failure         L17-CB2 {'rot': 0.01965}
  t=  11.50  cb_failure         L18-CB0 {'rot': 0.0243}
  t=  11.50  cb_failure         L18-CB2 {'rot': 0.01649}
  t=  11.50  cb_failure         L19-CB0 {'rot': 0.01794}
  t=  11.50  cb_failure         L20-CB1 {'rot': 0.01571}
  t=  11.50  cb_yield           L25-CB3 {'rot': 0.00109}
  t=  11.63  cb_failure         L19-CB2 {'rot': 0.01707}
  t=  11.63  cb_failure         L19-CB3 {'rot': 0.01901}
  t=  11.75  cb_failure         L20-CB0 {'rot': 0.01735}
  t=  11.75  cb_failure         L20-CB3 {'rot': 0.01534}
  t=  14.25  cb_yield           L26-CB2 {'rot': 0.00131}
  t=  14.25  cb_yield           L26-CB3 {'rot': 0.00127}
  t=  14.25  cb_yield           L27-CB2 {'rot': 0.00111}
  t=  14.25  cb_yield           L27-CB3 {'rot': 0.00103}
  t=  14.25  cb_yield           L28-CB2 {'rot': 0.00094}
  t=  14.38  cb_yield           L28-CB3 {'rot': 0.00113}
  t=  14.38  cb_yield           L29-CB2 {'rot': 0.00095}
  t=  14.50  cb_yield           L29-CB3 {'rot': 0.00103}
  t=  16.13  cb_yield           L29-CB0 {'rot': 0.0014}
  t=  16.13  cb_yield           L30-CB0 {'rot': 0.00096}
  t=  16.38  cb_failure         L4-CB3 {'rot': 0.01589}
  t=  16.38  cb_failure         L5-CB2 {'rot': 0.01507}
  t=  16.38  cb_failure         L6-CB2 {'rot': 0.01644}
  t=  16.50  cb_failure         L4-CB2 {'rot': 0.01623}
  t=  16.63  cb_failure         L3-CB2 {'rot': 0.01605}
  t=  16.63  cb_failure         L3-CB3 {'rot': 0.01682}
  t=  16.88  cb_failure         L2-CB2 {'rot': 0.01641}
  t=  16.88  cb_failure         L2-CB3 {'rot': 0.01643}
  t=  16.88  cb_failure         L20-CB2 {'rot': 0.0211}
  t=  17.00  cb_failure         L3-CB0 {'rot': 0.01488}
  t=  17.00  cb_failure         L4-CB0 {'rot': 0.01904}
  t=  17.00  cb_failure         L21-CB2 {'rot': 0.01891}
  t=  17.00  cb_failure         L21-CB3 {'rot': 0.01672}
  t=  17.13  cb_failure         L2-CB0 {'rot': 0.01874}
  t=  17.13  cb_failure         L3-CB1 {'rot': 0.01826}
  t=  17.13  cb_failure         L22-CB2 {'rot': 0.0153}
  t=  17.13  cb_yield           L30-CB3 {'rot': 0.00111}
  t=  17.13  cb_yield           L31-CB0 {'rot': 0.00115}
  t=  17.13  cb_yield           L32-CB0 {'rot': 0.00097}
  t=  17.25  cb_failure         L2-CB1 {'rot': 0.02136}
  t=  17.25  cb_failure         L22-CB3 {'rot': 0.01707}
  t=  17.25  cb_yield           L31-CB3 {'rot': 0.00143}
  t=  17.25  cb_yield           L32-CB3 {'rot': 0.00116}
  t=  17.25  cb_yield           L33-CB0 {'rot': 0.00121}
  t=  17.25  cb_yield           L33-CB3 {'rot': 0.001}
  t=  17.33  wall_axial_failure S2-M {'gamma': 0.00084, 'eps': -0.00674, 'cause': 'crushing'}
  t=  17.38  cb_failure         L21-CB1 {'rot': 0.02035}
  t=  17.38  cb_failure         L23-CB3 {'rot': 0.01654}
  t=  17.43  wall_axial_failure S2-R {'gamma': 0.00214, 'eps': -0.0077, 'cause': 'crushing'}
  t=  17.50  cb_failure         L22-CB1 {'rot': 0.05095}
  t=  17.50  cb_failure         L23-CB1 {'rot': 0.04166}
  t=  17.50  cb_failure         L24-CB1 {'rot': 0.03263}
  t=  17.50  cb_failure         L24-CB3 {'rot': 0.04421}
  t=  17.50  cb_failure         L25-CB1 {'rot': 0.02359}
  t=  17.50  cb_failure         L25-CB3 {'rot': 0.03346}
  t=  17.50  cb_failure         L26-CB3 {'rot': 0.02216}
  t=  17.63  cb_failure         L1-CB1 {'rot': 0.01528}
  t=  17.63  cb_failure         L26-CB1 {'rot': 0.1072}
  t=  17.63  cb_failure         L27-CB1 {'rot': 0.09529}
  t=  17.63  cb_failure         L27-CB3 {'rot': 0.09685}
  t=  17.63  cb_failure         L28-CB1 {'rot': 0.08149}
  t=  17.63  cb_failure         L28-CB3 {'rot': 0.08246}
  t=  17.63  cb_failure         L29-CB1 {'rot': 0.06422}
  t=  17.63  cb_failure         L29-CB3 {'rot': 0.06533}
  t=  17.63  cb_failure         L30-CB1 {'rot': 0.04407}
  t=  17.63  cb_failure         L30-CB3 {'rot': 0.04551}
  t=  17.63  cb_failure         L31-CB1 {'rot': 0.02102}
  t=  17.63  cb_failure         L31-CB3 {'rot': 0.02257}
  t=  17.63  cb_yield           L32-CB1 {'rot': 0.00792}
  t=  17.63  cb_yield           L33-CB1 {'rot': 0.00308}
  t=  17.63  cb_yield           L33-CB2 {'rot': 0.00094}
  t= 17.625  solver fallback: 4 sub-steps
  t=  17.68  wall_axial_failure S33-M {'gamma': 0.00172, 'eps': -0.01055, 'cause': 'crushing'}
  t= 17.700  solver fallback: 4 sub-steps
  t=  17.75  punching           L3-corecL33 {'drift': np.float64(0.0093), 'vg_vc': 0.681, 'conn': 'wall'}
  t=  17.75  punching           L4-corecL33 {'drift': np.float64(0.0112), 'vg_vc': 0.649, 'conn': 'wall'}
  t=  17.75  punching           L4-corecR33 {'drift': np.float64(0.0129), 'vg_vc': 0.569, 'conn': 'wall'}
  t=  17.75  punching           L5-corecF14 {'drift': np.float64(0.0127), 'vg_vc': 0.577, 'conn': 'wall'}
  t=  17.75  punching           L5-corecF24 {'drift': np.float64(0.0138), 'vg_vc': 0.616, 'conn': 'wall'}
  t=  17.75  punching           L6-corecF14 {'drift': np.float64(0.014), 'vg_vc': 0.709, 'conn': 'wall'}
  t=  17.75  punching           L6-corecF24 {'drift': np.float64(0.0152), 'vg_vc': 0.759, 'conn': 'wall'}
  t=  17.75  punching           L7-corecL33 {'drift': np.float64(0.0151), 'vg_vc': 0.505, 'conn': 'wall'}
  t=  17.75  punching           L7-corecF14 {'drift': np.float64(0.0151), 'vg_vc': 0.849, 'conn': 'wall'}
  t=  17.75  punching           L7-corecF24 {'drift': np.float64(0.0163), 'vg_vc': 0.833, 'conn': 'wall'}
  t=  17.75  punching           L8-corecF14 {'drift': np.float64(0.0159), 'vg_vc': 0.872, 'conn': 'wall'}
  t=  17.75  punching           L8-corecF24 {'drift': np.float64(0.0171), 'vg_vc': 0.826, 'conn': 'wall'}
  t=  17.75  punching           L9-corecR24 {'drift': np.float64(0.0182), 'vg_vc': 0.549, 'conn': 'wall'}
  t=  17.75  punching           L9-corecF14 {'drift': np.float64(0.0162), 'vg_vc': 0.805, 'conn': 'wall'}
  t=  17.75  punching           L9-corecF24 {'drift': np.float64(0.0176), 'vg_vc': 0.804, 'conn': 'wall'}
  t=  17.75  punching           L10-corecL24 {'drift': np.float64(0.0159), 'vg_vc': 0.565, 'conn': 'wall'}
  t=  17.75  punching           L10-corecR24 {'drift': np.float64(0.0184), 'vg_vc': 0.921, 'conn': 'wall'}
  t=  17.75  punching           L10-corecF14 {'drift': np.float64(0.0164), 'vg_vc': 0.695, 'conn': 'wall'}
  t=  17.75  punching           L10-corecF24 {'drift': np.float64(0.0177), 'vg_vc': 0.675, 'conn': 'wall'}
  t=  17.75  punching           L11-corecL24 {'drift': np.float64(0.016), 'vg_vc': 0.865, 'conn': 'wall'}
  t=  17.75  punching           L11-corecR24 {'drift': np.float64(0.0184), 'vg_vc': 1.194, 'conn': 'wall'}
  t=  17.75  punching           L11-corecL33 {'drift': np.float64(0.0164), 'vg_vc': 0.507, 'conn': 'wall'}
  t=  17.75  punching           L11-corecF14 {'drift': np.float64(0.0164), 'vg_vc': 0.598, 'conn': 'wall'}
  t=  17.75  punching           L11-corecF24 {'drift': np.float64(0.0178), 'vg_vc': 0.557, 'conn': 'wall'}
  t=  17.75  punching           L12-corecL24 {'drift': np.float64(0.016), 'vg_vc': 0.852, 'conn': 'wall'}
  t=  17.75  punching           L12-corecR24 {'drift': np.float64(0.0184), 'vg_vc': 1.154, 'conn': 'wall'}
  t=  17.75  punching           L12-corecL33 {'drift': np.float64(0.0164), 'vg_vc': 0.505, 'conn': 'wall'}
  t=  17.75  punching           L12-corecF14 {'drift': np.float64(0.0164), 'vg_vc': 0.645, 'conn': 'wall'}
  t=  17.75  punching           L12-corecF24 {'drift': np.float64(0.0178), 'vg_vc': 0.594, 'conn': 'wall'}
  t=  17.75  punching           L13-corecL24 {'drift': np.float64(0.0159), 'vg_vc': 0.617, 'conn': 'wall'}
  t=  17.75  punching           L13-corecR24 {'drift': np.float64(0.0182), 'vg_vc': 0.892, 'conn': 'wall'}
  t=  17.75  punching           L13-corecL33 {'drift': np.float64(0.0163), 'vg_vc': 0.73, 'conn': 'wall'}
  t=  17.75  punching           L13-corecF14 {'drift': np.float64(0.0164), 'vg_vc': 0.806, 'conn': 'wall'}
  t=  17.75  punching           L13-corecF24 {'drift': np.float64(0.0177), 'vg_vc': 0.744, 'conn': 'wall'}
  t=  17.75  punching           L14-corecR24 {'drift': np.float64(0.0179), 'vg_vc': 0.707, 'conn': 'wall'}
  t=  17.75  punching           L14-corecL33 {'drift': np.float64(0.016), 'vg_vc': 0.748, 'conn': 'wall'}
  t=  17.75  punching           L14-corecR33 {'drift': np.float64(0.0182), 'vg_vc': 0.635, 'conn': 'wall'}
  t=  17.75  punching           L14-corecF14 {'drift': np.float64(0.0161), 'vg_vc': 0.928, 'conn': 'wall'}
  t=  17.75  punching           L14-corecF24 {'drift': np.float64(0.0174), 'vg_vc': 0.851, 'conn': 'wall'}
  t=  17.75  punching           L15-corecL24 {'drift': np.float64(0.0152), 'vg_vc': 0.511, 'conn': 'wall'}
  t=  17.75  punching           L15-corecR24 {'drift': np.float64(0.0175), 'vg_vc': 0.71, 'conn': 'wall'}
  t=  17.75  punching           L15-corecL33 {'drift': np.float64(0.0156), 'vg_vc': 0.599, 'conn': 'wall'}
  t=  17.75  punching           L15-corecR33 {'drift': np.float64(0.0178), 'vg_vc': 0.611, 'conn': 'wall'}
  t=  17.75  punching           L15-corecF14 {'drift': np.float64(0.0157), 'vg_vc': 0.934, 'conn': 'wall'}
  t=  17.75  punching           L15-corecF24 {'drift': np.float64(0.0169), 'vg_vc': 0.845, 'conn': 'wall'}
  t=  17.75  punching           L16-corecL24 {'drift': np.float64(0.0146), 'vg_vc': 0.582, 'conn': 'wall'}
  t=  17.75  punching           L16-corecR24 {'drift': np.float64(0.0168), 'vg_vc': 0.742, 'conn': 'wall'}
  t=  17.75  punching           L16-corecL33 {'drift': np.float64(0.0149), 'vg_vc': 0.592, 'conn': 'wall'}
  t=  17.75  punching           L16-corecR33 {'drift': np.float64(0.0172), 'vg_vc': 0.498, 'conn': 'wall'}
  t=  17.75  punching           L16-corecF14 {'drift': np.float64(0.015), 'vg_vc': 0.9, 'conn': 'wall'}
  t=  17.75  punching           L16-corecF24 {'drift': np.float64(0.0163), 'vg_vc': 0.789, 'conn': 'wall'}
  t=  17.75  punching           L17-corecL24 {'drift': np.float64(0.0137), 'vg_vc': 0.671, 'conn': 'wall'}
  t=  17.75  punching           L17-corecR24 {'drift': np.float64(0.016), 'vg_vc': 0.785, 'conn': 'wall'}
  t=  17.75  punching           L17-corecF14 {'drift': np.float64(0.0141), 'vg_vc': 0.85, 'conn': 'wall'}
  t=  17.75  punching           L17-corecF24 {'drift': np.float64(0.0154), 'vg_vc': 0.712, 'conn': 'wall'}
  t=  17.75  punching           L18-corecL24 {'drift': np.float64(0.0127), 'vg_vc': 0.951, 'conn': 'wall'}
  t=  17.75  punching           L18-corecR24 {'drift': np.float64(0.0149), 'vg_vc': 1.069, 'conn': 'wall'}
  t=  17.75  punching           L18-corecL33 {'drift': np.float64(0.013), 'vg_vc': 0.658, 'conn': 'wall'}
  t=  17.75  punching           L18-corecR33 {'drift': np.float64(0.0152), 'vg_vc': 0.509, 'conn': 'wall'}
  t=  17.75  punching           L18-corecF14 {'drift': np.float64(0.0131), 'vg_vc': 0.722, 'conn': 'wall'}
  t=  17.75  punching           L18-corecF24 {'drift': np.float64(0.0143), 'vg_vc': 0.604, 'conn': 'wall'}
  t=  17.75  punching           L19-corecL24 {'drift': np.float64(0.0117), 'vg_vc': 1.158, 'conn': 'wall'}
  t=  17.75  punching           L19-corecR24 {'drift': np.float64(0.0137), 'vg_vc': 0.989, 'conn': 'wall'}
  t=  17.75  punching           L19-corecL33 {'drift': np.float64(0.0121), 'vg_vc': 0.58, 'conn': 'wall'}
  t=  17.75  punching           L19-corecR33 {'drift': np.float64(0.014), 'vg_vc': 0.663, 'conn': 'wall'}
  t=  17.75  punching           L19-corecF14 {'drift': np.float64(0.0121), 'vg_vc': 0.745, 'conn': 'wall'}
  t=  17.75  punching           L20-corecL24 {'drift': np.float64(0.0109), 'vg_vc': 0.894, 'conn': 'wall'}
  t=  17.75  punching           L20-corecR33 {'drift': np.float64(0.013), 'vg_vc': 0.773, 'conn': 'wall'}
  t=  17.75  punching           L20-corecF14 {'drift': np.float64(0.0113), 'vg_vc': 0.966, 'conn': 'wall'}
  t=  17.75  punching           L21-corecL24 {'drift': np.float64(0.0101), 'vg_vc': 0.848, 'conn': 'wall'}
  t=  17.75  punching           L21-corecR33 {'drift': np.float64(0.0119), 'vg_vc': 0.7, 'conn': 'wall'}
  t=  17.75  punching           L21-corecF14 {'drift': np.float64(0.0104), 'vg_vc': 0.838, 'conn': 'wall'}
  t=  17.75  punching           L22-corecR33 {'drift': np.float64(0.0103), 'vg_vc': 0.892, 'conn': 'wall'}
  t=  17.75  punching           L23-corecF14 {'drift': np.float64(0.0078), 'vg_vc': 1.345, 'conn': 'wall'}
  t=  17.75  punching           L23-corecF24 {'drift': np.float64(0.0083), 'vg_vc': 1.118, 'conn': 'wall'}
  t=  17.75  punching           L24-corecL24 {'drift': np.float64(0.0063), 'vg_vc': 0.916, 'conn': 'wall'}
  t=  17.75  punching           L24-corecL33 {'drift': np.float64(0.0065), 'vg_vc': 1.596, 'conn': 'wall'}
  t=  17.75  punching           L24-corecF14 {'drift': np.float64(0.0065), 'vg_vc': 1.137, 'conn': 'wall'}
  t=  17.75  punching           L25-corecL24 {'drift': np.float64(0.0052), 'vg_vc': 0.833, 'conn': 'wall'}
  t=  17.75  punching           L25-corecF14 {'drift': np.float64(0.0053), 'vg_vc': 1.452, 'conn': 'wall'}
  t=  17.75  punching           L25-corecF24 {'drift': np.float64(0.0057), 'vg_vc': 1.05, 'conn': 'wall'}
  t=  17.75  punching           L26-corecF14 {'drift': np.float64(0.0048), 'vg_vc': 1.47, 'conn': 'wall'}
  t=  17.75  punching           L26-corecF24 {'drift': np.float64(0.0047), 'vg_vc': 1.174, 'conn': 'wall'}
  t=  17.75  punching           L27-corecL24 {'drift': np.float64(0.0047), 'vg_vc': 0.958, 'conn': 'wall'}
  t=  17.75  punching           L27-corecR24 {'drift': np.float64(0.0047), 'vg_vc': 1.356, 'conn': 'wall'}
  t=  17.75  punching           L27-corecL33 {'drift': np.float64(0.0046), 'vg_vc': 2.96, 'conn': 'wall'}
  t=  17.75  punching           L27-corecR33 {'drift': np.float64(0.0052), 'vg_vc': 3.169, 'conn': 'wall'}
  t=  17.75  punching           L27-corecF14 {'drift': np.float64(0.0047), 'vg_vc': 0.828, 'conn': 'wall'}
  t=  17.75  punching           L28-corecL24 {'drift': np.float64(0.0046), 'vg_vc': 1.228, 'conn': 'wall'}
  t=  17.75  punching           L28-corecR24 {'drift': np.float64(0.0047), 'vg_vc': 1.135, 'conn': 'wall'}
  t=  17.75  punching           L28-corecL33 {'drift': np.float64(0.0046), 'vg_vc': 0.995, 'conn': 'wall'}
  t=  17.75  punching           L28-corecR33 {'drift': np.float64(0.005), 'vg_vc': 1.167, 'conn': 'wall'}
  t=  17.75  punching           L29-corecL24 {'drift': np.float64(0.0046), 'vg_vc': 1.257, 'conn': 'wall'}
  t=  17.75  punching           L29-corecR24 {'drift': np.float64(0.0047), 'vg_vc': 1.052, 'conn': 'wall'}
  t=  17.75  punching           L29-corecF24 {'drift': np.float64(0.0046), 'vg_vc': 0.831, 'conn': 'wall'}
  t=  17.75  punching           L30-corecR33 {'drift': np.float64(0.0057), 'vg_vc': 0.815, 'conn': 'wall'}
  t=  17.75  punching           L30-corecBL {'drift': np.float64(0.0062), 'vg_vc': 0.773, 'conn': 'wall'}
  t=  17.75  punching           L30-corecBR {'drift': np.float64(0.0057), 'vg_vc': 1.099, 'conn': 'wall'}
  t=  17.75  punching           L31-corecL33 {'drift': np.float64(0.0075), 'vg_vc': 0.771, 'conn': 'wall'}
  t=  17.75  punching           L31-corecF14 {'drift': np.float64(0.0073), 'vg_vc': 0.848, 'conn': 'wall'}
  t=  17.75  punching           L31-corecBR {'drift': np.float64(0.0071), 'vg_vc': 0.912, 'conn': 'wall'}
  t=  17.75  punching           L32-corecL24 {'drift': np.float64(0.0081), 'vg_vc': 0.679, 'conn': 'wall'}
  t=  17.75  punching           L32-corecL33 {'drift': np.float64(0.0082), 'vg_vc': 2.129, 'conn': 'wall'}
  t=  17.75  punching           L32-corecR33 {'drift': np.float64(0.0077), 'vg_vc': 1.531, 'conn': 'wall'}
  t=  17.75  punching           L33-corecL24 {'drift': np.float64(0.0081), 'vg_vc': 1.344, 'conn': 'wall'}
  t=  17.75  cb_failure         L21-CB0 {'rot': 0.02811}
  t=  17.75  cb_failure         L22-CB0 {'rot': 0.02211}
  t=  17.75  cb_failure         L23-CB0 {'rot': 0.01623}
  t=  17.75  cb_failure         L23-CB2 {'rot': 0.01919}
  t=  17.75  cb_yield           L30-CB2 {'rot': 0.00373}
  t=  17.75  cb_yield           L31-CB2 {'rot': 0.00369}
  t=  17.75  cb_failure         L32-CB1 {'rot': 0.16435}
  t=  17.75  cb_yield           L32-CB2 {'rot': 0.00167}
  t=  17.75  cb_failure         L32-CB3 {'rot': 0.16779}
  t=  17.75  cb_failure         L33-CB0 {'rot': 0.16223}
  t=  17.75  cb_failure         L33-CB1 {'rot': 0.0242}
  t=  17.75  cb_failure         L33-CB2 {'rot': 0.26163}
  t=  17.75  cb_failure         L33-CB3 {'rot': 0.07048}
