  t=   5.63  cb_yield           L4-CB3 {'rot': 0.00085}
  t=   5.63  cb_yield           L5-CB3 {'rot': 0.00086}
  t=   5.63  cb_yield           L6-CB3 {'rot': 0.00085}
  t=   5.75  cb_yield           L2-CB3 {'rot': 0.00092}
  t=   5.75  cb_yield           L3-CB2 {'rot': 0.00085}
  t=   5.75  cb_yield           L3-CB3 {'rot': 0.00098}
  t=   5.75  cb_yield           L4-CB2 {'rot': 0.00087}
  t=   5.75  cb_yield           L5-CB2 {'rot': 0.00087}
  t=   5.75  cb_yield           L6-CB2 {'rot': 0.00087}
  t=   5.75  cb_yield           L7-CB2 {'rot': 0.00085}
  t=   5.75  cb_yield           L7-CB3 {'rot': 0.00098}
  t=   5.75  cb_yield           L8-CB3 {'rot': 0.00094}
  t=   5.75  cb_yield           L9-CB3 {'rot': 0.0009}
  t=   5.75  cb_yield           L10-CB3 {'rot': 0.00085}
  t=   5.88  cb_yield           L2-CB2 {'rot': 0.00086}
  t=   7.75  cb_yield           L2-CB0 {'rot': 0.00091}
  t=   7.75  cb_yield           L3-CB0 {'rot': 0.00087}
  t=   7.88  cb_yield           L1-CB0 {'rot': 0.00101}
  t=   7.88  cb_yield           L1-CB1 {'rot': 0.00088}
  t=   7.88  cb_yield           L2-CB1 {'rot': 0.00086}
  t=   7.88  cb_yield           L4-CB0 {'rot': 0.0011}
  t=   7.88  cb_yield           L5-CB0 {'rot': 0.00098}
  t=   7.88  cb_yield           L6-CB0 {'rot': 0.00086}
  t=   8.00  cb_yield           L1-CB3 {'rot': 0.00087}
  t=   8.25  cb_yield           L11-CB3 {'rot': 0.00091}
  t=   8.25  cb_yield           L12-CB3 {'rot': 0.00085}
  t=   8.38  cb_yield           L13-CB3 {'rot': 0.0009}
  t=   8.50  cb_yield           L14-CB3 {'rot': 0.00103}
  t=   8.50  cb_yield           L15-CB3 {'rot': 0.00094}
  t=   8.50  cb_yield           L16-CB3 {'rot': 0.00086}
  t=   8.63  cb_yield           L8-CB2 {'rot': 0.00098}
  t=   8.63  cb_yield           L9-CB2 {'rot': 0.00093}
  t=   8.63  cb_yield           L10-CB2 {'rot': 0.00091}
  t=   8.63  cb_yield           L11-CB2 {'rot': 0.00089}
  t=   8.63  cb_yield           L12-CB2 {'rot': 0.00088}
  t=   8.63  cb_yield           L13-CB2 {'rot': 0.00088}
  t=   8.63  cb_yield           L14-CB2 {'rot': 0.00086}
  t=   8.63  cb_yield           L17-CB3 {'rot': 0.00098}
  t=   8.75  cb_yield           L15-CB2 {'rot': 0.00088}
  t=   9.25  cb_yield           L1-CB2 {'rot': 0.00137}
  t=   9.50  cb_yield           L16-CB0 {'rot': 0.00085}
  t=   9.50  cb_yield           L16-CB2 {'rot': 0.00087}
  t=   9.63  cb_yield           L10-CB0 {'rot': 0.00087}
  t=   9.63  cb_yield           L11-CB0 {'rot': 0.00095}
  t=   9.63  cb_yield           L12-CB0 {'rot': 0.00103}
  t=   9.63  cb_yield           L13-CB0 {'rot': 0.00111}
  t=   9.63  cb_yield           L14-CB0 {'rot': 0.00116}
  t=   9.63  cb_yield           L15-CB0 {'rot': 0.0012}
  t=   9.63  cb_yield           L17-CB0 {'rot': 0.00119}
  t=   9.63  cb_yield           L18-CB0 {'rot': 0.00107}
  t=   9.63  cb_yield           L19-CB0 {'rot': 0.00096}
  t=   9.75  cb_yield           L3-CB1 {'rot': 0.00086}
  t=   9.75  cb_yield           L7-CB0 {'rot': 0.00138}
  t=   9.75  cb_yield           L8-CB0 {'rot': 0.00147}
  t=   9.75  cb_yield           L9-CB0 {'rot': 0.00156}
  t=   9.75  cb_yield           L13-CB1 {'rot': 0.00086}
  t=   9.75  cb_yield           L14-CB1 {'rot': 0.00088}
  t=   9.75  cb_yield           L15-CB1 {'rot': 0.00091}
  t=   9.75  cb_yield           L16-CB1 {'rot': 0.00091}
  t=   9.75  cb_yield           L17-CB1 {'rot': 0.00096}
  t=   9.75  cb_yield           L20-CB0 {'rot': 0.00123}
  t=   9.75  cb_yield           L21-CB0 {'rot': 0.00104}
  t=   9.88  cb_yield           L4-CB1 {'rot': 0.00149}
  t=   9.88  cb_yield           L5-CB1 {'rot': 0.00158}
  t=   9.88  cb_yield           L6-CB1 {'rot': 0.00162}
  t=   9.88  cb_yield           L7-CB1 {'rot': 0.0016}
  t=   9.88  cb_yield           L8-CB1 {'rot': 0.00155}
  t=   9.88  cb_yield           L9-CB1 {'rot': 0.00147}
  t=   9.88  cb_yield           L10-CB1 {'rot': 0.00137}
  t=   9.88  cb_yield           L11-CB1 {'rot': 0.00128}
  t=   9.88  cb_yield           L12-CB1 {'rot': 0.00123}
  t=   9.88  cb_yield           L18-CB1 {'rot': 0.00097}
  progress t=  10.0s  max corner drift so far=0.0037  wall clock=139s
  t=  10.13  cb_yield           L22-CB0 {'rot': 0.00103}
  t=  10.25  cb_yield           L23-CB0 {'rot': 0.00098}
  t=  11.75  cb_yield           L24-CB0 {'rot': 0.00105}
  t=  11.88  cb_yield           L17-CB2 {'rot': 0.00094}
  t=  12.00  cb_yield           L18-CB2 {'rot': 0.00117}
  t=  12.00  cb_yield           L19-CB2 {'rot': 0.00105}
  t=  12.00  cb_yield           L20-CB2 {'rot': 0.00095}
  t=  12.13  cb_yield           L18-CB3 {'rot': 0.0011}
  t=  12.13  cb_yield           L19-CB3 {'rot': 0.00099}
  t=  12.13  cb_yield           L21-CB2 {'rot': 0.00102}
  t=  12.25  cb_yield           L20-CB3 {'rot': 0.00109}
  t=  12.25  cb_yield           L21-CB3 {'rot': 0.001}
  t=  12.25  cb_yield           L22-CB2 {'rot': 0.00105}
  t=  12.25  cb_yield           L22-CB3 {'rot': 0.00094}
  t=  12.25  cb_yield           L23-CB2 {'rot': 0.00095}
  t=  12.88  cb_failure         L4-CB2 {'rot': 0.01488}
  t=  12.88  cb_failure         L5-CB2 {'rot': 0.01671}
  t=  12.88  cb_failure         L6-CB2 {'rot': 0.01754}
  t=  12.88  cb_failure         L7-CB2 {'rot': 0.01746}
  t=  12.88  cb_failure         L8-CB2 {'rot': 0.01658}
  t=  12.88  cb_failure         L9-CB2 {'rot': 0.01497}
  t=  12.88  cb_yield           L25-CB0 {'rot': 0.00096}
  t=  13.00  cb_failure         L5-CB0 {'rot': 0.01553}
  t=  13.00  cb_failure         L5-CB3 {'rot': 0.01569}
  t=  13.00  cb_failure         L6-CB0 {'rot': 0.01715}
  t=  13.00  cb_failure         L6-CB3 {'rot': 0.01717}
  t=  13.00  cb_failure         L7-CB0 {'rot': 0.01786}
  t=  13.00  cb_failure         L7-CB1 {'rot': 0.01498}
  t=  13.00  cb_failure         L7-CB3 {'rot': 0.01768}
  t=  13.00  cb_failure         L8-CB0 {'rot': 0.0177}
  t=  13.00  cb_failure         L8-CB3 {'rot': 0.01704}
  t=  13.00  cb_failure         L9-CB0 {'rot': 0.01663}
  t=  13.00  cb_failure         L9-CB3 {'rot': 0.01507}
  t=  13.00  cb_failure         L10-CB2 {'rot': 0.01774}
  t=  13.00  cb_yield           L19-CB1 {'rot': 0.00117}
  t=  13.00  cb_yield           L20-CB1 {'rot': 0.00111}
  t=  13.00  cb_yield           L21-CB1 {'rot': 0.00104}
  t=  13.00  cb_yield           L22-CB1 {'rot': 0.00097}
  t=  13.13  cb_failure         L5-CB1 {'rot': 0.01552}
  t=  13.13  cb_failure         L6-CB1 {'rot': 0.01805}
  t=  13.13  cb_failure         L8-CB1 {'rot': 0.02014}
  t=  13.13  cb_failure         L9-CB1 {'rot': 0.01967}
  t=  13.13  cb_failure         L10-CB0 {'rot': 0.02043}
  t=  13.13  cb_failure         L10-CB1 {'rot': 0.01829}
  t=  13.13  cb_failure         L10-CB3 {'rot': 0.01903}
  t=  13.13  cb_failure         L11-CB0 {'rot': 0.01831}
  t=  13.13  cb_failure         L11-CB1 {'rot': 0.01589}
  t=  13.13  cb_failure         L11-CB2 {'rot': 0.02034}
  t=  13.13  cb_failure         L11-CB3 {'rot': 0.01644}
  t=  13.13  cb_failure         L12-CB2 {'rot': 0.01651}
  t=  13.25  cb_failure         L4-CB3 {'rot': 0.01531}
  t=  13.25  cb_failure         L12-CB0 {'rot': 0.02029}
  t=  13.25  cb_failure         L12-CB1 {'rot': 0.01951}
  t=  13.25  cb_failure         L12-CB3 {'rot': 0.01948}
  t=  13.25  cb_failure         L13-CB0 {'rot': 0.01702}
  t=  13.25  cb_failure         L13-CB1 {'rot': 0.01626}
  t=  13.25  cb_failure         L13-CB2 {'rot': 0.01852}
  t=  13.25  cb_failure         L13-CB3 {'rot': 0.01625}
  t=  13.38  cb_failure         L4-CB1 {'rot': 0.01614}
  t=  13.38  cb_failure         L14-CB0 {'rot': 0.01811}
  t=  13.38  cb_failure         L14-CB1 {'rot': 0.0185}
  t=  13.38  cb_failure         L14-CB2 {'rot': 0.02022}
  t=  13.38  cb_failure         L14-CB3 {'rot': 0.01899}
  t=  13.38  cb_failure         L15-CB2 {'rot': 0.01629}
  t=  13.50  cb_failure         L15-CB0 {'rot': 0.01548}
  t=  13.50  cb_failure         L15-CB1 {'rot': 0.01585}
  t=  13.50  cb_failure         L15-CB3 {'rot': 0.01694}
  t=  13.63  cb_failure         L4-CB0 {'rot': 0.01564}
  t=  15.88  cb_failure         L3-CB3 {'rot': 0.01536}
  t=  18.00  cb_yield           L23-CB1 {'rot': 0.00133}
  t=  18.00  cb_yield           L24-CB1 {'rot': 0.00107}
  t=  18.13  cb_yield           L23-CB3 {'rot': 0.00102}
  t=  18.13  cb_yield           L24-CB2 {'rot': 0.0011}
  t=  18.13  cb_yield           L24-CB3 {'rot': 0.00095}
  t=  18.13  cb_yield           L25-CB1 {'rot': 0.00101}
  t=  18.13  cb_yield           L25-CB2 {'rot': 0.00099}
  t=  18.75  cb_failure         L3-CB0 {'rot': 0.01485}
  t=  18.75  cb_failure         L3-CB1 {'rot': 0.01571}
  t=  18.87  cb_yield           L26-CB0 {'rot': 0.00094}
  t=  18.87  cb_yield           L26-CB1 {'rot': 0.00099}
  t=  19.00  cb_failure         L16-CB0 {'rot': 0.01578}
  t=  19.00  cb_failure         L16-CB1 {'rot': 0.016}
  t=  19.12  cb_failure         L3-CB2 {'rot': 0.0153}
  t=  19.25  cb_failure         L16-CB2 {'rot': 0.01599}
  t=  19.25  cb_failure         L16-CB3 {'rot': 0.01589}
  t=  19.50  cb_failure         L2-CB2 {'rot': 0.01504}
  t=  19.50  cb_failure         L2-CB3 {'rot': 0.0153}
  t=  19.62  cb_failure         L17-CB2 {'rot': 0.01534}
  t=  19.75  cb_failure         L17-CB3 {'rot': 0.01625}
  t=  19.75  cb_yield           L25-CB3 {'rot': 0.00142}
  t=  19.75  cb_yield           L26-CB2 {'rot': 0.00104}
  t=  19.75  cb_yield           L26-CB3 {'rot': 0.00108}
  t=  19.87  cb_failure         L18-CB2 {'rot': 0.01742}
  t=  19.87  cb_failure         L18-CB3 {'rot': 0.0156}
  t=  19.87  cb_yield           L27-CB2 {'rot': 0.00117}
  t=  19.87  cb_yield           L27-CB3 {'rot': 0.00113}
  t=  20.00  cb_failure         L19-CB2 {'rot': 0.01733}
  t=  20.00  cb_failure         L19-CB3 {'rot': 0.01725}
  t=  20.00  cb_yield           L27-CB1 {'rot': 0.00099}
  t=  20.00  cb_yield           L28-CB2 {'rot': 0.00116}
  progress t=  20.0s  max corner drift so far=0.0127  wall clock=320s
  t=  20.12  cb_failure         L20-CB2 {'rot': 0.01711}
  t=  20.12  cb_failure         L20-CB3 {'rot': 0.0184}
  t=  20.12  cb_failure         L21-CB3 {'rot': 0.01608}
  t=  20.12  cb_yield           L28-CB1 {'rot': 0.00099}
  t=  20.12  cb_yield           L29-CB2 {'rot': 0.00108}
  t=  20.25  cb_failure         L21-CB2 {'rot': 0.01609}
  t=  20.25  cb_failure         L22-CB3 {'rot': 0.01531}
  t=  20.25  cb_yield           L28-CB3 {'rot': 0.00142}
  t=  20.25  cb_yield           L29-CB3 {'rot': 0.00095}
  t=  20.25  cb_yield           L30-CB2 {'rot': 0.00131}
  t=  20.37  cb_yield           L30-CB3 {'rot': 0.00136}
  t=  20.37  cb_yield           L31-CB2 {'rot': 0.00163}
  t=  20.37  cb_yield           L31-CB3 {'rot': 0.00095}
  t=  20.37  cb_yield           L32-CB2 {'rot': 0.00123}
  t=  20.37  cb_yield           L33-CB2 {'rot': 0.001}
  t=  20.50  cb_failure         L22-CB2 {'rot': 0.01662}
  t=  20.50  cb_failure         L23-CB3 {'rot': 0.0152}
  t=  20.50  cb_yield           L29-CB1 {'rot': 0.00095}
  t=  20.50  cb_yield           L30-CB1 {'rot': 0.00095}
  t=  20.50  cb_yield           L31-CB1 {'rot': 0.00094}
  t=  20.50  cb_yield           L32-CB3 {'rot': 0.00101}
  t=  20.62  cb_failure         L23-CB2 {'rot': 0.01694}
  t=  20.62  cb_failure         L24-CB3 {'rot': 0.01517}
  t=  20.62  cb_yield           L32-CB1 {'rot': 0.00179}
  t=  20.62  cb_yield           L33-CB1 {'rot': 0.00169}
  t=  20.75  cb_failure         L24-CB2 {'rot': 0.01659}
  t=  20.87  cb_failure         L25-CB2 {'rot': 0.01555}
  t=  20.87  cb_failure         L25-CB3 {'rot': 0.01524}
  t=  20.87  cb_yield           L33-CB3 {'rot': 0.00116}
  t=  23.00  cb_yield           L27-CB0 {'rot': 0.00168}
  t=  23.00  cb_yield           L28-CB0 {'rot': 0.00138}
  t=  23.00  cb_yield           L29-CB0 {'rot': 0.00111}
  t=  23.12  cb_yield           L30-CB0 {'rot': 0.00109}
  t=  23.25  cb_yield           L31-CB0 {'rot': 0.00104}
  t=  28.37  cb_failure         L17-CB0 {'rot': 0.01503}
  t=  28.50  cb_failure         L17-CB1 {'rot': 0.01508}
  t=  28.87  cb_failure         L18-CB0 {'rot': 0.01618}
  t=  28.87  cb_failure         L18-CB1 {'rot': 0.01595}
  t=  29.00  cb_failure         L19-CB0 {'rot': 0.01542}
  t=  29.00  cb_failure         L19-CB1 {'rot': 0.01579}
  t=  29.25  cb_failure         L20-CB1 {'rot': 0.01508}
  t=  29.50  cb_failure         L20-CB0 {'rot': 0.01571}
  t=  29.75  cb_failure         L21-CB0 {'rot': 0.01528}
  t=  29.75  cb_failure         L21-CB1 {'rot': 0.01671}
  t=  30.00  cb_failure         L22-CB1 {'rot': 0.01684}
  progress t=  30.0s  max corner drift so far=0.0143  wall clock=499s
  t=  30.12  cb_failure         L22-CB0 {'rot': 0.01675}
  t=  30.12  cb_failure         L23-CB1 {'rot': 0.01555}
  t=  30.25  cb_failure         L23-CB0 {'rot': 0.01611}
  t=  30.25  cb_failure         L24-CB1 {'rot': 0.01569}
  t=  30.37  cb_failure         L24-CB0 {'rot': 0.01555}
  t=  30.37  cb_failure         L25-CB1 {'rot': 0.01611}
  t=  30.37  cb_yield           L32-CB0 {'rot': 0.00117}
  t=  30.37  cb_yield           L33-CB0 {'rot': 0.00095}
  t=  30.50  cb_failure         L25-CB0 {'rot': 0.01503}
  t=  30.50  cb_failure         L26-CB1 {'rot': 0.01579}
  t=  35.12  cb_failure         L26-CB2 {'rot': 0.0158}
  t=  35.12  cb_failure         L26-CB3 {'rot': 0.01582}
  t=  35.25  cb_failure         L27-CB2 {'rot': 0.01648}
  t=  35.25  cb_failure         L27-CB3 {'rot': 0.01712}
  t=  35.37  cb_failure         L28-CB2 {'rot': 0.01618}
  t=  35.37  cb_failure         L28-CB3 {'rot': 0.0159}
  t=  35.50  cb_failure         L29-CB2 {'rot': 0.01538}
  t=  35.50  cb_failure         L29-CB3 {'rot': 0.01605}
  t=  35.62  cb_failure         L30-CB3 {'rot': 0.0166}
  t=  35.62  cb_failure         L31-CB3 {'rot': 0.01592}
  t=  35.62  cb_failure         L32-CB3 {'rot': 0.01549}
  t=  35.75  cb_failure         L2-CB0 {'rot': 0.01528}
  t=  35.75  cb_failure         L2-CB1 {'rot': 0.01637}
  t=  36.25  cb_failure         L27-CB1 {'rot': 0.01672}
  t=  36.37  cb_failure         L26-CB0 {'rot': 0.01672}
  t=  36.37  cb_failure         L28-CB1 {'rot': 0.01604}
  t=  36.50  cb_failure         L27-CB0 {'rot': 0.01501}
  t=  36.75  cb_failure         L29-CB1 {'rot': 0.01506}
  t=  36.87  cb_failure         L28-CB0 {'rot': 0.01539}
  t=  37.12  cb_failure         L1-CB0 {'rot': 0.01533}
  t=  37.12  cb_failure         L1-CB1 {'rot': 0.01685}
  t=  37.12  cb_failure         L30-CB1 {'rot': 0.01552}
  t=  37.25  cb_failure         L31-CB1 {'rot': 0.01554}
  t=  37.37  cb_failure         L29-CB0 {'rot': 0.01635}
  t=  37.37  cb_failure         L32-CB1 {'rot': 0.0176}
  t=  37.37  cb_failure         L33-CB1 {'rot': 0.01636}
  t=  37.50  cb_failure         L30-CB0 {'rot': 0.0182}
  t=  37.50  cb_failure         L31-CB0 {'rot': 0.01716}
  t=  37.50  cb_failure         L32-CB0 {'rot': 0.01663}
  t=  37.50  cb_failure         L33-CB0 {'rot': 0.01644}
  t=  38.50  cb_failure         L33-CB3 {'rot': 0.01508}
  t=  39.00  cb_failure         L30-CB2 {'rot': 0.01717}
  t=  39.00  cb_failure         L31-CB2 {'rot': 0.0162}
  t=  39.00  cb_failure         L32-CB2 {'rot': 0.01561}
  t=  39.00  cb_failure         L33-CB2 {'rot': 0.0154}
  progress t=  40.0s  max corner drift so far=0.0196  wall clock=717s
  t=  42.75  cb_failure         L1-CB3 {'rot': 0.01503}
  t=  42.87  cb_failure         L1-CB2 {'rot': 0.01511}
  t=  43.37  wall_flexure_strength_loss S1-F {'rot_x': 0.0, 'rot_y': 0.00282}
  t=  46.45  wall_axial_failure S1-F {'gamma': 0.00188, 'eps': -0.00742, 'cause': 'crushing'}
  t=  46.67  wall_axial_failure S1-M {'gamma': 0.00095, 'eps': -0.00606, 'cause': 'crushing'}
