  t=   5.75  cb_yield           L2-CB1 {'rot': 0.00081}
  t=   5.75  cb_yield           L3-CB0 {'rot': 0.0007}
  t=   5.75  cb_yield           L3-CB1 {'rot': 0.00092}
  t=   5.75  cb_yield           L4-CB0 {'rot': 0.00074}
  t=   5.75  cb_yield           L4-CB1 {'rot': 0.00099}
  t=   5.75  cb_yield           L5-CB0 {'rot': 0.00077}
  t=   5.75  cb_yield           L5-CB1 {'rot': 0.00103}
  t=   5.75  cb_yield           L6-CB0 {'rot': 0.00077}
  t=   5.75  cb_yield           L6-CB1 {'rot': 0.00104}
  t=   5.75  cb_yield           L7-CB0 {'rot': 0.00076}
  t=   5.75  cb_yield           L7-CB1 {'rot': 0.00103}
  t=   5.75  cb_yield           L8-CB0 {'rot': 0.00075}
  t=   5.75  cb_yield           L8-CB1 {'rot': 0.00099}
  t=   5.75  cb_yield           L9-CB0 {'rot': 0.0007}
  t=   5.75  cb_yield           L9-CB1 {'rot': 0.00095}
  t=   5.75  cb_yield           L10-CB1 {'rot': 0.00089}
  t=   5.75  cb_yield           L11-CB1 {'rot': 0.00083}
  t=   5.75  cb_yield           L12-CB1 {'rot': 0.00078}
  t=   5.75  cb_yield           L13-CB1 {'rot': 0.00071}
  t=   5.88  cb_yield           L1-CB0 {'rot': 0.00074}
  t=   5.88  cb_yield           L1-CB1 {'rot': 0.0009}
  t=   5.88  cb_yield           L2-CB0 {'rot': 0.00096}
  t=   5.88  cb_yield           L10-CB0 {'rot': 0.00105}
  t=   5.88  cb_yield           L11-CB0 {'rot': 0.00095}
  t=   5.88  cb_yield           L12-CB0 {'rot': 0.00086}
  t=   5.88  cb_yield           L13-CB0 {'rot': 0.00076}
  t=   5.88  cb_yield           L14-CB0 {'rot': 0.00069}
  t=   5.88  cb_yield           L14-CB1 {'rot': 0.00088}
  t=   5.88  cb_yield           L15-CB1 {'rot': 0.00079}
  t=   5.88  cb_yield           L16-CB1 {'rot': 0.00071}
  t=   6.00  cb_yield           L15-CB0 {'rot': 0.00083}
  t=   6.00  cb_yield           L16-CB0 {'rot': 0.00073}
  t=   6.00  cb_yield           L17-CB1 {'rot': 0.00084}
  t=   6.00  cb_yield           L18-CB1 {'rot': 0.00074}
  t=   6.13  cb_yield           L17-CB0 {'rot': 0.00091}
  t=   6.13  cb_yield           L18-CB0 {'rot': 0.00078}
  t=   6.13  cb_yield           L19-CB1 {'rot': 0.00082}
  t=   6.25  cb_yield           L19-CB0 {'rot': 0.00083}
  t=   6.25  cb_yield           L20-CB1 {'rot': 0.00085}
  t=   6.25  cb_yield           L21-CB1 {'rot': 0.00074}
  t=   6.38  cb_yield           L20-CB0 {'rot': 0.00079}
  t=   7.88  cb_yield           L2-CB3 {'rot': 0.0008}
  t=   7.88  cb_yield           L3-CB3 {'rot': 0.00084}
  t=   7.88  cb_yield           L4-CB3 {'rot': 0.00083}
  t=   7.88  cb_yield           L5-CB3 {'rot': 0.00077}
  t=   8.00  cb_yield           L22-CB1 {'rot': 0.00075}
  t=   8.75  cb_yield           L12-CB3 {'rot': 0.00069}
  t=   8.75  cb_yield           L13-CB2 {'rot': 0.00069}
  t=   8.75  cb_yield           L13-CB3 {'rot': 0.00071}
  t=   8.75  cb_yield           L14-CB2 {'rot': 0.0007}
  t=   8.75  cb_yield           L14-CB3 {'rot': 0.00074}
  t=   8.75  cb_yield           L15-CB2 {'rot': 0.0007}
  t=   8.75  cb_yield           L15-CB3 {'rot': 0.00077}
  t=   8.75  cb_yield           L16-CB2 {'rot': 0.00071}
  t=   8.75  cb_yield           L16-CB3 {'rot': 0.00078}
  t=   8.75  cb_yield           L17-CB2 {'rot': 0.00075}
  t=   8.75  cb_yield           L17-CB3 {'rot': 0.00082}
  t=   8.75  cb_yield           L18-CB3 {'rot': 0.00078}
  t=   8.75  cb_yield           L19-CB3 {'rot': 0.00076}
  t=   8.75  cb_yield           L20-CB3 {'rot': 0.00074}
  t=   8.88  cb_yield           L9-CB3 {'rot': 0.00069}
  t=   8.88  cb_yield           L10-CB2 {'rot': 0.00075}
  t=   8.88  cb_yield           L10-CB3 {'rot': 0.00078}
  t=   8.88  cb_yield           L11-CB2 {'rot': 0.00084}
  t=   8.88  cb_yield           L11-CB3 {'rot': 0.00089}
  t=   8.88  cb_yield           L12-CB2 {'rot': 0.00093}
  t=   8.88  cb_yield           L18-CB2 {'rot': 0.00111}
  t=   8.88  cb_yield           L19-CB2 {'rot': 0.00106}
  t=   8.88  cb_yield           L20-CB2 {'rot': 0.001}
  t=   8.88  cb_yield           L21-CB2 {'rot': 0.00094}
  t=   8.88  cb_yield           L21-CB3 {'rot': 0.00111}
  t=   8.88  cb_yield           L22-CB2 {'rot': 0.00087}
  t=   8.88  cb_yield           L22-CB3 {'rot': 0.00104}
  t=   8.88  cb_yield           L23-CB2 {'rot': 0.0008}
  t=   8.88  cb_yield           L23-CB3 {'rot': 0.00094}
  t=   8.88  cb_yield           L24-CB3 {'rot': 0.00085}
  t=   8.88  cb_yield           L25-CB3 {'rot': 0.00076}
  t=   9.00  cb_yield           L1-CB2 {'rot': 0.00079}
  t=   9.00  cb_yield           L2-CB2 {'rot': 0.00095}
  t=   9.00  cb_yield           L3-CB2 {'rot': 0.00103}
  t=   9.00  cb_yield           L4-CB2 {'rot': 0.00111}
  t=   9.00  cb_yield           L5-CB2 {'rot': 0.00118}
  t=   9.00  cb_yield           L6-CB2 {'rot': 0.00124}
  t=   9.00  cb_yield           L6-CB3 {'rot': 0.00111}
  t=   9.00  cb_yield           L7-CB2 {'rot': 0.00129}
  t=   9.00  cb_yield           L7-CB3 {'rot': 0.00119}
  t=   9.00  cb_yield           L8-CB2 {'rot': 0.00134}
  t=   9.00  cb_yield           L8-CB3 {'rot': 0.00127}
  t=   9.00  cb_yield           L9-CB2 {'rot': 0.00138}
  t=   9.13  cb_yield           L1-CB3 {'rot': 0.00077}
  t=   9.38  cb_yield           L21-CB0 {'rot': 0.00076}
  t=   9.38  cb_yield           L23-CB1 {'rot': 0.00081}
  t=   9.50  cb_yield           L22-CB0 {'rot': 0.0011}
  t=   9.50  cb_yield           L23-CB0 {'rot': 0.00096}
  t=   9.50  cb_yield           L24-CB0 {'rot': 0.00081}
  t=   9.50  cb_yield           L24-CB1 {'rot': 0.00103}
  t=   9.50  cb_yield           L25-CB1 {'rot': 0.00087}
  t=   9.50  cb_yield           L26-CB1 {'rot': 0.00074}
  progress t=  10.0s  max corner drift so far=0.0022  wall clock=117s
  t=  10.75  cb_yield           L25-CB0 {'rot': 0.001}
  t=  10.75  cb_yield           L26-CB0 {'rot': 0.00082}
  t=  10.88  cb_yield           L27-CB0 {'rot': 0.00074}
  t=  10.88  cb_yield           L27-CB1 {'rot': 0.00074}
  t=  11.75  cb_yield           L24-CB2 {'rot': 0.00085}
  t=  11.75  cb_yield           L25-CB2 {'rot': 0.00075}
  t=  12.88  cb_yield           L26-CB2 {'rot': 0.00077}
  t=  12.88  cb_yield           L26-CB3 {'rot': 0.00081}
  t=  13.00  cb_yield           L27-CB2 {'rot': 0.00101}
  t=  13.00  cb_yield           L27-CB3 {'rot': 0.00115}
  t=  13.00  cb_yield           L28-CB2 {'rot': 0.00076}
  t=  13.00  cb_yield           L28-CB3 {'rot': 0.00085}
  t=  13.13  cb_yield           L29-CB3 {'rot': 0.0008}
  t=  13.75  cb_yield           L28-CB1 {'rot': 0.00096}
  t=  13.75  cb_yield           L29-CB1 {'rot': 0.00088}
  t=  16.13  cb_yield           L28-CB0 {'rot': 0.00075}
  t=  17.38  cb_yield           L29-CB0 {'rot': 0.00074}
  t=  17.50  cb_yield           L30-CB1 {'rot': 0.00095}
  t=  18.63  cb_failure         L6-CB2 {'rot': 0.02479}
  t=  18.63  cb_failure         L7-CB2 {'rot': 0.02582}
  t=  18.63  cb_failure         L8-CB2 {'rot': 0.0262}
  t=  18.63  cb_failure         L9-CB2 {'rot': 0.02504}
  t=  18.75  cb_failure         L10-CB2 {'rot': 0.02727}
  t=  18.75  cb_failure         L11-CB2 {'rot': 0.02599}
  t=  18.87  cb_failure         L12-CB2 {'rot': 0.02736}
  t=  18.87  cb_failure         L13-CB2 {'rot': 0.02568}
  t=  19.00  cb_failure         L14-CB2 {'rot': 0.02539}
  t=  19.12  cb_failure         L5-CB2 {'rot': 0.02671}
  t=  19.25  cb_failure         L4-CB2 {'rot': 0.02496}
  t=  19.37  cb_failure         L8-CB3 {'rot': 0.02485}
  t=  19.62  cb_yield           L30-CB0 {'rot': 0.00086}
  t=  19.75  cb_yield           L31-CB0 {'rot': 0.00079}
  t=  19.87  cb_yield           L30-CB3 {'rot': 0.00077}
  t=  20.00  cb_yield           L31-CB1 {'rot': 0.00078}
  t=  20.00  cb_yield           L31-CB3 {'rot': 0.00102}
  t=  20.00  cb_yield           L32-CB0 {'rot': 0.00094}
  t=  20.00  cb_yield           L32-CB3 {'rot': 0.00083}
  t=  20.00  cb_yield           L33-CB0 {'rot': 0.00077}
  progress t=  20.0s  max corner drift so far=0.0154  wall clock=281s
  t=  20.12  cb_yield           L33-CB3 {'rot': 0.00089}
  t=  24.25  cb_yield           L29-CB2 {'rot': 0.00076}
  t=  29.75  cb_yield           L30-CB2 {'rot': 0.00105}
  t=  29.75  cb_yield           L31-CB2 {'rot': 0.00084}
  progress t=  30.0s  max corner drift so far=0.0154  wall clock=447s
  t=  39.00  cb_failure         L7-CB3 {'rot': 0.02497}
  progress t=  40.0s  max corner drift so far=0.0154  wall clock=623s
  t=  45.87  cb_failure         L6-CB3 {'rot': 0.02541}
  t=  45.87  cb_failure         L9-CB3 {'rot': 0.02476}
  t=  46.00  cb_failure         L4-CB3 {'rot': 0.02591}
  t=  46.00  cb_failure         L5-CB1 {'rot': 0.02762}
  t=  46.00  cb_failure         L5-CB3 {'rot': 0.0297}
  t=  46.00  cb_failure         L6-CB0 {'rot': 0.02589}
  t=  46.00  cb_failure         L6-CB1 {'rot': 0.02939}
  t=  46.00  cb_failure         L7-CB0 {'rot': 0.02669}
  t=  46.00  cb_failure         L7-CB1 {'rot': 0.03002}
  t=  46.00  cb_failure         L8-CB0 {'rot': 0.02663}
  t=  46.00  cb_failure         L8-CB1 {'rot': 0.02978}
  t=  46.00  cb_failure         L9-CB0 {'rot': 0.02577}
  t=  46.00  cb_failure         L9-CB1 {'rot': 0.02882}
  t=  46.00  cb_failure         L10-CB1 {'rot': 0.02708}
  t=  46.00  cb_failure         L10-CB3 {'rot': 0.02966}
  t=  46.00  cb_failure         L11-CB3 {'rot': 0.02704}
  t=  46.12  cb_failure         L4-CB1 {'rot': 0.02588}
  t=  46.12  cb_failure         L5-CB0 {'rot': 0.02646}
  t=  46.12  cb_failure         L10-CB0 {'rot': 0.0288}
  t=  46.12  cb_failure         L11-CB0 {'rot': 0.0267}
  t=  46.12  cb_failure         L11-CB1 {'rot': 0.02937}
  t=  46.12  cb_failure         L12-CB1 {'rot': 0.02606}
  t=  46.12  cb_failure         L12-CB3 {'rot': 0.02945}
  t=  46.12  cb_failure         L13-CB3 {'rot': 0.02484}
  t=  46.25  cb_failure         L12-CB0 {'rot': 0.02686}
  t=  46.25  cb_failure         L13-CB1 {'rot': 0.02509}
  t=  46.37  cb_failure         L3-CB2 {'rot': 0.02561}
  t=  46.37  cb_failure         L3-CB3 {'rot': 0.02562}
  t=  46.37  cb_failure         L4-CB0 {'rot': 0.02493}
  t=  46.37  cb_failure         L14-CB3 {'rot': 0.02611}
  t=  46.75  cb_failure         L15-CB2 {'rot': 0.0254}
  t=  46.87  cb_failure         L15-CB3 {'rot': 0.02574}
  t=  47.12  cb_failure         L16-CB2 {'rot': 0.0257}
  progress t=  50.0s  max corner drift so far=0.0154  wall clock=788s
  t=  51.62  cb_failure         L13-CB0 {'rot': 0.02508}
  t=  51.75  cb_failure         L14-CB1 {'rot': 0.0258}
  t=  51.87  cb_failure         L3-CB1 {'rot': 0.02574}
  t=  51.87  cb_failure         L14-CB0 {'rot': 0.02687}
  t=  52.00  cb_failure         L15-CB1 {'rot': 0.02509}
  t=  52.25  cb_failure         L16-CB3 {'rot': 0.0252}
  t=  53.50  cb_yield           L32-CB1 {'rot': 0.00074}
  t=  53.62  cb_yield           L33-CB1 {'rot': 0.00105}
  progress t=  60.0s  max corner drift so far=0.0154  wall clock=963s
  t=  63.00  cb_yield           L32-CB2 {'rot': 0.0008}
  progress t=  70.0s  max corner drift so far=0.0154  wall clock=1127s
  t=  75.00  cb_yield           L33-CB2 {'rot': 0.00145}
  t=  76.38  cb_failure         L3-CB0 {'rot': 0.02559}
  t=  76.50  cb_failure         L15-CB0 {'rot': 0.02559}
  t=  77.25  cb_failure         L16-CB1 {'rot': 0.0266}
  t=  77.38  cb_failure         L16-CB0 {'rot': 0.02518}
  t=  77.38  cb_failure         L17-CB3 {'rot': 0.02537}
  t=  78.38  cb_failure         L2-CB2 {'rot': 0.0257}
  t=  78.38  cb_failure         L17-CB2 {'rot': 0.0259}
  t=  79.00  cb_failure         L18-CB3 {'rot': 0.02483}
  t=  79.25  cb_failure         L18-CB2 {'rot': 0.02514}
  progress t=  80.0s  max corner drift so far=0.0214  wall clock=1330s
  t=  80.63  cb_failure         L17-CB0 {'rot': 0.02526}
  t=  80.63  cb_failure         L17-CB1 {'rot': 0.02499}
  t=  81.13  cb_failure         L18-CB0 {'rot': 0.02536}
  t=  81.50  cb_failure         L18-CB1 {'rot': 0.02491}
  t=  81.63  cb_failure         L2-CB3 {'rot': 0.02471}
  t=  81.63  cb_failure         L19-CB2 {'rot': 0.0269}
  t=  81.63  cb_failure         L19-CB3 {'rot': 0.02523}
  t=  82.13  cb_failure         L20-CB2 {'rot': 0.02584}
  t=  82.25  cb_failure         L20-CB3 {'rot': 0.0278}
  t=  82.38  cb_failure         L21-CB2 {'rot': 0.02813}
  t=  82.38  cb_failure         L21-CB3 {'rot': 0.02712}
  t=  82.50  cb_failure         L22-CB2 {'rot': 0.02526}
  t=  82.50  cb_failure         L22-CB3 {'rot': 0.02539}
  t=  82.88  cb_failure         L23-CB2 {'rot': 0.02539}
  t=  82.88  cb_failure         L23-CB3 {'rot': 0.02547}
  t=  87.00  cb_failure         L24-CB0 {'rot': 0.02516}
  t=  87.00  cb_failure         L25-CB0 {'rot': 0.02511}
  t=  87.13  cb_failure         L23-CB0 {'rot': 0.02568}
  t=  87.13  cb_failure         L26-CB0 {'rot': 0.0258}
  t=  88.00  cb_failure         L19-CB0 {'rot': 0.02617}
  t=  88.00  cb_failure         L20-CB0 {'rot': 0.02503}
  t=  88.13  cb_failure         L21-CB0 {'rot': 0.02604}
  t=  88.13  cb_failure         L22-CB0 {'rot': 0.02545}
  t=  88.38  cb_failure         L19-CB1 {'rot': 0.02482}
  t=  88.75  cb_failure         L20-CB1 {'rot': 0.0251}
  progress t=  90.0s  max corner drift so far=0.0215  wall clock=1534s
  t=  93.75  cb_failure         L21-CB1 {'rot': 0.02574}
  t=  93.88  cb_failure         L22-CB1 {'rot': 0.02717}
  t=  93.88  cb_failure         L23-CB1 {'rot': 0.025}
  progress t= 100.0s  max corner drift so far=0.0215  wall clock=1721s
  progress t= 110.0s  max corner drift so far=0.0215  wall clock=1886s
  progress t= 120.0s  max corner drift so far=0.0215  wall clock=2040s
