  t=   5.88  cb_yield           L5-CB1 {'rot': 0.00069}
  t=   5.88  cb_yield           L6-CB1 {'rot': 0.00069}
  t=   6.00  cb_yield           L3-CB1 {'rot': 0.00071}
  t=   6.00  cb_yield           L4-CB1 {'rot': 0.00076}
  t=   6.00  cb_yield           L5-CB0 {'rot': 0.00069}
  t=   6.00  cb_yield           L6-CB0 {'rot': 0.00069}
  t=   6.00  cb_yield           L7-CB0 {'rot': 0.00069}
  t=   6.00  cb_yield           L7-CB1 {'rot': 0.00079}
  t=   6.00  cb_yield           L8-CB1 {'rot': 0.00076}
  t=   6.00  cb_yield           L9-CB1 {'rot': 0.00074}
  t=   6.00  cb_yield           L10-CB1 {'rot': 0.00071}
  t=   6.13  cb_yield           L11-CB1 {'rot': 0.0007}
  t=   7.25  cb_yield           L4-CB0 {'rot': 0.00069}
  t=   7.38  cb_yield           L2-CB0 {'rot': 0.0007}
  t=   7.38  cb_yield           L2-CB1 {'rot': 0.00076}
  t=   7.38  cb_yield           L3-CB0 {'rot': 0.00079}
  t=   7.38  cb_yield           L8-CB0 {'rot': 0.00077}
  t=   7.38  cb_yield           L9-CB0 {'rot': 0.00072}
  t=   9.13  cb_yield           L2-CB2 {'rot': 0.00071}
  t=   9.13  cb_yield           L3-CB2 {'rot': 0.00071}
  t=   9.13  cb_yield           L4-CB2 {'rot': 0.00071}
  t=   9.13  cb_yield           L4-CB3 {'rot': 0.00069}
  t=   9.13  cb_yield           L5-CB2 {'rot': 0.0007}
  progress t=  10.0s  max corner drift so far=0.0015  wall clock=106s
  t=  10.25  cb_yield           L1-CB1 {'rot': 0.0007}
  t=  10.38  cb_yield           L10-CB0 {'rot': 0.00089}
  t=  10.38  cb_yield           L11-CB0 {'rot': 0.00079}
  t=  10.38  cb_yield           L12-CB0 {'rot': 0.00069}
  t=  10.38  cb_yield           L12-CB1 {'rot': 0.00083}
  t=  10.38  cb_yield           L13-CB1 {'rot': 0.0007}
  t=  10.50  cb_yield           L13-CB0 {'rot': 0.00116}
  t=  10.50  cb_yield           L14-CB0 {'rot': 0.00109}
  t=  10.50  cb_yield           L14-CB1 {'rot': 0.00122}
  t=  10.50  cb_yield           L15-CB0 {'rot': 0.00101}
  t=  10.50  cb_yield           L15-CB1 {'rot': 0.00114}
  t=  10.50  cb_yield           L16-CB0 {'rot': 0.00093}
  t=  10.50  cb_yield           L16-CB1 {'rot': 0.00106}
  t=  10.50  cb_yield           L17-CB0 {'rot': 0.00087}
  t=  10.50  cb_yield           L17-CB1 {'rot': 0.00099}
  t=  10.50  cb_yield           L18-CB0 {'rot': 0.00079}
  t=  10.50  cb_yield           L18-CB1 {'rot': 0.00091}
  t=  10.50  cb_yield           L19-CB0 {'rot': 0.00076}
  t=  10.50  cb_yield           L19-CB1 {'rot': 0.0008}
  t=  10.50  cb_yield           L20-CB0 {'rot': 0.00075}
  t=  10.50  cb_yield           L20-CB1 {'rot': 0.00077}
  t=  10.50  cb_yield           L21-CB1 {'rot': 0.00074}
  t=  10.63  cb_yield           L21-CB0 {'rot': 0.00153}
  t=  10.63  cb_yield           L22-CB0 {'rot': 0.00134}
  t=  10.63  cb_yield           L22-CB1 {'rot': 0.00138}
  t=  10.63  cb_yield           L23-CB0 {'rot': 0.00115}
  t=  10.63  cb_yield           L23-CB1 {'rot': 0.00121}
  t=  10.63  cb_yield           L24-CB0 {'rot': 0.00098}
  t=  10.63  cb_yield           L24-CB1 {'rot': 0.00103}
  t=  10.63  cb_yield           L25-CB0 {'rot': 0.00083}
  t=  10.63  cb_yield           L25-CB1 {'rot': 0.00087}
  t=  10.63  cb_yield           L26-CB1 {'rot': 0.00074}
  t=  10.75  cb_yield           L1-CB0 {'rot': 0.00087}
  t=  10.75  cb_yield           L26-CB0 {'rot': 0.00078}
  t=  11.63  cb_yield           L2-CB3 {'rot': 0.00083}
  t=  11.63  cb_yield           L3-CB3 {'rot': 0.00092}
  t=  11.63  cb_yield           L5-CB3 {'rot': 0.00114}
  t=  11.63  cb_yield           L6-CB2 {'rot': 0.00078}
  t=  11.63  cb_yield           L6-CB3 {'rot': 0.00122}
  t=  11.63  cb_yield           L7-CB2 {'rot': 0.00081}
  t=  11.63  cb_yield           L7-CB3 {'rot': 0.00129}
  t=  11.63  cb_yield           L8-CB2 {'rot': 0.00084}
  t=  11.63  cb_yield           L8-CB3 {'rot': 0.00132}
  t=  11.63  cb_yield           L9-CB2 {'rot': 0.00078}
  t=  11.63  cb_yield           L9-CB3 {'rot': 0.00133}
  t=  11.63  cb_yield           L10-CB2 {'rot': 0.00073}
  t=  11.63  cb_yield           L10-CB3 {'rot': 0.00133}
  t=  11.63  cb_yield           L11-CB2 {'rot': 0.00072}
  t=  11.63  cb_yield           L11-CB3 {'rot': 0.0013}
  t=  11.63  cb_yield           L12-CB2 {'rot': 0.00072}
  t=  11.63  cb_yield           L12-CB3 {'rot': 0.00127}
  t=  11.63  cb_yield           L13-CB2 {'rot': 0.00071}
  t=  11.63  cb_yield           L13-CB3 {'rot': 0.00122}
  t=  11.63  cb_yield           L14-CB2 {'rot': 0.0007}
  t=  11.63  cb_yield           L14-CB3 {'rot': 0.00115}
  t=  11.63  cb_yield           L15-CB2 {'rot': 0.00069}
  t=  11.63  cb_yield           L15-CB3 {'rot': 0.00107}
  t=  11.63  cb_yield           L16-CB3 {'rot': 0.00097}
  t=  11.63  cb_yield           L17-CB3 {'rot': 0.00089}
  t=  11.63  cb_yield           L18-CB3 {'rot': 0.00079}
  t=  11.75  cb_yield           L1-CB3 {'rot': 0.00083}
  t=  11.75  cb_yield           L16-CB2 {'rot': 0.0012}
  t=  11.75  cb_yield           L17-CB2 {'rot': 0.00112}
  t=  11.75  cb_yield           L18-CB2 {'rot': 0.00101}
  t=  11.75  cb_yield           L19-CB2 {'rot': 0.0009}
  t=  11.75  cb_yield           L19-CB3 {'rot': 0.00105}
  t=  11.75  cb_yield           L20-CB2 {'rot': 0.0008}
  t=  11.75  cb_yield           L20-CB3 {'rot': 0.00091}
  t=  11.75  cb_yield           L21-CB3 {'rot': 0.0008}
  t=  11.88  cb_yield           L1-CB2 {'rot': 0.00091}
  t=  11.88  cb_yield           L21-CB2 {'rot': 0.00088}
  t=  11.88  cb_yield           L22-CB3 {'rot': 0.00077}
  t=  12.13  cb_yield           L22-CB2 {'rot': 0.00077}
  t=  15.38  cb_yield           L23-CB2 {'rot': 0.00082}
  t=  15.38  cb_yield           L23-CB3 {'rot': 0.00113}
  t=  15.38  cb_yield           L24-CB2 {'rot': 0.00079}
  t=  15.38  cb_yield           L24-CB3 {'rot': 0.00107}
  t=  15.38  cb_yield           L25-CB2 {'rot': 0.00075}
  t=  15.38  cb_yield           L25-CB3 {'rot': 0.00099}
  t=  15.38  cb_yield           L26-CB3 {'rot': 0.00089}
  t=  15.38  cb_yield           L27-CB3 {'rot': 0.00076}
  t=  16.13  cb_yield           L26-CB2 {'rot': 0.00136}
  t=  16.13  cb_yield           L27-CB2 {'rot': 0.00107}
  t=  16.13  cb_yield           L28-CB2 {'rot': 0.00077}
  t=  16.13  cb_yield           L28-CB3 {'rot': 0.00086}
  t=  16.25  cb_yield           L29-CB3 {'rot': 0.00076}
  t=  19.50  cb_yield           L27-CB0 {'rot': 0.00103}
  t=  19.50  cb_yield           L27-CB1 {'rot': 0.00113}
  t=  19.50  cb_yield           L28-CB0 {'rot': 0.00076}
  t=  19.50  cb_yield           L28-CB1 {'rot': 0.00085}
  t=  19.62  cb_yield           L29-CB0 {'rot': 0.00081}
  t=  19.62  cb_yield           L29-CB1 {'rot': 0.00085}
  t=  19.75  cb_yield           L30-CB1 {'rot': 0.00076}
  progress t=  20.0s  max corner drift so far=0.0044  wall clock=247s
  progress t=  30.0s  max corner drift so far=0.0045  wall clock=384s
  t=  33.37  cb_yield           L29-CB2 {'rot': 0.00078}
  t=  33.62  cb_yield           L30-CB2 {'rot': 0.00116}
  t=  33.62  cb_yield           L30-CB3 {'rot': 0.00102}
  t=  33.62  cb_yield           L31-CB2 {'rot': 0.00083}
  t=  33.75  cb_yield           L31-CB3 {'rot': 0.00074}
  t=  39.62  cb_yield           L30-CB0 {'rot': 0.00082}
  progress t=  40.0s  max corner drift so far=0.0062  wall clock=531s
  progress t=  50.0s  max corner drift so far=0.0062  wall clock=670s
  progress t=  60.0s  max corner drift so far=0.0062  wall clock=808s
  t=  65.25  cb_yield           L31-CB1 {'rot': 0.00081}
  t=  65.25  cb_yield           L32-CB2 {'rot': 0.00098}
  t=  65.25  cb_yield           L33-CB2 {'rot': 0.00082}
  t=  65.37  cb_yield           L32-CB1 {'rot': 0.00075}
  t=  65.37  cb_yield           L32-CB3 {'rot': 0.00086}
  progress t=  70.0s  max corner drift so far=0.0062  wall clock=965s
  t=  72.37  cb_yield           L31-CB0 {'rot': 0.00081}
  t=  73.87  cb_failure         L10-CB2 {'rot': 0.02477}
  t=  73.87  cb_failure         L11-CB2 {'rot': 0.02483}
  t=  74.00  cb_failure         L9-CB2 {'rot': 0.02484}
  t=  74.00  cb_failure         L12-CB2 {'rot': 0.02494}
  progress t=  80.0s  max corner drift so far=0.0086  wall clock=1122s
  t=  80.63  cb_failure         L12-CB3 {'rot': 0.02471}
  t=  80.75  cb_failure         L8-CB2 {'rot': 0.02576}
  t=  80.75  cb_failure         L8-CB3 {'rot': 0.02474}
  t=  80.75  cb_failure         L9-CB3 {'rot': 0.02572}
  t=  80.75  cb_failure         L10-CB3 {'rot': 0.02633}
  t=  80.75  cb_failure         L11-CB3 {'rot': 0.02668}
  t=  80.75  cb_failure         L13-CB2 {'rot': 0.02635}
  t=  80.75  cb_failure         L13-CB3 {'rot': 0.02659}
  t=  80.75  cb_failure         L14-CB2 {'rot': 0.02558}
  t=  80.75  cb_failure         L14-CB3 {'rot': 0.02611}
  t=  80.75  cb_failure         L15-CB3 {'rot': 0.02535}
  t=  80.88  cb_failure         L7-CB2 {'rot': 0.02522}
  t=  80.88  cb_failure         L15-CB2 {'rot': 0.02588}
  t=  80.88  cb_failure         L16-CB3 {'rot': 0.02574}
  t=  81.00  cb_failure         L16-CB2 {'rot': 0.02554}
  t=  81.00  cb_failure         L17-CB3 {'rot': 0.02496}
  t=  81.13  cb_failure         L6-CB2 {'rot': 0.02508}
  t=  81.13  cb_failure         L7-CB3 {'rot': 0.02499}
  t=  81.38  cb_failure         L5-CB2 {'rot': 0.02471}
  t=  81.38  cb_failure         L6-CB3 {'rot': 0.02474}
  progress t=  90.0s  max corner drift so far=0.0116  wall clock=1289s
  progress t= 100.0s  max corner drift so far=0.0116  wall clock=1445s
  progress t= 110.0s  max corner drift so far=0.0116  wall clock=1588s
  progress t= 120.0s  max corner drift so far=0.0116  wall clock=1722s
