  t=   2.62  cb_yield           L5-CB3 {'rot': 0.00069}
  t=   4.00  cb_yield           L3-CB3 {'rot': 0.00069}
  t=   4.00  cb_yield           L4-CB3 {'rot': 0.00069}
  t=   4.12  cb_yield           L1-CB3 {'rot': 0.0009}
  t=   4.12  cb_yield           L2-CB3 {'rot': 0.00104}
  t=   4.12  cb_yield           L6-CB3 {'rot': 0.00097}
  t=   4.12  cb_yield           L7-CB3 {'rot': 0.00091}
  t=   4.12  cb_yield           L8-CB3 {'rot': 0.00084}
  t=   4.12  cb_yield           L9-CB3 {'rot': 0.00078}
  t=   4.12  cb_yield           L10-CB3 {'rot': 0.00073}
  t=   4.25  cb_yield           L1-CB1 {'rot': 0.00095}
  t=   4.25  cb_yield           L2-CB1 {'rot': 0.00101}
  t=   4.25  cb_yield           L3-CB1 {'rot': 0.00089}
  t=   4.25  cb_yield           L4-CB1 {'rot': 0.00073}
  t=   4.25  cb_yield           L11-CB3 {'rot': 0.00075}
  t=   4.25  cb_yield           L12-CB3 {'rot': 0.00069}
  t=   4.37  cb_yield           L5-CB1 {'rot': 0.00091}
  t=   4.37  cb_yield           L6-CB1 {'rot': 0.00072}
  t=   5.75  cb_yield           L2-CB0 {'rot': 0.00088}
  t=   5.75  cb_yield           L3-CB0 {'rot': 0.00105}
  t=   5.75  cb_yield           L4-CB0 {'rot': 0.00117}
  t=   5.75  cb_yield           L5-CB0 {'rot': 0.00124}
  t=   5.75  cb_yield           L6-CB0 {'rot': 0.00127}
  t=   5.75  cb_yield           L7-CB0 {'rot': 0.00127}
  t=   5.75  cb_yield           L7-CB1 {'rot': 0.00148}
  t=   5.75  cb_yield           L8-CB0 {'rot': 0.00124}
  t=   5.75  cb_yield           L8-CB1 {'rot': 0.00146}
  t=   5.75  cb_yield           L9-CB0 {'rot': 0.00118}
  t=   5.75  cb_yield           L9-CB1 {'rot': 0.00142}
  t=   5.75  cb_yield           L10-CB0 {'rot': 0.00111}
  t=   5.75  cb_yield           L10-CB1 {'rot': 0.00137}
  t=   5.75  cb_yield           L11-CB0 {'rot': 0.00103}
  t=   5.75  cb_yield           L11-CB1 {'rot': 0.0013}
  t=   5.75  cb_yield           L12-CB0 {'rot': 0.00094}
  t=   5.75  cb_yield           L12-CB1 {'rot': 0.00122}
  t=   5.75  cb_yield           L13-CB0 {'rot': 0.00085}
  t=   5.75  cb_yield           L13-CB1 {'rot': 0.00113}
  t=   5.75  cb_yield           L14-CB0 {'rot': 0.00077}
  t=   5.75  cb_yield           L14-CB1 {'rot': 0.00103}
  t=   5.75  cb_yield           L15-CB0 {'rot': 0.0007}
  t=   5.75  cb_yield           L15-CB1 {'rot': 0.00094}
  t=   5.75  cb_yield           L16-CB1 {'rot': 0.00085}
  t=   5.75  cb_yield           L17-CB1 {'rot': 0.0008}
  t=   5.88  cb_yield           L1-CB0 {'rot': 0.0011}
  t=   5.88  cb_yield           L16-CB0 {'rot': 0.00096}
  t=   5.88  cb_yield           L17-CB0 {'rot': 0.00084}
  t=   5.88  cb_yield           L18-CB1 {'rot': 0.00089}
  t=   5.88  cb_yield           L19-CB1 {'rot': 0.00077}
  t=   6.00  cb_yield           L18-CB0 {'rot': 0.00103}
  t=   6.00  cb_yield           L19-CB0 {'rot': 0.00083}
  t=   6.00  cb_yield           L20-CB1 {'rot': 0.00084}
  t=   6.13  cb_yield           L20-CB0 {'rot': 0.00101}
  t=   6.13  cb_yield           L21-CB0 {'rot': 0.0008}
  t=   6.13  cb_yield           L21-CB1 {'rot': 0.00097}
  t=   6.13  cb_yield           L22-CB1 {'rot': 0.00077}
  t=   6.25  cb_yield           L1-CB2 {'rot': 0.00081}
  t=   6.25  cb_yield           L2-CB2 {'rot': 0.00086}
  t=   6.25  cb_yield           L3-CB2 {'rot': 0.00078}
  t=   6.25  cb_yield           L4-CB2 {'rot': 0.0007}
  t=   6.25  cb_yield           L22-CB0 {'rot': 0.00094}
  t=   6.25  cb_yield           L23-CB0 {'rot': 0.00075}
  t=   6.25  cb_yield           L23-CB1 {'rot': 0.00089}
  t=   6.38  cb_yield           L5-CB2 {'rot': 0.00069}
  t=   6.38  cb_yield           L24-CB0 {'rot': 0.00089}
  t=   6.38  cb_yield           L24-CB1 {'rot': 0.00103}
  t=   6.38  cb_yield           L25-CB1 {'rot': 0.00082}
  t=   6.50  cb_yield           L25-CB0 {'rot': 0.00095}
  t=   6.50  cb_yield           L26-CB1 {'rot': 0.00084}
  t=   6.63  cb_yield           L26-CB0 {'rot': 0.00084}
  t=   8.13  cb_yield           L27-CB0 {'rot': 0.00075}
  t=   8.13  cb_yield           L27-CB1 {'rot': 0.00092}
  t=   8.75  cb_yield           L9-CB2 {'rot': 0.00072}
  t=   8.75  cb_yield           L10-CB2 {'rot': 0.00081}
  t=   8.75  cb_yield           L11-CB2 {'rot': 0.00085}
  t=   8.75  cb_yield           L12-CB2 {'rot': 0.00087}
  t=   8.75  cb_yield           L13-CB2 {'rot': 0.00086}
  t=   8.75  cb_yield           L13-CB3 {'rot': 0.00069}
  t=   8.75  cb_yield           L14-CB2 {'rot': 0.00079}
  t=   8.88  cb_yield           L8-CB2 {'rot': 0.00075}
  t=   8.88  cb_yield           L14-CB3 {'rot': 0.00079}
  t=   8.88  cb_yield           L15-CB2 {'rot': 0.00092}
  t=   8.88  cb_yield           L15-CB3 {'rot': 0.00071}
  t=   8.88  cb_yield           L16-CB2 {'rot': 0.0008}
  t=   8.88  cb_yield           L17-CB2 {'rot': 0.00074}
  t=   9.00  cb_yield           L6-CB2 {'rot': 0.00109}
  t=   9.00  cb_yield           L7-CB2 {'rot': 0.00111}
  t=   9.00  cb_yield           L16-CB3 {'rot': 0.00129}
  t=   9.00  cb_yield           L17-CB3 {'rot': 0.00126}
  t=   9.00  cb_yield           L18-CB2 {'rot': 0.00108}
  t=   9.00  cb_yield           L18-CB3 {'rot': 0.00119}
  t=   9.00  cb_yield           L19-CB2 {'rot': 0.00103}
  t=   9.00  cb_yield           L19-CB3 {'rot': 0.00113}
  t=   9.00  cb_yield           L20-CB2 {'rot': 0.00098}
  t=   9.00  cb_yield           L20-CB3 {'rot': 0.00107}
  t=   9.00  cb_yield           L21-CB2 {'rot': 0.00092}
  t=   9.00  cb_yield           L21-CB3 {'rot': 0.00105}
  t=   9.00  cb_yield           L22-CB2 {'rot': 0.0009}
  t=   9.00  cb_yield           L22-CB3 {'rot': 0.00101}
  t=   9.00  cb_yield           L23-CB2 {'rot': 0.00086}
  t=   9.00  cb_yield           L23-CB3 {'rot': 0.00096}
  t=   9.00  cb_yield           L24-CB2 {'rot': 0.00081}
  t=   9.00  cb_yield           L24-CB3 {'rot': 0.0009}
  t=   9.00  cb_yield           L25-CB2 {'rot': 0.00077}
  t=   9.00  cb_yield           L25-CB3 {'rot': 0.00084}
  t=   9.00  cb_yield           L26-CB3 {'rot': 0.00079}
  progress t=  10.0s  max corner drift so far=0.0036  wall clock=111s
  t=  11.00  cb_yield           L26-CB2 {'rot': 0.00091}
  t=  11.00  cb_yield           L27-CB2 {'rot': 0.00081}
  t=  11.00  cb_yield           L27-CB3 {'rot': 0.0009}
  t=  11.00  cb_yield           L28-CB3 {'rot': 0.00076}
  t=  11.13  cb_yield           L28-CB0 {'rot': 0.0008}
  t=  11.13  cb_yield           L28-CB1 {'rot': 0.00085}
  t=  11.13  cb_yield           L28-CB2 {'rot': 0.00078}
  t=  11.25  cb_yield           L29-CB0 {'rot': 0.00079}
  t=  11.25  cb_yield           L29-CB1 {'rot': 0.0009}
  t=  12.50  cb_failure         L4-CB2 {'rot': 0.02582}
  t=  12.50  cb_failure         L5-CB2 {'rot': 0.0272}
  t=  12.50  cb_failure         L6-CB2 {'rot': 0.02709}
  t=  12.50  cb_failure         L7-CB2 {'rot': 0.02595}
  t=  12.63  cb_failure         L3-CB2 {'rot': 0.02601}
  t=  12.63  cb_failure         L8-CB2 {'rot': 0.02735}
  t=  12.75  cb_failure         L5-CB3 {'rot': 0.02492}
  t=  12.88  cb_failure         L4-CB3 {'rot': 0.02469}
  t=  12.88  cb_failure         L6-CB3 {'rot': 0.02617}
  t=  12.88  cb_failure         L7-CB3 {'rot': 0.02542}
  t=  12.88  cb_failure         L9-CB2 {'rot': 0.02866}
  t=  13.00  cb_failure         L8-CB3 {'rot': 0.0264}
  t=  13.00  cb_failure         L9-CB3 {'rot': 0.02514}
  t=  13.00  cb_failure         L10-CB2 {'rot': 0.02935}
  t=  13.00  cb_failure         L11-CB2 {'rot': 0.02653}
  t=  13.13  cb_failure         L10-CB3 {'rot': 0.0265}
  t=  13.13  cb_failure         L11-CB3 {'rot': 0.02537}
  t=  13.13  cb_failure         L12-CB2 {'rot': 0.02902}
  t=  13.13  cb_failure         L13-CB2 {'rot': 0.02685}
  t=  13.25  cb_failure         L12-CB3 {'rot': 0.02682}
  t=  13.25  cb_failure         L13-CB3 {'rot': 0.02583}
  t=  13.25  cb_failure         L14-CB2 {'rot': 0.02822}
  t=  13.25  cb_failure         L15-CB2 {'rot': 0.02585}
  t=  13.38  cb_failure         L14-CB3 {'rot': 0.02604}
  t=  13.38  cb_failure         L15-CB3 {'rot': 0.0247}
  t=  13.38  cb_failure         L16-CB2 {'rot': 0.02643}
  t=  13.38  cb_yield           L29-CB3 {'rot': 0.00085}
  t=  13.50  cb_yield           L30-CB3 {'rot': 0.00078}
  t=  13.63  cb_yield           L31-CB3 {'rot': 0.00078}
  t=  13.75  cb_yield           L30-CB0 {'rot': 0.001}
  t=  13.75  cb_yield           L31-CB0 {'rot': 0.00079}
  t=  13.75  cb_yield           L32-CB3 {'rot': 0.00086}
  t=  13.88  cb_yield           L32-CB0 {'rot': 0.00167}
  t=  13.88  cb_yield           L33-CB0 {'rot': 0.00147}
  t=  13.88  cb_yield           L33-CB3 {'rot': 0.00091}
  t=  14.00  cb_yield           L30-CB1 {'rot': 0.00124}
  t=  14.00  cb_yield           L31-CB1 {'rot': 0.00089}
  t=  14.13  cb_yield           L32-CB1 {'rot': 0.00077}
  t=  15.00  cb_failure         L5-CB0 {'rot': 0.02592}
  t=  15.00  cb_failure         L6-CB0 {'rot': 0.02657}
  t=  15.00  cb_failure         L7-CB0 {'rot': 0.02596}
  t=  15.13  cb_failure         L6-CB1 {'rot': 0.02501}
  t=  15.13  cb_failure         L7-CB1 {'rot': 0.02515}
  t=  15.13  cb_failure         L8-CB0 {'rot': 0.0263}
  t=  15.88  cb_failure         L16-CB3 {'rot': 0.026}
  t=  16.00  cb_failure         L17-CB2 {'rot': 0.02636}
  t=  16.00  cb_failure         L17-CB3 {'rot': 0.02849}
  t=  16.13  cb_failure         L18-CB2 {'rot': 0.02826}
  t=  16.13  cb_failure         L18-CB3 {'rot': 0.03107}
  t=  16.13  cb_failure         L19-CB3 {'rot': 0.02586}
  t=  16.25  cb_failure         L3-CB3 {'rot': 0.02678}
  t=  16.25  cb_failure         L19-CB2 {'rot': 0.02818}
  t=  16.25  cb_failure         L20-CB3 {'rot': 0.0271}
  t= 16.350  solver fallback: NewtonLineSearch
  t=  16.38  cb_failure         L20-CB2 {'rot': 0.0257}
  t=  16.38  cb_failure         L21-CB3 {'rot': 0.02519}
