  t=   3.12  cb_yield           L3-CB3 {'rot': 0.00073}
  t=   3.12  cb_yield           L4-CB3 {'rot': 0.00079}
  t=   3.12  cb_yield           L5-CB3 {'rot': 0.00083}
  t=   3.12  cb_yield           L6-CB3 {'rot': 0.00084}
  t=   3.12  cb_yield           L7-CB3 {'rot': 0.00084}
  t=   3.12  cb_yield           L8-CB3 {'rot': 0.00083}
  t=   3.12  cb_yield           L9-CB3 {'rot': 0.00081}
  t=   3.12  cb_yield           L10-CB3 {'rot': 0.00078}
  t=   3.12  cb_yield           L11-CB3 {'rot': 0.00075}
  t=   3.12  cb_yield           L12-CB3 {'rot': 0.00071}
  t=   3.12  cb_yield           L13-CB3 {'rot': 0.0007}
  t=   3.12  cb_yield           L14-CB3 {'rot': 0.00069}
  t=   3.25  cb_yield           L2-CB3 {'rot': 0.00082}
  t=   3.25  cb_yield           L15-CB3 {'rot': 0.00126}
  t=   3.25  cb_yield           L16-CB3 {'rot': 0.00119}
  t=   3.25  cb_yield           L17-CB3 {'rot': 0.00115}
  t=   3.25  cb_yield           L18-CB3 {'rot': 0.00106}
  t=   3.25  cb_yield           L19-CB3 {'rot': 0.00097}
  t=   3.25  cb_yield           L20-CB3 {'rot': 0.00088}
  t=   3.25  cb_yield           L21-CB3 {'rot': 0.00079}
  t=   3.37  cb_yield           L1-CB3 {'rot': 0.00087}
  t=   3.37  cb_yield           L8-CB2 {'rot': 0.00074}
  t=   3.37  cb_yield           L15-CB2 {'rot': 0.00069}
  t=   3.37  cb_yield           L16-CB2 {'rot': 0.00071}
  t=   3.37  cb_yield           L17-CB2 {'rot': 0.00074}
  t=   3.37  cb_yield           L22-CB3 {'rot': 0.00076}
  t=   3.50  cb_yield           L6-CB2 {'rot': 0.00071}
  t=   3.50  cb_yield           L7-CB2 {'rot': 0.00078}
  t=   3.50  cb_yield           L9-CB2 {'rot': 0.00072}
  t=   3.50  cb_yield           L10-CB2 {'rot': 0.0007}
  t=   3.50  cb_yield           L11-CB2 {'rot': 0.0007}
  t=   3.50  cb_yield           L12-CB2 {'rot': 0.0007}
  t=   3.50  cb_yield           L13-CB2 {'rot': 0.0007}
  t=   3.50  cb_yield           L14-CB2 {'rot': 0.0007}
  t=   3.62  cb_yield           L1-CB1 {'rot': 0.0011}
  t=   3.62  cb_yield           L2-CB1 {'rot': 0.00126}
  t=   3.62  cb_yield           L2-CB2 {'rot': 0.0007}
  t=   3.62  cb_yield           L3-CB1 {'rot': 0.00126}
  t=   3.62  cb_yield           L3-CB2 {'rot': 0.00072}
  t=   3.62  cb_yield           L4-CB1 {'rot': 0.00122}
  t=   3.62  cb_yield           L4-CB2 {'rot': 0.00078}
  t=   3.62  cb_yield           L5-CB1 {'rot': 0.00112}
  t=   3.62  cb_yield           L5-CB2 {'rot': 0.0008}
  t=   3.62  cb_yield           L6-CB1 {'rot': 0.00097}
  t=   3.62  cb_yield           L7-CB1 {'rot': 0.00082}
  t=   3.62  cb_yield           L8-CB1 {'rot': 0.0007}
  t=   3.75  cb_yield           L1-CB2 {'rot': 0.00078}
  t=   3.75  cb_yield           L9-CB1 {'rot': 0.00077}
  t=   3.87  cb_yield           L10-CB1 {'rot': 0.00071}
  t=   4.00  cb_yield           L11-CB1 {'rot': 0.0007}
  t=   4.12  cb_yield           L12-CB1 {'rot': 0.00079}
  t=   4.25  cb_yield           L13-CB1 {'rot': 0.00093}
  t=   4.25  cb_yield           L14-CB1 {'rot': 0.00078}
  t=   4.37  cb_yield           L15-CB1 {'rot': 0.00095}
  t=   4.37  cb_yield           L16-CB1 {'rot': 0.00081}
  t=   4.50  cb_yield           L17-CB1 {'rot': 0.0009}
  t=   4.50  cb_yield           L18-CB1 {'rot': 0.00076}
  t=   4.62  cb_yield           L2-CB0 {'rot': 0.00081}
  t=   4.62  cb_yield           L3-CB0 {'rot': 0.00083}
  t=   4.62  cb_yield           L4-CB0 {'rot': 0.00085}
  t=   4.62  cb_yield           L5-CB0 {'rot': 0.00084}
  t=   4.62  cb_yield           L6-CB0 {'rot': 0.00081}
  t=   4.62  cb_yield           L7-CB0 {'rot': 0.00079}
  t=   4.62  cb_yield           L8-CB0 {'rot': 0.00079}
  t=   4.62  cb_yield           L19-CB1 {'rot': 0.0008}
  t=   4.75  cb_yield           L1-CB0 {'rot': 0.00084}
  t=   4.75  cb_yield           L9-CB0 {'rot': 0.00117}
  t=   4.75  cb_yield           L10-CB0 {'rot': 0.00105}
  t=   4.75  cb_yield           L11-CB0 {'rot': 0.00097}
  t=   4.75  cb_yield           L12-CB0 {'rot': 0.00092}
  t=   4.75  cb_yield           L13-CB0 {'rot': 0.00086}
  t=   4.75  cb_yield           L14-CB0 {'rot': 0.00081}
  t=   4.75  cb_yield           L15-CB0 {'rot': 0.00075}
  t=   4.75  cb_yield           L16-CB0 {'rot': 0.0007}
  t=   4.75  cb_yield           L20-CB1 {'rot': 0.00078}
  t=   4.88  cb_yield           L17-CB0 {'rot': 0.00084}
  t=   4.88  cb_yield           L18-CB0 {'rot': 0.00075}
  t=   5.00  cb_yield           L19-CB0 {'rot': 0.00074}
  t=   5.38  cb_yield           L20-CB0 {'rot': 0.00086}
  t=   5.38  cb_yield           L21-CB0 {'rot': 0.00074}
  t=   5.38  cb_yield           L21-CB1 {'rot': 0.00084}
  t=   5.50  cb_yield           L22-CB1 {'rot': 0.00077}
  t=   6.75  cb_yield           L22-CB0 {'rot': 0.00096}
  t=   6.75  cb_yield           L23-CB0 {'rot': 0.00076}
  t=   6.75  cb_yield           L23-CB1 {'rot': 0.00091}
  t=   6.75  cb_yield           L24-CB1 {'rot': 0.00074}
  t=   6.88  cb_yield           L24-CB0 {'rot': 0.00087}
  t=   6.88  cb_yield           L25-CB1 {'rot': 0.00076}
  t=   7.00  cb_yield           L25-CB0 {'rot': 0.00086}
  t=   7.00  cb_yield           L26-CB1 {'rot': 0.00075}
  t=   8.00  cb_yield           L26-CB0 {'rot': 0.00097}
  t=   8.00  cb_yield           L27-CB0 {'rot': 0.00078}
  t=   8.00  cb_yield           L27-CB1 {'rot': 0.00092}
  t=   8.00  cb_yield           L28-CB1 {'rot': 0.00075}
  t=   8.38  cb_yield           L18-CB2 {'rot': 0.00095}
  t=   8.38  cb_yield           L19-CB2 {'rot': 0.00077}
  t=   8.38  cb_yield           L23-CB3 {'rot': 0.00087}
  t=   8.38  cb_yield           L24-CB3 {'rot': 0.00079}
  t=   8.50  cb_yield           L20-CB2 {'rot': 0.00153}
  t=   8.50  cb_yield           L21-CB2 {'rot': 0.00136}
  t=   8.50  cb_yield           L22-CB2 {'rot': 0.0012}
  t=   8.50  cb_yield           L23-CB2 {'rot': 0.00103}
  t=   8.50  cb_yield           L24-CB2 {'rot': 0.00087}
  t=   8.50  cb_yield           L25-CB3 {'rot': 0.00098}
  t=   8.50  cb_yield           L26-CB3 {'rot': 0.00082}
  progress t=  10.0s  max corner drift so far=0.0036  wall clock=162s
  t=  10.13  cb_yield           L25-CB2 {'rot': 0.00148}
  t=  10.13  cb_yield           L26-CB2 {'rot': 0.00118}
  t=  10.13  cb_yield           L27-CB2 {'rot': 0.00093}
  t=  10.13  cb_yield           L27-CB3 {'rot': 0.00094}
  t=  10.13  cb_yield           L28-CB0 {'rot': 0.00116}
  t=  10.13  cb_yield           L28-CB2 {'rot': 0.00075}
  t=  10.13  cb_yield           L28-CB3 {'rot': 0.00078}
  t=  10.13  cb_yield           L29-CB0 {'rot': 0.00092}
  t=  10.13  cb_yield           L29-CB1 {'rot': 0.001}
  t=  10.13  cb_yield           L30-CB1 {'rot': 0.00078}
  t=  10.25  cb_yield           L30-CB0 {'rot': 0.00085}
  t=  11.00  cb_yield           L31-CB1 {'rot': 0.00075}
  t=  11.13  cb_failure         L4-CB1 {'rot': 0.02485}
  t=  11.13  cb_failure         L5-CB1 {'rot': 0.02781}
  t=  11.13  cb_failure         L5-CB3 {'rot': 0.02605}
  t=  11.13  cb_failure         L6-CB1 {'rot': 0.02954}
  t=  11.13  cb_failure         L6-CB3 {'rot': 0.02737}
  t=  11.13  cb_failure         L7-CB1 {'rot': 0.03037}
  t=  11.13  cb_failure         L7-CB3 {'rot': 0.02774}
  t=  11.13  cb_failure         L8-CB1 {'rot': 0.03055}
  t=  11.13  cb_failure         L8-CB3 {'rot': 0.02741}
  t=  11.13  cb_failure         L9-CB1 {'rot': 0.03015}
  t=  11.13  cb_failure         L9-CB3 {'rot': 0.02649}
  t=  11.13  cb_failure         L10-CB1 {'rot': 0.02916}
  t=  11.13  cb_failure         L10-CB3 {'rot': 0.02501}
  t=  11.13  cb_failure         L11-CB1 {'rot': 0.02774}
  t=  11.13  cb_failure         L12-CB1 {'rot': 0.02597}
  t=  11.25  cb_failure         L4-CB3 {'rot': 0.0258}
  t=  11.25  cb_failure         L11-CB3 {'rot': 0.03201}
  t=  11.25  cb_failure         L12-CB3 {'rot': 0.03089}
  t=  11.25  cb_failure         L13-CB1 {'rot': 0.03534}
  t=  11.25  cb_failure         L13-CB3 {'rot': 0.02919}
  t=  11.25  cb_failure         L14-CB1 {'rot': 0.03271}
  t=  11.25  cb_failure         L14-CB3 {'rot': 0.02655}
  t=  11.25  cb_failure         L15-CB1 {'rot': 0.02857}
  t=  11.38  cb_failure         L15-CB3 {'rot': 0.0337}
  t=  11.38  cb_failure         L16-CB1 {'rot': 0.03577}
  t=  11.38  cb_failure         L16-CB3 {'rot': 0.02998}
  t=  11.38  cb_failure         L17-CB1 {'rot': 0.02967}
  t=  11.50  cb_failure         L7-CB0 {'rot': 0.02641}
  t=  11.50  cb_failure         L8-CB0 {'rot': 0.02787}
  t=  11.50  cb_failure         L9-CB0 {'rot': 0.02824}
  t=  11.50  cb_failure         L10-CB0 {'rot': 0.02866}
  t=  11.50  cb_failure         L11-CB0 {'rot': 0.02875}
  t=  11.50  cb_failure         L12-CB0 {'rot': 0.02845}
  t=  11.50  cb_failure         L13-CB0 {'rot': 0.0275}
  t=  11.50  cb_failure         L14-CB0 {'rot': 0.02588}
  t=  11.50  cb_failure         L17-CB3 {'rot': 0.03094}
  t=  11.50  cb_failure         L18-CB1 {'rot': 0.02903}
  t=  11.63  cb_failure         L6-CB0 {'rot': 0.02776}
  t=  11.63  cb_failure         L9-CB2 {'rot': 0.02601}
  t=  11.63  cb_failure         L10-CB2 {'rot': 0.02827}
  t=  11.63  cb_failure         L11-CB2 {'rot': 0.02976}
  t=  11.63  cb_failure         L12-CB2 {'rot': 0.03057}
  t=  11.63  cb_failure         L13-CB2 {'rot': 0.03074}
  t=  11.63  cb_failure         L14-CB2 {'rot': 0.03016}
  t=  11.63  cb_failure         L15-CB0 {'rot': 0.037}
  t=  11.63  cb_failure         L15-CB2 {'rot': 0.02879}
  t=  11.63  cb_failure         L16-CB0 {'rot': 0.03389}
  t=  11.63  cb_failure         L16-CB2 {'rot': 0.02631}
  t=  11.63  cb_failure         L17-CB0 {'rot': 0.02496}
  t=  11.63  cb_failure         L18-CB3 {'rot': 0.02597}
  t=  11.75  cb_failure         L8-CB2 {'rot': 0.0247}
  t=  11.88  cb_failure         L17-CB2 {'rot': 0.02491}
  t=  11.88  cb_failure         L18-CB0 {'rot': 0.02631}
  t=  11.88  cb_failure         L19-CB1 {'rot': 0.02645}
  t=  13.50  cb_yield           L29-CB3 {'rot': 0.00078}
  t=  14.50  cb_yield           L29-CB2 {'rot': 0.00089}
  t=  14.63  cb_yield           L30-CB2 {'rot': 0.00105}
  t=  14.63  cb_yield           L31-CB2 {'rot': 0.00083}
  t=  14.63  cb_yield           L32-CB1 {'rot': 0.00078}
  t=  16.25  cb_yield           L30-CB3 {'rot': 0.00079}
  t=  16.25  cb_yield           L31-CB0 {'rot': 0.00099}
  t=  16.38  cb_yield           L31-CB3 {'rot': 0.00101}
  t=  16.38  cb_yield           L32-CB0 {'rot': 0.00102}
  t=  16.38  cb_yield           L32-CB3 {'rot': 0.00083}
  t=  16.38  cb_yield           L33-CB0 {'rot': 0.00084}
  t=  16.50  cb_yield           L33-CB3 {'rot': 0.00084}
  t=  16.75  cb_failure         L4-CB2 {'rot': 0.02487}
  t=  16.75  cb_failure         L5-CB2 {'rot': 0.02794}
  t=  16.75  cb_failure         L6-CB2 {'rot': 0.02997}
  t=  16.75  cb_failure         L7-CB2 {'rot': 0.03124}
  t=  16.88  cb_failure         L3-CB3 {'rot': 0.02618}
  t=  17.00  cb_failure         L3-CB2 {'rot': 0.02743}
  t=  17.00  cb_failure         L18-CB2 {'rot': 0.02881}
  t=  17.13  cb_failure         L19-CB2 {'rot': 0.02984}
  t=  17.13  cb_failure         L19-CB3 {'rot': 0.02931}
  t=  17.13  cb_failure         L20-CB2 {'rot': 0.02487}
  t=  17.25  cb_failure         L20-CB3 {'rot': 0.03239}
  t=  17.25  cb_failure         L21-CB2 {'rot': 0.02654}
  t=  17.25  cb_failure         L21-CB3 {'rot': 0.02749}
  t=  17.38  cb_failure         L22-CB2 {'rot': 0.02618}
  t=  17.38  cb_failure         L22-CB3 {'rot': 0.02846}
  t=  17.38  cb_yield           L33-CB1 {'rot': 0.00088}
  t=  17.50  cb_failure         L23-CB3 {'rot': 0.0248}
  t=  17.75  cb_failure         L5-CB0 {'rot': 0.02681}
  t=  17.75  cb_failure         L19-CB0 {'rot': 0.02734}
  t=  17.75  cb_failure         L20-CB1 {'rot': 0.02899}
  t=  17.88  cb_failure         L4-CB0 {'rot': 0.02523}
  t=  17.88  cb_failure         L20-CB0 {'rot': 0.02675}
  t=  17.88  cb_failure         L21-CB1 {'rot': 0.02943}
  t=  18.00  cb_failure         L22-CB1 {'rot': 0.02855}
  t=  18.00  cb_failure         L23-CB2 {'rot': 0.02786}
  t=  18.00  cb_failure         L24-CB3 {'rot': 0.02717}
  t=  18.13  cb_failure         L3-CB0 {'rot': 0.02643}
  t=  18.13  cb_failure         L21-CB0 {'rot': 0.02753}
  t=  18.25  cb_failure         L2-CB3 {'rot': 0.02571}
  t=  18.25  cb_failure         L3-CB1 {'rot': 0.02959}
  t=  18.25  cb_failure         L23-CB1 {'rot': 0.02504}
  t=  18.38  cb_failure         L2-CB0 {'rot': 0.02607}
  t=  18.38  cb_failure         L2-CB2 {'rot': 0.02499}
  t=  18.38  cb_failure         L22-CB0 {'rot': 0.02512}
  t=  18.50  cb_failure         L2-CB1 {'rot': 0.02974}
  t=  18.75  cb_failure         L1-CB1 {'rot': 0.02686}
  t=  18.87  punching           L13-col10 {'drift': np.float64(0.024), 'vg_vc': 0.32, 'conn': 'column'}
  t= 18.925  solver fallback: NewtonLineSearch
  t=  18.95  punching           L8-col4 {'drift': np.float64(0.0287), 'vg_vc': 0.233, 'conn': 'column'}
  t=  18.95  punching           L8-col10 {'drift': np.float64(0.0264), 'vg_vc': 0.272, 'conn': 'column'}
  t=  18.95  punching           L9-col4 {'drift': np.float64(0.0287), 'vg_vc': 0.234, 'conn': 'column'}
  t=  18.95  punching           L9-col10 {'drift': np.float64(0.0265), 'vg_vc': 0.272, 'conn': 'column'}
  t=  18.95  punching           L10-col4 {'drift': np.float64(0.0286), 'vg_vc': 0.234, 'conn': 'column'}
  t=  18.95  punching           L10-col10 {'drift': np.float64(0.0265), 'vg_vc': 0.272, 'conn': 'column'}
  t=  18.95  punching           L13-col4 {'drift': np.float64(0.0267), 'vg_vc': 0.276, 'conn': 'column'}
  t=  18.95  punching           L14-col10 {'drift': np.float64(0.0243), 'vg_vc': 0.32, 'conn': 'column'}
  t=  18.97  punching           L7-col4 {'drift': np.float64(0.0284), 'vg_vc': 0.234, 'conn': 'column'}
  t=  18.97  punching           L11-col4 {'drift': np.float64(0.0288), 'vg_vc': 0.234, 'conn': 'column'}
  t=  18.97  punching           L11-col10 {'drift': np.float64(0.0267), 'vg_vc': 0.272, 'conn': 'column'}
  t=  19.00  punching           L7-corecL24 {'drift': np.float64(0.0238), 'vg_vc': 0.342, 'conn': 'wall'}
  t=  19.00  punching           L8-col5 {'drift': np.float64(0.0286), 'vg_vc': 0.247, 'conn': 'column'}
  t=  19.00  punching           L8-corecL24 {'drift': np.float64(0.0246), 'vg_vc': 0.408, 'conn': 'wall'}
  t=  19.00  punching           L9-col5 {'drift': np.float64(0.0288), 'vg_vc': 0.247, 'conn': 'column'}
  t=  19.00  punching           L9-corecL24 {'drift': np.float64(0.0249), 'vg_vc': 0.372, 'conn': 'wall'}
  t=  19.00  punching           L10-col5 {'drift': np.float64(0.0288), 'vg_vc': 0.243, 'conn': 'column'}
  t=  19.00  punching           L10-corecL24 {'drift': np.float64(0.0249), 'vg_vc': 0.442, 'conn': 'wall'}
  t=  19.00  punching           L11-col5 {'drift': np.float64(0.0286), 'vg_vc': 0.238, 'conn': 'column'}
  t=  19.00  punching           L11-corecL24 {'drift': np.float64(0.0249), 'vg_vc': 0.4, 'conn': 'wall'}
  t=  19.00  punching           L12-corecL24 {'drift': np.float64(0.0246), 'vg_vc': 0.422, 'conn': 'wall'}
  t=  19.00  punching           L13-col5 {'drift': np.float64(0.0271), 'vg_vc': 0.286, 'conn': 'column'}
  t=  19.00  punching           L13-col11 {'drift': np.float64(0.0251), 'vg_vc': 0.441, 'conn': 'column'}
  t=  19.00  punching           L13-corecL24 {'drift': np.float64(0.0239), 'vg_vc': 0.401, 'conn': 'wall'}
  t=  19.00  punching           L14-col4 {'drift': np.float64(0.0266), 'vg_vc': 0.293, 'conn': 'column'}
  t=  19.00  punching           L14-corecL24 {'drift': np.float64(0.0231), 'vg_vc': 0.378, 'conn': 'wall'}
