  t=   8.38  cb_yield           L4-CB3 {'rot': 0.0007}
  t=   8.38  cb_yield           L5-CB3 {'rot': 0.0007}
  t=   8.38  cb_yield           L6-CB3 {'rot': 0.0007}
  t=   8.38  cb_yield           L7-CB3 {'rot': 0.00069}
  t=   8.50  cb_yield           L2-CB3 {'rot': 0.00073}
  t=   8.50  cb_yield           L3-CB2 {'rot': 0.00075}
  t=   8.50  cb_yield           L3-CB3 {'rot': 0.00083}
  t=   8.50  cb_yield           L4-CB2 {'rot': 0.00082}
  t=   8.50  cb_yield           L5-CB2 {'rot': 0.00086}
  t=   8.50  cb_yield           L6-CB2 {'rot': 0.00087}
  t=   8.50  cb_yield           L7-CB2 {'rot': 0.00086}
  t=   8.50  cb_yield           L8-CB2 {'rot': 0.00084}
  t=   8.50  cb_yield           L8-CB3 {'rot': 0.00091}
  t=   8.50  cb_yield           L9-CB2 {'rot': 0.0008}
  t=   8.50  cb_yield           L9-CB3 {'rot': 0.00086}
  t=   8.50  cb_yield           L10-CB2 {'rot': 0.00075}
  t=   8.50  cb_yield           L10-CB3 {'rot': 0.0008}
  t=   8.50  cb_yield           L11-CB2 {'rot': 0.0007}
  t=   8.50  cb_yield           L11-CB3 {'rot': 0.00074}
  t=   8.50  cb_yield           L12-CB3 {'rot': 0.00069}
  t=   8.88  cb_yield           L3-CB1 {'rot': 0.00069}
  t=   8.88  cb_yield           L4-CB1 {'rot': 0.00069}
  progress t=  10.0s  max corner drift so far=0.0013  wall clock=127s
  t=  10.75  cb_yield           L5-CB1 {'rot': 0.00069}
  t=  10.75  cb_yield           L6-CB1 {'rot': 0.00069}
  t=  10.75  cb_yield           L7-CB1 {'rot': 0.00069}
  t=  10.75  cb_yield           L8-CB1 {'rot': 0.00069}
  t=  10.88  cb_yield           L7-CB0 {'rot': 0.00069}
  t=  10.88  cb_yield           L8-CB0 {'rot': 0.00071}
  t=  10.88  cb_yield           L9-CB0 {'rot': 0.00072}
  t=  10.88  cb_yield           L9-CB1 {'rot': 0.00089}
  t=  10.88  cb_yield           L10-CB0 {'rot': 0.0007}
  t=  10.88  cb_yield           L10-CB1 {'rot': 0.00085}
  t=  10.88  cb_yield           L11-CB1 {'rot': 0.0008}
  t=  10.88  cb_yield           L12-CB1 {'rot': 0.00075}
  t=  10.88  cb_yield           L13-CB1 {'rot': 0.00072}
  t=  10.88  cb_yield           L14-CB1 {'rot': 0.0007}
  t=  10.88  cb_yield           L15-CB1 {'rot': 0.00069}
  t=  11.00  cb_yield           L11-CB0 {'rot': 0.00071}
  t=  11.00  cb_yield           L16-CB1 {'rot': 0.00073}
  t=  11.13  cb_yield           L2-CB1 {'rot': 0.00071}
  t=  11.13  cb_yield           L3-CB0 {'rot': 0.00075}
  t=  11.13  cb_yield           L4-CB0 {'rot': 0.00085}
  t=  11.13  cb_yield           L5-CB0 {'rot': 0.00092}
  t=  11.13  cb_yield           L6-CB0 {'rot': 0.00097}
  t=  11.13  cb_yield           L12-CB0 {'rot': 0.00071}
  t=  11.25  cb_yield           L2-CB0 {'rot': 0.00081}
  t=  11.25  cb_yield           L13-CB0 {'rot': 0.00078}
  t=  11.25  cb_yield           L14-CB0 {'rot': 0.00069}
  t=  11.88  cb_yield           L1-CB2 {'rot': 0.00079}
  t=  11.88  cb_yield           L1-CB3 {'rot': 0.00086}
  t=  11.88  cb_yield           L2-CB2 {'rot': 0.00085}
  t=  12.00  cb_yield           L1-CB0 {'rot': 0.00085}
  t=  12.13  cb_yield           L17-CB1 {'rot': 0.00076}
  t=  12.13  cb_yield           L18-CB1 {'rot': 0.00078}
  t=  12.13  cb_yield           L19-CB0 {'rot': 0.00074}
  t=  12.13  cb_yield           L19-CB1 {'rot': 0.00079}
  t=  12.13  cb_yield           L20-CB1 {'rot': 0.00079}
  t=  12.13  cb_yield           L21-CB1 {'rot': 0.00077}
  t=  12.13  cb_yield           L22-CB1 {'rot': 0.00076}
  t=  12.13  cb_yield           L23-CB1 {'rot': 0.00074}
  t=  12.25  cb_yield           L15-CB0 {'rot': 0.00085}
  t=  12.25  cb_yield           L16-CB0 {'rot': 0.00085}
  t=  12.25  cb_yield           L17-CB0 {'rot': 0.00091}
  t=  12.25  cb_yield           L18-CB0 {'rot': 0.0009}
  t=  12.25  cb_yield           L20-CB0 {'rot': 0.00086}
  t=  12.25  cb_yield           L21-CB0 {'rot': 0.00084}
  t=  12.25  cb_yield           L22-CB0 {'rot': 0.00079}
  t=  12.25  cb_yield           L24-CB1 {'rot': 0.00077}
  t=  12.38  cb_yield           L1-CB1 {'rot': 0.0009}
  t=  12.50  cb_yield           L12-CB2 {'rot': 0.00101}
  t=  12.50  cb_yield           L13-CB2 {'rot': 0.00078}
  t=  12.63  cb_yield           L14-CB2 {'rot': 0.001}
  t=  12.63  cb_yield           L15-CB2 {'rot': 0.00073}
  t=  12.88  cb_yield           L23-CB0 {'rot': 0.00077}
  t=  13.00  cb_yield           L16-CB2 {'rot': 0.00078}
  t=  13.25  cb_yield           L17-CB2 {'rot': 0.00095}
  t=  13.25  cb_yield           L18-CB2 {'rot': 0.00081}
  t=  13.38  cb_yield           L13-CB3 {'rot': 0.00077}
  t=  13.38  cb_yield           L19-CB2 {'rot': 0.00075}
  t=  14.50  cb_yield           L14-CB3 {'rot': 0.00082}
  t=  14.63  cb_yield           L15-CB3 {'rot': 0.00115}
  t=  14.63  cb_yield           L16-CB3 {'rot': 0.00092}
  t=  14.63  cb_yield           L17-CB3 {'rot': 0.00076}
  t=  14.75  cb_yield           L18-CB3 {'rot': 0.00097}
  t=  14.75  cb_yield           L19-CB3 {'rot': 0.0008}
  t=  14.88  cb_yield           L20-CB3 {'rot': 0.00092}
  t=  14.88  cb_yield           L21-CB3 {'rot': 0.00079}
  t=  16.88  cb_yield           L20-CB2 {'rot': 0.00105}
  t=  16.88  cb_yield           L21-CB2 {'rot': 0.00094}
  t=  16.88  cb_yield           L22-CB2 {'rot': 0.00083}
  t=  17.50  cb_yield           L24-CB0 {'rot': 0.00079}
  t=  19.25  cb_yield           L23-CB2 {'rot': 0.00077}
  t=  19.37  cb_yield           L22-CB3 {'rot': 0.00124}
  t=  19.37  cb_yield           L23-CB3 {'rot': 0.00114}
  t=  19.37  cb_yield           L24-CB2 {'rot': 0.00105}
  t=  19.37  cb_yield           L24-CB3 {'rot': 0.001}
  t=  19.37  cb_yield           L25-CB2 {'rot': 0.00086}
  t=  19.37  cb_yield           L25-CB3 {'rot': 0.00084}
  progress t=  20.0s  max corner drift so far=0.0040  wall clock=287s
  t=  20.50  cb_yield           L26-CB2 {'rot': 0.00075}
  t=  21.12  cb_yield           L25-CB0 {'rot': 0.00088}
  t=  21.12  cb_yield           L25-CB1 {'rot': 0.00098}
  t=  21.12  cb_yield           L26-CB1 {'rot': 0.00076}
  t=  21.25  cb_yield           L26-CB0 {'rot': 0.00108}
  t=  21.25  cb_yield           L27-CB0 {'rot': 0.0008}
  t=  21.25  cb_yield           L27-CB1 {'rot': 0.00087}
  t=  21.50  cb_yield           L28-CB0 {'rot': 0.00085}
  t=  21.50  cb_yield           L28-CB1 {'rot': 0.00081}
  t=  23.62  cb_yield           L26-CB3 {'rot': 0.00079}
  t=  23.75  cb_yield           L27-CB2 {'rot': 0.0008}
  t=  23.75  cb_yield           L27-CB3 {'rot': 0.00083}
  t=  24.62  cb_yield           L28-CB2 {'rot': 0.00089}
  t=  24.75  cb_yield           L28-CB3 {'rot': 0.00084}
  t=  24.87  cb_yield           L29-CB2 {'rot': 0.00077}
  t=  28.37  cb_yield           L29-CB3 {'rot': 0.00079}
  t=  30.00  cb_yield           L29-CB0 {'rot': 0.00082}
  progress t=  30.0s  max corner drift so far=0.0062  wall clock=464s
  t=  39.12  cb_yield           L29-CB1 {'rot': 0.00084}
  progress t=  40.0s  max corner drift so far=0.0062  wall clock=648s
  t=  44.75  cb_yield           L30-CB1 {'rot': 0.00102}
  t=  44.87  cb_yield           L31-CB1 {'rot': 0.00075}
  t=  45.37  cb_yield           L30-CB2 {'rot': 0.00076}
  progress t=  50.0s  max corner drift so far=0.0072  wall clock=830s
  progress t=  60.0s  max corner drift so far=0.0072  wall clock=1003s
  t=  61.12  cb_yield           L30-CB3 {'rot': 0.00079}
  t=  61.12  cb_yield           L31-CB2 {'rot': 0.00092}
  t=  61.25  cb_yield           L32-CB1 {'rot': 0.00075}
  t=  61.25  cb_yield           L32-CB2 {'rot': 0.00091}
  t=  61.25  cb_yield           L33-CB2 {'rot': 0.00074}
  t=  61.37  cb_yield           L31-CB3 {'rot': 0.00084}
  progress t=  70.0s  max corner drift so far=0.0072  wall clock=1186s
  progress t=  80.0s  max corner drift so far=0.0093  wall clock=1365s
  t=  80.25  cb_yield           L30-CB0 {'rot': 0.00078}
  t=  81.25  cb_yield           L31-CB0 {'rot': 0.0008}
  progress t=  90.0s  max corner drift so far=0.0096  wall clock=1543s
  t=  92.00  cb_yield           L32-CB0 {'rot': 0.00093}
  t=  92.00  cb_yield           L32-CB3 {'rot': 0.00077}
  t=  92.00  cb_yield           L33-CB0 {'rot': 0.00076}
  progress t= 100.0s  max corner drift so far=0.0101  wall clock=1732s
  t= 100.38  cb_yield           L33-CB3 {'rot': 0.00076}
  progress t= 110.0s  max corner drift so far=0.0101  wall clock=1908s
  progress t= 120.0s  max corner drift so far=0.0101  wall clock=2066s
