  t=   6.13  cb_yield           L4-CB3 {'rot': 0.00069}
  t=   7.75  cb_yield           L1-CB0 {'rot': 0.0007}
  t=   7.75  cb_yield           L1-CB1 {'rot': 0.00069}
  t=   7.75  cb_yield           L2-CB0 {'rot': 0.00078}
  t=   7.75  cb_yield           L2-CB1 {'rot': 0.00074}
  t=   7.75  cb_yield           L3-CB0 {'rot': 0.00075}
  t=   7.75  cb_yield           L3-CB1 {'rot': 0.0007}
  t=   7.75  cb_yield           L4-CB0 {'rot': 0.00072}
  t=   7.75  cb_yield           L4-CB1 {'rot': 0.00069}
  t=   7.75  cb_yield           L5-CB0 {'rot': 0.00069}
  t=   7.88  cb_yield           L2-CB3 {'rot': 0.0007}
  t=   8.13  cb_yield           L3-CB3 {'rot': 0.00069}
  t=   8.25  cb_yield           L5-CB3 {'rot': 0.0009}
  t=   8.25  cb_yield           L6-CB3 {'rot': 0.00088}
  t=   8.25  cb_yield           L7-CB3 {'rot': 0.00085}
  t=   8.25  cb_yield           L8-CB3 {'rot': 0.0008}
  t=   8.25  cb_yield           L9-CB3 {'rot': 0.00075}
  t=   8.25  cb_yield           L10-CB3 {'rot': 0.0007}
  t=   8.38  cb_yield           L1-CB3 {'rot': 0.00094}
  t=   8.38  cb_yield           L3-CB2 {'rot': 0.00071}
  t=   8.38  cb_yield           L4-CB2 {'rot': 0.00081}
  t=   8.38  cb_yield           L5-CB2 {'rot': 0.00085}
  t=   8.38  cb_yield           L6-CB2 {'rot': 0.00088}
  t=   8.38  cb_yield           L7-CB2 {'rot': 0.00088}
  t=   8.38  cb_yield           L8-CB2 {'rot': 0.00087}
  t=   8.38  cb_yield           L9-CB2 {'rot': 0.00083}
  t=   8.38  cb_yield           L10-CB2 {'rot': 0.0008}
  t=   8.38  cb_yield           L11-CB2 {'rot': 0.00076}
  t=   8.38  cb_yield           L11-CB3 {'rot': 0.00121}
  t=   8.38  cb_yield           L12-CB2 {'rot': 0.00072}
  t=   8.38  cb_yield           L12-CB3 {'rot': 0.00113}
  t=   8.38  cb_yield           L13-CB2 {'rot': 0.0007}
  t=   8.38  cb_yield           L13-CB3 {'rot': 0.00104}
  t=   8.38  cb_yield           L14-CB2 {'rot': 0.00069}
  t=   8.38  cb_yield           L14-CB3 {'rot': 0.00096}
  t=   8.38  cb_yield           L15-CB3 {'rot': 0.00087}
  t=   8.38  cb_yield           L16-CB3 {'rot': 0.0008}
  t=   8.38  cb_yield           L17-CB3 {'rot': 0.00076}
  t=   8.50  cb_yield           L2-CB2 {'rot': 0.00095}
  t=   8.50  cb_yield           L15-CB2 {'rot': 0.00101}
  t=   8.50  cb_yield           L16-CB2 {'rot': 0.0009}
  t=   8.50  cb_yield           L17-CB2 {'rot': 0.00083}
  t=   8.50  cb_yield           L18-CB3 {'rot': 0.00082}
  t=   8.63  cb_yield           L1-CB2 {'rot': 0.00082}
  t=   8.63  cb_yield           L18-CB2 {'rot': 0.00076}
  t=   8.88  cb_yield           L5-CB1 {'rot': 0.00072}
  t=   8.88  cb_yield           L6-CB1 {'rot': 0.00069}
  t=   9.00  cb_yield           L6-CB0 {'rot': 0.00072}
  t=   9.00  cb_yield           L7-CB1 {'rot': 0.00071}
  t=   9.38  cb_yield           L17-CB1 {'rot': 0.00076}
  t=   9.38  cb_yield           L18-CB1 {'rot': 0.0008}
  t=   9.38  cb_yield           L19-CB1 {'rot': 0.0008}
  t=   9.38  cb_yield           L20-CB1 {'rot': 0.00077}
  t=   9.63  cb_yield           L7-CB0 {'rot': 0.00069}
  t=   9.75  cb_yield           L8-CB0 {'rot': 0.00087}
  t=   9.75  cb_yield           L8-CB1 {'rot': 0.0009}
  t=   9.75  cb_yield           L9-CB0 {'rot': 0.00075}
  t=   9.75  cb_yield           L9-CB1 {'rot': 0.00079}
  t=   9.75  cb_yield           L10-CB1 {'rot': 0.00069}
  progress t=  10.0s  max corner drift so far=0.0022  wall clock=129s
  t=  10.75  cb_yield           L10-CB0 {'rot': 0.00076}
  t=  10.75  cb_yield           L11-CB0 {'rot': 0.00079}
  t=  10.75  cb_yield           L11-CB1 {'rot': 0.00128}
  t=  10.75  cb_yield           L12-CB0 {'rot': 0.0008}
  t=  10.75  cb_yield           L12-CB1 {'rot': 0.00124}
  t=  10.75  cb_yield           L13-CB0 {'rot': 0.0008}
  t=  10.75  cb_yield           L13-CB1 {'rot': 0.00118}
  t=  10.75  cb_yield           L14-CB0 {'rot': 0.00077}
  t=  10.75  cb_yield           L14-CB1 {'rot': 0.0011}
  t=  10.75  cb_yield           L15-CB0 {'rot': 0.00072}
  t=  10.75  cb_yield           L15-CB1 {'rot': 0.00099}
  t=  10.75  cb_yield           L16-CB0 {'rot': 0.00069}
  t=  10.75  cb_yield           L16-CB1 {'rot': 0.0009}
  t=  10.88  cb_yield           L17-CB0 {'rot': 0.00099}
  t=  10.88  cb_yield           L18-CB0 {'rot': 0.00086}
  t=  10.88  cb_yield           L19-CB0 {'rot': 0.00077}
  t=  10.88  cb_yield           L21-CB1 {'rot': 0.00075}
  t=  11.50  cb_yield           L20-CB0 {'rot': 0.00081}
  t=  11.50  cb_yield           L21-CB0 {'rot': 0.00075}
  t=  11.50  cb_yield           L22-CB1 {'rot': 0.00076}
  t=  11.63  cb_yield           L22-CB0 {'rot': 0.00094}
  t=  11.63  cb_yield           L23-CB0 {'rot': 0.00082}
  t=  11.63  cb_yield           L23-CB1 {'rot': 0.00086}
  t=  12.50  cb_yield           L19-CB2 {'rot': 0.00104}
  t=  12.50  cb_yield           L20-CB2 {'rot': 0.00082}
  t=  12.75  cb_yield           L24-CB0 {'rot': 0.00075}
  t=  12.88  cb_yield           L25-CB0 {'rot': 0.00102}
  t=  12.88  cb_yield           L26-CB0 {'rot': 0.00078}
  t=  13.00  cb_yield           L21-CB2 {'rot': 0.00075}
  t=  13.13  cb_yield           L22-CB2 {'rot': 0.00091}
  t=  13.25  cb_yield           L23-CB2 {'rot': 0.00074}
  t=  14.25  cb_yield           L24-CB2 {'rot': 0.00077}
  t=  14.75  cb_yield           L19-CB3 {'rot': 0.00107}
  t=  14.75  cb_yield           L20-CB3 {'rot': 0.0009}
  t=  14.75  cb_yield           L21-CB3 {'rot': 0.0008}
  t=  14.88  cb_yield           L22-CB3 {'rot': 0.00153}
  t=  14.88  cb_yield           L23-CB3 {'rot': 0.0013}
  t=  14.88  cb_yield           L24-CB3 {'rot': 0.00108}
  t=  14.88  cb_yield           L25-CB3 {'rot': 0.0009}
  t=  14.88  cb_yield           L26-CB3 {'rot': 0.00076}
  t=  15.25  cb_yield           L24-CB1 {'rot': 0.00087}
  t=  15.63  cb_failure         L5-CB1 {'rot': 0.02514}
  t=  15.63  cb_failure         L5-CB3 {'rot': 0.02662}
  t=  15.63  cb_failure         L6-CB1 {'rot': 0.02643}
  t=  15.63  cb_failure         L6-CB3 {'rot': 0.02782}
  t=  15.63  cb_failure         L7-CB1 {'rot': 0.02671}
  t=  15.63  cb_failure         L7-CB3 {'rot': 0.02792}
  t=  15.63  cb_failure         L8-CB1 {'rot': 0.02613}
  t=  15.63  cb_failure         L8-CB3 {'rot': 0.02711}
  t=  15.63  cb_failure         L9-CB1 {'rot': 0.0247}
  t=  15.63  cb_failure         L9-CB3 {'rot': 0.02546}
  t=  15.75  cb_failure         L4-CB3 {'rot': 0.02476}
  t=  15.75  cb_failure         L10-CB1 {'rot': 0.0247}
  t=  15.75  cb_failure         L10-CB3 {'rot': 0.02621}
  t=  15.88  cb_yield           L25-CB1 {'rot': 0.00094}
  t=  17.88  cb_yield           L27-CB0 {'rot': 0.00081}
  t=  18.13  cb_yield           L26-CB1 {'rot': 0.00077}
  t=  18.13  cb_yield           L28-CB0 {'rot': 0.00079}
  t=  18.25  cb_yield           L27-CB1 {'rot': 0.00074}
  t=  18.25  cb_yield           L29-CB0 {'rot': 0.00075}
  t=  18.75  cb_yield           L27-CB3 {'rot': 0.00086}
  t=  18.87  cb_yield           L28-CB3 {'rot': 0.00078}
  t=  19.37  cb_yield           L25-CB2 {'rot': 0.00098}
  t=  19.37  cb_yield           L26-CB2 {'rot': 0.00078}
  t=  19.50  cb_yield           L27-CB2 {'rot': 0.00094}
  t=  19.62  cb_yield           L28-CB1 {'rot': 0.00088}
  t=  19.62  cb_yield           L28-CB2 {'rot': 0.00092}
  t=  19.75  cb_yield           L29-CB1 {'rot': 0.00087}
  t=  19.75  cb_yield           L29-CB2 {'rot': 0.0008}
  progress t=  20.0s  max corner drift so far=0.0081  wall clock=315s
  t=  20.37  cb_yield           L30-CB1 {'rot': 0.00092}
  t=  20.50  cb_yield           L30-CB2 {'rot': 0.00076}
  t=  20.50  cb_yield           L31-CB1 {'rot': 0.00095}
  t=  20.62  cb_yield           L29-CB3 {'rot': 0.00074}
  t=  20.62  cb_yield           L31-CB2 {'rot': 0.00119}
  t=  20.62  cb_yield           L32-CB1 {'rot': 0.00079}
  t=  20.62  cb_yield           L32-CB2 {'rot': 0.00101}
  t=  20.62  cb_yield           L33-CB2 {'rot': 0.00086}
  t=  22.50  cb_yield           L30-CB3 {'rot': 0.00086}
  t=  22.75  cb_yield           L30-CB0 {'rot': 0.00083}
  t=  22.87  cb_yield           L31-CB0 {'rot': 0.00091}
  t=  23.00  cb_yield           L31-CB3 {'rot': 0.00078}
  t=  23.00  cb_yield           L32-CB0 {'rot': 0.00121}
  t=  23.00  cb_yield           L33-CB0 {'rot': 0.00098}
  t=  23.12  cb_yield           L32-CB3 {'rot': 0.00077}
  progress t=  30.0s  max corner drift so far=0.0095  wall clock=509s
  t=  30.25  cb_yield           L33-CB3 {'rot': 0.00093}
  t=  31.75  cb_failure         L11-CB1 {'rot': 0.0253}
  t=  31.87  cb_failure         L12-CB1 {'rot': 0.0254}
  t=  39.00  cb_failure         L8-CB0 {'rot': 0.02483}
  t=  39.00  cb_failure         L9-CB0 {'rot': 0.02469}
  t=  39.12  cb_failure         L6-CB0 {'rot': 0.02585}
  t=  39.12  cb_failure         L7-CB0 {'rot': 0.02673}
  t=  39.12  cb_failure         L10-CB0 {'rot': 0.02603}
  t=  39.25  cb_failure         L5-CB0 {'rot': 0.02476}
  t=  39.25  cb_failure         L11-CB0 {'rot': 0.02499}
  t=  39.37  cb_failure         L12-CB0 {'rot': 0.02477}
  t=  39.50  cb_failure         L13-CB0 {'rot': 0.02471}
  t=  39.50  cb_failure         L13-CB1 {'rot': 0.0262}
  t=  39.62  cb_failure         L4-CB1 {'rot': 0.02508}
  t=  39.62  cb_failure         L14-CB1 {'rot': 0.02472}
  t=  39.87  cb_failure         L14-CB0 {'rot': 0.02598}
  t=  39.87  cb_failure         L15-CB1 {'rot': 0.02496}
  t=  40.00  cb_failure         L15-CB0 {'rot': 0.02479}
  progress t=  40.0s  max corner drift so far=0.0129  wall clock=711s
  t=  43.00  cb_failure         L4-CB0 {'rot': 0.02529}
  t=  43.25  cb_failure         L3-CB0 {'rot': 0.02493}
  t=  43.25  cb_failure         L16-CB0 {'rot': 0.02592}
  t=  43.37  cb_failure         L16-CB1 {'rot': 0.0251}
  t=  43.37  cb_failure         L17-CB0 {'rot': 0.02546}
  t=  43.50  cb_failure         L17-CB1 {'rot': 0.02563}
  t=  43.50  cb_failure         L18-CB0 {'rot': 0.02491}
  t=  43.62  cb_failure         L18-CB1 {'rot': 0.02557}
  t=  43.75  cb_failure         L19-CB0 {'rot': 0.02516}
  t=  45.37  cb_failure         L3-CB1 {'rot': 0.02785}
  t=  45.37  cb_failure         L3-CB3 {'rot': 0.02522}
  t=  45.37  cb_failure         L4-CB2 {'rot': 0.0261}
  t=  45.37  cb_failure         L5-CB2 {'rot': 0.02818}
  t=  45.37  cb_failure         L6-CB2 {'rot': 0.02876}
  t=  45.37  cb_failure         L7-CB2 {'rot': 0.0284}
  t=  45.37  cb_failure         L8-CB2 {'rot': 0.02734}
  t=  45.37  cb_failure         L9-CB2 {'rot': 0.02537}
  t=  45.50  cb_failure         L2-CB0 {'rot': 0.02528}
  t=  45.50  cb_failure         L2-CB1 {'rot': 0.02696}
  t=  45.50  cb_failure         L3-CB2 {'rot': 0.02659}
  t=  45.50  cb_failure         L10-CB2 {'rot': 0.02999}
  t=  45.50  cb_failure         L11-CB2 {'rot': 0.02655}
  t=  45.50  cb_failure         L11-CB3 {'rot': 0.03095}
  t=  45.50  cb_failure         L12-CB3 {'rot': 0.02656}
  t=  45.62  cb_failure         L2-CB3 {'rot': 0.02658}
  t=  45.62  cb_failure         L12-CB2 {'rot': 0.02789}
  t=  45.62  cb_failure         L13-CB3 {'rot': 0.02673}
  t=  45.75  cb_failure         L2-CB2 {'rot': 0.02679}
  t=  45.75  cb_failure         L13-CB2 {'rot': 0.02606}
  t=  45.87  cb_failure         L1-CB0 {'rot': 0.025}
  t=  45.87  cb_failure         L14-CB3 {'rot': 0.02704}
  t= 45.875  solver fallback: Newton
  t=  46.00  cb_failure         L1-CB1 {'rot': 0.02485}
  t=  46.12  cb_failure         L14-CB2 {'rot': 0.02628}
  t=  46.12  cb_failure         L15-CB3 {'rot': 0.02568}
  t=  46.25  cb_failure         L15-CB2 {'rot': 0.02553}
  t=  46.25  cb_failure         L16-CB3 {'rot': 0.02603}
  t=  46.37  cb_failure         L16-CB2 {'rot': 0.02552}
  t=  46.37  cb_failure         L17-CB3 {'rot': 0.02521}
  t=  46.37  cb_failure         L19-CB1 {'rot': 0.03274}
  t=  46.37  cb_failure         L20-CB1 {'rot': 0.02535}
  t=  46.37  cb_yield           L33-CB1 {'rot': 0.00086}
  t=  46.50  cb_failure         L17-CB2 {'rot': 0.02492}
  t=  46.50  cb_failure         L20-CB0 {'rot': 0.03062}
  t=  46.50  cb_failure         L21-CB1 {'rot': 0.02475}
  t=  46.62  cb_failure         L18-CB3 {'rot': 0.03087}
  t=  46.62  cb_failure         L21-CB0 {'rot': 0.02789}
  t=  46.75  cb_failure         L18-CB2 {'rot': 0.02792}
  t=  46.75  cb_failure         L19-CB3 {'rot': 0.02902}
  t=  46.75  cb_failure         L22-CB1 {'rot': 0.02571}
  t=  46.87  cb_failure         L20-CB3 {'rot': 0.02506}
  t=  46.87  cb_failure         L22-CB0 {'rot': 0.02562}
  t=  47.00  cb_failure         L19-CB2 {'rot': 0.02568}
  progress t=  50.0s  max corner drift so far=0.0229  wall clock=957s
  progress t=  60.0s  max corner drift so far=0.0229  wall clock=1188s
  t=  60.75  cb_failure         L20-CB2 {'rot': 0.02594}
  t=  60.75  cb_failure         L21-CB3 {'rot': 0.02476}
  progress t=  70.0s  max corner drift so far=0.0229  wall clock=1429s
  t=  78.38  cb_failure         L23-CB1 {'rot': 0.02483}
  t=  78.75  cb_failure         L21-CB2 {'rot': 0.02759}
  t=  78.75  cb_failure         L22-CB3 {'rot': 0.02717}
  progress t=  80.0s  max corner drift so far=0.0229  wall clock=1652s
  t=  87.75  cb_failure         L22-CB2 {'rot': 0.0256}
  progress t=  90.0s  max corner drift so far=0.0229  wall clock=1882s
  progress t= 100.0s  max corner drift so far=0.0229  wall clock=2116s
  t= 101.13  cb_failure         L23-CB0 {'rot': 0.02583}
  progress t= 110.0s  max corner drift so far=0.0229  wall clock=2333s
  progress t= 120.0s  max corner drift so far=0.0229  wall clock=2557s
