  t=   5.38  cb_yield           L1-CB3 {'rot': 0.00071}
  t=   5.38  cb_yield           L2-CB2 {'rot': 0.00071}
  t=   5.38  cb_yield           L2-CB3 {'rot': 0.00086}
  t=   5.38  cb_yield           L3-CB2 {'rot': 0.00074}
  t=   5.38  cb_yield           L3-CB3 {'rot': 0.00091}
  t=   5.38  cb_yield           L4-CB2 {'rot': 0.00075}
  t=   5.38  cb_yield           L4-CB3 {'rot': 0.00093}
  t=   5.38  cb_yield           L5-CB2 {'rot': 0.00074}
  t=   5.38  cb_yield           L5-CB3 {'rot': 0.00093}
  t=   5.38  cb_yield           L6-CB2 {'rot': 0.00071}
  t=   5.38  cb_yield           L6-CB3 {'rot': 0.0009}
  t=   5.38  cb_yield           L7-CB2 {'rot': 0.0007}
  t=   5.38  cb_yield           L7-CB3 {'rot': 0.00086}
  t=   5.38  cb_yield           L8-CB3 {'rot': 0.00081}
  t=   5.38  cb_yield           L9-CB3 {'rot': 0.00077}
  t=   5.38  cb_yield           L10-CB3 {'rot': 0.00071}
  t=   5.38  cb_yield           L11-CB3 {'rot': 0.00069}
  t=   5.50  cb_yield           L1-CB2 {'rot': 0.00082}
  t=   5.50  cb_yield           L8-CB2 {'rot': 0.00096}
  t=   5.50  cb_yield           L9-CB2 {'rot': 0.00088}
  t=   5.50  cb_yield           L10-CB2 {'rot': 0.00081}
  t=   5.50  cb_yield           L11-CB2 {'rot': 0.00074}
  t=   5.50  cb_yield           L12-CB3 {'rot': 0.00082}
  t=   5.50  cb_yield           L13-CB3 {'rot': 0.00076}
  t=   5.50  cb_yield           L14-CB3 {'rot': 0.0007}
  t=   5.63  cb_yield           L12-CB2 {'rot': 0.0008}
  t=   5.63  cb_yield           L13-CB2 {'rot': 0.00072}
  t=   5.63  cb_yield           L15-CB3 {'rot': 0.00071}
  t=   5.75  cb_yield           L14-CB2 {'rot': 0.00069}
  t=   7.63  cb_yield           L1-CB1 {'rot': 0.00087}
  t=   7.63  cb_yield           L2-CB1 {'rot': 0.00101}
  t=   7.63  cb_yield           L3-CB1 {'rot': 0.00103}
  t=   7.63  cb_yield           L4-CB1 {'rot': 0.00101}
  t=   7.63  cb_yield           L5-CB1 {'rot': 0.00096}
  t=   7.63  cb_yield           L6-CB1 {'rot': 0.00088}
  t=   7.63  cb_yield           L7-CB1 {'rot': 0.0008}
  t=   7.63  cb_yield           L8-CB1 {'rot': 0.00072}
  t=   7.75  cb_yield           L1-CB0 {'rot': 0.00098}
  t=   7.75  cb_yield           L2-CB0 {'rot': 0.00115}
  t=   7.75  cb_yield           L3-CB0 {'rot': 0.00121}
  t=   7.75  cb_yield           L4-CB0 {'rot': 0.00118}
  t=   7.75  cb_yield           L5-CB0 {'rot': 0.00109}
  t=   7.75  cb_yield           L6-CB0 {'rot': 0.00098}
  t=   7.75  cb_yield           L7-CB0 {'rot': 0.00086}
  t=   7.75  cb_yield           L8-CB0 {'rot': 0.00073}
  t=   7.75  cb_yield           L9-CB1 {'rot': 0.00086}
  t=   7.75  cb_yield           L10-CB1 {'rot': 0.00073}
  t=   8.25  cb_yield           L16-CB3 {'rot': 0.00088}
  t=   8.25  cb_yield           L17-CB3 {'rot': 0.00079}
  t=   8.38  cb_yield           L15-CB2 {'rot': 0.00077}
  t=   8.38  cb_yield           L16-CB2 {'rot': 0.00073}
  t=   8.38  cb_yield           L17-CB2 {'rot': 0.00076}
  t=   8.38  cb_yield           L18-CB2 {'rot': 0.00074}
  t=   8.38  cb_yield           L18-CB3 {'rot': 0.0013}
  t=   8.38  cb_yield           L19-CB3 {'rot': 0.00113}
  t=   8.38  cb_yield           L20-CB3 {'rot': 0.00098}
  t=   8.38  cb_yield           L21-CB3 {'rot': 0.00084}
  t=   8.50  cb_yield           L19-CB2 {'rot': 0.00102}
  t=   8.50  cb_yield           L20-CB2 {'rot': 0.00087}
  t=   8.50  cb_yield           L21-CB2 {'rot': 0.00075}
  t=   8.50  cb_yield           L22-CB3 {'rot': 0.00083}
  t=   8.88  cb_yield           L23-CB3 {'rot': 0.00086}
  t=   9.00  cb_yield           L22-CB2 {'rot': 0.00081}
  t=   9.00  cb_yield           L23-CB2 {'rot': 0.00074}
  t=   9.00  cb_yield           L24-CB3 {'rot': 0.00087}
  t=   9.38  cb_yield           L14-CB1 {'rot': 0.00071}
  t=   9.38  cb_yield           L15-CB0 {'rot': 0.00069}
  t=   9.38  cb_yield           L15-CB1 {'rot': 0.00078}
  t=   9.38  cb_yield           L16-CB0 {'rot': 0.00075}
  t=   9.38  cb_yield           L16-CB1 {'rot': 0.00084}
  t=   9.38  cb_yield           L17-CB0 {'rot': 0.00087}
  t=   9.38  cb_yield           L17-CB1 {'rot': 0.00093}
  t=   9.38  cb_yield           L18-CB0 {'rot': 0.00084}
  t=   9.38  cb_yield           L18-CB1 {'rot': 0.00094}
  t=   9.38  cb_yield           L19-CB0 {'rot': 0.0008}
  t=   9.38  cb_yield           L19-CB1 {'rot': 0.00091}
  t=   9.38  cb_yield           L20-CB0 {'rot': 0.00076}
  t=   9.38  cb_yield           L20-CB1 {'rot': 0.00086}
  t=   9.38  cb_yield           L21-CB1 {'rot': 0.00078}
  t=   9.38  cb_yield           L22-CB1 {'rot': 0.00076}
  t=   9.50  cb_yield           L12-CB1 {'rot': 0.00074}
  t=   9.50  cb_yield           L13-CB0 {'rot': 0.00075}
  t=   9.50  cb_yield           L13-CB1 {'rot': 0.00089}
  t=   9.50  cb_yield           L14-CB0 {'rot': 0.00087}
  t=   9.50  cb_yield           L21-CB0 {'rot': 0.00125}
  t=   9.50  cb_yield           L22-CB0 {'rot': 0.00116}
  t=   9.50  cb_yield           L23-CB0 {'rot': 0.00105}
  t=   9.50  cb_yield           L23-CB1 {'rot': 0.00123}
  t=   9.50  cb_yield           L24-CB0 {'rot': 0.00092}
  t=   9.50  cb_yield           L24-CB1 {'rot': 0.00109}
  t=   9.50  cb_yield           L25-CB0 {'rot': 0.0008}
  t=   9.50  cb_yield           L25-CB1 {'rot': 0.00094}
  t=   9.50  cb_yield           L26-CB1 {'rot': 0.00079}
  t=   9.63  cb_yield           L9-CB0 {'rot': 0.00075}
  t=   9.63  cb_yield           L10-CB0 {'rot': 0.00086}
  t=   9.63  cb_yield           L11-CB0 {'rot': 0.00096}
  t=   9.63  cb_yield           L11-CB1 {'rot': 0.00102}
  t=   9.63  cb_yield           L12-CB0 {'rot': 0.00106}
  t=   9.75  cb_yield           L25-CB3 {'rot': 0.00085}
  t=   9.75  cb_yield           L26-CB3 {'rot': 0.00078}
  progress t=  10.0s  max corner drift so far=0.0049  wall clock=112s
  t=  10.25  cb_yield           L26-CB0 {'rot': 0.00082}
  t=  11.63  cb_yield           L27-CB1 {'rot': 0.00075}
  t=  11.75  cb_yield           L27-CB0 {'rot': 0.00087}
  t=  11.75  cb_yield           L28-CB1 {'rot': 0.00081}
  t=  12.00  cb_yield           L24-CB2 {'rot': 0.00102}
  t=  12.00  cb_yield           L25-CB2 {'rot': 0.00093}
  t=  12.00  cb_yield           L26-CB2 {'rot': 0.00082}
  t=  12.00  cb_yield           L27-CB3 {'rot': 0.00081}
  t=  12.63  cb_failure         L4-CB2 {'rot': 0.02478}
  t=  12.63  cb_failure         L5-CB2 {'rot': 0.02566}
  t=  12.63  cb_failure         L6-CB2 {'rot': 0.02551}
  t=  12.75  cb_failure         L3-CB2 {'rot': 0.02661}
  t=  12.75  cb_failure         L5-CB0 {'rot': 0.0257}
  t=  12.75  cb_failure         L6-CB0 {'rot': 0.02633}
  t=  12.75  cb_failure         L7-CB0 {'rot': 0.02613}
  t=  12.75  cb_failure         L7-CB2 {'rot': 0.03204}
  t=  12.75  cb_failure         L8-CB0 {'rot': 0.02523}
  t=  12.75  cb_failure         L8-CB2 {'rot': 0.03082}
  t=  12.75  cb_failure         L9-CB2 {'rot': 0.02883}
  t=  12.75  cb_failure         L10-CB2 {'rot': 0.02621}
  t=  12.88  cb_failure         L4-CB0 {'rot': 0.02636}
  t=  12.88  cb_failure         L5-CB3 {'rot': 0.02527}
  t=  12.88  cb_failure         L6-CB3 {'rot': 0.02768}
  t=  12.88  cb_failure         L7-CB3 {'rot': 0.02888}
  t=  12.88  cb_failure         L8-CB3 {'rot': 0.02915}
  t=  12.88  cb_failure         L9-CB0 {'rot': 0.0329}
  t=  12.88  cb_failure         L9-CB3 {'rot': 0.02837}
  t=  12.88  cb_failure         L10-CB0 {'rot': 0.03137}
  t=  12.88  cb_failure         L10-CB3 {'rot': 0.02652}
  t=  12.88  cb_failure         L11-CB0 {'rot': 0.02883}
  t=  12.88  cb_failure         L11-CB2 {'rot': 0.03256}
  t=  12.88  cb_failure         L12-CB0 {'rot': 0.02506}
  t=  12.88  cb_failure         L12-CB2 {'rot': 0.02816}
  t=  12.88  cb_yield           L28-CB0 {'rot': 0.00084}
  t=  13.00  cb_failure         L4-CB3 {'rot': 0.02517}
  t=  13.00  cb_failure         L5-CB1 {'rot': 0.0247}
  t=  13.00  cb_failure         L6-CB1 {'rot': 0.02902}
  t=  13.00  cb_failure         L7-CB1 {'rot': 0.03185}
  t=  13.00  cb_failure         L8-CB1 {'rot': 0.03341}
  t=  13.00  cb_failure         L9-CB1 {'rot': 0.03401}
  t=  13.00  cb_failure         L10-CB1 {'rot': 0.03355}
  t=  13.00  cb_failure         L11-CB1 {'rot': 0.03205}
  t=  13.00  cb_failure         L11-CB3 {'rot': 0.03591}
  t=  13.00  cb_failure         L12-CB1 {'rot': 0.02909}
  t=  13.00  cb_failure         L12-CB3 {'rot': 0.03231}
  t=  13.00  cb_failure         L13-CB0 {'rot': 0.03152}
  t=  13.00  cb_failure         L13-CB2 {'rot': 0.03376}
  t=  13.00  cb_failure         L13-CB3 {'rot': 0.02675}
  t=  13.00  cb_failure         L14-CB0 {'rot': 0.02519}
  t=  13.00  cb_failure         L14-CB2 {'rot': 0.02692}
  t=  13.13  cb_failure         L13-CB1 {'rot': 0.03613}
  t=  13.13  cb_failure         L14-CB1 {'rot': 0.03156}
  t=  13.13  cb_failure         L14-CB3 {'rot': 0.0339}
  t=  13.13  cb_failure         L15-CB0 {'rot': 0.03124}
  t=  13.13  cb_failure         L15-CB1 {'rot': 0.02584}
  t=  13.13  cb_failure         L15-CB2 {'rot': 0.03294}
  t=  13.13  cb_failure         L15-CB3 {'rot': 0.02786}
  t=  13.13  cb_failure         L16-CB2 {'rot': 0.02574}
  t=  13.25  cb_failure         L4-CB1 {'rot': 0.02594}
  t=  13.25  cb_failure         L16-CB0 {'rot': 0.03461}
  t=  13.25  cb_failure         L16-CB1 {'rot': 0.03101}
  t=  13.25  cb_failure         L16-CB3 {'rot': 0.03359}
  t=  13.25  cb_failure         L17-CB0 {'rot': 0.026}
  t=  13.25  cb_failure         L17-CB2 {'rot': 0.02797}
  t=  13.25  cb_failure         L17-CB3 {'rot': 0.02492}
  t=  13.38  cb_failure         L17-CB1 {'rot': 0.02645}
  t=  13.50  cb_failure         L3-CB3 {'rot': 0.02477}
  t=  16.25  cb_yield           L28-CB3 {'rot': 0.00121}
  t=  16.25  cb_yield           L29-CB3 {'rot': 0.00083}
  t=  16.38  cb_yield           L30-CB3 {'rot': 0.00083}
  t=  16.63  cb_yield           L29-CB0 {'rot': 0.00089}
  t=  16.63  cb_yield           L30-CB0 {'rot': 0.00078}
  t=  16.63  cb_yield           L31-CB3 {'rot': 0.00085}
  t=  18.75  cb_failure         L3-CB0 {'rot': 0.026}
  t=  18.75  cb_failure         L3-CB1 {'rot': 0.02502}
  t=  18.87  cb_yield           L27-CB2 {'rot': 0.0008}
  t=  18.87  cb_yield           L31-CB0 {'rot': 0.00078}
  t=  19.00  cb_yield           L28-CB2 {'rot': 0.00099}
  t=  19.00  cb_yield           L29-CB1 {'rot': 0.00076}
  t=  19.00  cb_yield           L32-CB3 {'rot': 0.00089}
  t=  19.00  cb_yield           L33-CB3 {'rot': 0.00074}
  t=  19.12  cb_yield           L29-CB2 {'rot': 0.00091}
  t=  19.12  cb_yield           L30-CB1 {'rot': 0.0008}
  t=  19.12  cb_yield           L32-CB0 {'rot': 0.00081}
  t=  19.75  cb_failure         L18-CB2 {'rot': 0.02826}
  t=  19.75  cb_failure         L18-CB3 {'rot': 0.02754}
  t=  19.87  cb_failure         L19-CB2 {'rot': 0.02566}
  t=  19.87  cb_failure         L19-CB3 {'rot': 0.02557}
  t=  20.00  cb_failure         L20-CB2 {'rot': 0.02475}
  t=  20.00  cb_failure         L20-CB3 {'rot': 0.02647}
  progress t=  20.0s  max corner drift so far=0.0189  wall clock=280s
  t=  20.12  cb_failure         L2-CB2 {'rot': 0.02475}
  t=  20.12  cb_failure         L21-CB3 {'rot': 0.02676}
  t=  20.12  cb_yield           L30-CB2 {'rot': 0.00082}
  t=  20.25  cb_failure         L2-CB3 {'rot': 0.02772}
  t=  20.25  cb_failure         L21-CB2 {'rot': 0.02491}
  t=  20.25  cb_yield           L31-CB2 {'rot': 0.00103}
  t=  20.37  cb_yield           L31-CB1 {'rot': 0.00116}
  t=  20.37  cb_yield           L32-CB1 {'rot': 0.00105}
  t=  20.37  cb_yield           L32-CB2 {'rot': 0.00216}
  t=  20.37  cb_yield           L33-CB1 {'rot': 0.00094}
  t=  20.37  cb_yield           L33-CB2 {'rot': 0.00195}
  t=  20.50  cb_failure         L22-CB2 {'rot': 0.02528}
  t=  20.50  cb_failure         L22-CB3 {'rot': 0.02621}
  t=  20.62  cb_failure         L23-CB3 {'rot': 0.02482}
  t=  20.75  cb_failure         L23-CB2 {'rot': 0.02814}
  t=  20.87  cb_failure         L24-CB2 {'rot': 0.02555}
  t=  21.12  cb_failure         L24-CB3 {'rot': 0.02658}
  t=  21.25  cb_failure         L25-CB2 {'rot': 0.02609}
  t=  21.50  cb_failure         L18-CB0 {'rot': 0.02694}
  t=  21.50  cb_failure         L18-CB1 {'rot': 0.0266}
  t=  23.00  cb_yield           L33-CB0 {'rot': 0.00077}
  t=  23.12  cb_failure         L19-CB0 {'rot': 0.0252}
  t=  23.25  cb_failure         L19-CB1 {'rot': 0.02561}
  t=  23.25  cb_failure         L20-CB0 {'rot': 0.02587}
  t=  28.87  cb_failure         L20-CB1 {'rot': 0.02654}
  t=  29.00  cb_failure         L21-CB0 {'rot': 0.02727}
  t=  29.00  cb_failure         L21-CB1 {'rot': 0.02541}
  t=  29.50  cb_failure         L2-CB0 {'rot': 0.02504}
  t=  29.62  cb_failure         L2-CB1 {'rot': 0.0253}
  progress t=  30.0s  max corner drift so far=0.0253  wall clock=484s
  t=  30.12  cb_failure         L22-CB0 {'rot': 0.02793}
  t=  30.12  cb_failure         L22-CB1 {'rot': 0.02624}
  t=  30.25  cb_failure         L23-CB0 {'rot': 0.02739}
  t=  30.25  cb_failure         L23-CB1 {'rot': 0.02537}
  t=  30.37  cb_failure         L24-CB0 {'rot': 0.0281}
  t=  30.37  cb_failure         L24-CB1 {'rot': 0.02669}
  t=  30.50  cb_failure         L25-CB0 {'rot': 0.02872}
  t=  30.50  cb_failure         L25-CB1 {'rot': 0.03041}
  t=  30.62  cb_failure         L26-CB0 {'rot': 0.02881}
  t=  30.62  cb_failure         L26-CB1 {'rot': 0.03285}
  t=  30.75  cb_failure         L27-CB0 {'rot': 0.02636}
  t=  30.75  cb_failure         L27-CB1 {'rot': 0.02912}
  t=  31.00  cb_failure         L28-CB1 {'rot': 0.02499}
  t=  36.37  cb_failure         L25-CB3 {'rot': 0.02594}
  t=  36.37  cb_failure         L26-CB2 {'rot': 0.02497}
  t= 36.900  solver fallback: ModifiedNewton
  t=  37.87  cb_failure         L28-CB0 {'rot': 0.02591}
  t=  38.00  cb_failure         L29-CB0 {'rot': 0.02541}
  t=  38.12  cb_failure         L1-CB0 {'rot': 0.02486}
  t=  38.12  cb_failure         L29-CB1 {'rot': 0.02599}
  t=  38.12  cb_failure         L30-CB0 {'rot': 0.02828}
  t=  38.12  cb_failure         L31-CB0 {'rot': 0.02572}
  t=  38.25  cb_failure         L30-CB1 {'rot': 0.03185}
  t=  38.25  cb_failure         L31-CB1 {'rot': 0.03006}
  t=  38.25  cb_failure         L32-CB0 {'rot': 0.03206}
  t=  38.25  cb_failure         L32-CB1 {'rot': 0.02906}
  t=  38.25  cb_failure         L33-CB0 {'rot': 0.03166}
  t=  38.25  cb_failure         L33-CB1 {'rot': 0.02808}
  progress t=  40.0s  max corner drift so far=0.0260  wall clock=750s
  t=  43.25  cb_failure         L1-CB2 {'rot': 0.02678}
  t=  43.97  punching           L13-col9 {'drift': np.float64(0.0269), 'vg_vc': 0.265, 'conn': 'column'}
  t=  43.97  punching           L14-col9 {'drift': np.float64(0.0269), 'vg_vc': 0.264, 'conn': 'column'}
  t=  44.00  punching           L15-col9 {'drift': np.float64(0.0268), 'vg_vc': 0.273, 'conn': 'column'}
  t=  44.00  punching           L16-col9 {'drift': np.float64(0.0264), 'vg_vc': 0.272, 'conn': 'column'}
  t= 44.000  solver fallback: ModifiedNewton
  t=  44.10  punching           L17-col9 {'drift': np.float64(0.0265), 'vg_vc': 0.27, 'conn': 'column'}
  t= 44.175  solver fallback: ModifiedNewton
  t=  44.25  cb_failure         L26-CB3 {'rot': 0.02655}
  t=  44.37  cb_failure         L27-CB2 {'rot': 0.02554}
  t=  44.50  cb_failure         L27-CB3 {'rot': 0.03006}
  t=  44.62  cb_failure         L28-CB2 {'rot': 0.02687}
  t=  44.62  cb_failure         L28-CB3 {'rot': 0.02527}
  t= 44.750  solver fallback: NewtonLineSearch
  t=  46.12  cb_failure         L29-CB2 {'rot': 0.02742}
  t=  46.25  cb_failure         L29-CB3 {'rot': 0.0286}
  t=  46.37  punching           L13-col3 {'drift': np.float64(0.0282), 'vg_vc': 0.241, 'conn': 'column'}
  t=  46.37  punching           L14-col2 {'drift': np.float64(0.028), 'vg_vc': 0.239, 'conn': 'column'}
  t=  46.37  punching           L14-col3 {'drift': np.float64(0.0283), 'vg_vc': 0.244, 'conn': 'column'}
  t=  46.37  punching           L15-col2 {'drift': np.float64(0.028), 'vg_vc': 0.239, 'conn': 'column'}
  t=  46.37  punching           L15-col3 {'drift': np.float64(0.0283), 'vg_vc': 0.242, 'conn': 'column'}
  t=  46.37  punching           L16-col3 {'drift': np.float64(0.0281), 'vg_vc': 0.245, 'conn': 'column'}
  t=  46.37  cb_failure         L30-CB2 {'rot': 0.02639}
  t=  46.37  cb_failure         L30-CB3 {'rot': 0.02574}
  t=  46.50  punching           L13-col2 {'drift': np.float64(0.028), 'vg_vc': 0.263, 'conn': 'column'}
  t=  46.50  punching           L14-col7 {'drift': np.float64(0.0269), 'vg_vc': 0.276, 'conn': 'column'}
  t=  46.50  punching           L15-col7 {'drift': np.float64(0.0269), 'vg_vc': 0.277, 'conn': 'column'}
  t=  46.50  punching           L16-col2 {'drift': np.float64(0.0279), 'vg_vc': 0.264, 'conn': 'column'}
  t=  46.50  punching           L17-col2 {'drift': np.float64(0.0275), 'vg_vc': 0.272, 'conn': 'column'}
  t=  46.50  punching           L17-col3 {'drift': np.float64(0.0277), 'vg_vc': 0.265, 'conn': 'column'}
  t=  46.50  punching           L18-col2 {'drift': np.float64(0.0267), 'vg_vc': 0.272, 'conn': 'column'}
  t=  46.50  punching           L18-col3 {'drift': np.float64(0.027), 'vg_vc': 0.266, 'conn': 'column'}
  t=  46.50  cb_failure         L31-CB2 {'rot': 0.02742}
  t=  46.50  cb_failure         L31-CB3 {'rot': 0.02539}
  t=  46.50  cb_failure         L32-CB2 {'rot': 0.02625}
  t=  46.50  cb_failure         L33-CB2 {'rot': 0.02573}
  t=  46.62  punching           L11-col2 {'drift': np.float64(0.0274), 'vg_vc': 0.256, 'conn': 'column'}
  t=  46.62  punching           L12-col2 {'drift': np.float64(0.0278), 'vg_vc': 0.254, 'conn': 'column'}
  t=  46.62  punching           L13-col7 {'drift': np.float64(0.0269), 'vg_vc': 0.291, 'conn': 'column'}
  t=  46.62  punching           L16-col7 {'drift': np.float64(0.0267), 'vg_vc': 0.3, 'conn': 'column'}
  t=  46.62  punching           L17-col7 {'drift': np.float64(0.0263), 'vg_vc': 0.3, 'conn': 'column'}
  t=  46.62  punching           L18-col7 {'drift': np.float64(0.0256), 'vg_vc': 0.301, 'conn': 'column'}
  t=  46.62  punching           L19-col2 {'drift': np.float64(0.0258), 'vg_vc': 0.287, 'conn': 'column'}
  t=  46.62  cb_failure         L32-CB3 {'rot': 0.02505}
  t=  46.75  punching           L13-col1 {'drift': np.float64(0.0279), 'vg_vc': 0.245, 'conn': 'column'}
  t=  46.75  punching           L19-col3 {'drift': np.float64(0.0261), 'vg_vc': 0.288, 'conn': 'column'}
  t= 46.750  solver fallback: ModifiedNewton
  t=  46.87  punching           L10-col2 {'drift': np.float64(0.0268), 'vg_vc': 0.267, 'conn': 'column'}
  t=  46.87  punching           L12-col3 {'drift': np.float64(0.028), 'vg_vc': 0.241, 'conn': 'column'}
  t=  46.87  punching           L12-col7 {'drift': np.float64(0.0267), 'vg_vc': 0.28, 'conn': 'column'}
  t=  46.87  punching           L14-col1 {'drift': np.float64(0.028), 'vg_vc': 0.249, 'conn': 'column'}
  t=  46.87  punching           L15-col1 {'drift': np.float64(0.028), 'vg_vc': 0.246, 'conn': 'column'}
  t=  46.87  punching           L16-col1 {'drift': np.float64(0.0278), 'vg_vc': 0.244, 'conn': 'column'}
  t=  46.87  punching           L19-col7 {'drift': np.float64(0.0247), 'vg_vc': 0.338, 'conn': 'column'}
  t=  46.87  punching           L20-col2 {'drift': np.float64(0.0249), 'vg_vc': 0.325, 'conn': 'column'}
  t=  46.87  punching           L21-col2 {'drift': np.float64(0.0238), 'vg_vc': 0.349, 'conn': 'column'}
  t= 46.875  solver fallback: 4 sub-steps
  t= 46.900  solver fallback: 4 sub-steps
  t= 46.925  solver fallback: NewtonLineSearch
  t=  47.00  punching           L10-col3 {'drift': np.float64(0.027), 'vg_vc': 0.282, 'conn': 'column'}
  t=  47.00  punching           L10-col7 {'drift': np.float64(0.0259), 'vg_vc': 0.539, 'conn': 'column'}
  t=  47.00  punching           L11-col3 {'drift': np.float64(0.0276), 'vg_vc': 0.287, 'conn': 'column'}
  t=  47.00  punching           L12-col8 {'drift': np.float64(0.0269), 'vg_vc': 0.406, 'conn': 'column'}
  t=  47.00  punching           L13-col6 {'drift': np.float64(0.0268), 'vg_vc': 0.27, 'conn': 'column'}
  t=  47.00  punching           L16-col6 {'drift': np.float64(0.0266), 'vg_vc': 0.304, 'conn': 'column'}
  t=  47.00  punching           L16-col8 {'drift': np.float64(0.027), 'vg_vc': 0.265, 'conn': 'column'}
  t=  47.00  punching           L17-col1 {'drift': np.float64(0.0274), 'vg_vc': 0.324, 'conn': 'column'}
  t=  47.00  punching           L18-col1 {'drift': np.float64(0.0266), 'vg_vc': 0.4, 'conn': 'column'}
  t=  47.00  punching           L19-col1 {'drift': np.float64(0.0257), 'vg_vc': 0.37, 'conn': 'column'}
  t=  47.00  punching           L19-col8 {'drift': np.float64(0.025), 'vg_vc': 0.363, 'conn': 'column'}
  t=  47.00  punching           L20-col1 {'drift': np.float64(0.0248), 'vg_vc': 0.328, 'conn': 'column'}
  t=  47.00  punching           L20-col3 {'drift': np.float64(0.0252), 'vg_vc': 0.304, 'conn': 'column'}
  t=  47.00  punching           L20-col7 {'drift': np.float64(0.0238), 'vg_vc': 0.422, 'conn': 'column'}
  t=  47.00  punching           L20-corecR24 {'drift': np.float64(0.0193), 'vg_vc': 0.519, 'conn': 'wall'}
  t=  47.00  punching           L21-col3 {'drift': np.float64(0.0241), 'vg_vc': 0.345, 'conn': 'column'}
  t=  47.00  punching           L21-col7 {'drift': np.float64(0.0227), 'vg_vc': 0.482, 'conn': 'column'}
  t=  47.00  punching           L22-col2 {'drift': np.float64(0.0224), 'vg_vc': 0.399, 'conn': 'column'}
  t=  47.00  punching           L23-col2 {'drift': np.float64(0.0208), 'vg_vc': 0.43, 'conn': 'column'}
