  t=   3.25  cb_yield           L2-CB3 {'rot': 0.00069}
  t=   3.25  cb_yield           L3-CB3 {'rot': 0.00078}
  t=   3.25  cb_yield           L4-CB3 {'rot': 0.00087}
  t=   3.25  cb_yield           L5-CB3 {'rot': 0.00095}
  t=   3.25  cb_yield           L6-CB3 {'rot': 0.001}
  t=   3.25  cb_yield           L7-CB3 {'rot': 0.00103}
  t=   3.25  cb_yield           L8-CB3 {'rot': 0.00105}
  t=   3.25  cb_yield           L9-CB3 {'rot': 0.00106}
  t=   3.25  cb_yield           L10-CB3 {'rot': 0.00105}
  t=   3.25  cb_yield           L11-CB3 {'rot': 0.00103}
  t=   3.25  cb_yield           L12-CB3 {'rot': 0.001}
  t=   3.25  cb_yield           L13-CB3 {'rot': 0.00098}
  t=   3.25  cb_yield           L14-CB3 {'rot': 0.00094}
  t=   3.25  cb_yield           L15-CB3 {'rot': 0.0009}
  t=   3.25  cb_yield           L16-CB3 {'rot': 0.00086}
  t=   3.25  cb_yield           L17-CB3 {'rot': 0.00085}
  t=   3.25  cb_yield           L18-CB3 {'rot': 0.00079}
  t=   3.25  cb_yield           L19-CB3 {'rot': 0.00075}
  t=   3.37  cb_yield           L1-CB3 {'rot': 0.00075}
  t=   3.37  cb_yield           L20-CB3 {'rot': 0.0008}
  t=   3.50  cb_yield           L8-CB2 {'rot': 0.00071}
  t=   3.62  cb_yield           L1-CB1 {'rot': 0.00083}
  t=   3.62  cb_yield           L2-CB1 {'rot': 0.0009}
  t=   3.62  cb_yield           L3-CB1 {'rot': 0.00086}
  t=   3.62  cb_yield           L4-CB1 {'rot': 0.00082}
  t=   3.62  cb_yield           L5-CB1 {'rot': 0.00074}
  t=   3.62  cb_yield           L7-CB2 {'rot': 0.0007}
  t=   3.75  cb_yield           L2-CB2 {'rot': 0.0007}
  t=   3.75  cb_yield           L6-CB1 {'rot': 0.0008}
  t=   3.75  cb_yield           L7-CB1 {'rot': 0.00069}
  t=   4.00  cb_yield           L8-CB1 {'rot': 0.00077}
  t=   4.12  cb_yield           L9-CB1 {'rot': 0.00082}
  t=   4.12  cb_yield           L10-CB1 {'rot': 0.0007}
  t=   4.25  cb_yield           L11-CB1 {'rot': 0.00082}
  t=   4.25  cb_yield           L12-CB1 {'rot': 0.00071}
  t=   4.37  cb_yield           L13-CB1 {'rot': 0.00083}
  t=   4.37  cb_yield           L14-CB1 {'rot': 0.00072}
  t=   4.50  cb_yield           L15-CB1 {'rot': 0.00074}
  t=   4.62  cb_yield           L6-CB0 {'rot': 0.00069}
  t=   4.62  cb_yield           L7-CB0 {'rot': 0.00069}
  t=   4.62  cb_yield           L8-CB0 {'rot': 0.00071}
  t=   4.62  cb_yield           L16-CB1 {'rot': 0.00079}
  t=   4.75  cb_yield           L2-CB0 {'rot': 0.00077}
  t=   4.75  cb_yield           L3-CB0 {'rot': 0.00085}
  t=   4.75  cb_yield           L4-CB0 {'rot': 0.00091}
  t=   4.75  cb_yield           L5-CB0 {'rot': 0.00094}
  t=   4.75  cb_yield           L9-CB0 {'rot': 0.00088}
  t=   4.75  cb_yield           L10-CB0 {'rot': 0.00084}
  t=   4.75  cb_yield           L11-CB0 {'rot': 0.0008}
  t=   4.75  cb_yield           L12-CB0 {'rot': 0.00077}
  t=   4.75  cb_yield           L13-CB0 {'rot': 0.00073}
  t=   4.75  cb_yield           L14-CB0 {'rot': 0.00069}
  t=   4.75  cb_yield           L17-CB1 {'rot': 0.00086}
  t=   4.75  cb_yield           L18-CB1 {'rot': 0.00076}
  t=   4.88  cb_yield           L1-CB0 {'rot': 0.00077}
  t=   4.88  cb_yield           L15-CB0 {'rot': 0.00076}
  t=   4.88  cb_yield           L16-CB0 {'rot': 0.0007}
  t=   5.00  cb_yield           L17-CB0 {'rot': 0.00075}
  t=   6.50  cb_yield           L18-CB0 {'rot': 0.00075}
  t=   6.50  cb_yield           L19-CB1 {'rot': 0.00076}
  t=   6.63  cb_yield           L19-CB0 {'rot': 0.00099}
  t=   6.63  cb_yield           L20-CB0 {'rot': 0.00083}
  t=   6.63  cb_yield           L20-CB1 {'rot': 0.001}
  t=   6.63  cb_yield           L21-CB1 {'rot': 0.00085}
  t=   6.75  cb_yield           L21-CB0 {'rot': 0.00097}
  t=   6.75  cb_yield           L22-CB0 {'rot': 0.00079}
  t=   6.75  cb_yield           L22-CB1 {'rot': 0.00095}
  t=   6.75  cb_yield           L23-CB1 {'rot': 0.00079}
  t=   6.88  cb_yield           L23-CB0 {'rot': 0.00078}
  t=   6.88  cb_yield           L24-CB1 {'rot': 0.00075}
  t=   7.50  cb_yield           L3-CB2 {'rot': 0.00069}
  t=   7.63  cb_yield           L1-CB2 {'rot': 0.00112}
  t=   7.63  cb_yield           L4-CB2 {'rot': 0.00148}
  t=   7.63  cb_yield           L5-CB2 {'rot': 0.00143}
  t=   7.63  cb_yield           L6-CB2 {'rot': 0.00133}
  t=   7.63  cb_yield           L9-CB2 {'rot': 0.00092}
  t=   7.63  cb_yield           L10-CB2 {'rot': 0.00077}
  t=   8.25  cb_yield           L11-CB2 {'rot': 0.00095}
  t=   8.25  cb_yield           L12-CB2 {'rot': 0.00084}
  t=   8.25  cb_yield           L13-CB2 {'rot': 0.00073}
  t=   8.25  cb_yield           L14-CB2 {'rot': 0.0007}
  t=   8.38  cb_yield           L15-CB2 {'rot': 0.00146}
  t=   8.38  cb_yield           L16-CB2 {'rot': 0.00136}
  t=   8.38  cb_yield           L17-CB2 {'rot': 0.00129}
  t=   8.38  cb_yield           L18-CB2 {'rot': 0.0012}
  t=   8.38  cb_yield           L19-CB2 {'rot': 0.00108}
  t=   8.38  cb_yield           L20-CB2 {'rot': 0.00097}
  t=   8.38  cb_yield           L21-CB2 {'rot': 0.00088}
  t=   8.38  cb_yield           L21-CB3 {'rot': 0.00131}
  t=   8.38  cb_yield           L22-CB2 {'rot': 0.00077}
  t=   8.38  cb_yield           L22-CB3 {'rot': 0.00118}
  t=   8.38  cb_yield           L23-CB3 {'rot': 0.00106}
  t=   8.38  cb_yield           L24-CB3 {'rot': 0.00094}
  t=   8.38  cb_yield           L25-CB3 {'rot': 0.00083}
  t=   8.50  cb_yield           L23-CB2 {'rot': 0.00096}
  t=   8.50  cb_yield           L24-CB2 {'rot': 0.00081}
  t=   8.50  cb_yield           L26-CB3 {'rot': 0.00078}
  t=   8.88  cb_yield           L25-CB1 {'rot': 0.00076}
  t=   9.00  cb_yield           L24-CB0 {'rot': 0.00084}
  t=   9.00  cb_yield           L26-CB1 {'rot': 0.00075}
  t=  10.00  cb_yield           L25-CB2 {'rot': 0.00077}
  progress t=  10.0s  max corner drift so far=0.0034  wall clock=152s
  t=  10.13  cb_yield           L26-CB2 {'rot': 0.00163}
  t=  10.13  cb_yield           L27-CB2 {'rot': 0.00123}
  t=  10.13  cb_yield           L27-CB3 {'rot': 0.00124}
  t=  10.13  cb_yield           L28-CB2 {'rot': 0.00092}
  t=  10.13  cb_yield           L28-CB3 {'rot': 0.00093}
  t=  10.25  cb_yield           L25-CB0 {'rot': 0.00082}
  t=  10.25  cb_yield           L26-CB0 {'rot': 0.00078}
  t=  10.25  cb_yield           L27-CB0 {'rot': 0.00076}
  t=  10.25  cb_yield           L27-CB1 {'rot': 0.0008}
  t=  10.25  cb_yield           L28-CB1 {'rot': 0.00075}
  t=  11.00  cb_yield           L29-CB1 {'rot': 0.0009}
  t=  11.38  cb_failure         L5-CB1 {'rot': 0.02568}
  t=  11.38  cb_failure         L6-CB1 {'rot': 0.02814}
  t=  11.38  cb_failure         L7-CB1 {'rot': 0.0296}
  t=  11.38  cb_failure         L8-CB1 {'rot': 0.03033}
  t=  11.38  cb_failure         L9-CB1 {'rot': 0.0304}
  t=  11.38  cb_failure         L10-CB1 {'rot': 0.02981}
  t=  11.38  cb_failure         L11-CB1 {'rot': 0.02875}
  t=  11.38  cb_failure         L12-CB1 {'rot': 0.02736}
  t=  11.38  cb_failure         L13-CB1 {'rot': 0.02555}
  t=  11.50  cb_failure         L8-CB3 {'rot': 0.02562}
  t=  11.50  cb_failure         L9-CB3 {'rot': 0.02668}
  t=  11.50  cb_failure         L10-CB3 {'rot': 0.02724}
  t=  11.50  cb_failure         L11-CB3 {'rot': 0.02736}
  t=  11.50  cb_failure         L12-CB3 {'rot': 0.02706}
  t=  11.50  cb_failure         L13-CB3 {'rot': 0.0263}
  t=  11.50  cb_failure         L14-CB1 {'rot': 0.03085}
  t=  11.50  cb_failure         L14-CB3 {'rot': 0.0248}
  t=  11.50  cb_failure         L15-CB1 {'rot': 0.02754}
  t=  11.63  cb_failure         L15-CB3 {'rot': 0.02651}
  t=  11.63  cb_failure         L16-CB1 {'rot': 0.02886}
  t=  11.75  cb_failure         L17-CB1 {'rot': 0.02483}
  t=  11.88  cb_yield           L30-CB1 {'rot': 0.00082}
  t=  13.50  cb_yield           L28-CB0 {'rot': 0.00091}
  t=  13.50  cb_yield           L29-CB0 {'rot': 0.00079}
  t=  14.13  cb_yield           L29-CB2 {'rot': 0.00085}
  t=  16.00  cb_yield           L29-CB3 {'rot': 0.00117}
  t=  16.00  cb_yield           L30-CB0 {'rot': 0.00103}
  t=  16.00  cb_yield           L30-CB3 {'rot': 0.0009}
  t=  16.00  cb_yield           L31-CB0 {'rot': 0.00076}
  t=  16.13  cb_yield           L31-CB3 {'rot': 0.00125}
  t=  16.13  cb_yield           L32-CB0 {'rot': 0.00141}
  t=  16.13  cb_yield           L32-CB3 {'rot': 0.00102}
  t=  16.13  cb_yield           L33-CB0 {'rot': 0.00126}
  t=  16.13  cb_yield           L33-CB3 {'rot': 0.00086}
  t=  16.38  cb_failure         L5-CB3 {'rot': 0.0261}
  t=  16.38  cb_failure         L6-CB3 {'rot': 0.02767}
  t=  16.38  cb_failure         L7-CB3 {'rot': 0.02838}
  t=  16.50  cb_failure         L6-CB2 {'rot': 0.02591}
  t=  16.50  cb_failure         L7-CB2 {'rot': 0.02747}
  t=  16.50  cb_failure         L8-CB2 {'rot': 0.02837}
  t=  16.50  cb_failure         L9-CB2 {'rot': 0.02872}
  t=  16.50  cb_failure         L10-CB2 {'rot': 0.02868}
  t=  16.50  cb_failure         L11-CB2 {'rot': 0.02829}
  t=  16.50  cb_failure         L12-CB2 {'rot': 0.0275}
  t=  16.50  cb_failure         L13-CB2 {'rot': 0.02625}
  t=  16.63  cb_failure         L4-CB3 {'rot': 0.02713}
  t=  16.63  cb_failure         L5-CB2 {'rot': 0.02713}
  t=  16.63  cb_failure         L14-CB2 {'rot': 0.03036}
  t=  16.63  cb_failure         L15-CB2 {'rot': 0.02824}
  t=  16.63  cb_failure         L16-CB2 {'rot': 0.02559}
  t=  16.63  cb_failure         L16-CB3 {'rot': 0.02849}
  t=  16.75  cb_failure         L3-CB3 {'rot': 0.02512}
  t=  16.75  cb_failure         L4-CB2 {'rot': 0.02663}
  t=  16.75  cb_failure         L17-CB2 {'rot': 0.02609}
  t=  16.75  cb_failure         L17-CB3 {'rot': 0.03016}
  t=  16.75  cb_failure         L18-CB3 {'rot': 0.02487}
  t=  16.88  cb_yield           L31-CB1 {'rot': 0.00075}
  t=  17.00  cb_failure         L3-CB2 {'rot': 0.02496}
  t=  17.00  cb_failure         L19-CB3 {'rot': 0.02544}
  t=  17.13  cb_failure         L4-CB1 {'rot': 0.02553}
  t=  17.13  cb_failure         L5-CB0 {'rot': 0.02564}
  t=  17.13  cb_failure         L6-CB0 {'rot': 0.02839}
  t=  17.13  cb_failure         L7-CB0 {'rot': 0.02971}
  t=  17.13  cb_failure         L8-CB0 {'rot': 0.03037}
  t=  17.13  cb_failure         L9-CB0 {'rot': 0.02732}
  t=  17.13  cb_failure         L10-CB0 {'rot': 0.0251}
  t=  17.13  cb_failure         L18-CB2 {'rot': 0.026}
  t=  17.25  cb_failure         L4-CB0 {'rot': 0.02515}
  t=  17.25  cb_failure         L11-CB0 {'rot': 0.03045}
  t=  17.25  cb_failure         L12-CB0 {'rot': 0.02791}
  t=  17.25  cb_failure         L13-CB0 {'rot': 0.0252}
  t=  17.25  cb_yield           L32-CB1 {'rot': 0.00076}
  t=  17.25  cb_yield           L33-CB1 {'rot': 0.00074}
  t=  17.38  cb_failure         L14-CB0 {'rot': 0.03021}
  t=  17.38  cb_failure         L15-CB0 {'rot': 0.0266}
  t=  17.50  cb_failure         L16-CB0 {'rot': 0.03181}
  t=  17.50  cb_failure         L17-CB0 {'rot': 0.02482}
  t=  17.50  cb_failure         L18-CB1 {'rot': 0.027}
  t=  17.63  cb_failure         L18-CB0 {'rot': 0.02823}
  t=  17.63  cb_failure         L19-CB1 {'rot': 0.02933}
  t=  17.63  cb_failure         L19-CB2 {'rot': 0.02904}
  t=  17.63  cb_failure         L20-CB3 {'rot': 0.02767}
  t=  17.75  cb_failure         L19-CB0 {'rot': 0.0299}
  t=  17.75  cb_failure         L20-CB1 {'rot': 0.03027}
  t=  17.75  cb_failure         L20-CB2 {'rot': 0.02695}
  t=  17.88  cb_failure         L3-CB1 {'rot': 0.02605}
  t=  17.88  cb_failure         L20-CB0 {'rot': 0.02725}
  t=  17.88  cb_failure         L21-CB1 {'rot': 0.02596}
  t=  17.88  cb_failure         L21-CB3 {'rot': 0.03163}
  t=  18.00  cb_failure         L3-CB0 {'rot': 0.02777}
  t=  18.25  cb_failure         L2-CB0 {'rot': 0.02868}
  t=  18.25  cb_failure         L2-CB1 {'rot': 0.02958}
  t=  18.25  cb_failure         L2-CB3 {'rot': 0.02541}
  t=  18.50  cb_failure         L2-CB2 {'rot': 0.02472}
  t=  18.63  cb_failure         L1-CB1 {'rot': 0.02595}
  t=  18.63  cb_failure         L21-CB0 {'rot': 0.02538}
  t=  18.82  punching           L13-col4 {'drift': np.float64(0.0264), 'vg_vc': 0.276, 'conn': 'column'}
  t= 18.825  solver fallback: Newton
  t=  18.85  punching           L13-col10 {'drift': np.float64(0.024), 'vg_vc': 0.32, 'conn': 'column'}
  t=  18.87  punching           L13-col0 {'drift': np.float64(0.0278), 'vg_vc': 0.389, 'conn': 'column'}
  t=  18.87  punching           L13-col5 {'drift': np.float64(0.026), 'vg_vc': 0.506, 'conn': 'column'}
  t= 18.875  solver fallback: Newton
  t=  18.90  punching           L9-col4 {'drift': np.float64(0.0286), 'vg_vc': 0.23, 'conn': 'column'}
  t=  18.90  punching           L10-col4 {'drift': np.float64(0.0286), 'vg_vc': 0.228, 'conn': 'column'}
  t=  18.90  punching           L14-col10 {'drift': np.float64(0.0237), 'vg_vc': 0.329, 'conn': 'column'}
  t=  18.92  punching           L11-col4 {'drift': np.float64(0.0289), 'vg_vc': 0.227, 'conn': 'column'}
  t=  18.92  punching           L14-col4 {'drift': np.float64(0.0268), 'vg_vc': 0.267, 'conn': 'column'}
  t=  18.95  punching           L8-col4 {'drift': np.float64(0.0285), 'vg_vc': 0.231, 'conn': 'column'}
  t=  18.95  punching           L12-col4 {'drift': np.float64(0.029), 'vg_vc': 0.225, 'conn': 'column'}
  t=  19.00  punching           L8-col5 {'drift': np.float64(0.0272), 'vg_vc': 0.256, 'conn': 'column'}
  t=  19.00  punching           L8-corecL24 {'drift': np.float64(0.0214), 'vg_vc': 0.409, 'conn': 'wall'}
  t=  19.00  punching           L9-col5 {'drift': np.float64(0.0278), 'vg_vc': 0.258, 'conn': 'column'}
  t=  19.00  punching           L9-corecL24 {'drift': np.float64(0.0218), 'vg_vc': 0.422, 'conn': 'wall'}
  t=  19.00  punching           L10-col5 {'drift': np.float64(0.028), 'vg_vc': 0.255, 'conn': 'column'}
  t=  19.00  punching           L12-col5 {'drift': np.float64(0.028), 'vg_vc': 0.254, 'conn': 'column'}
  t=  19.00  punching           L13-col6 {'drift': np.float64(0.0255), 'vg_vc': 0.322, 'conn': 'column'}
  t=  19.00  punching           L13-col11 {'drift': np.float64(0.024), 'vg_vc': 0.335, 'conn': 'column'}
  t=  19.00  punching           L14-col5 {'drift': np.float64(0.0266), 'vg_vc': 0.279, 'conn': 'column'}
  t= 19.000  solver fallback: 4 sub-steps
  t=  19.02  punching           L15-col4 {'drift': np.float64(0.0266), 'vg_vc': 0.27, 'conn': 'column'}
  t=  19.05  punching           L15-col10 {'drift': np.float64(0.0238), 'vg_vc': 0.327, 'conn': 'column'}
