  t=   7.63  cb_yield           L2-CB2 {'rot': 0.00069}
  t=   7.63  cb_yield           L2-CB3 {'rot': 0.00074}
  t=   7.63  cb_yield           L3-CB2 {'rot': 0.00071}
  t=   7.63  cb_yield           L3-CB3 {'rot': 0.00077}
  t=   7.63  cb_yield           L4-CB2 {'rot': 0.00071}
  t=   7.63  cb_yield           L4-CB3 {'rot': 0.00077}
  t=   7.63  cb_yield           L5-CB2 {'rot': 0.00069}
  t=   7.63  cb_yield           L5-CB3 {'rot': 0.00075}
  t=   7.63  cb_yield           L6-CB3 {'rot': 0.0007}
  t=   7.75  cb_yield           L6-CB2 {'rot': 0.00072}
  t=   7.75  cb_yield           L7-CB3 {'rot': 0.00074}
  t=   9.38  cb_yield           L8-CB3 {'rot': 0.00096}
  t=   9.38  cb_yield           L9-CB3 {'rot': 0.00092}
  t=   9.38  cb_yield           L10-CB3 {'rot': 0.00087}
  t=   9.38  cb_yield           L11-CB3 {'rot': 0.00081}
  t=   9.38  cb_yield           L12-CB3 {'rot': 0.00073}
  t=   9.38  cb_yield           L13-CB3 {'rot': 0.0007}
  t=   9.50  cb_yield           L1-CB3 {'rot': 0.00074}
  t=   9.50  cb_yield           L7-CB2 {'rot': 0.00099}
  t=   9.50  cb_yield           L8-CB2 {'rot': 0.00101}
  t=   9.50  cb_yield           L9-CB2 {'rot': 0.00101}
  t=   9.50  cb_yield           L10-CB2 {'rot': 0.00099}
  t=   9.50  cb_yield           L11-CB2 {'rot': 0.00096}
  t=   9.50  cb_yield           L12-CB2 {'rot': 0.00093}
  t=   9.50  cb_yield           L13-CB2 {'rot': 0.00089}
  t=   9.50  cb_yield           L14-CB2 {'rot': 0.00084}
  t=   9.50  cb_yield           L14-CB3 {'rot': 0.00114}
  t=   9.50  cb_yield           L15-CB2 {'rot': 0.00079}
  t=   9.50  cb_yield           L15-CB3 {'rot': 0.00105}
  t=   9.50  cb_yield           L16-CB2 {'rot': 0.00074}
  t=   9.50  cb_yield           L16-CB3 {'rot': 0.00096}
  t=   9.50  cb_yield           L17-CB3 {'rot': 0.00091}
  t=   9.50  cb_yield           L18-CB3 {'rot': 0.00082}
  t=   9.50  cb_yield           L19-CB3 {'rot': 0.00074}
  t=   9.63  cb_yield           L17-CB2 {'rot': 0.00106}
  t=   9.63  cb_yield           L18-CB2 {'rot': 0.00097}
  t=   9.63  cb_yield           L19-CB2 {'rot': 0.00088}
  t=   9.63  cb_yield           L20-CB2 {'rot': 0.0008}
  t=   9.63  cb_yield           L20-CB3 {'rot': 0.00091}
  t=   9.63  cb_yield           L21-CB3 {'rot': 0.00081}
  t=  10.00  cb_yield           L1-CB2 {'rot': 0.00088}
  t=  10.00  cb_yield           L21-CB2 {'rot': 0.00078}
  t=  10.00  cb_yield           L22-CB3 {'rot': 0.00075}
  progress t=  10.0s  max corner drift so far=0.0023  wall clock=140s
  t=  10.25  cb_yield           L1-CB1 {'rot': 0.00126}
  t=  10.25  cb_yield           L2-CB1 {'rot': 0.00138}
  t=  10.25  cb_yield           L3-CB1 {'rot': 0.00125}
  t=  10.25  cb_yield           L4-CB1 {'rot': 0.00105}
  t=  10.25  cb_yield           L5-CB1 {'rot': 0.00082}
  t=  10.38  cb_yield           L6-CB1 {'rot': 0.00098}
  t=  10.38  cb_yield           L7-CB1 {'rot': 0.0008}
  t=  10.38  cb_yield           L8-CB1 {'rot': 0.00071}
  t=  10.50  cb_yield           L9-CB1 {'rot': 0.00116}
  t=  10.50  cb_yield           L10-CB1 {'rot': 0.00115}
  t=  10.50  cb_yield           L11-CB1 {'rot': 0.00108}
  t=  10.50  cb_yield           L12-CB1 {'rot': 0.00099}
  t=  10.50  cb_yield           L13-CB1 {'rot': 0.00087}
  t=  10.50  cb_yield           L14-CB1 {'rot': 0.00073}
  t=  10.50  cb_yield           L15-CB1 {'rot': 0.00069}
  t=  10.63  cb_yield           L12-CB0 {'rot': 0.00075}
  t=  10.63  cb_yield           L13-CB0 {'rot': 0.00081}
  t=  10.63  cb_yield           L14-CB0 {'rot': 0.00085}
  t=  10.63  cb_yield           L15-CB0 {'rot': 0.00087}
  t=  10.63  cb_yield           L16-CB0 {'rot': 0.00087}
  t=  10.63  cb_yield           L16-CB1 {'rot': 0.00152}
  t=  10.63  cb_yield           L17-CB0 {'rot': 0.00088}
  t=  10.63  cb_yield           L17-CB1 {'rot': 0.00147}
  t=  10.63  cb_yield           L18-CB0 {'rot': 0.00084}
  t=  10.63  cb_yield           L18-CB1 {'rot': 0.00137}
  t=  10.63  cb_yield           L19-CB0 {'rot': 0.00077}
  t=  10.63  cb_yield           L19-CB1 {'rot': 0.00126}
  t=  10.63  cb_yield           L20-CB0 {'rot': 0.00075}
  t=  10.63  cb_yield           L20-CB1 {'rot': 0.00114}
  t=  10.63  cb_yield           L21-CB1 {'rot': 0.00101}
  t=  10.63  cb_yield           L22-CB1 {'rot': 0.00088}
  t=  10.63  cb_yield           L23-CB1 {'rot': 0.00077}
  t=  10.75  cb_yield           L1-CB0 {'rot': 0.00069}
  t=  10.75  cb_yield           L2-CB0 {'rot': 0.00083}
  t=  10.75  cb_yield           L3-CB0 {'rot': 0.00081}
  t=  10.75  cb_yield           L4-CB0 {'rot': 0.00079}
  t=  10.75  cb_yield           L5-CB0 {'rot': 0.0008}
  t=  10.75  cb_yield           L6-CB0 {'rot': 0.00087}
  t=  10.75  cb_yield           L7-CB0 {'rot': 0.00099}
  t=  10.75  cb_yield           L8-CB0 {'rot': 0.00116}
  t=  10.75  cb_yield           L9-CB0 {'rot': 0.00119}
  t=  10.75  cb_yield           L10-CB0 {'rot': 0.00125}
  t=  10.75  cb_yield           L11-CB0 {'rot': 0.00134}
  t=  10.75  cb_yield           L21-CB0 {'rot': 0.00131}
  t=  10.75  cb_yield           L22-CB0 {'rot': 0.00115}
  t=  10.75  cb_yield           L23-CB0 {'rot': 0.00102}
  t=  10.75  cb_yield           L24-CB0 {'rot': 0.00089}
  t=  10.75  cb_yield           L24-CB1 {'rot': 0.00121}
  t=  10.75  cb_yield           L25-CB0 {'rot': 0.00077}
  t=  10.75  cb_yield           L25-CB1 {'rot': 0.00101}
  t=  10.75  cb_yield           L26-CB1 {'rot': 0.00083}
  t=  12.38  cb_yield           L26-CB0 {'rot': 0.00097}
  t=  12.38  cb_yield           L27-CB0 {'rot': 0.00077}
  t=  12.38  cb_yield           L27-CB1 {'rot': 0.00088}
  t=  15.25  cb_yield           L28-CB0 {'rot': 0.00076}
  t=  15.25  cb_yield           L28-CB1 {'rot': 0.00097}
  t=  15.25  cb_yield           L29-CB1 {'rot': 0.00076}
  t=  17.63  cb_yield           L30-CB1 {'rot': 0.00085}
  t=  18.25  cb_yield           L22-CB2 {'rot': 0.00075}
  t=  18.25  cb_yield           L23-CB2 {'rot': 0.00074}
  t=  19.00  cb_yield           L24-CB2 {'rot': 0.00075}
  t=  19.12  cb_yield           L25-CB2 {'rot': 0.00082}
  t=  19.12  cb_yield           L26-CB2 {'rot': 0.00079}
  t=  19.12  cb_yield           L27-CB2 {'rot': 0.00077}
  t=  19.12  cb_yield           L28-CB2 {'rot': 0.00075}
  progress t=  20.0s  max corner drift so far=0.0090  wall clock=329s
  t=  20.87  cb_yield           L29-CB0 {'rot': 0.00083}
  t=  21.12  cb_yield           L23-CB3 {'rot': 0.00153}
  t=  21.12  cb_yield           L24-CB3 {'rot': 0.00129}
  t=  21.12  cb_yield           L25-CB3 {'rot': 0.00113}
  t=  21.12  cb_yield           L26-CB3 {'rot': 0.00101}
  t=  21.12  cb_yield           L27-CB3 {'rot': 0.00089}
  t=  21.12  cb_yield           L28-CB3 {'rot': 0.00079}
  t=  21.25  cb_yield           L29-CB3 {'rot': 0.00108}
  t=  21.25  cb_yield           L30-CB3 {'rot': 0.00083}
  t=  21.37  cb_yield           L30-CB0 {'rot': 0.00093}
  t=  21.37  cb_yield           L31-CB3 {'rot': 0.00083}
  t=  21.50  cb_yield           L31-CB0 {'rot': 0.00082}
  t=  24.37  cb_yield           L29-CB2 {'rot': 0.00077}
  t=  25.62  cb_yield           L30-CB2 {'rot': 0.00098}
  t=  25.62  cb_yield           L31-CB1 {'rot': 0.00077}
  t=  25.62  cb_yield           L31-CB2 {'rot': 0.00074}
  t=  25.75  cb_yield           L32-CB2 {'rot': 0.00075}
  t=  28.50  cb_yield           L32-CB3 {'rot': 0.00083}
  t=  29.25  cb_yield           L32-CB0 {'rot': 0.0009}
  t=  29.25  cb_yield           L33-CB0 {'rot': 0.00074}
  t=  29.62  cb_yield           L33-CB3 {'rot': 0.001}
  progress t=  30.0s  max corner drift so far=0.0121  wall clock=567s
  progress t=  40.0s  max corner drift so far=0.0121  wall clock=810s
  t=  48.00  cb_failure         L7-CB0 {'rot': 0.02473}
  t=  48.12  cb_failure         L6-CB0 {'rot': 0.0247}
  progress t=  50.0s  max corner drift so far=0.0121  wall clock=1044s
  t=  50.62  cb_failure         L6-CB1 {'rot': 0.02536}
  t=  50.62  cb_failure         L7-CB1 {'rot': 0.02735}
  t=  50.62  cb_failure         L8-CB1 {'rot': 0.02844}
  t=  50.62  cb_failure         L8-CB3 {'rot': 0.02496}
  t=  50.62  cb_failure         L9-CB1 {'rot': 0.02876}
  t=  50.62  cb_failure         L9-CB3 {'rot': 0.02479}
  t=  50.62  cb_failure         L10-CB1 {'rot': 0.02842}
  t=  50.62  cb_failure         L11-CB1 {'rot': 0.02742}
  t=  50.62  cb_failure         L12-CB1 {'rot': 0.02576}
  t=  50.75  cb_failure         L7-CB3 {'rot': 0.0268}
  t=  50.75  cb_failure         L10-CB3 {'rot': 0.02893}
  t=  50.75  cb_failure         L11-CB3 {'rot': 0.02829}
  t=  50.75  cb_failure         L12-CB3 {'rot': 0.02706}
  t=  50.75  cb_failure         L13-CB1 {'rot': 0.02927}
  t=  50.75  cb_failure         L13-CB3 {'rot': 0.02512}
  t=  50.75  cb_failure         L14-CB1 {'rot': 0.02646}
  t=  50.87  cb_failure         L6-CB3 {'rot': 0.02494}
  t=  50.87  cb_failure         L14-CB3 {'rot': 0.02876}
  t=  50.87  cb_failure         L15-CB1 {'rot': 0.02889}
  t=  50.87  cb_failure         L15-CB3 {'rot': 0.02641}
  t=  50.87  cb_failure         L16-CB1 {'rot': 0.02558}
  t=  51.00  cb_failure         L16-CB3 {'rot': 0.02781}
  t=  56.25  cb_failure         L9-CB0 {'rot': 0.02589}
  t=  56.25  cb_failure         L10-CB0 {'rot': 0.02646}
  t=  56.25  cb_failure         L11-CB0 {'rot': 0.02638}
  t=  56.25  cb_failure         L12-CB0 {'rot': 0.02574}
  t=  56.37  cb_failure         L8-CB0 {'rot': 0.02623}
  t=  56.37  cb_failure         L13-CB0 {'rot': 0.02604}
  t=  56.50  cb_failure         L14-CB0 {'rot': 0.02695}
  t=  56.50  cb_failure         L15-CB0 {'rot': 0.02476}
  t=  56.62  cb_failure         L5-CB1 {'rot': 0.02706}
  t=  56.75  cb_failure         L4-CB1 {'rot': 0.0252}
  t=  56.75  cb_failure         L5-CB0 {'rot': 0.0257}
  t=  56.75  cb_failure         L17-CB1 {'rot': 0.02484}
  t=  56.87  cb_failure         L5-CB3 {'rot': 0.02597}
  t=  56.87  cb_failure         L9-CB2 {'rot': 0.02516}
  t=  56.87  cb_failure         L10-CB2 {'rot': 0.02537}
  t=  56.87  cb_failure         L11-CB2 {'rot': 0.02508}
  t=  56.87  cb_failure         L16-CB0 {'rot': 0.02602}
  t=  57.00  cb_failure         L4-CB0 {'rot': 0.02598}
  t=  57.00  cb_failure         L6-CB2 {'rot': 0.02533}
  t=  57.00  cb_failure         L7-CB2 {'rot': 0.02737}
  t=  57.00  cb_failure         L8-CB2 {'rot': 0.02842}
  t=  57.00  cb_failure         L12-CB2 {'rot': 0.02636}
  t=  57.12  cb_failure         L13-CB2 {'rot': 0.0254}
  t=  59.37  cb_failure         L5-CB2 {'rot': 0.02573}
  t=  59.75  cb_failure         L14-CB2 {'rot': 0.02516}
  t=  60.00  cb_failure         L4-CB2 {'rot': 0.02652}
  t=  60.00  cb_failure         L15-CB2 {'rot': 0.02653}
  progress t=  60.0s  max corner drift so far=0.0121  wall clock=1282s
  t=  60.12  cb_failure         L4-CB3 {'rot': 0.02654}
  t=  62.62  cb_failure         L16-CB2 {'rot': 0.02637}
  t=  62.62  cb_failure         L17-CB3 {'rot': 0.02483}
  t=  63.87  cb_failure         L17-CB0 {'rot': 0.0254}
  progress t=  70.0s  max corner drift so far=0.0121  wall clock=1492s
  t=  73.75  cb_yield           L33-CB2 {'rot': 0.00075}
  t=  73.87  cb_yield           L32-CB1 {'rot': 0.00077}
  t=  75.38  cb_failure         L17-CB2 {'rot': 0.02758}
  t=  75.50  cb_failure         L18-CB2 {'rot': 0.02585}
  t=  75.50  cb_failure         L18-CB3 {'rot': 0.02688}
  t=  75.75  cb_failure         L19-CB2 {'rot': 0.03031}
  t=  75.75  cb_failure         L19-CB3 {'rot': 0.02816}
  t=  75.88  cb_failure         L20-CB2 {'rot': 0.02755}
  t=  75.88  cb_failure         L20-CB3 {'rot': 0.02546}
  t=  76.13  cb_failure         L21-CB2 {'rot': 0.02679}
  t=  76.25  cb_failure         L21-CB3 {'rot': 0.025}
  t=  78.63  cb_failure         L3-CB2 {'rot': 0.02539}
  t=  78.75  cb_failure         L3-CB3 {'rot': 0.02875}
  t=  78.88  cb_failure         L2-CB2 {'rot': 0.0247}
  t=  79.00  cb_failure         L2-CB3 {'rot': 0.02489}
  t=  79.25  cb_yield           L33-CB1 {'rot': 0.00079}
  t=  79.50  cb_failure         L22-CB2 {'rot': 0.02614}
  t=  79.50  cb_failure         L22-CB3 {'rot': 0.02608}
  t=  79.75  cb_failure         L23-CB2 {'rot': 0.02784}
  t=  79.75  cb_failure         L23-CB3 {'rot': 0.02803}
  t=  79.88  cb_failure         L24-CB2 {'rot': 0.02558}
  progress t=  80.0s  max corner drift so far=0.0210  wall clock=1708s
  t=  86.50  cb_failure         L24-CB3 {'rot': 0.02692}
  t=  86.50  cb_failure         L25-CB2 {'rot': 0.02581}
  t=  86.63  cb_failure         L25-CB3 {'rot': 0.02756}
  t=  86.63  cb_failure         L26-CB2 {'rot': 0.02811}
  t=  86.63  cb_failure         L27-CB2 {'rot': 0.02536}
  t=  86.75  cb_failure         L26-CB3 {'rot': 0.02658}
  t=  86.75  cb_failure         L28-CB2 {'rot': 0.02647}
  t=  86.88  cb_failure         L27-CB3 {'rot': 0.0252}
  t=  86.88  cb_failure         L29-CB2 {'rot': 0.02717}
  t=  86.88  cb_failure         L30-CB2 {'rot': 0.02545}
  t=  87.00  cb_failure         L18-CB0 {'rot': 0.02539}
  t=  87.00  cb_failure         L31-CB2 {'rot': 0.02578}
  t=  87.00  cb_failure         L32-CB2 {'rot': 0.02528}
  t=  87.00  cb_failure         L33-CB2 {'rot': 0.02508}
  t=  87.13  cb_failure         L18-CB1 {'rot': 0.0249}
  t=  88.25  cb_failure         L28-CB3 {'rot': 0.02553}
  progress t=  90.0s  max corner drift so far=0.0219  wall clock=1969s
  t=  93.13  cb_failure         L19-CB0 {'rot': 0.02772}
  t=  93.25  cb_failure         L19-CB1 {'rot': 0.02626}
  t=  93.25  cb_failure         L20-CB0 {'rot': 0.02682}
  t=  99.38  cb_failure         L20-CB1 {'rot': 0.02545}
  progress t= 100.0s  max corner drift so far=0.0219  wall clock=2224s
  progress t= 110.0s  max corner drift so far=0.0219  wall clock=2434s
  progress t= 120.0s  max corner drift so far=0.0219  wall clock=2607s
