  t=   5.88  cb_yield           L1-CB1 {'rot': 0.00085}
  t=   5.88  cb_yield           L2-CB0 {'rot': 0.00085}
  t=   5.88  cb_yield           L2-CB1 {'rot': 0.00104}
  t=   5.88  cb_yield           L3-CB0 {'rot': 0.00089}
  t=   5.88  cb_yield           L3-CB1 {'rot': 0.00118}
  t=   5.88  cb_yield           L4-CB0 {'rot': 0.00096}
  t=   5.88  cb_yield           L4-CB1 {'rot': 0.00126}
  t=   5.88  cb_yield           L5-CB0 {'rot': 0.00098}
  t=   5.88  cb_yield           L5-CB1 {'rot': 0.00131}
  t=   5.88  cb_yield           L6-CB0 {'rot': 0.00099}
  t=   5.88  cb_yield           L6-CB1 {'rot': 0.00132}
  t=   5.88  cb_yield           L7-CB0 {'rot': 0.00097}
  t=   5.88  cb_yield           L7-CB1 {'rot': 0.0013}
  t=   5.88  cb_yield           L8-CB0 {'rot': 0.00095}
  t=   5.88  cb_yield           L8-CB1 {'rot': 0.00126}
  t=   5.88  cb_yield           L9-CB0 {'rot': 0.00088}
  t=   5.88  cb_yield           L9-CB1 {'rot': 0.00121}
  t=   5.88  cb_yield           L10-CB0 {'rot': 0.00086}
  t=   5.88  cb_yield           L10-CB1 {'rot': 0.00115}
  t=   5.88  cb_yield           L11-CB1 {'rot': 0.00108}
  t=   5.88  cb_yield           L12-CB1 {'rot': 0.00101}
  t=   5.88  cb_yield           L13-CB1 {'rot': 0.00094}
  t=   5.88  cb_yield           L14-CB1 {'rot': 0.00088}
  t=   6.00  cb_yield           L1-CB0 {'rot': 0.001}
  t=   6.00  cb_yield           L11-CB0 {'rot': 0.00119}
  t=   6.00  cb_yield           L12-CB0 {'rot': 0.00107}
  t=   6.00  cb_yield           L13-CB0 {'rot': 0.00096}
  t=   6.00  cb_yield           L14-CB0 {'rot': 0.00086}
  t=   6.00  cb_yield           L15-CB1 {'rot': 0.00101}
  t=   6.00  cb_yield           L16-CB1 {'rot': 0.00091}
  t=   6.13  cb_yield           L15-CB0 {'rot': 0.00092}
  t=   6.13  cb_yield           L17-CB1 {'rot': 0.00097}
  t=   6.25  cb_yield           L16-CB0 {'rot': 0.00098}
  t=   6.25  cb_yield           L18-CB1 {'rot': 0.00102}
  t=   6.38  cb_yield           L17-CB0 {'rot': 0.001}
  t=   6.38  cb_yield           L19-CB1 {'rot': 0.00102}
  t=   6.50  cb_yield           L20-CB1 {'rot': 0.00098}
  t=   8.00  cb_yield           L1-CB2 {'rot': 0.00098}
  t=   8.00  cb_yield           L1-CB3 {'rot': 0.00087}
  t=   8.00  cb_yield           L2-CB2 {'rot': 0.00118}
  t=   8.00  cb_yield           L2-CB3 {'rot': 0.00102}
  t=   8.00  cb_yield           L3-CB2 {'rot': 0.00123}
  t=   8.00  cb_yield           L3-CB3 {'rot': 0.00112}
  t=   8.00  cb_yield           L4-CB2 {'rot': 0.00122}
  t=   8.00  cb_yield           L4-CB3 {'rot': 0.00114}
  t=   8.00  cb_yield           L5-CB2 {'rot': 0.00114}
  t=   8.00  cb_yield           L5-CB3 {'rot': 0.00109}
  t=   8.00  cb_yield           L6-CB2 {'rot': 0.00103}
  t=   8.00  cb_yield           L6-CB3 {'rot': 0.001}
  t=   8.00  cb_yield           L7-CB2 {'rot': 0.0009}
  t=   8.00  cb_yield           L7-CB3 {'rot': 0.00087}
  t=   9.00  cb_yield           L10-CB3 {'rot': 0.00085}
  t=   9.00  cb_yield           L11-CB3 {'rot': 0.00086}
  t=   9.00  cb_yield           L12-CB3 {'rot': 0.00088}
  t=   9.00  cb_yield           L13-CB3 {'rot': 0.0009}
  t=   9.00  cb_yield           L14-CB3 {'rot': 0.00088}
  t=   9.00  cb_yield           L15-CB3 {'rot': 0.00085}
  t=   9.13  cb_yield           L8-CB2 {'rot': 0.00109}
  t=   9.13  cb_yield           L8-CB3 {'rot': 0.00125}
  t=   9.13  cb_yield           L9-CB2 {'rot': 0.00103}
  t=   9.13  cb_yield           L9-CB3 {'rot': 0.00119}
  t=   9.13  cb_yield           L10-CB2 {'rot': 0.00098}
  t=   9.13  cb_yield           L11-CB2 {'rot': 0.00094}
  t=   9.13  cb_yield           L12-CB2 {'rot': 0.00092}
  t=   9.13  cb_yield           L13-CB2 {'rot': 0.0009}
  t=   9.13  cb_yield           L14-CB2 {'rot': 0.00087}
  t=   9.13  cb_yield           L16-CB3 {'rot': 0.00101}
  t=   9.13  cb_yield           L17-CB3 {'rot': 0.00102}
  t=   9.13  cb_yield           L18-CB3 {'rot': 0.00097}
  t=   9.13  cb_yield           L19-CB3 {'rot': 0.00094}
  t=   9.63  cb_yield           L21-CB1 {'rot': 0.00104}
  t=   9.63  cb_yield           L22-CB1 {'rot': 0.00099}
  t=   9.75  cb_yield           L23-CB1 {'rot': 0.00096}
  progress t=  10.0s  max corner drift so far=0.0023  wall clock=92s
  t=  11.75  cb_yield           L15-CB2 {'rot': 0.00211}
  t=  11.75  cb_yield           L16-CB2 {'rot': 0.00203}
  t=  11.75  cb_yield           L17-CB2 {'rot': 0.00197}
  t=  11.75  cb_yield           L18-CB2 {'rot': 0.00186}
  t=  11.75  cb_yield           L19-CB2 {'rot': 0.00173}
  t=  11.75  cb_yield           L20-CB2 {'rot': 0.0016}
  t=  11.75  cb_yield           L21-CB2 {'rot': 0.00146}
  t=  11.75  cb_yield           L22-CB2 {'rot': 0.00131}
  t=  11.75  cb_yield           L23-CB2 {'rot': 0.00116}
  t=  11.75  cb_yield           L24-CB2 {'rot': 0.001}
  t=  11.88  cb_yield           L20-CB3 {'rot': 0.00101}
  t=  11.88  cb_yield           L25-CB2 {'rot': 0.00112}
  t=  12.00  cb_yield           L21-CB3 {'rot': 0.00099}
  t=  13.63  cb_yield           L22-CB3 {'rot': 0.001}
  t=  13.75  cb_yield           L23-CB3 {'rot': 0.00158}
  t=  13.75  cb_yield           L24-CB3 {'rot': 0.00138}
  t=  13.75  cb_yield           L25-CB3 {'rot': 0.00121}
  t=  13.75  cb_yield           L26-CB3 {'rot': 0.00105}
  t=  13.88  cb_yield           L27-CB3 {'rot': 0.00095}
  t=  15.50  cb_yield           L18-CB0 {'rot': 0.00096}
  t=  15.63  cb_yield           L26-CB2 {'rot': 0.00095}
  t= 17.825  solver fallback: Newton
  t=  19.50  cb_yield           L20-CB0 {'rot': 0.00095}
  t=  19.50  cb_yield           L21-CB0 {'rot': 0.00099}
  t=  19.50  cb_yield           L22-CB0 {'rot': 0.00102}
  t=  19.50  cb_yield           L23-CB0 {'rot': 0.00104}
  t=  19.50  cb_yield           L24-CB0 {'rot': 0.00104}
  t=  19.50  cb_yield           L24-CB1 {'rot': 0.00117}
  t=  19.50  cb_yield           L25-CB0 {'rot': 0.001}
  t=  19.50  cb_yield           L25-CB1 {'rot': 0.00113}
  t=  19.50  cb_yield           L26-CB0 {'rot': 0.00096}
  t=  19.50  cb_yield           L26-CB1 {'rot': 0.0011}
  t=  19.50  cb_yield           L27-CB1 {'rot': 0.00103}
  t=  19.50  cb_yield           L28-CB1 {'rot': 0.00095}
  t=  19.62  cb_yield           L19-CB0 {'rot': 0.0012}
  t=  19.62  cb_yield           L27-CB0 {'rot': 0.00116}
  t=  19.62  cb_yield           L28-CB0 {'rot': 0.00099}
  t=  19.62  cb_yield           L29-CB1 {'rot': 0.00124}
  t=  19.62  cb_yield           L30-CB1 {'rot': 0.00102}
  progress t=  20.0s  max corner drift so far=0.0068  wall clock=206s
  t=  20.50  cb_yield           L28-CB3 {'rot': 0.00095}
  t=  20.62  cb_yield           L27-CB2 {'rot': 0.0011}
  t=  20.62  cb_yield           L29-CB3 {'rot': 0.00127}
  t=  20.62  cb_yield           L30-CB3 {'rot': 0.00102}
  progress t=  30.0s  max corner drift so far=0.0068  wall clock=313s
  t=  33.00  cb_yield           L28-CB2 {'rot': 0.00097}
  t=  39.87  cb_yield           L31-CB1 {'rot': 0.00104}
  progress t=  40.0s  max corner drift so far=0.0076  wall clock=429s
  progress t=  50.0s  max corner drift so far=0.0076  wall clock=543s
  t=  53.25  cb_failure         L5-CB1 {'rot': 0.01595}
  t=  53.25  cb_failure         L6-CB1 {'rot': 0.01712}
  t=  53.25  cb_failure         L7-CB1 {'rot': 0.01769}
  t=  53.25  cb_failure         L8-CB1 {'rot': 0.01772}
  t=  53.25  cb_failure         L9-CB1 {'rot': 0.01735}
  t=  53.25  cb_failure         L10-CB1 {'rot': 0.01663}
  t=  53.25  cb_failure         L11-CB1 {'rot': 0.01553}
  t=  53.37  cb_failure         L4-CB1 {'rot': 0.01718}
  t=  53.37  cb_failure         L4-CB3 {'rot': 0.01531}
  t=  53.37  cb_failure         L5-CB2 {'rot': 0.01535}
  t=  53.37  cb_failure         L5-CB3 {'rot': 0.01686}
  t=  53.37  cb_failure         L6-CB2 {'rot': 0.01595}
  t=  53.37  cb_failure         L6-CB3 {'rot': 0.01772}
  t=  53.37  cb_failure         L7-CB2 {'rot': 0.01594}
  t=  53.37  cb_failure         L7-CB3 {'rot': 0.01801}
  t=  53.37  cb_failure         L8-CB2 {'rot': 0.01538}
  t=  53.37  cb_failure         L8-CB3 {'rot': 0.01782}
  t=  53.37  cb_failure         L9-CB3 {'rot': 0.01723}
  t=  53.37  cb_failure         L10-CB3 {'rot': 0.01624}
  t=  53.37  cb_failure         L12-CB1 {'rot': 0.01599}
  t=  53.50  cb_failure         L3-CB1 {'rot': 0.01649}
  t=  53.50  cb_failure         L3-CB2 {'rot': 0.01517}
  t=  53.50  cb_failure         L3-CB3 {'rot': 0.01618}
  t=  53.50  cb_failure         L4-CB2 {'rot': 0.01764}
  t=  53.50  cb_failure         L6-CB0 {'rot': 0.01521}
  t=  53.50  cb_failure         L7-CB0 {'rot': 0.0152}
  t=  53.50  cb_failure         L9-CB2 {'rot': 0.01789}
  t=  53.50  cb_failure         L10-CB2 {'rot': 0.01622}
  t=  53.50  cb_failure         L11-CB3 {'rot': 0.01735}
  t=  53.50  cb_failure         L12-CB3 {'rot': 0.01498}
  t=  53.62  cb_failure         L4-CB0 {'rot': 0.0152}
  t=  53.62  cb_failure         L5-CB0 {'rot': 0.01627}
  t=  53.62  cb_failure         L8-CB0 {'rot': 0.016}
  t=  53.62  cb_failure         L9-CB0 {'rot': 0.01493}
  t=  53.62  cb_failure         L11-CB2 {'rot': 0.01555}
  t=  53.87  cb_failure         L13-CB3 {'rot': 0.01497}
  t=  54.25  cb_yield           L29-CB2 {'rot': 0.00111}
  t=  54.25  cb_yield           L31-CB3 {'rot': 0.00145}
  t=  54.25  cb_yield           L32-CB3 {'rot': 0.00113}
  t=  54.37  cb_yield           L30-CB2 {'rot': 0.00096}
  t=  56.87  cb_failure         L13-CB1 {'rot': 0.01704}
  t=  57.00  cb_failure         L10-CB0 {'rot': 0.02002}
  t=  57.00  cb_failure         L11-CB0 {'rot': 0.01906}
  t=  57.00  cb_failure         L12-CB0 {'rot': 0.01765}
  t=  57.00  cb_failure         L13-CB0 {'rot': 0.01571}
  t=  57.00  cb_failure         L14-CB1 {'rot': 0.01939}
  t=  57.00  cb_failure         L15-CB1 {'rot': 0.01655}
  t=  57.12  cb_failure         L3-CB0 {'rot': 0.01695}
  t=  57.12  cb_failure         L12-CB2 {'rot': 0.01739}
  t=  57.12  cb_failure         L13-CB2 {'rot': 0.01602}
  t=  57.12  cb_failure         L14-CB0 {'rot': 0.01871}
  t=  57.12  cb_failure         L14-CB3 {'rot': 0.01884}
  t=  57.12  cb_failure         L15-CB0 {'rot': 0.01634}
  t=  57.12  cb_failure         L15-CB3 {'rot': 0.01658}
  t=  57.12  cb_failure         L16-CB1 {'rot': 0.01849}
  t=  57.25  cb_failure         L2-CB1 {'rot': 0.01646}
  t=  57.25  cb_failure         L14-CB2 {'rot': 0.01704}
  t=  57.25  cb_failure         L15-CB2 {'rot': 0.01543}
  t=  57.25  cb_failure         L16-CB0 {'rot': 0.01842}
  t=  57.25  cb_failure         L16-CB3 {'rot': 0.01818}
  t=  57.25  cb_failure         L17-CB0 {'rot': 0.01501}
  t=  57.25  cb_failure         L17-CB1 {'rot': 0.01959}
  t=  57.25  cb_failure         L18-CB1 {'rot': 0.01548}
  t=  57.37  cb_failure         L2-CB0 {'rot': 0.01505}
  t=  57.37  cb_failure         L16-CB2 {'rot': 0.016}
  t=  57.37  cb_failure         L17-CB3 {'rot': 0.01832}
  t=  57.37  cb_failure         L18-CB0 {'rot': 0.01533}
  t=  57.37  cb_failure         L18-CB3 {'rot': 0.01509}
  t=  57.37  cb_failure         L19-CB1 {'rot': 0.01533}
  t=  57.75  cb_failure         L19-CB0 {'rot': 0.01497}
  t=  57.75  cb_yield           L29-CB0 {'rot': 0.00095}
  t=  57.87  cb_failure         L20-CB1 {'rot': 0.01533}
  t=  58.00  cb_yield           L32-CB1 {'rot': 0.00117}
  progress t=  60.0s  max corner drift so far=0.0091  wall clock=672s
  progress t=  70.0s  max corner drift so far=0.0091  wall clock=791s
  t=  72.12  cb_yield           L30-CB0 {'rot': 0.00103}
  t=  72.25  cb_yield           L31-CB0 {'rot': 0.00103}
  t=  72.25  cb_yield           L33-CB1 {'rot': 0.0012}
  t=  73.00  cb_failure         L1-CB1 {'rot': 0.0181}
  t=  73.00  cb_failure         L1-CB2 {'rot': 0.01528}
  t=  73.00  cb_failure         L1-CB3 {'rot': 0.01504}
  t=  73.00  cb_failure         L2-CB2 {'rot': 0.02077}
  t=  73.00  cb_failure         L2-CB3 {'rot': 0.02054}
  t=  73.00  cb_failure         L17-CB2 {'rot': 0.01494}
  t=  73.12  cb_failure         L1-CB0 {'rot': 0.01804}
  t=  73.25  cb_failure         L18-CB2 {'rot': 0.01731}
  t=  73.25  cb_failure         L19-CB3 {'rot': 0.01725}
  t=  73.37  cb_failure         L19-CB2 {'rot': 0.0163}
  t=  73.37  cb_failure         L20-CB3 {'rot': 0.01715}
  t=  73.50  cb_failure         L20-CB2 {'rot': 0.01496}
  t=  73.50  cb_failure         L21-CB3 {'rot': 0.01625}
  t=  73.62  cb_failure         L22-CB3 {'rot': 0.01646}
  t=  73.62  cb_yield           L33-CB3 {'rot': 0.00117}
  t=  73.75  cb_failure         L21-CB2 {'rot': 0.01816}
  t=  73.75  cb_failure         L23-CB3 {'rot': 0.01682}
  t=  73.87  cb_failure         L21-CB1 {'rot': 0.01579}
  t=  73.87  cb_failure         L22-CB2 {'rot': 0.01706}
  t=  73.87  cb_failure         L24-CB3 {'rot': 0.017}
  t=  73.87  cb_yield           L31-CB2 {'rot': 0.00108}
  t=  74.00  cb_failure         L20-CB0 {'rot': 0.01539}
  t=  74.00  cb_failure         L23-CB2 {'rot': 0.01538}
  t=  74.00  cb_failure         L25-CB3 {'rot': 0.01655}
  t=  74.12  cb_failure         L26-CB3 {'rot': 0.01534}
  t=  74.12  cb_yield           L32-CB2 {'rot': 0.00121}
  t=  74.12  cb_yield           L33-CB2 {'rot': 0.00099}
  progress t=  80.0s  max corner drift so far=0.0142  wall clock=919s
  t=  80.38  wall_flexure_strength_loss S1-F {'rot_x': 0.0, 'rot_y': 0.00221}
  t=  80.88  cb_failure         L21-CB0 {'rot': 0.01496}
  t=  80.88  cb_failure         L22-CB1 {'rot': 0.01646}
  t=  81.00  cb_failure         L23-CB1 {'rot': 0.01566}
  t=  81.00  cb_failure         L24-CB2 {'rot': 0.01531}
  t=  81.13  cb_failure         L22-CB0 {'rot': 0.01757}
  t=  81.13  cb_failure         L24-CB1 {'rot': 0.01629}
  t=  81.25  cb_failure         L23-CB0 {'rot': 0.01627}
  t=  81.25  cb_failure         L25-CB2 {'rot': 0.01546}
  t=  81.38  cb_failure         L25-CB1 {'rot': 0.01574}
  progress t=  90.0s  max corner drift so far=0.0150  wall clock=1043s
  t=  93.13  cb_failure         L24-CB0 {'rot': 0.0158}
  t=  93.13  cb_failure         L26-CB1 {'rot': 0.01686}
  t=  93.25  cb_failure         L25-CB0 {'rot': 0.01582}
  t=  93.25  cb_failure         L27-CB1 {'rot': 0.01758}
  t=  93.25  cb_failure         L27-CB3 {'rot': 0.01591}
  t=  93.38  cb_failure         L28-CB1 {'rot': 0.0165}
  t=  93.50  cb_failure         L28-CB3 {'rot': 0.02322}
  t=  93.50  cb_failure         L29-CB1 {'rot': 0.02238}
  t=  93.50  cb_failure         L29-CB3 {'rot': 0.02106}
  t=  93.50  cb_failure         L30-CB1 {'rot': 0.02102}
  t=  93.50  cb_failure         L30-CB3 {'rot': 0.01967}
  t=  93.50  cb_failure         L31-CB1 {'rot': 0.02014}
  t=  93.50  cb_failure         L31-CB3 {'rot': 0.01886}
  t=  93.50  cb_failure         L32-CB1 {'rot': 0.01918}
  t=  93.50  cb_failure         L32-CB3 {'rot': 0.018}
  progress t= 100.0s  max corner drift so far=0.0150  wall clock=1178s
  progress t= 110.0s  max corner drift so far=0.0150  wall clock=1292s
  t= 111.88  cb_yield           L32-CB0 {'rot': 0.00099}
  t= 114.38  wall_axial_failure S1-F {'rot_x': 0.0, 'b_x': 0.0046, 'rot_y': 0.0041, 'b_y': 0.0041, 'cause': 'flexure-compression (ASCE 41 b)'}
  t= 114.50  wall_flexure_strength_loss S33-F {'rot_x': 0.0, 'rot_y': 0.00954}
  t= 114.50  cb_failure         L33-CB1 {'rot': 0.0152}
  t= 114.50  cb_failure         L33-CB3 {'rot': 0.01631}
  t=114.500  solver fallback: 4 sub-steps
  t=114.525  solver fallback: ModifiedNewton
  t= 114.63  cb_failure         L26-CB2 {'rot': 0.01677}
  progress t= 120.0s  max corner drift so far=0.0150  wall clock=1507s
