  t=   4.12  cb_yield           L2-CB2 {'rot': 0.0006}
  t=   4.88  cb_yield           L3-CB0 {'rot': 0.00061}
  t=   4.88  cb_yield           L3-CB1 {'rot': 0.00061}
  t=   4.88  cb_yield           L4-CB0 {'rot': 0.00064}
  t=   4.88  cb_yield           L4-CB1 {'rot': 0.00064}
  t=   4.88  cb_yield           L5-CB0 {'rot': 0.00065}
  t=   4.88  cb_yield           L5-CB1 {'rot': 0.00065}
  t=   4.88  cb_yield           L6-CB0 {'rot': 0.00064}
  t=   4.88  cb_yield           L6-CB1 {'rot': 0.00065}
  t=   4.88  cb_yield           L7-CB0 {'rot': 0.00062}
  t=   4.88  cb_yield           L7-CB1 {'rot': 0.00063}
  t=   4.88  cb_yield           L8-CB1 {'rot': 0.00061}
  t=   5.00  cb_yield           L2-CB0 {'rot': 0.00073}
  t=   5.00  cb_yield           L2-CB1 {'rot': 0.00073}
  t=   5.00  cb_yield           L8-CB0 {'rot': 0.00081}
  t=   5.00  cb_yield           L9-CB0 {'rot': 0.00075}
  t=   5.00  cb_yield           L9-CB1 {'rot': 0.00077}
  t=   5.00  cb_yield           L10-CB0 {'rot': 0.00069}
  t=   5.00  cb_yield           L10-CB1 {'rot': 0.0007}
  t=   5.00  cb_yield           L11-CB0 {'rot': 0.00063}
  t=   5.00  cb_yield           L11-CB1 {'rot': 0.00064}
  t=   5.13  cb_yield           L1-CB0 {'rot': 0.00068}
  t=   5.13  cb_yield           L1-CB1 {'rot': 0.00067}
  t=   5.13  cb_yield           L12-CB0 {'rot': 0.00063}
  t=   5.13  cb_yield           L12-CB1 {'rot': 0.00062}
  t=   6.50  cb_yield           L13-CB1 {'rot': 0.00079}
  t=   6.50  cb_yield           L14-CB1 {'rot': 0.00073}
  t=   6.50  cb_yield           L15-CB1 {'rot': 0.00067}
  t=   6.50  cb_yield           L16-CB1 {'rot': 0.00062}
  t=   6.63  cb_yield           L13-CB0 {'rot': 0.0007}
  t=   6.63  cb_yield           L14-CB0 {'rot': 0.00064}
  t=   6.88  cb_yield           L17-CB1 {'rot': 0.00068}
  t=   7.00  cb_yield           L18-CB1 {'rot': 0.00068}
  t=   7.75  cb_yield           L1-CB2 {'rot': 0.00063}
  t=   7.75  cb_yield           L1-CB3 {'rot': 0.00072}
  t=   7.75  cb_yield           L2-CB3 {'rot': 0.00085}
  t=   7.75  cb_yield           L3-CB2 {'rot': 0.00073}
  t=   7.75  cb_yield           L3-CB3 {'rot': 0.00089}
  t=   7.75  cb_yield           L4-CB2 {'rot': 0.00072}
  t=   7.75  cb_yield           L4-CB3 {'rot': 0.00087}
  t=   7.75  cb_yield           L5-CB2 {'rot': 0.00067}
  t=   7.75  cb_yield           L5-CB3 {'rot': 0.00082}
  t=   7.75  cb_yield           L6-CB2 {'rot': 0.00062}
  t=   7.75  cb_yield           L6-CB3 {'rot': 0.00075}
  t=   7.75  cb_yield           L7-CB3 {'rot': 0.00066}
  t=   7.88  cb_yield           L7-CB2 {'rot': 0.00066}
  t=   7.88  cb_yield           L8-CB3 {'rot': 0.0007}
  t=   7.88  cb_yield           L9-CB3 {'rot': 0.00061}
  t=   8.50  cb_yield           L19-CB3 {'rot': 0.00068}
  t=   8.50  cb_yield           L20-CB3 {'rot': 0.00068}
  t=   8.50  cb_yield           L21-CB3 {'rot': 0.00069}
  t=   8.50  cb_yield           L22-CB3 {'rot': 0.00068}
  t=   8.63  cb_yield           L13-CB3 {'rot': 0.00062}
  t=   8.63  cb_yield           L14-CB3 {'rot': 0.00064}
  t=   8.63  cb_yield           L15-CB3 {'rot': 0.00068}
  t=   8.63  cb_yield           L16-CB3 {'rot': 0.00071}
  t=   8.63  cb_yield           L17-CB3 {'rot': 0.00079}
  t=   8.63  cb_yield           L18-CB3 {'rot': 0.00084}
  t=   8.63  cb_yield           L23-CB3 {'rot': 0.00087}
  t=   8.63  cb_yield           L24-CB3 {'rot': 0.00082}
  t=   8.63  cb_yield           L25-CB3 {'rot': 0.00076}
  t=   8.63  cb_yield           L26-CB3 {'rot': 0.0007}
  t=   8.75  cb_yield           L12-CB3 {'rot': 0.00062}
  t=   9.88  cb_yield           L8-CB2 {'rot': 0.00107}
  t=   9.88  cb_yield           L9-CB2 {'rot': 0.00099}
  t=   9.88  cb_yield           L10-CB2 {'rot': 0.00091}
  t=   9.88  cb_yield           L10-CB3 {'rot': 0.00072}
  t=   9.88  cb_yield           L11-CB2 {'rot': 0.0008}
  t=   9.88  cb_yield           L11-CB3 {'rot': 0.00063}
  t=   9.88  cb_yield           L12-CB2 {'rot': 0.00071}
  t=   9.88  cb_yield           L13-CB2 {'rot': 0.00062}
  t=  10.00  cb_yield           L14-CB2 {'rot': 0.00092}
  t=  10.00  cb_yield           L15-CB2 {'rot': 0.00078}
  t=  10.00  cb_yield           L16-CB2 {'rot': 0.00063}
  progress t=  10.0s  max corner drift so far=0.0016  wall clock=103s
  t=  10.13  cb_yield           L17-CB2 {'rot': 0.00088}
  t=  10.13  cb_yield           L18-CB2 {'rot': 0.00077}
  t=  10.13  cb_yield           L19-CB1 {'rot': 0.0007}
  t=  10.13  cb_yield           L19-CB2 {'rot': 0.00068}
  t=  10.13  cb_yield           L20-CB1 {'rot': 0.00071}
  t=  10.13  cb_yield           L21-CB1 {'rot': 0.00072}
  t=  10.13  cb_yield           L22-CB0 {'rot': 0.00067}
  t=  10.13  cb_yield           L22-CB1 {'rot': 0.00076}
  t=  10.13  cb_yield           L23-CB0 {'rot': 0.00067}
  t=  10.13  cb_yield           L23-CB1 {'rot': 0.00079}
  t=  10.13  cb_yield           L24-CB0 {'rot': 0.00067}
  t=  10.13  cb_yield           L24-CB1 {'rot': 0.0008}
  t=  10.13  cb_yield           L25-CB0 {'rot': 0.00067}
  t=  10.13  cb_yield           L25-CB1 {'rot': 0.00077}
  t=  10.13  cb_yield           L26-CB1 {'rot': 0.00072}
  t=  10.13  cb_yield           L27-CB1 {'rot': 0.00069}
  t=  10.25  cb_yield           L17-CB0 {'rot': 0.00074}
  t=  10.25  cb_yield           L18-CB0 {'rot': 0.00084}
  t=  10.25  cb_yield           L19-CB0 {'rot': 0.00094}
  t=  10.25  cb_yield           L20-CB0 {'rot': 0.00101}
  t=  10.25  cb_yield           L21-CB0 {'rot': 0.00105}
  t=  10.25  cb_yield           L26-CB0 {'rot': 0.00094}
  t=  10.25  cb_yield           L27-CB0 {'rot': 0.00086}
  t=  10.25  cb_yield           L28-CB0 {'rot': 0.00075}
  t=  10.25  cb_yield           L28-CB1 {'rot': 0.00103}
  t=  10.25  cb_yield           L29-CB1 {'rot': 0.00086}
  t=  10.25  cb_yield           L30-CB1 {'rot': 0.00071}
  t=  10.75  cb_yield           L15-CB0 {'rot': 0.00109}
  t=  10.75  cb_yield           L16-CB0 {'rot': 0.00104}
  t=  12.63  cb_yield           L29-CB0 {'rot': 0.00073}
  t=  12.63  cb_yield           L31-CB1 {'rot': 0.0009}
  t=  12.63  cb_yield           L32-CB1 {'rot': 0.00069}
  t=  13.00  cb_yield           L20-CB2 {'rot': 0.00075}
  t=  13.00  cb_yield           L21-CB2 {'rot': 0.00075}
  t=  13.00  cb_yield           L22-CB2 {'rot': 0.0007}
  t=  13.00  cb_yield           L27-CB3 {'rot': 0.00069}
  t=  17.63  cb_yield           L30-CB3 {'rot': 0.00067}
  t=  17.75  cb_yield           L30-CB0 {'rot': 0.00084}
  progress t=  20.0s  max corner drift so far=0.0054  wall clock=232s
  t=  20.62  cb_yield           L31-CB0 {'rot': 0.00068}
  t=  20.75  cb_yield           L32-CB0 {'rot': 0.00082}
  t=  20.75  cb_yield           L33-CB1 {'rot': 0.00119}
  t=  20.87  cb_yield           L33-CB0 {'rot': 0.00124}
  t=  21.75  cb_yield           L28-CB3 {'rot': 0.00074}
  t=  21.75  cb_yield           L29-CB3 {'rot': 0.00067}
  t=  21.87  cb_yield           L23-CB2 {'rot': 0.00078}
  t=  21.87  cb_yield           L24-CB2 {'rot': 0.00076}
  t=  21.87  cb_yield           L25-CB2 {'rot': 0.00074}
  t=  21.87  cb_yield           L26-CB2 {'rot': 0.0007}
  t=  21.87  cb_yield           L27-CB2 {'rot': 0.00069}
  t=  21.87  cb_yield           L28-CB2 {'rot': 0.00067}
  t=  21.87  cb_yield           L31-CB3 {'rot': 0.00107}
  t=  21.87  cb_yield           L32-CB3 {'rot': 0.00091}
  t=  21.87  cb_yield           L33-CB3 {'rot': 0.00071}
  t=  22.00  cb_yield           L29-CB2 {'rot': 0.00077}
  t=  22.00  cb_yield           L30-CB2 {'rot': 0.0007}
  progress t=  30.0s  max corner drift so far=0.0074  wall clock=381s
  t=  30.37  cb_yield           L31-CB2 {'rot': 0.00067}
  t=  39.62  cb_failure         L5-CB3 {'rot': 0.01484}
  t=  39.62  cb_failure         L6-CB3 {'rot': 0.01552}
  t=  39.62  cb_failure         L7-CB3 {'rot': 0.01583}
  t=  39.62  cb_failure         L8-CB3 {'rot': 0.01585}
  t=  39.62  cb_failure         L9-CB3 {'rot': 0.01566}
  t=  39.62  cb_failure         L10-CB3 {'rot': 0.01536}
  t=  39.62  cb_failure         L11-CB3 {'rot': 0.01498}
  t=  39.75  cb_failure         L4-CB3 {'rot': 0.01628}
  t=  39.75  cb_failure         L6-CB1 {'rot': 0.01536}
  t=  39.75  cb_failure         L7-CB1 {'rot': 0.01581}
  t=  39.75  cb_failure         L8-CB1 {'rot': 0.01589}
  t=  39.75  cb_failure         L9-CB1 {'rot': 0.01566}
  t=  39.75  cb_failure         L10-CB1 {'rot': 0.01521}
  t=  39.75  cb_failure         L12-CB3 {'rot': 0.01736}
  t=  39.75  cb_failure         L13-CB3 {'rot': 0.01635}
  t=  39.75  cb_failure         L14-CB3 {'rot': 0.01517}
  t=  39.87  cb_failure         L3-CB3 {'rot': 0.01506}
  t=  39.87  cb_failure         L4-CB1 {'rot': 0.01473}
  t=  39.87  cb_failure         L5-CB1 {'rot': 0.01641}
  t=  39.87  cb_failure         L5-CB2 {'rot': 0.01532}
  t=  39.87  cb_failure         L6-CB0 {'rot': 0.01542}
  t=  39.87  cb_failure         L6-CB2 {'rot': 0.01612}
  t=  39.87  cb_failure         L7-CB0 {'rot': 0.01589}
  t=  39.87  cb_failure         L7-CB2 {'rot': 0.01647}
  t=  39.87  cb_failure         L8-CB0 {'rot': 0.01598}
  t=  39.87  cb_failure         L8-CB2 {'rot': 0.0164}
  t=  39.87  cb_failure         L9-CB0 {'rot': 0.01568}
  t=  39.87  cb_failure         L9-CB2 {'rot': 0.0159}
  t=  39.87  cb_failure         L10-CB0 {'rot': 0.01512}
  t=  39.87  cb_failure         L10-CB2 {'rot': 0.01511}
  t=  39.87  cb_failure         L11-CB1 {'rot': 0.01725}
  t=  39.87  cb_failure         L12-CB1 {'rot': 0.01636}
  t=  39.87  cb_failure         L13-CB1 {'rot': 0.01518}
  t=  39.87  cb_failure         L15-CB3 {'rot': 0.01486}
  t=  40.00  cb_failure         L4-CB2 {'rot': 0.01527}
  t=  40.00  cb_failure         L5-CB0 {'rot': 0.01557}
  t=  40.00  cb_failure         L11-CB0 {'rot': 0.01603}
  t=  40.00  cb_failure         L11-CB2 {'rot': 0.01552}
  t=  40.00  cb_failure         L12-CB0 {'rot': 0.01532}
  t=  40.00  cb_failure         L14-CB1 {'rot': 0.01638}
  t=  40.00  cb_failure         L15-CB1 {'rot': 0.01496}
  t=  40.00  cb_failure         L16-CB3 {'rot': 0.01486}
  progress t=  40.0s  max corner drift so far=0.0074  wall clock=523s
  t=  40.12  cb_failure         L3-CB1 {'rot': 0.01491}
  t=  40.12  cb_failure         L4-CB0 {'rot': 0.01507}
  t=  40.12  cb_failure         L12-CB2 {'rot': 0.01505}
  t=  40.12  cb_failure         L13-CB0 {'rot': 0.01577}
  t=  40.12  cb_failure         L14-CB0 {'rot': 0.01482}
  t=  40.12  cb_failure         L16-CB1 {'rot': 0.01563}
  t=  40.50  cb_failure         L17-CB3 {'rot': 0.0148}
  t=  42.12  cb_yield           L32-CB2 {'rot': 0.0007}
  t=  48.87  cb_failure         L17-CB1 {'rot': 0.01535}
  t=  48.87  cb_failure         L18-CB3 {'rot': 0.01645}
  t=  48.87  cb_failure         L19-CB3 {'rot': 0.01547}
  t=  49.00  cb_failure         L18-CB1 {'rot': 0.01614}
  t=  49.00  cb_failure         L19-CB1 {'rot': 0.0152}
  t=  49.00  cb_failure         L20-CB3 {'rot': 0.01631}
  t=  49.00  cb_failure         L21-CB3 {'rot': 0.0151}
  progress t=  50.0s  max corner drift so far=0.0074  wall clock=668s
  t=  50.62  cb_failure         L3-CB0 {'rot': 0.01558}
  t=  50.75  cb_failure         L13-CB2 {'rot': 0.01641}
  t=  50.75  cb_failure         L15-CB0 {'rot': 0.01505}
  t=  50.87  cb_failure         L14-CB2 {'rot': 0.01735}
  t=  50.87  cb_failure         L15-CB2 {'rot': 0.01559}
  t=  50.87  cb_failure         L16-CB0 {'rot': 0.01505}
  t=  51.00  cb_failure         L16-CB2 {'rot': 0.01657}
  t=  51.12  cb_failure         L17-CB2 {'rot': 0.01508}
  t=  53.50  cb_failure         L2-CB3 {'rot': 0.01517}
  t=  53.50  cb_failure         L3-CB2 {'rot': 0.01507}
  t=  53.50  cb_failure         L17-CB0 {'rot': 0.01511}
  t=  53.50  cb_failure         L20-CB1 {'rot': 0.01567}
  t=  53.62  cb_failure         L2-CB1 {'rot': 0.01489}
  t=  53.62  cb_failure         L18-CB0 {'rot': 0.01494}
  t=  53.62  cb_failure         L21-CB1 {'rot': 0.01634}
  t=  53.75  cb_failure         L22-CB1 {'rot': 0.01679}
  t=  53.75  cb_failure         L22-CB3 {'rot': 0.01511}
  t=  53.75  cb_failure         L23-CB1 {'rot': 0.01483}
  t=  53.87  cb_failure         L19-CB0 {'rot': 0.01563}
  t=  54.00  cb_failure         L20-CB0 {'rot': 0.01481}
  t=  55.87  cb_failure         L2-CB0 {'rot': 0.01479}
  t=  56.50  cb_failure         L2-CB2 {'rot': 0.01512}
  t=  56.50  cb_failure         L18-CB2 {'rot': 0.0155}
  t=  56.75  cb_failure         L19-CB2 {'rot': 0.01507}
  t=  58.62  cb_failure         L23-CB3 {'rot': 0.01676}
  t=  58.62  cb_failure         L24-CB1 {'rot': 0.01627}
  t=  58.62  cb_failure         L24-CB3 {'rot': 0.01499}
  t=  58.75  cb_failure         L25-CB1 {'rot': 0.02366}
  t=  58.75  cb_failure         L25-CB3 {'rot': 0.02338}
  t=  58.75  cb_failure         L26-CB1 {'rot': 0.02244}
  t=  58.75  cb_failure         L26-CB3 {'rot': 0.02217}
  t=  58.75  cb_failure         L27-CB1 {'rot': 0.02143}
  t=  58.75  cb_failure         L27-CB3 {'rot': 0.02113}
  t=  58.75  cb_failure         L28-CB1 {'rot': 0.0207}
  t=  58.75  cb_failure         L28-CB3 {'rot': 0.02036}
  t=  58.75  cb_failure         L29-CB1 {'rot': 0.02012}
  t=  58.75  cb_failure         L29-CB3 {'rot': 0.01971}
  t=  58.75  cb_failure         L30-CB1 {'rot': 0.01962}
  t=  58.75  cb_failure         L30-CB3 {'rot': 0.01911}
  t=  58.75  cb_failure         L31-CB1 {'rot': 0.01914}
  t=  58.75  cb_failure         L31-CB3 {'rot': 0.01854}
  t=  58.75  cb_failure         L32-CB1 {'rot': 0.01857}
  t=  58.75  cb_failure         L32-CB3 {'rot': 0.01791}
  t= 58.800  solver fallback: ModifiedNewton
  t=  58.87  cb_failure         L1-CB1 {'rot': 0.0148}
  t=  59.00  cb_failure         L1-CB3 {'rot': 0.01598}
  t=  59.00  cb_failure         L20-CB2 {'rot': 0.0147}
  t=  59.12  cb_failure         L1-CB0 {'rot': 0.0152}
  t=  59.12  cb_failure         L1-CB2 {'rot': 0.01599}
  t=  59.12  cb_failure         L21-CB2 {'rot': 0.01558}
  t=  59.25  cb_failure         L21-CB0 {'rot': 0.01495}
  t=  59.25  cb_failure         L22-CB2 {'rot': 0.01525}
  t= 59.800  solver fallback: ModifiedNewton
  t=  60.00  cb_failure         L33-CB3 {'rot': 0.01496}
  progress t=  60.0s  max corner drift so far=0.0116  wall clock=860s
  t=  65.50  cb_failure         L33-CB1 {'rot': 0.01573}
  progress t=  70.0s  max corner drift so far=0.0116  wall clock=1011s
  t=  72.62  cb_yield           L33-CB2 {'rot': 0.00138}
  t=  77.25  wall_axial_failure S1-F {'gamma': 0.0009, 'eps': -0.00878, 'cause': 'crushing'}
  t=  78.13  cb_failure         L23-CB2 {'rot': 0.01689}
  t=  78.25  cb_failure         L24-CB2 {'rot': 0.01867}
  t=  78.25  cb_failure         L25-CB2 {'rot': 0.01615}
  t=  78.38  cb_failure         L22-CB0 {'rot': 0.01698}
  t=  78.38  cb_failure         L23-CB0 {'rot': 0.01559}
  t=  78.38  cb_failure         L26-CB2 {'rot': 0.01818}
  t=  78.38  cb_failure         L27-CB2 {'rot': 0.01534}
  t=  78.50  cb_failure         L24-CB0 {'rot': 0.01695}
  t=  78.50  cb_failure         L25-CB0 {'rot': 0.01508}
  t=  78.50  cb_failure         L28-CB2 {'rot': 0.01606}
  progress t=  80.0s  max corner drift so far=0.0164  wall clock=1173s
  t= 85.800  solver fallback: 4 sub-steps
  t=  86.13  wall_flexure_strength_loss S2-M {'rot_x': 0.0, 'rot_y': 0.00301}
  t=  86.63  cb_failure         L26-CB0 {'rot': 0.0149}
  t=  86.75  cb_failure         L27-CB0 {'rot': 0.0158}
  t=  86.88  cb_failure         L28-CB0 {'rot': 0.01551}
  t=  87.00  cb_failure         L29-CB0 {'rot': 0.01588}
  t=  87.13  cb_failure         L30-CB0 {'rot': 0.01521}
  t=  87.25  cb_failure         L31-CB0 {'rot': 0.01516}
  t=  87.38  cb_failure         L32-CB0 {'rot': 0.01489}
