  t=   4.88  cb_yield           L3-CB0 {'rot': 0.00085}
  t=   4.88  cb_yield           L4-CB0 {'rot': 0.0009}
  t=   4.88  cb_yield           L5-CB0 {'rot': 0.00091}
  t=   4.88  cb_yield           L6-CB0 {'rot': 0.0009}
  t=   4.88  cb_yield           L7-CB0 {'rot': 0.00088}
  t=   5.00  cb_yield           L8-CB0 {'rot': 0.00089}
  t=   6.75  cb_yield           L4-CB1 {'rot': 0.00086}
  t=   6.75  cb_yield           L5-CB1 {'rot': 0.00086}
  t=   6.75  cb_yield           L6-CB1 {'rot': 0.00086}
  t=   7.75  cb_yield           L2-CB2 {'rot': 0.00085}
  t=   7.75  cb_yield           L3-CB2 {'rot': 0.00085}
  t=   7.75  cb_yield           L3-CB3 {'rot': 0.00085}
  t=   7.75  cb_yield           L4-CB3 {'rot': 0.00085}
  t=   7.88  cb_yield           L1-CB2 {'rot': 0.00088}
  t=   7.88  cb_yield           L1-CB3 {'rot': 0.00088}
  t=   7.88  cb_yield           L2-CB3 {'rot': 0.00098}
  t=   7.88  cb_yield           L4-CB2 {'rot': 0.00103}
  t=   7.88  cb_yield           L5-CB2 {'rot': 0.00099}
  t=   7.88  cb_yield           L5-CB3 {'rot': 0.00099}
  t=   7.88  cb_yield           L6-CB2 {'rot': 0.00093}
  t=   7.88  cb_yield           L6-CB3 {'rot': 0.00092}
  t=   7.88  cb_yield           L7-CB2 {'rot': 0.00085}
  t=   7.88  cb_yield           L7-CB3 {'rot': 0.00085}
  t=   8.50  cb_yield           L2-CB0 {'rot': 0.00086}
  t=   8.50  cb_yield           L2-CB1 {'rot': 0.00097}
  t=   8.50  cb_yield           L3-CB1 {'rot': 0.00105}
  t=   8.63  cb_yield           L1-CB1 {'rot': 0.00086}
  t=   8.63  cb_yield           L7-CB1 {'rot': 0.00092}
  t=   8.63  cb_yield           L15-CB3 {'rot': 0.00087}
  t=   8.63  cb_yield           L16-CB3 {'rot': 0.00089}
  t=   8.63  cb_yield           L17-CB3 {'rot': 0.00094}
  t=   9.63  cb_yield           L8-CB2 {'rot': 0.00085}
  t=   9.75  cb_yield           L8-CB3 {'rot': 0.00098}
  t=   9.75  cb_yield           L9-CB2 {'rot': 0.00191}
  t=   9.75  cb_yield           L9-CB3 {'rot': 0.00089}
  t=   9.75  cb_yield           L10-CB2 {'rot': 0.0017}
  t=   9.75  cb_yield           L10-CB3 {'rot': 0.00085}
  t=   9.75  cb_yield           L11-CB2 {'rot': 0.00147}
  t=   9.75  cb_yield           L12-CB2 {'rot': 0.00125}
  t=   9.75  cb_yield           L13-CB2 {'rot': 0.00104}
  t=   9.75  cb_yield           L14-CB2 {'rot': 0.00087}
  t=   9.88  cb_yield           L11-CB3 {'rot': 0.00136}
  t=   9.88  cb_yield           L12-CB3 {'rot': 0.00122}
  t=   9.88  cb_yield           L13-CB3 {'rot': 0.00108}
  t=   9.88  cb_yield           L14-CB3 {'rot': 0.00092}
  t=   9.88  cb_yield           L15-CB2 {'rot': 0.00111}
  t=   9.88  cb_yield           L16-CB2 {'rot': 0.00092}
  t=  10.00  cb_yield           L17-CB2 {'rot': 0.00102}
  progress t=  10.0s  max corner drift so far=0.0027  wall clock=94s
  t=  10.25  cb_yield           L18-CB3 {'rot': 0.00099}
  t=  10.25  cb_yield           L19-CB3 {'rot': 0.00095}
  t=  10.50  cb_yield           L8-CB1 {'rot': 0.00095}
  t=  10.50  cb_yield           L9-CB0 {'rot': 0.00098}
  t=  10.50  cb_yield           L10-CB0 {'rot': 0.00087}
  t=  10.63  cb_yield           L9-CB1 {'rot': 0.00116}
  t=  10.63  cb_yield           L10-CB1 {'rot': 0.00104}
  t=  10.63  cb_yield           L11-CB0 {'rot': 0.00121}
  t=  10.63  cb_yield           L11-CB1 {'rot': 0.00094}
  t=  10.63  cb_yield           L12-CB0 {'rot': 0.00108}
  t=  10.63  cb_yield           L12-CB1 {'rot': 0.00087}
  t=  10.63  cb_yield           L13-CB0 {'rot': 0.00095}
  t=  10.63  cb_yield           L14-CB0 {'rot': 0.00085}
  t=  10.75  cb_yield           L1-CB0 {'rot': 0.001}
  t=  10.75  cb_yield           L13-CB1 {'rot': 0.00153}
  t=  10.75  cb_yield           L14-CB1 {'rot': 0.00138}
  t=  10.75  cb_yield           L15-CB0 {'rot': 0.00158}
  t=  10.75  cb_yield           L15-CB1 {'rot': 0.00122}
  t=  10.75  cb_yield           L16-CB0 {'rot': 0.00148}
  t=  10.75  cb_yield           L16-CB1 {'rot': 0.00106}
  t=  10.75  cb_yield           L17-CB0 {'rot': 0.00143}
  t=  10.75  cb_yield           L17-CB1 {'rot': 0.00097}
  t=  10.75  cb_yield           L18-CB0 {'rot': 0.0013}
  t=  10.75  cb_yield           L19-CB0 {'rot': 0.00123}
  t=  10.75  cb_yield           L20-CB0 {'rot': 0.00117}
  t=  10.75  cb_yield           L21-CB0 {'rot': 0.00109}
  t=  10.75  cb_yield           L22-CB0 {'rot': 0.001}
  t=  10.75  cb_yield           L23-CB0 {'rot': 0.00095}
  t=  10.88  cb_yield           L18-CB1 {'rot': 0.00188}
  t=  10.88  cb_yield           L19-CB1 {'rot': 0.00167}
  t=  10.88  cb_yield           L20-CB1 {'rot': 0.0015}
  t=  10.88  cb_yield           L21-CB1 {'rot': 0.00133}
  t=  10.88  cb_yield           L22-CB1 {'rot': 0.00116}
  t=  10.88  cb_yield           L23-CB1 {'rot': 0.00099}
  t=  10.88  cb_yield           L24-CB0 {'rot': 0.0015}
  t=  10.88  cb_yield           L25-CB0 {'rot': 0.00126}
  t=  10.88  cb_yield           L26-CB0 {'rot': 0.00105}
  t=  11.00  cb_yield           L24-CB1 {'rot': 0.00129}
  t=  11.00  cb_yield           L25-CB1 {'rot': 0.00108}
  t=  11.00  cb_yield           L27-CB0 {'rot': 0.00096}
  t=  12.38  cb_yield           L26-CB1 {'rot': 0.00099}
  t=  12.50  cb_yield           L27-CB1 {'rot': 0.00149}
  t=  12.50  cb_yield           L28-CB1 {'rot': 0.00123}
  t=  12.50  cb_yield           L29-CB1 {'rot': 0.00101}
  t=  17.25  cb_failure         L5-CB0 {'rot': 0.01591}
  t=  17.25  cb_failure         L5-CB1 {'rot': 0.01528}
  t=  17.25  cb_failure         L6-CB0 {'rot': 0.01658}
  t=  17.25  cb_failure         L6-CB1 {'rot': 0.016}
  t=  17.25  cb_failure         L7-CB0 {'rot': 0.01671}
  t=  17.25  cb_failure         L7-CB1 {'rot': 0.01612}
  t=  17.25  cb_failure         L8-CB0 {'rot': 0.0163}
  t=  17.25  cb_failure         L8-CB1 {'rot': 0.01568}
  t=  17.25  cb_failure         L9-CB0 {'rot': 0.01514}
  t=  17.38  cb_failure         L4-CB0 {'rot': 0.01487}
  t=  17.38  cb_failure         L9-CB1 {'rot': 0.01632}
  t=  17.38  cb_failure         L10-CB0 {'rot': 0.01558}
  t=  17.38  cb_failure         L10-CB1 {'rot': 0.01537}
  t=  17.50  cb_failure         L11-CB0 {'rot': 0.0156}
  t=  17.50  cb_failure         L11-CB1 {'rot': 0.01558}
  t=  17.50  cb_failure         L12-CB0 {'rot': 0.01493}
  t=  17.50  cb_yield           L28-CB0 {'rot': 0.00095}
  t=  17.63  cb_failure         L12-CB1 {'rot': 0.01534}
  t=  17.63  cb_failure         L13-CB0 {'rot': 0.01496}
  t=  17.75  cb_yield           L29-CB0 {'rot': 0.00113}
  t=  17.75  cb_yield           L30-CB1 {'rot': 0.00101}
  progress t=  20.0s  max corner drift so far=0.0085  wall clock=217s
  t=  20.75  cb_yield           L30-CB0 {'rot': 0.00094}
  t=  20.87  cb_yield           L31-CB1 {'rot': 0.00101}
  t=  22.50  cb_failure         L4-CB1 {'rot': 0.01504}
  t=  22.62  cb_failure         L13-CB1 {'rot': 0.01505}
  t=  22.75  cb_failure         L14-CB1 {'rot': 0.01494}
  t=  22.87  cb_failure         L3-CB1 {'rot': 0.01488}
  t=  23.00  cb_failure         L15-CB1 {'rot': 0.01566}
  t=  23.25  cb_failure         L6-CB3 {'rot': 0.01496}
  t=  23.25  cb_failure         L7-CB3 {'rot': 0.01505}
  t=  23.25  cb_yield           L18-CB2 {'rot': 0.00109}
  t=  23.25  cb_yield           L20-CB3 {'rot': 0.00121}
  t=  23.37  cb_failure         L6-CB2 {'rot': 0.01528}
  t=  23.37  cb_failure         L7-CB2 {'rot': 0.01533}
  t=  23.37  cb_failure         L8-CB2 {'rot': 0.01491}
  t=  23.37  cb_failure         L8-CB3 {'rot': 0.01506}
  t=  23.37  cb_yield           L19-CB2 {'rot': 0.00141}
  t=  23.37  cb_yield           L20-CB2 {'rot': 0.00101}
  t=  23.37  cb_yield           L21-CB3 {'rot': 0.00109}
  t=  23.50  cb_failure         L3-CB0 {'rot': 0.01497}
  t=  23.50  cb_failure         L5-CB2 {'rot': 0.016}
  t=  23.50  cb_failure         L5-CB3 {'rot': 0.0159}
  t=  23.50  cb_failure         L9-CB2 {'rot': 0.01563}
  t=  23.50  cb_failure         L9-CB3 {'rot': 0.01589}
  t=  23.50  cb_failure         L10-CB3 {'rot': 0.01491}
  t=  23.62  cb_failure         L4-CB2 {'rot': 0.01536}
  t=  23.62  cb_failure         L10-CB2 {'rot': 0.01552}
  t=  28.25  cb_yield           L21-CB2 {'rot': 0.00125}
  t=  28.25  cb_yield           L22-CB2 {'rot': 0.00109}
  t=  28.25  cb_yield           L22-CB3 {'rot': 0.00109}
  t=  28.25  cb_yield           L23-CB2 {'rot': 0.00097}
  t=  28.25  cb_yield           L23-CB3 {'rot': 0.00097}
  t=  28.37  cb_yield           L24-CB2 {'rot': 0.00161}
  t=  28.37  cb_yield           L24-CB3 {'rot': 0.00199}
  t=  28.37  cb_yield           L25-CB2 {'rot': 0.00142}
  t=  28.37  cb_yield           L25-CB3 {'rot': 0.00171}
  t=  28.37  cb_yield           L26-CB2 {'rot': 0.00122}
  t=  28.37  cb_yield           L26-CB3 {'rot': 0.00144}
  t=  28.37  cb_yield           L27-CB2 {'rot': 0.00103}
  t=  28.37  cb_yield           L27-CB3 {'rot': 0.00117}
  t=  28.37  cb_yield           L28-CB3 {'rot': 0.00098}
  t=  28.50  cb_yield           L28-CB2 {'rot': 0.00097}
  progress t=  30.0s  max corner drift so far=0.0128  wall clock=356s
  t=  30.37  cb_yield           L29-CB3 {'rot': 0.00125}
  t=  30.37  cb_yield           L30-CB3 {'rot': 0.00113}
  t=  30.37  cb_yield           L31-CB3 {'rot': 0.00099}
  t=  30.50  cb_yield           L32-CB3 {'rot': 0.00099}
  t=  37.87  cb_failure         L3-CB2 {'rot': 0.01565}
  t=  37.87  cb_failure         L4-CB3 {'rot': 0.01595}
  t=  37.87  cb_failure         L11-CB2 {'rot': 0.01616}
  t=  38.00  cb_failure         L12-CB2 {'rot': 0.01531}
  progress t=  40.0s  max corner drift so far=0.0128  wall clock=489s
  t=  40.25  cb_failure         L11-CB3 {'rot': 0.01687}
  t=  40.37  cb_failure         L12-CB3 {'rot': 0.0157}
  t=  41.75  cb_failure         L14-CB0 {'rot': 0.01531}
  t=  41.87  cb_failure         L15-CB0 {'rot': 0.0159}
  t=  42.00  cb_failure         L16-CB0 {'rot': 0.01591}
  t=  42.00  cb_failure         L16-CB1 {'rot': 0.01557}
  t=  42.12  cb_failure         L17-CB1 {'rot': 0.0154}
  t=  42.25  cb_failure         L2-CB1 {'rot': 0.01504}
  t=  42.25  cb_failure         L17-CB0 {'rot': 0.01628}
  t=  42.25  cb_failure         L18-CB1 {'rot': 0.01582}
  t=  42.25  cb_yield           L32-CB1 {'rot': 0.00106}
  t=  42.37  cb_failure         L18-CB0 {'rot': 0.01547}
  t=  42.37  cb_yield           L33-CB3 {'rot': 0.001}
  t=  42.50  cb_failure         L2-CB0 {'rot': 0.01492}
  t=  48.12  cb_failure         L3-CB3 {'rot': 0.01559}
  t=  49.00  cb_failure         L13-CB3 {'rot': 0.01503}
  progress t=  50.0s  max corner drift so far=0.0128  wall clock=630s
  t=  50.25  cb_failure         L2-CB2 {'rot': 0.01641}
  t=  50.25  cb_failure         L2-CB3 {'rot': 0.01629}
  t=  50.25  cb_failure         L13-CB2 {'rot': 0.01836}
  t=  50.25  cb_failure         L14-CB2 {'rot': 0.01553}
  t=  50.25  cb_failure         L14-CB3 {'rot': 0.01591}
  t=  50.37  cb_failure         L15-CB2 {'rot': 0.01746}
  t=  50.37  cb_failure         L15-CB3 {'rot': 0.01815}
  t=  50.37  cb_failure         L16-CB2 {'rot': 0.01488}
  t=  50.37  cb_failure         L16-CB3 {'rot': 0.01546}
  t=  50.50  cb_failure         L1-CB0 {'rot': 0.01516}
  t=  50.50  cb_failure         L1-CB1 {'rot': 0.01563}
  t=  50.50  cb_failure         L17-CB2 {'rot': 0.01529}
  t=  50.50  cb_failure         L17-CB3 {'rot': 0.01685}
  t=  50.62  cb_failure         L18-CB2 {'rot': 0.01507}
  t=  50.62  cb_failure         L18-CB3 {'rot': 0.01686}
  t=  50.62  cb_failure         L19-CB1 {'rot': 0.01773}
  t=  50.75  cb_failure         L19-CB0 {'rot': 0.0169}
  t=  50.75  cb_failure         L19-CB3 {'rot': 0.01518}
  t=  50.75  cb_failure         L20-CB1 {'rot': 0.01514}
  t=  50.87  cb_failure         L19-CB2 {'rot': 0.01587}
  t=  51.00  cb_failure         L20-CB0 {'rot': 0.0161}
  t=  51.00  cb_failure         L20-CB3 {'rot': 0.01633}
  t=  51.12  cb_failure         L20-CB2 {'rot': 0.01781}
  t=  51.12  cb_failure         L21-CB1 {'rot': 0.01802}
  t=  51.25  cb_failure         L21-CB3 {'rot': 0.01543}
  t=  56.62  cb_failure         L1-CB3 {'rot': 0.01492}
  t=  56.62  cb_failure         L21-CB0 {'rot': 0.01598}
  t=  56.75  cb_failure         L22-CB1 {'rot': 0.01509}
  t=  56.87  cb_failure         L1-CB2 {'rot': 0.01523}
  t=  59.75  cb_failure         L21-CB2 {'rot': 0.01582}
  progress t=  60.0s  max corner drift so far=0.0129  wall clock=772s
  t=  60.12  cb_failure         L22-CB3 {'rot': 0.01695}
  t=  60.25  cb_failure         L22-CB2 {'rot': 0.01717}
  t=  60.37  wall_flexure_strength_loss S1-F {'rot_x': 0.0, 'rot_y': 0.00217}
  t=  60.37  cb_failure         L22-CB0 {'rot': 0.01524}
  progress t=  70.0s  max corner drift so far=0.0129  wall clock=898s
  t=  72.62  cb_yield           L29-CB2 {'rot': 0.00117}
  t=  72.62  cb_yield           L30-CB2 {'rot': 0.00098}
  t=  77.50  wall_axial_failure S1-F {'gamma': 0.00131, 'eps': -0.00762, 'cause': 'crushing'}
  t=  77.63  wall_axial_failure S1-M {'gamma': 0.00069, 'eps': -0.0078, 'cause': 'crushing'}
  t=  77.75  cb_failure         L23-CB0 {'rot': 0.01545}
  t=  77.75  cb_failure         L23-CB2 {'rot': 0.02098}
  t=  77.75  cb_yield           L31-CB2 {'rot': 0.001}
  t=  77.88  cb_failure         L24-CB0 {'rot': 0.03536}
  t=  77.88  cb_failure         L24-CB2 {'rot': 0.04161}
  t=  77.88  cb_failure         L25-CB0 {'rot': 0.02876}
  t=  77.88  cb_failure         L25-CB2 {'rot': 0.03349}
  t=  77.88  cb_failure         L26-CB0 {'rot': 0.02072}
  t=  77.88  cb_failure         L26-CB2 {'rot': 0.02423}
  t=  77.88  cb_yield           L32-CB2 {'rot': 0.00136}
  t=  77.88  cb_yield           L33-CB2 {'rot': 0.0012}
  t=  78.00  cb_failure         L23-CB3 {'rot': 0.01681}
  t=  78.13  cb_failure         L27-CB0 {'rot': 0.01646}
  t=  78.13  cb_failure         L27-CB2 {'rot': 0.01929}
  t=  78.25  cb_failure         L28-CB0 {'rot': 0.0341}
  t=  78.25  cb_failure         L28-CB2 {'rot': 0.03696}
  t=  78.25  cb_failure         L29-CB0 {'rot': 0.02593}
  t=  78.25  cb_failure         L29-CB2 {'rot': 0.02813}
  t=  78.25  cb_failure         L30-CB0 {'rot': 0.01677}
  t=  78.25  cb_failure         L30-CB2 {'rot': 0.01858}
  t=  78.25  cb_yield           L31-CB0 {'rot': 0.00494}
  t=  78.25  cb_yield           L32-CB0 {'rot': 0.00188}
  t= 78.300  solver fallback: ModifiedNewton
  t=  78.38  cb_failure         L31-CB0 {'rot': 0.03401}
  t=  78.38  cb_failure         L31-CB2 {'rot': 0.03714}
  t=  78.38  cb_failure         L32-CB0 {'rot': 0.02584}
  t=  78.38  cb_failure         L32-CB2 {'rot': 0.03025}
  t=  78.38  cb_yield           L33-CB0 {'rot': 0.02596}
  t=  78.38  cb_failure         L33-CB0 {'rot': 0.02596}
  t=  78.38  cb_failure         L33-CB2 {'rot': 0.03027}
  t=  79.88  cb_yield           L33-CB1 {'rot': 0.00104}
  progress t=  80.0s  max corner drift so far=0.0281  wall clock=1069s
  t= 80.500  solver fallback: NewtonLineSearch
  t= 80.625  solver fallback: 4 sub-steps
  t=  80.75  cb_failure         L23-CB1 {'rot': 0.01805}
  t= 81.025  solver fallback: NewtonLineSearch
  t= 81.050  solver fallback: 4 sub-steps
