  t=   9.75  cb_yield           L1-CB2 {'rot': 0.00086}
  t=   9.75  cb_yield           L2-CB2 {'rot': 0.00109}
  t=   9.75  cb_yield           L3-CB2 {'rot': 0.00126}
  t=   9.75  cb_yield           L4-CB2 {'rot': 0.00136}
  t=   9.75  cb_yield           L5-CB2 {'rot': 0.0014}
  t=   9.75  cb_yield           L5-CB3 {'rot': 0.00085}
  t=   9.75  cb_yield           L6-CB2 {'rot': 0.00138}
  t=   9.75  cb_yield           L6-CB3 {'rot': 0.00085}
  t=   9.75  cb_yield           L7-CB2 {'rot': 0.00132}
  t=   9.75  cb_yield           L8-CB2 {'rot': 0.00123}
  t=   9.75  cb_yield           L9-CB2 {'rot': 0.00111}
  t=   9.75  cb_yield           L10-CB2 {'rot': 0.00098}
  t=   9.75  cb_yield           L11-CB2 {'rot': 0.00086}
  t=   9.88  cb_yield           L2-CB3 {'rot': 0.00085}
  t=   9.88  cb_yield           L3-CB3 {'rot': 0.00092}
  t=   9.88  cb_yield           L4-CB3 {'rot': 0.00097}
  t=   9.88  cb_yield           L7-CB3 {'rot': 0.00104}
  t=   9.88  cb_yield           L8-CB3 {'rot': 0.00102}
  t=   9.88  cb_yield           L9-CB3 {'rot': 0.00098}
  t=   9.88  cb_yield           L10-CB3 {'rot': 0.00094}
  t=   9.88  cb_yield           L11-CB3 {'rot': 0.00088}
  t=   9.88  cb_yield           L12-CB2 {'rot': 0.00116}
  t=   9.88  cb_yield           L13-CB2 {'rot': 0.00102}
  t=   9.88  cb_yield           L14-CB2 {'rot': 0.00087}
  t=  10.00  cb_yield           L12-CB3 {'rot': 0.0009}
  t=  10.00  cb_yield           L13-CB3 {'rot': 0.00087}
  t=  10.00  cb_yield           L15-CB2 {'rot': 0.0009}
  progress t=  10.0s  max corner drift so far=0.0019  wall clock=90s
  t=  10.63  cb_yield           L3-CB1 {'rot': 0.00089}
  t=  10.63  cb_yield           L4-CB1 {'rot': 0.00095}
  t=  10.63  cb_yield           L5-CB0 {'rot': 0.00086}
  t=  10.63  cb_yield           L5-CB1 {'rot': 0.00099}
  t=  10.63  cb_yield           L6-CB0 {'rot': 0.00086}
  t=  10.63  cb_yield           L6-CB1 {'rot': 0.00099}
  t=  10.63  cb_yield           L7-CB0 {'rot': 0.00086}
  t=  10.63  cb_yield           L7-CB1 {'rot': 0.00095}
  t=  10.63  cb_yield           L8-CB0 {'rot': 0.00086}
  t=  10.63  cb_yield           L8-CB1 {'rot': 0.0009}
  t=  10.63  cb_yield           L9-CB1 {'rot': 0.00086}
  t=  10.75  cb_yield           L1-CB1 {'rot': 0.00094}
  t=  10.75  cb_yield           L2-CB0 {'rot': 0.00098}
  t=  10.75  cb_yield           L2-CB1 {'rot': 0.00108}
  t=  10.75  cb_yield           L3-CB0 {'rot': 0.00116}
  t=  10.75  cb_yield           L4-CB0 {'rot': 0.00132}
  t=  10.75  cb_yield           L9-CB0 {'rot': 0.00151}
  t=  10.75  cb_yield           L10-CB0 {'rot': 0.00146}
  t=  10.75  cb_yield           L10-CB1 {'rot': 0.00131}
  t=  10.75  cb_yield           L11-CB0 {'rot': 0.00141}
  t=  10.75  cb_yield           L11-CB1 {'rot': 0.00121}
  t=  10.75  cb_yield           L12-CB0 {'rot': 0.00138}
  t=  10.75  cb_yield           L12-CB1 {'rot': 0.00113}
  t=  10.75  cb_yield           L13-CB0 {'rot': 0.00135}
  t=  10.75  cb_yield           L13-CB1 {'rot': 0.00105}
  t=  10.75  cb_yield           L14-CB0 {'rot': 0.00131}
  t=  10.75  cb_yield           L14-CB1 {'rot': 0.00095}
  t=  10.75  cb_yield           L15-CB0 {'rot': 0.00126}
  t=  10.75  cb_yield           L15-CB1 {'rot': 0.00087}
  t=  10.75  cb_yield           L16-CB0 {'rot': 0.00122}
  t=  10.75  cb_yield           L17-CB0 {'rot': 0.00124}
  t=  10.75  cb_yield           L18-CB0 {'rot': 0.00119}
  t=  10.75  cb_yield           L19-CB0 {'rot': 0.00112}
  t=  10.75  cb_yield           L20-CB0 {'rot': 0.00107}
  t=  10.75  cb_yield           L21-CB0 {'rot': 0.00098}
  t=  10.75  cb_yield           L22-CB0 {'rot': 0.00094}
  t=  10.88  cb_yield           L1-CB0 {'rot': 0.0012}
  t=  10.88  cb_yield           L16-CB1 {'rot': 0.00138}
  t=  10.88  cb_yield           L17-CB1 {'rot': 0.0013}
  t=  10.88  cb_yield           L18-CB1 {'rot': 0.00117}
  t=  10.88  cb_yield           L19-CB1 {'rot': 0.00105}
  t=  10.88  cb_yield           L20-CB1 {'rot': 0.00095}
  t=  10.88  cb_yield           L23-CB0 {'rot': 0.00118}
  t=  10.88  cb_yield           L24-CB0 {'rot': 0.00103}
  t=  11.00  cb_yield           L21-CB1 {'rot': 0.00103}
  t=  12.25  cb_yield           L22-CB1 {'rot': 0.00143}
  t=  12.25  cb_yield           L23-CB1 {'rot': 0.00122}
  t=  12.25  cb_yield           L24-CB1 {'rot': 0.00103}
  t=  12.38  cb_yield           L25-CB0 {'rot': 0.00095}
  t=  12.38  cb_yield           L25-CB1 {'rot': 0.00183}
  t=  12.38  cb_yield           L26-CB1 {'rot': 0.00156}
  t=  12.38  cb_yield           L27-CB1 {'rot': 0.00131}
  t=  12.38  cb_yield           L28-CB1 {'rot': 0.00108}
  t=  12.50  cb_yield           L29-CB1 {'rot': 0.00099}
  t=  16.38  cb_yield           L1-CB3 {'rot': 0.00098}
  t=  17.38  cb_yield           L26-CB0 {'rot': 0.00108}
  t=  17.50  cb_yield           L27-CB0 {'rot': 0.00108}
  t=  17.63  cb_yield           L28-CB0 {'rot': 0.00096}
  t=  18.87  cb_yield           L14-CB3 {'rot': 0.00087}
  progress t=  20.0s  max corner drift so far=0.0055  wall clock=201s
  t=  20.37  cb_yield           L16-CB2 {'rot': 0.00092}
  t=  20.50  cb_yield           L17-CB2 {'rot': 0.00104}
  t=  20.50  cb_yield           L18-CB2 {'rot': 0.00096}
  t=  20.75  cb_yield           L15-CB3 {'rot': 0.0009}
  t=  20.75  cb_yield           L16-CB3 {'rot': 0.00089}
  t=  22.00  cb_yield           L22-CB3 {'rot': 0.00094}
  t=  23.37  cb_yield           L17-CB3 {'rot': 0.00094}
  t=  28.12  cb_yield           L18-CB3 {'rot': 0.00103}
  t=  28.12  cb_yield           L19-CB2 {'rot': 0.001}
  t=  28.12  cb_yield           L19-CB3 {'rot': 0.00101}
  t=  28.12  cb_yield           L20-CB2 {'rot': 0.00097}
  t=  28.12  cb_yield           L20-CB3 {'rot': 0.00097}
  t=  28.25  cb_yield           L21-CB2 {'rot': 0.00107}
  t=  28.25  cb_yield           L21-CB3 {'rot': 0.0013}
  t=  28.25  cb_yield           L22-CB2 {'rot': 0.00103}
  t=  28.25  cb_yield           L23-CB2 {'rot': 0.00098}
  t=  28.25  cb_yield           L23-CB3 {'rot': 0.00109}
  t=  28.25  cb_yield           L24-CB3 {'rot': 0.00098}
  t=  28.37  cb_yield           L25-CB3 {'rot': 0.00103}
  progress t=  30.0s  max corner drift so far=0.0065  wall clock=313s
  progress t=  40.0s  max corner drift so far=0.0065  wall clock=438s
  t=  43.62  cb_yield           L30-CB1 {'rot': 0.00095}
  t=  43.75  cb_yield           L31-CB1 {'rot': 0.00102}
  t=  47.25  cb_yield           L26-CB3 {'rot': 0.00102}
  t=  47.37  cb_yield           L24-CB2 {'rot': 0.00102}
  t=  47.37  cb_yield           L27-CB3 {'rot': 0.0011}
  t=  47.37  cb_yield           L28-CB3 {'rot': 0.00094}
  progress t=  50.0s  max corner drift so far=0.0065  wall clock=561s
  t=  52.37  cb_failure         L6-CB3 {'rot': 0.01486}
  t=  52.37  cb_failure         L7-CB1 {'rot': 0.01569}
  t=  52.37  cb_failure         L7-CB3 {'rot': 0.01586}
  t=  52.37  cb_failure         L8-CB1 {'rot': 0.01611}
  t=  52.37  cb_failure         L8-CB3 {'rot': 0.01619}
  t=  52.37  cb_failure         L9-CB1 {'rot': 0.01598}
  t=  52.37  cb_failure         L9-CB3 {'rot': 0.01593}
  t=  52.37  cb_failure         L10-CB1 {'rot': 0.0153}
  t=  52.37  cb_failure         L10-CB3 {'rot': 0.01509}
  t=  55.62  cb_yield           L29-CB3 {'rot': 0.00099}
  t=  58.75  cb_failure         L5-CB1 {'rot': 0.0156}
  t=  58.75  cb_failure         L6-CB1 {'rot': 0.01654}
  t=  58.87  cb_failure         L5-CB3 {'rot': 0.01632}
  t=  58.87  cb_failure         L6-CB2 {'rot': 0.01503}
  t=  58.87  cb_failure         L7-CB2 {'rot': 0.01502}
  t=  59.00  cb_failure         L4-CB3 {'rot': 0.01569}
  t=  59.00  cb_failure         L8-CB2 {'rot': 0.0149}
  t=  59.12  cb_failure         L11-CB3 {'rot': 0.01535}
  t=  59.25  cb_failure         L12-CB3 {'rot': 0.01505}
  t=  59.37  cb_yield           L25-CB2 {'rot': 0.00109}
  t=  59.37  cb_yield           L30-CB3 {'rot': 0.00103}
  t=  59.50  cb_failure         L13-CB3 {'rot': 0.01487}
  t=  59.50  cb_yield           L26-CB2 {'rot': 0.00095}
  t=  59.75  cb_yield           L31-CB3 {'rot': 0.00099}
  progress t=  60.0s  max corner drift so far=0.0065  wall clock=699s
  t=  64.00  cb_failure         L9-CB2 {'rot': 0.01492}
  t=  64.25  cb_failure         L5-CB2 {'rot': 0.01517}
  t=  64.25  cb_failure         L10-CB2 {'rot': 0.01502}
  t=  64.50  cb_yield           L27-CB2 {'rot': 0.00108}
  t=  64.50  cb_yield           L28-CB2 {'rot': 0.00094}
  t=  64.50  cb_yield           L32-CB3 {'rot': 0.00101}
  t=  64.62  cb_failure         L14-CB3 {'rot': 0.01496}
  t=  67.25  cb_failure         L4-CB1 {'rot': 0.01488}
  t=  67.25  cb_failure         L5-CB0 {'rot': 0.01502}
  t=  67.25  cb_failure         L6-CB0 {'rot': 0.01517}
  t=  67.37  cb_failure         L7-CB0 {'rot': 0.0152}
  t=  69.12  cb_failure         L8-CB0 {'rot': 0.01664}
  t=  69.12  cb_failure         L9-CB0 {'rot': 0.01608}
  t=  69.12  cb_failure         L10-CB0 {'rot': 0.01507}
  t=  69.12  cb_failure         L11-CB1 {'rot': 0.01702}
  t=  69.12  cb_failure         L11-CB2 {'rot': 0.01486}
  t=  69.12  cb_failure         L12-CB1 {'rot': 0.01504}
  t=  69.25  cb_failure         L3-CB3 {'rot': 0.01612}
  t=  69.25  cb_failure         L4-CB0 {'rot': 0.01547}
  t=  69.25  cb_failure         L4-CB2 {'rot': 0.01542}
  t=  69.25  cb_failure         L11-CB0 {'rot': 0.01529}
  t=  69.37  cb_failure         L3-CB1 {'rot': 0.01536}
  progress t=  70.0s  max corner drift so far=0.0065  wall clock=835s
  t=  77.13  cb_failure         L2-CB3 {'rot': 0.01513}
  t=  77.13  cb_failure         L3-CB2 {'rot': 0.01737}
  t=  77.25  cb_failure         L1-CB3 {'rot': 0.01566}
  t=  77.25  cb_failure         L2-CB1 {'rot': 0.01703}
  t=  77.25  cb_failure         L2-CB2 {'rot': 0.01918}
  t=  77.25  cb_failure         L3-CB0 {'rot': 0.01633}
  t=  77.25  cb_failure         L12-CB2 {'rot': 0.01661}
  t=  77.38  cb_failure         L1-CB1 {'rot': 0.01567}
  t=  77.38  cb_failure         L1-CB2 {'rot': 0.01775}
  t=  77.38  cb_failure         L2-CB0 {'rot': 0.0173}
  t=  77.38  cb_failure         L13-CB2 {'rot': 0.0171}
  t=  77.50  cb_failure         L13-CB1 {'rot': 0.01688}
  t=  77.50  cb_failure         L14-CB2 {'rot': 0.01695}
  t=  77.50  cb_failure         L15-CB3 {'rot': 0.01787}
  t=  77.50  cb_failure         L16-CB3 {'rot': 0.01503}
  t=  77.63  cb_failure         L12-CB0 {'rot': 0.01873}
  t=  77.63  cb_failure         L13-CB0 {'rot': 0.01605}
  t=  77.63  cb_failure         L14-CB1 {'rot': 0.01762}
  t=  77.63  cb_failure         L15-CB2 {'rot': 0.01832}
  t=  77.63  cb_failure         L16-CB2 {'rot': 0.015}
  t=  77.63  cb_failure         L17-CB3 {'rot': 0.01516}
  t=  77.75  cb_failure         L14-CB0 {'rot': 0.01824}
  t=  77.75  cb_failure         L15-CB0 {'rot': 0.01561}
  t=  77.75  cb_failure         L15-CB1 {'rot': 0.01983}
  t=  77.75  cb_failure         L16-CB1 {'rot': 0.01655}
  t=  77.75  cb_failure         L17-CB2 {'rot': 0.01703}
  t=  77.75  cb_failure         L18-CB3 {'rot': 0.01721}
  t=  77.75  cb_yield           L29-CB2 {'rot': 0.00124}
  t=  77.88  cb_failure         L16-CB0 {'rot': 0.01764}
  t=  77.88  cb_failure         L17-CB1 {'rot': 0.01881}
  t=  77.88  cb_failure         L18-CB1 {'rot': 0.01536}
  t=  77.88  cb_failure         L18-CB2 {'rot': 0.02033}
  t=  77.88  cb_failure         L19-CB2 {'rot': 0.01638}
  t=  77.88  cb_failure         L19-CB3 {'rot': 0.0212}
  t=  77.88  cb_failure         L20-CB3 {'rot': 0.01725}
  t=  77.88  cb_yield           L30-CB2 {'rot': 0.00096}
  t=  78.00  cb_failure         L17-CB0 {'rot': 0.01853}
  t=  78.00  cb_failure         L18-CB0 {'rot': 0.0162}
  t=  78.00  cb_failure         L19-CB1 {'rot': 0.01736}
  t=  78.00  cb_failure         L20-CB2 {'rot': 0.01877}
  t=  78.00  cb_failure         L21-CB3 {'rot': 0.01909}
  t=  78.13  cb_failure         L19-CB0 {'rot': 0.01508}
  t=  78.13  cb_failure         L20-CB1 {'rot': 0.01641}
  t=  78.13  cb_failure         L21-CB2 {'rot': 0.01732}
  t=  78.13  cb_failure         L22-CB3 {'rot': 0.01741}
  t=  78.25  cb_yield           L33-CB3 {'rot': 0.00099}
  progress t=  80.0s  max corner drift so far=0.0105  wall clock=961s
  progress t=  90.0s  max corner drift so far=0.0105  wall clock=1083s
  t=  91.88  cb_failure         L1-CB0 {'rot': 0.01496}
  t=  92.38  cb_failure         L21-CB1 {'rot': 0.01527}
  t=  92.50  cb_failure         L20-CB0 {'rot': 0.01861}
  t=  92.50  cb_failure         L21-CB0 {'rot': 0.01589}
  t=  92.50  cb_failure         L22-CB1 {'rot': 0.01696}
  t=  92.63  cb_failure         L22-CB0 {'rot': 0.0153}
  t=  92.63  cb_failure         L23-CB1 {'rot': 0.01665}
  t=  92.63  cb_yield           L32-CB1 {'rot': 0.00153}
  t=  92.75  cb_yield           L29-CB0 {'rot': 0.00136}
  t=  92.75  cb_yield           L33-CB1 {'rot': 0.00217}
  t=  92.88  cb_failure         L24-CB1 {'rot': 0.01567}
  t=  92.88  cb_yield           L30-CB0 {'rot': 0.00118}
  t=  98.25  cb_failure         L23-CB3 {'rot': 0.01499}
  t=  98.38  cb_failure         L22-CB2 {'rot': 0.01505}
  t=  98.75  cb_failure         L24-CB3 {'rot': 0.01501}
  progress t= 100.0s  max corner drift so far=0.0105  wall clock=1212s
  progress t= 110.0s  max corner drift so far=0.0105  wall clock=1328s
  progress t= 120.0s  max corner drift so far=0.0105  wall clock=1442s
