  t=   5.88  cb_yield           L4-CB1 {'rot': 0.00086}
  t=   5.88  cb_yield           L5-CB1 {'rot': 0.00086}
  t=   5.88  cb_yield           L6-CB1 {'rot': 0.00086}
  t=   5.88  cb_yield           L7-CB1 {'rot': 0.00086}
  t=   6.00  cb_yield           L1-CB1 {'rot': 0.00086}
  t=   6.00  cb_yield           L2-CB0 {'rot': 0.00092}
  t=   6.00  cb_yield           L2-CB1 {'rot': 0.00106}
  t=   6.00  cb_yield           L3-CB0 {'rot': 0.00101}
  t=   6.00  cb_yield           L3-CB1 {'rot': 0.00119}
  t=   6.00  cb_yield           L4-CB0 {'rot': 0.00106}
  t=   6.00  cb_yield           L5-CB0 {'rot': 0.00109}
  t=   6.00  cb_yield           L6-CB0 {'rot': 0.00108}
  t=   6.00  cb_yield           L7-CB0 {'rot': 0.00105}
  t=   6.00  cb_yield           L8-CB0 {'rot': 0.00101}
  t=   6.00  cb_yield           L8-CB1 {'rot': 0.00124}
  t=   6.00  cb_yield           L9-CB0 {'rot': 0.00094}
  t=   6.00  cb_yield           L9-CB1 {'rot': 0.00117}
  t=   6.00  cb_yield           L10-CB0 {'rot': 0.00087}
  t=   6.00  cb_yield           L10-CB1 {'rot': 0.00109}
  t=   6.00  cb_yield           L11-CB1 {'rot': 0.00101}
  t=   6.00  cb_yield           L12-CB1 {'rot': 0.00094}
  t=   6.00  cb_yield           L13-CB1 {'rot': 0.00087}
  t=   6.13  cb_yield           L1-CB0 {'rot': 0.00085}
  t=   6.13  cb_yield           L11-CB0 {'rot': 0.00095}
  t=   6.13  cb_yield           L12-CB0 {'rot': 0.00088}
  t=   6.13  cb_yield           L14-CB1 {'rot': 0.0009}
  t=   6.25  cb_yield           L13-CB0 {'rot': 0.00087}
  t=   6.25  cb_yield           L15-CB1 {'rot': 0.0009}
  t=   6.38  cb_yield           L16-CB1 {'rot': 0.00089}
  t=   9.13  cb_yield           L3-CB2 {'rot': 0.00085}
  t=   9.13  cb_yield           L4-CB2 {'rot': 0.00085}
  t=   9.13  cb_yield           L5-CB3 {'rot': 0.00085}
  t=   9.13  cb_yield           L6-CB3 {'rot': 0.00086}
  t=   9.13  cb_yield           L7-CB3 {'rot': 0.00087}
  t=   9.25  cb_yield           L5-CB2 {'rot': 0.00087}
  t=   9.25  cb_yield           L6-CB2 {'rot': 0.00086}
  t=   9.25  cb_yield           L7-CB2 {'rot': 0.00085}
  t=   9.38  cb_yield           L2-CB2 {'rot': 0.00088}
  t=   9.38  cb_yield           L3-CB3 {'rot': 0.00087}
  t=   9.38  cb_yield           L4-CB3 {'rot': 0.00089}
  t=   9.63  cb_yield           L17-CB1 {'rot': 0.00101}
  t=   9.63  cb_yield           L18-CB1 {'rot': 0.00101}
  t=   9.63  cb_yield           L19-CB1 {'rot': 0.001}
  t=   9.63  cb_yield           L20-CB1 {'rot': 0.00099}
  t=   9.63  cb_yield           L21-CB1 {'rot': 0.00097}
  t=   9.63  cb_yield           L22-CB1 {'rot': 0.00095}
  progress t=  10.0s  max corner drift so far=0.0019  wall clock=84s
  t=  10.63  cb_yield           L14-CB0 {'rot': 0.00093}
  t=  10.63  cb_yield           L15-CB0 {'rot': 0.00086}
  t=  10.75  cb_yield           L16-CB0 {'rot': 0.00093}
  t=  11.63  cb_yield           L2-CB3 {'rot': 0.00092}
  t=  11.63  cb_yield           L8-CB2 {'rot': 0.00089}
  t=  11.63  cb_yield           L9-CB2 {'rot': 0.0009}
  t=  11.63  cb_yield           L10-CB2 {'rot': 0.00093}
  t=  11.63  cb_yield           L11-CB2 {'rot': 0.00095}
  t=  11.63  cb_yield           L12-CB2 {'rot': 0.00098}
  t=  11.63  cb_yield           L13-CB2 {'rot': 0.00098}
  t=  11.63  cb_yield           L14-CB2 {'rot': 0.00094}
  t=  11.63  cb_yield           L15-CB2 {'rot': 0.00089}
  t=  11.63  cb_yield           L16-CB2 {'rot': 0.00085}
  t=  11.75  cb_yield           L1-CB2 {'rot': 0.00101}
  t=  11.75  cb_yield           L1-CB3 {'rot': 0.0009}
  t=  11.75  cb_yield           L8-CB3 {'rot': 0.00104}
  t=  11.75  cb_yield           L9-CB3 {'rot': 0.00098}
  t=  11.75  cb_yield           L10-CB3 {'rot': 0.00092}
  t=  11.75  cb_yield           L11-CB3 {'rot': 0.00087}
  t=  11.75  cb_yield           L12-CB3 {'rot': 0.00086}
  t=  11.75  cb_yield           L13-CB3 {'rot': 0.00085}
  t=  11.75  cb_yield           L17-CB2 {'rot': 0.00197}
  t=  11.75  cb_yield           L18-CB2 {'rot': 0.00181}
  t=  11.75  cb_yield           L19-CB2 {'rot': 0.00165}
  t=  11.75  cb_yield           L20-CB2 {'rot': 0.00151}
  t=  11.75  cb_yield           L21-CB2 {'rot': 0.00137}
  t=  11.75  cb_yield           L22-CB2 {'rot': 0.00123}
  t=  11.75  cb_yield           L23-CB2 {'rot': 0.00109}
  t=  11.75  cb_yield           L24-CB2 {'rot': 0.00096}
  t=  11.88  cb_yield           L14-CB3 {'rot': 0.00123}
  t=  11.88  cb_yield           L15-CB3 {'rot': 0.00113}
  t=  11.88  cb_yield           L16-CB3 {'rot': 0.00102}
  t=  11.88  cb_yield           L17-CB3 {'rot': 0.00097}
  t=  11.88  cb_yield           L25-CB2 {'rot': 0.00097}
  t=  13.63  cb_yield           L18-CB3 {'rot': 0.00112}
  t=  13.63  cb_yield           L19-CB3 {'rot': 0.0011}
  t=  13.63  cb_yield           L20-CB3 {'rot': 0.00106}
  t=  13.63  cb_yield           L21-CB3 {'rot': 0.00101}
  t=  13.63  cb_yield           L22-CB3 {'rot': 0.00096}
  t=  13.75  cb_yield           L23-CB3 {'rot': 0.00096}
  t=  15.50  cb_yield           L24-CB3 {'rot': 0.00095}
  t=  19.50  cb_yield           L19-CB0 {'rot': 0.00094}
  t=  19.50  cb_yield           L20-CB0 {'rot': 0.00095}
  t=  19.50  cb_yield           L21-CB0 {'rot': 0.00095}
  t=  19.50  cb_yield           L22-CB0 {'rot': 0.00095}
  t=  19.50  cb_yield           L23-CB1 {'rot': 0.00131}
  t=  19.50  cb_yield           L24-CB1 {'rot': 0.00118}
  t=  19.50  cb_yield           L25-CB1 {'rot': 0.00109}
  t=  19.50  cb_yield           L26-CB1 {'rot': 0.00099}
  t=  19.62  cb_yield           L17-CB0 {'rot': 0.00109}
  t=  19.62  cb_yield           L18-CB0 {'rot': 0.00106}
  t=  19.62  cb_yield           L23-CB0 {'rot': 0.00096}
  t=  19.62  cb_yield           L27-CB1 {'rot': 0.00113}
  t=  19.62  cb_yield           L28-CB1 {'rot': 0.00097}
  progress t=  20.0s  max corner drift so far=0.0048  wall clock=184s
  t=  20.37  cb_yield           L25-CB3 {'rot': 0.00106}
  t=  20.37  cb_yield           L26-CB3 {'rot': 0.00095}
  t=  20.50  cb_yield           L27-CB3 {'rot': 0.00119}
  t=  20.50  cb_yield           L28-CB3 {'rot': 0.00101}
  t=  26.25  cb_yield           L24-CB0 {'rot': 0.00154}
  t=  26.25  cb_yield           L25-CB0 {'rot': 0.00133}
  t=  26.25  cb_yield           L26-CB0 {'rot': 0.0011}
  t=  26.25  cb_yield           L29-CB1 {'rot': 0.00107}
  t=  26.37  cb_yield           L27-CB0 {'rot': 0.00126}
  t=  26.37  cb_yield           L28-CB0 {'rot': 0.00103}
  t=  26.37  cb_yield           L30-CB1 {'rot': 0.0011}
  progress t=  30.0s  max corner drift so far=0.0048  wall clock=280s
  t=  32.87  cb_yield           L26-CB2 {'rot': 0.00105}
  t=  33.00  cb_yield           L27-CB2 {'rot': 0.00108}
  t=  33.25  cb_yield           L28-CB2 {'rot': 0.00102}
  t=  33.25  cb_yield           L29-CB3 {'rot': 0.001}
  t=  33.37  cb_yield           L30-CB3 {'rot': 0.00098}
  t=  39.62  cb_yield           L31-CB1 {'rot': 0.00096}
  progress t=  40.0s  max corner drift so far=0.0063  wall clock=389s
  progress t=  50.0s  max corner drift so far=0.0063  wall clock=490s
  t=  57.00  cb_failure         L7-CB1 {'rot': 0.01525}
  t=  57.00  cb_failure         L8-CB1 {'rot': 0.01578}
  t=  57.00  cb_failure         L9-CB1 {'rot': 0.01591}
  t=  57.00  cb_failure         L10-CB1 {'rot': 0.01572}
  t=  57.00  cb_failure         L11-CB1 {'rot': 0.01524}
  t=  57.12  cb_failure         L12-CB1 {'rot': 0.01874}
  t=  57.12  cb_failure         L13-CB1 {'rot': 0.01835}
  t=  57.12  cb_failure         L14-CB1 {'rot': 0.01756}
  t=  57.12  cb_failure         L15-CB1 {'rot': 0.01643}
  t=  57.12  cb_failure         L16-CB1 {'rot': 0.01497}
  t=  57.25  cb_failure         L10-CB3 {'rot': 0.01515}
  t=  57.25  cb_failure         L11-CB3 {'rot': 0.01599}
  t=  57.25  cb_failure         L12-CB0 {'rot': 0.01496}
  t=  57.25  cb_failure         L12-CB3 {'rot': 0.01657}
  t=  57.25  cb_failure         L13-CB0 {'rot': 0.01506}
  t=  57.25  cb_failure         L13-CB3 {'rot': 0.01684}
  t=  57.25  cb_failure         L14-CB3 {'rot': 0.01673}
  t=  57.25  cb_failure         L15-CB3 {'rot': 0.01623}
  t=  57.25  cb_failure         L16-CB3 {'rot': 0.01518}
  t=  57.25  cb_failure         L17-CB1 {'rot': 0.01727}
  t=  57.37  cb_failure         L11-CB0 {'rot': 0.0155}
  t=  57.37  cb_failure         L14-CB0 {'rot': 0.01671}
  t=  57.37  cb_failure         L15-CB0 {'rot': 0.01637}
  t=  57.37  cb_failure         L16-CB0 {'rot': 0.0156}
  t=  57.37  cb_failure         L17-CB3 {'rot': 0.0157}
  t=  57.37  cb_failure         L18-CB1 {'rot': 0.01708}
  progress t=  60.0s  max corner drift so far=0.0063  wall clock=594s
  progress t=  70.0s  max corner drift so far=0.0063  wall clock=705s
  t=  71.87  cb_yield           L29-CB2 {'rot': 0.00108}
  t=  72.87  cb_failure         L5-CB1 {'rot': 0.01667}
  t=  72.87  cb_failure         L5-CB3 {'rot': 0.01547}
  t=  72.87  cb_failure         L6-CB1 {'rot': 0.01812}
  t=  72.87  cb_failure         L6-CB2 {'rot': 0.01516}
  t=  72.87  cb_failure         L6-CB3 {'rot': 0.01689}
  t=  72.87  cb_failure         L7-CB2 {'rot': 0.01583}
  t=  72.87  cb_failure         L7-CB3 {'rot': 0.0178}
  t=  72.87  cb_failure         L8-CB2 {'rot': 0.01609}
  t=  72.87  cb_failure         L8-CB3 {'rot': 0.0183}
  t=  72.87  cb_failure         L9-CB2 {'rot': 0.01603}
  t=  72.87  cb_failure         L9-CB3 {'rot': 0.01849}
  t=  72.87  cb_failure         L10-CB2 {'rot': 0.01575}
  t=  72.87  cb_failure         L11-CB2 {'rot': 0.01527}
  t=  73.00  cb_failure         L4-CB1 {'rot': 0.01652}
  t=  73.00  cb_failure         L4-CB2 {'rot': 0.01585}
  t=  73.00  cb_failure         L4-CB3 {'rot': 0.01756}
  t=  73.00  cb_failure         L5-CB2 {'rot': 0.01773}
  t=  73.00  cb_failure         L6-CB0 {'rot': 0.01511}
  t=  73.00  cb_failure         L7-CB0 {'rot': 0.01575}
  t=  73.00  cb_failure         L8-CB0 {'rot': 0.01602}
  t=  73.00  cb_failure         L9-CB0 {'rot': 0.01598}
  t=  73.00  cb_failure         L10-CB0 {'rot': 0.01572}
  t=  73.00  cb_failure         L12-CB2 {'rot': 0.01754}
  t=  73.00  cb_failure         L13-CB2 {'rot': 0.01644}
  t=  73.00  cb_failure         L14-CB2 {'rot': 0.01511}
  t=  73.12  cb_failure         L3-CB1 {'rot': 0.01509}
  t=  73.12  cb_failure         L3-CB2 {'rot': 0.01578}
  t=  73.12  cb_failure         L3-CB3 {'rot': 0.0179}
  t=  73.12  cb_failure         L4-CB0 {'rot': 0.01496}
  t=  73.12  cb_failure         L5-CB0 {'rot': 0.01643}
  t=  73.12  cb_failure         L15-CB2 {'rot': 0.01641}
  t=  73.25  cb_failure         L2-CB3 {'rot': 0.01529}
  t=  73.25  cb_failure         L16-CB2 {'rot': 0.01795}
  t=  73.25  cb_failure         L17-CB2 {'rot': 0.01571}
  t=  73.25  cb_failure         L18-CB3 {'rot': 0.01737}
  t=  73.37  cb_failure         L18-CB2 {'rot': 0.01547}
  t=  73.37  cb_failure         L19-CB3 {'rot': 0.0168}
  t=  73.50  cb_failure         L20-CB3 {'rot': 0.01656}
  t=  73.50  cb_yield           L31-CB3 {'rot': 0.00134}
  t=  73.50  cb_yield           L32-CB3 {'rot': 0.00106}
  t=  73.62  cb_failure         L19-CB2 {'rot': 0.01622}
  t=  73.62  cb_failure         L21-CB3 {'rot': 0.01698}
  t=  73.62  cb_yield           L30-CB2 {'rot': 0.00104}
  t=  73.62  cb_yield           L33-CB3 {'rot': 0.00166}
  t=  73.75  cb_failure         L20-CB2 {'rot': 0.01495}
  t=  73.75  cb_failure         L22-CB3 {'rot': 0.01632}
  t=  73.75  cb_yield           L31-CB2 {'rot': 0.00097}
  progress t=  80.0s  max corner drift so far=0.0094  wall clock=829s
  t=  80.75  cb_failure         L19-CB1 {'rot': 0.01546}
  t=  80.88  cb_failure         L17-CB0 {'rot': 0.0156}
  t=  81.00  cb_failure         L20-CB1 {'rot': 0.01548}
  t=  87.00  cb_failure         L3-CB0 {'rot': 0.01485}
  progress t=  90.0s  max corner drift so far=0.0094  wall clock=956s
  t=  93.00  cb_failure         L18-CB0 {'rot': 0.01564}
  t=  93.13  cb_failure         L19-CB0 {'rot': 0.01613}
  t=  93.13  cb_failure         L21-CB1 {'rot': 0.01645}
  t=  93.13  cb_yield           L32-CB1 {'rot': 0.00147}
  t=  93.25  cb_failure         L20-CB0 {'rot': 0.01617}
  t=  93.25  cb_failure         L22-CB1 {'rot': 0.01676}
  t=  93.25  cb_yield           L33-CB1 {'rot': 0.00094}
  t=  97.88  cb_failure         L2-CB1 {'rot': 0.01513}
  t=  98.00  cb_failure         L2-CB2 {'rot': 0.01532}
  t=  98.13  cb_failure         L2-CB0 {'rot': 0.01576}
  t=  98.63  cb_failure         L23-CB3 {'rot': 0.01533}
  progress t= 100.0s  max corner drift so far=0.0094  wall clock=1094s
  progress t= 110.0s  max corner drift so far=0.0094  wall clock=1206s
  progress t= 120.0s  max corner drift so far=0.0094  wall clock=1322s
