  t=   7.88  cb_yield           L2-CB2 {'rot': 0.00086}
  t=   7.88  cb_yield           L2-CB3 {'rot': 0.00092}
  t=   7.88  cb_yield           L3-CB2 {'rot': 0.00088}
  t=   7.88  cb_yield           L3-CB3 {'rot': 0.00095}
  t=   7.88  cb_yield           L4-CB2 {'rot': 0.00088}
  t=   7.88  cb_yield           L4-CB3 {'rot': 0.00094}
  t=   7.88  cb_yield           L5-CB2 {'rot': 0.00085}
  t=   7.88  cb_yield           L5-CB3 {'rot': 0.00091}
  t=   7.88  cb_yield           L6-CB3 {'rot': 0.00087}
  t=   8.63  cb_yield           L3-CB1 {'rot': 0.00088}
  t=   8.63  cb_yield           L4-CB1 {'rot': 0.00088}
  t=   9.75  cb_yield           L1-CB2 {'rot': 0.0011}
  t=   9.75  cb_yield           L6-CB2 {'rot': 0.00193}
  t=   9.75  cb_yield           L7-CB2 {'rot': 0.00186}
  t=   9.75  cb_yield           L7-CB3 {'rot': 0.00093}
  t=   9.75  cb_yield           L8-CB2 {'rot': 0.00173}
  t=   9.75  cb_yield           L8-CB3 {'rot': 0.00088}
  t=   9.75  cb_yield           L9-CB2 {'rot': 0.00156}
  t=   9.75  cb_yield           L9-CB3 {'rot': 0.00085}
  t=   9.75  cb_yield           L10-CB2 {'rot': 0.00138}
  t=   9.75  cb_yield           L11-CB2 {'rot': 0.0012}
  t=   9.75  cb_yield           L12-CB2 {'rot': 0.00102}
  t=   9.75  cb_yield           L13-CB2 {'rot': 0.00087}
  t=   9.88  cb_yield           L1-CB3 {'rot': 0.00095}
  t=   9.88  cb_yield           L10-CB3 {'rot': 0.00125}
  t=   9.88  cb_yield           L11-CB3 {'rot': 0.00115}
  t=   9.88  cb_yield           L12-CB3 {'rot': 0.00106}
  t=   9.88  cb_yield           L13-CB3 {'rot': 0.00096}
  t=   9.88  cb_yield           L14-CB2 {'rot': 0.00114}
  t=   9.88  cb_yield           L14-CB3 {'rot': 0.00085}
  t=   9.88  cb_yield           L15-CB2 {'rot': 0.00096}
  t=  10.00  cb_yield           L15-CB3 {'rot': 0.00093}
  t=  10.00  cb_yield           L16-CB2 {'rot': 0.00102}
  progress t=  10.0s  max corner drift so far=0.0023  wall clock=107s
  t=  10.13  cb_yield           L16-CB3 {'rot': 0.00091}
  t=  10.13  cb_yield           L17-CB2 {'rot': 0.001}
  t=  10.38  cb_yield           L5-CB1 {'rot': 0.00088}
  t=  10.50  cb_yield           L2-CB1 {'rot': 0.0009}
  t=  10.50  cb_yield           L6-CB1 {'rot': 0.00099}
  t=  10.50  cb_yield           L7-CB1 {'rot': 0.00094}
  t=  10.50  cb_yield           L8-CB1 {'rot': 0.00086}
  t=  10.63  cb_yield           L1-CB1 {'rot': 0.00092}
  t=  10.63  cb_yield           L4-CB0 {'rot': 0.00092}
  t=  10.63  cb_yield           L5-CB0 {'rot': 0.00102}
  t=  10.63  cb_yield           L6-CB0 {'rot': 0.00108}
  t=  10.63  cb_yield           L7-CB0 {'rot': 0.0011}
  t=  10.63  cb_yield           L8-CB0 {'rot': 0.0011}
  t=  10.63  cb_yield           L9-CB0 {'rot': 0.00107}
  t=  10.63  cb_yield           L9-CB1 {'rot': 0.00106}
  t=  10.63  cb_yield           L10-CB0 {'rot': 0.00101}
  t=  10.63  cb_yield           L10-CB1 {'rot': 0.00097}
  t=  10.63  cb_yield           L11-CB0 {'rot': 0.00092}
  t=  10.63  cb_yield           L11-CB1 {'rot': 0.00088}
  t=  10.63  cb_yield           L12-CB0 {'rot': 0.00087}
  t=  10.63  cb_yield           L13-CB0 {'rot': 0.00085}
  t=  10.75  cb_yield           L1-CB0 {'rot': 0.00095}
  t=  10.75  cb_yield           L2-CB0 {'rot': 0.00108}
  t=  10.75  cb_yield           L3-CB0 {'rot': 0.0013}
  t=  10.75  cb_yield           L12-CB1 {'rot': 0.00141}
  t=  10.75  cb_yield           L13-CB1 {'rot': 0.00128}
  t=  10.75  cb_yield           L14-CB0 {'rot': 0.00152}
  t=  10.75  cb_yield           L14-CB1 {'rot': 0.00114}
  t=  10.75  cb_yield           L15-CB0 {'rot': 0.00146}
  t=  10.75  cb_yield           L15-CB1 {'rot': 0.00101}
  t=  10.75  cb_yield           L16-CB0 {'rot': 0.00139}
  t=  10.75  cb_yield           L16-CB1 {'rot': 0.0009}
  t=  10.75  cb_yield           L17-CB0 {'rot': 0.00136}
  t=  10.75  cb_yield           L18-CB0 {'rot': 0.00128}
  t=  10.75  cb_yield           L19-CB0 {'rot': 0.00121}
  t=  10.75  cb_yield           L20-CB0 {'rot': 0.00116}
  t=  10.75  cb_yield           L21-CB0 {'rot': 0.00109}
  t=  10.75  cb_yield           L22-CB0 {'rot': 0.001}
  t=  10.75  cb_yield           L23-CB0 {'rot': 0.00095}
  t=  10.88  cb_yield           L17-CB1 {'rot': 0.00162}
  t=  10.88  cb_yield           L18-CB1 {'rot': 0.00143}
  t=  10.88  cb_yield           L19-CB1 {'rot': 0.00128}
  t=  10.88  cb_yield           L20-CB1 {'rot': 0.00113}
  t=  10.88  cb_yield           L21-CB1 {'rot': 0.00099}
  t=  10.88  cb_yield           L24-CB0 {'rot': 0.00129}
  t=  10.88  cb_yield           L25-CB0 {'rot': 0.00109}
  t=  11.00  cb_yield           L22-CB1 {'rot': 0.00122}
  t=  11.00  cb_yield           L23-CB1 {'rot': 0.00104}
  t=  12.38  cb_yield           L24-CB1 {'rot': 0.0019}
  t=  12.38  cb_yield           L25-CB1 {'rot': 0.00163}
  t=  12.38  cb_yield           L26-CB1 {'rot': 0.00137}
  t=  12.38  cb_yield           L27-CB1 {'rot': 0.00113}
  t=  12.38  cb_yield           L28-CB1 {'rot': 0.00096}
  t=  12.50  cb_yield           L29-CB1 {'rot': 0.00111}
  t=  17.38  cb_yield           L26-CB0 {'rot': 0.00113}
  t=  17.50  cb_yield           L27-CB0 {'rot': 0.00131}
  t=  17.50  cb_yield           L28-CB0 {'rot': 0.00099}
  t=  17.75  cb_yield           L29-CB0 {'rot': 0.00108}
  progress t=  20.0s  max corner drift so far=0.0069  wall clock=250s
  t=  20.75  cb_yield           L30-CB1 {'rot': 0.00095}
  t=  23.25  cb_yield           L17-CB3 {'rot': 0.00103}
  t=  23.37  cb_yield           L18-CB3 {'rot': 0.00117}
  t=  23.37  cb_yield           L19-CB3 {'rot': 0.00103}
  t=  28.12  cb_yield           L18-CB2 {'rot': 0.00116}
  t=  28.12  cb_yield           L19-CB2 {'rot': 0.00104}
  t=  28.12  cb_yield           L20-CB2 {'rot': 0.00097}
  t=  28.12  cb_yield           L20-CB3 {'rot': 0.00098}
  t=  28.25  cb_yield           L21-CB2 {'rot': 0.00134}
  t=  28.25  cb_yield           L21-CB3 {'rot': 0.00163}
  t=  28.25  cb_yield           L22-CB2 {'rot': 0.00125}
  t=  28.25  cb_yield           L22-CB3 {'rot': 0.00146}
  t=  28.25  cb_yield           L23-CB2 {'rot': 0.00116}
  t=  28.25  cb_yield           L23-CB3 {'rot': 0.00128}
  t=  28.25  cb_yield           L24-CB2 {'rot': 0.00106}
  t=  28.25  cb_yield           L24-CB3 {'rot': 0.00109}
  t=  28.25  cb_yield           L25-CB2 {'rot': 0.00097}
  t=  28.25  cb_yield           L25-CB3 {'rot': 0.00097}
  t=  28.37  cb_yield           L26-CB2 {'rot': 0.00102}
  t=  28.37  cb_yield           L26-CB3 {'rot': 0.00105}
  progress t=  30.0s  max corner drift so far=0.0091  wall clock=387s
  t= 39.675  solver fallback: Newton
  progress t=  40.0s  max corner drift so far=0.0091  wall clock=537s
  t=  41.75  cb_failure         L7-CB1 {'rot': 0.015}
  t=  41.87  cb_failure         L5-CB0 {'rot': 0.01619}
  t=  41.87  cb_failure         L5-CB1 {'rot': 0.01569}
  t=  41.87  cb_failure         L6-CB0 {'rot': 0.01699}
  t=  41.87  cb_failure         L6-CB1 {'rot': 0.01655}
  t=  41.87  cb_failure         L7-CB0 {'rot': 0.01722}
  t=  41.87  cb_failure         L8-CB0 {'rot': 0.01697}
  t=  41.87  cb_failure         L8-CB1 {'rot': 0.01653}
  t=  41.87  cb_failure         L9-CB0 {'rot': 0.01633}
  t=  41.87  cb_failure         L9-CB1 {'rot': 0.0159}
  t=  41.87  cb_failure         L10-CB0 {'rot': 0.01546}
  t=  41.87  cb_failure         L10-CB1 {'rot': 0.01506}
  t=  42.00  cb_failure         L4-CB0 {'rot': 0.01517}
  t=  42.00  cb_failure         L4-CB1 {'rot': 0.01553}
  t=  42.00  cb_failure         L11-CB0 {'rot': 0.0173}
  t=  42.00  cb_failure         L11-CB1 {'rot': 0.01869}
  t=  42.00  cb_failure         L12-CB0 {'rot': 0.01631}
  t=  42.00  cb_failure         L12-CB1 {'rot': 0.01771}
  t=  42.00  cb_failure         L13-CB0 {'rot': 0.01504}
  t=  42.00  cb_failure         L13-CB1 {'rot': 0.01652}
  t=  42.00  cb_failure         L14-CB1 {'rot': 0.01515}
  t=  42.12  cb_failure         L15-CB1 {'rot': 0.01571}
  t=  43.75  cb_yield           L31-CB1 {'rot': 0.00099}
  t=  43.87  cb_yield           L30-CB0 {'rot': 0.00098}
  t=  43.87  cb_yield           L32-CB1 {'rot': 0.0015}
  t=  43.87  cb_yield           L33-CB1 {'rot': 0.00112}
  t=  47.50  cb_yield           L27-CB3 {'rot': 0.00108}
  t=  47.50  cb_yield           L28-CB3 {'rot': 0.00094}
  t=  47.62  cb_yield           L29-CB3 {'rot': 0.00097}
  t=  49.75  cb_failure         L6-CB2 {'rot': 0.01508}
  t=  49.75  cb_failure         L6-CB3 {'rot': 0.01527}
  t=  49.75  cb_failure         L7-CB2 {'rot': 0.01525}
  t=  49.75  cb_failure         L7-CB3 {'rot': 0.01544}
  t=  49.75  cb_failure         L8-CB2 {'rot': 0.01492}
  t=  49.75  cb_failure         L8-CB3 {'rot': 0.01509}
  t=  49.87  cb_failure         L3-CB0 {'rot': 0.01583}
  t=  49.87  cb_failure         L3-CB1 {'rot': 0.01581}
  t=  49.87  cb_failure         L4-CB2 {'rot': 0.01503}
  t=  49.87  cb_failure         L4-CB3 {'rot': 0.01552}
  t=  49.87  cb_failure         L5-CB2 {'rot': 0.01663}
  t=  49.87  cb_failure         L5-CB3 {'rot': 0.01715}
  t=  49.87  cb_failure         L9-CB2 {'rot': 0.0172}
  t=  49.87  cb_failure         L9-CB3 {'rot': 0.01768}
  t=  49.87  cb_failure         L10-CB2 {'rot': 0.01614}
  t=  49.87  cb_failure         L10-CB3 {'rot': 0.01669}
  t=  49.87  cb_failure         L11-CB3 {'rot': 0.01531}
  t=  50.00  cb_failure         L3-CB2 {'rot': 0.01499}
  t=  50.00  cb_failure         L3-CB3 {'rot': 0.01575}
  t=  50.00  cb_failure         L11-CB2 {'rot': 0.01657}
  t=  50.00  cb_failure         L12-CB2 {'rot': 0.01512}
  t=  50.00  cb_failure         L12-CB3 {'rot': 0.01603}
  t=  50.00  cb_failure         L14-CB0 {'rot': 0.01497}
  progress t=  50.0s  max corner drift so far=0.0091  wall clock=693s
  t=  50.12  cb_failure         L2-CB0 {'rot': 0.01639}
  t=  50.12  cb_failure         L2-CB1 {'rot': 0.01674}
  t=  50.12  cb_failure         L2-CB3 {'rot': 0.01497}
  t=  50.12  cb_failure         L13-CB3 {'rot': 0.01708}
  t=  50.12  cb_failure         L14-CB3 {'rot': 0.01503}
  t=  50.12  cb_failure         L15-CB0 {'rot': 0.01543}
  t=  50.25  cb_failure         L13-CB2 {'rot': 0.0177}
  t=  50.25  cb_failure         L14-CB2 {'rot': 0.01586}
  t=  50.25  cb_failure         L15-CB3 {'rot': 0.01654}
  t=  50.25  cb_failure         L16-CB0 {'rot': 0.01686}
  t=  50.25  cb_failure         L16-CB1 {'rot': 0.01883}
  t=  50.25  cb_failure         L17-CB1 {'rot': 0.01502}
  t=  50.37  cb_failure         L2-CB2 {'rot': 0.01541}
  t=  50.37  cb_failure         L15-CB2 {'rot': 0.01719}
  t=  50.37  cb_failure         L16-CB3 {'rot': 0.01709}
  t=  50.37  cb_failure         L17-CB0 {'rot': 0.01511}
  t=  50.50  cb_failure         L16-CB2 {'rot': 0.01745}
  t=  50.50  cb_failure         L17-CB3 {'rot': 0.01577}
  t=  50.50  cb_failure         L18-CB1 {'rot': 0.01677}
  t=  50.62  cb_failure         L17-CB2 {'rot': 0.0152}
  t=  50.62  cb_failure         L18-CB0 {'rot': 0.0151}
  t=  59.12  cb_failure         L1-CB0 {'rot': 0.01634}
  t=  59.12  cb_failure         L1-CB1 {'rot': 0.01734}
  t=  59.12  cb_failure         L1-CB2 {'rot': 0.01739}
  t=  59.12  cb_failure         L1-CB3 {'rot': 0.01812}
  t=  59.87  cb_yield           L30-CB3 {'rot': 0.00109}
  t=  60.00  cb_yield           L27-CB2 {'rot': 0.0011}
  t=  60.00  cb_yield           L31-CB3 {'rot': 0.00108}
  progress t=  60.0s  max corner drift so far=0.0093  wall clock=850s
  t=  61.75  cb_failure         L18-CB3 {'rot': 0.01615}
  t=  61.87  cb_failure         L18-CB2 {'rot': 0.01528}
  t=  62.25  cb_failure         L19-CB1 {'rot': 0.01551}
  t=  65.00  cb_yield           L32-CB3 {'rot': 0.00094}
  t=  65.12  cb_failure         L19-CB3 {'rot': 0.01503}
  t=  65.25  cb_failure         L19-CB2 {'rot': 0.01521}
  t=  65.62  cb_failure         L19-CB0 {'rot': 0.01516}
  t= 65.650  solver fallback: NewtonLineSearch
  progress t=  70.0s  max corner drift so far=0.0105  wall clock=999s
  t=  72.50  cb_yield           L28-CB2 {'rot': 0.00095}
  t=  77.33  wall_axial_failure S1-F {'gamma': 0.00135, 'eps': -0.00759, 'cause': 'crushing'}
  t= 77.425  solver fallback: 16 sub-steps
  t=  77.49  wall_axial_failure S1-M {'gamma': 0.00117, 'eps': -0.00619, 'cause': 'crushing'}
  t=  77.51  cb_failure         L20-CB1 {'rot': 0.02508}
  t=  77.51  cb_failure         L20-CB3 {'rot': 0.02546}
  t=  77.64  cb_failure         L20-CB0 {'rot': 0.03261}
  t=  77.64  cb_failure         L20-CB2 {'rot': 0.04085}
  t=  77.64  cb_failure         L21-CB0 {'rot': 0.02672}
  t=  77.64  cb_failure         L21-CB2 {'rot': 0.03411}
  t=  77.64  cb_failure         L22-CB0 {'rot': 0.01941}
  t=  77.64  cb_failure         L22-CB2 {'rot': 0.02606}
  t=  77.64  cb_failure         L23-CB2 {'rot': 0.01661}
  t=  77.64  cb_yield           L29-CB2 {'rot': 0.00208}
  t=  77.64  cb_yield           L30-CB2 {'rot': 0.00152}
  t=  77.64  cb_yield           L31-CB2 {'rot': 0.00113}
  t=  77.76  cb_failure         L23-CB0 {'rot': 0.035}
  t=  77.76  cb_failure         L24-CB0 {'rot': 0.02858}
  t=  77.76  cb_failure         L24-CB2 {'rot': 0.0333}
  t=  77.76  cb_failure         L25-CB0 {'rot': 0.02011}
  t=  77.76  cb_failure         L25-CB2 {'rot': 0.02322}
  t=  77.89  cb_failure         L21-CB3 {'rot': 0.01792}
  t=  77.89  cb_failure         L26-CB2 {'rot': 0.01522}
  t=  78.01  cb_failure         L26-CB0 {'rot': 0.01863}
  t=  78.01  cb_yield           L31-CB0 {'rot': 0.00098}
  t=  78.01  cb_yield           L32-CB2 {'rot': 0.00167}
  t=  78.01  cb_yield           L33-CB2 {'rot': 0.00135}
  t=  78.14  cb_failure         L27-CB0 {'rot': 0.03196}
  t=  78.14  cb_failure         L27-CB2 {'rot': 0.03479}
  t=  78.14  cb_failure         L28-CB0 {'rot': 0.02641}
  t=  78.14  cb_failure         L28-CB2 {'rot': 0.02857}
  t=  78.14  cb_failure         L29-CB0 {'rot': 0.01858}
  t=  78.14  cb_failure         L29-CB2 {'rot': 0.02007}
  t=  78.14  cb_yield           L32-CB0 {'rot': 0.00121}
  t=  78.26  cb_failure         L30-CB0 {'rot': 0.03205}
  t=  78.26  cb_failure         L30-CB2 {'rot': 0.03372}
  t=  78.26  cb_failure         L31-CB0 {'rot': 0.02809}
  t=  78.26  cb_failure         L31-CB2 {'rot': 0.02933}
  t=  78.26  cb_failure         L32-CB0 {'rot': 0.02673}
  t=  78.26  cb_failure         L32-CB2 {'rot': 0.02777}
  t=  78.26  cb_yield           L33-CB0 {'rot': 0.02658}
  t=  78.26  cb_failure         L33-CB0 {'rot': 0.02658}
  t=  78.26  cb_failure         L33-CB2 {'rot': 0.02761}
  progress t=  80.0s  max corner drift so far=0.0242  wall clock=1234s
  t= 80.988  solver fallback: 4 sub-steps
  t= 81.238  solver fallback: 16 sub-steps
  t= 81.288  solver fallback: 4 sub-steps
