  t=   8.50  cb_yield           L2-CB2 {'rot': 0.00086}
  t=   8.50  cb_yield           L3-CB2 {'rot': 0.00094}
  t=   8.50  cb_yield           L3-CB3 {'rot': 0.00089}
  t=   8.50  cb_yield           L4-CB2 {'rot': 0.00099}
  t=   8.50  cb_yield           L4-CB3 {'rot': 0.00093}
  t=   8.50  cb_yield           L5-CB2 {'rot': 0.00101}
  t=   8.50  cb_yield           L5-CB3 {'rot': 0.00095}
  t=   8.50  cb_yield           L6-CB2 {'rot': 0.001}
  t=   8.50  cb_yield           L6-CB3 {'rot': 0.00095}
  t=   8.50  cb_yield           L7-CB2 {'rot': 0.00096}
  t=   8.50  cb_yield           L7-CB3 {'rot': 0.00093}
  t=   8.50  cb_yield           L8-CB2 {'rot': 0.00092}
  t=   8.50  cb_yield           L8-CB3 {'rot': 0.00089}
  t=   8.50  cb_yield           L9-CB2 {'rot': 0.00087}
  t=   8.50  cb_yield           L9-CB3 {'rot': 0.00085}
  t=   8.63  cb_yield           L2-CB3 {'rot': 0.00086}
  t=   8.63  cb_yield           L10-CB2 {'rot': 0.00098}
  t=   8.63  cb_yield           L10-CB3 {'rot': 0.00086}
  t=   8.63  cb_yield           L11-CB2 {'rot': 0.00091}
  t=   8.63  cb_yield           L12-CB2 {'rot': 0.00085}
  progress t=  10.0s  max corner drift so far=0.0016  wall clock=98s
  t=  11.00  cb_yield           L3-CB0 {'rot': 0.0009}
  t=  11.00  cb_yield           L3-CB1 {'rot': 0.00085}
  t=  11.00  cb_yield           L4-CB0 {'rot': 0.001}
  t=  11.00  cb_yield           L4-CB1 {'rot': 0.00088}
  t=  11.00  cb_yield           L5-CB0 {'rot': 0.00103}
  t=  11.00  cb_yield           L5-CB1 {'rot': 0.00092}
  t=  11.00  cb_yield           L6-CB0 {'rot': 0.00102}
  t=  11.00  cb_yield           L6-CB1 {'rot': 0.00095}
  t=  11.00  cb_yield           L7-CB0 {'rot': 0.001}
  t=  11.00  cb_yield           L7-CB1 {'rot': 0.00095}
  t=  11.00  cb_yield           L8-CB0 {'rot': 0.00095}
  t=  11.00  cb_yield           L8-CB1 {'rot': 0.00092}
  t=  11.00  cb_yield           L9-CB0 {'rot': 0.00089}
  t=  11.00  cb_yield           L9-CB1 {'rot': 0.00087}
  t=  11.00  cb_yield           L10-CB0 {'rot': 0.00087}
  t=  11.00  cb_yield           L10-CB1 {'rot': 0.00085}
  t=  11.13  cb_yield           L1-CB0 {'rot': 0.00114}
  t=  11.13  cb_yield           L1-CB1 {'rot': 0.00105}
  t=  11.13  cb_yield           L2-CB0 {'rot': 0.00147}
  t=  11.13  cb_yield           L2-CB1 {'rot': 0.00132}
  t=  11.13  cb_yield           L11-CB0 {'rot': 0.00144}
  t=  11.13  cb_yield           L11-CB1 {'rot': 0.00136}
  t=  11.13  cb_yield           L12-CB0 {'rot': 0.00126}
  t=  11.13  cb_yield           L12-CB1 {'rot': 0.00122}
  t=  11.13  cb_yield           L13-CB0 {'rot': 0.00112}
  t=  11.13  cb_yield           L13-CB1 {'rot': 0.00109}
  t=  11.13  cb_yield           L14-CB0 {'rot': 0.00098}
  t=  11.13  cb_yield           L14-CB1 {'rot': 0.00096}
  t=  11.13  cb_yield           L15-CB0 {'rot': 0.00086}
  t=  11.13  cb_yield           L15-CB1 {'rot': 0.00086}
  t=  11.25  cb_yield           L16-CB0 {'rot': 0.00087}
  t=  11.38  cb_yield           L16-CB1 {'rot': 0.00091}
  t=  11.50  cb_yield           L17-CB0 {'rot': 0.00095}
  t=  12.38  cb_yield           L1-CB2 {'rot': 0.0009}
  t=  12.38  cb_yield           L1-CB3 {'rot': 0.00089}
  t=  12.38  cb_yield           L17-CB1 {'rot': 0.00102}
  t=  12.38  cb_yield           L18-CB1 {'rot': 0.00098}
  t=  12.38  cb_yield           L19-CB1 {'rot': 0.00095}
  t=  12.50  cb_yield           L18-CB0 {'rot': 0.00099}
  t=  12.50  cb_yield           L20-CB1 {'rot': 0.00094}
  t=  12.63  cb_yield           L11-CB3 {'rot': 0.00131}
  t=  12.63  cb_yield           L12-CB3 {'rot': 0.00109}
  t=  12.63  cb_yield           L13-CB3 {'rot': 0.00095}
  t=  12.63  cb_yield           L14-CB3 {'rot': 0.00085}
  t=  12.63  cb_yield           L19-CB0 {'rot': 0.00098}
  t=  12.75  cb_yield           L13-CB2 {'rot': 0.00114}
  t=  12.75  cb_yield           L20-CB0 {'rot': 0.00108}
  t=  12.75  cb_yield           L21-CB0 {'rot': 0.00095}
  t=  12.75  cb_yield           L21-CB1 {'rot': 0.00121}
  t=  12.75  cb_yield           L22-CB1 {'rot': 0.00108}
  t=  12.75  cb_yield           L23-CB1 {'rot': 0.00097}
  t=  12.88  cb_yield           L14-CB2 {'rot': 0.0009}
  t=  12.88  cb_yield           L15-CB3 {'rot': 0.00089}
  t=  12.88  cb_yield           L22-CB0 {'rot': 0.00107}
  t=  12.88  cb_yield           L24-CB1 {'rot': 0.00114}
  t=  12.88  cb_yield           L25-CB1 {'rot': 0.001}
  t=  13.13  cb_yield           L16-CB3 {'rot': 0.00088}
  t=  14.75  cb_yield           L15-CB2 {'rot': 0.00103}
  t=  14.75  cb_yield           L16-CB2 {'rot': 0.00091}
  t=  14.88  cb_yield           L17-CB2 {'rot': 0.00125}
  t=  14.88  cb_yield           L17-CB3 {'rot': 0.00152}
  t=  14.88  cb_yield           L18-CB2 {'rot': 0.00115}
  t=  14.88  cb_yield           L18-CB3 {'rot': 0.00134}
  t=  14.88  cb_yield           L19-CB2 {'rot': 0.00106}
  t=  14.88  cb_yield           L19-CB3 {'rot': 0.00118}
  t=  14.88  cb_yield           L20-CB2 {'rot': 0.00098}
  t=  14.88  cb_yield           L20-CB3 {'rot': 0.00104}
  t=  14.88  cb_yield           L21-CB3 {'rot': 0.00094}
  t=  15.00  cb_yield           L21-CB2 {'rot': 0.00134}
  t=  15.00  cb_yield           L22-CB2 {'rot': 0.00126}
  t=  15.00  cb_yield           L22-CB3 {'rot': 0.00134}
  t=  15.00  cb_yield           L23-CB2 {'rot': 0.00116}
  t=  15.00  cb_yield           L23-CB3 {'rot': 0.00121}
  t=  15.00  cb_yield           L24-CB2 {'rot': 0.00102}
  t=  15.00  cb_yield           L24-CB3 {'rot': 0.00109}
  t=  15.00  cb_yield           L25-CB3 {'rot': 0.00097}
  t=  17.25  cb_yield           L23-CB0 {'rot': 0.00094}
  t=  17.38  cb_yield           L24-CB0 {'rot': 0.00104}
  t=  17.38  cb_yield           L26-CB1 {'rot': 0.00098}
  t=  17.63  cb_yield           L25-CB0 {'rot': 0.00101}
  t=  17.63  cb_yield           L27-CB1 {'rot': 0.00107}
  t=  17.75  cb_yield           L28-CB1 {'rot': 0.00098}
  progress t=  20.0s  max corner drift so far=0.0040  wall clock=224s
  t=  21.37  cb_yield           L26-CB0 {'rot': 0.00123}
  t=  21.37  cb_yield           L27-CB0 {'rot': 0.00101}
  t=  21.50  cb_yield           L29-CB1 {'rot': 0.00094}
  t=  21.75  cb_yield           L30-CB1 {'rot': 0.00095}
  t=  24.50  cb_yield           L25-CB2 {'rot': 0.00098}
  t=  28.25  cb_yield           L26-CB2 {'rot': 0.001}
  t=  28.25  cb_yield           L26-CB3 {'rot': 0.001}
  t=  28.37  cb_yield           L27-CB2 {'rot': 0.0013}
  t=  28.37  cb_yield           L27-CB3 {'rot': 0.00144}
  t=  28.37  cb_yield           L28-CB2 {'rot': 0.00099}
  t=  28.37  cb_yield           L28-CB3 {'rot': 0.00118}
  t=  28.37  cb_yield           L29-CB3 {'rot': 0.00096}
  progress t=  30.0s  max corner drift so far=0.0059  wall clock=356s
  progress t=  40.0s  max corner drift so far=0.0059  wall clock=496s
  t=  47.12  cb_failure         L5-CB1 {'rot': 0.01512}
  t=  47.12  cb_failure         L6-CB1 {'rot': 0.0161}
  t=  47.12  cb_failure         L7-CB1 {'rot': 0.01653}
  t=  47.12  cb_failure         L8-CB1 {'rot': 0.0164}
  t=  47.12  cb_failure         L9-CB1 {'rot': 0.01589}
  t=  47.12  cb_failure         L10-CB1 {'rot': 0.01517}
  t=  47.25  cb_failure         L4-CB0 {'rot': 0.01529}
  t=  47.25  cb_failure         L4-CB1 {'rot': 0.01659}
  t=  47.25  cb_failure         L5-CB0 {'rot': 0.01698}
  t=  47.25  cb_failure         L6-CB0 {'rot': 0.0179}
  t=  47.25  cb_failure         L7-CB0 {'rot': 0.01825}
  t=  47.25  cb_failure         L8-CB0 {'rot': 0.0181}
  t=  47.25  cb_failure         L9-CB0 {'rot': 0.01748}
  t=  47.25  cb_failure         L10-CB0 {'rot': 0.01653}
  t=  47.25  cb_failure         L11-CB0 {'rot': 0.01532}
  t=  47.25  cb_failure         L11-CB1 {'rot': 0.01754}
  t=  47.25  cb_failure         L12-CB1 {'rot': 0.01635}
  t=  47.25  cb_failure         L13-CB1 {'rot': 0.01492}
  t=  47.37  cb_failure         L3-CB1 {'rot': 0.01533}
  t=  47.37  cb_failure         L5-CB3 {'rot': 0.01591}
  t=  47.37  cb_failure         L6-CB3 {'rot': 0.01702}
  t=  47.37  cb_failure         L7-CB2 {'rot': 0.01511}
  t=  47.37  cb_failure         L7-CB3 {'rot': 0.01753}
  t=  47.37  cb_failure         L8-CB2 {'rot': 0.01506}
  t=  47.37  cb_failure         L8-CB3 {'rot': 0.0175}
  t=  47.37  cb_failure         L9-CB3 {'rot': 0.01704}
  t=  47.37  cb_failure         L10-CB3 {'rot': 0.0163}
  t=  47.37  cb_failure         L11-CB3 {'rot': 0.01531}
  t=  47.37  cb_failure         L12-CB0 {'rot': 0.01817}
  t=  47.37  cb_failure         L13-CB0 {'rot': 0.01623}
  t=  47.37  cb_failure         L14-CB1 {'rot': 0.0163}
  t=  47.50  cb_failure         L5-CB2 {'rot': 0.01498}
  t=  47.50  cb_failure         L6-CB2 {'rot': 0.01649}
  t=  47.50  cb_failure         L9-CB2 {'rot': 0.01774}
  t=  47.50  cb_failure         L10-CB2 {'rot': 0.0173}
  t=  47.50  cb_failure         L11-CB2 {'rot': 0.0165}
  t=  47.50  cb_failure         L12-CB2 {'rot': 0.01536}
  t=  47.50  cb_failure         L12-CB3 {'rot': 0.01806}
  t=  47.50  cb_failure         L13-CB3 {'rot': 0.01658}
  t=  47.50  cb_failure         L14-CB0 {'rot': 0.01774}
  t=  47.50  cb_failure         L15-CB0 {'rot': 0.01498}
  t=  47.50  cb_failure         L15-CB1 {'rot': 0.01744}
  t=  47.62  cb_failure         L4-CB3 {'rot': 0.01496}
  t=  47.62  cb_failure         L13-CB2 {'rot': 0.01777}
  t=  47.62  cb_failure         L14-CB2 {'rot': 0.01644}
  t=  47.62  cb_failure         L14-CB3 {'rot': 0.01895}
  t=  47.62  cb_failure         L15-CB3 {'rot': 0.01694}
  t=  47.62  cb_failure         L16-CB0 {'rot': 0.01675}
  t=  47.62  cb_failure         L16-CB1 {'rot': 0.01941}
  t=  47.75  cb_failure         L15-CB2 {'rot': 0.01811}
  t=  47.75  cb_failure         L16-CB2 {'rot': 0.01668}
  t=  47.75  cb_failure         L16-CB3 {'rot': 0.01865}
  t=  47.75  cb_failure         L17-CB0 {'rot': 0.01716}
  t=  47.75  cb_failure         L17-CB1 {'rot': 0.01991}
  t=  47.75  cb_failure         L17-CB3 {'rot': 0.01586}
  t=  47.75  cb_failure         L18-CB1 {'rot': 0.01578}
  t=  47.87  cb_failure         L4-CB2 {'rot': 0.0155}
  t=  47.87  cb_failure         L17-CB2 {'rot': 0.01646}
  t=  47.87  cb_failure         L18-CB0 {'rot': 0.01514}
  t=  47.87  cb_failure         L18-CB3 {'rot': 0.01505}
  t=  48.00  cb_failure         L3-CB0 {'rot': 0.0153}
  t=  48.00  cb_failure         L3-CB2 {'rot': 0.01494}
  t=  48.00  cb_failure         L3-CB3 {'rot': 0.01595}
  t=  48.25  cb_failure         L2-CB1 {'rot': 0.01515}
  t=  48.25  cb_failure         L2-CB2 {'rot': 0.01529}
  t=  48.25  cb_failure         L2-CB3 {'rot': 0.01636}
  t=  48.75  cb_failure         L19-CB3 {'rot': 0.01527}
  t=  48.75  cb_yield           L30-CB3 {'rot': 0.00139}
  t=  48.75  cb_yield           L31-CB3 {'rot': 0.00107}
  t=  48.87  cb_failure         L18-CB2 {'rot': 0.015}
  t=  48.87  cb_yield           L29-CB2 {'rot': 0.00118}
  t=  48.87  cb_yield           L32-CB3 {'rot': 0.00141}
  t=  48.87  cb_yield           L33-CB3 {'rot': 0.00108}
  t=  49.00  cb_yield           L30-CB2 {'rot': 0.00102}
  progress t=  50.0s  max corner drift so far=0.0081  wall clock=632s
  progress t=  60.0s  max corner drift so far=0.0081  wall clock=768s
  t=  62.00  cb_failure         L19-CB1 {'rot': 0.01515}
  t=  62.12  cb_yield           L31-CB1 {'rot': 0.00127}
  t=  62.12  cb_yield           L32-CB1 {'rot': 0.001}
  t=  67.50  cb_failure         L20-CB1 {'rot': 0.01591}
  t=  67.62  cb_failure         L20-CB3 {'rot': 0.01528}
  progress t=  70.0s  max corner drift so far=0.0081  wall clock=908s
  t=  74.25  cb_failure         L19-CB0 {'rot': 0.01509}
  t=  74.37  cb_failure         L19-CB2 {'rot': 0.01663}
  t=  74.37  cb_failure         L21-CB1 {'rot': 0.01525}
  t=  79.50  cb_failure         L21-CB3 {'rot': 0.0154}
  t=  79.63  cb_failure         L2-CB0 {'rot': 0.01624}
  progress t=  80.0s  max corner drift so far=0.0081  wall clock=1041s
  progress t=  90.0s  max corner drift so far=0.0081  wall clock=1174s
  t=  91.75  cb_yield           L28-CB0 {'rot': 0.00101}
  t=  91.88  cb_yield           L29-CB0 {'rot': 0.00096}
  t=  96.75  cb_yield           L30-CB0 {'rot': 0.00095}
  t=  96.88  cb_yield           L33-CB1 {'rot': 0.00122}
  t=  97.00  cb_yield           L31-CB0 {'rot': 0.00096}
  progress t= 100.0s  max corner drift so far=0.0081  wall clock=1316s
  progress t= 110.0s  max corner drift so far=0.0081  wall clock=1445s
  progress t= 120.0s  max corner drift so far=0.0081  wall clock=1565s
