  t=   7.75  cb_yield           L1-CB0 {'rot': 0.00088}
  t=   7.75  cb_yield           L2-CB0 {'rot': 0.00093}
  t=   7.75  cb_yield           L3-CB0 {'rot': 0.0009}
  t=   7.75  cb_yield           L4-CB0 {'rot': 0.00085}
  t=   8.25  cb_yield           L3-CB3 {'rot': 0.00086}
  t=   8.25  cb_yield           L4-CB3 {'rot': 0.00088}
  t=   8.25  cb_yield           L5-CB3 {'rot': 0.00088}
  t=   8.25  cb_yield           L6-CB3 {'rot': 0.00086}
  t=   8.38  cb_yield           L2-CB2 {'rot': 0.00092}
  t=   8.38  cb_yield           L2-CB3 {'rot': 0.00088}
  t=   8.38  cb_yield           L3-CB2 {'rot': 0.00099}
  t=   8.38  cb_yield           L4-CB2 {'rot': 0.00103}
  t=   8.38  cb_yield           L5-CB2 {'rot': 0.00103}
  t=   8.38  cb_yield           L6-CB2 {'rot': 0.00102}
  t=   8.38  cb_yield           L7-CB2 {'rot': 0.00099}
  t=   8.38  cb_yield           L7-CB3 {'rot': 0.00098}
  t=   8.38  cb_yield           L8-CB2 {'rot': 0.00094}
  t=   8.38  cb_yield           L8-CB3 {'rot': 0.00092}
  t=   8.38  cb_yield           L9-CB2 {'rot': 0.0009}
  t=   8.38  cb_yield           L9-CB3 {'rot': 0.00087}
  t=   8.38  cb_yield           L10-CB2 {'rot': 0.00086}
  t=   8.50  cb_yield           L1-CB2 {'rot': 0.00095}
  t=   8.50  cb_yield           L10-CB3 {'rot': 0.00093}
  t=   8.50  cb_yield           L11-CB2 {'rot': 0.00107}
  t=   8.50  cb_yield           L11-CB3 {'rot': 0.00088}
  t=   8.50  cb_yield           L12-CB2 {'rot': 0.00099}
  t=   8.50  cb_yield           L13-CB2 {'rot': 0.00092}
  t=   8.50  cb_yield           L14-CB2 {'rot': 0.00086}
  t=   8.63  cb_yield           L12-CB3 {'rot': 0.00093}
  t=   8.63  cb_yield           L13-CB3 {'rot': 0.00089}
  t=   8.63  cb_yield           L15-CB2 {'rot': 0.00094}
  t=   8.63  cb_yield           L16-CB2 {'rot': 0.00085}
  t=   9.88  cb_yield           L5-CB0 {'rot': 0.00091}
  t=   9.88  cb_yield           L6-CB0 {'rot': 0.00088}
  progress t=  10.0s  max corner drift so far=0.0021  wall clock=99s
  t=  11.00  cb_yield           L5-CB1 {'rot': 0.00086}
  t=  11.00  cb_yield           L6-CB1 {'rot': 0.00086}
  t=  11.00  cb_yield           L7-CB0 {'rot': 0.00114}
  t=  11.00  cb_yield           L7-CB1 {'rot': 0.00086}
  t=  11.00  cb_yield           L8-CB0 {'rot': 0.00113}
  t=  11.00  cb_yield           L8-CB1 {'rot': 0.00086}
  t=  11.00  cb_yield           L9-CB0 {'rot': 0.00111}
  t=  11.00  cb_yield           L9-CB1 {'rot': 0.00085}
  t=  11.00  cb_yield           L10-CB0 {'rot': 0.00108}
  t=  11.00  cb_yield           L10-CB1 {'rot': 0.00085}
  t=  11.00  cb_yield           L11-CB0 {'rot': 0.00104}
  t=  11.00  cb_yield           L12-CB0 {'rot': 0.00101}
  t=  11.00  cb_yield           L13-CB0 {'rot': 0.00096}
  t=  11.00  cb_yield           L14-CB0 {'rot': 0.00092}
  t=  11.00  cb_yield           L15-CB0 {'rot': 0.00086}
  t=  11.13  cb_yield           L1-CB1 {'rot': 0.001}
  t=  11.13  cb_yield           L2-CB1 {'rot': 0.00125}
  t=  11.13  cb_yield           L3-CB1 {'rot': 0.00148}
  t=  11.13  cb_yield           L4-CB1 {'rot': 0.00168}
  t=  11.13  cb_yield           L11-CB1 {'rot': 0.00158}
  t=  11.13  cb_yield           L12-CB1 {'rot': 0.00145}
  t=  11.13  cb_yield           L13-CB1 {'rot': 0.00131}
  t=  11.13  cb_yield           L14-CB1 {'rot': 0.00116}
  t=  11.13  cb_yield           L15-CB1 {'rot': 0.00103}
  t=  11.13  cb_yield           L16-CB0 {'rot': 0.001}
  t=  11.13  cb_yield           L16-CB1 {'rot': 0.00091}
  t=  11.25  cb_yield           L17-CB0 {'rot': 0.00103}
  t=  11.38  cb_yield           L17-CB1 {'rot': 0.00102}
  t=  11.38  cb_yield           L18-CB0 {'rot': 0.00095}
  t=  11.50  cb_yield           L18-CB1 {'rot': 0.00101}
  t=  11.50  cb_yield           L19-CB0 {'rot': 0.00106}
  t=  11.63  cb_yield           L20-CB0 {'rot': 0.00102}
  t=  11.63  cb_yield           L21-CB0 {'rot': 0.00095}
  t=  11.88  cb_yield           L1-CB3 {'rot': 0.00106}
  t=  12.38  cb_yield           L14-CB3 {'rot': 0.00087}
  t=  12.38  cb_yield           L15-CB3 {'rot': 0.00085}
  t=  12.38  cb_yield           L19-CB1 {'rot': 0.00102}
  t=  12.38  cb_yield           L20-CB1 {'rot': 0.00098}
  t=  12.38  cb_yield           L21-CB1 {'rot': 0.00094}
  t=  12.50  cb_yield           L16-CB3 {'rot': 0.00097}
  t=  12.50  cb_yield           L17-CB3 {'rot': 0.00096}
  t=  12.63  cb_yield           L22-CB1 {'rot': 0.001}
  t=  12.75  cb_failure         L5-CB1 {'rot': 0.01517}
  t=  12.75  cb_failure         L6-CB1 {'rot': 0.01567}
  t=  12.75  cb_failure         L7-CB1 {'rot': 0.01531}
  t=  12.75  cb_yield           L22-CB0 {'rot': 0.00113}
  t=  12.75  cb_yield           L23-CB0 {'rot': 0.00098}
  t=  12.75  cb_yield           L23-CB1 {'rot': 0.0015}
  t=  12.75  cb_yield           L24-CB1 {'rot': 0.00132}
  t=  12.75  cb_yield           L25-CB1 {'rot': 0.00117}
  t=  12.75  cb_yield           L26-CB1 {'rot': 0.001}
  t=  12.88  cb_failure         L4-CB0 {'rot': 0.01531}
  t=  12.88  cb_failure         L4-CB1 {'rot': 0.01719}
  t=  12.88  cb_failure         L4-CB3 {'rot': 0.01563}
  t=  12.88  cb_failure         L5-CB0 {'rot': 0.01697}
  t=  12.88  cb_failure         L5-CB2 {'rot': 0.01616}
  t=  12.88  cb_failure         L5-CB3 {'rot': 0.01719}
  t=  12.88  cb_failure         L6-CB0 {'rot': 0.01777}
  t=  12.88  cb_failure         L6-CB2 {'rot': 0.0168}
  t=  12.88  cb_failure         L6-CB3 {'rot': 0.01786}
  t=  12.88  cb_failure         L7-CB0 {'rot': 0.01781}
  t=  12.88  cb_failure         L7-CB2 {'rot': 0.01669}
  t=  12.88  cb_failure         L7-CB3 {'rot': 0.01777}
  t=  12.88  cb_failure         L8-CB0 {'rot': 0.01708}
  t=  12.88  cb_failure         L8-CB1 {'rot': 0.01803}
  t=  12.88  cb_failure         L8-CB2 {'rot': 0.01581}
  t=  12.88  cb_failure         L8-CB3 {'rot': 0.01602}
  t=  12.88  cb_failure         L9-CB0 {'rot': 0.01546}
  t=  12.88  cb_failure         L9-CB1 {'rot': 0.01517}
  t=  12.88  cb_yield           L24-CB0 {'rot': 0.00127}
  t=  12.88  cb_yield           L25-CB0 {'rot': 0.00106}
  t=  12.88  cb_yield           L27-CB1 {'rot': 0.00113}
  t=  13.00  cb_failure         L3-CB1 {'rot': 0.01578}
  t=  13.00  cb_failure         L4-CB2 {'rot': 0.01588}
  t=  13.00  cb_failure         L9-CB2 {'rot': 0.01712}
  t=  13.00  cb_failure         L9-CB3 {'rot': 0.01672}
  t=  13.00  cb_failure         L10-CB0 {'rot': 0.01703}
  t=  13.00  cb_failure         L10-CB1 {'rot': 0.01678}
  t=  13.00  cb_failure         L10-CB2 {'rot': 0.01535}
  t=  13.13  cb_failure         L10-CB3 {'rot': 0.01613}
  t=  13.13  cb_failure         L11-CB0 {'rot': 0.01655}
  t=  13.13  cb_failure         L11-CB1 {'rot': 0.01645}
  t=  13.25  cb_yield           L17-CB2 {'rot': 0.0011}
  t=  13.25  cb_yield           L18-CB3 {'rot': 0.00116}
  t=  13.25  cb_yield           L19-CB3 {'rot': 0.001}
  t=  14.88  cb_yield           L18-CB2 {'rot': 0.00127}
  t=  14.88  cb_yield           L19-CB2 {'rot': 0.00109}
  t=  14.88  cb_yield           L20-CB3 {'rot': 0.00107}
  t=  15.00  cb_yield           L20-CB2 {'rot': 0.00136}
  t=  15.00  cb_yield           L21-CB2 {'rot': 0.00116}
  t=  15.00  cb_yield           L21-CB3 {'rot': 0.00141}
  t=  15.00  cb_yield           L22-CB2 {'rot': 0.00097}
  t=  15.00  cb_yield           L22-CB3 {'rot': 0.00122}
  t=  15.00  cb_yield           L23-CB3 {'rot': 0.00107}
  t=  15.13  cb_yield           L23-CB2 {'rot': 0.001}
  t=  15.13  cb_yield           L24-CB3 {'rot': 0.00111}
  t=  15.13  cb_yield           L25-CB3 {'rot': 0.00097}
  t=  17.25  cb_failure         L3-CB0 {'rot': 0.01599}
  t=  17.25  cb_failure         L12-CB0 {'rot': 0.01505}
  t=  17.25  cb_failure         L12-CB1 {'rot': 0.01585}
  t=  17.38  cb_failure         L11-CB3 {'rot': 0.01625}
  t=  17.38  cb_failure         L13-CB0 {'rot': 0.01495}
  t=  17.38  cb_failure         L13-CB1 {'rot': 0.01578}
  t=  17.50  cb_yield           L26-CB0 {'rot': 0.00106}
  t=  17.50  cb_yield           L28-CB1 {'rot': 0.00104}
  t=  17.63  cb_failure         L14-CB1 {'rot': 0.01538}
  t=  17.75  cb_yield           L27-CB0 {'rot': 0.00118}
  t=  17.75  cb_yield           L29-CB1 {'rot': 0.00125}
  t=  17.75  cb_yield           L30-CB1 {'rot': 0.001}
  t=  17.88  cb_yield           L28-CB0 {'rot': 0.00108}
  t=  19.37  cb_yield           L24-CB2 {'rot': 0.00096}
  t=  19.50  cb_yield           L25-CB2 {'rot': 0.00099}
  t=  19.75  cb_yield           L26-CB2 {'rot': 0.00101}
  t=  19.87  cb_yield           L27-CB2 {'rot': 0.00105}
  progress t=  20.0s  max corner drift so far=0.0065  wall clock=240s
  t=  21.62  cb_yield           L29-CB0 {'rot': 0.00095}
  t=  21.62  cb_yield           L31-CB1 {'rot': 0.001}
  t=  23.87  cb_yield           L30-CB0 {'rot': 0.00105}
  t=  28.25  cb_failure         L11-CB2 {'rot': 0.01545}
  t=  28.25  cb_failure         L12-CB3 {'rot': 0.01546}
  t=  28.25  cb_yield           L26-CB3 {'rot': 0.00107}
  t=  28.37  cb_failure         L12-CB2 {'rot': 0.01566}
  t=  28.37  cb_failure         L13-CB3 {'rot': 0.01597}
  t=  28.37  cb_yield           L27-CB3 {'rot': 0.00164}
  t=  28.37  cb_yield           L28-CB2 {'rot': 0.00096}
  t=  28.37  cb_yield           L28-CB3 {'rot': 0.00133}
  t=  28.37  cb_yield           L29-CB3 {'rot': 0.0011}
  t=  28.50  cb_failure         L13-CB2 {'rot': 0.01578}
  t=  28.50  cb_failure         L14-CB3 {'rot': 0.01612}
  t=  28.50  cb_yield           L30-CB3 {'rot': 0.00112}
  t=  28.62  cb_failure         L14-CB2 {'rot': 0.01614}
  t=  28.62  cb_failure         L15-CB3 {'rot': 0.01569}
  t=  28.75  cb_failure         L3-CB3 {'rot': 0.01514}
  t=  28.75  cb_failure         L15-CB1 {'rot': 0.01495}
  t=  28.75  cb_failure         L15-CB2 {'rot': 0.01504}
  t=  28.87  cb_failure         L3-CB2 {'rot': 0.01499}
  progress t=  30.0s  max corner drift so far=0.0079  wall clock=372s
  t=  30.37  cb_yield           L32-CB1 {'rot': 0.00097}
  t=  38.87  cb_yield           L29-CB2 {'rot': 0.00101}
  t=  39.00  cb_yield           L31-CB3 {'rot': 0.00095}
  progress t=  40.0s  max corner drift so far=0.0079  wall clock=508s
  t=  41.62  cb_failure         L14-CB0 {'rot': 0.01691}
  t=  41.62  cb_failure         L15-CB0 {'rot': 0.01523}
  t=  41.62  cb_failure         L16-CB1 {'rot': 0.01627}
  t=  41.75  cb_failure         L2-CB1 {'rot': 0.01546}
  t=  41.87  cb_failure         L2-CB0 {'rot': 0.01819}
  t=  41.87  cb_failure         L2-CB2 {'rot': 0.01493}
  t=  41.87  cb_failure         L2-CB3 {'rot': 0.01747}
  t=  41.87  cb_failure         L16-CB0 {'rot': 0.01507}
  t=  41.87  cb_failure         L16-CB3 {'rot': 0.0154}
  t=  42.00  cb_failure         L1-CB0 {'rot': 0.016}
  t=  42.00  cb_failure         L1-CB1 {'rot': 0.01724}
  t=  42.00  cb_failure         L1-CB3 {'rot': 0.01533}
  t=  42.12  cb_failure         L17-CB1 {'rot': 0.01551}
  t=  42.50  cb_failure         L16-CB2 {'rot': 0.01504}
  t=  42.50  cb_failure         L17-CB0 {'rot': 0.01575}
  t=  42.62  cb_failure         L17-CB3 {'rot': 0.01542}
  t=  42.62  cb_failure         L18-CB1 {'rot': 0.0164}
  t=  45.50  cb_failure         L1-CB2 {'rot': 0.01565}
  t= 45.500  solver fallback: NewtonLineSearch
