  t=   5.60  cb_yield           L3-CB3 {'rot': 0.00087}
  t=   5.60  cb_yield           L4-CB3 {'rot': 0.00089}
  t=   5.60  cb_yield           L5-CB3 {'rot': 0.00089}
  t=   5.60  cb_yield           L6-CB3 {'rot': 0.00087}
  t=   5.60  cb_yield           L7-CB3 {'rot': 0.00085}
  t=   5.65  cb_yield           L2-CB3 {'rot': 0.00091}
  t=   5.65  cb_yield           L3-CB2 {'rot': 0.00085}
  t=   5.65  cb_yield           L4-CB2 {'rot': 0.00086}
  t=   5.65  cb_yield           L5-CB2 {'rot': 0.00086}
  t=   5.65  cb_yield           L6-CB2 {'rot': 0.00085}
  t=   5.65  cb_yield           L8-CB3 {'rot': 0.00091}
  t=   5.65  cb_yield           L9-CB3 {'rot': 0.00087}
  t=   5.70  cb_yield           L2-CB2 {'rot': 0.00086}
  t=   5.70  cb_yield           L7-CB2 {'rot': 0.00088}
  t=   5.70  cb_yield           L8-CB2 {'rot': 0.00086}
  t=   5.70  cb_yield           L10-CB3 {'rot': 0.00089}
  t=   5.75  cb_yield           L11-CB3 {'rot': 0.00086}
  t=   5.80  cb_yield           L1-CB3 {'rot': 0.00086}
  t=   7.65  cb_yield           L1-CB0 {'rot': 0.00087}
  t=   7.65  cb_yield           L2-CB0 {'rot': 0.0009}
  t=   7.65  cb_yield           L3-CB0 {'rot': 0.00086}
  t=   7.70  cb_yield           L4-CB0 {'rot': 0.00095}
  t=   7.70  cb_yield           L5-CB0 {'rot': 0.00088}
  t=   7.75  cb_yield           L1-CB1 {'rot': 0.00086}
  t=   7.75  cb_yield           L6-CB0 {'rot': 0.00089}
  t=   7.80  cb_yield           L2-CB1 {'rot': 0.00086}
  t=   7.80  cb_yield           L7-CB0 {'rot': 0.00085}
  t=   8.25  cb_yield           L9-CB2 {'rot': 0.00087}
  t=   8.30  cb_yield           L1-CB2 {'rot': 0.00091}
  t=   8.30  cb_yield           L10-CB2 {'rot': 0.00093}
  t=   8.30  cb_yield           L11-CB2 {'rot': 0.00087}
  t=   8.35  cb_yield           L12-CB2 {'rot': 0.0009}
  t=   8.35  cb_yield           L13-CB2 {'rot': 0.00085}
  t=   8.40  cb_yield           L12-CB3 {'rot': 0.00085}
  t=   8.40  cb_yield           L14-CB2 {'rot': 0.00087}
  t=   8.45  cb_yield           L13-CB3 {'rot': 0.00087}
  t=   8.45  cb_yield           L15-CB2 {'rot': 0.00092}
  t=   8.45  cb_yield           L16-CB2 {'rot': 0.00086}
  t=   8.50  cb_yield           L14-CB3 {'rot': 0.00092}
  t=   8.50  cb_yield           L15-CB3 {'rot': 0.00087}
  t=   8.50  cb_yield           L17-CB2 {'rot': 0.00095}
  t=   8.55  cb_yield           L16-CB3 {'rot': 0.0009}
  t=   8.55  cb_yield           L18-CB2 {'rot': 0.00095}
  t=   9.80  cb_yield           L8-CB0 {'rot': 0.00101}
  t=   9.80  cb_yield           L9-CB0 {'rot': 0.00092}
  t=   9.80  cb_yield           L10-CB0 {'rot': 0.00085}
  progress t=  10.0s  max corner drift so far=0.0028  wall clock=247s
  t=  10.90  cb_yield           L14-CB0 {'rot': 0.00085}
  t=  10.90  cb_yield           L15-CB0 {'rot': 0.00086}
  t=  10.90  cb_yield           L16-CB0 {'rot': 0.00086}
  t=  10.95  cb_yield           L11-CB0 {'rot': 0.00088}
  t=  10.95  cb_yield           L12-CB0 {'rot': 0.00092}
  t=  10.95  cb_yield           L13-CB0 {'rot': 0.00094}
  t=  10.95  cb_yield           L14-CB1 {'rot': 0.00085}
  t=  10.95  cb_yield           L15-CB1 {'rot': 0.00086}
  t=  10.95  cb_yield           L16-CB1 {'rot': 0.00085}
  t=  10.95  cb_yield           L17-CB0 {'rot': 0.00095}
  t=  11.00  cb_yield           L12-CB1 {'rot': 0.00087}
  t=  11.00  cb_yield           L13-CB1 {'rot': 0.00089}
  t=  11.00  cb_yield           L18-CB0 {'rot': 0.00094}
  t=  11.05  cb_yield           L6-CB1 {'rot': 0.00085}
  t=  11.05  cb_yield           L7-CB1 {'rot': 0.00088}
  t=  11.05  cb_yield           L8-CB1 {'rot': 0.00089}
  t=  11.05  cb_yield           L9-CB1 {'rot': 0.0009}
  t=  11.05  cb_yield           L10-CB1 {'rot': 0.00093}
  t=  11.05  cb_yield           L11-CB1 {'rot': 0.00096}
  t=  11.10  cb_yield           L3-CB1 {'rot': 0.00096}
  t=  11.10  cb_yield           L4-CB1 {'rot': 0.00107}
  t=  11.10  cb_yield           L5-CB1 {'rot': 0.00115}
  t=  11.15  cb_yield           L17-CB1 {'rot': 0.00095}
  t=  11.40  cb_yield           L18-CB1 {'rot': 0.00096}
  t=  11.40  cb_yield           L19-CB0 {'rot': 0.00098}
  t=  11.45  cb_yield           L20-CB0 {'rot': 0.00094}
  t=  11.50  cb_yield           L19-CB1 {'rot': 0.00096}
  t=  11.50  cb_yield           L21-CB0 {'rot': 0.00095}
  t=  11.55  cb_yield           L22-CB0 {'rot': 0.00099}
  t=  11.60  cb_yield           L23-CB0 {'rot': 0.001}
  t=  11.65  cb_yield           L24-CB0 {'rot': 0.00094}
  t=  12.35  cb_yield           L17-CB3 {'rot': 0.00097}
  t=  12.40  cb_yield           L18-CB3 {'rot': 0.001}
  t=  12.40  cb_yield           L19-CB3 {'rot': 0.00095}
  t=  12.40  cb_yield           L20-CB1 {'rot': 0.0011}
  t=  12.40  cb_yield           L21-CB1 {'rot': 0.00102}
  t=  12.40  cb_yield           L22-CB1 {'rot': 0.00095}
  t=  12.45  cb_yield           L20-CB3 {'rot': 0.00095}
  t=  12.50  cb_yield           L23-CB1 {'rot': 0.00097}
  t=  12.55  cb_yield           L21-CB3 {'rot': 0.00096}
  t=  12.55  cb_yield           L24-CB1 {'rot': 0.00094}
  t=  12.60  cb_yield           L25-CB1 {'rot': 0.00094}
  t=  12.65  cb_failure         L5-CB1 {'rot': 0.01616}
  t=  12.65  cb_failure         L6-CB1 {'rot': 0.01676}
  t=  12.65  cb_failure         L6-CB3 {'rot': 0.01511}
  t=  12.65  cb_failure         L7-CB1 {'rot': 0.01655}
  t=  12.65  cb_yield           L19-CB2 {'rot': 0.00097}
  t=  12.65  cb_yield           L26-CB1 {'rot': 0.001}
  t=  12.70  cb_failure         L4-CB0 {'rot': 0.01491}
  t=  12.70  cb_failure         L4-CB1 {'rot': 0.01695}
  t=  12.70  cb_failure         L4-CB2 {'rot': 0.01511}
  t=  12.70  cb_failure         L4-CB3 {'rot': 0.01558}
  t=  12.70  cb_failure         L5-CB0 {'rot': 0.0166}
  t=  12.70  cb_failure         L5-CB2 {'rot': 0.01667}
  t=  12.70  cb_failure         L5-CB3 {'rot': 0.01715}
  t=  12.70  cb_failure         L6-CB0 {'rot': 0.01744}
  t=  12.70  cb_failure         L6-CB2 {'rot': 0.01732}
  t=  12.70  cb_failure         L7-CB0 {'rot': 0.01753}
  t=  12.70  cb_failure         L7-CB2 {'rot': 0.01721}
  t=  12.70  cb_failure         L7-CB3 {'rot': 0.01777}
  t=  12.70  cb_failure         L8-CB0 {'rot': 0.01687}
  t=  12.70  cb_failure         L8-CB1 {'rot': 0.01787}
  t=  12.70  cb_failure         L8-CB2 {'rot': 0.01635}
  t=  12.70  cb_failure         L8-CB3 {'rot': 0.01581}
  t=  12.70  cb_failure         L9-CB0 {'rot': 0.01542}
  t=  12.70  cb_failure         L9-CB1 {'rot': 0.01485}
  t=  12.70  cb_yield           L27-CB1 {'rot': 0.00107}
  t=  12.70  cb_yield           L28-CB1 {'rot': 0.00096}
  t=  12.75  cb_failure         L3-CB1 {'rot': 0.01564}
  t=  12.75  cb_failure         L9-CB2 {'rot': 0.01758}
  t=  12.75  cb_failure         L9-CB3 {'rot': 0.01616}
  t=  12.75  cb_failure         L10-CB0 {'rot': 0.01628}
  t=  12.75  cb_failure         L10-CB1 {'rot': 0.01533}
  t=  12.75  cb_failure         L10-CB2 {'rot': 0.01543}
  t=  12.75  cb_yield           L25-CB0 {'rot': 0.00109}
  t=  12.75  cb_yield           L29-CB1 {'rot': 0.00094}
  t=  12.80  cb_failure         L3-CB0 {'rot': 0.01504}
  t=  12.80  cb_failure         L3-CB2 {'rot': 0.01517}
  t=  12.80  cb_failure         L3-CB3 {'rot': 0.01598}
  t=  12.80  cb_failure         L10-CB3 {'rot': 0.01616}
  t=  12.80  cb_failure         L11-CB0 {'rot': 0.01638}
  t=  12.80  cb_failure         L11-CB1 {'rot': 0.01528}
  t=  12.80  cb_failure         L11-CB2 {'rot': 0.01537}
  t=  12.80  cb_yield           L26-CB0 {'rot': 0.00109}
  t=  12.85  cb_failure         L11-CB3 {'rot': 0.01581}
  t=  12.85  cb_failure         L12-CB0 {'rot': 0.01585}
  t=  12.85  cb_failure         L12-CB1 {'rot': 0.01489}
  t=  12.90  cb_failure         L2-CB1 {'rot': 0.01593}
  t=  12.90  cb_failure         L12-CB2 {'rot': 0.01711}
  t=  12.90  cb_failure         L12-CB3 {'rot': 0.01554}
  t=  12.90  cb_failure         L13-CB0 {'rot': 0.01501}
  t=  12.95  cb_failure         L2-CB0 {'rot': 0.01485}
  t=  12.95  cb_failure         L2-CB3 {'rot': 0.01564}
  t=  12.95  cb_failure         L13-CB1 {'rot': 0.0177}
  t=  12.95  cb_failure         L13-CB2 {'rot': 0.0162}
  t=  12.95  cb_failure         L13-CB3 {'rot': 0.01516}
  t=  13.00  cb_failure         L2-CB2 {'rot': 0.01516}
  t=  13.00  cb_failure         L14-CB0 {'rot': 0.01652}
  t=  13.00  cb_failure         L14-CB1 {'rot': 0.01683}
  t=  13.05  cb_failure         L14-CB2 {'rot': 0.01651}
  t=  13.05  cb_failure         L14-CB3 {'rot': 0.01603}
  t=  13.05  cb_failure         L15-CB1 {'rot': 0.01499}
  t=  13.10  cb_failure         L15-CB0 {'rot': 0.01609}
  t=  13.15  cb_failure         L15-CB2 {'rot': 0.0154}
  t=  13.15  cb_failure         L15-CB3 {'rot': 0.01508}
  t=  13.45  cb_yield           L20-CB2 {'rot': 0.00096}
  t=  13.65  cb_yield           L22-CB3 {'rot': 0.00099}
  t=  13.70  cb_yield           L21-CB2 {'rot': 0.00102}
  t=  13.70  cb_yield           L23-CB3 {'rot': 0.00097}
  t=  15.00  cb_yield           L22-CB2 {'rot': 0.00113}
  t=  15.00  cb_yield           L24-CB3 {'rot': 0.00095}
  t=  15.05  cb_yield           L23-CB2 {'rot': 0.0011}
  t=  15.05  cb_yield           L25-CB3 {'rot': 0.00098}
  t=  15.10  cb_yield           L24-CB2 {'rot': 0.00103}
  t=  15.10  cb_yield           L26-CB3 {'rot': 0.00098}
  t=  17.50  cb_yield           L27-CB0 {'rot': 0.00115}
  t=  17.55  cb_yield           L28-CB0 {'rot': 0.00108}
  t=  17.55  cb_yield           L30-CB1 {'rot': 0.00099}
  t=  17.60  cb_failure         L16-CB1 {'rot': 0.01534}
  t=  17.65  cb_failure         L16-CB0 {'rot': 0.01498}
  t=  17.65  cb_yield           L29-CB0 {'rot': 0.00094}
  t=  17.70  cb_yield           L31-CB1 {'rot': 0.00098}
  t=  17.90  cb_yield           L32-CB1 {'rot': 0.00095}
  t=  18.60  cb_yield           L27-CB3 {'rot': 0.00097}
  t=  19.30  cb_yield           L25-CB2 {'rot': 0.00117}
  t=  19.30  cb_yield           L26-CB2 {'rot': 0.00095}
  t=  19.35  cb_yield           L27-CB2 {'rot': 0.00097}
  t=  19.35  cb_yield           L28-CB3 {'rot': 0.00107}
  t=  19.40  cb_yield           L29-CB3 {'rot': 0.00094}
  t=  19.45  cb_yield           L28-CB2 {'rot': 0.00104}
  t=  19.65  cb_yield           L29-CB2 {'rot': 0.00094}
  t=  19.80  cb_yield           L30-CB2 {'rot': 0.00104}
  progress t=  20.0s  max corner drift so far=0.0070  wall clock=519s
  t=  21.50  cb_yield           L30-CB0 {'rot': 0.00094}
  t=  24.85  cb_failure         L16-CB2 {'rot': 0.01495}
  t=  28.50  cb_yield           L30-CB3 {'rot': 0.00107}
  t=  28.55  cb_failure         L16-CB3 {'rot': 0.01499}
  t=  28.55  cb_yield           L31-CB3 {'rot': 0.00097}
  progress t=  30.0s  max corner drift so far=0.0108  wall clock=784s
  t=  35.45  cb_failure         L17-CB1 {'rot': 0.01517}
  t=  35.60  cb_failure         L17-CB0 {'rot': 0.01542}
  t=  35.60  cb_failure         L18-CB1 {'rot': 0.01514}
  t=  35.65  cb_failure         L17-CB3 {'rot': 0.01496}
  progress t=  40.0s  max corner drift so far=0.0141  wall clock=1061s
  t=  41.75  cb_failure         L18-CB0 {'rot': 0.01544}
  t=  41.75  cb_failure         L19-CB1 {'rot': 0.01515}
  t=  41.80  cb_failure         L17-CB2 {'rot': 0.01513}
  t=  41.80  cb_failure         L18-CB3 {'rot': 0.01552}
  t=  41.85  cb_failure         L1-CB1 {'rot': 0.0158}
  t=  41.90  cb_failure         L1-CB0 {'rot': 0.01538}
  t=  41.90  cb_failure         L19-CB0 {'rot': 0.01527}
  t=  41.90  cb_failure         L20-CB1 {'rot': 0.01531}
  t=  41.95  cb_failure         L1-CB3 {'rot': 0.01489}
  t=  41.95  cb_failure         L19-CB3 {'rot': 0.01608}
  t=  42.00  cb_failure         L18-CB2 {'rot': 0.0159}
  t=  42.05  cb_failure         L20-CB0 {'rot': 0.01622}
  t=  42.05  cb_failure         L20-CB3 {'rot': 0.01777}
  t=  42.05  cb_failure         L21-CB1 {'rot': 0.01887}
  t=  42.09  wall_axial_failure S1-F {'gamma': 0.00104, 'eps': -0.00607, 'cause': 'crushing'}
  t=  42.10  cb_failure         L19-CB2 {'rot': 0.01624}
  t=  42.10  cb_failure         L21-CB3 {'rot': 0.01698}
  t=  42.10  cb_failure         L22-CB1 {'rot': 0.01743}
  t=  42.15  cb_failure         L1-CB2 {'rot': 0.01504}
  t=  42.15  cb_failure         L20-CB2 {'rot': 0.01559}
  t=  42.15  cb_failure         L21-CB0 {'rot': 0.01712}
  t=  42.15  cb_failure         L22-CB3 {'rot': 0.01756}
  t=  42.15  cb_failure         L23-CB1 {'rot': 0.01571}
  t= 42.190  solver fallback: Newton
  t=  42.20  wall_flexure_strength_loss S25-F {'rot_x': 6e-05, 'rot_y': 0.11417}
  t=  42.20  wall_axial_failure S25-F {'rot_x': 6e-05, 'b_x': 0.0134, 'rot_y': 0.11417, 'b_y': 0.0126, 'cause': 'flexure-compression (ASCE 41 b)'}
  t=  42.20  wall_flexure_strength_loss S26-F {'rot_x': 0.00013, 'rot_y': 0.0241}
  t=  42.20  wall_axial_failure S26-F {'rot_x': 0.00013, 'b_x': 0.014, 'rot_y': 0.0241, 'b_y': 0.0126, 'cause': 'flexure-compression (ASCE 41 b)'}
  t=  42.20  cb_failure         L23-CB3 {'rot': 0.0238}
  t=  42.20  cb_failure         L25-CB1 {'rot': 0.34805}
  t=  42.20  cb_failure         L25-CB3 {'rot': 0.33872}
  t= 42.200  solver fallback: NewtonLineSearch
