  t=   5.63  cb_yield           L2-CB3 {'rot': 0.00086}
  t=   5.63  cb_yield           L3-CB3 {'rot': 0.0009}
  t=   5.63  cb_yield           L4-CB3 {'rot': 0.00092}
  t=   5.63  cb_yield           L5-CB3 {'rot': 0.00092}
  t=   5.63  cb_yield           L6-CB3 {'rot': 0.0009}
  t=   5.63  cb_yield           L7-CB3 {'rot': 0.00087}
  t=   5.63  cb_yield           L8-CB3 {'rot': 0.00085}
  t=   5.75  cb_yield           L2-CB2 {'rot': 0.00089}
  t=   5.75  cb_yield           L3-CB2 {'rot': 0.00092}
  t=   5.75  cb_yield           L4-CB2 {'rot': 0.00094}
  t=   5.75  cb_yield           L5-CB2 {'rot': 0.00094}
  t=   5.75  cb_yield           L6-CB2 {'rot': 0.00093}
  t=   5.75  cb_yield           L7-CB2 {'rot': 0.00091}
  t=   5.75  cb_yield           L8-CB2 {'rot': 0.00088}
  t=   5.75  cb_yield           L9-CB3 {'rot': 0.00096}
  t=   5.75  cb_yield           L10-CB3 {'rot': 0.00091}
  t=   5.75  cb_yield           L11-CB3 {'rot': 0.00086}
  t=   5.88  cb_yield           L1-CB3 {'rot': 0.00088}
  t=   7.75  cb_yield           L1-CB0 {'rot': 0.00115}
  t=   7.75  cb_yield           L1-CB1 {'rot': 0.00085}
  t=   7.75  cb_yield           L2-CB0 {'rot': 0.00123}
  t=   7.75  cb_yield           L3-CB0 {'rot': 0.00119}
  t=   7.75  cb_yield           L4-CB0 {'rot': 0.00109}
  t=   7.75  cb_yield           L5-CB0 {'rot': 0.00097}
  t=   7.75  cb_yield           L6-CB0 {'rot': 0.00087}
  t=   7.88  cb_yield           L2-CB1 {'rot': 0.00087}
  t=   7.88  cb_yield           L7-CB0 {'rot': 0.00086}
  t=   8.25  cb_yield           L9-CB2 {'rot': 0.00086}
  t=   8.38  cb_yield           L1-CB2 {'rot': 0.00102}
  t=   8.38  cb_yield           L10-CB2 {'rot': 0.00112}
  t=   8.38  cb_yield           L11-CB2 {'rot': 0.00103}
  t=   8.38  cb_yield           L12-CB2 {'rot': 0.00095}
  t=   8.38  cb_yield           L13-CB2 {'rot': 0.00089}
  t=   8.50  cb_yield           L12-CB3 {'rot': 0.00101}
  t=   8.50  cb_yield           L13-CB3 {'rot': 0.00095}
  t=   8.50  cb_yield           L14-CB2 {'rot': 0.00116}
  t=   8.50  cb_yield           L14-CB3 {'rot': 0.00089}
  t=   8.50  cb_yield           L15-CB2 {'rot': 0.00106}
  t=   8.50  cb_yield           L15-CB3 {'rot': 0.00085}
  t=   8.50  cb_yield           L16-CB2 {'rot': 0.00097}
  t=   8.50  cb_yield           L17-CB2 {'rot': 0.00095}
  t=   8.63  cb_yield           L16-CB3 {'rot': 0.00093}
  t=   8.63  cb_yield           L18-CB2 {'rot': 0.001}
  t=   9.88  cb_yield           L8-CB0 {'rot': 0.00111}
  t=   9.88  cb_yield           L9-CB0 {'rot': 0.00101}
  t=   9.88  cb_yield           L10-CB0 {'rot': 0.00092}
  progress t=  10.0s  max corner drift so far=0.0028  wall clock=109s
  t=  11.00  cb_yield           L11-CB0 {'rot': 0.00118}
  t=  11.00  cb_yield           L12-CB0 {'rot': 0.00118}
  t=  11.00  cb_yield           L12-CB1 {'rot': 0.00085}
  t=  11.00  cb_yield           L13-CB0 {'rot': 0.00118}
  t=  11.00  cb_yield           L13-CB1 {'rot': 0.00088}
  t=  11.00  cb_yield           L14-CB0 {'rot': 0.00115}
  t=  11.00  cb_yield           L14-CB1 {'rot': 0.00089}
  t=  11.00  cb_yield           L15-CB0 {'rot': 0.00112}
  t=  11.00  cb_yield           L15-CB1 {'rot': 0.00089}
  t=  11.00  cb_yield           L16-CB0 {'rot': 0.00106}
  t=  11.00  cb_yield           L16-CB1 {'rot': 0.00087}
  t=  11.00  cb_yield           L17-CB0 {'rot': 0.00103}
  t=  11.00  cb_yield           L18-CB0 {'rot': 0.00095}
  t=  11.13  cb_yield           L3-CB1 {'rot': 0.00109}
  t=  11.13  cb_yield           L4-CB1 {'rot': 0.00123}
  t=  11.13  cb_yield           L5-CB1 {'rot': 0.00135}
  t=  11.13  cb_yield           L6-CB1 {'rot': 0.00144}
  t=  11.13  cb_yield           L7-CB1 {'rot': 0.0015}
  t=  11.13  cb_yield           L8-CB1 {'rot': 0.00151}
  t=  11.13  cb_yield           L9-CB1 {'rot': 0.00149}
  t=  11.13  cb_yield           L10-CB1 {'rot': 0.00148}
  t=  11.13  cb_yield           L11-CB1 {'rot': 0.00145}
  t=  11.25  cb_yield           L17-CB1 {'rot': 0.00104}
  t=  11.50  cb_yield           L18-CB1 {'rot': 0.00109}
  t=  11.50  cb_yield           L19-CB0 {'rot': 0.00132}
  t=  11.50  cb_yield           L19-CB1 {'rot': 0.00095}
  t=  11.50  cb_yield           L20-CB0 {'rot': 0.0011}
  t=  11.63  cb_yield           L21-CB0 {'rot': 0.0013}
  t=  11.63  cb_yield           L22-CB0 {'rot': 0.00115}
  t=  11.63  cb_yield           L23-CB0 {'rot': 0.00102}
  t=  12.38  cb_yield           L17-CB3 {'rot': 0.00102}
  t=  12.38  cb_yield           L18-CB3 {'rot': 0.00096}
  t=  12.38  cb_yield           L20-CB1 {'rot': 0.00098}
  t=  12.38  cb_yield           L21-CB1 {'rot': 0.00095}
  t=  12.50  cb_yield           L19-CB3 {'rot': 0.00106}
  t=  12.50  cb_yield           L20-CB3 {'rot': 0.00099}
  t=  12.50  cb_yield           L22-CB1 {'rot': 0.0011}
  t=  12.50  cb_yield           L23-CB1 {'rot': 0.00098}
  t= 12.575  solver fallback: ModifiedNewton
  t=  12.63  cb_yield           L24-CB1 {'rot': 0.00103}
  t=  12.63  cb_yield           L25-CB1 {'rot': 0.00095}
  t=  12.75  cb_failure         L3-CB1 {'rot': 0.01486}
  t=  12.75  cb_failure         L4-CB0 {'rot': 0.01569}
  t=  12.75  cb_failure         L4-CB1 {'rot': 0.01811}
  t=  12.75  cb_failure         L4-CB2 {'rot': 0.01591}
  t=  12.75  cb_failure         L4-CB3 {'rot': 0.01674}
  t=  12.75  cb_failure         L5-CB0 {'rot': 0.01759}
  t=  12.75  cb_failure         L5-CB1 {'rot': 0.02016}
  t=  12.75  cb_failure         L5-CB2 {'rot': 0.01771}
  t=  12.75  cb_failure         L5-CB3 {'rot': 0.01859}
  t=  12.75  cb_failure         L6-CB0 {'rot': 0.01858}
  t=  12.75  cb_failure         L6-CB1 {'rot': 0.02117}
  t=  12.75  cb_failure         L6-CB2 {'rot': 0.01853}
  t=  12.75  cb_failure         L6-CB3 {'rot': 0.01945}
  t=  12.75  cb_failure         L7-CB0 {'rot': 0.0188}
  t=  12.75  cb_failure         L7-CB1 {'rot': 0.02138}
  t=  12.75  cb_failure         L7-CB2 {'rot': 0.01856}
  t=  12.75  cb_failure         L7-CB3 {'rot': 0.01953}
  t=  12.75  cb_failure         L8-CB0 {'rot': 0.01827}
  t=  12.75  cb_failure         L8-CB1 {'rot': 0.01977}
  t=  12.75  cb_failure         L8-CB2 {'rot': 0.01783}
  t=  12.75  cb_failure         L8-CB3 {'rot': 0.01778}
  t=  12.75  cb_failure         L9-CB0 {'rot': 0.01692}
  t=  12.75  cb_failure         L9-CB1 {'rot': 0.01696}
  t=  12.75  cb_failure         L9-CB2 {'rot': 0.01628}
  t=  12.75  cb_failure         L9-CB3 {'rot': 0.01486}
  t=  12.75  cb_yield           L21-CB3 {'rot': 0.00099}
  t=  12.75  cb_yield           L24-CB0 {'rot': 0.00112}
  t=  12.75  cb_yield           L25-CB0 {'rot': 0.00098}
  t=  12.75  cb_yield           L26-CB1 {'rot': 0.00139}
  t=  12.75  cb_yield           L27-CB1 {'rot': 0.00122}
  t=  12.75  cb_yield           L28-CB1 {'rot': 0.00106}
  t=  12.88  cb_failure         L3-CB0 {'rot': 0.01645}
  t=  12.88  cb_failure         L3-CB2 {'rot': 0.01651}
  t=  12.88  cb_failure         L3-CB3 {'rot': 0.01732}
  t=  12.88  cb_failure         L10-CB0 {'rot': 0.02086}
  t=  12.88  cb_failure         L10-CB1 {'rot': 0.0207}
  t=  12.88  cb_failure         L10-CB2 {'rot': 0.02002}
  t=  12.88  cb_failure         L10-CB3 {'rot': 0.01847}
  t=  12.88  cb_failure         L11-CB0 {'rot': 0.01883}
  t=  12.88  cb_failure         L11-CB1 {'rot': 0.01824}
  t=  12.88  cb_failure         L11-CB2 {'rot': 0.01781}
  t=  12.88  cb_failure         L11-CB3 {'rot': 0.01597}
  t=  12.88  cb_failure         L12-CB0 {'rot': 0.01587}
  t=  12.88  cb_failure         L12-CB1 {'rot': 0.01496}
  t=  12.88  cb_yield           L26-CB0 {'rot': 0.00113}
  t=  12.88  cb_yield           L29-CB1 {'rot': 0.00105}
  t=  13.00  cb_failure         L2-CB0 {'rot': 0.01487}
  t=  13.00  cb_failure         L2-CB1 {'rot': 0.01704}
  t=  13.00  cb_failure         L2-CB3 {'rot': 0.01557}
  t=  13.00  cb_failure         L12-CB2 {'rot': 0.01957}
  t=  13.00  cb_failure         L12-CB3 {'rot': 0.01849}
  t=  13.00  cb_failure         L13-CB0 {'rot': 0.01831}
  t=  13.00  cb_failure         L13-CB1 {'rot': 0.01846}
  t=  13.00  cb_failure         L13-CB2 {'rot': 0.01673}
  t=  13.00  cb_failure         L13-CB3 {'rot': 0.01591}
  t=  13.00  cb_failure         L14-CB1 {'rot': 0.01497}
  t=  13.13  cb_failure         L14-CB0 {'rot': 0.01869}
  t=  13.13  cb_failure         L14-CB2 {'rot': 0.01697}
  t=  13.13  cb_failure         L14-CB3 {'rot': 0.01669}
  t=  13.13  cb_failure         L15-CB0 {'rot': 0.01503}
  t=  13.13  cb_failure         L15-CB1 {'rot': 0.01566}
  t=  13.13  cb_yield           L19-CB2 {'rot': 0.001}
  t=  13.63  cb_yield           L20-CB2 {'rot': 0.00102}
  t=  13.75  cb_yield           L22-CB3 {'rot': 0.00105}
  t=  13.75  cb_yield           L23-CB3 {'rot': 0.00096}
  t=  13.88  cb_yield           L21-CB2 {'rot': 0.00095}
  t=  15.00  cb_yield           L22-CB2 {'rot': 0.00117}
  t=  15.00  cb_yield           L23-CB2 {'rot': 0.00094}
  t=  15.00  cb_yield           L24-CB3 {'rot': 0.00095}
  t=  15.13  cb_yield           L24-CB2 {'rot': 0.00108}
  t=  15.13  cb_yield           L25-CB3 {'rot': 0.0012}
  t=  15.13  cb_yield           L26-CB3 {'rot': 0.00101}
  t=  17.50  cb_yield           L27-CB0 {'rot': 0.00113}
  t=  17.63  cb_failure         L16-CB1 {'rot': 0.01486}
  t=  17.63  cb_yield           L28-CB0 {'rot': 0.00122}
  t=  17.63  cb_yield           L30-CB1 {'rot': 0.00112}
  t= 17.650  solver fallback: Newton
  t=  17.75  cb_yield           L29-CB0 {'rot': 0.00095}
  t=  17.75  cb_yield           L31-CB1 {'rot': 0.00101}
  t=  18.63  cb_yield           L27-CB3 {'rot': 0.00095}
  t=  19.37  cb_yield           L25-CB2 {'rot': 0.00171}
  t=  19.37  cb_yield           L26-CB2 {'rot': 0.00136}
  t=  19.37  cb_yield           L27-CB2 {'rot': 0.00105}
  t=  19.37  cb_yield           L28-CB3 {'rot': 0.00108}
  t=  19.50  cb_yield           L28-CB2 {'rot': 0.00101}
  t=  19.75  cb_yield           L29-CB2 {'rot': 0.00116}
  t=  19.87  cb_yield           L29-CB3 {'rot': 0.00099}
  t=  19.87  cb_yield           L30-CB2 {'rot': 0.00105}
  progress t=  20.0s  max corner drift so far=0.0072  wall clock=279s
  t=  21.62  cb_yield           L30-CB0 {'rot': 0.00101}
  t=  24.87  cb_failure         L15-CB2 {'rot': 0.01595}
  t=  24.87  cb_failure         L15-CB3 {'rot': 0.01493}
  t=  28.50  cb_yield           L30-CB3 {'rot': 0.00105}
  t=  28.62  cb_failure         L16-CB3 {'rot': 0.0149}
  t=  28.62  cb_yield           L31-CB3 {'rot': 0.001}
  t=  28.87  cb_failure         L16-CB2 {'rot': 0.01529}
  t=  29.25  cb_failure         L2-CB2 {'rot': 0.01492}
  progress t=  30.0s  max corner drift so far=0.0109  wall clock=415s
  t=  30.37  cb_yield           L32-CB1 {'rot': 0.00095}
  t=  35.50  cb_failure         L16-CB0 {'rot': 0.0163}
  t=  35.50  cb_failure         L17-CB1 {'rot': 0.01578}
  t=  35.62  cb_failure         L17-CB0 {'rot': 0.0153}
  t=  35.62  cb_failure         L18-CB1 {'rot': 0.01507}
  progress t=  40.0s  max corner drift so far=0.0139  wall clock=557s
  t=  41.75  cb_failure         L17-CB3 {'rot': 0.01666}
  t=  41.87  cb_failure         L1-CB1 {'rot': 0.01612}
  t=  41.87  cb_failure         L17-CB2 {'rot': 0.01564}
  t=  41.87  cb_failure         L18-CB0 {'rot': 0.01765}
  t=  41.87  cb_failure         L18-CB3 {'rot': 0.01667}
  t=  41.87  cb_failure         L19-CB1 {'rot': 0.0178}
  t=  42.00  cb_failure         L1-CB0 {'rot': 0.01793}
  t=  42.00  cb_failure         L1-CB3 {'rot': 0.0162}
  t=  42.00  cb_failure         L18-CB2 {'rot': 0.01547}
  t=  42.00  cb_failure         L19-CB0 {'rot': 0.01753}
  t=  42.00  cb_failure         L19-CB3 {'rot': 0.01732}
  t=  42.00  cb_failure         L20-CB1 {'rot': 0.0186}
  t=  42.10  wall_axial_failure S1-F {'gamma': 0.00102, 'eps': -0.00629, 'cause': 'crushing'}
  t=  42.12  cb_failure         L19-CB2 {'rot': 0.01674}
  t=  42.12  cb_failure         L20-CB0 {'rot': 0.01908}
  t=  42.12  cb_failure         L20-CB3 {'rot': 0.02119}
  t=  42.12  cb_failure         L21-CB0 {'rot': 0.01545}
  t=  42.12  cb_failure         L21-CB1 {'rot': 0.02287}
  t=  42.12  cb_failure         L21-CB3 {'rot': 0.01758}
  t=  42.12  cb_failure         L22-CB1 {'rot': 0.01803}
  t=  42.25  cb_failure         L1-CB2 {'rot': 0.01559}
  t=  42.25  cb_failure         L20-CB2 {'rot': 0.01826}
  t=  42.25  cb_failure         L21-CB2 {'rot': 0.01574}
  t=  42.25  cb_failure         L22-CB0 {'rot': 0.01699}
  t=  42.25  cb_failure         L22-CB3 {'rot': 0.04354}
  t=  42.25  cb_failure         L23-CB1 {'rot': 0.03904}
  t=  42.25  cb_failure         L23-CB3 {'rot': 0.03499}
  t=  42.25  cb_failure         L24-CB1 {'rot': 0.02843}
  t=  42.25  cb_failure         L24-CB3 {'rot': 0.02588}
  t=  42.25  cb_failure         L25-CB1 {'rot': 0.01579}
  t=  42.25  cb_yield           L32-CB3 {'rot': 0.00094}
  t= 42.250  solver fallback: 4 sub-steps
  t=  42.37  cb_failure         L22-CB2 {'rot': 0.01506}
  t=  42.37  cb_failure         L23-CB0 {'rot': 0.01643}
  t=  42.37  cb_failure         L25-CB3 {'rot': 0.03714}
  t=  42.37  cb_failure         L26-CB1 {'rot': 0.0299}
  t=  42.37  cb_failure         L26-CB3 {'rot': 0.02801}
  t=  42.37  cb_failure         L27-CB1 {'rot': 0.02056}
  t=  42.37  cb_failure         L27-CB3 {'rot': 0.0197}
  t=  42.37  cb_yield           L33-CB1 {'rot': 0.00166}
  t=  42.37  cb_yield           L33-CB3 {'rot': 0.00212}
  t=  42.50  wall_flexure_strength_loss S33-F {'rot_x': 0.0, 'rot_y': 0.00781}
  t=  42.50  cb_failure         L28-CB1 {'rot': 0.03776}
  t=  42.50  cb_failure         L28-CB3 {'rot': 0.03741}
  t=  42.50  cb_failure         L29-CB1 {'rot': 0.03727}
  t=  42.50  cb_failure         L29-CB3 {'rot': 0.0371}
  t=  42.50  cb_failure         L30-CB1 {'rot': 0.03585}
  t=  42.50  cb_failure         L30-CB3 {'rot': 0.03619}
  t=  42.50  cb_failure         L31-CB1 {'rot': 0.03486}
  t=  42.50  cb_failure         L31-CB3 {'rot': 0.03567}
  t=  42.50  cb_failure         L32-CB1 {'rot': 0.03383}
  t=  42.50  cb_failure         L32-CB3 {'rot': 0.03469}
  t=  42.75  cb_failure         L33-CB1 {'rot': 0.01626}
  t=  42.75  cb_failure         L33-CB3 {'rot': 0.01549}
  t=  43.12  cb_yield           L31-CB0 {'rot': 0.00114}
  t=  45.12  cb_yield           L31-CB2 {'rot': 0.00101}
  t=  45.37  cb_yield           L32-CB2 {'rot': 0.00104}
  t=  45.75  cb_yield           L33-CB2 {'rot': 0.00106}
  t=  45.87  wall_flexure_strength_loss S1-M {'rot_x': 0.0, 'rot_y': 0.00436}
  t= 47.800  solver fallback: NewtonLineSearch
