  t=   2.37  cb_yield           L18-CB3 {'rot': 0.00027}
  t=   2.37  cb_yield           L19-CB3 {'rot': 0.00028}
  t=   2.37  cb_yield           L20-CB3 {'rot': 0.00028}
  t=   2.37  cb_yield           L21-CB3 {'rot': 0.00028}
  t=   2.37  cb_yield           L22-CB3 {'rot': 0.00028}
  t=   2.37  cb_yield           L23-CB3 {'rot': 0.00028}
  t=   2.37  cb_yield           L24-CB3 {'rot': 0.00027}
  t=   2.50  cb_yield           L25-CB3 {'rot': 0.00027}
  t=   3.50  cb_yield           L3-CB2 {'rot': 0.00024}
  t=   3.50  cb_yield           L4-CB2 {'rot': 0.00025}
  t=   3.50  cb_yield           L4-CB3 {'rot': 0.00024}
  t=   3.50  cb_yield           L5-CB2 {'rot': 0.00025}
  t=   3.50  cb_yield           L5-CB3 {'rot': 0.00024}
  t=   3.50  cb_yield           L6-CB3 {'rot': 0.00024}
  t=   3.62  cb_yield           L2-CB2 {'rot': 0.00027}
  t=   3.62  cb_yield           L2-CB3 {'rot': 0.00024}
  t=   3.62  cb_yield           L3-CB3 {'rot': 0.00025}
  t=   3.62  cb_yield           L6-CB2 {'rot': 0.00026}
  t=   3.62  cb_yield           L7-CB2 {'rot': 0.00025}
  t=   3.62  cb_yield           L7-CB3 {'rot': 0.00026}
  t=   3.62  cb_yield           L8-CB3 {'rot': 0.00025}
  t=   3.75  cb_yield           L1-CB2 {'rot': 0.00025}
  t=   3.75  cb_yield           L9-CB3 {'rot': 0.00024}
  t=   3.87  cb_yield           L1-CB3 {'rot': 0.00025}
  t=   4.25  cb_yield           L1-CB0 {'rot': 0.00028}
  t=   4.25  cb_yield           L1-CB1 {'rot': 0.00028}
  t=   4.25  cb_yield           L2-CB0 {'rot': 0.00028}
  t=   4.25  cb_yield           L2-CB1 {'rot': 0.00027}
  t=   4.25  cb_yield           L3-CB0 {'rot': 0.00025}
  t=   4.37  cb_yield           L3-CB1 {'rot': 0.00032}
  t=   4.37  cb_yield           L4-CB0 {'rot': 0.00031}
  t=   4.37  cb_yield           L4-CB1 {'rot': 0.00031}
  t=   4.37  cb_yield           L5-CB0 {'rot': 0.00028}
  t=   4.37  cb_yield           L5-CB1 {'rot': 0.00028}
  t=   4.37  cb_yield           L6-CB0 {'rot': 0.00024}
  t=   4.37  cb_yield           L6-CB1 {'rot': 0.00025}
  t=   4.50  cb_yield           L7-CB0 {'rot': 0.00025}
  t=   4.50  cb_yield           L7-CB1 {'rot': 0.00029}
  t=   4.50  cb_yield           L8-CB1 {'rot': 0.00026}
  t=   4.62  cb_yield           L8-CB0 {'rot': 0.00024}
  t=   4.62  cb_yield           L9-CB1 {'rot': 0.00027}
  t=   4.75  cb_yield           L9-CB0 {'rot': 0.00027}
  t=   4.75  cb_yield           L10-CB0 {'rot': 0.00024}
  t=   4.75  cb_yield           L10-CB1 {'rot': 0.00028}
  t=   4.75  cb_yield           L11-CB1 {'rot': 0.00024}
  t=   4.88  cb_yield           L11-CB0 {'rot': 0.00026}
  t=   4.88  cb_yield           L12-CB0 {'rot': 0.00024}
  t=   4.88  cb_yield           L12-CB1 {'rot': 0.00027}
  t=   4.88  cb_yield           L13-CB1 {'rot': 0.00024}
  t=   5.00  cb_yield           L13-CB0 {'rot': 0.00027}
  t=   5.00  cb_yield           L14-CB0 {'rot': 0.00024}
  t=   5.00  cb_yield           L14-CB1 {'rot': 0.00026}
  t=   5.00  cb_yield           L14-CB3 {'rot': 0.00024}
  t=   5.13  cb_yield           L12-CB3 {'rot': 0.00025}
  t=   5.13  cb_yield           L13-CB3 {'rot': 0.00026}
  t=   5.13  cb_yield           L14-CB2 {'rot': 0.00025}
  t=   5.13  cb_yield           L15-CB0 {'rot': 0.00024}
  t=   5.13  cb_yield           L15-CB1 {'rot': 0.00025}
  t=   5.13  cb_yield           L15-CB2 {'rot': 0.00027}
  t=   5.13  cb_yield           L15-CB3 {'rot': 0.00029}
  t=   5.13  cb_yield           L16-CB2 {'rot': 0.00026}
  t=   5.13  cb_yield           L16-CB3 {'rot': 0.00028}
  t=   5.13  cb_yield           L17-CB3 {'rot': 0.00028}
  t=   5.25  cb_yield           L11-CB2 {'rot': 0.00024}
  t=   5.25  cb_yield           L11-CB3 {'rot': 0.00027}
  t=   5.25  cb_yield           L12-CB2 {'rot': 0.00026}
  t=   5.25  cb_yield           L13-CB2 {'rot': 0.00028}
  t=   5.25  cb_yield           L17-CB2 {'rot': 0.00031}
  t=   5.25  cb_yield           L18-CB2 {'rot': 0.00029}
  t=   5.25  cb_yield           L19-CB2 {'rot': 0.00027}
  t=   5.38  cb_yield           L10-CB3 {'rot': 0.00025}
  t=   5.38  cb_yield           L20-CB2 {'rot': 0.00029}
  t=   5.38  cb_yield           L26-CB3 {'rot': 0.00027}
  t=   5.50  cb_yield           L10-CB2 {'rot': 0.00024}
  t=   5.50  cb_yield           L21-CB2 {'rot': 0.00028}
  t=   5.50  cb_yield           L27-CB3 {'rot': 0.00028}
  t=   5.63  cb_yield           L22-CB2 {'rot': 0.00028}
  t=   5.75  cb_yield           L8-CB2 {'rot': 0.00025}
  t=   5.88  cb_yield           L9-CB2 {'rot': 0.00032}
  t=   6.13  cb_yield           L16-CB1 {'rot': 0.00024}
  t=   6.25  cb_yield           L16-CB0 {'rot': 0.00027}
  t=   6.25  cb_yield           L17-CB0 {'rot': 0.00027}
  t=   6.25  cb_yield           L17-CB1 {'rot': 0.00045}
  t=   6.25  cb_yield           L18-CB1 {'rot': 0.00043}
  t=   6.25  cb_yield           L19-CB1 {'rot': 0.00041}
  t=   6.25  cb_yield           L20-CB1 {'rot': 0.00039}
  t=   6.25  cb_yield           L21-CB1 {'rot': 0.00036}
  t=   6.25  cb_yield           L22-CB1 {'rot': 0.00033}
  t=   6.25  cb_yield           L23-CB1 {'rot': 0.0003}
  t=   6.25  cb_yield           L24-CB1 {'rot': 0.00028}
  t=   6.38  cb_yield           L18-CB0 {'rot': 0.00031}
  t=   6.38  cb_yield           L19-CB0 {'rot': 0.00029}
  t=   6.38  cb_yield           L25-CB1 {'rot': 0.00032}
  t=   6.38  cb_yield           L26-CB1 {'rot': 0.00029}
  t=   6.50  cb_yield           L20-CB0 {'rot': 0.0003}
  t=   6.50  cb_yield           L21-CB0 {'rot': 0.00027}
  t=   6.50  cb_yield           L27-CB1 {'rot': 0.00029}
  t=   6.63  cb_yield           L22-CB0 {'rot': 0.00027}
  t=   7.00  cb_yield           L23-CB0 {'rot': 0.00028}
  t=   7.00  cb_yield           L28-CB1 {'rot': 0.00027}
  t=   8.50  cb_yield           L28-CB3 {'rot': 0.00028}
  t=   8.63  cb_yield           L23-CB2 {'rot': 0.00047}
  t=   8.63  cb_yield           L24-CB2 {'rot': 0.00043}
  t=   8.63  cb_yield           L25-CB2 {'rot': 0.00039}
  t=   8.63  cb_yield           L26-CB2 {'rot': 0.00034}
  t=   8.63  cb_yield           L27-CB2 {'rot': 0.0003}
  t=   8.63  cb_yield           L29-CB3 {'rot': 0.00052}
  t=   8.63  cb_yield           L30-CB3 {'rot': 0.00043}
  t=   8.63  cb_yield           L31-CB3 {'rot': 0.00035}
  t=   8.63  cb_yield           L32-CB3 {'rot': 0.00028}
  t=   8.75  cb_yield           L28-CB2 {'rot': 0.00034}
  t=   8.75  cb_yield           L29-CB2 {'rot': 0.00028}
  t=   9.13  cb_yield           L24-CB0 {'rot': 0.00027}
  t=   9.13  cb_yield           L29-CB1 {'rot': 0.0003}
  t=   9.25  cb_yield           L30-CB1 {'rot': 0.00029}
  t=   9.50  cb_yield           L31-CB1 {'rot': 0.00027}
  progress t=  10.0s  max corner drift so far=0.0008  wall clock=118s
  t=  10.25  cb_yield           L25-CB0 {'rot': 0.00044}
  t=  10.25  cb_yield           L26-CB0 {'rot': 0.00042}
  t=  10.25  cb_yield           L27-CB0 {'rot': 0.00037}
  t=  10.25  cb_yield           L28-CB0 {'rot': 0.00029}
  t=  10.25  cb_yield           L32-CB1 {'rot': 0.00033}
  t=  10.38  cb_yield           L29-CB0 {'rot': 0.00041}
  t=  10.38  cb_yield           L30-CB0 {'rot': 0.00032}
  t=  10.38  cb_yield           L33-CB1 {'rot': 0.00048}
  t=  11.13  cb_yield           L33-CB3 {'rot': 0.0003}
  t=  11.25  cb_yield           L30-CB2 {'rot': 0.00036}
  t=  11.25  cb_yield           L31-CB2 {'rot': 0.00032}
  t=  11.25  cb_yield           L32-CB2 {'rot': 0.0003}
  t=  15.25  cb_yield           L31-CB0 {'rot': 0.00027}
  t=  15.88  cb_yield           L32-CB0 {'rot': 0.00043}
  t=  15.88  cb_yield           L33-CB0 {'rot': 0.0003}
  t=  17.50  cb_yield           L33-CB2 {'rot': 0.00057}
  progress t=  20.0s  max corner drift so far=0.0031  wall clock=265s
  t=  26.00  cb_failure         L6-CB1 {'rot': 0.01433}
  t=  26.00  cb_failure         L7-CB1 {'rot': 0.01479}
  t=  26.00  cb_failure         L8-CB1 {'rot': 0.01499}
  t=  26.00  cb_failure         L9-CB1 {'rot': 0.015}
  t=  26.00  cb_failure         L10-CB1 {'rot': 0.01487}
  t=  26.00  cb_failure         L11-CB1 {'rot': 0.01464}
  t=  26.00  cb_failure         L12-CB1 {'rot': 0.01437}
  t=  26.12  cb_failure         L13-CB1 {'rot': 0.01469}
  t=  26.25  cb_failure         L14-CB1 {'rot': 0.01459}
  t=  26.37  cb_failure         L9-CB3 {'rot': 0.01431}
  t=  26.37  cb_failure         L10-CB3 {'rot': 0.01436}
  t=  26.37  cb_failure         L11-CB3 {'rot': 0.01426}
  progress t=  30.0s  max corner drift so far=0.0044  wall clock=422s
  progress t=  40.0s  max corner drift so far=0.0044  wall clock=579s
  t=  40.12  cb_failure         L8-CB3 {'rot': 0.01457}
  t=  40.12  cb_failure         L12-CB3 {'rot': 0.01501}
  t=  40.12  cb_failure         L13-CB3 {'rot': 0.01486}
  t=  40.12  cb_failure         L14-CB3 {'rot': 0.01461}
  t=  40.12  cb_failure         L15-CB3 {'rot': 0.01432}
  t=  40.25  cb_failure         L7-CB3 {'rot': 0.01462}
  t=  40.25  cb_failure         L15-CB1 {'rot': 0.0156}
  t=  40.25  cb_failure         L16-CB1 {'rot': 0.01564}
  t=  40.25  cb_failure         L16-CB3 {'rot': 0.01522}
  t=  40.25  cb_failure         L17-CB1 {'rot': 0.01563}
  t=  40.25  cb_failure         L17-CB3 {'rot': 0.01486}
  t=  40.25  cb_failure         L18-CB1 {'rot': 0.01554}
  t=  40.25  cb_failure         L18-CB3 {'rot': 0.01447}
  t=  40.25  cb_failure         L19-CB1 {'rot': 0.01536}
  t=  40.25  cb_failure         L20-CB1 {'rot': 0.01514}
  t=  40.25  cb_failure         L21-CB1 {'rot': 0.01486}
  t=  40.25  cb_failure         L22-CB1 {'rot': 0.0145}
  t=  40.37  cb_failure         L19-CB3 {'rot': 0.01458}
  t=  40.37  cb_failure         L23-CB1 {'rot': 0.01436}
  t=  40.50  cb_failure         L20-CB3 {'rot': 0.01487}
  t=  40.50  cb_failure         L21-CB3 {'rot': 0.01442}
  t=  40.62  cb_failure         L22-CB3 {'rot': 0.01547}
  t=  40.62  cb_failure         L23-CB3 {'rot': 0.01513}
  t=  40.62  cb_failure         L24-CB1 {'rot': 0.01492}
  t=  40.62  cb_failure         L24-CB3 {'rot': 0.01472}
  t=  40.62  cb_failure         L25-CB1 {'rot': 0.01453}
  t=  40.62  cb_failure         L25-CB3 {'rot': 0.01427}
  t=  40.75  cb_failure         L26-CB1 {'rot': 0.01444}
  t=  40.75  cb_failure         L26-CB3 {'rot': 0.01537}
  t=  40.75  cb_failure         L27-CB3 {'rot': 0.01503}
  t=  40.75  cb_failure         L28-CB3 {'rot': 0.01469}
  t=  40.75  cb_failure         L29-CB3 {'rot': 0.01433}
  t=  40.87  cb_failure         L27-CB1 {'rot': 0.01438}
  t=  40.87  cb_failure         L30-CB3 {'rot': 0.01507}
  t=  40.87  cb_failure         L31-CB3 {'rot': 0.01472}
  t=  40.87  cb_failure         L32-CB3 {'rot': 0.01442}
  t=  41.00  cb_failure         L28-CB1 {'rot': 0.01435}
  t=  47.62  cb_failure         L33-CB3 {'rot': 0.01447}
  t=  47.87  cb_failure         L29-CB1 {'rot': 0.0143}
  progress t=  50.0s  max corner drift so far=0.0044  wall clock=732s
  t=  53.25  cb_failure         L5-CB1 {'rot': 0.01461}
  t=  53.37  cb_failure         L6-CB3 {'rot': 0.01449}
  t=  53.75  cb_failure         L30-CB1 {'rot': 0.01549}
  t=  53.75  cb_failure         L31-CB1 {'rot': 0.01526}
  t=  53.75  cb_failure         L32-CB1 {'rot': 0.01509}
  t=  53.75  cb_failure         L33-CB1 {'rot': 0.01495}
  t=  58.62  cb_failure         L4-CB1 {'rot': 0.01499}
  t=  58.62  cb_failure         L5-CB3 {'rot': 0.01448}
  t=  58.75  cb_failure         L4-CB3 {'rot': 0.01483}
  t=  58.87  cb_failure         L3-CB1 {'rot': 0.01471}
  t=  59.00  cb_failure         L3-CB3 {'rot': 0.01463}
  t=  59.00  cb_failure         L6-CB0 {'rot': 0.01428}
  t=  59.00  cb_failure         L6-CB2 {'rot': 0.01503}
  t=  59.00  cb_failure         L7-CB0 {'rot': 0.01482}
  t=  59.00  cb_failure         L7-CB2 {'rot': 0.01557}
  t=  59.00  cb_failure         L8-CB0 {'rot': 0.01515}
  t=  59.00  cb_failure         L8-CB2 {'rot': 0.01589}
  t=  59.00  cb_failure         L9-CB0 {'rot': 0.01527}
  t=  59.00  cb_failure         L9-CB2 {'rot': 0.01597}
  t=  59.00  cb_failure         L10-CB0 {'rot': 0.01526}
  t=  59.00  cb_failure         L10-CB2 {'rot': 0.01591}
  t=  59.00  cb_failure         L11-CB0 {'rot': 0.01514}
  t=  59.00  cb_failure         L11-CB2 {'rot': 0.01574}
  t=  59.00  cb_failure         L12-CB0 {'rot': 0.015}
  t=  59.00  cb_failure         L12-CB2 {'rot': 0.01554}
  t=  59.00  cb_failure         L13-CB0 {'rot': 0.01475}
  t=  59.00  cb_failure         L13-CB2 {'rot': 0.01523}
  t=  59.00  cb_failure         L14-CB0 {'rot': 0.01432}
  t=  59.00  cb_failure         L14-CB2 {'rot': 0.01475}
  t=  59.12  cb_failure         L4-CB2 {'rot': 0.01448}
  t=  59.12  cb_failure         L5-CB0 {'rot': 0.01453}
  t=  59.12  cb_failure         L5-CB2 {'rot': 0.01585}
  t=  59.12  cb_failure         L15-CB0 {'rot': 0.01511}
  t=  59.12  cb_failure         L15-CB2 {'rot': 0.01665}
  t=  59.12  cb_failure         L16-CB0 {'rot': 0.01446}
  t=  59.12  cb_failure         L16-CB2 {'rot': 0.016}
  t=  59.12  cb_failure         L17-CB2 {'rot': 0.01504}
  t=  59.25  cb_failure         L4-CB0 {'rot': 0.01424}
  t=  59.25  cb_failure         L18-CB2 {'rot': 0.01545}
  t=  59.25  cb_failure         L19-CB2 {'rot': 0.01429}
  t=  59.37  cb_failure         L2-CB3 {'rot': 0.01503}
  t=  59.37  cb_failure         L3-CB2 {'rot': 0.01516}
  progress t=  60.0s  max corner drift so far=0.0056  wall clock=887s
  t=  64.87  cb_failure         L20-CB2 {'rot': 0.01467}
  t=  65.00  cb_failure         L2-CB1 {'rot': 0.01482}
  t=  65.00  cb_failure         L2-CB2 {'rot': 0.01428}
  t=  65.00  cb_failure         L3-CB0 {'rot': 0.01449}
  t=  65.00  cb_failure         L21-CB2 {'rot': 0.01456}
  t=  65.25  cb_failure         L17-CB0 {'rot': 0.01546}
  t=  65.25  cb_failure         L18-CB0 {'rot': 0.01439}
  t=  65.37  cb_failure         L19-CB0 {'rot': 0.01463}
  t=  65.50  cb_failure         L20-CB0 {'rot': 0.01442}
  progress t=  70.0s  max corner drift so far=0.0057  wall clock=1028s
  t=  77.38  cb_failure         L1-CB3 {'rot': 0.01506}
  t=  77.38  cb_failure         L2-CB0 {'rot': 0.01485}
  t=  77.88  cb_failure         L22-CB2 {'rot': 0.01489}
  t=  78.00  cb_failure         L23-CB2 {'rot': 0.01446}
  t=  78.38  cb_failure         L24-CB2 {'rot': 0.01434}
  progress t=  80.0s  max corner drift so far=0.0082  wall clock=1180s
  progress t=  90.0s  max corner drift so far=0.0082  wall clock=1334s
  progress t= 100.0s  max corner drift so far=0.0082  wall clock=1486s
  progress t= 110.0s  max corner drift so far=0.0082  wall clock=1657s
  progress t= 120.0s  max corner drift so far=0.0082  wall clock=1792s
