  t=   5.13  cb_yield           L4-CB0 {'rot': 0.00061}
  t=   5.13  cb_yield           L4-CB1 {'rot': 0.00061}
  t=   5.13  cb_yield           L5-CB0 {'rot': 0.00061}
  t=   5.13  cb_yield           L5-CB1 {'rot': 0.00061}
  t=   6.50  cb_yield           L2-CB1 {'rot': 0.0006}
  t=   6.50  cb_yield           L3-CB1 {'rot': 0.00065}
  t=   6.50  cb_yield           L6-CB0 {'rot': 0.0006}
  t=   6.50  cb_yield           L6-CB1 {'rot': 0.00069}
  t=   6.50  cb_yield           L7-CB0 {'rot': 0.0006}
  t=   6.50  cb_yield           L7-CB1 {'rot': 0.00068}
  t=   6.50  cb_yield           L8-CB0 {'rot': 0.0006}
  t=   6.50  cb_yield           L8-CB1 {'rot': 0.00066}
  t=   6.50  cb_yield           L9-CB1 {'rot': 0.00063}
  t=   6.50  cb_yield           L10-CB1 {'rot': 0.00061}
  t=   6.63  cb_yield           L2-CB0 {'rot': 0.00062}
  t=   6.63  cb_yield           L3-CB0 {'rot': 0.00065}
  t=   6.63  cb_yield           L9-CB0 {'rot': 0.00063}
  t=   6.63  cb_yield           L11-CB1 {'rot': 0.00066}
  t=   6.63  cb_yield           L12-CB1 {'rot': 0.00062}
  t=   6.75  cb_yield           L1-CB1 {'rot': 0.00062}
  t=   9.75  cb_yield           L5-CB2 {'rot': 0.00061}
  t=   9.88  cb_yield           L1-CB2 {'rot': 0.00065}
  t=   9.88  cb_yield           L2-CB2 {'rot': 0.0008}
  t=   9.88  cb_yield           L2-CB3 {'rot': 0.00071}
  t=   9.88  cb_yield           L3-CB2 {'rot': 0.00091}
  t=   9.88  cb_yield           L3-CB3 {'rot': 0.0008}
  t=   9.88  cb_yield           L4-CB2 {'rot': 0.00099}
  t=   9.88  cb_yield           L4-CB3 {'rot': 0.00086}
  t=   9.88  cb_yield           L5-CB3 {'rot': 0.0009}
  t=   9.88  cb_yield           L6-CB2 {'rot': 0.00102}
  t=   9.88  cb_yield           L6-CB3 {'rot': 0.00091}
  t=   9.88  cb_yield           L7-CB2 {'rot': 0.00098}
  t=   9.88  cb_yield           L7-CB3 {'rot': 0.00089}
  t=   9.88  cb_yield           L8-CB2 {'rot': 0.00091}
  t=   9.88  cb_yield           L8-CB3 {'rot': 0.00085}
  t=   9.88  cb_yield           L9-CB2 {'rot': 0.00085}
  t=   9.88  cb_yield           L9-CB3 {'rot': 0.00078}
  t=   9.88  cb_yield           L10-CB2 {'rot': 0.00077}
  t=   9.88  cb_yield           L10-CB3 {'rot': 0.00071}
  t=   9.88  cb_yield           L11-CB2 {'rot': 0.00068}
  t=   9.88  cb_yield           L11-CB3 {'rot': 0.00063}
  t=   9.88  cb_yield           L12-CB2 {'rot': 0.00061}
  t=  10.00  cb_yield           L1-CB3 {'rot': 0.00062}
  t=  10.00  cb_yield           L12-CB3 {'rot': 0.00078}
  t=  10.00  cb_yield           L13-CB2 {'rot': 0.00077}
  t=  10.00  cb_yield           L13-CB3 {'rot': 0.0007}
  t=  10.00  cb_yield           L14-CB2 {'rot': 0.00067}
  t=  10.00  cb_yield           L14-CB3 {'rot': 0.00061}
  progress t=  10.0s  max corner drift so far=0.0013  wall clock=104s
  t=  10.13  cb_yield           L15-CB2 {'rot': 0.00065}
  t=  10.13  cb_yield           L21-CB1 {'rot': 0.00067}
  t=  10.13  cb_yield           L22-CB1 {'rot': 0.00068}
  t=  10.13  cb_yield           L23-CB1 {'rot': 0.00069}
  t=  10.13  cb_yield           L24-CB1 {'rot': 0.00068}
  t=  10.13  cb_yield           L25-CB1 {'rot': 0.00067}
  t=  10.25  cb_yield           L1-CB0 {'rot': 0.00077}
  t=  10.25  cb_yield           L16-CB1 {'rot': 0.00065}
  t=  10.25  cb_yield           L16-CB2 {'rot': 0.00063}
  t=  10.25  cb_yield           L17-CB0 {'rot': 0.00068}
  t=  10.25  cb_yield           L17-CB1 {'rot': 0.00077}
  t=  10.25  cb_yield           L18-CB0 {'rot': 0.00074}
  t=  10.25  cb_yield           L18-CB1 {'rot': 0.00086}
  t=  10.25  cb_yield           L19-CB0 {'rot': 0.00079}
  t=  10.25  cb_yield           L19-CB1 {'rot': 0.00095}
  t=  10.25  cb_yield           L20-CB0 {'rot': 0.00083}
  t=  10.25  cb_yield           L20-CB1 {'rot': 0.00102}
  t=  10.25  cb_yield           L21-CB0 {'rot': 0.00086}
  t=  10.25  cb_yield           L22-CB0 {'rot': 0.00087}
  t=  10.25  cb_yield           L23-CB0 {'rot': 0.00087}
  t=  10.25  cb_yield           L24-CB0 {'rot': 0.00084}
  t=  10.25  cb_yield           L25-CB0 {'rot': 0.0008}
  t=  10.25  cb_yield           L26-CB0 {'rot': 0.00075}
  t=  10.25  cb_yield           L26-CB1 {'rot': 0.00095}
  t=  10.25  cb_yield           L27-CB0 {'rot': 0.00069}
  t=  10.25  cb_yield           L27-CB1 {'rot': 0.00086}
  t=  10.25  cb_yield           L28-CB1 {'rot': 0.00077}
  t=  10.25  cb_yield           L29-CB1 {'rot': 0.00067}
  t=  10.38  cb_yield           L15-CB3 {'rot': 0.00062}
  t=  10.75  cb_yield           L10-CB0 {'rot': 0.00064}
  t=  10.75  cb_yield           L11-CB0 {'rot': 0.00062}
  t=  10.75  cb_yield           L12-CB0 {'rot': 0.00062}
  t=  10.75  cb_yield           L13-CB0 {'rot': 0.00062}
  t=  10.75  cb_yield           L13-CB1 {'rot': 0.00063}
  t=  10.75  cb_yield           L14-CB0 {'rot': 0.00062}
  t=  10.75  cb_yield           L14-CB1 {'rot': 0.00062}
  t=  10.75  cb_yield           L15-CB0 {'rot': 0.00062}
  t=  10.75  cb_yield           L15-CB1 {'rot': 0.00063}
  t=  10.75  cb_yield           L16-CB0 {'rot': 0.00062}
  t=  12.50  cb_yield           L28-CB0 {'rot': 0.00074}
  t=  12.50  cb_yield           L30-CB1 {'rot': 0.00083}
  t=  12.63  cb_yield           L16-CB3 {'rot': 0.00065}
  t=  12.75  cb_yield           L17-CB3 {'rot': 0.00071}
  t=  12.75  cb_yield           L18-CB3 {'rot': 0.00068}
  t=  12.88  cb_yield           L19-CB3 {'rot': 0.00111}
  t=  12.88  cb_yield           L20-CB3 {'rot': 0.00114}
  t=  12.88  cb_yield           L21-CB3 {'rot': 0.00114}
  t=  12.88  cb_yield           L22-CB3 {'rot': 0.0011}
  t=  12.88  cb_yield           L23-CB3 {'rot': 0.00102}
  t=  12.88  cb_yield           L24-CB3 {'rot': 0.0009}
  t=  12.88  cb_yield           L25-CB3 {'rot': 0.00077}
  t=  13.00  cb_yield           L18-CB2 {'rot': 0.0007}
  t=  13.00  cb_yield           L19-CB2 {'rot': 0.00071}
  t=  13.00  cb_yield           L20-CB2 {'rot': 0.00072}
  t=  13.00  cb_yield           L21-CB2 {'rot': 0.00069}
  t=  13.00  cb_yield           L26-CB3 {'rot': 0.00083}
  t=  13.00  cb_yield           L27-CB3 {'rot': 0.00068}
  t=  13.13  cb_yield           L17-CB2 {'rot': 0.00068}
  t=  17.63  cb_yield           L28-CB3 {'rot': 0.00067}
  t=  17.63  cb_yield           L29-CB0 {'rot': 0.00067}
  progress t=  20.0s  max corner drift so far=0.0040  wall clock=233s
  t=  20.62  cb_yield           L30-CB0 {'rot': 0.00067}
  t=  20.75  cb_yield           L31-CB0 {'rot': 0.00067}
  t=  20.75  cb_yield           L31-CB1 {'rot': 0.0009}
  t=  20.75  cb_yield           L32-CB1 {'rot': 0.00071}
  t=  20.87  cb_yield           L33-CB1 {'rot': 0.00075}
  t=  21.75  cb_yield           L22-CB2 {'rot': 0.00074}
  t=  21.75  cb_yield           L23-CB2 {'rot': 0.00071}
  t=  21.75  cb_yield           L24-CB2 {'rot': 0.00068}
  t=  21.75  cb_yield           L29-CB3 {'rot': 0.00073}
  t=  21.87  cb_yield           L25-CB2 {'rot': 0.00104}
  t=  21.87  cb_yield           L26-CB2 {'rot': 0.00097}
  t=  21.87  cb_yield           L27-CB2 {'rot': 0.00088}
  t=  21.87  cb_yield           L28-CB2 {'rot': 0.00078}
  t=  21.87  cb_yield           L29-CB2 {'rot': 0.00068}
  t=  21.87  cb_yield           L30-CB3 {'rot': 0.00095}
  t=  21.87  cb_yield           L31-CB3 {'rot': 0.00077}
  progress t=  30.0s  max corner drift so far=0.0047  wall clock=368s
  t=  30.12  cb_yield           L32-CB3 {'rot': 0.00076}
  progress t=  40.0s  max corner drift so far=0.0047  wall clock=504s
  t=  47.75  cb_failure         L9-CB3 {'rot': 0.01478}
  t=  47.75  cb_failure         L10-CB3 {'rot': 0.01507}
  t=  47.75  cb_failure         L11-CB3 {'rot': 0.01514}
  t=  47.75  cb_failure         L12-CB3 {'rot': 0.01503}
  t=  47.75  cb_failure         L13-CB3 {'rot': 0.01467}
  t=  47.87  cb_failure         L7-CB3 {'rot': 0.01521}
  t=  47.87  cb_failure         L8-CB3 {'rot': 0.01572}
  t=  47.87  cb_failure         L9-CB1 {'rot': 0.01469}
  t=  47.87  cb_failure         L10-CB1 {'rot': 0.0147}
  t=  48.00  cb_failure         L5-CB3 {'rot': 0.01477}
  t=  48.00  cb_failure         L6-CB3 {'rot': 0.01574}
  t=  48.00  cb_failure         L7-CB1 {'rot': 0.01479}
  t=  48.00  cb_failure         L8-CB1 {'rot': 0.01497}
  t=  48.12  cb_failure         L6-CB1 {'rot': 0.01461}
  progress t=  50.0s  max corner drift so far=0.0047  wall clock=640s
  t=  52.25  cb_failure         L11-CB1 {'rot': 0.01612}
  t=  52.25  cb_failure         L12-CB1 {'rot': 0.01586}
  t=  52.25  cb_failure         L13-CB1 {'rot': 0.01546}
  t=  52.25  cb_failure         L14-CB1 {'rot': 0.01488}
  t=  52.37  cb_failure         L14-CB3 {'rot': 0.01681}
  t=  52.37  cb_failure         L15-CB1 {'rot': 0.01658}
  t=  52.37  cb_failure         L15-CB3 {'rot': 0.01591}
  t=  52.37  cb_failure         L16-CB1 {'rot': 0.01575}
  t=  52.37  cb_failure         L16-CB3 {'rot': 0.01487}
  t=  52.50  cb_failure         L17-CB1 {'rot': 0.01639}
  t=  52.50  cb_failure         L17-CB3 {'rot': 0.01565}
  t=  52.50  cb_failure         L18-CB1 {'rot': 0.01482}
  t=  52.62  cb_failure         L5-CB1 {'rot': 0.01476}
  t=  52.62  cb_failure         L8-CB0 {'rot': 0.01464}
  t=  52.62  cb_failure         L9-CB0 {'rot': 0.01513}
  t=  52.62  cb_failure         L10-CB0 {'rot': 0.0154}
  t=  52.62  cb_failure         L11-CB0 {'rot': 0.01547}
  t=  52.62  cb_failure         L12-CB0 {'rot': 0.01538}
  t=  52.62  cb_failure         L13-CB0 {'rot': 0.01505}
  t=  52.62  cb_failure         L18-CB3 {'rot': 0.01477}
  t=  52.75  cb_failure         L7-CB0 {'rot': 0.01514}
  t=  52.75  cb_failure         L10-CB2 {'rot': 0.01461}
  t=  52.87  cb_failure         L4-CB1 {'rot': 0.01497}
  t=  52.87  cb_failure         L4-CB3 {'rot': 0.01545}
  t=  52.87  cb_failure         L6-CB0 {'rot': 0.01526}
  t=  53.00  cb_failure         L5-CB0 {'rot': 0.01523}
  t=  55.62  cb_yield           L33-CB3 {'rot': 0.00068}
  t=  58.62  cb_failure         L3-CB1 {'rot': 0.01643}
  t=  58.62  cb_failure         L3-CB3 {'rot': 0.01463}
  t=  58.62  cb_failure         L4-CB0 {'rot': 0.01504}
  t=  58.62  cb_failure         L5-CB2 {'rot': 0.01522}
  t=  58.62  cb_failure         L6-CB2 {'rot': 0.01576}
  t=  58.62  cb_failure         L7-CB2 {'rot': 0.01598}
  t=  58.62  cb_failure         L8-CB2 {'rot': 0.01597}
  t=  58.62  cb_failure         L9-CB2 {'rot': 0.01574}
  t=  58.62  cb_failure         L11-CB2 {'rot': 0.01488}
  t=  58.75  cb_failure         L3-CB2 {'rot': 0.01468}
  t=  58.75  cb_failure         L4-CB2 {'rot': 0.01683}
  t=  58.75  cb_failure         L12-CB2 {'rot': 0.01728}
  t=  58.75  cb_failure         L13-CB2 {'rot': 0.01636}
  t=  58.75  cb_failure         L14-CB0 {'rot': 0.0157}
  t=  58.75  cb_failure         L14-CB2 {'rot': 0.01522}
  t=  58.87  cb_failure         L2-CB1 {'rot': 0.01563}
  t=  58.87  cb_failure         L2-CB3 {'rot': 0.01551}
  t=  58.87  cb_failure         L3-CB0 {'rot': 0.01588}
  t=  58.87  cb_failure         L15-CB0 {'rot': 0.01546}
  t=  58.87  cb_failure         L15-CB2 {'rot': 0.01601}
  t=  59.00  cb_failure         L2-CB2 {'rot': 0.01584}
  t=  59.00  cb_failure         L16-CB2 {'rot': 0.0154}
  t=  59.12  cb_failure         L2-CB0 {'rot': 0.01514}
  t=  59.12  cb_failure         L19-CB3 {'rot': 0.01484}
  t=  59.37  cb_failure         L20-CB3 {'rot': 0.01532}
  t=  59.50  cb_failure         L17-CB2 {'rot': 0.01565}
  t=  59.62  cb_failure         L21-CB3 {'rot': 0.0154}
  t=  59.75  cb_failure         L18-CB2 {'rot': 0.01476}
  t=  59.75  cb_yield           L30-CB2 {'rot': 0.00069}
  t=  60.00  cb_yield           L31-CB2 {'rot': 0.00069}
  progress t=  60.0s  max corner drift so far=0.0058  wall clock=778s
  t=  64.50  cb_failure         L22-CB3 {'rot': 0.01487}
  t=  64.62  cb_failure         L19-CB1 {'rot': 0.01562}
  t=  64.62  cb_failure         L19-CB2 {'rot': 0.01495}
  t=  64.62  cb_yield           L32-CB0 {'rot': 0.00069}
  t=  64.75  cb_failure         L16-CB0 {'rot': 0.01492}
  t=  64.75  cb_failure         L20-CB1 {'rot': 0.01518}
  t=  64.75  cb_failure         L23-CB3 {'rot': 0.01516}
  t=  64.87  cb_failure         L17-CB0 {'rot': 0.0149}
  t=  65.00  cb_failure         L21-CB1 {'rot': 0.01513}
  t=  65.12  cb_failure         L18-CB0 {'rot': 0.01502}
  t=  65.50  cb_failure         L22-CB1 {'rot': 0.01501}
  progress t=  70.0s  max corner drift so far=0.0069  wall clock=907s
  t=  70.12  cb_failure         L19-CB0 {'rot': 0.01531}
  t=  70.25  cb_failure         L23-CB1 {'rot': 0.01483}
  t=  77.75  cb_failure         L20-CB2 {'rot': 0.01564}
  t=  77.75  cb_failure         L24-CB3 {'rot': 0.01512}
  t=  77.88  cb_failure         L21-CB2 {'rot': 0.01653}
  t=  77.88  cb_failure         L22-CB2 {'rot': 0.01473}
  t=  77.88  cb_failure         L25-CB3 {'rot': 0.01675}
  t=  77.88  cb_yield           L33-CB0 {'rot': 0.00072}
  t=  78.00  cb_failure         L23-CB2 {'rot': 0.01479}
  t=  78.00  cb_failure         L26-CB3 {'rot': 0.01697}
  t=  78.00  cb_failure         L27-CB3 {'rot': 0.01489}
  t=  78.00  cb_yield           L32-CB2 {'rot': 0.00068}
  t=  78.13  cb_failure         L24-CB1 {'rot': 0.01554}
  t=  78.13  cb_failure         L28-CB3 {'rot': 0.01592}
  t=  78.25  cb_failure         L25-CB1 {'rot': 0.01729}
  t=  78.25  cb_failure         L26-CB1 {'rot': 0.0159}
  t=  78.25  cb_failure         L29-CB3 {'rot': 0.01921}
  t=  78.25  cb_failure         L30-CB3 {'rot': 0.01811}
  t=  78.25  cb_failure         L31-CB3 {'rot': 0.01695}
  t=  78.25  cb_failure         L32-CB3 {'rot': 0.01577}
  t=  78.25  cb_yield           L33-CB2 {'rot': 0.00095}
  t=  78.38  cb_failure         L27-CB1 {'rot': 0.01582}
  t=  78.38  cb_failure         L28-CB1 {'rot': 0.01496}
  progress t=  80.0s  max corner drift so far=0.0084  wall clock=1039s
  t=  84.63  cb_failure         L29-CB1 {'rot': 0.01568}
  t=  84.63  cb_failure         L30-CB1 {'rot': 0.01502}
  t=  84.75  cb_failure         L31-CB1 {'rot': 0.01494}
  progress t=  90.0s  max corner drift so far=0.0084  wall clock=1177s
  t=  92.50  cb_failure         L32-CB1 {'rot': 0.01593}
  t=  92.63  cb_failure         L20-CB0 {'rot': 0.01534}
  t=  92.63  cb_failure         L33-CB1 {'rot': 0.01524}
  t=  92.75  cb_failure         L21-CB0 {'rot': 0.01734}
  t=  92.75  cb_failure         L22-CB0 {'rot': 0.01588}
  t=  92.88  cb_failure         L23-CB0 {'rot': 0.01703}
  t=  92.88  cb_failure         L24-CB0 {'rot': 0.01533}
  t=  93.13  cb_failure         L33-CB3 {'rot': 0.01584}
  t=  98.13  cb_failure         L1-CB1 {'rot': 0.01466}
  t=  98.38  cb_failure         L1-CB3 {'rot': 0.01511}
  t=  98.63  cb_failure         L1-CB0 {'rot': 0.01541}
  t=  98.63  cb_failure         L1-CB2 {'rot': 0.01537}
  progress t= 100.0s  max corner drift so far=0.0084  wall clock=1320s
  progress t= 110.0s  max corner drift so far=0.0084  wall clock=1454s
  progress t= 120.0s  max corner drift so far=0.0084  wall clock=1581s
