  t=   3.12  cb_yield           L2-CB3 {'rot': 0.00074}
  t=   3.12  cb_yield           L3-CB3 {'rot': 0.00079}
  t=   3.12  cb_yield           L4-CB3 {'rot': 0.00083}
  t=   3.12  cb_yield           L5-CB3 {'rot': 0.00085}
  t=   3.12  cb_yield           L6-CB3 {'rot': 0.00085}
  t=   3.12  cb_yield           L7-CB3 {'rot': 0.00083}
  t=   3.12  cb_yield           L8-CB3 {'rot': 0.00081}
  t=   3.12  cb_yield           L9-CB3 {'rot': 0.00077}
  t=   3.12  cb_yield           L10-CB3 {'rot': 0.00073}
  t=   3.12  cb_yield           L11-CB3 {'rot': 0.0007}
  t=   3.25  cb_yield           L1-CB3 {'rot': 0.00077}
  t=   3.25  cb_yield           L10-CB2 {'rot': 0.00069}
  t=   3.25  cb_yield           L11-CB2 {'rot': 0.0007}
  t=   3.25  cb_yield           L12-CB2 {'rot': 0.00071}
  t=   3.25  cb_yield           L12-CB3 {'rot': 0.00099}
  t=   3.25  cb_yield           L13-CB2 {'rot': 0.00072}
  t=   3.25  cb_yield           L13-CB3 {'rot': 0.00095}
  t=   3.25  cb_yield           L14-CB2 {'rot': 0.00071}
  t=   3.25  cb_yield           L14-CB3 {'rot': 0.00091}
  t=   3.25  cb_yield           L15-CB2 {'rot': 0.00071}
  t=   3.25  cb_yield           L15-CB3 {'rot': 0.00086}
  t=   3.25  cb_yield           L16-CB2 {'rot': 0.00069}
  t=   3.25  cb_yield           L16-CB3 {'rot': 0.00081}
  t=   3.25  cb_yield           L17-CB3 {'rot': 0.00079}
  t=   3.25  cb_yield           L18-CB3 {'rot': 0.00075}
  t=   3.37  cb_yield           L7-CB2 {'rot': 0.00073}
  t=   3.37  cb_yield           L8-CB2 {'rot': 0.00078}
  t=   3.37  cb_yield           L9-CB2 {'rot': 0.00082}
  t=   3.37  cb_yield           L17-CB2 {'rot': 0.00085}
  t=   3.37  cb_yield           L18-CB2 {'rot': 0.0008}
  t=   3.37  cb_yield           L19-CB2 {'rot': 0.00074}
  t=   3.37  cb_yield           L19-CB3 {'rot': 0.00083}
  t=   3.37  cb_yield           L20-CB3 {'rot': 0.00075}
  t=   3.50  cb_yield           L4-CB2 {'rot': 0.00075}
  t=   3.50  cb_yield           L5-CB2 {'rot': 0.00082}
  t=   3.50  cb_yield           L6-CB2 {'rot': 0.0009}
  t=   3.62  cb_yield           L1-CB1 {'rot': 0.00097}
  t=   3.62  cb_yield           L1-CB2 {'rot': 0.00083}
  t=   3.62  cb_yield           L2-CB1 {'rot': 0.00105}
  t=   3.62  cb_yield           L2-CB2 {'rot': 0.00092}
  t=   3.62  cb_yield           L3-CB1 {'rot': 0.00098}
  t=   3.62  cb_yield           L3-CB2 {'rot': 0.00097}
  t=   3.62  cb_yield           L4-CB1 {'rot': 0.00088}
  t=   3.62  cb_yield           L5-CB1 {'rot': 0.00076}
  t=   3.75  cb_yield           L6-CB1 {'rot': 0.0007}
  t=   4.37  cb_yield           L2-CB0 {'rot': 0.00076}
  t=   4.37  cb_yield           L3-CB0 {'rot': 0.00078}
  t=   4.37  cb_yield           L4-CB0 {'rot': 0.00076}
  t=   4.37  cb_yield           L5-CB0 {'rot': 0.00072}
  t=   4.37  cb_yield           L6-CB0 {'rot': 0.00069}
  t=   4.37  cb_yield           L7-CB1 {'rot': 0.00076}
  t=   4.37  cb_yield           L8-CB1 {'rot': 0.00071}
  t=   4.88  cb_yield           L7-CB0 {'rot': 0.00069}
  t=   5.00  cb_yield           L8-CB0 {'rot': 0.0007}
  t=   6.25  cb_yield           L9-CB0 {'rot': 0.00069}
  t=   6.25  cb_yield           L9-CB1 {'rot': 0.00085}
  t=   6.25  cb_yield           L10-CB1 {'rot': 0.00081}
  t=   6.25  cb_yield           L11-CB1 {'rot': 0.00077}
  t=   6.25  cb_yield           L12-CB1 {'rot': 0.00072}
  t=   6.38  cb_yield           L10-CB0 {'rot': 0.0008}
  t=   6.38  cb_yield           L11-CB0 {'rot': 0.00076}
  t=   6.38  cb_yield           L12-CB0 {'rot': 0.00071}
  t=   6.38  cb_yield           L13-CB1 {'rot': 0.00082}
  t=   6.38  cb_yield           L14-CB1 {'rot': 0.00075}
  t=   6.50  cb_yield           L15-CB1 {'rot': 0.00072}
  t=   6.63  cb_yield           L16-CB1 {'rot': 0.00069}
  t=   6.75  cb_yield           L1-CB0 {'rot': 0.0007}
  t=   7.25  cb_yield           L20-CB2 {'rot': 0.00083}
  t=   7.25  cb_yield           L21-CB2 {'rot': 0.00083}
  t=   7.25  cb_yield           L21-CB3 {'rot': 0.00129}
  t=   7.25  cb_yield           L22-CB2 {'rot': 0.0008}
  t=   7.25  cb_yield           L22-CB3 {'rot': 0.00126}
  t=   7.25  cb_yield           L23-CB2 {'rot': 0.00077}
  t=   7.25  cb_yield           L23-CB3 {'rot': 0.00119}
  t=   7.25  cb_yield           L24-CB2 {'rot': 0.00075}
  t=   7.25  cb_yield           L24-CB3 {'rot': 0.0011}
  t=   7.25  cb_yield           L25-CB3 {'rot': 0.00099}
  t=   7.25  cb_yield           L26-CB3 {'rot': 0.00087}
  t=   7.25  cb_yield           L27-CB3 {'rot': 0.00078}
  t=   7.38  cb_yield           L25-CB2 {'rot': 0.00082}
  t=   8.88  cb_yield           L17-CB1 {'rot': 0.00114}
  t=   8.88  cb_yield           L18-CB0 {'rot': 0.00075}
  t=   8.88  cb_yield           L18-CB1 {'rot': 0.00128}
  t=   8.88  cb_yield           L19-CB0 {'rot': 0.00083}
  t=   8.88  cb_yield           L19-CB1 {'rot': 0.0014}
  t=   8.88  cb_yield           L20-CB0 {'rot': 0.0009}
  t=   8.88  cb_yield           L20-CB1 {'rot': 0.00148}
  t=   8.88  cb_yield           L21-CB0 {'rot': 0.00093}
  t=   8.88  cb_yield           L21-CB1 {'rot': 0.00152}
  t=   8.88  cb_yield           L22-CB0 {'rot': 0.00093}
  t=   8.88  cb_yield           L22-CB1 {'rot': 0.00149}
  t=   8.88  cb_yield           L23-CB0 {'rot': 0.00087}
  t=   8.88  cb_yield           L23-CB1 {'rot': 0.0014}
  t=   8.88  cb_yield           L24-CB0 {'rot': 0.00077}
  t=   8.88  cb_yield           L24-CB1 {'rot': 0.00127}
  t=   8.88  cb_yield           L25-CB1 {'rot': 0.00111}
  t=   8.88  cb_yield           L26-CB1 {'rot': 0.00093}
  t=   8.88  cb_yield           L27-CB1 {'rot': 0.00077}
  t=  10.00  cb_yield           L25-CB0 {'rot': 0.00078}
  t=  10.00  cb_yield           L26-CB2 {'rot': 0.0008}
  progress t=  10.0s  max corner drift so far=0.0033  wall clock=119s
  t=  10.13  cb_yield           L27-CB2 {'rot': 0.0011}
  t=  10.13  cb_yield           L28-CB1 {'rot': 0.00085}
  t=  10.13  cb_yield           L28-CB2 {'rot': 0.00089}
  t=  10.13  cb_yield           L28-CB3 {'rot': 0.00075}
  t=  10.38  cb_yield           L13-CB0 {'rot': 0.00074}
  t=  10.50  cb_yield           L14-CB0 {'rot': 0.00177}
  t=  10.50  cb_yield           L15-CB0 {'rot': 0.00135}
  t=  10.50  cb_yield           L16-CB0 {'rot': 0.00101}
  t=  10.50  cb_yield           L17-CB0 {'rot': 0.00074}
  t=  10.75  cb_yield           L26-CB0 {'rot': 0.00109}
  t=  10.75  cb_yield           L27-CB0 {'rot': 0.00078}
  t=  10.88  cb_yield           L28-CB0 {'rot': 0.00094}
  t=  10.88  cb_yield           L29-CB1 {'rot': 0.00083}
  t=  11.00  cb_yield           L29-CB0 {'rot': 0.00082}
  t=  11.00  cb_yield           L30-CB1 {'rot': 0.00077}
  t=  12.38  cb_yield           L30-CB0 {'rot': 0.00113}
  t=  12.38  cb_yield           L31-CB0 {'rot': 0.00076}
  t=  12.38  cb_yield           L31-CB1 {'rot': 0.0012}
  t=  12.38  cb_yield           L32-CB1 {'rot': 0.00091}
  t=  12.50  cb_yield           L33-CB1 {'rot': 0.00082}
  t=  13.88  cb_yield           L29-CB3 {'rot': 0.00074}
  t=  14.00  cb_yield           L30-CB3 {'rot': 0.00074}
  t=  17.00  cb_failure         L4-CB1 {'rot': 0.0265}
  t=  17.00  cb_failure         L5-CB0 {'rot': 0.025}
  t=  17.00  cb_failure         L5-CB1 {'rot': 0.02815}
  t=  17.00  cb_failure         L6-CB0 {'rot': 0.02476}
  t=  17.00  cb_failure         L6-CB1 {'rot': 0.02856}
  t=  17.00  cb_failure         L7-CB1 {'rot': 0.02803}
  t=  17.00  cb_failure         L8-CB1 {'rot': 0.0267}
  t=  17.00  cb_failure         L9-CB1 {'rot': 0.02473}
  t=  17.13  cb_failure         L3-CB1 {'rot': 0.02571}
  t=  17.13  cb_failure         L4-CB0 {'rot': 0.02714}
  t=  17.13  cb_failure         L7-CB0 {'rot': 0.02957}
  t=  17.13  cb_failure         L8-CB0 {'rot': 0.02847}
  t=  17.13  cb_failure         L9-CB0 {'rot': 0.02536}
  t=  17.13  cb_failure         L10-CB1 {'rot': 0.02828}
  t=  17.13  cb_failure         L11-CB1 {'rot': 0.02555}
  t=  17.25  cb_failure         L3-CB0 {'rot': 0.02487}
  t=  17.25  cb_failure         L10-CB0 {'rot': 0.02707}
  t=  17.25  cb_failure         L12-CB1 {'rot': 0.02716}
  t=  17.38  cb_failure         L11-CB0 {'rot': 0.02863}
  t=  17.38  cb_failure         L12-CB0 {'rot': 0.02611}
  t=  17.38  cb_failure         L13-CB1 {'rot': 0.02848}
  t=  17.38  cb_failure         L14-CB1 {'rot': 0.02555}
  t=  17.38  cb_yield           L30-CB2 {'rot': 0.00075}
  t=  17.50  cb_failure         L13-CB0 {'rot': 0.02723}
  t=  17.50  cb_failure         L15-CB1 {'rot': 0.02645}
  t=  17.50  cb_yield           L29-CB2 {'rot': 0.00092}
  t=  17.50  cb_yield           L31-CB2 {'rot': 0.00085}
  t=  17.50  cb_yield           L32-CB2 {'rot': 0.00078}
  t=  17.63  cb_failure         L14-CB0 {'rot': 0.0264}
  t=  17.63  cb_failure         L16-CB1 {'rot': 0.02564}
  t=  17.63  cb_yield           L33-CB2 {'rot': 0.00089}
  progress t=  20.0s  max corner drift so far=0.0142  wall clock=275s
  t=  20.87  cb_failure         L15-CB0 {'rot': 0.02639}
  t=  20.87  cb_failure         L16-CB0 {'rot': 0.02489}
  t=  20.87  cb_yield           L32-CB0 {'rot': 0.00078}
  t=  21.00  cb_failure         L17-CB0 {'rot': 0.02529}
  t=  21.00  cb_failure         L17-CB1 {'rot': 0.02667}
  t=  21.00  cb_yield           L31-CB3 {'rot': 0.00093}
  t=  21.00  cb_yield           L32-CB3 {'rot': 0.00083}
  t=  21.00  cb_yield           L33-CB0 {'rot': 0.0014}
  t=  21.00  cb_yield           L33-CB3 {'rot': 0.00076}
  t=  21.12  cb_failure         L18-CB0 {'rot': 0.02488}
  t=  21.12  cb_failure         L18-CB1 {'rot': 0.02542}
  t=  23.25  cb_failure         L7-CB3 {'rot': 0.02491}
  t=  23.25  cb_failure         L8-CB3 {'rot': 0.02482}
  t=  23.37  cb_failure         L5-CB3 {'rot': 0.02647}
  t=  23.37  cb_failure         L6-CB3 {'rot': 0.02787}
  t=  23.37  cb_failure         L9-CB3 {'rot': 0.02793}
  t=  23.37  cb_failure         L10-CB3 {'rot': 0.02704}
  t=  23.37  cb_failure         L11-CB3 {'rot': 0.02582}
  t=  23.50  cb_failure         L4-CB3 {'rot': 0.0265}
  t=  23.50  cb_failure         L12-CB3 {'rot': 0.02835}
  t=  23.50  cb_failure         L13-CB3 {'rot': 0.02665}
  t=  23.62  cb_failure         L2-CB1 {'rot': 0.02517}
  t=  23.62  cb_failure         L7-CB2 {'rot': 0.02525}
  t=  23.62  cb_failure         L8-CB2 {'rot': 0.02549}
  t=  23.62  cb_failure         L9-CB2 {'rot': 0.02523}
  t=  23.62  cb_failure         L14-CB3 {'rot': 0.02692}
  t=  23.75  cb_failure         L2-CB0 {'rot': 0.0247}
  t=  23.75  cb_failure         L5-CB2 {'rot': 0.0271}
  t=  23.75  cb_failure         L6-CB2 {'rot': 0.02936}
  t=  23.75  cb_failure         L10-CB2 {'rot': 0.02982}
  t=  23.75  cb_failure         L11-CB2 {'rot': 0.02847}
  t=  23.75  cb_failure         L12-CB2 {'rot': 0.02669}
  t=  23.75  cb_failure         L15-CB3 {'rot': 0.02497}
  t=  23.87  cb_failure         L3-CB3 {'rot': 0.02488}
  t=  23.87  cb_failure         L4-CB2 {'rot': 0.02542}
  t=  23.87  cb_failure         L13-CB2 {'rot': 0.02503}
  t=  26.00  cb_failure         L3-CB2 {'rot': 0.02756}
  t=  26.12  cb_failure         L2-CB2 {'rot': 0.02529}
  t=  26.62  cb_failure         L14-CB2 {'rot': 0.02526}
  progress t=  30.0s  max corner drift so far=0.0202  wall clock=460s
  t=  37.87  cb_failure         L2-CB3 {'rot': 0.02834}
  t=  38.25  cb_failure         L15-CB2 {'rot': 0.02791}
  t=  38.25  cb_failure         L16-CB3 {'rot': 0.02607}
  t=  38.37  cb_failure         L16-CB2 {'rot': 0.0271}
  t=  38.50  cb_failure         L17-CB3 {'rot': 0.02607}
  t=  38.62  cb_failure         L17-CB2 {'rot': 0.02537}
  progress t=  40.0s  max corner drift so far=0.0202  wall clock=645s
  t=  40.75  cb_failure         L19-CB0 {'rot': 0.02657}
  t=  40.75  cb_failure         L19-CB1 {'rot': 0.02781}
  t=  40.87  cb_failure         L18-CB2 {'rot': 0.02539}
  t=  40.87  cb_failure         L18-CB3 {'rot': 0.02746}
  t=  40.87  cb_failure         L20-CB1 {'rot': 0.02494}
  t=  41.00  cb_failure         L19-CB3 {'rot': 0.02595}
  t=  41.00  cb_failure         L20-CB0 {'rot': 0.0272}
  t=  48.00  cb_failure         L1-CB1 {'rot': 0.02761}
  t=  48.12  cb_failure         L1-CB0 {'rot': 0.03171}
  t=  48.25  cb_failure         L1-CB2 {'rot': 0.02996}
  t=  48.25  cb_failure         L1-CB3 {'rot': 0.02855}
  t=  48.87  cb_failure         L19-CB2 {'rot': 0.02664}
  t=  49.00  cb_failure         L20-CB2 {'rot': 0.0287}
  t=  49.00  cb_failure         L20-CB3 {'rot': 0.02919}
  t=  49.12  cb_failure         L21-CB0 {'rot': 0.02771}
  t=  49.12  cb_failure         L21-CB1 {'rot': 0.02814}
  t=  49.12  cb_failure         L21-CB2 {'rot': 0.02989}
  t=  49.12  cb_failure         L21-CB3 {'rot': 0.03099}
  t=  49.25  cb_failure         L22-CB2 {'rot': 0.02832}
  t=  49.25  cb_failure         L22-CB3 {'rot': 0.02948}
  t=  49.37  cb_failure         L22-CB0 {'rot': 0.02483}
  t=  49.37  cb_failure         L22-CB1 {'rot': 0.02534}
  t=  49.50  cb_failure         L23-CB3 {'rot': 0.02553}
  progress t=  50.0s  max corner drift so far=0.0202  wall clock=863s
  progress t=  60.0s  max corner drift so far=0.0202  wall clock=1050s
  progress t=  70.0s  max corner drift so far=0.0202  wall clock=1231s
  t=  78.25  cb_failure         L23-CB2 {'rot': 0.02492}
  t=  78.38  cb_failure         L23-CB1 {'rot': 0.0279}
  t=  78.38  cb_failure         L24-CB2 {'rot': 0.02811}
  t=  78.38  cb_failure         L24-CB3 {'rot': 0.03312}
  t=  78.50  cb_failure         L23-CB0 {'rot': 0.0273}
  t=  78.50  cb_failure         L24-CB1 {'rot': 0.0271}
  t=  78.50  cb_failure         L25-CB2 {'rot': 0.02953}
  t=  78.50  cb_failure         L25-CB3 {'rot': 0.03365}
  t=  78.63  cb_failure         L26-CB3 {'rot': 0.0249}
  t=  79.50  cb_failure         L26-CB2 {'rot': 0.02796}
  t=  79.63  cb_failure         L27-CB2 {'rot': 0.02666}
  t=  79.75  cb_failure         L27-CB3 {'rot': 0.02553}
  t=  79.75  cb_failure         L28-CB2 {'rot': 0.02667}
  t=  79.88  cb_failure         L29-CB2 {'rot': 0.02493}
  progress t=  80.0s  max corner drift so far=0.0351  wall clock=1427s
  t=  82.98  wall_axial_failure S1-F {'gamma': 0.00093, 'eps': -0.00602, 'cause': 'crushing'}
  t=  83.78  wall_axial_failure S1-M {'gamma': 0.00067, 'eps': -0.00605, 'cause': 'crushing'}
  t=  84.00  cb_failure         L24-CB0 {'rot': 0.04866}
  t=  84.00  cb_failure         L25-CB0 {'rot': 0.04784}
  t=  84.00  cb_failure         L26-CB0 {'rot': 0.04675}
  t=  84.00  cb_failure         L27-CB0 {'rot': 0.04546}
  t=  84.00  cb_failure         L28-CB0 {'rot': 0.0441}
  t=  84.00  cb_failure         L29-CB0 {'rot': 0.043}
  t=  84.00  cb_failure         L30-CB0 {'rot': 0.04236}
  t=  84.00  cb_failure         L30-CB2 {'rot': 0.03555}
  t=  84.00  cb_failure         L31-CB0 {'rot': 0.04199}
  t=  84.00  cb_failure         L31-CB2 {'rot': 0.0355}
  t=  84.00  cb_failure         L32-CB0 {'rot': 0.04177}
  t=  84.00  cb_failure         L32-CB2 {'rot': 0.03542}
  t=  84.00  cb_failure         L33-CB0 {'rot': 0.04155}
  t=  84.00  cb_failure         L33-CB2 {'rot': 0.03521}
  t= 85.150  solver fallback: ModifiedNewton
  t=  85.25  wall_axial_failure S1-R {'gamma': 0.00118, 'eps': -0.00693, 'cause': 'crushing'}
