  t=   5.25  cb_yield           L1-CB3 {'rot': 0.00072}
  t=   5.25  cb_yield           L2-CB2 {'rot': 0.00069}
  t=   5.25  cb_yield           L2-CB3 {'rot': 0.00087}
  t=   5.25  cb_yield           L3-CB2 {'rot': 0.0007}
  t=   5.25  cb_yield           L3-CB3 {'rot': 0.00094}
  t=   5.25  cb_yield           L4-CB2 {'rot': 0.00071}
  t=   5.25  cb_yield           L4-CB3 {'rot': 0.00098}
  t=   5.25  cb_yield           L5-CB2 {'rot': 0.0007}
  t=   5.25  cb_yield           L5-CB3 {'rot': 0.00099}
  t=   5.25  cb_yield           L6-CB2 {'rot': 0.0007}
  t=   5.25  cb_yield           L6-CB3 {'rot': 0.00097}
  t=   5.25  cb_yield           L7-CB2 {'rot': 0.00069}
  t=   5.25  cb_yield           L7-CB3 {'rot': 0.00094}
  t=   5.25  cb_yield           L8-CB2 {'rot': 0.00069}
  t=   5.25  cb_yield           L8-CB3 {'rot': 0.0009}
  t=   5.25  cb_yield           L9-CB3 {'rot': 0.00087}
  t=   5.25  cb_yield           L10-CB3 {'rot': 0.00083}
  t=   5.25  cb_yield           L11-CB3 {'rot': 0.00078}
  t=   5.25  cb_yield           L12-CB3 {'rot': 0.00075}
  t=   5.25  cb_yield           L13-CB3 {'rot': 0.00072}
  t=   5.25  cb_yield           L14-CB3 {'rot': 0.0007}
  t=   5.25  cb_yield           L15-CB3 {'rot': 0.00069}
  t=   5.38  cb_yield           L1-CB2 {'rot': 0.00103}
  t=   5.38  cb_yield           L9-CB2 {'rot': 0.00119}
  t=   5.38  cb_yield           L10-CB2 {'rot': 0.0011}
  t=   5.38  cb_yield           L11-CB2 {'rot': 0.00101}
  t=   5.38  cb_yield           L12-CB2 {'rot': 0.00092}
  t=   5.38  cb_yield           L13-CB2 {'rot': 0.00084}
  t=   5.38  cb_yield           L14-CB2 {'rot': 0.00076}
  t=   5.38  cb_yield           L15-CB2 {'rot': 0.0007}
  t=   5.38  cb_yield           L16-CB3 {'rot': 0.00092}
  t=   5.38  cb_yield           L17-CB3 {'rot': 0.00088}
  t=   5.38  cb_yield           L18-CB3 {'rot': 0.0008}
  t=   5.50  cb_yield           L1-CB0 {'rot': 0.00086}
  t=   5.50  cb_yield           L2-CB0 {'rot': 0.00089}
  t=   5.50  cb_yield           L3-CB0 {'rot': 0.00081}
  t=   5.50  cb_yield           L4-CB0 {'rot': 0.0007}
  t=   5.50  cb_yield           L16-CB2 {'rot': 0.00083}
  t=   5.50  cb_yield           L17-CB2 {'rot': 0.00075}
  t=   5.50  cb_yield           L19-CB3 {'rot': 0.00077}
  t=   5.63  cb_yield           L18-CB2 {'rot': 0.00076}
  t=   5.75  cb_yield           L20-CB3 {'rot': 0.00076}
  t=   6.13  cb_yield           L2-CB1 {'rot': 0.00072}
  t=   6.13  cb_yield           L3-CB1 {'rot': 0.00072}
  t=   6.13  cb_yield           L4-CB1 {'rot': 0.0007}
  t=   6.13  cb_yield           L5-CB0 {'rot': 0.00071}
  t=   6.25  cb_yield           L5-CB1 {'rot': 0.00102}
  t=   6.25  cb_yield           L6-CB0 {'rot': 0.00101}
  t=   6.25  cb_yield           L6-CB1 {'rot': 0.00092}
  t=   6.25  cb_yield           L7-CB0 {'rot': 0.00085}
  t=   6.25  cb_yield           L7-CB1 {'rot': 0.00082}
  t=   6.25  cb_yield           L8-CB0 {'rot': 0.00074}
  t=   6.25  cb_yield           L8-CB1 {'rot': 0.00073}
  t=   7.13  cb_yield           L18-CB0 {'rot': 0.00075}
  t=   7.13  cb_yield           L19-CB0 {'rot': 0.00075}
  t=   7.25  cb_yield           L12-CB0 {'rot': 0.00071}
  t=   7.25  cb_yield           L13-CB0 {'rot': 0.00075}
  t=   7.25  cb_yield           L13-CB1 {'rot': 0.0007}
  t=   7.25  cb_yield           L14-CB0 {'rot': 0.00079}
  t=   7.25  cb_yield           L14-CB1 {'rot': 0.00072}
  t=   7.25  cb_yield           L15-CB0 {'rot': 0.00086}
  t=   7.25  cb_yield           L15-CB1 {'rot': 0.00079}
  t=   7.25  cb_yield           L16-CB0 {'rot': 0.00095}
  t=   7.25  cb_yield           L16-CB1 {'rot': 0.00087}
  t=   7.25  cb_yield           L17-CB0 {'rot': 0.00111}
  t=   7.25  cb_yield           L17-CB1 {'rot': 0.00103}
  t=   7.25  cb_yield           L18-CB1 {'rot': 0.00112}
  t=   7.25  cb_yield           L19-CB1 {'rot': 0.00116}
  t=   7.25  cb_yield           L20-CB0 {'rot': 0.00122}
  t=   7.25  cb_yield           L20-CB1 {'rot': 0.00117}
  t=   7.25  cb_yield           L21-CB0 {'rot': 0.00115}
  t=   7.25  cb_yield           L21-CB1 {'rot': 0.00112}
  t=   7.25  cb_yield           L22-CB0 {'rot': 0.00106}
  t=   7.25  cb_yield           L22-CB1 {'rot': 0.00103}
  t=   7.25  cb_yield           L23-CB0 {'rot': 0.00096}
  t=   7.25  cb_yield           L23-CB1 {'rot': 0.00093}
  t=   7.25  cb_yield           L24-CB0 {'rot': 0.00084}
  t=   7.25  cb_yield           L24-CB1 {'rot': 0.00082}
  t=   7.25  cb_yield           L25-CB0 {'rot': 0.00075}
  t=   7.38  cb_yield           L9-CB0 {'rot': 0.00077}
  t=   7.38  cb_yield           L9-CB1 {'rot': 0.00083}
  t=   7.38  cb_yield           L10-CB0 {'rot': 0.00085}
  t=   7.38  cb_yield           L10-CB1 {'rot': 0.00087}
  t=   7.38  cb_yield           L11-CB0 {'rot': 0.00093}
  t=   7.38  cb_yield           L11-CB1 {'rot': 0.00093}
  t=   7.38  cb_yield           L12-CB1 {'rot': 0.00103}
  t=   7.38  cb_yield           L25-CB1 {'rot': 0.00078}
  t=   7.50  cb_yield           L1-CB1 {'rot': 0.00101}
  t=   8.25  cb_yield           L19-CB2 {'rot': 0.00079}
  t=   8.25  cb_yield           L21-CB3 {'rot': 0.00097}
  t=   8.25  cb_yield           L22-CB3 {'rot': 0.00079}
  t=   8.38  cb_yield           L20-CB2 {'rot': 0.00169}
  t=   8.38  cb_yield           L21-CB2 {'rot': 0.00141}
  t=   8.38  cb_yield           L22-CB2 {'rot': 0.00115}
  t=   8.38  cb_yield           L23-CB2 {'rot': 0.0009}
  t=   8.38  cb_yield           L23-CB3 {'rot': 0.00111}
  t=   8.38  cb_yield           L24-CB3 {'rot': 0.00086}
  t=   8.50  cb_yield           L24-CB2 {'rot': 0.00094}
  t=   8.50  cb_yield           L25-CB3 {'rot': 0.00075}
  t=   8.75  cb_yield           L25-CB2 {'rot': 0.00077}
  t=   8.88  cb_yield           L26-CB2 {'rot': 0.00103}
  t=   8.88  cb_yield           L26-CB3 {'rot': 0.00121}
  t=   8.88  cb_yield           L27-CB2 {'rot': 0.00078}
  t=   8.88  cb_yield           L27-CB3 {'rot': 0.0009}
  t=   9.00  cb_yield           L28-CB2 {'rot': 0.00095}
  t=   9.00  cb_yield           L28-CB3 {'rot': 0.00098}
  t=   9.38  cb_yield           L26-CB1 {'rot': 0.00075}
  t=   9.50  cb_yield           L26-CB0 {'rot': 0.00112}
  t=   9.50  cb_yield           L27-CB0 {'rot': 0.00103}
  t=   9.50  cb_yield           L27-CB1 {'rot': 0.00135}
  t=   9.50  cb_yield           L28-CB0 {'rot': 0.00093}
  t=   9.50  cb_yield           L28-CB1 {'rot': 0.00119}
  t=   9.50  cb_yield           L29-CB0 {'rot': 0.00082}
  t=   9.50  cb_yield           L29-CB1 {'rot': 0.00102}
  t=   9.50  cb_yield           L30-CB1 {'rot': 0.00078}
  progress t=  10.0s  max corner drift so far=0.0059  wall clock=97s
  t=  11.75  cb_yield           L30-CB0 {'rot': 0.00092}
  t=  11.75  cb_yield           L31-CB1 {'rot': 0.00078}
  t=  11.88  cb_yield           L29-CB3 {'rot': 0.00089}
  t=  11.88  cb_yield           L30-CB3 {'rot': 0.00083}
  t=  11.88  cb_yield           L31-CB3 {'rot': 0.00077}
  t=  12.38  cb_failure         L3-CB2 {'rot': 0.02624}
  t=  12.38  cb_failure         L4-CB2 {'rot': 0.02961}
  t=  12.38  cb_failure         L4-CB3 {'rot': 0.02715}
  t=  12.38  cb_failure         L5-CB0 {'rot': 0.02604}
  t=  12.38  cb_failure         L5-CB1 {'rot': 0.02613}
  t=  12.38  cb_failure         L5-CB2 {'rot': 0.03145}
  t=  12.38  cb_failure         L5-CB3 {'rot': 0.02925}
  t=  12.38  cb_failure         L6-CB0 {'rot': 0.02651}
  t=  12.38  cb_failure         L6-CB1 {'rot': 0.02689}
  t=  12.38  cb_failure         L6-CB2 {'rot': 0.0321}
  t=  12.38  cb_failure         L6-CB3 {'rot': 0.03022}
  t=  12.38  cb_failure         L7-CB0 {'rot': 0.0262}
  t=  12.38  cb_failure         L7-CB1 {'rot': 0.02679}
  t=  12.38  cb_failure         L7-CB2 {'rot': 0.03186}
  t=  12.38  cb_failure         L7-CB3 {'rot': 0.03035}
  t=  12.38  cb_failure         L8-CB0 {'rot': 0.0252}
  t=  12.38  cb_failure         L8-CB1 {'rot': 0.02582}
  t=  12.38  cb_failure         L8-CB2 {'rot': 0.03086}
  t=  12.38  cb_failure         L8-CB3 {'rot': 0.02958}
  t=  12.38  cb_failure         L9-CB2 {'rot': 0.02907}
  t=  12.38  cb_failure         L9-CB3 {'rot': 0.02799}
  t=  12.38  cb_failure         L10-CB2 {'rot': 0.02656}
  t=  12.38  cb_failure         L10-CB3 {'rot': 0.02565}
  t=  12.50  cb_failure         L2-CB2 {'rot': 0.02676}
  t=  12.50  cb_failure         L3-CB0 {'rot': 0.02864}
  t=  12.50  cb_failure         L3-CB1 {'rot': 0.02893}
  t=  12.50  cb_failure         L3-CB3 {'rot': 0.03035}
  t=  12.50  cb_failure         L4-CB0 {'rot': 0.03247}
  t=  12.50  cb_failure         L4-CB1 {'rot': 0.03313}
  t=  12.50  cb_failure         L9-CB0 {'rot': 0.03405}
  t=  12.50  cb_failure         L9-CB1 {'rot': 0.03564}
  t=  12.50  cb_failure         L10-CB0 {'rot': 0.03189}
  t=  12.50  cb_failure         L10-CB1 {'rot': 0.03336}
  t=  12.50  cb_failure         L11-CB0 {'rot': 0.02895}
  t=  12.50  cb_failure         L11-CB1 {'rot': 0.03026}
  t=  12.50  cb_failure         L11-CB2 {'rot': 0.03214}
  t=  12.50  cb_failure         L11-CB3 {'rot': 0.03227}
  t=  12.50  cb_failure         L12-CB0 {'rot': 0.02523}
  t=  12.50  cb_failure         L12-CB1 {'rot': 0.0264}
  t=  12.50  cb_failure         L12-CB2 {'rot': 0.02823}
  t=  12.50  cb_failure         L12-CB3 {'rot': 0.02856}
  t=  12.63  cb_failure         L2-CB0 {'rot': 0.03025}
  t=  12.63  cb_failure         L2-CB1 {'rot': 0.03164}
  t=  12.63  cb_failure         L2-CB3 {'rot': 0.03184}
  t=  12.63  cb_failure         L13-CB0 {'rot': 0.0327}
  t=  12.63  cb_failure         L13-CB1 {'rot': 0.0343}
  t=  12.63  cb_failure         L13-CB2 {'rot': 0.03357}
  t=  12.63  cb_failure         L13-CB3 {'rot': 0.03437}
  t=  12.63  cb_failure         L14-CB0 {'rot': 0.02834}
  t=  12.63  cb_failure         L14-CB1 {'rot': 0.02988}
  t=  12.63  cb_failure         L14-CB2 {'rot': 0.02891}
  t=  12.63  cb_failure         L14-CB3 {'rot': 0.02985}
  t=  12.63  cb_failure         L15-CB1 {'rot': 0.02524}
  t=  12.63  cb_failure         L15-CB3 {'rot': 0.02501}
  t=  12.75  cb_failure         L1-CB0 {'rot': 0.02601}
  t=  12.75  cb_failure         L1-CB1 {'rot': 0.02777}
  t=  12.75  cb_failure         L1-CB2 {'rot': 0.02971}
  t=  12.75  cb_failure         L1-CB3 {'rot': 0.0274}
  t=  12.75  cb_failure         L15-CB0 {'rot': 0.03431}
  t=  12.75  cb_failure         L15-CB2 {'rot': 0.03291}
  t=  12.75  cb_failure         L16-CB0 {'rot': 0.02894}
  t=  12.75  cb_failure         L16-CB1 {'rot': 0.03063}
  t=  12.75  cb_failure         L16-CB2 {'rot': 0.02728}
  t=  12.75  cb_failure         L16-CB3 {'rot': 0.02845}
  t=  12.88  cb_failure         L17-CB0 {'rot': 0.02711}
  t=  12.88  cb_failure         L17-CB1 {'rot': 0.029}
  t=  12.88  cb_failure         L17-CB3 {'rot': 0.0258}
  t=  12.88  cb_yield           L29-CB2 {'rot': 0.00092}
  t=  12.88  cb_yield           L30-CB2 {'rot': 0.00078}
  t=  13.13  cb_failure         L17-CB2 {'rot': 0.02544}
  t=  13.25  cb_failure         L18-CB1 {'rot': 0.02478}
  t=  13.38  cb_failure         L18-CB0 {'rot': 0.02631}
  t=  13.38  cb_failure         L18-CB2 {'rot': 0.02596}
  t=  13.38  cb_failure         L18-CB3 {'rot': 0.02788}
  t=  13.63  cb_failure         L19-CB1 {'rot': 0.0255}
  t=  13.63  cb_failure         L19-CB3 {'rot': 0.02583}
  t=  17.88  cb_yield           L31-CB0 {'rot': 0.00097}
  t=  17.88  cb_yield           L32-CB0 {'rot': 0.00078}
  t=  18.00  cb_yield           L33-CB0 {'rot': 0.00092}
  t=  18.13  cb_yield           L32-CB1 {'rot': 0.00105}
  t=  18.13  cb_yield           L32-CB3 {'rot': 0.00081}
  t=  18.13  cb_yield           L33-CB1 {'rot': 0.00093}
  t=  18.13  cb_yield           L33-CB3 {'rot': 0.00075}
  t=  19.75  cb_failure         L19-CB2 {'rot': 0.02961}
  t=  19.75  cb_failure         L20-CB2 {'rot': 0.02515}
  t=  19.75  cb_failure         L20-CB3 {'rot': 0.02935}
  t=  19.75  cb_yield           L31-CB2 {'rot': 0.00147}
  t=  19.75  cb_yield           L32-CB2 {'rot': 0.00091}
  t=  19.87  cb_failure         L21-CB2 {'rot': 0.02699}
  t=  19.87  cb_failure         L21-CB3 {'rot': 0.03008}
  t=  19.87  cb_failure         L22-CB3 {'rot': 0.02562}
  t=  19.87  cb_yield           L33-CB2 {'rot': 0.00237}
  t=  20.00  cb_failure         L22-CB2 {'rot': 0.02698}
  t=  20.00  cb_failure         L23-CB3 {'rot': 0.02499}
  progress t=  20.0s  max corner drift so far=0.0209  wall clock=243s
  t=  21.12  cb_failure         L19-CB0 {'rot': 0.02665}
  t=  21.12  cb_failure         L20-CB1 {'rot': 0.0248}
  t=  21.37  cb_failure         L20-CB0 {'rot': 0.02797}
  t=  21.37  cb_failure         L21-CB1 {'rot': 0.02479}
  t=  21.50  cb_failure         L21-CB0 {'rot': 0.0251}
  t=  22.00  cb_failure         L22-CB1 {'rot': 0.02524}
  t=  29.00  cb_failure         L22-CB0 {'rot': 0.02503}
  progress t=  30.0s  max corner drift so far=0.0250  wall clock=423s
  t= 30.125  solver fallback: NewtonLineSearch
  t= 30.175  solver fallback: NewtonLineSearch
  t=  30.25  cb_failure         L23-CB0 {'rot': 0.02672}
  t=  30.25  cb_failure         L23-CB1 {'rot': 0.02519}
  t=  30.37  cb_failure         L24-CB0 {'rot': 0.02624}
  t=  30.37  cb_failure         L24-CB1 {'rot': 0.02624}
  t= 36.375  solver fallback: ModifiedNewton
  t=  37.50  wall_axial_failure S1-F {'gamma': 0.00074, 'eps': -0.00658, 'cause': 'crushing'}
  t=  37.62  cb_failure         L25-CB1 {'rot': 0.02874}
  t=  37.75  cb_failure         L25-CB0 {'rot': 0.0301}
  t=  37.75  cb_failure         L26-CB0 {'rot': 0.02512}
  t=  37.75  cb_failure         L26-CB1 {'rot': 0.03219}
  t=  37.75  cb_failure         L27-CB1 {'rot': 0.02669}
  t=  37.87  cb_failure         L24-CB3 {'rot': 0.02546}
  t=  38.00  cb_failure         L28-CB1 {'rot': 0.02543}
  t=  38.12  cb_failure         L25-CB3 {'rot': 0.02516}
  t=  38.12  cb_failure         L27-CB0 {'rot': 0.02564}
  t=  38.37  cb_failure         L26-CB3 {'rot': 0.02503}
  t=  39.12  cb_failure         L27-CB3 {'rot': 0.02596}
  progress t=  40.0s  max corner drift so far=0.0310  wall clock=698s
  t=  40.12  cb_failure         L28-CB3 {'rot': 0.02807}
  t= 40.150  solver fallback: 4 sub-steps
  t=  40.25  cb_failure         L29-CB3 {'rot': 0.02641}
  t=  40.37  cb_failure         L30-CB3 {'rot': 0.02602}
  t=  40.50  cb_failure         L31-CB3 {'rot': 0.02613}
  t=  40.50  cb_failure         L32-CB3 {'rot': 0.025}
  t=  41.62  cb_failure         L29-CB1 {'rot': 0.02731}
  t=  41.62  cb_failure         L30-CB1 {'rot': 0.02652}
  t=  41.62  cb_failure         L31-CB1 {'rot': 0.02608}
  t=  41.62  cb_failure         L32-CB1 {'rot': 0.02568}
  t=  43.50  cb_failure         L33-CB1 {'rot': 0.02723}
  t=  44.12  cb_failure         L23-CB2 {'rot': 0.02516}
  t=  44.12  cb_failure         L33-CB3 {'rot': 0.02656}
  t=  44.25  cb_failure         L24-CB2 {'rot': 0.02724}
  t=  44.25  cb_failure         L28-CB0 {'rot': 0.0254}
  t=  44.37  cb_failure         L25-CB2 {'rot': 0.03122}
  t=  44.37  cb_failure         L26-CB2 {'rot': 0.02638}
  t=  44.37  cb_failure         L29-CB0 {'rot': 0.0252}
  t=  44.50  cb_failure         L27-CB2 {'rot': 0.02629}
  t=  44.50  cb_failure         L30-CB0 {'rot': 0.02523}
  t=  44.62  cb_failure         L31-CB0 {'rot': 0.02738}
  t=  44.62  cb_failure         L32-CB0 {'rot': 0.02541}
  t= 44.650  solver fallback: ModifiedNewton
  t=  44.75  cb_failure         L33-CB0 {'rot': 0.02776}
  t= 44.800  solver fallback: NewtonLineSearch
  t=  46.50  cb_failure         L28-CB2 {'rot': 0.03033}
  t=  46.50  cb_failure         L29-CB2 {'rot': 0.02891}
  t=  46.50  cb_failure         L30-CB2 {'rot': 0.02761}
  t=  46.50  cb_failure         L31-CB2 {'rot': 0.0264}
  t=  46.50  cb_failure         L32-CB2 {'rot': 0.02553}
  t=  46.50  cb_failure         L33-CB2 {'rot': 0.02513}
  t=  46.77  wall_axial_failure S1-M {'gamma': 0.00068, 'eps': -0.00622, 'cause': 'crushing'}
  t= 46.775  solver fallback: NewtonLineSearch
  t= 46.825  solver fallback: 4 sub-steps
  t= 46.875  solver fallback: 4 sub-steps
  t= 46.925  solver fallback: 4 sub-steps
  t=  47.07  wall_axial_failure S1-R {'gamma': 0.00064, 'eps': -0.00755, 'cause': 'crushing'}
  t= 47.100  solver fallback: 4 sub-steps
