  t=   5.25  cb_yield           L3-CB3 {'rot': 0.0007}
  t=   5.25  cb_yield           L4-CB3 {'rot': 0.0007}
  t=   5.25  cb_yield           L5-CB3 {'rot': 0.0007}
  t=   5.25  cb_yield           L6-CB3 {'rot': 0.0007}
  t=   5.25  cb_yield           L7-CB3 {'rot': 0.0007}
  t=   5.25  cb_yield           L8-CB3 {'rot': 0.00069}
  t=   5.38  cb_yield           L1-CB2 {'rot': 0.00083}
  t=   5.38  cb_yield           L1-CB3 {'rot': 0.00095}
  t=   5.38  cb_yield           L2-CB2 {'rot': 0.00097}
  t=   5.38  cb_yield           L2-CB3 {'rot': 0.00115}
  t=   5.38  cb_yield           L3-CB2 {'rot': 0.00103}
  t=   5.38  cb_yield           L4-CB2 {'rot': 0.00108}
  t=   5.38  cb_yield           L5-CB2 {'rot': 0.00109}
  t=   5.38  cb_yield           L6-CB2 {'rot': 0.00107}
  t=   5.38  cb_yield           L7-CB2 {'rot': 0.00103}
  t=   5.38  cb_yield           L8-CB2 {'rot': 0.00099}
  t=   5.38  cb_yield           L9-CB2 {'rot': 0.00092}
  t=   5.38  cb_yield           L9-CB3 {'rot': 0.00123}
  t=   5.38  cb_yield           L10-CB2 {'rot': 0.00084}
  t=   5.38  cb_yield           L10-CB3 {'rot': 0.00116}
  t=   5.38  cb_yield           L11-CB2 {'rot': 0.00077}
  t=   5.38  cb_yield           L11-CB3 {'rot': 0.00108}
  t=   5.38  cb_yield           L12-CB2 {'rot': 0.00071}
  t=   5.38  cb_yield           L12-CB3 {'rot': 0.001}
  t=   5.38  cb_yield           L13-CB3 {'rot': 0.00093}
  t=   5.38  cb_yield           L14-CB3 {'rot': 0.00086}
  t=   5.38  cb_yield           L15-CB3 {'rot': 0.00079}
  t=   5.38  cb_yield           L16-CB3 {'rot': 0.00073}
  t=   5.50  cb_yield           L13-CB2 {'rot': 0.00096}
  t=   5.50  cb_yield           L14-CB2 {'rot': 0.00084}
  t=   5.50  cb_yield           L15-CB2 {'rot': 0.00075}
  t=   5.50  cb_yield           L17-CB3 {'rot': 0.00082}
  t=   5.63  cb_yield           L16-CB2 {'rot': 0.00081}
  t=   5.63  cb_yield           L18-CB3 {'rot': 0.00081}
  t=   5.75  cb_yield           L17-CB2 {'rot': 0.00079}
  t=   5.75  cb_yield           L19-CB3 {'rot': 0.00075}
  t=   6.13  cb_yield           L1-CB0 {'rot': 0.00069}
  t=   6.13  cb_yield           L2-CB0 {'rot': 0.0007}
  t=   6.25  cb_yield           L2-CB1 {'rot': 0.00076}
  t=   6.25  cb_yield           L3-CB0 {'rot': 0.00085}
  t=   6.25  cb_yield           L3-CB1 {'rot': 0.00077}
  t=   6.25  cb_yield           L4-CB0 {'rot': 0.00079}
  t=   6.25  cb_yield           L4-CB1 {'rot': 0.00075}
  t=   6.25  cb_yield           L5-CB0 {'rot': 0.00073}
  t=   6.25  cb_yield           L5-CB1 {'rot': 0.00072}
  t=   6.25  cb_yield           L6-CB1 {'rot': 0.00069}
  t=   7.25  cb_yield           L13-CB0 {'rot': 0.00069}
  t=   7.25  cb_yield           L14-CB0 {'rot': 0.00071}
  t=   7.25  cb_yield           L15-CB0 {'rot': 0.00075}
  t=   7.25  cb_yield           L15-CB1 {'rot': 0.0007}
  t=   7.25  cb_yield           L16-CB0 {'rot': 0.00081}
  t=   7.25  cb_yield           L16-CB1 {'rot': 0.00074}
  t=   7.25  cb_yield           L17-CB0 {'rot': 0.00091}
  t=   7.25  cb_yield           L17-CB1 {'rot': 0.00084}
  t=   7.25  cb_yield           L18-CB0 {'rot': 0.00092}
  t=   7.25  cb_yield           L18-CB1 {'rot': 0.00087}
  t=   7.25  cb_yield           L19-CB0 {'rot': 0.00089}
  t=   7.25  cb_yield           L19-CB1 {'rot': 0.00086}
  t=   7.25  cb_yield           L20-CB0 {'rot': 0.00084}
  t=   7.25  cb_yield           L20-CB1 {'rot': 0.00082}
  t=   7.25  cb_yield           L21-CB0 {'rot': 0.00077}
  t=   7.25  cb_yield           L21-CB1 {'rot': 0.00076}
  t=   7.38  cb_yield           L6-CB0 {'rot': 0.00069}
  t=   7.38  cb_yield           L7-CB0 {'rot': 0.0007}
  t=   7.38  cb_yield           L8-CB0 {'rot': 0.00073}
  t=   7.38  cb_yield           L9-CB0 {'rot': 0.00077}
  t=   7.38  cb_yield           L9-CB1 {'rot': 0.0007}
  t=   7.38  cb_yield           L10-CB0 {'rot': 0.00082}
  t=   7.38  cb_yield           L10-CB1 {'rot': 0.00073}
  t=   7.38  cb_yield           L11-CB0 {'rot': 0.00087}
  t=   7.38  cb_yield           L11-CB1 {'rot': 0.00077}
  t=   7.38  cb_yield           L12-CB0 {'rot': 0.00094}
  t=   7.38  cb_yield           L12-CB1 {'rot': 0.00083}
  t=   7.38  cb_yield           L13-CB1 {'rot': 0.0009}
  t=   7.38  cb_yield           L14-CB1 {'rot': 0.00097}
  t=   7.38  cb_yield           L22-CB0 {'rot': 0.0009}
  t=   7.38  cb_yield           L22-CB1 {'rot': 0.00085}
  t=   7.38  cb_yield           L23-CB0 {'rot': 0.00079}
  t=   7.38  cb_yield           L23-CB1 {'rot': 0.00076}
  t=   7.50  cb_yield           L1-CB1 {'rot': 0.00092}
  t=   7.50  cb_yield           L7-CB1 {'rot': 0.00112}
  t=   7.50  cb_yield           L8-CB1 {'rot': 0.00107}
  t=   8.25  cb_yield           L18-CB2 {'rot': 0.00087}
  t=   8.25  cb_yield           L19-CB2 {'rot': 0.00076}
  t=   8.25  cb_yield           L20-CB3 {'rot': 0.00091}
  t=   8.25  cb_yield           L21-CB3 {'rot': 0.00076}
  t=   8.38  cb_yield           L20-CB2 {'rot': 0.00137}
  t=   8.38  cb_yield           L21-CB2 {'rot': 0.00114}
  t=   8.38  cb_yield           L22-CB2 {'rot': 0.00092}
  t=   8.38  cb_yield           L22-CB3 {'rot': 0.00105}
  t=   8.38  cb_yield           L23-CB2 {'rot': 0.00075}
  t=   8.38  cb_yield           L23-CB3 {'rot': 0.00082}
  t=   8.50  cb_yield           L24-CB3 {'rot': 0.00074}
  t=   8.75  cb_yield           L24-CB2 {'rot': 0.00082}
  t=   8.88  cb_yield           L25-CB2 {'rot': 0.00113}
  t=   8.88  cb_yield           L25-CB3 {'rot': 0.00117}
  t=   8.88  cb_yield           L26-CB2 {'rot': 0.00088}
  t=   8.88  cb_yield           L26-CB3 {'rot': 0.0009}
  t=   9.00  cb_yield           L27-CB2 {'rot': 0.00095}
  t=   9.00  cb_yield           L27-CB3 {'rot': 0.00091}
  t=   9.00  cb_yield           L28-CB2 {'rot': 0.00075}
  t=   9.38  cb_yield           L24-CB1 {'rot': 0.00093}
  t=   9.38  cb_yield           L25-CB1 {'rot': 0.00085}
  t=   9.38  cb_yield           L26-CB1 {'rot': 0.00078}
  t=   9.50  cb_yield           L24-CB0 {'rot': 0.00112}
  t=   9.50  cb_yield           L25-CB0 {'rot': 0.00106}
  t=   9.50  cb_yield           L26-CB0 {'rot': 0.00097}
  t=   9.50  cb_yield           L27-CB0 {'rot': 0.00086}
  t=   9.50  cb_yield           L27-CB1 {'rot': 0.00118}
  t=   9.50  cb_yield           L28-CB0 {'rot': 0.00077}
  t=   9.50  cb_yield           L28-CB1 {'rot': 0.00101}
  t=   9.50  cb_yield           L29-CB1 {'rot': 0.00081}
  progress t=  10.0s  max corner drift so far=0.0046  wall clock=94s
  t=  11.63  cb_yield           L29-CB0 {'rot': 0.00075}
  t=  11.75  cb_yield           L30-CB0 {'rot': 0.00077}
  t=  11.75  cb_yield           L30-CB1 {'rot': 0.00081}
  t=  12.38  cb_failure         L5-CB2 {'rot': 0.02514}
  t=  12.38  cb_failure         L6-CB2 {'rot': 0.02551}
  t=  12.38  cb_failure         L7-CB2 {'rot': 0.02512}
  t=  12.50  cb_failure         L3-CB0 {'rot': 0.02505}
  t=  12.50  cb_failure         L3-CB1 {'rot': 0.025}
  t=  12.50  cb_failure         L3-CB2 {'rot': 0.02695}
  t=  12.50  cb_failure         L3-CB3 {'rot': 0.0256}
  t=  12.50  cb_failure         L4-CB0 {'rot': 0.02849}
  t=  12.50  cb_failure         L4-CB1 {'rot': 0.02886}
  t=  12.50  cb_failure         L4-CB2 {'rot': 0.0304}
  t=  12.50  cb_failure         L4-CB3 {'rot': 0.02939}
  t=  12.50  cb_failure         L5-CB0 {'rot': 0.03041}
  t=  12.50  cb_failure         L5-CB1 {'rot': 0.03114}
  t=  12.50  cb_failure         L5-CB3 {'rot': 0.0316}
  t=  12.50  cb_failure         L6-CB0 {'rot': 0.03117}
  t=  12.50  cb_failure         L6-CB1 {'rot': 0.03212}
  t=  12.50  cb_failure         L6-CB3 {'rot': 0.03256}
  t=  12.50  cb_failure         L7-CB0 {'rot': 0.03105}
  t=  12.50  cb_failure         L7-CB1 {'rot': 0.03223}
  t=  12.50  cb_failure         L7-CB3 {'rot': 0.03267}
  t=  12.50  cb_failure         L8-CB0 {'rot': 0.03013}
  t=  12.50  cb_failure         L8-CB1 {'rot': 0.03133}
  t=  12.50  cb_failure         L8-CB2 {'rot': 0.03156}
  t=  12.50  cb_failure         L8-CB3 {'rot': 0.0318}
  t=  12.50  cb_failure         L9-CB0 {'rot': 0.02842}
  t=  12.50  cb_failure         L9-CB1 {'rot': 0.02959}
  t=  12.50  cb_failure         L9-CB2 {'rot': 0.0297}
  t=  12.50  cb_failure         L9-CB3 {'rot': 0.0301}
  t=  12.50  cb_failure         L10-CB0 {'rot': 0.02596}
  t=  12.50  cb_failure         L10-CB1 {'rot': 0.02709}
  t=  12.50  cb_failure         L10-CB2 {'rot': 0.0271}
  t=  12.50  cb_failure         L10-CB3 {'rot': 0.02766}
  t=  12.63  cb_failure         L2-CB0 {'rot': 0.0255}
  t=  12.63  cb_failure         L2-CB1 {'rot': 0.02617}
  t=  12.63  cb_failure         L2-CB2 {'rot': 0.02738}
  t=  12.63  cb_failure         L2-CB3 {'rot': 0.02608}
  t=  12.63  cb_failure         L11-CB0 {'rot': 0.03389}
  t=  12.63  cb_failure         L11-CB1 {'rot': 0.03539}
  t=  12.63  cb_failure         L11-CB2 {'rot': 0.03351}
  t=  12.63  cb_failure         L11-CB3 {'rot': 0.0345}
  t=  12.63  cb_failure         L12-CB0 {'rot': 0.03097}
  t=  12.63  cb_failure         L12-CB1 {'rot': 0.0324}
  t=  12.63  cb_failure         L12-CB2 {'rot': 0.03034}
  t=  12.63  cb_failure         L12-CB3 {'rot': 0.03142}
  t=  12.63  cb_failure         L13-CB0 {'rot': 0.02724}
  t=  12.63  cb_failure         L13-CB1 {'rot': 0.02848}
  t=  12.63  cb_failure         L13-CB2 {'rot': 0.0264}
  t=  12.63  cb_failure         L13-CB3 {'rot': 0.02739}
  t=  12.75  cb_failure         L14-CB0 {'rot': 0.03358}
  t=  12.75  cb_failure         L14-CB1 {'rot': 0.03538}
  t=  12.75  cb_failure         L14-CB2 {'rot': 0.03141}
  t=  12.75  cb_failure         L14-CB3 {'rot': 0.03291}
  t=  12.75  cb_failure         L15-CB0 {'rot': 0.02873}
  t=  12.75  cb_failure         L15-CB1 {'rot': 0.03046}
  t=  12.75  cb_failure         L15-CB2 {'rot': 0.02643}
  t=  12.75  cb_failure         L15-CB3 {'rot': 0.02789}
  t=  12.75  cb_failure         L16-CB1 {'rot': 0.02495}
  t=  12.88  cb_failure         L16-CB0 {'rot': 0.03009}
  t=  12.88  cb_failure         L16-CB2 {'rot': 0.0271}
  t=  12.88  cb_failure         L16-CB3 {'rot': 0.02878}
  t=  12.88  cb_failure         L17-CB1 {'rot': 0.02531}
  t=  12.88  cb_yield           L29-CB2 {'rot': 0.00088}
  t=  13.25  cb_failure         L17-CB3 {'rot': 0.02498}
  t=  13.38  cb_failure         L17-CB0 {'rot': 0.02536}
  t=  13.38  cb_yield           L28-CB3 {'rot': 0.00081}
  t=  13.50  cb_failure         L17-CB2 {'rot': 0.02682}
  t=  14.25  cb_yield           L29-CB3 {'rot': 0.0008}
  t=  15.13  cb_yield           L30-CB3 {'rot': 0.0012}
  t=  15.13  cb_yield           L31-CB3 {'rot': 0.00085}
  t=  17.75  cb_yield           L31-CB0 {'rot': 0.00075}
  t=  17.88  cb_yield           L31-CB1 {'rot': 0.00076}
  t=  17.88  cb_yield           L32-CB0 {'rot': 0.00089}
  t=  18.00  cb_yield           L32-CB1 {'rot': 0.00126}
  t=  18.00  cb_yield           L32-CB3 {'rot': 0.00079}
  t=  18.00  cb_yield           L33-CB0 {'rot': 0.00182}
  t=  18.00  cb_yield           L33-CB1 {'rot': 0.00112}
  t=  18.00  cb_yield           L33-CB3 {'rot': 0.00075}
  t=  19.50  cb_failure         L18-CB2 {'rot': 0.02612}
  t=  19.50  cb_failure         L18-CB3 {'rot': 0.02946}
  t=  19.50  cb_failure         L19-CB3 {'rot': 0.02548}
  t=  19.50  cb_yield           L30-CB2 {'rot': 0.00166}
  t=  19.50  cb_yield           L31-CB2 {'rot': 0.00104}
  t=  19.62  cb_failure         L19-CB2 {'rot': 0.0267}
  t=  19.62  cb_failure         L20-CB3 {'rot': 0.02675}
  t=  19.62  cb_yield           L32-CB2 {'rot': 0.00137}
  t=  19.62  cb_yield           L33-CB2 {'rot': 0.00111}
  t=  19.75  cb_failure         L20-CB2 {'rot': 0.02744}
  t=  19.75  cb_failure         L21-CB3 {'rot': 0.02734}
  t=  19.87  cb_failure         L21-CB2 {'rot': 0.0267}
  t=  19.87  cb_failure         L22-CB3 {'rot': 0.02653}
  t=  20.00  cb_failure         L22-CB2 {'rot': 0.02499}
  progress t=  20.0s  max corner drift so far=0.0183  wall clock=243s
  t=  20.12  cb_failure         L1-CB2 {'rot': 0.02492}
  t=  20.12  cb_failure         L23-CB3 {'rot': 0.02547}
  t=  20.25  cb_failure         L1-CB3 {'rot': 0.02572}
  t=  21.37  cb_failure         L18-CB1 {'rot': 0.02526}
  t=  21.50  cb_failure         L18-CB0 {'rot': 0.02739}
  t=  21.62  cb_failure         L19-CB0 {'rot': 0.02614}
  t=  21.62  cb_failure         L19-CB1 {'rot': 0.0264}
  t=  22.00  cb_failure         L20-CB0 {'rot': 0.02571}
  t=  28.87  cb_failure         L20-CB1 {'rot': 0.02551}
  progress t=  30.0s  max corner drift so far=0.0186  wall clock=408s
  t= 33.975  solver fallback: NewtonLineSearch
  t=  36.25  cb_failure         L21-CB1 {'rot': 0.02573}
  t=  36.37  cb_failure         L21-CB0 {'rot': 0.02657}
  t=  36.37  cb_failure         L22-CB1 {'rot': 0.02533}
  t=  36.50  cb_failure         L22-CB0 {'rot': 0.02758}
  t=  36.50  cb_failure         L23-CB1 {'rot': 0.02503}
  t=  36.62  cb_failure         L23-CB0 {'rot': 0.02601}
  t=  36.62  cb_failure         L23-CB2 {'rot': 0.02515}
  t=  36.87  cb_failure         L1-CB0 {'rot': 0.02703}
  t=  36.87  cb_failure         L1-CB1 {'rot': 0.02625}
  t=  36.87  cb_failure         L24-CB1 {'rot': 0.02493}
  progress t=  40.0s  max corner drift so far=0.0220  wall clock=590s
  t=  43.37  cb_failure         L24-CB0 {'rot': 0.02977}
  t=  43.37  cb_failure         L25-CB1 {'rot': 0.02776}
  t=  43.50  cb_failure         L25-CB0 {'rot': 0.02605}
  t=  43.62  cb_failure         L26-CB1 {'rot': 0.02517}
  t=  44.12  cb_failure         L24-CB3 {'rot': 0.02646}
  t=  44.25  cb_failure         L24-CB2 {'rot': 0.02847}
  t=  44.25  cb_failure         L25-CB3 {'rot': 0.0263}
  t=  44.37  cb_failure         L26-CB0 {'rot': 0.02563}
  t= 44.675  solver fallback: ModifiedNewton
  t=  45.75  cb_failure         L25-CB2 {'rot': 0.02543}
  t=  45.87  cb_failure         L26-CB2 {'rot': 0.02521}
  t=  46.00  cb_failure         L26-CB3 {'rot': 0.02476}
  progress t=  50.0s  max corner drift so far=0.0309  wall clock=812s
  t=  51.75  cb_failure         L27-CB1 {'rot': 0.02591}
  progress t=  60.0s  max corner drift so far=0.0309  wall clock=970s
  progress t=  70.0s  max corner drift so far=0.0309  wall clock=1127s
  t=  75.88  cb_failure         L27-CB3 {'rot': 0.0253}
  progress t=  80.0s  max corner drift so far=0.0309  wall clock=1301s
  t=  80.53  wall_axial_failure S1-F {'gamma': 0.00157, 'eps': -0.00603, 'cause': 'crushing'}
  t=  80.75  cb_failure         L28-CB1 {'rot': 0.04008}
  t=  80.75  cb_failure         L28-CB3 {'rot': 0.02738}
  t=  80.75  cb_failure         L29-CB1 {'rot': 0.03547}
  t=  80.75  cb_failure         L30-CB1 {'rot': 0.03049}
  t=  80.75  cb_failure         L31-CB1 {'rot': 0.02802}
  t=  80.75  cb_failure         L32-CB1 {'rot': 0.02718}
  t=  80.88  cb_failure         L29-CB3 {'rot': 0.04017}
  t=  80.88  cb_failure         L30-CB3 {'rot': 0.03888}
  t=  80.88  cb_failure         L31-CB3 {'rot': 0.03817}
  t=  80.88  cb_failure         L32-CB3 {'rot': 0.03764}
  t=  83.00  wall_flexure_strength_loss S33-F {'rot_x': 0.0, 'rot_y': 0.01676}
  t=  83.00  cb_failure         L33-CB1 {'rot': 0.027}
  t=  83.00  cb_failure         L33-CB3 {'rot': 0.02827}
  t=  83.13  cb_failure         L27-CB2 {'rot': 0.02915}
  t=  83.13  cb_failure         L28-CB2 {'rot': 0.02554}
  t=  83.25  cb_failure         L29-CB2 {'rot': 0.02541}
  t=  83.50  cb_failure         L30-CB2 {'rot': 0.02675}
  t=  83.63  cb_failure         L31-CB2 {'rot': 0.02673}
  t=  83.63  cb_failure         L32-CB2 {'rot': 0.02538}
  t=  83.63  cb_failure         L33-CB2 {'rot': 0.02479}
  t= 84.900  solver fallback: ModifiedNewton
  t= 86.100  solver fallback: ModifiedNewton
  t= 87.825  solver fallback: ModifiedNewton
  t= 89.525  solver fallback: NewtonLineSearch
  t= 89.850  solver fallback: ModifiedNewton
  t= 89.975  solver fallback: NewtonLineSearch
  progress t=  90.0s  max corner drift so far=0.0309  wall clock=1627s
  t= 90.050  solver fallback: NewtonLineSearch
  t=  91.13  wall_axial_failure S33-F {'rot_x': 0.0, 'b_x': 0.02, 'rot_y': 0.02066, 'b_y': 0.02, 'cause': 'flexure-compression (ASCE 41 b)'}
  t= 91.225  solver fallback: ModifiedNewton
  t= 91.350  solver fallback: ModifiedNewton
  t= 91.400  solver fallback: ModifiedNewton
  t= 91.550  solver fallback: ModifiedNewton
  t= 91.600  solver fallback: ModifiedNewton
  t= 91.700  solver fallback: ModifiedNewton
  t= 92.825  solver fallback: ModifiedNewton
  t= 92.850  solver fallback: NewtonLineSearch
  t= 93.175  solver fallback: NewtonLineSearch
  t=  93.63  cb_failure         L27-CB0 {'rot': 0.0253}
  t= 93.925  solver fallback: ModifiedNewton
  t= 94.075  solver fallback: ModifiedNewton
  t=  94.13  cb_failure         L28-CB0 {'rot': 0.02605}
  t= 94.150  solver fallback: ModifiedNewton
  t= 94.200  solver fallback: NewtonLineSearch
  t= 94.225  solver fallback: NewtonLineSearch
  t=  94.25  cb_failure         L29-CB0 {'rot': 0.02539}
  t= 94.300  solver fallback: NewtonLineSearch
  t=  94.38  cb_failure         L30-CB0 {'rot': 0.02671}
  t=  94.38  cb_failure         L31-CB0 {'rot': 0.02551}
  t=  94.50  cb_failure         L32-CB0 {'rot': 0.02711}
  t=  94.50  cb_failure         L33-CB0 {'rot': 0.02692}
  t= 94.550  solver fallback: ModifiedNewton
  t= 95.075  solver fallback: NewtonLineSearch
  t= 95.400  solver fallback: ModifiedNewton
  t= 95.425  solver fallback: ModifiedNewton
  t= 96.475  solver fallback: ModifiedNewton
  t= 96.575  solver fallback: NewtonLineSearch
