  t=   3.25  cb_yield           L4-CB3 {'rot': 0.00071}
  t=   3.25  cb_yield           L5-CB3 {'rot': 0.00072}
  t=   3.25  cb_yield           L6-CB3 {'rot': 0.00072}
  t=   3.25  cb_yield           L7-CB3 {'rot': 0.00071}
  t=   3.25  cb_yield           L8-CB3 {'rot': 0.00071}
  t=   3.25  cb_yield           L9-CB3 {'rot': 0.0007}
  t=   3.25  cb_yield           L10-CB3 {'rot': 0.00069}
  t=   3.37  cb_yield           L2-CB3 {'rot': 0.00079}
  t=   3.37  cb_yield           L3-CB3 {'rot': 0.00086}
  t=   3.37  cb_yield           L8-CB2 {'rot': 0.00069}
  t=   3.37  cb_yield           L9-CB2 {'rot': 0.00071}
  t=   3.37  cb_yield           L10-CB2 {'rot': 0.00072}
  t=   3.37  cb_yield           L11-CB2 {'rot': 0.00072}
  t=   3.37  cb_yield           L11-CB3 {'rot': 0.00088}
  t=   3.37  cb_yield           L12-CB2 {'rot': 0.00072}
  t=   3.37  cb_yield           L12-CB3 {'rot': 0.00085}
  t=   3.37  cb_yield           L13-CB2 {'rot': 0.00072}
  t=   3.37  cb_yield           L13-CB3 {'rot': 0.00082}
  t=   3.37  cb_yield           L14-CB2 {'rot': 0.00071}
  t=   3.37  cb_yield           L14-CB3 {'rot': 0.00079}
  t=   3.37  cb_yield           L15-CB2 {'rot': 0.00069}
  t=   3.37  cb_yield           L15-CB3 {'rot': 0.00075}
  t=   3.37  cb_yield           L16-CB3 {'rot': 0.00071}
  t=   3.50  cb_yield           L1-CB3 {'rot': 0.00087}
  t=   3.50  cb_yield           L5-CB2 {'rot': 0.0007}
  t=   3.50  cb_yield           L6-CB2 {'rot': 0.00074}
  t=   3.50  cb_yield           L7-CB2 {'rot': 0.00077}
  t=   3.62  cb_yield           L2-CB2 {'rot': 0.0007}
  t=   3.62  cb_yield           L3-CB2 {'rot': 0.00074}
  t=   3.62  cb_yield           L4-CB2 {'rot': 0.00079}
  t=   6.38  cb_yield           L5-CB1 {'rot': 0.0007}
  t=   6.38  cb_yield           L6-CB1 {'rot': 0.00071}
  t=   6.38  cb_yield           L7-CB1 {'rot': 0.00071}
  t=   6.38  cb_yield           L8-CB1 {'rot': 0.0007}
  t=   6.38  cb_yield           L9-CB1 {'rot': 0.00069}
  t=   6.50  cb_yield           L4-CB1 {'rot': 0.00069}
  t=   6.50  cb_yield           L10-CB1 {'rot': 0.0007}
  t=   6.75  cb_yield           L3-CB1 {'rot': 0.00069}
  t=   7.25  cb_yield           L17-CB3 {'rot': 0.00099}
  t=   7.25  cb_yield           L18-CB3 {'rot': 0.00103}
  t=   7.25  cb_yield           L19-CB3 {'rot': 0.00105}
  t=   7.25  cb_yield           L20-CB2 {'rot': 0.00074}
  t=   7.25  cb_yield           L20-CB3 {'rot': 0.00105}
  t=   7.25  cb_yield           L21-CB2 {'rot': 0.00074}
  t=   7.25  cb_yield           L21-CB3 {'rot': 0.00104}
  t=   7.25  cb_yield           L22-CB3 {'rot': 0.001}
  t=   7.25  cb_yield           L23-CB3 {'rot': 0.00094}
  t=   7.25  cb_yield           L24-CB3 {'rot': 0.00086}
  t=   7.25  cb_yield           L25-CB3 {'rot': 0.00079}
  t=   7.25  cb_yield           L26-CB3 {'rot': 0.00074}
  t=   7.38  cb_yield           L16-CB2 {'rot': 0.00077}
  t=   7.38  cb_yield           L17-CB2 {'rot': 0.00085}
  t=   7.38  cb_yield           L18-CB2 {'rot': 0.00088}
  t=   7.38  cb_yield           L19-CB2 {'rot': 0.0009}
  t=   7.38  cb_yield           L22-CB2 {'rot': 0.00083}
  t=   7.38  cb_yield           L23-CB2 {'rot': 0.00077}
  t=   7.63  cb_yield           L1-CB2 {'rot': 0.00105}
  t=   8.25  cb_yield           L1-CB1 {'rot': 0.00074}
  t=   8.25  cb_yield           L2-CB0 {'rot': 0.0008}
  t=   8.25  cb_yield           L2-CB1 {'rot': 0.00091}
  t=   8.25  cb_yield           L3-CB0 {'rot': 0.00081}
  t=   8.25  cb_yield           L4-CB0 {'rot': 0.00078}
  t=   8.25  cb_yield           L5-CB0 {'rot': 0.00073}
  t=   8.38  cb_yield           L1-CB0 {'rot': 0.00107}
  t=   8.38  cb_yield           L6-CB0 {'rot': 0.00126}
  t=   8.38  cb_yield           L7-CB0 {'rot': 0.00108}
  t=   8.38  cb_yield           L8-CB0 {'rot': 0.00088}
  t=   8.50  cb_yield           L9-CB0 {'rot': 0.00083}
  t=   8.88  cb_yield           L17-CB1 {'rot': 0.00077}
  t=   8.88  cb_yield           L18-CB1 {'rot': 0.00086}
  t=   8.88  cb_yield           L19-CB1 {'rot': 0.00093}
  t=   8.88  cb_yield           L20-CB1 {'rot': 0.00099}
  t=   8.88  cb_yield           L21-CB1 {'rot': 0.00102}
  t=   8.88  cb_yield           L22-CB1 {'rot': 0.00101}
  t=   8.88  cb_yield           L23-CB1 {'rot': 0.00097}
  t=   8.88  cb_yield           L24-CB1 {'rot': 0.00089}
  t=   8.88  cb_yield           L25-CB1 {'rot': 0.00081}
  t=   9.25  cb_yield           L10-CB0 {'rot': 0.00072}
  t=   9.25  cb_yield           L11-CB1 {'rot': 0.00081}
  t=   9.25  cb_yield           L12-CB1 {'rot': 0.0007}
  t=  10.00  cb_yield           L24-CB2 {'rot': 0.00091}
  t=  10.00  cb_yield           L25-CB2 {'rot': 0.00077}
  progress t=  10.0s  max corner drift so far=0.0026  wall clock=113s
  t=  10.38  cb_yield           L11-CB0 {'rot': 0.0012}
  t=  10.38  cb_yield           L12-CB0 {'rot': 0.00097}
  t=  10.38  cb_yield           L13-CB0 {'rot': 0.00073}
  t=  10.38  cb_yield           L13-CB1 {'rot': 0.00104}
  t=  10.38  cb_yield           L14-CB1 {'rot': 0.00074}
  t=  10.50  cb_yield           L14-CB0 {'rot': 0.00148}
  t=  10.50  cb_yield           L15-CB0 {'rot': 0.0012}
  t=  10.50  cb_yield           L15-CB1 {'rot': 0.00153}
  t=  10.50  cb_yield           L16-CB0 {'rot': 0.00095}
  t=  10.50  cb_yield           L16-CB1 {'rot': 0.00122}
  t=  10.50  cb_yield           L17-CB0 {'rot': 0.00078}
  t=  10.63  cb_yield           L18-CB0 {'rot': 0.00218}
  t=  10.63  cb_yield           L19-CB0 {'rot': 0.00189}
  t=  10.63  cb_yield           L20-CB0 {'rot': 0.00165}
  t=  10.63  cb_yield           L21-CB0 {'rot': 0.00143}
  t=  10.63  cb_yield           L22-CB0 {'rot': 0.00122}
  t=  10.63  cb_yield           L23-CB0 {'rot': 0.00103}
  t=  10.63  cb_yield           L24-CB0 {'rot': 0.00086}
  t=  10.63  cb_yield           L25-CB0 {'rot': 0.00075}
  t=  10.75  cb_yield           L26-CB0 {'rot': 0.00104}
  t=  10.75  cb_yield           L26-CB1 {'rot': 0.00116}
  t=  10.75  cb_yield           L27-CB0 {'rot': 0.00078}
  t=  10.75  cb_yield           L27-CB1 {'rot': 0.00086}
  t=  10.88  cb_yield           L28-CB0 {'rot': 0.00077}
  t=  10.88  cb_yield           L28-CB1 {'rot': 0.00087}
  t=  11.00  cb_yield           L29-CB1 {'rot': 0.00076}
  t=  12.25  cb_yield           L29-CB0 {'rot': 0.00077}
  t=  12.25  cb_yield           L30-CB1 {'rot': 0.00088}
  t=  12.38  cb_yield           L30-CB0 {'rot': 0.0009}
  t=  12.38  cb_yield           L31-CB1 {'rot': 0.00093}
  t=  12.50  cb_yield           L32-CB1 {'rot': 0.00083}
  t=  17.25  cb_failure         L6-CB1 {'rot': 0.02478}
  t=  17.25  cb_failure         L7-CB1 {'rot': 0.02475}
  t=  17.38  cb_failure         L5-CB1 {'rot': 0.02489}
  t=  17.38  cb_failure         L8-CB1 {'rot': 0.02582}
  t=  17.38  cb_failure         L9-CB1 {'rot': 0.02523}
  t=  17.50  cb_failure         L10-CB1 {'rot': 0.02556}
  t=  17.50  cb_failure         L11-CB1 {'rot': 0.02473}
  t=  17.50  cb_yield           L30-CB2 {'rot': 0.00082}
  t=  17.50  cb_yield           L31-CB2 {'rot': 0.00082}
  t=  17.50  cb_yield           L32-CB2 {'rot': 0.00078}
  t=  17.50  cb_yield           L33-CB1 {'rot': 0.00079}
  t=  17.75  cb_yield           L31-CB0 {'rot': 0.00078}
  progress t=  20.0s  max corner drift so far=0.0104  wall clock=266s
  t=  20.75  cb_yield           L32-CB0 {'rot': 0.00078}
  t=  20.87  cb_yield           L33-CB0 {'rot': 0.00157}
  t=  21.00  cb_yield           L26-CB2 {'rot': 0.00127}
  t=  21.00  cb_yield           L27-CB2 {'rot': 0.00082}
  t=  21.00  cb_yield           L30-CB3 {'rot': 0.00076}
  t=  21.00  cb_yield           L31-CB3 {'rot': 0.00076}
  t=  21.00  cb_yield           L32-CB3 {'rot': 0.00074}
  t=  21.12  cb_yield           L27-CB3 {'rot': 0.00078}
  t=  21.12  cb_yield           L28-CB2 {'rot': 0.00081}
  t=  21.12  cb_yield           L28-CB3 {'rot': 0.00078}
  t=  21.12  cb_yield           L29-CB3 {'rot': 0.00081}
  t=  22.87  cb_failure         L7-CB0 {'rot': 0.02469}
  t=  22.87  cb_yield           L33-CB2 {'rot': 0.00086}
  t=  23.00  cb_failure         L12-CB1 {'rot': 0.02584}
  t=  23.00  cb_yield           L29-CB2 {'rot': 0.00099}
  t=  23.12  cb_failure         L13-CB1 {'rot': 0.02542}
  t=  23.25  cb_failure         L4-CB1 {'rot': 0.02482}
  t=  23.62  cb_failure         L5-CB0 {'rot': 0.02469}
  t=  23.62  cb_failure         L6-CB0 {'rot': 0.02566}
  t=  23.62  cb_failure         L8-CB0 {'rot': 0.02541}
  t=  23.75  cb_failure         L9-CB0 {'rot': 0.02472}
  progress t=  30.0s  max corner drift so far=0.0143  wall clock=447s
  t=  30.37  cb_yield           L33-CB3 {'rot': 0.00079}
  t=  37.87  cb_failure         L5-CB3 {'rot': 0.02538}
  t=  37.87  cb_failure         L6-CB3 {'rot': 0.02616}
  t=  37.87  cb_failure         L7-CB3 {'rot': 0.0262}
  t=  37.87  cb_failure         L8-CB3 {'rot': 0.02559}
  t=  38.00  cb_failure         L6-CB2 {'rot': 0.02497}
  t=  38.00  cb_failure         L7-CB2 {'rot': 0.02525}
  t=  38.00  cb_failure         L8-CB2 {'rot': 0.02492}
  t=  38.00  cb_failure         L9-CB3 {'rot': 0.02632}
  t=  38.00  cb_failure         L10-CB3 {'rot': 0.02477}
  progress t=  40.0s  max corner drift so far=0.0143  wall clock=623s
  t=  41.75  cb_failure         L10-CB0 {'rot': 0.02653}
  t=  41.75  cb_failure         L11-CB0 {'rot': 0.02504}
  t=  41.87  cb_failure         L3-CB1 {'rot': 0.02555}
  t=  41.87  cb_failure         L4-CB0 {'rot': 0.02682}
  t=  41.87  cb_failure         L12-CB0 {'rot': 0.02546}
  t=  41.87  cb_failure         L14-CB1 {'rot': 0.02501}
  t=  42.00  cb_failure         L13-CB0 {'rot': 0.0254}
  t=  42.00  cb_failure         L15-CB1 {'rot': 0.02559}
  t=  42.12  cb_failure         L3-CB0 {'rot': 0.02476}
  t=  42.12  cb_failure         L14-CB0 {'rot': 0.02661}
  t=  42.12  cb_failure         L16-CB1 {'rot': 0.02551}
  t=  42.25  cb_failure         L15-CB0 {'rot': 0.02741}
  t=  42.25  cb_failure         L16-CB0 {'rot': 0.02503}
  t=  42.25  cb_failure         L17-CB1 {'rot': 0.02508}
  progress t=  50.0s  max corner drift so far=0.0143  wall clock=826s
  t=  50.12  cb_failure         L4-CB3 {'rot': 0.02546}
  t=  50.12  cb_failure         L5-CB2 {'rot': 0.02487}
  t=  50.25  cb_failure         L9-CB2 {'rot': 0.02713}
  t=  50.25  cb_failure         L10-CB2 {'rot': 0.02554}
  t=  50.25  cb_failure         L11-CB3 {'rot': 0.02908}
  t=  50.25  cb_failure         L12-CB3 {'rot': 0.02675}
  t=  50.37  cb_failure         L3-CB3 {'rot': 0.02626}
  t=  50.37  cb_failure         L4-CB2 {'rot': 0.02699}
  t=  50.37  cb_failure         L11-CB2 {'rot': 0.02794}
  t=  50.37  cb_failure         L12-CB2 {'rot': 0.02572}
  t=  50.37  cb_failure         L13-CB3 {'rot': 0.02977}
  t=  50.37  cb_failure         L14-CB3 {'rot': 0.02666}
  t=  50.50  cb_failure         L13-CB2 {'rot': 0.02864}
  t=  50.50  cb_failure         L14-CB2 {'rot': 0.02551}
  t=  50.50  cb_failure         L15-CB3 {'rot': 0.03016}
  t=  50.50  cb_failure         L16-CB3 {'rot': 0.02651}
  t=  50.62  cb_failure         L15-CB2 {'rot': 0.02838}
  t=  50.62  cb_failure         L17-CB3 {'rot': 0.02713}
  t=  50.75  cb_failure         L16-CB2 {'rot': 0.02981}
  t=  50.75  cb_failure         L17-CB0 {'rot': 0.02707}
  t=  50.75  cb_failure         L18-CB1 {'rot': 0.02743}
  t=  50.87  cb_failure         L17-CB2 {'rot': 0.02543}
  t=  50.87  cb_failure         L18-CB3 {'rot': 0.02517}
  t=  56.62  cb_failure         L2-CB1 {'rot': 0.02473}
  t=  56.75  cb_failure         L3-CB2 {'rot': 0.02474}
  t=  56.75  cb_failure         L18-CB0 {'rot': 0.02553}
  t=  56.87  cb_failure         L2-CB0 {'rot': 0.02597}
  t=  56.87  cb_failure         L2-CB3 {'rot': 0.02489}
  t=  56.87  cb_failure         L19-CB1 {'rot': 0.02494}
  t=  57.00  cb_failure         L2-CB2 {'rot': 0.02692}
  t=  59.75  cb_failure         L18-CB2 {'rot': 0.02973}
  t=  59.87  cb_failure         L19-CB2 {'rot': 0.02498}
  t=  59.87  cb_failure         L19-CB3 {'rot': 0.0256}
  progress t=  60.0s  max corner drift so far=0.0143  wall clock=1012s
  progress t=  70.0s  max corner drift so far=0.0143  wall clock=1174s
  t= 75.725  solver fallback: Newton
  t=  78.00  cb_failure         L20-CB2 {'rot': 0.0257}
  t=  78.00  cb_failure         L20-CB3 {'rot': 0.03076}
  t=  78.00  cb_failure         L21-CB3 {'rot': 0.02605}
  t=  78.13  cb_failure         L21-CB2 {'rot': 0.02817}
  t=  78.13  cb_failure         L22-CB3 {'rot': 0.02882}
  t=  78.25  cb_failure         L22-CB2 {'rot': 0.03034}
  t=  78.25  cb_failure         L23-CB2 {'rot': 0.02502}
  t=  78.25  cb_failure         L23-CB3 {'rot': 0.02834}
  t=  78.38  cb_failure         L19-CB0 {'rot': 0.02561}
  t=  78.38  cb_failure         L20-CB1 {'rot': 0.02646}
  t=  78.50  cb_failure         L1-CB2 {'rot': 0.02582}
  t=  78.50  cb_failure         L1-CB3 {'rot': 0.0259}
  t=  79.63  cb_failure         L24-CB3 {'rot': 0.02493}
  progress t=  80.0s  max corner drift so far=0.0276  wall clock=1356s
  t=  86.25  cb_failure         L1-CB0 {'rot': 0.02531}
  t=  86.25  cb_failure         L24-CB2 {'rot': 0.02793}
