  t=   2.00  cb_yield           L4-CB0 {'rot': 0.00623}
  t=   2.00  cb_yield           L4-CB1 {'rot': 0.00643}
  t=   2.00  cb_yield           L4-CB2 {'rot': 0.00636}
  t=   2.00  cb_yield           L4-CB3 {'rot': 0.00655}
  t=   2.00  cb_yield           L5-CB0 {'rot': 0.0067}
  t=   2.00  cb_yield           L5-CB1 {'rot': 0.00693}
  t=   2.00  cb_yield           L5-CB2 {'rot': 0.00685}
  t=   2.00  cb_yield           L5-CB3 {'rot': 0.00707}
  t=   2.00  cb_yield           L6-CB0 {'rot': 0.00692}
  t=   2.00  cb_yield           L6-CB1 {'rot': 0.00717}
  t=   2.00  cb_yield           L6-CB2 {'rot': 0.00708}
  t=   2.00  cb_yield           L6-CB3 {'rot': 0.00733}
  t=   2.00  cb_yield           L7-CB0 {'rot': 0.00692}
  t=   2.00  cb_yield           L7-CB1 {'rot': 0.00719}
  t=   2.00  cb_yield           L7-CB2 {'rot': 0.00709}
  t=   2.00  cb_yield           L7-CB3 {'rot': 0.00737}
  t=   2.00  cb_yield           L8-CB0 {'rot': 0.00674}
  t=   2.00  cb_yield           L8-CB1 {'rot': 0.00703}
  t=   2.00  cb_yield           L8-CB2 {'rot': 0.00693}
  t=   2.00  cb_yield           L8-CB3 {'rot': 0.00722}
  t=   2.00  cb_yield           L9-CB0 {'rot': 0.00642}
  t=   2.00  cb_yield           L9-CB1 {'rot': 0.00673}
  t=   2.00  cb_yield           L9-CB2 {'rot': 0.0066}
  t=   2.00  cb_yield           L9-CB3 {'rot': 0.00693}
  t=   2.00  cb_yield           L10-CB1 {'rot': 0.00634}
  t=   2.00  cb_yield           L10-CB2 {'rot': 0.00618}
  t=   2.00  cb_yield           L10-CB3 {'rot': 0.00654}
  t=   2.00  cb_yield           L11-CB3 {'rot': 0.00609}
  t=   2.12  cb_yield           L10-CB0 {'rot': 0.00739}
  t=   2.12  cb_yield           L11-CB0 {'rot': 0.00699}
  t=   2.12  cb_yield           L11-CB1 {'rot': 0.00743}
  t=   2.12  cb_yield           L11-CB2 {'rot': 0.00717}
  t=   2.12  cb_yield           L12-CB0 {'rot': 0.0065}
  t=   2.12  cb_yield           L12-CB1 {'rot': 0.00697}
  t=   2.12  cb_yield           L12-CB2 {'rot': 0.00669}
  t=   2.12  cb_yield           L12-CB3 {'rot': 0.00718}
  t=   2.12  cb_yield           L13-CB1 {'rot': 0.00645}
  t=   2.12  cb_yield           L13-CB2 {'rot': 0.00615}
  t=   2.12  cb_yield           L13-CB3 {'rot': 0.00666}
  t=   2.12  cb_yield           L14-CB3 {'rot': 0.00612}
  t=   2.25  cb_yield           L13-CB0 {'rot': 0.00725}
  t=   2.25  cb_yield           L14-CB0 {'rot': 0.00676}
  t=   2.25  cb_yield           L14-CB1 {'rot': 0.00737}
  t=   2.25  cb_yield           L14-CB2 {'rot': 0.00699}
  t=   2.25  cb_yield           L15-CB0 {'rot': 0.00623}
  t=   2.25  cb_yield           L15-CB1 {'rot': 0.00685}
  t=   2.25  cb_yield           L15-CB2 {'rot': 0.00647}
  t=   2.25  cb_yield           L15-CB3 {'rot': 0.00711}
  t=   2.25  cb_yield           L16-CB1 {'rot': 0.00632}
  t=   2.25  cb_yield           L16-CB3 {'rot': 0.00659}
  t=   2.37  cb_yield           L16-CB0 {'rot': 0.00658}
  t=   2.37  cb_yield           L16-CB2 {'rot': 0.00684}
  t=   2.37  cb_yield           L17-CB1 {'rot': 0.00672}
  t=   2.37  cb_yield           L17-CB3 {'rot': 0.00701}
  t=   2.50  cb_yield           L17-CB0 {'rot': 0.00675}
  t=   2.50  cb_yield           L17-CB2 {'rot': 0.00703}
  t=   2.50  cb_yield           L18-CB1 {'rot': 0.00738}
  t=   2.50  cb_yield           L18-CB2 {'rot': 0.0068}
  t=   2.50  cb_yield           L18-CB3 {'rot': 0.0077}
  t=   2.50  cb_yield           L19-CB1 {'rot': 0.00711}
  t=   2.50  cb_yield           L19-CB3 {'rot': 0.00748}
  t=   2.50  cb_yield           L20-CB1 {'rot': 0.00683}
  t=   2.50  cb_yield           L20-CB3 {'rot': 0.00723}
  t=   2.50  cb_yield           L21-CB3 {'rot': 0.00695}
  t=   2.50  cb_yield           L22-CB3 {'rot': 0.00667}
  t=   2.62  cb_yield           L18-CB0 {'rot': 0.00771}
  t=   2.62  cb_yield           L19-CB0 {'rot': 0.00783}
  t=   2.62  cb_yield           L19-CB2 {'rot': 0.0082}
  t=   2.62  cb_yield           L20-CB0 {'rot': 0.00783}
  t=   2.62  cb_yield           L20-CB2 {'rot': 0.00824}
  t=   2.62  cb_yield           L21-CB0 {'rot': 0.00771}
  t=   2.62  cb_yield           L21-CB1 {'rot': 0.00903}
  t=   2.62  cb_yield           L21-CB2 {'rot': 0.00815}
  t=   2.62  cb_yield           L22-CB0 {'rot': 0.00746}
  t=   2.62  cb_yield           L22-CB1 {'rot': 0.00881}
  t=   2.62  cb_yield           L22-CB2 {'rot': 0.00793}
  t=   2.62  cb_yield           L23-CB0 {'rot': 0.0071}
  t=   2.62  cb_yield           L23-CB1 {'rot': 0.00846}
  t=   2.62  cb_yield           L23-CB2 {'rot': 0.00759}
  t=   2.62  cb_yield           L23-CB3 {'rot': 0.00896}
  t=   2.62  cb_yield           L24-CB0 {'rot': 0.00664}
  t=   2.62  cb_yield           L24-CB1 {'rot': 0.00801}
  t=   2.62  cb_yield           L24-CB2 {'rot': 0.00716}
  t=   2.62  cb_yield           L24-CB3 {'rot': 0.00854}
  t=   2.62  cb_yield           L25-CB1 {'rot': 0.00749}
  t=   2.62  cb_yield           L25-CB2 {'rot': 0.00666}
  t=   2.62  cb_yield           L25-CB3 {'rot': 0.00804}
  t=   2.62  cb_yield           L26-CB1 {'rot': 0.00692}
  t=   2.62  cb_yield           L26-CB3 {'rot': 0.00749}
  t=   2.62  cb_yield           L27-CB3 {'rot': 0.00689}
  t=   2.75  cb_yield           L25-CB0 {'rot': 0.00784}
  t=   2.75  cb_yield           L26-CB0 {'rot': 0.00709}
  t=   2.75  cb_yield           L26-CB2 {'rot': 0.00757}
  t=   2.75  cb_yield           L27-CB1 {'rot': 0.00776}
  t=   2.75  cb_yield           L27-CB2 {'rot': 0.00674}
  t=   2.75  cb_yield           L28-CB1 {'rot': 0.00686}
  t=   2.75  cb_yield           L28-CB3 {'rot': 0.00734}
  t=   2.87  cb_yield           L27-CB0 {'rot': 0.0068}
  t=   3.75  cb_yield           L28-CB0 {'rot': 0.00702}
  t=   3.75  cb_yield           L28-CB2 {'rot': 0.0073}
  t=   3.87  cb_yield           L29-CB0 {'rot': 0.0067}
  t=   4.37  cb_yield           L3-CB0 {'rot': 0.00741}
  t=   4.37  cb_yield           L3-CB1 {'rot': 0.00708}
  t=   4.37  cb_yield           L3-CB2 {'rot': 0.00644}
  t=   4.37  cb_yield           L3-CB3 {'rot': 0.00615}
  t=   4.50  cb_yield           L2-CB0 {'rot': 0.00781}
  t=   4.50  cb_yield           L2-CB1 {'rot': 0.00748}
  t=   4.50  cb_yield           L2-CB2 {'rot': 0.00705}
  t=   4.50  cb_yield           L2-CB3 {'rot': 0.00671}
  t=   4.50  cb_yield           L29-CB3 {'rot': 0.00696}
  t=   4.50  cb_yield           L30-CB3 {'rot': 0.00666}
  t=   4.62  cb_yield           L1-CB0 {'rot': 0.00612}
  t=   4.62  cb_yield           L29-CB2 {'rot': 0.00674}
  t=   4.62  cb_yield           L31-CB3 {'rot': 0.0073}
  t=   4.62  cb_yield           L32-CB3 {'rot': 0.00696}
  t=   4.62  cb_yield           L33-CB3 {'rot': 0.00675}
  t=   4.75  cb_yield           L1-CB1 {'rot': 0.00668}
  t=   7.25  cb_yield           L30-CB2 {'rot': 0.0066}
  t=   7.38  cb_yield           L31-CB2 {'rot': 0.00679}
  t=   8.13  cb_yield           L29-CB1 {'rot': 0.00697}
  t=   8.25  cb_yield           L30-CB1 {'rot': 0.00712}
  t=   8.25  cb_yield           L31-CB1 {'rot': 0.00659}
  t=   8.38  cb_yield           L32-CB1 {'rot': 0.00693}
  t=   8.38  cb_yield           L33-CB1 {'rot': 0.00674}
  t=   8.50  cb_failure         L9-CB1 {'rot': 0.03105}
  t=   8.50  cb_failure         L10-CB1 {'rot': 0.03223}
  t=   8.50  cb_failure         L11-CB0 {'rot': 0.03013}
  t=   8.50  cb_failure         L11-CB1 {'rot': 0.03302}
  t=   8.50  cb_failure         L12-CB0 {'rot': 0.03053}
  t=   8.50  cb_failure         L12-CB1 {'rot': 0.0335}
  t=   8.50  cb_failure         L13-CB0 {'rot': 0.03062}
  t=   8.50  cb_failure         L13-CB1 {'rot': 0.03367}
  t=   8.50  cb_failure         L14-CB0 {'rot': 0.0304}
  t=   8.50  cb_failure         L14-CB1 {'rot': 0.03353}
  t=   8.50  cb_failure         L15-CB1 {'rot': 0.03308}
  t=   8.50  cb_failure         L16-CB1 {'rot': 0.03235}
  t=   8.50  cb_failure         L17-CB1 {'rot': 0.03109}
  t=   8.63  cb_failure         L7-CB1 {'rot': 0.03092}
  t=   8.63  cb_failure         L8-CB0 {'rot': 0.0313}
  t=   8.63  cb_failure         L8-CB1 {'rot': 0.03363}
  t=   8.63  cb_failure         L9-CB0 {'rot': 0.03313}
  t=   8.63  cb_failure         L9-CB3 {'rot': 0.03157}
  t=   8.63  cb_failure         L10-CB0 {'rot': 0.03439}
  t=   8.63  cb_failure         L10-CB2 {'rot': 0.03022}
  t=   8.63  cb_failure         L10-CB3 {'rot': 0.03293}
  t=   8.63  cb_failure         L11-CB2 {'rot': 0.03095}
  t=   8.63  cb_failure         L11-CB3 {'rot': 0.03381}
  t=   8.63  cb_failure         L12-CB2 {'rot': 0.0313}
  t=   8.63  cb_failure         L12-CB3 {'rot': 0.03431}
  t=   8.63  cb_failure         L13-CB2 {'rot': 0.03126}
  t=   8.63  cb_failure         L13-CB3 {'rot': 0.03441}
  t=   8.63  cb_failure         L14-CB2 {'rot': 0.03082}
  t=   8.63  cb_failure         L14-CB3 {'rot': 0.03409}
  t=   8.63  cb_failure         L15-CB0 {'rot': 0.03431}
  t=   8.63  cb_failure         L15-CB3 {'rot': 0.03339}
  t=   8.63  cb_failure         L16-CB0 {'rot': 0.03315}
  t=   8.63  cb_failure         L16-CB3 {'rot': 0.03233}
  t=   8.63  cb_failure         L17-CB0 {'rot': 0.03126}
  t=   8.63  cb_failure         L17-CB3 {'rot': 0.03059}
  t=   8.63  cb_failure         L18-CB1 {'rot': 0.03228}
  t=   8.75  cb_failure         L7-CB0 {'rot': 0.03122}
  t=   8.75  cb_failure         L8-CB3 {'rot': 0.03236}
  t=   8.75  cb_failure         L9-CB2 {'rot': 0.03202}
  t=   8.75  cb_failure         L15-CB2 {'rot': 0.03437}
  t=   8.75  cb_failure         L16-CB2 {'rot': 0.03333}
  t=   8.75  cb_failure         L17-CB2 {'rot': 0.03148}
  t=   8.75  cb_failure         L18-CB0 {'rot': 0.03213}
  t=   8.75  cb_failure         L18-CB3 {'rot': 0.03263}
  t=   8.75  cb_failure         L19-CB1 {'rot': 0.03225}
  t=   8.88  cb_failure         L8-CB2 {'rot': 0.03034}
  t=   8.88  cb_failure         L18-CB2 {'rot': 0.03331}
  t=   8.88  cb_failure         L19-CB0 {'rot': 0.03168}
  t=   8.88  cb_failure         L19-CB3 {'rot': 0.03409}
  t=   8.88  cb_failure         L20-CB1 {'rot': 0.03132}
  t=   8.88  cb_failure         L20-CB3 {'rot': 0.03067}
  t=   9.00  cb_failure         L19-CB2 {'rot': 0.03495}
  t=   9.00  cb_failure         L20-CB0 {'rot': 0.03091}
  t=   9.00  cb_failure         L20-CB2 {'rot': 0.03155}
  t=   9.00  cb_failure         L21-CB3 {'rot': 0.03116}
  t=   9.13  cb_failure         L21-CB1 {'rot': 0.0331}
  t=   9.13  cb_failure         L21-CB2 {'rot': 0.03216}
  t=   9.13  cb_failure         L22-CB3 {'rot': 0.03123}
  t=   9.25  cb_failure         L21-CB0 {'rot': 0.03062}
  t=   9.25  cb_failure         L22-CB1 {'rot': 0.03061}
  t=   9.25  cb_failure         L22-CB2 {'rot': 0.0306}
  t=   9.25  cb_failure         L23-CB3 {'rot': 0.03058}
  t=   9.50  cb_yield           L1-CB2 {'rot': 0.00754}
  t=   9.50  cb_yield           L1-CB3 {'rot': 0.00818}
  t=   9.63  cb_failure         L6-CB1 {'rot': 0.03148}
  t=   9.63  cb_failure         L6-CB3 {'rot': 0.03136}
  t=   9.63  cb_failure         L7-CB2 {'rot': 0.03066}
  t=   9.63  cb_failure         L7-CB3 {'rot': 0.03332}
  t=   9.63  cb_yield           L30-CB0 {'rot': 0.00671}
  t=   9.75  cb_failure         L4-CB3 {'rot': 0.03034}
  t=   9.75  cb_failure         L5-CB0 {'rot': 0.03069}
  t=   9.75  cb_failure         L5-CB1 {'rot': 0.03335}
  t=   9.75  cb_failure         L5-CB2 {'rot': 0.03143}
  t=   9.75  cb_failure         L5-CB3 {'rot': 0.0339}
  t=   9.75  cb_failure         L6-CB0 {'rot': 0.03296}
  t=   9.75  cb_failure         L6-CB2 {'rot': 0.03369}
  t=   9.88  cb_failure         L4-CB0 {'rot': 0.03074}
  t=   9.88  cb_failure         L4-CB1 {'rot': 0.03277}
  t=   9.88  cb_failure         L4-CB2 {'rot': 0.03155}
  progress t=  10.0s  max corner drift so far=0.0090  wall clock=126s
  t=  10.38  cb_yield           L31-CB0 {'rot': 0.00715}
  t=  10.38  cb_yield           L32-CB0 {'rot': 0.00681}
  t=  10.38  cb_yield           L33-CB0 {'rot': 0.00669}
  t=  10.50  cb_failure         L22-CB0 {'rot': 0.03222}
  t=  10.63  cb_failure         L23-CB1 {'rot': 0.03307}
  t=  10.75  cb_failure         L23-CB0 {'rot': 0.03068}
  t=  10.75  cb_failure         L24-CB1 {'rot': 0.03253}
  t=  10.88  cb_failure         L24-CB3 {'rot': 0.03211}
  t=  11.00  cb_failure         L23-CB2 {'rot': 0.03063}
  t=  11.00  cb_failure         L25-CB1 {'rot': 0.03235}
  t=  11.00  cb_failure         L25-CB3 {'rot': 0.0369}
  t=  11.00  cb_failure         L26-CB1 {'rot': 0.03062}
  t=  11.00  cb_failure         L26-CB3 {'rot': 0.0351}
  t=  11.00  cb_failure         L27-CB3 {'rot': 0.0329}
  t=  11.00  cb_failure         L28-CB3 {'rot': 0.03061}
  t=  11.00  cb_yield           L32-CB2 {'rot': 0.01138}
  t=  11.00  cb_yield           L33-CB2 {'rot': 0.01062}
  t=  11.13  cb_failure         L24-CB2 {'rot': 0.03256}
  t=  11.13  cb_failure         L25-CB2 {'rot': 0.0318}
  t=  11.13  cb_failure         L26-CB2 {'rot': 0.0306}
  t=  11.13  cb_failure         L29-CB3 {'rot': 0.0321}
  t=  11.25  cb_failure         L27-CB2 {'rot': 0.03113}
  t=  11.25  cb_failure         L30-CB3 {'rot': 0.032}
  t=  12.25  cb_failure         L27-CB1 {'rot': 0.03406}
  t=  12.25  cb_failure         L28-CB1 {'rot': 0.03192}
  t=  15.75  cb_failure         L28-CB2 {'rot': 0.03059}
  t=  15.75  cb_failure         L31-CB3 {'rot': 0.03697}
  t=  15.75  cb_failure         L32-CB3 {'rot': 0.03577}
  t=  15.75  cb_failure         L33-CB3 {'rot': 0.03382}
  t=  15.88  cb_failure         L29-CB1 {'rot': 0.03253}
  t=  16.00  cb_failure         L30-CB1 {'rot': 0.03627}
  t=  16.00  cb_failure         L31-CB1 {'rot': 0.03453}
  t=  16.00  cb_failure         L32-CB1 {'rot': 0.03329}
  t=  16.00  cb_failure         L33-CB1 {'rot': 0.03196}
  t=  16.13  cb_failure         L24-CB0 {'rot': 0.03389}
  t=  16.13  cb_failure         L25-CB0 {'rot': 0.03226}
  t=  16.25  cb_failure         L26-CB0 {'rot': 0.03385}
  t=  16.25  cb_failure         L27-CB0 {'rot': 0.03115}
  t=  16.75  cb_failure         L28-CB0 {'rot': 0.03458}
  t=  16.75  cb_failure         L29-CB0 {'rot': 0.03183}
  t=  16.88  cb_failure         L30-CB0 {'rot': 0.03655}
  t=  16.88  cb_failure         L31-CB0 {'rot': 0.03488}
  t=  16.88  cb_failure         L32-CB0 {'rot': 0.03373}
  t=  16.88  cb_failure         L33-CB0 {'rot': 0.0333}
  t=  17.75  cb_failure         L3-CB1 {'rot': 0.03617}
  t=  17.88  cb_failure         L2-CB1 {'rot': 0.0322}
  progress t=  20.0s  max corner drift so far=0.0190  wall clock=288s
  t=  20.37  cb_failure         L29-CB2 {'rot': 0.03127}
  t=  20.37  cb_failure         L30-CB2 {'rot': 0.03184}
  t=  20.37  cb_failure         L31-CB2 {'rot': 0.03215}
  t=  20.37  cb_failure         L32-CB2 {'rot': 0.03228}
  t=  20.37  cb_failure         L33-CB2 {'rot': 0.03232}
  t=  20.62  cb_failure         L3-CB3 {'rot': 0.03076}
  t=  21.12  cb_failure         L3-CB2 {'rot': 0.0323}
  t=  21.25  cb_failure         L2-CB3 {'rot': 0.03393}
  t=  27.37  cb_failure         L1-CB3 {'rot': 0.03015}
