  t=   2.12  cb_yield           L6-CB1 {'rot': 0.00625}
  t=   2.12  cb_yield           L6-CB3 {'rot': 0.00635}
  t=   2.12  cb_yield           L7-CB0 {'rot': 0.00615}
  t=   2.12  cb_yield           L7-CB1 {'rot': 0.00646}
  t=   2.12  cb_yield           L7-CB2 {'rot': 0.00625}
  t=   2.12  cb_yield           L7-CB3 {'rot': 0.00658}
  t=   2.12  cb_yield           L8-CB0 {'rot': 0.0062}
  t=   2.12  cb_yield           L8-CB1 {'rot': 0.00654}
  t=   2.12  cb_yield           L8-CB2 {'rot': 0.00632}
  t=   2.12  cb_yield           L8-CB3 {'rot': 0.00668}
  t=   2.12  cb_yield           L9-CB0 {'rot': 0.00613}
  t=   2.12  cb_yield           L9-CB1 {'rot': 0.00651}
  t=   2.12  cb_yield           L9-CB2 {'rot': 0.00626}
  t=   2.12  cb_yield           L9-CB3 {'rot': 0.00666}
  t=   2.12  cb_yield           L10-CB1 {'rot': 0.00638}
  t=   2.12  cb_yield           L10-CB2 {'rot': 0.00611}
  t=   2.12  cb_yield           L10-CB3 {'rot': 0.00654}
  t=   2.12  cb_yield           L11-CB1 {'rot': 0.00619}
  t=   2.12  cb_yield           L11-CB3 {'rot': 0.00636}
  t=   2.12  cb_yield           L12-CB3 {'rot': 0.00611}
  t=   2.25  cb_yield           L10-CB0 {'rot': 0.00636}
  t=   2.25  cb_yield           L11-CB0 {'rot': 0.00629}
  t=   2.25  cb_yield           L11-CB2 {'rot': 0.00643}
  t=   2.25  cb_yield           L12-CB0 {'rot': 0.00613}
  t=   2.25  cb_yield           L12-CB1 {'rot': 0.00667}
  t=   2.25  cb_yield           L12-CB2 {'rot': 0.00629}
  t=   2.25  cb_yield           L13-CB1 {'rot': 0.00647}
  t=   2.25  cb_yield           L13-CB3 {'rot': 0.00666}
  t=   2.25  cb_yield           L14-CB1 {'rot': 0.0062}
  t=   2.25  cb_yield           L14-CB3 {'rot': 0.00641}
  t=   2.25  cb_yield           L15-CB3 {'rot': 0.00611}
  t=   2.37  cb_yield           L13-CB2 {'rot': 0.00611}
  t=   2.37  cb_yield           L15-CB1 {'rot': 0.00627}
  t=   2.37  cb_yield           L16-CB3 {'rot': 0.0063}
  t=   2.50  cb_yield           L16-CB1 {'rot': 0.00633}
  t=   2.50  cb_yield           L17-CB3 {'rot': 0.00665}
  t=   2.50  cb_yield           L18-CB3 {'rot': 0.00669}
  t=   2.50  cb_yield           L19-CB3 {'rot': 0.00667}
  t=   2.50  cb_yield           L20-CB3 {'rot': 0.00661}
  t=   2.62  cb_yield           L17-CB1 {'rot': 0.00697}
  t=   2.62  cb_yield           L18-CB1 {'rot': 0.00733}
  t=   2.62  cb_yield           L19-CB1 {'rot': 0.0076}
  t=   2.62  cb_yield           L19-CB2 {'rot': 0.00679}
  t=   2.62  cb_yield           L20-CB0 {'rot': 0.0066}
  t=   2.62  cb_yield           L20-CB1 {'rot': 0.00778}
  t=   2.62  cb_yield           L20-CB2 {'rot': 0.00695}
  t=   2.62  cb_yield           L21-CB0 {'rot': 0.00663}
  t=   2.62  cb_yield           L21-CB1 {'rot': 0.00784}
  t=   2.62  cb_yield           L21-CB2 {'rot': 0.00701}
  t=   2.62  cb_yield           L21-CB3 {'rot': 0.00824}
  t=   2.62  cb_yield           L22-CB1 {'rot': 0.00779}
  t=   2.62  cb_yield           L22-CB2 {'rot': 0.00696}
  t=   2.62  cb_yield           L22-CB3 {'rot': 0.00821}
  t=   2.62  cb_yield           L23-CB1 {'rot': 0.00762}
  t=   2.62  cb_yield           L23-CB2 {'rot': 0.0068}
  t=   2.62  cb_yield           L23-CB3 {'rot': 0.00807}
  t=   2.62  cb_yield           L24-CB1 {'rot': 0.00736}
  t=   2.62  cb_yield           L24-CB3 {'rot': 0.00783}
  t=   2.62  cb_yield           L25-CB1 {'rot': 0.00702}
  t=   2.62  cb_yield           L25-CB3 {'rot': 0.0075}
  t=   2.62  cb_yield           L26-CB1 {'rot': 0.0066}
  t=   2.62  cb_yield           L26-CB3 {'rot': 0.0071}
  t=   2.62  cb_yield           L27-CB3 {'rot': 0.00664}
  t=   2.75  cb_yield           L18-CB2 {'rot': 0.00689}
  t=   2.75  cb_yield           L19-CB0 {'rot': 0.007}
  t=   2.75  cb_yield           L22-CB0 {'rot': 0.00751}
  t=   2.75  cb_yield           L23-CB0 {'rot': 0.00739}
  t=   2.75  cb_yield           L24-CB0 {'rot': 0.00714}
  t=   2.75  cb_yield           L24-CB2 {'rot': 0.00752}
  t=   2.75  cb_yield           L25-CB0 {'rot': 0.00676}
  t=   2.75  cb_yield           L25-CB2 {'rot': 0.00715}
  t=   2.75  cb_yield           L26-CB2 {'rot': 0.00668}
  t=   2.75  cb_yield           L27-CB1 {'rot': 0.00717}
  t=   2.75  cb_yield           L28-CB3 {'rot': 0.00692}
  t=   3.75  cb_yield           L26-CB0 {'rot': 0.00836}
  t=   3.75  cb_yield           L27-CB0 {'rot': 0.00773}
  t=   3.75  cb_yield           L27-CB2 {'rot': 0.00761}
  t=   3.75  cb_yield           L28-CB0 {'rot': 0.00699}
  t=   3.75  cb_yield           L28-CB2 {'rot': 0.00693}
  t=   4.25  cb_yield           L4-CB0 {'rot': 0.00699}
  t=   4.25  cb_yield           L4-CB1 {'rot': 0.00663}
  t=   4.25  cb_yield           L5-CB0 {'rot': 0.0077}
  t=   4.25  cb_yield           L5-CB1 {'rot': 0.00731}
  t=   4.25  cb_yield           L5-CB2 {'rot': 0.00634}
  t=   4.25  cb_yield           L6-CB0 {'rot': 0.0082}
  t=   4.25  cb_yield           L6-CB2 {'rot': 0.00657}
  t=   4.25  cb_yield           L13-CB0 {'rot': 0.00766}
  t=   4.25  cb_yield           L14-CB0 {'rot': 0.00725}
  t=   4.25  cb_yield           L15-CB0 {'rot': 0.00683}
  t=   4.25  cb_yield           L16-CB0 {'rot': 0.00641}
  t=   4.37  cb_yield           L2-CB0 {'rot': 0.00694}
  t=   4.37  cb_yield           L2-CB1 {'rot': 0.00659}
  t=   4.37  cb_yield           L2-CB2 {'rot': 0.0063}
  t=   4.37  cb_yield           L3-CB0 {'rot': 0.00865}
  t=   4.37  cb_yield           L3-CB1 {'rot': 0.00821}
  t=   4.37  cb_yield           L3-CB2 {'rot': 0.00774}
  t=   4.37  cb_yield           L3-CB3 {'rot': 0.00733}
  t=   4.37  cb_yield           L4-CB2 {'rot': 0.00878}
  t=   4.37  cb_yield           L4-CB3 {'rot': 0.00832}
  t=   4.37  cb_yield           L5-CB3 {'rot': 0.00891}
  t=   4.50  cb_yield           L2-CB3 {'rot': 0.0072}
  t=   5.13  cb_yield           L17-CB0 {'rot': 0.00722}
  t=   5.13  cb_yield           L18-CB0 {'rot': 0.00698}
  t=   5.75  cb_yield           L14-CB2 {'rot': 0.00615}
  t=   5.88  cb_yield           L15-CB2 {'rot': 0.00648}
  t=   8.13  cb_yield           L16-CB2 {'rot': 0.00963}
  t=   8.13  cb_yield           L17-CB2 {'rot': 0.00889}
  t=   8.13  cb_yield           L28-CB1 {'rot': 0.00691}
  t=   8.38  cb_yield           L1-CB0 {'rot': 0.00611}
  t=   8.38  cb_yield           L1-CB1 {'rot': 0.00655}
  t=   8.38  cb_yield           L29-CB1 {'rot': 0.00669}
  t=   8.50  cb_yield           L1-CB2 {'rot': 0.00635}
  t=   8.50  cb_yield           L1-CB3 {'rot': 0.0069}
  t=   8.50  cb_yield           L30-CB1 {'rot': 0.00687}
  t=   8.63  cb_failure         L9-CB1 {'rot': 0.03021}
  t=   8.63  cb_failure         L10-CB1 {'rot': 0.03038}
  t=   8.63  cb_failure         L11-CB1 {'rot': 0.03017}
  t=   8.63  cb_yield           L31-CB1 {'rot': 0.0067}
  t=   8.75  cb_failure         L7-CB1 {'rot': 0.03033}
  t=   8.75  cb_failure         L8-CB1 {'rot': 0.03179}
  t=   8.75  cb_failure         L9-CB0 {'rot': 0.03018}
  t=   8.75  cb_failure         L10-CB0 {'rot': 0.03039}
  t=   8.75  cb_failure         L11-CB0 {'rot': 0.03016}
  t=   8.75  cb_failure         L12-CB1 {'rot': 0.03222}
  t=   8.75  cb_failure         L13-CB1 {'rot': 0.03125}
  t=   8.88  cb_failure         L10-CB3 {'rot': 0.03072}
  t=   8.88  cb_failure         L11-CB3 {'rot': 0.03116}
  t=   8.88  cb_failure         L12-CB0 {'rot': 0.03117}
  t=   8.88  cb_failure         L12-CB3 {'rot': 0.03121}
  t=   8.88  cb_failure         L13-CB0 {'rot': 0.0305}
  t=   8.88  cb_failure         L13-CB3 {'rot': 0.03083}
  t=   8.88  cb_failure         L14-CB1 {'rot': 0.03233}
  t=   8.88  cb_failure         L15-CB1 {'rot': 0.0307}
  t=   9.00  cb_failure         L14-CB0 {'rot': 0.03089}
  t=   9.00  cb_failure         L14-CB3 {'rot': 0.03194}
  t=   9.00  cb_failure         L15-CB0 {'rot': 0.03009}
  t=   9.00  cb_failure         L15-CB3 {'rot': 0.0316}
  t=   9.00  cb_failure         L16-CB1 {'rot': 0.03182}
  t=   9.00  cb_failure         L16-CB3 {'rot': 0.03074}
  t=   9.13  cb_failure         L17-CB1 {'rot': 0.03068}
  t=   9.13  cb_failure         L17-CB3 {'rot': 0.03088}
  t=   9.25  cb_yield           L29-CB3 {'rot': 0.00807}
  t=   9.25  cb_yield           L30-CB3 {'rot': 0.00724}
  t=   9.25  cb_yield           L31-CB3 {'rot': 0.00667}
  t=   9.38  cb_yield           L29-CB2 {'rot': 0.00743}
  t=   9.38  cb_yield           L32-CB3 {'rot': 0.00881}
  t=   9.38  cb_yield           L33-CB3 {'rot': 0.00856}
  t=   9.50  cb_yield           L30-CB2 {'rot': 0.00698}
  t=   9.88  cb_failure         L7-CB3 {'rot': 0.03019}
  t=   9.88  cb_failure         L8-CB3 {'rot': 0.03095}
  t=   9.88  cb_failure         L9-CB3 {'rot': 0.03121}
  t=  10.00  cb_failure         L7-CB2 {'rot': 0.03016}
  t=  10.00  cb_failure         L8-CB0 {'rot': 0.03025}
  t=  10.00  cb_failure         L8-CB2 {'rot': 0.03164}
  t=  10.00  cb_failure         L9-CB2 {'rot': 0.03255}
  t=  10.00  cb_failure         L10-CB2 {'rot': 0.03287}
  t=  10.00  cb_failure         L11-CB2 {'rot': 0.03266}
  t=  10.00  cb_failure         L12-CB2 {'rot': 0.03187}
  t=  10.00  cb_failure         L13-CB2 {'rot': 0.03047}
  progress t=  10.0s  max corner drift so far=0.0068  wall clock=134s
  t=  10.13  cb_failure         L14-CB2 {'rot': 0.03092}
  t=  10.25  cb_failure         L16-CB0 {'rot': 0.03138}
  t=  10.38  cb_yield           L32-CB1 {'rot': 0.00683}
  t=  10.38  cb_yield           L33-CB1 {'rot': 0.00669}
  t=  10.50  cb_yield           L29-CB0 {'rot': 0.00798}
  t=  10.50  cb_yield           L30-CB0 {'rot': 0.00738}
  t=  10.50  cb_yield           L31-CB0 {'rot': 0.00692}
  t=  10.50  cb_yield           L32-CB0 {'rot': 0.0066}
  t=  10.63  cb_yield           L33-CB0 {'rot': 0.00699}
  t=  10.88  cb_yield           L31-CB2 {'rot': 0.0077}
  t=  10.88  cb_yield           L32-CB2 {'rot': 0.00663}
  t=  11.00  cb_yield           L33-CB2 {'rot': 0.00821}
  t=  11.75  cb_failure         L17-CB0 {'rot': 0.03161}
  t=  11.75  cb_failure         L18-CB0 {'rot': 0.03179}
  t=  11.75  cb_failure         L18-CB1 {'rot': 0.03269}
  t=  11.75  cb_failure         L19-CB0 {'rot': 0.03149}
  t=  11.75  cb_failure         L19-CB1 {'rot': 0.03233}
  t=  11.75  cb_failure         L20-CB0 {'rot': 0.0306}
  t=  11.75  cb_failure         L20-CB1 {'rot': 0.03145}
  t=  11.88  cb_failure         L21-CB0 {'rot': 0.03576}
  t=  11.88  cb_failure         L21-CB1 {'rot': 0.03793}
  t=  11.88  cb_failure         L22-CB0 {'rot': 0.03397}
  t=  11.88  cb_failure         L22-CB1 {'rot': 0.03626}
  t=  11.88  cb_failure         L23-CB0 {'rot': 0.03131}
  t=  11.88  cb_failure         L23-CB1 {'rot': 0.03374}
  t=  12.00  cb_failure         L18-CB3 {'rot': 0.03133}
  t=  12.00  cb_failure         L19-CB3 {'rot': 0.03275}
  t=  12.00  cb_failure         L20-CB3 {'rot': 0.03338}
  t=  12.00  cb_failure         L21-CB3 {'rot': 0.03322}
  t=  12.00  cb_failure         L22-CB3 {'rot': 0.03229}
  t=  12.00  cb_failure         L24-CB0 {'rot': 0.03327}
  t=  12.00  cb_failure         L24-CB1 {'rot': 0.03654}
  t=  12.00  cb_failure         L25-CB1 {'rot': 0.03278}
  t=  12.13  cb_failure         L19-CB2 {'rot': 0.03232}
  t=  12.13  cb_failure         L20-CB2 {'rot': 0.03382}
  t=  12.13  cb_failure         L21-CB2 {'rot': 0.03447}
  t=  12.13  cb_failure         L22-CB2 {'rot': 0.03404}
  t=  12.13  cb_failure         L23-CB2 {'rot': 0.0327}
  t=  12.13  cb_failure         L23-CB3 {'rot': 0.03655}
  t=  12.13  cb_failure         L24-CB2 {'rot': 0.03065}
  t=  12.13  cb_failure         L24-CB3 {'rot': 0.03435}
  t=  12.13  cb_failure         L25-CB0 {'rot': 0.03418}
  t=  12.13  cb_failure         L25-CB3 {'rot': 0.03125}
  t=  12.13  cb_failure         L26-CB0 {'rot': 0.03063}
  t=  12.13  cb_failure         L26-CB1 {'rot': 0.03339}
  t=  12.25  cb_failure         L25-CB2 {'rot': 0.03367}
  t=  12.25  cb_failure         L26-CB2 {'rot': 0.03072}
  t=  12.25  cb_failure         L26-CB3 {'rot': 0.03533}
  t=  12.25  cb_failure         L27-CB1 {'rot': 0.03418}
  t=  12.25  cb_failure         L27-CB3 {'rot': 0.03152}
  t=  12.38  cb_failure         L27-CB2 {'rot': 0.03158}
  t=  12.38  cb_failure         L28-CB1 {'rot': 0.03194}
  t=  12.38  cb_failure         L28-CB3 {'rot': 0.03319}
  t=  12.50  cb_failure         L29-CB3 {'rot': 0.03205}
  t=  13.00  cb_failure         L5-CB0 {'rot': 0.0307}
  t=  13.00  cb_failure         L6-CB0 {'rot': 0.03307}
  t=  13.00  cb_failure         L6-CB1 {'rot': 0.03214}
  t=  13.00  cb_failure         L7-CB0 {'rot': 0.03466}
  t=  13.13  cb_failure         L5-CB1 {'rot': 0.03222}
  t=  13.13  cb_failure         L5-CB2 {'rot': 0.03074}
  t=  13.13  cb_failure         L5-CB3 {'rot': 0.03022}
  t=  13.13  cb_failure         L6-CB2 {'rot': 0.0337}
  t=  13.13  cb_failure         L6-CB3 {'rot': 0.033}
  t=  13.25  cb_failure         L15-CB2 {'rot': 0.03475}
  t=  13.25  cb_failure         L16-CB2 {'rot': 0.03123}
  t=  14.13  cb_failure         L17-CB2 {'rot': 0.03202}
  t=  14.13  cb_failure         L18-CB2 {'rot': 0.03248}
  t=  15.63  cb_failure         L30-CB3 {'rot': 0.03416}
  t=  15.63  cb_failure         L31-CB3 {'rot': 0.03317}
  t=  15.63  cb_failure         L32-CB3 {'rot': 0.0323}
  t=  15.63  cb_failure         L33-CB3 {'rot': 0.03104}
  t=  15.88  cb_failure         L29-CB1 {'rot': 0.03325}
  t=  15.88  cb_failure         L30-CB1 {'rot': 0.03179}
  t=  15.88  cb_failure         L31-CB1 {'rot': 0.03059}
  t=  16.00  cb_failure         L32-CB1 {'rot': 0.0316}
  t=  16.00  cb_failure         L33-CB1 {'rot': 0.03096}
  t=  17.63  cb_failure         L4-CB1 {'rot': 0.03421}
  t=  17.75  cb_failure         L3-CB1 {'rot': 0.03513}
  t= 18.675  solver fallback: Newton
  t= 18.700  solver fallback: Newton
  t= 18.750  solver fallback: NewtonLineSearch
  t= 18.775  solver fallback: Newton
  t=  18.80  wall_axial_failure S1-F {'gamma': 0.00329, 'eps': -0.01366, 'cause': 'crushing'}
  t= 18.825  solver fallback: 4 sub-steps
  t=  18.88  punching           L1-corecF24 {'drift': np.float64(0.0038), 'vg_vc': 0.925, 'conn': 'wall'}
  t=  18.88  cb_failure         L1-CB1 {'rot': 0.03051}
  t=  18.88  cb_failure         L1-CB3 {'rot': 0.05327}
  t=  18.88  cb_failure         L2-CB1 {'rot': 0.03999}
  t=  18.88  cb_failure         L2-CB3 {'rot': 0.04836}
  t=  18.88  cb_failure         L3-CB3 {'rot': 0.04561}
  t=  18.88  cb_failure         L4-CB3 {'rot': 0.0424}
  t= 18.875  solver fallback: Newton
  t=  18.90  wall_axial_failure S2-F {'gamma': 0.00134, 'eps': -0.01905, 'cause': 'crushing'}
  t=  18.90  wall_axial_failure S11-F {'gamma': 0.00011, 'eps': -0.00652, 'cause': 'crushing'}
  t= 18.900  solver fallback: Newton
