  t=   4.37  cb_yield           L4-CB0 {'rot': 0.00525}
  t=   4.37  cb_yield           L4-CB1 {'rot': 0.00505}
  t=   4.37  cb_yield           L5-CB0 {'rot': 0.0057}
  t=   4.37  cb_yield           L5-CB1 {'rot': 0.00548}
  t=   4.37  cb_yield           L5-CB2 {'rot': 0.00498}
  t=   4.37  cb_yield           L6-CB0 {'rot': 0.00596}
  t=   4.37  cb_yield           L6-CB1 {'rot': 0.00571}
  t=   4.37  cb_yield           L6-CB2 {'rot': 0.00509}
  t=   4.37  cb_yield           L7-CB0 {'rot': 0.00604}
  t=   4.37  cb_yield           L7-CB1 {'rot': 0.00577}
  t=   4.37  cb_yield           L7-CB2 {'rot': 0.00503}
  t=   4.37  cb_yield           L8-CB0 {'rot': 0.00599}
  t=   4.37  cb_yield           L8-CB1 {'rot': 0.0057}
  t=   4.37  cb_yield           L9-CB0 {'rot': 0.00583}
  t=   4.37  cb_yield           L9-CB1 {'rot': 0.00551}
  t=   4.37  cb_yield           L10-CB0 {'rot': 0.00558}
  t=   4.37  cb_yield           L10-CB1 {'rot': 0.00523}
  t=   4.37  cb_yield           L11-CB0 {'rot': 0.00526}
  t=   4.50  cb_yield           L3-CB0 {'rot': 0.00516}
  t=   4.50  cb_yield           L3-CB1 {'rot': 0.00497}
  t=   4.50  cb_yield           L4-CB2 {'rot': 0.00527}
  t=   4.50  cb_yield           L4-CB3 {'rot': 0.00508}
  t=   4.50  cb_yield           L5-CB3 {'rot': 0.00543}
  t=   4.50  cb_yield           L6-CB3 {'rot': 0.00554}
  t=   4.50  cb_yield           L7-CB3 {'rot': 0.00544}
  t=   4.50  cb_yield           L8-CB2 {'rot': 0.00544}
  t=   4.50  cb_yield           L8-CB3 {'rot': 0.00516}
  t=   4.50  cb_yield           L9-CB2 {'rot': 0.00504}
  t=   4.50  cb_yield           L11-CB1 {'rot': 0.00531}
  t=   4.50  cb_yield           L12-CB0 {'rot': 0.00522}
  t=   7.88  cb_yield           L12-CB1 {'rot': 0.00553}
  t=   7.88  cb_yield           L13-CB1 {'rot': 0.00554}
  t=   7.88  cb_yield           L14-CB1 {'rot': 0.00555}
  t=   7.88  cb_yield           L15-CB1 {'rot': 0.00555}
  t=   7.88  cb_yield           L16-CB1 {'rot': 0.00555}
  t=   7.88  cb_yield           L17-CB1 {'rot': 0.00554}
  t=   7.88  cb_yield           L18-CB1 {'rot': 0.00552}
  t=   7.88  cb_yield           L19-CB1 {'rot': 0.00548}
  t=   8.00  cb_yield           L13-CB0 {'rot': 0.00641}
  t=   8.00  cb_yield           L14-CB0 {'rot': 0.00625}
  t=   8.00  cb_yield           L15-CB0 {'rot': 0.00607}
  t=   8.00  cb_yield           L16-CB0 {'rot': 0.00586}
  t=   8.00  cb_yield           L17-CB0 {'rot': 0.00558}
  t=   8.00  cb_yield           L20-CB1 {'rot': 0.00553}
  t=   8.13  cb_yield           L9-CB3 {'rot': 0.00663}
  t=   8.13  cb_yield           L10-CB2 {'rot': 0.00597}
  t=   8.13  cb_yield           L10-CB3 {'rot': 0.00664}
  t=   8.13  cb_yield           L11-CB2 {'rot': 0.00584}
  t=   8.13  cb_yield           L11-CB3 {'rot': 0.00655}
  t=   8.13  cb_yield           L12-CB2 {'rot': 0.00563}
  t=   8.13  cb_yield           L12-CB3 {'rot': 0.00637}
  t=   8.13  cb_yield           L13-CB2 {'rot': 0.00533}
  t=   8.13  cb_yield           L13-CB3 {'rot': 0.00611}
  t=   8.13  cb_yield           L14-CB2 {'rot': 0.00498}
  t=   8.13  cb_yield           L14-CB3 {'rot': 0.00578}
  t=   8.13  cb_yield           L15-CB3 {'rot': 0.0054}
  t=   8.13  cb_yield           L16-CB3 {'rot': 0.00499}
  t=   8.13  cb_yield           L18-CB0 {'rot': 0.00588}
  t=   8.25  cb_yield           L2-CB1 {'rot': 0.00493}
  t=   8.25  cb_yield           L3-CB2 {'rot': 0.00527}
  t=   8.25  cb_yield           L3-CB3 {'rot': 0.00559}
  t=   8.25  cb_yield           L15-CB2 {'rot': 0.00521}
  t=   8.25  cb_yield           L19-CB0 {'rot': 0.00576}
  t=   8.25  cb_yield           L21-CB1 {'rot': 0.0056}
  t=   8.38  cb_yield           L2-CB0 {'rot': 0.0057}
  t=   8.38  cb_yield           L2-CB2 {'rot': 0.00534}
  t=   8.38  cb_yield           L2-CB3 {'rot': 0.00563}
  t=   8.63  cb_yield           L16-CB2 {'rot': 0.00548}
  t=   8.63  cb_yield           L17-CB3 {'rot': 0.00571}
  t=   8.75  cb_yield           L17-CB2 {'rot': 0.00587}
  t=   8.75  cb_yield           L18-CB3 {'rot': 0.00634}
  t=   8.75  cb_yield           L19-CB3 {'rot': 0.00563}
  t=   8.88  cb_yield           L18-CB2 {'rot': 0.00696}
  t=   8.88  cb_yield           L19-CB2 {'rot': 0.00626}
  t=   8.88  cb_yield           L20-CB0 {'rot': 0.00546}
  t=   8.88  cb_yield           L20-CB2 {'rot': 0.0056}
  t=   8.88  cb_yield           L20-CB3 {'rot': 0.00695}
  t=   8.88  cb_yield           L21-CB3 {'rot': 0.00632}
  t=   8.88  cb_yield           L22-CB3 {'rot': 0.00574}
  t=   9.00  cb_yield           L21-CB2 {'rot': 0.00679}
  t=   9.00  cb_yield           L22-CB1 {'rot': 0.00575}
  t=   9.00  cb_yield           L22-CB2 {'rot': 0.00611}
  t=   9.00  cb_yield           L23-CB2 {'rot': 0.00547}
  t=   9.00  cb_yield           L23-CB3 {'rot': 0.00688}
  t=   9.00  cb_yield           L24-CB3 {'rot': 0.00628}
  t=   9.00  cb_yield           L25-CB3 {'rot': 0.00573}
  t=   9.13  cb_yield           L21-CB0 {'rot': 0.00549}
  t=   9.13  cb_yield           L23-CB1 {'rot': 0.00558}
  t=   9.13  cb_yield           L24-CB2 {'rot': 0.00662}
  t=   9.13  cb_yield           L25-CB2 {'rot': 0.00607}
  t=   9.13  cb_yield           L26-CB2 {'rot': 0.0055}
  t=   9.13  cb_yield           L26-CB3 {'rot': 0.00701}
  t=   9.13  cb_yield           L27-CB3 {'rot': 0.00646}
  t=   9.13  cb_yield           L28-CB3 {'rot': 0.00593}
  t=   9.13  cb_yield           L29-CB3 {'rot': 0.00544}
  t=   9.25  cb_yield           L24-CB1 {'rot': 0.00547}
  t=   9.25  cb_yield           L27-CB2 {'rot': 0.00642}
  t=   9.25  cb_yield           L28-CB2 {'rot': 0.0059}
  t=   9.25  cb_yield           L30-CB3 {'rot': 0.00644}
  t=   9.25  cb_yield           L31-CB3 {'rot': 0.00599}
  t=   9.25  cb_yield           L32-CB3 {'rot': 0.00565}
  t=   9.25  cb_yield           L33-CB3 {'rot': 0.00546}
  t=   9.38  cb_yield           L29-CB2 {'rot': 0.00597}
  t=   9.38  cb_yield           L30-CB2 {'rot': 0.00557}
  progress t=  10.0s  max corner drift so far=0.0028  wall clock=129s
  t=  10.63  cb_yield           L25-CB1 {'rot': 0.00652}
  t=  10.63  cb_yield           L26-CB1 {'rot': 0.00635}
  t=  10.63  cb_yield           L27-CB1 {'rot': 0.00609}
  t=  10.63  cb_yield           L28-CB1 {'rot': 0.00575}
  t=  10.75  cb_yield           L1-CB2 {'rot': 0.00492}
  t=  10.88  cb_yield           L1-CB0 {'rot': 0.00572}
  t=  10.88  cb_yield           L1-CB1 {'rot': 0.00552}
  t=  10.88  cb_yield           L1-CB3 {'rot': 0.00593}
  t=  11.25  cb_yield           L22-CB0 {'rot': 0.00625}
  t=  11.25  cb_yield           L23-CB0 {'rot': 0.00601}
  t=  11.25  cb_yield           L24-CB0 {'rot': 0.00578}
  t=  11.25  cb_yield           L25-CB0 {'rot': 0.00556}
  t=  11.38  cb_yield           L26-CB0 {'rot': 0.00762}
  t=  11.38  cb_yield           L27-CB0 {'rot': 0.00709}
  t=  11.38  cb_yield           L28-CB0 {'rot': 0.00661}
  t=  11.38  cb_yield           L29-CB0 {'rot': 0.00614}
  t=  11.38  cb_yield           L30-CB0 {'rot': 0.00571}
  t=  11.50  cb_failure         L10-CB0 {'rot': 0.01924}
  t=  11.50  cb_failure         L11-CB0 {'rot': 0.02012}
  t=  11.50  cb_failure         L11-CB1 {'rot': 0.01931}
  t=  11.50  cb_failure         L12-CB0 {'rot': 0.02079}
  t=  11.50  cb_failure         L12-CB1 {'rot': 0.01996}
  t=  11.50  cb_failure         L13-CB0 {'rot': 0.02123}
  t=  11.50  cb_failure         L13-CB1 {'rot': 0.02037}
  t=  11.50  cb_failure         L14-CB0 {'rot': 0.02141}
  t=  11.50  cb_failure         L14-CB1 {'rot': 0.02051}
  t=  11.50  cb_failure         L15-CB0 {'rot': 0.02133}
  t=  11.50  cb_failure         L15-CB1 {'rot': 0.02041}
  t=  11.50  cb_failure         L16-CB0 {'rot': 0.02101}
  t=  11.50  cb_failure         L16-CB1 {'rot': 0.02007}
  t=  11.50  cb_failure         L17-CB0 {'rot': 0.02034}
  t=  11.50  cb_failure         L18-CB0 {'rot': 0.01947}
  t=  11.63  cb_failure         L17-CB1 {'rot': 0.02453}
  t=  11.63  cb_failure         L18-CB1 {'rot': 0.02407}
  t=  11.63  cb_failure         L19-CB0 {'rot': 0.02405}
  t=  11.63  cb_failure         L19-CB1 {'rot': 0.02325}
  t=  11.63  cb_failure         L20-CB0 {'rot': 0.02289}
  t=  11.63  cb_failure         L20-CB1 {'rot': 0.02207}
  t=  11.63  cb_failure         L21-CB0 {'rot': 0.02121}
  t=  11.63  cb_failure         L21-CB1 {'rot': 0.02042}
  t=  11.63  cb_failure         L22-CB0 {'rot': 0.02001}
  t=  11.63  cb_failure         L23-CB1 {'rot': 0.01973}
  t= 11.625  solver fallback: Newton
  t=  11.75  cb_failure         L14-CB2 {'rot': 0.01892}
  t=  11.75  cb_failure         L14-CB3 {'rot': 0.01891}
  t=  11.75  cb_failure         L15-CB2 {'rot': 0.02004}
  t=  11.75  cb_failure         L15-CB3 {'rot': 0.01998}
  t=  11.75  cb_failure         L16-CB2 {'rot': 0.0208}
  t=  11.75  cb_failure         L16-CB3 {'rot': 0.0207}
  t=  11.75  cb_failure         L17-CB2 {'rot': 0.02132}
  t=  11.75  cb_failure         L17-CB3 {'rot': 0.02114}
  t=  11.75  cb_failure         L18-CB2 {'rot': 0.02139}
  t=  11.75  cb_failure         L18-CB3 {'rot': 0.02118}
  t=  11.75  cb_failure         L19-CB2 {'rot': 0.02103}
  t=  11.75  cb_failure         L19-CB3 {'rot': 0.02082}
  t=  11.75  cb_failure         L20-CB2 {'rot': 0.02029}
  t=  11.75  cb_failure         L20-CB3 {'rot': 0.02004}
  t=  11.75  cb_failure         L22-CB1 {'rot': 0.02233}
  t=  11.75  cb_failure         L23-CB0 {'rot': 0.02022}
  t= 11.750  solver fallback: Newton
  t=  11.88  cb_failure         L21-CB2 {'rot': 0.02205}
  t=  11.88  cb_failure         L21-CB3 {'rot': 0.02206}
  t=  11.88  cb_failure         L22-CB2 {'rot': 0.02039}
  t=  11.88  cb_failure         L22-CB3 {'rot': 0.02044}
  t=  11.88  cb_failure         L23-CB2 {'rot': 0.01976}
  t=  11.88  cb_failure         L24-CB0 {'rot': 0.01981}
  t=  11.88  cb_failure         L24-CB1 {'rot': 0.01945}
  t=  11.88  cb_failure         L24-CB2 {'rot': 0.01988}
  t= 11.900  solver fallback: Newton
  t= 11.925  solver fallback: Newton
  t= 11.950  solver fallback: Newton
  t= 11.975  solver fallback: Newton
  t= 12.000  solver fallback: Newton
  t=  12.13  cb_failure         L23-CB3 {'rot': 0.01946}
  t=  12.13  cb_failure         L25-CB0 {'rot': 0.01946}
  t=  12.13  cb_failure         L25-CB2 {'rot': 0.01949}
  t=  12.13  cb_yield           L29-CB1 {'rot': 0.00738}
  t=  12.13  cb_yield           L30-CB1 {'rot': 0.00588}
  t=  12.25  cb_failure         L24-CB3 {'rot': 0.01948}
  t=  12.25  cb_failure         L25-CB1 {'rot': 0.01953}
  t=  12.25  cb_failure         L26-CB0 {'rot': 0.01987}
  t=  12.25  cb_failure         L26-CB1 {'rot': 0.01973}
  t=  12.25  cb_failure         L26-CB2 {'rot': 0.01984}
  t=  12.25  cb_yield           L31-CB1 {'rot': 0.00567}
  t=  12.25  cb_yield           L31-CB2 {'rot': 0.00554}
  t=  12.38  cb_failure         L27-CB2 {'rot': 0.01983}
  t=  12.38  cb_yield           L32-CB2 {'rot': 0.00577}
  t=  12.50  cb_yield           L33-CB2 {'rot': 0.00555}
  t=  12.75  cb_failure         L8-CB0 {'rot': 0.01942}
  t=  12.75  cb_failure         L9-CB0 {'rot': 0.01993}
  t=  12.75  cb_failure         L9-CB1 {'rot': 0.01929}
  t=  12.75  cb_failure         L10-CB1 {'rot': 0.01951}
  t=  12.88  cb_failure         L7-CB0 {'rot': 0.01997}
  t=  12.88  cb_failure         L7-CB1 {'rot': 0.01932}
  t=  12.88  cb_failure         L7-CB2 {'rot': 0.01909}
  t=  12.88  cb_failure         L8-CB1 {'rot': 0.02038}
  t=  12.88  cb_failure         L8-CB2 {'rot': 0.01992}
  t=  12.88  cb_failure         L8-CB3 {'rot': 0.01913}
  t=  12.88  cb_failure         L9-CB2 {'rot': 0.02042}
  t=  12.88  cb_failure         L9-CB3 {'rot': 0.01957}
  t=  12.88  cb_failure         L10-CB2 {'rot': 0.0206}
  t=  12.88  cb_failure         L10-CB3 {'rot': 0.01971}
  t=  12.88  cb_failure         L11-CB2 {'rot': 0.02049}
  t=  12.88  cb_failure         L11-CB3 {'rot': 0.01956}
  t=  12.88  cb_failure         L12-CB2 {'rot': 0.02011}
  t=  12.88  cb_failure         L12-CB3 {'rot': 0.01912}
  t=  12.88  cb_failure         L13-CB2 {'rot': 0.01945}
  t=  13.00  cb_failure         L6-CB0 {'rot': 0.01954}
  t=  13.00  cb_failure         L6-CB2 {'rot': 0.02019}
  t=  13.00  cb_failure         L6-CB3 {'rot': 0.01947}
  t=  13.00  cb_failure         L7-CB3 {'rot': 0.02079}
  t=  13.00  cb_failure         L13-CB3 {'rot': 0.02074}
  t=  13.13  cb_failure         L5-CB2 {'rot': 0.01934}
  t=  13.13  cb_failure         L6-CB1 {'rot': 0.01905}
  t=  14.63  cb_yield           L31-CB0 {'rot': 0.00568}
  t=  14.75  cb_yield           L32-CB0 {'rot': 0.00585}
  t=  14.75  cb_yield           L33-CB0 {'rot': 0.0057}
  t=  15.13  cb_failure         L25-CB3 {'rot': 0.0225}
  t=  15.13  cb_failure         L26-CB3 {'rot': 0.02262}
  t=  15.13  cb_failure         L27-CB3 {'rot': 0.02253}
  t=  15.13  cb_failure         L28-CB3 {'rot': 0.02225}
  t=  15.13  cb_failure         L29-CB3 {'rot': 0.02184}
  t=  15.13  cb_failure         L30-CB3 {'rot': 0.02134}
  t=  15.13  cb_failure         L31-CB3 {'rot': 0.02084}
  t=  15.13  cb_yield           L32-CB1 {'rot': 0.00603}
  t=  15.13  cb_failure         L32-CB3 {'rot': 0.02044}
  t=  15.13  cb_yield           L33-CB1 {'rot': 0.00582}
  t=  15.13  cb_failure         L33-CB3 {'rot': 0.02024}
  t=  15.25  cb_failure         L28-CB2 {'rot': 0.01999}
  t=  15.38  cb_failure         L27-CB1 {'rot': 0.02296}
  t=  15.38  cb_failure         L28-CB1 {'rot': 0.02233}
  t=  15.38  cb_failure         L29-CB1 {'rot': 0.02158}
  t=  15.38  cb_failure         L30-CB1 {'rot': 0.02078}
  t=  15.38  cb_failure         L31-CB1 {'rot': 0.0201}
  t=  15.38  cb_failure         L32-CB1 {'rot': 0.01965}
  t=  15.38  cb_failure         L33-CB1 {'rot': 0.01948}
  t=  15.50  cb_failure         L29-CB2 {'rot': 0.01974}
  t=  15.75  cb_failure         L27-CB0 {'rot': 0.01953}
  t=  15.88  cb_failure         L28-CB0 {'rot': 0.02081}
  t=  15.88  cb_failure         L29-CB0 {'rot': 0.02037}
  t=  15.88  cb_failure         L30-CB0 {'rot': 0.01991}
  t=  15.88  cb_failure         L31-CB0 {'rot': 0.01952}
  t=  16.00  cb_failure         L32-CB0 {'rot': 0.02116}
  t=  16.00  cb_failure         L33-CB0 {'rot': 0.02109}
  t=  19.25  cb_failure         L32-CB2 {'rot': 0.01947}
  t=  19.25  cb_failure         L33-CB2 {'rot': 0.01949}
  t=  19.37  cb_failure         L31-CB2 {'rot': 0.01961}
  progress t=  20.0s  max corner drift so far=0.0097  wall clock=279s
  t=  21.37  cb_failure         L30-CB2 {'rot': 0.02165}
  progress t=  30.0s  max corner drift so far=0.0097  wall clock=420s
  progress t=  40.0s  max corner drift so far=0.0124  wall clock=562s
  t=  42.75  cb_failure         L5-CB3 {'rot': 0.01891}
  t=  43.00  cb_failure         L4-CB3 {'rot': 0.01933}
  t=  43.12  cb_failure         L4-CB2 {'rot': 0.01905}
  t=  48.87  cb_failure         L4-CB1 {'rot': 0.01951}
  t=  48.87  cb_failure         L5-CB0 {'rot': 0.01966}
  t=  48.87  cb_failure         L5-CB1 {'rot': 0.02186}
  t=  49.00  cb_failure         L4-CB0 {'rot': 0.01996}
  progress t=  50.0s  max corner drift so far=0.0139  wall clock=708s
  t=  51.25  cb_failure         L3-CB3 {'rot': 0.01935}
  t=  51.37  cb_failure         L3-CB1 {'rot': 0.01987}
  t=  51.37  cb_failure         L3-CB2 {'rot': 0.02137}
  t=  51.50  cb_failure         L3-CB0 {'rot': 0.01951}
  t= 51.575  solver fallback: Newton
  progress t=  60.0s  max corner drift so far=0.0139  wall clock=866s
  t=  61.37  cb_failure         L2-CB3 {'rot': 0.02022}
  t=  61.50  cb_failure         L2-CB2 {'rot': 0.01951}
  progress t=  70.0s  max corner drift so far=0.0139  wall clock=1010s
  progress t=  80.0s  max corner drift so far=0.0139  wall clock=1143s
  progress t=  90.0s  max corner drift so far=0.0139  wall clock=1278s
  progress t= 100.0s  max corner drift so far=0.0139  wall clock=1410s
