  t=   7.75  cb_yield           L6-CB1 {'rot': 0.00314}
  t=   7.75  cb_yield           L7-CB1 {'rot': 0.00316}
  t=   7.75  cb_yield           L8-CB1 {'rot': 0.00312}
  t=   7.88  cb_yield           L4-CB0 {'rot': 0.0034}
  t=   7.88  cb_yield           L4-CB1 {'rot': 0.00355}
  t=   7.88  cb_yield           L5-CB0 {'rot': 0.00365}
  t=   7.88  cb_yield           L5-CB1 {'rot': 0.00383}
  t=   7.88  cb_yield           L5-CB3 {'rot': 0.00324}
  t=   7.88  cb_yield           L6-CB0 {'rot': 0.00375}
  t=   7.88  cb_yield           L6-CB3 {'rot': 0.00324}
  t=   7.88  cb_yield           L7-CB0 {'rot': 0.00374}
  t=   7.88  cb_yield           L8-CB0 {'rot': 0.00364}
  t=   7.88  cb_yield           L9-CB0 {'rot': 0.00344}
  t=   7.88  cb_yield           L9-CB1 {'rot': 0.00376}
  t=   7.88  cb_yield           L10-CB0 {'rot': 0.0032}
  t=   7.88  cb_yield           L10-CB1 {'rot': 0.00357}
  t=   7.88  cb_yield           L11-CB1 {'rot': 0.00335}
  t=   8.00  cb_yield           L3-CB0 {'rot': 0.00333}
  t=   8.00  cb_yield           L3-CB1 {'rot': 0.00346}
  t=   8.00  cb_yield           L3-CB3 {'rot': 0.00323}
  t=   8.00  cb_yield           L4-CB2 {'rot': 0.00346}
  t=   8.00  cb_yield           L4-CB3 {'rot': 0.00367}
  t=   8.00  cb_yield           L5-CB2 {'rot': 0.00366}
  t=   8.00  cb_yield           L6-CB2 {'rot': 0.00369}
  t=   8.00  cb_yield           L7-CB2 {'rot': 0.00357}
  t=   8.00  cb_yield           L7-CB3 {'rot': 0.00385}
  t=   8.00  cb_yield           L8-CB2 {'rot': 0.00333}
  t=   8.00  cb_yield           L8-CB3 {'rot': 0.00363}
  t=   8.00  cb_yield           L9-CB3 {'rot': 0.00331}
  t=   8.00  cb_yield           L11-CB0 {'rot': 0.00344}
  t=   8.00  cb_yield           L12-CB1 {'rot': 0.00358}
  t=   8.00  cb_yield           L13-CB1 {'rot': 0.00326}
  t=   8.13  cb_yield           L3-CB2 {'rot': 0.00314}
  t=   8.13  cb_yield           L9-CB2 {'rot': 0.00343}
  t=   8.13  cb_yield           L10-CB3 {'rot': 0.00352}
  t=   8.13  cb_yield           L11-CB3 {'rot': 0.00317}
  t=   8.13  cb_yield           L12-CB0 {'rot': 0.00357}
  t=   8.13  cb_yield           L13-CB0 {'rot': 0.00324}
  t=   8.13  cb_yield           L14-CB1 {'rot': 0.00349}
  t=   8.13  cb_yield           L15-CB1 {'rot': 0.00321}
  t=   8.25  cb_yield           L10-CB2 {'rot': 0.00348}
  t=   8.25  cb_yield           L11-CB2 {'rot': 0.00319}
  t=   8.25  cb_yield           L12-CB3 {'rot': 0.00344}
  t=   8.25  cb_yield           L14-CB0 {'rot': 0.0034}
  t=   8.25  cb_yield           L15-CB0 {'rot': 0.00312}
  t=   8.25  cb_yield           L16-CB1 {'rot': 0.00356}
  t=   8.38  cb_yield           L12-CB2 {'rot': 0.00332}
  t=   8.38  cb_yield           L13-CB3 {'rot': 0.00375}
  t=   8.38  cb_yield           L14-CB3 {'rot': 0.00349}
  t=   8.38  cb_yield           L15-CB3 {'rot': 0.00323}
  t=   8.38  cb_yield           L16-CB0 {'rot': 0.00338}
  t=   8.38  cb_yield           L17-CB1 {'rot': 0.00392}
  t=   8.38  cb_yield           L18-CB1 {'rot': 0.00371}
  t=   8.38  cb_yield           L19-CB1 {'rot': 0.0035}
  t=   8.50  cb_yield           L13-CB2 {'rot': 0.00351}
  t=   8.50  cb_yield           L14-CB2 {'rot': 0.00331}
  t=   8.50  cb_yield           L16-CB3 {'rot': 0.00375}
  t=   8.50  cb_yield           L17-CB0 {'rot': 0.00352}
  t=   8.50  cb_yield           L17-CB3 {'rot': 0.00349}
  t=   8.50  cb_yield           L20-CB1 {'rot': 0.00389}
  t=   8.50  cb_yield           L21-CB1 {'rot': 0.0037}
  t=   8.50  cb_yield           L22-CB1 {'rot': 0.00352}
  t=   8.63  cb_yield           L15-CB2 {'rot': 0.00355}
  t=   8.63  cb_yield           L16-CB2 {'rot': 0.00339}
  t=   8.63  cb_yield           L18-CB0 {'rot': 0.00362}
  t=   8.63  cb_yield           L18-CB3 {'rot': 0.00401}
  t=   8.63  cb_yield           L19-CB3 {'rot': 0.0038}
  t=   8.63  cb_yield           L20-CB3 {'rot': 0.00358}
  t=   8.63  cb_yield           L23-CB1 {'rot': 0.0039}
  t=   8.63  cb_yield           L24-CB1 {'rot': 0.00374}
  t=   8.63  cb_yield           L25-CB1 {'rot': 0.00357}
  t=   8.75  cb_yield           L17-CB2 {'rot': 0.00367}
  t=   8.75  cb_yield           L18-CB2 {'rot': 0.00355}
  t=   8.75  cb_yield           L19-CB0 {'rot': 0.0038}
  t=   8.75  cb_yield           L20-CB0 {'rot': 0.00361}
  t=   8.75  cb_yield           L21-CB3 {'rot': 0.00453}
  t=   8.75  cb_yield           L22-CB3 {'rot': 0.00436}
  t=   8.75  cb_yield           L23-CB3 {'rot': 0.00418}
  t=   8.75  cb_yield           L24-CB3 {'rot': 0.00399}
  t=   8.75  cb_yield           L25-CB3 {'rot': 0.0038}
  t=   8.75  cb_yield           L26-CB1 {'rot': 0.00389}
  t=   8.75  cb_yield           L26-CB3 {'rot': 0.00359}
  t=   8.75  cb_yield           L27-CB1 {'rot': 0.00368}
  t=   8.75  cb_yield           L28-CB1 {'rot': 0.00347}
  t=   8.88  cb_yield           L19-CB2 {'rot': 0.00421}
  t=   8.88  cb_yield           L20-CB2 {'rot': 0.00417}
  t=   8.88  cb_yield           L21-CB0 {'rot': 0.00392}
  t=   8.88  cb_yield           L21-CB2 {'rot': 0.0041}
  t=   8.88  cb_yield           L22-CB0 {'rot': 0.00369}
  t=   8.88  cb_yield           L22-CB2 {'rot': 0.00397}
  t=   8.88  cb_yield           L23-CB2 {'rot': 0.00381}
  t=   8.88  cb_yield           L24-CB2 {'rot': 0.00361}
  t=   8.88  cb_yield           L27-CB3 {'rot': 0.00474}
  t=   8.88  cb_yield           L28-CB3 {'rot': 0.00445}
  t=   8.88  cb_yield           L29-CB1 {'rot': 0.00349}
  t=   8.88  cb_yield           L29-CB3 {'rot': 0.00413}
  t=   8.88  cb_yield           L30-CB3 {'rot': 0.00383}
  t=   8.88  cb_yield           L31-CB3 {'rot': 0.00356}
  t=   9.00  cb_yield           L23-CB0 {'rot': 0.00397}
  t=   9.00  cb_yield           L24-CB0 {'rot': 0.0036}
  t=   9.00  cb_yield           L25-CB2 {'rot': 0.00433}
  t=   9.00  cb_yield           L26-CB2 {'rot': 0.004}
  t=   9.00  cb_yield           L27-CB2 {'rot': 0.00364}
  t=   9.00  cb_yield           L32-CB3 {'rot': 0.00405}
  t=   9.00  cb_yield           L33-CB3 {'rot': 0.00389}
  t=   9.13  cb_yield           L28-CB2 {'rot': 0.00357}
  t=   9.25  cb_yield           L25-CB0 {'rot': 0.00347}
  t=   9.38  cb_yield           L30-CB1 {'rot': 0.00353}
  t=   9.50  cb_yield           L31-CB1 {'rot': 0.00346}
  t=   9.75  cb_yield           L2-CB1 {'rot': 0.00312}
  t=   9.88  cb_yield           L2-CB3 {'rot': 0.00334}
  t=  10.00  cb_yield           L2-CB2 {'rot': 0.00316}
  progress t=  10.0s  max corner drift so far=0.0014  wall clock=150s
  t=  10.63  cb_yield           L32-CB1 {'rot': 0.00441}
  t=  10.63  cb_yield           L33-CB1 {'rot': 0.00432}
  t=  10.75  cb_yield           L26-CB0 {'rot': 0.00393}
  t=  10.75  cb_yield           L27-CB0 {'rot': 0.00385}
  t=  10.75  cb_yield           L28-CB0 {'rot': 0.0037}
  t=  10.75  cb_yield           L29-CB0 {'rot': 0.00349}
  t=  12.75  cb_yield           L2-CB0 {'rot': 0.00343}
  t=  13.00  cb_yield           L29-CB2 {'rot': 0.00355}
  t=  13.13  cb_yield           L30-CB2 {'rot': 0.00436}
  t=  13.13  cb_yield           L31-CB2 {'rot': 0.00403}
  t=  13.13  cb_yield           L32-CB2 {'rot': 0.00375}
  t=  13.13  cb_yield           L33-CB2 {'rot': 0.00359}
  t=  15.38  cb_failure         L21-CB3 {'rot': 0.01771}
  t=  15.38  cb_failure         L22-CB3 {'rot': 0.01838}
  t=  15.38  cb_failure         L23-CB3 {'rot': 0.0188}
  t=  15.38  cb_failure         L24-CB3 {'rot': 0.01898}
  t=  15.38  cb_failure         L25-CB3 {'rot': 0.01893}
  t=  15.38  cb_failure         L26-CB3 {'rot': 0.01869}
  t=  15.38  cb_failure         L27-CB3 {'rot': 0.0183}
  t=  15.38  cb_failure         L28-CB3 {'rot': 0.01779}
  t=  15.50  cb_failure         L29-CB3 {'rot': 0.01893}
  t=  15.50  cb_failure         L30-CB3 {'rot': 0.01854}
  t=  15.50  cb_failure         L31-CB3 {'rot': 0.01816}
  t=  15.50  cb_failure         L32-CB3 {'rot': 0.01784}
  t=  15.50  cb_failure         L33-CB3 {'rot': 0.01767}
  t=  15.63  cb_failure         L20-CB3 {'rot': 0.01751}
  t=  15.63  cb_yield           L30-CB0 {'rot': 0.00348}
  t=  15.88  cb_yield           L31-CB0 {'rot': 0.00345}
  t=  16.00  cb_yield           L32-CB0 {'rot': 0.00357}
  t=  16.50  cb_yield           L33-CB0 {'rot': 0.00353}
  progress t=  20.0s  max corner drift so far=0.0034  wall clock=298s
  progress t=  30.0s  max corner drift so far=0.0036  wall clock=454s
  progress t=  40.0s  max corner drift so far=0.0042  wall clock=613s
  t=  43.75  cb_failure         L15-CB3 {'rot': 0.01717}
  t=  43.75  cb_failure         L16-CB3 {'rot': 0.01726}
  t=  48.87  cb_yield           L1-CB1 {'rot': 0.00323}
  t=  49.25  cb_failure         L11-CB1 {'rot': 0.0173}
  t=  49.25  cb_failure         L12-CB1 {'rot': 0.0175}
  t=  49.25  cb_failure         L13-CB1 {'rot': 0.0175}
  t=  49.25  cb_failure         L14-CB1 {'rot': 0.01734}
  t=  49.37  cb_failure         L10-CB1 {'rot': 0.01715}
  t=  49.37  cb_failure         L15-CB1 {'rot': 0.01847}
  t=  49.37  cb_failure         L16-CB1 {'rot': 0.01818}
  t=  49.37  cb_failure         L17-CB1 {'rot': 0.01772}
  t=  49.50  cb_failure         L13-CB3 {'rot': 0.01735}
  t=  49.50  cb_failure         L14-CB3 {'rot': 0.01795}
  t=  49.50  cb_failure         L17-CB3 {'rot': 0.01847}
  t=  49.50  cb_failure         L18-CB1 {'rot': 0.01881}
  t=  49.50  cb_failure         L18-CB3 {'rot': 0.01824}
  t=  49.50  cb_failure         L19-CB1 {'rot': 0.01821}
  t=  49.50  cb_failure         L19-CB3 {'rot': 0.01785}
  t=  49.50  cb_failure         L20-CB1 {'rot': 0.01751}
  t=  49.62  cb_failure         L21-CB1 {'rot': 0.01809}
  t=  49.75  cb_failure         L22-CB1 {'rot': 0.0189}
  t=  49.75  cb_failure         L23-CB1 {'rot': 0.0182}
  t=  49.75  cb_failure         L24-CB1 {'rot': 0.01746}
  t=  49.87  cb_failure         L25-CB1 {'rot': 0.01863}
  t=  49.87  cb_failure         L26-CB1 {'rot': 0.01803}
  t=  49.87  cb_failure         L27-CB1 {'rot': 0.01745}
  t=  50.00  cb_failure         L28-CB1 {'rot': 0.01936}
  t=  50.00  cb_failure         L29-CB1 {'rot': 0.01884}
  t=  50.00  cb_failure         L30-CB1 {'rot': 0.01833}
  t=  50.00  cb_failure         L31-CB1 {'rot': 0.0179}
  t=  50.00  cb_failure         L32-CB1 {'rot': 0.01757}
  progress t=  50.0s  max corner drift so far=0.0042  wall clock=769s
  t=  50.12  cb_failure         L33-CB1 {'rot': 0.01935}
  t=  51.00  cb_yield           L1-CB3 {'rot': 0.00313}
  t=  51.25  cb_yield           L1-CB2 {'rot': 0.0035}
  t=  51.37  cb_yield           L1-CB0 {'rot': 0.00318}
  t=  51.50  cb_failure         L10-CB3 {'rot': 0.01739}
  t=  51.50  cb_failure         L11-CB3 {'rot': 0.01753}
  t=  51.50  cb_failure         L12-CB3 {'rot': 0.01748}
  t=  51.62  cb_failure         L9-CB3 {'rot': 0.01731}
  t=  59.62  cb_failure         L13-CB2 {'rot': 0.01752}
  t=  59.62  cb_failure         L14-CB2 {'rot': 0.01797}
  t=  59.62  cb_failure         L15-CB2 {'rot': 0.01817}
  t=  59.62  cb_failure         L16-CB2 {'rot': 0.01814}
  t=  59.62  cb_failure         L17-CB2 {'rot': 0.01778}
  t=  59.75  cb_failure         L18-CB2 {'rot': 0.01868}
  t=  59.75  cb_failure         L19-CB2 {'rot': 0.01825}
  t=  59.75  cb_failure         L20-CB2 {'rot': 0.01765}
  t=  59.87  cb_failure         L21-CB2 {'rot': 0.01916}
  t=  59.87  cb_failure         L22-CB2 {'rot': 0.01884}
  t=  59.87  cb_failure         L23-CB2 {'rot': 0.01841}
  t=  59.87  cb_failure         L24-CB2 {'rot': 0.01788}
  t=  60.00  cb_failure         L25-CB2 {'rot': 0.02169}
  t=  60.00  cb_failure         L26-CB2 {'rot': 0.02132}
  t=  60.00  cb_failure         L27-CB2 {'rot': 0.02085}
  t=  60.00  cb_failure         L28-CB2 {'rot': 0.02032}
  t=  60.00  cb_failure         L29-CB2 {'rot': 0.01972}
  t=  60.00  cb_failure         L30-CB2 {'rot': 0.0191}
  t=  60.00  cb_failure         L31-CB2 {'rot': 0.01855}
  t=  60.00  cb_failure         L32-CB2 {'rot': 0.01814}
  t=  60.00  cb_failure         L33-CB2 {'rot': 0.01796}
  progress t=  60.0s  max corner drift so far=0.0062  wall clock=924s
  t=  60.25  cb_failure         L12-CB2 {'rot': 0.01774}
  t=  60.37  cb_failure         L8-CB3 {'rot': 0.01739}
  t=  60.37  cb_failure         L10-CB2 {'rot': 0.01756}
  t=  60.37  cb_failure         L11-CB2 {'rot': 0.01841}
  t=  60.50  cb_failure         L9-CB2 {'rot': 0.0177}
  t=  61.00  cb_failure         L8-CB2 {'rot': 0.0174}
  t=  61.12  cb_failure         L7-CB3 {'rot': 0.01801}
  t=  61.25  cb_failure         L6-CB3 {'rot': 0.01786}
  t=  61.25  cb_failure         L7-CB2 {'rot': 0.01856}
  t=  61.37  cb_failure         L5-CB3 {'rot': 0.01716}
  t=  61.37  cb_failure         L6-CB2 {'rot': 0.01814}
  progress t=  70.0s  max corner drift so far=0.0071  wall clock=1082s
  progress t=  80.0s  max corner drift so far=0.0071  wall clock=1242s
  progress t=  90.0s  max corner drift so far=0.0071  wall clock=1394s
  progress t= 100.0s  max corner drift so far=0.0071  wall clock=1545s
