  t=   2.00  cb_yield           L6-CB3 {'rot': 0.00619}
  t=   2.00  cb_yield           L7-CB3 {'rot': 0.00622}
  t=   2.00  cb_yield           L8-CB3 {'rot': 0.00612}
  t=   2.12  cb_yield           L5-CB1 {'rot': 0.00615}
  t=   2.12  cb_yield           L5-CB3 {'rot': 0.00624}
  t=   2.12  cb_yield           L6-CB0 {'rot': 0.00627}
  t=   2.12  cb_yield           L6-CB1 {'rot': 0.00651}
  t=   2.12  cb_yield           L6-CB2 {'rot': 0.00637}
  t=   2.12  cb_yield           L7-CB0 {'rot': 0.00644}
  t=   2.12  cb_yield           L7-CB1 {'rot': 0.00671}
  t=   2.12  cb_yield           L7-CB2 {'rot': 0.00655}
  t=   2.12  cb_yield           L8-CB0 {'rot': 0.00646}
  t=   2.12  cb_yield           L8-CB1 {'rot': 0.00675}
  t=   2.12  cb_yield           L8-CB2 {'rot': 0.00659}
  t=   2.12  cb_yield           L9-CB0 {'rot': 0.00634}
  t=   2.12  cb_yield           L9-CB1 {'rot': 0.00667}
  t=   2.12  cb_yield           L9-CB2 {'rot': 0.00648}
  t=   2.12  cb_yield           L9-CB3 {'rot': 0.00682}
  t=   2.12  cb_yield           L10-CB0 {'rot': 0.00613}
  t=   2.12  cb_yield           L10-CB1 {'rot': 0.00648}
  t=   2.12  cb_yield           L10-CB2 {'rot': 0.00628}
  t=   2.12  cb_yield           L10-CB3 {'rot': 0.00664}
  t=   2.12  cb_yield           L11-CB1 {'rot': 0.00622}
  t=   2.12  cb_yield           L11-CB3 {'rot': 0.0064}
  t=   2.12  cb_yield           L12-CB3 {'rot': 0.00609}
  t=   2.25  cb_yield           L11-CB0 {'rot': 0.00646}
  t=   2.25  cb_yield           L11-CB2 {'rot': 0.0066}
  t=   2.25  cb_yield           L12-CB0 {'rot': 0.00626}
  t=   2.25  cb_yield           L12-CB1 {'rot': 0.00673}
  t=   2.25  cb_yield           L12-CB2 {'rot': 0.00642}
  t=   2.25  cb_yield           L13-CB1 {'rot': 0.00648}
  t=   2.25  cb_yield           L13-CB2 {'rot': 0.00616}
  t=   2.25  cb_yield           L13-CB3 {'rot': 0.00668}
  t=   2.25  cb_yield           L14-CB1 {'rot': 0.00617}
  t=   2.25  cb_yield           L14-CB3 {'rot': 0.00638}
  t=   2.37  cb_yield           L13-CB0 {'rot': 0.0062}
  t=   2.37  cb_yield           L14-CB2 {'rot': 0.00618}
  t=   2.37  cb_yield           L15-CB1 {'rot': 0.00635}
  t=   2.37  cb_yield           L15-CB3 {'rot': 0.00657}
  t=   2.37  cb_yield           L16-CB3 {'rot': 0.00632}
  t=   2.50  cb_yield           L16-CB1 {'rot': 0.00631}
  t=   2.62  cb_yield           L17-CB1 {'rot': 0.00679}
  t=   2.62  cb_yield           L17-CB3 {'rot': 0.00704}
  t=   2.62  cb_yield           L18-CB1 {'rot': 0.00709}
  t=   2.62  cb_yield           L18-CB3 {'rot': 0.00738}
  t=   2.62  cb_yield           L19-CB1 {'rot': 0.00731}
  t=   2.62  cb_yield           L19-CB2 {'rot': 0.00664}
  t=   2.62  cb_yield           L19-CB3 {'rot': 0.00763}
  t=   2.62  cb_yield           L20-CB1 {'rot': 0.00745}
  t=   2.62  cb_yield           L20-CB2 {'rot': 0.00677}
  t=   2.62  cb_yield           L20-CB3 {'rot': 0.0078}
  t=   2.62  cb_yield           L21-CB1 {'rot': 0.00748}
  t=   2.62  cb_yield           L21-CB2 {'rot': 0.00681}
  t=   2.62  cb_yield           L21-CB3 {'rot': 0.00786}
  t=   2.62  cb_yield           L22-CB1 {'rot': 0.00741}
  t=   2.62  cb_yield           L22-CB2 {'rot': 0.00675}
  t=   2.62  cb_yield           L22-CB3 {'rot': 0.00782}
  t=   2.62  cb_yield           L23-CB1 {'rot': 0.00723}
  t=   2.62  cb_yield           L23-CB3 {'rot': 0.00766}
  t=   2.62  cb_yield           L24-CB1 {'rot': 0.00695}
  t=   2.62  cb_yield           L24-CB3 {'rot': 0.00741}
  t=   2.62  cb_yield           L25-CB1 {'rot': 0.0066}
  t=   2.62  cb_yield           L25-CB3 {'rot': 0.00708}
  t=   2.62  cb_yield           L26-CB3 {'rot': 0.00667}
  t=   2.75  cb_yield           L18-CB0 {'rot': 0.00662}
  t=   2.75  cb_yield           L18-CB2 {'rot': 0.00691}
  t=   2.75  cb_yield           L19-CB0 {'rot': 0.00707}
  t=   2.75  cb_yield           L20-CB0 {'rot': 0.00739}
  t=   2.75  cb_yield           L21-CB0 {'rot': 0.00758}
  t=   2.75  cb_yield           L22-CB0 {'rot': 0.00759}
  t=   2.75  cb_yield           L23-CB0 {'rot': 0.00745}
  t=   2.75  cb_yield           L23-CB2 {'rot': 0.00783}
  t=   2.75  cb_yield           L24-CB0 {'rot': 0.00715}
  t=   2.75  cb_yield           L24-CB2 {'rot': 0.00754}
  t=   2.75  cb_yield           L25-CB0 {'rot': 0.00673}
  t=   2.75  cb_yield           L25-CB2 {'rot': 0.00713}
  t=   2.75  cb_yield           L26-CB1 {'rot': 0.00754}
  t=   2.75  cb_yield           L26-CB2 {'rot': 0.00662}
  t=   2.75  cb_yield           L27-CB1 {'rot': 0.00693}
  t=   2.75  cb_yield           L27-CB3 {'rot': 0.00734}
  t=   2.75  cb_yield           L28-CB3 {'rot': 0.00669}
  t=   3.75  cb_yield           L26-CB0 {'rot': 0.00806}
  t=   3.75  cb_yield           L27-CB0 {'rot': 0.00736}
  t=   3.75  cb_yield           L27-CB2 {'rot': 0.00752}
  t=   3.75  cb_yield           L28-CB2 {'rot': 0.00679}
  t=   3.87  cb_yield           L28-CB0 {'rot': 0.00706}
  t=   3.87  cb_yield           L28-CB1 {'rot': 0.00661}
  t=   4.25  cb_yield           L5-CB0 {'rot': 0.00649}
  t=   4.25  cb_yield           L14-CB0 {'rot': 0.00655}
  t=   4.25  cb_yield           L15-CB0 {'rot': 0.00627}
  t=   4.37  cb_yield           L2-CB0 {'rot': 0.00618}
  t=   4.37  cb_yield           L3-CB0 {'rot': 0.00772}
  t=   4.37  cb_yield           L3-CB1 {'rot': 0.00739}
  t=   4.37  cb_yield           L3-CB2 {'rot': 0.00689}
  t=   4.37  cb_yield           L3-CB3 {'rot': 0.0066}
  t=   4.37  cb_yield           L4-CB0 {'rot': 0.00896}
  t=   4.37  cb_yield           L4-CB1 {'rot': 0.0086}
  t=   4.37  cb_yield           L4-CB2 {'rot': 0.00787}
  t=   4.37  cb_yield           L4-CB3 {'rot': 0.00753}
  t=   4.37  cb_yield           L5-CB2 {'rot': 0.00849}
  t=   4.37  cb_yield           L16-CB0 {'rot': 0.0066}
  t=   4.50  cb_yield           L2-CB1 {'rot': 0.00747}
  t=   4.50  cb_yield           L2-CB2 {'rot': 0.00714}
  t=   4.50  cb_yield           L2-CB3 {'rot': 0.00681}
  t=   4.62  cb_yield           L29-CB3 {'rot': 0.00672}
  t=   4.75  cb_yield           L1-CB0 {'rot': 0.00637}
  t=   4.75  cb_yield           L1-CB1 {'rot': 0.00616}
  t=   5.13  cb_yield           L17-CB0 {'rot': 0.00665}
  t=   5.88  cb_yield           L15-CB2 {'rot': 0.0061}
  t=   7.25  cb_yield           L29-CB2 {'rot': 0.00669}
  t=   8.13  cb_yield           L16-CB2 {'rot': 0.00854}
  t=   8.13  cb_yield           L17-CB2 {'rot': 0.00797}
  t=   8.25  cb_yield           L29-CB1 {'rot': 0.00661}
  t=   8.63  cb_failure         L10-CB1 {'rot': 0.03025}
  t=   8.63  cb_failure         L11-CB1 {'rot': 0.03065}
  t=   8.63  cb_failure         L12-CB1 {'rot': 0.03069}
  t=   8.63  cb_failure         L13-CB1 {'rot': 0.03037}
  t=   8.75  cb_failure         L8-CB1 {'rot': 0.03112}
  t=   8.75  cb_failure         L9-CB0 {'rot': 0.03014}
  t=   8.75  cb_failure         L9-CB1 {'rot': 0.03253}
  t=   8.75  cb_failure         L10-CB0 {'rot': 0.0309}
  t=   8.75  cb_failure         L10-CB3 {'rot': 0.03012}
  t=   8.75  cb_failure         L11-CB0 {'rot': 0.0312}
  t=   8.75  cb_failure         L11-CB3 {'rot': 0.03053}
  t=   8.75  cb_failure         L12-CB0 {'rot': 0.03109}
  t=   8.75  cb_failure         L12-CB3 {'rot': 0.03054}
  t=   8.75  cb_failure         L13-CB0 {'rot': 0.03055}
  t=   8.75  cb_failure         L13-CB3 {'rot': 0.03015}
  t=   8.75  cb_failure         L14-CB1 {'rot': 0.03248}
  t=   8.75  cb_failure         L15-CB1 {'rot': 0.03125}
  t=   8.88  cb_failure         L9-CB3 {'rot': 0.03041}
  t=   8.88  cb_failure         L11-CB2 {'rot': 0.03009}
  t=   8.88  cb_failure         L12-CB2 {'rot': 0.03038}
  t=   8.88  cb_failure         L13-CB2 {'rot': 0.03019}
  t=   8.88  cb_failure         L14-CB0 {'rot': 0.0321}
  t=   8.88  cb_failure         L14-CB3 {'rot': 0.03239}
  t=   8.88  cb_failure         L15-CB0 {'rot': 0.03073}
  t=   8.88  cb_failure         L15-CB3 {'rot': 0.03135}
  t=   8.88  cb_failure         L16-CB1 {'rot': 0.03191}
  t=   9.00  cb_failure         L14-CB2 {'rot': 0.03154}
  t=   9.00  cb_failure         L15-CB2 {'rot': 0.03117}
  t=   9.00  cb_failure         L16-CB0 {'rot': 0.0315}
  t=   9.00  cb_failure         L16-CB2 {'rot': 0.03028}
  t=   9.00  cb_failure         L16-CB3 {'rot': 0.03318}
  t=   9.00  cb_failure         L17-CB1 {'rot': 0.03215}
  t=   9.00  cb_failure         L17-CB3 {'rot': 0.03141}
  t=   9.13  cb_failure         L17-CB2 {'rot': 0.03079}
  t=   9.13  cb_failure         L18-CB1 {'rot': 0.03149}
  t=   9.13  cb_failure         L18-CB3 {'rot': 0.03208}
  t=   9.38  cb_yield           L30-CB3 {'rot': 0.00764}
  t=   9.38  cb_yield           L31-CB3 {'rot': 0.00699}
  t=   9.50  cb_yield           L1-CB2 {'rot': 0.00619}
  t=   9.50  cb_yield           L1-CB3 {'rot': 0.00661}
  t=   9.50  cb_yield           L32-CB3 {'rot': 0.00736}
  t=   9.50  cb_yield           L33-CB3 {'rot': 0.00675}
  t=   9.75  cb_failure         L8-CB3 {'rot': 0.03022}
  t=   9.88  cb_failure         L6-CB1 {'rot': 0.03015}
  t=   9.88  cb_failure         L6-CB3 {'rot': 0.03119}
  t=   9.88  cb_failure         L7-CB1 {'rot': 0.03157}
  t=   9.88  cb_failure         L7-CB2 {'rot': 0.03036}
  t=   9.88  cb_failure         L7-CB3 {'rot': 0.03243}
  t=   9.88  cb_failure         L8-CB0 {'rot': 0.03033}
  t=   9.88  cb_failure         L8-CB2 {'rot': 0.03081}
  t=   9.88  cb_failure         L9-CB2 {'rot': 0.03079}
  t=   9.88  cb_failure         L10-CB2 {'rot': 0.03048}
  t=  10.00  cb_failure         L6-CB2 {'rot': 0.03048}
  t=  10.00  cb_failure         L7-CB0 {'rot': 0.0316}
  progress t=  10.0s  max corner drift so far=0.0072  wall clock=124s
  t=  10.25  cb_failure         L17-CB0 {'rot': 0.03126}
  t=  10.38  cb_failure         L18-CB0 {'rot': 0.03101}
  t=  10.38  cb_yield           L30-CB1 {'rot': 0.00693}
  t=  10.38  cb_yield           L31-CB1 {'rot': 0.00667}
  t=  10.50  cb_yield           L29-CB0 {'rot': 0.00741}
  t=  10.50  cb_yield           L30-CB0 {'rot': 0.00691}
  t=  10.50  cb_yield           L32-CB1 {'rot': 0.00912}
  t=  10.50  cb_yield           L33-CB1 {'rot': 0.00892}
  t=  10.88  cb_yield           L30-CB2 {'rot': 0.0081}
  t=  11.00  cb_yield           L31-CB2 {'rot': 0.01001}
  t=  11.00  cb_yield           L32-CB2 {'rot': 0.00883}
  t=  11.00  cb_yield           L33-CB2 {'rot': 0.00831}
  t=  11.88  cb_failure         L19-CB0 {'rot': 0.03194}
  t=  11.88  cb_failure         L19-CB1 {'rot': 0.03446}
  t=  11.88  cb_failure         L20-CB0 {'rot': 0.03202}
  t=  11.88  cb_failure         L20-CB1 {'rot': 0.03448}
  t=  11.88  cb_failure         L21-CB0 {'rot': 0.0314}
  t=  11.88  cb_failure         L21-CB1 {'rot': 0.03391}
  t=  11.88  cb_failure         L22-CB1 {'rot': 0.03266}
  t=  11.88  cb_failure         L23-CB1 {'rot': 0.03063}
  t=  12.00  cb_failure         L22-CB0 {'rot': 0.0346}
  t=  12.00  cb_failure         L23-CB0 {'rot': 0.0328}
  t=  12.00  cb_failure         L24-CB1 {'rot': 0.03445}
  t=  12.00  cb_failure         L25-CB1 {'rot': 0.03124}
  t=  12.00  cb_yield           L31-CB0 {'rot': 0.00667}
  t=  12.13  cb_failure         L19-CB3 {'rot': 0.03342}
  t=  12.13  cb_failure         L20-CB3 {'rot': 0.03519}
  t=  12.13  cb_failure         L21-CB2 {'rot': 0.03119}
  t=  12.13  cb_failure         L21-CB3 {'rot': 0.03605}
  t=  12.13  cb_failure         L22-CB2 {'rot': 0.03105}
  t=  12.13  cb_failure         L22-CB3 {'rot': 0.03593}
  t=  12.13  cb_failure         L23-CB3 {'rot': 0.03496}
  t=  12.13  cb_failure         L24-CB0 {'rot': 0.03472}
  t=  12.13  cb_failure         L24-CB3 {'rot': 0.03307}
  t=  12.13  cb_failure         L25-CB0 {'rot': 0.03159}
  t=  12.13  cb_failure         L26-CB1 {'rot': 0.03255}
  t=  12.13  cb_yield           L32-CB0 {'rot': 0.00735}
  t=  12.13  cb_yield           L33-CB0 {'rot': 0.00674}
  t=  12.25  cb_failure         L19-CB2 {'rot': 0.03092}
  t=  12.25  cb_failure         L20-CB2 {'rot': 0.03366}
  t=  12.25  cb_failure         L23-CB2 {'rot': 0.03567}
  t=  12.25  cb_failure         L24-CB2 {'rot': 0.03435}
  t=  12.25  cb_failure         L25-CB2 {'rot': 0.03198}
  t=  12.25  cb_failure         L25-CB3 {'rot': 0.03771}
  t=  12.25  cb_failure         L26-CB0 {'rot': 0.03109}
  t=  12.25  cb_failure         L26-CB3 {'rot': 0.03439}
  t=  12.25  cb_failure         L27-CB1 {'rot': 0.0323}
  t=  12.38  cb_failure         L26-CB2 {'rot': 0.0325}
  t=  12.38  cb_failure         L27-CB3 {'rot': 0.0352}
  t=  12.38  cb_failure         L28-CB3 {'rot': 0.03058}
  t=  13.00  cb_failure         L6-CB0 {'rot': 0.03078}
  t=  13.13  cb_failure         L5-CB0 {'rot': 0.03253}
  t=  13.13  cb_failure         L5-CB1 {'rot': 0.03126}
  t=  13.25  cb_failure         L5-CB2 {'rot': 0.03075}
  t=  13.25  cb_failure         L5-CB3 {'rot': 0.03019}
  t=  14.25  cb_failure         L18-CB2 {'rot': 0.03156}
  t=  15.75  cb_failure         L29-CB3 {'rot': 0.03501}
  t=  15.75  cb_failure         L30-CB3 {'rot': 0.03362}
  t=  15.75  cb_failure         L31-CB3 {'rot': 0.03225}
  t=  15.75  cb_failure         L32-CB3 {'rot': 0.03116}
  t=  15.75  cb_failure         L33-CB3 {'rot': 0.03067}
  t=  16.00  cb_failure         L28-CB1 {'rot': 0.03344}
  t=  16.00  cb_failure         L29-CB1 {'rot': 0.03173}
  t=  16.13  cb_failure         L30-CB1 {'rot': 0.03126}
  t=  17.00  cb_failure         L27-CB0 {'rot': 0.03084}
  t=  17.13  cb_failure         L28-CB0 {'rot': 0.03186}
  t=  17.13  cb_failure         L29-CB0 {'rot': 0.03179}
  t=  17.13  cb_failure         L30-CB0 {'rot': 0.03158}
  t=  17.13  cb_failure         L31-CB0 {'rot': 0.03128}
  t=  17.13  cb_failure         L32-CB0 {'rot': 0.03098}
  t=  17.13  cb_failure         L33-CB0 {'rot': 0.03085}
  t=  17.25  cb_failure         L31-CB1 {'rot': 0.03154}
  t=  17.25  cb_failure         L32-CB1 {'rot': 0.03142}
  t=  17.25  cb_failure         L33-CB1 {'rot': 0.0314}
  t=  17.63  cb_failure         L4-CB1 {'rot': 0.03193}
  t=  17.75  cb_failure         L3-CB1 {'rot': 0.03272}
  progress t=  20.0s  max corner drift so far=0.0155  wall clock=278s
  t=  20.25  cb_failure         L4-CB3 {'rot': 0.03167}
  t=  21.12  cb_failure         L3-CB3 {'rot': 0.03234}
  t=  21.12  cb_failure         L4-CB2 {'rot': 0.03065}
  t=  21.50  cb_failure         L27-CB2 {'rot': 0.03453}
  t=  21.50  cb_failure         L28-CB2 {'rot': 0.03432}
  t=  21.50  cb_failure         L29-CB2 {'rot': 0.03396}
  t=  21.50  cb_failure         L30-CB2 {'rot': 0.03344}
  t=  21.50  cb_failure         L31-CB2 {'rot': 0.03285}
  t=  21.50  cb_failure         L32-CB2 {'rot': 0.03233}
  t=  21.50  cb_failure         L33-CB2 {'rot': 0.03209}
  progress t=  30.0s  max corner drift so far=0.0204  wall clock=426s
  t=  30.12  cb_failure         L3-CB0 {'rot': 0.03251}
  t=  30.12  cb_failure         L4-CB0 {'rot': 0.03668}
  progress t=  40.0s  max corner drift so far=0.0212  wall clock=582s
  t=  43.12  cb_failure         L3-CB2 {'rot': 0.03141}
  t=  43.25  cb_failure         L2-CB2 {'rot': 0.03091}
  t=  43.25  cb_failure         L2-CB3 {'rot': 0.03286}
  t=  44.92  punching           L29-col23 {'drift': np.float64(0.0198), 'vg_vc': 0.405, 'conn': 'column'}
  t=  44.97  punching           L29-col22 {'drift': np.float64(0.0213), 'vg_vc': 0.374, 'conn': 'column'}
  t=  45.00  punching           L30-col22 {'drift': np.float64(0.0209), 'vg_vc': 0.398, 'conn': 'column'}
  t=  45.00  punching           L31-col22 {'drift': np.float64(0.0205), 'vg_vc': 0.396, 'conn': 'column'}
  t=  45.12  punching           L29-col17 {'drift': np.float64(0.0199), 'vg_vc': 0.419, 'conn': 'column'}
  t=  45.25  punching           L29-col14 {'drift': np.float64(0.0177), 'vg_vc': 0.454, 'conn': 'column'}
  t=  45.87  punching           L29-col15 {'drift': np.float64(0.0161), 'vg_vc': 0.496, 'conn': 'column'}
  t=  45.87  punching           L29-col18 {'drift': np.float64(0.0184), 'vg_vc': 0.434, 'conn': 'column'}
  progress t=  50.0s  max corner drift so far=0.0224  wall clock=737s
  progress t=  60.0s  max corner drift so far=0.0242  wall clock=896s
  t=  61.00  punching           L29-col12 {'drift': np.float64(0.017), 'vg_vc': 0.462, 'conn': 'column'}
  t=  61.12  punching           L29-col11 {'drift': np.float64(0.017), 'vg_vc': 0.51, 'conn': 'column'}
  progress t=  70.0s  max corner drift so far=0.0242  wall clock=1039s
  progress t=  80.0s  max corner drift so far=0.0242  wall clock=1164s
  progress t=  90.0s  max corner drift so far=0.0242  wall clock=1289s
  progress t= 100.0s  max corner drift so far=0.0242  wall clock=1411s
