  t=   2.62  cb_yield           L19-CB3 {'rot': 0.00671}
  t=   2.62  cb_yield           L20-CB3 {'rot': 0.00689}
  t=   2.62  cb_yield           L21-CB1 {'rot': 0.00664}
  t=   2.62  cb_yield           L21-CB3 {'rot': 0.00698}
  t=   2.62  cb_yield           L22-CB1 {'rot': 0.00662}
  t=   2.62  cb_yield           L22-CB3 {'rot': 0.00698}
  t=   2.62  cb_yield           L23-CB3 {'rot': 0.00689}
  t=   2.62  cb_yield           L24-CB3 {'rot': 0.00672}
  t=   2.75  cb_yield           L18-CB3 {'rot': 0.00674}
  t=   2.75  cb_yield           L19-CB1 {'rot': 0.00686}
  t=   2.75  cb_yield           L20-CB1 {'rot': 0.00714}
  t=   2.75  cb_yield           L21-CB2 {'rot': 0.00665}
  t=   2.75  cb_yield           L22-CB2 {'rot': 0.0067}
  t=   2.75  cb_yield           L23-CB1 {'rot': 0.00733}
  t=   2.75  cb_yield           L23-CB2 {'rot': 0.00663}
  t=   2.75  cb_yield           L24-CB1 {'rot': 0.00717}
  t=   2.75  cb_yield           L25-CB1 {'rot': 0.00691}
  t=   2.75  cb_yield           L25-CB3 {'rot': 0.00725}
  t=   2.75  cb_yield           L26-CB3 {'rot': 0.00691}
  t=   3.62  cb_yield           L24-CB2 {'rot': 0.00661}
  t=   3.75  cb_yield           L20-CB0 {'rot': 0.00683}
  t=   3.75  cb_yield           L21-CB0 {'rot': 0.00726}
  t=   3.75  cb_yield           L22-CB0 {'rot': 0.00757}
  t=   3.75  cb_yield           L23-CB0 {'rot': 0.00771}
  t=   3.75  cb_yield           L24-CB0 {'rot': 0.0077}
  t=   3.75  cb_yield           L25-CB0 {'rot': 0.00753}
  t=   3.75  cb_yield           L25-CB2 {'rot': 0.0073}
  t=   3.75  cb_yield           L26-CB0 {'rot': 0.00721}
  t=   3.75  cb_yield           L26-CB1 {'rot': 0.00662}
  t=   3.75  cb_yield           L26-CB2 {'rot': 0.00704}
  t=   3.75  cb_yield           L27-CB0 {'rot': 0.00671}
  t=   3.75  cb_yield           L27-CB2 {'rot': 0.00661}
  t=   4.25  cb_yield           L4-CB0 {'rot': 0.00684}
  t=   4.25  cb_yield           L4-CB1 {'rot': 0.00653}
  t=   4.25  cb_yield           L5-CB0 {'rot': 0.00751}
  t=   4.25  cb_yield           L5-CB1 {'rot': 0.00717}
  t=   4.25  cb_yield           L5-CB2 {'rot': 0.00633}
  t=   4.25  cb_yield           L6-CB0 {'rot': 0.00795}
  t=   4.25  cb_yield           L6-CB1 {'rot': 0.0076}
  t=   4.25  cb_yield           L6-CB2 {'rot': 0.00655}
  t=   4.25  cb_yield           L6-CB3 {'rot': 0.0062}
  t=   4.25  cb_yield           L7-CB0 {'rot': 0.00821}
  t=   4.25  cb_yield           L7-CB1 {'rot': 0.00783}
  t=   4.25  cb_yield           L7-CB2 {'rot': 0.00658}
  t=   4.25  cb_yield           L7-CB3 {'rot': 0.00619}
  t=   4.25  cb_yield           L8-CB0 {'rot': 0.0083}
  t=   4.25  cb_yield           L8-CB1 {'rot': 0.0079}
  t=   4.25  cb_yield           L8-CB2 {'rot': 0.00644}
  t=   4.25  cb_yield           L9-CB0 {'rot': 0.00826}
  t=   4.25  cb_yield           L9-CB1 {'rot': 0.00784}
  t=   4.25  cb_yield           L9-CB2 {'rot': 0.00618}
  t=   4.25  cb_yield           L10-CB0 {'rot': 0.0081}
  t=   4.25  cb_yield           L10-CB1 {'rot': 0.00765}
  t=   4.25  cb_yield           L11-CB0 {'rot': 0.00785}
  t=   4.25  cb_yield           L11-CB1 {'rot': 0.00737}
  t=   4.25  cb_yield           L12-CB0 {'rot': 0.00751}
  t=   4.25  cb_yield           L12-CB1 {'rot': 0.00701}
  t=   4.25  cb_yield           L13-CB0 {'rot': 0.00711}
  t=   4.25  cb_yield           L13-CB1 {'rot': 0.00658}
  t=   4.25  cb_yield           L14-CB0 {'rot': 0.00665}
  t=   4.25  cb_yield           L14-CB1 {'rot': 0.0061}
  t=   4.25  cb_yield           L15-CB0 {'rot': 0.00618}
  t=   4.37  cb_yield           L2-CB0 {'rot': 0.00665}
  t=   4.37  cb_yield           L2-CB1 {'rot': 0.00633}
  t=   4.37  cb_yield           L2-CB2 {'rot': 0.0061}
  t=   4.37  cb_yield           L3-CB0 {'rot': 0.00826}
  t=   4.37  cb_yield           L3-CB1 {'rot': 0.00788}
  t=   4.37  cb_yield           L3-CB2 {'rot': 0.00748}
  t=   4.37  cb_yield           L3-CB3 {'rot': 0.00713}
  t=   4.37  cb_yield           L4-CB2 {'rot': 0.00848}
  t=   4.37  cb_yield           L4-CB3 {'rot': 0.00809}
  t=   4.37  cb_yield           L5-CB3 {'rot': 0.00867}
  t=   4.37  cb_yield           L8-CB3 {'rot': 0.00844}
  t=   4.37  cb_yield           L9-CB3 {'rot': 0.00786}
  t=   4.37  cb_yield           L10-CB2 {'rot': 0.00768}
  t=   4.37  cb_yield           L10-CB3 {'rot': 0.0071}
  t=   4.37  cb_yield           L11-CB2 {'rot': 0.00684}
  t=   4.37  cb_yield           L11-CB3 {'rot': 0.00623}
  t=   4.50  cb_yield           L2-CB3 {'rot': 0.00681}
  t=   4.50  cb_yield           L12-CB2 {'rot': 0.0064}
  t=   5.00  cb_yield           L16-CB0 {'rot': 0.00633}
  t=   5.13  cb_yield           L15-CB1 {'rot': 0.00635}
  t=   5.13  cb_yield           L16-CB1 {'rot': 0.00624}
  t=   5.13  cb_yield           L17-CB0 {'rot': 0.00664}
  t=   5.25  cb_yield           L18-CB0 {'rot': 0.00698}
  t=   5.25  cb_yield           L19-CB0 {'rot': 0.00704}
  t=   5.88  cb_yield           L12-CB3 {'rot': 0.00651}
  t=   5.88  cb_yield           L13-CB2 {'rot': 0.00653}
  t=   6.00  cb_yield           L13-CB3 {'rot': 0.00622}
  t=   6.00  cb_yield           L14-CB2 {'rot': 0.0061}
  t=   7.75  cb_yield           L17-CB1 {'rot': 0.00682}
  t=   7.75  cb_yield           L18-CB1 {'rot': 0.00693}
  t=   8.00  cb_yield           L14-CB3 {'rot': 0.00709}
  t=   8.00  cb_yield           L15-CB3 {'rot': 0.00704}
  t=   8.00  cb_yield           L16-CB3 {'rot': 0.00697}
  t=   8.00  cb_yield           L17-CB3 {'rot': 0.00687}
  t=   8.13  cb_yield           L15-CB2 {'rot': 0.00896}
  t=   8.13  cb_yield           L16-CB2 {'rot': 0.00843}
  t=   8.13  cb_yield           L17-CB2 {'rot': 0.00769}
  t=   8.13  cb_yield           L18-CB2 {'rot': 0.00689}
  t=   8.25  cb_yield           L19-CB2 {'rot': 0.00669}
  t=   8.38  cb_yield           L1-CB1 {'rot': 0.00635}
  t=   8.50  cb_yield           L1-CB0 {'rot': 0.00696}
  t=   8.50  cb_yield           L1-CB2 {'rot': 0.00643}
  t=   8.50  cb_yield           L1-CB3 {'rot': 0.00688}
  t=   8.50  cb_yield           L27-CB1 {'rot': 0.00687}
  t=   8.75  cb_yield           L20-CB2 {'rot': 0.00736}
  t=   9.13  cb_yield           L27-CB3 {'rot': 0.0078}
  t=   9.13  cb_yield           L28-CB3 {'rot': 0.00696}
  t=   9.25  cb_yield           L28-CB2 {'rot': 0.00682}
  t=   9.25  cb_yield           L29-CB3 {'rot': 0.00827}
  t=   9.25  cb_yield           L30-CB3 {'rot': 0.00746}
  t=   9.25  cb_yield           L31-CB3 {'rot': 0.00689}
  t=   9.38  cb_yield           L29-CB2 {'rot': 0.00821}
  t=   9.38  cb_yield           L30-CB2 {'rot': 0.00743}
  t=   9.38  cb_yield           L31-CB2 {'rot': 0.00674}
  t=   9.38  cb_yield           L32-CB3 {'rot': 0.00901}
  t=   9.38  cb_yield           L33-CB3 {'rot': 0.00874}
  t=   9.50  cb_yield           L28-CB1 {'rot': 0.00776}
  t=   9.50  cb_yield           L29-CB1 {'rot': 0.00713}
  progress t=  10.0s  max corner drift so far=0.0055  wall clock=143s
  t=  10.50  cb_yield           L28-CB0 {'rot': 0.00781}
  t=  10.50  cb_yield           L29-CB0 {'rot': 0.0074}
  t=  10.50  cb_yield           L30-CB0 {'rot': 0.00698}
  t=  10.50  cb_yield           L30-CB1 {'rot': 0.00975}
  t=  10.50  cb_yield           L31-CB0 {'rot': 0.00659}
  t=  10.50  cb_yield           L31-CB1 {'rot': 0.00935}
  t=  10.50  cb_yield           L32-CB1 {'rot': 0.00902}
  t=  10.50  cb_yield           L33-CB1 {'rot': 0.00861}
  t=  11.13  cb_yield           L32-CB2 {'rot': 0.00686}
  t=  11.13  cb_yield           L33-CB2 {'rot': 0.00669}
  t=  11.50  cb_yield           L32-CB0 {'rot': 0.00766}
  t=  11.50  cb_yield           L33-CB0 {'rot': 0.00747}
  t=  11.63  cb_failure         L13-CB0 {'rot': 0.03117}
  t=  11.63  cb_failure         L13-CB1 {'rot': 0.03072}
  t=  11.63  cb_failure         L14-CB0 {'rot': 0.0319}
  t=  11.63  cb_failure         L14-CB1 {'rot': 0.03148}
  t=  11.63  cb_failure         L15-CB0 {'rot': 0.0322}
  t=  11.63  cb_failure         L15-CB1 {'rot': 0.0318}
  t=  11.63  cb_failure         L16-CB0 {'rot': 0.03212}
  t=  11.63  cb_failure         L16-CB1 {'rot': 0.03174}
  t=  11.63  cb_failure         L17-CB0 {'rot': 0.03156}
  t=  11.63  cb_failure         L17-CB1 {'rot': 0.03116}
  t=  11.75  cb_failure         L12-CB1 {'rot': 0.03042}
  t=  11.75  cb_failure         L18-CB0 {'rot': 0.03745}
  t=  11.75  cb_failure         L18-CB1 {'rot': 0.03778}
  t=  11.75  cb_failure         L19-CB0 {'rot': 0.03696}
  t=  11.75  cb_failure         L19-CB1 {'rot': 0.0372}
  t=  11.75  cb_failure         L20-CB0 {'rot': 0.03574}
  t=  11.75  cb_failure         L20-CB1 {'rot': 0.03601}
  t=  11.75  cb_failure         L21-CB0 {'rot': 0.03369}
  t=  11.75  cb_failure         L21-CB1 {'rot': 0.034}
  t=  11.75  cb_failure         L22-CB0 {'rot': 0.03085}
  t=  11.75  cb_failure         L22-CB1 {'rot': 0.03121}
  t=  11.88  cb_failure         L16-CB3 {'rot': 0.0307}
  t=  11.88  cb_failure         L17-CB3 {'rot': 0.03225}
  t=  11.88  cb_failure         L18-CB2 {'rot': 0.03113}
  t=  11.88  cb_failure         L18-CB3 {'rot': 0.03312}
  t=  11.88  cb_failure         L19-CB2 {'rot': 0.03133}
  t=  11.88  cb_failure         L19-CB3 {'rot': 0.03332}
  t=  11.88  cb_failure         L20-CB2 {'rot': 0.03082}
  t=  11.88  cb_failure         L20-CB3 {'rot': 0.03288}
  t=  11.88  cb_failure         L21-CB3 {'rot': 0.03169}
  t=  11.88  cb_failure         L23-CB0 {'rot': 0.03433}
  t=  11.88  cb_failure         L23-CB1 {'rot': 0.03535}
  t=  11.88  cb_failure         L24-CB0 {'rot': 0.03063}
  t=  11.88  cb_failure         L24-CB1 {'rot': 0.03122}
  t=  12.00  cb_failure         L17-CB2 {'rot': 0.03212}
  t=  12.00  cb_failure         L21-CB2 {'rot': 0.0345}
  t=  12.00  cb_failure         L22-CB2 {'rot': 0.03282}
  t=  12.00  cb_failure         L22-CB3 {'rot': 0.03505}
  t=  12.00  cb_failure         L23-CB3 {'rot': 0.03238}
  t=  12.00  cb_failure         L25-CB1 {'rot': 0.0308}
  t=  12.13  cb_failure         L23-CB2 {'rot': 0.03411}
  t=  12.13  cb_failure         L24-CB2 {'rot': 0.0313}
  t=  12.13  cb_failure         L24-CB3 {'rot': 0.03389}
  t=  12.13  cb_failure         L25-CB0 {'rot': 0.03235}
  t=  12.25  cb_failure         L25-CB2 {'rot': 0.03265}
  t=  12.25  cb_failure         L25-CB3 {'rot': 0.03575}
  t=  12.25  cb_failure         L26-CB0 {'rot': 0.03076}
  t=  12.25  cb_failure         L26-CB1 {'rot': 0.03335}
  t=  12.25  cb_failure         L26-CB3 {'rot': 0.03233}
  t=  12.38  cb_failure         L26-CB2 {'rot': 0.03147}
  t=  12.38  cb_failure         L27-CB3 {'rot': 0.03239}
  t=  12.88  cb_failure         L6-CB0 {'rot': 0.03029}
  t=  12.88  cb_failure         L7-CB0 {'rot': 0.03178}
  t=  12.88  cb_failure         L7-CB1 {'rot': 0.03164}
  t=  12.88  cb_failure         L8-CB0 {'rot': 0.03276}
  t=  12.88  cb_failure         L8-CB1 {'rot': 0.03273}
  t=  12.88  cb_failure         L9-CB0 {'rot': 0.03339}
  t=  12.88  cb_failure         L9-CB1 {'rot': 0.03339}
  t=  12.88  cb_failure         L10-CB0 {'rot': 0.03364}
  t=  12.88  cb_failure         L10-CB1 {'rot': 0.03368}
  t=  12.88  cb_failure         L11-CB0 {'rot': 0.03362}
  t=  12.88  cb_failure         L11-CB1 {'rot': 0.03365}
  t=  12.88  cb_failure         L12-CB0 {'rot': 0.03337}
  t=  13.00  cb_failure         L5-CB0 {'rot': 0.03215}
  t=  13.00  cb_failure         L5-CB1 {'rot': 0.03083}
  t=  13.00  cb_failure         L6-CB1 {'rot': 0.03369}
  t=  13.00  cb_failure         L6-CB2 {'rot': 0.03204}
  t=  13.00  cb_failure         L6-CB3 {'rot': 0.03135}
  t=  13.00  cb_failure         L7-CB2 {'rot': 0.03361}
  t=  13.00  cb_failure         L7-CB3 {'rot': 0.03274}
  t=  13.00  cb_failure         L8-CB2 {'rot': 0.0345}
  t=  13.00  cb_failure         L8-CB3 {'rot': 0.03345}
  t=  13.00  cb_failure         L9-CB2 {'rot': 0.03486}
  t=  13.00  cb_failure         L9-CB3 {'rot': 0.03364}
  t=  13.00  cb_failure         L10-CB2 {'rot': 0.03468}
  t=  13.00  cb_failure         L10-CB3 {'rot': 0.03337}
  t=  13.00  cb_failure         L11-CB2 {'rot': 0.03398}
  t=  13.00  cb_failure         L11-CB3 {'rot': 0.03269}
  t=  13.00  cb_failure         L12-CB2 {'rot': 0.03279}
  t=  13.00  cb_failure         L12-CB3 {'rot': 0.03162}
  t=  13.00  cb_failure         L13-CB2 {'rot': 0.03108}
  t=  13.00  cb_failure         L13-CB3 {'rot': 0.03011}
  t=  13.13  cb_failure         L5-CB2 {'rot': 0.03252}
  t=  13.13  cb_failure         L5-CB3 {'rot': 0.03168}
  t=  13.13  cb_failure         L14-CB2 {'rot': 0.03521}
  t=  13.13  cb_failure         L14-CB3 {'rot': 0.03337}
  t=  13.13  cb_failure         L15-CB2 {'rot': 0.03242}
  t=  13.13  cb_failure         L15-CB3 {'rot': 0.03066}
  t=  13.25  cb_failure         L16-CB2 {'rot': 0.03309}
  t=  15.63  cb_failure         L28-CB3 {'rot': 0.03763}
  t=  15.63  cb_failure         L29-CB3 {'rot': 0.03684}
  t=  15.63  cb_failure         L30-CB3 {'rot': 0.03572}
  t=  15.63  cb_failure         L31-CB3 {'rot': 0.03452}
  t=  15.63  cb_failure         L32-CB3 {'rot': 0.03354}
  t=  15.63  cb_failure         L33-CB3 {'rot': 0.03227}
  t=  15.88  cb_failure         L27-CB1 {'rot': 0.03164}
  t=  15.88  cb_failure         L28-CB1 {'rot': 0.03066}
  t=  17.75  cb_failure         L4-CB1 {'rot': 0.0302}
  progress t=  20.0s  max corner drift so far=0.0137  wall clock=319s
  t=  20.25  cb_failure         L4-CB3 {'rot': 0.03063}
  t=  22.87  cb_failure         L29-CB1 {'rot': 0.03138}
  t=  22.87  cb_failure         L30-CB1 {'rot': 0.03126}
  t=  22.87  cb_failure         L31-CB1 {'rot': 0.03094}
  t=  22.87  cb_failure         L32-CB1 {'rot': 0.0306}
  t=  28.37  cb_failure         L33-CB1 {'rot': 0.03231}
  t=  28.62  cb_failure         L27-CB0 {'rot': 0.03656}
  t=  28.62  cb_failure         L28-CB0 {'rot': 0.03744}
  t=  28.62  cb_failure         L29-CB0 {'rot': 0.03776}
  t=  28.62  cb_failure         L30-CB0 {'rot': 0.03765}
  t=  28.62  cb_failure         L31-CB0 {'rot': 0.03724}
  t=  28.62  cb_failure         L32-CB0 {'rot': 0.03671}
  t=  28.62  cb_failure         L33-CB0 {'rot': 0.03646}
  progress t=  30.0s  max corner drift so far=0.0179  wall clock=499s
  t=  39.00  cb_failure         L27-CB2 {'rot': 0.03253}
  t=  39.00  cb_failure         L28-CB2 {'rot': 0.03066}
  t=  39.12  cb_failure         L29-CB2 {'rot': 0.03543}
  t=  39.12  cb_failure         L30-CB2 {'rot': 0.03442}
  t=  39.12  cb_failure         L31-CB2 {'rot': 0.03337}
  t=  39.12  cb_failure         L32-CB2 {'rot': 0.03246}
  t=  39.12  cb_failure         L33-CB2 {'rot': 0.03175}
  progress t=  40.0s  max corner drift so far=0.0179  wall clock=673s
  t=  43.12  cb_failure         L3-CB3 {'rot': 0.03126}
  t=  43.12  cb_failure         L4-CB2 {'rot': 0.03081}
  t=  43.25  cb_failure         L3-CB2 {'rot': 0.0305}
  t=  47.55  wall_axial_failure S1-F {'gamma': 0.00114, 'eps': -0.00912, 'cause': 'crushing'}
  t=  47.62  wall_axial_failure S1-M {'gamma': 0.00141, 'eps': -0.00799, 'cause': 'crushing'}
  t=  47.75  cb_failure         L1-CB0 {'rot': 0.08257}
  t=  47.75  cb_failure         L1-CB2 {'rot': 0.05857}
  t=  47.75  cb_failure         L2-CB0 {'rot': 0.07734}
  t=  47.75  cb_failure         L2-CB2 {'rot': 0.05842}
  t=  47.75  cb_failure         L3-CB0 {'rot': 0.07092}
  t=  47.75  cb_failure         L4-CB0 {'rot': 0.0653}
  t=  47.87  cb_failure         L1-CB1 {'rot': 0.03425}
  t=  47.87  cb_failure         L2-CB1 {'rot': 0.03322}
