  t=   2.00  cb_yield           L5-CB0 {'rot': 0.00708}
  t=   2.00  cb_yield           L5-CB1 {'rot': 0.00732}
  t=   2.00  cb_yield           L5-CB2 {'rot': 0.00724}
  t=   2.00  cb_yield           L5-CB3 {'rot': 0.00748}
  t=   2.00  cb_yield           L6-CB0 {'rot': 0.00727}
  t=   2.00  cb_yield           L6-CB1 {'rot': 0.00754}
  t=   2.00  cb_yield           L6-CB2 {'rot': 0.00745}
  t=   2.00  cb_yield           L6-CB3 {'rot': 0.00772}
  t=   2.00  cb_yield           L7-CB0 {'rot': 0.00724}
  t=   2.00  cb_yield           L7-CB1 {'rot': 0.00753}
  t=   2.00  cb_yield           L7-CB2 {'rot': 0.00743}
  t=   2.00  cb_yield           L7-CB3 {'rot': 0.00772}
  t=   2.00  cb_yield           L8-CB0 {'rot': 0.00703}
  t=   2.00  cb_yield           L8-CB1 {'rot': 0.00734}
  t=   2.00  cb_yield           L8-CB2 {'rot': 0.00723}
  t=   2.00  cb_yield           L8-CB3 {'rot': 0.00754}
  t=   2.00  cb_yield           L9-CB1 {'rot': 0.00702}
  t=   2.00  cb_yield           L9-CB3 {'rot': 0.00723}
  t=   2.12  cb_yield           L4-CB1 {'rot': 0.0071}
  t=   2.12  cb_yield           L4-CB3 {'rot': 0.00719}
  t=   2.12  cb_yield           L9-CB0 {'rot': 0.008}
  t=   2.12  cb_yield           L9-CB2 {'rot': 0.00819}
  t=   2.12  cb_yield           L10-CB0 {'rot': 0.00767}
  t=   2.12  cb_yield           L10-CB1 {'rot': 0.00812}
  t=   2.12  cb_yield           L10-CB2 {'rot': 0.00786}
  t=   2.12  cb_yield           L10-CB3 {'rot': 0.00833}
  t=   2.12  cb_yield           L11-CB0 {'rot': 0.00723}
  t=   2.12  cb_yield           L11-CB1 {'rot': 0.00772}
  t=   2.12  cb_yield           L11-CB2 {'rot': 0.00743}
  t=   2.12  cb_yield           L11-CB3 {'rot': 0.00793}
  t=   2.12  cb_yield           L12-CB1 {'rot': 0.00724}
  t=   2.12  cb_yield           L12-CB3 {'rot': 0.00745}
  t=   2.25  cb_yield           L12-CB0 {'rot': 0.00793}
  t=   2.25  cb_yield           L12-CB2 {'rot': 0.00812}
  t=   2.25  cb_yield           L13-CB0 {'rot': 0.00747}
  t=   2.25  cb_yield           L13-CB1 {'rot': 0.00811}
  t=   2.25  cb_yield           L13-CB2 {'rot': 0.00769}
  t=   2.25  cb_yield           L13-CB3 {'rot': 0.00835}
  t=   2.25  cb_yield           L14-CB1 {'rot': 0.00761}
  t=   2.25  cb_yield           L14-CB2 {'rot': 0.00718}
  t=   2.25  cb_yield           L14-CB3 {'rot': 0.00786}
  t=   2.25  cb_yield           L15-CB1 {'rot': 0.00709}
  t=   2.25  cb_yield           L15-CB3 {'rot': 0.00735}
  t=   2.37  cb_yield           L14-CB0 {'rot': 0.00788}
  t=   2.37  cb_yield           L15-CB0 {'rot': 0.00744}
  t=   2.37  cb_yield           L15-CB2 {'rot': 0.00769}
  t=   2.37  cb_yield           L16-CB1 {'rot': 0.00774}
  t=   2.37  cb_yield           L16-CB2 {'rot': 0.00722}
  t=   2.37  cb_yield           L16-CB3 {'rot': 0.00803}
  t=   2.50  cb_yield           L16-CB0 {'rot': 0.00731}
  t=   2.50  cb_yield           L17-CB1 {'rot': 0.00786}
  t=   2.50  cb_yield           L17-CB3 {'rot': 0.00815}
  t=   2.50  cb_yield           L18-CB3 {'rot': 0.00782}
  t=   2.62  cb_yield           L18-CB1 {'rot': 0.00858}
  t=   2.62  cb_yield           L18-CB2 {'rot': 0.00771}
  t=   2.62  cb_yield           L19-CB1 {'rot': 0.00864}
  t=   2.62  cb_yield           L19-CB2 {'rot': 0.00777}
  t=   2.62  cb_yield           L19-CB3 {'rot': 0.00899}
  t=   2.62  cb_yield           L20-CB1 {'rot': 0.00862}
  t=   2.62  cb_yield           L20-CB2 {'rot': 0.00775}
  t=   2.62  cb_yield           L20-CB3 {'rot': 0.009}
  t=   2.62  cb_yield           L21-CB1 {'rot': 0.00851}
  t=   2.62  cb_yield           L21-CB2 {'rot': 0.00766}
  t=   2.62  cb_yield           L21-CB3 {'rot': 0.00893}
  t=   2.62  cb_yield           L22-CB1 {'rot': 0.00831}
  t=   2.62  cb_yield           L22-CB3 {'rot': 0.00877}
  t=   2.62  cb_yield           L23-CB1 {'rot': 0.00802}
  t=   2.62  cb_yield           L23-CB3 {'rot': 0.00852}
  t=   2.62  cb_yield           L24-CB1 {'rot': 0.00767}
  t=   2.62  cb_yield           L24-CB3 {'rot': 0.00819}
  t=   2.62  cb_yield           L25-CB3 {'rot': 0.00778}
  t=   2.75  cb_yield           L17-CB0 {'rot': 0.00766}
  t=   2.75  cb_yield           L17-CB2 {'rot': 0.00795}
  t=   2.75  cb_yield           L18-CB0 {'rot': 0.00823}
  t=   2.75  cb_yield           L19-CB0 {'rot': 0.00868}
  t=   2.75  cb_yield           L20-CB0 {'rot': 0.00898}
  t=   2.75  cb_yield           L21-CB0 {'rot': 0.00911}
  t=   2.75  cb_yield           L22-CB0 {'rot': 0.00905}
  t=   2.75  cb_yield           L22-CB2 {'rot': 0.00948}
  t=   2.75  cb_yield           L23-CB0 {'rot': 0.00882}
  t=   2.75  cb_yield           L23-CB2 {'rot': 0.00926}
  t=   2.75  cb_yield           L24-CB0 {'rot': 0.00841}
  t=   2.75  cb_yield           L24-CB2 {'rot': 0.00888}
  t=   2.75  cb_yield           L25-CB0 {'rot': 0.00788}
  t=   2.75  cb_yield           L25-CB1 {'rot': 0.00963}
  t=   2.75  cb_yield           L25-CB2 {'rot': 0.00836}
  t=   2.75  cb_yield           L26-CB1 {'rot': 0.00898}
  t=   2.75  cb_yield           L26-CB2 {'rot': 0.00774}
  t=   2.75  cb_yield           L26-CB3 {'rot': 0.00948}
  t=   2.75  cb_yield           L27-CB1 {'rot': 0.00824}
  t=   2.75  cb_yield           L27-CB3 {'rot': 0.00876}
  t=   2.75  cb_yield           L28-CB3 {'rot': 0.00797}
  t=   2.87  cb_yield           L26-CB0 {'rot': 0.00845}
  t=   2.87  cb_yield           L27-CB2 {'rot': 0.00793}
  t=   2.87  cb_yield           L28-CB1 {'rot': 0.00833}
  t=   3.87  cb_yield           L27-CB0 {'rot': 0.00918}
  t=   3.87  cb_yield           L28-CB0 {'rot': 0.00814}
  t=   3.87  cb_yield           L28-CB2 {'rot': 0.00808}
  t=   4.50  cb_yield           L3-CB0 {'rot': 0.00843}
  t=   4.50  cb_yield           L3-CB1 {'rot': 0.00808}
  t=   4.50  cb_yield           L3-CB2 {'rot': 0.00743}
  t=   4.50  cb_yield           L3-CB3 {'rot': 0.00707}
  t=   4.50  cb_yield           L4-CB0 {'rot': 0.00988}
  t=   4.50  cb_yield           L4-CB2 {'rot': 0.00855}
  t=   4.62  cb_yield           L2-CB0 {'rot': 0.0086}
  t=   4.62  cb_yield           L2-CB1 {'rot': 0.00826}
  t=   4.62  cb_yield           L2-CB2 {'rot': 0.00771}
  t=   4.62  cb_yield           L2-CB3 {'rot': 0.0074}
  t=   4.62  cb_yield           L29-CB3 {'rot': 0.00881}
  t=   4.62  cb_yield           L30-CB3 {'rot': 0.00838}
  t=   4.62  cb_yield           L31-CB3 {'rot': 0.00789}
  t=   4.75  cb_yield           L29-CB2 {'rot': 0.00769}
  t=   4.75  cb_yield           L32-CB3 {'rot': 0.0077}
  t=   4.88  cb_yield           L1-CB0 {'rot': 0.00799}
  t=   4.88  cb_yield           L1-CB1 {'rot': 0.00775}
  t=   7.88  cb_yield           L1-CB3 {'rot': 0.00731}
  t=   8.00  cb_yield           L1-CB2 {'rot': 0.00762}
  t=   8.25  cb_yield           L29-CB1 {'rot': 0.00772}
  t=   8.38  cb_yield           L30-CB1 {'rot': 0.00841}
  t=   8.38  cb_yield           L31-CB1 {'rot': 0.00784}
  t=   8.50  cb_failure         L9-CB1 {'rot': 0.03166}
  t=   8.50  cb_failure         L10-CB1 {'rot': 0.03253}
  t=   8.50  cb_failure         L11-CB1 {'rot': 0.03304}
  t=   8.50  cb_failure         L12-CB1 {'rot': 0.03322}
  t=   8.50  cb_failure         L13-CB1 {'rot': 0.03309}
  t=   8.50  cb_failure         L14-CB1 {'rot': 0.03262}
  t=   8.50  cb_failure         L15-CB1 {'rot': 0.03188}
  t=   8.50  cb_yield           L32-CB1 {'rot': 0.00804}
  t=   8.50  cb_yield           L33-CB1 {'rot': 0.00776}
  t=   8.63  cb_failure         L7-CB1 {'rot': 0.03105}
  t=   8.63  cb_failure         L8-CB0 {'rot': 0.03105}
  t=   8.63  cb_failure         L8-CB1 {'rot': 0.03384}
  t=   8.63  cb_failure         L9-CB0 {'rot': 0.03292}
  t=   8.63  cb_failure         L9-CB3 {'rot': 0.03103}
  t=   8.63  cb_failure         L10-CB0 {'rot': 0.03422}
  t=   8.63  cb_failure         L10-CB3 {'rot': 0.03255}
  t=   8.63  cb_failure         L11-CB0 {'rot': 0.03504}
  t=   8.63  cb_failure         L11-CB3 {'rot': 0.03361}
  t=   8.63  cb_failure         L12-CB0 {'rot': 0.03543}
  t=   8.63  cb_failure         L12-CB3 {'rot': 0.03426}
  t=   8.63  cb_failure         L13-CB0 {'rot': 0.03539}
  t=   8.63  cb_failure         L13-CB3 {'rot': 0.03449}
  t=   8.63  cb_failure         L14-CB0 {'rot': 0.0349}
  t=   8.63  cb_failure         L14-CB3 {'rot': 0.03427}
  t=   8.63  cb_failure         L15-CB0 {'rot': 0.03403}
  t=   8.63  cb_failure         L15-CB3 {'rot': 0.03366}
  t=   8.63  cb_failure         L16-CB0 {'rot': 0.03278}
  t=   8.63  cb_failure         L16-CB1 {'rot': 0.03671}
  t=   8.63  cb_failure         L16-CB3 {'rot': 0.03266}
  t=   8.63  cb_failure         L17-CB1 {'rot': 0.03482}
  t=   8.63  cb_failure         L18-CB1 {'rot': 0.03254}
  t=   8.75  cb_failure         L10-CB2 {'rot': 0.03237}
  t=   8.75  cb_failure         L11-CB2 {'rot': 0.03382}
  t=   8.75  cb_failure         L12-CB2 {'rot': 0.03487}
  t=   8.75  cb_failure         L13-CB2 {'rot': 0.03551}
  t=   8.75  cb_failure         L14-CB2 {'rot': 0.0357}
  t=   8.75  cb_failure         L15-CB2 {'rot': 0.03546}
  t=   8.75  cb_failure         L16-CB2 {'rot': 0.03481}
  t=   8.75  cb_failure         L17-CB0 {'rot': 0.03678}
  t=   8.75  cb_failure         L17-CB2 {'rot': 0.03343}
  t=   8.75  cb_failure         L17-CB3 {'rot': 0.03761}
  t=   8.75  cb_failure         L18-CB0 {'rot': 0.03425}
  t=   8.75  cb_failure         L18-CB3 {'rot': 0.03574}
  t=   8.75  cb_failure         L19-CB1 {'rot': 0.03549}
  t=   8.75  cb_failure         L19-CB3 {'rot': 0.03328}
  t=   8.75  cb_failure         L20-CB1 {'rot': 0.03185}
  t=   8.88  cb_failure         L9-CB2 {'rot': 0.03118}
  t=   8.88  cb_failure         L18-CB2 {'rot': 0.03797}
  t=   8.88  cb_failure         L19-CB0 {'rot': 0.03669}
  t=   8.88  cb_failure         L19-CB2 {'rot': 0.03577}
  t=   8.88  cb_failure         L20-CB0 {'rot': 0.03294}
  t=   8.88  cb_failure         L20-CB2 {'rot': 0.03284}
  t=   8.88  cb_failure         L20-CB3 {'rot': 0.03737}
  t=   8.88  cb_failure         L21-CB1 {'rot': 0.03291}
  t=   8.88  cb_failure         L21-CB3 {'rot': 0.03372}
  t=   9.00  cb_failure         L21-CB0 {'rot': 0.03318}
  t=   9.00  cb_failure         L21-CB2 {'rot': 0.03525}
  t=   9.00  cb_failure         L22-CB1 {'rot': 0.03229}
  t=   9.00  cb_failure         L22-CB3 {'rot': 0.03553}
  t=   9.00  cb_failure         L23-CB3 {'rot': 0.03168}
  t=   9.13  cb_failure         L22-CB0 {'rot': 0.03206}
  t=   9.13  cb_failure         L22-CB2 {'rot': 0.03605}
  t=   9.13  cb_failure         L24-CB3 {'rot': 0.03165}
  t=   9.13  cb_yield           L33-CB3 {'rot': 0.00826}
  t=   9.25  cb_failure         L23-CB1 {'rot': 0.03375}
  t=   9.25  cb_failure         L23-CB2 {'rot': 0.03461}
  t=   9.38  cb_failure         L24-CB1 {'rot': 0.03217}
  t=   9.38  cb_failure         L24-CB2 {'rot': 0.03225}
  t=   9.38  cb_failure         L25-CB3 {'rot': 0.03284}
  t=   9.38  cb_yield           L30-CB2 {'rot': 0.00953}
  t=   9.50  cb_failure         L25-CB1 {'rot': 0.03166}
  t=   9.50  cb_yield           L29-CB0 {'rot': 0.0105}
  t=   9.50  cb_yield           L30-CB0 {'rot': 0.00762}
  t=   9.50  cb_yield           L31-CB2 {'rot': 0.00858}
  t=   9.63  cb_failure         L6-CB1 {'rot': 0.03294}
  t=   9.63  cb_failure         L6-CB3 {'rot': 0.0316}
  t=   9.63  cb_failure         L7-CB0 {'rot': 0.0312}
  t=   9.63  cb_failure         L7-CB3 {'rot': 0.0337}
  t=   9.63  cb_failure         L8-CB2 {'rot': 0.03154}
  t=   9.63  cb_failure         L8-CB3 {'rot': 0.03531}
  t=   9.63  cb_yield           L31-CB0 {'rot': 0.00851}
  t=   9.75  cb_failure         L4-CB1 {'rot': 0.03184}
  t=   9.75  cb_failure         L4-CB3 {'rot': 0.0319}
  t=   9.75  cb_failure         L5-CB0 {'rot': 0.03235}
  t=   9.75  cb_failure         L5-CB1 {'rot': 0.03565}
  t=   9.75  cb_failure         L5-CB2 {'rot': 0.03251}
  t=   9.75  cb_failure         L5-CB3 {'rot': 0.03563}
  t=   9.75  cb_failure         L6-CB0 {'rot': 0.03467}
  t=   9.75  cb_failure         L6-CB2 {'rot': 0.03481}
  t=   9.75  cb_failure         L7-CB2 {'rot': 0.03628}
  t=   9.75  cb_failure         L23-CB0 {'rot': 0.03187}
  t=   9.75  cb_failure         L26-CB1 {'rot': 0.03171}
  t=   9.88  cb_failure         L3-CB3 {'rot': 0.0311}
  t=   9.88  cb_failure         L4-CB0 {'rot': 0.03308}
  t=   9.88  cb_failure         L4-CB2 {'rot': 0.03381}
  progress t=  10.0s  max corner drift so far=0.0100  wall clock=136s
  t=  10.38  cb_yield           L32-CB0 {'rot': 0.00824}
  t=  10.38  cb_yield           L33-CB0 {'rot': 0.00806}
  t=  10.75  cb_failure         L24-CB0 {'rot': 0.03316}
  t=  11.00  cb_failure         L26-CB3 {'rot': 0.03424}
  t=  11.00  cb_failure         L27-CB1 {'rot': 0.0317}
  t=  11.00  cb_failure         L27-CB3 {'rot': 0.03166}
  t=  11.00  cb_yield           L32-CB2 {'rot': 0.00792}
  t=  11.13  cb_failure         L25-CB2 {'rot': 0.03592}
  t=  11.13  cb_failure         L26-CB2 {'rot': 0.03425}
  t=  11.13  cb_failure         L27-CB2 {'rot': 0.03196}
  t=  11.13  cb_failure         L28-CB1 {'rot': 0.03269}
  t=  11.13  cb_failure         L28-CB3 {'rot': 0.03931}
  t=  11.13  cb_failure         L29-CB3 {'rot': 0.0361}
  t=  11.13  cb_failure         L30-CB3 {'rot': 0.03281}
  t=  11.13  cb_yield           L33-CB2 {'rot': 0.01593}
  t=  11.25  cb_failure         L28-CB2 {'rot': 0.03438}
  t=  11.25  cb_failure         L29-CB2 {'rot': 0.03199}
  t=  11.25  cb_failure         L31-CB3 {'rot': 0.03598}
  t=  11.25  cb_failure         L32-CB3 {'rot': 0.03423}
  t=  11.25  cb_failure         L33-CB3 {'rot': 0.03225}
  t=  11.38  cb_failure         L30-CB2 {'rot': 0.03262}
  t=  13.38  cb_failure         L31-CB2 {'rot': 0.03221}
  t=  15.75  cb_failure         L29-CB1 {'rot': 0.03292}
  t=  15.75  cb_failure         L30-CB1 {'rot': 0.03163}
  t=  15.88  cb_failure         L25-CB0 {'rot': 0.03265}
  t=  15.88  cb_failure         L31-CB1 {'rot': 0.03799}
  t=  15.88  cb_failure         L32-CB1 {'rot': 0.03652}
  t=  15.88  cb_failure         L33-CB1 {'rot': 0.03515}
  t=  16.00  cb_failure         L26-CB0 {'rot': 0.03715}
  t=  16.00  cb_failure         L27-CB0 {'rot': 0.03558}
  t=  16.00  cb_failure         L28-CB0 {'rot': 0.03362}
  t=  16.13  cb_failure         L29-CB0 {'rot': 0.03372}
  t=  16.13  cb_failure         L30-CB0 {'rot': 0.03183}
  t=  16.88  cb_failure         L31-CB0 {'rot': 0.03407}
  t=  16.88  cb_failure         L32-CB0 {'rot': 0.03284}
  t=  16.88  cb_failure         L33-CB0 {'rot': 0.03238}
  t=  17.75  cb_failure         L3-CB1 {'rot': 0.03818}
  t=  17.88  cb_failure         L2-CB1 {'rot': 0.03512}
  progress t=  20.0s  max corner drift so far=0.0195  wall clock=303s
  t=  20.37  cb_failure         L32-CB2 {'rot': 0.03608}
  t=  20.37  cb_failure         L33-CB2 {'rot': 0.03606}
  t=  21.00  cb_failure         L3-CB2 {'rot': 0.03155}
  t=  21.25  cb_failure         L2-CB3 {'rot': 0.03378}
  t=  24.65  wall_axial_failure S1-F {'gamma': 0.00078, 'eps': -0.00783, 'cause': 'crushing'}
  t=  24.75  cb_failure         L1-CB1 {'rot': 0.06206}
  t=  24.75  cb_failure         L1-CB3 {'rot': 0.07572}
