  t=   4.50  cb_yield           L5-CB0 {'rot': 0.00637}
  t=   4.50  cb_yield           L5-CB1 {'rot': 0.0062}
  t=   4.50  cb_yield           L6-CB0 {'rot': 0.0066}
  t=   4.50  cb_yield           L6-CB1 {'rot': 0.00641}
  t=   4.50  cb_yield           L7-CB0 {'rot': 0.00664}
  t=   4.50  cb_yield           L7-CB1 {'rot': 0.00643}
  t=   4.50  cb_yield           L8-CB0 {'rot': 0.00652}
  t=   4.50  cb_yield           L8-CB1 {'rot': 0.0063}
  t=   4.50  cb_yield           L9-CB0 {'rot': 0.00629}
  t=   4.62  cb_yield           L4-CB0 {'rot': 0.0061}
  t=   4.62  cb_yield           L9-CB1 {'rot': 0.00615}
  t=   8.00  cb_yield           L10-CB1 {'rot': 0.00632}
  t=   8.00  cb_yield           L11-CB1 {'rot': 0.00642}
  t=   8.00  cb_yield           L12-CB1 {'rot': 0.0065}
  t=   8.00  cb_yield           L13-CB1 {'rot': 0.00655}
  t=   8.00  cb_yield           L14-CB1 {'rot': 0.00658}
  t=   8.00  cb_yield           L15-CB1 {'rot': 0.00659}
  t=   8.00  cb_yield           L16-CB1 {'rot': 0.00659}
  t=   8.13  cb_yield           L10-CB0 {'rot': 0.00724}
  t=   8.13  cb_yield           L11-CB0 {'rot': 0.00736}
  t=   8.13  cb_yield           L12-CB0 {'rot': 0.00742}
  t=   8.13  cb_yield           L13-CB0 {'rot': 0.00742}
  t=   8.13  cb_yield           L14-CB0 {'rot': 0.00735}
  t=   8.13  cb_yield           L15-CB0 {'rot': 0.00722}
  t=   8.13  cb_yield           L16-CB0 {'rot': 0.00704}
  t=   8.13  cb_yield           L17-CB0 {'rot': 0.00677}
  t=   8.13  cb_yield           L17-CB1 {'rot': 0.0075}
  t=   8.13  cb_yield           L18-CB1 {'rot': 0.00721}
  t=   8.13  cb_yield           L19-CB1 {'rot': 0.00688}
  t=   8.25  cb_yield           L4-CB1 {'rot': 0.00638}
  t=   8.25  cb_yield           L6-CB3 {'rot': 0.00644}
  t=   8.25  cb_yield           L7-CB2 {'rot': 0.00633}
  t=   8.25  cb_yield           L7-CB3 {'rot': 0.00678}
  t=   8.25  cb_yield           L8-CB2 {'rot': 0.00652}
  t=   8.25  cb_yield           L8-CB3 {'rot': 0.00702}
  t=   8.25  cb_yield           L9-CB2 {'rot': 0.00661}
  t=   8.25  cb_yield           L9-CB3 {'rot': 0.00717}
  t=   8.25  cb_yield           L10-CB2 {'rot': 0.00662}
  t=   8.25  cb_yield           L10-CB3 {'rot': 0.00724}
  t=   8.25  cb_yield           L11-CB2 {'rot': 0.00655}
  t=   8.25  cb_yield           L11-CB3 {'rot': 0.00722}
  t=   8.25  cb_yield           L12-CB2 {'rot': 0.00641}
  t=   8.25  cb_yield           L12-CB3 {'rot': 0.00712}
  t=   8.25  cb_yield           L13-CB2 {'rot': 0.0062}
  t=   8.25  cb_yield           L13-CB3 {'rot': 0.00694}
  t=   8.25  cb_yield           L14-CB3 {'rot': 0.00668}
  t=   8.25  cb_yield           L15-CB3 {'rot': 0.00636}
  t=   8.25  cb_yield           L18-CB0 {'rot': 0.00678}
  t=   8.25  cb_yield           L20-CB1 {'rot': 0.00666}
  t=   8.38  cb_yield           L3-CB0 {'rot': 0.00653}
  t=   8.38  cb_yield           L3-CB1 {'rot': 0.00688}
  t=   8.38  cb_yield           L3-CB3 {'rot': 0.00623}
  t=   8.38  cb_yield           L4-CB2 {'rot': 0.00693}
  t=   8.38  cb_yield           L4-CB3 {'rot': 0.00727}
  t=   8.38  cb_yield           L5-CB2 {'rot': 0.00765}
  t=   8.38  cb_yield           L5-CB3 {'rot': 0.00805}
  t=   8.38  cb_yield           L6-CB2 {'rot': 0.00812}
  t=   8.38  cb_yield           L14-CB2 {'rot': 0.00624}
  t=   8.50  cb_yield           L2-CB1 {'rot': 0.00633}
  t=   8.50  cb_yield           L3-CB2 {'rot': 0.00704}
  t=   8.63  cb_yield           L2-CB0 {'rot': 0.00646}
  t=   8.63  cb_yield           L2-CB3 {'rot': 0.00616}
  t=   8.63  cb_yield           L16-CB3 {'rot': 0.00625}
  t=   8.75  cb_yield           L15-CB2 {'rot': 0.00674}
  t=   8.88  cb_yield           L16-CB2 {'rot': 0.00729}
  t=   8.88  cb_yield           L17-CB2 {'rot': 0.00664}
  t=   8.88  cb_yield           L17-CB3 {'rot': 0.00758}
  t=   8.88  cb_yield           L18-CB3 {'rot': 0.00698}
  t=   9.00  cb_yield           L18-CB2 {'rot': 0.00736}
  t=   9.00  cb_yield           L19-CB2 {'rot': 0.00682}
  t=   9.00  cb_yield           L19-CB3 {'rot': 0.00784}
  t=   9.00  cb_yield           L20-CB3 {'rot': 0.00727}
  t=   9.00  cb_yield           L21-CB3 {'rot': 0.00669}
  t=   9.13  cb_yield           L20-CB2 {'rot': 0.00711}
  t=   9.13  cb_yield           L21-CB2 {'rot': 0.00678}
  t=   9.13  cb_yield           L22-CB3 {'rot': 0.00746}
  t=   9.13  cb_yield           L23-CB3 {'rot': 0.00703}
  t=   9.25  cb_yield           L22-CB2 {'rot': 0.00694}
  t=   9.25  cb_yield           L23-CB2 {'rot': 0.00686}
  t=   9.25  cb_yield           L24-CB2 {'rot': 0.00668}
  t=   9.25  cb_yield           L24-CB3 {'rot': 0.00779}
  t=   9.25  cb_yield           L25-CB3 {'rot': 0.00751}
  t=   9.25  cb_yield           L26-CB3 {'rot': 0.00713}
  t=   9.25  cb_yield           L27-CB3 {'rot': 0.00669}
  t=   9.38  cb_yield           L28-CB3 {'rot': 0.00681}
  progress t=  10.0s  max corner drift so far=0.0028  wall clock=114s
  t=  10.75  cb_yield           L2-CB2 {'rot': 0.00853}
  t=  10.88  cb_yield           L1-CB0 {'rot': 0.00679}
  t=  10.88  cb_yield           L1-CB1 {'rot': 0.00671}
  t=  10.88  cb_yield           L1-CB2 {'rot': 0.00713}
  t=  10.88  cb_yield           L1-CB3 {'rot': 0.00698}
  t=  11.25  cb_yield           L19-CB0 {'rot': 0.00819}
  t=  11.25  cb_yield           L20-CB0 {'rot': 0.00773}
  t=  11.25  cb_yield           L21-CB0 {'rot': 0.00736}
  t=  11.25  cb_yield           L21-CB1 {'rot': 0.00704}
  t=  11.25  cb_yield           L22-CB0 {'rot': 0.00705}
  t=  11.25  cb_yield           L22-CB1 {'rot': 0.00672}
  t=  11.25  cb_yield           L23-CB0 {'rot': 0.00677}
  t=  11.38  cb_yield           L23-CB1 {'rot': 0.00971}
  t=  11.38  cb_yield           L24-CB0 {'rot': 0.00922}
  t=  11.38  cb_yield           L24-CB1 {'rot': 0.00889}
  t=  11.38  cb_yield           L25-CB0 {'rot': 0.00845}
  t=  11.38  cb_yield           L25-CB1 {'rot': 0.00811}
  t=  11.38  cb_yield           L26-CB0 {'rot': 0.00771}
  t=  11.38  cb_yield           L26-CB1 {'rot': 0.00736}
  t=  11.38  cb_yield           L27-CB0 {'rot': 0.00702}
  t=  11.38  cb_yield           L27-CB1 {'rot': 0.00667}
  t=  11.50  cb_yield           L28-CB0 {'rot': 0.0069}
  t=  11.50  cb_yield           L28-CB1 {'rot': 0.00679}
  t=  11.63  cb_yield           L25-CB2 {'rot': 0.00665}
  t=  11.75  cb_yield           L26-CB2 {'rot': 0.00715}
  t=  11.75  cb_yield           L29-CB1 {'rot': 0.0072}
  t=  11.88  cb_yield           L27-CB2 {'rot': 0.00709}
  t=  11.88  cb_yield           L29-CB0 {'rot': 0.00715}
  t=  12.00  cb_yield           L28-CB2 {'rot': 0.00725}
  t=  12.00  cb_yield           L30-CB1 {'rot': 0.00697}
  t=  12.13  cb_yield           L29-CB2 {'rot': 0.00716}
  t=  12.13  cb_yield           L29-CB3 {'rot': 0.00823}
  t=  12.88  cb_yield           L30-CB3 {'rot': 0.0074}
  t=  12.88  cb_yield           L31-CB3 {'rot': 0.00701}
  t=  12.88  cb_yield           L32-CB3 {'rot': 0.00666}
  t=  13.00  cb_yield           L30-CB2 {'rot': 0.00828}
  t=  13.00  cb_yield           L31-CB2 {'rot': 0.00792}
  t=  13.00  cb_yield           L32-CB2 {'rot': 0.00757}
  t=  13.00  cb_yield           L33-CB2 {'rot': 0.00736}
  t=  13.00  cb_yield           L33-CB3 {'rot': 0.00868}
  t=  16.13  cb_yield           L31-CB1 {'rot': 0.00732}
  t=  16.13  cb_yield           L32-CB1 {'rot': 0.00718}
  t=  16.13  cb_yield           L33-CB1 {'rot': 0.00712}
  t=  16.25  cb_yield           L30-CB0 {'rot': 0.00663}
  t=  16.38  cb_yield           L31-CB0 {'rot': 0.00874}
  t=  16.38  cb_yield           L32-CB0 {'rot': 0.00858}
  t=  16.38  cb_yield           L33-CB0 {'rot': 0.0085}
  progress t=  20.0s  max corner drift so far=0.0106  wall clock=231s
  progress t=  30.0s  max corner drift so far=0.0106  wall clock=351s
  progress t=  40.0s  max corner drift so far=0.0125  wall clock=480s
  t=  46.37  cb_failure         L6-CB2 {'rot': 0.03033}
  t=  46.37  cb_failure         L7-CB2 {'rot': 0.03328}
  t=  46.37  cb_failure         L7-CB3 {'rot': 0.03056}
  t=  46.37  cb_failure         L8-CB2 {'rot': 0.03536}
  t=  46.37  cb_failure         L8-CB3 {'rot': 0.03234}
  t=  46.37  cb_failure         L9-CB2 {'rot': 0.03621}
  t=  46.37  cb_failure         L9-CB3 {'rot': 0.03326}
  t=  46.37  cb_failure         L10-CB2 {'rot': 0.03617}
  t=  46.37  cb_failure         L10-CB3 {'rot': 0.03336}
  t=  46.37  cb_failure         L11-CB2 {'rot': 0.03543}
  t=  46.37  cb_failure         L11-CB3 {'rot': 0.03283}
  t=  46.37  cb_failure         L12-CB2 {'rot': 0.03409}
  t=  46.37  cb_failure         L12-CB3 {'rot': 0.0317}
  t=  46.37  cb_failure         L13-CB2 {'rot': 0.03206}
  t=  46.50  cb_failure         L10-CB0 {'rot': 0.03076}
  t=  46.50  cb_failure         L11-CB0 {'rot': 0.03153}
  t=  46.50  cb_failure         L12-CB0 {'rot': 0.03163}
  t=  46.50  cb_failure         L13-CB0 {'rot': 0.03101}
  t=  46.50  cb_failure         L13-CB3 {'rot': 0.03448}
  t=  46.50  cb_failure         L14-CB2 {'rot': 0.03442}
  t=  46.50  cb_failure         L14-CB3 {'rot': 0.03205}
  t=  46.50  cb_failure         L15-CB2 {'rot': 0.03095}
  t=  46.62  cb_failure         L14-CB0 {'rot': 0.03019}
  t=  46.62  cb_failure         L15-CB3 {'rot': 0.03097}
  t=  49.50  cb_failure         L13-CB1 {'rot': 0.031}
  t=  49.50  cb_failure         L14-CB1 {'rot': 0.03198}
  t=  49.50  cb_failure         L15-CB1 {'rot': 0.03255}
  t=  49.50  cb_failure         L16-CB1 {'rot': 0.03272}
  t=  49.50  cb_failure         L17-CB1 {'rot': 0.03246}
  t=  49.50  cb_failure         L18-CB1 {'rot': 0.03173}
  t=  49.62  cb_failure         L16-CB3 {'rot': 0.03072}
  t=  49.62  cb_failure         L17-CB3 {'rot': 0.03107}
  t=  49.62  cb_failure         L18-CB3 {'rot': 0.03093}
  t=  49.62  cb_failure         L19-CB1 {'rot': 0.03488}
  t=  49.62  cb_failure         L20-CB1 {'rot': 0.0341}
  t=  49.62  cb_failure         L21-CB1 {'rot': 0.03284}
  t=  49.62  cb_failure         L22-CB1 {'rot': 0.03111}
  t=  49.75  cb_failure         L18-CB0 {'rot': 0.03087}
  t=  49.75  cb_failure         L19-CB0 {'rot': 0.03125}
  t=  49.75  cb_failure         L19-CB3 {'rot': 0.03392}
  t=  49.75  cb_failure         L20-CB0 {'rot': 0.0312}
  t=  49.75  cb_failure         L20-CB3 {'rot': 0.03375}
  t=  49.75  cb_failure         L21-CB0 {'rot': 0.03069}
  t=  49.75  cb_failure         L21-CB3 {'rot': 0.03316}
  t=  49.75  cb_failure         L22-CB3 {'rot': 0.03215}
  t=  49.75  cb_failure         L23-CB1 {'rot': 0.03523}
  t=  49.75  cb_failure         L23-CB3 {'rot': 0.03067}
  t=  49.75  cb_failure         L24-CB1 {'rot': 0.03334}
  t=  49.75  cb_failure         L25-CB1 {'rot': 0.03104}
  t=  49.87  cb_failure         L22-CB0 {'rot': 0.033}
  t=  49.87  cb_failure         L23-CB0 {'rot': 0.03217}
  t=  49.87  cb_failure         L24-CB0 {'rot': 0.03075}
  t=  49.87  cb_failure         L24-CB3 {'rot': 0.03466}
  t=  49.87  cb_failure         L25-CB3 {'rot': 0.03285}
  t=  49.87  cb_failure         L26-CB1 {'rot': 0.03371}
  t=  49.87  cb_failure         L26-CB3 {'rot': 0.03062}
  t=  49.87  cb_failure         L27-CB1 {'rot': 0.03087}
  t=  50.00  cb_failure         L20-CB2 {'rot': 0.03153}
  t=  50.00  cb_failure         L21-CB2 {'rot': 0.03208}
  t=  50.00  cb_failure         L22-CB2 {'rot': 0.03223}
  t=  50.00  cb_failure         L23-CB2 {'rot': 0.03199}
  t=  50.00  cb_failure         L24-CB2 {'rot': 0.03131}
  t=  50.00  cb_failure         L25-CB0 {'rot': 0.03205}
  t=  50.00  cb_failure         L27-CB3 {'rot': 0.03376}
  t=  50.00  cb_failure         L28-CB1 {'rot': 0.03333}
  t=  50.00  cb_failure         L28-CB3 {'rot': 0.03118}
  t=  50.00  cb_failure         L29-CB1 {'rot': 0.03065}
  progress t=  50.0s  max corner drift so far=0.0125  wall clock=600s
  t=  50.12  cb_failure         L25-CB2 {'rot': 0.03196}
  t=  50.12  cb_failure         L26-CB0 {'rot': 0.032}
  t=  50.12  cb_failure         L26-CB2 {'rot': 0.03099}
  t=  50.12  cb_failure         L27-CB0 {'rot': 0.0307}
  t=  50.12  cb_failure         L29-CB3 {'rot': 0.03366}
  t=  50.12  cb_failure         L30-CB1 {'rot': 0.03296}
  t=  50.12  cb_failure         L30-CB3 {'rot': 0.0314}
  t=  50.12  cb_failure         L31-CB1 {'rot': 0.031}
  t=  50.25  cb_failure         L27-CB2 {'rot': 0.03103}
  t=  50.25  cb_failure         L31-CB3 {'rot': 0.03422}
  t=  50.25  cb_failure         L32-CB1 {'rot': 0.0328}
  t=  50.25  cb_failure         L32-CB3 {'rot': 0.03316}
  t=  50.25  cb_failure         L33-CB1 {'rot': 0.03218}
  t=  50.25  cb_failure         L33-CB3 {'rot': 0.03255}
  t=  50.37  cb_failure         L28-CB2 {'rot': 0.03074}
  t=  52.50  cb_failure         L29-CB2 {'rot': 0.0338}
  t=  52.50  cb_failure         L30-CB2 {'rot': 0.033}
  t=  52.50  cb_failure         L31-CB2 {'rot': 0.03202}
  t=  52.50  cb_failure         L32-CB2 {'rot': 0.03113}
  t=  52.50  cb_failure         L33-CB2 {'rot': 0.03073}
  t=  59.37  cb_failure         L10-CB1 {'rot': 0.03016}
  t=  59.37  cb_failure         L11-CB1 {'rot': 0.03183}
  t=  59.37  cb_failure         L12-CB1 {'rot': 0.03309}
  t=  59.87  cb_failure         L18-CB2 {'rot': 0.03103}
  t=  59.87  cb_failure         L19-CB2 {'rot': 0.03195}
  progress t=  60.0s  max corner drift so far=0.0125  wall clock=728s
  t=  60.12  cb_failure         L17-CB2 {'rot': 0.03195}
  t=  60.12  cb_failure         L28-CB0 {'rot': 0.03311}
  t=  60.12  cb_failure         L29-CB0 {'rot': 0.03218}
  t=  60.12  cb_failure         L30-CB0 {'rot': 0.03084}
  t=  60.25  cb_failure         L16-CB2 {'rot': 0.03357}
  t=  60.25  cb_failure         L31-CB0 {'rot': 0.03093}
  t=  60.50  cb_failure         L17-CB0 {'rot': 0.03095}
  t=  60.62  cb_failure         L15-CB0 {'rot': 0.03101}
  t=  60.62  cb_failure         L16-CB0 {'rot': 0.03277}
  t=  61.00  cb_failure         L6-CB3 {'rot': 0.03213}
  t=  61.12  cb_failure         L5-CB2 {'rot': 0.03222}
  t=  61.12  cb_failure         L5-CB3 {'rot': 0.03254}
  t=  61.25  cb_failure         L4-CB2 {'rot': 0.03257}
  t=  61.25  cb_failure         L4-CB3 {'rot': 0.03169}
  progress t=  70.0s  max corner drift so far=0.0158  wall clock=856s
  progress t=  80.0s  max corner drift so far=0.0158  wall clock=977s
  progress t=  90.0s  max corner drift so far=0.0158  wall clock=1097s
  progress t= 100.0s  max corner drift so far=0.0158  wall clock=1217s
