  t=   4.50  cb_yield           L5-CB0 {'rot': 0.00529}
  t=   4.50  cb_yield           L5-CB1 {'rot': 0.00513}
  t=   4.50  cb_yield           L6-CB0 {'rot': 0.00548}
  t=   4.50  cb_yield           L6-CB1 {'rot': 0.00531}
  t=   4.50  cb_yield           L7-CB0 {'rot': 0.00552}
  t=   4.50  cb_yield           L7-CB1 {'rot': 0.00533}
  t=   4.50  cb_yield           L8-CB0 {'rot': 0.00541}
  t=   4.50  cb_yield           L8-CB1 {'rot': 0.00521}
  t=   4.50  cb_yield           L9-CB0 {'rot': 0.00522}
  t=   4.50  cb_yield           L9-CB1 {'rot': 0.00498}
  t=   4.50  cb_yield           L10-CB0 {'rot': 0.00493}
  t=   4.62  cb_yield           L4-CB0 {'rot': 0.00504}
  t=   8.00  cb_yield           L10-CB1 {'rot': 0.00538}
  t=   8.00  cb_yield           L11-CB0 {'rot': 0.005}
  t=   8.00  cb_yield           L11-CB1 {'rot': 0.00547}
  t=   8.00  cb_yield           L12-CB0 {'rot': 0.00503}
  t=   8.00  cb_yield           L12-CB1 {'rot': 0.00554}
  t=   8.00  cb_yield           L13-CB0 {'rot': 0.00504}
  t=   8.00  cb_yield           L13-CB1 {'rot': 0.00559}
  t=   8.00  cb_yield           L14-CB0 {'rot': 0.00504}
  t=   8.00  cb_yield           L14-CB1 {'rot': 0.00562}
  t=   8.00  cb_yield           L15-CB0 {'rot': 0.00502}
  t=   8.00  cb_yield           L15-CB1 {'rot': 0.00563}
  t=   8.00  cb_yield           L16-CB0 {'rot': 0.005}
  t=   8.00  cb_yield           L16-CB1 {'rot': 0.00562}
  t=   8.00  cb_yield           L17-CB1 {'rot': 0.0056}
  t=   8.00  cb_yield           L18-CB1 {'rot': 0.00554}
  t=   8.00  cb_yield           L19-CB1 {'rot': 0.00546}
  t=   8.13  cb_yield           L17-CB0 {'rot': 0.00569}
  t=   8.13  cb_yield           L20-CB1 {'rot': 0.00555}
  t=   8.25  cb_yield           L4-CB1 {'rot': 0.00536}
  t=   8.25  cb_yield           L5-CB3 {'rot': 0.00507}
  t=   8.25  cb_yield           L6-CB2 {'rot': 0.00512}
  t=   8.25  cb_yield           L6-CB3 {'rot': 0.00547}
  t=   8.25  cb_yield           L7-CB2 {'rot': 0.00538}
  t=   8.25  cb_yield           L7-CB3 {'rot': 0.00578}
  t=   8.25  cb_yield           L8-CB2 {'rot': 0.00556}
  t=   8.25  cb_yield           L8-CB3 {'rot': 0.006}
  t=   8.25  cb_yield           L9-CB2 {'rot': 0.00564}
  t=   8.25  cb_yield           L9-CB3 {'rot': 0.00615}
  t=   8.25  cb_yield           L10-CB2 {'rot': 0.00566}
  t=   8.25  cb_yield           L10-CB3 {'rot': 0.00621}
  t=   8.25  cb_yield           L11-CB2 {'rot': 0.0056}
  t=   8.25  cb_yield           L11-CB3 {'rot': 0.00621}
  t=   8.25  cb_yield           L12-CB2 {'rot': 0.00549}
  t=   8.25  cb_yield           L12-CB3 {'rot': 0.00613}
  t=   8.25  cb_yield           L13-CB2 {'rot': 0.0053}
  t=   8.25  cb_yield           L13-CB3 {'rot': 0.00598}
  t=   8.25  cb_yield           L14-CB2 {'rot': 0.00505}
  t=   8.25  cb_yield           L14-CB3 {'rot': 0.00576}
  t=   8.25  cb_yield           L15-CB3 {'rot': 0.00548}
  t=   8.25  cb_yield           L16-CB3 {'rot': 0.00517}
  t=   8.25  cb_yield           L18-CB0 {'rot': 0.00572}
  t=   8.38  cb_yield           L3-CB0 {'rot': 0.00544}
  t=   8.38  cb_yield           L3-CB1 {'rot': 0.00571}
  t=   8.38  cb_yield           L3-CB2 {'rot': 0.00496}
  t=   8.38  cb_yield           L3-CB3 {'rot': 0.00518}
  t=   8.38  cb_yield           L4-CB2 {'rot': 0.00581}
  t=   8.38  cb_yield           L4-CB3 {'rot': 0.00608}
  t=   8.38  cb_yield           L5-CB2 {'rot': 0.00645}
  t=   8.50  cb_yield           L2-CB0 {'rot': 0.00495}
  t=   8.50  cb_yield           L2-CB1 {'rot': 0.0052}
  t=   8.63  cb_yield           L2-CB3 {'rot': 0.00504}
  t=   8.63  cb_yield           L15-CB2 {'rot': 0.00524}
  t=   8.75  cb_yield           L16-CB2 {'rot': 0.00521}
  t=   8.75  cb_yield           L17-CB3 {'rot': 0.00545}
  t=   8.88  cb_yield           L17-CB2 {'rot': 0.00567}
  t=   8.88  cb_yield           L18-CB3 {'rot': 0.00602}
  t=   8.88  cb_yield           L19-CB3 {'rot': 0.00552}
  t=   9.00  cb_yield           L18-CB2 {'rot': 0.00625}
  t=   9.00  cb_yield           L19-CB2 {'rot': 0.00578}
  t=   9.00  cb_yield           L20-CB3 {'rot': 0.00626}
  t=   9.00  cb_yield           L21-CB3 {'rot': 0.00576}
  t=   9.13  cb_yield           L20-CB2 {'rot': 0.00602}
  t=   9.13  cb_yield           L21-CB2 {'rot': 0.00573}
  t=   9.13  cb_yield           L22-CB3 {'rot': 0.00642}
  t=   9.13  cb_yield           L23-CB3 {'rot': 0.00606}
  t=   9.13  cb_yield           L24-CB3 {'rot': 0.00567}
  t=   9.25  cb_yield           L22-CB2 {'rot': 0.0058}
  t=   9.25  cb_yield           L23-CB2 {'rot': 0.00573}
  t=   9.25  cb_yield           L24-CB2 {'rot': 0.00557}
  t=   9.25  cb_yield           L25-CB3 {'rot': 0.00639}
  t=   9.25  cb_yield           L26-CB3 {'rot': 0.00608}
  t=   9.25  cb_yield           L27-CB3 {'rot': 0.00572}
  t=   9.38  cb_yield           L28-CB3 {'rot': 0.00583}
  t=   9.38  cb_yield           L29-CB3 {'rot': 0.00554}
  progress t=  10.0s  max corner drift so far=0.0023  wall clock=132s
  t=  10.75  cb_yield           L2-CB2 {'rot': 0.00674}
  t=  10.88  cb_yield           L1-CB0 {'rot': 0.00531}
  t=  10.88  cb_yield           L1-CB1 {'rot': 0.00517}
  t=  10.88  cb_yield           L1-CB2 {'rot': 0.00551}
  t=  10.88  cb_yield           L1-CB3 {'rot': 0.00537}
  t=  11.25  cb_yield           L19-CB0 {'rot': 0.00672}
  t=  11.25  cb_yield           L20-CB0 {'rot': 0.0064}
  t=  11.25  cb_yield           L21-CB0 {'rot': 0.00617}
  t=  11.25  cb_yield           L21-CB1 {'rot': 0.00558}
  t=  11.25  cb_yield           L22-CB0 {'rot': 0.00598}
  t=  11.25  cb_yield           L23-CB0 {'rot': 0.00581}
  t=  11.25  cb_yield           L24-CB0 {'rot': 0.00564}
  t=  11.25  cb_yield           L25-CB0 {'rot': 0.00545}
  t=  11.38  cb_yield           L22-CB1 {'rot': 0.00831}
  t=  11.38  cb_yield           L23-CB1 {'rot': 0.00775}
  t=  11.38  cb_yield           L24-CB1 {'rot': 0.00719}
  t=  11.38  cb_yield           L25-CB1 {'rot': 0.00664}
  t=  11.38  cb_yield           L26-CB0 {'rot': 0.00677}
  t=  11.38  cb_yield           L26-CB1 {'rot': 0.00609}
  t=  11.38  cb_yield           L27-CB0 {'rot': 0.00623}
  t=  11.38  cb_yield           L27-CB1 {'rot': 0.00556}
  t=  11.38  cb_yield           L28-CB0 {'rot': 0.00572}
  t=  11.50  cb_failure         L13-CB0 {'rot': 0.01899}
  t=  11.50  cb_failure         L14-CB0 {'rot': 0.01907}
  t=  11.50  cb_failure         L15-CB0 {'rot': 0.01892}
  t=  11.50  cb_yield           L28-CB1 {'rot': 0.00549}
  t=  11.63  cb_failure         L11-CB0 {'rot': 0.01895}
  t=  11.63  cb_failure         L12-CB0 {'rot': 0.02022}
  t=  11.63  cb_failure         L12-CB1 {'rot': 0.01975}
  t=  11.63  cb_failure         L13-CB1 {'rot': 0.02079}
  t=  11.63  cb_failure         L14-CB1 {'rot': 0.02153}
  t=  11.63  cb_failure         L15-CB1 {'rot': 0.02194}
  t=  11.63  cb_failure         L16-CB0 {'rot': 0.02256}
  t=  11.63  cb_failure         L16-CB1 {'rot': 0.02202}
  t=  11.63  cb_failure         L17-CB0 {'rot': 0.0223}
  t=  11.63  cb_failure         L17-CB1 {'rot': 0.02172}
  t=  11.63  cb_failure         L18-CB0 {'rot': 0.02166}
  t=  11.63  cb_failure         L18-CB1 {'rot': 0.02105}
  t=  11.63  cb_failure         L19-CB0 {'rot': 0.02067}
  t=  11.63  cb_failure         L19-CB1 {'rot': 0.02004}
  t=  11.75  cb_failure         L16-CB2 {'rot': 0.01936}
  t=  11.75  cb_failure         L16-CB3 {'rot': 0.01896}
  t=  11.75  cb_failure         L17-CB2 {'rot': 0.01969}
  t=  11.75  cb_failure         L18-CB2 {'rot': 0.01959}
  t=  11.75  cb_failure         L20-CB0 {'rot': 0.02381}
  t=  11.75  cb_failure         L20-CB1 {'rot': 0.02305}
  t=  11.75  cb_failure         L21-CB0 {'rot': 0.02213}
  t=  11.75  cb_failure         L21-CB1 {'rot': 0.02142}
  t=  11.75  cb_failure         L22-CB0 {'rot': 0.01981}
  t=  11.75  cb_yield           L25-CB2 {'rot': 0.00658}
  t= 11.775  solver fallback: Newton
  t= 11.800  solver fallback: Newton
  t= 11.825  solver fallback: Newton
  t=  11.88  cb_failure         L15-CB2 {'rot': 0.01896}
  t=  11.88  cb_failure         L17-CB3 {'rot': 0.02006}
  t=  11.88  cb_failure         L18-CB3 {'rot': 0.02019}
  t=  11.88  cb_failure         L19-CB2 {'rot': 0.02014}
  t=  11.88  cb_failure         L19-CB3 {'rot': 0.01991}
  t=  11.88  cb_failure         L22-CB1 {'rot': 0.0204}
  t= 11.975  solver fallback: Newton
  t=  12.00  cb_failure         L20-CB2 {'rot': 0.02072}
  t=  12.00  cb_failure         L20-CB3 {'rot': 0.02053}
  t=  12.00  cb_failure         L21-CB2 {'rot': 0.01988}
  t=  12.00  cb_failure         L21-CB3 {'rot': 0.01967}
  t=  12.00  cb_failure         L23-CB0 {'rot': 0.01958}
  t=  12.00  cb_failure         L23-CB2 {'rot': 0.01981}
  t=  12.00  cb_yield           L26-CB2 {'rot': 0.00695}
  t=  12.13  cb_yield           L27-CB2 {'rot': 0.00621}
  t=  12.25  cb_yield           L28-CB2 {'rot': 0.00649}
  t=  12.38  cb_yield           L29-CB2 {'rot': 0.00578}
  t=  12.88  cb_failure         L9-CB0 {'rot': 0.01903}
  t=  12.88  cb_failure         L10-CB0 {'rot': 0.01917}
  t=  13.00  cb_failure         L7-CB2 {'rot': 0.01903}
  t=  13.00  cb_failure         L8-CB0 {'rot': 0.01919}
  t=  13.00  cb_failure         L8-CB2 {'rot': 0.01969}
  t=  13.00  cb_failure         L8-CB3 {'rot': 0.01898}
  t=  13.00  cb_failure         L9-CB1 {'rot': 0.01897}
  t=  13.00  cb_failure         L9-CB2 {'rot': 0.01995}
  t=  13.00  cb_failure         L9-CB3 {'rot': 0.01918}
  t=  13.00  cb_failure         L10-CB1 {'rot': 0.019}
  t=  13.00  cb_failure         L10-CB2 {'rot': 0.01981}
  t=  13.00  cb_failure         L10-CB3 {'rot': 0.01899}
  t=  13.00  cb_failure         L11-CB2 {'rot': 0.01933}
  t=  13.00  cb_yield           L30-CB2 {'rot': 0.00592}
  t=  13.00  cb_yield           L30-CB3 {'rot': 0.00738}
  t=  13.00  cb_yield           L31-CB2 {'rot': 0.00565}
  t=  13.00  cb_yield           L31-CB3 {'rot': 0.00711}
  t=  13.00  cb_yield           L32-CB3 {'rot': 0.00685}
  t=  13.00  cb_yield           L33-CB3 {'rot': 0.00667}
  t=  13.13  cb_failure         L11-CB3 {'rot': 0.01893}
  t=  13.13  cb_failure         L12-CB2 {'rot': 0.01897}
  t=  13.13  cb_yield           L32-CB2 {'rot': 0.00634}
  t=  13.13  cb_yield           L33-CB2 {'rot': 0.00619}
  t=  14.00  cb_failure         L24-CB2 {'rot': 0.01955}
  t=  15.13  cb_failure         L22-CB3 {'rot': 0.01984}
  t=  15.13  cb_failure         L23-CB3 {'rot': 0.02074}
  t=  15.13  cb_failure         L24-CB3 {'rot': 0.02131}
  t=  15.13  cb_failure         L25-CB3 {'rot': 0.02156}
  t=  15.13  cb_failure         L26-CB3 {'rot': 0.02154}
  t=  15.13  cb_failure         L27-CB3 {'rot': 0.02131}
  t=  15.13  cb_failure         L28-CB3 {'rot': 0.02091}
  t=  15.13  cb_yield           L29-CB1 {'rot': 0.00676}
  t=  15.13  cb_failure         L29-CB3 {'rot': 0.02037}
  t=  15.13  cb_yield           L30-CB1 {'rot': 0.00599}
  t=  15.13  cb_failure         L30-CB3 {'rot': 0.01974}
  t=  15.25  cb_failure         L25-CB2 {'rot': 0.02011}
  t=  15.25  cb_failure         L26-CB2 {'rot': 0.01982}
  t=  15.25  cb_yield           L31-CB1 {'rot': 0.00751}
  t=  15.25  cb_failure         L31-CB3 {'rot': 0.01984}
  t=  15.25  cb_yield           L32-CB1 {'rot': 0.00692}
  t=  15.25  cb_failure         L32-CB3 {'rot': 0.01949}
  t=  15.25  cb_yield           L33-CB1 {'rot': 0.00664}
  t=  15.25  cb_failure         L33-CB3 {'rot': 0.01952}
  t=  15.38  cb_yield           L29-CB0 {'rot': 0.00708}
  t=  15.38  cb_yield           L30-CB0 {'rot': 0.00601}
  t=  15.50  cb_yield           L31-CB0 {'rot': 0.00636}
  t=  15.50  cb_yield           L32-CB0 {'rot': 0.0058}
  t=  15.50  cb_yield           L33-CB0 {'rot': 0.00554}
  t=  15.75  cb_failure         L23-CB1 {'rot': 0.0202}
  t=  15.75  cb_failure         L24-CB1 {'rot': 0.01998}
  t=  15.75  cb_failure         L25-CB1 {'rot': 0.01968}
  t=  16.13  cb_failure         L11-CB1 {'rot': 0.01931}
  t=  16.25  cb_failure         L26-CB1 {'rot': 0.01954}
  t=  16.38  cb_failure         L27-CB1 {'rot': 0.02007}
  t=  16.38  cb_failure         L28-CB1 {'rot': 0.02009}
  t=  16.38  cb_failure         L29-CB1 {'rot': 0.0201}
  t=  16.38  cb_failure         L30-CB1 {'rot': 0.0201}
  t=  16.38  cb_failure         L31-CB1 {'rot': 0.02009}
  t=  16.38  cb_failure         L32-CB1 {'rot': 0.02006}
  t=  16.38  cb_failure         L33-CB1 {'rot': 0.02005}
  t=  16.50  cb_failure         L24-CB0 {'rot': 0.01972}
  t=  16.50  cb_failure         L25-CB0 {'rot': 0.01973}
  t=  16.50  cb_failure         L26-CB0 {'rot': 0.01975}
  t=  16.50  cb_failure         L27-CB0 {'rot': 0.01976}
  t=  16.50  cb_failure         L28-CB0 {'rot': 0.01977}
  progress t=  20.0s  max corner drift so far=0.0073  wall clock=280s
  t=  27.25  cb_failure         L27-CB2 {'rot': 0.02046}
  t=  27.25  cb_failure         L28-CB2 {'rot': 0.02071}
  t=  27.25  cb_failure         L29-CB2 {'rot': 0.02079}
  t=  27.25  cb_failure         L30-CB2 {'rot': 0.02071}
  t=  27.25  cb_failure         L31-CB2 {'rot': 0.02054}
  t=  27.25  cb_failure         L32-CB2 {'rot': 0.02035}
  t=  27.25  cb_failure         L33-CB2 {'rot': 0.02025}
  t=  27.75  cb_failure         L15-CB3 {'rot': 0.01954}
  t=  28.37  cb_failure         L29-CB0 {'rot': 0.02186}
  t=  28.37  cb_failure         L30-CB0 {'rot': 0.02191}
  t=  28.37  cb_failure         L31-CB0 {'rot': 0.02182}
  t=  28.37  cb_failure         L32-CB0 {'rot': 0.02167}
  t=  28.37  cb_failure         L33-CB0 {'rot': 0.02159}
  progress t=  30.0s  max corner drift so far=0.0080  wall clock=418s
  t=  33.62  cb_failure         L22-CB2 {'rot': 0.02011}
  t=  36.00  cb_failure         L14-CB3 {'rot': 0.01956}
  t=  36.12  cb_failure         L14-CB2 {'rot': 0.01919}
  t=  36.25  cb_failure         L13-CB2 {'rot': 0.01896}
  t=  36.25  cb_failure         L13-CB3 {'rot': 0.01946}
  progress t=  40.0s  max corner drift so far=0.0128  wall clock=560s
  t=  42.37  cb_failure         L12-CB3 {'rot': 0.01947}
  t=  42.87  cb_failure         L6-CB2 {'rot': 0.01909}
  t=  42.87  cb_failure         L7-CB3 {'rot': 0.01976}
  t=  43.00  cb_failure         L6-CB3 {'rot': 0.0194}
  t=  43.12  cb_failure         L5-CB2 {'rot': 0.01915}
  t=  43.12  cb_failure         L5-CB3 {'rot': 0.01903}
  t=  43.37  cb_failure         L4-CB2 {'rot': 0.02061}
  t=  48.87  cb_failure         L6-CB0 {'rot': 0.0204}
  t=  48.87  cb_failure         L7-CB0 {'rot': 0.02224}
  t=  48.87  cb_failure         L7-CB1 {'rot': 0.02038}
  t=  48.87  cb_failure         L8-CB1 {'rot': 0.02156}
  t=  49.00  cb_failure         L5-CB0 {'rot': 0.02162}
  t=  49.00  cb_failure         L5-CB1 {'rot': 0.01937}
  t=  49.00  cb_failure         L6-CB1 {'rot': 0.02142}
  t=  49.12  cb_failure         L4-CB0 {'rot': 0.02163}
  t=  49.12  cb_failure         L4-CB1 {'rot': 0.01895}
  progress t=  50.0s  max corner drift so far=0.0128  wall clock=711s
  t=  51.37  cb_failure         L4-CB3 {'rot': 0.02135}
  t=  51.50  cb_failure         L3-CB2 {'rot': 0.01896}
  t=  51.50  cb_failure         L3-CB3 {'rot': 0.01984}
  progress t=  60.0s  max corner drift so far=0.0131  wall clock=865s
  progress t=  70.0s  max corner drift so far=0.0131  wall clock=1015s
  progress t=  80.0s  max corner drift so far=0.0131  wall clock=1160s
  progress t=  90.0s  max corner drift so far=0.0131  wall clock=1301s
