  t=   4.50  cb_yield           L5-CB0 {'rot': 0.00602}
  t=   4.50  cb_yield           L6-CB0 {'rot': 0.0063}
  t=   4.50  cb_yield           L6-CB1 {'rot': 0.00603}
  t=   4.50  cb_yield           L7-CB0 {'rot': 0.00641}
  t=   4.50  cb_yield           L7-CB1 {'rot': 0.00612}
  t=   4.50  cb_yield           L8-CB0 {'rot': 0.00637}
  t=   4.50  cb_yield           L8-CB1 {'rot': 0.00605}
  t=   4.50  cb_yield           L9-CB0 {'rot': 0.00621}
  t=   4.50  cb_yield           L10-CB0 {'rot': 0.00596}
  t=   4.62  cb_yield           L4-CB0 {'rot': 0.00622}
  t=   4.62  cb_yield           L4-CB1 {'rot': 0.00598}
  t=   4.62  cb_yield           L5-CB1 {'rot': 0.00647}
  t=   4.62  cb_yield           L6-CB2 {'rot': 0.00594}
  t=   4.62  cb_yield           L9-CB1 {'rot': 0.00636}
  t=   4.62  cb_yield           L10-CB1 {'rot': 0.00598}
  t=   4.62  cb_yield           L11-CB0 {'rot': 0.00597}
  t=   8.00  cb_yield           L11-CB1 {'rot': 0.00671}
  t=   8.00  cb_yield           L12-CB0 {'rot': 0.00605}
  t=   8.00  cb_yield           L12-CB1 {'rot': 0.00683}
  t=   8.00  cb_yield           L13-CB0 {'rot': 0.00611}
  t=   8.00  cb_yield           L13-CB1 {'rot': 0.00694}
  t=   8.00  cb_yield           L14-CB0 {'rot': 0.00615}
  t=   8.00  cb_yield           L14-CB1 {'rot': 0.00703}
  t=   8.00  cb_yield           L15-CB0 {'rot': 0.00619}
  t=   8.00  cb_yield           L15-CB1 {'rot': 0.00711}
  t=   8.00  cb_yield           L16-CB0 {'rot': 0.00623}
  t=   8.00  cb_yield           L16-CB1 {'rot': 0.00718}
  t=   8.00  cb_yield           L17-CB1 {'rot': 0.00725}
  t=   8.00  cb_yield           L18-CB1 {'rot': 0.00729}
  t=   8.00  cb_yield           L19-CB1 {'rot': 0.00729}
  t=   8.00  cb_yield           L20-CB1 {'rot': 0.00725}
  t=   8.00  cb_yield           L21-CB1 {'rot': 0.00716}
  t=   8.00  cb_yield           L22-CB1 {'rot': 0.00702}
  t=   8.00  cb_yield           L23-CB1 {'rot': 0.00683}
  t=   8.00  cb_yield           L24-CB1 {'rot': 0.00659}
  t=   8.13  cb_yield           L13-CB3 {'rot': 0.00596}
  t=   8.13  cb_yield           L14-CB3 {'rot': 0.00607}
  t=   8.13  cb_yield           L15-CB3 {'rot': 0.00612}
  t=   8.13  cb_yield           L16-CB3 {'rot': 0.00613}
  t=   8.13  cb_yield           L17-CB0 {'rot': 0.00786}
  t=   8.13  cb_yield           L18-CB0 {'rot': 0.0077}
  t=   8.13  cb_yield           L19-CB0 {'rot': 0.00749}
  t=   8.13  cb_yield           L20-CB0 {'rot': 0.00722}
  t=   8.13  cb_yield           L21-CB0 {'rot': 0.0069}
  t=   8.13  cb_yield           L22-CB0 {'rot': 0.00655}
  t=   8.13  cb_yield           L25-CB1 {'rot': 0.00658}
  t=   8.25  cb_yield           L8-CB3 {'rot': 0.00607}
  t=   8.25  cb_yield           L9-CB3 {'rot': 0.0065}
  t=   8.25  cb_yield           L10-CB2 {'rot': 0.00601}
  t=   8.25  cb_yield           L10-CB3 {'rot': 0.00688}
  t=   8.25  cb_yield           L11-CB2 {'rot': 0.00628}
  t=   8.25  cb_yield           L11-CB3 {'rot': 0.00722}
  t=   8.25  cb_yield           L12-CB2 {'rot': 0.00649}
  t=   8.25  cb_yield           L12-CB3 {'rot': 0.00751}
  t=   8.25  cb_yield           L13-CB2 {'rot': 0.00665}
  t=   8.25  cb_yield           L14-CB2 {'rot': 0.00671}
  t=   8.25  cb_yield           L15-CB2 {'rot': 0.00668}
  t=   8.25  cb_yield           L16-CB2 {'rot': 0.00656}
  t=   8.25  cb_yield           L17-CB3 {'rot': 0.00754}
  t=   8.25  cb_yield           L18-CB3 {'rot': 0.00721}
  t=   8.25  cb_yield           L19-CB3 {'rot': 0.00679}
  t=   8.38  cb_yield           L5-CB3 {'rot': 0.00629}
  t=   8.38  cb_yield           L6-CB3 {'rot': 0.00689}
  t=   8.38  cb_yield           L7-CB2 {'rot': 0.00662}
  t=   8.38  cb_yield           L7-CB3 {'rot': 0.00738}
  t=   8.38  cb_yield           L8-CB2 {'rot': 0.00695}
  t=   8.38  cb_yield           L9-CB2 {'rot': 0.00719}
  t=   8.38  cb_yield           L17-CB2 {'rot': 0.00669}
  t=   8.38  cb_yield           L20-CB3 {'rot': 0.00653}
  t=   8.50  cb_yield           L3-CB0 {'rot': 0.00637}
  t=   8.50  cb_yield           L3-CB1 {'rot': 0.00688}
  t=   8.50  cb_yield           L3-CB3 {'rot': 0.0059}
  t=   8.50  cb_yield           L4-CB2 {'rot': 0.00652}
  t=   8.50  cb_yield           L4-CB3 {'rot': 0.00708}
  t=   8.50  cb_yield           L5-CB2 {'rot': 0.00741}
  t=   8.63  cb_yield           L2-CB1 {'rot': 0.00605}
  t=   8.63  cb_yield           L3-CB2 {'rot': 0.00626}
  t=   8.88  cb_yield           L18-CB2 {'rot': 0.00713}
  t=   8.88  cb_yield           L21-CB3 {'rot': 0.00674}
  t=   9.00  cb_yield           L19-CB2 {'rot': 0.00755}
  t=   9.00  cb_yield           L20-CB2 {'rot': 0.00666}
  t=   9.00  cb_yield           L22-CB3 {'rot': 0.00667}
  t=   9.13  cb_yield           L21-CB2 {'rot': 0.00655}
  t=   9.13  cb_yield           L23-CB3 {'rot': 0.00665}
  t=   9.25  cb_yield           L24-CB3 {'rot': 0.00678}
  progress t=  10.0s  max corner drift so far=0.0032  wall clock=156s
  t=  10.88  cb_yield           L2-CB0 {'rot': 0.00703}
  t=  10.88  cb_yield           L2-CB2 {'rot': 0.00755}
  t=  10.88  cb_yield           L2-CB3 {'rot': 0.00732}
  t=  11.00  cb_yield           L1-CB2 {'rot': 0.00604}
  t=  11.13  cb_yield           L1-CB3 {'rot': 0.00602}
  t=  11.25  cb_yield           L23-CB0 {'rot': 0.00671}
  t=  11.25  cb_yield           L24-CB0 {'rot': 0.00656}
  t=  11.38  cb_yield           L25-CB0 {'rot': 0.00897}
  t=  11.38  cb_yield           L26-CB0 {'rot': 0.00843}
  t=  11.38  cb_yield           L26-CB1 {'rot': 0.00755}
  t=  11.38  cb_yield           L27-CB0 {'rot': 0.00789}
  t=  11.38  cb_yield           L27-CB1 {'rot': 0.00702}
  t=  11.38  cb_yield           L28-CB0 {'rot': 0.00736}
  t=  11.38  cb_yield           L29-CB0 {'rot': 0.00682}
  t=  11.50  cb_failure         L11-CB0 {'rot': 0.02003}
  t=  11.50  cb_failure         L12-CB0 {'rot': 0.02073}
  t=  11.50  cb_failure         L13-CB0 {'rot': 0.02117}
  t=  11.50  cb_failure         L13-CB1 {'rot': 0.02026}
  t=  11.50  cb_failure         L14-CB0 {'rot': 0.02131}
  t=  11.50  cb_failure         L14-CB1 {'rot': 0.02039}
  t=  11.50  cb_failure         L15-CB0 {'rot': 0.02116}
  t=  11.50  cb_failure         L15-CB1 {'rot': 0.02023}
  t=  11.50  cb_failure         L16-CB0 {'rot': 0.02074}
  t=  11.50  cb_yield           L28-CB1 {'rot': 0.0074}
  t=  11.50  cb_yield           L29-CB1 {'rot': 0.00658}
  t=  11.63  cb_failure         L11-CB1 {'rot': 0.02086}
  t=  11.63  cb_failure         L12-CB1 {'rot': 0.02237}
  t=  11.63  cb_failure         L16-CB1 {'rot': 0.02501}
  t=  11.63  cb_failure         L17-CB0 {'rot': 0.02534}
  t=  11.63  cb_failure         L17-CB1 {'rot': 0.02475}
  t=  11.63  cb_failure         L18-CB0 {'rot': 0.02474}
  t=  11.63  cb_failure         L18-CB1 {'rot': 0.02412}
  t=  11.63  cb_failure         L19-CB0 {'rot': 0.02373}
  t=  11.63  cb_failure         L19-CB1 {'rot': 0.02312}
  t=  11.63  cb_failure         L20-CB0 {'rot': 0.02232}
  t=  11.63  cb_failure         L20-CB1 {'rot': 0.02173}
  t=  11.63  cb_yield           L22-CB2 {'rot': 0.00982}
  t=  11.63  cb_yield           L23-CB2 {'rot': 0.00874}
  t=  11.63  cb_yield           L24-CB2 {'rot': 0.00701}
  t=  11.75  cb_failure         L14-CB2 {'rot': 0.01992}
  t=  11.75  cb_failure         L14-CB3 {'rot': 0.01996}
  t=  11.75  cb_failure         L15-CB2 {'rot': 0.02093}
  t=  11.75  cb_failure         L15-CB3 {'rot': 0.02098}
  t=  11.75  cb_failure         L16-CB2 {'rot': 0.02162}
  t=  11.75  cb_failure         L16-CB3 {'rot': 0.02163}
  t=  11.75  cb_failure         L17-CB2 {'rot': 0.02201}
  t=  11.75  cb_failure         L17-CB3 {'rot': 0.02198}
  t=  11.75  cb_failure         L18-CB2 {'rot': 0.02192}
  t=  11.75  cb_failure         L18-CB3 {'rot': 0.0219}
  t=  11.75  cb_failure         L19-CB2 {'rot': 0.02139}
  t=  11.75  cb_failure         L19-CB3 {'rot': 0.0214}
  t=  11.75  cb_failure         L21-CB0 {'rot': 0.02608}
  t=  11.75  cb_failure         L21-CB1 {'rot': 0.0256}
  t=  11.75  cb_failure         L22-CB0 {'rot': 0.02355}
  t=  11.75  cb_failure         L22-CB1 {'rot': 0.02314}
  t=  11.75  cb_failure         L23-CB0 {'rot': 0.02062}
  t=  11.75  cb_yield           L25-CB2 {'rot': 0.00762}
  t=  11.75  cb_yield           L25-CB3 {'rot': 0.00772}
  t=  11.88  cb_failure         L20-CB2 {'rot': 0.0243}
  t=  11.88  cb_failure         L20-CB3 {'rot': 0.02449}
  t=  11.88  cb_failure         L21-CB2 {'rot': 0.02317}
  t=  11.88  cb_failure         L21-CB3 {'rot': 0.02334}
  t=  11.88  cb_failure         L22-CB2 {'rot': 0.02119}
  t=  11.88  cb_failure         L22-CB3 {'rot': 0.02139}
  t=  11.88  cb_failure         L23-CB1 {'rot': 0.02395}
  t=  11.88  cb_failure         L24-CB0 {'rot': 0.02072}
  t=  11.88  cb_yield           L26-CB2 {'rot': 0.00729}
  t=  11.88  cb_yield           L26-CB3 {'rot': 0.00756}
  t=  12.00  cb_failure         L23-CB2 {'rot': 0.02098}
  t=  12.00  cb_failure         L23-CB3 {'rot': 0.02127}
  t=  12.00  cb_failure         L24-CB1 {'rot': 0.02177}
  t=  12.00  cb_yield           L27-CB2 {'rot': 0.00702}
  t=  12.00  cb_yield           L27-CB3 {'rot': 0.00726}
  t=  12.13  cb_yield           L28-CB2 {'rot': 0.00791}
  t=  12.13  cb_yield           L28-CB3 {'rot': 0.00826}
  t=  12.25  cb_failure         L24-CB2 {'rot': 0.02056}
  t=  12.25  cb_failure         L24-CB3 {'rot': 0.02101}
  t=  12.25  cb_failure         L26-CB0 {'rot': 0.02163}
  t=  12.25  cb_yield           L29-CB2 {'rot': 0.00881}
  t=  12.25  cb_yield           L29-CB3 {'rot': 0.00929}
  t=  12.25  cb_yield           L30-CB1 {'rot': 0.00653}
  t=  12.25  cb_yield           L30-CB2 {'rot': 0.00689}
  t=  12.25  cb_yield           L30-CB3 {'rot': 0.00725}
  t=  12.38  cb_yield           L31-CB3 {'rot': 0.00675}
  t=  12.63  cb_yield           L1-CB0 {'rot': 0.00637}
  t=  12.63  cb_yield           L1-CB1 {'rot': 0.00609}
  t=  12.75  cb_failure         L7-CB0 {'rot': 0.02024}
  t=  12.75  cb_failure         L8-CB0 {'rot': 0.02105}
  t=  12.75  cb_failure         L8-CB1 {'rot': 0.02046}
  t=  12.75  cb_failure         L9-CB0 {'rot': 0.02159}
  t=  12.75  cb_failure         L9-CB1 {'rot': 0.02095}
  t=  12.75  cb_failure         L10-CB0 {'rot': 0.02184}
  t=  12.75  cb_failure         L10-CB1 {'rot': 0.02117}
  t=  12.88  cb_failure         L6-CB0 {'rot': 0.02081}
  t=  12.88  cb_failure         L6-CB1 {'rot': 0.02014}
  t=  12.88  cb_failure         L7-CB1 {'rot': 0.02163}
  t=  12.88  cb_failure         L7-CB2 {'rot': 0.02062}
  t=  12.88  cb_failure         L8-CB2 {'rot': 0.02135}
  t=  12.88  cb_failure         L8-CB3 {'rot': 0.02055}
  t=  12.88  cb_failure         L9-CB2 {'rot': 0.02172}
  t=  12.88  cb_failure         L9-CB3 {'rot': 0.02087}
  t=  12.88  cb_failure         L10-CB2 {'rot': 0.02174}
  t=  12.88  cb_failure         L10-CB3 {'rot': 0.02085}
  t=  12.88  cb_failure         L11-CB2 {'rot': 0.02145}
  t=  12.88  cb_failure         L11-CB3 {'rot': 0.02053}
  t=  12.88  cb_failure         L12-CB2 {'rot': 0.02089}
  t=  12.88  cb_failure         L12-CB3 {'rot': 0.0199}
  t=  12.88  cb_failure         L13-CB2 {'rot': 0.02002}
  t=  13.00  cb_failure         L5-CB0 {'rot': 0.01991}
  t=  13.00  cb_failure         L5-CB2 {'rot': 0.01999}
  t=  13.00  cb_failure         L6-CB2 {'rot': 0.02209}
  t=  13.00  cb_failure         L6-CB3 {'rot': 0.02137}
  t=  13.00  cb_failure         L7-CB3 {'rot': 0.02272}
  t=  13.00  cb_failure         L13-CB3 {'rot': 0.02188}
  t=  13.00  cb_yield           L32-CB3 {'rot': 0.00767}
  t=  13.00  cb_yield           L33-CB3 {'rot': 0.0075}
  t=  13.13  cb_failure         L5-CB3 {'rot': 0.02052}
  t=  13.13  cb_yield           L31-CB2 {'rot': 0.00824}
  t=  13.13  cb_yield           L32-CB2 {'rot': 0.00802}
  t=  13.13  cb_yield           L33-CB2 {'rot': 0.00786}
  t=  15.13  cb_failure         L25-CB3 {'rot': 0.02082}
  t=  15.13  cb_failure         L26-CB3 {'rot': 0.02112}
  t=  15.13  cb_failure         L27-CB3 {'rot': 0.02121}
  t=  15.13  cb_failure         L28-CB3 {'rot': 0.02113}
  t=  15.13  cb_failure         L29-CB3 {'rot': 0.02092}
  t=  15.13  cb_failure         L30-CB3 {'rot': 0.0206}
  t=  15.13  cb_failure         L33-CB3 {'rot': 0.02243}
  t=  15.25  cb_failure         L25-CB2 {'rot': 0.02179}
  t=  15.25  cb_failure         L26-CB2 {'rot': 0.0217}
  t=  15.25  cb_failure         L27-CB2 {'rot': 0.02136}
  t=  15.25  cb_failure         L28-CB2 {'rot': 0.02084}
  t=  15.25  cb_yield           L31-CB1 {'rot': 0.00728}
  t=  15.25  cb_failure         L31-CB3 {'rot': 0.02275}
  t=  15.25  cb_yield           L32-CB1 {'rot': 0.00673}
  t=  15.25  cb_failure         L32-CB3 {'rot': 0.02222}
  t=  15.38  cb_failure         L29-CB2 {'rot': 0.0208}
  t=  15.38  cb_yield           L33-CB1 {'rot': 0.01305}
  t=  15.50  cb_failure         L25-CB1 {'rot': 0.0259}
  t=  15.50  cb_failure         L26-CB1 {'rot': 0.02583}
  t=  15.50  cb_failure         L27-CB1 {'rot': 0.02554}
  t=  15.50  cb_failure         L28-CB1 {'rot': 0.02509}
  t=  15.50  cb_failure         L29-CB1 {'rot': 0.02446}
  t=  15.50  cb_yield           L30-CB0 {'rot': 0.0076}
  t=  15.50  cb_failure         L30-CB1 {'rot': 0.02372}
  t=  15.50  cb_yield           L31-CB0 {'rot': 0.00682}
  t=  15.50  cb_failure         L31-CB1 {'rot': 0.02303}
  t=  15.50  cb_failure         L32-CB1 {'rot': 0.02252}
  t=  15.50  cb_failure         L33-CB1 {'rot': 0.02233}
  t=  15.63  cb_yield           L32-CB0 {'rot': 0.00951}
  t=  15.63  cb_yield           L33-CB0 {'rot': 0.00925}
  t=  15.88  cb_failure         L25-CB0 {'rot': 0.02142}
  t=  16.38  cb_failure         L27-CB0 {'rot': 0.02075}
  t=  16.38  cb_failure         L28-CB0 {'rot': 0.02061}
  t=  16.50  cb_failure         L29-CB0 {'rot': 0.0225}
  t=  16.50  cb_failure         L30-CB0 {'rot': 0.02254}
  t=  16.50  cb_failure         L31-CB0 {'rot': 0.02254}
  t=  16.50  cb_failure         L32-CB0 {'rot': 0.0225}
  t=  16.50  cb_failure         L33-CB0 {'rot': 0.02249}
  t=  19.37  cb_failure         L32-CB2 {'rot': 0.02098}
  t=  19.37  cb_failure         L33-CB2 {'rot': 0.02104}
  progress t=  20.0s  max corner drift so far=0.0086  wall clock=322s
  t=  27.12  cb_failure         L30-CB2 {'rot': 0.0228}
  t=  27.12  cb_failure         L31-CB2 {'rot': 0.02261}
  progress t=  30.0s  max corner drift so far=0.0090  wall clock=493s
  progress t=  40.0s  max corner drift so far=0.0096  wall clock=661s
  t=  42.87  cb_failure         L4-CB2 {'rot': 0.02098}
  progress t=  50.0s  max corner drift so far=0.0119  wall clock=819s
  t=  51.25  cb_failure         L4-CB0 {'rot': 0.02003}
  t=  51.25  cb_failure         L4-CB1 {'rot': 0.02234}
  t=  51.25  cb_failure         L4-CB3 {'rot': 0.02283}
  t=  51.25  cb_failure         L5-CB1 {'rot': 0.02451}
  t=  51.37  cb_failure         L3-CB0 {'rot': 0.02107}
  t=  51.37  cb_failure         L3-CB1 {'rot': 0.02366}
  t=  51.37  cb_failure         L3-CB2 {'rot': 0.0219}
  t=  51.37  cb_failure         L3-CB3 {'rot': 0.02332}
  t=  51.50  cb_failure         L2-CB1 {'rot': 0.02067}
  t=  51.50  cb_failure         L2-CB3 {'rot': 0.02055}
  t=  51.62  cb_failure         L2-CB2 {'rot': 0.01993}
  progress t=  60.0s  max corner drift so far=0.0148  wall clock=994s
  progress t=  70.0s  max corner drift so far=0.0148  wall clock=1164s
  progress t=  80.0s  max corner drift so far=0.0148  wall clock=1322s
  progress t=  90.0s  max corner drift so far=0.0148  wall clock=1474s
  progress t= 100.0s  max corner drift so far=0.0148  wall clock=1625s
