  t=   8.25  cb_yield           L9-CB1 {'rot': 0.00612}
  t=   8.25  cb_yield           L10-CB1 {'rot': 0.00609}
  t=   8.38  cb_yield           L5-CB1 {'rot': 0.00617}
  t=   8.38  cb_yield           L6-CB0 {'rot': 0.00618}
  t=   8.38  cb_yield           L6-CB1 {'rot': 0.00645}
  t=   8.38  cb_yield           L7-CB0 {'rot': 0.00629}
  t=   8.38  cb_yield           L7-CB1 {'rot': 0.00659}
  t=   8.38  cb_yield           L8-CB0 {'rot': 0.00629}
  t=   8.38  cb_yield           L8-CB1 {'rot': 0.0066}
  t=   8.38  cb_yield           L9-CB0 {'rot': 0.00619}
  t=   8.38  cb_yield           L11-CB1 {'rot': 0.00623}
  t=   8.50  cb_yield           L5-CB0 {'rot': 0.00617}
  t=   8.50  cb_yield           L6-CB3 {'rot': 0.00625}
  t=   8.50  cb_yield           L7-CB3 {'rot': 0.00636}
  t=   8.50  cb_yield           L8-CB3 {'rot': 0.0063}
  t=   8.50  cb_yield           L9-CB3 {'rot': 0.00613}
  t=   8.50  cb_yield           L10-CB0 {'rot': 0.00628}
  t=   8.50  cb_yield           L12-CB1 {'rot': 0.00614}
  progress t=  10.0s  max corner drift so far=0.0020  wall clock=124s
  t=  10.63  cb_yield           L2-CB2 {'rot': 0.00611}
  t=  10.63  cb_yield           L3-CB0 {'rot': 0.00716}
  t=  10.63  cb_yield           L3-CB1 {'rot': 0.00705}
  t=  10.63  cb_yield           L3-CB2 {'rot': 0.00736}
  t=  10.63  cb_yield           L3-CB3 {'rot': 0.00711}
  t=  10.63  cb_yield           L4-CB0 {'rot': 0.00797}
  t=  10.63  cb_yield           L4-CB1 {'rot': 0.00783}
  t=  10.63  cb_yield           L4-CB2 {'rot': 0.00814}
  t=  10.63  cb_yield           L4-CB3 {'rot': 0.00783}
  t=  10.63  cb_yield           L5-CB2 {'rot': 0.00849}
  t=  10.63  cb_yield           L5-CB3 {'rot': 0.00812}
  t=  10.63  cb_yield           L6-CB2 {'rot': 0.00848}
  t=  10.63  cb_yield           L7-CB2 {'rot': 0.0082}
  t=  10.63  cb_yield           L8-CB2 {'rot': 0.00773}
  t=  10.63  cb_yield           L9-CB2 {'rot': 0.00711}
  t=  10.63  cb_yield           L10-CB2 {'rot': 0.0064}
  t=  10.75  cb_yield           L2-CB0 {'rot': 0.00686}
  t=  10.75  cb_yield           L2-CB1 {'rot': 0.00681}
  t=  10.75  cb_yield           L2-CB3 {'rot': 0.0071}
  t=  10.75  cb_yield           L10-CB3 {'rot': 0.00784}
  t=  10.75  cb_yield           L11-CB0 {'rot': 0.00722}
  t=  10.75  cb_yield           L11-CB2 {'rot': 0.00732}
  t=  10.75  cb_yield           L11-CB3 {'rot': 0.00676}
  t=  10.75  cb_yield           L12-CB0 {'rot': 0.00619}
  t=  10.75  cb_yield           L12-CB2 {'rot': 0.00622}
  t=  10.88  cb_yield           L12-CB3 {'rot': 0.00683}
  t=  10.88  cb_yield           L13-CB0 {'rot': 0.0062}
  t=  10.88  cb_yield           L13-CB2 {'rot': 0.00612}
  t=  11.00  cb_yield           L13-CB1 {'rot': 0.00699}
  t=  11.00  cb_yield           L13-CB3 {'rot': 0.00635}
  t=  11.00  cb_yield           L14-CB0 {'rot': 0.00627}
  t=  11.13  cb_yield           L14-CB1 {'rot': 0.00723}
  t=  11.13  cb_yield           L15-CB0 {'rot': 0.0069}
  t=  11.13  cb_yield           L15-CB1 {'rot': 0.00668}
  t=  11.13  cb_yield           L16-CB0 {'rot': 0.00646}
  t=  11.13  cb_yield           L16-CB1 {'rot': 0.00622}
  t=  11.25  cb_yield           L14-CB2 {'rot': 0.00704}
  t=  11.25  cb_yield           L14-CB3 {'rot': 0.00662}
  t=  11.25  cb_yield           L15-CB2 {'rot': 0.00657}
  t=  11.25  cb_yield           L15-CB3 {'rot': 0.00615}
  t=  11.25  cb_yield           L16-CB2 {'rot': 0.00614}
  t=  11.25  cb_yield           L17-CB0 {'rot': 0.00899}
  t=  11.25  cb_yield           L17-CB1 {'rot': 0.00863}
  t=  11.25  cb_yield           L18-CB0 {'rot': 0.00885}
  t=  11.25  cb_yield           L18-CB1 {'rot': 0.00847}
  t=  11.25  cb_yield           L19-CB0 {'rot': 0.00868}
  t=  11.25  cb_yield           L19-CB1 {'rot': 0.00827}
  t=  11.25  cb_yield           L20-CB0 {'rot': 0.00847}
  t=  11.25  cb_yield           L20-CB1 {'rot': 0.00804}
  t=  11.25  cb_yield           L21-CB0 {'rot': 0.0082}
  t=  11.25  cb_yield           L21-CB1 {'rot': 0.00776}
  t=  11.25  cb_yield           L22-CB0 {'rot': 0.00789}
  t=  11.25  cb_yield           L22-CB1 {'rot': 0.00743}
  t=  11.25  cb_yield           L23-CB0 {'rot': 0.00752}
  t=  11.25  cb_yield           L23-CB1 {'rot': 0.00705}
  t=  11.25  cb_yield           L24-CB0 {'rot': 0.00712}
  t=  11.25  cb_yield           L24-CB1 {'rot': 0.00664}
  t=  11.25  cb_yield           L25-CB0 {'rot': 0.00668}
  t=  11.38  cb_yield           L16-CB3 {'rot': 0.00781}
  t=  11.38  cb_yield           L17-CB2 {'rot': 0.00805}
  t=  11.38  cb_yield           L17-CB3 {'rot': 0.00757}
  t=  11.38  cb_yield           L18-CB2 {'rot': 0.00778}
  t=  11.38  cb_yield           L18-CB3 {'rot': 0.00727}
  t=  11.38  cb_yield           L19-CB2 {'rot': 0.00744}
  t=  11.38  cb_yield           L19-CB3 {'rot': 0.00692}
  t=  11.38  cb_yield           L20-CB2 {'rot': 0.00705}
  t=  11.38  cb_yield           L21-CB2 {'rot': 0.00661}
  t=  11.38  cb_yield           L25-CB1 {'rot': 0.00834}
  t=  11.38  cb_yield           L26-CB0 {'rot': 0.00807}
  t=  11.38  cb_yield           L26-CB1 {'rot': 0.00761}
  t=  11.38  cb_yield           L27-CB0 {'rot': 0.00732}
  t=  11.38  cb_yield           L27-CB1 {'rot': 0.00688}
  t=  11.38  cb_yield           L28-CB0 {'rot': 0.0066}
  t=  11.50  cb_yield           L20-CB3 {'rot': 0.00915}
  t=  11.50  cb_yield           L21-CB3 {'rot': 0.00876}
  t=  11.50  cb_yield           L22-CB2 {'rot': 0.00848}
  t=  11.50  cb_yield           L22-CB3 {'rot': 0.00824}
  t=  11.50  cb_yield           L23-CB2 {'rot': 0.00785}
  t=  11.50  cb_yield           L23-CB3 {'rot': 0.00763}
  t=  11.50  cb_yield           L24-CB2 {'rot': 0.00712}
  t=  11.50  cb_yield           L24-CB3 {'rot': 0.00692}
  t=  11.50  cb_yield           L28-CB1 {'rot': 0.00704}
  t=  11.63  cb_yield           L25-CB2 {'rot': 0.0073}
  t=  11.63  cb_yield           L25-CB3 {'rot': 0.00748}
  t=  11.75  cb_yield           L26-CB2 {'rot': 0.00662}
  t=  11.75  cb_yield           L26-CB3 {'rot': 0.00699}
  t=  14.50  cb_yield           L27-CB3 {'rot': 0.0082}
  t=  14.50  cb_yield           L28-CB3 {'rot': 0.00756}
  t=  14.50  cb_yield           L29-CB3 {'rot': 0.00693}
  t=  14.63  cb_yield           L27-CB2 {'rot': 0.00802}
  t=  14.63  cb_yield           L28-CB2 {'rot': 0.0072}
  t=  14.63  cb_yield           L30-CB3 {'rot': 0.00736}
  t=  14.63  cb_yield           L31-CB3 {'rot': 0.00682}
  t=  14.75  cb_yield           L29-CB2 {'rot': 0.00755}
  t=  14.75  cb_yield           L30-CB2 {'rot': 0.00696}
  t=  14.75  cb_yield           L32-CB3 {'rot': 0.00784}
  t=  14.75  cb_yield           L33-CB3 {'rot': 0.00767}
  t=  14.88  cb_yield           L31-CB2 {'rot': 0.00717}
  t=  14.88  cb_yield           L32-CB2 {'rot': 0.00688}
  t=  14.88  cb_yield           L33-CB2 {'rot': 0.00671}
  t=  15.75  cb_yield           L29-CB1 {'rot': 0.00701}
  t=  15.75  cb_yield           L30-CB1 {'rot': 0.00664}
  t=  15.88  cb_yield           L29-CB0 {'rot': 0.00664}
  t=  15.88  cb_yield           L31-CB1 {'rot': 0.00798}
  t=  15.88  cb_yield           L32-CB1 {'rot': 0.00774}
  t=  15.88  cb_yield           L33-CB1 {'rot': 0.00761}
  t=  16.00  cb_yield           L30-CB0 {'rot': 0.00735}
  t=  16.00  cb_yield           L31-CB0 {'rot': 0.00703}
  t=  16.00  cb_yield           L32-CB0 {'rot': 0.00679}
  t=  16.00  cb_yield           L33-CB0 {'rot': 0.00667}
  progress t=  20.0s  max corner drift so far=0.0057  wall clock=254s
  progress t=  30.0s  max corner drift so far=0.0069  wall clock=388s
  progress t=  40.0s  max corner drift so far=0.0076  wall clock=523s
  t=  46.00  cb_yield           L1-CB2 {'rot': 0.00631}
  t=  48.50  cb_yield           L1-CB0 {'rot': 0.00623}
  t=  48.50  cb_yield           L1-CB1 {'rot': 0.0069}
  t=  48.50  cb_yield           L1-CB3 {'rot': 0.0065}
  t=  48.87  cb_failure         L6-CB3 {'rot': 0.03134}
  t=  48.87  cb_failure         L7-CB3 {'rot': 0.03237}
  t=  48.87  cb_failure         L8-CB3 {'rot': 0.03268}
  t=  48.87  cb_failure         L9-CB3 {'rot': 0.03244}
  t=  48.87  cb_failure         L10-CB3 {'rot': 0.03169}
  t=  48.87  cb_failure         L11-CB3 {'rot': 0.0305}
  t=  49.00  cb_failure         L5-CB3 {'rot': 0.03048}
  t=  49.00  cb_failure         L6-CB2 {'rot': 0.03038}
  t=  49.00  cb_failure         L7-CB2 {'rot': 0.03161}
  t=  49.00  cb_failure         L8-CB2 {'rot': 0.03207}
  t=  49.00  cb_failure         L9-CB2 {'rot': 0.03193}
  t=  49.00  cb_failure         L10-CB2 {'rot': 0.0313}
  t=  49.00  cb_failure         L11-CB2 {'rot': 0.03021}
  t=  49.00  cb_failure         L12-CB3 {'rot': 0.0322}
  t=  49.00  cb_failure         L13-CB3 {'rot': 0.03028}
  t=  49.12  cb_failure         L12-CB2 {'rot': 0.03154}
  t=  49.12  cb_failure         L13-CB2 {'rot': 0.03009}
  t=  49.12  cb_failure         L14-CB3 {'rot': 0.03217}
  t=  49.12  cb_failure         L15-CB3 {'rot': 0.03026}
  t=  49.25  cb_failure         L14-CB2 {'rot': 0.03251}
  t=  49.25  cb_failure         L15-CB2 {'rot': 0.03112}
  t=  49.25  cb_failure         L16-CB3 {'rot': 0.03365}
  t=  49.25  cb_failure         L17-CB3 {'rot': 0.03145}
  t=  49.37  cb_failure         L12-CB1 {'rot': 0.03051}
  t=  49.37  cb_failure         L13-CB1 {'rot': 0.03091}
  t=  49.37  cb_failure         L14-CB1 {'rot': 0.03101}
  t=  49.37  cb_failure         L15-CB1 {'rot': 0.03079}
  t=  49.37  cb_failure         L16-CB1 {'rot': 0.0302}
  t=  49.37  cb_failure         L16-CB2 {'rot': 0.03431}
  t=  49.37  cb_failure         L17-CB2 {'rot': 0.03267}
  t=  49.37  cb_failure         L18-CB2 {'rot': 0.03059}
  t=  49.37  cb_failure         L18-CB3 {'rot': 0.03503}
  t=  49.37  cb_failure         L19-CB3 {'rot': 0.03263}
  t=  49.50  cb_failure         L17-CB1 {'rot': 0.03146}
  t=  49.50  cb_failure         L19-CB2 {'rot': 0.03236}
  t=  49.50  cb_failure         L20-CB3 {'rot': 0.03441}
  t=  49.50  cb_failure         L21-CB3 {'rot': 0.03141}
  t=  49.62  cb_failure         L18-CB1 {'rot': 0.03146}
  t=  49.62  cb_failure         L19-CB1 {'rot': 0.03059}
  t=  49.62  cb_failure         L20-CB2 {'rot': 0.03246}
  t=  49.62  cb_failure         L22-CB3 {'rot': 0.032}
  t=  49.75  cb_failure         L21-CB2 {'rot': 0.03103}
  t=  49.75  cb_failure         L23-CB3 {'rot': 0.03134}
  progress t=  50.0s  max corner drift so far=0.0087  wall clock=653s
  progress t=  60.0s  max corner drift so far=0.0087  wall clock=783s
  progress t=  70.0s  max corner drift so far=0.0087  wall clock=915s
  progress t=  80.0s  max corner drift so far=0.0087  wall clock=1045s
  progress t=  90.0s  max corner drift so far=0.0087  wall clock=1172s
  progress t= 100.0s  max corner drift so far=0.0087  wall clock=1302s
