  t=   4.37  cb_yield           L5-CB0 {'rot': 0.00702}
  t=   4.37  cb_yield           L6-CB0 {'rot': 0.00744}
  t=   4.37  cb_yield           L6-CB1 {'rot': 0.00715}
  t=   4.37  cb_yield           L7-CB0 {'rot': 0.00768}
  t=   4.37  cb_yield           L7-CB1 {'rot': 0.00736}
  t=   4.37  cb_yield           L8-CB0 {'rot': 0.00776}
  t=   4.37  cb_yield           L8-CB1 {'rot': 0.00743}
  t=   4.37  cb_yield           L9-CB0 {'rot': 0.00773}
  t=   4.37  cb_yield           L9-CB1 {'rot': 0.00736}
  t=   4.37  cb_yield           L10-CB0 {'rot': 0.00758}
  t=   4.37  cb_yield           L10-CB1 {'rot': 0.00719}
  t=   4.37  cb_yield           L11-CB0 {'rot': 0.00733}
  t=   4.50  cb_yield           L3-CB0 {'rot': 0.00745}
  t=   4.50  cb_yield           L3-CB1 {'rot': 0.00715}
  t=   4.50  cb_yield           L4-CB0 {'rot': 0.00857}
  t=   4.50  cb_yield           L4-CB1 {'rot': 0.00823}
  t=   4.50  cb_yield           L4-CB2 {'rot': 0.00764}
  t=   4.50  cb_yield           L4-CB3 {'rot': 0.00732}
  t=   4.50  cb_yield           L5-CB1 {'rot': 0.00899}
  t=   4.50  cb_yield           L5-CB2 {'rot': 0.0082}
  t=   4.50  cb_yield           L5-CB3 {'rot': 0.00785}
  t=   4.50  cb_yield           L6-CB2 {'rot': 0.00842}
  t=   4.50  cb_yield           L6-CB3 {'rot': 0.00805}
  t=   4.50  cb_yield           L7-CB2 {'rot': 0.00835}
  t=   4.50  cb_yield           L7-CB3 {'rot': 0.00796}
  t=   4.50  cb_yield           L8-CB2 {'rot': 0.00804}
  t=   4.50  cb_yield           L8-CB3 {'rot': 0.00763}
  t=   4.50  cb_yield           L9-CB2 {'rot': 0.00755}
  t=   4.50  cb_yield           L9-CB3 {'rot': 0.00711}
  t=   4.50  cb_yield           L11-CB1 {'rot': 0.0082}
  t=   4.50  cb_yield           L12-CB0 {'rot': 0.00812}
  t=   4.50  cb_yield           L12-CB1 {'rot': 0.00756}
  t=   4.50  cb_yield           L13-CB0 {'rot': 0.00741}
  t=   4.62  cb_yield           L3-CB2 {'rot': 0.00769}
  t=   4.62  cb_yield           L3-CB3 {'rot': 0.00738}
  t=   4.62  cb_yield           L10-CB2 {'rot': 0.00751}
  t=   4.62  cb_yield           L10-CB3 {'rot': 0.00705}
  t=   4.75  cb_yield           L2-CB0 {'rot': 0.00728}
  t=   7.50  cb_yield           L13-CB1 {'rot': 0.00736}
  t=   7.50  cb_yield           L14-CB1 {'rot': 0.00702}
  t=   7.88  cb_yield           L15-CB1 {'rot': 0.00738}
  t=   7.88  cb_yield           L16-CB1 {'rot': 0.00734}
  t=   8.00  cb_yield           L14-CB0 {'rot': 0.00852}
  t=   8.00  cb_yield           L15-CB0 {'rot': 0.00846}
  t=   8.00  cb_yield           L16-CB0 {'rot': 0.0084}
  t=   8.00  cb_yield           L17-CB0 {'rot': 0.00833}
  t=   8.00  cb_yield           L17-CB1 {'rot': 0.00967}
  t=   8.00  cb_yield           L18-CB0 {'rot': 0.00826}
  t=   8.00  cb_yield           L18-CB1 {'rot': 0.00966}
  t=   8.00  cb_yield           L19-CB0 {'rot': 0.00816}
  t=   8.00  cb_yield           L19-CB1 {'rot': 0.00962}
  t=   8.00  cb_yield           L20-CB0 {'rot': 0.00805}
  t=   8.00  cb_yield           L20-CB1 {'rot': 0.00954}
  t=   8.00  cb_yield           L21-CB0 {'rot': 0.00789}
  t=   8.00  cb_yield           L21-CB1 {'rot': 0.00941}
  t=   8.00  cb_yield           L22-CB0 {'rot': 0.00768}
  t=   8.00  cb_yield           L22-CB1 {'rot': 0.00922}
  t=   8.00  cb_yield           L23-CB1 {'rot': 0.00897}
  t=   8.00  cb_yield           L24-CB1 {'rot': 0.00866}
  t=   8.00  cb_yield           L25-CB1 {'rot': 0.00829}
  t=   8.00  cb_yield           L26-CB1 {'rot': 0.00787}
  t=   8.13  cb_yield           L11-CB2 {'rot': 0.00721}
  t=   8.13  cb_yield           L11-CB3 {'rot': 0.00832}
  t=   8.13  cb_yield           L12-CB2 {'rot': 0.00737}
  t=   8.13  cb_yield           L12-CB3 {'rot': 0.00854}
  t=   8.13  cb_yield           L13-CB2 {'rot': 0.00746}
  t=   8.13  cb_yield           L13-CB3 {'rot': 0.0087}
  t=   8.13  cb_yield           L14-CB2 {'rot': 0.00748}
  t=   8.13  cb_yield           L14-CB3 {'rot': 0.00877}
  t=   8.13  cb_yield           L15-CB2 {'rot': 0.00743}
  t=   8.13  cb_yield           L15-CB3 {'rot': 0.00876}
  t=   8.13  cb_yield           L16-CB2 {'rot': 0.00732}
  t=   8.13  cb_yield           L16-CB3 {'rot': 0.00868}
  t=   8.13  cb_yield           L17-CB3 {'rot': 0.00851}
  t=   8.13  cb_yield           L18-CB3 {'rot': 0.00827}
  t=   8.13  cb_yield           L19-CB3 {'rot': 0.00797}
  t=   8.13  cb_yield           L20-CB3 {'rot': 0.00763}
  t=   8.13  cb_yield           L23-CB0 {'rot': 0.00853}
  t=   8.13  cb_yield           L24-CB0 {'rot': 0.00796}
  t=   8.13  cb_yield           L27-CB1 {'rot': 0.00779}
  t=   8.25  cb_yield           L17-CB2 {'rot': 0.00996}
  t=   8.25  cb_yield           L18-CB2 {'rot': 0.00936}
  t=   8.25  cb_yield           L19-CB2 {'rot': 0.00863}
  t=   8.25  cb_yield           L20-CB2 {'rot': 0.0078}
  t=   8.25  cb_yield           L21-CB3 {'rot': 0.00875}
  t=   8.25  cb_yield           L22-CB3 {'rot': 0.00779}
  t=   8.25  cb_yield           L25-CB0 {'rot': 0.0078}
  t=   8.38  cb_yield           L21-CB2 {'rot': 0.00784}
  t=   8.50  cb_yield           L2-CB1 {'rot': 0.00729}
  t=   8.50  cb_yield           L23-CB3 {'rot': 0.00791}
  t=   8.63  cb_yield           L2-CB3 {'rot': 0.00728}
  t=   8.75  cb_yield           L24-CB3 {'rot': 0.0079}
  t=   8.88  cb_yield           L22-CB2 {'rot': 0.00845}
  t=   8.88  cb_yield           L25-CB3 {'rot': 0.00785}
  t=   9.00  cb_yield           L23-CB2 {'rot': 0.00803}
  t=   9.25  cb_yield           L24-CB2 {'rot': 0.00872}
  t=   9.25  cb_yield           L26-CB3 {'rot': 0.00863}
  t=   9.38  cb_yield           L27-CB3 {'rot': 0.0085}
  t=   9.38  cb_yield           L28-CB3 {'rot': 0.00789}
  t=   9.63  cb_yield           L2-CB2 {'rot': 0.00802}
  progress t=  10.0s  max corner drift so far=0.0049  wall clock=132s
  t=  10.50  cb_yield           L26-CB0 {'rot': 0.00805}
  t=  10.50  cb_yield           L27-CB0 {'rot': 0.00771}
  t=  10.50  cb_yield           L28-CB1 {'rot': 0.00916}
  t=  10.50  cb_yield           L29-CB1 {'rot': 0.00878}
  t=  10.50  cb_yield           L30-CB1 {'rot': 0.00837}
  t=  10.50  cb_yield           L31-CB1 {'rot': 0.00798}
  t=  10.50  cb_yield           L32-CB1 {'rot': 0.00766}
  t=  10.63  cb_yield           L28-CB0 {'rot': 0.00813}
  t=  10.63  cb_yield           L33-CB1 {'rot': 0.00792}
  t=  10.88  cb_yield           L1-CB2 {'rot': 0.0073}
  t=  10.88  cb_yield           L1-CB3 {'rot': 0.0072}
  t=  10.88  cb_yield           L29-CB3 {'rot': 0.00777}
  t=  11.00  cb_yield           L1-CB0 {'rot': 0.00825}
  t=  11.00  cb_yield           L1-CB1 {'rot': 0.00795}
  t=  11.38  cb_yield           L29-CB0 {'rot': 0.00792}
  t=  11.50  cb_yield           L30-CB0 {'rot': 0.0086}
  t=  11.50  cb_yield           L31-CB0 {'rot': 0.00776}
  t=  11.63  cb_failure         L13-CB0 {'rot': 0.03145}
  t=  11.63  cb_failure         L13-CB1 {'rot': 0.03196}
  t=  11.63  cb_failure         L14-CB0 {'rot': 0.0324}
  t=  11.63  cb_failure         L14-CB1 {'rot': 0.03296}
  t=  11.63  cb_failure         L15-CB0 {'rot': 0.03288}
  t=  11.63  cb_failure         L15-CB1 {'rot': 0.03349}
  t=  11.63  cb_failure         L16-CB0 {'rot': 0.03295}
  t=  11.63  cb_failure         L16-CB1 {'rot': 0.03359}
  t=  11.63  cb_failure         L17-CB0 {'rot': 0.03256}
  t=  11.63  cb_failure         L17-CB1 {'rot': 0.03322}
  t=  11.63  cb_failure         L18-CB0 {'rot': 0.03165}
  t=  11.63  cb_failure         L18-CB1 {'rot': 0.03238}
  t=  11.75  cb_failure         L12-CB1 {'rot': 0.03159}
  t=  11.75  cb_failure         L19-CB0 {'rot': 0.0378}
  t=  11.75  cb_failure         L19-CB1 {'rot': 0.039}
  t=  11.75  cb_failure         L20-CB0 {'rot': 0.03639}
  t=  11.75  cb_failure         L20-CB1 {'rot': 0.03764}
  t=  11.75  cb_failure         L21-CB0 {'rot': 0.03409}
  t=  11.75  cb_failure         L21-CB1 {'rot': 0.0354}
  t=  11.75  cb_failure         L22-CB0 {'rot': 0.0317}
  t=  11.75  cb_failure         L22-CB1 {'rot': 0.0323}
  t=  11.75  cb_yield           L25-CB2 {'rot': 0.01}
  t=  11.88  cb_failure         L15-CB3 {'rot': 0.03121}
  t=  11.88  cb_failure         L16-CB3 {'rot': 0.03292}
  t=  11.88  cb_failure         L17-CB2 {'rot': 0.03192}
  t=  11.88  cb_failure         L17-CB3 {'rot': 0.0343}
  t=  11.88  cb_failure         L18-CB2 {'rot': 0.03266}
  t=  11.88  cb_failure         L18-CB3 {'rot': 0.03497}
  t=  11.88  cb_failure         L19-CB2 {'rot': 0.0327}
  t=  11.88  cb_failure         L19-CB3 {'rot': 0.03498}
  t=  11.88  cb_failure         L20-CB2 {'rot': 0.03201}
  t=  11.88  cb_failure         L20-CB3 {'rot': 0.03437}
  t=  11.88  cb_failure         L21-CB3 {'rot': 0.03289}
  t=  11.88  cb_failure         L23-CB0 {'rot': 0.03353}
  t=  11.88  cb_failure         L23-CB1 {'rot': 0.03519}
  t=  11.88  cb_yield           L26-CB2 {'rot': 0.01101}
  t=  12.00  cb_failure         L16-CB2 {'rot': 0.03148}
  t=  12.00  cb_failure         L21-CB2 {'rot': 0.03478}
  t=  12.00  cb_failure         L22-CB2 {'rot': 0.03263}
  t=  12.00  cb_failure         L22-CB3 {'rot': 0.03515}
  t=  12.00  cb_failure         L23-CB3 {'rot': 0.03194}
  t=  12.00  cb_failure         L24-CB0 {'rot': 0.03269}
  t=  12.00  cb_failure         L24-CB1 {'rot': 0.03432}
  t=  12.00  cb_yield           L27-CB2 {'rot': 0.01063}
  t=  12.13  cb_failure         L23-CB2 {'rot': 0.03257}
  t=  12.13  cb_failure         L24-CB3 {'rot': 0.03162}
  t=  12.13  cb_failure         L25-CB0 {'rot': 0.03166}
  t=  12.13  cb_yield           L28-CB2 {'rot': 0.01118}
  t=  12.13  cb_yield           L29-CB2 {'rot': 0.00784}
  t=  12.25  cb_failure         L24-CB2 {'rot': 0.03183}
  t=  12.25  cb_failure         L25-CB1 {'rot': 0.03259}
  t=  12.25  cb_yield           L30-CB2 {'rot': 0.00928}
  t=  12.25  cb_yield           L30-CB3 {'rot': 0.01073}
  t=  12.25  cb_yield           L31-CB3 {'rot': 0.00803}
  t=  12.38  cb_failure         L25-CB3 {'rot': 0.03229}
  t=  12.38  cb_yield           L31-CB2 {'rot': 0.00893}
  t=  12.38  cb_yield           L32-CB3 {'rot': 0.00886}
  t=  12.38  cb_yield           L33-CB3 {'rot': 0.00804}
  t=  12.88  cb_failure         L6-CB0 {'rot': 0.03166}
  t=  12.88  cb_failure         L6-CB1 {'rot': 0.03135}
  t=  12.88  cb_failure         L7-CB0 {'rot': 0.03335}
  t=  12.88  cb_failure         L7-CB1 {'rot': 0.03316}
  t=  12.88  cb_failure         L8-CB0 {'rot': 0.03445}
  t=  12.88  cb_failure         L8-CB1 {'rot': 0.03438}
  t=  12.88  cb_failure         L9-CB0 {'rot': 0.03516}
  t=  12.88  cb_failure         L9-CB1 {'rot': 0.0351}
  t=  12.88  cb_failure         L10-CB0 {'rot': 0.03544}
  t=  12.88  cb_failure         L10-CB1 {'rot': 0.03539}
  t=  12.88  cb_failure         L11-CB0 {'rot': 0.03537}
  t=  12.88  cb_failure         L11-CB1 {'rot': 0.0353}
  t=  12.88  cb_failure         L12-CB0 {'rot': 0.03504}
  t=  13.00  cb_failure         L5-CB0 {'rot': 0.03255}
  t=  13.00  cb_failure         L5-CB1 {'rot': 0.0315}
  t=  13.00  cb_failure         L6-CB2 {'rot': 0.03275}
  t=  13.00  cb_failure         L6-CB3 {'rot': 0.03179}
  t=  13.00  cb_failure         L7-CB2 {'rot': 0.03444}
  t=  13.00  cb_failure         L7-CB3 {'rot': 0.03328}
  t=  13.00  cb_failure         L8-CB2 {'rot': 0.03538}
  t=  13.00  cb_failure         L8-CB3 {'rot': 0.03407}
  t=  13.00  cb_failure         L9-CB2 {'rot': 0.03575}
  t=  13.00  cb_failure         L9-CB3 {'rot': 0.03431}
  t=  13.00  cb_failure         L10-CB2 {'rot': 0.03559}
  t=  13.00  cb_failure         L10-CB3 {'rot': 0.03405}
  t=  13.00  cb_failure         L11-CB2 {'rot': 0.03488}
  t=  13.00  cb_failure         L11-CB3 {'rot': 0.03336}
  t=  13.00  cb_failure         L12-CB2 {'rot': 0.03366}
  t=  13.00  cb_failure         L12-CB3 {'rot': 0.03224}
  t=  13.00  cb_failure         L13-CB2 {'rot': 0.03189}
  t=  13.13  cb_failure         L5-CB2 {'rot': 0.03249}
  t=  13.13  cb_failure         L5-CB3 {'rot': 0.03155}
  t=  13.13  cb_failure         L13-CB3 {'rot': 0.03497}
  t=  13.13  cb_failure         L14-CB2 {'rot': 0.03445}
  t=  13.13  cb_failure         L14-CB3 {'rot': 0.03267}
  t=  13.13  cb_failure         L15-CB2 {'rot': 0.03169}
  t=  13.13  cb_yield           L32-CB2 {'rot': 0.00899}
  t=  13.13  cb_yield           L33-CB2 {'rot': 0.00884}
  t=  15.50  cb_failure         L26-CB3 {'rot': 0.03224}
  t=  15.50  cb_failure         L27-CB3 {'rot': 0.03219}
  t=  15.50  cb_failure         L28-CB3 {'rot': 0.03178}
  t=  15.63  cb_failure         L29-CB3 {'rot': 0.03494}
  t=  15.63  cb_failure         L30-CB3 {'rot': 0.03349}
  t=  15.63  cb_failure         L31-CB3 {'rot': 0.03207}
  t=  15.63  cb_failure         L32-CB3 {'rot': 0.03164}
  t=  15.63  cb_failure         L33-CB3 {'rot': 0.03193}
  t=  16.75  cb_yield           L32-CB0 {'rot': 0.00848}
  t=  16.75  cb_yield           L33-CB0 {'rot': 0.00836}
  progress t=  20.0s  max corner drift so far=0.0137  wall clock=290s
  progress t=  30.0s  max corner drift so far=0.0157  wall clock=433s
  progress t=  40.0s  max corner drift so far=0.0157  wall clock=581s
  t=  49.75  cb_failure         L26-CB1 {'rot': 0.03164}
  t=  49.87  cb_failure         L27-CB1 {'rot': 0.03398}
  t=  50.00  cb_failure         L28-CB1 {'rot': 0.03865}
  t=  50.00  cb_failure         L29-CB1 {'rot': 0.03657}
  t=  50.00  cb_failure         L30-CB1 {'rot': 0.03482}
  t=  50.00  cb_failure         L31-CB1 {'rot': 0.03352}
  t=  50.00  cb_failure         L32-CB1 {'rot': 0.03269}
  t=  50.00  cb_failure         L33-CB1 {'rot': 0.03213}
  progress t=  50.0s  max corner drift so far=0.0157  wall clock=728s
  t=  50.12  cb_failure         L26-CB0 {'rot': 0.03631}
  t=  50.12  cb_failure         L27-CB0 {'rot': 0.03546}
  t=  50.12  cb_failure         L28-CB0 {'rot': 0.03443}
  t=  50.12  cb_failure         L29-CB0 {'rot': 0.03322}
  t=  50.12  cb_failure         L30-CB0 {'rot': 0.03191}
  t=  50.25  cb_failure         L31-CB0 {'rot': 0.03748}
  t=  50.25  cb_failure         L32-CB0 {'rot': 0.0368}
  t=  50.25  cb_failure         L33-CB0 {'rot': 0.03646}
  t=  52.37  cb_failure         L25-CB2 {'rot': 0.03255}
  t=  52.37  cb_failure         L26-CB2 {'rot': 0.03173}
  t=  52.50  cb_failure         L27-CB2 {'rot': 0.04116}
  t=  52.50  cb_failure         L28-CB2 {'rot': 0.04124}
  t=  52.50  cb_failure         L29-CB2 {'rot': 0.04109}
  t=  52.50  cb_failure         L30-CB2 {'rot': 0.04066}
  t=  52.50  cb_failure         L31-CB2 {'rot': 0.04006}
  t=  52.50  cb_failure         L32-CB2 {'rot': 0.03945}
  t=  52.50  cb_failure         L33-CB2 {'rot': 0.03916}
  progress t=  60.0s  max corner drift so far=0.0173  wall clock=883s
  t=  61.50  cb_failure         L4-CB2 {'rot': 0.03118}
  t=  61.62  cb_failure         L4-CB3 {'rot': 0.03186}
  progress t=  70.0s  max corner drift so far=0.0173  wall clock=1029s
  progress t=  80.0s  max corner drift so far=0.0173  wall clock=1161s
  progress t=  90.0s  max corner drift so far=0.0173  wall clock=1289s
  progress t= 100.0s  max corner drift so far=0.0173  wall clock=1426s
