  t=   1.87  cb_yield           L4-CB0 {'rot': 0.00623}
  t=   1.87  cb_yield           L4-CB1 {'rot': 0.00642}
  t=   1.87  cb_yield           L4-CB2 {'rot': 0.0064}
  t=   1.87  cb_yield           L4-CB3 {'rot': 0.00658}
  t=   1.87  cb_yield           L5-CB0 {'rot': 0.0065}
  t=   1.87  cb_yield           L5-CB1 {'rot': 0.00671}
  t=   1.87  cb_yield           L5-CB2 {'rot': 0.00668}
  t=   1.87  cb_yield           L5-CB3 {'rot': 0.00689}
  t=   1.87  cb_yield           L6-CB0 {'rot': 0.0065}
  t=   1.87  cb_yield           L6-CB1 {'rot': 0.00673}
  t=   1.87  cb_yield           L6-CB2 {'rot': 0.00669}
  t=   1.87  cb_yield           L6-CB3 {'rot': 0.00692}
  t=   1.87  cb_yield           L7-CB0 {'rot': 0.00629}
  t=   1.87  cb_yield           L7-CB1 {'rot': 0.00653}
  t=   1.87  cb_yield           L7-CB2 {'rot': 0.00649}
  t=   1.87  cb_yield           L7-CB3 {'rot': 0.00674}
  t=   1.87  cb_yield           L8-CB1 {'rot': 0.00618}
  t=   1.87  cb_yield           L8-CB2 {'rot': 0.00613}
  t=   1.87  cb_yield           L8-CB3 {'rot': 0.00639}
  t=   2.00  cb_yield           L3-CB0 {'rot': 0.00633}
  t=   2.00  cb_yield           L3-CB1 {'rot': 0.00653}
  t=   2.00  cb_yield           L3-CB2 {'rot': 0.00645}
  t=   2.00  cb_yield           L3-CB3 {'rot': 0.00664}
  t=   2.00  cb_yield           L8-CB0 {'rot': 0.0079}
  t=   2.00  cb_yield           L9-CB0 {'rot': 0.00749}
  t=   2.00  cb_yield           L9-CB1 {'rot': 0.00785}
  t=   2.00  cb_yield           L9-CB2 {'rot': 0.0077}
  t=   2.00  cb_yield           L9-CB3 {'rot': 0.00807}
  t=   2.00  cb_yield           L10-CB0 {'rot': 0.00695}
  t=   2.00  cb_yield           L10-CB1 {'rot': 0.00734}
  t=   2.00  cb_yield           L10-CB2 {'rot': 0.00716}
  t=   2.00  cb_yield           L10-CB3 {'rot': 0.00756}
  t=   2.00  cb_yield           L11-CB0 {'rot': 0.00634}
  t=   2.00  cb_yield           L11-CB1 {'rot': 0.00676}
  t=   2.00  cb_yield           L11-CB2 {'rot': 0.00655}
  t=   2.00  cb_yield           L11-CB3 {'rot': 0.00697}
  t=   2.00  cb_yield           L12-CB1 {'rot': 0.00613}
  t=   2.00  cb_yield           L12-CB3 {'rot': 0.00634}
  t=   2.12  cb_yield           L12-CB0 {'rot': 0.00763}
  t=   2.12  cb_yield           L12-CB2 {'rot': 0.00784}
  t=   2.12  cb_yield           L13-CB0 {'rot': 0.00693}
  t=   2.12  cb_yield           L13-CB1 {'rot': 0.00747}
  t=   2.12  cb_yield           L13-CB2 {'rot': 0.00714}
  t=   2.12  cb_yield           L13-CB3 {'rot': 0.00772}
  t=   2.12  cb_yield           L14-CB0 {'rot': 0.0062}
  t=   2.12  cb_yield           L14-CB1 {'rot': 0.00676}
  t=   2.12  cb_yield           L14-CB2 {'rot': 0.00641}
  t=   2.12  cb_yield           L14-CB3 {'rot': 0.007}
  t=   2.12  cb_yield           L15-CB3 {'rot': 0.00632}
  t=   2.25  cb_yield           L15-CB0 {'rot': 0.0073}
  t=   2.25  cb_yield           L15-CB1 {'rot': 0.00799}
  t=   2.25  cb_yield           L15-CB2 {'rot': 0.00758}
  t=   2.25  cb_yield           L16-CB0 {'rot': 0.00659}
  t=   2.25  cb_yield           L16-CB1 {'rot': 0.00728}
  t=   2.25  cb_yield           L16-CB2 {'rot': 0.00687}
  t=   2.25  cb_yield           L16-CB3 {'rot': 0.00758}
  t=   2.25  cb_yield           L17-CB3 {'rot': 0.00675}
  t=   2.37  cb_yield           L17-CB0 {'rot': 0.007}
  t=   2.37  cb_yield           L17-CB1 {'rot': 0.00782}
  t=   2.37  cb_yield           L17-CB2 {'rot': 0.00732}
  t=   2.37  cb_yield           L18-CB1 {'rot': 0.00702}
  t=   2.37  cb_yield           L18-CB3 {'rot': 0.00738}
  t=   2.37  cb_yield           L19-CB3 {'rot': 0.00665}
  t=   2.50  cb_yield           L18-CB0 {'rot': 0.00774}
  t=   2.50  cb_yield           L18-CB2 {'rot': 0.00811}
  t=   2.50  cb_yield           L19-CB0 {'rot': 0.00728}
  t=   2.50  cb_yield           L19-CB1 {'rot': 0.00834}
  t=   2.50  cb_yield           L19-CB2 {'rot': 0.00769}
  t=   2.50  cb_yield           L20-CB0 {'rot': 0.00681}
  t=   2.50  cb_yield           L20-CB1 {'rot': 0.00788}
  t=   2.50  cb_yield           L20-CB2 {'rot': 0.00726}
  t=   2.50  cb_yield           L20-CB3 {'rot': 0.00834}
  t=   2.50  cb_yield           L21-CB1 {'rot': 0.00741}
  t=   2.50  cb_yield           L21-CB2 {'rot': 0.00681}
  t=   2.50  cb_yield           L21-CB3 {'rot': 0.0079}
  t=   2.50  cb_yield           L22-CB1 {'rot': 0.00694}
  t=   2.50  cb_yield           L22-CB3 {'rot': 0.00746}
  t=   2.50  cb_yield           L23-CB3 {'rot': 0.00703}
  t=   2.50  cb_yield           L24-CB3 {'rot': 0.0066}
  t=   2.62  cb_yield           L21-CB0 {'rot': 0.00913}
  t=   2.62  cb_yield           L22-CB0 {'rot': 0.00869}
  t=   2.62  cb_yield           L22-CB2 {'rot': 0.00923}
  t=   2.62  cb_yield           L23-CB0 {'rot': 0.00812}
  t=   2.62  cb_yield           L23-CB1 {'rot': 0.0096}
  t=   2.62  cb_yield           L23-CB2 {'rot': 0.00869}
  t=   2.62  cb_yield           L24-CB0 {'rot': 0.00745}
  t=   2.62  cb_yield           L24-CB1 {'rot': 0.00894}
  t=   2.62  cb_yield           L24-CB2 {'rot': 0.00805}
  t=   2.62  cb_yield           L25-CB0 {'rot': 0.00672}
  t=   2.62  cb_yield           L25-CB1 {'rot': 0.00821}
  t=   2.62  cb_yield           L25-CB2 {'rot': 0.00734}
  t=   2.62  cb_yield           L25-CB3 {'rot': 0.00884}
  t=   2.62  cb_yield           L26-CB1 {'rot': 0.00744}
  t=   2.62  cb_yield           L26-CB2 {'rot': 0.00661}
  t=   2.62  cb_yield           L26-CB3 {'rot': 0.00809}
  t=   2.62  cb_yield           L27-CB1 {'rot': 0.00669}
  t=   2.62  cb_yield           L27-CB3 {'rot': 0.00734}
  t=   2.62  cb_yield           L28-CB3 {'rot': 0.00664}
  t=   2.75  cb_yield           L26-CB0 {'rot': 0.00806}
  t=   2.75  cb_yield           L27-CB0 {'rot': 0.00691}
  t=   2.75  cb_yield           L27-CB2 {'rot': 0.00747}
  t=   2.75  cb_yield           L28-CB1 {'rot': 0.00728}
  t=   2.75  cb_yield           L29-CB3 {'rot': 0.00671}
  t=   2.87  cb_yield           L28-CB2 {'rot': 0.00689}
  t=   2.87  cb_yield           L29-CB1 {'rot': 0.00678}
  t=   3.00  cb_yield           L28-CB0 {'rot': 0.00694}
  t=   3.87  cb_yield           L29-CB0 {'rot': 0.00748}
  t=   3.87  cb_yield           L29-CB2 {'rot': 0.00695}
  t=   4.50  cb_yield           L2-CB0 {'rot': 0.00758}
  t=   4.50  cb_yield           L2-CB1 {'rot': 0.00725}
  t=   4.50  cb_yield           L2-CB2 {'rot': 0.00673}
  t=   4.50  cb_yield           L2-CB3 {'rot': 0.00638}
  t=   4.50  cb_yield           L30-CB3 {'rot': 0.00681}
  t=   4.62  cb_yield           L1-CB0 {'rot': 0.00617}
  t=   4.62  cb_yield           L30-CB2 {'rot': 0.00737}
  t=   4.62  cb_yield           L31-CB2 {'rot': 0.00695}
  t=   4.62  cb_yield           L31-CB3 {'rot': 0.00839}
  t=   4.62  cb_yield           L32-CB3 {'rot': 0.008}
  t=   4.62  cb_yield           L33-CB3 {'rot': 0.00777}
  t=   4.75  cb_yield           L1-CB1 {'rot': 0.00706}
  t=   4.75  cb_yield           L1-CB2 {'rot': 0.00622}
  t=   4.75  cb_yield           L1-CB3 {'rot': 0.00619}
  t=   7.38  cb_yield           L32-CB2 {'rot': 0.00691}
  t=   7.38  cb_yield           L33-CB2 {'rot': 0.00669}
  t=   8.25  cb_yield           L30-CB1 {'rot': 0.00756}
  t=   8.25  cb_yield           L31-CB1 {'rot': 0.00707}
  t=   8.25  cb_yield           L32-CB1 {'rot': 0.00672}
  t=   8.38  cb_failure         L9-CB1 {'rot': 0.0307}
  t=   8.38  cb_failure         L10-CB1 {'rot': 0.03149}
  t=   8.38  cb_failure         L11-CB1 {'rot': 0.03198}
  t=   8.38  cb_failure         L12-CB1 {'rot': 0.03222}
  t=   8.38  cb_failure         L13-CB1 {'rot': 0.03216}
  t=   8.38  cb_failure         L14-CB1 {'rot': 0.03181}
  t=   8.38  cb_failure         L15-CB1 {'rot': 0.03116}
  t=   8.38  cb_failure         L16-CB1 {'rot': 0.03024}
  t=   8.38  cb_yield           L33-CB1 {'rot': 0.00817}
  t=   8.50  cb_failure         L7-CB1 {'rot': 0.03239}
  t=   8.50  cb_failure         L8-CB0 {'rot': 0.0321}
  t=   8.50  cb_failure         L8-CB1 {'rot': 0.03468}
  t=   8.50  cb_failure         L8-CB3 {'rot': 0.03043}
  t=   8.50  cb_failure         L9-CB0 {'rot': 0.03363}
  t=   8.50  cb_failure         L9-CB3 {'rot': 0.03193}
  t=   8.50  cb_failure         L10-CB0 {'rot': 0.03462}
  t=   8.50  cb_failure         L10-CB2 {'rot': 0.0301}
  t=   8.50  cb_failure         L10-CB3 {'rot': 0.03292}
  t=   8.50  cb_failure         L11-CB0 {'rot': 0.0352}
  t=   8.50  cb_failure         L11-CB2 {'rot': 0.03045}
  t=   8.50  cb_failure         L11-CB3 {'rot': 0.03346}
  t=   8.50  cb_failure         L12-CB0 {'rot': 0.03544}
  t=   8.50  cb_failure         L12-CB2 {'rot': 0.03045}
  t=   8.50  cb_failure         L12-CB3 {'rot': 0.03364}
  t=   8.50  cb_failure         L13-CB0 {'rot': 0.03533}
  t=   8.50  cb_failure         L13-CB2 {'rot': 0.03009}
  t=   8.50  cb_failure         L13-CB3 {'rot': 0.03345}
  t=   8.50  cb_failure         L14-CB0 {'rot': 0.03484}
  t=   8.50  cb_failure         L14-CB3 {'rot': 0.03288}
  t=   8.50  cb_failure         L15-CB0 {'rot': 0.03403}
  t=   8.50  cb_failure         L15-CB3 {'rot': 0.03197}
  t=   8.50  cb_failure         L16-CB0 {'rot': 0.0329}
  t=   8.50  cb_failure         L16-CB3 {'rot': 0.03075}
  t=   8.50  cb_failure         L17-CB0 {'rot': 0.03108}
  t=   8.50  cb_failure         L17-CB1 {'rot': 0.03459}
  t=   8.50  cb_failure         L18-CB1 {'rot': 0.03248}
  t=   8.63  cb_failure         L6-CB1 {'rot': 0.03193}
  t=   8.63  cb_failure         L7-CB0 {'rot': 0.03366}
  t=   8.63  cb_failure         L7-CB3 {'rot': 0.0312}
  t=   8.63  cb_failure         L8-CB2 {'rot': 0.03151}
  t=   8.63  cb_failure         L9-CB2 {'rot': 0.03353}
  t=   8.63  cb_failure         L14-CB2 {'rot': 0.03574}
  t=   8.63  cb_failure         L15-CB2 {'rot': 0.03486}
  t=   8.63  cb_failure         L16-CB2 {'rot': 0.03358}
  t=   8.63  cb_failure         L17-CB2 {'rot': 0.03146}
  t=   8.63  cb_failure         L17-CB3 {'rot': 0.03535}
  t=   8.63  cb_failure         L18-CB0 {'rot': 0.03375}
  t=   8.63  cb_failure         L18-CB3 {'rot': 0.03279}
  t=   8.63  cb_failure         L19-CB0 {'rot': 0.03062}
  t=   8.63  cb_failure         L19-CB1 {'rot': 0.03439}
  t=   8.63  cb_failure         L20-CB1 {'rot': 0.03094}
  t=   8.75  cb_failure         L6-CB0 {'rot': 0.03127}
  t=   8.75  cb_failure         L7-CB2 {'rot': 0.03039}
  t=   8.75  cb_failure         L18-CB2 {'rot': 0.03542}
  t=   8.75  cb_failure         L19-CB2 {'rot': 0.03232}
  t=   8.75  cb_failure         L19-CB3 {'rot': 0.03635}
  t=   8.75  cb_failure         L20-CB0 {'rot': 0.03136}
  t=   8.75  cb_failure         L20-CB3 {'rot': 0.0327}
  t=   8.75  cb_failure         L21-CB1 {'rot': 0.03072}
  t=   8.88  cb_failure         L20-CB2 {'rot': 0.03485}
  t=   8.88  cb_failure         L21-CB0 {'rot': 0.03084}
  t=   8.88  cb_failure         L21-CB2 {'rot': 0.0306}
  t=   8.88  cb_failure         L21-CB3 {'rot': 0.03499}
  t=   8.88  cb_failure         L22-CB3 {'rot': 0.03062}
  t=   9.00  cb_failure         L22-CB1 {'rot': 0.03375}
  t=   9.00  cb_failure         L22-CB2 {'rot': 0.03154}
  t=   9.00  cb_failure         L23-CB3 {'rot': 0.03113}
  t=   9.13  cb_failure         L22-CB0 {'rot': 0.03328}
  t=   9.13  cb_failure         L23-CB1 {'rot': 0.03165}
  t=   9.13  cb_failure         L23-CB2 {'rot': 0.03166}
  t=   9.13  cb_failure         L24-CB3 {'rot': 0.03079}
  t=   9.25  cb_failure         L23-CB0 {'rot': 0.03149}
  t=   9.25  cb_failure         L24-CB1 {'rot': 0.0308}
  t=   9.25  cb_failure         L24-CB2 {'rot': 0.03189}
  t=   9.25  cb_failure         L25-CB3 {'rot': 0.0315}
  t=   9.38  cb_failure         L24-CB0 {'rot': 0.03094}
  t=   9.38  cb_failure         L25-CB1 {'rot': 0.03197}
  t=   9.38  cb_failure         L25-CB2 {'rot': 0.03238}
  t=   9.38  cb_failure         L26-CB3 {'rot': 0.03306}
  t=   9.50  cb_failure         L6-CB3 {'rot': 0.0301}
  t=   9.50  cb_failure         L26-CB1 {'rot': 0.03177}
  t=   9.50  cb_failure         L27-CB3 {'rot': 0.03131}
  t=   9.50  cb_yield           L30-CB0 {'rot': 0.01031}
  t=   9.50  cb_yield           L31-CB0 {'rot': 0.00753}
  t=   9.63  cb_failure         L4-CB1 {'rot': 0.03081}
  t=   9.63  cb_failure         L4-CB3 {'rot': 0.03011}
  t=   9.63  cb_failure         L5-CB0 {'rot': 0.03129}
  t=   9.63  cb_failure         L5-CB1 {'rot': 0.03472}
  t=   9.63  cb_failure         L5-CB2 {'rot': 0.03082}
  t=   9.63  cb_failure         L5-CB3 {'rot': 0.03397}
  t=   9.63  cb_failure         L6-CB2 {'rot': 0.03342}
  t=   9.63  cb_failure         L27-CB1 {'rot': 0.03204}
  t=   9.63  cb_yield           L32-CB0 {'rot': 0.01037}
  t=   9.63  cb_yield           L33-CB0 {'rot': 0.00954}
  t=   9.75  cb_failure         L3-CB1 {'rot': 0.03058}
  t=   9.75  cb_failure         L3-CB3 {'rot': 0.03093}
  t=   9.75  cb_failure         L4-CB0 {'rot': 0.03275}
  t=   9.75  cb_failure         L4-CB2 {'rot': 0.03306}
  t=   9.75  cb_failure         L25-CB0 {'rot': 0.03209}
  t=   9.75  cb_failure         L28-CB1 {'rot': 0.03068}
  t=   9.88  cb_failure         L3-CB0 {'rot': 0.03109}
  t=   9.88  cb_failure         L3-CB2 {'rot': 0.03163}
  progress t=  10.0s  max corner drift so far=0.0107  wall clock=126s
  t=  10.88  cb_failure         L26-CB0 {'rot': 0.03149}
  t=  11.00  cb_failure         L26-CB2 {'rot': 0.03243}
  t=  11.00  cb_failure         L28-CB3 {'rot': 0.03761}
  t=  11.00  cb_failure         L29-CB1 {'rot': 0.03461}
  t=  11.00  cb_failure         L29-CB3 {'rot': 0.03422}
  t=  11.00  cb_failure         L30-CB1 {'rot': 0.03181}
  t=  11.00  cb_failure         L30-CB3 {'rot': 0.03108}
  t=  11.13  cb_failure         L27-CB0 {'rot': 0.03376}
  t=  11.13  cb_failure         L27-CB2 {'rot': 0.04154}
  t=  11.13  cb_failure         L28-CB0 {'rot': 0.03164}
  t=  11.13  cb_failure         L28-CB2 {'rot': 0.03956}
  t=  11.13  cb_failure         L29-CB2 {'rot': 0.03718}
  t=  11.13  cb_failure         L30-CB2 {'rot': 0.03466}
  t=  11.13  cb_failure         L31-CB1 {'rot': 0.03496}
  t=  11.13  cb_failure         L31-CB2 {'rot': 0.03249}
  t=  11.13  cb_failure         L31-CB3 {'rot': 0.04274}
  t=  11.13  cb_failure         L32-CB1 {'rot': 0.03366}
  t=  11.13  cb_failure         L32-CB2 {'rot': 0.03092}
  t=  11.13  cb_failure         L32-CB3 {'rot': 0.04129}
  t=  11.13  cb_failure         L33-CB1 {'rot': 0.03229}
  t=  11.13  cb_failure         L33-CB3 {'rot': 0.03987}
  t=  11.25  cb_failure         L29-CB0 {'rot': 0.03285}
  t=  11.25  cb_failure         L30-CB0 {'rot': 0.03186}
  t=  11.25  cb_failure         L31-CB0 {'rot': 0.03078}
  t=  11.25  cb_failure         L33-CB2 {'rot': 0.04337}
  t=  15.88  cb_failure         L32-CB0 {'rot': 0.03104}
  t=  15.88  cb_failure         L33-CB0 {'rot': 0.03059}
  t=  17.75  cb_failure         L2-CB1 {'rot': 0.03039}
  progress t=  20.0s  max corner drift so far=0.0218  wall clock=292s
  t=  21.00  cb_failure         L2-CB3 {'rot': 0.03047}
  t=  21.25  cb_failure         L2-CB2 {'rot': 0.03016}
  t=  21.50  cb_failure         L1-CB3 {'rot': 0.03133}
  t=  24.20  punching           L29-col25 {'drift': np.float64(0.0211), 'vg_vc': 0.381, 'conn': 'column'}
  t=  24.37  punching           L30-col25 {'drift': np.float64(0.021), 'vg_vc': 0.386, 'conn': 'column'}
  t=  24.37  punching           L31-col25 {'drift': np.float64(0.0207), 'vg_vc': 0.388, 'conn': 'column'}
  t=  24.37  punching           L32-col25 {'drift': np.float64(0.0205), 'vg_vc': 0.39, 'conn': 'column'}
  t=  24.65  wall_axial_failure S1-F {'gamma': 0.00096, 'eps': -0.00701, 'cause': 'crushing'}
  t=  24.75  cb_failure         L1-CB1 {'rot': 0.06604}
  t=  24.87  punching           L33-col15 {'drift': np.float64(0.0118), 'vg_vc': 0.575, 'conn': 'column'}
  t=  25.00  punching           L29-col7 {'drift': np.float64(0.0124), 'vg_vc': 0.551, 'conn': 'column'}
  t=  25.00  punching           L33-col7 {'drift': np.float64(0.0124), 'vg_vc': 0.605, 'conn': 'column'}
  t=  25.00  punching           L33-col12 {'drift': np.float64(0.011), 'vg_vc': 0.6, 'conn': 'column'}
  t=  25.00  column_axial_failure S33-C15 {'eps': -362577.93205}
