  t=   2.12  cb_yield           L7-CB3 {'rot': 0.00499}
  t=   2.12  cb_yield           L8-CB1 {'rot': 0.00497}
  t=   2.12  cb_yield           L8-CB3 {'rot': 0.00507}
  t=   2.12  cb_yield           L9-CB1 {'rot': 0.00496}
  t=   2.12  cb_yield           L9-CB3 {'rot': 0.00507}
  t=   2.12  cb_yield           L10-CB3 {'rot': 0.005}
  t=   2.25  cb_yield           L10-CB1 {'rot': 0.00517}
  t=   2.25  cb_yield           L11-CB1 {'rot': 0.00516}
  t=   2.25  cb_yield           L11-CB3 {'rot': 0.00528}
  t=   2.25  cb_yield           L12-CB1 {'rot': 0.00508}
  t=   2.25  cb_yield           L12-CB3 {'rot': 0.00522}
  t=   2.25  cb_yield           L13-CB1 {'rot': 0.00495}
  t=   2.25  cb_yield           L13-CB3 {'rot': 0.0051}
  t=   2.25  cb_yield           L14-CB3 {'rot': 0.00493}
  t=   2.37  cb_yield           L15-CB3 {'rot': 0.00496}
  t=   2.50  cb_yield           L16-CB3 {'rot': 0.005}
  t=   2.62  cb_yield           L18-CB1 {'rot': 0.00548}
  t=   2.62  cb_yield           L18-CB3 {'rot': 0.00571}
  t=   2.62  cb_yield           L19-CB1 {'rot': 0.00569}
  t=   2.62  cb_yield           L19-CB3 {'rot': 0.00595}
  t=   2.62  cb_yield           L20-CB1 {'rot': 0.00583}
  t=   2.62  cb_yield           L20-CB3 {'rot': 0.00611}
  t=   2.62  cb_yield           L21-CB1 {'rot': 0.0059}
  t=   2.62  cb_yield           L21-CB3 {'rot': 0.0062}
  t=   2.62  cb_yield           L22-CB1 {'rot': 0.00588}
  t=   2.62  cb_yield           L22-CB3 {'rot': 0.0062}
  t=   2.62  cb_yield           L23-CB1 {'rot': 0.00578}
  t=   2.62  cb_yield           L23-CB3 {'rot': 0.00612}
  t=   2.62  cb_yield           L24-CB1 {'rot': 0.0056}
  t=   2.62  cb_yield           L24-CB3 {'rot': 0.00596}
  t=   2.62  cb_yield           L25-CB3 {'rot': 0.00573}
  t=   2.62  cb_yield           L26-CB3 {'rot': 0.00545}
  t=   2.75  cb_yield           L17-CB3 {'rot': 0.00557}
  t=   2.75  cb_yield           L20-CB2 {'rot': 0.00565}
  t=   2.75  cb_yield           L21-CB0 {'rot': 0.00552}
  t=   2.75  cb_yield           L21-CB2 {'rot': 0.00578}
  t=   2.75  cb_yield           L22-CB0 {'rot': 0.00555}
  t=   2.75  cb_yield           L22-CB2 {'rot': 0.00582}
  t=   2.75  cb_yield           L23-CB0 {'rot': 0.00547}
  t=   2.75  cb_yield           L23-CB2 {'rot': 0.00575}
  t=   2.75  cb_yield           L24-CB2 {'rot': 0.00559}
  t=   2.75  cb_yield           L25-CB1 {'rot': 0.00617}
  t=   2.75  cb_yield           L26-CB1 {'rot': 0.00585}
  t=   2.75  cb_yield           L27-CB1 {'rot': 0.00547}
  t=   2.75  cb_yield           L27-CB3 {'rot': 0.00577}
  t=   3.62  cb_yield           L25-CB2 {'rot': 0.00548}
  t=   3.75  cb_yield           L20-CB0 {'rot': 0.00585}
  t=   3.75  cb_yield           L24-CB0 {'rot': 0.00662}
  t=   3.75  cb_yield           L25-CB0 {'rot': 0.00647}
  t=   3.75  cb_yield           L26-CB0 {'rot': 0.00619}
  t=   3.75  cb_yield           L26-CB2 {'rot': 0.00602}
  t=   3.75  cb_yield           L27-CB0 {'rot': 0.00579}
  t=   3.75  cb_yield           L27-CB2 {'rot': 0.00567}
  t=   4.25  cb_yield           L3-CB0 {'rot': 0.00497}
  t=   4.25  cb_yield           L4-CB0 {'rot': 0.00576}
  t=   4.25  cb_yield           L4-CB1 {'rot': 0.00549}
  t=   4.25  cb_yield           L4-CB2 {'rot': 0.00494}
  t=   4.25  cb_yield           L5-CB0 {'rot': 0.00634}
  t=   4.25  cb_yield           L5-CB1 {'rot': 0.00604}
  t=   4.25  cb_yield           L5-CB2 {'rot': 0.00533}
  t=   4.25  cb_yield           L5-CB3 {'rot': 0.00504}
  t=   4.25  cb_yield           L6-CB0 {'rot': 0.00673}
  t=   4.25  cb_yield           L6-CB1 {'rot': 0.0064}
  t=   4.25  cb_yield           L6-CB2 {'rot': 0.00552}
  t=   4.25  cb_yield           L6-CB3 {'rot': 0.00519}
  t=   4.25  cb_yield           L7-CB0 {'rot': 0.00695}
  t=   4.25  cb_yield           L7-CB1 {'rot': 0.0066}
  t=   4.25  cb_yield           L7-CB2 {'rot': 0.00554}
  t=   4.25  cb_yield           L8-CB0 {'rot': 0.00703}
  t=   4.25  cb_yield           L8-CB2 {'rot': 0.00542}
  t=   4.25  cb_yield           L9-CB0 {'rot': 0.007}
  t=   4.25  cb_yield           L9-CB2 {'rot': 0.00519}
  t=   4.25  cb_yield           L10-CB0 {'rot': 0.00686}
  t=   4.25  cb_yield           L11-CB0 {'rot': 0.00665}
  t=   4.25  cb_yield           L12-CB0 {'rot': 0.00636}
  t=   4.25  cb_yield           L13-CB0 {'rot': 0.00602}
  t=   4.25  cb_yield           L14-CB0 {'rot': 0.00564}
  t=   4.25  cb_yield           L14-CB1 {'rot': 0.00507}
  t=   4.25  cb_yield           L15-CB0 {'rot': 0.00524}
  t=   4.37  cb_yield           L2-CB0 {'rot': 0.00547}
  t=   4.37  cb_yield           L2-CB1 {'rot': 0.00521}
  t=   4.37  cb_yield           L2-CB2 {'rot': 0.00501}
  t=   4.37  cb_yield           L3-CB1 {'rot': 0.00654}
  t=   4.37  cb_yield           L3-CB2 {'rot': 0.0062}
  t=   4.37  cb_yield           L3-CB3 {'rot': 0.0059}
  t=   4.37  cb_yield           L4-CB3 {'rot': 0.00674}
  t=   4.37  cb_yield           L10-CB2 {'rot': 0.00653}
  t=   4.37  cb_yield           L11-CB2 {'rot': 0.0058}
  t=   4.37  cb_yield           L12-CB2 {'rot': 0.005}
  t=   4.37  cb_yield           L15-CB1 {'rot': 0.00492}
  t=   4.37  cb_yield           L16-CB0 {'rot': 0.00496}
  t=   4.50  cb_yield           L2-CB3 {'rot': 0.00556}
  t=   5.13  cb_yield           L16-CB1 {'rot': 0.0052}
  t=   5.13  cb_yield           L17-CB0 {'rot': 0.00576}
  t=   5.13  cb_yield           L18-CB0 {'rot': 0.00565}
  t=   5.13  cb_yield           L19-CB0 {'rot': 0.00553}
  t=   5.75  cb_yield           L13-CB2 {'rot': 0.00494}
  t=   5.88  cb_yield           L14-CB2 {'rot': 0.00522}
  t=   7.63  cb_yield           L17-CB1 {'rot': 0.0055}
  t=   8.00  cb_yield           L15-CB2 {'rot': 0.00507}
  t=   8.00  cb_yield           L16-CB2 {'rot': 0.00496}
  t=   8.13  cb_yield           L17-CB2 {'rot': 0.00664}
  t=   8.13  cb_yield           L18-CB2 {'rot': 0.00589}
  t=   8.25  cb_yield           L19-CB2 {'rot': 0.0059}
  t=   8.25  cb_yield           L28-CB1 {'rot': 0.0057}
  t=   8.38  cb_failure         L10-CB1 {'rot': 0.01928}
  t=   8.38  cb_failure         L11-CB1 {'rot': 0.01949}
  t=   8.38  cb_failure         L12-CB1 {'rot': 0.0195}
  t=   8.38  cb_failure         L13-CB1 {'rot': 0.01931}
  t=   8.38  cb_failure         L14-CB1 {'rot': 0.01891}
  t=   8.38  cb_yield           L29-CB1 {'rot': 0.00556}
  t=   8.50  cb_yield           L1-CB1 {'rot': 0.00524}
  t=   8.50  cb_failure         L6-CB1 {'rot': 0.01913}
  t=   8.50  cb_failure         L7-CB0 {'rot': 0.01932}
  t=   8.50  cb_failure         L7-CB1 {'rot': 0.02062}
  t=   8.50  cb_failure         L7-CB3 {'rot': 0.01898}
  t=   8.50  cb_failure         L8-CB0 {'rot': 0.02022}
  t=   8.50  cb_failure         L8-CB1 {'rot': 0.02161}
  t=   8.50  cb_failure         L8-CB3 {'rot': 0.01982}
  t=   8.50  cb_failure         L9-CB0 {'rot': 0.02073}
  t=   8.50  cb_failure         L9-CB1 {'rot': 0.02217}
  t=   8.50  cb_failure         L9-CB3 {'rot': 0.02023}
  t=   8.50  cb_failure         L10-CB0 {'rot': 0.02091}
  t=   8.50  cb_failure         L10-CB3 {'rot': 0.0203}
  t=   8.50  cb_failure         L11-CB0 {'rot': 0.02082}
  t=   8.50  cb_failure         L11-CB3 {'rot': 0.02007}
  t=   8.50  cb_failure         L12-CB0 {'rot': 0.02047}
  t=   8.50  cb_failure         L12-CB3 {'rot': 0.01957}
  t=   8.50  cb_failure         L13-CB0 {'rot': 0.01985}
  t=   8.50  cb_failure         L14-CB0 {'rot': 0.01897}
  t=   8.50  cb_failure         L15-CB1 {'rot': 0.01979}
  t=   8.63  cb_yield           L1-CB0 {'rot': 0.00532}
  t=   8.63  cb_yield           L1-CB3 {'rot': 0.00514}
  t=   8.63  cb_failure         L5-CB1 {'rot': 0.01901}
  t=   8.63  cb_failure         L6-CB0 {'rot': 0.02013}
  t=   8.63  cb_failure         L6-CB3 {'rot': 0.01949}
  t=   8.63  cb_failure         L7-CB2 {'rot': 0.01964}
  t=   8.63  cb_failure         L8-CB2 {'rot': 0.02052}
  t=   8.63  cb_failure         L9-CB2 {'rot': 0.02096}
  t=   8.63  cb_failure         L10-CB2 {'rot': 0.02104}
  t=   8.63  cb_failure         L11-CB2 {'rot': 0.0208}
  t=   8.63  cb_failure         L12-CB2 {'rot': 0.02025}
  t=   8.63  cb_failure         L13-CB2 {'rot': 0.01937}
  t=   8.63  cb_failure         L13-CB3 {'rot': 0.02144}
  t=   8.63  cb_failure         L14-CB3 {'rot': 0.02032}
  t=   8.63  cb_failure         L15-CB0 {'rot': 0.01968}
  t=   8.63  cb_failure         L16-CB1 {'rot': 0.01996}
  t=   8.75  cb_failure         L5-CB0 {'rot': 0.01892}
  t=   8.75  cb_failure         L6-CB2 {'rot': 0.0191}
  t=   8.75  cb_failure         L14-CB2 {'rot': 0.02024}
  t=   8.75  cb_failure         L15-CB2 {'rot': 0.01892}
  t=   8.75  cb_failure         L15-CB3 {'rot': 0.02111}
  t=   8.75  cb_failure         L16-CB0 {'rot': 0.01965}
  t=   8.75  cb_failure         L16-CB3 {'rot': 0.01954}
  t=   8.75  cb_failure         L17-CB1 {'rot': 0.01951}
  t=   8.88  cb_failure         L16-CB2 {'rot': 0.01983}
  t=   8.88  cb_failure         L17-CB3 {'rot': 0.01998}
  t=   8.88  cb_failure         L18-CB1 {'rot': 0.01957}
  t=   8.88  cb_failure         L19-CB3 {'rot': 0.01978}
  t=   9.00  cb_failure         L17-CB0 {'rot': 0.02081}
  t=   9.00  cb_failure         L17-CB2 {'rot': 0.02065}
  t=   9.00  cb_failure         L18-CB0 {'rot': 0.01957}
  t=   9.00  cb_failure         L18-CB3 {'rot': 0.02094}
  t=   9.00  cb_failure         L19-CB0 {'rot': 0.01966}
  t=   9.00  cb_failure         L19-CB1 {'rot': 0.0196}
  t=   9.00  cb_failure         L20-CB3 {'rot': 0.01977}
  t=  9.050  solver fallback: Newton
  t=   9.13  cb_failure         L18-CB2 {'rot': 0.02035}
  t=   9.13  cb_failure         L20-CB1 {'rot': 0.01965}
  t=   9.13  cb_failure         L21-CB3 {'rot': 0.01979}
  t=   9.13  cb_yield           L28-CB3 {'rot': 0.00566}
  t=   9.25  cb_failure         L21-CB1 {'rot': 0.0195}
  t=   9.25  cb_failure         L23-CB3 {'rot': 0.01968}
  t=   9.25  cb_yield           L29-CB3 {'rot': 0.00707}
  t=   9.25  cb_yield           L30-CB3 {'rot': 0.00649}
  t=   9.25  cb_yield           L31-CB3 {'rot': 0.00607}
  t=   9.25  cb_yield           L32-CB3 {'rot': 0.00579}
  t=   9.25  cb_yield           L33-CB3 {'rot': 0.00565}
  t=   9.38  cb_yield           L28-CB2 {'rot': 0.00702}
  t=   9.38  cb_yield           L29-CB2 {'rot': 0.00607}
  t=   9.50  cb_failure         L22-CB1 {'rot': 0.01973}
  t=   9.50  cb_yield           L30-CB1 {'rot': 0.00626}
  t=   9.50  cb_yield           L30-CB2 {'rot': 0.00591}
  t=   9.50  cb_yield           L31-CB1 {'rot': 0.00554}
  t=   9.63  cb_yield           L1-CB2 {'rot': 0.00527}
  t=   9.63  cb_failure         L23-CB1 {'rot': 0.01974}
  t=   9.63  cb_failure         L25-CB3 {'rot': 0.01953}
  t=   9.63  cb_yield           L28-CB0 {'rot': 0.00577}
  t=   9.63  cb_yield           L32-CB1 {'rot': 0.00618}
  t=   9.63  cb_yield           L33-CB1 {'rot': 0.00564}
  t=   9.88  cb_failure         L5-CB3 {'rot': 0.01915}
  progress t=  10.0s  max corner drift so far=0.0051  wall clock=133s
  t=  10.50  cb_yield           L29-CB0 {'rot': 0.00594}
  t=  10.63  cb_failure         L23-CB0 {'rot': 0.01976}
  t=  10.63  cb_failure         L24-CB1 {'rot': 0.01954}
  t=  10.63  cb_yield           L30-CB0 {'rot': 0.00579}
  t=  10.75  cb_failure         L22-CB3 {'rot': 0.01953}
  t=  10.75  cb_failure         L24-CB3 {'rot': 0.01956}
  t=  10.75  cb_failure         L26-CB3 {'rot': 0.01962}
  t=  10.75  cb_failure         L27-CB1 {'rot': 0.01975}
  t=  10.75  cb_failure         L27-CB3 {'rot': 0.01976}
  t=  10.75  cb_failure         L28-CB1 {'rot': 0.0198}
  t=  10.88  cb_failure         L25-CB1 {'rot': 0.02048}
  t=  10.88  cb_failure         L26-CB1 {'rot': 0.02015}
  t=  10.88  cb_failure         L28-CB3 {'rot': 0.02116}
  t=  10.88  cb_failure         L29-CB3 {'rot': 0.02025}
  t=  10.88  cb_failure         L30-CB3 {'rot': 0.01966}
  t=  10.88  cb_yield           L31-CB0 {'rot': 0.00561}
  t=  10.88  cb_failure         L31-CB1 {'rot': 0.01972}
  t=  10.88  cb_yield           L31-CB2 {'rot': 0.00725}
  t=  10.88  cb_failure         L32-CB1 {'rot': 0.01975}
  t=  10.88  cb_yield           L32-CB2 {'rot': 0.00658}
  t=  10.88  cb_failure         L33-CB1 {'rot': 0.01995}
  t=  10.88  cb_yield           L33-CB2 {'rot': 0.00627}
  t=  10.88  cb_failure         L33-CB3 {'rot': 0.01993}
  t=  11.00  cb_failure         L26-CB2 {'rot': 0.01953}
  t=  11.00  cb_failure         L31-CB3 {'rot': 0.02139}
  t=  11.00  cb_failure         L32-CB3 {'rot': 0.0209}
  t=  11.13  cb_failure         L24-CB2 {'rot': 0.01965}
  t=  11.13  cb_failure         L25-CB2 {'rot': 0.01968}
  t=  11.88  cb_failure         L20-CB0 {'rot': 0.02132}
  t=  11.88  cb_failure         L21-CB0 {'rot': 0.02067}
  t=  11.88  cb_failure         L22-CB0 {'rot': 0.01963}
  t=  11.88  cb_failure         L24-CB0 {'rot': 0.01979}
  t= 12.075  solver fallback: Newton
  t= 12.100  solver fallback: Newton
  t=  12.13  cb_failure         L25-CB0 {'rot': 0.01965}
  t=  12.13  cb_failure         L26-CB0 {'rot': 0.02153}
  t=  12.13  cb_failure         L27-CB0 {'rot': 0.01952}
  t=  12.25  cb_failure         L20-CB2 {'rot': 0.01998}
  t=  12.25  cb_failure         L21-CB2 {'rot': 0.02123}
  t=  12.25  cb_failure         L22-CB2 {'rot': 0.02194}
  t=  12.25  cb_failure         L23-CB2 {'rot': 0.02215}
  t=  12.25  cb_failure         L27-CB2 {'rot': 0.01983}
  t=  12.25  cb_failure         L28-CB0 {'rot': 0.01999}
  t=  12.38  cb_failure         L28-CB2 {'rot': 0.01995}
  t=  12.50  cb_failure         L29-CB2 {'rot': 0.01995}
  t=  12.50  cb_yield           L32-CB0 {'rot': 0.00593}
  t=  13.13  cb_failure         L5-CB2 {'rot': 0.02098}
  t=  13.25  cb_failure         L4-CB2 {'rot': 0.01904}
  t=  13.50  cb_failure         L4-CB3 {'rot': 0.01951}
  t=  13.63  cb_failure         L4-CB0 {'rot': 0.01981}
  t=  14.25  cb_failure         L19-CB2 {'rot': 0.02212}
  t=  14.50  cb_failure         L30-CB2 {'rot': 0.01988}
  t=  14.75  cb_failure         L29-CB0 {'rot': 0.01984}
  t=  14.75  cb_failure         L31-CB2 {'rot': 0.01987}
  t=  14.75  cb_yield           L33-CB0 {'rot': 0.00939}
  t=  14.88  cb_failure         L30-CB0 {'rot': 0.01976}
  t=  14.88  cb_failure         L31-CB0 {'rot': 0.0198}
  t=  14.88  cb_failure         L33-CB0 {'rot': 0.01987}
  t=  15.63  cb_failure         L29-CB1 {'rot': 0.02773}
  t=  15.63  cb_failure         L30-CB1 {'rot': 0.02729}
  t=  15.63  cb_failure         L32-CB2 {'rot': 0.02744}
  t=  15.63  cb_failure         L33-CB2 {'rot': 0.02725}
  t=  15.75  cb_failure         L32-CB0 {'rot': 0.02812}
  t=  17.25  cb_failure         L4-CB1 {'rot': 0.02096}
  t=  17.38  cb_failure         L3-CB1 {'rot': 0.02176}
  t=  17.50  cb_failure         L2-CB1 {'rot': 0.02107}
  t=  17.63  cb_failure         L3-CB0 {'rot': 0.01989}
  t=  19.87  cb_failure         L3-CB3 {'rot': 0.02048}
  progress t=  20.0s  max corner drift so far=0.0131  wall clock=282s
  t=  20.12  cb_failure         L2-CB3 {'rot': 0.01911}
  t=  20.37  cb_failure         L3-CB2 {'rot': 0.01898}
  t=  20.62  cb_failure         L1-CB3 {'rot': 0.01895}
  t=  29.87  cb_failure         L2-CB0 {'rot': 0.01892}
  progress t=  30.0s  max corner drift so far=0.0139  wall clock=437s
  t=  35.87  cb_failure         L2-CB2 {'rot': 0.01893}
  progress t=  40.0s  max corner drift so far=0.0170  wall clock=598s
  t=  43.00  cb_failure         L1-CB2 {'rot': 0.01895}
  t= 47.325  solver fallback: Newton
  t=  47.47  wall_axial_failure S1-F {'gamma': 0.00118, 'eps': -0.00752, 'cause': 'crushing'}
  t=  47.62  cb_failure         L1-CB1 {'rot': 0.07724}
  t=  47.65  wall_axial_failure S1-M {'gamma': 0.00122, 'eps': -0.00692, 'cause': 'crushing'}
  t=  47.75  punching           L29-col15 {'drift': np.float64(0.0134), 'vg_vc': 0.566, 'conn': 'column'}
  t=  47.75  punching           L30-col15 {'drift': np.float64(0.0133), 'vg_vc': 0.564, 'conn': 'column'}
  t=  47.75  punching           L31-col15 {'drift': np.float64(0.0132), 'vg_vc': 0.566, 'conn': 'column'}
  t=  47.75  punching           L32-col15 {'drift': np.float64(0.013), 'vg_vc': 0.568, 'conn': 'column'}
  t=  47.75  punching           L32-col19 {'drift': np.float64(0.0137), 'vg_vc': 0.535, 'conn': 'column'}
  t=  47.75  punching           L33-col15 {'drift': np.float64(0.0129), 'vg_vc': 0.587, 'conn': 'column'}
  t=  47.75  punching           L33-col19 {'drift': np.float64(0.0134), 'vg_vc': 0.584, 'conn': 'column'}
  t=  47.75  cb_failure         L1-CB0 {'rot': 0.06171}
