  t=   5.50  cb_yield           L12-CB2 {'rot': 0.00593}
  t=   5.50  cb_yield           L13-CB2 {'rot': 0.00601}
  t=   5.50  cb_yield           L13-CB3 {'rot': 0.00591}
  t=   5.50  cb_yield           L14-CB2 {'rot': 0.00606}
  t=   5.50  cb_yield           L14-CB3 {'rot': 0.00593}
  t=   5.50  cb_yield           L15-CB2 {'rot': 0.00608}
  t=   5.50  cb_yield           L15-CB3 {'rot': 0.00592}
  t=   5.50  cb_yield           L16-CB2 {'rot': 0.00607}
  t=   5.63  cb_yield           L11-CB2 {'rot': 0.00591}
  t=   5.63  cb_yield           L12-CB3 {'rot': 0.00607}
  t=   5.63  cb_yield           L16-CB3 {'rot': 0.00623}
  t=   6.88  cb_yield           L10-CB3 {'rot': 0.00616}
  t=   6.88  cb_yield           L11-CB3 {'rot': 0.00633}
  t=   7.13  cb_yield           L19-CB3 {'rot': 0.00652}
  t=   7.25  cb_yield           L18-CB3 {'rot': 0.00679}
  t=   7.25  cb_yield           L20-CB3 {'rot': 0.00747}
  t=   7.25  cb_yield           L21-CB2 {'rot': 0.00659}
  t=   7.25  cb_yield           L21-CB3 {'rot': 0.00774}
  t=   7.25  cb_yield           L22-CB2 {'rot': 0.00673}
  t=   7.25  cb_yield           L22-CB3 {'rot': 0.00793}
  t=   7.25  cb_yield           L23-CB2 {'rot': 0.00678}
  t=   7.25  cb_yield           L23-CB3 {'rot': 0.00799}
  t=   7.25  cb_yield           L24-CB2 {'rot': 0.0067}
  t=   7.25  cb_yield           L24-CB3 {'rot': 0.00794}
  t=   7.25  cb_yield           L25-CB3 {'rot': 0.00775}
  t=   7.25  cb_yield           L26-CB3 {'rot': 0.00745}
  t=   7.25  cb_yield           L27-CB3 {'rot': 0.00705}
  t=   7.25  cb_yield           L28-CB3 {'rot': 0.00657}
  t=   7.38  cb_yield           L4-CB3 {'rot': 0.00625}
  t=   7.38  cb_yield           L5-CB2 {'rot': 0.0063}
  t=   7.38  cb_yield           L5-CB3 {'rot': 0.00673}
  t=   7.38  cb_yield           L6-CB2 {'rot': 0.00651}
  t=   7.38  cb_yield           L6-CB3 {'rot': 0.007}
  t=   7.38  cb_yield           L7-CB2 {'rot': 0.00658}
  t=   7.38  cb_yield           L7-CB3 {'rot': 0.00714}
  t=   7.38  cb_yield           L8-CB2 {'rot': 0.00657}
  t=   7.38  cb_yield           L8-CB3 {'rot': 0.00718}
  t=   7.38  cb_yield           L9-CB2 {'rot': 0.00648}
  t=   7.38  cb_yield           L9-CB3 {'rot': 0.00717}
  t=   7.38  cb_yield           L10-CB2 {'rot': 0.00638}
  t=   7.38  cb_yield           L17-CB3 {'rot': 0.00755}
  t=   7.38  cb_yield           L19-CB2 {'rot': 0.00668}
  t=   7.38  cb_yield           L20-CB2 {'rot': 0.00687}
  t=   7.38  cb_yield           L25-CB2 {'rot': 0.00746}
  t=   7.38  cb_yield           L26-CB2 {'rot': 0.00736}
  t=   7.38  cb_yield           L27-CB2 {'rot': 0.00715}
  t=   7.38  cb_yield           L28-CB2 {'rot': 0.00683}
  t=   7.38  cb_yield           L29-CB3 {'rot': 0.00794}
  t=   7.38  cb_yield           L30-CB3 {'rot': 0.00739}
  t=   7.38  cb_yield           L31-CB3 {'rot': 0.0068}
  t=   7.50  cb_yield           L3-CB3 {'rot': 0.00616}
  t=   7.50  cb_yield           L4-CB1 {'rot': 0.00603}
  t=   7.50  cb_yield           L4-CB2 {'rot': 0.00682}
  t=   7.50  cb_yield           L5-CB0 {'rot': 0.00606}
  t=   7.50  cb_yield           L5-CB1 {'rot': 0.00658}
  t=   7.50  cb_yield           L6-CB0 {'rot': 0.00633}
  t=   7.50  cb_yield           L6-CB1 {'rot': 0.0069}
  t=   7.50  cb_yield           L7-CB0 {'rot': 0.00641}
  t=   7.50  cb_yield           L7-CB1 {'rot': 0.00703}
  t=   7.50  cb_yield           L8-CB0 {'rot': 0.00633}
  t=   7.50  cb_yield           L8-CB1 {'rot': 0.007}
  t=   7.50  cb_yield           L9-CB0 {'rot': 0.00611}
  t=   7.50  cb_yield           L9-CB1 {'rot': 0.00684}
  t=   7.50  cb_yield           L10-CB1 {'rot': 0.00659}
  t=   7.50  cb_yield           L11-CB1 {'rot': 0.00628}
  t=   7.50  cb_yield           L12-CB1 {'rot': 0.00595}
  t=   7.50  cb_yield           L17-CB2 {'rot': 0.00832}
  t=   7.50  cb_yield           L18-CB2 {'rot': 0.00829}
  t=   7.63  cb_yield           L3-CB2 {'rot': 0.00609}
  t=   7.63  cb_yield           L4-CB0 {'rot': 0.00634}
  t=   7.63  cb_yield           L10-CB0 {'rot': 0.00863}
  t=   7.63  cb_yield           L11-CB0 {'rot': 0.00846}
  t=   7.63  cb_yield           L12-CB0 {'rot': 0.00817}
  t=   7.63  cb_yield           L13-CB0 {'rot': 0.00778}
  t=   7.63  cb_yield           L13-CB1 {'rot': 0.00913}
  t=   7.63  cb_yield           L14-CB0 {'rot': 0.00729}
  t=   7.63  cb_yield           L14-CB1 {'rot': 0.00869}
  t=   7.63  cb_yield           L15-CB0 {'rot': 0.00676}
  t=   7.63  cb_yield           L15-CB1 {'rot': 0.0082}
  t=   7.63  cb_yield           L16-CB0 {'rot': 0.0062}
  t=   7.63  cb_yield           L16-CB1 {'rot': 0.00767}
  t=   7.63  cb_yield           L17-CB1 {'rot': 0.00701}
  t=   7.75  cb_yield           L3-CB1 {'rot': 0.00606}
  t=   7.75  cb_yield           L17-CB0 {'rot': 0.00793}
  t=   7.75  cb_yield           L18-CB0 {'rot': 0.00663}
  t=   7.75  cb_yield           L18-CB1 {'rot': 0.00848}
  t=   7.75  cb_yield           L19-CB1 {'rot': 0.00712}
  t=   7.88  cb_failure         L11-CB3 {'rot': 0.01996}
  t=   7.88  cb_failure         L12-CB3 {'rot': 0.0206}
  t=   7.88  cb_failure         L13-CB3 {'rot': 0.02091}
  t=   7.88  cb_failure         L14-CB3 {'rot': 0.02086}
  t=   7.88  cb_failure         L15-CB3 {'rot': 0.02048}
  t=   8.00  cb_failure         L10-CB3 {'rot': 0.02056}
  t=   8.00  cb_failure         L11-CB2 {'rot': 0.02008}
  t=   8.00  cb_failure         L12-CB2 {'rot': 0.02056}
  t=   8.00  cb_failure         L13-CB2 {'rot': 0.02068}
  t=   8.00  cb_failure         L14-CB2 {'rot': 0.02043}
  t=   8.00  cb_failure         L16-CB3 {'rot': 0.02063}
  t=   8.38  cb_yield           L20-CB1 {'rot': 0.00727}
  t=   8.50  cb_yield           L19-CB0 {'rot': 0.00709}
  t=   8.50  cb_yield           L21-CB1 {'rot': 0.00739}
  t=   8.50  cb_yield           L22-CB1 {'rot': 0.00676}
  t=   8.63  cb_yield           L20-CB0 {'rot': 0.00685}
  t=   8.63  cb_yield           L23-CB1 {'rot': 0.00686}
  progress t=  10.0s  max corner drift so far=0.0054  wall clock=156s
  t=  10.13  cb_yield           L24-CB1 {'rot': 0.0068}
  t=  10.13  cb_yield           L25-CB1 {'rot': 0.00681}
  t=  10.13  cb_yield           L26-CB1 {'rot': 0.00676}
  t=  10.13  cb_yield           L27-CB1 {'rot': 0.00665}
  t=  10.25  cb_yield           L21-CB0 {'rot': 0.0069}
  t=  10.25  cb_yield           L22-CB0 {'rot': 0.00657}
  t=  10.38  cb_yield           L23-CB0 {'rot': 0.00712}
  t=  10.38  cb_yield           L24-CB0 {'rot': 0.00657}
  t=  10.38  cb_yield           L29-CB2 {'rot': 0.00686}
  t=  10.38  cb_yield           L30-CB2 {'rot': 0.00669}
  t=  10.50  cb_yield           L25-CB0 {'rot': 0.00687}
  t=  10.50  cb_yield           L26-CB0 {'rot': 0.00653}
  t=  10.50  cb_yield           L31-CB2 {'rot': 0.00763}
  t=  10.50  cb_yield           L32-CB2 {'rot': 0.00745}
  t=  10.50  cb_yield           L32-CB3 {'rot': 0.00676}
  t=  10.50  cb_yield           L33-CB2 {'rot': 0.00735}
  t=  10.50  cb_yield           L33-CB3 {'rot': 0.00666}
  t=  10.63  cb_yield           L27-CB0 {'rot': 0.00729}
  t=  10.63  cb_yield           L28-CB0 {'rot': 0.00714}
  t=  10.63  cb_yield           L28-CB1 {'rot': 0.00738}
  t=  10.63  cb_yield           L29-CB0 {'rot': 0.00701}
  t=  10.63  cb_yield           L29-CB1 {'rot': 0.00728}
  t=  10.63  cb_yield           L30-CB0 {'rot': 0.00693}
  t=  10.63  cb_yield           L30-CB1 {'rot': 0.00722}
  t=  10.63  cb_yield           L31-CB0 {'rot': 0.00688}
  t=  10.63  cb_yield           L31-CB1 {'rot': 0.00719}
  t=  10.63  cb_yield           L32-CB0 {'rot': 0.00686}
  t=  10.63  cb_yield           L32-CB1 {'rot': 0.00718}
  t=  10.63  cb_yield           L33-CB0 {'rot': 0.00685}
  t=  10.63  cb_yield           L33-CB1 {'rot': 0.00717}
  t=  11.25  cb_yield           L2-CB3 {'rot': 0.00614}
  t=  13.13  cb_failure         L9-CB3 {'rot': 0.02052}
  t=  13.13  cb_failure         L10-CB2 {'rot': 0.02082}
  t=  13.13  cb_failure         L12-CB1 {'rot': 0.02087}
  t=  13.13  cb_failure         L13-CB1 {'rot': 0.02191}
  t=  13.13  cb_failure         L14-CB0 {'rot': 0.02015}
  t=  13.13  cb_failure         L14-CB1 {'rot': 0.02256}
  t=  13.13  cb_failure         L15-CB0 {'rot': 0.02035}
  t=  13.13  cb_failure         L15-CB1 {'rot': 0.02285}
  t=  13.13  cb_failure         L15-CB2 {'rot': 0.02562}
  t=  13.13  cb_failure         L16-CB0 {'rot': 0.0202}
  t=  13.13  cb_failure         L16-CB1 {'rot': 0.02279}
  t=  13.13  cb_failure         L16-CB2 {'rot': 0.02545}
  t=  13.13  cb_failure         L17-CB1 {'rot': 0.02231}
  t=  13.13  cb_failure         L17-CB2 {'rot': 0.02476}
  t=  13.13  cb_failure         L17-CB3 {'rot': 0.02747}
  t=  13.13  cb_failure         L18-CB1 {'rot': 0.02142}
  t=  13.13  cb_failure         L18-CB2 {'rot': 0.02364}
  t=  13.13  cb_failure         L18-CB3 {'rot': 0.02647}
  t=  13.13  cb_failure         L19-CB2 {'rot': 0.02203}
  t=  13.13  cb_failure         L19-CB3 {'rot': 0.02496}
  t=  13.13  cb_failure         L20-CB3 {'rot': 0.02296}
  t=  13.25  cb_failure         L11-CB1 {'rot': 0.02024}
  t=  13.25  cb_failure         L12-CB0 {'rot': 0.01999}
  t=  13.25  cb_failure         L13-CB0 {'rot': 0.02136}
  t=  13.25  cb_failure         L17-CB0 {'rot': 0.02282}
  t=  13.25  cb_failure         L18-CB0 {'rot': 0.02225}
  t=  13.25  cb_failure         L19-CB0 {'rot': 0.02128}
  t=  13.25  cb_failure         L19-CB1 {'rot': 0.02411}
  t=  13.25  cb_failure         L20-CB1 {'rot': 0.02273}
  t=  13.25  cb_failure         L20-CB2 {'rot': 0.02636}
  t=  13.25  cb_failure         L21-CB1 {'rot': 0.02068}
  t=  13.25  cb_failure         L21-CB2 {'rot': 0.02398}
  t=  13.25  cb_failure         L21-CB3 {'rot': 0.02715}
  t=  13.25  cb_failure         L22-CB2 {'rot': 0.02093}
  t=  13.25  cb_failure         L22-CB3 {'rot': 0.02414}
  t=  13.25  cb_failure         L23-CB3 {'rot': 0.02065}
  t=  13.38  cb_failure         L20-CB0 {'rot': 0.02288}
  t=  13.38  cb_failure         L21-CB0 {'rot': 0.02134}
  t=  13.38  cb_failure         L22-CB1 {'rot': 0.02244}
  t=  13.38  cb_failure         L23-CB2 {'rot': 0.02306}
  t=  13.38  cb_failure         L24-CB3 {'rot': 0.02288}
  t=  13.50  cb_failure         L22-CB0 {'rot': 0.02129}
  t=  13.50  cb_failure         L23-CB1 {'rot': 0.02256}
  t=  13.50  cb_failure         L24-CB2 {'rot': 0.02348}
  t=  13.50  cb_failure         L25-CB3 {'rot': 0.02373}
  t=  13.63  cb_failure         L24-CB1 {'rot': 0.02166}
  t=  13.63  cb_failure         L25-CB2 {'rot': 0.02344}
  t=  13.63  cb_failure         L26-CB3 {'rot': 0.02583}
  t=  13.63  cb_failure         L27-CB3 {'rot': 0.02292}
  t=  13.75  cb_yield           L2-CB2 {'rot': 0.0065}
  t=  13.75  cb_yield           L3-CB0 {'rot': 0.00609}
  t=  13.75  cb_failure         L8-CB3 {'rot': 0.02177}
  t=  13.75  cb_failure         L9-CB2 {'rot': 0.02033}
  t=  13.75  cb_failure         L25-CB1 {'rot': 0.02152}
  t=  13.75  cb_failure         L26-CB2 {'rot': 0.0249}
  t=  13.75  cb_failure         L27-CB2 {'rot': 0.02298}
  t=  13.75  cb_failure         L28-CB2 {'rot': 0.02101}
  t=  13.75  cb_failure         L28-CB3 {'rot': 0.02803}
  t=  13.75  cb_failure         L29-CB3 {'rot': 0.02614}
  t=  13.75  cb_failure         L30-CB3 {'rot': 0.02445}
  t=  13.75  cb_failure         L31-CB3 {'rot': 0.02315}
  t=  13.75  cb_failure         L32-CB3 {'rot': 0.02235}
  t=  13.75  cb_failure         L33-CB3 {'rot': 0.02205}
  t=  13.88  cb_yield           L2-CB1 {'rot': 0.00689}
  t=  13.88  cb_failure         L6-CB2 {'rot': 0.02045}
  t=  13.88  cb_failure         L6-CB3 {'rot': 0.02132}
  t=  13.88  cb_failure         L7-CB2 {'rot': 0.02024}
  t=  13.88  cb_failure         L7-CB3 {'rot': 0.02361}
  t=  13.88  cb_failure         L8-CB2 {'rot': 0.02184}
  t=  13.88  cb_failure         L9-CB1 {'rot': 0.02063}
  t=  13.88  cb_failure         L10-CB1 {'rot': 0.02145}
  t=  13.88  cb_failure         L26-CB1 {'rot': 0.02174}
  t=  13.88  cb_failure         L27-CB1 {'rot': 0.02134}
  t=  13.88  cb_failure         L28-CB1 {'rot': 0.0209}
  t=  13.88  cb_failure         L29-CB2 {'rot': 0.02556}
  t=  13.88  cb_failure         L30-CB2 {'rot': 0.02471}
  t=  13.88  cb_failure         L31-CB2 {'rot': 0.02388}
  t=  13.88  cb_failure         L32-CB2 {'rot': 0.02322}
  t=  13.88  cb_failure         L33-CB2 {'rot': 0.02294}
  t=  14.00  cb_yield           L1-CB3 {'rot': 0.00599}
  t=  14.00  cb_yield           L2-CB0 {'rot': 0.00668}
  t=  14.00  cb_failure         L5-CB3 {'rot': 0.02093}
  t=  14.00  cb_failure         L7-CB1 {'rot': 0.02043}
  t=  14.00  cb_failure         L8-CB1 {'rot': 0.02162}
  t=  14.00  cb_failure         L29-CB1 {'rot': 0.02202}
  t=  14.00  cb_failure         L30-CB1 {'rot': 0.02199}
  t=  14.00  cb_failure         L31-CB1 {'rot': 0.02179}
  t=  14.00  cb_failure         L32-CB1 {'rot': 0.02149}
  t=  14.00  cb_failure         L33-CB1 {'rot': 0.02136}
  t=  14.13  cb_failure         L9-CB0 {'rot': 0.01991}
  t=  14.13  cb_failure         L10-CB0 {'rot': 0.02015}
  t=  14.13  cb_failure         L11-CB0 {'rot': 0.02012}
  t=  15.00  cb_failure         L25-CB0 {'rot': 0.02093}
  t=  15.00  cb_failure         L26-CB0 {'rot': 0.02121}
  t=  15.00  cb_failure         L27-CB0 {'rot': 0.02158}
  t=  15.00  cb_failure         L28-CB0 {'rot': 0.02122}
  t=  15.00  cb_failure         L29-CB0 {'rot': 0.02095}
  t=  15.00  cb_failure         L31-CB0 {'rot': 0.0218}
  t=  15.13  cb_failure         L30-CB0 {'rot': 0.02432}
  t=  15.13  cb_failure         L32-CB0 {'rot': 0.0241}
  t=  15.13  cb_failure         L33-CB0 {'rot': 0.02399}
  t=  17.63  cb_yield           L1-CB2 {'rot': 0.00602}
  t=  18.63  cb_yield           L1-CB0 {'rot': 0.00726}
  t=  18.75  cb_failure         L4-CB0 {'rot': 0.02082}
  t= 18.825  solver fallback: Newton
  t=  19.00  cb_failure         L8-CB0 {'rot': 0.02001}
  t=  19.37  cb_failure         L23-CB0 {'rot': 0.02307}
  t=  19.37  cb_failure         L24-CB0 {'rot': 0.02263}
  progress t=  20.0s  max corner drift so far=0.0104  wall clock=318s
  t=  20.62  cb_failure         L5-CB1 {'rot': 0.02018}
  t=  20.62  cb_failure         L5-CB2 {'rot': 0.021}
  t=  20.62  cb_failure         L6-CB0 {'rot': 0.02007}
  t=  20.62  cb_failure         L6-CB1 {'rot': 0.02146}
  t=  20.62  cb_failure         L7-CB0 {'rot': 0.02183}
  t=  20.75  cb_failure         L4-CB3 {'rot': 0.02059}
  t=  20.87  cb_yield           L1-CB1 {'rot': 0.00601}
  t=  20.87  cb_failure         L3-CB3 {'rot': 0.01994}
  t=  20.87  cb_failure         L5-CB0 {'rot': 0.02105}
  t=  21.00  cb_failure         L2-CB3 {'rot': 0.02098}
  t=  21.00  cb_failure         L3-CB1 {'rot': 0.02086}
  t=  21.00  cb_failure         L3-CB2 {'rot': 0.02055}
  t=  21.00  cb_failure         L4-CB1 {'rot': 0.02119}
  t=  21.00  cb_failure         L4-CB2 {'rot': 0.02443}
  t=  21.25  cb_failure         L2-CB2 {'rot': 0.02041}
  t=  21.25  cb_failure         L3-CB0 {'rot': 0.01997}
  progress t=  30.0s  max corner drift so far=0.0151  wall clock=481s
  t=  30.37  cb_failure         L2-CB0 {'rot': 0.02014}
  t=  38.25  cb_failure         L2-CB1 {'rot': 0.02114}
  progress t=  40.0s  max corner drift so far=0.0151  wall clock=651s
  progress t=  50.0s  max corner drift so far=0.0151  wall clock=826s
  progress t=  60.0s  max corner drift so far=0.0151  wall clock=1000s
  progress t=  70.0s  max corner drift so far=0.0151  wall clock=1168s
  progress t=  80.0s  max corner drift so far=0.0151  wall clock=1320s
  progress t=  90.0s  max corner drift so far=0.0151  wall clock=1473s
  progress t= 100.0s  max corner drift so far=0.0151  wall clock=1624s
