  t=   1.87  cb_yield           L4-CB1 {'rot': 0.0042}
  t=   1.87  cb_yield           L4-CB3 {'rot': 0.00431}
  t=   1.87  cb_yield           L5-CB0 {'rot': 0.0042}
  t=   1.87  cb_yield           L5-CB1 {'rot': 0.0044}
  t=   1.87  cb_yield           L5-CB2 {'rot': 0.0043}
  t=   1.87  cb_yield           L5-CB3 {'rot': 0.00452}
  t=   1.87  cb_yield           L6-CB1 {'rot': 0.00441}
  t=   1.87  cb_yield           L6-CB2 {'rot': 0.00429}
  t=   1.87  cb_yield           L6-CB3 {'rot': 0.00454}
  t=   1.87  cb_yield           L7-CB1 {'rot': 0.00429}
  t=   1.87  cb_yield           L7-CB3 {'rot': 0.00441}
  t=   2.00  cb_yield           L3-CB1 {'rot': 0.00424}
  t=   2.00  cb_yield           L3-CB3 {'rot': 0.00432}
  t=   2.00  cb_yield           L4-CB0 {'rot': 0.00466}
  t=   2.00  cb_yield           L4-CB2 {'rot': 0.00476}
  t=   2.00  cb_yield           L6-CB0 {'rot': 0.00519}
  t=   2.00  cb_yield           L7-CB0 {'rot': 0.00517}
  t=   2.00  cb_yield           L7-CB2 {'rot': 0.00531}
  t=   2.00  cb_yield           L8-CB0 {'rot': 0.00501}
  t=   2.00  cb_yield           L8-CB1 {'rot': 0.00536}
  t=   2.00  cb_yield           L8-CB2 {'rot': 0.00515}
  t=   2.00  cb_yield           L8-CB3 {'rot': 0.0055}
  t=   2.00  cb_yield           L9-CB0 {'rot': 0.00471}
  t=   2.00  cb_yield           L9-CB1 {'rot': 0.00511}
  t=   2.00  cb_yield           L9-CB2 {'rot': 0.00485}
  t=   2.00  cb_yield           L9-CB3 {'rot': 0.00525}
  t=   2.00  cb_yield           L10-CB0 {'rot': 0.00434}
  t=   2.00  cb_yield           L10-CB1 {'rot': 0.00478}
  t=   2.00  cb_yield           L10-CB2 {'rot': 0.00447}
  t=   2.00  cb_yield           L10-CB3 {'rot': 0.00492}
  t=   2.00  cb_yield           L11-CB1 {'rot': 0.0044}
  t=   2.00  cb_yield           L11-CB3 {'rot': 0.00454}
  t=   2.12  cb_yield           L11-CB0 {'rot': 0.0052}
  t=   2.12  cb_yield           L11-CB2 {'rot': 0.00534}
  t=   2.12  cb_yield           L12-CB0 {'rot': 0.00477}
  t=   2.12  cb_yield           L12-CB1 {'rot': 0.00536}
  t=   2.12  cb_yield           L12-CB2 {'rot': 0.00491}
  t=   2.12  cb_yield           L12-CB3 {'rot': 0.00551}
  t=   2.12  cb_yield           L13-CB0 {'rot': 0.00428}
  t=   2.12  cb_yield           L13-CB1 {'rot': 0.0049}
  t=   2.12  cb_yield           L13-CB2 {'rot': 0.00441}
  t=   2.12  cb_yield           L13-CB3 {'rot': 0.00505}
  t=   2.12  cb_yield           L14-CB1 {'rot': 0.00442}
  t=   2.12  cb_yield           L14-CB3 {'rot': 0.00456}
  t=   2.25  cb_yield           L14-CB0 {'rot': 0.00496}
  t=   2.25  cb_yield           L14-CB2 {'rot': 0.00511}
  t=   2.25  cb_yield           L15-CB0 {'rot': 0.00449}
  t=   2.25  cb_yield           L15-CB1 {'rot': 0.00528}
  t=   2.25  cb_yield           L15-CB2 {'rot': 0.00465}
  t=   2.25  cb_yield           L15-CB3 {'rot': 0.00545}
  t=   2.25  cb_yield           L16-CB1 {'rot': 0.00483}
  t=   2.25  cb_yield           L16-CB2 {'rot': 0.00419}
  t=   2.25  cb_yield           L16-CB3 {'rot': 0.005}
  t=   2.37  cb_yield           L16-CB0 {'rot': 0.00511}
  t=   2.37  cb_yield           L17-CB1 {'rot': 0.00543}
  t=   2.37  cb_yield           L17-CB2 {'rot': 0.00471}
  t=   2.37  cb_yield           L17-CB3 {'rot': 0.00564}
  t=   2.37  cb_yield           L18-CB1 {'rot': 0.00486}
  t=   2.37  cb_yield           L18-CB3 {'rot': 0.00507}
  t=   2.50  cb_yield           L17-CB0 {'rot': 0.00515}
  t=   2.50  cb_yield           L18-CB0 {'rot': 0.00465}
  t=   2.50  cb_yield           L18-CB2 {'rot': 0.00486}
  t=   2.50  cb_yield           L19-CB1 {'rot': 0.00523}
  t=   2.50  cb_yield           L19-CB3 {'rot': 0.00547}
  t=   2.50  cb_yield           L20-CB1 {'rot': 0.00476}
  t=   2.50  cb_yield           L20-CB3 {'rot': 0.00501}
  t=   2.62  cb_yield           L19-CB0 {'rot': 0.00506}
  t=   2.62  cb_yield           L19-CB2 {'rot': 0.00528}
  t=   2.62  cb_yield           L20-CB0 {'rot': 0.00482}
  t=   2.62  cb_yield           L20-CB2 {'rot': 0.00505}
  t=   2.62  cb_yield           L21-CB1 {'rot': 0.00591}
  t=   2.62  cb_yield           L21-CB2 {'rot': 0.0048}
  t=   2.62  cb_yield           L21-CB3 {'rot': 0.00618}
  t=   2.62  cb_yield           L22-CB1 {'rot': 0.00562}
  t=   2.62  cb_yield           L22-CB3 {'rot': 0.00592}
  t=   2.62  cb_yield           L23-CB1 {'rot': 0.00531}
  t=   2.62  cb_yield           L23-CB3 {'rot': 0.00563}
  t=   2.62  cb_yield           L24-CB1 {'rot': 0.00498}
  t=   2.62  cb_yield           L24-CB3 {'rot': 0.00532}
  t=   2.62  cb_yield           L25-CB1 {'rot': 0.00465}
  t=   2.62  cb_yield           L25-CB3 {'rot': 0.00499}
  t=   2.62  cb_yield           L26-CB3 {'rot': 0.00467}
  t=   2.75  cb_yield           L21-CB0 {'rot': 0.00599}
  t=   2.75  cb_yield           L22-CB0 {'rot': 0.00582}
  t=   2.75  cb_yield           L22-CB2 {'rot': 0.00608}
  t=   2.75  cb_yield           L23-CB0 {'rot': 0.00556}
  t=   2.75  cb_yield           L23-CB2 {'rot': 0.00584}
  t=   2.75  cb_yield           L24-CB0 {'rot': 0.00521}
  t=   2.75  cb_yield           L24-CB2 {'rot': 0.00551}
  t=   2.75  cb_yield           L25-CB0 {'rot': 0.0048}
  t=   2.75  cb_yield           L25-CB2 {'rot': 0.00511}
  t=   2.75  cb_yield           L26-CB1 {'rot': 0.0062}
  t=   2.75  cb_yield           L26-CB2 {'rot': 0.00467}
  t=   2.75  cb_yield           L27-CB1 {'rot': 0.00572}
  t=   2.75  cb_yield           L27-CB3 {'rot': 0.00607}
  t=   2.75  cb_yield           L28-CB1 {'rot': 0.00523}
  t=   2.75  cb_yield           L28-CB3 {'rot': 0.00558}
  t=   2.75  cb_yield           L29-CB1 {'rot': 0.00473}
  t=   2.75  cb_yield           L29-CB3 {'rot': 0.00508}
  t=   2.87  cb_yield           L26-CB0 {'rot': 0.00561}
  t=   2.87  cb_yield           L27-CB0 {'rot': 0.00501}
  t=   2.87  cb_yield           L27-CB2 {'rot': 0.00528}
  t=   2.87  cb_yield           L28-CB2 {'rot': 0.00465}
  t=   2.87  cb_yield           L30-CB1 {'rot': 0.00522}
  t=   2.87  cb_yield           L30-CB3 {'rot': 0.00549}
  t=   2.87  cb_yield           L31-CB1 {'rot': 0.00467}
  t=   2.87  cb_yield           L31-CB3 {'rot': 0.00494}
  t=   3.00  cb_yield           L28-CB0 {'rot': 0.00502}
  t=   3.00  cb_yield           L32-CB1 {'rot': 0.00484}
  t=   3.00  cb_yield           L32-CB3 {'rot': 0.00491}
  t=   3.12  cb_yield           L33-CB1 {'rot': 0.00499}
  t=   3.12  cb_yield           L33-CB3 {'rot': 0.00477}
  t=   4.12  cb_yield           L29-CB0 {'rot': 0.00466}
  t=   4.62  cb_yield           L3-CB0 {'rot': 0.00421}
  t=   4.75  cb_yield           L2-CB0 {'rot': 0.00471}
  t=   4.75  cb_yield           L2-CB1 {'rot': 0.00444}
  t=   4.75  cb_yield           L3-CB2 {'rot': 0.0051}
  t=   4.75  cb_yield           L29-CB2 {'rot': 0.00529}
  t=   4.75  cb_yield           L30-CB2 {'rot': 0.00499}
  t=   4.75  cb_yield           L31-CB2 {'rot': 0.00468}
  t=   4.88  cb_yield           L2-CB2 {'rot': 0.00531}
  t=   4.88  cb_yield           L2-CB3 {'rot': 0.00498}
  t=   4.88  cb_yield           L32-CB2 {'rot': 0.00468}
  t=   5.00  cb_yield           L1-CB0 {'rot': 0.0047}
  t=   5.00  cb_yield           L1-CB1 {'rot': 0.0045}
  t=   5.13  cb_yield           L1-CB2 {'rot': 0.00427}
  t=   8.00  cb_yield           L1-CB3 {'rot': 0.00539}
  t=   8.25  cb_failure         L6-CB1 {'rot': 0.01822}
  t=   8.25  cb_failure         L7-CB1 {'rot': 0.01879}
  t=   8.25  cb_failure         L8-CB1 {'rot': 0.01892}
  t=   8.25  cb_failure         L9-CB1 {'rot': 0.01866}
  t=   8.38  cb_failure         L5-CB1 {'rot': 0.01882}
  t=   8.38  cb_failure         L6-CB0 {'rot': 0.0187}
  t=   8.38  cb_failure         L7-CB0 {'rot': 0.0194}
  t=   8.38  cb_failure         L7-CB3 {'rot': 0.01849}
  t=   8.38  cb_failure         L8-CB0 {'rot': 0.0197}
  t=   8.38  cb_failure         L8-CB3 {'rot': 0.01879}
  t=   8.38  cb_failure         L9-CB0 {'rot': 0.01961}
  t=   8.38  cb_failure         L9-CB3 {'rot': 0.01872}
  t=   8.38  cb_failure         L10-CB0 {'rot': 0.01921}
  t=   8.38  cb_failure         L10-CB1 {'rot': 0.02118}
  t=   8.38  cb_failure         L10-CB3 {'rot': 0.01832}
  t=   8.38  cb_failure         L11-CB0 {'rot': 0.01855}
  t=   8.38  cb_failure         L11-CB1 {'rot': 0.02062}
  t=   8.38  cb_failure         L12-CB1 {'rot': 0.01981}
  t=   8.38  cb_failure         L13-CB1 {'rot': 0.01873}
  t=   8.50  cb_failure         L5-CB0 {'rot': 0.01864}
  t=   8.50  cb_failure         L6-CB3 {'rot': 0.01897}
  t=   8.50  cb_failure         L7-CB2 {'rot': 0.01871}
  t=   8.50  cb_failure         L8-CB2 {'rot': 0.01938}
  t=   8.50  cb_failure         L9-CB2 {'rot': 0.01962}
  t=   8.50  cb_failure         L10-CB2 {'rot': 0.0195}
  t=   8.50  cb_failure         L11-CB2 {'rot': 0.01905}
  t=   8.50  cb_failure         L11-CB3 {'rot': 0.02125}
  t=   8.50  cb_failure         L12-CB0 {'rot': 0.0213}
  t=   8.50  cb_failure         L12-CB2 {'rot': 0.01828}
  t=   8.50  cb_failure         L12-CB3 {'rot': 0.02064}
  t=   8.50  cb_failure         L13-CB0 {'rot': 0.02028}
  t=   8.50  cb_failure         L13-CB3 {'rot': 0.01967}
  t=   8.50  cb_failure         L14-CB0 {'rot': 0.019}
  t=   8.50  cb_failure         L14-CB1 {'rot': 0.02145}
  t=   8.50  cb_failure         L14-CB3 {'rot': 0.01839}
  t=   8.50  cb_failure         L15-CB1 {'rot': 0.02008}
  t=   8.50  cb_failure         L16-CB1 {'rot': 0.01857}
  t=   8.63  cb_failure         L13-CB2 {'rot': 0.02072}
  t=   8.63  cb_failure         L14-CB2 {'rot': 0.01969}
  t=   8.63  cb_failure         L15-CB0 {'rot': 0.02151}
  t=   8.63  cb_failure         L15-CB2 {'rot': 0.01838}
  t=   8.63  cb_failure         L15-CB3 {'rot': 0.02131}
  t=   8.63  cb_failure         L16-CB0 {'rot': 0.0199}
  t=   8.63  cb_failure         L16-CB3 {'rot': 0.01986}
  t=   8.63  cb_failure         L17-CB1 {'rot': 0.02071}
  t=   8.75  cb_failure         L16-CB2 {'rot': 0.02122}
  t=   8.75  cb_failure         L17-CB0 {'rot': 0.02221}
  t=   8.75  cb_failure         L17-CB2 {'rot': 0.01963}
  t=   8.75  cb_failure         L17-CB3 {'rot': 0.02296}
  t=   8.75  cb_failure         L18-CB0 {'rot': 0.01994}
  t=   8.75  cb_failure         L18-CB1 {'rot': 0.0234}
  t=   8.75  cb_failure         L18-CB3 {'rot': 0.02122}
  t=   8.75  cb_failure         L19-CB1 {'rot': 0.02108}
  t=   8.75  cb_failure         L19-CB3 {'rot': 0.01925}
  t=   8.88  cb_failure         L18-CB2 {'rot': 0.0231}
  t=   8.88  cb_failure         L19-CB0 {'rot': 0.02254}
  t=   8.88  cb_failure         L19-CB2 {'rot': 0.02162}
  t=   8.88  cb_failure         L20-CB0 {'rot': 0.02009}
  t=   8.88  cb_failure         L20-CB1 {'rot': 0.02412}
  t=   8.88  cb_failure         L20-CB2 {'rot': 0.0198}
  t=   8.88  cb_failure         L20-CB3 {'rot': 0.02366}
  t=   8.88  cb_failure         L21-CB1 {'rot': 0.02135}
  t=   8.88  cb_failure         L21-CB3 {'rot': 0.02161}
  t=   8.88  cb_failure         L22-CB3 {'rot': 0.01924}
  t=   9.00  cb_failure         L21-CB0 {'rot': 0.02231}
  t=   9.00  cb_failure         L21-CB2 {'rot': 0.02363}
  t=   9.00  cb_failure         L22-CB0 {'rot': 0.01929}
  t=   9.00  cb_failure         L22-CB1 {'rot': 0.024}
  t=   9.00  cb_failure         L22-CB2 {'rot': 0.02137}
  t=   9.00  cb_failure         L23-CB1 {'rot': 0.02071}
  t=   9.00  cb_failure         L23-CB2 {'rot': 0.01874}
  t=   9.00  cb_failure         L23-CB3 {'rot': 0.02355}
  t=   9.00  cb_failure         L24-CB3 {'rot': 0.02083}
  t=   9.13  cb_failure         L23-CB0 {'rot': 0.0206}
  t=   9.13  cb_failure         L24-CB1 {'rot': 0.02231}
  t=   9.13  cb_failure         L24-CB2 {'rot': 0.02114}
  t=   9.13  cb_failure         L25-CB3 {'rot': 0.02348}
  t=   9.13  cb_failure         L26-CB3 {'rot': 0.02024}
  t=   9.25  cb_failure         L24-CB0 {'rot': 0.02085}
  t=   9.25  cb_failure         L25-CB1 {'rot': 0.02378}
  t=   9.25  cb_failure         L25-CB2 {'rot': 0.02222}
  t=   9.25  cb_failure         L26-CB1 {'rot': 0.0202}
  t=   9.25  cb_failure         L26-CB2 {'rot': 0.01888}
  t=   9.25  cb_failure         L27-CB3 {'rot': 0.02257}
  t=   9.25  cb_failure         L28-CB3 {'rot': 0.01969}
  t=   9.25  cb_yield           L33-CB2 {'rot': 0.00554}
  t=   9.38  cb_failure         L25-CB0 {'rot': 0.02182}
  t=   9.38  cb_failure         L26-CB0 {'rot': 0.01894}
  t=   9.38  cb_failure         L27-CB1 {'rot': 0.02529}
  t=   9.38  cb_failure         L27-CB2 {'rot': 0.02098}
  t=   9.38  cb_failure         L28-CB1 {'rot': 0.02243}
  t=   9.38  cb_failure         L29-CB1 {'rot': 0.01967}
  t=   9.38  cb_failure         L29-CB3 {'rot': 0.02488}
  t=   9.38  cb_yield           L30-CB0 {'rot': 0.00724}
  t=   9.38  cb_failure         L30-CB3 {'rot': 0.02268}
  t=   9.38  cb_yield           L31-CB0 {'rot': 0.00548}
  t=   9.38  cb_failure         L31-CB3 {'rot': 0.02117}
  t=   9.38  cb_failure         L32-CB3 {'rot': 0.0204}
  t=   9.38  cb_failure         L33-CB3 {'rot': 0.02014}
  t=   9.50  cb_failure         L27-CB0 {'rot': 0.02432}
  t=   9.50  cb_failure         L28-CB0 {'rot': 0.02279}
  t=   9.50  cb_failure         L28-CB2 {'rot': 0.02588}
  t=   9.50  cb_failure         L29-CB0 {'rot': 0.02118}
  t=   9.50  cb_failure         L29-CB2 {'rot': 0.0243}
  t=   9.50  cb_failure         L30-CB0 {'rot': 0.01967}
  t=   9.50  cb_failure         L30-CB1 {'rot': 0.02689}
  t=   9.50  cb_failure         L30-CB2 {'rot': 0.02281}
  t=   9.50  cb_failure         L31-CB1 {'rot': 0.02579}
  t=   9.50  cb_failure         L31-CB2 {'rot': 0.02166}
  t=   9.50  cb_yield           L32-CB0 {'rot': 0.01779}
  t=   9.50  cb_failure         L32-CB1 {'rot': 0.02515}
  t=   9.50  cb_failure         L32-CB2 {'rot': 0.02094}
  t=   9.50  cb_yield           L33-CB0 {'rot': 0.01756}
  t=   9.50  cb_failure         L33-CB1 {'rot': 0.02494}
  t=   9.50  cb_failure         L33-CB2 {'rot': 0.02072}
  t=   9.63  cb_failure         L4-CB1 {'rot': 0.01832}
  t=   9.63  cb_failure         L5-CB3 {'rot': 0.01885}
  t=   9.63  cb_failure         L6-CB2 {'rot': 0.01823}
  t=   9.63  cb_failure         L31-CB0 {'rot': 0.02986}
  t=   9.63  cb_failure         L32-CB0 {'rot': 0.0295}
  t=   9.63  cb_failure         L33-CB0 {'rot': 0.02933}
  t=   9.75  cb_failure         L4-CB0 {'rot': 0.01919}
  t=   9.75  cb_failure         L4-CB2 {'rot': 0.01857}
  t=   9.75  cb_failure         L4-CB3 {'rot': 0.02048}
  t=   9.75  cb_failure         L5-CB2 {'rot': 0.02084}
  t=   9.88  cb_failure         L3-CB0 {'rot': 0.01824}
  t=   9.88  cb_failure         L3-CB1 {'rot': 0.01997}
  t=   9.88  cb_failure         L3-CB2 {'rot': 0.0184}
  t=   9.88  cb_failure         L3-CB3 {'rot': 0.02019}
  progress t=  10.0s  max corner drift so far=0.0078  wall clock=156s
  t=  17.63  cb_failure         L2-CB1 {'rot': 0.01918}
  progress t=  20.0s  max corner drift so far=0.0120  wall clock=325s
  t= 20.025  solver fallback: Newton
  t=  20.07  wall_axial_failure S1-F {'gamma': 0.00039, 'eps': -0.00607, 'cause': 'crushing'}
  t=  20.12  punching           L1-corecL24 {'drift': np.float64(0.0026), 'vg_vc': 0.935, 'conn': 'wall'}
  t=  20.12  punching           L1-corecR24 {'drift': np.float64(0.0031), 'vg_vc': 1.025, 'conn': 'wall'}
  t=  20.12  cb_failure         L1-CB1 {'rot': 0.03285}
  t=  20.12  cb_failure         L1-CB3 {'rot': 0.03047}
  t=  20.12  cb_failure         L2-CB3 {'rot': 0.03636}
  t=  20.17  punching           L1-corecF24 {'drift': np.float64(0.0032), 'vg_vc': 0.874, 'conn': 'wall'}
  t=  20.17  wall_axial_failure S1-M {'gamma': 0.00118, 'eps': -0.00956, 'cause': 'crushing'}
  t=  20.25  cb_failure         L1-CB0 {'rot': 0.06514}
  t=  20.25  cb_failure         L1-CB2 {'rot': 0.04672}
  t=  20.25  cb_failure         L2-CB0 {'rot': 0.06353}
  t=  20.25  cb_failure         L2-CB2 {'rot': 0.05621}
