  t=   2.12  cb_yield           L5-CB3 {'rot': 0.00594}
  t=   2.12  cb_yield           L6-CB0 {'rot': 0.00594}
  t=   2.12  cb_yield           L6-CB1 {'rot': 0.00619}
  t=   2.12  cb_yield           L6-CB2 {'rot': 0.00604}
  t=   2.12  cb_yield           L6-CB3 {'rot': 0.0063}
  t=   2.12  cb_yield           L7-CB0 {'rot': 0.00609}
  t=   2.12  cb_yield           L7-CB1 {'rot': 0.00637}
  t=   2.12  cb_yield           L7-CB2 {'rot': 0.0062}
  t=   2.12  cb_yield           L7-CB3 {'rot': 0.00649}
  t=   2.12  cb_yield           L8-CB0 {'rot': 0.0061}
  t=   2.12  cb_yield           L8-CB1 {'rot': 0.0064}
  t=   2.12  cb_yield           L8-CB2 {'rot': 0.00622}
  t=   2.12  cb_yield           L8-CB3 {'rot': 0.00653}
  t=   2.12  cb_yield           L9-CB0 {'rot': 0.00597}
  t=   2.12  cb_yield           L9-CB1 {'rot': 0.00631}
  t=   2.12  cb_yield           L9-CB2 {'rot': 0.0061}
  t=   2.12  cb_yield           L9-CB3 {'rot': 0.00646}
  t=   2.12  cb_yield           L10-CB1 {'rot': 0.00613}
  t=   2.12  cb_yield           L10-CB2 {'rot': 0.00589}
  t=   2.12  cb_yield           L10-CB3 {'rot': 0.00628}
  t=   2.12  cb_yield           L11-CB3 {'rot': 0.00604}
  t=   2.25  cb_yield           L10-CB0 {'rot': 0.00624}
  t=   2.25  cb_yield           L11-CB0 {'rot': 0.00609}
  t=   2.25  cb_yield           L11-CB1 {'rot': 0.00657}
  t=   2.25  cb_yield           L11-CB2 {'rot': 0.00623}
  t=   2.25  cb_yield           L12-CB1 {'rot': 0.00638}
  t=   2.25  cb_yield           L12-CB2 {'rot': 0.00603}
  t=   2.25  cb_yield           L12-CB3 {'rot': 0.00655}
  t=   2.25  cb_yield           L13-CB1 {'rot': 0.00613}
  t=   2.25  cb_yield           L13-CB3 {'rot': 0.00631}
  t=   2.25  cb_yield           L14-CB3 {'rot': 0.00601}
  t=   2.37  cb_yield           L12-CB0 {'rot': 0.00613}
  t=   2.37  cb_yield           L13-CB0 {'rot': 0.00601}
  t=   2.37  cb_yield           L13-CB2 {'rot': 0.00616}
  t=   2.37  cb_yield           L14-CB1 {'rot': 0.00644}
  t=   2.37  cb_yield           L14-CB2 {'rot': 0.00597}
  t=   2.37  cb_yield           L15-CB1 {'rot': 0.0062}
  t=   2.37  cb_yield           L15-CB3 {'rot': 0.0064}
  t=   2.37  cb_yield           L16-CB1 {'rot': 0.00591}
  t=   2.37  cb_yield           L16-CB3 {'rot': 0.00612}
  t=   2.62  cb_yield           L18-CB3 {'rot': 0.00662}
  t=   2.62  cb_yield           L19-CB3 {'rot': 0.00675}
  t=   2.62  cb_yield           L20-CB1 {'rot': 0.00653}
  t=   2.62  cb_yield           L20-CB3 {'rot': 0.00682}
  t=   2.62  cb_yield           L21-CB3 {'rot': 0.00682}
  t=   2.62  cb_yield           L22-CB3 {'rot': 0.00675}
  t=   2.62  cb_yield           L23-CB3 {'rot': 0.00661}
  t=   2.75  cb_yield           L17-CB1 {'rot': 0.00654}
  t=   2.75  cb_yield           L17-CB3 {'rot': 0.00675}
  t=   2.75  cb_yield           L18-CB1 {'rot': 0.00704}
  t=   2.75  cb_yield           L19-CB1 {'rot': 0.00746}
  t=   2.75  cb_yield           L19-CB2 {'rot': 0.00653}
  t=   2.75  cb_yield           L20-CB0 {'rot': 0.00654}
  t=   2.75  cb_yield           L20-CB2 {'rot': 0.00682}
  t=   2.75  cb_yield           L21-CB0 {'rot': 0.00669}
  t=   2.75  cb_yield           L21-CB1 {'rot': 0.00796}
  t=   2.75  cb_yield           L21-CB2 {'rot': 0.00699}
  t=   2.75  cb_yield           L22-CB0 {'rot': 0.00671}
  t=   2.75  cb_yield           L22-CB1 {'rot': 0.00802}
  t=   2.75  cb_yield           L22-CB2 {'rot': 0.00703}
  t=   2.75  cb_yield           L23-CB0 {'rot': 0.0066}
  t=   2.75  cb_yield           L23-CB1 {'rot': 0.00793}
  t=   2.75  cb_yield           L23-CB2 {'rot': 0.00693}
  t=   2.75  cb_yield           L24-CB1 {'rot': 0.00772}
  t=   2.75  cb_yield           L24-CB2 {'rot': 0.00672}
  t=   2.75  cb_yield           L24-CB3 {'rot': 0.00807}
  t=   2.75  cb_yield           L25-CB1 {'rot': 0.00739}
  t=   2.75  cb_yield           L25-CB3 {'rot': 0.00776}
  t=   2.75  cb_yield           L26-CB1 {'rot': 0.00697}
  t=   2.75  cb_yield           L26-CB3 {'rot': 0.00735}
  t=   2.75  cb_yield           L27-CB3 {'rot': 0.00687}
  t=   2.87  cb_yield           L24-CB0 {'rot': 0.00711}
  t=   2.87  cb_yield           L25-CB0 {'rot': 0.00676}
  t=   2.87  cb_yield           L25-CB2 {'rot': 0.00703}
  t=   2.87  cb_yield           L26-CB2 {'rot': 0.00656}
  t=   2.87  cb_yield           L27-CB1 {'rot': 0.00717}
  t=   2.87  cb_yield           L28-CB1 {'rot': 0.00654}
  t=   2.87  cb_yield           L28-CB3 {'rot': 0.00679}
  t=   3.87  cb_yield           L26-CB0 {'rot': 0.00791}
  t=   3.87  cb_yield           L27-CB0 {'rot': 0.00727}
  t=   3.87  cb_yield           L27-CB2 {'rot': 0.00711}
  t=   3.87  cb_yield           L28-CB0 {'rot': 0.00654}
  t=   4.37  cb_yield           L4-CB0 {'rot': 0.00595}
  t=   4.37  cb_yield           L5-CB0 {'rot': 0.00659}
  t=   4.37  cb_yield           L5-CB1 {'rot': 0.00633}
  t=   4.37  cb_yield           L14-CB0 {'rot': 0.00635}
  t=   4.37  cb_yield           L15-CB0 {'rot': 0.00597}
  t=   4.50  cb_yield           L3-CB0 {'rot': 0.00734}
  t=   4.50  cb_yield           L3-CB1 {'rot': 0.00707}
  t=   4.50  cb_yield           L3-CB2 {'rot': 0.0066}
  t=   4.50  cb_yield           L3-CB3 {'rot': 0.00633}
  t=   4.50  cb_yield           L4-CB1 {'rot': 0.0083}
  t=   4.50  cb_yield           L4-CB2 {'rot': 0.00761}
  t=   4.50  cb_yield           L4-CB3 {'rot': 0.00731}
  t=   4.50  cb_yield           L5-CB2 {'rot': 0.00829}
  t=   4.50  cb_yield           L16-CB0 {'rot': 0.00605}
  t=   4.62  cb_yield           L2-CB0 {'rot': 0.00718}
  t=   4.62  cb_yield           L2-CB1 {'rot': 0.00689}
  t=   4.62  cb_yield           L2-CB2 {'rot': 0.00656}
  t=   4.62  cb_yield           L2-CB3 {'rot': 0.00624}
  t=   4.62  cb_yield           L29-CB3 {'rot': 0.00725}
  t=   4.62  cb_yield           L30-CB3 {'rot': 0.0069}
  t=   4.88  cb_yield           L1-CB0 {'rot': 0.00607}
  t=   5.38  cb_yield           L17-CB0 {'rot': 0.00717}
  t=   5.38  cb_yield           L18-CB0 {'rot': 0.00682}
  t=   5.50  cb_yield           L19-CB0 {'rot': 0.00762}
  t=   5.63  cb_yield           L16-CB2 {'rot': 0.00615}
  t=   5.63  cb_yield           L18-CB2 {'rot': 0.00672}
  t=   6.00  cb_yield           L15-CB2 {'rot': 0.00596}
  t=   8.00  cb_yield           L1-CB1 {'rot': 0.00592}
  t=   8.25  cb_yield           L17-CB2 {'rot': 0.00783}
  t=   8.25  cb_yield           L29-CB1 {'rot': 0.00726}
  t=   8.25  cb_yield           L30-CB1 {'rot': 0.00673}
  t=   8.38  cb_failure         L8-CB1 {'rot': 0.02051}
  t=   8.38  cb_failure         L9-CB1 {'rot': 0.02153}
  t=   8.38  cb_failure         L10-CB1 {'rot': 0.02231}
  t=   8.38  cb_failure         L11-CB0 {'rot': 0.02021}
  t=   8.38  cb_failure         L11-CB1 {'rot': 0.02285}
  t=   8.38  cb_failure         L12-CB0 {'rot': 0.02041}
  t=   8.38  cb_failure         L12-CB1 {'rot': 0.02317}
  t=   8.38  cb_failure         L12-CB3 {'rot': 0.01994}
  t=   8.38  cb_failure         L13-CB0 {'rot': 0.02037}
  t=   8.38  cb_failure         L13-CB1 {'rot': 0.02324}
  t=   8.38  cb_failure         L13-CB3 {'rot': 0.0199}
  t=   8.38  cb_failure         L14-CB0 {'rot': 0.02006}
  t=   8.38  cb_failure         L14-CB1 {'rot': 0.02304}
  t=   8.38  cb_failure         L15-CB1 {'rot': 0.02259}
  t=   8.38  cb_failure         L16-CB1 {'rot': 0.02191}
  t=   8.38  cb_failure         L17-CB1 {'rot': 0.02086}
  t=   8.38  cb_failure         L20-CB1 {'rot': 0.02271}
  t=   8.38  cb_yield           L31-CB1 {'rot': 0.00765}
  t=   8.38  cb_yield           L32-CB1 {'rot': 0.00723}
  t=   8.38  cb_yield           L33-CB1 {'rot': 0.00699}
  t=   8.50  cb_failure         L7-CB0 {'rot': 0.01996}
  t=   8.50  cb_failure         L7-CB1 {'rot': 0.02168}
  t=   8.50  cb_failure         L8-CB0 {'rot': 0.02168}
  t=   8.50  cb_failure         L8-CB3 {'rot': 0.02053}
  t=   8.50  cb_failure         L9-CB0 {'rot': 0.02301}
  t=   8.50  cb_failure         L9-CB2 {'rot': 0.02005}
  t=   8.50  cb_failure         L9-CB3 {'rot': 0.02198}
  t=   8.50  cb_failure         L10-CB0 {'rot': 0.02399}
  t=   8.50  cb_failure         L10-CB2 {'rot': 0.02097}
  t=   8.50  cb_failure         L10-CB3 {'rot': 0.02307}
  t=   8.50  cb_failure         L11-CB2 {'rot': 0.02157}
  t=   8.50  cb_failure         L11-CB3 {'rot': 0.02383}
  t=   8.50  cb_failure         L12-CB2 {'rot': 0.0219}
  t=   8.50  cb_failure         L13-CB2 {'rot': 0.02194}
  t=   8.50  cb_failure         L14-CB2 {'rot': 0.02168}
  t=   8.50  cb_failure         L14-CB3 {'rot': 0.02438}
  t=   8.50  cb_failure         L15-CB0 {'rot': 0.02463}
  t=   8.50  cb_failure         L15-CB2 {'rot': 0.02115}
  t=   8.50  cb_failure         L15-CB3 {'rot': 0.02398}
  t=   8.50  cb_failure         L16-CB0 {'rot': 0.02397}
  t=   8.50  cb_failure         L16-CB2 {'rot': 0.02036}
  t=   8.50  cb_failure         L16-CB3 {'rot': 0.02331}
  t=   8.50  cb_failure         L17-CB0 {'rot': 0.02284}
  t=   8.50  cb_failure         L17-CB3 {'rot': 0.02218}
  t=   8.50  cb_failure         L18-CB0 {'rot': 0.02143}
  t=   8.50  cb_failure         L18-CB1 {'rot': 0.02437}
  t=   8.50  cb_failure         L18-CB3 {'rot': 0.02075}
  t=   8.50  cb_failure         L19-CB1 {'rot': 0.02281}
  t=   8.63  cb_failure         L6-CB1 {'rot': 0.02077}
  t=   8.63  cb_failure         L7-CB3 {'rot': 0.02039}
  t=   8.63  cb_failure         L8-CB2 {'rot': 0.02094}
  t=   8.63  cb_failure         L17-CB2 {'rot': 0.02449}
  t=   8.63  cb_failure         L18-CB2 {'rot': 0.02309}
  t=   8.63  cb_failure         L19-CB0 {'rot': 0.02428}
  t=   8.63  cb_failure         L19-CB2 {'rot': 0.02133}
  t=   8.63  cb_failure         L19-CB3 {'rot': 0.02457}
  t=   8.63  cb_failure         L20-CB0 {'rot': 0.02201}
  t=   8.63  cb_failure         L20-CB3 {'rot': 0.02247}
  t=   8.63  cb_failure         L21-CB1 {'rot': 0.0225}
  t=   8.75  cb_failure         L5-CB0 {'rot': 0.01991}
  t=   8.75  cb_failure         L6-CB0 {'rot': 0.02008}
  t=   8.75  cb_failure         L20-CB2 {'rot': 0.02415}
  t=   8.75  cb_failure         L21-CB0 {'rot': 0.02246}
  t=   8.75  cb_failure         L21-CB2 {'rot': 0.02128}
  t=   8.75  cb_failure         L21-CB3 {'rot': 0.02466}
  t=   8.75  cb_failure         L22-CB1 {'rot': 0.02209}
  t=   8.75  cb_failure         L22-CB3 {'rot': 0.02128}
  t=   8.88  cb_failure         L22-CB0 {'rot': 0.0212}
  t=   8.88  cb_failure         L22-CB2 {'rot': 0.0218}
  t=   8.88  cb_failure         L23-CB3 {'rot': 0.02134}
  t=   9.00  cb_failure         L23-CB1 {'rot': 0.02225}
  t=   9.00  cb_failure         L23-CB2 {'rot': 0.02053}
  t=   9.00  cb_failure         L24-CB1 {'rot': 0.02191}
  t=   9.13  cb_failure         L23-CB0 {'rot': 0.02059}
  t=   9.13  cb_failure         L24-CB3 {'rot': 0.02393}
  t=   9.13  cb_failure         L25-CB1 {'rot': 0.02119}
  t=   9.13  cb_yield           L28-CB2 {'rot': 0.00733}
  t=   9.13  cb_yield           L31-CB3 {'rot': 0.00854}
  t=   9.13  cb_yield           L32-CB3 {'rot': 0.00804}
  t=   9.13  cb_yield           L33-CB3 {'rot': 0.00776}
  t=   9.25  cb_failure         L24-CB2 {'rot': 0.02382}
  t=   9.25  cb_failure         L25-CB2 {'rot': 0.02053}
  t=   9.25  cb_failure         L25-CB3 {'rot': 0.02524}
  t=   9.25  cb_failure         L26-CB3 {'rot': 0.02188}
  t=   9.25  cb_yield           L29-CB2 {'rot': 0.00806}
  t=   9.38  cb_failure         L24-CB0 {'rot': 0.02439}
  t=   9.38  cb_failure         L25-CB0 {'rot': 0.02186}
  t=   9.38  cb_failure         L26-CB1 {'rot': 0.02406}
  t=   9.38  cb_failure         L26-CB2 {'rot': 0.02219}
  t=   9.38  cb_failure         L27-CB1 {'rot': 0.02065}
  t=   9.38  cb_failure         L27-CB3 {'rot': 0.02399}
  t=   9.38  cb_yield           L29-CB0 {'rot': 0.00746}
  t=   9.38  cb_yield           L30-CB2 {'rot': 0.00821}
  t=   9.50  cb_yield           L1-CB2 {'rot': 0.00618}
  t=   9.50  cb_yield           L1-CB3 {'rot': 0.00691}
  t=   9.50  cb_failure         L4-CB0 {'rot': 0.02034}
  t=   9.50  cb_failure         L4-CB1 {'rot': 0.02058}
  t=   9.50  cb_failure         L4-CB2 {'rot': 0.02033}
  t=   9.50  cb_failure         L5-CB1 {'rot': 0.02092}
  t=   9.50  cb_failure         L6-CB3 {'rot': 0.02174}
  t=   9.50  cb_failure         L7-CB2 {'rot': 0.02087}
  t=   9.50  cb_failure         L26-CB0 {'rot': 0.02147}
  t=   9.50  cb_failure         L27-CB2 {'rot': 0.02057}
  t=   9.50  cb_failure         L28-CB1 {'rot': 0.02287}
  t=   9.50  cb_failure         L28-CB3 {'rot': 0.0244}
  t=   9.50  cb_failure         L29-CB3 {'rot': 0.02114}
  t=   9.50  cb_yield           L30-CB0 {'rot': 0.00924}
  t=   9.50  cb_failure         L30-CB1 {'rot': 0.02205}
  t=   9.50  cb_failure         L30-CB3 {'rot': 0.02278}
  t=   9.50  cb_yield           L31-CB0 {'rot': 0.00661}
  t=   9.50  cb_yield           L31-CB2 {'rot': 0.0083}
  t=   9.50  cb_yield           L32-CB2 {'rot': 0.00657}
  t=   9.63  cb_failure         L4-CB3 {'rot': 0.02195}
  t=   9.63  cb_failure         L5-CB2 {'rot': 0.02165}
  t=   9.63  cb_failure         L5-CB3 {'rot': 0.02464}
  t=   9.63  cb_failure         L6-CB2 {'rot': 0.02324}
  t=   9.63  cb_failure         L29-CB1 {'rot': 0.02696}
  t=   9.63  cb_failure         L31-CB1 {'rot': 0.02429}
  t=   9.63  cb_failure         L31-CB3 {'rot': 0.02355}
  t=   9.63  cb_yield           L32-CB0 {'rot': 0.01225}
  t=   9.63  cb_failure         L32-CB1 {'rot': 0.02347}
  t=   9.63  cb_failure         L32-CB3 {'rot': 0.02276}
  t=   9.63  cb_yield           L33-CB0 {'rot': 0.01186}
  t=   9.63  cb_failure         L33-CB1 {'rot': 0.02321}
  t=   9.63  cb_yield           L33-CB2 {'rot': 0.01104}
  t=   9.63  cb_failure         L33-CB3 {'rot': 0.02252}
  t=   9.75  cb_failure         L3-CB1 {'rot': 0.02082}
  t=   9.75  cb_failure         L3-CB3 {'rot': 0.02131}
  t=   9.75  cb_failure         L27-CB0 {'rot': 0.02438}
  t=   9.75  cb_failure         L28-CB0 {'rot': 0.02351}
  t=   9.75  cb_failure         L28-CB2 {'rot': 0.02089}
  t=   9.75  cb_failure         L29-CB0 {'rot': 0.02246}
  t=   9.75  cb_failure         L30-CB0 {'rot': 0.02135}
  t=   9.88  cb_failure         L3-CB0 {'rot': 0.02049}
  t=   9.88  cb_failure         L3-CB2 {'rot': 0.02125}
  t=   9.88  cb_failure         L31-CB0 {'rot': 0.02168}
  t=   9.88  cb_failure         L32-CB0 {'rot': 0.02105}
  t=   9.88  cb_failure         L33-CB0 {'rot': 0.0208}
  progress t=  10.0s  max corner drift so far=0.0075  wall clock=131s
  t=  11.00  cb_failure         L29-CB2 {'rot': 0.03089}
  t=  11.00  cb_failure         L30-CB2 {'rot': 0.02943}
  t=  11.00  cb_failure         L31-CB2 {'rot': 0.0282}
  t=  11.00  cb_failure         L32-CB2 {'rot': 0.02734}
  t=  11.00  cb_failure         L33-CB2 {'rot': 0.02704}
  t= 13.475  solver fallback: Newton
  t=  17.63  cb_failure         L2-CB1 {'rot': 0.02193}
  progress t=  20.0s  max corner drift so far=0.0154  wall clock=282s
  t=  20.25  cb_failure         L2-CB3 {'rot': 0.02243}
  t=  20.87  cb_failure         L2-CB2 {'rot': 0.01994}
  t=  21.00  cb_failure         L1-CB3 {'rot': 0.02089}
  t=  27.37  cb_failure         L2-CB0 {'rot': 0.01991}
  progress t=  30.0s  max corner drift so far=0.0208  wall clock=430s
  progress t=  40.0s  max corner drift so far=0.0208  wall clock=590s
  t=  43.25  cb_failure         L1-CB2 {'rot': 0.02289}
  t=  44.95  punching           L29-col23 {'drift': np.float64(0.0202), 'vg_vc': 0.396, 'conn': 'column'}
  t=  45.00  punching           L29-col22 {'drift': np.float64(0.0217), 'vg_vc': 0.414, 'conn': 'column'}
  t=  45.00  punching           L30-col22 {'drift': np.float64(0.0213), 'vg_vc': 0.375, 'conn': 'column'}
  t=  45.12  punching           L29-col17 {'drift': np.float64(0.0205), 'vg_vc': 0.413, 'conn': 'column'}
  t=  45.12  punching           L30-col17 {'drift': np.float64(0.0201), 'vg_vc': 0.411, 'conn': 'column'}
  t=  45.12  punching           L30-col23 {'drift': np.float64(0.0203), 'vg_vc': 0.402, 'conn': 'column'}
  t=  45.12  punching           L31-col23 {'drift': np.float64(0.0198), 'vg_vc': 0.406, 'conn': 'column'}
  t=  45.25  punching           L29-col14 {'drift': np.float64(0.0182), 'vg_vc': 0.462, 'conn': 'column'}
  t=  45.25  punching           L30-col14 {'drift': np.float64(0.0179), 'vg_vc': 0.461, 'conn': 'column'}
  t=  45.37  punching           L31-col22 {'drift': np.float64(0.021), 'vg_vc': 0.388, 'conn': 'column'}
  t=  45.87  punching           L29-col15 {'drift': np.float64(0.0167), 'vg_vc': 0.479, 'conn': 'column'}
  t=  45.87  punching           L29-col18 {'drift': np.float64(0.0191), 'vg_vc': 0.436, 'conn': 'column'}
  t=  45.87  punching           L30-col15 {'drift': np.float64(0.0164), 'vg_vc': 0.48, 'conn': 'column'}
  t=  45.87  punching           L30-col18 {'drift': np.float64(0.0188), 'vg_vc': 0.435, 'conn': 'column'}
  progress t=  50.0s  max corner drift so far=0.0230  wall clock=761s
  t=  53.25  punching           L30-col3 {'drift': np.float64(0.0236), 'vg_vc': 0.328, 'conn': 'column'}
  t=  53.27  punching           L31-col17 {'drift': np.float64(0.0206), 'vg_vc': 0.392, 'conn': 'column'}
  t=  53.35  punching           L29-col21 {'drift': np.float64(0.0226), 'vg_vc': 0.35, 'conn': 'column'}
  t=  53.35  punching           L30-col21 {'drift': np.float64(0.0226), 'vg_vc': 0.35, 'conn': 'column'}
  t=  53.37  punching           L29-col3 {'drift': np.float64(0.0236), 'vg_vc': 0.337, 'conn': 'column'}
  t=  53.37  punching           L29-col20 {'drift': np.float64(0.0212), 'vg_vc': 0.471, 'conn': 'column'}
  t=  53.37  punching           L30-col20 {'drift': np.float64(0.0212), 'vg_vc': 0.469, 'conn': 'column'}
  t=  53.37  punching           L31-col3 {'drift': np.float64(0.0236), 'vg_vc': 0.334, 'conn': 'column'}
  t=  53.37  punching           L31-col14 {'drift': np.float64(0.0175), 'vg_vc': 0.459, 'conn': 'column'}
  t=  53.37  punching           L31-col21 {'drift': np.float64(0.0225), 'vg_vc': 0.38, 'conn': 'column'}
  t=  53.37  punching           L32-col3 {'drift': np.float64(0.0234), 'vg_vc': 0.336, 'conn': 'column'}
  t=  53.37  punching           L32-col21 {'drift': np.float64(0.0222), 'vg_vc': 0.379, 'conn': 'column'}
  t=  53.37  punching           L32-col22 {'drift': np.float64(0.0237), 'vg_vc': 0.335, 'conn': 'column'}
  t=  53.37  punching           L33-col21 {'drift': np.float64(0.0219), 'vg_vc': 0.373, 'conn': 'column'}
  t=  53.50  punching           L32-col17 {'drift': np.float64(0.0206), 'vg_vc': 0.419, 'conn': 'column'}
  t= 53.500  solver fallback: Newton
  t=  53.62  punching           L32-col14 {'drift': np.float64(0.0171), 'vg_vc': 0.467, 'conn': 'column'}
  t=  55.37  punching           L29-col24 {'drift': np.float64(0.023), 'vg_vc': 0.34, 'conn': 'column'}
  t=  55.37  punching           L30-col24 {'drift': np.float64(0.023), 'vg_vc': 0.34, 'conn': 'column'}
  t=  55.50  punching           L29-col19 {'drift': np.float64(0.0196), 'vg_vc': 0.449, 'conn': 'column'}
  t=  55.50  punching           L30-col19 {'drift': np.float64(0.0196), 'vg_vc': 0.45, 'conn': 'column'}
  t=  55.50  punching           L31-col24 {'drift': np.float64(0.0227), 'vg_vc': 0.345, 'conn': 'column'}
  t=  56.00  punching           L31-col18 {'drift': np.float64(0.0194), 'vg_vc': 0.414, 'conn': 'column'}
  t=  56.00  punching           L32-col23 {'drift': np.float64(0.0224), 'vg_vc': 0.378, 'conn': 'column'}
  t=  56.12  punching           L31-col15 {'drift': np.float64(0.016), 'vg_vc': 0.551, 'conn': 'column'}
  t=  56.12  punching           L33-col22 {'drift': np.float64(0.0233), 'vg_vc': 0.342, 'conn': 'column'}
  t=  56.25  punching           L31-col19 {'drift': np.float64(0.0194), 'vg_vc': 0.436, 'conn': 'column'}
  t=  56.25  punching           L32-col18 {'drift': np.float64(0.0191), 'vg_vc': 0.421, 'conn': 'column'}
  t=  56.25  punching           L32-col24 {'drift': np.float64(0.0224), 'vg_vc': 0.364, 'conn': 'column'}
  t=  56.37  punching           L32-col15 {'drift': np.float64(0.0157), 'vg_vc': 0.518, 'conn': 'column'}
  t=  56.37  punching           L32-col19 {'drift': np.float64(0.0191), 'vg_vc': 0.44, 'conn': 'column'}
  t=  57.87  punching           L29-col1 {'drift': np.float64(0.0222), 'vg_vc': 0.378, 'conn': 'column'}
  t=  57.87  punching           L29-col2 {'drift': np.float64(0.0225), 'vg_vc': 0.366, 'conn': 'column'}
  t=  57.87  punching           L30-col1 {'drift': np.float64(0.0222), 'vg_vc': 0.381, 'conn': 'column'}
  t=  57.87  punching           L30-col2 {'drift': np.float64(0.0225), 'vg_vc': 0.371, 'conn': 'column'}
  t=  57.87  punching           L31-col1 {'drift': np.float64(0.0221), 'vg_vc': 0.377, 'conn': 'column'}
  t=  57.87  punching           L31-col2 {'drift': np.float64(0.0224), 'vg_vc': 0.368, 'conn': 'column'}
  t=  57.87  punching           L32-col1 {'drift': np.float64(0.0219), 'vg_vc': 0.372, 'conn': 'column'}
  t=  57.87  punching           L32-col2 {'drift': np.float64(0.0222), 'vg_vc': 0.365, 'conn': 'column'}
  t=  58.00  punching           L29-col0 {'drift': np.float64(0.0228), 'vg_vc': 0.347, 'conn': 'column'}
  t=  58.00  punching           L29-col6 {'drift': np.float64(0.0196), 'vg_vc': 0.414, 'conn': 'column'}
  t=  58.00  punching           L29-col7 {'drift': np.float64(0.0199), 'vg_vc': 0.446, 'conn': 'column'}
  t=  58.00  punching           L30-col0 {'drift': np.float64(0.0228), 'vg_vc': 0.348, 'conn': 'column'}
  t=  58.00  punching           L30-col6 {'drift': np.float64(0.0196), 'vg_vc': 0.416, 'conn': 'column'}
  t=  58.00  punching           L30-col7 {'drift': np.float64(0.0199), 'vg_vc': 0.449, 'conn': 'column'}
  t=  58.00  punching           L31-col0 {'drift': np.float64(0.0227), 'vg_vc': 0.346, 'conn': 'column'}
  t=  58.00  punching           L31-col6 {'drift': np.float64(0.0195), 'vg_vc': 0.42, 'conn': 'column'}
  t=  58.00  punching           L31-col7 {'drift': np.float64(0.0198), 'vg_vc': 0.452, 'conn': 'column'}
  t=  58.00  punching           L32-col6 {'drift': np.float64(0.0193), 'vg_vc': 0.415, 'conn': 'column'}
  t=  58.00  punching           L32-col7 {'drift': np.float64(0.0197), 'vg_vc': 0.447, 'conn': 'column'}
  t=  58.12  punching           L29-col12 {'drift': np.float64(0.0152), 'vg_vc': 0.524, 'conn': 'column'}
  t=  58.12  punching           L30-col12 {'drift': np.float64(0.0152), 'vg_vc': 0.522, 'conn': 'column'}
  t=  58.12  punching           L31-col12 {'drift': np.float64(0.0151), 'vg_vc': 0.529, 'conn': 'column'}
  t=  58.12  punching           L32-col12 {'drift': np.float64(0.015), 'vg_vc': 0.513, 'conn': 'column'}
  t=  58.37  punching           L33-col12 {'drift': np.float64(0.0147), 'vg_vc': 0.538, 'conn': 'column'}
  t=  59.37  punching           L31-col25 {'drift': np.float64(0.0242), 'vg_vc': 0.319, 'conn': 'column'}
  t=  59.75  punching           L32-col25 {'drift': np.float64(0.0239), 'vg_vc': 0.325, 'conn': 'column'}
  progress t=  60.0s  max corner drift so far=0.0259  wall clock=951s
  t=  60.12  punching           L29-col11 {'drift': np.float64(0.0161), 'vg_vc': 0.49, 'conn': 'column'}
  t=  60.12  punching           L30-col11 {'drift': np.float64(0.016), 'vg_vc': 0.483, 'conn': 'column'}
  t=  60.25  punching           L29-col5 {'drift': np.float64(0.0202), 'vg_vc': 0.412, 'conn': 'column'}
  t=  60.25  punching           L30-col5 {'drift': np.float64(0.0202), 'vg_vc': 0.412, 'conn': 'column'}
  t=  60.25  punching           L31-col11 {'drift': np.float64(0.016), 'vg_vc': 0.49, 'conn': 'column'}
  t=  60.25  punching           L32-col11 {'drift': np.float64(0.0158), 'vg_vc': 0.505, 'conn': 'column'}
  t=  60.25  punching           L33-col11 {'drift': np.float64(0.0155), 'vg_vc': 0.525, 'conn': 'column'}
  t=  60.37  punching           L31-col5 {'drift': np.float64(0.0202), 'vg_vc': 0.422, 'conn': 'column'}
  t=  60.50  punching           L32-col5 {'drift': np.float64(0.02), 'vg_vc': 0.469, 'conn': 'column'}
  t=  60.50  punching           L33-col5 {'drift': np.float64(0.0197), 'vg_vc': 0.424, 'conn': 'column'}
  t=  60.50  punching           L33-col9 {'drift': np.float64(0.0218), 'vg_vc': 0.366, 'conn': 'column'}
  t=  60.50  punching           L33-col14 {'drift': np.float64(0.0167), 'vg_vc': 0.484, 'conn': 'column'}
  t=  60.62  punching           L29-col9 {'drift': np.float64(0.0223), 'vg_vc': 0.373, 'conn': 'column'}
  t=  60.62  punching           L30-col9 {'drift': np.float64(0.0223), 'vg_vc': 0.374, 'conn': 'column'}
  t=  60.62  punching           L31-col9 {'drift': np.float64(0.0223), 'vg_vc': 0.372, 'conn': 'column'}
  t=  60.62  punching           L32-col9 {'drift': np.float64(0.0221), 'vg_vc': 0.378, 'conn': 'column'}
  t=  61.00  punching           L33-col15 {'drift': np.float64(0.0191), 'vg_vc': 0.421, 'conn': 'column'}
  t=  61.12  punching           L27-col15 {'drift': np.float64(0.0191), 'vg_vc': 0.471, 'conn': 'column'}
  t=  61.12  punching           L28-col15 {'drift': np.float64(0.0196), 'vg_vc': 0.626, 'conn': 'column'}
  t=  61.12  column_axial_failure S33-C15 {'eps': -302535.27581}
