  t=   8.38  cb_yield           L6-CB1 {'rot': 0.00619}
  t=   8.38  cb_yield           L7-CB1 {'rot': 0.00634}
  t=   8.38  cb_yield           L8-CB0 {'rot': 0.0061}
  t=   8.38  cb_yield           L8-CB1 {'rot': 0.00638}
  t=   8.38  cb_yield           L9-CB1 {'rot': 0.00635}
  t=   8.38  cb_yield           L10-CB1 {'rot': 0.00626}
  t=   8.38  cb_yield           L11-CB1 {'rot': 0.00614}
  t=   8.50  cb_yield           L4-CB1 {'rot': 0.00615}
  t=   8.50  cb_yield           L5-CB0 {'rot': 0.00646}
  t=   8.50  cb_yield           L5-CB1 {'rot': 0.00671}
  t=   8.50  cb_yield           L5-CB3 {'rot': 0.00614}
  t=   8.50  cb_yield           L6-CB0 {'rot': 0.00677}
  t=   8.50  cb_yield           L6-CB2 {'rot': 0.00613}
  t=   8.50  cb_yield           L6-CB3 {'rot': 0.00641}
  t=   8.50  cb_yield           L7-CB0 {'rot': 0.00689}
  t=   8.50  cb_yield           L7-CB2 {'rot': 0.00618}
  t=   8.50  cb_yield           L7-CB3 {'rot': 0.0065}
  t=   8.50  cb_yield           L8-CB3 {'rot': 0.00643}
  t=   8.50  cb_yield           L9-CB0 {'rot': 0.00669}
  t=   8.50  cb_yield           L9-CB3 {'rot': 0.00624}
  t=   8.50  cb_yield           L10-CB0 {'rot': 0.00643}
  t=   8.50  cb_yield           L11-CB0 {'rot': 0.00613}
  t=   8.50  cb_yield           L12-CB1 {'rot': 0.00623}
  t=   8.63  cb_yield           L8-CB2 {'rot': 0.00625}
  t=   8.63  cb_yield           L10-CB3 {'rot': 0.00624}
  t=   8.63  cb_yield           L13-CB1 {'rot': 0.0061}
  progress t=  10.0s  max corner drift so far=0.0017  wall clock=116s
  t=  10.63  cb_yield           L3-CB0 {'rot': 0.00622}
  t=  10.63  cb_yield           L3-CB2 {'rot': 0.00614}
  t=  10.63  cb_yield           L4-CB0 {'rot': 0.00687}
  t=  10.63  cb_yield           L4-CB2 {'rot': 0.00674}
  t=  10.63  cb_yield           L4-CB3 {'rot': 0.00643}
  t=  10.63  cb_yield           L5-CB2 {'rot': 0.007}
  t=  10.75  cb_yield           L2-CB0 {'rot': 0.00665}
  t=  10.75  cb_yield           L2-CB1 {'rot': 0.00649}
  t=  10.75  cb_yield           L2-CB2 {'rot': 0.0068}
  t=  10.75  cb_yield           L2-CB3 {'rot': 0.00664}
  t=  10.75  cb_yield           L3-CB1 {'rot': 0.00792}
  t=  10.75  cb_yield           L3-CB3 {'rot': 0.00806}
  t=  10.75  cb_yield           L9-CB2 {'rot': 0.00814}
  t=  10.75  cb_yield           L10-CB2 {'rot': 0.00725}
  t=  10.75  cb_yield           L11-CB2 {'rot': 0.00631}
  t=  10.88  cb_yield           L11-CB3 {'rot': 0.00744}
  t=  10.88  cb_yield           L12-CB0 {'rot': 0.00713}
  t=  10.88  cb_yield           L12-CB2 {'rot': 0.00671}
  t=  10.88  cb_yield           L12-CB3 {'rot': 0.00623}
  t=  11.00  cb_yield           L13-CB0 {'rot': 0.00736}
  t=  11.00  cb_yield           L13-CB2 {'rot': 0.00671}
  t=  11.00  cb_yield           L13-CB3 {'rot': 0.00628}
  t=  11.00  cb_yield           L14-CB0 {'rot': 0.00638}
  t=  11.00  cb_yield           L14-CB1 {'rot': 0.0061}
  t=  11.13  cb_yield           L14-CB2 {'rot': 0.0064}
  t=  11.13  cb_yield           L15-CB0 {'rot': 0.00696}
  t=  11.13  cb_yield           L15-CB1 {'rot': 0.00672}
  t=  11.13  cb_yield           L16-CB0 {'rot': 0.00628}
  t=  11.25  cb_yield           L14-CB3 {'rot': 0.00687}
  t=  11.25  cb_yield           L15-CB2 {'rot': 0.00636}
  t=  11.25  cb_yield           L16-CB1 {'rot': 0.0082}
  t=  11.25  cb_yield           L17-CB0 {'rot': 0.00803}
  t=  11.25  cb_yield           L17-CB1 {'rot': 0.00776}
  t=  11.25  cb_yield           L18-CB0 {'rot': 0.00765}
  t=  11.25  cb_yield           L18-CB1 {'rot': 0.00737}
  t=  11.25  cb_yield           L19-CB0 {'rot': 0.00732}
  t=  11.25  cb_yield           L19-CB1 {'rot': 0.00702}
  t=  11.25  cb_yield           L20-CB0 {'rot': 0.00703}
  t=  11.25  cb_yield           L20-CB1 {'rot': 0.00671}
  t=  11.25  cb_yield           L21-CB0 {'rot': 0.00675}
  t=  11.38  cb_yield           L15-CB3 {'rot': 0.00764}
  t=  11.38  cb_yield           L16-CB2 {'rot': 0.00759}
  t=  11.38  cb_yield           L16-CB3 {'rot': 0.00725}
  t=  11.38  cb_yield           L17-CB2 {'rot': 0.0071}
  t=  11.38  cb_yield           L17-CB3 {'rot': 0.00674}
  t=  11.38  cb_yield           L21-CB1 {'rot': 0.00937}
  t=  11.38  cb_yield           L22-CB0 {'rot': 0.00918}
  t=  11.38  cb_yield           L22-CB1 {'rot': 0.00882}
  t=  11.38  cb_yield           L23-CB0 {'rot': 0.00858}
  t=  11.38  cb_yield           L23-CB1 {'rot': 0.00822}
  t=  11.38  cb_yield           L24-CB0 {'rot': 0.00794}
  t=  11.38  cb_yield           L24-CB1 {'rot': 0.00758}
  t=  11.38  cb_yield           L25-CB0 {'rot': 0.00729}
  t=  11.38  cb_yield           L25-CB1 {'rot': 0.00693}
  t=  11.38  cb_yield           L26-CB0 {'rot': 0.00664}
  t=  11.50  cb_yield           L18-CB2 {'rot': 0.00882}
  t=  11.50  cb_yield           L18-CB3 {'rot': 0.00854}
  t=  11.50  cb_yield           L19-CB2 {'rot': 0.00844}
  t=  11.50  cb_yield           L19-CB3 {'rot': 0.00814}
  t=  11.50  cb_yield           L20-CB2 {'rot': 0.00797}
  t=  11.50  cb_yield           L20-CB3 {'rot': 0.00766}
  t=  11.50  cb_yield           L21-CB2 {'rot': 0.00741}
  t=  11.50  cb_yield           L21-CB3 {'rot': 0.00709}
  t=  11.50  cb_yield           L22-CB2 {'rot': 0.00678}
  t=  11.50  cb_yield           L26-CB1 {'rot': 0.00763}
  t=  11.50  cb_yield           L27-CB0 {'rot': 0.00691}
  t=  11.50  cb_yield           L27-CB1 {'rot': 0.00671}
  t=  11.63  cb_yield           L22-CB3 {'rot': 0.00877}
  t=  11.63  cb_yield           L23-CB2 {'rot': 0.008}
  t=  11.63  cb_yield           L23-CB3 {'rot': 0.00799}
  t=  11.63  cb_yield           L24-CB2 {'rot': 0.00709}
  t=  11.63  cb_yield           L24-CB3 {'rot': 0.0071}
  t=  11.75  cb_yield           L25-CB2 {'rot': 0.00716}
  t=  11.75  cb_yield           L25-CB3 {'rot': 0.0074}
  t=  11.75  cb_yield           L28-CB0 {'rot': 0.00676}
  t=  11.75  cb_yield           L28-CB1 {'rot': 0.00678}
  t=  11.88  cb_yield           L26-CB2 {'rot': 0.00665}
  t=  11.88  cb_yield           L26-CB3 {'rot': 0.00691}
  t=  12.88  cb_yield           L27-CB3 {'rot': 0.00682}
  t=  12.88  cb_yield           L28-CB3 {'rot': 0.00664}
  t=  13.75  cb_yield           L27-CB2 {'rot': 0.00659}
  t=  14.63  cb_yield           L28-CB2 {'rot': 0.00685}
  t=  14.63  cb_yield           L29-CB3 {'rot': 0.00773}
  t=  14.63  cb_yield           L30-CB3 {'rot': 0.00696}
  t=  14.75  cb_yield           L29-CB2 {'rot': 0.0076}
  t=  14.75  cb_yield           L30-CB2 {'rot': 0.0067}
  t=  14.75  cb_yield           L31-CB3 {'rot': 0.0078}
  t=  14.75  cb_yield           L32-CB3 {'rot': 0.00733}
  t=  14.75  cb_yield           L33-CB3 {'rot': 0.00709}
  t=  14.88  cb_yield           L31-CB2 {'rot': 0.00781}
  t=  14.88  cb_yield           L32-CB2 {'rot': 0.00737}
  t=  14.88  cb_yield           L33-CB2 {'rot': 0.00713}
  t=  16.00  cb_yield           L29-CB1 {'rot': 0.00842}
  t=  16.00  cb_yield           L30-CB1 {'rot': 0.00805}
  t=  16.00  cb_yield           L31-CB1 {'rot': 0.00774}
  t=  16.00  cb_yield           L32-CB1 {'rot': 0.00751}
  t=  16.00  cb_yield           L33-CB1 {'rot': 0.00738}
  t=  16.13  cb_yield           L29-CB0 {'rot': 0.00777}
  t=  16.13  cb_yield           L30-CB0 {'rot': 0.00732}
  t=  16.13  cb_yield           L31-CB0 {'rot': 0.00694}
  t=  16.13  cb_yield           L32-CB0 {'rot': 0.00666}
  t=  16.25  cb_yield           L33-CB0 {'rot': 0.00746}
  progress t=  20.0s  max corner drift so far=0.0066  wall clock=236s
  progress t=  30.0s  max corner drift so far=0.0069  wall clock=353s
  progress t=  40.0s  max corner drift so far=0.0085  wall clock=473s
  t=  46.00  cb_yield           L1-CB0 {'rot': 0.00648}
  t=  46.00  cb_yield           L1-CB1 {'rot': 0.00639}
  t=  46.00  cb_yield           L1-CB2 {'rot': 0.00638}
  t=  46.00  cb_yield           L1-CB3 {'rot': 0.00672}
  t=  49.00  cb_failure         L6-CB3 {'rot': 0.03059}
  t=  49.00  cb_failure         L7-CB3 {'rot': 0.03164}
  t=  49.00  cb_failure         L8-CB3 {'rot': 0.032}
  t=  49.00  cb_failure         L9-CB3 {'rot': 0.03179}
  t=  49.00  cb_failure         L10-CB3 {'rot': 0.03107}
  t=  49.12  cb_failure         L7-CB2 {'rot': 0.03088}
  t=  49.12  cb_failure         L8-CB2 {'rot': 0.03151}
  t=  49.12  cb_failure         L9-CB2 {'rot': 0.03156}
  t=  49.12  cb_failure         L10-CB2 {'rot': 0.03113}
  t=  49.12  cb_failure         L11-CB2 {'rot': 0.03024}
  t=  49.12  cb_failure         L11-CB3 {'rot': 0.03323}
  t=  49.12  cb_failure         L12-CB3 {'rot': 0.03203}
  t=  49.12  cb_failure         L13-CB3 {'rot': 0.03025}
  t=  49.25  cb_failure         L12-CB2 {'rot': 0.03223}
  t=  49.25  cb_failure         L13-CB2 {'rot': 0.03101}
  t=  49.25  cb_failure         L14-CB3 {'rot': 0.03262}
  t=  49.25  cb_failure         L15-CB3 {'rot': 0.03071}
  t=  49.37  cb_failure         L14-CB2 {'rot': 0.03359}
  t=  49.37  cb_failure         L15-CB2 {'rot': 0.03256}
  t=  49.37  cb_failure         L16-CB2 {'rot': 0.03116}
  t=  49.37  cb_failure         L16-CB3 {'rot': 0.03459}
  t=  49.37  cb_failure         L17-CB3 {'rot': 0.03259}
  t=  49.50  cb_failure         L17-CB2 {'rot': 0.03426}
  t=  49.50  cb_failure         L18-CB2 {'rot': 0.03256}
  t=  49.50  cb_failure         L18-CB3 {'rot': 0.03631}
  t=  49.50  cb_failure         L19-CB3 {'rot': 0.03425}
  t=  49.50  cb_failure         L20-CB3 {'rot': 0.0317}
  t=  49.62  cb_failure         L14-CB1 {'rot': 0.03016}
  t=  49.62  cb_failure         L15-CB1 {'rot': 0.03064}
  t=  49.62  cb_failure         L16-CB1 {'rot': 0.03077}
  t=  49.62  cb_failure         L19-CB2 {'rot': 0.0342}
  t=  49.62  cb_failure         L20-CB2 {'rot': 0.03214}
  t=  49.62  cb_failure         L21-CB3 {'rot': 0.0337}
  t=  49.62  cb_failure         L22-CB3 {'rot': 0.03063}
  t=  49.75  cb_failure         L17-CB1 {'rot': 0.03068}
  t=  49.75  cb_failure         L21-CB2 {'rot': 0.03206}
  t=  49.75  cb_failure         L23-CB3 {'rot': 0.0309}
  progress t=  50.0s  max corner drift so far=0.0089  wall clock=594s
  progress t=  60.0s  max corner drift so far=0.0089  wall clock=712s
  progress t=  70.0s  max corner drift so far=0.0100  wall clock=831s
  progress t=  80.0s  max corner drift so far=0.0100  wall clock=947s
  progress t=  90.0s  max corner drift so far=0.0100  wall clock=1060s
  progress t= 100.0s  max corner drift so far=0.0100  wall clock=1176s
