  t=   2.12  cb_yield           L7-CB3 {'rot': 0.00707}
  t=   2.12  cb_yield           L8-CB3 {'rot': 0.00715}
  t=   2.12  cb_yield           L9-CB3 {'rot': 0.0071}
  t=   2.25  cb_yield           L8-CB1 {'rot': 0.00712}
  t=   2.25  cb_yield           L9-CB1 {'rot': 0.00725}
  t=   2.25  cb_yield           L10-CB1 {'rot': 0.00728}
  t=   2.25  cb_yield           L10-CB3 {'rot': 0.00743}
  t=   2.25  cb_yield           L11-CB1 {'rot': 0.00722}
  t=   2.25  cb_yield           L11-CB3 {'rot': 0.00739}
  t=   2.25  cb_yield           L12-CB1 {'rot': 0.00709}
  t=   2.25  cb_yield           L12-CB3 {'rot': 0.00727}
  t=   2.25  cb_yield           L13-CB3 {'rot': 0.00707}
  t=   2.37  cb_yield           L13-CB1 {'rot': 0.00717}
  t=   2.37  cb_yield           L14-CB3 {'rot': 0.00722}
  t=   2.37  cb_yield           L15-CB3 {'rot': 0.00702}
  t=   2.62  cb_yield           L19-CB3 {'rot': 0.00779}
  t=   2.62  cb_yield           L20-CB3 {'rot': 0.00793}
  t=   2.62  cb_yield           L21-CB3 {'rot': 0.00797}
  t=   2.62  cb_yield           L22-CB3 {'rot': 0.00793}
  t=   2.62  cb_yield           L23-CB3 {'rot': 0.0078}
  t=   2.75  cb_yield           L18-CB1 {'rot': 0.00788}
  t=   2.75  cb_yield           L18-CB3 {'rot': 0.00817}
  t=   2.75  cb_yield           L19-CB1 {'rot': 0.00837}
  t=   2.75  cb_yield           L20-CB1 {'rot': 0.00875}
  t=   2.75  cb_yield           L20-CB2 {'rot': 0.00777}
  t=   2.75  cb_yield           L21-CB0 {'rot': 0.00763}
  t=   2.75  cb_yield           L21-CB1 {'rot': 0.00899}
  t=   2.75  cb_yield           L21-CB2 {'rot': 0.00798}
  t=   2.75  cb_yield           L22-CB0 {'rot': 0.00768}
  t=   2.75  cb_yield           L22-CB1 {'rot': 0.00909}
  t=   2.75  cb_yield           L22-CB2 {'rot': 0.00806}
  t=   2.75  cb_yield           L23-CB1 {'rot': 0.00904}
  t=   2.75  cb_yield           L23-CB2 {'rot': 0.00799}
  t=   2.75  cb_yield           L24-CB1 {'rot': 0.00884}
  t=   2.75  cb_yield           L24-CB2 {'rot': 0.00779}
  t=   2.75  cb_yield           L24-CB3 {'rot': 0.00926}
  t=   2.75  cb_yield           L25-CB1 {'rot': 0.00852}
  t=   2.75  cb_yield           L25-CB3 {'rot': 0.00895}
  t=   2.75  cb_yield           L26-CB1 {'rot': 0.00809}
  t=   2.75  cb_yield           L26-CB3 {'rot': 0.00853}
  t=   2.75  cb_yield           L27-CB3 {'rot': 0.00801}
  t=   2.87  cb_yield           L20-CB0 {'rot': 0.00764}
  t=   2.87  cb_yield           L23-CB0 {'rot': 0.00807}
  t=   2.87  cb_yield           L24-CB0 {'rot': 0.00789}
  t=   2.87  cb_yield           L25-CB2 {'rot': 0.00786}
  t=   2.87  cb_yield           L27-CB1 {'rot': 0.00809}
  t=   2.87  cb_yield           L28-CB3 {'rot': 0.00768}
  t=   3.75  cb_yield           L25-CB0 {'rot': 0.00832}
  t=   3.75  cb_yield           L26-CB0 {'rot': 0.00793}
  t=   3.75  cb_yield           L26-CB2 {'rot': 0.00812}
  t=   3.75  cb_yield           L27-CB2 {'rot': 0.00763}
  t=   3.87  cb_yield           L27-CB0 {'rot': 0.00845}
  t=   3.87  cb_yield           L28-CB0 {'rot': 0.00767}
  t=   4.37  cb_yield           L4-CB0 {'rot': 0.00799}
  t=   4.37  cb_yield           L4-CB1 {'rot': 0.00761}
  t=   4.37  cb_yield           L5-CB0 {'rot': 0.00882}
  t=   4.37  cb_yield           L5-CB1 {'rot': 0.00841}
  t=   4.37  cb_yield           L5-CB2 {'rot': 0.00741}
  t=   4.37  cb_yield           L6-CB0 {'rot': 0.0094}
  t=   4.37  cb_yield           L6-CB1 {'rot': 0.00896}
  t=   4.37  cb_yield           L6-CB2 {'rot': 0.00771}
  t=   4.37  cb_yield           L6-CB3 {'rot': 0.00726}
  t=   4.37  cb_yield           L7-CB0 {'rot': 0.00976}
  t=   4.37  cb_yield           L7-CB1 {'rot': 0.0093}
  t=   4.37  cb_yield           L7-CB2 {'rot': 0.00779}
  t=   4.37  cb_yield           L8-CB0 {'rot': 0.00993}
  t=   4.37  cb_yield           L8-CB2 {'rot': 0.00767}
  t=   4.37  cb_yield           L9-CB0 {'rot': 0.00994}
  t=   4.37  cb_yield           L9-CB2 {'rot': 0.00738}
  t=   4.37  cb_yield           L10-CB0 {'rot': 0.00981}
  t=   4.37  cb_yield           L11-CB0 {'rot': 0.00955}
  t=   4.37  cb_yield           L12-CB0 {'rot': 0.00918}
  t=   4.37  cb_yield           L13-CB0 {'rot': 0.00871}
  t=   4.37  cb_yield           L14-CB0 {'rot': 0.00816}
  t=   4.37  cb_yield           L14-CB1 {'rot': 0.00746}
  t=   4.37  cb_yield           L15-CB0 {'rot': 0.00758}
  t=   4.50  cb_yield           L2-CB0 {'rot': 0.00761}
  t=   4.50  cb_yield           L2-CB1 {'rot': 0.00725}
  t=   4.50  cb_yield           L3-CB0 {'rot': 0.00953}
  t=   4.50  cb_yield           L3-CB1 {'rot': 0.00909}
  t=   4.50  cb_yield           L3-CB2 {'rot': 0.00855}
  t=   4.50  cb_yield           L3-CB3 {'rot': 0.00813}
  t=   4.50  cb_yield           L4-CB2 {'rot': 0.00977}
  t=   4.50  cb_yield           L4-CB3 {'rot': 0.00929}
  t=   4.50  cb_yield           L5-CB3 {'rot': 0.01001}
  t=   4.50  cb_yield           L10-CB2 {'rot': 0.00915}
  t=   4.50  cb_yield           L11-CB2 {'rot': 0.0082}
  t=   4.50  cb_yield           L12-CB2 {'rot': 0.00712}
  t=   4.50  cb_yield           L15-CB1 {'rot': 0.00728}
  t=   4.50  cb_yield           L16-CB0 {'rot': 0.00724}
  t=   4.62  cb_yield           L2-CB2 {'rot': 0.00808}
  t=   4.62  cb_yield           L2-CB3 {'rot': 0.00787}
  t=   4.62  cb_yield           L29-CB3 {'rot': 0.00801}
  t=   4.62  cb_yield           L30-CB3 {'rot': 0.00768}
  t=   5.25  cb_yield           L16-CB1 {'rot': 0.00759}
  t=   5.25  cb_yield           L17-CB0 {'rot': 0.00774}
  t=   5.38  cb_yield           L17-CB1 {'rot': 0.00825}
  t=   5.38  cb_yield           L18-CB0 {'rot': 0.00861}
  t=   5.38  cb_yield           L19-CB0 {'rot': 0.00843}
  t=   5.50  cb_yield           L19-CB2 {'rot': 0.00764}
  t=   5.63  cb_yield           L18-CB2 {'rot': 0.00775}
  t=   6.00  cb_yield           L13-CB2 {'rot': 0.00756}
  t=   6.00  cb_yield           L14-CB2 {'rot': 0.00733}
  t=   6.00  cb_yield           L15-CB2 {'rot': 0.00711}
  t=   7.38  cb_yield           L28-CB2 {'rot': 0.00813}
  t=   7.38  cb_yield           L29-CB2 {'rot': 0.00781}
  t=   8.13  cb_yield           L16-CB2 {'rot': 0.00758}
  t=   8.13  cb_yield           L16-CB3 {'rot': 0.00949}
  t=   8.13  cb_yield           L17-CB3 {'rot': 0.00905}
  t=   8.13  cb_yield           L28-CB1 {'rot': 0.00838}
  t=   8.13  cb_yield           L29-CB1 {'rot': 0.00771}
  t=   8.25  cb_yield           L17-CB2 {'rot': 0.01189}
  t=   8.38  cb_yield           L30-CB1 {'rot': 0.00788}
  t=   8.63  cb_failure         L11-CB1 {'rot': 0.03128}
  t=   8.63  cb_failure         L12-CB1 {'rot': 0.03191}
  t=   8.63  cb_failure         L13-CB1 {'rot': 0.03221}
  t=   8.63  cb_failure         L14-CB1 {'rot': 0.03216}
  t=   8.63  cb_failure         L15-CB1 {'rot': 0.03181}
  t=   8.63  cb_failure         L16-CB1 {'rot': 0.03117}
  t=   8.75  cb_failure         L9-CB1 {'rot': 0.03207}
  t=   8.75  cb_failure         L10-CB1 {'rot': 0.03352}
  t=   8.75  cb_failure         L11-CB0 {'rot': 0.03104}
  t=   8.75  cb_failure         L12-CB0 {'rot': 0.0315}
  t=   8.75  cb_failure         L12-CB3 {'rot': 0.03116}
  t=   8.75  cb_failure         L13-CB0 {'rot': 0.0316}
  t=   8.75  cb_failure         L13-CB3 {'rot': 0.0315}
  t=   8.75  cb_failure         L14-CB0 {'rot': 0.03132}
  t=   8.75  cb_failure         L14-CB3 {'rot': 0.03149}
  t=   8.75  cb_failure         L15-CB3 {'rot': 0.03115}
  t=   8.75  cb_failure         L17-CB1 {'rot': 0.03228}
  t=   8.88  cb_failure         L10-CB0 {'rot': 0.03218}
  t=   8.88  cb_failure         L10-CB3 {'rot': 0.03161}
  t=   8.88  cb_failure         L11-CB3 {'rot': 0.033}
  t=   8.88  cb_failure         L15-CB0 {'rot': 0.03314}
  t=   8.88  cb_failure         L16-CB0 {'rot': 0.03202}
  t=   8.88  cb_failure         L16-CB3 {'rot': 0.03337}
  t=   8.88  cb_failure         L17-CB3 {'rot': 0.03198}
  t=   8.88  cb_failure         L18-CB1 {'rot': 0.03208}
  t=   9.00  cb_failure         L12-CB2 {'rot': 0.03122}
  t=   9.00  cb_failure         L13-CB2 {'rot': 0.03216}
  t=   9.00  cb_failure         L14-CB2 {'rot': 0.03265}
  t=   9.00  cb_failure         L15-CB2 {'rot': 0.03269}
  t=   9.00  cb_failure         L16-CB2 {'rot': 0.03227}
  t=   9.00  cb_failure         L17-CB0 {'rot': 0.03255}
  t=   9.00  cb_failure         L18-CB3 {'rot': 0.03355}
  t=   9.00  cb_failure         L19-CB1 {'rot': 0.03164}
  t=   9.13  cb_failure         L17-CB2 {'rot': 0.03313}
  t=   9.13  cb_failure         L18-CB0 {'rot': 0.03199}
  t=   9.13  cb_failure         L18-CB2 {'rot': 0.03223}
  t=   9.13  cb_failure         L19-CB3 {'rot': 0.03451}
  t=   9.13  cb_failure         L20-CB3 {'rot': 0.03209}
  t=   9.38  cb_yield           L31-CB3 {'rot': 0.00799}
  t=   9.50  cb_yield           L1-CB1 {'rot': 0.00734}
  t=   9.50  cb_yield           L32-CB3 {'rot': 0.00835}
  t=   9.63  cb_yield           L1-CB0 {'rot': 0.00828}
  t=   9.63  cb_yield           L1-CB2 {'rot': 0.00821}
  t=   9.63  cb_yield           L1-CB3 {'rot': 0.00897}
  t=   9.75  cb_failure         L7-CB3 {'rot': 0.03118}
  t=   9.75  cb_failure         L8-CB1 {'rot': 0.03171}
  t=   9.75  cb_failure         L8-CB3 {'rot': 0.03196}
  t=   9.75  cb_failure         L9-CB3 {'rot': 0.03228}
  t=   9.88  cb_failure         L5-CB3 {'rot': 0.03103}
  t=   9.88  cb_failure         L6-CB1 {'rot': 0.03229}
  t=   9.88  cb_failure         L6-CB3 {'rot': 0.03308}
  t=   9.88  cb_failure         L7-CB0 {'rot': 0.0314}
  t=   9.88  cb_failure         L7-CB1 {'rot': 0.03382}
  t=   9.88  cb_failure         L7-CB2 {'rot': 0.03168}
  t=   9.88  cb_failure         L8-CB0 {'rot': 0.03205}
  t=   9.88  cb_failure         L8-CB2 {'rot': 0.03211}
  t=   9.88  cb_failure         L9-CB0 {'rot': 0.03218}
  t=   9.88  cb_failure         L9-CB2 {'rot': 0.03206}
  t=   9.88  cb_failure         L10-CB2 {'rot': 0.03169}
  t=   9.88  cb_failure         L11-CB2 {'rot': 0.03112}
  t=  10.00  cb_failure         L6-CB0 {'rot': 0.0315}
  t=  10.00  cb_failure         L6-CB2 {'rot': 0.0321}
  progress t=  10.0s  max corner drift so far=0.0077  wall clock=143s
  t=  10.50  cb_failure         L19-CB0 {'rot': 0.03245}
  t=  10.50  cb_failure         L20-CB1 {'rot': 0.03164}
  t=  10.50  cb_yield           L31-CB1 {'rot': 0.00926}
  t=  10.50  cb_yield           L32-CB1 {'rot': 0.00905}
  t=  10.50  cb_yield           L33-CB1 {'rot': 0.00868}
  t=  10.63  cb_yield           L29-CB0 {'rot': 0.00806}
  t=  10.75  cb_yield           L30-CB0 {'rot': 0.00784}
  t=  10.88  cb_yield           L31-CB0 {'rot': 0.008}
  t=  10.88  cb_yield           L33-CB3 {'rot': 0.0084}
  t=  11.00  cb_yield           L30-CB2 {'rot': 0.01127}
  t=  11.00  cb_yield           L31-CB2 {'rot': 0.00961}
  t=  11.00  cb_yield           L32-CB2 {'rot': 0.00829}
  t=  11.00  cb_yield           L33-CB2 {'rot': 0.00767}
  t=  12.00  cb_failure         L21-CB1 {'rot': 0.03519}
  t=  12.00  cb_failure         L22-CB1 {'rot': 0.03472}
  t=  12.00  cb_failure         L23-CB1 {'rot': 0.03365}
  t=  12.00  cb_failure         L24-CB1 {'rot': 0.03192}
  t=  12.13  cb_failure         L20-CB0 {'rot': 0.03231}
  t=  12.13  cb_failure         L21-CB0 {'rot': 0.03288}
  t=  12.13  cb_failure         L22-CB0 {'rot': 0.03263}
  t=  12.13  cb_failure         L23-CB0 {'rot': 0.03166}
  t=  12.13  cb_failure         L25-CB1 {'rot': 0.03542}
  t=  12.13  cb_failure         L26-CB1 {'rot': 0.03276}
  t=  12.13  cb_yield           L32-CB0 {'rot': 0.00779}
  t=  12.25  cb_failure         L21-CB3 {'rot': 0.03666}
  t=  12.25  cb_failure         L22-CB3 {'rot': 0.03766}
  t=  12.25  cb_failure         L23-CB3 {'rot': 0.03773}
  t=  12.25  cb_failure         L24-CB0 {'rot': 0.035}
  t=  12.25  cb_failure         L24-CB3 {'rot': 0.03698}
  t=  12.25  cb_failure         L25-CB0 {'rot': 0.033}
  t=  12.25  cb_failure         L25-CB3 {'rot': 0.03535}
  t=  12.25  cb_failure         L26-CB0 {'rot': 0.03163}
  t=  12.25  cb_failure         L26-CB3 {'rot': 0.0328}
  t=  12.25  cb_failure         L27-CB1 {'rot': 0.03414}
  t=  12.38  cb_failure         L21-CB2 {'rot': 0.03185}
  t=  12.38  cb_failure         L22-CB2 {'rot': 0.03358}
  t=  12.38  cb_failure         L23-CB2 {'rot': 0.0342}
  t=  12.38  cb_failure         L24-CB2 {'rot': 0.03375}
  t=  12.38  cb_failure         L25-CB2 {'rot': 0.03222}
  t=  12.38  cb_failure         L27-CB3 {'rot': 0.03401}
  t=  12.50  cb_failure         L28-CB3 {'rot': 0.03164}
  t=  13.13  cb_failure         L5-CB0 {'rot': 0.03218}
  t=  13.25  cb_failure         L5-CB1 {'rot': 0.03261}
  t=  13.38  cb_failure         L5-CB2 {'rot': 0.03131}
  t=  15.13  cb_yield           L33-CB0 {'rot': 0.00891}
  t=  15.75  cb_failure         L29-CB3 {'rot': 0.03877}
  t=  15.75  cb_failure         L30-CB3 {'rot': 0.03742}
  t=  15.75  cb_failure         L31-CB3 {'rot': 0.03607}
  t=  15.75  cb_failure         L32-CB3 {'rot': 0.03496}
  t=  15.75  cb_failure         L33-CB3 {'rot': 0.03339}
  t=  15.88  cb_failure         L28-CB1 {'rot': 0.03353}
  t=  15.88  cb_failure         L29-CB1 {'rot': 0.03169}
  t=  16.00  cb_failure         L30-CB1 {'rot': 0.03241}
  t=  16.00  cb_failure         L33-CB1 {'rot': 0.03168}
  t=  16.13  cb_failure         L31-CB1 {'rot': 0.03277}
  t=  16.13  cb_failure         L32-CB1 {'rot': 0.03186}
  t=  17.63  cb_failure         L4-CB1 {'rot': 0.03549}
  t=  17.75  cb_failure         L3-CB1 {'rot': 0.03626}
  t=  17.88  cb_failure         L2-CB1 {'rot': 0.03149}
  t=  18.65  wall_axial_failure S1-F {'gamma': 0.00087, 'eps': -0.00791, 'cause': 'crushing'}
  t=  18.73  wall_axial_failure S1-R {'gamma': 0.00067, 'eps': -0.00833, 'cause': 'crushing'}
  t=  18.75  wall_axial_failure S1-M {'gamma': 0.0015, 'eps': -0.01005, 'cause': 'crushing'}
  t=  18.75  cb_failure         L1-CB1 {'rot': 0.04252}
  t=  18.75  cb_failure         L1-CB3 {'rot': 0.03507}
  t=  18.75  cb_failure         L2-CB3 {'rot': 0.03385}
  t=  18.75  cb_failure         L3-CB3 {'rot': 0.03317}
  t=  18.75  cb_failure         L4-CB3 {'rot': 0.03319}
