  t=   4.37  cb_yield           L6-CB0 {'rot': 0.00619}
  t=   4.37  cb_yield           L6-CB1 {'rot': 0.00594}
  t=   4.37  cb_yield           L7-CB0 {'rot': 0.00639}
  t=   4.37  cb_yield           L7-CB1 {'rot': 0.00612}
  t=   4.37  cb_yield           L8-CB0 {'rot': 0.00646}
  t=   4.37  cb_yield           L8-CB1 {'rot': 0.00616}
  t=   4.37  cb_yield           L9-CB0 {'rot': 0.00643}
  t=   4.37  cb_yield           L9-CB1 {'rot': 0.0061}
  t=   4.37  cb_yield           L10-CB0 {'rot': 0.0063}
  t=   4.37  cb_yield           L10-CB1 {'rot': 0.00594}
  t=   4.37  cb_yield           L11-CB0 {'rot': 0.00609}
  t=   4.50  cb_yield           L3-CB0 {'rot': 0.00612}
  t=   4.50  cb_yield           L4-CB0 {'rot': 0.00707}
  t=   4.50  cb_yield           L4-CB1 {'rot': 0.0068}
  t=   4.50  cb_yield           L4-CB2 {'rot': 0.0063}
  t=   4.50  cb_yield           L4-CB3 {'rot': 0.00605}
  t=   4.50  cb_yield           L5-CB0 {'rot': 0.00775}
  t=   4.50  cb_yield           L5-CB1 {'rot': 0.00744}
  t=   4.50  cb_yield           L5-CB2 {'rot': 0.00678}
  t=   4.50  cb_yield           L5-CB3 {'rot': 0.0065}
  t=   4.50  cb_yield           L6-CB2 {'rot': 0.00697}
  t=   4.50  cb_yield           L6-CB3 {'rot': 0.00667}
  t=   4.50  cb_yield           L7-CB2 {'rot': 0.00693}
  t=   4.50  cb_yield           L7-CB3 {'rot': 0.0066}
  t=   4.50  cb_yield           L8-CB2 {'rot': 0.00667}
  t=   4.50  cb_yield           L8-CB3 {'rot': 0.00632}
  t=   4.50  cb_yield           L9-CB2 {'rot': 0.00626}
  t=   4.50  cb_yield           L11-CB1 {'rot': 0.00677}
  t=   4.50  cb_yield           L12-CB0 {'rot': 0.00673}
  t=   4.50  cb_yield           L12-CB1 {'rot': 0.00622}
  t=   4.50  cb_yield           L13-CB0 {'rot': 0.00614}
  t=   4.62  cb_yield           L3-CB1 {'rot': 0.00673}
  t=   4.62  cb_yield           L3-CB2 {'rot': 0.0063}
  t=   4.62  cb_yield           L3-CB3 {'rot': 0.00604}
  t=   4.62  cb_yield           L9-CB3 {'rot': 0.0065}
  t=   4.62  cb_yield           L10-CB2 {'rot': 0.0062}
  t=   7.38  cb_yield           L13-CB1 {'rot': 0.00596}
  t=   7.50  cb_yield           L14-CB1 {'rot': 0.00604}
  t=   7.88  cb_yield           L15-CB1 {'rot': 0.00652}
  t=   7.88  cb_yield           L16-CB1 {'rot': 0.00651}
  t=   7.88  cb_yield           L17-CB1 {'rot': 0.00653}
  t=   7.88  cb_yield           L18-CB1 {'rot': 0.00657}
  t=   7.88  cb_yield           L19-CB1 {'rot': 0.00661}
  t=   7.88  cb_yield           L20-CB1 {'rot': 0.00664}
  t=   7.88  cb_yield           L21-CB1 {'rot': 0.00665}
  t=   7.88  cb_yield           L22-CB1 {'rot': 0.00663}
  t=   7.88  cb_yield           L23-CB1 {'rot': 0.00656}
  t=   8.00  cb_yield           L14-CB0 {'rot': 0.00739}
  t=   8.00  cb_yield           L15-CB0 {'rot': 0.00736}
  t=   8.00  cb_yield           L16-CB0 {'rot': 0.00733}
  t=   8.00  cb_yield           L17-CB0 {'rot': 0.00728}
  t=   8.00  cb_yield           L18-CB0 {'rot': 0.00722}
  t=   8.00  cb_yield           L19-CB0 {'rot': 0.00713}
  t=   8.00  cb_yield           L20-CB0 {'rot': 0.00702}
  t=   8.00  cb_yield           L21-CB0 {'rot': 0.00687}
  t=   8.00  cb_yield           L22-CB0 {'rot': 0.00667}
  t=   8.00  cb_yield           L24-CB1 {'rot': 0.00757}
  t=   8.00  cb_yield           L25-CB1 {'rot': 0.00724}
  t=   8.00  cb_yield           L26-CB1 {'rot': 0.00687}
  t=   8.13  cb_yield           L10-CB3 {'rot': 0.00683}
  t=   8.13  cb_yield           L11-CB2 {'rot': 0.00608}
  t=   8.13  cb_yield           L11-CB3 {'rot': 0.00711}
  t=   8.13  cb_yield           L12-CB2 {'rot': 0.00625}
  t=   8.13  cb_yield           L12-CB3 {'rot': 0.00735}
  t=   8.13  cb_yield           L13-CB2 {'rot': 0.00636}
  t=   8.13  cb_yield           L13-CB3 {'rot': 0.00753}
  t=   8.13  cb_yield           L14-CB2 {'rot': 0.00641}
  t=   8.13  cb_yield           L14-CB3 {'rot': 0.00762}
  t=   8.13  cb_yield           L15-CB2 {'rot': 0.00639}
  t=   8.13  cb_yield           L15-CB3 {'rot': 0.00765}
  t=   8.13  cb_yield           L16-CB2 {'rot': 0.00631}
  t=   8.13  cb_yield           L16-CB3 {'rot': 0.00759}
  t=   8.13  cb_yield           L17-CB3 {'rot': 0.00745}
  t=   8.13  cb_yield           L18-CB3 {'rot': 0.00724}
  t=   8.13  cb_yield           L19-CB3 {'rot': 0.00699}
  t=   8.13  cb_yield           L20-CB3 {'rot': 0.00669}
  t=   8.13  cb_yield           L23-CB0 {'rot': 0.00728}
  t=   8.13  cb_yield           L24-CB0 {'rot': 0.00678}
  t=   8.13  cb_yield           L27-CB1 {'rot': 0.00676}
  t=   8.25  cb_yield           L17-CB2 {'rot': 0.00841}
  t=   8.25  cb_yield           L18-CB2 {'rot': 0.00787}
  t=   8.25  cb_yield           L19-CB2 {'rot': 0.00722}
  t=   8.25  cb_yield           L21-CB3 {'rot': 0.00763}
  t=   8.25  cb_yield           L22-CB3 {'rot': 0.00681}
  t=   8.25  cb_yield           L25-CB0 {'rot': 0.00662}
  t=   8.25  cb_yield           L28-CB1 {'rot': 0.00654}
  t=   8.38  cb_failure         L15-CB1 {'rot': 0.02101}
  t=   8.38  cb_yield           L20-CB2 {'rot': 0.00729}
  t=   8.38  cb_yield           L23-CB3 {'rot': 0.00655}
  t=   8.50  cb_yield           L2-CB1 {'rot': 0.00598}
  t=   8.63  cb_failure         L11-CB1 {'rot': 0.01996}
  t=   8.63  cb_failure         L12-CB1 {'rot': 0.02005}
  t=   8.75  cb_failure         L8-CB1 {'rot': 0.0199}
  t=   8.75  cb_failure         L9-CB1 {'rot': 0.02089}
  t=   8.75  cb_failure         L10-CB1 {'rot': 0.02154}
  t=   8.75  cb_failure         L13-CB1 {'rot': 0.02154}
  t=   8.75  cb_failure         L14-CB1 {'rot': 0.02092}
  t=   8.75  cb_yield           L21-CB2 {'rot': 0.00673}
  t=   8.75  cb_yield           L24-CB3 {'rot': 0.00662}
  t=   8.88  cb_failure         L10-CB0 {'rot': 0.02043}
  t=   8.88  cb_failure         L10-CB3 {'rot': 0.02004}
  t=   8.88  cb_failure         L11-CB0 {'rot': 0.02083}
  t=   8.88  cb_failure         L11-CB3 {'rot': 0.02059}
  t=   8.88  cb_failure         L12-CB0 {'rot': 0.02089}
  t=   8.88  cb_failure         L12-CB3 {'rot': 0.02081}
  t=   8.88  cb_failure         L13-CB0 {'rot': 0.02058}
  t=   8.88  cb_failure         L13-CB3 {'rot': 0.02067}
  t=   8.88  cb_failure         L14-CB0 {'rot': 0.01992}
  t=   8.88  cb_failure         L14-CB3 {'rot': 0.02021}
  t=   8.88  cb_failure         L16-CB1 {'rot': 0.02018}
  t=   9.00  cb_failure         L15-CB0 {'rot': 0.01997}
  t=   9.00  cb_failure         L15-CB3 {'rot': 0.02098}
  t=   9.00  cb_failure         L16-CB3 {'rot': 0.02032}
  t=   9.00  cb_yield           L22-CB2 {'rot': 0.00711}
  t=   9.25  cb_yield           L23-CB2 {'rot': 0.00755}
  t=   9.25  cb_yield           L25-CB3 {'rot': 0.00745}
  t=   9.38  cb_yield           L26-CB3 {'rot': 0.0071}
  t=   9.38  cb_yield           L27-CB3 {'rot': 0.00657}
  t=   9.50  cb_yield           L2-CB3 {'rot': 0.00625}
  t=   9.63  cb_yield           L2-CB0 {'rot': 0.00688}
  t=   9.63  cb_yield           L2-CB2 {'rot': 0.00722}
  t=  10.00  cb_failure         L9-CB3 {'rot': 0.02048}
  progress t=  10.0s  max corner drift so far=0.0045  wall clock=154s
  t=  10.13  cb_failure         L11-CB2 {'rot': 0.01998}
  t=  10.50  cb_yield           L29-CB1 {'rot': 0.00697}
  t=  10.50  cb_yield           L30-CB1 {'rot': 0.00665}
  t=  10.63  cb_yield           L26-CB0 {'rot': 0.00785}
  t=  10.63  cb_yield           L27-CB0 {'rot': 0.00727}
  t=  10.63  cb_yield           L28-CB0 {'rot': 0.00668}
  t=  10.63  cb_yield           L31-CB1 {'rot': 0.00735}
  t=  10.63  cb_yield           L32-CB1 {'rot': 0.00698}
  t=  10.63  cb_yield           L33-CB1 {'rot': 0.00676}
  t=  10.75  cb_yield           L24-CB2 {'rot': 0.00732}
  t=  10.75  cb_yield           L25-CB2 {'rot': 0.00698}
  t=  10.75  cb_yield           L26-CB2 {'rot': 0.00655}
  t=  10.75  cb_yield           L28-CB3 {'rot': 0.00794}
  t=  10.75  cb_yield           L29-CB0 {'rot': 0.00663}
  t=  10.75  cb_yield           L29-CB3 {'rot': 0.0071}
  t=  10.88  cb_yield           L27-CB2 {'rot': 0.00727}
  t=  10.88  cb_yield           L28-CB2 {'rot': 0.00687}
  t=  10.88  cb_yield           L30-CB3 {'rot': 0.00846}
  t=  10.88  cb_yield           L31-CB3 {'rot': 0.00774}
  t=  10.88  cb_yield           L32-CB3 {'rot': 0.00713}
  t=  11.00  cb_yield           L33-CB3 {'rot': 0.00656}
  t=  11.50  cb_yield           L30-CB0 {'rot': 0.00692}
  t=  11.63  cb_failure         L16-CB0 {'rot': 0.02138}
  t=  11.63  cb_failure         L17-CB0 {'rot': 0.02144}
  t=  11.63  cb_failure         L17-CB1 {'rot': 0.02099}
  t=  11.63  cb_failure         L18-CB0 {'rot': 0.02118}
  t=  11.63  cb_failure         L18-CB1 {'rot': 0.02069}
  t=  11.63  cb_failure         L19-CB0 {'rot': 0.02064}
  t=  11.75  cb_failure         L19-CB1 {'rot': 0.02637}
  t=  11.75  cb_failure         L20-CB0 {'rot': 0.02575}
  t=  11.75  cb_failure         L20-CB1 {'rot': 0.02576}
  t=  11.75  cb_failure         L21-CB0 {'rot': 0.02468}
  t=  11.75  cb_failure         L21-CB1 {'rot': 0.02467}
  t=  11.75  cb_failure         L22-CB0 {'rot': 0.02303}
  t=  11.75  cb_failure         L22-CB1 {'rot': 0.02304}
  t=  11.75  cb_failure         L23-CB0 {'rot': 0.02084}
  t=  11.75  cb_failure         L23-CB1 {'rot': 0.02091}
  t=  11.88  cb_failure         L17-CB3 {'rot': 0.02119}
  t=  11.88  cb_failure         L18-CB2 {'rot': 0.0216}
  t=  11.88  cb_failure         L18-CB3 {'rot': 0.02233}
  t=  11.88  cb_failure         L19-CB2 {'rot': 0.02221}
  t=  11.88  cb_failure         L19-CB3 {'rot': 0.02287}
  t=  11.88  cb_failure         L20-CB2 {'rot': 0.02224}
  t=  11.88  cb_failure         L20-CB3 {'rot': 0.02286}
  t=  11.88  cb_failure         L21-CB2 {'rot': 0.02171}
  t=  11.88  cb_failure         L21-CB3 {'rot': 0.02231}
  t=  11.88  cb_failure         L22-CB3 {'rot': 0.02107}
  t=  11.88  cb_failure         L23-CB2 {'rot': 0.02257}
  t=  11.88  cb_failure         L24-CB0 {'rot': 0.02331}
  t=  11.88  cb_failure         L24-CB1 {'rot': 0.02332}
  t=  12.00  cb_failure         L17-CB2 {'rot': 0.02221}
  t=  12.00  cb_failure         L22-CB2 {'rot': 0.02529}
  t=  12.00  cb_failure         L23-CB3 {'rot': 0.02412}
  t=  12.00  cb_failure         L24-CB2 {'rot': 0.02118}
  t=  12.00  cb_failure         L24-CB3 {'rot': 0.0216}
  t=  12.00  cb_failure         L25-CB0 {'rot': 0.02339}
  t=  12.00  cb_failure         L25-CB1 {'rot': 0.02333}
  t=  12.13  cb_failure         L25-CB2 {'rot': 0.02184}
  t=  12.13  cb_failure         L25-CB3 {'rot': 0.02246}
  t=  12.13  cb_failure         L26-CB0 {'rot': 0.02158}
  t=  12.13  cb_failure         L26-CB1 {'rot': 0.0219}
  t=  12.13  cb_yield           L29-CB2 {'rot': 0.00727}
  t=  12.25  cb_failure         L26-CB2 {'rot': 0.02193}
  t=  12.25  cb_failure         L26-CB3 {'rot': 0.02296}
  t=  12.25  cb_failure         L27-CB2 {'rot': 0.02256}
  t=  12.25  cb_failure         L28-CB0 {'rot': 0.02134}
  t=  12.25  cb_failure         L28-CB1 {'rot': 0.0229}
  t=  12.25  cb_failure         L28-CB2 {'rot': 0.02119}
  t=  12.25  cb_yield           L30-CB2 {'rot': 0.00897}
  t=  12.25  cb_yield           L31-CB0 {'rot': 0.00676}
  t=  12.25  cb_yield           L31-CB2 {'rot': 0.00673}
  t=  12.38  cb_failure         L27-CB3 {'rot': 0.02239}
  t=  12.38  cb_yield           L32-CB2 {'rot': 0.00814}
  t=  12.38  cb_yield           L33-CB2 {'rot': 0.00728}
  t=  12.75  cb_yield           L1-CB0 {'rot': 0.0069}
  t=  12.75  cb_yield           L1-CB1 {'rot': 0.00668}
  t=  12.75  cb_failure         L9-CB0 {'rot': 0.02078}
  t=  12.88  cb_yield           L1-CB2 {'rot': 0.00664}
  t=  12.88  cb_yield           L1-CB3 {'rot': 0.0062}
  t=  12.88  cb_failure         L6-CB0 {'rot': 0.02121}
  t=  12.88  cb_failure         L6-CB1 {'rot': 0.02033}
  t=  12.88  cb_failure         L7-CB0 {'rot': 0.02222}
  t=  12.88  cb_failure         L7-CB1 {'rot': 0.02135}
  t=  12.88  cb_failure         L8-CB0 {'rot': 0.02285}
  t=  13.00  cb_failure         L5-CB0 {'rot': 0.02186}
  t=  13.00  cb_failure         L5-CB1 {'rot': 0.02079}
  t=  13.00  cb_failure         L5-CB2 {'rot': 0.0206}
  t=  13.00  cb_failure         L6-CB2 {'rot': 0.02251}
  t=  13.00  cb_failure         L6-CB3 {'rot': 0.02158}
  t=  13.00  cb_failure         L7-CB2 {'rot': 0.02374}
  t=  13.00  cb_failure         L7-CB3 {'rot': 0.02267}
  t=  13.00  cb_failure         L8-CB2 {'rot': 0.02442}
  t=  13.00  cb_failure         L8-CB3 {'rot': 0.02325}
  t=  13.00  cb_failure         L9-CB2 {'rot': 0.02467}
  t=  13.00  cb_failure         L10-CB2 {'rot': 0.02452}
  t=  13.00  cb_failure         L12-CB2 {'rot': 0.02313}
  t=  13.00  cb_failure         L13-CB2 {'rot': 0.02179}
  t=  13.00  cb_failure         L14-CB2 {'rot': 0.02007}
  t=  13.13  cb_failure         L5-CB3 {'rot': 0.02178}
  t=  13.13  cb_failure         L15-CB2 {'rot': 0.02199}
  t=  13.25  cb_failure         L4-CB2 {'rot': 0.02009}
  t=  13.25  cb_failure         L16-CB2 {'rot': 0.02139}
  t=  14.88  cb_yield           L32-CB0 {'rot': 0.00833}
  t=  14.88  cb_yield           L33-CB0 {'rot': 0.00768}
  t=  15.38  cb_failure         L28-CB3 {'rot': 0.0266}
  t=  15.38  cb_failure         L29-CB3 {'rot': 0.02583}
  t=  15.38  cb_failure         L30-CB3 {'rot': 0.02504}
  t=  15.38  cb_failure         L31-CB3 {'rot': 0.02436}
  t=  15.38  cb_failure         L32-CB3 {'rot': 0.02385}
  t=  15.38  cb_failure         L33-CB3 {'rot': 0.02333}
  t=  15.50  cb_failure         L27-CB1 {'rot': 0.02082}
  t=  15.50  cb_failure         L29-CB1 {'rot': 0.02246}
  t=  15.63  cb_failure         L29-CB2 {'rot': 0.02173}
  t=  15.63  cb_failure         L30-CB1 {'rot': 0.02928}
  t=  15.63  cb_failure         L30-CB2 {'rot': 0.02105}
  t=  15.63  cb_failure         L31-CB1 {'rot': 0.02861}
  t=  15.63  cb_failure         L32-CB1 {'rot': 0.02807}
  t=  15.63  cb_failure         L33-CB1 {'rot': 0.0278}
  t=  15.75  cb_failure         L31-CB2 {'rot': 0.02789}
  t=  15.75  cb_failure         L32-CB2 {'rot': 0.02745}
  t=  15.75  cb_failure         L33-CB2 {'rot': 0.02728}
  t=  15.88  cb_failure         L27-CB0 {'rot': 0.0258}
  t=  15.88  cb_failure         L29-CB0 {'rot': 0.02532}
  t=  15.88  cb_failure         L30-CB0 {'rot': 0.02484}
  t=  15.88  cb_failure         L31-CB0 {'rot': 0.02434}
  t=  15.88  cb_failure         L32-CB0 {'rot': 0.02393}
  t=  15.88  cb_failure         L33-CB0 {'rot': 0.02378}
  t=  17.00  cb_failure         L4-CB1 {'rot': 0.02075}
  t=  17.38  cb_failure         L3-CB1 {'rot': 0.02092}
  t=  17.63  cb_failure         L4-CB0 {'rot': 0.02008}
  progress t=  20.0s  max corner drift so far=0.0112  wall clock=322s
  t=  20.12  cb_failure         L4-CB3 {'rot': 0.02273}
  t=  20.25  cb_failure         L3-CB3 {'rot': 0.02241}
  t=  29.87  cb_failure         L2-CB1 {'rot': 0.02186}
  t=  29.87  cb_failure         L3-CB0 {'rot': 0.0211}
  progress t=  30.0s  max corner drift so far=0.0122  wall clock=496s
  progress t=  40.0s  max corner drift so far=0.0122  wall clock=671s
  t=  43.00  cb_failure         L3-CB2 {'rot': 0.02026}
  t=  43.12  cb_failure         L2-CB2 {'rot': 0.02058}
  t=  43.12  cb_failure         L2-CB3 {'rot': 0.02109}
  progress t=  50.0s  max corner drift so far=0.0145  wall clock=845s
  progress t=  60.0s  max corner drift so far=0.0146  wall clock=1029s
  progress t=  70.0s  max corner drift so far=0.0146  wall clock=1198s
  progress t=  80.0s  max corner drift so far=0.0146  wall clock=1353s
  progress t=  90.0s  max corner drift so far=0.0146  wall clock=1509s
  progress t= 100.0s  max corner drift so far=0.0146  wall clock=1670s
