  t=   2.75  cb_yield           L21-CB3 {'rot': 0.0055}
  t=   2.75  cb_yield           L22-CB3 {'rot': 0.00555}
  t=   2.75  cb_yield           L23-CB3 {'rot': 0.00553}
  t=   4.25  cb_yield           L4-CB0 {'rot': 0.00497}
  t=   4.25  cb_yield           L5-CB0 {'rot': 0.00545}
  t=   4.25  cb_yield           L5-CB1 {'rot': 0.00523}
  t=   4.25  cb_yield           L6-CB0 {'rot': 0.00576}
  t=   4.25  cb_yield           L6-CB1 {'rot': 0.00552}
  t=   4.25  cb_yield           L7-CB0 {'rot': 0.00593}
  t=   4.25  cb_yield           L7-CB1 {'rot': 0.00567}
  t=   4.25  cb_yield           L8-CB0 {'rot': 0.00598}
  t=   4.25  cb_yield           L8-CB1 {'rot': 0.00569}
  t=   4.25  cb_yield           L9-CB0 {'rot': 0.00593}
  t=   4.25  cb_yield           L9-CB1 {'rot': 0.00562}
  t=   4.25  cb_yield           L10-CB0 {'rot': 0.00579}
  t=   4.25  cb_yield           L10-CB1 {'rot': 0.00546}
  t=   4.25  cb_yield           L11-CB0 {'rot': 0.00559}
  t=   4.25  cb_yield           L11-CB1 {'rot': 0.00523}
  t=   4.25  cb_yield           L12-CB0 {'rot': 0.00533}
  t=   4.25  cb_yield           L12-CB1 {'rot': 0.00495}
  t=   4.25  cb_yield           L13-CB0 {'rot': 0.00502}
  t=   4.37  cb_yield           L3-CB0 {'rot': 0.00586}
  t=   4.37  cb_yield           L3-CB1 {'rot': 0.00563}
  t=   4.37  cb_yield           L3-CB2 {'rot': 0.00531}
  t=   4.37  cb_yield           L3-CB3 {'rot': 0.00511}
  t=   4.37  cb_yield           L4-CB1 {'rot': 0.00651}
  t=   4.37  cb_yield           L4-CB2 {'rot': 0.00604}
  t=   4.37  cb_yield           L4-CB3 {'rot': 0.00581}
  t=   4.37  cb_yield           L5-CB2 {'rot': 0.0065}
  t=   4.37  cb_yield           L5-CB3 {'rot': 0.00623}
  t=   4.37  cb_yield           L6-CB2 {'rot': 0.00668}
  t=   4.37  cb_yield           L6-CB3 {'rot': 0.00639}
  t=   4.37  cb_yield           L7-CB2 {'rot': 0.00663}
  t=   4.37  cb_yield           L7-CB3 {'rot': 0.00631}
  t=   4.37  cb_yield           L8-CB2 {'rot': 0.00638}
  t=   4.37  cb_yield           L8-CB3 {'rot': 0.00604}
  t=   4.37  cb_yield           L9-CB2 {'rot': 0.00597}
  t=   4.37  cb_yield           L9-CB3 {'rot': 0.0056}
  t=   4.37  cb_yield           L10-CB2 {'rot': 0.00543}
  t=   4.37  cb_yield           L10-CB3 {'rot': 0.00504}
  t=   4.37  cb_yield           L13-CB1 {'rot': 0.00528}
  t=   4.37  cb_yield           L14-CB0 {'rot': 0.00517}
  t=   4.50  cb_yield           L2-CB0 {'rot': 0.00536}
  t=   4.50  cb_yield           L2-CB1 {'rot': 0.00515}
  t=   4.50  cb_yield           L2-CB2 {'rot': 0.00492}
  t=   4.50  cb_yield           L11-CB2 {'rot': 0.00529}
  t=   6.00  cb_yield           L11-CB3 {'rot': 0.00497}
  t=   6.00  cb_yield           L12-CB2 {'rot': 0.00495}
  t=   7.50  cb_yield           L14-CB1 {'rot': 0.00498}
  t=   7.50  cb_yield           L15-CB1 {'rot': 0.00504}
  t=   7.50  cb_yield           L16-CB1 {'rot': 0.00508}
  t=   7.75  cb_yield           L17-CB1 {'rot': 0.0058}
  t=   7.75  cb_yield           L18-CB1 {'rot': 0.00589}
  t=   7.75  cb_yield           L19-CB1 {'rot': 0.00595}
  t=   7.75  cb_yield           L20-CB1 {'rot': 0.00598}
  t=   7.75  cb_yield           L21-CB1 {'rot': 0.00598}
  t=   7.75  cb_yield           L22-CB1 {'rot': 0.00592}
  t=   7.75  cb_yield           L23-CB1 {'rot': 0.0058}
  t=   7.75  cb_yield           L24-CB1 {'rot': 0.00562}
  t=   7.88  cb_yield           L15-CB0 {'rot': 0.00588}
  t=   7.88  cb_yield           L16-CB0 {'rot': 0.00584}
  t=   7.88  cb_yield           L17-CB0 {'rot': 0.00579}
  t=   7.88  cb_yield           L18-CB0 {'rot': 0.00572}
  t=   7.88  cb_yield           L19-CB0 {'rot': 0.00563}
  t=   7.88  cb_yield           L20-CB0 {'rot': 0.00552}
  t=   7.88  cb_yield           L25-CB1 {'rot': 0.00548}
  t=   8.00  cb_yield           L12-CB3 {'rot': 0.00549}
  t=   8.00  cb_yield           L13-CB3 {'rot': 0.00543}
  t=   8.00  cb_yield           L14-CB3 {'rot': 0.00534}
  t=   8.00  cb_yield           L15-CB3 {'rot': 0.00524}
  t=   8.00  cb_yield           L16-CB3 {'rot': 0.00512}
  t=   8.00  cb_yield           L21-CB0 {'rot': 0.00561}
  t=   8.13  cb_yield           L13-CB2 {'rot': 0.00704}
  t=   8.13  cb_yield           L14-CB2 {'rot': 0.00666}
  t=   8.13  cb_yield           L15-CB2 {'rot': 0.00621}
  t=   8.13  cb_yield           L16-CB2 {'rot': 0.0057}
  t=   8.13  cb_yield           L17-CB3 {'rot': 0.00615}
  t=   8.13  cb_yield           L18-CB3 {'rot': 0.0055}
  t=   8.13  cb_yield           L22-CB0 {'rot': 0.00544}
  t=   8.25  cb_yield           L2-CB3 {'rot': 0.00516}
  t=   8.25  cb_yield           L17-CB2 {'rot': 0.00566}
  t=   8.50  cb_yield           L1-CB1 {'rot': 0.00507}
  t=   8.63  cb_yield           L1-CB0 {'rot': 0.00495}
  t=   8.63  cb_failure         L8-CB1 {'rot': 0.01928}
  t=   8.63  cb_failure         L9-CB1 {'rot': 0.01948}
  t=   8.63  cb_failure         L10-CB1 {'rot': 0.01933}
  t=   8.63  cb_yield           L18-CB2 {'rot': 0.00547}
  t=   8.63  cb_yield           L19-CB3 {'rot': 0.00597}
  t=   8.75  cb_failure         L7-CB1 {'rot': 0.01904}
  t=   8.75  cb_failure         L9-CB0 {'rot': 0.01897}
  t=   8.75  cb_failure         L10-CB0 {'rot': 0.01893}
  t=   8.75  cb_failure         L11-CB1 {'rot': 0.01988}
  t=   8.75  cb_failure         L12-CB1 {'rot': 0.01927}
  t=   8.75  cb_yield           L19-CB2 {'rot': 0.00573}
  t=   8.75  cb_yield           L20-CB3 {'rot': 0.00637}
  t=   8.88  cb_failure         L13-CB1 {'rot': 0.01948}
  t=   8.88  cb_yield           L20-CB2 {'rot': 0.0067}
  t=   8.88  cb_yield           L21-CB2 {'rot': 0.00554}
  t=   9.00  cb_failure         L14-CB1 {'rot': 0.0192}
  t=   9.00  cb_failure         L17-CB1 {'rot': 0.0197}
  t=   9.00  cb_yield           L22-CB2 {'rot': 0.00637}
  t=   9.00  cb_yield           L24-CB3 {'rot': 0.00616}
  t=   9.00  cb_yield           L25-CB3 {'rot': 0.00545}
  t=   9.13  cb_yield           L23-CB2 {'rot': 0.00738}
  t=   9.13  cb_yield           L24-CB2 {'rot': 0.00626}
  t=   9.13  cb_yield           L26-CB3 {'rot': 0.00642}
  t=   9.13  cb_yield           L27-CB3 {'rot': 0.00579}
  t=   9.25  cb_yield           L25-CB2 {'rot': 0.00733}
  t=   9.25  cb_yield           L26-CB2 {'rot': 0.00642}
  t=   9.25  cb_yield           L27-CB2 {'rot': 0.00561}
  t=   9.25  cb_yield           L28-CB3 {'rot': 0.0068}
  t=   9.25  cb_yield           L29-CB3 {'rot': 0.00621}
  t=   9.25  cb_yield           L30-CB3 {'rot': 0.00572}
  t=   9.38  cb_yield           L28-CB2 {'rot': 0.00628}
  t=   9.38  cb_yield           L29-CB2 {'rot': 0.00572}
  t=   9.38  cb_yield           L31-CB3 {'rot': 0.00683}
  t=   9.38  cb_yield           L32-CB3 {'rot': 0.00649}
  t=   9.38  cb_yield           L33-CB3 {'rot': 0.0063}
  t=   9.50  cb_yield           L26-CB1 {'rot': 0.00607}
  t=   9.50  cb_yield           L27-CB1 {'rot': 0.00568}
  t=   9.63  cb_yield           L23-CB0 {'rot': 0.00622}
  t=   9.63  cb_yield           L24-CB0 {'rot': 0.00572}
  t=  10.00  cb_failure         L9-CB3 {'rot': 0.01912}
  t=  10.00  cb_failure         L10-CB3 {'rot': 0.01939}
  t=  10.00  cb_failure         L11-CB3 {'rot': 0.01933}
  t=  10.00  cb_failure         L12-CB3 {'rot': 0.01896}
  progress t=  10.0s  max corner drift so far=0.0040  wall clock=131s
  t=  10.50  cb_yield           L25-CB0 {'rot': 0.00546}
  t=  10.50  cb_yield           L28-CB1 {'rot': 0.00637}
  t=  10.50  cb_yield           L29-CB1 {'rot': 0.00612}
  t=  10.50  cb_yield           L30-CB1 {'rot': 0.00589}
  t=  10.50  cb_yield           L31-CB1 {'rot': 0.00567}
  t=  10.50  cb_yield           L32-CB1 {'rot': 0.00549}
  t=  10.63  cb_yield           L26-CB0 {'rot': 0.00661}
  t=  10.63  cb_yield           L27-CB0 {'rot': 0.00617}
  t=  10.63  cb_yield           L28-CB0 {'rot': 0.00568}
  t=  10.63  cb_yield           L33-CB1 {'rot': 0.00602}
  t=  10.88  cb_yield           L30-CB2 {'rot': 0.00612}
  t=  10.88  cb_yield           L31-CB2 {'rot': 0.00558}
  t=  11.00  cb_yield           L1-CB2 {'rot': 0.00566}
  t=  11.00  cb_yield           L1-CB3 {'rot': 0.0055}
  t=  11.13  cb_yield           L32-CB2 {'rot': 0.0057}
  t=  11.13  cb_yield           L33-CB2 {'rot': 0.00559}
  t=  11.50  cb_failure         L11-CB0 {'rot': 0.01891}
  t=  11.50  cb_failure         L12-CB0 {'rot': 0.01928}
  t=  11.50  cb_failure         L13-CB0 {'rot': 0.0195}
  t=  11.50  cb_failure         L14-CB0 {'rot': 0.01943}
  t=  11.50  cb_failure         L15-CB0 {'rot': 0.0191}
  t=  11.50  cb_yield           L29-CB0 {'rot': 0.00637}
  t=  11.50  cb_yield           L30-CB0 {'rot': 0.00587}
  t=  11.50  cb_yield           L31-CB0 {'rot': 0.00546}
  t=  11.63  cb_failure         L15-CB1 {'rot': 0.0228}
  t=  11.63  cb_failure         L16-CB0 {'rot': 0.0234}
  t=  11.63  cb_failure         L16-CB1 {'rot': 0.0228}
  t=  11.63  cb_failure         L17-CB0 {'rot': 0.02306}
  t=  11.63  cb_failure         L18-CB0 {'rot': 0.02238}
  t=  11.63  cb_failure         L18-CB1 {'rot': 0.02165}
  t=  11.63  cb_failure         L19-CB0 {'rot': 0.02133}
  t=  11.63  cb_failure         L19-CB1 {'rot': 0.02058}
  t=  11.63  cb_failure         L20-CB0 {'rot': 0.01993}
  t=  11.75  cb_failure         L20-CB1 {'rot': 0.02548}
  t=  11.75  cb_failure         L20-CB2 {'rot': 0.01968}
  t=  11.75  cb_failure         L21-CB0 {'rot': 0.02433}
  t=  11.75  cb_failure         L21-CB1 {'rot': 0.02394}
  t=  11.75  cb_failure         L22-CB0 {'rot': 0.02217}
  t=  11.75  cb_failure         L22-CB1 {'rot': 0.02179}
  t=  11.75  cb_failure         L23-CB0 {'rot': 0.01969}
  t= 11.850  solver fallback: Newton
  t=  11.88  cb_failure         L15-CB3 {'rot': 0.01893}
  t=  11.88  cb_failure         L16-CB2 {'rot': 0.01963}
  t=  11.88  cb_failure         L16-CB3 {'rot': 0.02038}
  t=  11.88  cb_failure         L17-CB2 {'rot': 0.02101}
  t=  11.88  cb_failure         L17-CB3 {'rot': 0.02169}
  t=  11.88  cb_failure         L18-CB2 {'rot': 0.02184}
  t=  11.88  cb_failure         L18-CB3 {'rot': 0.02246}
  t=  11.88  cb_failure         L19-CB2 {'rot': 0.02212}
  t=  11.88  cb_failure         L19-CB3 {'rot': 0.02265}
  t=  11.88  cb_failure         L20-CB3 {'rot': 0.02232}
  t=  11.88  cb_failure         L21-CB2 {'rot': 0.02095}
  t=  11.88  cb_failure         L21-CB3 {'rot': 0.02141}
  t=  11.88  cb_failure         L22-CB2 {'rot': 0.01965}
  t=  11.88  cb_failure         L22-CB3 {'rot': 0.01979}
  t=  11.88  cb_failure         L23-CB1 {'rot': 0.0233}
  t=  11.88  cb_failure         L24-CB0 {'rot': 0.02023}
  t=  11.88  cb_failure         L24-CB1 {'rot': 0.02016}
  t= 11.875  solver fallback: Newton
  t=  12.00  cb_failure         L23-CB2 {'rot': 0.02046}
  t=  12.00  cb_failure         L23-CB3 {'rot': 0.02123}
  t=  12.00  cb_failure         L24-CB2 {'rot': 0.01981}
  t=  12.00  cb_failure         L25-CB1 {'rot': 0.01956}
  t=  12.00  cb_failure         L25-CB2 {'rot': 0.01993}
  t=  12.00  cb_failure         L26-CB0 {'rot': 0.01997}
  t=  12.13  cb_failure         L24-CB3 {'rot': 0.02262}
  t=  12.13  cb_failure         L25-CB0 {'rot': 0.02104}
  t=  12.13  cb_failure         L25-CB3 {'rot': 0.02044}
  t=  12.13  cb_failure         L26-CB2 {'rot': 0.01989}
  t=  12.13  cb_failure         L27-CB0 {'rot': 0.01996}
  t=  12.25  cb_failure         L26-CB1 {'rot': 0.02166}
  t=  12.25  cb_failure         L26-CB3 {'rot': 0.02224}
  t=  12.25  cb_failure         L27-CB2 {'rot': 0.01984}
  t=  12.25  cb_failure         L27-CB3 {'rot': 0.01999}
  t=  12.25  cb_failure         L28-CB0 {'rot': 0.01975}
  t=  12.25  cb_failure         L28-CB2 {'rot': 0.01992}
  t=  12.38  cb_failure         L27-CB1 {'rot': 0.02001}
  t=  12.38  cb_failure         L28-CB3 {'rot': 0.0205}
  t=  12.38  cb_failure         L29-CB2 {'rot': 0.01992}
  t=  12.38  cb_yield           L32-CB0 {'rot': 0.00686}
  t=  12.38  cb_yield           L33-CB0 {'rot': 0.00548}
  t=  12.50  cb_failure         L30-CB2 {'rot': 0.01992}
  t=  12.88  cb_failure         L6-CB0 {'rot': 0.01965}
  t=  12.88  cb_failure         L7-CB0 {'rot': 0.02076}
  t=  12.88  cb_failure         L8-CB0 {'rot': 0.02152}
  t=  12.88  cb_failure         L8-CB2 {'rot': 0.01905}
  t=  12.88  cb_failure         L9-CB2 {'rot': 0.01919}
  t=  12.88  cb_failure         L10-CB2 {'rot': 0.01906}
  t=  13.00  cb_failure         L5-CB0 {'rot': 0.01967}
  t=  13.00  cb_failure         L5-CB2 {'rot': 0.01968}
  t=  13.00  cb_failure         L5-CB3 {'rot': 0.01919}
  t=  13.00  cb_failure         L6-CB1 {'rot': 0.02052}
  t=  13.00  cb_failure         L6-CB2 {'rot': 0.02155}
  t=  13.00  cb_failure         L6-CB3 {'rot': 0.02092}
  t=  13.00  cb_failure         L7-CB2 {'rot': 0.02282}
  t=  13.00  cb_failure         L7-CB3 {'rot': 0.02207}
  t=  13.00  cb_failure         L8-CB3 {'rot': 0.02275}
  t=  13.00  cb_failure         L11-CB2 {'rot': 0.02378}
  t=  13.00  cb_failure         L12-CB2 {'rot': 0.02321}
  t=  13.00  cb_failure         L13-CB2 {'rot': 0.02225}
  t=  13.00  cb_failure         L13-CB3 {'rot': 0.02089}
  t=  13.00  cb_failure         L14-CB2 {'rot': 0.02093}
  t=  13.00  cb_failure         L14-CB3 {'rot': 0.01957}
  t=  13.00  cb_failure         L15-CB2 {'rot': 0.01935}
  t=  13.13  cb_failure         L5-CB1 {'rot': 0.01914}
  t=  14.38  cb_failure         L31-CB2 {'rot': 0.01987}
  t=  14.50  cb_failure         L29-CB3 {'rot': 0.02103}
  t=  14.50  cb_failure         L32-CB2 {'rot': 0.01984}
  t= 14.500  solver fallback: Newton
  t=  14.63  cb_failure         L29-CB0 {'rot': 0.01961}
  t= 14.625  solver fallback: Newton
  t= 14.650  solver fallback: Newton
  t=  14.75  cb_failure         L30-CB0 {'rot': 0.01981}
  t=  14.75  cb_failure         L31-CB0 {'rot': 0.01984}
  t=  14.75  cb_failure         L33-CB2 {'rot': 0.01977}
  t=  14.88  cb_failure         L30-CB1 {'rot': 0.01963}
  t=  14.88  cb_failure         L32-CB0 {'rot': 0.01972}
  t=  14.88  cb_failure         L33-CB0 {'rot': 0.01989}
  t=  14.88  cb_failure         L33-CB1 {'rot': 0.01974}
  t=  15.38  cb_failure         L30-CB3 {'rot': 0.0229}
  t=  15.38  cb_failure         L31-CB3 {'rot': 0.02215}
  t=  15.38  cb_failure         L32-CB3 {'rot': 0.02164}
  t=  15.38  cb_failure         L33-CB3 {'rot': 0.0214}
  t=  15.63  cb_failure         L28-CB1 {'rot': 0.0282}
  t=  15.63  cb_failure         L29-CB1 {'rot': 0.028}
  t=  15.63  cb_failure         L31-CB1 {'rot': 0.02718}
  t=  15.63  cb_failure         L32-CB1 {'rot': 0.0268}
  t=  17.25  cb_failure         L4-CB1 {'rot': 0.01928}
  t=  17.50  cb_failure         L3-CB1 {'rot': 0.01895}
  t=  17.50  cb_failure         L4-CB0 {'rot': 0.01941}
  progress t=  20.0s  max corner drift so far=0.0117  wall clock=277s
  t=  20.12  cb_failure         L4-CB3 {'rot': 0.02195}
  t=  20.25  cb_failure         L3-CB3 {'rot': 0.02189}
  t=  20.25  cb_failure         L4-CB2 {'rot': 0.01937}
  t= 24.475  solver fallback: Newton
  t=  29.75  cb_failure         L2-CB1 {'rot': 0.01956}
  t=  29.87  cb_failure         L3-CB0 {'rot': 0.02172}
  progress t=  30.0s  max corner drift so far=0.0117  wall clock=422s
  progress t=  40.0s  max corner drift so far=0.0120  wall clock=570s
  t=  42.87  cb_failure         L3-CB2 {'rot': 0.01892}
  t=  43.12  cb_failure         L2-CB3 {'rot': 0.01982}
  t=  43.25  cb_failure         L2-CB2 {'rot': 0.01949}
  progress t=  50.0s  max corner drift so far=0.0144  wall clock=713s
  progress t=  60.0s  max corner drift so far=0.0150  wall clock=869s
  progress t=  70.0s  max corner drift so far=0.0150  wall clock=1023s
  progress t=  80.0s  max corner drift so far=0.0150  wall clock=1162s
  progress t=  90.0s  max corner drift so far=0.0150  wall clock=1299s
  progress t= 100.0s  max corner drift so far=0.0150  wall clock=1427s
