  t=   7.63  cb_yield           L8-CB3 {'rot': 0.00597}
  t=   7.63  cb_yield           L9-CB3 {'rot': 0.00623}
  t=   7.63  cb_yield           L10-CB2 {'rot': 0.0059}
  t=   7.63  cb_yield           L10-CB3 {'rot': 0.00644}
  t=   7.63  cb_yield           L11-CB2 {'rot': 0.006}
  t=   7.63  cb_yield           L11-CB3 {'rot': 0.00659}
  t=   7.63  cb_yield           L12-CB2 {'rot': 0.00606}
  t=   7.63  cb_yield           L12-CB3 {'rot': 0.00669}
  t=   7.63  cb_yield           L13-CB2 {'rot': 0.00608}
  t=   7.63  cb_yield           L13-CB3 {'rot': 0.00674}
  t=   7.63  cb_yield           L14-CB2 {'rot': 0.00605}
  t=   7.63  cb_yield           L14-CB3 {'rot': 0.00675}
  t=   7.63  cb_yield           L15-CB2 {'rot': 0.00599}
  t=   7.63  cb_yield           L15-CB3 {'rot': 0.00672}
  t=   7.63  cb_yield           L16-CB2 {'rot': 0.00591}
  t=   7.63  cb_yield           L16-CB3 {'rot': 0.00665}
  t=   7.63  cb_yield           L17-CB3 {'rot': 0.00654}
  t=   7.75  cb_yield           L7-CB3 {'rot': 0.00627}
  t=   7.75  cb_yield           L8-CB2 {'rot': 0.00625}
  t=   7.75  cb_yield           L9-CB2 {'rot': 0.00657}
  t=   7.75  cb_yield           L17-CB2 {'rot': 0.00682}
  t=   7.75  cb_yield           L18-CB3 {'rot': 0.00732}
  t=   7.75  cb_yield           L19-CB3 {'rot': 0.00692}
  t=   7.88  cb_yield           L6-CB2 {'rot': 0.0059}
  t=   7.88  cb_yield           L6-CB3 {'rot': 0.00625}
  t=   7.88  cb_yield           L7-CB2 {'rot': 0.00644}
  t=   7.88  cb_yield           L9-CB1 {'rot': 0.00602}
  t=   7.88  cb_yield           L10-CB1 {'rot': 0.00613}
  t=   7.88  cb_yield           L11-CB1 {'rot': 0.00614}
  t=   7.88  cb_yield           L12-CB1 {'rot': 0.00605}
  t=   8.00  cb_yield           L5-CB3 {'rot': 0.00618}
  t=   8.13  cb_yield           L5-CB2 {'rot': 0.00611}
  progress t=  10.0s  max corner drift so far=0.0026  wall clock=151s
  t=  10.38  cb_yield           L4-CB2 {'rot': 0.00601}
  t=  10.50  cb_yield           L18-CB2 {'rot': 0.007}
  t=  10.50  cb_yield           L19-CB2 {'rot': 0.00697}
  t=  10.50  cb_yield           L20-CB2 {'rot': 0.00691}
  t=  10.50  cb_yield           L21-CB2 {'rot': 0.00682}
  t=  10.50  cb_yield           L22-CB2 {'rot': 0.00669}
  t=  10.50  cb_yield           L23-CB2 {'rot': 0.00653}
  t=  10.63  cb_yield           L20-CB3 {'rot': 0.00729}
  t=  10.63  cb_yield           L21-CB3 {'rot': 0.00689}
  t=  10.88  cb_yield           L4-CB3 {'rot': 0.00628}
  t=  11.13  cb_yield           L3-CB2 {'rot': 0.00615}
  t=  11.13  cb_yield           L3-CB3 {'rot': 0.00627}
  t=  12.75  cb_yield           L5-CB1 {'rot': 0.00635}
  t=  12.75  cb_yield           L6-CB0 {'rot': 0.00631}
  t=  12.75  cb_yield           L6-CB1 {'rot': 0.00699}
  t=  12.75  cb_yield           L7-CB0 {'rot': 0.00675}
  t=  12.75  cb_yield           L7-CB1 {'rot': 0.00751}
  t=  12.75  cb_yield           L8-CB0 {'rot': 0.00708}
  t=  12.75  cb_yield           L8-CB1 {'rot': 0.0079}
  t=  12.75  cb_yield           L9-CB0 {'rot': 0.00727}
  t=  12.75  cb_yield           L10-CB0 {'rot': 0.00735}
  t=  12.75  cb_yield           L11-CB0 {'rot': 0.00733}
  t=  12.75  cb_yield           L12-CB0 {'rot': 0.00722}
  t=  12.75  cb_yield           L13-CB0 {'rot': 0.00702}
  t=  12.75  cb_yield           L13-CB1 {'rot': 0.00821}
  t=  12.75  cb_yield           L14-CB0 {'rot': 0.00675}
  t=  12.75  cb_yield           L14-CB1 {'rot': 0.00799}
  t=  12.75  cb_yield           L15-CB0 {'rot': 0.00643}
  t=  12.75  cb_yield           L15-CB1 {'rot': 0.0077}
  t=  12.75  cb_yield           L16-CB0 {'rot': 0.00609}
  t=  12.75  cb_yield           L16-CB1 {'rot': 0.00737}
  t=  12.75  cb_yield           L17-CB1 {'rot': 0.00695}
  t=  12.75  cb_yield           L22-CB3 {'rot': 0.00732}
  t=  12.75  cb_yield           L23-CB3 {'rot': 0.00699}
  t=  12.75  cb_yield           L24-CB3 {'rot': 0.00667}
  t=  12.88  cb_yield           L4-CB1 {'rot': 0.00616}
  t=  12.88  cb_yield           L5-CB0 {'rot': 0.00643}
  t=  12.88  cb_yield           L17-CB0 {'rot': 0.00854}
  t=  12.88  cb_yield           L18-CB0 {'rot': 0.00781}
  t=  12.88  cb_yield           L18-CB1 {'rot': 0.00973}
  t=  12.88  cb_yield           L19-CB0 {'rot': 0.00706}
  t=  12.88  cb_yield           L19-CB1 {'rot': 0.00898}
  t=  12.88  cb_yield           L20-CB1 {'rot': 0.0082}
  t=  12.88  cb_yield           L21-CB1 {'rot': 0.0074}
  t=  12.88  cb_yield           L22-CB1 {'rot': 0.00662}
  t=  12.88  cb_yield           L25-CB3 {'rot': 0.00768}
  t=  12.88  cb_yield           L26-CB3 {'rot': 0.00711}
  t=  12.88  cb_yield           L27-CB3 {'rot': 0.00657}
  t=  13.00  cb_yield           L20-CB0 {'rot': 0.00832}
  t=  13.00  cb_yield           L21-CB0 {'rot': 0.00714}
  t=  13.00  cb_yield           L23-CB1 {'rot': 0.00733}
  t=  13.00  cb_yield           L24-CB2 {'rot': 0.00723}
  t=  13.00  cb_yield           L28-CB3 {'rot': 0.00668}
  t=  13.13  cb_failure         L11-CB3 {'rot': 0.02087}
  t=  13.13  cb_failure         L12-CB3 {'rot': 0.02189}
  t=  13.13  cb_failure         L13-CB2 {'rot': 0.0201}
  t=  13.13  cb_failure         L13-CB3 {'rot': 0.02259}
  t=  13.13  cb_failure         L14-CB2 {'rot': 0.02036}
  t=  13.13  cb_failure         L14-CB3 {'rot': 0.02296}
  t=  13.13  cb_failure         L15-CB2 {'rot': 0.02029}
  t=  13.13  cb_failure         L15-CB3 {'rot': 0.02299}
  t=  13.13  cb_failure         L16-CB2 {'rot': 0.01991}
  t=  13.13  cb_failure         L16-CB3 {'rot': 0.02269}
  t=  13.13  cb_failure         L17-CB3 {'rot': 0.02198}
  t=  13.13  cb_failure         L18-CB2 {'rot': 0.02252}
  t=  13.13  cb_failure         L18-CB3 {'rot': 0.02095}
  t=  13.13  cb_yield           L22-CB0 {'rot': 0.00698}
  t=  13.13  cb_yield           L24-CB1 {'rot': 0.00709}
  t=  13.13  cb_yield           L25-CB2 {'rot': 0.00686}
  t=  13.25  cb_failure         L10-CB3 {'rot': 0.02068}
  t=  13.25  cb_failure         L11-CB2 {'rot': 0.02005}
  t=  13.25  cb_failure         L12-CB2 {'rot': 0.02131}
  t=  13.25  cb_failure         L14-CB1 {'rot': 0.02025}
  t=  13.25  cb_failure         L15-CB1 {'rot': 0.02033}
  t=  13.25  cb_failure         L16-CB1 {'rot': 0.0201}
  t=  13.25  cb_failure         L17-CB2 {'rot': 0.02214}
  t=  13.25  cb_failure         L19-CB3 {'rot': 0.02301}
  t=  13.25  cb_failure         L20-CB3 {'rot': 0.02128}
  t=  13.25  cb_yield           L23-CB0 {'rot': 0.00672}
  t=  13.25  cb_yield           L25-CB1 {'rot': 0.00662}
  t=  13.38  cb_failure         L13-CB1 {'rot': 0.02015}
  t=  13.38  cb_failure         L17-CB1 {'rot': 0.02108}
  t=  13.38  cb_failure         L19-CB2 {'rot': 0.02227}
  t=  13.38  cb_failure         L20-CB2 {'rot': 0.02068}
  t=  13.38  cb_failure         L21-CB3 {'rot': 0.02188}
  t=  13.38  cb_yield           L26-CB2 {'rot': 0.00674}
  t=  13.50  cb_failure         L18-CB1 {'rot': 0.0212}
  t=  13.50  cb_failure         L19-CB1 {'rot': 0.02058}
  t=  13.50  cb_failure         L22-CB3 {'rot': 0.0215}
  t=  13.50  cb_yield           L24-CB0 {'rot': 0.00762}
  t=  13.50  cb_yield           L29-CB3 {'rot': 0.00706}
  t=  13.63  cb_yield           L26-CB1 {'rot': 0.00749}
  t=  13.63  cb_yield           L27-CB2 {'rot': 0.00798}
  t=  13.63  cb_yield           L30-CB3 {'rot': 0.00783}
  t=  13.63  cb_yield           L31-CB3 {'rot': 0.00717}
  t=  13.63  cb_yield           L32-CB3 {'rot': 0.00675}
  t=  13.63  cb_yield           L33-CB3 {'rot': 0.00653}
  t=  13.75  cb_yield           L2-CB3 {'rot': 0.00641}
  t=  13.75  cb_yield           L4-CB0 {'rot': 0.00624}
  t=  13.75  cb_yield           L27-CB1 {'rot': 0.007}
  t=  13.75  cb_yield           L28-CB2 {'rot': 0.00852}
  t=  13.75  cb_yield           L29-CB2 {'rot': 0.00745}
  t=  13.75  cb_yield           L30-CB2 {'rot': 0.00654}
  t=  13.88  cb_yield           L2-CB2 {'rot': 0.00622}
  t=  13.88  cb_yield           L3-CB1 {'rot': 0.00658}
  t=  13.88  cb_failure         L9-CB3 {'rot': 0.02117}
  t=  13.88  cb_yield           L31-CB2 {'rot': 0.00704}
  t=  14.00  cb_yield           L3-CB0 {'rot': 0.0063}
  t=  14.00  cb_failure         L8-CB3 {'rot': 0.02082}
  t=  14.00  cb_failure         L9-CB2 {'rot': 0.01992}
  t=  14.00  cb_failure         L10-CB2 {'rot': 0.02089}
  t=  14.88  cb_yield           L32-CB2 {'rot': 0.00698}
  t=  14.88  cb_yield           L33-CB2 {'rot': 0.00671}
  t=  18.75  cb_yield           L25-CB0 {'rot': 0.00679}
  t=  18.75  cb_yield           L26-CB0 {'rot': 0.00653}
  t=  18.75  cb_yield           L28-CB1 {'rot': 0.00782}
  t=  18.75  cb_yield           L29-CB1 {'rot': 0.00757}
  t=  18.75  cb_yield           L30-CB1 {'rot': 0.00733}
  t=  18.75  cb_yield           L31-CB1 {'rot': 0.00711}
  t=  18.75  cb_yield           L32-CB1 {'rot': 0.00691}
  t=  18.75  cb_yield           L33-CB1 {'rot': 0.00675}
  t=  18.87  cb_yield           L27-CB0 {'rot': 0.00851}
  t=  18.87  cb_yield           L28-CB0 {'rot': 0.00813}
  t=  18.87  cb_yield           L29-CB0 {'rot': 0.00774}
  t=  18.87  cb_yield           L30-CB0 {'rot': 0.00735}
  t=  18.87  cb_yield           L31-CB0 {'rot': 0.00698}
  t=  18.87  cb_yield           L32-CB0 {'rot': 0.00668}
  t=  18.87  cb_yield           L33-CB0 {'rot': 0.00653}
  t=  19.12  cb_failure         L24-CB1 {'rot': 0.02277}
  t=  19.25  cb_failure         L14-CB0 {'rot': 0.02028}
  t=  19.25  cb_failure         L15-CB0 {'rot': 0.02106}
  t=  19.25  cb_failure         L16-CB0 {'rot': 0.02149}
  t=  19.25  cb_failure         L17-CB0 {'rot': 0.02166}
  t=  19.25  cb_failure         L18-CB0 {'rot': 0.0215}
  t=  19.25  cb_failure         L19-CB0 {'rot': 0.02109}
  t=  19.25  cb_failure         L20-CB1 {'rot': 0.02347}
  t=  19.25  cb_failure         L21-CB1 {'rot': 0.02267}
  t=  19.25  cb_failure         L22-CB1 {'rot': 0.02163}
  t=  19.37  cb_failure         L12-CB1 {'rot': 0.02033}
  t=  19.37  cb_failure         L20-CB0 {'rot': 0.02229}
  t=  19.37  cb_failure         L21-CB0 {'rot': 0.02132}
  t=  19.37  cb_failure         L23-CB1 {'rot': 0.02226}
  t=  19.50  cb_failure         L22-CB0 {'rot': 0.0206}
  t=  19.62  cb_failure         L25-CB1 {'rot': 0.02057}
  t=  19.75  cb_failure         L23-CB3 {'rot': 0.02202}
  t=  19.75  cb_failure         L24-CB3 {'rot': 0.02112}
  t=  19.75  cb_failure         L27-CB1 {'rot': 0.02061}
  t=  19.87  cb_failure         L25-CB3 {'rot': 0.02402}
  t=  19.87  cb_failure         L26-CB3 {'rot': 0.02301}
  t=  19.87  cb_failure         L27-CB3 {'rot': 0.02181}
  t=  19.87  cb_failure         L28-CB3 {'rot': 0.02055}
  t=  19.87  cb_failure         L29-CB1 {'rot': 0.02136}
  t=  19.87  cb_failure         L33-CB3 {'rot': 0.02086}
  t=  20.00  cb_failure         L21-CB2 {'rot': 0.02127}
  t=  20.00  cb_failure         L22-CB2 {'rot': 0.02091}
  t=  20.00  cb_failure         L29-CB3 {'rot': 0.02122}
  progress t=  20.0s  max corner drift so far=0.0071  wall clock=304s
  t=  20.12  cb_yield           L2-CB1 {'rot': 0.00663}
  t=  20.12  cb_failure         L23-CB2 {'rot': 0.02217}
  t=  20.12  cb_failure         L24-CB2 {'rot': 0.02125}
  t=  20.12  cb_failure         L30-CB3 {'rot': 0.02107}
  t=  20.25  cb_yield           L2-CB0 {'rot': 0.00607}
  t=  20.25  cb_failure         L7-CB3 {'rot': 0.0208}
  t=  20.25  cb_failure         L11-CB1 {'rot': 0.0199}
  t=  20.25  cb_failure         L31-CB3 {'rot': 0.02061}
  t=  20.37  cb_failure         L6-CB2 {'rot': 0.01992}
  t=  20.37  cb_failure         L6-CB3 {'rot': 0.02186}
  t=  20.37  cb_failure         L7-CB2 {'rot': 0.02206}
  t=  20.37  cb_failure         L8-CB1 {'rot': 0.02002}
  t=  20.37  cb_failure         L8-CB2 {'rot': 0.02379}
  t=  20.37  cb_failure         L9-CB1 {'rot': 0.0209}
  t=  20.37  cb_failure         L10-CB1 {'rot': 0.02149}
  t=  20.37  cb_failure         L11-CB0 {'rot': 0.02035}
  t=  20.37  cb_failure         L32-CB3 {'rot': 0.02055}
  t=  20.50  cb_yield           L1-CB2 {'rot': 0.00591}
  t=  20.50  cb_yield           L1-CB3 {'rot': 0.00636}
  t=  20.50  cb_failure         L5-CB2 {'rot': 0.02022}
  t=  20.50  cb_failure         L5-CB3 {'rot': 0.02169}
  t=  20.50  cb_failure         L7-CB1 {'rot': 0.02049}
  t=  20.50  cb_failure         L9-CB0 {'rot': 0.02003}
  t=  20.50  cb_failure         L10-CB0 {'rot': 0.02038}
  t=  20.50  cb_failure         L12-CB0 {'rot': 0.02028}
  t=  20.50  cb_failure         L13-CB0 {'rot': 0.0199}
  t=  20.62  cb_failure         L4-CB3 {'rot': 0.01998}
  t=  20.62  cb_failure         L6-CB1 {'rot': 0.02012}
  t=  20.62  cb_failure         L7-CB0 {'rot': 0.02002}
  t=  20.62  cb_failure         L8-CB0 {'rot': 0.02109}
  t=  20.62  cb_failure         L25-CB2 {'rot': 0.02145}
  t=  20.75  cb_failure         L4-CB2 {'rot': 0.02003}
  t=  20.75  cb_failure         L26-CB2 {'rot': 0.02097}
  t=  21.12  cb_failure         L3-CB2 {'rot': 0.02049}
  t=  21.12  cb_failure         L3-CB3 {'rot': 0.01999}
  t=  21.25  cb_failure         L27-CB2 {'rot': 0.02116}
  t=  21.37  cb_failure         L28-CB2 {'rot': 0.02093}
  t= 22.000  solver fallback: Newton
  t= 22.025  solver fallback: Newton
  t=  22.12  cb_failure         L26-CB1 {'rot': 0.02088}
  t=  22.12  cb_failure         L28-CB1 {'rot': 0.02076}
  t=  22.12  cb_failure         L29-CB2 {'rot': 0.02106}
  t=  22.25  cb_failure         L30-CB2 {'rot': 0.02122}
  t=  22.37  cb_failure         L30-CB1 {'rot': 0.02146}
  t=  22.37  cb_failure         L31-CB1 {'rot': 0.02095}
  t=  22.37  cb_failure         L31-CB2 {'rot': 0.02316}
  t=  22.37  cb_failure         L32-CB2 {'rot': 0.02258}
  t=  22.37  cb_failure         L33-CB2 {'rot': 0.02232}
  t=  23.37  cb_failure         L32-CB1 {'rot': 0.02104}
  t=  23.37  cb_failure         L33-CB1 {'rot': 0.02106}
  t=  25.62  cb_failure         L29-CB0 {'rot': 0.02062}
  t=  25.62  cb_failure         L30-CB0 {'rot': 0.02063}
  t=  25.62  cb_failure         L31-CB0 {'rot': 0.02058}
  t=  29.37  cb_failure         L23-CB0 {'rot': 0.02221}
  t=  29.37  cb_failure         L24-CB0 {'rot': 0.02141}
  t=  29.37  cb_failure         L25-CB0 {'rot': 0.02057}
  t=  29.50  cb_failure         L26-CB0 {'rot': 0.02098}
  t=  29.62  cb_failure         L27-CB0 {'rot': 0.02151}
  t=  29.62  cb_failure         L28-CB0 {'rot': 0.02067}
  t=  29.87  cb_failure         L32-CB0 {'rot': 0.02053}
  progress t=  30.0s  max corner drift so far=0.0102  wall clock=460s
  t=  30.37  cb_failure         L6-CB0 {'rot': 0.01999}
  t=  30.50  cb_failure         L5-CB1 {'rot': 0.02018}
  t=  37.00  cb_yield           L1-CB0 {'rot': 0.00608}
  t=  37.00  cb_yield           L1-CB1 {'rot': 0.0066}
  t=  37.12  cb_failure         L3-CB1 {'rot': 0.02032}
  t=  37.12  cb_failure         L4-CB0 {'rot': 0.02056}
  t= 37.175  solver fallback: Newton
  t=  37.25  cb_failure         L5-CB0 {'rot': 0.02106}
  t=  38.12  cb_failure         L33-CB0 {'rot': 0.02493}
  progress t=  40.0s  max corner drift so far=0.0102  wall clock=613s
  progress t=  50.0s  max corner drift so far=0.0102  wall clock=772s
  progress t=  60.0s  max corner drift so far=0.0102  wall clock=931s
  t=  65.62  cb_failure         L3-CB0 {'rot': 0.01996}
  progress t=  70.0s  max corner drift so far=0.0102  wall clock=1087s
  progress t=  80.0s  max corner drift so far=0.0102  wall clock=1243s
  progress t=  90.0s  max corner drift so far=0.0102  wall clock=1400s
  progress t= 100.0s  max corner drift so far=0.0102  wall clock=1558s
