  t=   2.70  cb_yield           L20-CB3 {'rot': 0.00659}
  t=   2.70  cb_yield           L21-CB3 {'rot': 0.00673}
  t=   2.70  cb_yield           L22-CB3 {'rot': 0.00679}
  t=   2.70  cb_yield           L23-CB3 {'rot': 0.00675}
  t=   2.70  cb_yield           L24-CB3 {'rot': 0.00662}
  t=   2.75  cb_yield           L20-CB1 {'rot': 0.00654}
  t=   2.75  cb_yield           L21-CB1 {'rot': 0.00671}
  t=   2.75  cb_yield           L22-CB1 {'rot': 0.00678}
  t=   2.75  cb_yield           L23-CB1 {'rot': 0.00675}
  t=   2.75  cb_yield           L24-CB1 {'rot': 0.00663}
  t=   2.75  cb_yield           L25-CB3 {'rot': 0.00673}
  t=   2.80  cb_yield           L19-CB3 {'rot': 0.00658}
  t=   2.80  cb_yield           L25-CB1 {'rot': 0.00664}
  t=   2.80  cb_yield           L26-CB3 {'rot': 0.00663}
  t=   3.80  cb_yield           L22-CB0 {'rot': 0.00668}
  t=   3.80  cb_yield           L23-CB0 {'rot': 0.00684}
  t=   3.80  cb_yield           L23-CB2 {'rot': 0.00656}
  t=   3.80  cb_yield           L24-CB0 {'rot': 0.00686}
  t=   3.80  cb_yield           L24-CB2 {'rot': 0.00666}
  t=   3.80  cb_yield           L25-CB0 {'rot': 0.00675}
  t=   3.80  cb_yield           L25-CB2 {'rot': 0.00661}
  t=   3.85  cb_yield           L21-CB0 {'rot': 0.00654}
  t=   3.85  cb_yield           L26-CB0 {'rot': 0.00673}
  t=   4.30  cb_yield           L7-CB0 {'rot': 0.00613}
  t=   4.30  cb_yield           L8-CB0 {'rot': 0.00628}
  t=   4.30  cb_yield           L8-CB1 {'rot': 0.00599}
  t=   4.30  cb_yield           L9-CB0 {'rot': 0.00635}
  t=   4.30  cb_yield           L9-CB1 {'rot': 0.00602}
  t=   4.30  cb_yield           L10-CB0 {'rot': 0.00632}
  t=   4.30  cb_yield           L10-CB1 {'rot': 0.00597}
  t=   4.30  cb_yield           L11-CB0 {'rot': 0.00622}
  t=   4.30  cb_yield           L12-CB0 {'rot': 0.00606}
  t=   4.35  cb_yield           L4-CB0 {'rot': 0.00593}
  t=   4.35  cb_yield           L5-CB0 {'rot': 0.00655}
  t=   4.35  cb_yield           L5-CB1 {'rot': 0.00627}
  t=   4.35  cb_yield           L6-CB0 {'rot': 0.00698}
  t=   4.35  cb_yield           L6-CB1 {'rot': 0.00667}
  t=   4.35  cb_yield           L7-CB1 {'rot': 0.00691}
  t=   4.35  cb_yield           L11-CB1 {'rot': 0.0066}
  t=   4.35  cb_yield           L12-CB1 {'rot': 0.00629}
  t=   4.35  cb_yield           L13-CB0 {'rot': 0.00641}
  t=   4.35  cb_yield           L13-CB1 {'rot': 0.00591}
  t=   4.35  cb_yield           L14-CB0 {'rot': 0.006}
  t=   4.40  cb_yield           L3-CB0 {'rot': 0.00599}
  t=   4.40  cb_yield           L4-CB1 {'rot': 0.00663}
  t=   4.40  cb_yield           L4-CB2 {'rot': 0.00608}
  t=   4.40  cb_yield           L5-CB2 {'rot': 0.00655}
  t=   4.40  cb_yield           L5-CB3 {'rot': 0.00625}
  t=   4.40  cb_yield           L6-CB2 {'rot': 0.00678}
  t=   4.40  cb_yield           L6-CB3 {'rot': 0.00644}
  t=   4.40  cb_yield           L7-CB2 {'rot': 0.0068}
  t=   4.40  cb_yield           L7-CB3 {'rot': 0.00643}
  t=   4.40  cb_yield           L8-CB2 {'rot': 0.00664}
  t=   4.40  cb_yield           L8-CB3 {'rot': 0.00624}
  t=   4.40  cb_yield           L9-CB2 {'rot': 0.00633}
  t=   4.40  cb_yield           L9-CB3 {'rot': 0.0059}
  t=   4.40  cb_yield           L10-CB2 {'rot': 0.00589}
  t=   4.45  cb_yield           L3-CB1 {'rot': 0.00649}
  t=   4.45  cb_yield           L3-CB2 {'rot': 0.00612}
  t=   4.45  cb_yield           L4-CB3 {'rot': 0.00667}
  t=   4.45  cb_yield           L10-CB3 {'rot': 0.00607}
  t=   4.45  cb_yield           L14-CB1 {'rot': 0.00598}
  t=   4.45  cb_yield           L15-CB0 {'rot': 0.00592}
  t=   4.50  cb_yield           L2-CB0 {'rot': 0.00594}
  t=   4.50  cb_yield           L3-CB3 {'rot': 0.00645}
  t=   4.50  cb_yield           L11-CB2 {'rot': 0.00632}
  t=   4.55  cb_yield           L2-CB1 {'rot': 0.00611}
  t=   4.55  cb_yield           L11-CB3 {'rot': 0.00611}
  t=   4.55  cb_yield           L27-CB3 {'rot': 0.00658}
  t=   4.60  cb_yield           L2-CB2 {'rot': 0.00617}
  t=   4.60  cb_yield           L28-CB3 {'rot': 0.00657}
  t=   4.65  cb_yield           L2-CB3 {'rot': 0.00613}
  t=   5.20  cb_yield           L16-CB0 {'rot': 0.00609}
  t=   5.30  cb_yield           L15-CB1 {'rot': 0.00591}
  t=   5.35  cb_yield           L16-CB1 {'rot': 0.00597}
  t=   5.35  cb_yield           L17-CB0 {'rot': 0.00655}
  t=   5.35  cb_yield           L18-CB0 {'rot': 0.00656}
  t=   5.40  cb_yield           L19-CB0 {'rot': 0.0067}
  t=   5.40  cb_yield           L20-CB0 {'rot': 0.00663}
  t=   6.00  cb_yield           L12-CB2 {'rot': 0.00593}
  t=   7.90  cb_yield           L17-CB1 {'rot': 0.00723}
  t=   7.90  cb_yield           L18-CB1 {'rot': 0.00717}
  t=   7.90  cb_yield           L19-CB1 {'rot': 0.00713}
  t=   7.95  cb_yield           L26-CB1 {'rot': 0.00675}
  t=   8.00  cb_yield           L27-CB1 {'rot': 0.00679}
  t=   8.05  cb_yield           L12-CB3 {'rot': 0.00675}
  t=   8.05  cb_yield           L13-CB3 {'rot': 0.00666}
  t=   8.05  cb_yield           L14-CB3 {'rot': 0.00656}
  t=   8.05  cb_yield           L15-CB3 {'rot': 0.00647}
  t=   8.05  cb_yield           L16-CB3 {'rot': 0.00639}
  t=   8.05  cb_yield           L28-CB1 {'rot': 0.0066}
  t=   8.10  cb_yield           L13-CB2 {'rot': 0.00689}
  t=   8.10  cb_yield           L14-CB2 {'rot': 0.00678}
  t=   8.10  cb_yield           L15-CB2 {'rot': 0.00663}
  t=   8.10  cb_yield           L16-CB2 {'rot': 0.00644}
  t=   8.10  cb_yield           L17-CB3 {'rot': 0.00786}
  t=   8.10  cb_yield           L18-CB3 {'rot': 0.00762}
  t=   8.15  cb_yield           L17-CB2 {'rot': 0.0076}
  t=   8.15  cb_yield           L18-CB2 {'rot': 0.00714}
  t=   8.15  cb_yield           L19-CB2 {'rot': 0.00665}
  t=   8.15  cb_yield           L29-CB1 {'rot': 0.00681}
  t=   8.20  cb_yield           L20-CB2 {'rot': 0.00697}
  t=   8.25  cb_yield           L21-CB2 {'rot': 0.00673}
  t=   8.25  cb_yield           L30-CB1 {'rot': 0.00681}
  t=   8.30  cb_yield           L31-CB1 {'rot': 0.00659}
  t=   8.35  cb_failure         L13-CB1 {'rot': 0.02026}
  t=   8.35  cb_failure         L14-CB1 {'rot': 0.02068}
  t=   8.35  cb_failure         L15-CB1 {'rot': 0.02084}
  t=   8.35  cb_failure         L16-CB1 {'rot': 0.02076}
  t=   8.35  cb_yield           L22-CB2 {'rot': 0.00687}
  t=   8.40  cb_failure         L11-CB1 {'rot': 0.02007}
  t=   8.40  cb_failure         L12-CB1 {'rot': 0.0209}
  t=   8.40  cb_failure         L17-CB1 {'rot': 0.02161}
  t=   8.40  cb_failure         L18-CB1 {'rot': 0.02095}
  t=   8.45  cb_failure         L10-CB1 {'rot': 0.02043}
  t=   8.45  cb_failure         L13-CB0 {'rot': 0.02009}
  t=   8.45  cb_failure         L14-CB0 {'rot': 0.02033}
  t=   8.45  cb_failure         L15-CB0 {'rot': 0.02035}
  t=   8.45  cb_failure         L16-CB0 {'rot': 0.02015}
  t=   8.45  cb_failure         L19-CB1 {'rot': 0.02088}
  t=   8.50  cb_failure         L9-CB1 {'rot': 0.02071}
  t=   8.50  cb_failure         L11-CB0 {'rot': 0.02049}
  t=   8.50  cb_failure         L11-CB3 {'rot': 0.01996}
  t=   8.50  cb_failure         L12-CB0 {'rot': 0.02106}
  t=   8.50  cb_failure         L12-CB3 {'rot': 0.02053}
  t=   8.50  cb_failure         L13-CB3 {'rot': 0.02086}
  t=   8.50  cb_failure         L14-CB3 {'rot': 0.02096}
  t=   8.50  cb_failure         L15-CB3 {'rot': 0.02083}
  t=   8.50  cb_failure         L16-CB3 {'rot': 0.02048}
  t=   8.50  cb_failure         L17-CB0 {'rot': 0.02054}
  t=   8.55  cb_failure         L8-CB1 {'rot': 0.02059}
  t=   8.55  cb_failure         L9-CB0 {'rot': 0.02014}
  t=   8.55  cb_failure         L10-CB0 {'rot': 0.02118}
  t=   8.55  cb_failure         L10-CB3 {'rot': 0.02051}
  t=   8.55  cb_failure         L17-CB3 {'rot': 0.02072}
  t=   8.55  cb_failure         L20-CB1 {'rot': 0.02055}
  t=   8.60  cb_failure         L8-CB0 {'rot': 0.02005}
  t=   8.60  cb_failure         L9-CB3 {'rot': 0.02052}
  t=   8.60  cb_failure         L11-CB2 {'rot': 0.02025}
  t=   8.60  cb_failure         L12-CB2 {'rot': 0.02066}
  t=   8.60  cb_failure         L13-CB2 {'rot': 0.0208}
  t=   8.60  cb_failure         L14-CB2 {'rot': 0.02067}
  t=   8.60  cb_failure         L15-CB2 {'rot': 0.02029}
  t=   8.60  cb_failure         L18-CB0 {'rot': 0.02092}
  t=   8.65  cb_failure         L7-CB1 {'rot': 0.02062}
  t=   8.65  cb_failure         L8-CB3 {'rot': 0.01996}
  t=   8.65  cb_failure         L10-CB2 {'rot': 0.02059}
  t=   8.65  cb_failure         L16-CB2 {'rot': 0.02073}
  t=   8.65  cb_failure         L18-CB3 {'rot': 0.02127}
  t=   8.70  cb_failure         L7-CB0 {'rot': 0.01992}
  t=   8.70  cb_failure         L9-CB2 {'rot': 0.0204}
  t=   8.70  cb_failure         L17-CB2 {'rot': 0.02057}
  t=   8.75  cb_failure         L19-CB3 {'rot': 0.0211}
  t=   8.80  cb_failure         L8-CB2 {'rot': 0.02017}
  t=   8.80  cb_failure         L18-CB2 {'rot': 0.0207}
  t=   8.80  cb_failure         L19-CB0 {'rot': 0.02081}
  t=   8.90  cb_failure         L20-CB3 {'rot': 0.02093}
  t=   8.95  cb_failure         L19-CB2 {'rot': 0.02091}
  t=   9.00  cb_failure         L21-CB1 {'rot': 0.02098}
  t=   9.05  cb_failure         L21-CB3 {'rot': 0.02095}
  t=   9.10  cb_failure         L20-CB2 {'rot': 0.02111}
  t=   9.10  cb_failure         L23-CB3 {'rot': 0.02132}
  t=   9.15  cb_failure         L20-CB0 {'rot': 0.02056}
  t=   9.20  cb_yield           L26-CB2 {'rot': 0.00712}
  t=   9.20  cb_yield           L29-CB3 {'rot': 0.0066}
  t=   9.25  cb_failure         L22-CB3 {'rot': 0.02073}
  t=   9.25  cb_failure         L24-CB3 {'rot': 0.02125}
  t=   9.30  cb_yield           L27-CB2 {'rot': 0.00702}
  t=   9.30  cb_yield           L30-CB3 {'rot': 0.00714}
  t=   9.30  cb_yield           L31-CB3 {'rot': 0.00656}
  t=   9.35  cb_yield           L32-CB3 {'rot': 0.00668}
  t=   9.40  cb_yield           L28-CB2 {'rot': 0.00672}
  t=   9.40  cb_yield           L33-CB3 {'rot': 0.00677}
  t=   9.55  cb_yield           L1-CB1 {'rot': 0.00606}
  t=   9.55  cb_yield           L1-CB3 {'rot': 0.00595}
  t=   9.55  cb_failure         L7-CB3 {'rot': 0.01992}
  t=   9.60  cb_failure         L5-CB1 {'rot': 0.01997}
  t=   9.60  cb_yield           L27-CB0 {'rot': 0.00657}
  t=   9.65  cb_yield           L1-CB0 {'rot': 0.00604}
  t=   9.65  cb_yield           L1-CB2 {'rot': 0.00621}
  t=   9.65  cb_failure         L4-CB1 {'rot': 0.02023}
  t=   9.65  cb_failure         L6-CB1 {'rot': 0.02055}
  t=   9.65  cb_failure         L6-CB3 {'rot': 0.02082}
  t=   9.65  cb_failure         L7-CB2 {'rot': 0.02025}
  t=   9.65  cb_failure         L22-CB1 {'rot': 0.02054}
  t=   9.65  cb_failure         L23-CB1 {'rot': 0.02117}
  t=   9.70  cb_failure         L4-CB0 {'rot': 0.01995}
  t=   9.70  cb_failure         L5-CB0 {'rot': 0.02052}
  t=   9.70  cb_failure         L5-CB3 {'rot': 0.01995}
  t=   9.70  cb_failure         L6-CB2 {'rot': 0.02009}
  t=   9.75  cb_failure         L6-CB0 {'rot': 0.02019}
  t=   9.80  cb_failure         L5-CB2 {'rot': 0.02007}
  progress t=  10.0s  max corner drift so far=0.0059  wall clock=374s
  t=  10.40  cb_yield           L32-CB1 {'rot': 0.00666}
  t=  10.45  cb_failure         L21-CB0 {'rot': 0.02085}
  t=  10.45  cb_yield           L33-CB1 {'rot': 0.00696}
  t=  10.50  cb_yield           L28-CB0 {'rot': 0.00661}
  t=  10.55  cb_failure         L24-CB1 {'rot': 0.02107}
  t=  10.60  cb_failure         L25-CB1 {'rot': 0.02211}
  t=  10.65  cb_failure         L24-CB0 {'rot': 0.0206}
  t=  10.65  cb_failure         L26-CB1 {'rot': 0.02202}
  t=  10.65  cb_yield           L29-CB0 {'rot': 0.00655}
  t=  10.70  cb_failure         L25-CB3 {'rot': 0.02128}
  t=  10.70  cb_failure         L27-CB1 {'rot': 0.02109}
  t=  10.75  cb_failure         L26-CB3 {'rot': 0.02161}
  t=  10.80  cb_failure         L27-CB3 {'rot': 0.02247}
  t=  10.80  cb_failure         L28-CB1 {'rot': 0.02278}
  t=  10.80  cb_yield           L30-CB0 {'rot': 0.00697}
  t=  10.85  cb_failure         L29-CB1 {'rot': 0.02298}
  t=  10.85  cb_yield           L29-CB2 {'rot': 0.00793}
  t=  10.85  cb_failure         L29-CB3 {'rot': 0.02169}
  t=  10.85  cb_failure         L30-CB1 {'rot': 0.02087}
  t=  10.90  cb_failure         L28-CB3 {'rot': 0.02119}
  t=  10.90  cb_yield           L30-CB2 {'rot': 0.00762}
  t=  10.95  cb_failure         L30-CB3 {'rot': 0.02167}
  t=  10.95  cb_yield           L31-CB2 {'rot': 0.00801}
  t=  10.95  cb_failure         L31-CB3 {'rot': 0.02062}
  t=  10.95  cb_yield           L32-CB2 {'rot': 0.00716}
  t=  10.95  cb_failure         L33-CB1 {'rot': 0.02304}
  t=  10.95  cb_yield           L33-CB2 {'rot': 0.00679}
  t=  11.00  cb_failure         L32-CB3 {'rot': 0.02219}
  t=  11.00  cb_failure         L33-CB3 {'rot': 0.02161}
  t=  11.05  cb_yield           L31-CB0 {'rot': 0.00684}
  t=  11.25  cb_failure         L25-CB2 {'rot': 0.02074}
  t=  11.25  cb_failure         L26-CB2 {'rot': 0.02081}
  t=  11.25  cb_failure         L27-CB2 {'rot': 0.02062}
  t=  12.10  cb_failure         L22-CB0 {'rot': 0.02111}
  t=  12.10  cb_failure         L23-CB0 {'rot': 0.02099}
  t=  12.15  cb_failure         L25-CB0 {'rot': 0.02061}
  t=  12.15  cb_yield           L32-CB0 {'rot': 0.00698}
  t=  12.20  cb_failure         L26-CB0 {'rot': 0.0206}
  t=  12.30  cb_failure         L22-CB2 {'rot': 0.02132}
  t=  12.30  cb_failure         L23-CB2 {'rot': 0.02207}
  t=  12.30  cb_failure         L24-CB2 {'rot': 0.0222}
  t=  13.55  cb_failure         L4-CB2 {'rot': 0.02035}
  t=  13.65  cb_failure         L4-CB3 {'rot': 0.0199}
  t=  14.35  cb_failure         L21-CB2 {'rot': 0.02073}
  t=  14.60  cb_failure         L29-CB2 {'rot': 0.0208}
  t=  14.95  cb_yield           L33-CB0 {'rot': 0.00689}
  t=  15.55  cb_failure         L28-CB2 {'rot': 0.02115}
  t=  15.60  cb_failure         L30-CB2 {'rot': 0.02259}
  t=  15.60  cb_failure         L31-CB1 {'rot': 0.02096}
  t=  15.60  cb_failure         L31-CB2 {'rot': 0.02187}
  t=  15.60  cb_failure         L32-CB2 {'rot': 0.0213}
  t=  15.60  cb_failure         L33-CB2 {'rot': 0.02106}
  t=  15.65  cb_failure         L32-CB1 {'rot': 0.02451}
  t=  15.75  cb_failure         L27-CB0 {'rot': 0.02119}
  t=  15.75  cb_failure         L28-CB0 {'rot': 0.02081}
  t=  15.80  cb_failure         L29-CB0 {'rot': 0.0263}
  t=  15.80  cb_failure         L30-CB0 {'rot': 0.02573}
  t=  15.80  cb_failure         L31-CB0 {'rot': 0.02514}
  t=  15.80  cb_failure         L32-CB0 {'rot': 0.02465}
  t=  15.80  cb_failure         L33-CB0 {'rot': 0.02447}
  t=  17.45  cb_failure         L3-CB1 {'rot': 0.02229}
  t=  17.55  cb_failure         L2-CB1 {'rot': 0.02199}
  t=  17.70  cb_failure         L3-CB0 {'rot': 0.02034}
  t=  19.90  cb_failure         L2-CB3 {'rot': 0.02059}
  t=  19.90  cb_failure         L3-CB3 {'rot': 0.02005}
  progress t=  20.0s  max corner drift so far=0.0131  wall clock=753s
  t=  20.20  cb_failure         L1-CB3 {'rot': 0.0202}
  t=  20.50  cb_failure         L3-CB2 {'rot': 0.02011}
  t=  29.95  cb_failure         L2-CB0 {'rot': 0.02027}
  progress t=  30.0s  max corner drift so far=0.0146  wall clock=1150s
  t=  36.00  cb_failure         L2-CB2 {'rot': 0.02024}
  progress t=  40.0s  max corner drift so far=0.0150  wall clock=1529s
  t=  43.00  cb_failure         L1-CB2 {'rot': 0.02087}
  t=  43.25  cb_failure         L1-CB0 {'rot': 0.02008}
