  t=   4.75  cb_yield           L10-CB2 {'rot': 0.00594}
  t=   4.75  cb_yield           L11-CB2 {'rot': 0.00606}
  t=   4.75  cb_yield           L12-CB2 {'rot': 0.00611}
  t=   4.75  cb_yield           L13-CB2 {'rot': 0.00609}
  t=   4.75  cb_yield           L14-CB2 {'rot': 0.00597}
  t=   4.88  cb_yield           L8-CB2 {'rot': 0.00615}
  t=   4.88  cb_yield           L9-CB2 {'rot': 0.00637}
  t=   4.88  cb_yield           L9-CB3 {'rot': 0.00607}
  t=   4.88  cb_yield           L10-CB3 {'rot': 0.0062}
  t=   4.88  cb_yield           L11-CB3 {'rot': 0.00627}
  t=   4.88  cb_yield           L12-CB3 {'rot': 0.0063}
  t=   4.88  cb_yield           L13-CB3 {'rot': 0.00627}
  t=   4.88  cb_yield           L14-CB3 {'rot': 0.00617}
  t=   4.88  cb_yield           L15-CB2 {'rot': 0.00646}
  t=   4.88  cb_yield           L15-CB3 {'rot': 0.00603}
  t=   4.88  cb_yield           L16-CB2 {'rot': 0.00628}
  t=   5.00  cb_yield           L6-CB2 {'rot': 0.00626}
  t=   5.00  cb_yield           L6-CB3 {'rot': 0.00604}
  t=   5.00  cb_yield           L7-CB2 {'rot': 0.00651}
  t=   5.00  cb_yield           L7-CB3 {'rot': 0.00628}
  t=   5.00  cb_yield           L8-CB3 {'rot': 0.00643}
  t=   5.13  cb_yield           L5-CB2 {'rot': 0.0064}
  t=   5.13  cb_yield           L5-CB3 {'rot': 0.00632}
  t=   5.38  cb_yield           L16-CB3 {'rot': 0.00634}
  t=   5.50  cb_yield           L17-CB2 {'rot': 0.00706}
  t=   5.50  cb_yield           L17-CB3 {'rot': 0.00707}
  t=   5.50  cb_yield           L18-CB2 {'rot': 0.0069}
  t=   5.50  cb_yield           L18-CB3 {'rot': 0.00685}
  t=   5.50  cb_yield           L19-CB2 {'rot': 0.00669}
  t=   5.50  cb_yield           L19-CB3 {'rot': 0.0066}
  t=   7.00  cb_yield           L16-CB1 {'rot': 0.00594}
  t=   7.13  cb_yield           L20-CB1 {'rot': 0.00661}
  t=   7.13  cb_yield           L20-CB3 {'rot': 0.00731}
  t=   7.13  cb_yield           L21-CB1 {'rot': 0.00677}
  t=   7.13  cb_yield           L21-CB3 {'rot': 0.00712}
  t=   7.13  cb_yield           L22-CB1 {'rot': 0.00681}
  t=   7.13  cb_yield           L22-CB3 {'rot': 0.00683}
  t=   7.13  cb_yield           L23-CB1 {'rot': 0.00672}
  t=   7.13  cb_yield           L24-CB1 {'rot': 0.00654}
  t=   7.25  cb_yield           L20-CB2 {'rot': 0.00742}
  t=   7.25  cb_yield           L21-CB2 {'rot': 0.0077}
  t=   7.25  cb_yield           L22-CB2 {'rot': 0.00786}
  t=   7.25  cb_yield           L23-CB2 {'rot': 0.00788}
  t=   7.25  cb_yield           L23-CB3 {'rot': 0.00935}
  t=   7.25  cb_yield           L24-CB2 {'rot': 0.00775}
  t=   7.25  cb_yield           L24-CB3 {'rot': 0.00925}
  t=   7.25  cb_yield           L25-CB1 {'rot': 0.00758}
  t=   7.25  cb_yield           L25-CB2 {'rot': 0.00747}
  t=   7.25  cb_yield           L25-CB3 {'rot': 0.00898}
  t=   7.25  cb_yield           L26-CB1 {'rot': 0.00736}
  t=   7.25  cb_yield           L26-CB2 {'rot': 0.00706}
  t=   7.25  cb_yield           L26-CB3 {'rot': 0.00858}
  t=   7.25  cb_yield           L27-CB1 {'rot': 0.00701}
  t=   7.25  cb_yield           L27-CB2 {'rot': 0.00654}
  t=   7.25  cb_yield           L27-CB3 {'rot': 0.00805}
  t=   7.25  cb_yield           L28-CB1 {'rot': 0.00654}
  t=   7.25  cb_yield           L28-CB3 {'rot': 0.00742}
  t=   7.25  cb_yield           L29-CB3 {'rot': 0.00672}
  t=   7.38  cb_yield           L3-CB2 {'rot': 0.00602}
  t=   7.38  cb_yield           L3-CB3 {'rot': 0.00636}
  t=   7.38  cb_yield           L4-CB2 {'rot': 0.00674}
  t=   7.38  cb_yield           L4-CB3 {'rot': 0.00716}
  t=   7.38  cb_yield           L28-CB2 {'rot': 0.00815}
  t=   7.38  cb_yield           L29-CB2 {'rot': 0.00756}
  t=   7.38  cb_yield           L30-CB2 {'rot': 0.00684}
  t=   7.38  cb_yield           L30-CB3 {'rot': 0.00864}
  t=   7.38  cb_yield           L31-CB3 {'rot': 0.00786}
  t=   7.38  cb_yield           L32-CB3 {'rot': 0.00722}
  t=   7.38  cb_yield           L33-CB3 {'rot': 0.00677}
  t=   7.50  cb_yield           L3-CB1 {'rot': 0.00627}
  t=   7.50  cb_yield           L4-CB0 {'rot': 0.00652}
  t=   7.50  cb_yield           L4-CB1 {'rot': 0.0072}
  t=   7.50  cb_yield           L5-CB0 {'rot': 0.00707}
  t=   7.50  cb_yield           L5-CB1 {'rot': 0.00784}
  t=   7.50  cb_yield           L6-CB0 {'rot': 0.00734}
  t=   7.50  cb_yield           L6-CB1 {'rot': 0.0082}
  t=   7.50  cb_yield           L7-CB0 {'rot': 0.0074}
  t=   7.50  cb_yield           L7-CB1 {'rot': 0.00834}
  t=   7.50  cb_yield           L8-CB0 {'rot': 0.00726}
  t=   7.50  cb_yield           L8-CB1 {'rot': 0.00827}
  t=   7.50  cb_yield           L9-CB0 {'rot': 0.00696}
  t=   7.50  cb_yield           L9-CB1 {'rot': 0.00806}
  t=   7.50  cb_yield           L10-CB0 {'rot': 0.00655}
  t=   7.50  cb_yield           L10-CB1 {'rot': 0.00773}
  t=   7.50  cb_yield           L11-CB0 {'rot': 0.00609}
  t=   7.50  cb_yield           L11-CB1 {'rot': 0.00734}
  t=   7.50  cb_yield           L12-CB1 {'rot': 0.00693}
  t=   7.50  cb_yield           L13-CB1 {'rot': 0.00652}
  t=   7.50  cb_yield           L14-CB1 {'rot': 0.00615}
  t=   7.50  cb_yield           L31-CB2 {'rot': 0.00662}
  t=   7.63  cb_yield           L2-CB3 {'rot': 0.00611}
  t=   7.63  cb_yield           L3-CB0 {'rot': 0.00632}
  t=   7.63  cb_yield           L12-CB0 {'rot': 0.00959}
  t=   7.63  cb_yield           L13-CB0 {'rot': 0.00907}
  t=   7.63  cb_yield           L14-CB0 {'rot': 0.00844}
  t=   7.63  cb_yield           L15-CB0 {'rot': 0.00776}
  t=   7.63  cb_yield           L15-CB1 {'rot': 0.00989}
  t=   7.63  cb_yield           L16-CB0 {'rot': 0.00706}
  t=   7.63  cb_yield           L17-CB1 {'rot': 0.00842}
  t=   7.63  cb_yield           L18-CB1 {'rot': 0.00767}
  t=   7.63  cb_yield           L19-CB1 {'rot': 0.00697}
  t=   7.75  cb_failure         L10-CB3 {'rot': 0.01998}
  t=   7.75  cb_failure         L11-CB3 {'rot': 0.02074}
  t=   7.75  cb_failure         L12-CB3 {'rot': 0.02128}
  t=   7.75  cb_failure         L13-CB3 {'rot': 0.02157}
  t=   7.75  cb_failure         L14-CB3 {'rot': 0.02161}
  t=   7.75  cb_failure         L15-CB3 {'rot': 0.0214}
  t=   7.75  cb_failure         L16-CB3 {'rot': 0.02096}
  t=   7.75  cb_yield           L17-CB0 {'rot': 0.00959}
  t=   7.75  cb_yield           L18-CB0 {'rot': 0.00802}
  t=   7.88  cb_failure         L8-CB3 {'rot': 0.02013}
  t=   7.88  cb_failure         L9-CB2 {'rot': 0.0205}
  t=   7.88  cb_failure         L9-CB3 {'rot': 0.02202}
  t=   7.88  cb_failure         L10-CB2 {'rot': 0.02187}
  t=   7.88  cb_failure         L11-CB2 {'rot': 0.02286}
  t=   7.88  cb_failure         L12-CB1 {'rot': 0.01999}
  t=   7.88  cb_failure         L12-CB2 {'rot': 0.02351}
  t=   7.88  cb_failure         L13-CB2 {'rot': 0.02381}
  t=   7.88  cb_failure         L14-CB2 {'rot': 0.02374}
  t=   7.88  cb_failure         L15-CB2 {'rot': 0.0233}
  t=   7.88  cb_failure         L16-CB2 {'rot': 0.0225}
  t=   7.88  cb_failure         L17-CB2 {'rot': 0.02102}
  t=   7.88  cb_failure         L17-CB3 {'rot': 0.02344}
  t=   7.88  cb_failure         L18-CB3 {'rot': 0.02173}
  t=   7.88  cb_yield           L19-CB0 {'rot': 0.00761}
  t=   8.00  cb_failure         L8-CB2 {'rot': 0.02065}
  t=   8.00  cb_failure         L10-CB1 {'rot': 0.02086}
  t=   8.00  cb_failure         L11-CB1 {'rot': 0.0215}
  t=   8.00  cb_failure         L13-CB1 {'rot': 0.02161}
  t=   8.00  cb_failure         L14-CB1 {'rot': 0.02105}
  t=   8.00  cb_failure         L15-CB1 {'rot': 0.02006}
  t=   8.00  cb_failure         L18-CB2 {'rot': 0.02055}
  t=   8.00  cb_failure         L19-CB3 {'rot': 0.02056}
  t=   8.13  cb_failure         L7-CB3 {'rot': 0.02093}
  t=   8.13  cb_failure         L9-CB1 {'rot': 0.02019}
  t=   8.25  cb_yield           L20-CB0 {'rot': 0.00676}
  t=   8.38  cb_yield           L2-CB2 {'rot': 0.00622}
  t=   8.50  cb_yield           L21-CB0 {'rot': 0.00813}
  t=   8.50  cb_yield           L22-CB0 {'rot': 0.00707}
  t=   8.63  cb_yield           L23-CB0 {'rot': 0.0079}
  t=   8.63  cb_yield           L24-CB0 {'rot': 0.00702}
  t=  10.00  cb_yield           L29-CB1 {'rot': 0.00803}
  t=  10.00  cb_yield           L30-CB1 {'rot': 0.00759}
  t=  10.00  cb_yield           L31-CB1 {'rot': 0.00709}
  t=  10.00  cb_yield           L32-CB1 {'rot': 0.00662}
  progress t=  10.0s  max corner drift so far=0.0066  wall clock=151s
  t=  10.13  cb_yield           L25-CB0 {'rot': 0.00696}
  t=  10.13  cb_yield           L26-CB0 {'rot': 0.00676}
  t=  10.13  cb_yield           L27-CB0 {'rot': 0.00654}
  t=  10.13  cb_yield           L33-CB1 {'rot': 0.00707}
  t=  10.38  cb_failure         L19-CB1 {'rot': 0.02175}
  t=  10.50  cb_yield           L28-CB0 {'rot': 0.00791}
  t=  10.50  cb_yield           L29-CB0 {'rot': 0.00756}
  t=  10.50  cb_yield           L30-CB0 {'rot': 0.00732}
  t=  10.50  cb_yield           L31-CB0 {'rot': 0.00719}
  t=  10.50  cb_yield           L32-CB0 {'rot': 0.00714}
  t=  10.50  cb_yield           L32-CB2 {'rot': 0.00738}
  t=  10.50  cb_yield           L33-CB0 {'rot': 0.00713}
  t=  10.50  cb_yield           L33-CB2 {'rot': 0.00731}
  t=  13.00  cb_failure         L16-CB1 {'rot': 0.02153}
  t=  13.00  cb_failure         L17-CB1 {'rot': 0.02152}
  t=  13.00  cb_failure         L18-CB1 {'rot': 0.02121}
  t=  13.00  cb_failure         L20-CB3 {'rot': 0.0209}
  t=  13.13  cb_failure         L13-CB0 {'rot': 0.02129}
  t=  13.13  cb_failure         L14-CB0 {'rot': 0.02244}
  t=  13.13  cb_failure         L15-CB0 {'rot': 0.0232}
  t=  13.13  cb_failure         L16-CB0 {'rot': 0.02365}
  t=  13.13  cb_failure         L17-CB0 {'rot': 0.02378}
  t=  13.13  cb_failure         L18-CB0 {'rot': 0.02355}
  t=  13.13  cb_failure         L19-CB0 {'rot': 0.02297}
  t=  13.13  cb_failure         L19-CB2 {'rot': 0.02656}
  t=  13.13  cb_failure         L20-CB0 {'rot': 0.02203}
  t=  13.13  cb_failure         L20-CB1 {'rot': 0.02515}
  t=  13.13  cb_failure         L20-CB2 {'rot': 0.02518}
  t=  13.13  cb_failure         L21-CB0 {'rot': 0.02068}
  t=  13.13  cb_failure         L21-CB1 {'rot': 0.0239}
  t=  13.13  cb_failure         L21-CB2 {'rot': 0.02336}
  t=  13.13  cb_failure         L21-CB3 {'rot': 0.02653}
  t=  13.13  cb_failure         L22-CB1 {'rot': 0.02229}
  t=  13.13  cb_failure         L22-CB2 {'rot': 0.02172}
  t=  13.13  cb_failure         L22-CB3 {'rot': 0.02436}
  t=  13.13  cb_failure         L23-CB3 {'rot': 0.02187}
  t=  13.25  cb_failure         L12-CB0 {'rot': 0.02006}
  t=  13.25  cb_failure         L22-CB0 {'rot': 0.02353}
  t=  13.25  cb_failure         L23-CB0 {'rot': 0.02128}
  t=  13.25  cb_failure         L23-CB1 {'rot': 0.02507}
  t=  13.25  cb_failure         L23-CB2 {'rot': 0.02544}
  t=  13.25  cb_failure         L24-CB1 {'rot': 0.02243}
  t=  13.25  cb_failure         L24-CB2 {'rot': 0.02204}
  t=  13.25  cb_failure         L24-CB3 {'rot': 0.02583}
  t=  13.25  cb_failure         L25-CB3 {'rot': 0.02205}
  t=  13.38  cb_failure         L24-CB0 {'rot': 0.02264}
  t=  13.38  cb_failure         L25-CB1 {'rot': 0.02407}
  t=  13.38  cb_failure         L25-CB2 {'rot': 0.02431}
  t=  13.38  cb_failure         L26-CB1 {'rot': 0.02066}
  t=  13.38  cb_failure         L26-CB3 {'rot': 0.02465}
  t=  13.38  cb_failure         L28-CB3 {'rot': 0.02219}
  t=  13.50  cb_failure         L25-CB0 {'rot': 0.02245}
  t=  13.50  cb_failure         L26-CB2 {'rot': 0.02574}
  t=  13.50  cb_failure         L27-CB1 {'rot': 0.02165}
  t=  13.50  cb_failure         L27-CB2 {'rot': 0.02187}
  t=  13.50  cb_failure         L27-CB3 {'rot': 0.02786}
  t=  13.50  cb_failure         L29-CB3 {'rot': 0.02069}
  t=  13.63  cb_failure         L26-CB0 {'rot': 0.02187}
  t=  13.63  cb_failure         L28-CB1 {'rot': 0.02393}
  t=  13.63  cb_failure         L28-CB2 {'rot': 0.02594}
  t=  13.63  cb_failure         L29-CB1 {'rot': 0.0215}
  t=  13.63  cb_failure         L29-CB2 {'rot': 0.0232}
  t=  13.63  cb_failure         L30-CB1 {'rot': 0.02216}
  t=  13.63  cb_failure         L30-CB2 {'rot': 0.02088}
  t=  13.63  cb_failure         L30-CB3 {'rot': 0.02849}
  t=  13.63  cb_failure         L31-CB2 {'rot': 0.0224}
  t=  13.63  cb_failure         L31-CB3 {'rot': 0.02698}
  t=  13.63  cb_failure         L32-CB3 {'rot': 0.02616}
  t=  13.63  cb_failure         L33-CB3 {'rot': 0.02586}
  t=  13.75  cb_failure         L27-CB0 {'rot': 0.02324}
  t=  13.75  cb_failure         L28-CB0 {'rot': 0.02246}
  t=  13.75  cb_failure         L29-CB0 {'rot': 0.02152}
  t=  13.75  cb_failure         L31-CB1 {'rot': 0.02635}
  t=  13.75  cb_failure         L32-CB1 {'rot': 0.0258}
  t=  13.75  cb_failure         L32-CB2 {'rot': 0.03207}
  t=  13.75  cb_failure         L33-CB1 {'rot': 0.02559}
  t=  13.75  cb_failure         L33-CB2 {'rot': 0.03181}
  t=  13.88  cb_yield           L2-CB0 {'rot': 0.00598}
  t=  13.88  cb_yield           L2-CB1 {'rot': 0.0068}
  t=  13.88  cb_failure         L4-CB3 {'rot': 0.01994}
  t=  13.88  cb_failure         L6-CB3 {'rot': 0.02041}
  t=  13.88  cb_failure         L7-CB2 {'rot': 0.01991}
  t=  13.88  cb_failure         L30-CB0 {'rot': 0.0272}
  t=  13.88  cb_failure         L31-CB0 {'rot': 0.02711}
  t=  13.88  cb_failure         L32-CB0 {'rot': 0.02685}
  t=  13.88  cb_failure         L33-CB0 {'rot': 0.0267}
  t=  14.00  cb_failure         L4-CB2 {'rot': 0.02005}
  t=  14.00  cb_failure         L5-CB0 {'rot': 0.02108}
  t=  14.00  cb_failure         L5-CB1 {'rot': 0.02084}
  t=  14.00  cb_failure         L5-CB3 {'rot': 0.02108}
  t=  14.00  cb_failure         L6-CB2 {'rot': 0.02173}
  t=  14.00  cb_failure         L7-CB1 {'rot': 0.02096}
  t=  14.00  cb_failure         L8-CB1 {'rot': 0.02197}
  t=  14.00  cb_failure         L9-CB0 {'rot': 0.0199}
  t=  14.00  cb_failure         L10-CB0 {'rot': 0.0199}
  t= 14.000  solver fallback: Newton
  t=  14.13  cb_yield           L1-CB3 {'rot': 0.0061}
  t=  14.13  cb_failure         L5-CB2 {'rot': 0.02019}
  t=  14.13  cb_failure         L6-CB1 {'rot': 0.0205}
  t=  14.13  cb_failure         L8-CB0 {'rot': 0.02048}
  t=  14.13  cb_failure         L11-CB0 {'rot': 0.02043}
  t=  15.00  cb_yield           L1-CB2 {'rot': 0.00702}
  t=  18.63  cb_yield           L1-CB0 {'rot': 0.00751}
  t=  18.75  cb_yield           L1-CB1 {'rot': 0.00698}
  t=  18.75  cb_failure         L4-CB0 {'rot': 0.02047}
  t=  18.75  cb_failure         L6-CB0 {'rot': 0.02174}
  t=  18.75  cb_failure         L7-CB0 {'rot': 0.02073}
  progress t=  20.0s  max corner drift so far=0.0131  wall clock=322s
  t=  21.00  cb_failure         L3-CB3 {'rot': 0.0199}
  t=  21.00  cb_failure         L4-CB1 {'rot': 0.02017}
  t=  21.12  cb_failure         L2-CB3 {'rot': 0.02081}
  t=  21.12  cb_failure         L3-CB2 {'rot': 0.02094}
  t=  21.25  cb_failure         L2-CB1 {'rot': 0.0211}
  t=  21.25  cb_failure         L2-CB2 {'rot': 0.02067}
  t=  21.25  cb_failure         L3-CB0 {'rot': 0.02006}
  t=  21.25  cb_failure         L3-CB1 {'rot': 0.02165}
  progress t=  30.0s  max corner drift so far=0.0167  wall clock=497s
  t= 30.175  solver fallback: Newton
  t= 30.200  solver fallback: Newton
  t=  30.37  cb_failure         L2-CB0 {'rot': 0.02105}
  t=  30.50  cb_failure         L1-CB1 {'rot': 0.02099}
  progress t=  40.0s  max corner drift so far=0.0167  wall clock=678s
  progress t=  50.0s  max corner drift so far=0.0167  wall clock=855s
  t=  57.50  cb_failure         L1-CB2 {'rot': 0.02045}
  progress t=  60.0s  max corner drift so far=0.0173  wall clock=1032s
  t=  63.62  cb_failure         L1-CB3 {'rot': 0.02055}
  t=  63.65  wall_axial_failure S1-F {'gamma': 0.00073, 'eps': -0.00712, 'cause': 'crushing'}
  t=  63.87  punching           L29-col12 {'drift': np.float64(0.0154), 'vg_vc': 0.59, 'conn': 'column'}
  t=  63.87  punching           L29-col15 {'drift': np.float64(0.0154), 'vg_vc': 0.591, 'conn': 'column'}
  t=  63.87  punching           L29-col19 {'drift': np.float64(0.0162), 'vg_vc': 0.528, 'conn': 'column'}
  t=  63.87  punching           L30-col12 {'drift': np.float64(0.0154), 'vg_vc': 0.594, 'conn': 'column'}
  t=  63.87  punching           L30-col15 {'drift': np.float64(0.0154), 'vg_vc': 0.592, 'conn': 'column'}
  t=  63.87  punching           L30-col19 {'drift': np.float64(0.0161), 'vg_vc': 0.526, 'conn': 'column'}
  t=  63.87  punching           L31-col12 {'drift': np.float64(0.0154), 'vg_vc': 0.601, 'conn': 'column'}
  t=  63.87  punching           L31-col15 {'drift': np.float64(0.0153), 'vg_vc': 0.596, 'conn': 'column'}
  t=  63.87  punching           L31-col19 {'drift': np.float64(0.016), 'vg_vc': 0.525, 'conn': 'column'}
  t=  63.87  punching           L32-col12 {'drift': np.float64(0.0152), 'vg_vc': 0.605, 'conn': 'column'}
  t=  63.87  punching           L32-col15 {'drift': np.float64(0.0152), 'vg_vc': 0.6, 'conn': 'column'}
  t=  63.87  punching           L32-col19 {'drift': np.float64(0.0159), 'vg_vc': 0.525, 'conn': 'column'}
  t=  63.87  punching           L33-col12 {'drift': np.float64(0.015), 'vg_vc': 0.624, 'conn': 'column'}
  t=  63.87  punching           L33-col15 {'drift': np.float64(0.015), 'vg_vc': 0.6, 'conn': 'column'}
  t=  63.87  punching           L33-col19 {'drift': np.float64(0.0156), 'vg_vc': 0.556, 'conn': 'column'}
