  t=   1.85  cb_yield           L5-CB3 {'rot': 0.00499}
  t=   1.85  cb_yield           L6-CB3 {'rot': 0.005}
  t=   1.90  cb_yield           L4-CB1 {'rot': 0.00504}
  t=   1.90  cb_yield           L4-CB2 {'rot': 0.00501}
  t=   1.90  cb_yield           L4-CB3 {'rot': 0.00516}
  t=   1.90  cb_yield           L5-CB0 {'rot': 0.00514}
  t=   1.90  cb_yield           L5-CB1 {'rot': 0.00532}
  t=   1.90  cb_yield           L5-CB2 {'rot': 0.00528}
  t=   1.90  cb_yield           L6-CB0 {'rot': 0.00519}
  t=   1.90  cb_yield           L6-CB1 {'rot': 0.00538}
  t=   1.90  cb_yield           L6-CB2 {'rot': 0.00533}
  t=   1.90  cb_yield           L7-CB0 {'rot': 0.00506}
  t=   1.90  cb_yield           L7-CB1 {'rot': 0.00528}
  t=   1.90  cb_yield           L7-CB2 {'rot': 0.00522}
  t=   1.90  cb_yield           L7-CB3 {'rot': 0.00543}
  t=   1.90  cb_yield           L8-CB1 {'rot': 0.00505}
  t=   1.90  cb_yield           L8-CB2 {'rot': 0.00497}
  t=   1.90  cb_yield           L8-CB3 {'rot': 0.00521}
  t=   1.95  cb_yield           L4-CB0 {'rot': 0.0052}
  t=   1.95  cb_yield           L8-CB0 {'rot': 0.0054}
  t=   1.95  cb_yield           L9-CB0 {'rot': 0.00507}
  t=   1.95  cb_yield           L9-CB1 {'rot': 0.00534}
  t=   1.95  cb_yield           L9-CB2 {'rot': 0.00523}
  t=   1.95  cb_yield           L9-CB3 {'rot': 0.00551}
  t=   1.95  cb_yield           L10-CB1 {'rot': 0.00498}
  t=   1.95  cb_yield           L10-CB3 {'rot': 0.00514}
  t=   2.00  cb_yield           L3-CB3 {'rot': 0.00495}
  t=   2.00  cb_yield           L10-CB0 {'rot': 0.00527}
  t=   2.00  cb_yield           L10-CB2 {'rot': 0.00543}
  t=   2.00  cb_yield           L11-CB1 {'rot': 0.00519}
  t=   2.00  cb_yield           L11-CB2 {'rot': 0.00499}
  t=   2.00  cb_yield           L11-CB3 {'rot': 0.00536}
  t=   2.05  cb_yield           L3-CB1 {'rot': 0.00492}
  t=   2.05  cb_yield           L11-CB0 {'rot': 0.00542}
  t=   2.05  cb_yield           L12-CB0 {'rot': 0.00495}
  t=   2.05  cb_yield           L12-CB1 {'rot': 0.00534}
  t=   2.05  cb_yield           L12-CB2 {'rot': 0.0051}
  t=   2.05  cb_yield           L12-CB3 {'rot': 0.00551}
  t=   2.05  cb_yield           L13-CB3 {'rot': 0.00502}
  t=   2.10  cb_yield           L13-CB0 {'rot': 0.00499}
  t=   2.10  cb_yield           L13-CB1 {'rot': 0.00543}
  t=   2.10  cb_yield           L13-CB2 {'rot': 0.00515}
  t=   2.10  cb_yield           L14-CB1 {'rot': 0.00494}
  t=   2.10  cb_yield           L14-CB3 {'rot': 0.00511}
  t=   2.15  cb_yield           L14-CB0 {'rot': 0.00502}
  t=   2.15  cb_yield           L14-CB2 {'rot': 0.00519}
  t=   2.15  cb_yield           L15-CB1 {'rot': 0.00504}
  t=   2.15  cb_yield           L15-CB3 {'rot': 0.00523}
  t=   2.20  cb_yield           L15-CB0 {'rot': 0.00505}
  t=   2.20  cb_yield           L15-CB2 {'rot': 0.00524}
  t=   2.20  cb_yield           L16-CB1 {'rot': 0.00513}
  t=   2.20  cb_yield           L16-CB3 {'rot': 0.00534}
  t=   2.25  cb_yield           L16-CB0 {'rot': 0.00503}
  t=   2.25  cb_yield           L16-CB2 {'rot': 0.00524}
  t=   2.30  cb_yield           L17-CB1 {'rot': 0.00544}
  t=   2.30  cb_yield           L17-CB3 {'rot': 0.00568}
  t=   2.35  cb_yield           L18-CB3 {'rot': 0.00551}
  t=   2.40  cb_yield           L17-CB2 {'rot': 0.00567}
  t=   2.40  cb_yield           L18-CB1 {'rot': 0.00565}
  t=   2.40  cb_yield           L19-CB3 {'rot': 0.00547}
  t=   2.45  cb_yield           L17-CB0 {'rot': 0.00572}
  t=   2.45  cb_yield           L18-CB2 {'rot': 0.00559}
  t=   2.45  cb_yield           L19-CB1 {'rot': 0.00572}
  t=   2.45  cb_yield           L20-CB3 {'rot': 0.00568}
  t=   2.50  cb_yield           L18-CB0 {'rot': 0.00574}
  t=   2.50  cb_yield           L19-CB0 {'rot': 0.00546}
  t=   2.50  cb_yield           L19-CB2 {'rot': 0.00577}
  t=   2.50  cb_yield           L20-CB1 {'rot': 0.00607}
  t=   2.50  cb_yield           L20-CB2 {'rot': 0.00551}
  t=   2.50  cb_yield           L21-CB1 {'rot': 0.00578}
  t=   2.50  cb_yield           L21-CB3 {'rot': 0.00616}
  t=   2.50  cb_yield           L22-CB1 {'rot': 0.00548}
  t=   2.50  cb_yield           L22-CB3 {'rot': 0.00588}
  t=   2.50  cb_yield           L23-CB3 {'rot': 0.00559}
  t=   2.55  cb_yield           L20-CB0 {'rot': 0.00586}
  t=   2.55  cb_yield           L21-CB0 {'rot': 0.00561}
  t=   2.55  cb_yield           L21-CB2 {'rot': 0.00599}
  t=   2.55  cb_yield           L22-CB2 {'rot': 0.00572}
  t=   2.55  cb_yield           L23-CB1 {'rot': 0.00606}
  t=   2.55  cb_yield           L24-CB1 {'rot': 0.0057}
  t=   2.55  cb_yield           L24-CB3 {'rot': 0.00616}
  t=   2.55  cb_yield           L25-CB3 {'rot': 0.00579}
  t=   2.60  cb_yield           L22-CB0 {'rot': 0.00613}
  t=   2.60  cb_yield           L23-CB0 {'rot': 0.00577}
  t=   2.60  cb_yield           L23-CB2 {'rot': 0.0062}
  t=   2.60  cb_yield           L24-CB2 {'rot': 0.00581}
  t=   2.60  cb_yield           L25-CB1 {'rot': 0.00611}
  t=   2.60  cb_yield           L26-CB1 {'rot': 0.00563}
  t=   2.60  cb_yield           L26-CB3 {'rot': 0.00612}
  t=   2.60  cb_yield           L27-CB3 {'rot': 0.00564}
  t=   2.65  cb_yield           L24-CB0 {'rot': 0.00608}
  t=   2.65  cb_yield           L25-CB0 {'rot': 0.00556}
  t=   2.65  cb_yield           L25-CB2 {'rot': 0.00602}
  t=   2.65  cb_yield           L26-CB2 {'rot': 0.00548}
  t=   2.65  cb_yield           L27-CB1 {'rot': 0.00573}
  t=   2.65  cb_yield           L28-CB3 {'rot': 0.00565}
  t=   2.70  cb_yield           L26-CB0 {'rot': 0.00557}
  t=   2.70  cb_yield           L28-CB1 {'rot': 0.0056}
  t=   2.75  cb_yield           L27-CB2 {'rot': 0.00576}
  t=   2.75  cb_yield           L29-CB3 {'rot': 0.00561}
  t=   2.80  cb_yield           L27-CB0 {'rot': 0.00564}
  t=   2.85  cb_yield           L29-CB1 {'rot': 0.00555}
  t=   3.70  cb_yield           L28-CB2 {'rot': 0.00559}
  t=   3.75  cb_yield           L28-CB0 {'rot': 0.00593}
  t=   3.80  cb_yield           L29-CB0 {'rot': 0.00559}
  t=   3.80  cb_yield           L29-CB2 {'rot': 0.0056}
  t=   4.35  cb_yield           L3-CB0 {'rot': 0.00566}
  t=   4.40  cb_yield           L2-CB0 {'rot': 0.00523}
  t=   4.40  cb_yield           L2-CB1 {'rot': 0.005}
  t=   4.40  cb_yield           L3-CB2 {'rot': 0.00577}
  t=   4.45  cb_yield           L2-CB2 {'rot': 0.00529}
  t=   4.45  cb_yield           L2-CB3 {'rot': 0.00502}
  t=   4.50  cb_yield           L30-CB3 {'rot': 0.00596}
  t=   4.50  cb_yield           L31-CB3 {'rot': 0.00567}
  t=   4.55  cb_yield           L32-CB3 {'rot': 0.0059}
  t=   4.55  cb_yield           L33-CB3 {'rot': 0.00572}
  t=   4.60  cb_yield           L30-CB2 {'rot': 0.00549}
  t=   4.65  cb_yield           L1-CB0 {'rot': 0.00502}
  t=   4.70  cb_yield           L1-CB1 {'rot': 0.00507}
  t=   4.80  cb_yield           L1-CB2 {'rot': 0.00494}
  t=   7.30  cb_yield           L31-CB2 {'rot': 0.00548}
  t=   8.15  cb_yield           L30-CB1 {'rot': 0.00596}
  t=   8.15  cb_yield           L31-CB1 {'rot': 0.00555}
  t=   8.20  cb_failure         L9-CB1 {'rot': 0.01914}
  t=   8.20  cb_failure         L10-CB1 {'rot': 0.01949}
  t=   8.20  cb_failure         L11-CB1 {'rot': 0.01961}
  t=   8.20  cb_failure         L12-CB1 {'rot': 0.01951}
  t=   8.20  cb_failure         L13-CB1 {'rot': 0.01921}
  t=   8.20  cb_yield           L32-CB1 {'rot': 0.00601}
  t=   8.20  cb_yield           L33-CB1 {'rot': 0.00583}
  t=   8.25  cb_failure         L8-CB1 {'rot': 0.01983}
  t=   8.25  cb_failure         L10-CB0 {'rot': 0.01925}
  t=   8.25  cb_failure         L11-CB0 {'rot': 0.01949}
  t=   8.25  cb_failure         L12-CB0 {'rot': 0.0195}
  t=   8.25  cb_failure         L13-CB0 {'rot': 0.01927}
  t=   8.25  cb_failure         L14-CB1 {'rot': 0.0213}
  t=   8.25  cb_failure         L15-CB1 {'rot': 0.02073}
  t=   8.25  cb_failure         L16-CB1 {'rot': 0.02}
  t=   8.30  cb_failure         L7-CB1 {'rot': 0.0198}
  t=   8.30  cb_failure         L8-CB0 {'rot': 0.01936}
  t=   8.30  cb_failure         L9-CB0 {'rot': 0.02029}
  t=   8.30  cb_failure         L10-CB3 {'rot': 0.01945}
  t=   8.30  cb_failure         L11-CB3 {'rot': 0.01981}
  t=   8.30  cb_failure         L12-CB3 {'rot': 0.01992}
  t=   8.30  cb_failure         L13-CB3 {'rot': 0.01975}
  t=   8.30  cb_failure         L14-CB0 {'rot': 0.02121}
  t=   8.30  cb_failure         L14-CB3 {'rot': 0.0193}
  t=   8.30  cb_failure         L15-CB0 {'rot': 0.02062}
  t=   8.30  cb_failure         L16-CB0 {'rot': 0.0198}
  t=   8.30  cb_failure         L17-CB1 {'rot': 0.0213}
  t=   8.30  cb_failure         L18-CB1 {'rot': 0.02001}
  t=   8.30  cb_failure         L22-CB1 {'rot': 0.01951}
  t=   8.35  cb_failure         L6-CB1 {'rot': 0.01911}
  t=   8.35  cb_failure         L7-CB0 {'rot': 0.01945}
  t=   8.35  cb_failure         L8-CB3 {'rot': 0.01947}
  t=   8.35  cb_failure         L9-CB3 {'rot': 0.02047}
  t=   8.35  cb_failure         L10-CB2 {'rot': 0.01926}
  t=   8.35  cb_failure         L11-CB2 {'rot': 0.01956}
  t=   8.35  cb_failure         L12-CB2 {'rot': 0.01962}
  t=   8.35  cb_failure         L13-CB2 {'rot': 0.0194}
  t=   8.35  cb_failure         L14-CB2 {'rot': 0.01891}
  t=   8.35  cb_failure         L15-CB3 {'rot': 0.02073}
  t=   8.35  cb_failure         L16-CB3 {'rot': 0.01981}
  t=   8.35  cb_failure         L17-CB0 {'rot': 0.0209}
  t=   8.35  cb_failure         L18-CB0 {'rot': 0.01953}
  t=   8.35  cb_failure         L19-CB1 {'rot': 0.02049}
  t=   8.40  cb_failure         L6-CB0 {'rot': 0.01891}
  t=   8.40  cb_failure         L7-CB3 {'rot': 0.01959}
  t=   8.40  cb_failure         L8-CB2 {'rot': 0.01949}
  t=   8.40  cb_failure         L9-CB2 {'rot': 0.02046}
  t=   8.40  cb_failure         L15-CB2 {'rot': 0.02022}
  t=   8.40  cb_failure         L16-CB2 {'rot': 0.01925}
  t=   8.40  cb_failure         L17-CB3 {'rot': 0.0205}
  t=   8.40  cb_failure         L19-CB0 {'rot': 0.01971}
  t=   8.40  cb_failure         L20-CB1 {'rot': 0.02046}
  t=   8.45  cb_failure         L6-CB3 {'rot': 0.01896}
  t=   8.45  cb_failure         L7-CB2 {'rot': 0.01954}
  t=   8.45  cb_failure         L17-CB2 {'rot': 0.01974}
  t=   8.45  cb_failure         L18-CB3 {'rot': 0.02098}
  t=   8.45  cb_failure         L20-CB0 {'rot': 0.01945}
  t=   8.45  cb_failure         L21-CB1 {'rot': 0.01987}
  t=   8.50  cb_failure         L5-CB1 {'rot': 0.01958}
  t=   8.50  cb_failure         L18-CB2 {'rot': 0.02004}
  t=   8.50  cb_failure         L19-CB3 {'rot': 0.02107}
  t=   8.50  cb_failure         L21-CB3 {'rot': 0.01977}
  t=   8.55  cb_failure         L5-CB0 {'rot': 0.01926}
  t=   8.55  cb_failure         L6-CB2 {'rot': 0.01946}
  t=   8.55  cb_failure         L19-CB2 {'rot': 0.01993}
  t=   8.55  cb_failure         L20-CB3 {'rot': 0.02052}
  t=   8.55  cb_failure         L21-CB0 {'rot': 0.01965}
  t=   8.60  cb_failure         L22-CB3 {'rot': 0.01981}
  t=   8.65  cb_failure         L5-CB3 {'rot': 0.01907}
  t=   8.65  cb_failure         L20-CB2 {'rot': 0.02078}
  t=   8.65  cb_failure         L23-CB1 {'rot': 0.01944}
  t=   8.70  cb_failure         L21-CB2 {'rot': 0.01958}
  t=   8.70  cb_failure         L23-CB3 {'rot': 0.01991}
  t=   8.80  cb_failure         L22-CB0 {'rot': 0.01997}
  t=   8.85  cb_failure         L22-CB2 {'rot': 0.01991}
  t=   8.85  cb_failure         L24-CB3 {'rot': 0.01993}
  t=   8.90  cb_failure         L24-CB1 {'rot': 0.0198}
  t=   8.95  cb_failure         L24-CB0 {'rot': 0.01976}
  t=   8.95  cb_failure         L25-CB3 {'rot': 0.01989}
  t=   9.00  cb_failure         L23-CB0 {'rot': 0.01958}
  t=   9.00  cb_failure         L23-CB2 {'rot': 0.02076}
  t=   9.00  cb_failure         L25-CB1 {'rot': 0.01982}
  t=   9.00  cb_failure         L26-CB3 {'rot': 0.01991}
  t=   9.05  cb_failure         L25-CB2 {'rot': 0.01974}
  t=   9.10  cb_failure         L24-CB2 {'rot': 0.02098}
  t=   9.10  cb_failure         L26-CB1 {'rot': 0.01948}
  t=   9.10  cb_failure         L27-CB3 {'rot': 0.01991}
  t=   9.15  cb_failure         L28-CB3 {'rot': 0.01957}
  t=   9.20  cb_failure         L27-CB1 {'rot': 0.01994}
  t=   9.25  cb_failure         L25-CB0 {'rot': 0.01981}
  t=   9.25  cb_failure         L26-CB2 {'rot': 0.02052}
  t=   9.25  cb_failure         L29-CB3 {'rot': 0.01996}
  t=   9.30  cb_yield           L1-CB3 {'rot': 0.00506}
  t=   9.30  cb_failure         L28-CB1 {'rot': 0.01995}
  t=   9.30  cb_failure         L30-CB3 {'rot': 0.01975}
  t=   9.30  cb_yield           L32-CB2 {'rot': 0.00589}
  t=   9.30  cb_yield           L33-CB2 {'rot': 0.0055}
  t=   9.35  cb_failure         L26-CB0 {'rot': 0.02002}
  t=   9.35  cb_failure         L27-CB2 {'rot': 0.02116}
  t=   9.35  cb_failure         L31-CB3 {'rot': 0.01964}
  t=   9.40  cb_failure         L28-CB2 {'rot': 0.01957}
  t=   9.40  cb_failure         L29-CB1 {'rot': 0.0199}
  t=   9.40  cb_yield           L30-CB0 {'rot': 0.00748}
  t=   9.40  cb_failure         L32-CB3 {'rot': 0.0198}
  t=   9.40  cb_failure         L33-CB3 {'rot': 0.01981}
  t=   9.45  cb_failure         L4-CB1 {'rot': 0.01951}
  t=   9.45  cb_failure         L5-CB2 {'rot': 0.01901}
  t=   9.45  cb_failure         L27-CB0 {'rot': 0.01972}
  t=   9.45  cb_failure         L30-CB1 {'rot': 0.01983}
  t=   9.45  cb_yield           L31-CB0 {'rot': 0.00784}
  t=   9.45  cb_failure         L31-CB1 {'rot': 0.01985}
  t=   9.45  cb_yield           L32-CB0 {'rot': 0.00632}
  t=   9.45  cb_yield           L33-CB0 {'rot': 0.00578}
  t=   9.50  cb_failure         L4-CB3 {'rot': 0.01976}
  t=   9.50  cb_failure         L32-CB1 {'rot': 0.02046}
  t=   9.50  cb_failure         L33-CB1 {'rot': 0.0202}
  t=   9.55  cb_failure         L4-CB0 {'rot': 0.02008}
  t=   9.55  cb_failure         L4-CB2 {'rot': 0.01953}
  t=   9.55  cb_failure         L28-CB0 {'rot': 0.02238}
  t=   9.55  cb_failure         L29-CB0 {'rot': 0.0211}
  t=   9.55  cb_failure         L29-CB2 {'rot': 0.02273}
  t=   9.55  cb_failure         L30-CB0 {'rot': 0.01998}
  t=   9.55  cb_failure         L30-CB2 {'rot': 0.02167}
  t=   9.55  cb_failure         L31-CB2 {'rot': 0.02084}
  t=   9.55  cb_failure         L32-CB2 {'rot': 0.02027}
  t=   9.55  cb_failure         L33-CB2 {'rot': 0.02008}
  t=   9.60  cb_failure         L3-CB1 {'rot': 0.01956}
  t=   9.60  cb_failure         L3-CB3 {'rot': 0.01927}
  t=   9.60  cb_failure         L31-CB0 {'rot': 0.02485}
  t=   9.60  cb_failure         L32-CB0 {'rot': 0.02455}
  t=   9.60  cb_failure         L33-CB0 {'rot': 0.02441}
  t=   9.65  cb_failure         L3-CB0 {'rot': 0.01895}
  t=   9.65  cb_failure         L3-CB2 {'rot': 0.01903}
  t=   9.80  cb_failure         L2-CB3 {'rot': 0.01916}
  t=   9.85  cb_failure         L2-CB1 {'rot': 0.01908}
  t=   9.95  cb_failure         L2-CB2 {'rot': 0.01919}
  t=  10.00  cb_failure         L2-CB0 {'rot': 0.01892}
  progress t=  10.0s  max corner drift so far=0.0078  wall clock=285s
  t= 12.480  solver fallback: Newton
  t= 12.490  solver fallback: Newton
  t=  17.75  cb_failure         L1-CB1 {'rot': 0.01909}
  progress t=  20.0s  max corner drift so far=0.0179  wall clock=582s
  t=  21.10  cb_failure         L1-CB3 {'rot': 0.01935}
  t=  21.25  cb_failure         L1-CB2 {'rot': 0.019}
  t= 24.360  solver fallback: Newton
  t= 24.370  solver fallback: Newton
  progress t=  30.0s  max corner drift so far=0.0217  wall clock=883s
  t=  30.25  cb_failure         L1-CB0 {'rot': 0.0201}
  t=  31.40  punching           L29-col0 {'drift': np.float64(0.0208), 'vg_vc': 0.384, 'conn': 'column'}
  t=  31.50  punching           L31-col0 {'drift': np.float64(0.0207), 'vg_vc': 0.386, 'conn': 'column'}
  t=  31.60  punching           L30-col1 {'drift': np.float64(0.0198), 'vg_vc': 0.403, 'conn': 'column'}
  t=  31.65  punching           L30-col0 {'drift': np.float64(0.0208), 'vg_vc': 0.4, 'conn': 'column'}
  t= 38.570  solver fallback: Newton
  t= 38.580  solver fallback: Newton
  t= 39.060  solver fallback: Newton
  t= 39.190  solver fallback: Newton
  t= 39.200  solver fallback: Newton
  progress t=  40.0s  max corner drift so far=0.0217  wall clock=1183s
  t=  44.85  punching           L29-col23 {'drift': np.float64(0.0204), 'vg_vc': 0.404, 'conn': 'column'}
  t=  44.85  punching           L30-col23 {'drift': np.float64(0.0204), 'vg_vc': 0.403, 'conn': 'column'}
  t=  44.86  punching           L31-col23 {'drift': np.float64(0.0204), 'vg_vc': 0.396, 'conn': 'column'}
  t=  44.87  punching           L29-col22 {'drift': np.float64(0.0219), 'vg_vc': 0.367, 'conn': 'column'}
  t=  44.87  punching           L30-col22 {'drift': np.float64(0.0218), 'vg_vc': 0.366, 'conn': 'column'}
  t=  44.89  punching           L29-col14 {'drift': np.float64(0.0195), 'vg_vc': 0.411, 'conn': 'column'}
  t=  44.89  punching           L31-col22 {'drift': np.float64(0.0219), 'vg_vc': 0.364, 'conn': 'column'}
  t=  44.89  punching           L32-col23 {'drift': np.float64(0.0206), 'vg_vc': 0.389, 'conn': 'column'}
  t=  44.90  punching           L29-col18 {'drift': np.float64(0.0205), 'vg_vc': 0.396, 'conn': 'column'}
  t=  44.90  punching           L30-col14 {'drift': np.float64(0.0195), 'vg_vc': 0.414, 'conn': 'column'}
  t=  44.90  punching           L30-col17 {'drift': np.float64(0.0214), 'vg_vc': 0.417, 'conn': 'column'}
  t=  44.90  punching           L30-col18 {'drift': np.float64(0.0203), 'vg_vc': 0.417, 'conn': 'column'}
  t=  44.90  punching           L31-col14 {'drift': np.float64(0.0192), 'vg_vc': 0.429, 'conn': 'column'}
  t=  44.90  punching           L32-col22 {'drift': np.float64(0.0217), 'vg_vc': 0.408, 'conn': 'column'}
  t=  44.90  punching           L33-col14 {'drift': np.float64(0.0185), 'vg_vc': 0.437, 'conn': 'column'}
  t=  44.92  punching           L29-col17 {'drift': np.float64(0.0219), 'vg_vc': 0.363, 'conn': 'column'}
  t=  44.93  punching           L31-col17 {'drift': np.float64(0.0216), 'vg_vc': 0.369, 'conn': 'column'}
  t=  44.94  punching           L32-col14 {'drift': np.float64(0.0194), 'vg_vc': 0.415, 'conn': 'column'}
  t=  44.95  punching           L29-col11 {'drift': np.float64(0.0183), 'vg_vc': 0.463, 'conn': 'column'}
  t=  44.95  punching           L30-col11 {'drift': np.float64(0.0182), 'vg_vc': 0.459, 'conn': 'column'}
  t=  44.95  punching           L31-col11 {'drift': np.float64(0.0179), 'vg_vc': 0.45, 'conn': 'column'}
  t=  44.95  punching           L31-col18 {'drift': np.float64(0.0208), 'vg_vc': 0.442, 'conn': 'column'}
  t=  44.95  punching           L32-col17 {'drift': np.float64(0.0215), 'vg_vc': 0.537, 'conn': 'column'}
  t=  44.95  punching           L33-col11 {'drift': np.float64(0.0173), 'vg_vc': 0.473, 'conn': 'column'}
  t=  44.95  column_axial_failure S32-C14 {'eps': -362576.60674}
  t=  44.95  column_axial_failure S33-C14 {'eps': -362577.11262}
