  t=   8.13  cb_yield           L6-CB1 {'rot': 0.00511}
  t=   8.13  cb_yield           L7-CB0 {'rot': 0.00509}
  t=   8.13  cb_yield           L7-CB1 {'rot': 0.00538}
  t=   8.13  cb_yield           L8-CB0 {'rot': 0.00525}
  t=   8.13  cb_yield           L8-CB1 {'rot': 0.00557}
  t=   8.13  cb_yield           L9-CB0 {'rot': 0.00532}
  t=   8.13  cb_yield           L9-CB1 {'rot': 0.00569}
  t=   8.13  cb_yield           L10-CB0 {'rot': 0.00533}
  t=   8.13  cb_yield           L10-CB1 {'rot': 0.00574}
  t=   8.13  cb_yield           L11-CB0 {'rot': 0.00529}
  t=   8.13  cb_yield           L11-CB1 {'rot': 0.00574}
  t=   8.13  cb_yield           L12-CB0 {'rot': 0.0052}
  t=   8.13  cb_yield           L12-CB1 {'rot': 0.00568}
  t=   8.13  cb_yield           L13-CB0 {'rot': 0.00506}
  t=   8.13  cb_yield           L13-CB1 {'rot': 0.00557}
  t=   8.13  cb_yield           L14-CB1 {'rot': 0.00542}
  t=   8.13  cb_yield           L15-CB1 {'rot': 0.00524}
  t=   8.13  cb_yield           L16-CB1 {'rot': 0.00504}
  t=   8.25  cb_yield           L4-CB1 {'rot': 0.00499}
  t=   8.25  cb_yield           L5-CB0 {'rot': 0.00526}
  t=   8.25  cb_yield           L5-CB1 {'rot': 0.00551}
  t=   8.25  cb_yield           L6-CB0 {'rot': 0.0056}
  t=   8.25  cb_yield           L6-CB3 {'rot': 0.00514}
  t=   8.25  cb_yield           L7-CB2 {'rot': 0.00491}
  t=   8.25  cb_yield           L7-CB3 {'rot': 0.00528}
  t=   8.25  cb_yield           L8-CB2 {'rot': 0.00491}
  t=   8.25  cb_yield           L8-CB3 {'rot': 0.00532}
  t=   8.25  cb_yield           L9-CB3 {'rot': 0.00526}
  t=   8.25  cb_yield           L10-CB3 {'rot': 0.00514}
  t=   8.25  cb_yield           L11-CB3 {'rot': 0.00496}
  t=   8.25  cb_yield           L14-CB0 {'rot': 0.00521}
  t=   8.25  cb_yield           L15-CB0 {'rot': 0.00496}
  t=   8.38  cb_yield           L3-CB1 {'rot': 0.00499}
  t=   8.38  cb_yield           L4-CB0 {'rot': 0.00551}
  t=   8.38  cb_yield           L4-CB2 {'rot': 0.0051}
  t=   8.38  cb_yield           L4-CB3 {'rot': 0.00538}
  t=   8.38  cb_yield           L5-CB2 {'rot': 0.00554}
  t=   8.38  cb_yield           L5-CB3 {'rot': 0.00587}
  t=   8.38  cb_yield           L6-CB2 {'rot': 0.00577}
  t=   8.38  cb_yield           L9-CB2 {'rot': 0.00553}
  t=   8.38  cb_yield           L10-CB2 {'rot': 0.00523}
  t=   8.38  cb_yield           L12-CB3 {'rot': 0.00509}
  t=   8.50  cb_yield           L3-CB0 {'rot': 0.00496}
  t=   8.50  cb_yield           L11-CB2 {'rot': 0.00529}
  t=   8.50  cb_yield           L13-CB3 {'rot': 0.00498}
  t=   8.63  cb_yield           L12-CB2 {'rot': 0.00503}
  t=   8.63  cb_yield           L14-CB3 {'rot': 0.00491}
  t=   8.75  cb_yield           L15-CB3 {'rot': 0.00508}
  t=   8.88  cb_yield           L13-CB2 {'rot': 0.00493}
  t=   8.88  cb_yield           L14-CB2 {'rot': 0.00494}
  t=   8.88  cb_yield           L15-CB2 {'rot': 0.00492}
  t=   8.88  cb_yield           L16-CB0 {'rot': 0.00509}
  t=   8.88  cb_yield           L16-CB3 {'rot': 0.00563}
  t=   8.88  cb_yield           L17-CB1 {'rot': 0.00562}
  t=   8.88  cb_yield           L17-CB3 {'rot': 0.00556}
  t=   8.88  cb_yield           L18-CB3 {'rot': 0.00545}
  t=   9.00  cb_yield           L16-CB2 {'rot': 0.0051}
  t=   9.00  cb_yield           L18-CB1 {'rot': 0.00544}
  t=   9.00  cb_yield           L19-CB3 {'rot': 0.00612}
  t=   9.00  cb_yield           L20-CB3 {'rot': 0.00604}
  t=   9.00  cb_yield           L21-CB3 {'rot': 0.00589}
  t=   9.00  cb_yield           L22-CB3 {'rot': 0.00568}
  t=   9.00  cb_yield           L23-CB3 {'rot': 0.00544}
  t=   9.13  cb_yield           L21-CB2 {'rot': 0.00552}
  t=   9.13  cb_yield           L22-CB2 {'rot': 0.00554}
  t=   9.13  cb_yield           L23-CB2 {'rot': 0.00547}
  t=   9.13  cb_yield           L24-CB3 {'rot': 0.00635}
  t=   9.13  cb_yield           L25-CB3 {'rot': 0.00614}
  t=   9.13  cb_yield           L26-CB3 {'rot': 0.00587}
  t=   9.13  cb_yield           L27-CB3 {'rot': 0.00555}
  t=   9.25  cb_yield           L24-CB2 {'rot': 0.00556}
  t=   9.25  cb_yield           L25-CB2 {'rot': 0.00551}
  t=   9.25  cb_yield           L28-CB3 {'rot': 0.00589}
  t=   9.25  cb_yield           L29-CB3 {'rot': 0.00555}
  progress t=  10.0s  max corner drift so far=0.0019  wall clock=131s
  t=  10.63  cb_yield           L2-CB0 {'rot': 0.00536}
  t=  10.63  cb_yield           L2-CB1 {'rot': 0.00526}
  t=  10.63  cb_yield           L2-CB2 {'rot': 0.00553}
  t=  10.63  cb_yield           L2-CB3 {'rot': 0.00533}
  t=  10.63  cb_yield           L3-CB2 {'rot': 0.00669}
  t=  10.63  cb_yield           L3-CB3 {'rot': 0.0064}
  t=  10.88  cb_yield           L1-CB2 {'rot': 0.00506}
  t=  11.13  cb_yield           L17-CB0 {'rot': 0.0055}
  t=  11.25  cb_yield           L18-CB0 {'rot': 0.00832}
  t=  11.25  cb_yield           L19-CB0 {'rot': 0.00802}
  t=  11.25  cb_yield           L19-CB1 {'rot': 0.00735}
  t=  11.25  cb_yield           L20-CB0 {'rot': 0.00772}
  t=  11.25  cb_yield           L20-CB1 {'rot': 0.00703}
  t=  11.25  cb_yield           L21-CB0 {'rot': 0.00741}
  t=  11.25  cb_yield           L21-CB1 {'rot': 0.0067}
  t=  11.25  cb_yield           L22-CB0 {'rot': 0.00707}
  t=  11.25  cb_yield           L22-CB1 {'rot': 0.00635}
  t=  11.25  cb_yield           L23-CB0 {'rot': 0.00672}
  t=  11.25  cb_yield           L23-CB1 {'rot': 0.00599}
  t=  11.25  cb_yield           L24-CB0 {'rot': 0.00635}
  t=  11.25  cb_yield           L24-CB1 {'rot': 0.00561}
  t=  11.25  cb_yield           L25-CB0 {'rot': 0.00597}
  t=  11.25  cb_yield           L26-CB0 {'rot': 0.00559}
  t=  11.38  cb_yield           L17-CB2 {'rot': 0.00798}
  t=  11.38  cb_yield           L18-CB2 {'rot': 0.00752}
  t=  11.38  cb_yield           L19-CB2 {'rot': 0.00701}
  t=  11.38  cb_yield           L20-CB2 {'rot': 0.00648}
  t=  11.38  cb_yield           L25-CB1 {'rot': 0.00731}
  t=  11.38  cb_yield           L26-CB1 {'rot': 0.00663}
  t=  11.38  cb_yield           L27-CB0 {'rot': 0.00672}
  t=  11.38  cb_yield           L27-CB1 {'rot': 0.00596}
  t=  11.38  cb_yield           L28-CB0 {'rot': 0.00607}
  t=  11.38  cb_yield           L29-CB0 {'rot': 0.00545}
  t=  11.50  cb_yield           L28-CB1 {'rot': 0.00627}
  t=  11.63  cb_failure         L22-CB0 {'rot': 0.01973}
  t=  11.63  cb_yield           L26-CB2 {'rot': 0.0062}
  t=  11.63  cb_yield           L29-CB1 {'rot': 0.00556}
  t=  11.75  cb_failure         L18-CB0 {'rot': 0.01945}
  t=  11.75  cb_failure         L19-CB0 {'rot': 0.01958}
  t=  11.75  cb_failure         L20-CB0 {'rot': 0.01944}
  t=  11.88  cb_yield           L27-CB2 {'rot': 0.00587}
  t=  12.88  cb_yield           L30-CB3 {'rot': 0.00622}
  t=  12.88  cb_yield           L31-CB3 {'rot': 0.00597}
  t=  12.88  cb_yield           L32-CB3 {'rot': 0.00572}
  t=  12.88  cb_yield           L33-CB3 {'rot': 0.00556}
  t=  13.63  cb_yield           L28-CB2 {'rot': 0.0065}
  t=  13.63  cb_yield           L29-CB2 {'rot': 0.00574}
  t=  13.75  cb_yield           L30-CB2 {'rot': 0.0062}
  t=  13.75  cb_yield           L31-CB2 {'rot': 0.00564}
  t=  14.63  cb_yield           L32-CB2 {'rot': 0.0057}
  t=  14.63  cb_yield           L33-CB2 {'rot': 0.0055}
  t=  15.75  cb_yield           L30-CB1 {'rot': 0.00576}
  t=  15.75  cb_yield           L31-CB1 {'rot': 0.00561}
  t=  15.75  cb_yield           L32-CB1 {'rot': 0.0055}
  t=  15.88  cb_yield           L33-CB1 {'rot': 0.00642}
  t=  16.13  cb_yield           L30-CB0 {'rot': 0.00647}
  t=  16.13  cb_yield           L31-CB0 {'rot': 0.00626}
  t=  16.13  cb_yield           L32-CB0 {'rot': 0.00612}
  t=  16.13  cb_yield           L33-CB0 {'rot': 0.00606}
  progress t=  20.0s  max corner drift so far=0.0063  wall clock=266s
  t=  21.00  cb_failure         L18-CB1 {'rot': 0.01972}
  t= 21.075  solver fallback: Newton
  t=  21.25  cb_failure         L23-CB1 {'rot': 0.01969}
  t=  21.25  cb_failure         L24-CB1 {'rot': 0.01982}
  t=  21.25  cb_failure         L25-CB1 {'rot': 0.01978}
  t=  21.25  cb_failure         L26-CB1 {'rot': 0.01958}
  t=  21.25  cb_failure         L32-CB1 {'rot': 0.01974}
  t=  21.25  cb_failure         L33-CB1 {'rot': 0.01976}
  t=  21.37  cb_failure         L19-CB1 {'rot': 0.01948}
  t=  21.37  cb_failure         L27-CB1 {'rot': 0.01988}
  t=  21.37  cb_failure         L28-CB1 {'rot': 0.01979}
  t=  21.37  cb_failure         L29-CB1 {'rot': 0.01962}
  t=  21.37  cb_failure         L30-CB1 {'rot': 0.0195}
  t=  21.50  cb_failure         L13-CB1 {'rot': 0.01891}
  t=  21.50  cb_failure         L14-CB1 {'rot': 0.01926}
  t=  21.50  cb_failure         L15-CB1 {'rot': 0.01951}
  t=  21.50  cb_failure         L16-CB1 {'rot': 0.01966}
  t=  21.50  cb_failure         L17-CB1 {'rot': 0.01977}
  t=  21.50  cb_failure         L20-CB1 {'rot': 0.01981}
  t=  21.50  cb_failure         L21-CB1 {'rot': 0.01977}
  t=  21.50  cb_failure         L22-CB1 {'rot': 0.01973}
  t=  21.62  cb_failure         L10-CB1 {'rot': 0.0195}
  t=  21.62  cb_failure         L11-CB1 {'rot': 0.0202}
  t=  21.62  cb_failure         L12-CB1 {'rot': 0.02072}
  t=  21.75  cb_failure         L9-CB1 {'rot': 0.01997}
  t=  21.75  cb_failure         L11-CB0 {'rot': 0.01909}
  t=  21.75  cb_failure         L12-CB0 {'rot': 0.01944}
  t=  21.75  cb_failure         L13-CB0 {'rot': 0.01957}
  t=  21.75  cb_failure         L14-CB0 {'rot': 0.0195}
  t=  21.75  cb_failure         L15-CB0 {'rot': 0.01928}
  t=  21.87  cb_failure         L8-CB1 {'rot': 0.01918}
  t=  21.87  cb_failure         L10-CB0 {'rot': 0.01958}
  t=  21.87  cb_failure         L16-CB0 {'rot': 0.01952}
  t=  27.00  cb_failure         L32-CB3 {'rot': 0.01975}
  progress t=  30.0s  max corner drift so far=0.0067  wall clock=397s
  t=  35.37  cb_failure         L22-CB3 {'rot': 0.01956}
  t=  37.12  cb_failure         L31-CB1 {'rot': 0.02067}
  t= 38.350  solver fallback: Newton
  progress t=  40.0s  max corner drift so far=0.0086  wall clock=533s
  t=  41.00  cb_failure         L15-CB3 {'rot': 0.01934}
  t=  41.00  cb_failure         L16-CB3 {'rot': 0.01956}
  t=  41.00  cb_failure         L17-CB3 {'rot': 0.01957}
  t=  41.12  cb_failure         L18-CB3 {'rot': 0.01985}
  t=  41.12  cb_failure         L19-CB3 {'rot': 0.01972}
  t=  41.12  cb_failure         L20-CB3 {'rot': 0.01946}
  t=  41.25  cb_failure         L21-CB3 {'rot': 0.02039}
  t=  41.25  cb_failure         L23-CB3 {'rot': 0.02044}
  t=  41.25  cb_failure         L24-CB3 {'rot': 0.02036}
  t=  41.25  cb_failure         L25-CB3 {'rot': 0.02024}
  t=  41.25  cb_failure         L26-CB3 {'rot': 0.02005}
  t=  41.25  cb_failure         L27-CB3 {'rot': 0.0198}
  t=  41.25  cb_failure         L28-CB3 {'rot': 0.01951}
  t=  41.37  cb_failure         L29-CB3 {'rot': 0.02262}
  t=  41.37  cb_failure         L30-CB3 {'rot': 0.02232}
  t=  41.37  cb_failure         L31-CB3 {'rot': 0.02201}
  t=  41.37  cb_failure         L33-CB3 {'rot': 0.02165}
  t=  41.50  cb_failure         L21-CB2 {'rot': 0.01966}
  t=  41.50  cb_failure         L22-CB2 {'rot': 0.01965}
  t=  41.50  cb_failure         L30-CB2 {'rot': 0.01966}
  t=  41.50  cb_failure         L32-CB2 {'rot': 0.0197}
  t=  41.50  cb_failure         L33-CB2 {'rot': 0.01972}
  t=  41.62  cb_failure         L20-CB2 {'rot': 0.01961}
  t=  41.75  cb_failure         L14-CB3 {'rot': 0.019}
  t= 41.850  solver fallback: Newton
  t=  41.87  cb_failure         L13-CB3 {'rot': 0.01928}
  t=  41.87  cb_failure         L16-CB2 {'rot': 0.01922}
  t=  41.87  cb_failure         L17-CB2 {'rot': 0.01966}
  t=  41.87  cb_failure         L18-CB2 {'rot': 0.01999}
  t=  41.87  cb_failure         L19-CB2 {'rot': 0.0202}
  t=  41.87  cb_failure         L23-CB2 {'rot': 0.02019}
  t=  41.87  cb_failure         L24-CB2 {'rot': 0.02002}
  t=  41.87  cb_failure         L25-CB2 {'rot': 0.01981}
  t=  41.87  cb_failure         L26-CB2 {'rot': 0.01958}
  t=  42.00  cb_failure         L12-CB3 {'rot': 0.01938}
  t=  42.00  cb_failure         L13-CB2 {'rot': 0.01963}
  t=  42.00  cb_failure         L14-CB2 {'rot': 0.02046}
  t=  42.00  cb_failure         L15-CB2 {'rot': 0.0211}
  t=  42.00  cb_failure         L27-CB2 {'rot': 0.02005}
  t=  42.00  cb_failure         L28-CB2 {'rot': 0.01986}
  t=  42.00  cb_failure         L29-CB2 {'rot': 0.0197}
  t=  42.00  cb_failure         L31-CB2 {'rot': 0.01948}
  t=  42.12  cb_failure         L11-CB2 {'rot': 0.01935}
  t=  42.12  cb_failure         L11-CB3 {'rot': 0.01904}
  t=  42.12  cb_failure         L12-CB2 {'rot': 0.02048}
  t=  42.25  cb_failure         L10-CB2 {'rot': 0.01954}
  t=  42.37  cb_failure         L8-CB2 {'rot': 0.01895}
  t=  42.37  cb_failure         L9-CB2 {'rot': 0.02013}
  t=  42.37  cb_failure         L10-CB3 {'rot': 0.019}
  t=  42.50  cb_failure         L7-CB2 {'rot': 0.01938}
  t=  42.50  cb_failure         L9-CB3 {'rot': 0.01908}
  t=  42.62  cb_failure         L6-CB2 {'rot': 0.01917}
  t=  42.62  cb_failure         L8-CB3 {'rot': 0.01894}
  t=  42.75  cb_yield           L1-CB3 {'rot': 0.00509}
  t=  44.25  cb_failure         L24-CB0 {'rot': 0.01962}
  t=  44.37  cb_failure         L21-CB0 {'rot': 0.01955}
  t=  44.37  cb_failure         L23-CB0 {'rot': 0.01946}
  t=  44.37  cb_failure         L25-CB0 {'rot': 0.02014}
  t=  44.37  cb_failure         L26-CB0 {'rot': 0.0203}
  t=  44.37  cb_failure         L27-CB0 {'rot': 0.02035}
  t=  44.37  cb_failure         L28-CB0 {'rot': 0.02031}
  t=  44.37  cb_failure         L29-CB0 {'rot': 0.02019}
  t=  44.37  cb_failure         L30-CB0 {'rot': 0.02002}
  t=  44.37  cb_failure         L31-CB0 {'rot': 0.01983}
  t=  44.37  cb_failure         L32-CB0 {'rot': 0.01966}
  t=  44.37  cb_failure         L33-CB0 {'rot': 0.01959}
  t=  49.37  cb_failure         L7-CB3 {'rot': 0.01915}
  t=  49.50  cb_failure         L17-CB0 {'rot': 0.02088}
  progress t=  50.0s  max corner drift so far=0.0096  wall clock=667s
  t=  51.12  cb_yield           L1-CB0 {'rot': 0.00515}
  t=  51.12  cb_yield           L1-CB1 {'rot': 0.00687}
  t=  51.12  cb_failure         L5-CB3 {'rot': 0.01959}
  t=  51.12  cb_failure         L6-CB3 {'rot': 0.02091}
  t=  51.12  cb_failure         L7-CB1 {'rot': 0.01892}
  t=  51.25  cb_failure         L4-CB2 {'rot': 0.01898}
  t=  51.25  cb_failure         L4-CB3 {'rot': 0.02069}
  t=  51.25  cb_failure         L5-CB1 {'rot': 0.02037}
  t=  51.25  cb_failure         L5-CB2 {'rot': 0.02069}
  t=  51.25  cb_failure         L6-CB1 {'rot': 0.02097}
  t=  51.37  cb_failure         L3-CB3 {'rot': 0.01891}
  t=  51.37  cb_failure         L4-CB1 {'rot': 0.0192}
  progress t=  60.0s  max corner drift so far=0.0114  wall clock=800s
  t=  61.00  cb_failure         L9-CB0 {'rot': 0.01947}
  t=  61.12  cb_failure         L5-CB0 {'rot': 0.01893}
  t=  61.12  cb_failure         L6-CB0 {'rot': 0.02027}
  t=  61.12  cb_failure         L7-CB0 {'rot': 0.02111}
  t=  61.12  cb_failure         L8-CB0 {'rot': 0.02157}
  t=  61.25  cb_failure         L3-CB1 {'rot': 0.01892}
  t=  61.25  cb_failure         L3-CB2 {'rot': 0.01996}
  t=  61.25  cb_failure         L4-CB0 {'rot': 0.01979}
  progress t=  70.0s  max corner drift so far=0.0114  wall clock=927s
  progress t=  80.0s  max corner drift so far=0.0114  wall clock=1051s
  progress t=  90.0s  max corner drift so far=0.0114  wall clock=1176s
  progress t= 100.0s  max corner drift so far=0.0114  wall clock=1301s
