  t=   8.13  cb_yield           L15-CB1 {'rot': 0.00593}
  t=   8.13  cb_yield           L16-CB1 {'rot': 0.00597}
  t=   8.25  cb_yield           L11-CB1 {'rot': 0.00602}
  t=   8.25  cb_yield           L12-CB1 {'rot': 0.00622}
  t=   8.25  cb_yield           L13-CB1 {'rot': 0.00638}
  t=   8.25  cb_yield           L14-CB1 {'rot': 0.0065}
  t=   8.25  cb_yield           L17-CB1 {'rot': 0.00657}
  t=   8.38  cb_yield           L7-CB1 {'rot': 0.0059}
  t=   8.38  cb_yield           L8-CB1 {'rot': 0.00612}
  t=   8.38  cb_yield           L9-CB1 {'rot': 0.0063}
  t=   8.38  cb_yield           L10-CB0 {'rot': 0.0059}
  t=   8.38  cb_yield           L10-CB1 {'rot': 0.00643}
  t=   8.38  cb_yield           L11-CB0 {'rot': 0.00596}
  t=   8.38  cb_yield           L12-CB0 {'rot': 0.00599}
  t=   8.38  cb_yield           L13-CB0 {'rot': 0.00601}
  t=   8.38  cb_yield           L14-CB0 {'rot': 0.00599}
  t=   8.38  cb_yield           L15-CB0 {'rot': 0.00596}
  t=   8.38  cb_yield           L16-CB0 {'rot': 0.0059}
  t=   8.50  cb_yield           L5-CB0 {'rot': 0.00597}
  t=   8.50  cb_yield           L5-CB1 {'rot': 0.00632}
  t=   8.50  cb_yield           L6-CB0 {'rot': 0.00637}
  t=   8.50  cb_yield           L6-CB1 {'rot': 0.00676}
  t=   8.50  cb_yield           L7-CB0 {'rot': 0.00662}
  t=   8.50  cb_yield           L7-CB3 {'rot': 0.00603}
  t=   8.50  cb_yield           L8-CB0 {'rot': 0.00675}
  t=   8.50  cb_yield           L8-CB3 {'rot': 0.00613}
  t=   8.50  cb_yield           L9-CB0 {'rot': 0.00676}
  t=   8.50  cb_yield           L9-CB3 {'rot': 0.00614}
  t=   8.50  cb_yield           L10-CB3 {'rot': 0.00605}
  t=   8.50  cb_yield           L11-CB3 {'rot': 0.00591}
  t=   8.63  cb_yield           L4-CB0 {'rot': 0.00601}
  t=   8.63  cb_yield           L4-CB1 {'rot': 0.00633}
  t=   8.63  cb_yield           L5-CB3 {'rot': 0.00613}
  t=   8.63  cb_yield           L6-CB2 {'rot': 0.00607}
  t=   8.63  cb_yield           L6-CB3 {'rot': 0.00654}
  t=   8.63  cb_yield           L7-CB2 {'rot': 0.00626}
  t=   8.63  cb_yield           L8-CB2 {'rot': 0.00632}
  t=   8.63  cb_yield           L9-CB2 {'rot': 0.00623}
  t=   8.63  cb_yield           L10-CB2 {'rot': 0.00605}
  t=   8.63  cb_yield           L12-CB3 {'rot': 0.00625}
  t=   8.63  cb_yield           L13-CB3 {'rot': 0.00593}
  t=   8.75  cb_yield           L11-CB2 {'rot': 0.00613}
  t=   8.75  cb_yield           L14-CB3 {'rot': 0.00597}
  t=   8.88  cb_yield           L12-CB2 {'rot': 0.00614}
  t=   8.88  cb_yield           L13-CB2 {'rot': 0.00596}
  t=   8.88  cb_yield           L15-CB3 {'rot': 0.00632}
  t=   8.88  cb_yield           L16-CB3 {'rot': 0.00606}
  t=   9.00  cb_yield           L14-CB2 {'rot': 0.00591}
  progress t=  10.0s  max corner drift so far=0.0019  wall clock=156s
  t=  10.75  cb_yield           L3-CB0 {'rot': 0.00625}
  t=  10.75  cb_yield           L3-CB1 {'rot': 0.00607}
  t=  10.75  cb_yield           L3-CB2 {'rot': 0.00647}
  t=  10.75  cb_yield           L3-CB3 {'rot': 0.0062}
  t=  10.75  cb_yield           L4-CB2 {'rot': 0.00717}
  t=  10.75  cb_yield           L4-CB3 {'rot': 0.00683}
  t=  10.75  cb_yield           L5-CB2 {'rot': 0.00749}
  t=  10.88  cb_yield           L2-CB0 {'rot': 0.00626}
  t=  10.88  cb_yield           L2-CB1 {'rot': 0.00607}
  t=  10.88  cb_yield           L2-CB2 {'rot': 0.00655}
  t=  10.88  cb_yield           L2-CB3 {'rot': 0.00638}
  t=  11.25  cb_yield           L15-CB2 {'rot': 0.00692}
  t=  11.25  cb_yield           L16-CB2 {'rot': 0.00601}
  t=  11.25  cb_yield           L17-CB0 {'rot': 0.0083}
  t=  11.25  cb_yield           L18-CB0 {'rot': 0.0078}
  t=  11.25  cb_yield           L18-CB1 {'rot': 0.0073}
  t=  11.25  cb_yield           L19-CB0 {'rot': 0.00737}
  t=  11.25  cb_yield           L19-CB1 {'rot': 0.00685}
  t=  11.25  cb_yield           L20-CB0 {'rot': 0.00698}
  t=  11.25  cb_yield           L21-CB0 {'rot': 0.00662}
  t=  11.38  cb_yield           L17-CB2 {'rot': 0.00731}
  t=  11.38  cb_yield           L17-CB3 {'rot': 0.00668}
  t=  11.38  cb_yield           L20-CB1 {'rot': 0.00922}
  t=  11.38  cb_yield           L21-CB1 {'rot': 0.00868}
  t=  11.38  cb_yield           L22-CB0 {'rot': 0.00876}
  t=  11.38  cb_yield           L22-CB1 {'rot': 0.00811}
  t=  11.38  cb_yield           L23-CB0 {'rot': 0.00818}
  t=  11.38  cb_yield           L23-CB1 {'rot': 0.00753}
  t=  11.38  cb_yield           L24-CB0 {'rot': 0.00759}
  t=  11.38  cb_yield           L24-CB1 {'rot': 0.00695}
  t=  11.38  cb_yield           L25-CB0 {'rot': 0.00701}
  t=  11.50  cb_yield           L18-CB2 {'rot': 0.00901}
  t=  11.50  cb_yield           L18-CB3 {'rot': 0.00839}
  t=  11.50  cb_yield           L19-CB2 {'rot': 0.0083}
  t=  11.50  cb_yield           L19-CB3 {'rot': 0.00766}
  t=  11.50  cb_yield           L20-CB2 {'rot': 0.00753}
  t=  11.50  cb_yield           L20-CB3 {'rot': 0.00689}
  t=  11.50  cb_yield           L21-CB2 {'rot': 0.00672}
  t=  11.50  cb_yield           L25-CB1 {'rot': 0.00785}
  t=  11.50  cb_yield           L26-CB0 {'rot': 0.00762}
  t=  11.50  cb_yield           L26-CB1 {'rot': 0.00705}
  t=  11.50  cb_yield           L27-CB0 {'rot': 0.00682}
  t=  11.63  cb_yield           L21-CB3 {'rot': 0.00882}
  t=  11.63  cb_yield           L22-CB2 {'rot': 0.00831}
  t=  11.63  cb_yield           L22-CB3 {'rot': 0.00792}
  t=  11.63  cb_yield           L23-CB2 {'rot': 0.0073}
  t=  11.63  cb_yield           L23-CB3 {'rot': 0.00693}
  t=  11.63  cb_yield           L27-CB1 {'rot': 0.00707}
  t=  11.75  cb_yield           L24-CB2 {'rot': 0.008}
  t=  11.75  cb_yield           L24-CB3 {'rot': 0.00785}
  t=  11.75  cb_yield           L25-CB2 {'rot': 0.00663}
  t=  11.75  cb_yield           L28-CB0 {'rot': 0.00685}
  t=  11.88  cb_yield           L25-CB3 {'rot': 0.00777}
  t=  12.00  cb_yield           L26-CB2 {'rot': 0.00699}
  t=  12.00  cb_yield           L26-CB3 {'rot': 0.00678}
  t=  13.00  cb_yield           L27-CB3 {'rot': 0.00741}
  t=  13.00  cb_yield           L28-CB3 {'rot': 0.0075}
  t=  13.00  cb_yield           L29-CB3 {'rot': 0.00743}
  t=  13.00  cb_yield           L30-CB3 {'rot': 0.00722}
  t=  13.00  cb_yield           L31-CB3 {'rot': 0.00694}
  t=  13.00  cb_yield           L32-CB3 {'rot': 0.00667}
  t=  13.75  cb_yield           L27-CB2 {'rot': 0.00697}
  t=  13.88  cb_yield           L28-CB2 {'rot': 0.00656}
  t=  14.75  cb_yield           L29-CB2 {'rot': 0.00828}
  t=  14.75  cb_yield           L30-CB2 {'rot': 0.00731}
  t=  14.75  cb_yield           L33-CB3 {'rot': 0.00878}
  t=  14.88  cb_yield           L31-CB2 {'rot': 0.00922}
  t=  14.88  cb_yield           L32-CB2 {'rot': 0.00858}
  t=  14.88  cb_yield           L33-CB2 {'rot': 0.00829}
  t=  15.00  cb_failure         L32-CB3 {'rot': 0.02092}
  t=  15.75  cb_yield           L28-CB1 {'rot': 0.0068}
  t=  15.88  cb_yield           L29-CB1 {'rot': 0.00697}
  t=  15.88  cb_yield           L30-CB1 {'rot': 0.0067}
  t=  16.00  cb_yield           L31-CB1 {'rot': 0.00721}
  t=  16.00  cb_yield           L32-CB1 {'rot': 0.00707}
  t=  16.00  cb_yield           L33-CB1 {'rot': 0.007}
  t=  16.13  cb_failure         L18-CB1 {'rot': 0.0211}
  t=  16.25  cb_yield           L29-CB0 {'rot': 0.00659}
  t=  16.38  cb_yield           L30-CB0 {'rot': 0.00791}
  t=  16.38  cb_yield           L31-CB0 {'rot': 0.00762}
  t=  16.38  cb_yield           L32-CB0 {'rot': 0.00739}
  t=  16.38  cb_yield           L33-CB0 {'rot': 0.00728}
  progress t=  20.0s  max corner drift so far=0.0071  wall clock=320s
  t=  21.00  cb_failure         L20-CB3 {'rot': 0.02072}
  t=  21.00  cb_failure         L21-CB3 {'rot': 0.02096}
  t=  21.00  cb_failure         L22-CB3 {'rot': 0.02097}
  t=  21.00  cb_failure         L23-CB3 {'rot': 0.02075}
  t=  21.12  cb_failure         L24-CB3 {'rot': 0.02218}
  t=  21.12  cb_failure         L25-CB3 {'rot': 0.02188}
  t=  21.12  cb_failure         L26-CB3 {'rot': 0.02132}
  t=  21.25  cb_failure         L22-CB1 {'rot': 0.02081}
  t=  21.25  cb_failure         L23-CB1 {'rot': 0.02115}
  t=  21.25  cb_failure         L24-CB1 {'rot': 0.02129}
  t=  21.25  cb_failure         L25-CB1 {'rot': 0.02122}
  t=  21.25  cb_failure         L26-CB1 {'rot': 0.02093}
  t=  21.25  cb_failure         L27-CB3 {'rot': 0.02157}
  t=  21.25  cb_failure         L28-CB3 {'rot': 0.02092}
  t=  21.25  cb_failure         L33-CB1 {'rot': 0.02166}
  t=  21.50  cb_failure         L20-CB1 {'rot': 0.02072}
  t=  21.62  cb_failure         L11-CB1 {'rot': 0.02052}
  t=  21.62  cb_failure         L12-CB1 {'rot': 0.02107}
  t=  21.62  cb_failure         L13-CB1 {'rot': 0.02144}
  t=  21.62  cb_failure         L14-CB1 {'rot': 0.02166}
  t=  21.62  cb_failure         L15-CB1 {'rot': 0.02176}
  t=  21.62  cb_failure         L16-CB1 {'rot': 0.02175}
  t=  21.62  cb_failure         L17-CB1 {'rot': 0.02166}
  t=  21.62  cb_failure         L19-CB1 {'rot': 0.02124}
  t=  21.75  cb_failure         L9-CB1 {'rot': 0.02071}
  t=  21.75  cb_failure         L10-CB1 {'rot': 0.02167}
  t=  21.75  cb_failure         L14-CB3 {'rot': 0.02}
  t=  21.75  cb_failure         L15-CB3 {'rot': 0.02003}
  t=  21.75  cb_failure         L16-CB3 {'rot': 0.0199}
  t=  21.87  cb_failure         L8-CB1 {'rot': 0.02066}
  t=  21.87  cb_failure         L11-CB3 {'rot': 0.01999}
  t=  21.87  cb_failure         L12-CB3 {'rot': 0.02058}
  t=  21.87  cb_failure         L13-CB3 {'rot': 0.02088}
  t=  22.37  cb_failure         L21-CB1 {'rot': 0.0216}
  t=  22.62  cb_failure         L27-CB1 {'rot': 0.02113}
  t=  22.75  cb_failure         L28-CB1 {'rot': 0.02136}
  t=  22.75  cb_failure         L29-CB1 {'rot': 0.02053}
  t=  27.00  cb_failure         L29-CB3 {'rot': 0.02179}
  t=  27.00  cb_failure         L30-CB3 {'rot': 0.02134}
  t=  27.00  cb_failure         L31-CB3 {'rot': 0.02087}
  t=  27.12  cb_failure         L33-CB3 {'rot': 0.02296}
  progress t=  30.0s  max corner drift so far=0.0073  wall clock=479s
  t=  35.62  cb_failure         L18-CB3 {'rot': 0.02094}
  t=  35.62  cb_failure         L19-CB3 {'rot': 0.02153}
  t=  35.75  cb_failure         L17-CB3 {'rot': 0.02108}
  t=  37.25  cb_failure         L30-CB1 {'rot': 0.02117}
  t=  37.25  cb_failure         L31-CB1 {'rot': 0.02102}
  t=  37.25  cb_failure         L32-CB1 {'rot': 0.02085}
  progress t=  40.0s  max corner drift so far=0.0079  wall clock=640s
  t=  42.00  cb_failure         L14-CB2 {'rot': 0.0205}
  t=  42.00  cb_failure         L15-CB2 {'rot': 0.02091}
  t=  42.00  cb_failure         L16-CB2 {'rot': 0.02116}
  t=  42.00  cb_failure         L17-CB2 {'rot': 0.02124}
  t=  42.00  cb_failure         L18-CB2 {'rot': 0.02113}
  t=  42.00  cb_failure         L19-CB2 {'rot': 0.02085}
  t=  42.12  cb_failure         L11-CB2 {'rot': 0.02007}
  t=  42.12  cb_failure         L12-CB2 {'rot': 0.02149}
  t=  42.12  cb_failure         L13-CB2 {'rot': 0.0227}
  t=  42.12  cb_failure         L20-CB2 {'rot': 0.02397}
  t=  42.12  cb_failure         L21-CB2 {'rot': 0.0234}
  t=  42.12  cb_failure         L22-CB2 {'rot': 0.02275}
  t=  42.12  cb_failure         L23-CB2 {'rot': 0.02206}
  t=  42.12  cb_failure         L24-CB2 {'rot': 0.02139}
  t=  42.12  cb_failure         L25-CB2 {'rot': 0.02075}
  t=  42.25  cb_failure         L10-CB3 {'rot': 0.0199}
  t=  42.25  cb_failure         L26-CB2 {'rot': 0.02327}
  t=  42.25  cb_failure         L27-CB2 {'rot': 0.02274}
  t=  42.25  cb_failure         L28-CB2 {'rot': 0.02228}
  t=  42.25  cb_failure         L29-CB2 {'rot': 0.02189}
  t=  42.25  cb_failure         L30-CB2 {'rot': 0.02161}
  t=  42.25  cb_failure         L31-CB2 {'rot': 0.02145}
  t=  42.25  cb_failure         L32-CB2 {'rot': 0.02138}
  t=  42.25  cb_failure         L33-CB2 {'rot': 0.02139}
  t=  42.37  cb_failure         L10-CB2 {'rot': 0.02065}
  t=  42.50  cb_failure         L8-CB2 {'rot': 0.02038}
  t=  42.50  cb_failure         L9-CB2 {'rot': 0.02075}
  t=  42.50  cb_failure         L9-CB3 {'rot': 0.02035}
  t=  42.62  cb_failure         L8-CB3 {'rot': 0.02054}
  t=  42.75  cb_yield           L1-CB3 {'rot': 0.00599}
  t=  42.75  cb_failure         L7-CB2 {'rot': 0.02071}
  t=  42.75  cb_failure         L7-CB3 {'rot': 0.02038}
  t=  43.25  cb_yield           L1-CB2 {'rot': 0.00594}
  t=  43.25  cb_failure         L6-CB2 {'rot': 0.01989}
  t=  47.87  cb_failure         L31-CB0 {'rot': 0.02183}
  t=  48.00  cb_failure         L25-CB0 {'rot': 0.02067}
  t=  48.87  cb_yield           L1-CB0 {'rot': 0.00632}
  t=  48.87  cb_yield           L1-CB1 {'rot': 0.00616}
  t=  48.87  cb_failure         L7-CB1 {'rot': 0.02016}
  t=  48.87  cb_failure         L8-CB0 {'rot': 0.02006}
  t=  49.00  cb_failure         L6-CB1 {'rot': 0.02049}
  t=  49.00  cb_failure         L7-CB0 {'rot': 0.02012}
  t=  49.00  cb_failure         L9-CB0 {'rot': 0.02033}
  t=  49.00  cb_failure         L10-CB0 {'rot': 0.02001}
  t=  49.12  cb_failure         L11-CB0 {'rot': 0.02062}
  t=  49.12  cb_failure         L12-CB0 {'rot': 0.01995}
  t=  49.25  cb_failure         L13-CB0 {'rot': 0.02071}
  t=  49.37  cb_failure         L14-CB0 {'rot': 0.02198}
  t=  49.37  cb_failure         L15-CB0 {'rot': 0.02147}
  t=  49.37  cb_failure         L16-CB0 {'rot': 0.02076}
  t=  49.50  cb_failure         L17-CB0 {'rot': 0.02246}
  t=  49.50  cb_failure         L18-CB0 {'rot': 0.02157}
  t=  49.62  cb_failure         L19-CB0 {'rot': 0.02347}
  t=  49.62  cb_failure         L20-CB0 {'rot': 0.02273}
  t=  49.62  cb_failure         L21-CB0 {'rot': 0.02173}
  t=  49.75  cb_failure         L22-CB0 {'rot': 0.02429}
  t=  49.75  cb_failure         L23-CB0 {'rot': 0.02341}
  t=  49.75  cb_failure         L24-CB0 {'rot': 0.0223}
  t=  49.87  cb_failure         L26-CB0 {'rot': 0.0251}
  t=  49.87  cb_failure         L27-CB0 {'rot': 0.02405}
  t=  49.87  cb_failure         L28-CB0 {'rot': 0.02289}
  t=  49.87  cb_failure         L29-CB0 {'rot': 0.02167}
  t=  50.00  cb_failure         L30-CB0 {'rot': 0.02758}
  t=  50.00  cb_failure         L32-CB0 {'rot': 0.02641}
  t=  50.00  cb_failure         L33-CB0 {'rot': 0.02621}
  progress t=  50.0s  max corner drift so far=0.0103  wall clock=801s
  t=  51.12  cb_failure         L6-CB3 {'rot': 0.02151}
  t=  51.25  cb_failure         L4-CB3 {'rot': 0.02109}
  t=  51.25  cb_failure         L5-CB1 {'rot': 0.02167}
  t=  51.25  cb_failure         L5-CB2 {'rot': 0.02171}
  t=  51.25  cb_failure         L5-CB3 {'rot': 0.02364}
  t=  51.37  cb_failure         L4-CB1 {'rot': 0.02214}
  t=  51.37  cb_failure         L4-CB2 {'rot': 0.02174}
  t=  51.37  cb_failure         L5-CB0 {'rot': 0.02041}
  t=  51.37  cb_failure         L6-CB0 {'rot': 0.02118}
  t=  51.50  cb_failure         L3-CB3 {'rot': 0.02051}
  progress t=  60.0s  max corner drift so far=0.0118  wall clock=965s
  t=  61.25  cb_failure         L3-CB2 {'rot': 0.02315}
  progress t=  70.0s  max corner drift so far=0.0133  wall clock=1125s
  progress t=  80.0s  max corner drift so far=0.0133  wall clock=1280s
  progress t=  90.0s  max corner drift so far=0.0133  wall clock=1436s
  progress t= 100.0s  max corner drift so far=0.0133  wall clock=1592s
