  t=   1.87  cb_yield           L4-CB3 {'rot': 0.00497}
  t=   1.87  cb_yield           L5-CB0 {'rot': 0.00492}
  t=   1.87  cb_yield           L5-CB1 {'rot': 0.00508}
  t=   1.87  cb_yield           L5-CB2 {'rot': 0.00506}
  t=   1.87  cb_yield           L5-CB3 {'rot': 0.00522}
  t=   1.87  cb_yield           L6-CB0 {'rot': 0.00493}
  t=   1.87  cb_yield           L6-CB1 {'rot': 0.00511}
  t=   1.87  cb_yield           L6-CB2 {'rot': 0.00507}
  t=   1.87  cb_yield           L6-CB3 {'rot': 0.00526}
  t=   1.87  cb_yield           L7-CB1 {'rot': 0.00498}
  t=   1.87  cb_yield           L7-CB2 {'rot': 0.00493}
  t=   1.87  cb_yield           L7-CB3 {'rot': 0.00514}
  t=   2.00  cb_yield           L3-CB3 {'rot': 0.00494}
  t=   2.00  cb_yield           L4-CB0 {'rot': 0.00541}
  t=   2.00  cb_yield           L4-CB1 {'rot': 0.00558}
  t=   2.00  cb_yield           L4-CB2 {'rot': 0.00552}
  t=   2.00  cb_yield           L7-CB0 {'rot': 0.00608}
  t=   2.00  cb_yield           L8-CB0 {'rot': 0.00593}
  t=   2.00  cb_yield           L8-CB1 {'rot': 0.0062}
  t=   2.00  cb_yield           L8-CB2 {'rot': 0.00609}
  t=   2.00  cb_yield           L8-CB3 {'rot': 0.00636}
  t=   2.00  cb_yield           L9-CB0 {'rot': 0.00564}
  t=   2.00  cb_yield           L9-CB1 {'rot': 0.00594}
  t=   2.00  cb_yield           L9-CB2 {'rot': 0.0058}
  t=   2.00  cb_yield           L9-CB3 {'rot': 0.00611}
  t=   2.00  cb_yield           L10-CB0 {'rot': 0.00526}
  t=   2.00  cb_yield           L10-CB1 {'rot': 0.00559}
  t=   2.00  cb_yield           L10-CB2 {'rot': 0.00542}
  t=   2.00  cb_yield           L10-CB3 {'rot': 0.00575}
  t=   2.00  cb_yield           L11-CB1 {'rot': 0.00518}
  t=   2.00  cb_yield           L11-CB2 {'rot': 0.00498}
  t=   2.00  cb_yield           L11-CB3 {'rot': 0.00534}
  t=   2.12  cb_yield           L11-CB0 {'rot': 0.00618}
  t=   2.12  cb_yield           L12-CB0 {'rot': 0.00575}
  t=   2.12  cb_yield           L12-CB1 {'rot': 0.00619}
  t=   2.12  cb_yield           L12-CB2 {'rot': 0.00591}
  t=   2.12  cb_yield           L12-CB3 {'rot': 0.00637}
  t=   2.12  cb_yield           L13-CB0 {'rot': 0.00525}
  t=   2.12  cb_yield           L13-CB1 {'rot': 0.00571}
  t=   2.12  cb_yield           L13-CB2 {'rot': 0.00541}
  t=   2.12  cb_yield           L13-CB3 {'rot': 0.0059}
  t=   2.12  cb_yield           L14-CB1 {'rot': 0.00521}
  t=   2.12  cb_yield           L14-CB3 {'rot': 0.0054}
  t=   2.12  cb_yield           L15-CB3 {'rot': 0.00491}
  t=   2.25  cb_yield           L14-CB0 {'rot': 0.006}
  t=   2.25  cb_yield           L14-CB2 {'rot': 0.00619}
  t=   2.25  cb_yield           L15-CB0 {'rot': 0.00551}
  t=   2.25  cb_yield           L15-CB1 {'rot': 0.00611}
  t=   2.25  cb_yield           L15-CB2 {'rot': 0.00572}
  t=   2.25  cb_yield           L16-CB0 {'rot': 0.00502}
  t=   2.25  cb_yield           L16-CB1 {'rot': 0.00562}
  t=   2.25  cb_yield           L16-CB2 {'rot': 0.00523}
  t=   2.25  cb_yield           L16-CB3 {'rot': 0.00585}
  t=   2.37  cb_yield           L17-CB1 {'rot': 0.00598}
  t=   2.37  cb_yield           L17-CB2 {'rot': 0.00553}
  t=   2.37  cb_yield           L17-CB3 {'rot': 0.00624}
  t=   2.37  cb_yield           L18-CB1 {'rot': 0.00545}
  t=   2.37  cb_yield           L18-CB3 {'rot': 0.00572}
  t=   2.50  cb_yield           L17-CB0 {'rot': 0.006}
  t=   2.50  cb_yield           L18-CB0 {'rot': 0.00574}
  t=   2.50  cb_yield           L18-CB2 {'rot': 0.00601}
  t=   2.50  cb_yield           L19-CB0 {'rot': 0.00545}
  t=   2.50  cb_yield           L19-CB1 {'rot': 0.00633}
  t=   2.50  cb_yield           L19-CB2 {'rot': 0.00576}
  t=   2.50  cb_yield           L19-CB3 {'rot': 0.00664}
  t=   2.50  cb_yield           L20-CB1 {'rot': 0.00605}
  t=   2.50  cb_yield           L20-CB2 {'rot': 0.00549}
  t=   2.50  cb_yield           L20-CB3 {'rot': 0.0064}
  t=   2.50  cb_yield           L21-CB1 {'rot': 0.00576}
  t=   2.50  cb_yield           L21-CB3 {'rot': 0.00613}
  t=   2.50  cb_yield           L22-CB1 {'rot': 0.00546}
  t=   2.50  cb_yield           L22-CB3 {'rot': 0.00585}
  t=   2.50  cb_yield           L23-CB3 {'rot': 0.00557}
  t=   2.62  cb_yield           L20-CB0 {'rot': 0.0069}
  t=   2.62  cb_yield           L21-CB0 {'rot': 0.00675}
  t=   2.62  cb_yield           L21-CB2 {'rot': 0.00713}
  t=   2.62  cb_yield           L22-CB0 {'rot': 0.00649}
  t=   2.62  cb_yield           L22-CB2 {'rot': 0.0069}
  t=   2.62  cb_yield           L23-CB0 {'rot': 0.00614}
  t=   2.62  cb_yield           L23-CB1 {'rot': 0.00739}
  t=   2.62  cb_yield           L23-CB2 {'rot': 0.00657}
  t=   2.62  cb_yield           L24-CB0 {'rot': 0.0057}
  t=   2.62  cb_yield           L24-CB1 {'rot': 0.00696}
  t=   2.62  cb_yield           L24-CB2 {'rot': 0.00615}
  t=   2.62  cb_yield           L24-CB3 {'rot': 0.00742}
  t=   2.62  cb_yield           L25-CB1 {'rot': 0.00648}
  t=   2.62  cb_yield           L25-CB2 {'rot': 0.00568}
  t=   2.62  cb_yield           L25-CB3 {'rot': 0.00695}
  t=   2.62  cb_yield           L26-CB1 {'rot': 0.00597}
  t=   2.62  cb_yield           L26-CB3 {'rot': 0.00645}
  t=   2.62  cb_yield           L27-CB1 {'rot': 0.00544}
  t=   2.62  cb_yield           L27-CB3 {'rot': 0.00593}
  t=   2.75  cb_yield           L25-CB0 {'rot': 0.00671}
  t=   2.75  cb_yield           L26-CB0 {'rot': 0.00605}
  t=   2.75  cb_yield           L26-CB2 {'rot': 0.00646}
  t=   2.75  cb_yield           L27-CB2 {'rot': 0.00574}
  t=   2.75  cb_yield           L28-CB1 {'rot': 0.00596}
  t=   2.75  cb_yield           L28-CB3 {'rot': 0.00638}
  t=   2.75  cb_yield           L29-CB3 {'rot': 0.00561}
  t=   2.87  cb_yield           L27-CB0 {'rot': 0.00582}
  t=   2.87  cb_yield           L29-CB1 {'rot': 0.00558}
  t=   3.75  cb_yield           L28-CB0 {'rot': 0.00591}
  t=   3.75  cb_yield           L28-CB2 {'rot': 0.00613}
  t=   3.87  cb_yield           L29-CB0 {'rot': 0.00587}
  t=   4.37  cb_yield           L3-CB0 {'rot': 0.00612}
  t=   4.37  cb_yield           L3-CB1 {'rot': 0.00586}
  t=   4.37  cb_yield           L3-CB2 {'rot': 0.0053}
  t=   4.50  cb_yield           L2-CB0 {'rot': 0.00639}
  t=   4.50  cb_yield           L2-CB1 {'rot': 0.00611}
  t=   4.50  cb_yield           L2-CB2 {'rot': 0.00576}
  t=   4.50  cb_yield           L2-CB3 {'rot': 0.00546}
  t=   4.50  cb_yield           L30-CB3 {'rot': 0.00596}
  t=   4.50  cb_yield           L31-CB3 {'rot': 0.00567}
  t=   4.62  cb_yield           L29-CB2 {'rot': 0.00581}
  t=   4.62  cb_yield           L30-CB2 {'rot': 0.00554}
  t=   4.62  cb_yield           L32-CB3 {'rot': 0.00636}
  t=   4.62  cb_yield           L33-CB3 {'rot': 0.00618}
  t=   4.75  cb_yield           L1-CB0 {'rot': 0.00551}
  t=   4.75  cb_yield           L1-CB1 {'rot': 0.0053}
  t=   7.38  cb_yield           L31-CB2 {'rot': 0.00555}
  t=   8.13  cb_yield           L30-CB1 {'rot': 0.00566}
  t=   8.25  cb_failure         L8-CB1 {'rot': 0.01984}
  t=   8.25  cb_failure         L9-CB1 {'rot': 0.0207}
  t=   8.25  cb_failure         L10-CB0 {'rot': 0.01924}
  t=   8.25  cb_failure         L10-CB1 {'rot': 0.0213}
  t=   8.25  cb_failure         L11-CB0 {'rot': 0.01947}
  t=   8.25  cb_failure         L11-CB1 {'rot': 0.02165}
  t=   8.25  cb_failure         L12-CB0 {'rot': 0.01948}
  t=   8.25  cb_failure         L12-CB1 {'rot': 0.02177}
  t=   8.25  cb_failure         L13-CB0 {'rot': 0.01923}
  t=   8.25  cb_failure         L13-CB1 {'rot': 0.02164}
  t=   8.25  cb_failure         L14-CB1 {'rot': 0.02127}
  t=   8.25  cb_failure         L15-CB1 {'rot': 0.02069}
  t=   8.25  cb_failure         L16-CB1 {'rot': 0.01996}
  t=   8.25  cb_yield           L31-CB1 {'rot': 0.00706}
  t=   8.25  cb_yield           L32-CB1 {'rot': 0.00675}
  t=   8.25  cb_yield           L33-CB1 {'rot': 0.00657}
  t=   8.38  cb_failure         L6-CB1 {'rot': 0.01966}
  t=   8.38  cb_failure         L7-CB0 {'rot': 0.02014}
  t=   8.38  cb_failure         L7-CB1 {'rot': 0.02164}
  t=   8.38  cb_failure         L7-CB3 {'rot': 0.01891}
  t=   8.38  cb_failure         L8-CB0 {'rot': 0.0216}
  t=   8.38  cb_failure         L8-CB3 {'rot': 0.02024}
  t=   8.38  cb_failure         L9-CB0 {'rot': 0.02275}
  t=   8.38  cb_failure         L9-CB2 {'rot': 0.01959}
  t=   8.38  cb_failure         L9-CB3 {'rot': 0.0213}
  t=   8.38  cb_failure         L10-CB2 {'rot': 0.02019}
  t=   8.38  cb_failure         L10-CB3 {'rot': 0.02205}
  t=   8.38  cb_failure         L11-CB2 {'rot': 0.02053}
  t=   8.38  cb_failure         L11-CB3 {'rot': 0.02254}
  t=   8.38  cb_failure         L12-CB2 {'rot': 0.02063}
  t=   8.38  cb_failure         L12-CB3 {'rot': 0.02277}
  t=   8.38  cb_failure         L13-CB2 {'rot': 0.02045}
  t=   8.38  cb_failure         L13-CB3 {'rot': 0.02273}
  t=   8.38  cb_failure         L14-CB0 {'rot': 0.02445}
  t=   8.38  cb_failure         L14-CB2 {'rot': 0.01998}
  t=   8.38  cb_failure         L14-CB3 {'rot': 0.02239}
  t=   8.38  cb_failure         L15-CB0 {'rot': 0.02399}
  t=   8.38  cb_failure         L15-CB2 {'rot': 0.01923}
  t=   8.38  cb_failure         L15-CB3 {'rot': 0.02176}
  t=   8.38  cb_failure         L16-CB0 {'rot': 0.02326}
  t=   8.38  cb_failure         L16-CB3 {'rot': 0.02087}
  t=   8.38  cb_failure         L17-CB0 {'rot': 0.02201}
  t=   8.38  cb_failure         L17-CB1 {'rot': 0.02446}
  t=   8.38  cb_failure         L17-CB3 {'rot': 0.01946}
  t=   8.38  cb_failure         L18-CB0 {'rot': 0.02048}
  t=   8.38  cb_failure         L18-CB1 {'rot': 0.02307}
  t=   8.38  cb_failure         L19-CB1 {'rot': 0.02138}
  t=   8.38  cb_failure         L20-CB1 {'rot': 0.01953}
  t=   8.50  cb_failure         L5-CB1 {'rot': 0.01955}
  t=   8.50  cb_failure         L6-CB0 {'rot': 0.0212}
  t=   8.50  cb_failure         L6-CB3 {'rot': 0.01996}
  t=   8.50  cb_failure         L7-CB2 {'rot': 0.02073}
  t=   8.50  cb_failure         L8-CB2 {'rot': 0.0224}
  t=   8.50  cb_failure         L16-CB2 {'rot': 0.02316}
  t=   8.50  cb_failure         L17-CB2 {'rot': 0.02175}
  t=   8.50  cb_failure         L18-CB2 {'rot': 0.02004}
  t=   8.50  cb_failure         L18-CB3 {'rot': 0.02302}
  t=   8.50  cb_failure         L19-CB0 {'rot': 0.02333}
  t=   8.50  cb_failure         L19-CB3 {'rot': 0.02107}
  t=   8.50  cb_failure         L20-CB0 {'rot': 0.02106}
  t=   8.50  cb_failure         L21-CB1 {'rot': 0.0213}
  t=   8.50  cb_failure         L22-CB1 {'rot': 0.01958}
  t=   8.63  cb_failure         L5-CB0 {'rot': 0.02033}
  t=   8.63  cb_failure         L6-CB2 {'rot': 0.02038}
  t=   8.63  cb_failure         L19-CB2 {'rot': 0.0225}
  t=   8.63  cb_failure         L20-CB2 {'rot': 0.01992}
  t=   8.63  cb_failure         L20-CB3 {'rot': 0.02303}
  t=   8.63  cb_failure         L21-CB0 {'rot': 0.021}
  t=   8.63  cb_failure         L21-CB3 {'rot': 0.02003}
  t=   8.63  cb_failure         L22-CB3 {'rot': 0.01977}
  t=   8.75  cb_failure         L5-CB3 {'rot': 0.01975}
  t=   8.75  cb_failure         L21-CB2 {'rot': 0.02071}
  t=   8.75  cb_failure         L22-CB0 {'rot': 0.01948}
  t=   8.75  cb_failure         L23-CB1 {'rot': 0.01971}
  t=   8.75  cb_failure         L23-CB3 {'rot': 0.01985}
  t=   8.88  cb_failure         L22-CB2 {'rot': 0.02049}
  t=   8.88  cb_failure         L24-CB1 {'rot': 0.01946}
  t=   8.88  cb_failure         L24-CB3 {'rot': 0.01988}
  t=  8.875  solver fallback: Newton
  t=   9.00  cb_failure         L23-CB2 {'rot': 0.0199}
  t=   9.00  cb_failure         L24-CB0 {'rot': 0.01972}
  t=   9.00  cb_failure         L25-CB3 {'rot': 0.01986}
  t=   9.13  cb_failure         L23-CB0 {'rot': 0.02223}
  t=   9.13  cb_failure         L24-CB2 {'rot': 0.02114}
  t=   9.13  cb_failure         L25-CB1 {'rot': 0.01973}
  t=   9.13  cb_failure         L26-CB1 {'rot': 0.01986}
  t=   9.13  cb_failure         L26-CB3 {'rot': 0.01982}
  t=   9.13  cb_failure         L27-CB3 {'rot': 0.0199}
  t=   9.25  cb_failure         L25-CB0 {'rot': 0.01956}
  t=   9.25  cb_failure         L25-CB2 {'rot': 0.02337}
  t=   9.25  cb_failure         L26-CB2 {'rot': 0.01982}
  t=   9.25  cb_failure         L27-CB1 {'rot': 0.01987}
  t=   9.25  cb_failure         L28-CB3 {'rot': 0.01988}
  t=   9.25  cb_failure         L29-CB3 {'rot': 0.01957}
  t=   9.38  cb_yield           L1-CB2 {'rot': 0.00509}
  t=   9.38  cb_yield           L1-CB3 {'rot': 0.00573}
  t=   9.38  cb_failure         L26-CB0 {'rot': 0.02052}
  t=   9.38  cb_failure         L27-CB2 {'rot': 0.0215}
  t=   9.38  cb_failure         L28-CB1 {'rot': 0.01983}
  t=   9.38  cb_failure         L29-CB1 {'rot': 0.01981}
  t=   9.38  cb_yield           L30-CB0 {'rot': 0.00573}
  t=   9.38  cb_failure         L30-CB3 {'rot': 0.01988}
  t=   9.38  cb_failure         L31-CB3 {'rot': 0.01982}
  t=   9.38  cb_yield           L32-CB2 {'rot': 0.00712}
  t=   9.38  cb_yield           L33-CB2 {'rot': 0.00665}
  t=   9.50  cb_failure         L4-CB1 {'rot': 0.02054}
  t=   9.50  cb_failure         L4-CB3 {'rot': 0.01945}
  t=   9.50  cb_failure         L5-CB2 {'rot': 0.02001}
  t=   9.50  cb_failure         L27-CB0 {'rot': 0.02048}
  t=   9.50  cb_failure         L28-CB2 {'rot': 0.02088}
  t=   9.50  cb_failure         L29-CB2 {'rot': 0.01966}
  t=   9.50  cb_failure         L30-CB1 {'rot': 0.0216}
  t=   9.50  cb_yield           L31-CB0 {'rot': 0.01103}
  t=   9.50  cb_failure         L31-CB1 {'rot': 0.01993}
  t=   9.50  cb_yield           L32-CB0 {'rot': 0.00975}
  t=   9.50  cb_failure         L32-CB3 {'rot': 0.02207}
  t=   9.50  cb_yield           L33-CB0 {'rot': 0.00928}
  t=   9.50  cb_failure         L33-CB3 {'rot': 0.02179}
  t=   9.63  cb_failure         L3-CB1 {'rot': 0.01979}
  t=   9.63  cb_failure         L3-CB3 {'rot': 0.01958}
  t=   9.63  cb_failure         L4-CB0 {'rot': 0.02186}
  t=   9.63  cb_failure         L4-CB2 {'rot': 0.02187}
  t=   9.63  cb_failure         L28-CB0 {'rot': 0.02624}
  t=   9.63  cb_failure         L29-CB0 {'rot': 0.02593}
  t=   9.63  cb_failure         L30-CB0 {'rot': 0.02568}
  t=   9.63  cb_failure         L30-CB2 {'rot': 0.02573}
  t=   9.63  cb_failure         L31-CB0 {'rot': 0.02545}
  t=   9.63  cb_failure         L31-CB2 {'rot': 0.02555}
  t=   9.63  cb_failure         L32-CB0 {'rot': 0.02517}
  t=   9.63  cb_failure         L32-CB1 {'rot': 0.02969}
  t=   9.63  cb_failure         L32-CB2 {'rot': 0.02531}
  t=   9.63  cb_failure         L33-CB0 {'rot': 0.02504}
  t=   9.63  cb_failure         L33-CB1 {'rot': 0.02955}
  t=   9.63  cb_failure         L33-CB2 {'rot': 0.02518}
  t=   9.75  cb_failure         L3-CB0 {'rot': 0.02066}
  t=   9.75  cb_failure         L3-CB2 {'rot': 0.02098}
  t=   9.88  cb_failure         L2-CB3 {'rot': 0.01946}
  t=  10.00  cb_failure         L2-CB1 {'rot': 0.01936}
  t=  10.00  cb_failure         L2-CB2 {'rot': 0.01923}
  progress t=  10.0s  max corner drift so far=0.0078  wall clock=119s
  t= 12.300  solver fallback: Newton
  t= 14.625  solver fallback: Newton
  t=  17.75  cb_failure         L1-CB1 {'rot': 0.01917}
  progress t=  20.0s  max corner drift so far=0.0176  wall clock=270s
  t=  21.12  cb_failure         L1-CB3 {'rot': 0.01957}
  t=  21.25  cb_failure         L1-CB2 {'rot': 0.0191}
  t= 24.400  solver fallback: Newton
  t=  27.37  cb_failure         L2-CB0 {'rot': 0.01911}
  progress t=  30.0s  max corner drift so far=0.0221  wall clock=416s
  t=  30.25  cb_failure         L1-CB0 {'rot': 0.01992}
