  t=   2.00  cb_yield           L5-CB1 {'rot': 0.00437}
  t=   2.00  cb_yield           L5-CB2 {'rot': 0.00424}
  t=   2.00  cb_yield           L5-CB3 {'rot': 0.00447}
  t=   2.00  cb_yield           L6-CB0 {'rot': 0.00426}
  t=   2.00  cb_yield           L6-CB1 {'rot': 0.00452}
  t=   2.00  cb_yield           L6-CB2 {'rot': 0.00437}
  t=   2.00  cb_yield           L6-CB3 {'rot': 0.00463}
  t=   2.00  cb_yield           L7-CB0 {'rot': 0.00425}
  t=   2.00  cb_yield           L7-CB1 {'rot': 0.00454}
  t=   2.00  cb_yield           L7-CB2 {'rot': 0.00436}
  t=   2.00  cb_yield           L7-CB3 {'rot': 0.00465}
  t=   2.00  cb_yield           L8-CB1 {'rot': 0.00444}
  t=   2.00  cb_yield           L8-CB2 {'rot': 0.00424}
  t=   2.00  cb_yield           L8-CB3 {'rot': 0.00455}
  t=   2.00  cb_yield           L9-CB1 {'rot': 0.00426}
  t=   2.00  cb_yield           L9-CB3 {'rot': 0.00438}
  t=   2.12  cb_yield           L4-CB1 {'rot': 0.00424}
  t=   2.12  cb_yield           L4-CB3 {'rot': 0.00429}
  t=   2.12  cb_yield           L5-CB0 {'rot': 0.00443}
  t=   2.12  cb_yield           L8-CB0 {'rot': 0.00482}
  t=   2.12  cb_yield           L9-CB0 {'rot': 0.0047}
  t=   2.12  cb_yield           L9-CB2 {'rot': 0.00481}
  t=   2.12  cb_yield           L10-CB0 {'rot': 0.00449}
  t=   2.12  cb_yield           L10-CB1 {'rot': 0.00496}
  t=   2.12  cb_yield           L10-CB2 {'rot': 0.00461}
  t=   2.12  cb_yield           L10-CB3 {'rot': 0.00508}
  t=   2.12  cb_yield           L11-CB0 {'rot': 0.00423}
  t=   2.12  cb_yield           L11-CB1 {'rot': 0.00474}
  t=   2.12  cb_yield           L11-CB2 {'rot': 0.00435}
  t=   2.12  cb_yield           L11-CB3 {'rot': 0.00486}
  t=   2.12  cb_yield           L12-CB1 {'rot': 0.00446}
  t=   2.12  cb_yield           L12-CB3 {'rot': 0.00459}
  t=   2.12  cb_yield           L13-CB3 {'rot': 0.00426}
  t=   2.25  cb_yield           L12-CB0 {'rot': 0.00466}
  t=   2.25  cb_yield           L12-CB2 {'rot': 0.00477}
  t=   2.25  cb_yield           L13-CB0 {'rot': 0.00437}
  t=   2.25  cb_yield           L13-CB1 {'rot': 0.00502}
  t=   2.25  cb_yield           L13-CB2 {'rot': 0.00449}
  t=   2.25  cb_yield           L14-CB1 {'rot': 0.00473}
  t=   2.25  cb_yield           L14-CB3 {'rot': 0.00487}
  t=   2.25  cb_yield           L15-CB1 {'rot': 0.00442}
  t=   2.25  cb_yield           L15-CB3 {'rot': 0.00456}
  t=   2.25  cb_yield           L16-CB3 {'rot': 0.00425}
  t=   2.37  cb_yield           L14-CB0 {'rot': 0.00471}
  t=   2.37  cb_yield           L14-CB2 {'rot': 0.00484}
  t=   2.37  cb_yield           L15-CB0 {'rot': 0.00444}
  t=   2.37  cb_yield           L15-CB2 {'rot': 0.00458}
  t=   2.37  cb_yield           L16-CB1 {'rot': 0.00495}
  t=   2.37  cb_yield           L16-CB2 {'rot': 0.00429}
  t=   2.37  cb_yield           L17-CB3 {'rot': 0.00475}
  t=   2.50  cb_yield           L16-CB0 {'rot': 0.00445}
  t=   2.50  cb_yield           L17-CB1 {'rot': 0.00506}
  t=   2.50  cb_yield           L18-CB1 {'rot': 0.00477}
  t=   2.50  cb_yield           L18-CB3 {'rot': 0.00494}
  t=   2.50  cb_yield           L19-CB3 {'rot': 0.00464}
  t=   2.62  cb_yield           L19-CB1 {'rot': 0.00518}
  t=   2.62  cb_yield           L20-CB1 {'rot': 0.00508}
  t=   2.62  cb_yield           L20-CB3 {'rot': 0.00528}
  t=   2.62  cb_yield           L21-CB1 {'rot': 0.00495}
  t=   2.62  cb_yield           L21-CB3 {'rot': 0.00517}
  t=   2.62  cb_yield           L22-CB1 {'rot': 0.00478}
  t=   2.62  cb_yield           L22-CB3 {'rot': 0.00503}
  t=   2.62  cb_yield           L23-CB3 {'rot': 0.00486}
  t=   2.62  cb_yield           L24-CB3 {'rot': 0.00466}
  t=   2.75  cb_yield           L18-CB2 {'rot': 0.00464}
  t=   2.75  cb_yield           L19-CB0 {'rot': 0.00465}
  t=   2.75  cb_yield           L19-CB2 {'rot': 0.00482}
  t=   2.75  cb_yield           L20-CB0 {'rot': 0.00475}
  t=   2.75  cb_yield           L20-CB2 {'rot': 0.00494}
  t=   2.75  cb_yield           L21-CB0 {'rot': 0.00479}
  t=   2.75  cb_yield           L21-CB2 {'rot': 0.00499}
  t=   2.75  cb_yield           L22-CB0 {'rot': 0.00474}
  t=   2.75  cb_yield           L22-CB2 {'rot': 0.00496}
  t=   2.75  cb_yield           L23-CB1 {'rot': 0.00623}
  t=   2.75  cb_yield           L23-CB2 {'rot': 0.00485}
  t=   2.75  cb_yield           L24-CB1 {'rot': 0.00605}
  t=   2.75  cb_yield           L24-CB2 {'rot': 0.00466}
  t=   2.75  cb_yield           L25-CB1 {'rot': 0.00579}
  t=   2.75  cb_yield           L25-CB3 {'rot': 0.00606}
  t=   2.75  cb_yield           L26-CB1 {'rot': 0.00547}
  t=   2.75  cb_yield           L26-CB3 {'rot': 0.00575}
  t=   2.75  cb_yield           L27-CB1 {'rot': 0.0051}
  t=   2.75  cb_yield           L27-CB3 {'rot': 0.00539}
  t=   2.75  cb_yield           L28-CB1 {'rot': 0.00471}
  t=   2.75  cb_yield           L28-CB3 {'rot': 0.005}
  t=   2.87  cb_yield           L18-CB0 {'rot': 0.00472}
  t=   2.87  cb_yield           L23-CB0 {'rot': 0.0056}
  t=   2.87  cb_yield           L24-CB0 {'rot': 0.00542}
  t=   2.87  cb_yield           L25-CB0 {'rot': 0.00513}
  t=   2.87  cb_yield           L25-CB2 {'rot': 0.00534}
  t=   2.87  cb_yield           L26-CB0 {'rot': 0.00476}
  t=   2.87  cb_yield           L26-CB2 {'rot': 0.00497}
  t=   2.87  cb_yield           L29-CB1 {'rot': 0.00521}
  t=   2.87  cb_yield           L29-CB3 {'rot': 0.00543}
  t=   2.87  cb_yield           L30-CB1 {'rot': 0.0047}
  t=   2.87  cb_yield           L30-CB3 {'rot': 0.00492}
  t=   3.00  cb_yield           L27-CB0 {'rot': 0.00472}
  t=   3.00  cb_yield           L27-CB2 {'rot': 0.0048}
  t=   4.62  cb_yield           L3-CB0 {'rot': 0.00444}
  t=   4.62  cb_yield           L3-CB1 {'rot': 0.0042}
  t=   4.62  cb_yield           L4-CB0 {'rot': 0.00523}
  t=   4.62  cb_yield           L4-CB2 {'rot': 0.00445}
  t=   4.62  cb_yield           L31-CB3 {'rot': 0.00525}
  t=   4.62  cb_yield           L32-CB3 {'rot': 0.00504}
  t=   4.62  cb_yield           L33-CB3 {'rot': 0.0049}
  t=   4.75  cb_yield           L2-CB0 {'rot': 0.00464}
  t=   4.75  cb_yield           L2-CB1 {'rot': 0.00442}
  t=   4.75  cb_yield           L3-CB2 {'rot': 0.00515}
  t=   4.75  cb_yield           L3-CB3 {'rot': 0.0049}
  t=   4.75  cb_yield           L28-CB2 {'rot': 0.00513}
  t=   4.75  cb_yield           L29-CB2 {'rot': 0.00489}
  t=   4.88  cb_yield           L2-CB2 {'rot': 0.00504}
  t=   4.88  cb_yield           L2-CB3 {'rot': 0.00478}
  t=   5.00  cb_yield           L1-CB0 {'rot': 0.00421}
  t=   5.50  cb_yield           L17-CB0 {'rot': 0.00485}
  t=   5.88  cb_yield           L17-CB2 {'rot': 0.00486}
  t=   7.00  cb_yield           L31-CB1 {'rot': 0.0047}
  t=   7.13  cb_yield           L32-CB1 {'rot': 0.00479}
  t=   7.13  cb_yield           L33-CB1 {'rot': 0.00465}
  t=   7.88  cb_yield           L1-CB1 {'rot': 0.00453}
  t=   7.88  cb_yield           L1-CB3 {'rot': 0.0042}
  t=   8.00  cb_yield           L1-CB2 {'rot': 0.00467}
  t=   8.50  cb_failure         L7-CB1 {'rot': 0.01842}
  t=   8.50  cb_failure         L8-CB1 {'rot': 0.01941}
  t=   8.50  cb_failure         L9-CB1 {'rot': 0.02006}
  t=   8.50  cb_failure         L10-CB0 {'rot': 0.01825}
  t=   8.50  cb_failure         L10-CB1 {'rot': 0.02039}
  t=   8.50  cb_failure         L11-CB0 {'rot': 0.01819}
  t=   8.50  cb_failure         L11-CB1 {'rot': 0.02044}
  t=   8.50  cb_failure         L12-CB1 {'rot': 0.02023}
  t=   8.50  cb_failure         L13-CB1 {'rot': 0.01976}
  t=   8.50  cb_failure         L14-CB1 {'rot': 0.01907}
  t=   8.50  cb_failure         L15-CB1 {'rot': 0.0182}
  t=   8.63  cb_failure         L8-CB0 {'rot': 0.01891}
  t=   8.63  cb_failure         L9-CB0 {'rot': 0.01986}
  t=   8.63  cb_failure         L9-CB3 {'rot': 0.01904}
  t=   8.63  cb_failure         L10-CB3 {'rot': 0.01987}
  t=   8.63  cb_failure         L11-CB3 {'rot': 0.02041}
  t=   8.63  cb_failure         L12-CB0 {'rot': 0.02077}
  t=   8.63  cb_failure         L12-CB3 {'rot': 0.02065}
  t=   8.63  cb_failure         L13-CB0 {'rot': 0.02046}
  t=   8.63  cb_failure         L13-CB3 {'rot': 0.02059}
  t=   8.63  cb_failure         L14-CB0 {'rot': 0.01986}
  t=   8.63  cb_failure         L14-CB3 {'rot': 0.02021}
  t=   8.63  cb_failure         L15-CB0 {'rot': 0.01902}
  t=   8.63  cb_failure         L15-CB3 {'rot': 0.01957}
  t=   8.63  cb_failure         L16-CB1 {'rot': 0.02093}
  t=   8.63  cb_failure         L16-CB3 {'rot': 0.0187}
  t=   8.63  cb_failure         L17-CB1 {'rot': 0.01958}
  t=   8.75  cb_failure         L8-CB3 {'rot': 0.01819}
  t=   8.75  cb_failure         L10-CB2 {'rot': 0.01856}
  t=   8.75  cb_failure         L11-CB2 {'rot': 0.01933}
  t=   8.75  cb_failure         L12-CB2 {'rot': 0.01987}
  t=   8.75  cb_failure         L13-CB2 {'rot': 0.02015}
  t=   8.75  cb_failure         L14-CB2 {'rot': 0.02016}
  t=   8.75  cb_failure         L15-CB2 {'rot': 0.01989}
  t=   8.75  cb_failure         L16-CB0 {'rot': 0.02164}
  t=   8.75  cb_failure         L16-CB2 {'rot': 0.01938}
  t=   8.75  cb_failure         L17-CB0 {'rot': 0.02037}
  t=   8.75  cb_failure         L17-CB3 {'rot': 0.02183}
  t=   8.75  cb_failure         L18-CB0 {'rot': 0.01884}
  t=   8.75  cb_failure         L18-CB1 {'rot': 0.02234}
  t=   8.75  cb_failure         L18-CB3 {'rot': 0.02076}
  t=   8.75  cb_failure         L19-CB1 {'rot': 0.02074}
  t=   8.75  cb_failure         L19-CB3 {'rot': 0.01944}
  t=   8.75  cb_failure         L20-CB1 {'rot': 0.01893}
  t=   8.88  cb_failure         L17-CB2 {'rot': 0.02235}
  t=   8.88  cb_failure         L18-CB2 {'rot': 0.02169}
  t=   8.88  cb_failure         L19-CB0 {'rot': 0.02134}
  t=   8.88  cb_failure         L19-CB2 {'rot': 0.02074}
  t=   8.88  cb_failure         L20-CB0 {'rot': 0.01955}
  t=   8.88  cb_failure         L20-CB2 {'rot': 0.01947}
  t=   8.88  cb_failure         L20-CB3 {'rot': 0.02342}
  t=   8.88  cb_failure         L21-CB1 {'rot': 0.0216}
  t=   8.88  cb_failure         L21-CB3 {'rot': 0.0219}
  t=   8.88  cb_failure         L22-CB1 {'rot': 0.01916}
  t=   8.88  cb_failure         L22-CB3 {'rot': 0.02}
  t=   9.00  cb_failure         L21-CB0 {'rot': 0.02145}
  t=   9.00  cb_failure         L21-CB2 {'rot': 0.02262}
  t=   9.00  cb_failure         L22-CB0 {'rot': 0.01903}
  t=   9.00  cb_failure         L22-CB2 {'rot': 0.02079}
  t=   9.00  cb_failure         L23-CB1 {'rot': 0.02061}
  t=   9.00  cb_failure         L23-CB3 {'rot': 0.0229}
  t=   9.00  cb_failure         L24-CB3 {'rot': 0.02039}
  t=   9.13  cb_failure         L23-CB0 {'rot': 0.0194}
  t=   9.13  cb_failure         L23-CB2 {'rot': 0.02227}
  t=   9.13  cb_failure         L24-CB1 {'rot': 0.02116}
  t=   9.13  cb_failure         L24-CB2 {'rot': 0.01961}
  t=   9.13  cb_failure         L25-CB3 {'rot': 0.02171}
  t=   9.13  cb_failure         L26-CB3 {'rot': 0.01867}
  t=   9.13  cb_yield           L30-CB2 {'rot': 0.00479}
  t=   9.25  cb_failure         L24-CB0 {'rot': 0.01877}
  t=   9.25  cb_failure         L25-CB1 {'rot': 0.02164}
  t=   9.25  cb_failure         L25-CB2 {'rot': 0.0197}
  t=   9.25  cb_failure         L26-CB1 {'rot': 0.01863}
  t=   9.25  cb_failure         L27-CB3 {'rot': 0.0201}
  t=   9.25  cb_yield           L28-CB0 {'rot': 0.00654}
  t=   9.25  cb_yield           L31-CB2 {'rot': 0.00566}
  t=   9.25  cb_yield           L32-CB2 {'rot': 0.00496}
  t=   9.25  cb_yield           L33-CB2 {'rot': 0.00467}
  t=   9.38  cb_failure         L25-CB0 {'rot': 0.01888}
  t=   9.38  cb_failure         L26-CB2 {'rot': 0.02035}
  t=   9.38  cb_failure         L27-CB1 {'rot': 0.02251}
  t=   9.38  cb_failure         L28-CB1 {'rot': 0.02006}
  t=   9.38  cb_failure         L28-CB3 {'rot': 0.02393}
  t=   9.38  cb_yield           L29-CB0 {'rot': 0.0087}
  t=   9.38  cb_failure         L29-CB3 {'rot': 0.02163}
  t=   9.38  cb_yield           L30-CB0 {'rot': 0.00645}
  t=   9.38  cb_failure         L30-CB3 {'rot': 0.01964}
  t=   9.38  cb_yield           L31-CB0 {'rot': 0.00484}
  t=   9.50  cb_failure         L26-CB0 {'rot': 0.02067}
  t=   9.50  cb_failure         L27-CB0 {'rot': 0.01957}
  t=   9.50  cb_failure         L27-CB2 {'rot': 0.0218}
  t=   9.50  cb_failure         L28-CB2 {'rot': 0.0206}
  t=   9.50  cb_failure         L29-CB1 {'rot': 0.02508}
  t=   9.50  cb_failure         L29-CB2 {'rot': 0.01924}
  t=   9.50  cb_failure         L30-CB1 {'rot': 0.02381}
  t=   9.50  cb_failure         L31-CB1 {'rot': 0.0228}
  t=   9.50  cb_failure         L31-CB3 {'rot': 0.02495}
  t=   9.50  cb_yield           L32-CB0 {'rot': 0.01369}
  t=   9.50  cb_failure         L32-CB1 {'rot': 0.02218}
  t=   9.50  cb_failure         L32-CB3 {'rot': 0.02435}
  t=   9.50  cb_yield           L33-CB0 {'rot': 0.01349}
  t=   9.50  cb_failure         L33-CB1 {'rot': 0.02197}
  t=   9.50  cb_failure         L33-CB3 {'rot': 0.02414}
  t=   9.63  cb_failure         L6-CB1 {'rot': 0.0192}
  t=   9.63  cb_failure         L7-CB3 {'rot': 0.01915}
  t=   9.63  cb_failure         L9-CB2 {'rot': 0.01857}
  t=   9.63  cb_failure         L28-CB0 {'rot': 0.0247}
  t=   9.63  cb_failure         L29-CB0 {'rot': 0.02492}
  t=   9.63  cb_failure         L30-CB0 {'rot': 0.02499}
  t=   9.63  cb_failure         L30-CB2 {'rot': 0.02486}
  t=   9.63  cb_failure         L31-CB0 {'rot': 0.02494}
  t=   9.63  cb_failure         L31-CB2 {'rot': 0.02482}
  t=   9.63  cb_failure         L32-CB0 {'rot': 0.02474}
  t=   9.63  cb_failure         L32-CB2 {'rot': 0.02464}
  t=   9.63  cb_failure         L33-CB0 {'rot': 0.02462}
  t=   9.63  cb_failure         L33-CB2 {'rot': 0.02452}
  t=   9.75  cb_failure         L5-CB0 {'rot': 0.01824}
  t=   9.75  cb_failure         L5-CB1 {'rot': 0.02047}
  t=   9.75  cb_failure         L5-CB3 {'rot': 0.01989}
  t=   9.75  cb_failure         L6-CB0 {'rot': 0.01967}
  t=   9.75  cb_failure         L6-CB2 {'rot': 0.01938}
  t=   9.75  cb_failure         L6-CB3 {'rot': 0.02156}
  t=   9.75  cb_failure         L7-CB0 {'rot': 0.02067}
  t=   9.75  cb_failure         L7-CB2 {'rot': 0.02035}
  t=   9.75  cb_failure         L8-CB2 {'rot': 0.02097}
  t=   9.88  cb_failure         L4-CB0 {'rot': 0.01853}
  t=   9.88  cb_failure         L4-CB1 {'rot': 0.02027}
  t=   9.88  cb_failure         L4-CB2 {'rot': 0.01877}
  t=   9.88  cb_failure         L4-CB3 {'rot': 0.0206}
  t=   9.88  cb_failure         L5-CB2 {'rot': 0.02104}
  t=  10.00  cb_failure         L3-CB3 {'rot': 0.0187}
  progress t=  10.0s  max corner drift so far=0.0059  wall clock=148s
  t=  17.50  cb_failure         L3-CB1 {'rot': 0.01819}
  t=  17.63  cb_failure         L2-CB1 {'rot': 0.01842}
  progress t=  20.0s  max corner drift so far=0.0106  wall clock=313s
  t=  20.25  cb_failure         L2-CB3 {'rot': 0.01899}
  t=  20.37  cb_failure         L3-CB2 {'rot': 0.02012}
  t=  29.87  cb_failure         L3-CB0 {'rot': 0.01875}
  t=  30.00  cb_failure         L2-CB0 {'rot': 0.01834}
  progress t=  30.0s  max corner drift so far=0.0125  wall clock=480s
  progress t=  40.0s  max corner drift so far=0.0125  wall clock=647s
  t=  42.87  cb_failure         L2-CB2 {'rot': 0.01902}
  progress t=  50.0s  max corner drift so far=0.0143  wall clock=812s
  progress t=  60.0s  max corner drift so far=0.0164  wall clock=988s
  progress t=  70.0s  max corner drift so far=0.0164  wall clock=1148s
  progress t=  80.0s  max corner drift so far=0.0164  wall clock=1297s
  progress t=  90.0s  max corner drift so far=0.0164  wall clock=1446s
  progress t= 100.0s  max corner drift so far=0.0164  wall clock=1594s
