  t=   8.25  cb_yield           L12-CB1 {'rot': 0.00596}
  t=   8.25  cb_yield           L13-CB1 {'rot': 0.00618}
  t=   8.25  cb_yield           L14-CB1 {'rot': 0.00636}
  t=   8.25  cb_yield           L15-CB1 {'rot': 0.0065}
  t=   8.25  cb_yield           L16-CB0 {'rot': 0.00594}
  t=   8.25  cb_yield           L16-CB1 {'rot': 0.0066}
  t=   8.25  cb_yield           L17-CB1 {'rot': 0.00666}
  t=   8.25  cb_yield           L18-CB1 {'rot': 0.00666}
  t=   8.25  cb_yield           L19-CB1 {'rot': 0.00658}
  t=   8.38  cb_yield           L10-CB1 {'rot': 0.00597}
  t=   8.38  cb_yield           L11-CB1 {'rot': 0.0062}
  t=   8.38  cb_yield           L13-CB0 {'rot': 0.00601}
  t=   8.38  cb_yield           L14-CB0 {'rot': 0.00614}
  t=   8.38  cb_yield           L15-CB0 {'rot': 0.00624}
  t=   8.38  cb_yield           L20-CB1 {'rot': 0.00671}
  t=   8.50  cb_yield           L7-CB1 {'rot': 0.00617}
  t=   8.50  cb_yield           L8-CB0 {'rot': 0.00597}
  t=   8.50  cb_yield           L8-CB1 {'rot': 0.00642}
  t=   8.50  cb_yield           L9-CB0 {'rot': 0.0061}
  t=   8.50  cb_yield           L9-CB1 {'rot': 0.00661}
  t=   8.50  cb_yield           L10-CB0 {'rot': 0.00618}
  t=   8.50  cb_yield           L11-CB0 {'rot': 0.00623}
  t=   8.50  cb_yield           L12-CB0 {'rot': 0.00624}
  t=   8.63  cb_yield           L5-CB0 {'rot': 0.00592}
  t=   8.63  cb_yield           L5-CB1 {'rot': 0.00625}
  t=   8.63  cb_yield           L6-CB0 {'rot': 0.00637}
  t=   8.63  cb_yield           L6-CB1 {'rot': 0.00675}
  t=   8.63  cb_yield           L7-CB0 {'rot': 0.00669}
  t=   8.63  cb_yield           L8-CB3 {'rot': 0.00606}
  t=   8.63  cb_yield           L9-CB3 {'rot': 0.00617}
  t=   8.63  cb_yield           L10-CB3 {'rot': 0.00619}
  t=   8.63  cb_yield           L11-CB3 {'rot': 0.00616}
  t=   8.63  cb_yield           L12-CB3 {'rot': 0.00608}
  t=   8.63  cb_yield           L13-CB3 {'rot': 0.00596}
  t=   8.75  cb_yield           L4-CB1 {'rot': 0.00591}
  t=   8.75  cb_yield           L6-CB3 {'rot': 0.00609}
  t=   8.75  cb_yield           L7-CB2 {'rot': 0.00597}
  t=   8.75  cb_yield           L7-CB3 {'rot': 0.00642}
  t=   8.75  cb_yield           L8-CB2 {'rot': 0.00611}
  t=   8.75  cb_yield           L9-CB2 {'rot': 0.00612}
  t=   8.75  cb_yield           L10-CB2 {'rot': 0.00603}
  t=   8.75  cb_yield           L14-CB3 {'rot': 0.00597}
  t=   8.88  cb_yield           L11-CB2 {'rot': 0.00613}
  t=   8.88  cb_yield           L12-CB2 {'rot': 0.00602}
  t=   8.88  cb_yield           L15-CB3 {'rot': 0.00614}
  t=   8.88  cb_yield           L16-CB3 {'rot': 0.00593}
  t=   9.00  cb_yield           L13-CB2 {'rot': 0.0059}
  progress t=  10.0s  max corner drift so far=0.0020  wall clock=129s
  t=  10.75  cb_yield           L3-CB2 {'rot': 0.00607}
  t=  10.75  cb_yield           L4-CB0 {'rot': 0.00647}
  t=  10.75  cb_yield           L4-CB2 {'rot': 0.00672}
  t=  10.75  cb_yield           L4-CB3 {'rot': 0.00637}
  t=  10.75  cb_yield           L5-CB2 {'rot': 0.00703}
  t=  10.75  cb_yield           L5-CB3 {'rot': 0.00662}
  t=  10.75  cb_yield           L6-CB2 {'rot': 0.00707}
  t=  10.88  cb_yield           L2-CB0 {'rot': 0.00598}
  t=  10.88  cb_yield           L2-CB2 {'rot': 0.00627}
  t=  10.88  cb_yield           L2-CB3 {'rot': 0.00612}
  t=  10.88  cb_yield           L3-CB0 {'rot': 0.00735}
  t=  10.88  cb_yield           L3-CB1 {'rot': 0.00708}
  t=  10.88  cb_yield           L3-CB3 {'rot': 0.00746}
  t=  11.00  cb_yield           L2-CB1 {'rot': 0.00633}
  t=  11.25  cb_yield           L14-CB2 {'rot': 0.00741}
  t=  11.25  cb_yield           L15-CB2 {'rot': 0.00649}
  t=  11.25  cb_yield           L17-CB0 {'rot': 0.00798}
  t=  11.25  cb_yield           L18-CB0 {'rot': 0.0076}
  t=  11.25  cb_yield           L19-CB0 {'rot': 0.00728}
  t=  11.25  cb_yield           L20-CB0 {'rot': 0.007}
  t=  11.25  cb_yield           L21-CB0 {'rot': 0.00675}
  t=  11.38  cb_yield           L16-CB2 {'rot': 0.00801}
  t=  11.38  cb_yield           L17-CB2 {'rot': 0.00708}
  t=  11.38  cb_yield           L17-CB3 {'rot': 0.00662}
  t=  11.38  cb_yield           L21-CB1 {'rot': 0.00896}
  t=  11.38  cb_yield           L22-CB0 {'rot': 0.00898}
  t=  11.38  cb_yield           L22-CB1 {'rot': 0.00849}
  t=  11.38  cb_yield           L23-CB0 {'rot': 0.00848}
  t=  11.38  cb_yield           L23-CB1 {'rot': 0.00799}
  t=  11.38  cb_yield           L24-CB0 {'rot': 0.00797}
  t=  11.38  cb_yield           L24-CB1 {'rot': 0.00747}
  t=  11.38  cb_yield           L25-CB0 {'rot': 0.00743}
  t=  11.38  cb_yield           L25-CB1 {'rot': 0.00693}
  t=  11.38  cb_yield           L26-CB0 {'rot': 0.00688}
  t=  11.50  cb_yield           L18-CB2 {'rot': 0.0093}
  t=  11.50  cb_yield           L18-CB3 {'rot': 0.00876}
  t=  11.50  cb_yield           L19-CB2 {'rot': 0.00844}
  t=  11.50  cb_yield           L19-CB3 {'rot': 0.00791}
  t=  11.50  cb_yield           L20-CB2 {'rot': 0.00754}
  t=  11.50  cb_yield           L20-CB3 {'rot': 0.00701}
  t=  11.50  cb_yield           L21-CB2 {'rot': 0.00662}
  t=  11.50  cb_yield           L26-CB1 {'rot': 0.00721}
  t=  11.50  cb_yield           L27-CB0 {'rot': 0.00685}
  t=  11.63  cb_yield           L21-CB3 {'rot': 0.00898}
  t=  11.63  cb_yield           L22-CB2 {'rot': 0.00817}
  t=  11.63  cb_yield           L22-CB3 {'rot': 0.00777}
  t=  11.63  cb_yield           L23-CB2 {'rot': 0.00693}
  t=  11.63  cb_yield           L23-CB3 {'rot': 0.00655}
  t=  11.63  cb_yield           L27-CB1 {'rot': 0.00661}
  t=  11.75  cb_failure         L16-CB0 {'rot': 0.02015}
  t=  11.75  cb_failure         L17-CB0 {'rot': 0.02055}
  t=  11.75  cb_yield           L24-CB2 {'rot': 0.00723}
  t=  11.75  cb_yield           L24-CB3 {'rot': 0.00701}
  t=  11.88  cb_failure         L18-CB0 {'rot': 0.02105}
  t=  11.88  cb_failure         L19-CB0 {'rot': 0.02088}
  t=  11.88  cb_yield           L25-CB2 {'rot': 0.0067}
  t=  11.88  cb_yield           L25-CB3 {'rot': 0.00655}
  t=  13.00  cb_yield           L26-CB3 {'rot': 0.00673}
  t=  13.00  cb_yield           L27-CB3 {'rot': 0.00694}
  t=  13.00  cb_yield           L28-CB3 {'rot': 0.00694}
  t=  13.00  cb_yield           L29-CB3 {'rot': 0.00676}
  t=  13.13  cb_yield           L30-CB3 {'rot': 0.00688}
  t=  13.13  cb_yield           L31-CB3 {'rot': 0.00668}
  t=  13.75  cb_yield           L26-CB2 {'rot': 0.00661}
  t=  14.75  cb_yield           L27-CB2 {'rot': 0.00747}
  t=  14.75  cb_yield           L28-CB2 {'rot': 0.00666}
  t=  14.88  cb_yield           L29-CB2 {'rot': 0.00948}
  t=  14.88  cb_yield           L30-CB2 {'rot': 0.0084}
  t=  14.88  cb_yield           L31-CB2 {'rot': 0.00744}
  t=  14.88  cb_yield           L32-CB2 {'rot': 0.00674}
  t=  14.88  cb_yield           L32-CB3 {'rot': 0.01004}
  t=  14.88  cb_yield           L33-CB3 {'rot': 0.00972}
  t=  15.00  cb_yield           L33-CB2 {'rot': 0.00923}
  t=  16.00  cb_yield           L28-CB1 {'rot': 0.00688}
  t=  16.00  cb_yield           L29-CB1 {'rot': 0.00658}
  t=  16.13  cb_yield           L30-CB1 {'rot': 0.00677}
  t=  16.13  cb_yield           L31-CB1 {'rot': 0.00655}
  t=  16.25  cb_yield           L32-CB1 {'rot': 0.00762}
  t=  16.25  cb_yield           L33-CB1 {'rot': 0.00755}
  t=  16.38  cb_yield           L28-CB0 {'rot': 0.00691}
  t=  16.38  cb_yield           L29-CB0 {'rot': 0.00657}
  t=  16.50  cb_yield           L30-CB0 {'rot': 0.0072}
  t=  16.50  cb_yield           L31-CB0 {'rot': 0.00684}
  t=  16.50  cb_yield           L32-CB0 {'rot': 0.00657}
  t=  18.87  cb_failure         L6-CB0 {'rot': 0.02021}
  progress t=  20.0s  max corner drift so far=0.0077  wall clock=269s
  t=  21.25  cb_failure         L26-CB1 {'rot': 0.02104}
  t=  21.87  cb_failure         L14-CB1 {'rot': 0.02027}
  t=  22.00  cb_failure         L11-CB1 {'rot': 0.01998}
  t=  22.75  cb_failure         L21-CB1 {'rot': 0.02069}
  t=  22.75  cb_failure         L22-CB1 {'rot': 0.02072}
  t=  22.75  cb_failure         L23-CB1 {'rot': 0.02055}
  t=  22.87  cb_failure         L31-CB1 {'rot': 0.02144}
  t=  23.00  cb_yield           L33-CB0 {'rot': 0.00661}
  t=  23.00  cb_failure         L33-CB1 {'rot': 0.02058}
  t=  27.00  cb_failure         L33-CB3 {'rot': 0.02058}
  t=  27.12  cb_failure         L24-CB3 {'rot': 0.02117}
  t=  27.12  cb_failure         L25-CB3 {'rot': 0.02153}
  t=  27.12  cb_failure         L26-CB3 {'rot': 0.02158}
  t=  27.12  cb_failure         L27-CB3 {'rot': 0.02139}
  t=  27.12  cb_failure         L28-CB3 {'rot': 0.02095}
  t=  27.25  cb_failure         L22-CB3 {'rot': 0.02056}
  t=  27.25  cb_failure         L23-CB3 {'rot': 0.02165}
  t=  27.25  cb_failure         L29-CB3 {'rot': 0.02203}
  t=  27.25  cb_failure         L30-CB3 {'rot': 0.02135}
  t=  27.25  cb_failure         L31-CB3 {'rot': 0.02063}
  t=  27.37  cb_failure         L32-CB3 {'rot': 0.02096}
  progress t=  30.0s  max corner drift so far=0.0077  wall clock=412s
  t=  35.62  cb_failure         L20-CB3 {'rot': 0.02098}
  t=  35.62  cb_failure         L21-CB3 {'rot': 0.02144}
  t=  35.75  cb_failure         L18-CB3 {'rot': 0.02091}
  t=  35.75  cb_failure         L19-CB3 {'rot': 0.02161}
  t=  35.87  cb_failure         L28-CB2 {'rot': 0.02101}
  t=  37.12  cb_failure         L30-CB1 {'rot': 0.02053}
  t=  38.87  cb_failure         L23-CB2 {'rot': 0.02071}
  progress t=  40.0s  max corner drift so far=0.0093  wall clock=548s
  t=  42.12  cb_failure         L14-CB3 {'rot': 0.01999}
  t=  42.12  cb_failure         L15-CB3 {'rot': 0.02027}
  t=  42.12  cb_failure         L16-CB3 {'rot': 0.0204}
  t=  42.25  cb_failure         L13-CB3 {'rot': 0.02027}
  t=  42.25  cb_failure         L17-CB3 {'rot': 0.02197}
  t=  42.25  cb_failure         L19-CB2 {'rot': 0.02124}
  t=  42.50  cb_failure         L15-CB2 {'rot': 0.02}
  t=  42.50  cb_failure         L16-CB2 {'rot': 0.02034}
  t=  42.50  cb_failure         L17-CB2 {'rot': 0.0207}
  t=  42.50  cb_failure         L18-CB2 {'rot': 0.02089}
  t=  42.50  cb_failure         L20-CB2 {'rot': 0.02087}
  t=  42.50  cb_failure         L21-CB2 {'rot': 0.02072}
  t=  42.50  cb_failure         L22-CB2 {'rot': 0.02053}
  t=  42.50  cb_failure         L26-CB2 {'rot': 0.02161}
  t=  42.62  cb_failure         L12-CB3 {'rot': 0.01993}
  t=  42.62  cb_failure         L14-CB2 {'rot': 0.0203}
  t=  42.62  cb_failure         L24-CB2 {'rot': 0.02099}
  t=  42.62  cb_failure         L25-CB2 {'rot': 0.02101}
  t=  42.62  cb_failure         L27-CB2 {'rot': 0.02102}
  t=  42.62  cb_failure         L29-CB2 {'rot': 0.02096}
  t=  42.62  cb_failure         L30-CB2 {'rot': 0.02087}
  t=  42.62  cb_failure         L31-CB2 {'rot': 0.02077}
  t=  42.62  cb_failure         L32-CB2 {'rot': 0.02067}
  t=  42.62  cb_failure         L33-CB2 {'rot': 0.02063}
  t=  42.75  cb_failure         L9-CB2 {'rot': 0.02048}
  t=  42.75  cb_failure         L13-CB2 {'rot': 0.02028}
  t=  42.87  cb_failure         L10-CB3 {'rot': 0.02}
  t=  42.87  cb_failure         L11-CB2 {'rot': 0.02001}
  t=  42.87  cb_failure         L11-CB3 {'rot': 0.02075}
  t=  42.87  cb_failure         L12-CB2 {'rot': 0.02035}
  t=  43.12  cb_failure         L9-CB3 {'rot': 0.02041}
  t=  43.25  cb_failure         L8-CB3 {'rot': 0.02024}
  t=  43.25  cb_failure         L10-CB2 {'rot': 0.02047}
  t=  43.37  cb_failure         L7-CB2 {'rot': 0.02014}
  t=  43.37  cb_failure         L7-CB3 {'rot': 0.02033}
  t=  43.37  cb_failure         L8-CB2 {'rot': 0.02082}
  t=  48.75  cb_yield           L1-CB1 {'rot': 0.0061}
  t=  48.75  cb_failure         L5-CB1 {'rot': 0.02075}
  t=  48.75  cb_failure         L8-CB1 {'rot': 0.01999}
  t=  48.75  cb_failure         L9-CB1 {'rot': 0.02008}
  t=  48.75  cb_failure         L10-CB1 {'rot': 0.01989}
  t=  48.87  cb_yield           L1-CB0 {'rot': 0.00664}
  t=  48.87  cb_failure         L6-CB1 {'rot': 0.02143}
  t=  48.87  cb_failure         L7-CB0 {'rot': 0.02189}
  t=  48.87  cb_failure         L7-CB1 {'rot': 0.02242}
  t=  48.87  cb_failure         L8-CB0 {'rot': 0.02187}
  t=  48.87  cb_failure         L9-CB0 {'rot': 0.02134}
  t=  48.87  cb_failure         L10-CB0 {'rot': 0.02034}
  t=  48.87  cb_failure         L12-CB1 {'rot': 0.02009}
  t=  49.00  cb_failure         L5-CB0 {'rot': 0.0214}
  t=  49.00  cb_failure         L11-CB0 {'rot': 0.02052}
  t=  49.12  cb_failure         L13-CB1 {'rot': 0.02063}
  t=  49.25  cb_failure         L12-CB0 {'rot': 0.02002}
  t=  49.37  cb_failure         L15-CB1 {'rot': 0.02262}
  t=  49.37  cb_failure         L16-CB1 {'rot': 0.02174}
  t=  49.37  cb_failure         L17-CB1 {'rot': 0.02053}
  t=  49.50  cb_failure         L13-CB0 {'rot': 0.0204}
  t=  49.50  cb_failure         L14-CB0 {'rot': 0.02058}
  t=  49.50  cb_failure         L15-CB0 {'rot': 0.0205}
  t=  49.50  cb_failure         L18-CB1 {'rot': 0.02384}
  t=  49.50  cb_failure         L19-CB1 {'rot': 0.02276}
  t=  49.50  cb_failure         L20-CB1 {'rot': 0.02144}
  t=  49.75  cb_failure         L20-CB0 {'rot': 0.02181}
  t=  49.75  cb_failure         L21-CB0 {'rot': 0.02094}
  t=  49.75  cb_failure         L24-CB1 {'rot': 0.02393}
  t=  49.75  cb_failure         L25-CB1 {'rot': 0.02228}
  t=  49.87  cb_failure         L22-CB0 {'rot': 0.02312}
  t=  49.87  cb_failure         L23-CB0 {'rot': 0.02227}
  t=  49.87  cb_failure         L24-CB0 {'rot': 0.02111}
  t=  49.87  cb_failure         L27-CB1 {'rot': 0.02448}
  t=  49.87  cb_failure         L28-CB1 {'rot': 0.02302}
  t=  49.87  cb_failure         L29-CB1 {'rot': 0.02161}
  t=  50.00  cb_failure         L25-CB0 {'rot': 0.02544}
  t=  50.00  cb_failure         L26-CB0 {'rot': 0.02455}
  t=  50.00  cb_failure         L27-CB0 {'rot': 0.02339}
  t=  50.00  cb_failure         L28-CB0 {'rot': 0.02206}
  t=  50.00  cb_failure         L29-CB0 {'rot': 0.02057}
  t=  50.00  cb_failure         L32-CB1 {'rot': 0.02431}
  progress t=  50.0s  max corner drift so far=0.0097  wall clock=685s
  t=  50.12  cb_failure         L30-CB0 {'rot': 0.02761}
  t=  50.12  cb_failure         L31-CB0 {'rot': 0.02697}
  t=  50.12  cb_failure         L32-CB0 {'rot': 0.02645}
  t=  50.12  cb_failure         L33-CB0 {'rot': 0.02624}
  t=  51.25  cb_yield           L1-CB3 {'rot': 0.00661}
  t=  51.25  cb_failure         L5-CB3 {'rot': 0.01996}
  t=  51.25  cb_failure         L6-CB2 {'rot': 0.02011}
  t=  51.25  cb_failure         L6-CB3 {'rot': 0.022}
  t=  51.37  cb_yield           L1-CB2 {'rot': 0.00723}
  t=  51.37  cb_failure         L4-CB2 {'rot': 0.02035}
  t=  51.37  cb_failure         L4-CB3 {'rot': 0.02055}
  t=  51.37  cb_failure         L5-CB2 {'rot': 0.02153}
  t=  51.50  cb_failure         L3-CB2 {'rot': 0.02078}
  progress t=  60.0s  max corner drift so far=0.0101  wall clock=822s
  t=  61.37  cb_failure         L3-CB3 {'rot': 0.02277}
  progress t=  70.0s  max corner drift so far=0.0127  wall clock=955s
  progress t=  80.0s  max corner drift so far=0.0127  wall clock=1085s
  progress t=  90.0s  max corner drift so far=0.0127  wall clock=1219s
  progress t= 100.0s  max corner drift so far=0.0127  wall clock=1346s
