  t=   7.38  cb_yield           L21-CB3 {'rot': 0.00666}
  t=   7.38  cb_yield           L22-CB3 {'rot': 0.00682}
  t=   7.38  cb_yield           L23-CB3 {'rot': 0.00696}
  t=   7.38  cb_yield           L24-CB3 {'rot': 0.00704}
  t=   7.38  cb_yield           L25-CB3 {'rot': 0.00707}
  t=   7.38  cb_yield           L26-CB3 {'rot': 0.00702}
  t=   7.38  cb_yield           L27-CB3 {'rot': 0.00688}
  t=   7.38  cb_yield           L28-CB3 {'rot': 0.00666}
  t=   7.50  cb_yield           L5-CB2 {'rot': 0.00603}
  t=   7.50  cb_yield           L5-CB3 {'rot': 0.00643}
  t=   7.50  cb_yield           L6-CB2 {'rot': 0.00647}
  t=   7.50  cb_yield           L6-CB3 {'rot': 0.00694}
  t=   7.50  cb_yield           L7-CB2 {'rot': 0.00678}
  t=   7.50  cb_yield           L7-CB3 {'rot': 0.0073}
  t=   7.50  cb_yield           L8-CB2 {'rot': 0.00697}
  t=   7.50  cb_yield           L8-CB3 {'rot': 0.00755}
  t=   7.50  cb_yield           L9-CB2 {'rot': 0.00705}
  t=   7.50  cb_yield           L9-CB3 {'rot': 0.0077}
  t=   7.50  cb_yield           L10-CB2 {'rot': 0.00707}
  t=   7.50  cb_yield           L10-CB3 {'rot': 0.00778}
  t=   7.50  cb_yield           L11-CB2 {'rot': 0.00703}
  t=   7.50  cb_yield           L11-CB3 {'rot': 0.0078}
  t=   7.50  cb_yield           L12-CB2 {'rot': 0.00697}
  t=   7.50  cb_yield           L12-CB3 {'rot': 0.00779}
  t=   7.50  cb_yield           L13-CB2 {'rot': 0.00688}
  t=   7.50  cb_yield           L13-CB3 {'rot': 0.00776}
  t=   7.50  cb_yield           L14-CB2 {'rot': 0.0068}
  t=   7.50  cb_yield           L14-CB3 {'rot': 0.00772}
  t=   7.50  cb_yield           L15-CB2 {'rot': 0.00672}
  t=   7.50  cb_yield           L15-CB3 {'rot': 0.00769}
  t=   7.50  cb_yield           L16-CB2 {'rot': 0.00665}
  t=   7.50  cb_yield           L16-CB3 {'rot': 0.00766}
  t=   7.50  cb_yield           L17-CB2 {'rot': 0.00659}
  t=   7.50  cb_yield           L17-CB3 {'rot': 0.00765}
  t=   7.50  cb_yield           L18-CB2 {'rot': 0.00654}
  t=   7.50  cb_yield           L18-CB3 {'rot': 0.00765}
  t=   7.50  cb_yield           L19-CB3 {'rot': 0.00765}
  t=   7.50  cb_yield           L20-CB3 {'rot': 0.00764}
  t=   7.63  cb_yield           L4-CB3 {'rot': 0.00622}
  t=   7.63  cb_yield           L5-CB1 {'rot': 0.00607}
  t=   7.63  cb_yield           L6-CB0 {'rot': 0.0061}
  t=   7.63  cb_yield           L6-CB1 {'rot': 0.00659}
  t=   7.63  cb_yield           L7-CB0 {'rot': 0.00644}
  t=   7.63  cb_yield           L7-CB1 {'rot': 0.00699}
  t=   7.63  cb_yield           L8-CB0 {'rot': 0.00665}
  t=   7.63  cb_yield           L8-CB1 {'rot': 0.00725}
  t=   7.63  cb_yield           L9-CB0 {'rot': 0.00673}
  t=   7.63  cb_yield           L9-CB1 {'rot': 0.00739}
  t=   7.63  cb_yield           L10-CB0 {'rot': 0.0067}
  t=   7.63  cb_yield           L10-CB1 {'rot': 0.00742}
  t=   7.63  cb_yield           L11-CB0 {'rot': 0.00658}
  t=   7.63  cb_yield           L11-CB1 {'rot': 0.00735}
  t=   7.63  cb_yield           L12-CB0 {'rot': 0.00637}
  t=   7.63  cb_yield           L12-CB1 {'rot': 0.00719}
  t=   7.63  cb_yield           L13-CB0 {'rot': 0.00609}
  t=   7.63  cb_yield           L13-CB1 {'rot': 0.00695}
  t=   7.63  cb_yield           L14-CB1 {'rot': 0.00664}
  t=   7.63  cb_yield           L15-CB1 {'rot': 0.00629}
  t=   7.63  cb_yield           L16-CB1 {'rot': 0.00591}
  t=   7.63  cb_yield           L19-CB2 {'rot': 0.00815}
  t=   7.63  cb_yield           L20-CB2 {'rot': 0.00777}
  t=   7.63  cb_yield           L21-CB2 {'rot': 0.00735}
  t=   7.63  cb_yield           L22-CB2 {'rot': 0.00689}
  t=   7.75  cb_yield           L4-CB2 {'rot': 0.00624}
  t=   7.75  cb_yield           L5-CB0 {'rot': 0.00621}
  t=   7.75  cb_yield           L14-CB0 {'rot': 0.00792}
  t=   7.75  cb_yield           L15-CB0 {'rot': 0.00745}
  t=   7.75  cb_yield           L16-CB0 {'rot': 0.00686}
  t=   7.75  cb_yield           L17-CB1 {'rot': 0.00718}
  t=   7.88  cb_yield           L4-CB1 {'rot': 0.00601}
  t=   8.00  cb_yield           L3-CB3 {'rot': 0.00622}
  t=   8.00  cb_yield           L4-CB0 {'rot': 0.00598}
  t=   8.13  cb_yield           L3-CB2 {'rot': 0.00653}
  t=   8.25  cb_yield           L23-CB2 {'rot': 0.0068}
  t=   8.50  cb_yield           L18-CB1 {'rot': 0.00657}
  progress t=  10.0s  max corner drift so far=0.0040  wall clock=157s
  t=  10.38  cb_yield           L24-CB2 {'rot': 0.00705}
  t=  10.38  cb_yield           L25-CB2 {'rot': 0.00721}
  t=  10.38  cb_yield           L26-CB2 {'rot': 0.00728}
  t=  10.38  cb_yield           L27-CB2 {'rot': 0.00725}
  t=  10.38  cb_yield           L28-CB2 {'rot': 0.00715}
  t=  10.38  cb_yield           L29-CB2 {'rot': 0.00698}
  t=  10.38  cb_yield           L30-CB2 {'rot': 0.00673}
  t=  10.50  cb_yield           L29-CB3 {'rot': 0.00668}
  t=  10.50  cb_yield           L31-CB2 {'rot': 0.00668}
  t=  11.25  cb_yield           L2-CB3 {'rot': 0.00606}
  t=  11.63  cb_yield           L17-CB0 {'rot': 0.00695}
  t=  11.63  cb_yield           L18-CB0 {'rot': 0.00684}
  t=  11.63  cb_yield           L19-CB0 {'rot': 0.00658}
  t=  11.63  cb_yield           L19-CB1 {'rot': 0.0074}
  t=  11.63  cb_yield           L20-CB1 {'rot': 0.00695}
  t=  11.75  cb_yield           L20-CB0 {'rot': 0.00695}
  t=  11.75  cb_yield           L21-CB1 {'rot': 0.00665}
  t=  13.00  cb_failure         L10-CB3 {'rot': 0.01999}
  t=  13.00  cb_failure         L11-CB3 {'rot': 0.02077}
  t=  13.00  cb_failure         L12-CB3 {'rot': 0.02127}
  t=  13.00  cb_failure         L13-CB3 {'rot': 0.02149}
  t=  13.00  cb_failure         L14-CB3 {'rot': 0.02141}
  t=  13.00  cb_failure         L15-CB3 {'rot': 0.02107}
  t=  13.00  cb_failure         L16-CB3 {'rot': 0.02048}
  t=  13.00  cb_yield           L21-CB0 {'rot': 0.00801}
  t=  13.00  cb_yield           L22-CB0 {'rot': 0.00669}
  t=  13.00  cb_yield           L22-CB1 {'rot': 0.00953}
  t=  13.00  cb_yield           L23-CB1 {'rot': 0.00827}
  t=  13.00  cb_yield           L24-CB1 {'rot': 0.00714}
  t=  13.13  cb_failure         L7-CB2 {'rot': 0.01997}
  t=  13.13  cb_failure         L9-CB3 {'rot': 0.02092}
  t=  13.13  cb_failure         L10-CB2 {'rot': 0.02078}
  t=  13.13  cb_failure         L11-CB2 {'rot': 0.02206}
  t=  13.13  cb_failure         L12-CB1 {'rot': 0.02069}
  t=  13.13  cb_failure         L12-CB2 {'rot': 0.02301}
  t=  13.13  cb_failure         L13-CB1 {'rot': 0.02128}
  t=  13.13  cb_failure         L13-CB2 {'rot': 0.02365}
  t=  13.13  cb_failure         L14-CB1 {'rot': 0.02154}
  t=  13.13  cb_failure         L14-CB2 {'rot': 0.02394}
  t=  13.13  cb_failure         L15-CB1 {'rot': 0.02147}
  t=  13.13  cb_failure         L15-CB2 {'rot': 0.02389}
  t=  13.13  cb_failure         L16-CB1 {'rot': 0.02111}
  t=  13.13  cb_failure         L16-CB2 {'rot': 0.02352}
  t=  13.13  cb_failure         L17-CB2 {'rot': 0.02267}
  t=  13.13  cb_failure         L17-CB3 {'rot': 0.02542}
  t=  13.13  cb_failure         L18-CB2 {'rot': 0.02147}
  t=  13.13  cb_failure         L18-CB3 {'rot': 0.02431}
  t=  13.13  cb_failure         L19-CB3 {'rot': 0.02285}
  t=  13.13  cb_failure         L20-CB3 {'rot': 0.02096}
  t=  13.13  cb_yield           L23-CB0 {'rot': 0.00686}
  t=  13.13  cb_yield           L25-CB1 {'rot': 0.00671}
  t=  13.25  cb_failure         L11-CB1 {'rot': 0.02148}
  t=  13.25  cb_failure         L12-CB0 {'rot': 0.02056}
  t=  13.25  cb_failure         L13-CB0 {'rot': 0.02141}
  t=  13.25  cb_failure         L14-CB0 {'rot': 0.02188}
  t=  13.25  cb_failure         L15-CB0 {'rot': 0.02201}
  t=  13.25  cb_failure         L16-CB0 {'rot': 0.02182}
  t=  13.25  cb_failure         L17-CB0 {'rot': 0.0212}
  t=  13.25  cb_failure         L17-CB1 {'rot': 0.0238}
  t=  13.25  cb_failure         L18-CB1 {'rot': 0.02291}
  t=  13.25  cb_failure         L19-CB1 {'rot': 0.02164}
  t=  13.25  cb_failure         L19-CB2 {'rot': 0.02522}
  t=  13.25  cb_failure         L20-CB2 {'rot': 0.02324}
  t=  13.25  cb_failure         L21-CB2 {'rot': 0.02062}
  t=  13.25  cb_failure         L21-CB3 {'rot': 0.02376}
  t=  13.25  cb_failure         L22-CB3 {'rot': 0.02069}
  t=  13.38  cb_failure         L18-CB0 {'rot': 0.02295}
  t=  13.38  cb_failure         L19-CB0 {'rot': 0.02192}
  t=  13.38  cb_failure         L20-CB1 {'rot': 0.02325}
  t=  13.38  cb_failure         L21-CB1 {'rot': 0.02112}
  t=  13.38  cb_failure         L22-CB2 {'rot': 0.02174}
  t=  13.38  cb_failure         L23-CB3 {'rot': 0.02151}
  t=  13.38  cb_yield           L24-CB0 {'rot': 0.00896}
  t=  13.38  cb_yield           L26-CB1 {'rot': 0.0067}
  t=  13.50  cb_failure         L20-CB0 {'rot': 0.02251}
  t=  13.50  cb_failure         L21-CB0 {'rot': 0.02081}
  t=  13.50  cb_failure         L22-CB1 {'rot': 0.02147}
  t=  13.50  cb_failure         L23-CB2 {'rot': 0.02196}
  t=  13.50  cb_failure         L24-CB3 {'rot': 0.02166}
  t=  13.50  cb_yield           L25-CB0 {'rot': 0.00816}
  t=  13.50  cb_yield           L30-CB3 {'rot': 0.00725}
  t=  13.50  cb_yield           L31-CB3 {'rot': 0.00661}
  t=  13.63  cb_failure         L24-CB2 {'rot': 0.02146}
  t=  13.63  cb_failure         L25-CB3 {'rot': 0.02239}
  t=  13.63  cb_yield           L26-CB0 {'rot': 0.00761}
  t=  13.63  cb_yield           L27-CB1 {'rot': 0.00858}
  t=  13.63  cb_yield           L32-CB3 {'rot': 0.00877}
  t=  13.63  cb_yield           L33-CB3 {'rot': 0.00853}
  t=  13.75  cb_yield           L2-CB2 {'rot': 0.00658}
  t=  13.75  cb_yield           L3-CB0 {'rot': 0.00602}
  t=  13.75  cb_yield           L3-CB1 {'rot': 0.00706}
  t=  13.75  cb_failure         L8-CB3 {'rot': 0.02173}
  t=  13.75  cb_failure         L9-CB2 {'rot': 0.02078}
  t=  13.75  cb_failure         L23-CB1 {'rot': 0.02072}
  t=  13.75  cb_failure         L25-CB2 {'rot': 0.02098}
  t=  13.75  cb_failure         L26-CB3 {'rot': 0.02425}
  t=  13.75  cb_yield           L27-CB0 {'rot': 0.00739}
  t=  13.75  cb_failure         L27-CB3 {'rot': 0.02202}
  t=  13.75  cb_yield           L28-CB1 {'rot': 0.01041}
  t=  13.75  cb_yield           L29-CB1 {'rot': 0.0085}
  t=  13.75  cb_yield           L30-CB1 {'rot': 0.00692}
  t=  13.75  cb_yield           L32-CB2 {'rot': 0.00786}
  t=  13.75  cb_yield           L33-CB2 {'rot': 0.00752}
  t=  13.88  cb_yield           L2-CB1 {'rot': 0.00646}
  t=  13.88  cb_failure         L6-CB3 {'rot': 0.02063}
  t=  13.88  cb_failure         L7-CB3 {'rot': 0.0229}
  t=  13.88  cb_failure         L8-CB2 {'rot': 0.02165}
  t=  13.88  cb_failure         L9-CB1 {'rot': 0.02017}
  t=  13.88  cb_failure         L10-CB1 {'rot': 0.02109}
  t=  13.88  cb_failure         L26-CB2 {'rot': 0.02083}
  t=  13.88  cb_yield           L28-CB0 {'rot': 0.00766}
  t=  13.88  cb_failure         L28-CB3 {'rot': 0.02544}
  t=  13.88  cb_failure         L29-CB3 {'rot': 0.02415}
  t=  13.88  cb_failure         L30-CB3 {'rot': 0.02293}
  t=  13.88  cb_yield           L31-CB1 {'rot': 0.01126}
  t=  13.88  cb_failure         L31-CB3 {'rot': 0.0219}
  t=  13.88  cb_yield           L32-CB1 {'rot': 0.01049}
  t=  13.88  cb_failure         L32-CB3 {'rot': 0.02117}
  t=  13.88  cb_yield           L33-CB1 {'rot': 0.01018}
  t=  13.88  cb_failure         L33-CB3 {'rot': 0.02085}
  t=  14.00  cb_yield           L2-CB0 {'rot': 0.00631}
  t=  14.00  cb_failure         L5-CB3 {'rot': 0.02004}
  t=  14.00  cb_failure         L6-CB2 {'rot': 0.02022}
  t=  14.00  cb_failure         L8-CB1 {'rot': 0.0206}
  t=  14.00  cb_failure         L27-CB2 {'rot': 0.02086}
  t=  14.00  cb_yield           L29-CB0 {'rot': 0.00817}
  t=  14.00  cb_yield           L30-CB0 {'rot': 0.00742}
  t=  14.00  cb_yield           L31-CB0 {'rot': 0.00669}
  t=  14.13  cb_yield           L1-CB3 {'rot': 0.00595}
  t=  14.13  cb_failure         L7-CB1 {'rot': 0.0201}
  t=  14.25  cb_failure         L11-CB0 {'rot': 0.01991}
  t=  14.88  cb_failure         L28-CB2 {'rot': 0.02059}
  t=  15.00  cb_failure         L29-CB2 {'rot': 0.02175}
  t=  15.00  cb_failure         L30-CB2 {'rot': 0.02073}
  t=  15.00  cb_yield           L32-CB0 {'rot': 0.00955}
  t=  15.00  cb_yield           L33-CB0 {'rot': 0.00924}
  t=  15.13  cb_failure         L31-CB2 {'rot': 0.02089}
  t=  17.63  cb_yield           L1-CB2 {'rot': 0.00616}
  t=  19.37  cb_failure         L22-CB0 {'rot': 0.0224}
  t=  19.37  cb_failure         L23-CB0 {'rot': 0.02192}
  t=  19.37  cb_failure         L24-CB0 {'rot': 0.02141}
  t=  19.37  cb_failure         L24-CB1 {'rot': 0.02299}
  t=  19.37  cb_failure         L25-CB0 {'rot': 0.02092}
  t=  19.37  cb_failure         L25-CB1 {'rot': 0.0226}
  t=  19.37  cb_failure         L26-CB1 {'rot': 0.02224}
  t=  19.37  cb_failure         L27-CB1 {'rot': 0.02193}
  t=  19.37  cb_failure         L28-CB1 {'rot': 0.02167}
  t=  19.37  cb_failure         L29-CB1 {'rot': 0.02143}
  t=  19.37  cb_failure         L30-CB1 {'rot': 0.02123}
  t=  19.37  cb_failure         L31-CB1 {'rot': 0.02108}
  t=  19.37  cb_failure         L32-CB1 {'rot': 0.02098}
  t=  19.37  cb_failure         L33-CB1 {'rot': 0.02094}
  t=  19.50  cb_failure         L26-CB0 {'rot': 0.02155}
  t=  19.50  cb_failure         L27-CB0 {'rot': 0.02078}
  t=  19.62  cb_failure         L28-CB0 {'rot': 0.02119}
  t=  19.75  cb_failure         L29-CB0 {'rot': 0.02206}
  t=  19.75  cb_failure         L30-CB0 {'rot': 0.021}
  t=  19.87  cb_failure         L31-CB0 {'rot': 0.0231}
  t=  19.87  cb_failure         L32-CB0 {'rot': 0.0227}
  t=  19.87  cb_failure         L33-CB0 {'rot': 0.02255}
  t=  20.00  cb_failure         L32-CB2 {'rot': 0.02413}
  t=  20.00  cb_failure         L33-CB2 {'rot': 0.02398}
  progress t=  20.0s  max corner drift so far=0.0091  wall clock=318s
  t=  20.50  cb_yield           L1-CB1 {'rot': 0.00598}
  t=  20.62  cb_failure         L5-CB2 {'rot': 0.02094}
  t=  20.62  cb_failure         L6-CB0 {'rot': 0.01991}
  t=  20.62  cb_failure         L6-CB1 {'rot': 0.02115}
  t=  20.62  cb_failure         L7-CB0 {'rot': 0.02175}
  t=  20.62  cb_failure         L8-CB0 {'rot': 0.02309}
  t=  20.62  cb_failure         L9-CB0 {'rot': 0.02405}
  t=  20.62  cb_failure         L10-CB0 {'rot': 0.02456}
  t=  20.87  cb_failure         L4-CB2 {'rot': 0.02013}
  t=  20.87  cb_failure         L4-CB3 {'rot': 0.02152}
  t=  21.00  cb_failure         L3-CB3 {'rot': 0.02023}
  t=  21.00  cb_failure         L5-CB0 {'rot': 0.02053}
  t=  21.00  cb_failure         L5-CB1 {'rot': 0.02123}
  t=  21.12  cb_yield           L1-CB0 {'rot': 0.0067}
  t=  21.12  cb_failure         L2-CB3 {'rot': 0.02069}
  t=  21.12  cb_failure         L3-CB2 {'rot': 0.02254}
  t=  21.12  cb_failure         L4-CB1 {'rot': 0.01999}
  t=  21.25  cb_failure         L4-CB0 {'rot': 0.02128}
  t=  21.37  cb_failure         L2-CB2 {'rot': 0.02181}
  progress t=  30.0s  max corner drift so far=0.0129  wall clock=479s
  t=  30.50  cb_failure         L3-CB1 {'rot': 0.02019}
  t=  38.12  cb_failure         L3-CB0 {'rot': 0.02115}
  progress t=  40.0s  max corner drift so far=0.0129  wall clock=650s
  progress t=  50.0s  max corner drift so far=0.0129  wall clock=817s
  progress t=  60.0s  max corner drift so far=0.0129  wall clock=981s
  progress t=  70.0s  max corner drift so far=0.0129  wall clock=1150s
  progress t=  80.0s  max corner drift so far=0.0129  wall clock=1306s
  progress t=  90.0s  max corner drift so far=0.0129  wall clock=1458s
  progress t= 100.0s  max corner drift so far=0.0129  wall clock=1611s
