  t=   2.05  cb_yield           L6-CB1 {'rot': 0.00609}
  t=   2.05  cb_yield           L6-CB3 {'rot': 0.00621}
  t=   2.05  cb_yield           L7-CB1 {'rot': 0.00621}
  t=   2.05  cb_yield           L7-CB3 {'rot': 0.00635}
  t=   2.05  cb_yield           L8-CB1 {'rot': 0.0062}
  t=   2.05  cb_yield           L8-CB3 {'rot': 0.00635}
  t=   2.05  cb_yield           L9-CB1 {'rot': 0.00609}
  t=   2.05  cb_yield           L9-CB3 {'rot': 0.00624}
  t=   2.10  cb_yield           L7-CB0 {'rot': 0.0061}
  t=   2.10  cb_yield           L7-CB2 {'rot': 0.00621}
  t=   2.10  cb_yield           L8-CB0 {'rot': 0.00613}
  t=   2.10  cb_yield           L8-CB2 {'rot': 0.00625}
  t=   2.10  cb_yield           L9-CB2 {'rot': 0.00616}
  t=   2.10  cb_yield           L10-CB1 {'rot': 0.00624}
  t=   2.10  cb_yield           L10-CB3 {'rot': 0.0064}
  t=   2.10  cb_yield           L11-CB3 {'rot': 0.00618}
  t=   2.15  cb_yield           L9-CB0 {'rot': 0.00622}
  t=   2.15  cb_yield           L10-CB0 {'rot': 0.0061}
  t=   2.15  cb_yield           L10-CB2 {'rot': 0.00623}
  t=   2.15  cb_yield           L11-CB1 {'rot': 0.00636}
  t=   2.15  cb_yield           L12-CB1 {'rot': 0.00613}
  t=   2.15  cb_yield           L12-CB3 {'rot': 0.00631}
  t=   2.20  cb_yield           L11-CB0 {'rot': 0.00615}
  t=   2.20  cb_yield           L11-CB2 {'rot': 0.00629}
  t=   2.20  cb_yield           L12-CB2 {'rot': 0.0061}
  t=   2.20  cb_yield           L13-CB1 {'rot': 0.00621}
  t=   2.20  cb_yield           L13-CB3 {'rot': 0.0064}
  t=   2.20  cb_yield           L14-CB3 {'rot': 0.00611}
  t=   2.25  cb_yield           L12-CB0 {'rot': 0.00614}
  t=   2.25  cb_yield           L14-CB1 {'rot': 0.0062}
  t=   2.25  cb_yield           L15-CB3 {'rot': 0.00611}
  t=   2.30  cb_yield           L13-CB2 {'rot': 0.0062}
  t=   2.30  cb_yield           L15-CB1 {'rot': 0.0061}
  t=   2.35  cb_yield           L16-CB3 {'rot': 0.00621}
  t=   2.40  cb_yield           L16-CB1 {'rot': 0.00613}
  t=   2.50  cb_yield           L17-CB3 {'rot': 0.00666}
  t=   2.50  cb_yield           L18-CB3 {'rot': 0.0067}
  t=   2.50  cb_yield           L19-CB3 {'rot': 0.00669}
  t=   2.50  cb_yield           L20-CB3 {'rot': 0.00663}
  t=   2.55  cb_yield           L17-CB1 {'rot': 0.00662}
  t=   2.55  cb_yield           L18-CB1 {'rot': 0.00677}
  t=   2.55  cb_yield           L19-CB1 {'rot': 0.00686}
  t=   2.55  cb_yield           L20-CB1 {'rot': 0.00687}
  t=   2.55  cb_yield           L21-CB1 {'rot': 0.00681}
  t=   2.55  cb_yield           L21-CB3 {'rot': 0.00721}
  t=   2.55  cb_yield           L22-CB1 {'rot': 0.00668}
  t=   2.55  cb_yield           L22-CB3 {'rot': 0.0071}
  t=   2.55  cb_yield           L23-CB3 {'rot': 0.00693}
  t=   2.55  cb_yield           L24-CB3 {'rot': 0.00669}
  t=   2.60  cb_yield           L19-CB2 {'rot': 0.00665}
  t=   2.60  cb_yield           L20-CB2 {'rot': 0.00677}
  t=   2.60  cb_yield           L21-CB2 {'rot': 0.00679}
  t=   2.60  cb_yield           L22-CB2 {'rot': 0.00672}
  t=   2.60  cb_yield           L23-CB1 {'rot': 0.00728}
  t=   2.60  cb_yield           L24-CB1 {'rot': 0.00701}
  t=   2.60  cb_yield           L25-CB1 {'rot': 0.00667}
  t=   2.60  cb_yield           L25-CB3 {'rot': 0.00717}
  t=   2.60  cb_yield           L26-CB3 {'rot': 0.00678}
  t=   2.65  cb_yield           L18-CB2 {'rot': 0.00666}
  t=   2.65  cb_yield           L19-CB0 {'rot': 0.00663}
  t=   2.65  cb_yield           L20-CB0 {'rot': 0.00681}
  t=   2.65  cb_yield           L21-CB0 {'rot': 0.00688}
  t=   2.65  cb_yield           L22-CB0 {'rot': 0.00683}
  t=   2.65  cb_yield           L23-CB0 {'rot': 0.00666}
  t=   2.65  cb_yield           L23-CB2 {'rot': 0.00709}
  t=   2.65  cb_yield           L24-CB2 {'rot': 0.00683}
  t=   2.65  cb_yield           L26-CB1 {'rot': 0.00694}
  t=   2.65  cb_yield           L27-CB3 {'rot': 0.00693}
  t=   2.70  cb_yield           L24-CB0 {'rot': 0.00684}
  t=   2.70  cb_yield           L25-CB2 {'rot': 0.0069}
  t=   2.70  cb_yield           L27-CB1 {'rot': 0.00689}
  t=   2.70  cb_yield           L28-CB3 {'rot': 0.00675}
  t=   2.75  cb_yield           L18-CB0 {'rot': 0.00659}
  t=   2.75  cb_yield           L25-CB0 {'rot': 0.00676}
  t=   2.75  cb_yield           L26-CB2 {'rot': 0.00668}
  t=   2.80  cb_yield           L28-CB1 {'rot': 0.00662}
  t=   3.65  cb_yield           L26-CB0 {'rot': 0.00702}
  t=   3.65  cb_yield           L27-CB2 {'rot': 0.00688}
  t=   3.70  cb_yield           L27-CB0 {'rot': 0.00725}
  t=   3.70  cb_yield           L28-CB2 {'rot': 0.00679}
  t=   3.75  cb_yield           L28-CB0 {'rot': 0.00699}
  t=   4.15  cb_yield           L13-CB0 {'rot': 0.00618}
  t=   4.15  cb_yield           L14-CB0 {'rot': 0.00614}
  t=   4.20  cb_yield           L5-CB0 {'rot': 0.00638}
  t=   4.20  cb_yield           L6-CB0 {'rot': 0.00683}
  t=   4.20  cb_yield           L15-CB0 {'rot': 0.00645}
  t=   4.20  cb_yield           L16-CB0 {'rot': 0.0062}
  t=   4.25  cb_yield           L4-CB0 {'rot': 0.00701}
  t=   4.25  cb_yield           L4-CB1 {'rot': 0.00665}
  t=   4.25  cb_yield           L5-CB1 {'rot': 0.00733}
  t=   4.25  cb_yield           L5-CB2 {'rot': 0.00636}
  t=   4.25  cb_yield           L6-CB2 {'rot': 0.00659}
  t=   4.30  cb_yield           L3-CB0 {'rot': 0.00718}
  t=   4.30  cb_yield           L3-CB1 {'rot': 0.00679}
  t=   4.30  cb_yield           L3-CB2 {'rot': 0.00631}
  t=   4.30  cb_yield           L4-CB2 {'rot': 0.00715}
  t=   4.30  cb_yield           L4-CB3 {'rot': 0.00675}
  t=   4.30  cb_yield           L5-CB3 {'rot': 0.00723}
  t=   4.35  cb_yield           L2-CB0 {'rot': 0.0066}
  t=   4.35  cb_yield           L2-CB1 {'rot': 0.00625}
  t=   4.35  cb_yield           L3-CB3 {'rot': 0.00693}
  t=   4.40  cb_yield           L2-CB2 {'rot': 0.00665}
  t=   4.40  cb_yield           L2-CB3 {'rot': 0.00631}
  t=   5.05  cb_yield           L17-CB0 {'rot': 0.00672}
  t=   5.75  cb_yield           L14-CB2 {'rot': 0.00618}
  t=   5.80  cb_yield           L15-CB2 {'rot': 0.00615}
  t=   5.90  cb_yield           L16-CB2 {'rot': 0.00609}
  t=   8.05  cb_yield           L17-CB2 {'rot': 0.00701}
  t=   8.35  cb_yield           L1-CB1 {'rot': 0.00634}
  t=   8.35  cb_yield           L29-CB1 {'rot': 0.00663}
  t=   8.40  cb_yield           L1-CB0 {'rot': 0.00638}
  t=   8.40  cb_yield           L1-CB3 {'rot': 0.00628}
  t=   8.45  cb_yield           L1-CB2 {'rot': 0.00618}
  t=   8.45  cb_yield           L30-CB1 {'rot': 0.00667}
  t=   8.55  cb_yield           L31-CB1 {'rot': 0.00667}
  t=   8.65  cb_failure         L8-CB1 {'rot': 0.03024}
  t=   8.65  cb_failure         L9-CB1 {'rot': 0.03089}
  t=   8.65  cb_failure         L10-CB1 {'rot': 0.03109}
  t=   8.65  cb_failure         L11-CB1 {'rot': 0.03088}
  t=   8.65  cb_failure         L12-CB1 {'rot': 0.03031}
  t=   8.70  cb_failure         L13-CB1 {'rot': 0.03039}
  t=   8.75  cb_failure         L7-CB1 {'rot': 0.03044}
  t=   8.75  cb_failure         L9-CB0 {'rot': 0.03029}
  t=   8.75  cb_failure         L10-CB0 {'rot': 0.03049}
  t=   8.75  cb_failure         L11-CB0 {'rot': 0.03026}
  t=   8.80  cb_failure         L9-CB3 {'rot': 0.03014}
  t=   8.80  cb_failure         L10-CB3 {'rot': 0.03062}
  t=   8.80  cb_failure         L11-CB3 {'rot': 0.03065}
  t=   8.80  cb_failure         L12-CB0 {'rot': 0.03044}
  t=   8.80  cb_failure         L12-CB3 {'rot': 0.03028}
  t=   8.80  cb_failure         L14-CB1 {'rot': 0.03089}
  t=   8.85  cb_failure         L13-CB0 {'rot': 0.03029}
  t=   8.85  cb_failure         L13-CB3 {'rot': 0.03054}
  t=   8.85  cb_failure         L15-CB1 {'rot': 0.03023}
  t=   8.90  cb_failure         L14-CB3 {'rot': 0.03071}
  t=   8.95  cb_failure         L14-CB0 {'rot': 0.03074}
  t=   8.95  cb_failure         L15-CB3 {'rot': 0.03089}
  t=   8.95  cb_failure         L16-CB1 {'rot': 0.031}
  t=   9.00  cb_failure         L15-CB0 {'rot': 0.03033}
  t=   9.00  cb_failure         L16-CB3 {'rot': 0.03094}
  t=   9.05  cb_failure         L17-CB1 {'rot': 0.03068}
  t=   9.10  cb_failure         L17-CB3 {'rot': 0.03098}
  t=   9.15  cb_yield           L29-CB3 {'rot': 0.00668}
  t=   9.25  cb_yield           L30-CB3 {'rot': 0.00727}
  t=   9.25  cb_yield           L31-CB3 {'rot': 0.0067}
  t=   9.30  cb_yield           L32-CB3 {'rot': 0.00726}
  t=   9.30  cb_yield           L33-CB3 {'rot': 0.00707}
  t=   9.35  cb_yield           L29-CB2 {'rot': 0.00704}
  t=   9.40  cb_yield           L30-CB2 {'rot': 0.007}
  t=   9.45  cb_yield           L31-CB2 {'rot': 0.00667}
  t=   9.85  cb_failure         L8-CB3 {'rot': 0.03055}
  t=   9.90  cb_failure         L7-CB3 {'rot': 0.03095}
  t=   9.95  cb_failure         L8-CB2 {'rot': 0.03095}
  t=   9.95  cb_failure         L9-CB2 {'rot': 0.03161}
  t=   9.95  cb_failure         L10-CB2 {'rot': 0.03172}
  t=   9.95  cb_failure         L11-CB2 {'rot': 0.03135}
  t=   9.95  cb_failure         L12-CB2 {'rot': 0.0305}
  t=  10.00  cb_failure         L7-CB2 {'rot': 0.03048}
  t=  10.00  cb_failure         L8-CB0 {'rot': 0.03062}
  t=  10.00  cb_failure         L13-CB2 {'rot': 0.03087}
  progress t=  10.0s  max corner drift so far=0.0068  wall clock=339s
  t=  10.05  cb_failure         L14-CB2 {'rot': 0.03013}
  t=  10.20  cb_failure         L16-CB0 {'rot': 0.03107}
  t=  10.40  cb_yield           L32-CB1 {'rot': 0.0076}
  t=  10.40  cb_yield           L33-CB1 {'rot': 0.00742}
  t=  10.45  cb_yield           L29-CB0 {'rot': 0.00713}
  t=  10.45  cb_yield           L30-CB0 {'rot': 0.0066}
  t=  10.50  cb_yield           L31-CB0 {'rot': 0.00699}
  t=  10.50  cb_yield           L32-CB0 {'rot': 0.00667}
  t=  10.55  cb_yield           L33-CB0 {'rot': 0.00698}
  t=  10.90  cb_yield           L32-CB2 {'rot': 0.00718}
  t=  10.90  cb_yield           L33-CB2 {'rot': 0.00667}
  t=  11.75  cb_failure         L17-CB0 {'rot': 0.03135}
  t=  11.75  cb_failure         L18-CB0 {'rot': 0.03154}
  t=  11.75  cb_failure         L18-CB1 {'rot': 0.03241}
  t=  11.75  cb_failure         L19-CB0 {'rot': 0.03125}
  t=  11.75  cb_failure         L19-CB1 {'rot': 0.03206}
  t=  11.75  cb_failure         L20-CB1 {'rot': 0.0312}
  t=  11.80  cb_failure         L20-CB0 {'rot': 0.03315}
  t=  11.80  cb_failure         L21-CB0 {'rot': 0.03188}
  t=  11.80  cb_failure         L21-CB1 {'rot': 0.03331}
  t=  11.80  cb_failure         L22-CB1 {'rot': 0.03135}
  t=  11.85  cb_failure         L22-CB0 {'rot': 0.03253}
  t=  11.85  cb_failure         L23-CB1 {'rot': 0.0321}
  t=  11.90  cb_failure         L23-CB0 {'rot': 0.03226}
  t=  11.90  cb_failure         L24-CB1 {'rot': 0.03171}
  t=  11.95  cb_failure         L20-CB3 {'rot': 0.03073}
  t=  11.95  cb_failure         L24-CB0 {'rot': 0.03115}
  t=  12.00  cb_failure         L18-CB3 {'rot': 0.03099}
  t=  12.00  cb_failure         L19-CB3 {'rot': 0.03244}
  t=  12.00  cb_failure         L21-CB3 {'rot': 0.03296}
  t=  12.00  cb_failure         L22-CB3 {'rot': 0.03204}
  t=  12.00  cb_failure         L25-CB1 {'rot': 0.03267}
  t=  12.05  cb_failure         L20-CB2 {'rot': 0.03087}
  t=  12.05  cb_failure         L21-CB2 {'rot': 0.03105}
  t=  12.05  cb_failure         L23-CB3 {'rot': 0.03283}
  t=  12.05  cb_failure         L25-CB0 {'rot': 0.03105}
  t=  12.10  cb_failure         L19-CB2 {'rot': 0.03133}
  t=  12.10  cb_failure         L22-CB2 {'rot': 0.03266}
  t=  12.10  cb_failure         L23-CB2 {'rot': 0.0312}
  t=  12.10  cb_failure         L24-CB3 {'rot': 0.03287}
  t=  12.10  cb_failure         L26-CB1 {'rot': 0.03237}
  t=  12.15  cb_failure         L24-CB2 {'rot': 0.03164}
  t=  12.15  cb_failure         L25-CB3 {'rot': 0.0327}
  t=  12.15  cb_failure         L26-CB0 {'rot': 0.03118}
  t=  12.20  cb_failure         L25-CB2 {'rot': 0.03142}
  t=  12.20  cb_failure         L26-CB3 {'rot': 0.03242}
  t=  12.20  cb_failure         L27-CB1 {'rot': 0.03252}
  t=  12.25  cb_failure         L26-CB2 {'rot': 0.03071}
  t=  12.25  cb_failure         L27-CB3 {'rot': 0.03161}
  t=  12.30  cb_failure         L27-CB0 {'rot': 0.03074}
  t=  12.30  cb_failure         L28-CB1 {'rot': 0.03107}
  t=  12.35  cb_failure         L27-CB2 {'rot': 0.03093}
  t=  12.35  cb_failure         L28-CB3 {'rot': 0.03229}
  t=  12.45  cb_failure         L29-CB3 {'rot': 0.03111}
  t=  12.95  cb_failure         L6-CB0 {'rot': 0.03095}
  t=  12.95  cb_failure         L6-CB1 {'rot': 0.03052}
  t=  12.95  cb_failure         L7-CB0 {'rot': 0.03233}
  t=  13.00  cb_failure         L5-CB0 {'rot': 0.03088}
  t=  13.05  cb_failure         L5-CB1 {'rot': 0.0311}
  t=  13.05  cb_failure         L6-CB2 {'rot': 0.03098}
  t=  13.05  cb_failure         L6-CB3 {'rot': 0.03044}
  t=  13.10  cb_failure         L5-CB2 {'rot': 0.03033}
  t=  13.15  cb_failure         L5-CB3 {'rot': 0.0307}
  t=  13.20  cb_failure         L15-CB2 {'rot': 0.03253}
  t=  13.25  cb_failure         L16-CB2 {'rot': 0.03121}
  t=  13.55  cb_failure         L4-CB0 {'rot': 0.03011}
  t=  13.60  cb_failure         L4-CB2 {'rot': 0.0302}
  t=  14.05  cb_failure         L17-CB2 {'rot': 0.03087}
  t=  14.05  cb_failure         L18-CB2 {'rot': 0.0306}
  t=  15.60  cb_failure         L30-CB3 {'rot': 0.03151}
  t=  15.60  cb_failure         L31-CB3 {'rot': 0.03062}
  t=  15.65  cb_failure         L32-CB3 {'rot': 0.03421}
  t=  15.65  cb_failure         L33-CB3 {'rot': 0.03282}
  t=  15.85  cb_failure         L29-CB1 {'rot': 0.03211}
  t=  15.85  cb_failure         L30-CB1 {'rot': 0.03063}
  t=  15.90  cb_failure         L31-CB1 {'rot': 0.03139}
  t=  15.90  cb_failure         L32-CB1 {'rot': 0.03059}
  t=  15.95  cb_failure         L33-CB1 {'rot': 0.03071}
  t=  17.55  cb_failure         L4-CB1 {'rot': 0.03028}
  t=  17.65  cb_failure         L3-CB1 {'rot': 0.03163}
  t=  17.80  cb_failure         L2-CB1 {'rot': 0.0304}
  t= 18.660  solver fallback: NewtonLineSearch
  t=  18.70  punching           L1-corecL24 {'drift': np.float64(0.0039), 'vg_vc': 0.928, 'conn': 'wall'}
  t=  18.70  punching           L1-corecR24 {'drift': np.float64(0.0042), 'vg_vc': 2.213, 'conn': 'wall'}
  t=  18.70  punching           L1-corecF24 {'drift': np.float64(0.0038), 'vg_vc': 1.986, 'conn': 'wall'}
  t=  18.70  punching           L2-corecR24 {'drift': np.float64(0.0047), 'vg_vc': 1.525, 'conn': 'wall'}
  t=  18.70  punching           L2-corecF24 {'drift': np.float64(0.0044), 'vg_vc': 1.572, 'conn': 'wall'}
  t=  18.70  punching           L3-corecR24 {'drift': np.float64(0.0053), 'vg_vc': 1.121, 'conn': 'wall'}
  t=  18.70  punching           L3-corecF24 {'drift': np.float64(0.0053), 'vg_vc': 1.232, 'conn': 'wall'}
  t=  18.70  punching           L4-corecR24 {'drift': np.float64(0.0063), 'vg_vc': 0.834, 'conn': 'wall'}
  t=  18.70  punching           L4-corecF24 {'drift': np.float64(0.0063), 'vg_vc': 0.977, 'conn': 'wall'}
  t=  18.70  punching           L5-corecF24 {'drift': np.float64(0.007), 'vg_vc': 0.785, 'conn': 'wall'}
  t=  18.71  wall_axial_failure S1-R {'gamma': 0.0011, 'eps': -0.00647, 'cause': 'crushing'}
  t=  18.75  punching           L1-corecF14 {'drift': np.float64(0.0037), 'vg_vc': 1.376, 'conn': 'wall'}
  t=  18.75  punching           L2-corecL24 {'drift': np.float64(0.0045), 'vg_vc': 1.142, 'conn': 'wall'}
  t=  18.75  punching           L3-corecL24 {'drift': np.float64(0.0052), 'vg_vc': 0.84, 'conn': 'wall'}
  t=  18.75  punching           L5-corecR24 {'drift': np.float64(0.007), 'vg_vc': 1.179, 'conn': 'wall'}
  t=  18.75  punching           L6-corecR24 {'drift': np.float64(0.0075), 'vg_vc': 0.727, 'conn': 'wall'}
  t=  18.75  punching           L6-corecF24 {'drift': np.float64(0.0075), 'vg_vc': 0.78, 'conn': 'wall'}
  t=  18.75  cb_failure         L1-CB2 {'rot': 0.04302}
  t=  18.75  cb_failure         L2-CB2 {'rot': 0.04134}
  t=  18.75  cb_failure         L3-CB2 {'rot': 0.04028}
