  t=   4.75  cb_yield           L5-CB0 {'rot': 0.00438}
  t=   4.75  cb_yield           L6-CB0 {'rot': 0.00455}
  t=   4.75  cb_yield           L6-CB1 {'rot': 0.00431}
  t=   4.75  cb_yield           L7-CB0 {'rot': 0.00458}
  t=   4.75  cb_yield           L7-CB1 {'rot': 0.00432}
  t=   4.75  cb_yield           L8-CB0 {'rot': 0.0045}
  t=   4.75  cb_yield           L8-CB1 {'rot': 0.00422}
  t=   4.75  cb_yield           L9-CB0 {'rot': 0.00435}
  t=   4.88  cb_yield           L4-CB0 {'rot': 0.00459}
  t=   4.88  cb_yield           L4-CB1 {'rot': 0.0044}
  t=   4.88  cb_yield           L5-CB1 {'rot': 0.00471}
  t=   4.88  cb_yield           L9-CB1 {'rot': 0.00425}
  t=   4.88  cb_yield           L10-CB0 {'rot': 0.00426}
  t=   6.63  cb_yield           L6-CB2 {'rot': 0.00423}
  t=   6.63  cb_yield           L7-CB2 {'rot': 0.00421}
  t=   7.50  cb_yield           L10-CB1 {'rot': 0.00432}
  t=   7.63  cb_yield           L3-CB1 {'rot': 0.00426}
  t=   7.63  cb_yield           L11-CB0 {'rot': 0.00436}
  t=   7.63  cb_yield           L11-CB1 {'rot': 0.00484}
  t=   7.63  cb_yield           L12-CB1 {'rot': 0.00454}
  t=   7.63  cb_yield           L13-CB1 {'rot': 0.00421}
  t=   7.75  cb_yield           L3-CB0 {'rot': 0.00476}
  t=   7.75  cb_yield           L3-CB3 {'rot': 0.00424}
  t=   7.75  cb_yield           L4-CB2 {'rot': 0.00452}
  t=   7.75  cb_yield           L4-CB3 {'rot': 0.00476}
  t=   7.75  cb_yield           L5-CB2 {'rot': 0.00475}
  t=   7.75  cb_yield           L5-CB3 {'rot': 0.00503}
  t=   7.75  cb_yield           L6-CB3 {'rot': 0.00506}
  t=   7.75  cb_yield           L7-CB3 {'rot': 0.0049}
  t=   7.75  cb_yield           L8-CB2 {'rot': 0.00425}
  t=   7.75  cb_yield           L8-CB3 {'rot': 0.0046}
  t=   7.75  cb_yield           L12-CB0 {'rot': 0.0045}
  t=   7.88  cb_yield           L2-CB1 {'rot': 0.00425}
  t=   7.88  cb_yield           L3-CB2 {'rot': 0.00456}
  t=   7.88  cb_yield           L9-CB2 {'rot': 0.00435}
  t=   7.88  cb_yield           L9-CB3 {'rot': 0.0048}
  t=   7.88  cb_yield           L10-CB3 {'rot': 0.00424}
  t=   7.88  cb_yield           L13-CB0 {'rot': 0.00442}
  t=   7.88  cb_yield           L14-CB1 {'rot': 0.00456}
  t=   8.00  cb_yield           L14-CB0 {'rot': 0.00447}
  t=   8.00  cb_yield           L15-CB1 {'rot': 0.00478}
  t=   8.00  cb_yield           L16-CB1 {'rot': 0.0044}
  t=   8.13  cb_yield           L10-CB2 {'rot': 0.00469}
  t=   8.13  cb_yield           L11-CB2 {'rot': 0.00428}
  t=   8.13  cb_yield           L11-CB3 {'rot': 0.00495}
  t=   8.13  cb_yield           L12-CB3 {'rot': 0.00454}
  t=   8.13  cb_yield           L15-CB0 {'rot': 0.00493}
  t=   8.13  cb_yield           L16-CB0 {'rot': 0.00461}
  t=   8.13  cb_yield           L17-CB1 {'rot': 0.00513}
  t=   8.13  cb_yield           L18-CB1 {'rot': 0.00483}
  t=   8.25  cb_yield           L12-CB2 {'rot': 0.00474}
  t=   8.25  cb_yield           L13-CB2 {'rot': 0.00448}
  t=   8.25  cb_yield           L13-CB3 {'rot': 0.0054}
  t=   8.25  cb_yield           L14-CB3 {'rot': 0.00515}
  t=   8.25  cb_yield           L15-CB3 {'rot': 0.00487}
  t=   8.25  cb_yield           L16-CB3 {'rot': 0.00459}
  t=   8.25  cb_yield           L17-CB0 {'rot': 0.00547}
  t=   8.25  cb_yield           L18-CB0 {'rot': 0.0052}
  t=   8.25  cb_yield           L19-CB0 {'rot': 0.00493}
  t=   8.25  cb_yield           L19-CB1 {'rot': 0.00607}
  t=   8.25  cb_yield           L20-CB0 {'rot': 0.00466}
  t=   8.25  cb_yield           L20-CB1 {'rot': 0.00582}
  t=   8.25  cb_yield           L21-CB1 {'rot': 0.00555}
  t=   8.25  cb_yield           L22-CB1 {'rot': 0.00528}
  t=   8.25  cb_yield           L23-CB1 {'rot': 0.005}
  t=   8.25  cb_yield           L24-CB1 {'rot': 0.00472}
  t=   8.38  cb_yield           L14-CB2 {'rot': 0.00547}
  t=   8.38  cb_yield           L15-CB2 {'rot': 0.00532}
  t=   8.38  cb_yield           L16-CB2 {'rot': 0.00512}
  t=   8.38  cb_yield           L17-CB2 {'rot': 0.0048}
  t=   8.38  cb_yield           L17-CB3 {'rot': 0.00611}
  t=   8.38  cb_yield           L18-CB3 {'rot': 0.00579}
  t=   8.38  cb_yield           L19-CB3 {'rot': 0.00542}
  t=   8.38  cb_yield           L20-CB3 {'rot': 0.00502}
  t=   8.38  cb_yield           L21-CB0 {'rot': 0.00556}
  t=   8.38  cb_yield           L22-CB0 {'rot': 0.00521}
  t=   8.38  cb_yield           L23-CB0 {'rot': 0.00486}
  t=   8.38  cb_yield           L25-CB1 {'rot': 0.00559}
  t=   8.38  cb_yield           L26-CB1 {'rot': 0.00524}
  t=   8.38  cb_yield           L27-CB1 {'rot': 0.0049}
  t=   8.50  cb_yield           L18-CB2 {'rot': 0.0058}
  t=   8.50  cb_yield           L19-CB2 {'rot': 0.00545}
  t=   8.50  cb_yield           L20-CB2 {'rot': 0.00505}
  t=   8.50  cb_yield           L21-CB3 {'rot': 0.00642}
  t=   8.50  cb_yield           L22-CB3 {'rot': 0.00595}
  t=   8.50  cb_yield           L23-CB3 {'rot': 0.00545}
  t=   8.50  cb_yield           L24-CB0 {'rot': 0.00525}
  t=   8.50  cb_yield           L24-CB3 {'rot': 0.00494}
  t=   8.50  cb_yield           L25-CB0 {'rot': 0.00481}
  t=   8.50  cb_yield           L28-CB1 {'rot': 0.00531}
  t=   8.50  cb_yield           L29-CB1 {'rot': 0.00491}
  t=   8.63  cb_yield           L21-CB2 {'rot': 0.00596}
  t=   8.63  cb_yield           L22-CB2 {'rot': 0.0055}
  t=   8.63  cb_yield           L23-CB2 {'rot': 0.005}
  t=   8.63  cb_yield           L25-CB3 {'rot': 0.00619}
  t=   8.63  cb_yield           L26-CB3 {'rot': 0.00564}
  t=   8.63  cb_yield           L27-CB3 {'rot': 0.0051}
  t=   8.63  cb_yield           L30-CB1 {'rot': 0.00478}
  t=   8.75  cb_yield           L24-CB2 {'rot': 0.00566}
  t=   8.75  cb_yield           L25-CB2 {'rot': 0.00509}
  t=   8.75  cb_yield           L28-CB3 {'rot': 0.00617}
  t=   8.75  cb_yield           L29-CB3 {'rot': 0.00561}
  t=   8.75  cb_yield           L30-CB3 {'rot': 0.00508}
  t=   8.88  cb_yield           L26-CB2 {'rot': 0.00529}
  t=   8.88  cb_yield           L27-CB2 {'rot': 0.00465}
  t=   8.88  cb_yield           L31-CB3 {'rot': 0.0056}
  t=   8.88  cb_yield           L32-CB3 {'rot': 0.00523}
  t=   8.88  cb_yield           L33-CB3 {'rot': 0.00501}
  t=   9.63  cb_yield           L2-CB0 {'rot': 0.00438}
  t=   9.63  cb_yield           L2-CB3 {'rot': 0.00466}
  t=   9.75  cb_yield           L2-CB2 {'rot': 0.00493}
  progress t=  10.0s  max corner drift so far=0.0026  wall clock=160s
  t=  10.50  cb_yield           L26-CB0 {'rot': 0.00484}
  t=  10.50  cb_yield           L31-CB1 {'rot': 0.00593}
  t=  10.50  cb_yield           L32-CB1 {'rot': 0.00577}
  t=  10.50  cb_yield           L33-CB1 {'rot': 0.00566}
  t=  10.63  cb_yield           L27-CB0 {'rot': 0.00555}
  t=  10.63  cb_yield           L28-CB0 {'rot': 0.00518}
  t=  10.63  cb_yield           L29-CB0 {'rot': 0.0048}
  t=  10.88  cb_yield           L28-CB2 {'rot': 0.00475}
  t=  11.00  cb_yield           L29-CB2 {'rot': 0.0048}
  t=  11.88  cb_yield           L30-CB0 {'rot': 0.00511}
  t=  12.00  cb_yield           L31-CB0 {'rot': 0.00499}
  t=  12.13  cb_yield           L32-CB0 {'rot': 0.00482}
  t=  12.25  cb_yield           L30-CB2 {'rot': 0.00541}
  t=  12.38  cb_yield           L31-CB2 {'rot': 0.00508}
  t=  12.88  cb_yield           L1-CB0 {'rot': 0.00444}
  t=  13.00  cb_yield           L1-CB1 {'rot': 0.0044}
  t=  13.00  cb_yield           L1-CB2 {'rot': 0.00436}
  t=  13.13  cb_yield           L1-CB3 {'rot': 0.00421}
  t=  13.13  cb_yield           L32-CB2 {'rot': 0.00564}
  t=  13.13  cb_yield           L33-CB2 {'rot': 0.00549}
  t=  15.25  cb_failure         L20-CB3 {'rot': 0.01924}
  t=  15.25  cb_failure         L21-CB3 {'rot': 0.0203}
  t=  15.25  cb_failure         L22-CB3 {'rot': 0.02111}
  t=  15.25  cb_failure         L23-CB3 {'rot': 0.02165}
  t=  15.25  cb_failure         L24-CB3 {'rot': 0.0219}
  t=  15.25  cb_failure         L25-CB3 {'rot': 0.02187}
  t=  15.25  cb_failure         L26-CB3 {'rot': 0.02162}
  t=  15.25  cb_failure         L27-CB3 {'rot': 0.02119}
  t=  15.25  cb_failure         L28-CB3 {'rot': 0.02063}
  t=  15.25  cb_failure         L29-CB3 {'rot': 0.01997}
  t=  15.25  cb_failure         L30-CB3 {'rot': 0.01929}
  t=  15.25  cb_failure         L31-CB3 {'rot': 0.01872}
  t=  15.38  cb_failure         L18-CB3 {'rot': 0.01939}
  t=  15.38  cb_failure         L19-CB3 {'rot': 0.02121}
  t=  15.38  cb_failure         L22-CB1 {'rot': 0.01863}
  t=  15.38  cb_failure         L23-CB1 {'rot': 0.01863}
  t=  15.38  cb_failure         L32-CB3 {'rot': 0.02264}
  t=  15.38  cb_failure         L33-CB3 {'rot': 0.02242}
  t=  15.50  cb_failure         L16-CB3 {'rot': 0.01836}
  t=  15.50  cb_failure         L17-CB3 {'rot': 0.02055}
  t=  15.50  cb_failure         L18-CB1 {'rot': 0.01917}
  t=  15.50  cb_failure         L19-CB1 {'rot': 0.02025}
  t=  15.50  cb_failure         L20-CB1 {'rot': 0.02114}
  t=  15.50  cb_failure         L21-CB1 {'rot': 0.02181}
  t=  15.50  cb_failure         L24-CB1 {'rot': 0.02242}
  t=  15.50  cb_failure         L25-CB1 {'rot': 0.02225}
  t=  15.50  cb_failure         L26-CB1 {'rot': 0.02194}
  t=  15.50  cb_failure         L27-CB1 {'rot': 0.0215}
  t=  15.50  cb_failure         L28-CB1 {'rot': 0.02096}
  t=  15.50  cb_failure         L29-CB1 {'rot': 0.02032}
  t=  15.50  cb_failure         L30-CB1 {'rot': 0.01963}
  t=  15.50  cb_failure         L31-CB1 {'rot': 0.01902}
  t=  15.63  cb_failure         L17-CB1 {'rot': 0.01898}
  t=  15.63  cb_failure         L22-CB2 {'rot': 0.01889}
  t=  15.63  cb_failure         L23-CB2 {'rot': 0.0193}
  t=  15.63  cb_failure         L24-CB2 {'rot': 0.01954}
  t=  15.63  cb_failure         L25-CB2 {'rot': 0.01963}
  t=  15.63  cb_failure         L26-CB2 {'rot': 0.0196}
  t=  15.63  cb_failure         L27-CB2 {'rot': 0.01942}
  t=  15.63  cb_failure         L28-CB2 {'rot': 0.01913}
  t=  15.63  cb_failure         L29-CB2 {'rot': 0.01867}
  t=  15.63  cb_failure         L32-CB1 {'rot': 0.02127}
  t=  15.63  cb_yield           L33-CB0 {'rot': 0.00937}
  t=  15.63  cb_failure         L33-CB1 {'rot': 0.02107}
  t=  15.75  cb_failure         L16-CB1 {'rot': 0.01837}
  t=  15.75  cb_failure         L20-CB2 {'rot': 0.01915}
  t=  15.75  cb_failure         L21-CB2 {'rot': 0.02}
  t=  15.75  cb_failure         L30-CB2 {'rot': 0.01927}
  t=  15.75  cb_failure         L31-CB2 {'rot': 0.01879}
  t=  15.88  cb_failure         L15-CB1 {'rot': 0.01851}
  t=  15.88  cb_failure         L22-CB0 {'rot': 0.01884}
  t=  15.88  cb_failure         L23-CB0 {'rot': 0.01908}
  t=  15.88  cb_failure         L24-CB0 {'rot': 0.01913}
  t=  15.88  cb_failure         L25-CB0 {'rot': 0.019}
  t=  15.88  cb_failure         L26-CB0 {'rot': 0.01871}
  t=  16.00  cb_failure         L14-CB1 {'rot': 0.01918}
  t=  16.00  cb_failure         L18-CB0 {'rot': 0.01868}
  t=  16.00  cb_failure         L19-CB0 {'rot': 0.01941}
  t=  16.00  cb_failure         L20-CB0 {'rot': 0.01996}
  t=  16.00  cb_failure         L21-CB0 {'rot': 0.02034}
  t=  16.00  cb_failure         L27-CB0 {'rot': 0.01953}
  t=  16.00  cb_failure         L28-CB0 {'rot': 0.01905}
  t=  16.13  cb_failure         L13-CB1 {'rot': 0.01913}
  t=  16.13  cb_failure         L16-CB0 {'rot': 0.01865}
  t=  16.13  cb_failure         L17-CB0 {'rot': 0.01984}
  t=  16.13  cb_failure         L29-CB0 {'rot': 0.01935}
  t=  16.13  cb_failure         L30-CB0 {'rot': 0.01893}
  t=  16.25  cb_failure         L11-CB1 {'rot': 0.01828}
  t=  16.25  cb_failure         L12-CB1 {'rot': 0.01978}
  t=  16.25  cb_failure         L14-CB0 {'rot': 0.01831}
  t=  16.25  cb_failure         L15-CB0 {'rot': 0.01923}
  t=  16.38  cb_failure         L13-CB0 {'rot': 0.01886}
  t=  16.50  cb_failure         L10-CB1 {'rot': 0.01847}
  t=  16.50  cb_failure         L12-CB0 {'rot': 0.0184}
  t=  16.50  cb_failure         L31-CB0 {'rot': 0.01905}
  t=  16.50  cb_failure         L32-CB0 {'rot': 0.01889}
  t=  16.50  cb_failure         L33-CB0 {'rot': 0.01883}
  t=  16.75  cb_failure         L9-CB1 {'rot': 0.01928}
  t=  16.75  cb_failure         L10-CB0 {'rot': 0.01845}
  t=  16.75  cb_failure         L11-CB0 {'rot': 0.01916}
  t=  16.88  cb_failure         L8-CB1 {'rot': 0.0184}
  t=  16.88  cb_failure         L9-CB0 {'rot': 0.0185}
  progress t=  20.0s  max corner drift so far=0.0070  wall clock=323s
  t=  26.62  cb_failure         L15-CB3 {'rot': 0.01821}
  t=  26.75  cb_failure         L14-CB3 {'rot': 0.01842}
  t=  27.25  cb_failure         L32-CB2 {'rot': 0.01928}
  t=  27.25  cb_failure         L33-CB2 {'rot': 0.0192}
  t=  27.62  cb_failure         L13-CB3 {'rot': 0.01841}
  t=  27.75  cb_failure         L12-CB3 {'rot': 0.01883}
  t=  27.75  cb_failure         L15-CB2 {'rot': 0.01841}
  t=  27.75  cb_failure         L16-CB2 {'rot': 0.01866}
  t=  27.75  cb_failure         L17-CB2 {'rot': 0.01868}
  t=  27.87  cb_failure         L14-CB2 {'rot': 0.01881}
  t=  27.87  cb_failure         L18-CB2 {'rot': 0.02062}
  t=  27.87  cb_failure         L19-CB2 {'rot': 0.02023}
  progress t=  30.0s  max corner drift so far=0.0070  wall clock=482s
  progress t=  40.0s  max corner drift so far=0.0070  wall clock=644s
  t=  42.50  cb_failure         L11-CB3 {'rot': 0.01886}
  t=  42.62  cb_failure         L10-CB3 {'rot': 0.01838}
  t=  42.62  cb_failure         L13-CB2 {'rot': 0.01826}
  t=  42.87  cb_failure         L9-CB3 {'rot': 0.01846}
  t=  43.00  cb_failure         L12-CB2 {'rot': 0.0182}
  t=  43.25  cb_failure         L8-CB3 {'rot': 0.01861}
  t=  43.25  cb_failure         L9-CB2 {'rot': 0.01833}
  t=  43.25  cb_failure         L10-CB2 {'rot': 0.01839}
  t=  43.25  cb_failure         L11-CB2 {'rot': 0.01835}
  t=  43.37  cb_failure         L6-CB2 {'rot': 0.01827}
  t=  43.37  cb_failure         L7-CB2 {'rot': 0.01914}
  t=  43.37  cb_failure         L7-CB3 {'rot': 0.01918}
  t=  43.37  cb_failure         L8-CB2 {'rot': 0.01954}
  t=  49.00  cb_failure         L7-CB0 {'rot': 0.01867}
  t=  49.00  cb_failure         L7-CB1 {'rot': 0.01872}
  t=  49.00  cb_failure         L8-CB0 {'rot': 0.01938}
  t=  49.12  cb_failure         L6-CB0 {'rot': 0.01831}
  t=  49.12  cb_failure         L6-CB1 {'rot': 0.01888}
  progress t=  50.0s  max corner drift so far=0.0070  wall clock=798s
  t=  51.12  cb_failure         L6-CB3 {'rot': 0.01934}
  t=  51.25  cb_failure         L4-CB3 {'rot': 0.01897}
  t=  51.25  cb_failure         L5-CB1 {'rot': 0.01968}
  t=  51.25  cb_failure         L5-CB2 {'rot': 0.01965}
  t=  51.25  cb_failure         L5-CB3 {'rot': 0.02143}
  t=  51.37  cb_failure         L3-CB3 {'rot': 0.01826}
  t=  51.37  cb_failure         L4-CB0 {'rot': 0.0191}
  t=  51.37  cb_failure         L4-CB1 {'rot': 0.02091}
  t=  51.37  cb_failure         L4-CB2 {'rot': 0.02029}
  t=  51.37  cb_failure         L5-CB0 {'rot': 0.02102}
  t=  51.50  cb_failure         L3-CB1 {'rot': 0.01916}
  t=  51.50  cb_failure         L3-CB2 {'rot': 0.01862}
  progress t=  60.0s  max corner drift so far=0.0100  wall clock=957s
  progress t=  70.0s  max corner drift so far=0.0121  wall clock=1125s
  progress t=  80.0s  max corner drift so far=0.0121  wall clock=1288s
  progress t=  90.0s  max corner drift so far=0.0121  wall clock=1449s
  progress t= 100.0s  max corner drift so far=0.0121  wall clock=1606s
