  t=   6.00  cb_yield           L7-CB2 {'rot': 0.00589}
  t=   6.00  cb_yield           L8-CB2 {'rot': 0.00611}
  t=   6.00  cb_yield           L9-CB2 {'rot': 0.00626}
  t=   6.00  cb_yield           L9-CB3 {'rot': 0.00596}
  t=   6.00  cb_yield           L10-CB2 {'rot': 0.00635}
  t=   6.00  cb_yield           L10-CB3 {'rot': 0.00603}
  t=   6.00  cb_yield           L11-CB2 {'rot': 0.00639}
  t=   6.00  cb_yield           L11-CB3 {'rot': 0.00605}
  t=   6.00  cb_yield           L12-CB2 {'rot': 0.00639}
  t=   6.00  cb_yield           L12-CB3 {'rot': 0.00604}
  t=   6.00  cb_yield           L13-CB2 {'rot': 0.00636}
  t=   6.00  cb_yield           L13-CB3 {'rot': 0.00599}
  t=   6.00  cb_yield           L14-CB2 {'rot': 0.00628}
  t=   6.00  cb_yield           L14-CB3 {'rot': 0.00591}
  t=   6.00  cb_yield           L15-CB2 {'rot': 0.00618}
  t=   6.00  cb_yield           L16-CB2 {'rot': 0.00605}
  t=   6.13  cb_yield           L5-CB2 {'rot': 0.00603}
  t=   6.13  cb_yield           L6-CB0 {'rot': 0.0062}
  t=   6.13  cb_yield           L6-CB1 {'rot': 0.00591}
  t=   6.13  cb_yield           L6-CB2 {'rot': 0.00647}
  t=   6.13  cb_yield           L6-CB3 {'rot': 0.00617}
  t=   6.13  cb_yield           L7-CB0 {'rot': 0.00638}
  t=   6.13  cb_yield           L7-CB1 {'rot': 0.00605}
  t=   6.13  cb_yield           L7-CB3 {'rot': 0.00647}
  t=   6.13  cb_yield           L8-CB0 {'rot': 0.00643}
  t=   6.13  cb_yield           L8-CB1 {'rot': 0.00607}
  t=   6.13  cb_yield           L8-CB3 {'rot': 0.00666}
  t=   6.13  cb_yield           L9-CB0 {'rot': 0.00639}
  t=   6.13  cb_yield           L9-CB1 {'rot': 0.006}
  t=   6.13  cb_yield           L10-CB0 {'rot': 0.00627}
  t=   6.13  cb_yield           L11-CB0 {'rot': 0.00608}
  t=   6.13  cb_yield           L15-CB3 {'rot': 0.00627}
  t=   6.13  cb_yield           L16-CB3 {'rot': 0.00605}
  t=   6.25  cb_yield           L4-CB2 {'rot': 0.00601}
  t=   6.25  cb_yield           L5-CB0 {'rot': 0.00644}
  t=   6.25  cb_yield           L5-CB1 {'rot': 0.00619}
  t=   6.25  cb_yield           L5-CB3 {'rot': 0.00641}
  t=   6.25  cb_yield           L10-CB1 {'rot': 0.00623}
  t=   6.25  cb_yield           L12-CB0 {'rot': 0.00596}
  t=   6.38  cb_yield           L4-CB0 {'rot': 0.00595}
  t=   6.38  cb_yield           L4-CB3 {'rot': 0.00602}
  t=   6.38  cb_yield           L11-CB1 {'rot': 0.00592}
  t=   6.50  cb_yield           L17-CB2 {'rot': 0.00662}
  t=   6.63  cb_yield           L3-CB2 {'rot': 0.00592}
  t=   6.75  cb_yield           L3-CB3 {'rot': 0.00602}
  t=   9.50  cb_yield           L12-CB1 {'rot': 0.0061}
  t=   9.50  cb_yield           L13-CB1 {'rot': 0.00643}
  t=   9.50  cb_yield           L14-CB0 {'rot': 0.00594}
  t=   9.50  cb_yield           L14-CB1 {'rot': 0.00673}
  t=   9.50  cb_yield           L15-CB0 {'rot': 0.00614}
  t=   9.50  cb_yield           L15-CB1 {'rot': 0.00699}
  t=   9.50  cb_yield           L16-CB0 {'rot': 0.0063}
  t=   9.50  cb_yield           L16-CB1 {'rot': 0.00719}
  t=   9.50  cb_yield           L17-CB1 {'rot': 0.00737}
  t=   9.50  cb_yield           L18-CB1 {'rot': 0.00746}
  t=   9.50  cb_yield           L19-CB1 {'rot': 0.00745}
  t=   9.50  cb_yield           L20-CB1 {'rot': 0.00735}
  t=   9.50  cb_yield           L21-CB1 {'rot': 0.00716}
  t=   9.50  cb_yield           L22-CB1 {'rot': 0.00691}
  t=   9.50  cb_yield           L23-CB1 {'rot': 0.00659}
  t=   9.63  cb_yield           L13-CB0 {'rot': 0.00655}
  t=   9.63  cb_yield           L17-CB0 {'rot': 0.00754}
  t=   9.63  cb_yield           L18-CB0 {'rot': 0.00761}
  t=   9.63  cb_yield           L19-CB0 {'rot': 0.00758}
  t=   9.63  cb_yield           L20-CB0 {'rot': 0.00743}
  t=   9.63  cb_yield           L21-CB0 {'rot': 0.00719}
  t=   9.63  cb_yield           L22-CB0 {'rot': 0.00686}
  t=   9.63  cb_yield           L24-CB1 {'rot': 0.00723}
  t=   9.63  cb_yield           L25-CB1 {'rot': 0.00678}
  t=   9.75  cb_yield           L23-CB0 {'rot': 0.00675}
  t=   9.75  cb_yield           L26-CB1 {'rot': 0.00708}
  t=   9.75  cb_yield           L27-CB1 {'rot': 0.00675}
  t=   9.88  cb_yield           L2-CB3 {'rot': 0.00629}
  t=   9.88  cb_yield           L3-CB0 {'rot': 0.00596}
  t=   9.88  cb_yield           L3-CB1 {'rot': 0.00596}
  t=   9.88  cb_yield           L4-CB1 {'rot': 0.00704}
  t=   9.88  cb_yield           L28-CB1 {'rot': 0.0067}
  t=  10.00  cb_yield           L2-CB2 {'rot': 0.00728}
  progress t=  10.0s  max corner drift so far=0.0036  wall clock=150s
  t=  10.13  cb_yield           L1-CB3 {'rot': 0.00591}
  t=  10.13  cb_yield           L2-CB0 {'rot': 0.00658}
  t=  10.13  cb_yield           L2-CB1 {'rot': 0.00681}
  t=  10.25  cb_yield           L17-CB3 {'rot': 0.00731}
  t=  10.38  cb_failure         L7-CB1 {'rot': 0.02089}
  t=  10.38  cb_yield           L18-CB3 {'rot': 0.00808}
  t=  10.38  cb_yield           L19-CB3 {'rot': 0.00713}
  t=  10.50  cb_yield           L18-CB2 {'rot': 0.00827}
  t=  10.50  cb_yield           L19-CB2 {'rot': 0.00703}
  t=  10.50  cb_yield           L20-CB3 {'rot': 0.00823}
  t=  10.50  cb_yield           L21-CB3 {'rot': 0.00732}
  t=  10.50  cb_yield           L22-CB3 {'rot': 0.00655}
  t=  10.63  cb_failure         L9-CB3 {'rot': 0.02004}
  t=  10.63  cb_failure         L10-CB3 {'rot': 0.02059}
  t=  10.63  cb_failure         L11-CB3 {'rot': 0.02078}
  t=  10.63  cb_failure         L12-CB3 {'rot': 0.02061}
  t=  10.63  cb_failure         L13-CB3 {'rot': 0.02004}
  t=  10.63  cb_yield           L20-CB2 {'rot': 0.00868}
  t=  10.63  cb_yield           L21-CB2 {'rot': 0.00765}
  t=  10.63  cb_yield           L22-CB2 {'rot': 0.00673}
  t=  10.63  cb_yield           L23-CB3 {'rot': 0.00827}
  t=  10.63  cb_yield           L24-CB3 {'rot': 0.00753}
  t=  10.63  cb_yield           L25-CB3 {'rot': 0.00688}
  t=  10.75  cb_failure         L14-CB3 {'rot': 0.02079}
  t=  10.75  cb_failure         L15-CB3 {'rot': 0.0202}
  t=  10.75  cb_yield           L23-CB2 {'rot': 0.00864}
  t=  10.75  cb_yield           L24-CB2 {'rot': 0.00764}
  t=  10.75  cb_yield           L25-CB2 {'rot': 0.00675}
  t=  10.75  cb_yield           L26-CB3 {'rot': 0.00833}
  t=  10.75  cb_yield           L27-CB3 {'rot': 0.00757}
  t=  10.75  cb_yield           L28-CB3 {'rot': 0.00692}
  t=  10.88  cb_failure         L16-CB3 {'rot': 0.02076}
  t=  10.88  cb_failure         L18-CB2 {'rot': 0.02277}
  t=  10.88  cb_yield           L26-CB2 {'rot': 0.00786}
  t=  10.88  cb_yield           L27-CB2 {'rot': 0.00692}
  t=  10.88  cb_yield           L29-CB3 {'rot': 0.00796}
  t=  10.88  cb_yield           L30-CB3 {'rot': 0.00744}
  t=  10.88  cb_yield           L31-CB3 {'rot': 0.00707}
  t=  10.88  cb_yield           L32-CB3 {'rot': 0.00684}
  t=  10.88  cb_yield           L33-CB3 {'rot': 0.00671}
  t=  11.00  cb_failure         L17-CB3 {'rot': 0.02067}
  t=  11.00  cb_yield           L28-CB2 {'rot': 0.00839}
  t=  11.00  cb_yield           L29-CB2 {'rot': 0.00755}
  t=  11.00  cb_yield           L30-CB2 {'rot': 0.00689}
  t=  11.13  cb_yield           L31-CB2 {'rot': 0.00982}
  t=  11.13  cb_yield           L32-CB2 {'rot': 0.00945}
  t=  11.13  cb_yield           L33-CB2 {'rot': 0.00927}
  t=  11.38  cb_failure         L24-CB3 {'rot': 0.02064}
  t=  11.38  cb_failure         L25-CB3 {'rot': 0.02072}
  t=  11.38  cb_failure         L26-CB3 {'rot': 0.02072}
  t=  11.38  cb_failure         L27-CB3 {'rot': 0.02063}
  t=  11.63  cb_failure         L7-CB3 {'rot': 0.02014}
  t=  11.63  cb_failure         L8-CB2 {'rot': 0.02052}
  t=  11.63  cb_failure         L8-CB3 {'rot': 0.02112}
  t=  11.63  cb_failure         L9-CB2 {'rot': 0.0211}
  t=  11.63  cb_failure         L10-CB2 {'rot': 0.02127}
  t=  11.63  cb_failure         L11-CB2 {'rot': 0.02117}
  t=  11.63  cb_failure         L12-CB2 {'rot': 0.02087}
  t=  11.63  cb_failure         L13-CB2 {'rot': 0.02039}
  t=  11.75  cb_failure         L7-CB2 {'rot': 0.02048}
  t=  11.75  cb_failure         L14-CB2 {'rot': 0.02147}
  t=  11.75  cb_failure         L15-CB2 {'rot': 0.02069}
  t=  11.88  cb_failure         L16-CB2 {'rot': 0.02059}
  t=  14.38  cb_yield           L29-CB1 {'rot': 0.00689}
  t=  14.38  cb_yield           L30-CB1 {'rot': 0.00672}
  progress t=  20.0s  max corner drift so far=0.0066  wall clock=302s
  t=  20.25  cb_yield           L24-CB0 {'rot': 0.00742}
  t=  20.25  cb_yield           L25-CB0 {'rot': 0.0067}
  t=  20.37  cb_yield           L26-CB0 {'rot': 0.00748}
  t=  20.37  cb_yield           L27-CB0 {'rot': 0.00691}
  t=  20.37  cb_yield           L31-CB1 {'rot': 0.00727}
  t=  20.37  cb_yield           L32-CB1 {'rot': 0.00706}
  t=  20.37  cb_yield           L33-CB1 {'rot': 0.00695}
  t=  20.50  cb_yield           L28-CB0 {'rot': 0.00759}
  t=  20.50  cb_yield           L29-CB0 {'rot': 0.0071}
  t=  20.50  cb_yield           L30-CB0 {'rot': 0.00665}
  t=  20.62  cb_yield           L31-CB0 {'rot': 0.00684}
  t=  20.75  cb_yield           L32-CB0 {'rot': 0.00662}
  t=  24.62  cb_failure         L23-CB3 {'rot': 0.02075}
  t=  24.62  cb_failure         L28-CB3 {'rot': 0.02292}
  t=  24.62  cb_failure         L29-CB3 {'rot': 0.0228}
  t=  24.62  cb_failure         L30-CB3 {'rot': 0.02252}
  t=  24.62  cb_failure         L31-CB3 {'rot': 0.02216}
  t=  24.62  cb_failure         L32-CB3 {'rot': 0.02186}
  t=  24.62  cb_failure         L33-CB3 {'rot': 0.02171}
  t=  24.75  cb_failure         L27-CB2 {'rot': 0.02087}
  t=  24.75  cb_failure         L28-CB2 {'rot': 0.02102}
  t=  24.75  cb_failure         L29-CB2 {'rot': 0.02099}
  t=  24.75  cb_failure         L30-CB2 {'rot': 0.0208}
  t=  24.87  cb_failure         L26-CB2 {'rot': 0.02093}
  t=  24.87  cb_failure         L31-CB2 {'rot': 0.02121}
  t=  24.87  cb_failure         L32-CB2 {'rot': 0.02095}
  t=  24.87  cb_failure         L33-CB2 {'rot': 0.02081}
  t=  27.87  cb_failure         L8-CB1 {'rot': 0.01998}
  t=  27.87  cb_failure         L9-CB1 {'rot': 0.02012}
  t=  27.87  cb_failure         L10-CB1 {'rot': 0.01991}
  t=  28.00  cb_failure         L11-CB1 {'rot': 0.02169}
  t=  28.00  cb_failure         L12-CB1 {'rot': 0.02131}
  t=  28.00  cb_failure         L13-CB1 {'rot': 0.0206}
  t=  28.00  cb_failure         L15-CB1 {'rot': 0.02051}
  t= 28.025  solver fallback: Newton
  t=  28.12  cb_failure         L14-CB1 {'rot': 0.02111}
  t=  28.25  cb_failure         L16-CB1 {'rot': 0.02045}
  t=  28.62  cb_failure         L17-CB1 {'rot': 0.02061}
  t=  28.75  cb_failure         L18-CB1 {'rot': 0.02249}
  t=  28.75  cb_failure         L19-CB1 {'rot': 0.02217}
  t=  28.75  cb_failure         L20-CB1 {'rot': 0.02181}
  t=  28.75  cb_failure         L21-CB1 {'rot': 0.02142}
  t=  28.75  cb_failure         L22-CB1 {'rot': 0.02102}
  t=  28.75  cb_failure         L23-CB1 {'rot': 0.0206}
  t=  28.87  cb_failure         L20-CB3 {'rot': 0.02074}
  t=  28.87  cb_failure         L21-CB3 {'rot': 0.02113}
  t=  28.87  cb_failure         L22-CB3 {'rot': 0.02137}
  t=  28.87  cb_failure         L24-CB1 {'rot': 0.02377}
  t=  28.87  cb_failure         L25-CB1 {'rot': 0.02301}
  t=  28.87  cb_failure         L26-CB1 {'rot': 0.02213}
  t=  28.87  cb_failure         L27-CB1 {'rot': 0.02121}
  t=  29.00  cb_failure         L18-CB3 {'rot': 0.02093}
  t=  29.00  cb_failure         L19-CB3 {'rot': 0.02191}
  t=  29.00  cb_failure         L28-CB1 {'rot': 0.02114}
  t=  29.00  cb_yield           L33-CB0 {'rot': 0.00727}
  t=  29.12  cb_failure         L20-CB0 {'rot': 0.02072}
  t=  29.12  cb_failure         L21-CB0 {'rot': 0.02072}
  t=  29.12  cb_failure         L29-CB1 {'rot': 0.02168}
  t=  29.25  cb_failure         L22-CB0 {'rot': 0.02053}
  t=  29.25  cb_failure         L30-CB1 {'rot': 0.0233}
  t=  29.25  cb_failure         L31-CB1 {'rot': 0.02259}
  t=  29.25  cb_failure         L32-CB1 {'rot': 0.02215}
  t=  29.25  cb_failure         L33-CB1 {'rot': 0.022}
  t=  29.37  cb_failure         L32-CB0 {'rot': 0.02251}
  t=  29.50  cb_failure         L27-CB0 {'rot': 0.02072}
  t=  29.50  cb_failure         L28-CB0 {'rot': 0.02094}
  t=  29.50  cb_failure         L29-CB0 {'rot': 0.02103}
  t=  29.50  cb_failure         L30-CB0 {'rot': 0.02099}
  t=  29.50  cb_failure         L31-CB0 {'rot': 0.02087}
  t=  29.50  cb_failure         L33-CB0 {'rot': 0.02061}
  t=  29.87  cb_failure         L8-CB0 {'rot': 0.02002}
  t=  29.87  cb_failure         L9-CB0 {'rot': 0.02091}
  t=  29.87  cb_failure         L10-CB0 {'rot': 0.02154}
  t=  29.87  cb_failure         L11-CB0 {'rot': 0.02197}
  t=  29.87  cb_failure         L12-CB0 {'rot': 0.02223}
  t=  29.87  cb_failure         L13-CB0 {'rot': 0.02234}
  t=  29.87  cb_failure         L14-CB0 {'rot': 0.0223}
  t=  29.87  cb_failure         L15-CB0 {'rot': 0.02215}
  t=  29.87  cb_failure         L16-CB0 {'rot': 0.02191}
  t=  29.87  cb_failure         L17-CB0 {'rot': 0.0215}
  t=  29.87  cb_failure         L18-CB0 {'rot': 0.02103}
  t=  29.87  cb_failure         L19-CB0 {'rot': 0.02053}
  progress t=  30.0s  max corner drift so far=0.0082  wall clock=456s
  t=  30.75  cb_failure         L26-CB0 {'rot': 0.0206}
  t=  36.62  cb_failure         L23-CB0 {'rot': 0.0223}
  t=  36.62  cb_failure         L24-CB0 {'rot': 0.02118}
  t=  36.75  cb_failure         L25-CB0 {'rot': 0.02342}
  t=  38.12  cb_yield           L1-CB0 {'rot': 0.00661}
  t=  38.12  cb_yield           L1-CB1 {'rot': 0.00663}
  t=  39.50  cb_failure         L23-CB2 {'rot': 0.02119}
  t=  39.50  cb_failure         L24-CB2 {'rot': 0.022}
  t=  39.50  cb_failure         L25-CB2 {'rot': 0.02257}
  t=  39.62  cb_failure         L20-CB2 {'rot': 0.02075}
  t=  39.62  cb_failure         L21-CB2 {'rot': 0.02173}
  t=  39.62  cb_failure         L22-CB2 {'rot': 0.02245}
  t=  39.75  cb_failure         L19-CB2 {'rot': 0.02141}
  progress t=  40.0s  max corner drift so far=0.0095  wall clock=610s
  t=  44.62  cb_failure         L17-CB2 {'rot': 0.02144}
  t=  45.25  cb_failure         L7-CB0 {'rot': 0.02}
  t=  45.37  cb_failure         L6-CB1 {'rot': 0.02102}
  t=  45.50  cb_failure         L5-CB1 {'rot': 0.02031}
  t=  45.50  cb_failure         L6-CB0 {'rot': 0.02101}
  t=  45.62  cb_failure         L5-CB3 {'rot': 0.02038}
  t=  45.62  cb_failure         L6-CB3 {'rot': 0.02028}
  progress t=  50.0s  max corner drift so far=0.0095  wall clock=759s
  t=  50.12  cb_failure         L5-CB2 {'rot': 0.02043}
  t=  50.12  cb_failure         L6-CB2 {'rot': 0.02079}
  t=  50.25  cb_yield           L1-CB2 {'rot': 0.00627}
  progress t=  60.0s  max corner drift so far=0.0098  wall clock=914s
  progress t=  70.0s  max corner drift so far=0.0098  wall clock=1063s
  progress t=  80.0s  max corner drift so far=0.0098  wall clock=1211s
