  t=   4.50  cb_yield           L5-CB0 {'rot': 0.00631}
  t=   4.50  cb_yield           L6-CB0 {'rot': 0.00656}
  t=   4.50  cb_yield           L6-CB1 {'rot': 0.0063}
  t=   4.50  cb_yield           L7-CB0 {'rot': 0.00662}
  t=   4.50  cb_yield           L7-CB1 {'rot': 0.00634}
  t=   4.50  cb_yield           L8-CB0 {'rot': 0.00652}
  t=   4.50  cb_yield           L8-CB1 {'rot': 0.00621}
  t=   4.50  cb_yield           L9-CB0 {'rot': 0.0063}
  t=   8.00  cb_yield           L9-CB1 {'rot': 0.00704}
  t=   8.00  cb_yield           L10-CB0 {'rot': 0.00661}
  t=   8.00  cb_yield           L10-CB1 {'rot': 0.00711}
  t=   8.00  cb_yield           L11-CB0 {'rot': 0.00657}
  t=   8.00  cb_yield           L11-CB1 {'rot': 0.00711}
  t=   8.00  cb_yield           L12-CB0 {'rot': 0.00648}
  t=   8.00  cb_yield           L12-CB1 {'rot': 0.00706}
  t=   8.00  cb_yield           L13-CB0 {'rot': 0.00634}
  t=   8.00  cb_yield           L13-CB1 {'rot': 0.00697}
  t=   8.00  cb_yield           L14-CB0 {'rot': 0.00618}
  t=   8.00  cb_yield           L14-CB1 {'rot': 0.00684}
  t=   8.00  cb_yield           L15-CB1 {'rot': 0.00668}
  t=   8.00  cb_yield           L16-CB1 {'rot': 0.00651}
  t=   8.13  cb_yield           L4-CB1 {'rot': 0.00622}
  t=   8.13  cb_yield           L5-CB1 {'rot': 0.00696}
  t=   8.13  cb_yield           L7-CB3 {'rot': 0.00622}
  t=   8.13  cb_yield           L8-CB3 {'rot': 0.00637}
  t=   8.13  cb_yield           L9-CB3 {'rot': 0.00641}
  t=   8.13  cb_yield           L10-CB3 {'rot': 0.00637}
  t=   8.13  cb_yield           L11-CB3 {'rot': 0.00625}
  t=   8.13  cb_yield           L15-CB0 {'rot': 0.00702}
  t=   8.13  cb_yield           L16-CB0 {'rot': 0.00667}
  t=   8.13  cb_yield           L17-CB1 {'rot': 0.00694}
  t=   8.25  cb_yield           L3-CB0 {'rot': 0.00611}
  t=   8.25  cb_yield           L3-CB1 {'rot': 0.00644}
  t=   8.25  cb_yield           L4-CB0 {'rot': 0.0071}
  t=   8.25  cb_yield           L4-CB2 {'rot': 0.00626}
  t=   8.25  cb_yield           L4-CB3 {'rot': 0.00663}
  t=   8.25  cb_yield           L5-CB2 {'rot': 0.00685}
  t=   8.25  cb_yield           L5-CB3 {'rot': 0.00728}
  t=   8.25  cb_yield           L6-CB2 {'rot': 0.00723}
  t=   8.25  cb_yield           L6-CB3 {'rot': 0.00772}
  t=   8.25  cb_yield           L7-CB2 {'rot': 0.00743}
  t=   8.25  cb_yield           L8-CB2 {'rot': 0.00747}
  t=   8.25  cb_yield           L9-CB2 {'rot': 0.00735}
  t=   8.25  cb_yield           L10-CB2 {'rot': 0.00712}
  t=   8.25  cb_yield           L11-CB2 {'rot': 0.00679}
  t=   8.25  cb_yield           L12-CB2 {'rot': 0.00638}
  t=   8.25  cb_yield           L12-CB3 {'rot': 0.00717}
  t=   8.25  cb_yield           L13-CB3 {'rot': 0.00671}
  t=   8.25  cb_yield           L14-CB3 {'rot': 0.00621}
  t=   8.25  cb_yield           L17-CB0 {'rot': 0.0066}
  t=   8.25  cb_yield           L18-CB1 {'rot': 0.00687}
  t=   8.38  cb_yield           L2-CB1 {'rot': 0.00617}
  t=   8.38  cb_yield           L3-CB2 {'rot': 0.0068}
  t=   8.38  cb_yield           L3-CB3 {'rot': 0.00714}
  t=   8.38  cb_yield           L13-CB2 {'rot': 0.00625}
  t=   8.50  cb_yield           L2-CB0 {'rot': 0.00626}
  t=   8.50  cb_yield           L2-CB3 {'rot': 0.0061}
  t=   8.63  cb_yield           L14-CB2 {'rot': 0.00647}
  t=   8.63  cb_yield           L15-CB3 {'rot': 0.00673}
  t=   8.75  cb_yield           L15-CB2 {'rot': 0.00665}
  t=   8.75  cb_yield           L16-CB2 {'rot': 0.00615}
  t=   8.75  cb_yield           L16-CB3 {'rot': 0.00719}
  t=   8.75  cb_yield           L17-CB3 {'rot': 0.00662}
  t=   8.88  cb_yield           L17-CB2 {'rot': 0.00714}
  t=   8.88  cb_yield           L18-CB0 {'rot': 0.00678}
  t=   8.88  cb_yield           L18-CB2 {'rot': 0.00671}
  t=   8.88  cb_yield           L18-CB3 {'rot': 0.0078}
  t=   8.88  cb_yield           L19-CB1 {'rot': 0.0072}
  t=   8.88  cb_yield           L19-CB3 {'rot': 0.00738}
  t=   8.88  cb_yield           L20-CB1 {'rot': 0.00662}
  t=   8.88  cb_yield           L20-CB3 {'rot': 0.00695}
  t=   9.00  cb_yield           L19-CB0 {'rot': 0.00662}
  t=   9.00  cb_yield           L19-CB2 {'rot': 0.00777}
  t=   9.00  cb_yield           L20-CB2 {'rot': 0.00742}
  t=   9.00  cb_yield           L21-CB2 {'rot': 0.00699}
  t=   9.00  cb_yield           L21-CB3 {'rot': 0.0082}
  t=   9.00  cb_yield           L22-CB3 {'rot': 0.00773}
  t=   9.00  cb_yield           L23-CB3 {'rot': 0.00725}
  t=   9.00  cb_yield           L24-CB3 {'rot': 0.00677}
  t=   9.13  cb_yield           L21-CB1 {'rot': 0.00677}
  t=   9.13  cb_yield           L22-CB2 {'rot': 0.00801}
  t=   9.13  cb_yield           L23-CB2 {'rot': 0.00774}
  t=   9.13  cb_yield           L24-CB2 {'rot': 0.00737}
  t=   9.13  cb_yield           L25-CB2 {'rot': 0.00694}
  t=   9.13  cb_yield           L25-CB3 {'rot': 0.00826}
  t=   9.13  cb_yield           L26-CB3 {'rot': 0.00777}
  t=   9.13  cb_yield           L27-CB3 {'rot': 0.00724}
  t=   9.13  cb_yield           L28-CB3 {'rot': 0.00671}
  t=   9.25  cb_yield           L26-CB2 {'rot': 0.00765}
  t=   9.25  cb_yield           L27-CB2 {'rot': 0.00722}
  t=   9.25  cb_yield           L28-CB2 {'rot': 0.0067}
  t=   9.25  cb_yield           L29-CB3 {'rot': 0.00745}
  t=   9.25  cb_yield           L30-CB3 {'rot': 0.00685}
  t=   9.38  cb_yield           L31-CB3 {'rot': 0.0067}
  progress t=  10.0s  max corner drift so far=0.0028  wall clock=132s
  t=  10.63  cb_yield           L2-CB2 {'rot': 0.00718}
  t=  10.75  cb_yield           L1-CB0 {'rot': 0.0062}
  t=  10.75  cb_yield           L1-CB2 {'rot': 0.00654}
  t=  10.75  cb_yield           L1-CB3 {'rot': 0.00639}
  t=  10.88  cb_yield           L1-CB1 {'rot': 0.00707}
  t=  11.25  cb_yield           L20-CB0 {'rot': 0.00887}
  t=  11.25  cb_yield           L21-CB0 {'rot': 0.00839}
  t=  11.25  cb_yield           L22-CB0 {'rot': 0.00793}
  t=  11.25  cb_yield           L22-CB1 {'rot': 0.00744}
  t=  11.25  cb_yield           L23-CB0 {'rot': 0.00749}
  t=  11.25  cb_yield           L23-CB1 {'rot': 0.00698}
  t=  11.25  cb_yield           L24-CB0 {'rot': 0.00707}
  t=  11.25  cb_yield           L25-CB0 {'rot': 0.00665}
  t=  11.38  cb_yield           L24-CB1 {'rot': 0.00985}
  t=  11.38  cb_yield           L25-CB1 {'rot': 0.00896}
  t=  11.38  cb_yield           L26-CB0 {'rot': 0.00861}
  t=  11.38  cb_yield           L26-CB1 {'rot': 0.00814}
  t=  11.38  cb_yield           L27-CB0 {'rot': 0.00785}
  t=  11.38  cb_yield           L27-CB1 {'rot': 0.00737}
  t=  11.38  cb_yield           L28-CB0 {'rot': 0.00717}
  t=  11.38  cb_yield           L28-CB1 {'rot': 0.00669}
  t=  11.50  cb_yield           L29-CB0 {'rot': 0.00682}
  t=  11.50  cb_yield           L29-CB1 {'rot': 0.00674}
  t=  11.75  cb_yield           L30-CB1 {'rot': 0.00706}
  t=  12.00  cb_yield           L29-CB2 {'rot': 0.007}
  t=  12.00  cb_yield           L30-CB0 {'rot': 0.00687}
  t=  12.88  cb_yield           L30-CB2 {'rot': 0.00685}
  t=  12.88  cb_yield           L32-CB3 {'rot': 0.00769}
  t=  12.88  cb_yield           L33-CB3 {'rot': 0.0075}
  t=  13.00  cb_yield           L31-CB2 {'rot': 0.00778}
  t=  13.00  cb_yield           L32-CB2 {'rot': 0.00749}
  t=  13.00  cb_yield           L33-CB2 {'rot': 0.00732}
  t=  16.13  cb_yield           L31-CB1 {'rot': 0.00805}
  t=  16.13  cb_yield           L32-CB1 {'rot': 0.00793}
  t=  16.13  cb_yield           L33-CB1 {'rot': 0.00786}
  t=  16.25  cb_yield           L31-CB0 {'rot': 0.00695}
  t=  16.25  cb_yield           L32-CB0 {'rot': 0.00677}
  t=  16.25  cb_yield           L33-CB0 {'rot': 0.00669}
  progress t=  20.0s  max corner drift so far=0.0100  wall clock=269s
  progress t=  30.0s  max corner drift so far=0.0100  wall clock=408s
  progress t=  40.0s  max corner drift so far=0.0117  wall clock=549s
  t=  46.37  cb_failure         L7-CB2 {'rot': 0.03178}
  t=  46.37  cb_failure         L8-CB2 {'rot': 0.03397}
  t=  46.37  cb_failure         L8-CB3 {'rot': 0.03009}
  t=  46.37  cb_failure         L9-CB0 {'rot': 0.03094}
  t=  46.37  cb_failure         L9-CB1 {'rot': 0.03017}
  t=  46.37  cb_failure         L9-CB2 {'rot': 0.03493}
  t=  46.37  cb_failure         L9-CB3 {'rot': 0.03118}
  t=  46.37  cb_failure         L10-CB0 {'rot': 0.03165}
  t=  46.37  cb_failure         L10-CB1 {'rot': 0.03078}
  t=  46.37  cb_failure         L10-CB2 {'rot': 0.03511}
  t=  46.37  cb_failure         L10-CB3 {'rot': 0.03146}
  t=  46.37  cb_failure         L11-CB0 {'rot': 0.03171}
  t=  46.37  cb_failure         L11-CB1 {'rot': 0.03075}
  t=  46.37  cb_failure         L11-CB2 {'rot': 0.03454}
  t=  46.37  cb_failure         L11-CB3 {'rot': 0.03105}
  t=  46.37  cb_failure         L12-CB0 {'rot': 0.03122}
  t=  46.37  cb_failure         L12-CB1 {'rot': 0.03017}
  t=  46.37  cb_failure         L12-CB2 {'rot': 0.03329}
  t=  46.37  cb_failure         L12-CB3 {'rot': 0.03009}
  t=  46.37  cb_failure         L13-CB0 {'rot': 0.03024}
  t=  46.37  cb_failure         L13-CB2 {'rot': 0.03145}
  t=  46.50  cb_failure         L13-CB1 {'rot': 0.03035}
  t=  46.50  cb_failure         L13-CB3 {'rot': 0.03028}
  t=  46.50  cb_failure         L14-CB0 {'rot': 0.0304}
  t=  46.50  cb_failure         L14-CB2 {'rot': 0.03214}
  t=  48.87  cb_failure         L6-CB0 {'rot': 0.03103}
  t=  48.87  cb_failure         L6-CB1 {'rot': 0.03164}
  t=  48.87  cb_failure         L7-CB0 {'rot': 0.03173}
  t=  48.87  cb_failure         L7-CB1 {'rot': 0.03242}
  t=  48.87  cb_failure         L8-CB0 {'rot': 0.03133}
  t=  48.87  cb_failure         L8-CB1 {'rot': 0.03233}
  t=  49.00  cb_failure         L5-CB0 {'rot': 0.03157}
  t=  49.00  cb_failure         L5-CB1 {'rot': 0.03178}
  t=  49.25  cb_failure         L14-CB1 {'rot': 0.03011}
  t=  49.37  cb_failure         L15-CB1 {'rot': 0.03189}
  t=  49.37  cb_failure         L16-CB1 {'rot': 0.03016}
  t=  49.50  cb_failure         L17-CB1 {'rot': 0.03223}
  t=  49.50  cb_failure         L18-CB1 {'rot': 0.0307}
  t=  49.62  cb_failure         L19-CB1 {'rot': 0.03258}
  t=  49.62  cb_failure         L20-CB1 {'rot': 0.03158}
  t=  49.75  cb_failure         L17-CB3 {'rot': 0.03078}
  t=  49.75  cb_failure         L18-CB3 {'rot': 0.03136}
  t=  49.75  cb_failure         L19-CB3 {'rot': 0.03162}
  t=  49.75  cb_failure         L20-CB3 {'rot': 0.0316}
  t=  49.75  cb_failure         L21-CB1 {'rot': 0.03387}
  t=  49.75  cb_failure         L21-CB3 {'rot': 0.0313}
  t=  49.75  cb_failure         L22-CB1 {'rot': 0.03295}
  t=  49.75  cb_failure         L22-CB3 {'rot': 0.03058}
  t=  49.75  cb_failure         L23-CB1 {'rot': 0.03151}
  t=  49.87  cb_failure         L16-CB3 {'rot': 0.03094}
  t=  49.87  cb_failure         L23-CB3 {'rot': 0.03445}
  t=  49.87  cb_failure         L24-CB1 {'rot': 0.03491}
  t=  49.87  cb_failure         L24-CB3 {'rot': 0.03352}
  t=  49.87  cb_failure         L25-CB1 {'rot': 0.03339}
  t=  49.87  cb_failure         L25-CB3 {'rot': 0.03214}
  t=  49.87  cb_failure         L26-CB1 {'rot': 0.03145}
  t=  50.00  cb_failure         L15-CB3 {'rot': 0.0305}
  t=  50.00  cb_failure         L26-CB3 {'rot': 0.03587}
  t=  50.00  cb_failure         L27-CB1 {'rot': 0.03568}
  t=  50.00  cb_failure         L27-CB3 {'rot': 0.03409}
  t=  50.00  cb_failure         L28-CB1 {'rot': 0.03364}
  t=  50.00  cb_failure         L28-CB3 {'rot': 0.03201}
  t=  50.00  cb_failure         L29-CB1 {'rot': 0.03126}
  progress t=  50.0s  max corner drift so far=0.0117  wall clock=689s
  t=  50.12  cb_failure         L14-CB3 {'rot': 0.03085}
  t=  50.12  cb_failure         L29-CB3 {'rot': 0.03345}
  t=  50.12  cb_failure         L30-CB1 {'rot': 0.03395}
  t=  50.12  cb_failure         L30-CB3 {'rot': 0.03159}
  t=  50.12  cb_failure         L31-CB1 {'rot': 0.03234}
  t=  50.12  cb_failure         L32-CB1 {'rot': 0.03115}
  t=  50.12  cb_failure         L33-CB1 {'rot': 0.03065}
  t=  50.25  cb_failure         L31-CB3 {'rot': 0.03191}
  t=  50.25  cb_failure         L32-CB3 {'rot': 0.03083}
  t=  52.50  cb_failure         L33-CB3 {'rot': 0.03061}
  t=  59.37  cb_failure         L15-CB0 {'rot': 0.0308}
  t=  59.87  cb_failure         L21-CB2 {'rot': 0.0314}
  t=  59.87  cb_failure         L22-CB2 {'rot': 0.03218}
  t=  59.87  cb_failure         L23-CB2 {'rot': 0.03263}
  t=  59.87  cb_failure         L24-CB2 {'rot': 0.0327}
  t=  59.87  cb_failure         L25-CB2 {'rot': 0.03242}
  t=  59.87  cb_failure         L26-CB2 {'rot': 0.03179}
  t=  59.87  cb_failure         L27-CB2 {'rot': 0.03074}
  t=  60.00  cb_failure         L17-CB2 {'rot': 0.03059}
  t=  60.00  cb_failure         L18-CB2 {'rot': 0.03271}
  t=  60.00  cb_failure         L19-CB2 {'rot': 0.03472}
  t=  60.00  cb_failure         L20-CB2 {'rot': 0.03658}
  t=  60.00  cb_failure         L22-CB0 {'rot': 0.03202}
  t=  60.00  cb_failure         L23-CB0 {'rot': 0.03318}
  t=  60.00  cb_failure         L24-CB0 {'rot': 0.03386}
  t=  60.00  cb_failure         L25-CB0 {'rot': 0.03411}
  t=  60.00  cb_failure         L26-CB0 {'rot': 0.03397}
  t=  60.00  cb_failure         L27-CB0 {'rot': 0.03349}
  t=  60.00  cb_failure         L28-CB0 {'rot': 0.03267}
  t=  60.00  cb_failure         L28-CB2 {'rot': 0.03841}
  t=  60.00  cb_failure         L29-CB0 {'rot': 0.03149}
  t=  60.00  cb_failure         L29-CB2 {'rot': 0.03707}
  t=  60.00  cb_failure         L30-CB2 {'rot': 0.0355}
  t=  60.00  cb_failure         L31-CB2 {'rot': 0.03403}
  t=  60.00  cb_failure         L32-CB2 {'rot': 0.0329}
  t=  60.00  cb_failure         L33-CB2 {'rot': 0.03245}
  progress t=  60.0s  max corner drift so far=0.0117  wall clock=835s
  t=  60.12  cb_failure         L15-CB2 {'rot': 0.03153}
  t=  60.12  cb_failure         L16-CB2 {'rot': 0.03309}
  t=  60.12  cb_failure         L21-CB0 {'rot': 0.03087}
  t=  60.12  cb_failure         L30-CB0 {'rot': 0.03252}
  t=  60.12  cb_failure         L31-CB0 {'rot': 0.03138}
  t=  60.25  cb_failure         L20-CB0 {'rot': 0.03067}
  t=  60.37  cb_failure         L16-CB0 {'rot': 0.03011}
  t=  60.37  cb_failure         L17-CB0 {'rot': 0.03124}
  t=  60.37  cb_failure         L18-CB0 {'rot': 0.03211}
  t=  60.37  cb_failure         L19-CB0 {'rot': 0.03276}
  t=  60.62  cb_failure         L7-CB3 {'rot': 0.03013}
  t=  60.75  cb_failure         L6-CB3 {'rot': 0.03022}
  t=  60.87  cb_failure         L5-CB3 {'rot': 0.03012}
  t=  60.87  cb_failure         L6-CB2 {'rot': 0.03034}
  t=  61.00  cb_failure         L4-CB3 {'rot': 0.0301}
  t=  61.00  cb_failure         L5-CB2 {'rot': 0.03117}
  t=  61.12  cb_failure         L4-CB2 {'rot': 0.03129}
  t=  61.25  cb_failure         L3-CB3 {'rot': 0.03072}
  progress t=  70.0s  max corner drift so far=0.0140  wall clock=977s
  progress t=  80.0s  max corner drift so far=0.0140  wall clock=1108s
  progress t=  90.0s  max corner drift so far=0.0140  wall clock=1237s
  progress t= 100.0s  max corner drift so far=0.0140  wall clock=1367s
