  t=   2.12  cb_yield           L6-CB1 {'rot': 0.00492}
  t=   2.12  cb_yield           L6-CB3 {'rot': 0.005}
  t=   2.12  cb_yield           L7-CB1 {'rot': 0.00507}
  t=   2.12  cb_yield           L7-CB2 {'rot': 0.00493}
  t=   2.12  cb_yield           L7-CB3 {'rot': 0.00516}
  t=   2.12  cb_yield           L8-CB1 {'rot': 0.00511}
  t=   2.12  cb_yield           L8-CB2 {'rot': 0.00496}
  t=   2.12  cb_yield           L8-CB3 {'rot': 0.00521}
  t=   2.12  cb_yield           L9-CB1 {'rot': 0.00506}
  t=   2.12  cb_yield           L9-CB3 {'rot': 0.00518}
  t=   2.12  cb_yield           L10-CB1 {'rot': 0.00494}
  t=   2.12  cb_yield           L10-CB3 {'rot': 0.00507}
  t=   2.25  cb_yield           L9-CB0 {'rot': 0.00492}
  t=   2.25  cb_yield           L9-CB2 {'rot': 0.005}
  t=   2.25  cb_yield           L10-CB2 {'rot': 0.005}
  t=   2.25  cb_yield           L11-CB1 {'rot': 0.00521}
  t=   2.25  cb_yield           L11-CB2 {'rot': 0.00494}
  t=   2.25  cb_yield           L11-CB3 {'rot': 0.00533}
  t=   2.25  cb_yield           L12-CB1 {'rot': 0.00511}
  t=   2.25  cb_yield           L12-CB3 {'rot': 0.00525}
  t=   2.25  cb_yield           L13-CB1 {'rot': 0.00495}
  t=   2.25  cb_yield           L13-CB3 {'rot': 0.0051}
  t=   2.37  cb_yield           L14-CB1 {'rot': 0.00499}
  t=   2.37  cb_yield           L14-CB3 {'rot': 0.00514}
  t=   2.37  cb_yield           L15-CB3 {'rot': 0.00501}
  t=   2.50  cb_yield           L16-CB3 {'rot': 0.00497}
  t=   2.62  cb_yield           L18-CB3 {'rot': 0.00556}
  t=   2.62  cb_yield           L19-CB1 {'rot': 0.00553}
  t=   2.62  cb_yield           L19-CB3 {'rot': 0.00576}
  t=   2.62  cb_yield           L20-CB1 {'rot': 0.00564}
  t=   2.62  cb_yield           L20-CB3 {'rot': 0.0059}
  t=   2.62  cb_yield           L21-CB1 {'rot': 0.00568}
  t=   2.62  cb_yield           L21-CB3 {'rot': 0.00596}
  t=   2.62  cb_yield           L22-CB1 {'rot': 0.00564}
  t=   2.62  cb_yield           L22-CB3 {'rot': 0.00595}
  t=   2.62  cb_yield           L23-CB1 {'rot': 0.00553}
  t=   2.62  cb_yield           L23-CB3 {'rot': 0.00586}
  t=   2.62  cb_yield           L24-CB3 {'rot': 0.00569}
  t=   2.62  cb_yield           L25-CB3 {'rot': 0.00547}
  t=   2.75  cb_yield           L17-CB3 {'rot': 0.00551}
  t=   2.75  cb_yield           L18-CB1 {'rot': 0.00575}
  t=   2.75  cb_yield           L19-CB2 {'rot': 0.00546}
  t=   2.75  cb_yield           L20-CB0 {'rot': 0.00547}
  t=   2.75  cb_yield           L20-CB2 {'rot': 0.00572}
  t=   2.75  cb_yield           L21-CB0 {'rot': 0.00561}
  t=   2.75  cb_yield           L21-CB2 {'rot': 0.00587}
  t=   2.75  cb_yield           L22-CB0 {'rot': 0.00564}
  t=   2.75  cb_yield           L22-CB2 {'rot': 0.00591}
  t=   2.75  cb_yield           L23-CB0 {'rot': 0.00555}
  t=   2.75  cb_yield           L23-CB2 {'rot': 0.00584}
  t=   2.75  cb_yield           L24-CB1 {'rot': 0.00639}
  t=   2.75  cb_yield           L24-CB2 {'rot': 0.00566}
  t=   2.75  cb_yield           L25-CB1 {'rot': 0.00612}
  t=   2.75  cb_yield           L26-CB1 {'rot': 0.00577}
  t=   2.75  cb_yield           L26-CB3 {'rot': 0.00607}
  t=   2.75  cb_yield           L27-CB3 {'rot': 0.00567}
  t=   2.87  cb_yield           L24-CB0 {'rot': 0.00548}
  t=   2.87  cb_yield           L27-CB1 {'rot': 0.00544}
  t=   3.75  cb_yield           L25-CB0 {'rot': 0.00629}
  t=   3.75  cb_yield           L25-CB2 {'rot': 0.00627}
  t=   3.75  cb_yield           L26-CB0 {'rot': 0.00595}
  t=   3.75  cb_yield           L26-CB2 {'rot': 0.006}
  t=   3.75  cb_yield           L27-CB0 {'rot': 0.00551}
  t=   3.75  cb_yield           L27-CB2 {'rot': 0.00561}
  t=   4.25  cb_yield           L4-CB0 {'rot': 0.00494}
  t=   4.25  cb_yield           L5-CB0 {'rot': 0.00545}
  t=   4.25  cb_yield           L5-CB1 {'rot': 0.00524}
  t=   4.25  cb_yield           L6-CB0 {'rot': 0.0058}
  t=   4.25  cb_yield           L7-CB0 {'rot': 0.00601}
  t=   4.25  cb_yield           L8-CB0 {'rot': 0.00611}
  t=   4.25  cb_yield           L10-CB0 {'rot': 0.00605}
  t=   4.25  cb_yield           L11-CB0 {'rot': 0.00591}
  t=   4.25  cb_yield           L12-CB0 {'rot': 0.00572}
  t=   4.25  cb_yield           L13-CB0 {'rot': 0.00548}
  t=   4.25  cb_yield           L14-CB0 {'rot': 0.00521}
  t=   4.25  cb_yield           L15-CB0 {'rot': 0.00492}
  t=   4.37  cb_yield           L2-CB0 {'rot': 0.00499}
  t=   4.37  cb_yield           L3-CB0 {'rot': 0.00628}
  t=   4.37  cb_yield           L3-CB1 {'rot': 0.00606}
  t=   4.37  cb_yield           L3-CB2 {'rot': 0.00567}
  t=   4.37  cb_yield           L3-CB3 {'rot': 0.00548}
  t=   4.37  cb_yield           L4-CB1 {'rot': 0.00707}
  t=   4.37  cb_yield           L4-CB2 {'rot': 0.00651}
  t=   4.37  cb_yield           L4-CB3 {'rot': 0.00628}
  t=   4.37  cb_yield           L5-CB2 {'rot': 0.00704}
  t=   4.37  cb_yield           L5-CB3 {'rot': 0.00678}
  t=   4.37  cb_yield           L6-CB2 {'rot': 0.00728}
  t=   4.37  cb_yield           L15-CB1 {'rot': 0.00496}
  t=   4.50  cb_yield           L2-CB1 {'rot': 0.00592}
  t=   4.50  cb_yield           L2-CB2 {'rot': 0.00567}
  t=   4.50  cb_yield           L2-CB3 {'rot': 0.00543}
  t=   4.50  cb_yield           L12-CB2 {'rot': 0.00548}
  t=   4.50  cb_yield           L28-CB3 {'rot': 0.00551}
  t=   5.00  cb_yield           L16-CB0 {'rot': 0.005}
  t=   5.13  cb_yield           L16-CB1 {'rot': 0.00509}
  t=   5.25  cb_yield           L17-CB0 {'rot': 0.00603}
  t=   5.25  cb_yield           L18-CB0 {'rot': 0.00593}
  t=   5.25  cb_yield           L19-CB0 {'rot': 0.00581}
  t=   5.38  cb_yield           L17-CB1 {'rot': 0.0056}
  t=   5.88  cb_yield           L13-CB2 {'rot': 0.00522}
  t=   6.00  cb_yield           L14-CB2 {'rot': 0.00526}
  t=   8.13  cb_yield           L15-CB2 {'rot': 0.00758}
  t=   8.13  cb_yield           L16-CB2 {'rot': 0.00725}
  t=   8.13  cb_yield           L17-CB2 {'rot': 0.00677}
  t=   8.13  cb_yield           L18-CB2 {'rot': 0.00626}
  t=   8.13  cb_yield           L28-CB1 {'rot': 0.00581}
  t=   8.25  cb_yield           L29-CB1 {'rot': 0.00573}
  t=   8.38  cb_failure         L11-CB1 {'rot': 0.01927}
  t=   8.38  cb_failure         L12-CB1 {'rot': 0.01978}
  t=   8.38  cb_failure         L13-CB1 {'rot': 0.02006}
  t=   8.38  cb_failure         L14-CB1 {'rot': 0.0201}
  t=   8.38  cb_failure         L15-CB1 {'rot': 0.01987}
  t=   8.38  cb_failure         L16-CB1 {'rot': 0.0194}
  t=   8.50  cb_failure         L8-CB1 {'rot': 0.02016}
  t=   8.50  cb_failure         L9-CB0 {'rot': 0.01987}
  t=   8.50  cb_failure         L9-CB1 {'rot': 0.02129}
  t=   8.50  cb_failure         L9-CB3 {'rot': 0.01933}
  t=   8.50  cb_failure         L10-CB0 {'rot': 0.02059}
  t=   8.50  cb_failure         L10-CB1 {'rot': 0.0221}
  t=   8.50  cb_failure         L10-CB3 {'rot': 0.01999}
  t=   8.50  cb_failure         L11-CB0 {'rot': 0.02104}
  t=   8.50  cb_failure         L11-CB3 {'rot': 0.02035}
  t=   8.50  cb_failure         L12-CB0 {'rot': 0.02124}
  t=   8.50  cb_failure         L12-CB3 {'rot': 0.02044}
  t=   8.50  cb_failure         L13-CB0 {'rot': 0.02118}
  t=   8.50  cb_failure         L13-CB3 {'rot': 0.02026}
  t=   8.50  cb_failure         L14-CB0 {'rot': 0.02087}
  t=   8.50  cb_failure         L14-CB3 {'rot': 0.01981}
  t=   8.50  cb_failure         L15-CB0 {'rot': 0.02033}
  t=   8.50  cb_failure         L15-CB3 {'rot': 0.01912}
  t=   8.50  cb_failure         L16-CB0 {'rot': 0.01956}
  t=   8.50  cb_failure         L17-CB1 {'rot': 0.0203}
  t=   8.63  cb_failure         L6-CB1 {'rot': 0.01917}
  t=   8.63  cb_failure         L7-CB0 {'rot': 0.02024}
  t=   8.63  cb_failure         L7-CB1 {'rot': 0.02139}
  t=   8.63  cb_failure         L7-CB3 {'rot': 0.01939}
  t=   8.63  cb_failure         L8-CB0 {'rot': 0.02182}
  t=   8.63  cb_failure         L8-CB2 {'rot': 0.01964}
  t=   8.63  cb_failure         L8-CB3 {'rot': 0.02096}
  t=   8.63  cb_failure         L9-CB2 {'rot': 0.02067}
  t=   8.63  cb_failure         L10-CB2 {'rot': 0.02132}
  t=   8.63  cb_failure         L11-CB2 {'rot': 0.02164}
  t=   8.63  cb_failure         L12-CB2 {'rot': 0.02165}
  t=   8.63  cb_failure         L13-CB2 {'rot': 0.02133}
  t=   8.63  cb_failure         L14-CB2 {'rot': 0.02069}
  t=   8.63  cb_failure         L15-CB2 {'rot': 0.01976}
  t=   8.63  cb_failure         L16-CB3 {'rot': 0.02063}
  t=   8.63  cb_failure         L17-CB0 {'rot': 0.01977}
  t=   8.63  cb_failure         L18-CB1 {'rot': 0.01973}
  t=   8.75  cb_failure         L6-CB0 {'rot': 0.01967}
  t=   8.75  cb_failure         L7-CB2 {'rot': 0.01967}
  t=   8.75  cb_failure         L16-CB2 {'rot': 0.02081}
  t=   8.75  cb_failure         L17-CB3 {'rot': 0.02107}
  t=   8.88  cb_failure         L17-CB2 {'rot': 0.02085}
  t=   8.88  cb_failure         L18-CB0 {'rot': 0.01989}
  t=   8.88  cb_failure         L18-CB3 {'rot': 0.0209}
  t=   8.88  cb_failure         L19-CB1 {'rot': 0.0195}
  t=   9.00  cb_failure         L18-CB2 {'rot': 0.02094}
  t=   9.00  cb_failure         L19-CB3 {'rot': 0.02095}
  t=   9.00  cb_failure         L20-CB1 {'rot': 0.01958}
  t=   9.00  cb_failure         L21-CB3 {'rot': 0.01982}
  t=  9.025  solver fallback: Newton
  t=  9.075  solver fallback: Newton
  t=   9.13  cb_failure         L19-CB2 {'rot': 0.01986}
  t=   9.13  cb_failure         L20-CB3 {'rot': 0.01974}
  t=   9.25  cb_failure         L21-CB1 {'rot': 0.01965}
  t=   9.25  cb_failure         L22-CB3 {'rot': 0.01979}
  t=   9.25  cb_yield           L29-CB3 {'rot': 0.00596}
  t=   9.38  cb_failure         L23-CB3 {'rot': 0.0198}
  t=   9.38  cb_yield           L28-CB2 {'rot': 0.00576}
  t=   9.38  cb_yield           L30-CB3 {'rot': 0.00679}
  t=   9.38  cb_yield           L31-CB3 {'rot': 0.00626}
  t=   9.38  cb_yield           L32-CB3 {'rot': 0.00588}
  t=   9.38  cb_yield           L33-CB3 {'rot': 0.00567}
  t=   9.50  cb_yield           L1-CB0 {'rot': 0.00504}
  t=   9.50  cb_yield           L1-CB1 {'rot': 0.00544}
  t=   9.50  cb_yield           L1-CB3 {'rot': 0.00523}
  t=   9.63  cb_yield           L1-CB2 {'rot': 0.0058}
  t=   9.63  cb_failure         L6-CB3 {'rot': 0.01907}
  t=   9.63  cb_failure         L22-CB1 {'rot': 0.01968}
  t=   9.63  cb_failure         L23-CB1 {'rot': 0.01949}
  t=   9.63  cb_yield           L30-CB1 {'rot': 0.00602}
  t=   9.75  cb_failure         L5-CB1 {'rot': 0.01892}
  t=   9.75  cb_failure         L5-CB3 {'rot': 0.01932}
  t=   9.75  cb_failure         L6-CB2 {'rot': 0.01971}
  t=   9.88  cb_failure         L5-CB0 {'rot': 0.01896}
  t=   9.88  cb_failure         L5-CB2 {'rot': 0.01965}
  progress t=  10.0s  max corner drift so far=0.0055  wall clock=116s
  t=  10.13  cb_failure         L19-CB0 {'rot': 0.01957}
  t=  10.25  cb_failure         L20-CB0 {'rot': 0.01947}
  t=  10.38  cb_failure         L22-CB0 {'rot': 0.01948}
  t=  10.38  cb_yield           L31-CB1 {'rot': 0.00611}
  t=  10.38  cb_yield           L32-CB1 {'rot': 0.00593}
  t=  10.38  cb_yield           L33-CB1 {'rot': 0.00583}
  t= 10.425  solver fallback: Newton
  t=  10.50  cb_failure         L21-CB0 {'rot': 0.01967}
  t=  10.50  cb_failure         L24-CB1 {'rot': 0.01975}
  t=  10.50  cb_yield           L28-CB0 {'rot': 0.00618}
  t=  10.50  cb_yield           L29-CB0 {'rot': 0.00545}
  t=  10.63  cb_failure         L23-CB0 {'rot': 0.01965}
  t=  10.63  cb_failure         L25-CB1 {'rot': 0.01979}
  t=  10.75  cb_failure         L24-CB3 {'rot': 0.01969}
  t=  10.75  cb_failure         L26-CB1 {'rot': 0.01977}
  t=  10.75  cb_failure         L27-CB1 {'rot': 0.01955}
  t=  10.88  cb_failure         L25-CB2 {'rot': 0.01976}
  t=  10.88  cb_failure         L25-CB3 {'rot': 0.02125}
  t=  10.88  cb_failure         L26-CB3 {'rot': 0.02003}
  t=  10.88  cb_failure         L27-CB3 {'rot': 0.01968}
  t=  10.88  cb_failure         L28-CB1 {'rot': 0.0198}
  t=  10.88  cb_failure         L28-CB3 {'rot': 0.01978}
  t=  10.88  cb_yield           L29-CB2 {'rot': 0.00852}
  t=  10.88  cb_yield           L30-CB0 {'rot': 0.00618}
  t=  10.88  cb_yield           L30-CB2 {'rot': 0.00662}
  t= 10.950  solver fallback: Newton
  t= 10.975  solver fallback: Newton
  t=  11.00  cb_failure         L29-CB1 {'rot': 0.01982}
  t=  11.00  cb_yield           L31-CB2 {'rot': 0.00763}
  t=  11.00  cb_yield           L32-CB2 {'rot': 0.00658}
  t=  11.00  cb_yield           L33-CB2 {'rot': 0.00613}
  t= 11.000  solver fallback: Newton
  t= 11.025  solver fallback: Newton
  t= 11.050  solver fallback: Newton
  t= 11.075  solver fallback: Newton
  t= 11.100  solver fallback: Newton
  t= 11.125  solver fallback: Newton
  t= 11.150  solver fallback: Newton
  t= 11.175  solver fallback: Newton
  t= 11.200  solver fallback: Newton
  t= 11.225  solver fallback: Newton
  t= 11.250  solver fallback: Newton
  t= 11.275  solver fallback: Newton
  t= 11.300  solver fallback: Newton
  t= 11.325  solver fallback: Newton
  t= 11.350  solver fallback: Newton
  t= 11.375  solver fallback: Newton
  t=  11.50  cb_failure         L33-CB3 {'rot': 0.01999}
  t=  12.13  cb_yield           L31-CB0 {'rot': 0.00854}
  t=  12.13  cb_yield           L32-CB0 {'rot': 0.00745}
  t=  12.13  cb_yield           L33-CB0 {'rot': 0.00706}
  t=  12.25  cb_failure         L27-CB0 {'rot': 0.01972}
  t= 12.275  solver fallback: Newton
  t=  13.13  cb_failure         L29-CB3 {'rot': 0.02274}
  t=  13.13  cb_failure         L30-CB3 {'rot': 0.02257}
  t=  13.13  cb_failure         L31-CB3 {'rot': 0.02222}
  t=  13.13  cb_failure         L32-CB3 {'rot': 0.02186}
  t= 13.200  solver fallback: Newton
  t=  13.25  cb_failure         L4-CB0 {'rot': 0.01986}
  t=  13.25  cb_failure         L4-CB1 {'rot': 0.01902}
  t=  13.25  cb_failure         L27-CB2 {'rot': 0.01992}
  t=  13.25  cb_failure         L28-CB2 {'rot': 0.02027}
  t=  13.25  cb_failure         L29-CB2 {'rot': 0.02031}
  t=  13.25  cb_failure         L30-CB2 {'rot': 0.0201}
  t=  13.25  cb_failure         L31-CB2 {'rot': 0.01967}
  t=  13.50  cb_failure         L4-CB2 {'rot': 0.02082}
  t=  13.50  cb_failure         L4-CB3 {'rot': 0.01986}
  t=  14.25  cb_failure         L23-CB2 {'rot': 0.01961}
  t=  14.25  cb_failure         L24-CB2 {'rot': 0.01971}
  t=  14.38  cb_failure         L20-CB2 {'rot': 0.02235}
  t=  14.38  cb_failure         L21-CB2 {'rot': 0.02244}
  t=  14.38  cb_failure         L22-CB2 {'rot': 0.02222}
  t=  14.50  cb_failure         L26-CB2 {'rot': 0.02205}
  t=  14.75  cb_failure         L24-CB0 {'rot': 0.01983}
  t=  14.88  cb_failure         L25-CB0 {'rot': 0.02077}
  t=  14.88  cb_failure         L26-CB0 {'rot': 0.02025}
  t= 14.900  solver fallback: Newton
  t= 14.925  solver fallback: Newton
  t= 14.975  solver fallback: Newton
  t=  15.00  cb_failure         L28-CB0 {'rot': 0.02096}
  t=  15.00  cb_failure         L29-CB0 {'rot': 0.01968}
  t=  15.00  cb_failure         L31-CB0 {'rot': 0.01978}
  t=  15.00  cb_failure         L32-CB0 {'rot': 0.01973}
  t=  15.75  cb_failure         L30-CB1 {'rot': 0.02042}
  t=  15.75  cb_failure         L31-CB1 {'rot': 0.01981}
  t=  15.75  cb_failure         L32-CB1 {'rot': 0.01969}
  t=  15.75  cb_failure         L33-CB1 {'rot': 0.01972}
  t=  15.88  cb_failure         L32-CB2 {'rot': 0.02083}
  t=  15.88  cb_failure         L33-CB2 {'rot': 0.0206}
  t=  16.00  cb_failure         L30-CB0 {'rot': 0.02486}
  t=  16.00  cb_failure         L33-CB0 {'rot': 0.02382}
  t=  17.63  cb_failure         L3-CB1 {'rot': 0.02206}
  t= 18.100  solver fallback: Newton
  progress t=  20.0s  max corner drift so far=0.0191  wall clock=269s
  t=  20.25  cb_failure         L3-CB3 {'rot': 0.01997}
  t=  20.50  cb_failure         L3-CB2 {'rot': 0.01895}
  t=  20.62  cb_failure         L2-CB3 {'rot': 0.01981}
  t=  21.25  cb_failure         L2-CB2 {'rot': 0.01891}
  progress t=  30.0s  max corner drift so far=0.0246  wall clock=399s
  t=  30.12  cb_failure         L3-CB0 {'rot': 0.02292}
  t=  30.25  cb_failure         L2-CB0 {'rot': 0.02141}
  t=  30.25  cb_failure         L2-CB1 {'rot': 0.02082}
  progress t=  40.0s  max corner drift so far=0.0246  wall clock=543s
  t=  43.25  cb_failure         L1-CB2 {'rot': 0.02146}
  t=  43.25  cb_failure         L1-CB3 {'rot': 0.02178}
  t=  44.50  punching           L29-col21 {'drift': np.float64(0.022), 'vg_vc': 0.367, 'conn': 'column'}
  t=  44.50  punching           L30-col21 {'drift': np.float64(0.0221), 'vg_vc': 0.361, 'conn': 'column'}
  t=  44.62  punching           L29-col22 {'drift': np.float64(0.0231), 'vg_vc': 0.354, 'conn': 'column'}
  t=  44.62  punching           L30-col22 {'drift': np.float64(0.0232), 'vg_vc': 0.355, 'conn': 'column'}
  t=  44.62  punching           L31-col21 {'drift': np.float64(0.0221), 'vg_vc': 0.402, 'conn': 'column'}
  t=  44.62  punching           L31-col22 {'drift': np.float64(0.0232), 'vg_vc': 0.355, 'conn': 'column'}
  t=  44.62  punching           L32-col21 {'drift': np.float64(0.0221), 'vg_vc': 0.398, 'conn': 'column'}
  t=  44.62  punching           L32-col22 {'drift': np.float64(0.0228), 'vg_vc': 0.354, 'conn': 'column'}
  t=  44.62  punching           L33-col21 {'drift': np.float64(0.0219), 'vg_vc': 0.38, 'conn': 'column'}
  t=  44.65  punching           L29-col23 {'drift': np.float64(0.0217), 'vg_vc': 0.371, 'conn': 'column'}
  t=  44.65  punching           L30-col23 {'drift': np.float64(0.0218), 'vg_vc': 0.369, 'conn': 'column'}
  t=  44.65  punching           L31-col23 {'drift': np.float64(0.0218), 'vg_vc': 0.364, 'conn': 'column'}
  t=  44.67  punching           L32-col23 {'drift': np.float64(0.0222), 'vg_vc': 0.359, 'conn': 'column'}
  t=  44.75  punching           L29-col17 {'drift': np.float64(0.0234), 'vg_vc': 0.412, 'conn': 'column'}
  t=  44.75  punching           L29-col18 {'drift': np.float64(0.0209), 'vg_vc': 0.419, 'conn': 'column'}
  t=  44.75  punching           L30-col17 {'drift': np.float64(0.0235), 'vg_vc': 0.418, 'conn': 'column'}
  t=  44.75  punching           L30-col18 {'drift': np.float64(0.0209), 'vg_vc': 0.419, 'conn': 'column'}
  t=  44.75  punching           L31-col17 {'drift': np.float64(0.0235), 'vg_vc': 0.412, 'conn': 'column'}
  t=  44.75  punching           L31-col18 {'drift': np.float64(0.0209), 'vg_vc': 0.426, 'conn': 'column'}
  t=  44.75  punching           L32-col17 {'drift': np.float64(0.0232), 'vg_vc': 0.403, 'conn': 'column'}
  t=  44.75  punching           L32-col18 {'drift': np.float64(0.0207), 'vg_vc': 0.392, 'conn': 'column'}
  t=  44.80  punching           L28-col22 {'drift': np.float64(0.0263), 'vg_vc': 0.278, 'conn': 'column'}
  t=  44.80  punching           L29-col14 {'drift': np.float64(0.02), 'vg_vc': 0.401, 'conn': 'column'}
  t=  44.80  punching           L29-col24 {'drift': np.float64(0.0229), 'vg_vc': 0.341, 'conn': 'column'}
  t=  44.80  punching           L30-col24 {'drift': np.float64(0.023), 'vg_vc': 0.341, 'conn': 'column'}
  t=  44.80  punching           L33-col22 {'drift': np.float64(0.0256), 'vg_vc': 0.294, 'conn': 'column'}
  t=  44.82  punching           L30-col14 {'drift': np.float64(0.0202), 'vg_vc': 0.399, 'conn': 'column'}
  t=  44.82  punching           L31-col24 {'drift': np.float64(0.0233), 'vg_vc': 0.335, 'conn': 'column'}
  t=  44.85  punching           L31-col14 {'drift': np.float64(0.0204), 'vg_vc': 0.393, 'conn': 'column'}
  t=  44.85  punching           L33-col14 {'drift': np.float64(0.0197), 'vg_vc': 0.409, 'conn': 'column'}
  t=  44.85  punching           L33-col23 {'drift': np.float64(0.024), 'vg_vc': 0.321, 'conn': 'column'}
  t=  44.87  punching           L29-col19 {'drift': np.float64(0.0204), 'vg_vc': 0.419, 'conn': 'column'}
  t=  44.87  punching           L30-col19 {'drift': np.float64(0.0206), 'vg_vc': 0.418, 'conn': 'column'}
  t=  44.87  punching           L31-col19 {'drift': np.float64(0.0206), 'vg_vc': 0.441, 'conn': 'column'}
  t=  44.87  punching           L32-col14 {'drift': np.float64(0.0204), 'vg_vc': 0.641, 'conn': 'column'}
  t=  44.87  punching           L32-col15 {'drift': np.float64(0.0172), 'vg_vc': 0.479, 'conn': 'column'}
  t=  44.87  punching           L33-col17 {'drift': np.float64(0.0239), 'vg_vc': 0.406, 'conn': 'column'}
  t=  44.87  punching           L33-col18 {'drift': np.float64(0.0215), 'vg_vc': 0.455, 'conn': 'column'}
  t=  44.90  punching           L29-col15 {'drift': np.float64(0.0173), 'vg_vc': 0.457, 'conn': 'column'}
  t=  44.90  punching           L31-col16 {'drift': np.float64(0.0269), 'vg_vc': 0.263, 'conn': 'column'}
  t=  45.00  punching           L26-col23 {'drift': np.float64(0.0231), 'vg_vc': 0.343, 'conn': 'column'}
  t=  45.00  punching           L27-col22 {'drift': np.float64(0.0262), 'vg_vc': 0.291, 'conn': 'column'}
  t=  45.00  punching           L27-col23 {'drift': np.float64(0.0239), 'vg_vc': 0.349, 'conn': 'column'}
  t=  45.00  punching           L28-col17 {'drift': np.float64(0.0245), 'vg_vc': 0.345, 'conn': 'column'}
  t=  45.00  punching           L28-col23 {'drift': np.float64(0.025), 'vg_vc': 0.337, 'conn': 'column'}
  t=  45.00  punching           L29-col11 {'drift': np.float64(0.017), 'vg_vc': 0.474, 'conn': 'column'}
  t=  45.00  punching           L30-col11 {'drift': np.float64(0.0171), 'vg_vc': 0.46, 'conn': 'column'}
  t=  45.00  punching           L31-col11 {'drift': np.float64(0.0171), 'vg_vc': 0.458, 'conn': 'column'}
  t=  45.00  punching           L32-col24 {'drift': np.float64(0.0244), 'vg_vc': 0.335, 'conn': 'column'}
  t=  45.00  punching           L33-col19 {'drift': np.float64(0.0209), 'vg_vc': 0.444, 'conn': 'column'}
  t=  45.12  punching           L30-col15 {'drift': np.float64(0.0177), 'vg_vc': 0.46, 'conn': 'column'}
  t=  45.12  punching           L31-col15 {'drift': np.float64(0.0177), 'vg_vc': 0.49, 'conn': 'column'}
  t=  45.12  punching           L32-col11 {'drift': np.float64(0.017), 'vg_vc': 0.488, 'conn': 'column'}
  t=  45.12  punching           L32-col19 {'drift': np.float64(0.0213), 'vg_vc': 0.405, 'conn': 'column'}
  t=  45.12  punching           L33-col11 {'drift': np.float64(0.0167), 'vg_vc': 0.53, 'conn': 'column'}
  t=  45.12  punching           L33-col15 {'drift': np.float64(0.0174), 'vg_vc': 0.481, 'conn': 'column'}
  t=  45.37  punching           L32-col13 {'drift': np.float64(0.0231), 'vg_vc': 0.38, 'conn': 'column'}
  t=  45.37  punching           L33-col24 {'drift': np.float64(0.0242), 'vg_vc': 0.327, 'conn': 'column'}
  t=  45.62  punching           L32-col16 {'drift': np.float64(0.0271), 'vg_vc': 0.258, 'conn': 'column'}
  t=  45.75  punching           L29-col16 {'drift': np.float64(0.0271), 'vg_vc': 0.27, 'conn': 'column'}
  t=  45.75  punching           L30-col16 {'drift': np.float64(0.0273), 'vg_vc': 0.269, 'conn': 'column'}
  t=  45.75  punching           L33-col13 {'drift': np.float64(0.0227), 'vg_vc': 0.368, 'conn': 'column'}
  t=  45.75  punching           L33-col16 {'drift': np.float64(0.0266), 'vg_vc': 0.293, 'conn': 'column'}
  t=  45.87  punching           L29-col12 {'drift': np.float64(0.0128), 'vg_vc': 0.559, 'conn': 'column'}
  t=  45.87  punching           L30-col12 {'drift': np.float64(0.013), 'vg_vc': 0.543, 'conn': 'column'}
  t=  45.87  punching           L31-col12 {'drift': np.float64(0.013), 'vg_vc': 0.541, 'conn': 'column'}
  t=  45.87  punching           L32-col12 {'drift': np.float64(0.013), 'vg_vc': 0.566, 'conn': 'column'}
  t=  46.00  punching           L31-col13 {'drift': np.float64(0.0233), 'vg_vc': 0.338, 'conn': 'column'}
  t=  46.12  punching           L29-col13 {'drift': np.float64(0.0231), 'vg_vc': 0.342, 'conn': 'column'}
  t=  46.12  punching           L33-col12 {'drift': np.float64(0.0128), 'vg_vc': 0.669, 'conn': 'column'}
  t=  47.62  punching           L30-col13 {'drift': np.float64(0.0233), 'vg_vc': 0.338, 'conn': 'column'}
  t=  49.12  punching           L30-col25 {'drift': np.float64(0.0246), 'vg_vc': 0.313, 'conn': 'column'}
  t=  49.12  punching           L31-col25 {'drift': np.float64(0.0246), 'vg_vc': 0.312, 'conn': 'column'}
  t=  49.12  punching           L32-col25 {'drift': np.float64(0.0246), 'vg_vc': 0.313, 'conn': 'column'}
  t=  49.25  punching           L29-col25 {'drift': np.float64(0.0244), 'vg_vc': 0.337, 'conn': 'column'}
  progress t=  50.0s  max corner drift so far=0.0300  wall clock=691s
  t=  53.00  punching           L26-col22 {'drift': np.float64(0.0253), 'vg_vc': 0.296, 'conn': 'column'}
  t=  58.50  punching           L27-col16 {'drift': np.float64(0.0265), 'vg_vc': 0.286, 'conn': 'column'}
  t=  58.62  punching           L26-col16 {'drift': np.float64(0.0252), 'vg_vc': 0.297, 'conn': 'column'}
  t=  58.87  punching           L33-col25 {'drift': np.float64(0.0275), 'vg_vc': 0.252, 'conn': 'column'}
  progress t=  60.0s  max corner drift so far=0.0329  wall clock=842s
  t=  61.00  punching           L29-col9 {'drift': np.float64(0.0223), 'vg_vc': 0.358, 'conn': 'column'}
  t=  61.12  punching           L30-col9 {'drift': np.float64(0.0221), 'vg_vc': 0.367, 'conn': 'column'}
  t=  61.12  punching           L31-col9 {'drift': np.float64(0.0219), 'vg_vc': 0.366, 'conn': 'column'}
  t=  63.37  punching           L29-col20 {'drift': np.float64(0.0252), 'vg_vc': 0.3, 'conn': 'column'}
  t=  63.37  punching           L30-col20 {'drift': np.float64(0.0255), 'vg_vc': 0.3, 'conn': 'column'}
  t=  63.37  punching           L31-col20 {'drift': np.float64(0.0256), 'vg_vc': 0.303, 'conn': 'column'}
  t=  63.37  punching           L32-col20 {'drift': np.float64(0.0256), 'vg_vc': 0.301, 'conn': 'column'}
  t=  63.37  punching           L33-col20 {'drift': np.float64(0.0254), 'vg_vc': 0.306, 'conn': 'column'}
  progress t=  70.0s  max corner drift so far=0.0329  wall clock=973s
  progress t=  80.0s  max corner drift so far=0.0329  wall clock=1093s
  progress t=  90.0s  max corner drift so far=0.0329  wall clock=1211s
  progress t= 100.0s  max corner drift so far=0.0329  wall clock=1327s
