  t=   2.75  cb_yield           L6-CB3 {'rot': 0.00615}
  t=   2.75  cb_yield           L7-CB3 {'rot': 0.0063}
  t=   2.75  cb_yield           L8-CB3 {'rot': 0.00634}
  t=   2.75  cb_yield           L9-CB3 {'rot': 0.0063}
  t=   2.75  cb_yield           L10-CB3 {'rot': 0.00621}
  t=   2.75  cb_yield           L11-CB3 {'rot': 0.00608}
  t=   2.75  cb_yield           L12-CB3 {'rot': 0.00592}
  t=   2.87  cb_yield           L5-CB2 {'rot': 0.006}
  t=   2.87  cb_yield           L5-CB3 {'rot': 0.00636}
  t=   2.87  cb_yield           L6-CB1 {'rot': 0.00603}
  t=   2.87  cb_yield           L6-CB2 {'rot': 0.0063}
  t=   2.87  cb_yield           L7-CB1 {'rot': 0.00616}
  t=   2.87  cb_yield           L7-CB2 {'rot': 0.00646}
  t=   2.87  cb_yield           L8-CB1 {'rot': 0.00618}
  t=   2.87  cb_yield           L8-CB2 {'rot': 0.00651}
  t=   2.87  cb_yield           L9-CB1 {'rot': 0.00612}
  t=   2.87  cb_yield           L9-CB2 {'rot': 0.00646}
  t=   2.87  cb_yield           L10-CB1 {'rot': 0.006}
  t=   2.87  cb_yield           L10-CB2 {'rot': 0.00634}
  t=   2.87  cb_yield           L11-CB2 {'rot': 0.00619}
  t=   2.87  cb_yield           L12-CB2 {'rot': 0.00601}
  t=   2.87  cb_yield           L13-CB3 {'rot': 0.00655}
  t=   2.87  cb_yield           L14-CB3 {'rot': 0.00638}
  t=   2.87  cb_yield           L15-CB3 {'rot': 0.00621}
  t=   2.87  cb_yield           L16-CB3 {'rot': 0.00604}
  t=   3.00  cb_yield           L4-CB2 {'rot': 0.00592}
  t=   3.00  cb_yield           L4-CB3 {'rot': 0.00628}
  t=   3.00  cb_yield           L5-CB0 {'rot': 0.00597}
  t=   3.00  cb_yield           L5-CB1 {'rot': 0.00634}
  t=   3.00  cb_yield           L6-CB0 {'rot': 0.00628}
  t=   3.00  cb_yield           L7-CB0 {'rot': 0.00645}
  t=   3.00  cb_yield           L8-CB0 {'rot': 0.00649}
  t=   3.00  cb_yield           L9-CB0 {'rot': 0.00643}
  t=   3.00  cb_yield           L10-CB0 {'rot': 0.0063}
  t=   3.00  cb_yield           L11-CB0 {'rot': 0.00612}
  t=   3.00  cb_yield           L11-CB1 {'rot': 0.00679}
  t=   3.00  cb_yield           L12-CB0 {'rot': 0.00591}
  t=   3.00  cb_yield           L12-CB1 {'rot': 0.00662}
  t=   3.00  cb_yield           L13-CB1 {'rot': 0.00641}
  t=   3.00  cb_yield           L13-CB2 {'rot': 0.0068}
  t=   3.00  cb_yield           L14-CB1 {'rot': 0.00618}
  t=   3.00  cb_yield           L14-CB2 {'rot': 0.00661}
  t=   3.00  cb_yield           L15-CB1 {'rot': 0.00595}
  t=   3.00  cb_yield           L15-CB2 {'rot': 0.00641}
  t=   3.00  cb_yield           L16-CB2 {'rot': 0.00622}
  t=   3.00  cb_yield           L17-CB3 {'rot': 0.00693}
  t=   3.00  cb_yield           L18-CB3 {'rot': 0.00672}
  t=   3.12  cb_yield           L3-CB3 {'rot': 0.0059}
  t=   3.12  cb_yield           L4-CB0 {'rot': 0.00599}
  t=   3.12  cb_yield           L4-CB1 {'rot': 0.00637}
  t=   3.12  cb_yield           L13-CB0 {'rot': 0.00663}
  t=   3.12  cb_yield           L14-CB0 {'rot': 0.00634}
  t=   3.12  cb_yield           L15-CB0 {'rot': 0.00603}
  t=   3.12  cb_yield           L16-CB1 {'rot': 0.00672}
  t=   3.12  cb_yield           L17-CB2 {'rot': 0.00708}
  t=   3.12  cb_yield           L18-CB2 {'rot': 0.00681}
  t=   3.12  cb_yield           L19-CB2 {'rot': 0.00653}
  t=   3.12  cb_yield           L19-CB3 {'rot': 0.00768}
  t=   3.12  cb_yield           L20-CB3 {'rot': 0.00742}
  t=   3.12  cb_yield           L21-CB3 {'rot': 0.00713}
  t=   3.12  cb_yield           L22-CB3 {'rot': 0.00683}
  t=   3.25  cb_yield           L3-CB1 {'rot': 0.00598}
  t=   3.25  cb_yield           L3-CB2 {'rot': 0.00608}
  t=   3.25  cb_yield           L16-CB0 {'rot': 0.00668}
  t=   3.25  cb_yield           L17-CB1 {'rot': 0.00737}
  t=   3.25  cb_yield           L18-CB1 {'rot': 0.00691}
  t=   3.25  cb_yield           L20-CB2 {'rot': 0.00713}
  t=   3.25  cb_yield           L21-CB2 {'rot': 0.00674}
  t=   3.25  cb_yield           L23-CB3 {'rot': 0.00726}
  t=   3.25  cb_yield           L24-CB3 {'rot': 0.00684}
  t=   3.37  cb_yield           L3-CB0 {'rot': 0.00603}
  t=   3.37  cb_yield           L17-CB0 {'rot': 0.00709}
  t=   3.37  cb_yield           L19-CB1 {'rot': 0.00735}
  t=   3.37  cb_yield           L20-CB1 {'rot': 0.00676}
  t=   3.37  cb_yield           L22-CB2 {'rot': 0.00678}
  t=   3.37  cb_yield           L25-CB3 {'rot': 0.00674}
  t=   3.50  cb_yield           L18-CB0 {'rot': 0.00723}
  t=   3.50  cb_yield           L21-CB1 {'rot': 0.00677}
  t=   3.62  cb_yield           L2-CB3 {'rot': 0.00606}
  t=   3.62  cb_yield           L19-CB0 {'rot': 0.00703}
  t=   3.75  cb_failure         L9-CB2 {'rot': 0.02105}
  t=   3.75  cb_yield           L20-CB0 {'rot': 0.00654}
  t=   3.75  cb_yield           L22-CB1 {'rot': 0.00656}
  t=   4.00  cb_failure         L11-CB3 {'rot': 0.02019}
  t=   4.00  cb_failure         L12-CB3 {'rot': 0.02036}
  t=   4.00  cb_failure         L13-CB3 {'rot': 0.02023}
  t=   4.12  cb_failure         L14-CB3 {'rot': 0.01998}
  t=   4.37  cb_yield           L21-CB0 {'rot': 0.00668}
  t=   4.37  cb_yield           L23-CB1 {'rot': 0.00682}
  t=   6.00  cb_yield           L23-CB2 {'rot': 0.00668}
  t=   6.13  cb_yield           L24-CB2 {'rot': 0.00663}
  t=   6.38  cb_yield           L2-CB0 {'rot': 0.00641}
  t=   6.38  cb_yield           L2-CB1 {'rot': 0.00608}
  t=   6.38  cb_yield           L2-CB2 {'rot': 0.00629}
  t=   6.38  cb_yield           L25-CB2 {'rot': 0.00676}
  t=   6.63  cb_yield           L1-CB2 {'rot': 0.00629}
  t=   6.63  cb_yield           L1-CB3 {'rot': 0.00611}
  t=   6.75  cb_yield           L1-CB0 {'rot': 0.00645}
  t=   6.75  cb_yield           L1-CB1 {'rot': 0.00646}
  t=   6.75  cb_failure         L6-CB2 {'rot': 0.02044}
  t=   6.75  cb_failure         L6-CB3 {'rot': 0.02017}
  t=   6.75  cb_failure         L7-CB2 {'rot': 0.0209}
  t=   6.75  cb_failure         L7-CB3 {'rot': 0.02058}
  t=   6.75  cb_failure         L8-CB2 {'rot': 0.0209}
  t=   6.75  cb_failure         L8-CB3 {'rot': 0.02053}
  t=   6.75  cb_failure         L9-CB3 {'rot': 0.02009}
  t=   6.88  cb_failure         L4-CB2 {'rot': 0.02102}
  t=   6.88  cb_failure         L4-CB3 {'rot': 0.02112}
  t=   6.88  cb_failure         L5-CB2 {'rot': 0.02287}
  t=   6.88  cb_failure         L5-CB3 {'rot': 0.02295}
  t=   6.88  cb_failure         L10-CB2 {'rot': 0.02221}
  t=   6.88  cb_failure         L10-CB3 {'rot': 0.02208}
  t=   6.88  cb_failure         L11-CB2 {'rot': 0.02081}
  t=   7.00  cb_failure         L3-CB2 {'rot': 0.02078}
  t=   7.00  cb_failure         L3-CB3 {'rot': 0.0211}
  t=   7.00  cb_failure         L6-CB1 {'rot': 0.01999}
  t=   7.00  cb_failure         L7-CB1 {'rot': 0.02009}
  t=   7.00  cb_failure         L12-CB2 {'rot': 0.02199}
  t=   7.13  cb_failure         L5-CB1 {'rot': 0.02073}
  t=   7.13  cb_failure         L6-CB0 {'rot': 0.02062}
  t=   7.13  cb_failure         L7-CB0 {'rot': 0.021}
  t=   7.13  cb_failure         L8-CB0 {'rot': 0.02091}
  t=   7.13  cb_failure         L8-CB1 {'rot': 0.02181}
  t=   7.13  cb_failure         L9-CB0 {'rot': 0.02041}
  t=   7.13  cb_failure         L9-CB1 {'rot': 0.02123}
  t=   7.13  cb_failure         L10-CB1 {'rot': 0.02027}
  t=   7.13  cb_failure         L12-CB0 {'rot': 0.02095}
  t=   7.13  cb_failure         L13-CB2 {'rot': 0.02304}
  t=   7.13  cb_failure         L14-CB2 {'rot': 0.02014}
  t=   7.13  cb_failure         L15-CB2 {'rot': 0.02024}
  t=   7.25  cb_failure         L5-CB0 {'rot': 0.02037}
  t=   7.25  cb_failure         L10-CB0 {'rot': 0.02236}
  t=   7.25  cb_failure         L11-CB0 {'rot': 0.0216}
  t=   7.25  cb_failure         L11-CB1 {'rot': 0.02201}
  t=   7.25  cb_failure         L12-CB1 {'rot': 0.02075}
  t=   7.25  cb_failure         L13-CB0 {'rot': 0.02071}
  t=   7.25  cb_failure         L15-CB3 {'rot': 0.02111}
  t=   7.25  cb_failure         L16-CB3 {'rot': 0.02065}
  t=   7.38  cb_failure         L13-CB1 {'rot': 0.02277}
  t=   7.38  cb_failure         L14-CB0 {'rot': 0.02108}
  t=   7.38  cb_failure         L14-CB1 {'rot': 0.02118}
  t=   7.38  cb_failure         L16-CB2 {'rot': 0.02335}
  t=   7.50  cb_failure         L15-CB0 {'rot': 0.02306}
  t=   7.50  cb_failure         L15-CB1 {'rot': 0.02295}
  t=   7.50  cb_failure         L16-CB0 {'rot': 0.02119}
  t=   7.50  cb_failure         L16-CB1 {'rot': 0.02098}
  t=   7.50  cb_failure         L17-CB2 {'rot': 0.02362}
  t=   7.50  cb_failure         L17-CB3 {'rot': 0.02309}
  t=   7.50  cb_failure         L18-CB3 {'rot': 0.02256}
  t=   7.63  cb_failure         L17-CB0 {'rot': 0.02149}
  t=   7.63  cb_failure         L17-CB1 {'rot': 0.0212}
  t=   7.63  cb_failure         L18-CB2 {'rot': 0.02345}
  t=   7.63  cb_failure         L19-CB2 {'rot': 0.02239}
  t=   7.75  cb_failure         L4-CB0 {'rot': 0.02138}
  t=   7.75  cb_failure         L4-CB1 {'rot': 0.02102}
  t=   7.75  cb_failure         L18-CB0 {'rot': 0.02134}
  t=   7.75  cb_failure         L18-CB1 {'rot': 0.02065}
  t=   7.75  cb_failure         L19-CB3 {'rot': 0.02298}
  t=   7.75  cb_yield           L22-CB0 {'rot': 0.00786}
  t=   7.88  cb_failure         L20-CB0 {'rot': 0.02262}
  t=   7.88  cb_failure         L20-CB2 {'rot': 0.02362}
  t=   7.88  cb_failure         L20-CB3 {'rot': 0.02269}
  t=   7.88  cb_failure         L21-CB2 {'rot': 0.0206}
  t=   7.88  cb_failure         L22-CB2 {'rot': 0.02298}
  t=   7.88  cb_yield           L23-CB0 {'rot': 0.00672}
  t=   7.88  cb_yield           L26-CB2 {'rot': 0.00845}
  t=   7.88  cb_yield           L26-CB3 {'rot': 0.00744}
  t=   7.88  cb_yield           L27-CB2 {'rot': 0.0073}
  t=   8.00  cb_failure         L3-CB0 {'rot': 0.02058}
  t=   8.00  cb_failure         L19-CB0 {'rot': 0.02114}
  t=   8.00  cb_failure         L21-CB3 {'rot': 0.02238}
  t=   8.00  cb_yield           L27-CB3 {'rot': 0.00983}
  t=   8.00  cb_yield           L28-CB2 {'rot': 0.00962}
  t=   8.00  cb_yield           L28-CB3 {'rot': 0.00854}
  t=   8.00  cb_yield           L29-CB2 {'rot': 0.00852}
  t=   8.00  cb_yield           L29-CB3 {'rot': 0.00742}
  t=   8.00  cb_yield           L30-CB2 {'rot': 0.00761}
  t=   8.00  cb_yield           L31-CB2 {'rot': 0.00691}
  t=   8.13  cb_failure         L19-CB1 {'rot': 0.02171}
  t=   8.13  cb_failure         L21-CB0 {'rot': 0.02283}
  t=   8.13  cb_failure         L21-CB1 {'rot': 0.02199}
  t=   8.13  cb_failure         L22-CB3 {'rot': 0.02224}
  t=   8.13  cb_failure         L23-CB2 {'rot': 0.0211}
  t=   8.13  cb_yield           L24-CB0 {'rot': 0.00864}
  t=   8.13  cb_yield           L24-CB1 {'rot': 0.00776}
  t=   8.13  cb_yield           L30-CB3 {'rot': 0.00851}
  t=   8.13  cb_yield           L31-CB3 {'rot': 0.00768}
  t=   8.13  cb_yield           L32-CB2 {'rot': 0.00852}
  t=   8.13  cb_yield           L32-CB3 {'rot': 0.00711}
  t=   8.13  cb_yield           L33-CB2 {'rot': 0.00829}
  t=   8.13  cb_yield           L33-CB3 {'rot': 0.00685}
  t=   8.25  cb_failure         L20-CB1 {'rot': 0.02097}
  t=   8.25  cb_failure         L23-CB3 {'rot': 0.02145}
  t=   8.25  cb_yield           L25-CB0 {'rot': 0.00799}
  t=   8.25  cb_yield           L25-CB1 {'rot': 0.0069}
  t=   8.38  cb_failure         L24-CB2 {'rot': 0.02128}
  t=   8.38  cb_yield           L26-CB0 {'rot': 0.00704}
  t=   8.50  cb_failure         L22-CB0 {'rot': 0.0228}
  t=   8.50  cb_failure         L22-CB1 {'rot': 0.02208}
  t=   8.50  cb_failure         L24-CB0 {'rot': 0.02088}
  t=   8.50  cb_failure         L24-CB3 {'rot': 0.02211}
  t=   8.50  cb_yield           L26-CB1 {'rot': 0.00754}
  t=   8.63  cb_failure         L23-CB0 {'rot': 0.02345}
  t=   8.63  cb_failure         L23-CB1 {'rot': 0.02257}
  t=   8.63  cb_yield           L27-CB0 {'rot': 0.00754}
  t=   8.63  cb_yield           L27-CB1 {'rot': 0.00665}
  t=  8.625  solver fallback: Newton
  t=   8.75  cb_failure         L24-CB1 {'rot': 0.02106}
  t=   8.75  cb_failure         L25-CB2 {'rot': 0.02076}
  t=   8.75  cb_yield           L28-CB0 {'rot': 0.00756}
  t=   8.88  cb_failure         L25-CB0 {'rot': 0.02164}
  t=   8.88  cb_failure         L25-CB1 {'rot': 0.0207}
  t=   8.88  cb_failure         L25-CB3 {'rot': 0.02086}
  t=   8.88  cb_failure         L26-CB0 {'rot': 0.02288}
  t=   8.88  cb_failure         L26-CB1 {'rot': 0.02261}
  t=   8.88  cb_yield           L28-CB1 {'rot': 0.01082}
  t=   8.88  cb_yield           L29-CB0 {'rot': 0.00912}
  t=   8.88  cb_yield           L29-CB1 {'rot': 0.00816}
  t=   8.88  cb_yield           L30-CB0 {'rot': 0.00715}
  t=   9.00  cb_failure         L26-CB2 {'rot': 0.02085}
  t=   9.00  cb_failure         L26-CB3 {'rot': 0.02176}
  t=   9.00  cb_yield           L30-CB1 {'rot': 0.01006}
  t=   9.00  cb_yield           L31-CB0 {'rot': 0.00882}
  t=   9.00  cb_yield           L31-CB1 {'rot': 0.00812}
  t=   9.00  cb_yield           L32-CB0 {'rot': 0.00766}
  t=   9.00  cb_yield           L32-CB1 {'rot': 0.00683}
  t=   9.00  cb_yield           L33-CB0 {'rot': 0.00728}
  t=   9.13  cb_failure         L29-CB0 {'rot': 0.021}
  t=   9.13  cb_yield           L33-CB1 {'rot': 0.00961}
  progress t=  10.0s  max corner drift so far=0.0094  wall clock=151s
  t=  11.25  cb_failure         L27-CB3 {'rot': 0.02402}
  t=  11.25  cb_failure         L28-CB3 {'rot': 0.02165}
  t=  11.38  cb_failure         L27-CB2 {'rot': 0.02912}
  t=  11.38  cb_failure         L28-CB2 {'rot': 0.02737}
  t=  11.38  cb_failure         L29-CB2 {'rot': 0.02584}
  t=  11.38  cb_failure         L29-CB3 {'rot': 0.02836}
  t=  11.38  cb_failure         L30-CB2 {'rot': 0.02466}
  t=  11.38  cb_failure         L30-CB3 {'rot': 0.02717}
  t=  11.38  cb_failure         L31-CB2 {'rot': 0.02388}
  t=  11.38  cb_failure         L31-CB3 {'rot': 0.02636}
  t=  11.38  cb_failure         L32-CB2 {'rot': 0.02346}
  t=  11.38  cb_failure         L32-CB3 {'rot': 0.02591}
  t=  11.38  cb_failure         L33-CB2 {'rot': 0.02331}
  t=  11.38  cb_failure         L33-CB3 {'rot': 0.02575}
  t=  12.00  cb_failure         L2-CB3 {'rot': 0.02218}
  t=  12.13  cb_failure         L27-CB1 {'rot': 0.02096}
  t=  12.25  cb_failure         L28-CB1 {'rot': 0.02386}
  t=  12.25  cb_failure         L29-CB1 {'rot': 0.02195}
  t=  12.25  cb_failure         L30-CB1 {'rot': 0.02057}
  t=  12.25  cb_failure         L33-CB1 {'rot': 0.02208}
  t=  12.38  cb_failure         L31-CB1 {'rot': 0.02508}
  t=  12.38  cb_failure         L32-CB1 {'rot': 0.02464}
  t=  12.63  cb_failure         L27-CB0 {'rot': 0.02568}
  t=  12.63  cb_failure         L28-CB0 {'rot': 0.02372}
  t=  12.75  cb_failure         L30-CB0 {'rot': 0.02896}
  t=  12.75  cb_failure         L31-CB0 {'rot': 0.02822}
  t=  12.75  cb_failure         L32-CB0 {'rot': 0.02767}
  t=  12.75  cb_failure         L33-CB0 {'rot': 0.02746}
  t= 13.350  solver fallback: Newton
  t=  13.50  cb_failure         L2-CB0 {'rot': 0.02102}
  t=  13.50  cb_failure         L3-CB1 {'rot': 0.021}
  t=  14.50  cb_failure         L2-CB1 {'rot': 0.02041}
  t=  14.63  cb_failure         L1-CB1 {'rot': 0.02015}
  progress t=  20.0s  max corner drift so far=0.0192  wall clock=334s
  t=  25.25  cb_failure         L2-CB2 {'rot': 0.02074}
  progress t=  30.0s  max corner drift so far=0.0192  wall clock=508s
  t=  32.70  wall_axial_failure S1-F {'gamma': 0.00082, 'eps': -0.00666, 'cause': 'crushing'}
  t=  32.75  cb_failure         L1-CB3 {'rot': 0.04546}
