  t=   3.00  cb_yield           L6-CB3 {'rot': 0.00605}
  t=   3.00  cb_yield           L7-CB3 {'rot': 0.00627}
  t=   3.00  cb_yield           L8-CB2 {'rot': 0.00594}
  t=   3.00  cb_yield           L8-CB3 {'rot': 0.00639}
  t=   3.00  cb_yield           L9-CB2 {'rot': 0.00594}
  t=   3.00  cb_yield           L9-CB3 {'rot': 0.00645}
  t=   3.00  cb_yield           L10-CB2 {'rot': 0.0059}
  t=   3.00  cb_yield           L10-CB3 {'rot': 0.00646}
  t=   3.00  cb_yield           L11-CB3 {'rot': 0.00643}
  t=   3.00  cb_yield           L12-CB3 {'rot': 0.00637}
  t=   3.00  cb_yield           L13-CB3 {'rot': 0.00628}
  t=   3.00  cb_yield           L14-CB3 {'rot': 0.00618}
  t=   3.00  cb_yield           L15-CB3 {'rot': 0.00607}
  t=   3.00  cb_yield           L16-CB3 {'rot': 0.00595}
  t=   3.12  cb_yield           L5-CB3 {'rot': 0.00627}
  t=   3.12  cb_yield           L6-CB1 {'rot': 0.00607}
  t=   3.12  cb_yield           L6-CB2 {'rot': 0.00625}
  t=   3.12  cb_yield           L7-CB1 {'rot': 0.00628}
  t=   3.12  cb_yield           L7-CB2 {'rot': 0.00648}
  t=   3.12  cb_yield           L8-CB0 {'rot': 0.00592}
  t=   3.12  cb_yield           L8-CB1 {'rot': 0.00638}
  t=   3.12  cb_yield           L9-CB1 {'rot': 0.00641}
  t=   3.12  cb_yield           L10-CB1 {'rot': 0.00637}
  t=   3.12  cb_yield           L11-CB1 {'rot': 0.00628}
  t=   3.12  cb_yield           L11-CB2 {'rot': 0.0066}
  t=   3.12  cb_yield           L12-CB1 {'rot': 0.00616}
  t=   3.12  cb_yield           L12-CB2 {'rot': 0.00652}
  t=   3.12  cb_yield           L13-CB1 {'rot': 0.00601}
  t=   3.12  cb_yield           L13-CB2 {'rot': 0.00641}
  t=   3.12  cb_yield           L14-CB2 {'rot': 0.00629}
  t=   3.12  cb_yield           L15-CB2 {'rot': 0.00616}
  t=   3.12  cb_yield           L16-CB2 {'rot': 0.00603}
  t=   3.12  cb_yield           L17-CB3 {'rot': 0.00675}
  t=   3.12  cb_yield           L18-CB3 {'rot': 0.00659}
  t=   3.25  cb_yield           L4-CB3 {'rot': 0.00625}
  t=   3.25  cb_yield           L5-CB0 {'rot': 0.00594}
  t=   3.25  cb_yield           L5-CB1 {'rot': 0.00634}
  t=   3.25  cb_yield           L5-CB2 {'rot': 0.00653}
  t=   3.25  cb_yield           L6-CB0 {'rot': 0.00632}
  t=   3.25  cb_yield           L7-CB0 {'rot': 0.00655}
  t=   3.25  cb_yield           L9-CB0 {'rot': 0.00667}
  t=   3.25  cb_yield           L10-CB0 {'rot': 0.00659}
  t=   3.25  cb_yield           L11-CB0 {'rot': 0.00645}
  t=   3.25  cb_yield           L12-CB0 {'rot': 0.00627}
  t=   3.25  cb_yield           L13-CB0 {'rot': 0.00605}
  t=   3.25  cb_yield           L14-CB1 {'rot': 0.00669}
  t=   3.25  cb_yield           L15-CB1 {'rot': 0.00646}
  t=   3.25  cb_yield           L16-CB1 {'rot': 0.00622}
  t=   3.25  cb_yield           L17-CB2 {'rot': 0.00668}
  t=   3.25  cb_yield           L19-CB3 {'rot': 0.00725}
  t=   3.25  cb_yield           L20-CB3 {'rot': 0.007}
  t=   3.25  cb_yield           L21-CB3 {'rot': 0.00673}
  t=   3.37  cb_yield           L4-CB1 {'rot': 0.00617}
  t=   3.37  cb_yield           L4-CB2 {'rot': 0.00643}
  t=   3.37  cb_yield           L14-CB0 {'rot': 0.00662}
  t=   3.37  cb_yield           L15-CB0 {'rot': 0.00629}
  t=   3.37  cb_yield           L16-CB0 {'rot': 0.00596}
  t=   3.37  cb_yield           L17-CB1 {'rot': 0.00659}
  t=   3.37  cb_yield           L18-CB2 {'rot': 0.00714}
  t=   3.37  cb_yield           L19-CB2 {'rot': 0.00678}
  t=   3.37  cb_yield           L22-CB3 {'rot': 0.00682}
  t=   3.50  cb_yield           L3-CB3 {'rot': 0.00615}
  t=   3.50  cb_yield           L4-CB0 {'rot': 0.00609}
  t=   3.50  cb_yield           L18-CB1 {'rot': 0.00679}
  t=   3.50  cb_yield           L20-CB2 {'rot': 0.00678}
  t=   3.50  cb_yield           L23-CB3 {'rot': 0.00661}
  t=   3.62  cb_yield           L3-CB2 {'rot': 0.0061}
  t=   3.62  cb_yield           L17-CB0 {'rot': 0.00668}
  t=   3.62  cb_yield           L19-CB1 {'rot': 0.0068}
  t=   3.62  cb_yield           L21-CB2 {'rot': 0.00656}
  t=   3.75  cb_yield           L18-CB0 {'rot': 0.00653}
  t=   3.75  cb_yield           L20-CB1 {'rot': 0.00667}
  t=   4.25  cb_yield           L21-CB1 {'rot': 0.00669}
  t=   5.50  cb_yield           L20-CB0 {'rot': 0.00653}
  t=   5.50  cb_yield           L21-CB0 {'rot': 0.00665}
  t=   5.50  cb_yield           L22-CB0 {'rot': 0.00668}
  t=   5.50  cb_yield           L23-CB0 {'rot': 0.00662}
  t=   5.63  cb_yield           L19-CB0 {'rot': 0.00671}
  t=   5.88  cb_yield           L22-CB2 {'rot': 0.00679}
  t=   6.00  cb_yield           L23-CB2 {'rot': 0.00679}
  t=   6.13  cb_yield           L3-CB0 {'rot': 0.00694}
  t=   6.13  cb_yield           L3-CB1 {'rot': 0.00668}
  t=   6.25  cb_yield           L2-CB0 {'rot': 0.0063}
  t=   6.25  cb_yield           L2-CB1 {'rot': 0.00599}
  t=   6.25  cb_yield           L2-CB2 {'rot': 0.00594}
  t=   6.25  cb_yield           L24-CB2 {'rot': 0.00659}
  t=   6.38  cb_yield           L2-CB3 {'rot': 0.00629}
  t=   6.38  cb_failure         L8-CB2 {'rot': 0.02103}
  t=   6.38  cb_failure         L10-CB0 {'rot': 0.01995}
  t=   6.38  cb_failure         L15-CB2 {'rot': 0.02022}
  t=   6.63  cb_yield           L1-CB2 {'rot': 0.00622}
  t=   6.63  cb_yield           L1-CB3 {'rot': 0.00599}
  t=   6.75  cb_yield           L1-CB0 {'rot': 0.00624}
  t=   6.75  cb_yield           L1-CB1 {'rot': 0.00619}
  t=   6.75  cb_failure         L6-CB2 {'rot': 0.02011}
  t=   6.75  cb_failure         L7-CB2 {'rot': 0.02072}
  t=   6.75  cb_failure         L7-CB3 {'rot': 0.02023}
  t=   6.75  cb_failure         L8-CB3 {'rot': 0.02034}
  t=   6.75  cb_failure         L9-CB2 {'rot': 0.0207}
  t=   6.75  cb_failure         L9-CB3 {'rot': 0.02008}
  t=   6.75  cb_failure         L10-CB2 {'rot': 0.02018}
  t=   6.88  cb_failure         L5-CB2 {'rot': 0.02149}
  t=   6.88  cb_failure         L5-CB3 {'rot': 0.02131}
  t=   6.88  cb_failure         L6-CB3 {'rot': 0.02239}
  t=   6.88  cb_failure         L10-CB3 {'rot': 0.02135}
  t=   6.88  cb_failure         L11-CB2 {'rot': 0.02065}
  t=   6.88  cb_failure         L11-CB3 {'rot': 0.02014}
  t=   6.88  cb_failure         L12-CB2 {'rot': 0.02005}
  t=   7.00  cb_failure         L4-CB2 {'rot': 0.02151}
  t=   7.00  cb_failure         L4-CB3 {'rot': 0.02155}
  t=   7.00  cb_failure         L12-CB3 {'rot': 0.02062}
  t=   7.00  cb_failure         L13-CB2 {'rot': 0.02013}
  t=   7.13  cb_failure         L13-CB3 {'rot': 0.02088}
  t=   7.13  cb_failure         L14-CB2 {'rot': 0.02022}
  t=   7.25  cb_failure         L7-CB1 {'rot': 0.02003}
  t=   7.25  cb_failure         L8-CB0 {'rot': 0.02007}
  t=   7.25  cb_failure         L8-CB1 {'rot': 0.02038}
  t=   7.25  cb_failure         L9-CB0 {'rot': 0.02009}
  t=   7.25  cb_failure         L9-CB1 {'rot': 0.02034}
  t=   7.25  cb_failure         L10-CB1 {'rot': 0.01995}
  t=   7.25  cb_failure         L11-CB0 {'rot': 0.02031}
  t=   7.25  cb_failure         L12-CB0 {'rot': 0.02042}
  t=   7.25  cb_failure         L14-CB3 {'rot': 0.02144}
  t=   7.38  cb_failure         L11-CB1 {'rot': 0.02081}
  t=   7.38  cb_failure         L12-CB1 {'rot': 0.02031}
  t=   7.38  cb_failure         L15-CB3 {'rot': 0.02248}
  t=   7.38  cb_failure         L16-CB2 {'rot': 0.02052}
  t=   7.38  cb_failure         L16-CB3 {'rot': 0.02034}
  t=   7.50  cb_failure         L7-CB0 {'rot': 0.02024}
  t=   7.50  cb_failure         L13-CB0 {'rot': 0.02161}
  t=   7.50  cb_failure         L13-CB1 {'rot': 0.02129}
  t=   7.50  cb_failure         L14-CB0 {'rot': 0.02078}
  t=   7.50  cb_failure         L14-CB1 {'rot': 0.02044}
  t=   7.63  cb_failure         L6-CB0 {'rot': 0.02001}
  t=   7.63  cb_failure         L15-CB0 {'rot': 0.02116}
  t=   7.63  cb_failure         L15-CB1 {'rot': 0.02063}
  t=   7.63  cb_failure         L16-CB0 {'rot': 0.01997}
  t=   7.63  cb_failure         L17-CB2 {'rot': 0.02247}
  t=   7.63  cb_failure         L17-CB3 {'rot': 0.02172}
  t=   7.75  cb_failure         L6-CB1 {'rot': 0.02022}
  t=   7.75  cb_failure         L16-CB1 {'rot': 0.02014}
  t=   7.75  cb_failure         L18-CB2 {'rot': 0.02163}
  t=   7.75  cb_failure         L18-CB3 {'rot': 0.02079}
  t=   7.88  cb_failure         L3-CB0 {'rot': 0.02047}
  t=   7.88  cb_failure         L5-CB0 {'rot': 0.02068}
  t=   7.88  cb_failure         L19-CB2 {'rot': 0.02068}
  t=   7.88  cb_yield           L22-CB1 {'rot': 0.00657}
  t=   7.88  cb_yield           L24-CB3 {'rot': 0.00929}
  t=   7.88  cb_yield           L25-CB2 {'rot': 0.00905}
  t=   7.88  cb_yield           L25-CB3 {'rot': 0.00798}
  t=   7.88  cb_yield           L26-CB2 {'rot': 0.00797}
  t=   7.88  cb_yield           L26-CB3 {'rot': 0.00689}
  t=   7.88  cb_yield           L27-CB2 {'rot': 0.00706}
  t=   8.00  cb_failure         L5-CB1 {'rot': 0.02075}
  t=   8.00  cb_yield           L27-CB3 {'rot': 0.00821}
  t=   8.00  cb_yield           L28-CB2 {'rot': 0.00837}
  t=   8.00  cb_yield           L28-CB3 {'rot': 0.00729}
  t=   8.00  cb_yield           L29-CB2 {'rot': 0.00752}
  t=   8.00  cb_yield           L30-CB2 {'rot': 0.00677}
  t=   8.13  cb_failure         L17-CB0 {'rot': 0.02066}
  t=   8.13  cb_failure         L19-CB3 {'rot': 0.02075}
  t=   8.13  cb_yield           L29-CB3 {'rot': 0.00741}
  t=   8.13  cb_yield           L30-CB3 {'rot': 0.00666}
  t=   8.13  cb_yield           L31-CB2 {'rot': 0.00717}
  t=   8.13  cb_yield           L32-CB2 {'rot': 0.00671}
  t=   8.25  cb_failure         L17-CB1 {'rot': 0.02081}
  t=   8.25  cb_failure         L20-CB2 {'rot': 0.02084}
  t=   8.38  cb_failure         L18-CB0 {'rot': 0.02173}
  t=   8.38  cb_failure         L18-CB1 {'rot': 0.02055}
  t=   8.38  cb_failure         L20-CB3 {'rot': 0.02164}
  t=   8.38  cb_yield           L23-CB1 {'rot': 0.00681}
  t=   8.50  cb_failure         L19-CB0 {'rot': 0.02146}
  t=   8.50  cb_failure         L21-CB0 {'rot': 0.02177}
  t=   8.50  cb_failure         L21-CB2 {'rot': 0.02145}
  t=   8.50  cb_failure         L21-CB3 {'rot': 0.02057}
  t=   8.50  cb_failure         L22-CB2 {'rot': 0.02059}
  t=   8.50  cb_yield           L24-CB0 {'rot': 0.00697}
  t=   8.63  cb_failure         L19-CB1 {'rot': 0.02141}
  t=   8.63  cb_failure         L20-CB0 {'rot': 0.02062}
  t=   8.63  cb_yield           L24-CB1 {'rot': 0.00795}
  t=   8.75  cb_failure         L22-CB0 {'rot': 0.02167}
  t=   8.75  cb_yield           L25-CB0 {'rot': 0.0084}
  t=   8.75  cb_yield           L25-CB1 {'rot': 0.00743}
  t=   8.75  cb_yield           L26-CB0 {'rot': 0.0066}
  t=   8.88  cb_yield           L26-CB1 {'rot': 0.0079}
  t=   8.88  cb_yield           L27-CB0 {'rot': 0.00754}
  t=   8.88  cb_yield           L27-CB1 {'rot': 0.00664}
  t=   9.00  cb_yield           L28-CB0 {'rot': 0.00802}
  t=   9.00  cb_yield           L28-CB1 {'rot': 0.00728}
  t=   9.00  cb_yield           L29-CB0 {'rot': 0.00717}
  t=   9.75  cb_yield           L29-CB1 {'rot': 0.00743}
  t=   9.75  cb_yield           L30-CB1 {'rot': 0.00745}
  t=   9.75  cb_yield           L31-CB1 {'rot': 0.0074}
  t=   9.75  cb_yield           L32-CB1 {'rot': 0.00732}
  t=   9.75  cb_yield           L33-CB1 {'rot': 0.00725}
  t=   9.88  cb_yield           L30-CB0 {'rot': 0.00695}
  t=   9.88  cb_yield           L31-CB0 {'rot': 0.00705}
  t=   9.88  cb_yield           L32-CB0 {'rot': 0.00709}
  t=   9.88  cb_yield           L33-CB0 {'rot': 0.00708}
  t=   9.88  cb_yield           L33-CB2 {'rot': 0.00667}
  t=  10.00  cb_yield           L31-CB3 {'rot': 0.00694}
  t=  10.00  cb_yield           L32-CB3 {'rot': 0.00669}
  t=  10.00  cb_yield           L33-CB3 {'rot': 0.00657}
  progress t=  10.0s  max corner drift so far=0.0079  wall clock=141s
  t=  11.00  cb_failure         L22-CB3 {'rot': 0.02396}
  t=  11.00  cb_failure         L23-CB3 {'rot': 0.02204}
  t=  11.13  cb_failure         L23-CB2 {'rot': 0.02523}
  t=  11.13  cb_failure         L24-CB2 {'rot': 0.02262}
  t=  11.13  cb_failure         L24-CB3 {'rot': 0.02667}
  t=  11.13  cb_failure         L25-CB3 {'rot': 0.02401}
  t=  11.13  cb_failure         L26-CB3 {'rot': 0.02142}
  t=  11.25  cb_failure         L25-CB2 {'rot': 0.02667}
  t=  11.25  cb_failure         L26-CB2 {'rot': 0.02411}
  t=  11.25  cb_failure         L27-CB2 {'rot': 0.02171}
  t=  11.25  cb_failure         L27-CB3 {'rot': 0.02541}
  t=  11.25  cb_failure         L28-CB3 {'rot': 0.02333}
  t=  11.25  cb_failure         L29-CB3 {'rot': 0.02147}
  t=  11.25  cb_failure         L31-CB3 {'rot': 0.02232}
  t=  11.25  cb_failure         L33-CB3 {'rot': 0.02257}
  t=  11.38  cb_failure         L3-CB2 {'rot': 0.02101}
  t=  11.38  cb_failure         L28-CB2 {'rot': 0.02985}
  t=  11.38  cb_failure         L29-CB2 {'rot': 0.02916}
  t=  11.38  cb_failure         L30-CB2 {'rot': 0.0286}
  t=  11.38  cb_failure         L30-CB3 {'rot': 0.03062}
  t=  11.38  cb_failure         L31-CB2 {'rot': 0.02815}
  t=  11.38  cb_failure         L32-CB2 {'rot': 0.02784}
  t=  11.38  cb_failure         L32-CB3 {'rot': 0.02985}
  t=  11.38  cb_failure         L33-CB2 {'rot': 0.0277}
  t=  11.50  cb_failure         L3-CB3 {'rot': 0.02011}
  t=  11.63  cb_failure         L4-CB1 {'rot': 0.02179}
  t=  11.63  cb_failure         L20-CB1 {'rot': 0.02299}
  t=  11.63  cb_failure         L21-CB1 {'rot': 0.0219}
  t=  11.63  cb_failure         L22-CB1 {'rot': 0.02089}
  t=  11.63  cb_failure         L24-CB1 {'rot': 0.02227}
  t=  11.75  cb_failure         L4-CB0 {'rot': 0.02067}
  t=  11.75  cb_failure         L23-CB1 {'rot': 0.02623}
  t=  11.75  cb_failure         L25-CB1 {'rot': 0.02387}
  t=  11.75  cb_failure         L26-CB1 {'rot': 0.02261}
  t=  11.75  cb_failure         L27-CB1 {'rot': 0.02137}
  t=  11.88  cb_failure         L2-CB3 {'rot': 0.02284}
  t=  11.88  cb_failure         L3-CB1 {'rot': 0.02086}
  t=  11.88  cb_failure         L28-CB1 {'rot': 0.02167}
  t=  11.88  cb_failure         L29-CB1 {'rot': 0.02072}
  t=  12.00  cb_failure         L30-CB1 {'rot': 0.02264}
  t=  12.00  cb_failure         L31-CB1 {'rot': 0.02213}
  t=  12.00  cb_failure         L32-CB1 {'rot': 0.02181}
  t=  12.00  cb_failure         L33-CB1 {'rot': 0.02169}
  t=  12.13  cb_failure         L23-CB0 {'rot': 0.02183}
  t=  12.25  cb_failure         L24-CB0 {'rot': 0.02257}
  t=  12.25  cb_failure         L26-CB0 {'rot': 0.02274}
  t=  12.38  cb_failure         L25-CB0 {'rot': 0.02144}
  t=  12.63  cb_failure         L27-CB0 {'rot': 0.02376}
  t=  12.63  cb_failure         L28-CB0 {'rot': 0.02167}
  t=  12.75  cb_failure         L29-CB0 {'rot': 0.02637}
  t=  12.75  cb_failure         L30-CB0 {'rot': 0.02531}
  t=  12.75  cb_failure         L31-CB0 {'rot': 0.02448}
  t=  12.75  cb_failure         L32-CB0 {'rot': 0.02392}
  t=  12.75  cb_failure         L33-CB0 {'rot': 0.02373}
  t= 19.625  solver fallback: Newton
  progress t=  20.0s  max corner drift so far=0.0162  wall clock=305s
  t=  21.75  cb_failure         L2-CB1 {'rot': 0.02035}
  progress t=  30.0s  max corner drift so far=0.0162  wall clock=464s
  t=  38.50  cb_failure         L2-CB0 {'rot': 0.02027}
  t=  38.72  wall_axial_failure S1-F {'gamma': 0.00082, 'eps': -0.00794, 'cause': 'crushing'}
  t=  38.75  cb_failure         L1-CB1 {'rot': 0.03591}
  t=  38.87  cb_failure         L1-CB3 {'rot': 0.08553}
  t=  39.00  punching           L29-col12 {'drift': np.float64(0.0114), 'vg_vc': 0.576, 'conn': 'column'}
  t=  39.00  punching           L29-col15 {'drift': np.float64(0.011), 'vg_vc': 0.599, 'conn': 'column'}
  t=  39.00  punching           L30-col12 {'drift': np.float64(0.0113), 'vg_vc': 0.577, 'conn': 'column'}
  t=  39.00  punching           L30-col15 {'drift': np.float64(0.0107), 'vg_vc': 0.601, 'conn': 'column'}
  t=  39.00  punching           L31-col12 {'drift': np.float64(0.0111), 'vg_vc': 0.583, 'conn': 'column'}
  t=  39.00  punching           L31-col15 {'drift': np.float64(0.0104), 'vg_vc': 0.605, 'conn': 'column'}
  t=  39.00  punching           L32-col12 {'drift': np.float64(0.0109), 'vg_vc': 0.589, 'conn': 'column'}
  t=  39.00  punching           L32-col15 {'drift': np.float64(0.0102), 'vg_vc': 0.611, 'conn': 'column'}
  t=  39.00  punching           L33-col12 {'drift': np.float64(0.0107), 'vg_vc': 0.602, 'conn': 'column'}
  t=  39.00  punching           L33-col15 {'drift': np.float64(0.01), 'vg_vc': 0.63, 'conn': 'column'}
