  t=   2.75  cb_yield           L20-CB3 {'rot': 0.00773}
  t=   2.75  cb_yield           L21-CB1 {'rot': 0.00764}
  t=   2.75  cb_yield           L21-CB3 {'rot': 0.00795}
  t=   2.75  cb_yield           L22-CB1 {'rot': 0.00771}
  t=   2.75  cb_yield           L22-CB3 {'rot': 0.00804}
  t=   2.75  cb_yield           L23-CB1 {'rot': 0.00768}
  t=   2.75  cb_yield           L23-CB3 {'rot': 0.00802}
  t=   2.75  cb_yield           L24-CB3 {'rot': 0.00789}
  t=   2.75  cb_yield           L25-CB3 {'rot': 0.00765}
  t=   2.87  cb_yield           L24-CB1 {'rot': 0.00784}
  t=   2.87  cb_yield           L25-CB1 {'rot': 0.00761}
  t=   3.87  cb_yield           L21-CB0 {'rot': 0.00765}
  t=   3.87  cb_yield           L22-CB0 {'rot': 0.00802}
  t=   3.87  cb_yield           L23-CB0 {'rot': 0.00823}
  t=   3.87  cb_yield           L24-CB0 {'rot': 0.00827}
  t=   3.87  cb_yield           L24-CB2 {'rot': 0.00767}
  t=   3.87  cb_yield           L25-CB0 {'rot': 0.00814}
  t=   3.87  cb_yield           L26-CB0 {'rot': 0.00784}
  t=   4.37  cb_yield           L4-CB0 {'rot': 0.00744}
  t=   4.37  cb_yield           L4-CB1 {'rot': 0.00713}
  t=   4.37  cb_yield           L5-CB0 {'rot': 0.00818}
  t=   4.37  cb_yield           L5-CB1 {'rot': 0.00784}
  t=   4.37  cb_yield           L6-CB0 {'rot': 0.00869}
  t=   4.37  cb_yield           L6-CB1 {'rot': 0.00832}
  t=   4.37  cb_yield           L6-CB2 {'rot': 0.00722}
  t=   4.37  cb_yield           L7-CB0 {'rot': 0.00899}
  t=   4.37  cb_yield           L7-CB1 {'rot': 0.0086}
  t=   4.37  cb_yield           L7-CB2 {'rot': 0.00727}
  t=   4.37  cb_yield           L8-CB0 {'rot': 0.00911}
  t=   4.37  cb_yield           L8-CB1 {'rot': 0.0087}
  t=   4.37  cb_yield           L8-CB2 {'rot': 0.00713}
  t=   4.37  cb_yield           L9-CB0 {'rot': 0.00909}
  t=   4.37  cb_yield           L9-CB1 {'rot': 0.00864}
  t=   4.37  cb_yield           L10-CB0 {'rot': 0.00892}
  t=   4.37  cb_yield           L10-CB1 {'rot': 0.00845}
  t=   4.37  cb_yield           L11-CB0 {'rot': 0.00865}
  t=   4.37  cb_yield           L11-CB1 {'rot': 0.00814}
  t=   4.37  cb_yield           L12-CB0 {'rot': 0.00827}
  t=   4.37  cb_yield           L12-CB1 {'rot': 0.00773}
  t=   4.37  cb_yield           L13-CB0 {'rot': 0.00778}
  t=   4.37  cb_yield           L13-CB1 {'rot': 0.00723}
  t=   4.37  cb_yield           L14-CB0 {'rot': 0.00723}
  t=   4.50  cb_yield           L3-CB0 {'rot': 0.00875}
  t=   4.50  cb_yield           L3-CB1 {'rot': 0.00838}
  t=   4.50  cb_yield           L3-CB2 {'rot': 0.00792}
  t=   4.50  cb_yield           L3-CB3 {'rot': 0.00756}
  t=   4.50  cb_yield           L4-CB2 {'rot': 0.00902}
  t=   4.50  cb_yield           L4-CB3 {'rot': 0.00863}
  t=   4.50  cb_yield           L5-CB2 {'rot': 0.00971}
  t=   4.50  cb_yield           L5-CB3 {'rot': 0.00929}
  t=   4.50  cb_yield           L6-CB3 {'rot': 0.00955}
  t=   4.50  cb_yield           L7-CB3 {'rot': 0.00948}
  t=   4.50  cb_yield           L8-CB3 {'rot': 0.00912}
  t=   4.50  cb_yield           L9-CB2 {'rot': 0.00904}
  t=   4.50  cb_yield           L9-CB3 {'rot': 0.00851}
  t=   4.50  cb_yield           L10-CB2 {'rot': 0.00826}
  t=   4.50  cb_yield           L10-CB3 {'rot': 0.00771}
  t=   4.50  cb_yield           L11-CB2 {'rot': 0.00735}
  t=   4.50  cb_yield           L14-CB1 {'rot': 0.00722}
  t=   4.62  cb_yield           L2-CB0 {'rot': 0.00821}
  t=   4.62  cb_yield           L2-CB1 {'rot': 0.0079}
  t=   4.62  cb_yield           L2-CB2 {'rot': 0.00741}
  t=   4.62  cb_yield           L2-CB3 {'rot': 0.00719}
  t=   4.62  cb_yield           L11-CB3 {'rot': 0.00747}
  t=   5.25  cb_yield           L15-CB0 {'rot': 0.00734}
  t=   5.25  cb_yield           L16-CB0 {'rot': 0.00721}
  t=   5.38  cb_yield           L15-CB1 {'rot': 0.00709}
  t=   5.38  cb_yield           L16-CB1 {'rot': 0.00717}
  t=   5.38  cb_yield           L17-CB0 {'rot': 0.00765}
  t=   5.38  cb_yield           L18-CB0 {'rot': 0.00767}
  t=   5.38  cb_yield           L19-CB0 {'rot': 0.00762}
  t=   5.50  cb_yield           L20-CB0 {'rot': 0.00787}
  t=   6.13  cb_yield           L12-CB2 {'rot': 0.00725}
  t=   8.00  cb_yield           L17-CB1 {'rot': 0.01022}
  t=   8.00  cb_yield           L18-CB1 {'rot': 0.01012}
  t=   8.00  cb_yield           L19-CB1 {'rot': 0.01001}
  t=   8.00  cb_yield           L20-CB1 {'rot': 0.00989}
  t=   8.00  cb_yield           L26-CB1 {'rot': 0.0082}
  t=   8.00  cb_yield           L27-CB1 {'rot': 0.00774}
  t=   8.13  cb_yield           L12-CB3 {'rot': 0.00995}
  t=   8.13  cb_yield           L13-CB2 {'rot': 0.00846}
  t=   8.13  cb_yield           L13-CB3 {'rot': 0.00995}
  t=   8.13  cb_yield           L14-CB2 {'rot': 0.00832}
  t=   8.13  cb_yield           L14-CB3 {'rot': 0.00986}
  t=   8.13  cb_yield           L15-CB2 {'rot': 0.00813}
  t=   8.13  cb_yield           L15-CB3 {'rot': 0.00972}
  t=   8.13  cb_yield           L16-CB2 {'rot': 0.00789}
  t=   8.13  cb_yield           L16-CB3 {'rot': 0.00953}
  t=   8.13  cb_yield           L17-CB3 {'rot': 0.00925}
  t=   8.13  cb_yield           L18-CB3 {'rot': 0.00893}
  t=   8.13  cb_yield           L19-CB3 {'rot': 0.00858}
  t=   8.13  cb_yield           L28-CB1 {'rot': 0.00799}
  t=   8.25  cb_yield           L17-CB2 {'rot': 0.01151}
  t=   8.25  cb_yield           L18-CB2 {'rot': 0.01075}
  t=   8.25  cb_yield           L19-CB2 {'rot': 0.00986}
  t=   8.25  cb_yield           L20-CB2 {'rot': 0.00888}
  t=   8.25  cb_yield           L21-CB2 {'rot': 0.00782}
  t=   8.38  cb_yield           L22-CB2 {'rot': 0.00813}
  t=   8.50  cb_yield           L23-CB2 {'rot': 0.0077}
  t=   8.75  cb_yield           L26-CB3 {'rot': 0.00887}
  t=   8.75  cb_yield           L27-CB3 {'rot': 0.00798}
  t=   8.88  cb_yield           L25-CB2 {'rot': 0.00764}
  t=   8.88  cb_yield           L28-CB3 {'rot': 0.00782}
  t=   9.38  cb_yield           L26-CB2 {'rot': 0.00795}
  t=   9.38  cb_yield           L29-CB3 {'rot': 0.00815}
  t=   9.50  cb_yield           L30-CB3 {'rot': 0.00762}
  t=   9.63  cb_yield           L1-CB1 {'rot': 0.00759}
  t=   9.63  cb_yield           L1-CB2 {'rot': 0.00706}
  t=   9.63  cb_yield           L1-CB3 {'rot': 0.00757}
  t=   9.75  cb_yield           L1-CB0 {'rot': 0.00791}
  progress t=  10.0s  max corner drift so far=0.0062  wall clock=136s
  t=  10.50  cb_yield           L27-CB0 {'rot': 0.00911}
  t=  10.50  cb_yield           L28-CB0 {'rot': 0.00824}
  t=  10.50  cb_yield           L29-CB1 {'rot': 0.01029}
  t=  10.50  cb_yield           L30-CB1 {'rot': 0.00967}
  t=  10.50  cb_yield           L31-CB1 {'rot': 0.00919}
  t=  10.50  cb_yield           L32-CB1 {'rot': 0.00885}
  t=  10.50  cb_yield           L33-CB1 {'rot': 0.00854}
  t=  10.63  cb_yield           L29-CB0 {'rot': 0.00891}
  t=  10.63  cb_yield           L30-CB0 {'rot': 0.00811}
  t=  10.75  cb_yield           L27-CB2 {'rot': 0.00799}
  t=  10.88  cb_yield           L28-CB2 {'rot': 0.00933}
  t=  10.88  cb_yield           L29-CB2 {'rot': 0.00824}
  t=  10.88  cb_yield           L31-CB3 {'rot': 0.00979}
  t=  10.88  cb_yield           L32-CB3 {'rot': 0.00887}
  t=  11.00  cb_yield           L30-CB2 {'rot': 0.00783}
  t=  11.00  cb_yield           L33-CB3 {'rot': 0.00869}
  t=  11.50  cb_yield           L31-CB0 {'rot': 0.00774}
  t=  11.75  cb_failure         L14-CB1 {'rot': 0.03241}
  t=  11.75  cb_failure         L15-CB0 {'rot': 0.03237}
  t=  11.75  cb_failure         L15-CB1 {'rot': 0.03405}
  t=  11.75  cb_failure         L16-CB0 {'rot': 0.03338}
  t=  11.75  cb_failure         L16-CB1 {'rot': 0.03513}
  t=  11.75  cb_failure         L17-CB0 {'rot': 0.03405}
  t=  11.75  cb_failure         L17-CB1 {'rot': 0.03581}
  t=  11.75  cb_failure         L18-CB0 {'rot': 0.0342}
  t=  11.75  cb_failure         L18-CB1 {'rot': 0.03592}
  t=  11.75  cb_failure         L19-CB0 {'rot': 0.03384}
  t=  11.75  cb_failure         L19-CB1 {'rot': 0.03553}
  t=  11.75  cb_failure         L20-CB0 {'rot': 0.0329}
  t=  11.75  cb_failure         L20-CB1 {'rot': 0.03461}
  t=  11.75  cb_failure         L21-CB0 {'rot': 0.03165}
  t=  11.75  cb_failure         L21-CB1 {'rot': 0.03302}
  t=  11.88  cb_failure         L13-CB1 {'rot': 0.03118}
  t=  11.88  cb_failure         L14-CB0 {'rot': 0.03228}
  t=  11.88  cb_failure         L22-CB0 {'rot': 0.03652}
  t=  11.88  cb_failure         L22-CB1 {'rot': 0.03889}
  t=  11.88  cb_failure         L23-CB0 {'rot': 0.03338}
  t=  11.88  cb_failure         L23-CB1 {'rot': 0.03587}
  t=  11.88  cb_failure         L24-CB1 {'rot': 0.03206}
  t=  12.00  cb_failure         L17-CB3 {'rot': 0.03311}
  t=  12.00  cb_failure         L18-CB2 {'rot': 0.03174}
  t=  12.00  cb_failure         L18-CB3 {'rot': 0.03514}
  t=  12.00  cb_failure         L19-CB2 {'rot': 0.03299}
  t=  12.00  cb_failure         L19-CB3 {'rot': 0.03633}
  t=  12.00  cb_failure         L20-CB2 {'rot': 0.03344}
  t=  12.00  cb_failure         L20-CB3 {'rot': 0.03669}
  t=  12.00  cb_failure         L21-CB2 {'rot': 0.03301}
  t=  12.00  cb_failure         L21-CB3 {'rot': 0.0363}
  t=  12.00  cb_failure         L22-CB2 {'rot': 0.03166}
  t=  12.00  cb_failure         L22-CB3 {'rot': 0.03503}
  t=  12.00  cb_failure         L23-CB3 {'rot': 0.03268}
  t=  12.00  cb_failure         L24-CB0 {'rot': 0.03558}
  t=  12.00  cb_failure         L25-CB0 {'rot': 0.03176}
  t=  12.00  cb_failure         L25-CB1 {'rot': 0.03333}
  t=  12.13  cb_failure         L23-CB2 {'rot': 0.03445}
  t=  12.13  cb_failure         L24-CB2 {'rot': 0.03171}
  t=  12.13  cb_failure         L24-CB3 {'rot': 0.03474}
  t=  12.13  cb_failure         L26-CB0 {'rot': 0.03165}
  t=  12.13  cb_failure         L26-CB1 {'rot': 0.0317}
  t=  12.25  cb_failure         L25-CB2 {'rot': 0.03241}
  t=  12.25  cb_failure         L25-CB3 {'rot': 0.03589}
  t=  12.25  cb_failure         L26-CB3 {'rot': 0.03164}
  t=  12.25  cb_yield           L32-CB0 {'rot': 0.00816}
  t=  12.38  cb_failure         L26-CB2 {'rot': 0.03175}
  t=  12.38  cb_yield           L31-CB2 {'rot': 0.01013}
  t=  12.38  cb_yield           L32-CB2 {'rot': 0.00803}
  t=  12.50  cb_failure         L27-CB3 {'rot': 0.032}
  t=  12.50  cb_yield           L33-CB2 {'rot': 0.00834}
  t=  12.88  cb_failure         L7-CB0 {'rot': 0.03135}
  t=  12.88  cb_failure         L7-CB1 {'rot': 0.03186}
  t=  12.88  cb_failure         L8-CB0 {'rot': 0.03218}
  t=  12.88  cb_failure         L8-CB1 {'rot': 0.03282}
  t=  12.88  cb_failure         L9-CB0 {'rot': 0.03265}
  t=  12.88  cb_failure         L9-CB1 {'rot': 0.03336}
  t=  12.88  cb_failure         L10-CB0 {'rot': 0.03281}
  t=  12.88  cb_failure         L10-CB1 {'rot': 0.03356}
  t=  12.88  cb_failure         L11-CB0 {'rot': 0.03275}
  t=  12.88  cb_failure         L11-CB1 {'rot': 0.03351}
  t=  12.88  cb_failure         L12-CB0 {'rot': 0.03257}
  t=  12.88  cb_failure         L12-CB1 {'rot': 0.03329}
  t=  12.88  cb_failure         L13-CB0 {'rot': 0.0323}
  t=  13.00  cb_failure         L5-CB0 {'rot': 0.03322}
  t=  13.00  cb_failure         L5-CB1 {'rot': 0.03219}
  t=  13.00  cb_failure         L6-CB0 {'rot': 0.03598}
  t=  13.00  cb_failure         L6-CB1 {'rot': 0.03506}
  t=  13.00  cb_failure         L6-CB2 {'rot': 0.0312}
  t=  13.00  cb_failure         L7-CB2 {'rot': 0.03259}
  t=  13.00  cb_failure         L7-CB3 {'rot': 0.03158}
  t=  13.00  cb_failure         L8-CB2 {'rot': 0.0333}
  t=  13.00  cb_failure         L8-CB3 {'rot': 0.03206}
  t=  13.00  cb_failure         L9-CB2 {'rot': 0.0334}
  t=  13.00  cb_failure         L9-CB3 {'rot': 0.03202}
  t=  13.00  cb_failure         L10-CB2 {'rot': 0.03281}
  t=  13.00  cb_failure         L10-CB3 {'rot': 0.03149}
  t=  13.00  cb_failure         L11-CB2 {'rot': 0.03169}
  t=  13.13  cb_failure         L4-CB0 {'rot': 0.03119}
  t=  13.13  cb_failure         L5-CB2 {'rot': 0.03284}
  t=  13.13  cb_failure         L5-CB3 {'rot': 0.0322}
  t=  13.13  cb_failure         L6-CB3 {'rot': 0.0352}
  t=  13.13  cb_failure         L11-CB3 {'rot': 0.03754}
  t=  13.13  cb_failure         L12-CB2 {'rot': 0.03796}
  t=  13.13  cb_failure         L12-CB3 {'rot': 0.03623}
  t=  13.13  cb_failure         L13-CB2 {'rot': 0.03581}
  t=  13.13  cb_failure         L13-CB3 {'rot': 0.03421}
  t=  13.13  cb_failure         L14-CB2 {'rot': 0.03309}
  t=  13.13  cb_failure         L14-CB3 {'rot': 0.03163}
  t=  13.25  cb_failure         L15-CB2 {'rot': 0.03527}
  t=  13.25  cb_failure         L15-CB3 {'rot': 0.03331}
  t=  13.25  cb_failure         L16-CB2 {'rot': 0.03171}
  t=  13.38  cb_failure         L16-CB3 {'rot': 0.03187}
  t=  14.13  cb_failure         L17-CB2 {'rot': 0.03285}
  t=  15.13  cb_yield           L33-CB0 {'rot': 0.00974}
  t=  15.63  cb_failure         L28-CB3 {'rot': 0.03339}
  t=  15.63  cb_failure         L29-CB3 {'rot': 0.03268}
  t=  15.63  cb_failure         L30-CB3 {'rot': 0.03169}
  t=  15.63  cb_failure         L33-CB3 {'rot': 0.03179}
  t=  15.75  cb_failure         L31-CB3 {'rot': 0.03355}
  t=  15.75  cb_failure         L32-CB3 {'rot': 0.03243}
  t=  17.75  cb_failure         L4-CB1 {'rot': 0.03118}
  progress t=  20.0s  max corner drift so far=0.0131  wall clock=300s
  t=  20.25  cb_failure         L4-CB3 {'rot': 0.03271}
  t=  28.50  cb_failure         L27-CB1 {'rot': 0.03931}
  t=  28.50  cb_failure         L28-CB1 {'rot': 0.03972}
  t=  28.50  cb_failure         L29-CB1 {'rot': 0.0396}
  t=  28.50  cb_failure         L30-CB1 {'rot': 0.0389}
  t=  28.50  cb_failure         L31-CB1 {'rot': 0.03793}
  t=  28.50  cb_failure         L32-CB1 {'rot': 0.037}
  t=  28.50  cb_failure         L33-CB1 {'rot': 0.03624}
  t=  28.62  cb_failure         L27-CB0 {'rot': 0.03503}
  t=  28.62  cb_failure         L28-CB0 {'rot': 0.03534}
  t=  28.62  cb_failure         L29-CB0 {'rot': 0.0351}
  t=  28.62  cb_failure         L30-CB0 {'rot': 0.03438}
  t=  28.62  cb_failure         L31-CB0 {'rot': 0.0334}
  t=  28.62  cb_failure         L32-CB0 {'rot': 0.03251}
  t=  28.62  cb_failure         L33-CB0 {'rot': 0.03211}
  progress t=  30.0s  max corner drift so far=0.0178  wall clock=462s
  t=  39.12  cb_failure         L27-CB2 {'rot': 0.03709}
  t=  39.12  cb_failure         L28-CB2 {'rot': 0.03523}
  t=  39.12  cb_failure         L29-CB2 {'rot': 0.03283}
  t=  39.25  cb_failure         L30-CB2 {'rot': 0.03366}
  t=  39.25  cb_failure         L31-CB2 {'rot': 0.03222}
  t=  39.25  cb_failure         L32-CB2 {'rot': 0.03162}
  t=  39.25  cb_failure         L33-CB2 {'rot': 0.03162}
  progress t=  40.0s  max corner drift so far=0.0178  wall clock=620s
  t=  43.25  cb_failure         L4-CB2 {'rot': 0.0318}
  t=  47.47  wall_axial_failure S1-F {'gamma': 0.00078, 'eps': -0.00636, 'cause': 'crushing'}
  t=  47.55  wall_axial_failure S1-M {'gamma': 0.00118, 'eps': -0.00632, 'cause': 'crushing'}
  t=  47.62  cb_failure         L1-CB0 {'rot': 0.03651}
  t=  47.62  cb_failure         L2-CB0 {'rot': 0.0315}
  t=  47.72  wall_axial_failure S1-R {'gamma': 0.00175, 'eps': -0.00653, 'cause': 'crushing'}
  t=  47.75  cb_failure         L1-CB2 {'rot': 0.11163}
  t=  47.75  cb_failure         L2-CB2 {'rot': 0.10967}
  t=  47.75  cb_failure         L3-CB0 {'rot': 0.11321}
  t=  47.75  cb_failure         L3-CB2 {'rot': 0.10381}
