  t=   1.95  cb_yield           L5-CB1 {'rot': 0.00496}
  t=   1.95  cb_yield           L5-CB2 {'rot': 0.00492}
  t=   1.95  cb_yield           L5-CB3 {'rot': 0.00508}
  t=   1.95  cb_yield           L6-CB1 {'rot': 0.00508}
  t=   1.95  cb_yield           L6-CB2 {'rot': 0.00503}
  t=   1.95  cb_yield           L6-CB3 {'rot': 0.00521}
  t=   1.95  cb_yield           L7-CB1 {'rot': 0.00505}
  t=   1.95  cb_yield           L7-CB2 {'rot': 0.00498}
  t=   1.95  cb_yield           L7-CB3 {'rot': 0.00519}
  t=   1.95  cb_yield           L8-CB3 {'rot': 0.00505}
  t=   2.00  cb_yield           L4-CB3 {'rot': 0.00493}
  t=   2.00  cb_yield           L5-CB0 {'rot': 0.00504}
  t=   2.00  cb_yield           L6-CB0 {'rot': 0.00521}
  t=   2.00  cb_yield           L7-CB0 {'rot': 0.00521}
  t=   2.00  cb_yield           L8-CB0 {'rot': 0.0051}
  t=   2.00  cb_yield           L8-CB1 {'rot': 0.00534}
  t=   2.00  cb_yield           L8-CB2 {'rot': 0.00524}
  t=   2.00  cb_yield           L9-CB1 {'rot': 0.00514}
  t=   2.00  cb_yield           L9-CB2 {'rot': 0.00501}
  t=   2.00  cb_yield           L9-CB3 {'rot': 0.00529}
  t=   2.00  cb_yield           L10-CB3 {'rot': 0.00502}
  t=   2.05  cb_yield           L4-CB1 {'rot': 0.00495}
  t=   2.05  cb_yield           L9-CB0 {'rot': 0.00527}
  t=   2.05  cb_yield           L10-CB0 {'rot': 0.005}
  t=   2.05  cb_yield           L10-CB1 {'rot': 0.00532}
  t=   2.05  cb_yield           L10-CB2 {'rot': 0.00514}
  t=   2.05  cb_yield           L11-CB1 {'rot': 0.00503}
  t=   2.05  cb_yield           L11-CB3 {'rot': 0.00518}
  t=   2.10  cb_yield           L11-CB0 {'rot': 0.00508}
  t=   2.10  cb_yield           L11-CB2 {'rot': 0.00521}
  t=   2.10  cb_yield           L12-CB1 {'rot': 0.00512}
  t=   2.10  cb_yield           L12-CB3 {'rot': 0.00527}
  t=   2.15  cb_yield           L12-CB0 {'rot': 0.0051}
  t=   2.15  cb_yield           L12-CB2 {'rot': 0.00524}
  t=   2.15  cb_yield           L13-CB1 {'rot': 0.00518}
  t=   2.15  cb_yield           L13-CB3 {'rot': 0.00534}
  t=   2.15  cb_yield           L14-CB3 {'rot': 0.00499}
  t=   2.20  cb_yield           L13-CB0 {'rot': 0.00512}
  t=   2.20  cb_yield           L13-CB2 {'rot': 0.00527}
  t=   2.20  cb_yield           L14-CB1 {'rot': 0.00525}
  t=   2.20  cb_yield           L14-CB2 {'rot': 0.00492}
  t=   2.20  cb_yield           L15-CB3 {'rot': 0.00507}
  t=   2.25  cb_yield           L14-CB0 {'rot': 0.0051}
  t=   2.25  cb_yield           L15-CB1 {'rot': 0.00527}
  t=   2.25  cb_yield           L16-CB3 {'rot': 0.00511}
  t=   2.30  cb_yield           L15-CB0 {'rot': 0.005}
  t=   2.30  cb_yield           L15-CB2 {'rot': 0.00518}
  t=   2.30  cb_yield           L16-CB1 {'rot': 0.00522}
  t=   2.35  cb_yield           L16-CB2 {'rot': 0.00504}
  t=   2.40  cb_yield           L16-CB0 {'rot': 0.00499}
  t=   2.40  cb_yield           L17-CB3 {'rot': 0.00552}
  t=   2.45  cb_yield           L17-CB1 {'rot': 0.00552}
  t=   2.45  cb_yield           L18-CB3 {'rot': 0.00553}
  t=   2.50  cb_yield           L18-CB1 {'rot': 0.00562}
  t=   2.50  cb_yield           L19-CB1 {'rot': 0.00548}
  t=   2.50  cb_yield           L19-CB3 {'rot': 0.00575}
  t=   2.50  cb_yield           L20-CB3 {'rot': 0.00561}
  t=   2.50  cb_yield           L21-CB3 {'rot': 0.00545}
  t=   2.55  cb_yield           L20-CB1 {'rot': 0.0059}
  t=   2.55  cb_yield           L21-CB1 {'rot': 0.00578}
  t=   2.55  cb_yield           L22-CB1 {'rot': 0.00562}
  t=   2.55  cb_yield           L22-CB3 {'rot': 0.00598}
  t=   2.55  cb_yield           L23-CB3 {'rot': 0.00579}
  t=   2.55  cb_yield           L24-CB3 {'rot': 0.00556}
  t=   2.60  cb_yield           L17-CB2 {'rot': 0.00554}
  t=   2.60  cb_yield           L18-CB0 {'rot': 0.00545}
  t=   2.60  cb_yield           L18-CB2 {'rot': 0.0057}
  t=   2.60  cb_yield           L19-CB0 {'rot': 0.00552}
  t=   2.60  cb_yield           L19-CB2 {'rot': 0.0058}
  t=   2.60  cb_yield           L20-CB0 {'rot': 0.00553}
  t=   2.60  cb_yield           L20-CB2 {'rot': 0.00583}
  t=   2.60  cb_yield           L21-CB0 {'rot': 0.00546}
  t=   2.60  cb_yield           L21-CB2 {'rot': 0.00579}
  t=   2.60  cb_yield           L22-CB2 {'rot': 0.00567}
  t=   2.60  cb_yield           L23-CB1 {'rot': 0.00618}
  t=   2.60  cb_yield           L23-CB2 {'rot': 0.00548}
  t=   2.60  cb_yield           L24-CB1 {'rot': 0.0059}
  t=   2.60  cb_yield           L25-CB1 {'rot': 0.00557}
  t=   2.60  cb_yield           L25-CB3 {'rot': 0.00599}
  t=   2.60  cb_yield           L26-CB3 {'rot': 0.00562}
  t=   2.65  cb_yield           L17-CB0 {'rot': 0.00547}
  t=   2.65  cb_yield           L22-CB0 {'rot': 0.00591}
  t=   2.65  cb_yield           L23-CB0 {'rot': 0.00569}
  t=   2.65  cb_yield           L24-CB2 {'rot': 0.00578}
  t=   2.65  cb_yield           L26-CB1 {'rot': 0.00578}
  t=   2.65  cb_yield           L27-CB3 {'rot': 0.00574}
  t=   2.70  cb_yield           L24-CB0 {'rot': 0.00589}
  t=   2.70  cb_yield           L25-CB0 {'rot': 0.00549}
  t=   2.70  cb_yield           L25-CB2 {'rot': 0.00587}
  t=   2.70  cb_yield           L27-CB1 {'rot': 0.00576}
  t=   2.70  cb_yield           L28-CB3 {'rot': 0.00563}
  t=   2.75  cb_yield           L26-CB2 {'rot': 0.00572}
  t=   2.75  cb_yield           L28-CB1 {'rot': 0.00552}
  t=   2.80  cb_yield           L26-CB0 {'rot': 0.00559}
  t=   3.70  cb_yield           L27-CB0 {'rot': 0.00556}
  t=   3.70  cb_yield           L27-CB2 {'rot': 0.0059}
  t=   3.75  cb_yield           L28-CB0 {'rot': 0.00559}
  t=   3.75  cb_yield           L28-CB2 {'rot': 0.00578}
  t=   4.30  cb_yield           L3-CB0 {'rot': 0.005}
  t=   4.30  cb_yield           L4-CB0 {'rot': 0.00582}
  t=   4.35  cb_yield           L3-CB1 {'rot': 0.00567}
  t=   4.35  cb_yield           L3-CB2 {'rot': 0.00519}
  t=   4.35  cb_yield           L3-CB3 {'rot': 0.00499}
  t=   4.35  cb_yield           L4-CB2 {'rot': 0.00594}
  t=   4.40  cb_yield           L2-CB0 {'rot': 0.00534}
  t=   4.40  cb_yield           L2-CB1 {'rot': 0.00512}
  t=   4.45  cb_yield           L2-CB2 {'rot': 0.00539}
  t=   4.45  cb_yield           L2-CB3 {'rot': 0.00514}
  t=   4.50  cb_yield           L29-CB3 {'rot': 0.00583}
  t=   4.50  cb_yield           L30-CB3 {'rot': 0.00557}
  t=   4.55  cb_yield           L31-CB3 {'rot': 0.00555}
  t=   4.70  cb_yield           L1-CB0 {'rot': 0.00503}
  t=   4.75  cb_yield           L1-CB1 {'rot': 0.00499}
  t=   7.25  cb_yield           L29-CB2 {'rot': 0.00564}
  t=   7.30  cb_yield           L30-CB2 {'rot': 0.00553}
  t=   8.10  cb_yield           L29-CB1 {'rot': 0.0057}
  t=   8.15  cb_yield           L30-CB1 {'rot': 0.00571}
  t=   8.20  cb_yield           L31-CB1 {'rot': 0.00576}
  t=   8.25  cb_failure         L11-CB1 {'rot': 0.01919}
  t=   8.25  cb_failure         L12-CB1 {'rot': 0.01962}
  t=   8.25  cb_failure         L13-CB1 {'rot': 0.01981}
  t=   8.25  cb_failure         L14-CB1 {'rot': 0.01974}
  t=   8.25  cb_failure         L15-CB1 {'rot': 0.01943}
  t=   8.25  cb_failure         L16-CB1 {'rot': 0.01891}
  t=   8.25  cb_yield           L32-CB1 {'rot': 0.00577}
  t=   8.25  cb_yield           L33-CB1 {'rot': 0.00557}
  t=   8.30  cb_failure         L9-CB1 {'rot': 0.01903}
  t=   8.30  cb_failure         L10-CB1 {'rot': 0.02002}
  t=   8.30  cb_failure         L12-CB0 {'rot': 0.0193}
  t=   8.30  cb_failure         L13-CB0 {'rot': 0.01951}
  t=   8.30  cb_failure         L14-CB0 {'rot': 0.01943}
  t=   8.30  cb_failure         L15-CB0 {'rot': 0.0191}
  t=   8.30  cb_failure         L17-CB1 {'rot': 0.01997}
  t=   8.35  cb_failure         L8-CB1 {'rot': 0.01916}
  t=   8.35  cb_failure         L10-CB0 {'rot': 0.01974}
  t=   8.35  cb_failure         L11-CB0 {'rot': 0.02046}
  t=   8.35  cb_failure         L11-CB3 {'rot': 0.01932}
  t=   8.35  cb_failure         L12-CB3 {'rot': 0.01971}
  t=   8.35  cb_failure         L13-CB3 {'rot': 0.01984}
  t=   8.35  cb_failure         L14-CB3 {'rot': 0.01969}
  t=   8.35  cb_failure         L15-CB3 {'rot': 0.01925}
  t=   8.35  cb_failure         L16-CB0 {'rot': 0.02039}
  t=   8.35  cb_failure         L17-CB0 {'rot': 0.01948}
  t=   8.35  cb_failure         L18-CB1 {'rot': 0.02058}
  t=   8.40  cb_failure         L7-CB1 {'rot': 0.01894}
  t=   8.40  cb_failure         L8-CB0 {'rot': 0.01912}
  t=   8.40  cb_failure         L9-CB0 {'rot': 0.02039}
  t=   8.40  cb_failure         L9-CB3 {'rot': 0.01943}
  t=   8.40  cb_failure         L10-CB3 {'rot': 0.0203}
  t=   8.40  cb_failure         L11-CB2 {'rot': 0.01906}
  t=   8.40  cb_failure         L12-CB2 {'rot': 0.0193}
  t=   8.40  cb_failure         L13-CB2 {'rot': 0.0193}
  t=   8.40  cb_failure         L14-CB2 {'rot': 0.01903}
  t=   8.40  cb_failure         L16-CB3 {'rot': 0.02013}
  t=   8.40  cb_failure         L18-CB0 {'rot': 0.01982}
  t=   8.40  cb_failure         L19-CB1 {'rot': 0.02068}
  t=   8.45  cb_failure         L7-CB0 {'rot': 0.01902}
  t=   8.45  cb_failure         L8-CB3 {'rot': 0.0198}
  t=   8.45  cb_failure         L9-CB2 {'rot': 0.01952}
  t=   8.45  cb_failure         L10-CB2 {'rot': 0.02025}
  t=   8.45  cb_failure         L15-CB2 {'rot': 0.02006}
  t=   8.45  cb_failure         L16-CB2 {'rot': 0.01928}
  t=   8.45  cb_failure         L17-CB3 {'rot': 0.02047}
  t=   8.45  cb_failure         L19-CB0 {'rot': 0.01966}
  t=   8.45  cb_failure         L20-CB1 {'rot': 0.0201}
  t=   8.50  cb_failure         L6-CB1 {'rot': 0.01937}
  t=   8.50  cb_failure         L7-CB3 {'rot': 0.0195}
  t=   8.50  cb_failure         L8-CB2 {'rot': 0.01978}
  t=   8.50  cb_failure         L17-CB2 {'rot': 0.01949}
  t=   8.50  cb_failure         L18-CB3 {'rot': 0.02046}
  t=   8.55  cb_failure         L6-CB0 {'rot': 0.01924}
  t=   8.55  cb_failure         L7-CB2 {'rot': 0.01923}
  t=   8.55  cb_failure         L19-CB3 {'rot': 0.01989}
  t=   8.55  cb_failure         L20-CB0 {'rot': 0.01946}
  t=   8.55  cb_failure         L21-CB1 {'rot': 0.01947}
  t=   8.60  cb_failure         L6-CB3 {'rot': 0.019}
  t=   8.60  cb_failure         L18-CB2 {'rot': 0.02045}
  t=   8.65  cb_failure         L5-CB1 {'rot': 0.01893}
  t=   8.65  cb_failure         L19-CB2 {'rot': 0.0195}
  t=   8.65  cb_failure         L20-CB3 {'rot': 0.01964}
  t=   8.70  cb_failure         L6-CB2 {'rot': 0.01913}
  t=   8.75  cb_failure         L5-CB0 {'rot': 0.01906}
  t=   8.75  cb_failure         L22-CB3 {'rot': 0.0199}
  t=  8.770  solver fallback: Newton
  t=  8.780  solver fallback: Newton
  t=  8.790  solver fallback: Newton
  t=   8.85  cb_failure         L20-CB2 {'rot': 0.02012}
  t=   8.85  cb_failure         L21-CB3 {'rot': 0.01992}
  t=   8.95  cb_failure         L21-CB0 {'rot': 0.01948}
  t=   8.95  cb_failure         L22-CB1 {'rot': 0.01957}
  t=   8.95  cb_failure         L23-CB3 {'rot': 0.01988}
  t=   9.00  cb_failure         L21-CB2 {'rot': 0.0201}
  t=   9.00  cb_failure         L22-CB2 {'rot': 0.01965}
  t=   9.05  cb_failure         L23-CB1 {'rot': 0.01974}
  t=   9.05  cb_failure         L24-CB3 {'rot': 0.01988}
  t=   9.10  cb_yield           L32-CB3 {'rot': 0.00564}
  t=  9.140  solver fallback: Newton
  t=   9.15  cb_failure         L25-CB3 {'rot': 0.0199}
  t=   9.15  cb_yield           L33-CB3 {'rot': 0.00581}
  t=   9.20  cb_failure         L22-CB0 {'rot': 0.02017}
  t=   9.20  cb_failure         L23-CB2 {'rot': 0.01978}
  t=   9.20  cb_failure         L24-CB1 {'rot': 0.01977}
  t=   9.25  cb_failure         L24-CB0 {'rot': 0.01974}
  t=   9.25  cb_failure         L26-CB3 {'rot': 0.01992}
  t=   9.30  cb_failure         L23-CB0 {'rot': 0.01946}
  t=   9.30  cb_failure         L24-CB2 {'rot': 0.02021}
  t=   9.30  cb_failure         L25-CB1 {'rot': 0.01981}
  t=   9.30  cb_failure         L27-CB3 {'rot': 0.01952}
  t=   9.35  cb_failure         L26-CB1 {'rot': 0.01993}
  t=   9.40  cb_yield           L1-CB3 {'rot': 0.0051}
  t=   9.40  cb_failure         L25-CB2 {'rot': 0.01947}
  t=   9.40  cb_failure         L28-CB3 {'rot': 0.01956}
  t=   9.45  cb_yield           L1-CB2 {'rot': 0.00522}
  t=   9.45  cb_failure         L27-CB1 {'rot': 0.01991}
  t=   9.50  cb_failure         L5-CB3 {'rot': 0.01891}
  t=   9.50  cb_yield           L29-CB0 {'rot': 0.00671}
  t=   9.50  cb_yield           L31-CB2 {'rot': 0.00597}
  t=   9.55  cb_failure         L28-CB1 {'rot': 0.01988}
  t=   9.55  cb_failure         L29-CB3 {'rot': 0.01988}
  t=   9.55  cb_yield           L30-CB0 {'rot': 0.00586}
  t=   9.60  cb_failure         L4-CB1 {'rot': 0.01932}
  t=   9.60  cb_failure         L4-CB3 {'rot': 0.0191}
  t=   9.60  cb_failure         L5-CB2 {'rot': 0.01976}
  t=   9.60  cb_failure         L29-CB1 {'rot': 0.01986}
  t=   9.60  cb_failure         L30-CB3 {'rot': 0.0197}
  t=   9.65  cb_failure         L30-CB1 {'rot': 0.01971}
  t=   9.65  cb_yield           L31-CB0 {'rot': 0.00578}
  t=   9.70  cb_failure         L4-CB0 {'rot': 0.01916}
  t=   9.70  cb_failure         L4-CB2 {'rot': 0.01954}
  t=   9.75  cb_failure         L3-CB3 {'rot': 0.01893}
  t=   9.80  cb_failure         L3-CB1 {'rot': 0.01929}
  t=   9.85  cb_yield           L32-CB0 {'rot': 0.00555}
  t=   9.90  cb_failure         L3-CB2 {'rot': 0.01901}
  t=   9.90  cb_failure         L31-CB1 {'rot': 0.0195}
  progress t=  10.0s  max corner drift so far=0.0066  wall clock=289s
  t=  10.25  cb_yield           L33-CB0 {'rot': 0.00563}
  t=  10.40  cb_failure         L25-CB0 {'rot': 0.01946}
  t=  10.50  cb_failure         L32-CB1 {'rot': 0.01977}
  t=  10.50  cb_failure         L33-CB1 {'rot': 0.01974}
  t=  10.65  cb_failure         L26-CB0 {'rot': 0.01951}
  t=  10.70  cb_failure         L27-CB0 {'rot': 0.01958}
  t=  10.75  cb_failure         L28-CB0 {'rot': 0.01966}
  t=  10.80  cb_failure         L26-CB2 {'rot': 0.01947}
  t=  10.80  cb_failure         L27-CB2 {'rot': 0.0197}
  t=  10.85  cb_failure         L29-CB0 {'rot': 0.01969}
  t=  10.85  cb_failure         L31-CB3 {'rot': 0.01974}
  t=  10.85  cb_yield           L32-CB2 {'rot': 0.00668}
  t=  10.85  cb_failure         L32-CB3 {'rot': 0.01974}
  t=  10.85  cb_yield           L33-CB2 {'rot': 0.00619}
  t=  10.85  cb_failure         L33-CB3 {'rot': 0.01989}
  t=  10.90  cb_failure         L28-CB2 {'rot': 0.02024}
  t=  10.90  cb_failure         L30-CB0 {'rot': 0.0197}
  t=  10.90  cb_failure         L31-CB0 {'rot': 0.01961}
  t=  10.95  cb_failure         L29-CB2 {'rot': 0.02434}
  t=  10.95  cb_failure         L30-CB2 {'rot': 0.02304}
  t=  10.95  cb_failure         L31-CB2 {'rot': 0.022}
  t=  10.95  cb_failure         L32-CB0 {'rot': 0.01992}
  t=  10.95  cb_failure         L32-CB2 {'rot': 0.02134}
  t=  10.95  cb_failure         L33-CB0 {'rot': 0.01973}
  t=  10.95  cb_failure         L33-CB2 {'rot': 0.02112}
  t=  17.60  cb_failure         L2-CB1 {'rot': 0.02066}
  t=  17.65  cb_failure         L3-CB0 {'rot': 0.0192}
  t=  18.05  cb_failure         L2-CB0 {'rot': 0.01911}
  progress t=  20.0s  max corner drift so far=0.0164  wall clock=591s
  t=  20.30  cb_failure         L2-CB3 {'rot': 0.01906}
  t=  20.80  cb_failure         L2-CB2 {'rot': 0.01893}
  t= 24.070  solver fallback: Newton
  t= 24.100  solver fallback: Newton
  t= 27.260  solver fallback: Newton
  t= 27.270  solver fallback: Newton
  progress t=  30.0s  max corner drift so far=0.0191  wall clock=896s
  progress t=  40.0s  max corner drift so far=0.0191  wall clock=1199s
  t=  43.10  cb_failure         L1-CB3 {'rot': 0.01898}
  t=  43.15  cb_failure         L1-CB2 {'rot': 0.02021}
  t=  43.30  cb_failure         L1-CB1 {'rot': 0.01915}
  t=  44.75  punching           L29-col23 {'drift': np.float64(0.02), 'vg_vc': 0.401, 'conn': 'column'}
  t=  44.76  punching           L30-col23 {'drift': np.float64(0.0201), 'vg_vc': 0.399, 'conn': 'column'}
  t=  44.77  punching           L29-col22 {'drift': np.float64(0.0217), 'vg_vc': 0.367, 'conn': 'column'}
  t=  44.78  punching           L30-col22 {'drift': np.float64(0.0218), 'vg_vc': 0.366, 'conn': 'column'}
  t=  44.79  punching           L31-col23 {'drift': np.float64(0.0205), 'vg_vc': 0.393, 'conn': 'column'}
  t=  44.80  punching           L29-col17 {'drift': np.float64(0.021), 'vg_vc': 0.4, 'conn': 'column'}
  t=  44.80  punching           L29-col18 {'drift': np.float64(0.0198), 'vg_vc': 0.417, 'conn': 'column'}
  t=  44.80  punching           L30-col17 {'drift': np.float64(0.0209), 'vg_vc': 0.442, 'conn': 'column'}
  t=  44.80  punching           L31-col22 {'drift': np.float64(0.0219), 'vg_vc': 0.426, 'conn': 'column'}
  t=  44.80  punching           L32-col22 {'drift': np.float64(0.0214), 'vg_vc': 0.396, 'conn': 'column'}
  t=  44.80  punching           L32-col23 {'drift': np.float64(0.0203), 'vg_vc': 0.405, 'conn': 'column'}
  t=  44.84  punching           L33-col22 {'drift': np.float64(0.0217), 'vg_vc': 0.368, 'conn': 'column'}
  t=  44.85  punching           L29-col14 {'drift': np.float64(0.0195), 'vg_vc': 0.468, 'conn': 'column'}
  t=  44.85  punching           L30-col14 {'drift': np.float64(0.0193), 'vg_vc': 0.455, 'conn': 'column'}
  t=  44.85  punching           L30-col18 {'drift': np.float64(0.0204), 'vg_vc': 0.442, 'conn': 'column'}
  t=  44.85  punching           L31-col17 {'drift': np.float64(0.0213), 'vg_vc': 0.468, 'conn': 'column'}
  t=  44.85  punching           L32-col18 {'drift': np.float64(0.0196), 'vg_vc': 0.438, 'conn': 'column'}
  t=  44.85  punching           L33-col14 {'drift': np.float64(0.0183), 'vg_vc': 0.435, 'conn': 'column'}
  t=  44.86  punching           L29-col15 {'drift': np.float64(0.0181), 'vg_vc': 0.439, 'conn': 'column'}
  t=  44.86  punching           L32-col17 {'drift': np.float64(0.021), 'vg_vc': 0.381, 'conn': 'column'}
  t=  44.88  punching           L31-col18 {'drift': np.float64(0.0204), 'vg_vc': 0.393, 'conn': 'column'}
  t=  44.90  punching           L29-col11 {'drift': np.float64(0.0176), 'vg_vc': 0.449, 'conn': 'column'}
  t=  44.90  punching           L31-col14 {'drift': np.float64(0.0196), 'vg_vc': 0.442, 'conn': 'column'}
  t=  44.90  punching           L33-col11 {'drift': np.float64(0.0167), 'vg_vc': 0.472, 'conn': 'column'}
  t=  44.90  column_axial_failure S33-C14 {'eps': -0.34983}
