  t=   1.87  cb_yield           L5-CB1 {'rot': 0.00707}
  t=   1.87  cb_yield           L5-CB2 {'rot': 0.00705}
  t=   1.87  cb_yield           L5-CB3 {'rot': 0.00726}
  t=   1.87  cb_yield           L6-CB1 {'rot': 0.00706}
  t=   1.87  cb_yield           L6-CB2 {'rot': 0.00703}
  t=   1.87  cb_yield           L6-CB3 {'rot': 0.00726}
  t=   1.87  cb_yield           L7-CB3 {'rot': 0.00705}
  t=   2.00  cb_yield           L3-CB3 {'rot': 0.00707}
  t=   2.00  cb_yield           L4-CB0 {'rot': 0.00766}
  t=   2.00  cb_yield           L4-CB1 {'rot': 0.00792}
  t=   2.00  cb_yield           L4-CB2 {'rot': 0.00782}
  t=   2.00  cb_yield           L4-CB3 {'rot': 0.00807}
  t=   2.00  cb_yield           L5-CB0 {'rot': 0.00823}
  t=   2.00  cb_yield           L6-CB0 {'rot': 0.00847}
  t=   2.00  cb_yield           L7-CB0 {'rot': 0.00842}
  t=   2.00  cb_yield           L7-CB1 {'rot': 0.00876}
  t=   2.00  cb_yield           L7-CB2 {'rot': 0.00864}
  t=   2.00  cb_yield           L8-CB0 {'rot': 0.00815}
  t=   2.00  cb_yield           L8-CB1 {'rot': 0.00851}
  t=   2.00  cb_yield           L8-CB2 {'rot': 0.00838}
  t=   2.00  cb_yield           L8-CB3 {'rot': 0.00874}
  t=   2.00  cb_yield           L9-CB0 {'rot': 0.00769}
  t=   2.00  cb_yield           L9-CB1 {'rot': 0.00808}
  t=   2.00  cb_yield           L9-CB2 {'rot': 0.00792}
  t=   2.00  cb_yield           L9-CB3 {'rot': 0.00832}
  t=   2.00  cb_yield           L10-CB0 {'rot': 0.00712}
  t=   2.00  cb_yield           L10-CB1 {'rot': 0.00754}
  t=   2.00  cb_yield           L10-CB2 {'rot': 0.00734}
  t=   2.00  cb_yield           L10-CB3 {'rot': 0.00777}
  t=   2.00  cb_yield           L11-CB3 {'rot': 0.00717}
  t=   2.12  cb_yield           L3-CB1 {'rot': 0.00704}
  t=   2.12  cb_yield           L11-CB0 {'rot': 0.00846}
  t=   2.12  cb_yield           L11-CB1 {'rot': 0.00901}
  t=   2.12  cb_yield           L11-CB2 {'rot': 0.00869}
  t=   2.12  cb_yield           L12-CB0 {'rot': 0.00779}
  t=   2.12  cb_yield           L12-CB1 {'rot': 0.00837}
  t=   2.12  cb_yield           L12-CB2 {'rot': 0.00802}
  t=   2.12  cb_yield           L12-CB3 {'rot': 0.00862}
  t=   2.12  cb_yield           L13-CB0 {'rot': 0.00704}
  t=   2.12  cb_yield           L13-CB1 {'rot': 0.00763}
  t=   2.12  cb_yield           L13-CB2 {'rot': 0.00726}
  t=   2.12  cb_yield           L13-CB3 {'rot': 0.00788}
  t=   2.12  cb_yield           L14-CB3 {'rot': 0.00713}
  t=   2.25  cb_yield           L14-CB0 {'rot': 0.00812}
  t=   2.25  cb_yield           L14-CB1 {'rot': 0.00886}
  t=   2.25  cb_yield           L14-CB2 {'rot': 0.00838}
  t=   2.25  cb_yield           L15-CB0 {'rot': 0.0074}
  t=   2.25  cb_yield           L15-CB1 {'rot': 0.00816}
  t=   2.25  cb_yield           L15-CB2 {'rot': 0.00767}
  t=   2.25  cb_yield           L15-CB3 {'rot': 0.00846}
  t=   2.25  cb_yield           L16-CB1 {'rot': 0.00746}
  t=   2.25  cb_yield           L16-CB3 {'rot': 0.00776}
  t=   2.37  cb_yield           L16-CB0 {'rot': 0.00816}
  t=   2.37  cb_yield           L16-CB2 {'rot': 0.00847}
  t=   2.37  cb_yield           L17-CB1 {'rot': 0.00816}
  t=   2.37  cb_yield           L17-CB3 {'rot': 0.00851}
  t=   2.37  cb_yield           L18-CB3 {'rot': 0.00765}
  t=   2.50  cb_yield           L17-CB0 {'rot': 0.00824}
  t=   2.50  cb_yield           L17-CB2 {'rot': 0.00855}
  t=   2.50  cb_yield           L18-CB0 {'rot': 0.00763}
  t=   2.50  cb_yield           L18-CB1 {'rot': 0.00869}
  t=   2.50  cb_yield           L18-CB2 {'rot': 0.00799}
  t=   2.50  cb_yield           L19-CB1 {'rot': 0.0081}
  t=   2.50  cb_yield           L19-CB3 {'rot': 0.0085}
  t=   2.50  cb_yield           L20-CB3 {'rot': 0.00795}
  t=   2.62  cb_yield           L19-CB0 {'rot': 0.00888}
  t=   2.62  cb_yield           L19-CB2 {'rot': 0.00928}
  t=   2.62  cb_yield           L20-CB0 {'rot': 0.00868}
  t=   2.62  cb_yield           L20-CB1 {'rot': 0.01017}
  t=   2.62  cb_yield           L20-CB2 {'rot': 0.00912}
  t=   2.62  cb_yield           L21-CB0 {'rot': 0.00838}
  t=   2.62  cb_yield           L21-CB1 {'rot': 0.00989}
  t=   2.62  cb_yield           L21-CB2 {'rot': 0.00886}
  t=   2.62  cb_yield           L21-CB3 {'rot': 0.01038}
  t=   2.62  cb_yield           L22-CB0 {'rot': 0.00798}
  t=   2.62  cb_yield           L22-CB1 {'rot': 0.00951}
  t=   2.62  cb_yield           L22-CB2 {'rot': 0.0085}
  t=   2.62  cb_yield           L22-CB3 {'rot': 0.01004}
  t=   2.62  cb_yield           L23-CB1 {'rot': 0.00905}
  t=   2.62  cb_yield           L23-CB2 {'rot': 0.00805}
  t=   2.62  cb_yield           L23-CB3 {'rot': 0.00961}
  t=   2.62  cb_yield           L24-CB1 {'rot': 0.00851}
  t=   2.62  cb_yield           L24-CB3 {'rot': 0.00911}
  t=   2.62  cb_yield           L25-CB1 {'rot': 0.00793}
  t=   2.62  cb_yield           L25-CB3 {'rot': 0.00854}
  t=   2.62  cb_yield           L26-CB3 {'rot': 0.00794}
  t=   2.75  cb_yield           L23-CB0 {'rot': 0.01023}
  t=   2.75  cb_yield           L24-CB0 {'rot': 0.00963}
  t=   2.75  cb_yield           L24-CB2 {'rot': 0.01017}
  t=   2.75  cb_yield           L25-CB0 {'rot': 0.00888}
  t=   2.75  cb_yield           L25-CB2 {'rot': 0.00944}
  t=   2.75  cb_yield           L26-CB0 {'rot': 0.008}
  t=   2.75  cb_yield           L26-CB1 {'rot': 0.00988}
  t=   2.75  cb_yield           L26-CB2 {'rot': 0.00857}
  t=   2.75  cb_yield           L27-CB1 {'rot': 0.0089}
  t=   2.75  cb_yield           L27-CB2 {'rot': 0.00765}
  t=   2.75  cb_yield           L27-CB3 {'rot': 0.00949}
  t=   2.75  cb_yield           L28-CB1 {'rot': 0.0079}
  t=   2.75  cb_yield           L28-CB3 {'rot': 0.0085}
  t=   2.87  cb_yield           L27-CB0 {'rot': 0.00855}
  t=   2.87  cb_yield           L28-CB2 {'rot': 0.00762}
  t=   2.87  cb_yield           L29-CB1 {'rot': 0.00764}
  t=   2.87  cb_yield           L29-CB3 {'rot': 0.00806}
  t=   3.87  cb_yield           L28-CB0 {'rot': 0.00864}
  t=   4.00  cb_yield           L29-CB0 {'rot': 0.00781}
  t=   4.50  cb_yield           L3-CB0 {'rot': 0.00791}
  t=   4.62  cb_yield           L2-CB0 {'rot': 0.00848}
  t=   4.62  cb_yield           L2-CB1 {'rot': 0.00815}
  t=   4.62  cb_yield           L2-CB2 {'rot': 0.00745}
  t=   4.62  cb_yield           L2-CB3 {'rot': 0.00716}
  t=   4.62  cb_yield           L3-CB2 {'rot': 0.00924}
  t=   4.62  cb_yield           L29-CB2 {'rot': 0.00774}
  t=   4.62  cb_yield           L30-CB3 {'rot': 0.0087}
  t=   4.62  cb_yield           L31-CB3 {'rot': 0.00822}
  t=   4.62  cb_yield           L32-CB3 {'rot': 0.0078}
  t=   4.75  cb_yield           L1-CB0 {'rot': 0.00709}
  t=   4.75  cb_yield           L30-CB2 {'rot': 0.00833}
  t=   4.75  cb_yield           L31-CB2 {'rot': 0.00778}
  t=   4.75  cb_yield           L33-CB3 {'rot': 0.00852}
  t=   4.88  cb_yield           L1-CB1 {'rot': 0.00826}
  t=   4.88  cb_yield           L1-CB2 {'rot': 0.00724}
  t=   4.88  cb_yield           L1-CB3 {'rot': 0.00723}
  t=   8.38  cb_failure         L7-CB1 {'rot': 0.03184}
  t=   8.38  cb_failure         L8-CB1 {'rot': 0.03267}
  t=   8.38  cb_failure         L9-CB1 {'rot': 0.033}
  t=   8.38  cb_failure         L10-CB1 {'rot': 0.0329}
  t=   8.38  cb_failure         L11-CB1 {'rot': 0.03243}
  t=   8.38  cb_failure         L12-CB1 {'rot': 0.03161}
  t=   8.38  cb_yield           L30-CB1 {'rot': 0.00877}
  t=   8.38  cb_yield           L31-CB1 {'rot': 0.00832}
  t=   8.38  cb_yield           L32-CB1 {'rot': 0.008}
  t=   8.38  cb_yield           L33-CB1 {'rot': 0.00778}
  t=   8.50  cb_failure         L6-CB1 {'rot': 0.03323}
  t=   8.50  cb_failure         L7-CB0 {'rot': 0.03306}
  t=   8.50  cb_failure         L8-CB0 {'rot': 0.03452}
  t=   8.50  cb_failure         L8-CB3 {'rot': 0.0324}
  t=   8.50  cb_failure         L9-CB0 {'rot': 0.0354}
  t=   8.50  cb_failure         L9-CB3 {'rot': 0.03337}
  t=   8.50  cb_failure         L10-CB0 {'rot': 0.03576}
  t=   8.50  cb_failure         L10-CB3 {'rot': 0.03381}
  t=   8.50  cb_failure         L11-CB0 {'rot': 0.03568}
  t=   8.50  cb_failure         L11-CB3 {'rot': 0.03379}
  t=   8.50  cb_failure         L12-CB0 {'rot': 0.03518}
  t=   8.50  cb_failure         L12-CB3 {'rot': 0.03333}
  t=   8.50  cb_failure         L13-CB0 {'rot': 0.03421}
  t=   8.50  cb_failure         L13-CB1 {'rot': 0.03756}
  t=   8.50  cb_failure         L13-CB3 {'rot': 0.03238}
  t=   8.50  cb_failure         L14-CB0 {'rot': 0.0328}
  t=   8.50  cb_failure         L14-CB1 {'rot': 0.03625}
  t=   8.50  cb_failure         L15-CB0 {'rot': 0.03102}
  t=   8.50  cb_failure         L15-CB1 {'rot': 0.03455}
  t=   8.50  cb_failure         L16-CB1 {'rot': 0.03253}
  t=   8.63  cb_failure         L6-CB0 {'rot': 0.03257}
  t=   8.63  cb_failure         L7-CB3 {'rot': 0.03267}
  t=   8.63  cb_failure         L8-CB2 {'rot': 0.03242}
  t=   8.63  cb_failure         L9-CB2 {'rot': 0.03407}
  t=   8.63  cb_failure         L10-CB2 {'rot': 0.03513}
  t=   8.63  cb_failure         L11-CB2 {'rot': 0.03567}
  t=   8.63  cb_failure         L12-CB2 {'rot': 0.03573}
  t=   8.63  cb_failure         L13-CB2 {'rot': 0.0353}
  t=   8.63  cb_failure         L14-CB2 {'rot': 0.03435}
  t=   8.63  cb_failure         L14-CB3 {'rot': 0.03814}
  t=   8.63  cb_failure         L15-CB2 {'rot': 0.0329}
  t=   8.63  cb_failure         L15-CB3 {'rot': 0.03681}
  t=   8.63  cb_failure         L16-CB0 {'rot': 0.03613}
  t=   8.63  cb_failure         L16-CB3 {'rot': 0.03494}
  t=   8.63  cb_failure         L17-CB0 {'rot': 0.03293}
  t=   8.63  cb_failure         L17-CB1 {'rot': 0.03679}
  t=   8.63  cb_failure         L17-CB3 {'rot': 0.03205}
  t=   8.63  cb_failure         L18-CB1 {'rot': 0.03326}
  t=   8.75  cb_failure         L16-CB2 {'rot': 0.03854}
  t=   8.75  cb_failure         L17-CB2 {'rot': 0.03634}
  t=   8.75  cb_failure         L18-CB0 {'rot': 0.0369}
  t=   8.75  cb_failure         L18-CB2 {'rot': 0.03345}
  t=   8.75  cb_failure         L18-CB3 {'rot': 0.03775}
  t=   8.75  cb_failure         L19-CB0 {'rot': 0.03277}
  t=   8.75  cb_failure         L19-CB1 {'rot': 0.03708}
  t=   8.75  cb_failure         L19-CB3 {'rot': 0.03438}
  t=   8.75  cb_failure         L20-CB1 {'rot': 0.03254}
  t=   8.75  cb_failure         L20-CB3 {'rot': 0.03163}
  t=   8.88  cb_failure         L19-CB2 {'rot': 0.03898}
  t=   8.88  cb_failure         L20-CB0 {'rot': 0.03577}
  t=   8.88  cb_failure         L20-CB2 {'rot': 0.03551}
  t=   8.88  cb_failure         L21-CB1 {'rot': 0.03519}
  t=   8.88  cb_failure         L21-CB3 {'rot': 0.03614}
  t=   8.88  cb_failure         L22-CB3 {'rot': 0.03172}
  t=   9.00  cb_failure         L21-CB0 {'rot': 0.03729}
  t=   9.00  cb_failure         L21-CB2 {'rot': 0.0397}
  t=   9.00  cb_failure         L22-CB1 {'rot': 0.03569}
  t=   9.00  cb_failure         L22-CB2 {'rot': 0.03497}
  t=   9.00  cb_failure         L23-CB3 {'rot': 0.03447}
  t=   9.13  cb_failure         L22-CB0 {'rot': 0.03679}
  t=   9.13  cb_failure         L23-CB1 {'rot': 0.03417}
  t=   9.13  cb_failure         L23-CB2 {'rot': 0.0359}
  t=   9.13  cb_failure         L24-CB3 {'rot': 0.03433}
  t=   9.25  cb_failure         L23-CB0 {'rot': 0.03427}
  t=   9.25  cb_failure         L24-CB1 {'rot': 0.0321}
  t=   9.25  cb_failure         L24-CB2 {'rot': 0.0349}
  t=   9.25  cb_failure         L25-CB3 {'rot': 0.03356}
  t=   9.38  cb_failure         L24-CB0 {'rot': 0.03398}
  t=   9.38  cb_failure         L25-CB1 {'rot': 0.03431}
  t=   9.38  cb_failure         L25-CB2 {'rot': 0.03623}
  t=   9.38  cb_failure         L26-CB3 {'rot': 0.03623}
  t=   9.38  cb_failure         L27-CB3 {'rot': 0.03186}
  t=   9.38  cb_yield           L32-CB2 {'rot': 0.0091}
  t=   9.38  cb_yield           L33-CB2 {'rot': 0.00854}
  t=   9.50  cb_failure         L25-CB0 {'rot': 0.03347}
  t=   9.50  cb_failure         L26-CB1 {'rot': 0.03657}
  t=   9.50  cb_failure         L26-CB2 {'rot': 0.03438}
  t=   9.50  cb_failure         L27-CB1 {'rot': 0.03242}
  t=   9.50  cb_failure         L28-CB3 {'rot': 0.03249}
  t=   9.50  cb_yield           L30-CB0 {'rot': 0.01021}
  t=   9.63  cb_failure         L4-CB1 {'rot': 0.03168}
  t=   9.63  cb_failure         L5-CB0 {'rot': 0.03227}
  t=   9.63  cb_failure         L5-CB1 {'rot': 0.03585}
  t=   9.63  cb_failure         L5-CB3 {'rot': 0.03327}
  t=   9.63  cb_failure         L6-CB2 {'rot': 0.03248}
  t=   9.63  cb_failure         L6-CB3 {'rot': 0.03636}
  t=   9.63  cb_failure         L7-CB2 {'rot': 0.03457}
  t=   9.63  cb_failure         L26-CB0 {'rot': 0.03168}
  t=   9.63  cb_failure         L28-CB1 {'rot': 0.03388}
  t=   9.63  cb_failure         L29-CB1 {'rot': 0.03167}
  t=   9.63  cb_failure         L29-CB3 {'rot': 0.03171}
  t=   9.63  cb_yield           L31-CB0 {'rot': 0.01335}
  t=   9.63  cb_yield           L32-CB0 {'rot': 0.01105}
  t=   9.63  cb_yield           L33-CB0 {'rot': 0.00999}
  t=   9.75  cb_failure         L3-CB1 {'rot': 0.03212}
  t=   9.75  cb_failure         L3-CB3 {'rot': 0.03152}
  t=   9.75  cb_failure         L4-CB0 {'rot': 0.0339}
  t=   9.75  cb_failure         L4-CB2 {'rot': 0.0331}
  t=   9.75  cb_failure         L4-CB3 {'rot': 0.03709}
  t=   9.75  cb_failure         L5-CB2 {'rot': 0.03692}
  t=   9.75  cb_failure         L27-CB0 {'rot': 0.03163}
  t=   9.75  cb_failure         L30-CB1 {'rot': 0.03172}
  t=   9.88  cb_failure         L3-CB0 {'rot': 0.03269}
  t=   9.88  cb_failure         L3-CB2 {'rot': 0.03306}
  progress t=  10.0s  max corner drift so far=0.0115  wall clock=137s
  t=  11.00  cb_failure         L31-CB1 {'rot': 0.0319}
  t=  11.13  cb_failure         L27-CB2 {'rot': 0.03675}
  t=  11.13  cb_failure         L28-CB0 {'rot': 0.03225}
  t=  11.13  cb_failure         L28-CB2 {'rot': 0.03347}
  t=  11.13  cb_failure         L30-CB3 {'rot': 0.04005}
  t=  11.13  cb_failure         L31-CB3 {'rot': 0.03752}
  t=  11.13  cb_failure         L32-CB1 {'rot': 0.03547}
  t=  11.13  cb_failure         L32-CB3 {'rot': 0.03586}
  t=  11.13  cb_failure         L33-CB1 {'rot': 0.03416}
  t=  11.13  cb_failure         L33-CB3 {'rot': 0.03449}
  t=  11.25  cb_failure         L29-CB0 {'rot': 0.03626}
  t=  11.25  cb_failure         L29-CB2 {'rot': 0.0461}
  t=  11.25  cb_failure         L30-CB0 {'rot': 0.03358}
  t=  11.25  cb_failure         L30-CB2 {'rot': 0.04332}
  t=  11.25  cb_failure         L31-CB0 {'rot': 0.03162}
  t=  11.25  cb_failure         L31-CB2 {'rot': 0.04102}
  t=  11.25  cb_failure         L32-CB2 {'rot': 0.03937}
  t=  11.25  cb_failure         L33-CB2 {'rot': 0.03871}
  t=  11.38  cb_failure         L32-CB0 {'rot': 0.03383}
  t=  11.38  cb_failure         L33-CB0 {'rot': 0.03329}
  t=  17.88  cb_failure         L2-CB1 {'rot': 0.03713}
  t=  18.50  wall_axial_failure S1-F {'gamma': 0.00059, 'eps': -0.00614, 'cause': 'crushing'}
  t=  18.63  cb_failure         L1-CB1 {'rot': 0.075}
  t=  18.63  cb_failure         L1-CB3 {'rot': 0.08876}
  t=  18.63  cb_failure         L2-CB3 {'rot': 0.08767}
  t=  18.75  punching           L29-col12 {'drift': np.float64(0.0114), 'vg_vc': 0.603, 'conn': 'column'}
  t=  18.75  punching           L30-col12 {'drift': np.float64(0.011), 'vg_vc': 0.605, 'conn': 'column'}
  t=  18.75  punching           L31-col12 {'drift': np.float64(0.0107), 'vg_vc': 0.606, 'conn': 'column'}
  t=  18.75  punching           L32-col12 {'drift': np.float64(0.0104), 'vg_vc': 0.607, 'conn': 'column'}
  t=  18.75  punching           L33-col12 {'drift': np.float64(0.0101), 'vg_vc': 0.607, 'conn': 'column'}
