  t=   2.75  cb_yield           L20-CB1 {'rot': 0.00653}
  t=   2.75  cb_yield           L20-CB3 {'rot': 0.00678}
  t=   2.75  cb_yield           L21-CB1 {'rot': 0.0067}
  t=   2.75  cb_yield           L21-CB3 {'rot': 0.00697}
  t=   2.75  cb_yield           L22-CB1 {'rot': 0.00677}
  t=   2.75  cb_yield           L22-CB3 {'rot': 0.00706}
  t=   2.75  cb_yield           L23-CB1 {'rot': 0.00674}
  t=   2.75  cb_yield           L23-CB3 {'rot': 0.00704}
  t=   2.75  cb_yield           L24-CB1 {'rot': 0.00661}
  t=   2.75  cb_yield           L24-CB3 {'rot': 0.00692}
  t=   2.75  cb_yield           L25-CB3 {'rot': 0.00672}
  t=   2.87  cb_yield           L25-CB1 {'rot': 0.00669}
  t=   2.87  cb_yield           L26-CB3 {'rot': 0.00661}
  t=   3.87  cb_yield           L21-CB0 {'rot': 0.00656}
  t=   3.87  cb_yield           L22-CB0 {'rot': 0.00688}
  t=   3.87  cb_yield           L23-CB0 {'rot': 0.00706}
  t=   3.87  cb_yield           L24-CB0 {'rot': 0.0071}
  t=   3.87  cb_yield           L24-CB2 {'rot': 0.00654}
  t=   3.87  cb_yield           L25-CB0 {'rot': 0.00699}
  t=   3.87  cb_yield           L26-CB0 {'rot': 0.00674}
  t=   4.37  cb_yield           L4-CB0 {'rot': 0.0064}
  t=   4.37  cb_yield           L4-CB1 {'rot': 0.00613}
  t=   4.37  cb_yield           L5-CB0 {'rot': 0.00706}
  t=   4.37  cb_yield           L5-CB1 {'rot': 0.00676}
  t=   4.37  cb_yield           L5-CB2 {'rot': 0.00601}
  t=   4.37  cb_yield           L6-CB0 {'rot': 0.0075}
  t=   4.37  cb_yield           L6-CB1 {'rot': 0.00717}
  t=   4.37  cb_yield           L6-CB2 {'rot': 0.00623}
  t=   4.37  cb_yield           L6-CB3 {'rot': 0.00592}
  t=   4.37  cb_yield           L7-CB0 {'rot': 0.00776}
  t=   4.37  cb_yield           L7-CB1 {'rot': 0.0074}
  t=   4.37  cb_yield           L7-CB2 {'rot': 0.00627}
  t=   4.37  cb_yield           L7-CB3 {'rot': 0.00593}
  t=   4.37  cb_yield           L8-CB0 {'rot': 0.00786}
  t=   4.37  cb_yield           L8-CB1 {'rot': 0.00748}
  t=   4.37  cb_yield           L8-CB2 {'rot': 0.00614}
  t=   4.37  cb_yield           L9-CB0 {'rot': 0.00783}
  t=   4.37  cb_yield           L9-CB1 {'rot': 0.00741}
  t=   4.37  cb_yield           L10-CB0 {'rot': 0.00768}
  t=   4.37  cb_yield           L10-CB1 {'rot': 0.00723}
  t=   4.37  cb_yield           L11-CB0 {'rot': 0.00743}
  t=   4.37  cb_yield           L11-CB1 {'rot': 0.00695}
  t=   4.37  cb_yield           L12-CB0 {'rot': 0.0071}
  t=   4.37  cb_yield           L12-CB1 {'rot': 0.00659}
  t=   4.37  cb_yield           L13-CB0 {'rot': 0.00668}
  t=   4.37  cb_yield           L13-CB1 {'rot': 0.00614}
  t=   4.37  cb_yield           L14-CB0 {'rot': 0.00619}
  t=   4.50  cb_yield           L2-CB0 {'rot': 0.00592}
  t=   4.50  cb_yield           L3-CB0 {'rot': 0.00743}
  t=   4.50  cb_yield           L3-CB1 {'rot': 0.00712}
  t=   4.50  cb_yield           L3-CB2 {'rot': 0.00673}
  t=   4.50  cb_yield           L3-CB3 {'rot': 0.00643}
  t=   4.50  cb_yield           L4-CB2 {'rot': 0.0077}
  t=   4.50  cb_yield           L4-CB3 {'rot': 0.00737}
  t=   4.50  cb_yield           L5-CB3 {'rot': 0.00796}
  t=   4.50  cb_yield           L8-CB3 {'rot': 0.00785}
  t=   4.50  cb_yield           L9-CB2 {'rot': 0.00779}
  t=   4.50  cb_yield           L9-CB3 {'rot': 0.00732}
  t=   4.50  cb_yield           L10-CB2 {'rot': 0.00712}
  t=   4.50  cb_yield           L10-CB3 {'rot': 0.00661}
  t=   4.50  cb_yield           L11-CB2 {'rot': 0.00633}
  t=   4.50  cb_yield           L14-CB1 {'rot': 0.0061}
  t=   4.50  cb_yield           L15-CB0 {'rot': 0.00597}
  t=   4.62  cb_yield           L2-CB1 {'rot': 0.00661}
  t=   4.62  cb_yield           L2-CB2 {'rot': 0.00629}
  t=   4.62  cb_yield           L2-CB3 {'rot': 0.006}
  t=   4.62  cb_yield           L11-CB3 {'rot': 0.00634}
  t=   4.62  cb_yield           L27-CB3 {'rot': 0.00661}
  t=   4.62  cb_yield           L28-CB3 {'rot': 0.00653}
  t=   5.25  cb_yield           L16-CB0 {'rot': 0.00632}
  t=   5.38  cb_yield           L15-CB1 {'rot': 0.00591}
  t=   5.38  cb_yield           L16-CB1 {'rot': 0.00599}
  t=   5.38  cb_yield           L17-CB0 {'rot': 0.00661}
  t=   5.38  cb_yield           L18-CB0 {'rot': 0.00665}
  t=   5.38  cb_yield           L19-CB0 {'rot': 0.00662}
  t=   5.50  cb_yield           L20-CB0 {'rot': 0.00672}
  t=   6.13  cb_yield           L12-CB2 {'rot': 0.0063}
  t=   7.88  cb_yield           L17-CB1 {'rot': 0.00682}
  t=   7.88  cb_yield           L18-CB1 {'rot': 0.00675}
  t=   7.88  cb_yield           L19-CB1 {'rot': 0.00671}
  t=   8.00  cb_yield           L26-CB1 {'rot': 0.00725}
  t=   8.00  cb_yield           L27-CB1 {'rot': 0.00684}
  t=   8.13  cb_yield           L12-CB3 {'rot': 0.0091}
  t=   8.13  cb_yield           L13-CB2 {'rot': 0.00756}
  t=   8.13  cb_yield           L13-CB3 {'rot': 0.00916}
  t=   8.13  cb_yield           L14-CB2 {'rot': 0.00747}
  t=   8.13  cb_yield           L14-CB3 {'rot': 0.00914}
  t=   8.13  cb_yield           L15-CB2 {'rot': 0.00731}
  t=   8.13  cb_yield           L15-CB3 {'rot': 0.00904}
  t=   8.13  cb_yield           L16-CB2 {'rot': 0.0071}
  t=   8.13  cb_yield           L16-CB3 {'rot': 0.00888}
  t=   8.13  cb_yield           L17-CB2 {'rot': 0.00677}
  t=   8.13  cb_yield           L17-CB3 {'rot': 0.00861}
  t=   8.13  cb_yield           L18-CB3 {'rot': 0.00831}
  t=   8.13  cb_yield           L19-CB3 {'rot': 0.00798}
  t=   8.13  cb_yield           L28-CB1 {'rot': 0.00722}
  t=   8.13  cb_yield           L29-CB1 {'rot': 0.00664}
  t=   8.25  cb_failure         L15-CB0 {'rot': 0.02044}
  t=   8.25  cb_yield           L18-CB2 {'rot': 0.00954}
  t=   8.25  cb_yield           L19-CB2 {'rot': 0.00867}
  t=   8.25  cb_yield           L20-CB2 {'rot': 0.00774}
  t=   8.25  cb_yield           L21-CB2 {'rot': 0.00676}
  t=   8.25  cb_yield           L30-CB1 {'rot': 0.00681}
  t=   8.38  cb_failure         L12-CB1 {'rot': 0.02027}
  t=   8.38  cb_failure         L13-CB1 {'rot': 0.02092}
  t=   8.38  cb_failure         L14-CB1 {'rot': 0.02134}
  t=   8.38  cb_failure         L14-CB2 {'rot': 0.02013}
  t=   8.38  cb_failure         L15-CB1 {'rot': 0.02151}
  t=   8.38  cb_failure         L16-CB1 {'rot': 0.02143}
  t=   8.38  cb_failure         L17-CB1 {'rot': 0.02104}
  t=   8.38  cb_yield           L22-CB2 {'rot': 0.00718}
  t=   8.38  cb_yield           L31-CB1 {'rot': 0.00677}
  t=   8.50  cb_failure         L9-CB1 {'rot': 0.02066}
  t=   8.50  cb_failure         L10-CB1 {'rot': 0.02184}
  t=   8.50  cb_failure         L11-CB0 {'rot': 0.02046}
  t=   8.50  cb_failure         L11-CB1 {'rot': 0.02276}
  t=   8.50  cb_failure         L11-CB3 {'rot': 0.01995}
  t=   8.50  cb_failure         L12-CB0 {'rot': 0.02105}
  t=   8.50  cb_failure         L12-CB3 {'rot': 0.02053}
  t=   8.50  cb_failure         L13-CB0 {'rot': 0.02143}
  t=   8.50  cb_failure         L13-CB3 {'rot': 0.02088}
  t=   8.50  cb_failure         L14-CB0 {'rot': 0.02157}
  t=   8.50  cb_failure         L14-CB3 {'rot': 0.02099}
  t=   8.50  cb_failure         L15-CB3 {'rot': 0.02088}
  t=   8.50  cb_failure         L16-CB0 {'rot': 0.02121}
  t=   8.50  cb_failure         L16-CB3 {'rot': 0.02054}
  t=   8.50  cb_failure         L17-CB0 {'rot': 0.02058}
  t=   8.50  cb_failure         L18-CB1 {'rot': 0.02262}
  t=   8.50  cb_failure         L19-CB1 {'rot': 0.02158}
  t=   8.50  cb_yield           L23-CB2 {'rot': 0.00697}
  t=   8.63  cb_failure         L7-CB1 {'rot': 0.02008}
  t=   8.63  cb_failure         L8-CB0 {'rot': 0.02053}
  t=   8.63  cb_failure         L8-CB1 {'rot': 0.02219}
  t=   8.63  cb_failure         L9-CB0 {'rot': 0.02204}
  t=   8.63  cb_failure         L9-CB3 {'rot': 0.02098}
  t=   8.63  cb_failure         L10-CB0 {'rot': 0.02315}
  t=   8.63  cb_failure         L10-CB2 {'rot': 0.02009}
  t=   8.63  cb_failure         L10-CB3 {'rot': 0.02216}
  t=   8.63  cb_failure         L11-CB2 {'rot': 0.0208}
  t=   8.63  cb_failure         L12-CB2 {'rot': 0.02124}
  t=   8.63  cb_failure         L13-CB2 {'rot': 0.0214}
  t=   8.63  cb_failure         L15-CB2 {'rot': 0.02089}
  t=   8.63  cb_failure         L16-CB2 {'rot': 0.02027}
  t=   8.63  cb_failure         L17-CB3 {'rot': 0.0221}
  t=   8.63  cb_failure         L18-CB0 {'rot': 0.02127}
  t=   8.63  cb_failure         L18-CB3 {'rot': 0.02089}
  t=   8.63  cb_failure         L20-CB1 {'rot': 0.0207}
  t=   8.75  cb_failure         L7-CB0 {'rot': 0.02044}
  t=   8.75  cb_failure         L8-CB3 {'rot': 0.02141}
  t=   8.75  cb_failure         L9-CB2 {'rot': 0.02112}
  t=   8.75  cb_failure         L17-CB2 {'rot': 0.02152}
  t=   8.75  cb_failure         L19-CB0 {'rot': 0.02054}
  t=   8.75  cb_failure         L19-CB3 {'rot': 0.02116}
  t=   8.88  cb_failure         L8-CB2 {'rot': 0.0202}
  t=   8.88  cb_failure         L18-CB2 {'rot': 0.0217}
  t=   8.88  cb_failure         L20-CB3 {'rot': 0.02057}
  t=   9.00  cb_failure         L19-CB2 {'rot': 0.02168}
  t=   9.00  cb_failure         L21-CB1 {'rot': 0.02092}
  t=   9.13  cb_failure         L20-CB0 {'rot': 0.02053}
  t=   9.13  cb_failure         L20-CB2 {'rot': 0.02127}
  t=   9.13  cb_failure         L21-CB3 {'rot': 0.02202}
  t=   9.13  cb_failure         L23-CB3 {'rot': 0.02195}
  t=   9.13  cb_yield           L25-CB2 {'rot': 0.00781}
  t=   9.25  cb_failure         L22-CB3 {'rot': 0.02067}
  t=   9.25  cb_failure         L24-CB3 {'rot': 0.02119}
  t=   9.25  cb_yield           L26-CB2 {'rot': 0.00798}
  t=   9.25  cb_yield           L29-CB3 {'rot': 0.00727}
  t=   9.38  cb_yield           L27-CB2 {'rot': 0.0078}
  t=   9.38  cb_yield           L30-CB3 {'rot': 0.00801}
  t=   9.38  cb_yield           L31-CB3 {'rot': 0.00732}
  t=   9.38  cb_yield           L32-CB3 {'rot': 0.00687}
  t=   9.38  cb_yield           L33-CB3 {'rot': 0.00659}
  t=   9.50  cb_yield           L28-CB2 {'rot': 0.00663}
  t=   9.63  cb_yield           L1-CB1 {'rot': 0.00644}
  t=   9.63  cb_yield           L1-CB2 {'rot': 0.00597}
  t=   9.63  cb_yield           L1-CB3 {'rot': 0.00648}
  t=   9.63  cb_failure         L6-CB3 {'rot': 0.02}
  t=   9.63  cb_failure         L7-CB3 {'rot': 0.02128}
  t=   9.75  cb_yield           L1-CB0 {'rot': 0.00653}
  t=   9.75  cb_failure         L4-CB0 {'rot': 0.02085}
  t=   9.75  cb_failure         L5-CB0 {'rot': 0.02048}
  t=   9.75  cb_failure         L5-CB1 {'rot': 0.02009}
  t=   9.75  cb_failure         L5-CB3 {'rot': 0.0206}
  t=   9.75  cb_failure         L6-CB0 {'rot': 0.01997}
  t=   9.75  cb_failure         L6-CB1 {'rot': 0.02191}
  t=   9.75  cb_failure         L6-CB2 {'rot': 0.02068}
  t=   9.75  cb_failure         L7-CB2 {'rot': 0.02175}
  t=   9.88  cb_failure         L3-CB1 {'rot': 0.02065}
  t=   9.88  cb_failure         L5-CB2 {'rot': 0.0208}
  progress t=  10.0s  max corner drift so far=0.0058  wall clock=150s
  t=  10.50  cb_failure         L21-CB0 {'rot': 0.02112}
  t=  10.50  cb_failure         L22-CB1 {'rot': 0.02121}
  t=  10.50  cb_yield           L27-CB0 {'rot': 0.00762}
  t=  10.50  cb_yield           L28-CB0 {'rot': 0.00656}
  t=  10.50  cb_yield           L32-CB1 {'rot': 0.00771}
  t=  10.50  cb_yield           L33-CB1 {'rot': 0.00737}
  t=  10.63  cb_failure         L23-CB1 {'rot': 0.02146}
  t=  10.63  cb_failure         L24-CB1 {'rot': 0.02158}
  t=  10.75  cb_failure         L25-CB3 {'rot': 0.02248}
  t=  10.75  cb_yield           L29-CB0 {'rot': 0.00758}
  t=  10.88  cb_failure         L25-CB1 {'rot': 0.02218}
  t=  10.88  cb_failure         L26-CB1 {'rot': 0.0213}
  t=  10.88  cb_failure         L26-CB3 {'rot': 0.0219}
  t=  10.88  cb_failure         L27-CB3 {'rot': 0.02056}
  t=  10.88  cb_yield           L29-CB2 {'rot': 0.00849}
  t=  10.88  cb_yield           L30-CB0 {'rot': 0.00713}
  t=  10.88  cb_yield           L30-CB2 {'rot': 0.00683}
  t=  11.00  cb_failure         L27-CB1 {'rot': 0.02147}
  t=  11.00  cb_failure         L28-CB1 {'rot': 0.02069}
  t=  11.00  cb_failure         L28-CB3 {'rot': 0.02499}
  t=  11.00  cb_failure         L29-CB3 {'rot': 0.02406}
  t=  11.00  cb_failure         L30-CB3 {'rot': 0.02309}
  t=  11.00  cb_yield           L31-CB2 {'rot': 0.00989}
  t=  11.00  cb_failure         L31-CB3 {'rot': 0.02222}
  t=  11.00  cb_yield           L32-CB2 {'rot': 0.00914}
  t=  11.00  cb_failure         L32-CB3 {'rot': 0.02156}
  t=  11.00  cb_failure         L33-CB1 {'rot': 0.023}
  t=  11.00  cb_yield           L33-CB2 {'rot': 0.00879}
  t=  11.00  cb_failure         L33-CB3 {'rot': 0.02091}
  t=  12.13  cb_failure         L22-CB0 {'rot': 0.02224}
  t=  12.13  cb_failure         L23-CB0 {'rot': 0.02217}
  t=  12.13  cb_failure         L24-CB0 {'rot': 0.02158}
  t=  12.13  cb_failure         L25-CB0 {'rot': 0.02057}
  t=  12.13  cb_failure         L27-CB0 {'rot': 0.02292}
  t=  12.13  cb_yield           L31-CB0 {'rot': 0.00834}
  t=  12.13  cb_yield           L32-CB0 {'rot': 0.00691}
  t=  12.25  cb_failure         L22-CB2 {'rot': 0.02227}
  t=  12.25  cb_failure         L23-CB2 {'rot': 0.02062}
  t=  12.25  cb_failure         L24-CB2 {'rot': 0.02067}
  t=  12.25  cb_failure         L26-CB0 {'rot': 0.02186}
  t=  12.25  cb_failure         L28-CB0 {'rot': 0.02303}
  t=  12.38  cb_failure         L21-CB2 {'rot': 0.02067}
  t=  12.38  cb_failure         L25-CB2 {'rot': 0.02282}
  t=  12.38  cb_failure         L26-CB2 {'rot': 0.02146}
  t= 13.400  solver fallback: Newton
  t=  13.63  cb_failure         L4-CB2 {'rot': 0.02051}
  t=  14.63  cb_failure         L29-CB2 {'rot': 0.02102}
  t=  15.00  cb_yield           L33-CB0 {'rot': 0.00733}
  t=  15.63  cb_failure         L27-CB2 {'rot': 0.02565}
  t=  15.63  cb_failure         L28-CB2 {'rot': 0.02511}
  t=  15.63  cb_failure         L29-CB1 {'rot': 0.02473}
  t=  15.63  cb_failure         L30-CB1 {'rot': 0.02392}
  t=  15.63  cb_failure         L30-CB2 {'rot': 0.0236}
  t=  15.63  cb_failure         L31-CB1 {'rot': 0.02319}
  t=  15.63  cb_failure         L31-CB2 {'rot': 0.02283}
  t=  15.63  cb_failure         L32-CB1 {'rot': 0.02266}
  t=  15.63  cb_failure         L32-CB2 {'rot': 0.02225}
  t=  15.63  cb_failure         L33-CB2 {'rot': 0.02201}
  t=  15.75  cb_failure         L29-CB0 {'rot': 0.02056}
  t=  15.75  cb_failure         L33-CB0 {'rot': 0.02201}
  t=  15.88  cb_failure         L30-CB0 {'rot': 0.02942}
  t=  15.88  cb_failure         L31-CB0 {'rot': 0.0288}
  t=  15.88  cb_failure         L32-CB0 {'rot': 0.02827}
  t=  17.38  cb_failure         L4-CB1 {'rot': 0.02247}
  t=  17.63  cb_failure         L2-CB1 {'rot': 0.02499}
  t=  17.75  cb_failure         L3-CB0 {'rot': 0.02073}
  t=  19.87  cb_failure         L4-CB3 {'rot': 0.02112}
  t=  20.00  cb_failure         L3-CB3 {'rot': 0.02316}
  progress t=  20.0s  max corner drift so far=0.0129  wall clock=325s
  t= 20.050  solver fallback: Newton
  t=  20.25  cb_failure         L2-CB3 {'rot': 0.02151}
  t=  20.62  cb_failure         L3-CB2 {'rot': 0.02064}
  t=  30.00  cb_failure         L2-CB0 {'rot': 0.02224}
  progress t=  30.0s  max corner drift so far=0.0146  wall clock=496s
  progress t=  40.0s  max corner drift so far=0.0149  wall clock=676s
  t=  43.00  cb_failure         L1-CB3 {'rot': 0.02027}
  t=  43.00  cb_failure         L2-CB2 {'rot': 0.02331}
  t=  43.12  cb_failure         L1-CB2 {'rot': 0.02013}
  t=  43.25  cb_failure         L1-CB0 {'rot': 0.02011}
  t=  47.40  wall_axial_failure S1-F {'gamma': 0.00111, 'eps': -0.00851, 'cause': 'crushing'}
