  t=   2.75  cb_yield           L20-CB3 {'rot': 0.00667}
  t=   2.75  cb_yield           L21-CB1 {'rot': 0.0066}
  t=   2.75  cb_yield           L21-CB3 {'rot': 0.00686}
  t=   2.75  cb_yield           L22-CB1 {'rot': 0.00666}
  t=   2.75  cb_yield           L22-CB3 {'rot': 0.00693}
  t=   2.75  cb_yield           L23-CB1 {'rot': 0.00662}
  t=   2.75  cb_yield           L23-CB3 {'rot': 0.00691}
  t=   2.75  cb_yield           L24-CB3 {'rot': 0.00678}
  t=   2.75  cb_yield           L25-CB3 {'rot': 0.00656}
  t=   2.87  cb_yield           L19-CB3 {'rot': 0.00654}
  t=   2.87  cb_yield           L20-CB1 {'rot': 0.00673}
  t=   2.87  cb_yield           L24-CB1 {'rot': 0.00703}
  t=   2.87  cb_yield           L25-CB1 {'rot': 0.00679}
  t=   2.87  cb_yield           L26-CB3 {'rot': 0.00669}
  t=   3.87  cb_yield           L21-CB0 {'rot': 0.00657}
  t=   3.87  cb_yield           L22-CB0 {'rot': 0.00688}
  t=   3.87  cb_yield           L23-CB0 {'rot': 0.00706}
  t=   3.87  cb_yield           L23-CB2 {'rot': 0.00663}
  t=   3.87  cb_yield           L24-CB0 {'rot': 0.00707}
  t=   3.87  cb_yield           L24-CB2 {'rot': 0.00673}
  t=   3.87  cb_yield           L25-CB0 {'rot': 0.00692}
  t=   3.87  cb_yield           L25-CB2 {'rot': 0.00665}
  t=   3.87  cb_yield           L26-CB0 {'rot': 0.00662}
  t=   4.37  cb_yield           L5-CB0 {'rot': 0.0062}
  t=   4.37  cb_yield           L5-CB1 {'rot': 0.00601}
  t=   4.37  cb_yield           L6-CB0 {'rot': 0.0066}
  t=   4.37  cb_yield           L6-CB1 {'rot': 0.00639}
  t=   4.37  cb_yield           L7-CB0 {'rot': 0.00684}
  t=   4.37  cb_yield           L7-CB1 {'rot': 0.00661}
  t=   4.37  cb_yield           L8-CB0 {'rot': 0.00695}
  t=   4.37  cb_yield           L8-CB1 {'rot': 0.00671}
  t=   4.37  cb_yield           L9-CB0 {'rot': 0.00697}
  t=   4.37  cb_yield           L9-CB1 {'rot': 0.00669}
  t=   4.37  cb_yield           L10-CB0 {'rot': 0.00688}
  t=   4.37  cb_yield           L10-CB1 {'rot': 0.00657}
  t=   4.37  cb_yield           L11-CB0 {'rot': 0.0067}
  t=   4.37  cb_yield           L11-CB1 {'rot': 0.00637}
  t=   4.37  cb_yield           L12-CB0 {'rot': 0.00645}
  t=   4.37  cb_yield           L12-CB1 {'rot': 0.00609}
  t=   4.37  cb_yield           L13-CB0 {'rot': 0.00613}
  t=   4.50  cb_yield           L3-CB0 {'rot': 0.00683}
  t=   4.50  cb_yield           L3-CB1 {'rot': 0.00662}
  t=   4.50  cb_yield           L3-CB2 {'rot': 0.0062}
  t=   4.50  cb_yield           L3-CB3 {'rot': 0.006}
  t=   4.50  cb_yield           L4-CB0 {'rot': 0.00798}
  t=   4.50  cb_yield           L4-CB1 {'rot': 0.00774}
  t=   4.50  cb_yield           L4-CB2 {'rot': 0.00713}
  t=   4.50  cb_yield           L4-CB3 {'rot': 0.00691}
  t=   4.50  cb_yield           L5-CB2 {'rot': 0.00775}
  t=   4.50  cb_yield           L5-CB3 {'rot': 0.0075}
  t=   4.50  cb_yield           L6-CB2 {'rot': 0.00804}
  t=   4.50  cb_yield           L6-CB3 {'rot': 0.00776}
  t=   4.50  cb_yield           L7-CB2 {'rot': 0.00805}
  t=   4.50  cb_yield           L7-CB3 {'rot': 0.00775}
  t=   4.50  cb_yield           L8-CB2 {'rot': 0.00781}
  t=   4.50  cb_yield           L8-CB3 {'rot': 0.00749}
  t=   4.50  cb_yield           L9-CB2 {'rot': 0.00738}
  t=   4.50  cb_yield           L9-CB3 {'rot': 0.00702}
  t=   4.50  cb_yield           L10-CB2 {'rot': 0.00678}
  t=   4.50  cb_yield           L10-CB3 {'rot': 0.0064}
  t=   4.50  cb_yield           L11-CB2 {'rot': 0.00607}
  t=   4.50  cb_yield           L13-CB1 {'rot': 0.00689}
  t=   4.50  cb_yield           L14-CB0 {'rot': 0.00667}
  t=   4.50  cb_yield           L14-CB1 {'rot': 0.00615}
  t=   4.50  cb_yield           L15-CB0 {'rot': 0.00593}
  t=   4.62  cb_yield           L2-CB0 {'rot': 0.00662}
  t=   4.62  cb_yield           L2-CB1 {'rot': 0.00639}
  t=   4.62  cb_yield           L2-CB2 {'rot': 0.00609}
  t=   4.62  cb_yield           L11-CB3 {'rot': 0.00655}
  t=   4.62  cb_yield           L27-CB3 {'rot': 0.00691}
  t=   4.62  cb_yield           L28-CB3 {'rot': 0.0068}
  t=   4.62  cb_yield           L29-CB3 {'rot': 0.00658}
  t=   4.75  cb_yield           L2-CB3 {'rot': 0.00658}
  t=   5.25  cb_yield           L16-CB0 {'rot': 0.00595}
  t=   5.38  cb_yield           L15-CB1 {'rot': 0.00625}
  t=   5.38  cb_yield           L16-CB1 {'rot': 0.00618}
  t=   5.38  cb_yield           L17-CB0 {'rot': 0.00657}
  t=   5.50  cb_yield           L18-CB0 {'rot': 0.00697}
  t=   5.50  cb_yield           L19-CB0 {'rot': 0.0069}
  t=   5.50  cb_yield           L20-CB0 {'rot': 0.00675}
  t=   6.25  cb_yield           L12-CB2 {'rot': 0.00609}
  t=   6.38  cb_yield           L12-CB3 {'rot': 0.00603}
  t=   8.00  cb_yield           L17-CB1 {'rot': 0.00784}
  t=   8.00  cb_yield           L18-CB1 {'rot': 0.00758}
  t=   8.00  cb_yield           L19-CB1 {'rot': 0.00736}
  t=   8.13  cb_yield           L13-CB2 {'rot': 0.00645}
  t=   8.13  cb_yield           L13-CB3 {'rot': 0.0077}
  t=   8.13  cb_yield           L14-CB2 {'rot': 0.00603}
  t=   8.13  cb_yield           L14-CB3 {'rot': 0.00732}
  t=   8.13  cb_yield           L15-CB3 {'rot': 0.00696}
  t=   8.13  cb_yield           L16-CB3 {'rot': 0.00664}
  t=   8.13  cb_yield           L26-CB1 {'rot': 0.00744}
  t=   8.13  cb_yield           L27-CB1 {'rot': 0.00696}
  t=   8.25  cb_yield           L15-CB2 {'rot': 0.00966}
  t=   8.25  cb_yield           L16-CB2 {'rot': 0.00921}
  t=   8.25  cb_yield           L17-CB2 {'rot': 0.00856}
  t=   8.25  cb_yield           L17-CB3 {'rot': 0.01087}
  t=   8.25  cb_yield           L18-CB2 {'rot': 0.00786}
  t=   8.25  cb_yield           L18-CB3 {'rot': 0.0102}
  t=   8.25  cb_yield           L19-CB2 {'rot': 0.00714}
  t=   8.25  cb_yield           L28-CB1 {'rot': 0.00784}
  t=   8.25  cb_yield           L29-CB1 {'rot': 0.00717}
  t=   8.25  cb_yield           L30-CB1 {'rot': 0.00656}
  t=   8.38  cb_failure         L13-CB1 {'rot': 0.02034}
  t=   8.38  cb_failure         L14-CB1 {'rot': 0.02064}
  t=   8.38  cb_failure         L15-CB1 {'rot': 0.02069}
  t=   8.38  cb_failure         L16-CB1 {'rot': 0.02048}
  t=   8.38  cb_yield           L20-CB2 {'rot': 0.00942}
  t=   8.38  cb_yield           L21-CB2 {'rot': 0.00814}
  t=   8.38  cb_yield           L22-CB2 {'rot': 0.00688}
  t=   8.38  cb_yield           L27-CB0 {'rot': 0.00666}
  t=   8.38  cb_yield           L31-CB1 {'rot': 0.00715}
  t=   8.38  cb_yield           L32-CB1 {'rot': 0.00672}
  t=   8.50  cb_failure         L9-CB1 {'rot': 0.0202}
  t=   8.50  cb_failure         L10-CB1 {'rot': 0.02155}
  t=   8.50  cb_failure         L11-CB0 {'rot': 0.02023}
  t=   8.50  cb_failure         L11-CB1 {'rot': 0.02263}
  t=   8.50  cb_failure         L11-CB3 {'rot': 0.01996}
  t=   8.50  cb_failure         L12-CB0 {'rot': 0.02097}
  t=   8.50  cb_failure         L12-CB1 {'rot': 0.02347}
  t=   8.50  cb_failure         L12-CB3 {'rot': 0.02079}
  t=   8.50  cb_failure         L13-CB0 {'rot': 0.02148}
  t=   8.50  cb_failure         L13-CB3 {'rot': 0.02136}
  t=   8.50  cb_failure         L14-CB0 {'rot': 0.02172}
  t=   8.50  cb_failure         L14-CB3 {'rot': 0.02164}
  t=   8.50  cb_failure         L15-CB0 {'rot': 0.0217}
  t=   8.50  cb_failure         L15-CB3 {'rot': 0.02165}
  t=   8.50  cb_failure         L16-CB0 {'rot': 0.02145}
  t=   8.50  cb_failure         L16-CB3 {'rot': 0.0214}
  t=   8.50  cb_failure         L17-CB0 {'rot': 0.02082}
  t=   8.50  cb_failure         L17-CB1 {'rot': 0.02379}
  t=   8.50  cb_failure         L17-CB3 {'rot': 0.02078}
  t=   8.50  cb_failure         L18-CB1 {'rot': 0.02299}
  t=   8.50  cb_failure         L19-CB1 {'rot': 0.02192}
  t=   8.50  cb_failure         L20-CB1 {'rot': 0.02059}
  t=   8.50  cb_failure         L21-CB0 {'rot': 0.02113}
  t=   8.63  cb_failure         L8-CB1 {'rot': 0.02122}
  t=   8.63  cb_failure         L9-CB0 {'rot': 0.02137}
  t=   8.63  cb_failure         L9-CB3 {'rot': 0.02031}
  t=   8.63  cb_failure         L10-CB0 {'rot': 0.02283}
  t=   8.63  cb_failure         L10-CB3 {'rot': 0.02193}
  t=   8.63  cb_failure         L11-CB2 {'rot': 0.02099}
  t=   8.63  cb_failure         L12-CB2 {'rot': 0.02185}
  t=   8.63  cb_failure         L13-CB2 {'rot': 0.02244}
  t=   8.63  cb_failure         L14-CB2 {'rot': 0.0227}
  t=   8.63  cb_failure         L15-CB2 {'rot': 0.02266}
  t=   8.63  cb_failure         L16-CB2 {'rot': 0.02234}
  t=   8.63  cb_failure         L17-CB2 {'rot': 0.02161}
  t=   8.63  cb_failure         L18-CB0 {'rot': 0.02327}
  t=   8.63  cb_failure         L18-CB2 {'rot': 0.02058}
  t=   8.63  cb_failure         L18-CB3 {'rot': 0.02363}
  t=   8.63  cb_failure         L19-CB0 {'rot': 0.0219}
  t=   8.63  cb_failure         L19-CB3 {'rot': 0.0224}
  t=   8.63  cb_failure         L20-CB3 {'rot': 0.0208}
  t=   8.63  cb_failure         L21-CB1 {'rot': 0.0211}
  t=   8.75  cb_failure         L7-CB1 {'rot': 0.0201}
  t=   8.75  cb_failure         L8-CB0 {'rot': 0.02135}
  t=   8.75  cb_failure         L8-CB3 {'rot': 0.01994}
  t=   8.75  cb_failure         L9-CB2 {'rot': 0.02033}
  t=   8.75  cb_failure         L10-CB2 {'rot': 0.02206}
  t=   8.75  cb_failure         L19-CB2 {'rot': 0.02275}
  t=   8.75  cb_failure         L20-CB0 {'rot': 0.02234}
  t=   8.75  cb_failure         L20-CB2 {'rot': 0.02085}
  t=   8.75  cb_failure         L21-CB3 {'rot': 0.02147}
  t=   9.00  cb_failure         L21-CB2 {'rot': 0.02185}
  t=   9.00  cb_failure         L22-CB1 {'rot': 0.02093}
  t=   9.00  cb_failure         L22-CB3 {'rot': 0.02201}
  t=   9.00  cb_yield           L26-CB2 {'rot': 0.00669}
  t=   9.13  cb_failure         L22-CB2 {'rot': 0.02055}
  t=   9.13  cb_failure         L23-CB1 {'rot': 0.0213}
  t=   9.13  cb_failure         L23-CB3 {'rot': 0.02067}
  t=   9.13  cb_yield           L30-CB3 {'rot': 0.00684}
  t=   9.25  cb_failure         L24-CB1 {'rot': 0.0217}
  t=   9.25  cb_yield           L27-CB2 {'rot': 0.00836}
  t=   9.25  cb_yield           L31-CB3 {'rot': 0.00686}
  t=   9.38  cb_failure         L23-CB2 {'rot': 0.02056}
  t=   9.38  cb_failure         L24-CB3 {'rot': 0.02233}
  t=   9.38  cb_failure         L25-CB1 {'rot': 0.02255}
  t=   9.38  cb_yield           L28-CB2 {'rot': 0.00832}
  t=   9.38  cb_yield           L32-CB3 {'rot': 0.00729}
  t=   9.38  cb_yield           L33-CB3 {'rot': 0.00685}
  t=   9.50  cb_yield           L1-CB1 {'rot': 0.00596}
  t=   9.50  cb_failure         L26-CB1 {'rot': 0.02229}
  t=   9.50  cb_failure         L27-CB3 {'rot': 0.02113}
  t=   9.50  cb_yield           L28-CB0 {'rot': 0.0079}
  t=   9.50  cb_yield           L29-CB2 {'rot': 0.00714}
  t=   9.63  cb_yield           L1-CB0 {'rot': 0.0063}
  t=   9.63  cb_yield           L1-CB2 {'rot': 0.00631}
  t=   9.63  cb_yield           L1-CB3 {'rot': 0.00688}
  t=   9.63  cb_failure         L4-CB1 {'rot': 0.02096}
  t=   9.63  cb_failure         L5-CB0 {'rot': 0.02062}
  t=   9.63  cb_failure         L5-CB2 {'rot': 0.02085}
  t=   9.63  cb_failure         L6-CB1 {'rot': 0.02125}
  t=   9.63  cb_failure         L6-CB3 {'rot': 0.02113}
  t=   9.63  cb_failure         L7-CB0 {'rot': 0.02017}
  t=   9.63  cb_failure         L7-CB2 {'rot': 0.02033}
  t=   9.63  cb_failure         L7-CB3 {'rot': 0.02236}
  t=   9.63  cb_failure         L8-CB2 {'rot': 0.02097}
  t=   9.63  cb_failure         L27-CB1 {'rot': 0.02068}
  t=   9.63  cb_yield           L29-CB0 {'rot': 0.00695}
  t=   9.63  cb_yield           L33-CB1 {'rot': 0.00698}
  t=   9.75  cb_failure         L5-CB1 {'rot': 0.02183}
  t=   9.75  cb_failure         L5-CB3 {'rot': 0.02223}
  t=   9.75  cb_failure         L6-CB0 {'rot': 0.02166}
  t=   9.75  cb_failure         L6-CB2 {'rot': 0.0222}
  t=   9.88  cb_failure         L4-CB2 {'rot': 0.02007}
  t=   9.88  cb_failure         L4-CB3 {'rot': 0.02158}
  progress t=  10.0s  max corner drift so far=0.0064  wall clock=126s
  t=  10.50  cb_failure         L22-CB0 {'rot': 0.02151}
  t=  10.63  cb_failure         L23-CB0 {'rot': 0.02079}
  t=  10.63  cb_yield           L30-CB0 {'rot': 0.00662}
  t=  10.75  cb_failure         L24-CB0 {'rot': 0.0209}
  t=  10.88  cb_failure         L24-CB2 {'rot': 0.02112}
  t=  10.88  cb_failure         L25-CB3 {'rot': 0.02521}
  t=  10.88  cb_failure         L26-CB3 {'rot': 0.02327}
  t=  10.88  cb_yield           L30-CB2 {'rot': 0.00669}
  t=  11.00  cb_failure         L25-CB2 {'rot': 0.02191}
  t=  11.00  cb_failure         L26-CB2 {'rot': 0.02096}
  t=  11.00  cb_failure         L28-CB1 {'rot': 0.02227}
  t=  11.00  cb_failure         L28-CB3 {'rot': 0.02606}
  t=  11.00  cb_failure         L29-CB1 {'rot': 0.02193}
  t=  11.00  cb_failure         L29-CB3 {'rot': 0.02389}
  t=  11.00  cb_failure         L30-CB1 {'rot': 0.02261}
  t=  11.00  cb_failure         L30-CB3 {'rot': 0.02212}
  t=  11.00  cb_yield           L31-CB0 {'rot': 0.00746}
  t=  11.00  cb_yield           L31-CB2 {'rot': 0.0107}
  t=  11.00  cb_yield           L32-CB2 {'rot': 0.00927}
  t=  11.00  cb_yield           L33-CB2 {'rot': 0.00868}
  t=  11.13  cb_failure         L27-CB2 {'rot': 0.02323}
  t=  11.13  cb_failure         L28-CB2 {'rot': 0.0225}
  t=  11.13  cb_failure         L29-CB2 {'rot': 0.02154}
  t=  11.13  cb_failure         L31-CB3 {'rot': 0.02642}
  t=  11.13  cb_yield           L32-CB0 {'rot': 0.01038}
  t=  11.13  cb_failure         L32-CB1 {'rot': 0.02227}
  t=  11.13  cb_failure         L32-CB3 {'rot': 0.02552}
  t=  11.13  cb_yield           L33-CB0 {'rot': 0.00998}
  t=  11.13  cb_failure         L33-CB1 {'rot': 0.02276}
  t=  11.13  cb_failure         L33-CB3 {'rot': 0.02482}
  t=  11.25  cb_failure         L30-CB2 {'rot': 0.02448}
  t=  11.25  cb_failure         L31-CB2 {'rot': 0.02369}
  t=  11.25  cb_failure         L32-CB2 {'rot': 0.02295}
  t=  11.25  cb_failure         L33-CB2 {'rot': 0.02261}
  t=  15.75  cb_failure         L25-CB0 {'rot': 0.02174}
  t=  15.75  cb_failure         L26-CB0 {'rot': 0.02129}
  t=  15.75  cb_failure         L27-CB0 {'rot': 0.02066}
  t=  15.75  cb_failure         L31-CB1 {'rot': 0.0276}
  t=  15.88  cb_failure         L28-CB0 {'rot': 0.03003}
  t=  15.88  cb_failure         L29-CB0 {'rot': 0.02917}
  t=  15.88  cb_failure         L30-CB0 {'rot': 0.0282}
  t=  15.88  cb_failure         L31-CB0 {'rot': 0.0273}
  t=  15.88  cb_failure         L32-CB0 {'rot': 0.0266}
  t=  15.88  cb_failure         L33-CB0 {'rot': 0.02633}
  t=  17.50  cb_failure         L3-CB1 {'rot': 0.02134}
  t=  17.50  cb_failure         L4-CB0 {'rot': 0.02189}
  t=  17.63  cb_failure         L2-CB1 {'rot': 0.02241}
  t=  17.63  cb_failure         L3-CB0 {'rot': 0.02001}
  t=  20.00  cb_failure         L3-CB3 {'rot': 0.02192}
  progress t=  20.0s  max corner drift so far=0.0145  wall clock=270s
  t=  20.12  cb_failure         L2-CB3 {'rot': 0.02026}
  t=  20.50  cb_failure         L3-CB2 {'rot': 0.02021}
  t=  20.75  cb_failure         L2-CB2 {'rot': 0.01992}
  t=  30.00  cb_failure         L2-CB0 {'rot': 0.02122}
  progress t=  30.0s  max corner drift so far=0.0159  wall clock=416s
  progress t=  40.0s  max corner drift so far=0.0159  wall clock=566s
  t=  43.12  cb_failure         L1-CB3 {'rot': 0.02075}
  t=  43.25  cb_failure         L1-CB2 {'rot': 0.02258}
  progress t=  50.0s  max corner drift so far=0.0199  wall clock=717s
  progress t=  60.0s  max corner drift so far=0.0210  wall clock=880s
  progress t=  70.0s  max corner drift so far=0.0210  wall clock=1024s
  progress t=  80.0s  max corner drift so far=0.0210  wall clock=1160s
  progress t=  90.0s  max corner drift so far=0.0210  wall clock=1289s
  progress t= 100.0s  max corner drift so far=0.0210  wall clock=1419s
