  t=   4.35  cb_yield           L5-CB0 {'rot': 0.00508}
  t=   4.35  cb_yield           L5-CB1 {'rot': 0.00494}
  t=   4.35  cb_yield           L6-CB0 {'rot': 0.00532}
  t=   4.35  cb_yield           L6-CB1 {'rot': 0.00516}
  t=   4.35  cb_yield           L7-CB0 {'rot': 0.00542}
  t=   4.35  cb_yield           L7-CB1 {'rot': 0.00524}
  t=   4.35  cb_yield           L8-CB0 {'rot': 0.0054}
  t=   4.35  cb_yield           L8-CB1 {'rot': 0.00521}
  t=   4.35  cb_yield           L9-CB0 {'rot': 0.0053}
  t=   4.35  cb_yield           L9-CB1 {'rot': 0.00508}
  t=   4.35  cb_yield           L10-CB0 {'rot': 0.00511}
  t=   4.40  cb_yield           L4-CB0 {'rot': 0.00522}
  t=   4.40  cb_yield           L4-CB1 {'rot': 0.00508}
  t=   4.40  cb_yield           L5-CB2 {'rot': 0.00499}
  t=   4.40  cb_yield           L6-CB2 {'rot': 0.0051}
  t=   4.40  cb_yield           L6-CB3 {'rot': 0.00494}
  t=   4.40  cb_yield           L7-CB2 {'rot': 0.00503}
  t=   4.40  cb_yield           L10-CB1 {'rot': 0.00526}
  t=   4.40  cb_yield           L11-CB0 {'rot': 0.00521}
  t=   4.40  cb_yield           L11-CB1 {'rot': 0.00493}
  t=   4.45  cb_yield           L3-CB0 {'rot': 0.00495}
  t=   4.45  cb_yield           L4-CB2 {'rot': 0.00512}
  t=   4.45  cb_yield           L4-CB3 {'rot': 0.00499}
  t=   4.45  cb_yield           L5-CB3 {'rot': 0.00532}
  t=   4.45  cb_yield           L7-CB3 {'rot': 0.0053}
  t=   4.45  cb_yield           L8-CB2 {'rot': 0.00523}
  t=   4.45  cb_yield           L8-CB3 {'rot': 0.00503}
  t=   4.45  cb_yield           L12-CB0 {'rot': 0.00504}
  t=   4.50  cb_yield           L3-CB1 {'rot': 0.00509}
  t=   4.50  cb_yield           L9-CB2 {'rot': 0.00511}
  t=   4.55  cb_yield           L9-CB3 {'rot': 0.00501}
  t=   7.85  cb_yield           L12-CB1 {'rot': 0.00493}
  t=   7.85  cb_yield           L13-CB1 {'rot': 0.00498}
  t=   7.85  cb_yield           L14-CB1 {'rot': 0.00504}
  t=   7.85  cb_yield           L15-CB1 {'rot': 0.00512}
  t=   7.85  cb_yield           L16-CB1 {'rot': 0.0052}
  t=   7.85  cb_yield           L19-CB1 {'rot': 0.00547}
  t=   7.85  cb_yield           L20-CB1 {'rot': 0.00551}
  t=   7.85  cb_yield           L21-CB1 {'rot': 0.00552}
  t=   7.85  cb_yield           L22-CB1 {'rot': 0.00548}
  t=   7.90  cb_yield           L16-CB0 {'rot': 0.00493}
  t=   7.90  cb_yield           L17-CB1 {'rot': 0.0057}
  t=   7.90  cb_yield           L18-CB1 {'rot': 0.00575}
  t=   7.90  cb_yield           L23-CB1 {'rot': 0.00547}
  t=   7.95  cb_yield           L13-CB0 {'rot': 0.00538}
  t=   7.95  cb_yield           L14-CB0 {'rot': 0.00539}
  t=   7.95  cb_yield           L15-CB0 {'rot': 0.0054}
  t=   8.00  cb_yield           L17-CB0 {'rot': 0.00583}
  t=   8.00  cb_yield           L18-CB0 {'rot': 0.0057}
  t=   8.00  cb_yield           L19-CB0 {'rot': 0.00554}
  t=   8.05  cb_yield           L20-CB0 {'rot': 0.00552}
  t=   8.10  cb_yield           L10-CB3 {'rot': 0.00536}
  t=   8.10  cb_yield           L11-CB3 {'rot': 0.00547}
  t=   8.10  cb_yield           L12-CB3 {'rot': 0.00554}
  t=   8.10  cb_yield           L13-CB3 {'rot': 0.00555}
  t=   8.10  cb_yield           L14-CB3 {'rot': 0.0055}
  t=   8.10  cb_yield           L15-CB3 {'rot': 0.00541}
  t=   8.10  cb_yield           L16-CB3 {'rot': 0.00526}
  t=   8.15  cb_yield           L10-CB2 {'rot': 0.00554}
  t=   8.15  cb_yield           L11-CB2 {'rot': 0.00561}
  t=   8.15  cb_yield           L12-CB2 {'rot': 0.00563}
  t=   8.15  cb_yield           L13-CB2 {'rot': 0.00557}
  t=   8.15  cb_yield           L14-CB2 {'rot': 0.00544}
  t=   8.15  cb_yield           L15-CB2 {'rot': 0.00525}
  t=   8.15  cb_yield           L16-CB2 {'rot': 0.005}
  t=   8.15  cb_yield           L17-CB3 {'rot': 0.00549}
  t=   8.20  cb_yield           L21-CB0 {'rot': 0.00553}
  t=   8.30  cb_yield           L3-CB3 {'rot': 0.00504}
  t=   8.30  cb_yield           L18-CB3 {'rot': 0.00547}
  t=   8.35  cb_yield           L2-CB1 {'rot': 0.00496}
  t=   8.35  cb_yield           L3-CB2 {'rot': 0.00539}
  t=   8.40  cb_yield           L2-CB0 {'rot': 0.00505}
  t=   8.45  cb_yield           L2-CB2 {'rot': 0.00498}
  t=   8.45  cb_yield           L2-CB3 {'rot': 0.00524}
  t=   8.70  cb_yield           L17-CB2 {'rot': 0.00557}
  t=   8.75  cb_yield           L19-CB3 {'rot': 0.00548}
  t=   8.80  cb_yield           L18-CB2 {'rot': 0.00555}
  t=   8.85  cb_yield           L20-CB3 {'rot': 0.00578}
  t=   8.90  cb_yield           L19-CB2 {'rot': 0.00588}
  t=   8.90  cb_yield           L21-CB3 {'rot': 0.00561}
  t=   8.95  cb_yield           L20-CB2 {'rot': 0.00565}
  t=   9.00  cb_yield           L22-CB3 {'rot': 0.00589}
  t=   9.05  cb_yield           L21-CB2 {'rot': 0.00592}
  t=   9.05  cb_yield           L23-CB3 {'rot': 0.00569}
  t=   9.10  cb_yield           L22-CB2 {'rot': 0.00566}
  t=   9.10  cb_yield           L24-CB3 {'rot': 0.0056}
  t=   9.15  cb_yield           L23-CB2 {'rot': 0.00553}
  t=   9.15  cb_yield           L25-CB3 {'rot': 0.00563}
  t=   9.20  cb_yield           L24-CB2 {'rot': 0.00545}
  t=   9.20  cb_yield           L26-CB3 {'rot': 0.00567}
  t=   9.25  cb_yield           L27-CB3 {'rot': 0.0057}
  t=   9.30  cb_yield           L25-CB2 {'rot': 0.00553}
  t=   9.30  cb_yield           L28-CB3 {'rot': 0.00573}
  t=   9.35  cb_yield           L29-CB3 {'rot': 0.0057}
  t=   9.40  cb_yield           L30-CB3 {'rot': 0.00545}
  progress t=  10.0s  max corner drift so far=0.0030  wall clock=297s
  t=  10.60  cb_yield           L24-CB1 {'rot': 0.00568}
  t=  10.60  cb_yield           L25-CB1 {'rot': 0.00562}
  t=  10.60  cb_yield           L26-CB1 {'rot': 0.00548}
  t=  10.85  cb_yield           L1-CB2 {'rot': 0.00502}
  t=  10.90  cb_yield           L1-CB0 {'rot': 0.00514}
  t=  10.90  cb_yield           L1-CB1 {'rot': 0.00499}
  t=  10.90  cb_yield           L1-CB3 {'rot': 0.00523}
  t=  11.25  cb_yield           L22-CB0 {'rot': 0.00606}
  t=  11.25  cb_yield           L23-CB0 {'rot': 0.00598}
  t=  11.25  cb_yield           L24-CB0 {'rot': 0.00589}
  t=  11.25  cb_yield           L25-CB0 {'rot': 0.00575}
  t=  11.25  cb_yield           L26-CB0 {'rot': 0.00559}
  t=  11.30  cb_yield           L27-CB0 {'rot': 0.0062}
  t=  11.30  cb_yield           L28-CB0 {'rot': 0.00587}
  t=  11.30  cb_yield           L29-CB0 {'rot': 0.00553}
  t=  11.35  cb_yield           L27-CB1 {'rot': 0.00602}
  t=  11.35  cb_yield           L28-CB1 {'rot': 0.00559}
  t=  11.35  cb_yield           L30-CB0 {'rot': 0.00551}
  t=  11.45  cb_yield           L29-CB1 {'rot': 0.00555}
  t=  11.50  cb_failure         L11-CB0 {'rot': 0.01925}
  t=  11.50  cb_failure         L12-CB0 {'rot': 0.01987}
  t=  11.50  cb_failure         L12-CB1 {'rot': 0.0192}
  t=  11.50  cb_failure         L13-CB0 {'rot': 0.02024}
  t=  11.50  cb_failure         L13-CB1 {'rot': 0.01956}
  t=  11.50  cb_failure         L14-CB0 {'rot': 0.02032}
  t=  11.50  cb_failure         L14-CB1 {'rot': 0.01963}
  t=  11.50  cb_failure         L15-CB0 {'rot': 0.02011}
  t=  11.50  cb_failure         L15-CB1 {'rot': 0.01942}
  t=  11.50  cb_failure         L16-CB0 {'rot': 0.01966}
  t=  11.50  cb_failure         L16-CB1 {'rot': 0.01896}
  t=  11.55  cb_failure         L11-CB1 {'rot': 0.01942}
  t=  11.55  cb_failure         L17-CB0 {'rot': 0.02121}
  t=  11.55  cb_failure         L17-CB1 {'rot': 0.02061}
  t=  11.55  cb_failure         L18-CB0 {'rot': 0.02031}
  t=  11.55  cb_failure         L18-CB1 {'rot': 0.01968}
  t=  11.60  cb_failure         L19-CB0 {'rot': 0.02158}
  t=  11.60  cb_failure         L19-CB1 {'rot': 0.02099}
  t=  11.60  cb_failure         L20-CB0 {'rot': 0.02016}
  t=  11.60  cb_failure         L20-CB1 {'rot': 0.01957}
  t=  11.65  cb_failure         L21-CB0 {'rot': 0.02071}
  t=  11.65  cb_failure         L21-CB1 {'rot': 0.02018}
  t=  11.70  cb_failure         L15-CB2 {'rot': 0.0194}
  t=  11.70  cb_failure         L15-CB3 {'rot': 0.0192}
  t=  11.70  cb_failure         L16-CB2 {'rot': 0.01985}
  t=  11.70  cb_failure         L16-CB3 {'rot': 0.01964}
  t=  11.70  cb_failure         L17-CB2 {'rot': 0.01996}
  t=  11.70  cb_failure         L17-CB3 {'rot': 0.01974}
  t=  11.70  cb_failure         L18-CB2 {'rot': 0.01965}
  t=  11.70  cb_failure         L18-CB3 {'rot': 0.01944}
  t=  11.70  cb_failure         L22-CB0 {'rot': 0.02062}
  t=  11.70  cb_failure         L22-CB1 {'rot': 0.02018}
  t=  11.75  cb_failure         L14-CB2 {'rot': 0.01916}
  t=  11.75  cb_failure         L14-CB3 {'rot': 0.01908}
  t=  11.75  cb_failure         L19-CB2 {'rot': 0.02112}
  t=  11.75  cb_failure         L19-CB3 {'rot': 0.02101}
  t=  11.75  cb_failure         L20-CB2 {'rot': 0.02022}
  t=  11.75  cb_failure         L20-CB3 {'rot': 0.02009}
  t=  11.75  cb_failure         L23-CB0 {'rot': 0.01958}
  t=  11.80  cb_failure         L21-CB2 {'rot': 0.02071}
  t=  11.80  cb_failure         L21-CB3 {'rot': 0.02068}
  t=  11.80  cb_failure         L23-CB1 {'rot': 0.02103}
  t=  11.80  cb_failure         L23-CB2 {'rot': 0.01983}
  t=  11.80  cb_yield           L26-CB2 {'rot': 0.00546}
  t=  11.85  cb_failure         L22-CB2 {'rot': 0.02028}
  t=  11.85  cb_failure         L22-CB3 {'rot': 0.0204}
  t=  11.85  cb_failure         L25-CB1 {'rot': 0.01978}
  t=  11.90  cb_failure         L23-CB3 {'rot': 0.01958}
  t=  11.90  cb_failure         L24-CB0 {'rot': 0.02009}
  t=  11.90  cb_failure         L24-CB1 {'rot': 0.01999}
  t=  11.90  cb_failure         L24-CB2 {'rot': 0.01988}
  t=  11.90  cb_failure         L25-CB0 {'rot': 0.01992}
  t=  11.95  cb_yield           L27-CB2 {'rot': 0.00551}
  t=  12.05  cb_failure         L25-CB2 {'rot': 0.01977}
  t=  12.05  cb_yield           L28-CB2 {'rot': 0.00556}
  t=  12.10  cb_failure         L24-CB3 {'rot': 0.01948}
  t=  12.10  cb_failure         L26-CB1 {'rot': 0.0197}
  t=  12.15  cb_failure         L26-CB0 {'rot': 0.01955}
  t=  12.15  cb_failure         L26-CB3 {'rot': 0.01976}
  t=  12.15  cb_yield           L29-CB2 {'rot': 0.00646}
  t=  12.15  cb_yield           L30-CB1 {'rot': 0.00551}
  t=  12.20  cb_failure         L26-CB2 {'rot': 0.01991}
  t=  12.20  cb_yield           L30-CB2 {'rot': 0.00583}
  t=  12.25  cb_failure         L25-CB3 {'rot': 0.01982}
  t=  12.25  cb_yield           L31-CB3 {'rot': 0.00571}
  t=  12.30  cb_failure         L27-CB2 {'rot': 0.01991}
  t=  12.30  cb_yield           L31-CB2 {'rot': 0.00569}
  t=  12.35  cb_yield           L32-CB3 {'rot': 0.00566}
  t=  12.40  cb_yield           L32-CB2 {'rot': 0.00556}
  t=  12.40  cb_yield           L33-CB3 {'rot': 0.00554}
  t=  12.70  cb_failure         L9-CB0 {'rot': 0.01893}
  t=  12.70  cb_failure         L10-CB0 {'rot': 0.01902}
  t=  12.75  cb_failure         L7-CB0 {'rot': 0.01892}
  t=  12.75  cb_failure         L8-CB0 {'rot': 0.01958}
  t=  12.75  cb_failure         L8-CB1 {'rot': 0.01909}
  t=  12.75  cb_failure         L9-CB1 {'rot': 0.0195}
  t=  12.75  cb_failure         L10-CB1 {'rot': 0.01966}
  t=  12.80  cb_failure         L7-CB1 {'rot': 0.01911}
  t=  12.85  cb_failure         L6-CB0 {'rot': 0.01904}
  t=  12.85  cb_failure         L7-CB2 {'rot': 0.01904}
  t=  12.85  cb_failure         L8-CB2 {'rot': 0.01972}
  t=  12.85  cb_failure         L8-CB3 {'rot': 0.01918}
  t=  12.85  cb_failure         L9-CB2 {'rot': 0.02006}
  t=  12.85  cb_failure         L9-CB3 {'rot': 0.01948}
  t=  12.85  cb_failure         L10-CB2 {'rot': 0.02006}
  t=  12.85  cb_failure         L10-CB3 {'rot': 0.01945}
  t=  12.85  cb_failure         L11-CB2 {'rot': 0.01976}
  t=  12.85  cb_failure         L11-CB3 {'rot': 0.01911}
  t=  12.85  cb_failure         L12-CB2 {'rot': 0.01919}
  t=  12.90  cb_failure         L6-CB1 {'rot': 0.01919}
  t=  12.90  cb_failure         L6-CB2 {'rot': 0.01933}
  t=  12.90  cb_failure         L7-CB3 {'rot': 0.02001}
  t=  12.90  cb_failure         L12-CB3 {'rot': 0.02015}
  t=  12.90  cb_failure         L13-CB2 {'rot': 0.01996}
  t=  12.90  cb_failure         L13-CB3 {'rot': 0.01917}
  t=  12.95  cb_failure         L6-CB3 {'rot': 0.02}
  t=  12.95  cb_yield           L33-CB2 {'rot': 0.00555}
  t=  13.00  cb_failure         L5-CB2 {'rot': 0.01945}
  t=  13.05  cb_failure         L5-CB3 {'rot': 0.01948}
  t=  13.10  cb_failure         L5-CB0 {'rot': 0.01901}
  t=  14.70  cb_yield           L31-CB0 {'rot': 0.00636}
  t=  14.70  cb_yield           L32-CB0 {'rot': 0.00554}
  t=  14.75  cb_yield           L31-CB1 {'rot': 0.00628}
  t=  14.75  cb_yield           L32-CB1 {'rot': 0.00549}
  t=  14.75  cb_yield           L33-CB0 {'rot': 0.00652}
  t=  14.80  cb_yield           L33-CB1 {'rot': 0.0059}
  t=  15.10  cb_failure         L28-CB2 {'rot': 0.01974}
  t=  15.15  cb_failure         L27-CB3 {'rot': 0.01996}
  t=  15.15  cb_failure         L28-CB3 {'rot': 0.01993}
  t=  15.15  cb_failure         L29-CB3 {'rot': 0.01975}
  t=  15.15  cb_failure         L30-CB3 {'rot': 0.01945}
  t=  15.20  cb_failure         L31-CB3 {'rot': 0.02026}
  t=  15.20  cb_failure         L32-CB3 {'rot': 0.01989}
  t=  15.20  cb_failure         L33-CB3 {'rot': 0.01968}
  t=  15.30  cb_failure         L29-CB2 {'rot': 0.01969}
  t=  15.45  cb_failure         L27-CB1 {'rot': 0.02154}
  t=  15.45  cb_failure         L28-CB1 {'rot': 0.02084}
  t=  15.45  cb_failure         L29-CB1 {'rot': 0.0199}
  t=  15.50  cb_failure         L30-CB1 {'rot': 0.02221}
  t=  15.50  cb_failure         L31-CB1 {'rot': 0.02147}
  t=  15.50  cb_failure         L32-CB1 {'rot': 0.02095}
  t=  15.50  cb_failure         L33-CB1 {'rot': 0.02074}
  t=  15.60  cb_failure         L30-CB2 {'rot': 0.01971}
  t=  15.60  cb_failure         L31-CB2 {'rot': 0.01948}
  t=  15.60  cb_failure         L32-CB2 {'rot': 0.01951}
  t=  15.60  cb_failure         L33-CB2 {'rot': 0.01945}
  t=  15.80  cb_failure         L27-CB0 {'rot': 0.02033}
  t=  15.80  cb_failure         L28-CB0 {'rot': 0.01991}
  t=  15.80  cb_failure         L29-CB0 {'rot': 0.0195}
  t=  15.90  cb_failure         L30-CB0 {'rot': 0.0197}
  t=  15.95  cb_failure         L31-CB0 {'rot': 0.02037}
  t=  15.95  cb_failure         L32-CB0 {'rot': 0.02005}
  t=  15.95  cb_failure         L33-CB0 {'rot': 0.01994}
  progress t=  20.0s  max corner drift so far=0.0101  wall clock=594s
  progress t=  30.0s  max corner drift so far=0.0101  wall clock=887s
  progress t=  40.0s  max corner drift so far=0.0131  wall clock=1180s
  t=  42.90  cb_failure         L4-CB2 {'rot': 0.01898}
  t=  42.95  cb_failure         L4-CB3 {'rot': 0.01902}
  t=  43.20  cb_failure         L3-CB2 {'rot': 0.01923}
  t=  48.90  cb_failure         L4-CB0 {'rot': 0.01932}
  t=  49.00  cb_failure         L5-CB1 {'rot': 0.01929}
  progress t=  50.0s  max corner drift so far=0.0133  wall clock=1476s
  t=  51.30  cb_failure         L4-CB1 {'rot': 0.0209}
  t=  51.35  cb_failure         L3-CB1 {'rot': 0.01921}
  t=  51.35  cb_failure         L3-CB3 {'rot': 0.01894}
  t=  51.45  cb_failure         L3-CB0 {'rot': 0.0197}
  t=  51.55  cb_failure         L2-CB3 {'rot': 0.01913}
  t=  51.65  cb_failure         L2-CB2 {'rot': 0.01905}
  progress t=  60.0s  max corner drift so far=0.0181  wall clock=1779s
  progress t=  70.0s  max corner drift so far=0.0181  wall clock=2073s
  progress t=  80.0s  max corner drift so far=0.0181  wall clock=2362s
  progress t=  90.0s  max corner drift so far=0.0181  wall clock=2653s
  progress t= 100.0s  max corner drift so far=0.0181  wall clock=2939s
