  t=   4.25  cb_yield           L7-CB0 {'rot': 0.00628}
  t=   4.25  cb_yield           L7-CB1 {'rot': 0.00611}
  t=   4.25  cb_yield           L8-CB0 {'rot': 0.00636}
  t=   4.25  cb_yield           L8-CB1 {'rot': 0.00618}
  t=   4.25  cb_yield           L9-CB0 {'rot': 0.00636}
  t=   4.25  cb_yield           L9-CB1 {'rot': 0.00616}
  t=   4.25  cb_yield           L10-CB0 {'rot': 0.00627}
  t=   4.25  cb_yield           L11-CB0 {'rot': 0.00612}
  t=   4.37  cb_yield           L3-CB0 {'rot': 0.00662}
  t=   4.37  cb_yield           L3-CB1 {'rot': 0.0064}
  t=   4.37  cb_yield           L4-CB0 {'rot': 0.00762}
  t=   4.37  cb_yield           L4-CB1 {'rot': 0.00739}
  t=   4.37  cb_yield           L4-CB2 {'rot': 0.00682}
  t=   4.37  cb_yield           L4-CB3 {'rot': 0.00662}
  t=   4.37  cb_yield           L5-CB0 {'rot': 0.00833}
  t=   4.37  cb_yield           L5-CB1 {'rot': 0.00808}
  t=   4.37  cb_yield           L5-CB2 {'rot': 0.00733}
  t=   4.37  cb_yield           L5-CB3 {'rot': 0.0071}
  t=   4.37  cb_yield           L6-CB0 {'rot': 0.00875}
  t=   4.37  cb_yield           L6-CB1 {'rot': 0.00849}
  t=   4.37  cb_yield           L6-CB2 {'rot': 0.00753}
  t=   4.37  cb_yield           L6-CB3 {'rot': 0.00728}
  t=   4.37  cb_yield           L7-CB2 {'rot': 0.00749}
  t=   4.37  cb_yield           L7-CB3 {'rot': 0.00721}
  t=   4.37  cb_yield           L8-CB2 {'rot': 0.00723}
  t=   4.37  cb_yield           L8-CB3 {'rot': 0.00693}
  t=   4.37  cb_yield           L9-CB2 {'rot': 0.0068}
  t=   4.37  cb_yield           L9-CB3 {'rot': 0.00648}
  t=   4.37  cb_yield           L10-CB1 {'rot': 0.008}
  t=   4.37  cb_yield           L10-CB2 {'rot': 0.00624}
  t=   4.37  cb_yield           L11-CB1 {'rot': 0.00754}
  t=   4.37  cb_yield           L12-CB0 {'rot': 0.00738}
  t=   4.37  cb_yield           L12-CB1 {'rot': 0.007}
  t=   4.37  cb_yield           L13-CB0 {'rot': 0.00678}
  t=   4.37  cb_yield           L13-CB1 {'rot': 0.00638}
  t=   4.37  cb_yield           L14-CB0 {'rot': 0.00613}
  t=   4.50  cb_yield           L2-CB0 {'rot': 0.00648}
  t=   4.50  cb_yield           L2-CB1 {'rot': 0.00627}
  t=   4.50  cb_yield           L3-CB2 {'rot': 0.00743}
  t=   4.50  cb_yield           L3-CB3 {'rot': 0.00718}
  t=   4.50  cb_yield           L10-CB3 {'rot': 0.00704}
  t=   4.50  cb_yield           L11-CB2 {'rot': 0.00642}
  t=   4.62  cb_yield           L2-CB2 {'rot': 0.00644}
  t=   4.62  cb_yield           L2-CB3 {'rot': 0.00619}
  t=   7.38  cb_yield           L14-CB1 {'rot': 0.00616}
  t=   7.50  cb_yield           L15-CB1 {'rot': 0.00613}
  t=   7.88  cb_yield           L15-CB0 {'rot': 0.00635}
  t=   7.88  cb_yield           L16-CB0 {'rot': 0.00636}
  t=   7.88  cb_yield           L16-CB1 {'rot': 0.00732}
  t=   7.88  cb_yield           L17-CB1 {'rot': 0.0074}
  t=   7.88  cb_yield           L18-CB1 {'rot': 0.00746}
  t=   7.88  cb_yield           L19-CB1 {'rot': 0.0075}
  t=   7.88  cb_yield           L20-CB1 {'rot': 0.00752}
  t=   7.88  cb_yield           L21-CB1 {'rot': 0.0075}
  t=   7.88  cb_yield           L22-CB1 {'rot': 0.00742}
  t=   7.88  cb_yield           L23-CB1 {'rot': 0.00727}
  t=   7.88  cb_yield           L24-CB1 {'rot': 0.00706}
  t=   7.88  cb_yield           L25-CB1 {'rot': 0.00677}
  t=   8.00  cb_yield           L17-CB0 {'rot': 0.00835}
  t=   8.00  cb_yield           L18-CB0 {'rot': 0.00818}
  t=   8.00  cb_yield           L19-CB0 {'rot': 0.00796}
  t=   8.00  cb_yield           L20-CB0 {'rot': 0.0077}
  t=   8.00  cb_yield           L21-CB0 {'rot': 0.00739}
  t=   8.00  cb_yield           L22-CB0 {'rot': 0.00703}
  t=   8.00  cb_yield           L23-CB0 {'rot': 0.00663}
  t=   8.13  cb_yield           L11-CB3 {'rot': 0.00869}
  t=   8.13  cb_yield           L12-CB2 {'rot': 0.00788}
  t=   8.13  cb_yield           L12-CB3 {'rot': 0.00885}
  t=   8.13  cb_yield           L13-CB2 {'rot': 0.00789}
  t=   8.13  cb_yield           L13-CB3 {'rot': 0.00892}
  t=   8.13  cb_yield           L14-CB2 {'rot': 0.00781}
  t=   8.13  cb_yield           L14-CB3 {'rot': 0.00887}
  t=   8.13  cb_yield           L15-CB2 {'rot': 0.00762}
  t=   8.13  cb_yield           L15-CB3 {'rot': 0.00873}
  t=   8.13  cb_yield           L16-CB2 {'rot': 0.00736}
  t=   8.13  cb_yield           L16-CB3 {'rot': 0.00849}
  t=   8.13  cb_yield           L17-CB2 {'rot': 0.00694}
  t=   8.13  cb_yield           L17-CB3 {'rot': 0.00812}
  t=   8.13  cb_yield           L18-CB3 {'rot': 0.00767}
  t=   8.13  cb_yield           L19-CB3 {'rot': 0.00716}
  t=   8.13  cb_yield           L20-CB3 {'rot': 0.00662}
  t=   8.25  cb_yield           L18-CB2 {'rot': 0.00778}
  t=   8.25  cb_yield           L19-CB2 {'rot': 0.00678}
  t=   8.63  cb_yield           L1-CB0 {'rot': 0.00611}
  t=   8.63  cb_yield           L1-CB1 {'rot': 0.00647}
  t=   8.75  cb_yield           L20-CB2 {'rot': 0.00662}
  t=   8.75  cb_yield           L21-CB3 {'rot': 0.00734}
  t=   8.88  cb_yield           L21-CB2 {'rot': 0.00716}
  t=   8.88  cb_yield           L22-CB3 {'rot': 0.00791}
  t=   8.88  cb_yield           L23-CB3 {'rot': 0.00698}
  t=   9.00  cb_yield           L22-CB2 {'rot': 0.00758}
  t=   9.00  cb_yield           L24-CB3 {'rot': 0.00707}
  t=   9.13  cb_yield           L23-CB2 {'rot': 0.00832}
  t=   9.13  cb_yield           L24-CB2 {'rot': 0.00705}
  t=   9.13  cb_yield           L25-CB3 {'rot': 0.00769}
  t=   9.13  cb_yield           L26-CB3 {'rot': 0.00676}
  t=   9.25  cb_yield           L25-CB2 {'rot': 0.00814}
  t=   9.25  cb_yield           L26-CB2 {'rot': 0.00711}
  t=   9.25  cb_yield           L27-CB3 {'rot': 0.00786}
  t=   9.25  cb_yield           L28-CB3 {'rot': 0.00698}
  t=   9.38  cb_yield           L27-CB2 {'rot': 0.00748}
  t=   9.38  cb_yield           L28-CB2 {'rot': 0.00689}
  t=   9.38  cb_yield           L29-CB3 {'rot': 0.00799}
  t=   9.38  cb_yield           L30-CB3 {'rot': 0.00734}
  t=   9.38  cb_yield           L31-CB3 {'rot': 0.00675}
  progress t=  10.0s  max corner drift so far=0.0046  wall clock=124s
  t=  10.50  cb_yield           L24-CB0 {'rot': 0.00694}
  t=  10.50  cb_yield           L25-CB0 {'rot': 0.00679}
  t=  10.50  cb_yield           L26-CB0 {'rot': 0.00666}
  t=  10.50  cb_yield           L26-CB1 {'rot': 0.00806}
  t=  10.50  cb_yield           L27-CB1 {'rot': 0.00793}
  t=  10.50  cb_yield           L28-CB1 {'rot': 0.00777}
  t=  10.50  cb_yield           L29-CB1 {'rot': 0.00755}
  t=  10.50  cb_yield           L30-CB1 {'rot': 0.00727}
  t=  10.50  cb_yield           L31-CB1 {'rot': 0.00695}
  t=  10.50  cb_yield           L32-CB1 {'rot': 0.00666}
  t=  10.63  cb_yield           L27-CB0 {'rot': 0.00716}
  t=  10.63  cb_yield           L28-CB0 {'rot': 0.00672}
  t=  10.88  cb_yield           L1-CB2 {'rot': 0.00775}
  t=  10.88  cb_yield           L1-CB3 {'rot': 0.00751}
  t=  11.00  cb_yield           L32-CB3 {'rot': 0.00662}
  t=  11.13  cb_yield           L33-CB3 {'rot': 0.00662}
  t=  11.38  cb_yield           L29-CB0 {'rot': 0.00753}
  t=  11.38  cb_yield           L30-CB0 {'rot': 0.00705}
  t=  11.38  cb_yield           L31-CB0 {'rot': 0.00662}
  t=  11.63  cb_failure         L12-CB0 {'rot': 0.03067}
  t=  11.63  cb_failure         L12-CB1 {'rot': 0.03087}
  t=  11.63  cb_failure         L13-CB0 {'rot': 0.03199}
  t=  11.63  cb_failure         L13-CB1 {'rot': 0.03223}
  t=  11.63  cb_failure         L14-CB0 {'rot': 0.03283}
  t=  11.63  cb_failure         L14-CB1 {'rot': 0.0331}
  t=  11.63  cb_failure         L15-CB0 {'rot': 0.03321}
  t=  11.63  cb_failure         L15-CB1 {'rot': 0.0335}
  t=  11.63  cb_failure         L16-CB0 {'rot': 0.03316}
  t=  11.63  cb_failure         L16-CB1 {'rot': 0.03347}
  t=  11.63  cb_failure         L17-CB0 {'rot': 0.03255}
  t=  11.63  cb_failure         L17-CB1 {'rot': 0.03288}
  t=  11.63  cb_failure         L18-CB0 {'rot': 0.03134}
  t=  11.63  cb_failure         L18-CB1 {'rot': 0.03176}
  t=  11.75  cb_failure         L19-CB0 {'rot': 0.03713}
  t=  11.75  cb_failure         L19-CB1 {'rot': 0.03782}
  t=  11.75  cb_failure         L20-CB0 {'rot': 0.03551}
  t=  11.75  cb_failure         L20-CB1 {'rot': 0.03625}
  t=  11.75  cb_failure         L21-CB0 {'rot': 0.03286}
  t=  11.75  cb_failure         L21-CB1 {'rot': 0.03372}
  t=  11.88  cb_failure         L15-CB3 {'rot': 0.0306}
  t=  11.88  cb_failure         L16-CB2 {'rot': 0.03078}
  t=  11.88  cb_failure         L16-CB3 {'rot': 0.03232}
  t=  11.88  cb_failure         L17-CB2 {'rot': 0.03227}
  t=  11.88  cb_failure         L17-CB3 {'rot': 0.03374}
  t=  11.88  cb_failure         L18-CB2 {'rot': 0.03302}
  t=  11.88  cb_failure         L18-CB3 {'rot': 0.03442}
  t=  11.88  cb_failure         L19-CB2 {'rot': 0.033}
  t=  11.88  cb_failure         L19-CB3 {'rot': 0.03438}
  t=  11.88  cb_failure         L20-CB2 {'rot': 0.0322}
  t=  11.88  cb_failure         L20-CB3 {'rot': 0.03366}
  t=  11.88  cb_failure         L21-CB3 {'rot': 0.03203}
  t=  11.88  cb_failure         L22-CB0 {'rot': 0.03587}
  t=  11.88  cb_failure         L22-CB1 {'rot': 0.03696}
  t=  11.88  cb_failure         L23-CB0 {'rot': 0.0318}
  t=  11.88  cb_failure         L23-CB1 {'rot': 0.03299}
  t=  12.00  cb_failure         L21-CB2 {'rot': 0.03483}
  t=  12.00  cb_failure         L22-CB2 {'rot': 0.03257}
  t=  12.00  cb_failure         L22-CB3 {'rot': 0.03442}
  t=  12.00  cb_failure         L23-CB3 {'rot': 0.03107}
  t=  12.00  cb_failure         L24-CB0 {'rot': 0.03073}
  t=  12.00  cb_failure         L24-CB1 {'rot': 0.03195}
  t=  12.13  cb_failure         L23-CB2 {'rot': 0.03202}
  t=  12.13  cb_yield           L29-CB2 {'rot': 0.00785}
  t=  12.25  cb_failure         L24-CB2 {'rot': 0.03126}
  t=  12.25  cb_failure         L24-CB3 {'rot': 0.03366}
  t=  12.25  cb_yield           L30-CB2 {'rot': 0.00932}
  t=  12.25  cb_yield           L31-CB2 {'rot': 0.00685}
  t=  12.38  cb_failure         L25-CB3 {'rot': 0.0317}
  t=  12.38  cb_yield           L32-CB2 {'rot': 0.00686}
  t=  12.88  cb_failure         L6-CB0 {'rot': 0.03032}
  t=  12.88  cb_failure         L7-CB0 {'rot': 0.03201}
  t=  12.88  cb_failure         L7-CB1 {'rot': 0.03141}
  t=  12.88  cb_failure         L8-CB0 {'rot': 0.03311}
  t=  12.88  cb_failure         L8-CB1 {'rot': 0.03259}
  t=  12.88  cb_failure         L9-CB0 {'rot': 0.0338}
  t=  12.88  cb_failure         L9-CB1 {'rot': 0.0333}
  t=  12.88  cb_failure         L10-CB0 {'rot': 0.03406}
  t=  12.88  cb_failure         L10-CB1 {'rot': 0.03358}
  t=  12.88  cb_failure         L11-CB0 {'rot': 0.03395}
  t=  12.88  cb_failure         L11-CB1 {'rot': 0.03351}
  t=  13.00  cb_failure         L5-CB0 {'rot': 0.03063}
  t=  13.00  cb_failure         L6-CB1 {'rot': 0.03243}
  t=  13.00  cb_failure         L6-CB2 {'rot': 0.03189}
  t=  13.00  cb_failure         L6-CB3 {'rot': 0.031}
  t=  13.00  cb_failure         L7-CB2 {'rot': 0.03353}
  t=  13.00  cb_failure         L7-CB3 {'rot': 0.03251}
  t=  13.00  cb_failure         L8-CB2 {'rot': 0.03443}
  t=  13.00  cb_failure         L8-CB3 {'rot': 0.03334}
  t=  13.00  cb_failure         L9-CB2 {'rot': 0.03477}
  t=  13.00  cb_failure         L9-CB3 {'rot': 0.03362}
  t=  13.00  cb_failure         L10-CB2 {'rot': 0.03461}
  t=  13.00  cb_failure         L10-CB3 {'rot': 0.0334}
  t=  13.00  cb_failure         L11-CB2 {'rot': 0.03397}
  t=  13.00  cb_failure         L11-CB3 {'rot': 0.03272}
  t=  13.00  cb_failure         L12-CB2 {'rot': 0.03282}
  t=  13.00  cb_failure         L12-CB3 {'rot': 0.03161}
  t=  13.00  cb_failure         L13-CB2 {'rot': 0.03114}
  t=  13.00  cb_yield           L33-CB2 {'rot': 0.00718}
  t=  13.13  cb_failure         L5-CB1 {'rot': 0.03028}
  t=  13.13  cb_failure         L5-CB2 {'rot': 0.03136}
  t=  13.13  cb_failure         L5-CB3 {'rot': 0.03058}
  t=  13.13  cb_failure         L13-CB3 {'rot': 0.03421}
  t=  13.13  cb_failure         L14-CB2 {'rot': 0.03341}
  t=  13.13  cb_failure         L14-CB3 {'rot': 0.03195}
  t=  13.13  cb_failure         L15-CB2 {'rot': 0.03069}
  t=  14.88  cb_yield           L32-CB0 {'rot': 0.00687}
  t=  15.00  cb_yield           L33-CB0 {'rot': 0.00776}
  t=  15.00  cb_yield           L33-CB1 {'rot': 0.00694}
  t=  15.50  cb_failure         L26-CB3 {'rot': 0.031}
  t=  15.50  cb_failure         L27-CB3 {'rot': 0.03093}
  t=  15.63  cb_failure         L28-CB3 {'rot': 0.03383}
  t=  15.63  cb_failure         L29-CB3 {'rot': 0.03242}
  t=  15.63  cb_failure         L30-CB3 {'rot': 0.03072}
  progress t=  20.0s  max corner drift so far=0.0148  wall clock=264s
  t=  20.12  cb_failure         L32-CB3 {'rot': 0.03075}
  t=  20.12  cb_failure         L33-CB3 {'rot': 0.03088}
  t=  20.25  cb_failure         L31-CB3 {'rot': 0.0348}
  t=  27.37  cb_failure         L27-CB2 {'rot': 0.03108}
  t=  27.37  cb_failure         L28-CB2 {'rot': 0.03141}
  t=  27.37  cb_failure         L29-CB2 {'rot': 0.03138}
  t=  27.37  cb_failure         L30-CB2 {'rot': 0.03102}
  t=  27.50  cb_failure         L31-CB2 {'rot': 0.03076}
  t=  28.50  cb_failure         L28-CB1 {'rot': 0.03071}
  t=  28.50  cb_failure         L29-CB1 {'rot': 0.03068}
  t=  28.62  cb_failure         L27-CB1 {'rot': 0.03134}
  t=  28.62  cb_failure         L30-CB1 {'rot': 0.03117}
  progress t=  30.0s  max corner drift so far=0.0161  wall clock=407s
  progress t=  40.0s  max corner drift so far=0.0161  wall clock=553s
  t=  43.25  cb_failure         L4-CB3 {'rot': 0.03059}
  t=  43.37  cb_failure         L4-CB2 {'rot': 0.03086}
  t=  44.50  cb_failure         L25-CB2 {'rot': 0.03087}
  t=  44.50  cb_failure         L26-CB2 {'rot': 0.03149}
  t=  49.75  cb_failure         L25-CB1 {'rot': 0.03633}
  t=  49.75  cb_failure         L26-CB1 {'rot': 0.034}
  t=  49.87  cb_failure         L25-CB0 {'rot': 0.03568}
  t=  49.87  cb_failure         L26-CB0 {'rot': 0.03307}
  t=  50.00  cb_failure         L27-CB0 {'rot': 0.03724}
  t=  50.00  cb_failure         L28-CB0 {'rot': 0.03529}
  t=  50.00  cb_failure         L29-CB0 {'rot': 0.03337}
  t=  50.00  cb_failure         L30-CB0 {'rot': 0.03163}
  t=  50.00  cb_failure         L31-CB1 {'rot': 0.03725}
  t=  50.00  cb_failure         L32-CB1 {'rot': 0.03643}
  t=  50.00  cb_failure         L33-CB1 {'rot': 0.03583}
  progress t=  50.0s  max corner drift so far=0.0165  wall clock=693s
  t=  50.12  cb_failure         L31-CB0 {'rot': 0.0402}
  t=  50.12  cb_failure         L32-CB0 {'rot': 0.03942}
  t=  50.12  cb_failure         L33-CB0 {'rot': 0.03909}
  t=  52.50  cb_failure         L32-CB2 {'rot': 0.03684}
  t=  52.50  cb_failure         L33-CB2 {'rot': 0.03661}
  progress t=  60.0s  max corner drift so far=0.0174  wall clock=840s
  progress t=  70.0s  max corner drift so far=0.0174  wall clock=978s
  progress t=  80.0s  max corner drift so far=0.0174  wall clock=1100s
  progress t=  90.0s  max corner drift so far=0.0174  wall clock=1223s
  progress t= 100.0s  max corner drift so far=0.0174  wall clock=1346s
