  t=   4.25  cb_yield           L5-CB0 {'rot': 0.00653}
  t=   4.25  cb_yield           L5-CB1 {'rot': 0.00628}
  t=   4.25  cb_yield           L6-CB0 {'rot': 0.0069}
  t=   4.25  cb_yield           L6-CB1 {'rot': 0.00663}
  t=   4.25  cb_yield           L7-CB0 {'rot': 0.0071}
  t=   4.25  cb_yield           L7-CB1 {'rot': 0.00681}
  t=   4.25  cb_yield           L8-CB0 {'rot': 0.00716}
  t=   4.25  cb_yield           L8-CB1 {'rot': 0.00685}
  t=   4.25  cb_yield           L9-CB0 {'rot': 0.0071}
  t=   4.25  cb_yield           L9-CB1 {'rot': 0.00677}
  t=   4.25  cb_yield           L10-CB0 {'rot': 0.00695}
  t=   4.25  cb_yield           L10-CB1 {'rot': 0.00659}
  t=   4.25  cb_yield           L11-CB0 {'rot': 0.00671}
  t=   4.25  cb_yield           L11-CB1 {'rot': 0.00633}
  t=   4.25  cb_yield           L12-CB0 {'rot': 0.0064}
  t=   4.37  cb_yield           L3-CB0 {'rot': 0.00713}
  t=   4.37  cb_yield           L3-CB1 {'rot': 0.00683}
  t=   4.37  cb_yield           L3-CB2 {'rot': 0.00647}
  t=   4.37  cb_yield           L3-CB3 {'rot': 0.0062}
  t=   4.37  cb_yield           L4-CB0 {'rot': 0.00818}
  t=   4.37  cb_yield           L4-CB1 {'rot': 0.00785}
  t=   4.37  cb_yield           L4-CB2 {'rot': 0.00731}
  t=   4.37  cb_yield           L4-CB3 {'rot': 0.00701}
  t=   4.37  cb_yield           L5-CB2 {'rot': 0.00781}
  t=   4.37  cb_yield           L5-CB3 {'rot': 0.00748}
  t=   4.37  cb_yield           L6-CB2 {'rot': 0.008}
  t=   4.37  cb_yield           L6-CB3 {'rot': 0.00765}
  t=   4.37  cb_yield           L7-CB2 {'rot': 0.00792}
  t=   4.37  cb_yield           L7-CB3 {'rot': 0.00755}
  t=   4.37  cb_yield           L8-CB2 {'rot': 0.00762}
  t=   4.37  cb_yield           L8-CB3 {'rot': 0.00722}
  t=   4.37  cb_yield           L9-CB2 {'rot': 0.00712}
  t=   4.37  cb_yield           L9-CB3 {'rot': 0.0067}
  t=   4.37  cb_yield           L10-CB2 {'rot': 0.00649}
  t=   4.37  cb_yield           L12-CB1 {'rot': 0.00708}
  t=   4.37  cb_yield           L13-CB0 {'rot': 0.00692}
  t=   4.37  cb_yield           L13-CB1 {'rot': 0.00639}
  t=   4.37  cb_yield           L14-CB0 {'rot': 0.00622}
  t=   4.50  cb_yield           L2-CB0 {'rot': 0.00659}
  t=   4.50  cb_yield           L2-CB1 {'rot': 0.00633}
  t=   4.50  cb_yield           L10-CB3 {'rot': 0.00682}
  t=   4.50  cb_yield           L11-CB2 {'rot': 0.00633}
  t=   7.75  cb_yield           L14-CB1 {'rot': 0.00621}
  t=   7.75  cb_yield           L15-CB1 {'rot': 0.00631}
  t=   7.75  cb_yield           L16-CB1 {'rot': 0.00642}
  t=   7.75  cb_yield           L18-CB1 {'rot': 0.00666}
  t=   7.75  cb_yield           L19-CB1 {'rot': 0.00674}
  t=   7.75  cb_yield           L20-CB1 {'rot': 0.00679}
  t=   7.75  cb_yield           L21-CB1 {'rot': 0.00679}
  t=   7.75  cb_yield           L22-CB1 {'rot': 0.00672}
  t=   7.75  cb_yield           L23-CB1 {'rot': 0.0066}
  t=   7.88  cb_yield           L15-CB0 {'rot': 0.00686}
  t=   7.88  cb_yield           L16-CB0 {'rot': 0.00682}
  t=   7.88  cb_yield           L17-CB0 {'rot': 0.00676}
  t=   7.88  cb_yield           L17-CB1 {'rot': 0.00779}
  t=   7.88  cb_yield           L18-CB0 {'rot': 0.00669}
  t=   7.88  cb_yield           L19-CB0 {'rot': 0.00659}
  t=   7.88  cb_yield           L24-CB1 {'rot': 0.00668}
  t=   8.00  cb_yield           L11-CB3 {'rot': 0.00635}
  t=   8.00  cb_yield           L12-CB3 {'rot': 0.00633}
  t=   8.00  cb_yield           L13-CB3 {'rot': 0.00628}
  t=   8.00  cb_yield           L14-CB3 {'rot': 0.00621}
  t=   8.00  cb_yield           L15-CB3 {'rot': 0.00611}
  t=   8.00  cb_yield           L20-CB0 {'rot': 0.0071}
  t=   8.00  cb_yield           L21-CB0 {'rot': 0.00663}
  t=   8.13  cb_yield           L12-CB2 {'rot': 0.00849}
  t=   8.13  cb_yield           L13-CB2 {'rot': 0.00822}
  t=   8.13  cb_yield           L14-CB2 {'rot': 0.00783}
  t=   8.13  cb_yield           L15-CB2 {'rot': 0.00735}
  t=   8.13  cb_yield           L16-CB2 {'rot': 0.0068}
  t=   8.13  cb_yield           L16-CB3 {'rot': 0.00793}
  t=   8.13  cb_yield           L17-CB3 {'rot': 0.00724}
  t=   8.25  cb_yield           L2-CB3 {'rot': 0.00619}
  t=   8.25  cb_yield           L17-CB2 {'rot': 0.00679}
  t=   8.25  cb_yield           L18-CB3 {'rot': 0.0071}
  t=   8.25  cb_yield           L22-CB0 {'rot': 0.00679}
  t=   8.38  cb_yield           L2-CB2 {'rot': 0.0078}
  t=   8.50  cb_yield           L1-CB0 {'rot': 0.00636}
  t=   8.50  cb_yield           L1-CB1 {'rot': 0.00669}
  t=   8.50  cb_yield           L1-CB3 {'rot': 0.00625}
  t=   8.63  cb_yield           L1-CB2 {'rot': 0.00609}
  t=   8.63  cb_yield           L19-CB3 {'rot': 0.00673}
  t=   8.75  cb_yield           L18-CB2 {'rot': 0.00813}
  t=   8.75  cb_yield           L19-CB2 {'rot': 0.00687}
  t=   8.75  cb_yield           L20-CB3 {'rot': 0.00751}
  t=   8.88  cb_yield           L20-CB2 {'rot': 0.00837}
  t=   8.88  cb_yield           L21-CB2 {'rot': 0.00719}
  t=   8.88  cb_yield           L21-CB3 {'rot': 0.00896}
  t=   8.88  cb_yield           L22-CB3 {'rot': 0.0079}
  t=   8.88  cb_yield           L23-CB3 {'rot': 0.00696}
  t=   9.00  cb_yield           L22-CB2 {'rot': 0.00881}
  t=   9.00  cb_yield           L23-CB2 {'rot': 0.00752}
  t=   9.00  cb_yield           L24-CB3 {'rot': 0.00817}
  t=   9.00  cb_yield           L25-CB3 {'rot': 0.00724}
  t=   9.13  cb_yield           L23-CB0 {'rot': 0.00674}
  t=   9.13  cb_yield           L24-CB2 {'rot': 0.00949}
  t=   9.13  cb_yield           L25-CB2 {'rot': 0.0083}
  t=   9.13  cb_yield           L26-CB2 {'rot': 0.0072}
  t=   9.13  cb_yield           L26-CB3 {'rot': 0.009}
  t=   9.13  cb_yield           L27-CB3 {'rot': 0.00803}
  t=   9.13  cb_yield           L28-CB3 {'rot': 0.00721}
  t=   9.25  cb_yield           L24-CB0 {'rot': 0.00672}
  t=   9.25  cb_yield           L25-CB1 {'rot': 0.00765}
  t=   9.25  cb_yield           L27-CB2 {'rot': 0.009}
  t=   9.25  cb_yield           L28-CB2 {'rot': 0.00792}
  t=   9.25  cb_yield           L29-CB2 {'rot': 0.00688}
  t=   9.25  cb_yield           L29-CB3 {'rot': 0.00881}
  t=   9.25  cb_yield           L30-CB3 {'rot': 0.00793}
  t=   9.25  cb_yield           L31-CB3 {'rot': 0.00727}
  t=   9.25  cb_yield           L32-CB3 {'rot': 0.00684}
  t=   9.25  cb_yield           L33-CB3 {'rot': 0.00662}
  t=   9.38  cb_yield           L26-CB1 {'rot': 0.00773}
  t=   9.38  cb_yield           L27-CB1 {'rot': 0.00713}
  t=   9.38  cb_yield           L30-CB2 {'rot': 0.00816}
  t=   9.38  cb_yield           L31-CB2 {'rot': 0.00743}
  t=   9.38  cb_yield           L32-CB2 {'rot': 0.00682}
  t=   9.50  cb_yield           L28-CB1 {'rot': 0.00701}
  progress t=  10.0s  max corner drift so far=0.0044  wall clock=137s
  t=  10.50  cb_yield           L29-CB1 {'rot': 0.00754}
  t=  10.50  cb_yield           L30-CB1 {'rot': 0.0073}
  t=  10.50  cb_yield           L31-CB1 {'rot': 0.00701}
  t=  10.50  cb_yield           L32-CB1 {'rot': 0.00675}
  t=  10.63  cb_yield           L25-CB0 {'rot': 0.00788}
  t=  10.63  cb_yield           L26-CB0 {'rot': 0.00759}
  t=  10.63  cb_yield           L27-CB0 {'rot': 0.00719}
  t=  10.63  cb_yield           L28-CB0 {'rot': 0.0067}
  t=  11.38  cb_yield           L29-CB0 {'rot': 0.00688}
  t=  11.50  cb_yield           L30-CB0 {'rot': 0.00757}
  t=  11.50  cb_yield           L31-CB0 {'rot': 0.0069}
  t=  11.63  cb_failure         L13-CB0 {'rot': 0.03115}
  t=  11.63  cb_failure         L13-CB1 {'rot': 0.03103}
  t=  11.63  cb_failure         L14-CB0 {'rot': 0.03199}
  t=  11.63  cb_failure         L14-CB1 {'rot': 0.03189}
  t=  11.63  cb_failure         L15-CB0 {'rot': 0.03243}
  t=  11.63  cb_failure         L15-CB1 {'rot': 0.03235}
  t=  11.63  cb_failure         L16-CB0 {'rot': 0.0325}
  t=  11.63  cb_failure         L16-CB1 {'rot': 0.03245}
  t=  11.63  cb_failure         L17-CB0 {'rot': 0.03216}
  t=  11.63  cb_failure         L17-CB1 {'rot': 0.03209}
  t=  11.63  cb_failure         L18-CB0 {'rot': 0.03131}
  t=  11.63  cb_failure         L18-CB1 {'rot': 0.0313}
  t=  11.75  cb_failure         L12-CB1 {'rot': 0.03032}
  t=  11.75  cb_failure         L19-CB0 {'rot': 0.03648}
  t=  11.75  cb_failure         L19-CB1 {'rot': 0.03689}
  t=  11.75  cb_failure         L20-CB0 {'rot': 0.03528}
  t=  11.75  cb_failure         L20-CB1 {'rot': 0.03572}
  t=  11.75  cb_failure         L21-CB0 {'rot': 0.03319}
  t=  11.75  cb_failure         L21-CB1 {'rot': 0.03371}
  t=  11.75  cb_failure         L22-CB0 {'rot': 0.0306}
  t=  11.75  cb_failure         L22-CB1 {'rot': 0.03086}
  t=  11.88  cb_failure         L16-CB3 {'rot': 0.03048}
  t=  11.88  cb_failure         L17-CB3 {'rot': 0.03185}
  t=  11.88  cb_failure         L18-CB2 {'rot': 0.03078}
  t=  11.88  cb_failure         L18-CB3 {'rot': 0.03259}
  t=  11.88  cb_failure         L19-CB2 {'rot': 0.03092}
  t=  11.88  cb_failure         L19-CB3 {'rot': 0.03268}
  t=  11.88  cb_failure         L20-CB3 {'rot': 0.03217}
  t=  11.88  cb_failure         L21-CB3 {'rot': 0.03091}
  t=  11.88  cb_failure         L23-CB0 {'rot': 0.03168}
  t=  11.88  cb_failure         L23-CB1 {'rot': 0.03284}
  t=  12.00  cb_failure         L17-CB2 {'rot': 0.03096}
  t=  12.00  cb_failure         L20-CB2 {'rot': 0.0332}
  t=  12.00  cb_failure         L21-CB2 {'rot': 0.03231}
  t=  12.00  cb_failure         L22-CB2 {'rot': 0.03064}
  t=  12.00  cb_failure         L22-CB3 {'rot': 0.03258}
  t=  12.00  cb_failure         L24-CB0 {'rot': 0.03059}
  t=  12.00  cb_failure         L24-CB1 {'rot': 0.03149}
  t=  12.13  cb_failure         L23-CB2 {'rot': 0.03088}
  t=  12.13  cb_failure         L23-CB3 {'rot': 0.03319}
  t=  12.13  cb_failure         L24-CB3 {'rot': 0.0306}
  t=  12.13  cb_yield           L33-CB1 {'rot': 0.00664}
  t=  12.25  cb_failure         L24-CB2 {'rot': 0.03069}
  t=  12.25  cb_failure         L25-CB1 {'rot': 0.03101}
  t=  12.25  cb_failure         L25-CB3 {'rot': 0.03086}
  t=  12.38  cb_yield           L33-CB2 {'rot': 0.00729}
  t=  12.88  cb_failure         L7-CB0 {'rot': 0.03027}
  t=  12.88  cb_failure         L8-CB0 {'rot': 0.03128}
  t=  12.88  cb_failure         L8-CB1 {'rot': 0.03065}
  t=  12.88  cb_failure         L9-CB0 {'rot': 0.03192}
  t=  12.88  cb_failure         L9-CB1 {'rot': 0.03132}
  t=  12.88  cb_failure         L10-CB0 {'rot': 0.03219}
  t=  12.88  cb_failure         L10-CB1 {'rot': 0.0316}
  t=  12.88  cb_failure         L11-CB0 {'rot': 0.03213}
  t=  12.88  cb_failure         L11-CB1 {'rot': 0.03153}
  t=  12.88  cb_failure         L12-CB0 {'rot': 0.0318}
  t=  13.00  cb_failure         L6-CB0 {'rot': 0.032}
  t=  13.00  cb_failure         L6-CB1 {'rot': 0.03079}
  t=  13.00  cb_failure         L6-CB2 {'rot': 0.03082}
  t=  13.00  cb_failure         L7-CB1 {'rot': 0.03254}
  t=  13.00  cb_failure         L7-CB2 {'rot': 0.03227}
  t=  13.00  cb_failure         L7-CB3 {'rot': 0.03124}
  t=  13.00  cb_failure         L8-CB2 {'rot': 0.03303}
  t=  13.00  cb_failure         L8-CB3 {'rot': 0.03189}
  t=  13.00  cb_failure         L9-CB2 {'rot': 0.03328}
  t=  13.00  cb_failure         L9-CB3 {'rot': 0.03202}
  t=  13.00  cb_failure         L10-CB2 {'rot': 0.03305}
  t=  13.00  cb_failure         L10-CB3 {'rot': 0.03168}
  t=  13.00  cb_failure         L11-CB2 {'rot': 0.03234}
  t=  13.00  cb_failure         L11-CB3 {'rot': 0.03092}
  t=  13.00  cb_failure         L12-CB2 {'rot': 0.03113}
  t=  13.13  cb_failure         L5-CB0 {'rot': 0.03032}
  t=  13.13  cb_failure         L5-CB2 {'rot': 0.03051}
  t=  13.13  cb_failure         L6-CB3 {'rot': 0.03244}
  t=  13.13  cb_failure         L12-CB3 {'rot': 0.03324}
  t=  13.13  cb_failure         L13-CB2 {'rot': 0.03298}
  t=  13.13  cb_failure         L13-CB3 {'rot': 0.0314}
  t=  13.13  cb_failure         L14-CB2 {'rot': 0.03056}
  t=  13.25  cb_failure         L14-CB3 {'rot': 0.03091}
  t=  14.88  cb_yield           L32-CB0 {'rot': 0.00733}
  t=  14.88  cb_yield           L33-CB0 {'rot': 0.00659}
  t=  15.38  cb_failure         L26-CB3 {'rot': 0.03224}
  t=  15.38  cb_failure         L27-CB3 {'rot': 0.03184}
  t=  15.38  cb_failure         L28-CB3 {'rot': 0.03107}
  t=  15.50  cb_failure         L29-CB3 {'rot': 0.03551}
  t=  15.50  cb_failure         L30-CB3 {'rot': 0.03419}
  t=  15.50  cb_failure         L31-CB3 {'rot': 0.03291}
  t=  15.50  cb_failure         L32-CB3 {'rot': 0.03188}
  t=  15.50  cb_failure         L33-CB3 {'rot': 0.0309}
  progress t=  20.0s  max corner drift so far=0.0141  wall clock=290s
  t=  27.25  cb_failure         L27-CB2 {'rot': 0.03097}
  t=  27.25  cb_failure         L28-CB2 {'rot': 0.03115}
  t=  27.25  cb_failure         L29-CB2 {'rot': 0.03098}
  t=  27.37  cb_failure         L26-CB2 {'rot': 0.03092}
  t=  27.37  cb_failure         L30-CB2 {'rot': 0.03201}
  t=  27.37  cb_failure         L31-CB2 {'rot': 0.03157}
  t=  27.37  cb_failure         L32-CB2 {'rot': 0.03107}
  t=  27.37  cb_failure         L33-CB2 {'rot': 0.03082}
  t=  27.50  cb_failure         L15-CB3 {'rot': 0.03645}
  t=  27.62  cb_failure         L15-CB2 {'rot': 0.03426}
  t=  27.62  cb_failure         L16-CB2 {'rot': 0.03467}
  t=  27.62  cb_failure         L25-CB2 {'rot': 0.03112}
  t=  28.50  cb_failure         L27-CB1 {'rot': 0.03137}
  t=  28.50  cb_failure         L28-CB1 {'rot': 0.03189}
  t=  28.50  cb_failure         L29-CB1 {'rot': 0.03206}
  t=  28.50  cb_failure         L30-CB1 {'rot': 0.03188}
  t=  28.50  cb_failure         L31-CB1 {'rot': 0.03139}
  t=  28.50  cb_failure         L32-CB1 {'rot': 0.03085}
  t=  28.50  cb_failure         L33-CB1 {'rot': 0.03062}
  progress t=  30.0s  max corner drift so far=0.0148  wall clock=451s
  progress t=  40.0s  max corner drift so far=0.0148  wall clock=614s
  t=  43.00  cb_failure         L5-CB3 {'rot': 0.03166}
  t=  49.12  cb_failure         L5-CB1 {'rot': 0.03381}
  t=  49.75  cb_failure         L26-CB1 {'rot': 0.03397}
  t=  49.87  cb_failure         L25-CB0 {'rot': 0.03331}
  t=  49.87  cb_failure         L26-CB0 {'rot': 0.0306}
  t=  50.00  cb_failure         L27-CB0 {'rot': 0.0371}
  t=  50.00  cb_failure         L28-CB0 {'rot': 0.03541}
  t=  50.00  cb_failure         L29-CB0 {'rot': 0.03373}
  t=  50.00  cb_failure         L30-CB0 {'rot': 0.03218}
  t=  50.00  cb_failure         L31-CB0 {'rot': 0.03095}
  progress t=  50.0s  max corner drift so far=0.0155  wall clock=772s
  t=  50.12  cb_failure         L32-CB0 {'rot': 0.04132}
  t=  50.12  cb_failure         L33-CB0 {'rot': 0.04104}
  t=  51.50  cb_failure         L4-CB3 {'rot': 0.03074}
  t=  51.62  cb_failure         L4-CB2 {'rot': 0.03039}
  progress t=  60.0s  max corner drift so far=0.0165  wall clock=933s
  progress t=  70.0s  max corner drift so far=0.0165  wall clock=1084s
  progress t=  80.0s  max corner drift so far=0.0165  wall clock=1217s
  progress t=  90.0s  max corner drift so far=0.0165  wall clock=1352s
  progress t= 100.0s  max corner drift so far=0.0165  wall clock=1485s
