  t=   2.12  cb_yield           L6-CB3 {'rot': 0.00709}
  t=   2.12  cb_yield           L7-CB1 {'rot': 0.00715}
  t=   2.12  cb_yield           L7-CB3 {'rot': 0.00728}
  t=   2.12  cb_yield           L8-CB1 {'rot': 0.00717}
  t=   2.12  cb_yield           L8-CB2 {'rot': 0.00702}
  t=   2.12  cb_yield           L8-CB3 {'rot': 0.00732}
  t=   2.12  cb_yield           L9-CB1 {'rot': 0.00707}
  t=   2.12  cb_yield           L9-CB3 {'rot': 0.00724}
  t=   2.12  cb_yield           L10-CB3 {'rot': 0.00704}
  t=   2.25  cb_yield           L9-CB0 {'rot': 0.00704}
  t=   2.25  cb_yield           L9-CB2 {'rot': 0.00715}
  t=   2.25  cb_yield           L10-CB1 {'rot': 0.00741}
  t=   2.25  cb_yield           L10-CB2 {'rot': 0.00711}
  t=   2.25  cb_yield           L11-CB1 {'rot': 0.0073}
  t=   2.25  cb_yield           L11-CB3 {'rot': 0.00747}
  t=   2.25  cb_yield           L12-CB1 {'rot': 0.00711}
  t=   2.25  cb_yield           L12-CB3 {'rot': 0.0073}
  t=   2.25  cb_yield           L13-CB3 {'rot': 0.00705}
  t=   2.37  cb_yield           L13-CB1 {'rot': 0.00731}
  t=   2.37  cb_yield           L14-CB1 {'rot': 0.00713}
  t=   2.37  cb_yield           L14-CB3 {'rot': 0.00734}
  t=   2.37  cb_yield           L15-CB3 {'rot': 0.00711}
  t=   2.62  cb_yield           L20-CB3 {'rot': 0.00763}
  t=   2.62  cb_yield           L21-CB3 {'rot': 0.00764}
  t=   2.75  cb_yield           L18-CB1 {'rot': 0.00777}
  t=   2.75  cb_yield           L18-CB3 {'rot': 0.00804}
  t=   2.75  cb_yield           L19-CB1 {'rot': 0.00825}
  t=   2.75  cb_yield           L19-CB3 {'rot': 0.00854}
  t=   2.75  cb_yield           L20-CB1 {'rot': 0.0086}
  t=   2.75  cb_yield           L20-CB2 {'rot': 0.00771}
  t=   2.75  cb_yield           L21-CB1 {'rot': 0.00883}
  t=   2.75  cb_yield           L21-CB2 {'rot': 0.00791}
  t=   2.75  cb_yield           L22-CB1 {'rot': 0.0089}
  t=   2.75  cb_yield           L22-CB2 {'rot': 0.00797}
  t=   2.75  cb_yield           L22-CB3 {'rot': 0.00926}
  t=   2.75  cb_yield           L23-CB1 {'rot': 0.00882}
  t=   2.75  cb_yield           L23-CB2 {'rot': 0.00788}
  t=   2.75  cb_yield           L23-CB3 {'rot': 0.00921}
  t=   2.75  cb_yield           L24-CB1 {'rot': 0.0086}
  t=   2.75  cb_yield           L24-CB2 {'rot': 0.00766}
  t=   2.75  cb_yield           L24-CB3 {'rot': 0.009}
  t=   2.75  cb_yield           L25-CB1 {'rot': 0.00825}
  t=   2.75  cb_yield           L25-CB3 {'rot': 0.00867}
  t=   2.75  cb_yield           L26-CB1 {'rot': 0.00779}
  t=   2.75  cb_yield           L26-CB3 {'rot': 0.00823}
  t=   2.75  cb_yield           L27-CB3 {'rot': 0.0077}
  t=   2.87  cb_yield           L20-CB0 {'rot': 0.00784}
  t=   2.87  cb_yield           L21-CB0 {'rot': 0.00819}
  t=   2.87  cb_yield           L22-CB0 {'rot': 0.00836}
  t=   2.87  cb_yield           L23-CB0 {'rot': 0.00833}
  t=   2.87  cb_yield           L24-CB0 {'rot': 0.00811}
  t=   2.87  cb_yield           L25-CB0 {'rot': 0.00774}
  t=   2.87  cb_yield           L25-CB2 {'rot': 0.00805}
  t=   2.87  cb_yield           L27-CB1 {'rot': 0.00806}
  t=   2.87  cb_yield           L28-CB3 {'rot': 0.00763}
  t=   3.87  cb_yield           L26-CB0 {'rot': 0.009}
  t=   3.87  cb_yield           L26-CB2 {'rot': 0.00877}
  t=   3.87  cb_yield           L27-CB0 {'rot': 0.00825}
  t=   3.87  cb_yield           L27-CB2 {'rot': 0.0081}
  t=   4.37  cb_yield           L5-CB0 {'rot': 0.00766}
  t=   4.37  cb_yield           L5-CB1 {'rot': 0.00738}
  t=   4.37  cb_yield           L6-CB0 {'rot': 0.00819}
  t=   4.37  cb_yield           L6-CB1 {'rot': 0.00789}
  t=   4.37  cb_yield           L7-CB0 {'rot': 0.00854}
  t=   4.37  cb_yield           L8-CB0 {'rot': 0.00873}
  t=   4.37  cb_yield           L10-CB0 {'rot': 0.00871}
  t=   4.37  cb_yield           L11-CB0 {'rot': 0.00853}
  t=   4.37  cb_yield           L12-CB0 {'rot': 0.00826}
  t=   4.37  cb_yield           L13-CB0 {'rot': 0.0079}
  t=   4.37  cb_yield           L14-CB0 {'rot': 0.00749}
  t=   4.37  cb_yield           L15-CB0 {'rot': 0.00704}
  t=   4.50  cb_yield           L3-CB0 {'rot': 0.00861}
  t=   4.50  cb_yield           L3-CB1 {'rot': 0.00828}
  t=   4.50  cb_yield           L3-CB2 {'rot': 0.00776}
  t=   4.50  cb_yield           L3-CB3 {'rot': 0.00743}
  t=   4.50  cb_yield           L4-CB0 {'rot': 0.01005}
  t=   4.50  cb_yield           L4-CB1 {'rot': 0.00969}
  t=   4.50  cb_yield           L4-CB2 {'rot': 0.00892}
  t=   4.50  cb_yield           L4-CB3 {'rot': 0.00855}
  t=   4.50  cb_yield           L5-CB2 {'rot': 0.00968}
  t=   4.50  cb_yield           L5-CB3 {'rot': 0.00927}
  t=   4.50  cb_yield           L6-CB2 {'rot': 0.01005}
  t=   4.50  cb_yield           L7-CB2 {'rot': 0.01007}
  t=   4.50  cb_yield           L11-CB2 {'rot': 0.00773}
  t=   4.50  cb_yield           L15-CB1 {'rot': 0.00729}
  t=   4.50  cb_yield           L16-CB0 {'rot': 0.00717}
  t=   4.62  cb_yield           L2-CB0 {'rot': 0.0085}
  t=   4.62  cb_yield           L2-CB1 {'rot': 0.00818}
  t=   4.62  cb_yield           L2-CB2 {'rot': 0.00776}
  t=   4.62  cb_yield           L2-CB3 {'rot': 0.00745}
  t=   4.62  cb_yield           L12-CB2 {'rot': 0.00776}
  t=   4.62  cb_yield           L29-CB3 {'rot': 0.00816}
  t=   4.62  cb_yield           L30-CB3 {'rot': 0.00776}
  t=   4.88  cb_yield           L1-CB0 {'rot': 0.00732}
  t=   4.88  cb_yield           L1-CB1 {'rot': 0.0071}
  t=   5.38  cb_yield           L16-CB1 {'rot': 0.00827}
  t=   5.38  cb_yield           L17-CB0 {'rot': 0.00839}
  t=   5.38  cb_yield           L17-CB1 {'rot': 0.00791}
  t=   5.38  cb_yield           L18-CB0 {'rot': 0.00806}
  t=   5.38  cb_yield           L19-CB0 {'rot': 0.00771}
  t=   5.63  cb_yield           L16-CB2 {'rot': 0.00705}
  t=   5.63  cb_yield           L18-CB2 {'rot': 0.00792}
  t=   5.63  cb_yield           L19-CB2 {'rot': 0.00818}
  t=   6.13  cb_yield           L13-CB2 {'rot': 0.00714}
  t=   8.25  cb_yield           L14-CB2 {'rot': 0.01187}
  t=   8.25  cb_yield           L15-CB2 {'rot': 0.01113}
  t=   8.25  cb_yield           L16-CB3 {'rot': 0.01241}
  t=   8.25  cb_yield           L17-CB2 {'rot': 0.0093}
  t=   8.25  cb_yield           L17-CB3 {'rot': 0.01146}
  t=   8.25  cb_yield           L28-CB1 {'rot': 0.0085}
  t=   8.25  cb_yield           L29-CB1 {'rot': 0.00781}
  t=   8.38  cb_yield           L30-CB1 {'rot': 0.00776}
  t=   8.63  cb_failure         L11-CB1 {'rot': 0.03151}
  t=   8.63  cb_failure         L12-CB1 {'rot': 0.0323}
  t=   8.63  cb_failure         L13-CB1 {'rot': 0.03274}
  t=   8.63  cb_failure         L14-CB1 {'rot': 0.03279}
  t=   8.63  cb_failure         L15-CB1 {'rot': 0.03248}
  t=   8.63  cb_failure         L16-CB1 {'rot': 0.03184}
  t=   8.75  cb_failure         L9-CB1 {'rot': 0.03156}
  t=   8.75  cb_failure         L10-CB1 {'rot': 0.03355}
  t=   8.75  cb_failure         L11-CB0 {'rot': 0.0317}
  t=   8.75  cb_failure         L12-CB0 {'rot': 0.0326}
  t=   8.75  cb_failure         L12-CB3 {'rot': 0.03199}
  t=   8.75  cb_failure         L13-CB0 {'rot': 0.0331}
  t=   8.75  cb_failure         L13-CB3 {'rot': 0.03282}
  t=   8.75  cb_failure         L14-CB0 {'rot': 0.03316}
  t=   8.75  cb_failure         L14-CB3 {'rot': 0.03324}
  t=   8.75  cb_failure         L15-CB0 {'rot': 0.03278}
  t=   8.75  cb_failure         L15-CB3 {'rot': 0.03326}
  t=   8.75  cb_failure         L16-CB0 {'rot': 0.03201}
  t=   8.75  cb_failure         L16-CB3 {'rot': 0.0329}
  t=   8.75  cb_failure         L17-CB1 {'rot': 0.03468}
  t=   8.75  cb_failure         L17-CB3 {'rot': 0.03198}
  t=   8.75  cb_failure         L18-CB1 {'rot': 0.03284}
  t=   8.88  cb_failure         L10-CB0 {'rot': 0.03249}
  t=   8.88  cb_failure         L10-CB3 {'rot': 0.03129}
  t=   8.88  cb_failure         L11-CB3 {'rot': 0.03343}
  t=   8.88  cb_failure         L12-CB2 {'rot': 0.03163}
  t=   8.88  cb_failure         L13-CB2 {'rot': 0.03263}
  t=   8.88  cb_failure         L14-CB2 {'rot': 0.03316}
  t=   8.88  cb_failure         L15-CB2 {'rot': 0.03326}
  t=   8.88  cb_failure         L16-CB2 {'rot': 0.03296}
  t=   8.88  cb_failure         L17-CB0 {'rot': 0.03413}
  t=   8.88  cb_failure         L17-CB2 {'rot': 0.03209}
  t=   8.88  cb_failure         L18-CB0 {'rot': 0.03216}
  t=   8.88  cb_failure         L18-CB3 {'rot': 0.0348}
  t=   8.88  cb_failure         L19-CB1 {'rot': 0.03391}
  t=   8.88  cb_failure         L19-CB3 {'rot': 0.03296}
  t=   8.88  cb_yield           L31-CB3 {'rot': 0.00772}
  t=   9.00  cb_failure         L18-CB2 {'rot': 0.03474}
  t=   9.00  cb_failure         L19-CB0 {'rot': 0.03262}
  t=   9.00  cb_failure         L19-CB2 {'rot': 0.0328}
  t=   9.00  cb_failure         L20-CB1 {'rot': 0.03355}
  t=   9.00  cb_failure         L20-CB3 {'rot': 0.03432}
  t=   9.00  cb_failure         L21-CB3 {'rot': 0.03162}
  t=   9.13  cb_failure         L20-CB0 {'rot': 0.03214}
  t=   9.13  cb_failure         L20-CB2 {'rot': 0.03401}
  t=   9.13  cb_failure         L21-CB1 {'rot': 0.03221}
  t=   9.13  cb_failure         L22-CB3 {'rot': 0.03163}
  t=   9.25  cb_failure         L21-CB2 {'rot': 0.03251}
  t=   9.38  cb_yield           L28-CB2 {'rot': 0.00916}
  t=   9.38  cb_yield           L32-CB3 {'rot': 0.00772}
  t=   9.50  cb_yield           L29-CB2 {'rot': 0.00764}
  t=   9.63  cb_yield           L1-CB2 {'rot': 0.00811}
  t=   9.63  cb_yield           L1-CB3 {'rot': 0.0088}
  t=   9.63  cb_yield           L28-CB0 {'rot': 0.00831}
  t=   9.63  cb_yield           L31-CB1 {'rot': 0.00857}
  t=   9.63  cb_yield           L32-CB1 {'rot': 0.00776}
  t=   9.75  cb_failure         L6-CB3 {'rot': 0.03102}
  t=   9.75  cb_failure         L7-CB1 {'rot': 0.03237}
  t=   9.75  cb_failure         L7-CB3 {'rot': 0.03254}
  t=   9.75  cb_failure         L8-CB1 {'rot': 0.03344}
  t=   9.75  cb_failure         L8-CB3 {'rot': 0.03348}
  t=   9.75  cb_failure         L9-CB2 {'rot': 0.03113}
  t=   9.75  cb_failure         L9-CB3 {'rot': 0.03394}
  t=   9.75  cb_failure         L10-CB2 {'rot': 0.03114}
  t=   9.88  cb_failure         L5-CB1 {'rot': 0.03197}
  t=   9.88  cb_failure         L5-CB3 {'rot': 0.03302}
  t=   9.88  cb_failure         L6-CB0 {'rot': 0.03231}
  t=   9.88  cb_failure         L6-CB1 {'rot': 0.03461}
  t=   9.88  cb_failure         L6-CB2 {'rot': 0.03289}
  t=   9.88  cb_failure         L7-CB0 {'rot': 0.03382}
  t=   9.88  cb_failure         L7-CB2 {'rot': 0.03412}
  t=   9.88  cb_failure         L8-CB0 {'rot': 0.03461}
  t=   9.88  cb_failure         L8-CB2 {'rot': 0.03462}
  t=   9.88  cb_failure         L9-CB0 {'rot': 0.03484}
  t=   9.88  cb_failure         L11-CB2 {'rot': 0.03346}
  t=  10.00  cb_failure         L5-CB0 {'rot': 0.03113}
  t=  10.00  cb_failure         L5-CB2 {'rot': 0.03234}
  progress t=  10.0s  max corner drift so far=0.0083  wall clock=135s
  t=  10.50  cb_yield           L29-CB0 {'rot': 0.00861}
  t=  10.50  cb_yield           L30-CB0 {'rot': 0.00799}
  t=  10.50  cb_yield           L31-CB0 {'rot': 0.00764}
  t=  10.50  cb_yield           L33-CB1 {'rot': 0.01038}
  t=  10.63  cb_yield           L32-CB0 {'rot': 0.00776}
  t=  10.75  cb_failure         L22-CB1 {'rot': 0.03162}
  t=  11.00  cb_yield           L30-CB2 {'rot': 0.0112}
  t=  11.00  cb_yield           L31-CB2 {'rot': 0.00931}
  t=  11.00  cb_yield           L32-CB2 {'rot': 0.00782}
  t=  11.00  cb_yield           L33-CB3 {'rot': 0.01253}
  t=  11.13  cb_failure         L23-CB3 {'rot': 0.03199}
  t=  11.13  cb_yield           L33-CB2 {'rot': 0.0109}
  t=  12.25  cb_failure         L23-CB1 {'rot': 0.03371}
  t=  12.25  cb_failure         L24-CB1 {'rot': 0.03336}
  t=  12.25  cb_failure         L25-CB1 {'rot': 0.03242}
  t=  12.38  cb_failure         L24-CB3 {'rot': 0.03515}
  t=  12.38  cb_failure         L25-CB3 {'rot': 0.03431}
  t=  12.38  cb_failure         L26-CB1 {'rot': 0.0323}
  t=  12.38  cb_failure         L26-CB3 {'rot': 0.03245}
  t=  15.63  cb_failure         L27-CB3 {'rot': 0.03166}
  t=  15.75  cb_failure         L28-CB3 {'rot': 0.03831}
  t=  15.75  cb_failure         L29-CB3 {'rot': 0.03663}
  t=  15.75  cb_failure         L30-CB3 {'rot': 0.03473}
  t=  15.75  cb_failure         L31-CB3 {'rot': 0.03299}
  t=  15.75  cb_failure         L32-CB3 {'rot': 0.03171}
  t=  15.75  cb_failure         L33-CB3 {'rot': 0.03195}
  t=  15.88  cb_failure         L22-CB2 {'rot': 0.033}
  t=  15.88  cb_failure         L23-CB2 {'rot': 0.03301}
  t=  15.88  cb_failure         L24-CB2 {'rot': 0.03242}
  t=  15.88  cb_failure         L27-CB1 {'rot': 0.03428}
  t=  15.88  cb_failure         L28-CB1 {'rot': 0.03175}
  t=  16.00  cb_failure         L29-CB1 {'rot': 0.0317}
  t=  16.13  cb_failure         L21-CB0 {'rot': 0.03514}
  t=  16.13  cb_failure         L22-CB0 {'rot': 0.03363}
  t=  16.13  cb_failure         L23-CB0 {'rot': 0.03163}
  t=  16.13  cb_failure         L30-CB1 {'rot': 0.03199}
  t=  16.13  cb_yield           L33-CB0 {'rot': 0.01038}
  t=  16.25  cb_failure         L24-CB0 {'rot': 0.03261}
  t=  16.38  cb_failure         L25-CB0 {'rot': 0.0318}
  t=  16.88  cb_failure         L26-CB0 {'rot': 0.03274}
  t=  17.00  cb_failure         L27-CB0 {'rot': 0.03235}
  t=  17.25  cb_failure         L28-CB0 {'rot': 0.03415}
  t=  17.25  cb_failure         L29-CB0 {'rot': 0.03328}
  t=  17.25  cb_failure         L30-CB0 {'rot': 0.03271}
  t=  17.25  cb_failure         L31-CB0 {'rot': 0.03231}
  t=  17.25  cb_failure         L32-CB0 {'rot': 0.03205}
  t=  17.25  cb_failure         L33-CB0 {'rot': 0.03193}
  t=  17.38  cb_failure         L31-CB1 {'rot': 0.03348}
  t=  17.38  cb_failure         L32-CB1 {'rot': 0.03339}
  t=  17.38  cb_failure         L33-CB1 {'rot': 0.03342}
  t=  17.63  cb_failure         L4-CB1 {'rot': 0.03341}
  t=  17.75  cb_failure         L3-CB1 {'rot': 0.03508}
  progress t=  20.0s  max corner drift so far=0.0165  wall clock=301s
  t=  20.25  cb_failure         L4-CB3 {'rot': 0.03398}
  t=  20.50  cb_failure         L4-CB2 {'rot': 0.03234}
  t=  21.12  cb_failure         L3-CB3 {'rot': 0.03264}
  t=  21.37  cb_failure         L25-CB2 {'rot': 0.03434}
  t=  21.37  cb_failure         L26-CB2 {'rot': 0.03364}
  t=  21.37  cb_failure         L27-CB2 {'rot': 0.03287}
  t=  21.37  cb_failure         L28-CB2 {'rot': 0.03194}
  t=  21.50  cb_failure         L29-CB2 {'rot': 0.03719}
  t=  21.50  cb_failure         L30-CB2 {'rot': 0.03655}
  t=  21.50  cb_failure         L31-CB2 {'rot': 0.03583}
  t=  21.50  cb_failure         L32-CB2 {'rot': 0.03516}
  t=  21.50  cb_failure         L33-CB2 {'rot': 0.03486}
  progress t=  30.0s  max corner drift so far=0.0195  wall clock=458s
  t=  30.12  cb_failure         L3-CB0 {'rot': 0.03218}
  t=  30.12  cb_failure         L4-CB0 {'rot': 0.03721}
  progress t=  40.0s  max corner drift so far=0.0206  wall clock=621s
  t=  43.12  cb_failure         L3-CB2 {'rot': 0.03124}
  t=  43.25  cb_failure         L2-CB2 {'rot': 0.03194}
  t=  43.25  cb_failure         L2-CB3 {'rot': 0.03545}
  t=  43.37  cb_failure         L2-CB1 {'rot': 0.0317}
  progress t=  50.0s  max corner drift so far=0.0209  wall clock=790s
  t=  53.12  punching           L29-col3 {'drift': np.float64(0.0244), 'vg_vc': 0.33, 'conn': 'column'}
  t=  53.12  punching           L30-col3 {'drift': np.float64(0.0243), 'vg_vc': 0.33, 'conn': 'column'}
  t=  53.12  punching           L31-col3 {'drift': np.float64(0.0242), 'vg_vc': 0.329, 'conn': 'column'}
  t=  53.12  punching           L32-col3 {'drift': np.float64(0.024), 'vg_vc': 0.328, 'conn': 'column'}
  t=  53.75  punching           L29-col2 {'drift': np.float64(0.0227), 'vg_vc': 0.355, 'conn': 'column'}
  t=  53.75  punching           L30-col2 {'drift': np.float64(0.0227), 'vg_vc': 0.357, 'conn': 'column'}
  t=  53.75  punching           L31-col2 {'drift': np.float64(0.0225), 'vg_vc': 0.357, 'conn': 'column'}
  t=  53.75  punching           L32-col2 {'drift': np.float64(0.0223), 'vg_vc': 0.355, 'conn': 'column'}
  t=  53.75  punching           L33-col3 {'drift': np.float64(0.0236), 'vg_vc': 0.346, 'conn': 'column'}
  t=  53.87  punching           L29-col7 {'drift': np.float64(0.0196), 'vg_vc': 0.435, 'conn': 'column'}
  t=  53.87  punching           L30-col7 {'drift': np.float64(0.0196), 'vg_vc': 0.439, 'conn': 'column'}
  t=  53.87  punching           L31-col7 {'drift': np.float64(0.0194), 'vg_vc': 0.44, 'conn': 'column'}
  t=  53.87  punching           L32-col7 {'drift': np.float64(0.0192), 'vg_vc': 0.436, 'conn': 'column'}
  t=  54.00  punching           L29-col8 {'drift': np.float64(0.0215), 'vg_vc': 0.377, 'conn': 'column'}
  t=  54.00  punching           L30-col8 {'drift': np.float64(0.0215), 'vg_vc': 0.379, 'conn': 'column'}
  t=  54.00  punching           L31-col8 {'drift': np.float64(0.0214), 'vg_vc': 0.379, 'conn': 'column'}
  t=  54.00  punching           L32-col8 {'drift': np.float64(0.0212), 'vg_vc': 0.383, 'conn': 'column'}
  t=  56.37  punching           L29-col24 {'drift': np.float64(0.0206), 'vg_vc': 0.404, 'conn': 'column'}
  t=  56.37  punching           L29-col25 {'drift': np.float64(0.0226), 'vg_vc': 0.353, 'conn': 'column'}
  t=  56.37  punching           L30-col24 {'drift': np.float64(0.0204), 'vg_vc': 0.403, 'conn': 'column'}
  t=  56.37  punching           L30-col25 {'drift': np.float64(0.0224), 'vg_vc': 0.352, 'conn': 'column'}
  t=  56.50  punching           L29-col19 {'drift': np.float64(0.0176), 'vg_vc': 0.448, 'conn': 'column'}
  t=  56.50  punching           L31-col24 {'drift': np.float64(0.0202), 'vg_vc': 0.401, 'conn': 'column'}
  t=  56.50  punching           L31-col25 {'drift': np.float64(0.0222), 'vg_vc': 0.387, 'conn': 'column'}
  t=  56.50  punching           L32-col24 {'drift': np.float64(0.0199), 'vg_vc': 0.402, 'conn': 'column'}
  t=  56.50  punching           L32-col25 {'drift': np.float64(0.022), 'vg_vc': 0.387, 'conn': 'column'}
  t=  58.12  punching           L29-col0 {'drift': np.float64(0.0232), 'vg_vc': 0.339, 'conn': 'column'}
  t=  58.12  punching           L29-col1 {'drift': np.float64(0.0223), 'vg_vc': 0.374, 'conn': 'column'}
  t=  58.12  punching           L30-col0 {'drift': np.float64(0.0232), 'vg_vc': 0.342, 'conn': 'column'}
  t=  58.12  punching           L30-col1 {'drift': np.float64(0.0222), 'vg_vc': 0.377, 'conn': 'column'}
  t=  58.12  punching           L31-col0 {'drift': np.float64(0.023), 'vg_vc': 0.343, 'conn': 'column'}
  t=  58.12  punching           L31-col1 {'drift': np.float64(0.0221), 'vg_vc': 0.376, 'conn': 'column'}
  t=  58.12  punching           L32-col1 {'drift': np.float64(0.0218), 'vg_vc': 0.37, 'conn': 'column'}
  progress t=  60.0s  max corner drift so far=0.0258  wall clock=968s
  t=  60.50  punching           L29-col6 {'drift': np.float64(0.0191), 'vg_vc': 0.43, 'conn': 'column'}
  t=  60.50  punching           L30-col6 {'drift': np.float64(0.019), 'vg_vc': 0.429, 'conn': 'column'}
  t=  60.50  punching           L31-col6 {'drift': np.float64(0.0189), 'vg_vc': 0.426, 'conn': 'column'}
  t=  60.50  punching           L32-col6 {'drift': np.float64(0.0187), 'vg_vc': 0.426, 'conn': 'column'}
  t=  60.62  punching           L29-col5 {'drift': np.float64(0.0202), 'vg_vc': 0.449, 'conn': 'column'}
  t=  60.62  punching           L30-col5 {'drift': np.float64(0.0201), 'vg_vc': 0.448, 'conn': 'column'}
  t=  60.62  punching           L31-col5 {'drift': np.float64(0.0199), 'vg_vc': 0.448, 'conn': 'column'}
  t=  60.62  punching           L33-col9 {'drift': np.float64(0.0225), 'vg_vc': 0.356, 'conn': 'column'}
  t= 60.625  solver fallback: Newton
  t=  60.75  punching           L29-col11 {'drift': np.float64(0.0182), 'vg_vc': 0.456, 'conn': 'column'}
  t=  60.75  punching           L30-col11 {'drift': np.float64(0.018), 'vg_vc': 0.455, 'conn': 'column'}
  t=  60.75  punching           L31-col11 {'drift': np.float64(0.0177), 'vg_vc': 0.451, 'conn': 'column'}
  t=  60.75  punching           L33-col6 {'drift': np.float64(0.0184), 'vg_vc': 0.461, 'conn': 'column'}
  t=  60.87  punching           L32-col5 {'drift': np.float64(0.0197), 'vg_vc': 0.453, 'conn': 'column'}
  t=  60.87  punching           L33-col11 {'drift': np.float64(0.017), 'vg_vc': 0.494, 'conn': 'column'}
  t=  61.00  punching           L32-col11 {'drift': np.float64(0.0173), 'vg_vc': 0.5, 'conn': 'column'}
  t=  61.12  punching           L29-col12 {'drift': np.float64(0.0182), 'vg_vc': 0.447, 'conn': 'column'}
  t=  61.12  punching           L30-col12 {'drift': np.float64(0.018), 'vg_vc': 0.443, 'conn': 'column'}
  t=  61.37  punching           L31-col12 {'drift': np.float64(0.0176), 'vg_vc': 0.481, 'conn': 'column'}
  t=  61.37  punching           L32-col12 {'drift': np.float64(0.0172), 'vg_vc': 0.48, 'conn': 'column'}
  t=  61.37  punching           L33-col12 {'drift': np.float64(0.0169), 'vg_vc': 0.481, 'conn': 'column'}
  t=  61.75  punching           L29-col15 {'drift': np.float64(0.0168), 'vg_vc': 0.467, 'conn': 'column'}
  t=  62.00  punching           L29-col14 {'drift': np.float64(0.017), 'vg_vc': 0.465, 'conn': 'column'}
  t=  62.00  punching           L30-col15 {'drift': np.float64(0.0166), 'vg_vc': 0.483, 'conn': 'column'}
  t=  62.25  punching           L30-col14 {'drift': np.float64(0.0167), 'vg_vc': 0.494, 'conn': 'column'}
  progress t=  70.0s  max corner drift so far=0.0258  wall clock=1123s
  progress t=  80.0s  max corner drift so far=0.0258  wall clock=1257s
  progress t=  90.0s  max corner drift so far=0.0258  wall clock=1392s
  progress t= 100.0s  max corner drift so far=0.0258  wall clock=1523s
