  t=   1.90  cb_yield           L5-CB1 {'rot': 0.0061}
  t=   1.90  cb_yield           L5-CB3 {'rot': 0.00626}
  t=   1.90  cb_yield           L6-CB1 {'rot': 0.00616}
  t=   1.90  cb_yield           L6-CB2 {'rot': 0.00614}
  t=   1.90  cb_yield           L6-CB3 {'rot': 0.00633}
  t=   1.90  cb_yield           L7-CB3 {'rot': 0.00622}
  t=   1.95  cb_yield           L4-CB1 {'rot': 0.00616}
  t=   1.95  cb_yield           L4-CB2 {'rot': 0.00612}
  t=   1.95  cb_yield           L4-CB3 {'rot': 0.00629}
  t=   1.95  cb_yield           L5-CB0 {'rot': 0.00635}
  t=   1.95  cb_yield           L5-CB2 {'rot': 0.00651}
  t=   1.95  cb_yield           L6-CB0 {'rot': 0.00648}
  t=   1.95  cb_yield           L7-CB0 {'rot': 0.0064}
  t=   1.95  cb_yield           L7-CB1 {'rot': 0.00665}
  t=   1.95  cb_yield           L7-CB2 {'rot': 0.00658}
  t=   1.95  cb_yield           L8-CB0 {'rot': 0.00616}
  t=   1.95  cb_yield           L8-CB1 {'rot': 0.00643}
  t=   1.95  cb_yield           L8-CB2 {'rot': 0.00635}
  t=   1.95  cb_yield           L8-CB3 {'rot': 0.00662}
  t=   1.95  cb_yield           L9-CB1 {'rot': 0.00609}
  t=   1.95  cb_yield           L9-CB3 {'rot': 0.00628}
  t=   2.00  cb_yield           L4-CB0 {'rot': 0.00624}
  t=   2.00  cb_yield           L9-CB0 {'rot': 0.00643}
  t=   2.00  cb_yield           L9-CB2 {'rot': 0.00661}
  t=   2.00  cb_yield           L10-CB1 {'rot': 0.00636}
  t=   2.00  cb_yield           L10-CB2 {'rot': 0.0062}
  t=   2.00  cb_yield           L10-CB3 {'rot': 0.00655}
  t=   2.00  cb_yield           L11-CB3 {'rot': 0.0061}
  t=   2.05  cb_yield           L10-CB0 {'rot': 0.00662}
  t=   2.05  cb_yield           L11-CB0 {'rot': 0.00616}
  t=   2.05  cb_yield           L11-CB1 {'rot': 0.00656}
  t=   2.05  cb_yield           L11-CB2 {'rot': 0.00635}
  t=   2.05  cb_yield           L12-CB3 {'rot': 0.00626}
  t=   2.10  cb_yield           L12-CB0 {'rot': 0.00623}
  t=   2.10  cb_yield           L12-CB1 {'rot': 0.00668}
  t=   2.10  cb_yield           L12-CB2 {'rot': 0.00642}
  t=   2.10  cb_yield           L13-CB1 {'rot': 0.00615}
  t=   2.10  cb_yield           L13-CB3 {'rot': 0.00636}
  t=   2.15  cb_yield           L13-CB0 {'rot': 0.00626}
  t=   2.15  cb_yield           L13-CB2 {'rot': 0.00645}
  t=   2.15  cb_yield           L14-CB1 {'rot': 0.00623}
  t=   2.15  cb_yield           L14-CB3 {'rot': 0.00645}
  t=   2.20  cb_yield           L14-CB0 {'rot': 0.00628}
  t=   2.20  cb_yield           L14-CB2 {'rot': 0.00649}
  t=   2.20  cb_yield           L15-CB1 {'rot': 0.00632}
  t=   2.20  cb_yield           L15-CB3 {'rot': 0.00656}
  t=   2.25  cb_yield           L15-CB0 {'rot': 0.00624}
  t=   2.25  cb_yield           L15-CB2 {'rot': 0.00648}
  t=   2.25  cb_yield           L16-CB1 {'rot': 0.00634}
  t=   2.25  cb_yield           L16-CB3 {'rot': 0.0066}
  t=   2.30  cb_yield           L16-CB0 {'rot': 0.00611}
  t=   2.30  cb_yield           L16-CB2 {'rot': 0.00637}
  t=   2.35  cb_yield           L17-CB3 {'rot': 0.00682}
  t=   2.40  cb_yield           L17-CB1 {'rot': 0.0069}
  t=   2.40  cb_yield           L18-CB3 {'rot': 0.00669}
  t=   2.45  cb_yield           L17-CB2 {'rot': 0.00674}
  t=   2.45  cb_yield           L18-CB1 {'rot': 0.00686}
  t=   2.45  cb_yield           L19-CB3 {'rot': 0.00681}
  t=   2.50  cb_yield           L17-CB0 {'rot': 0.00675}
  t=   2.50  cb_yield           L18-CB2 {'rot': 0.00681}
  t=   2.50  cb_yield           L19-CB1 {'rot': 0.00713}
  t=   2.50  cb_yield           L20-CB1 {'rot': 0.00685}
  t=   2.50  cb_yield           L20-CB3 {'rot': 0.00725}
  t=   2.50  cb_yield           L21-CB3 {'rot': 0.00698}
  t=   2.50  cb_yield           L22-CB3 {'rot': 0.00669}
  t=   2.55  cb_yield           L18-CB0 {'rot': 0.00697}
  t=   2.55  cb_yield           L19-CB0 {'rot': 0.00684}
  t=   2.55  cb_yield           L19-CB2 {'rot': 0.00721}
  t=   2.55  cb_yield           L20-CB0 {'rot': 0.00666}
  t=   2.55  cb_yield           L20-CB2 {'rot': 0.00706}
  t=   2.55  cb_yield           L21-CB1 {'rot': 0.00753}
  t=   2.55  cb_yield           L21-CB2 {'rot': 0.00686}
  t=   2.55  cb_yield           L22-CB1 {'rot': 0.00725}
  t=   2.55  cb_yield           L22-CB2 {'rot': 0.00661}
  t=   2.55  cb_yield           L23-CB1 {'rot': 0.00692}
  t=   2.55  cb_yield           L23-CB3 {'rot': 0.00743}
  t=   2.55  cb_yield           L24-CB3 {'rot': 0.00707}
  t=   2.55  cb_yield           L25-CB3 {'rot': 0.00667}
  t=   2.60  cb_yield           L21-CB0 {'rot': 0.00731}
  t=   2.60  cb_yield           L22-CB0 {'rot': 0.00704}
  t=   2.60  cb_yield           L23-CB0 {'rot': 0.00668}
  t=   2.60  cb_yield           L23-CB2 {'rot': 0.00718}
  t=   2.60  cb_yield           L24-CB1 {'rot': 0.00755}
  t=   2.60  cb_yield           L24-CB2 {'rot': 0.00677}
  t=   2.60  cb_yield           L25-CB1 {'rot': 0.00706}
  t=   2.60  cb_yield           L26-CB3 {'rot': 0.0071}
  t=   2.65  cb_yield           L24-CB0 {'rot': 0.00708}
  t=   2.65  cb_yield           L25-CB2 {'rot': 0.00705}
  t=   2.65  cb_yield           L26-CB1 {'rot': 0.00732}
  t=   2.65  cb_yield           L27-CB1 {'rot': 0.00666}
  t=   2.65  cb_yield           L27-CB3 {'rot': 0.00722}
  t=   2.70  cb_yield           L25-CB0 {'rot': 0.00724}
  t=   2.70  cb_yield           L26-CB2 {'rot': 0.00706}
  t=   2.70  cb_yield           L28-CB3 {'rot': 0.00702}
  t=   2.75  cb_yield           L26-CB0 {'rot': 0.00712}
  t=   2.75  cb_yield           L27-CB2 {'rot': 0.00677}
  t=   2.75  cb_yield           L28-CB1 {'rot': 0.00687}
  t=   2.80  cb_yield           L27-CB0 {'rot': 0.00664}
  t=   3.70  cb_yield           L28-CB2 {'rot': 0.00671}
  t=   3.75  cb_yield           L28-CB0 {'rot': 0.00705}
  t=   3.85  cb_yield           L29-CB0 {'rot': 0.00668}
  t=   4.35  cb_yield           L3-CB0 {'rot': 0.00686}
  t=   4.35  cb_yield           L3-CB1 {'rot': 0.00655}
  t=   4.40  cb_yield           L2-CB0 {'rot': 0.00639}
  t=   4.40  cb_yield           L2-CB1 {'rot': 0.00609}
  t=   4.40  cb_yield           L3-CB2 {'rot': 0.00702}
  t=   4.40  cb_yield           L3-CB3 {'rot': 0.0067}
  t=   4.45  cb_yield           L2-CB2 {'rot': 0.00646}
  t=   4.45  cb_yield           L2-CB3 {'rot': 0.00615}
  t=   4.50  cb_yield           L29-CB3 {'rot': 0.00698}
  t=   4.50  cb_yield           L30-CB3 {'rot': 0.00668}
  t=   4.55  cb_yield           L31-CB3 {'rot': 0.00687}
  t=   4.60  cb_yield           L29-CB2 {'rot': 0.0067}
  t=   4.60  cb_yield           L32-CB3 {'rot': 0.0069}
  t=   4.60  cb_yield           L33-CB3 {'rot': 0.00669}
  t=   4.65  cb_yield           L1-CB0 {'rot': 0.00631}
  t=   4.70  cb_yield           L1-CB1 {'rot': 0.00639}
  t=   7.25  cb_yield           L30-CB2 {'rot': 0.00667}
  t=   7.30  cb_yield           L31-CB2 {'rot': 0.0067}
  t=   8.10  cb_yield           L29-CB1 {'rot': 0.00674}
  t=   8.20  cb_yield           L30-CB1 {'rot': 0.00679}
  t=   8.30  cb_yield           L31-CB1 {'rot': 0.00679}
  t=   8.35  cb_yield           L32-CB1 {'rot': 0.00678}
  t=   8.40  cb_yield           L33-CB1 {'rot': 0.00693}
  t=   8.45  cb_failure         L10-CB1 {'rot': 0.03017}
  t=   8.45  cb_failure         L11-CB1 {'rot': 0.03095}
  t=   8.45  cb_failure         L12-CB1 {'rot': 0.03147}
  t=   8.45  cb_failure         L13-CB1 {'rot': 0.03172}
  t=   8.45  cb_failure         L14-CB1 {'rot': 0.03166}
  t=   8.45  cb_failure         L15-CB1 {'rot': 0.03132}
  t=   8.45  cb_failure         L16-CB1 {'rot': 0.0307}
  t=   8.50  cb_failure         L9-CB1 {'rot': 0.03108}
  t=   8.50  cb_failure         L11-CB0 {'rot': 0.03013}
  t=   8.50  cb_failure         L12-CB0 {'rot': 0.03052}
  t=   8.50  cb_failure         L13-CB0 {'rot': 0.0306}
  t=   8.50  cb_failure         L14-CB0 {'rot': 0.03037}
  t=   8.50  cb_failure         L17-CB1 {'rot': 0.03107}
  t=   8.55  cb_failure         L8-CB1 {'rot': 0.03128}
  t=   8.55  cb_failure         L9-CB0 {'rot': 0.03042}
  t=   8.55  cb_failure         L10-CB0 {'rot': 0.03152}
  t=   8.55  cb_failure         L10-CB3 {'rot': 0.03041}
  t=   8.55  cb_failure         L11-CB3 {'rot': 0.03113}
  t=   8.55  cb_failure         L12-CB3 {'rot': 0.03151}
  t=   8.55  cb_failure         L13-CB3 {'rot': 0.03152}
  t=   8.55  cb_failure         L14-CB3 {'rot': 0.03117}
  t=   8.55  cb_failure         L15-CB0 {'rot': 0.03161}
  t=   8.55  cb_failure         L15-CB3 {'rot': 0.03048}
  t=   8.55  cb_failure         L16-CB0 {'rot': 0.03064}
  t=   8.55  cb_failure         L18-CB1 {'rot': 0.0306}
  t=   8.60  cb_failure         L7-CB1 {'rot': 0.03038}
  t=   8.60  cb_failure         L8-CB0 {'rot': 0.03057}
  t=   8.60  cb_failure         L9-CB3 {'rot': 0.03088}
  t=   8.60  cb_failure         L11-CB2 {'rot': 0.03009}
  t=   8.60  cb_failure         L12-CB2 {'rot': 0.03038}
  t=   8.60  cb_failure         L13-CB2 {'rot': 0.03029}
  t=   8.60  cb_failure         L16-CB3 {'rot': 0.03138}
  t=   8.65  cb_failure         L8-CB3 {'rot': 0.03032}
  t=   8.65  cb_failure         L10-CB2 {'rot': 0.03097}
  t=   8.65  cb_failure         L14-CB2 {'rot': 0.03172}
  t=   8.65  cb_failure         L15-CB2 {'rot': 0.03092}
  t=   8.65  cb_failure         L17-CB0 {'rot': 0.03198}
  t=   8.65  cb_failure         L17-CB3 {'rot': 0.03143}
  t=   8.70  cb_failure         L7-CB0 {'rot': 0.03056}
  t=   8.70  cb_failure         L9-CB2 {'rot': 0.03096}
  t=   8.70  cb_failure         L16-CB2 {'rot': 0.03159}
  t=   8.70  cb_failure         L18-CB0 {'rot': 0.03081}
  t=   8.70  cb_failure         L18-CB3 {'rot': 0.03081}
  t=   8.70  cb_failure         L19-CB1 {'rot': 0.03105}
  t=   8.75  cb_failure         L17-CB2 {'rot': 0.03148}
  t=   8.80  cb_failure         L8-CB2 {'rot': 0.03056}
  t=   8.80  cb_failure         L18-CB2 {'rot': 0.03081}
  t=   8.80  cb_failure         L19-CB3 {'rot': 0.03148}
  t=   8.85  cb_failure         L19-CB0 {'rot': 0.03117}
  t=   8.85  cb_failure         L20-CB1 {'rot': 0.03081}
  t=   8.90  cb_failure         L19-CB2 {'rot': 0.03128}
  t=   8.90  cb_failure         L20-CB3 {'rot': 0.03158}
  t=   9.00  cb_failure         L20-CB0 {'rot': 0.03104}
  t=   9.00  cb_failure         L20-CB2 {'rot': 0.03167}
  t=   9.00  cb_failure         L21-CB3 {'rot': 0.03129}
  t=   9.05  cb_failure         L21-CB1 {'rot': 0.03134}
  t=   9.10  cb_failure         L21-CB2 {'rot': 0.03145}
  t=   9.10  cb_failure         L22-CB3 {'rot': 0.03066}
  t=   9.20  cb_failure         L21-CB0 {'rot': 0.03069}
  t=   9.25  cb_failure         L22-CB1 {'rot': 0.03065}
  t=   9.25  cb_failure         L22-CB2 {'rot': 0.03066}
  t=   9.25  cb_failure         L23-CB3 {'rot': 0.03061}
  t=   9.45  cb_yield           L1-CB2 {'rot': 0.00647}
  t=   9.45  cb_yield           L1-CB3 {'rot': 0.00703}
  t=   9.55  cb_failure         L7-CB3 {'rot': 0.03056}
  t=   9.60  cb_failure         L6-CB1 {'rot': 0.03087}
  t=   9.60  cb_failure         L6-CB3 {'rot': 0.03051}
  t=   9.60  cb_yield           L30-CB0 {'rot': 0.00676}
  t=   9.65  cb_failure         L5-CB1 {'rot': 0.03019}
  t=   9.65  cb_failure         L5-CB3 {'rot': 0.03021}
  t=   9.65  cb_failure         L6-CB2 {'rot': 0.03032}
  t=   9.65  cb_failure         L7-CB2 {'rot': 0.03197}
  t=   9.70  cb_failure         L6-CB0 {'rot': 0.03164}
  t=   9.70  cb_failure         L23-CB1 {'rot': 0.03063}
  t=   9.75  cb_failure         L4-CB1 {'rot': 0.0301}
  t=   9.75  cb_failure         L4-CB3 {'rot': 0.03064}
  t=   9.75  cb_failure         L5-CB0 {'rot': 0.031}
  t=   9.75  cb_failure         L5-CB2 {'rot': 0.0317}
  t=   9.85  cb_failure         L4-CB0 {'rot': 0.03064}
  t=   9.85  cb_failure         L4-CB2 {'rot': 0.03134}
  progress t=  10.0s  max corner drift so far=0.0090  wall clock=302s
  t=  10.35  cb_yield           L31-CB0 {'rot': 0.00665}
  t=  10.40  cb_yield           L32-CB0 {'rot': 0.00738}
  t=  10.40  cb_yield           L33-CB0 {'rot': 0.00727}
  t=  10.45  cb_failure         L22-CB0 {'rot': 0.03095}
  t=  10.70  cb_failure         L23-CB0 {'rot': 0.03108}
  t=  10.70  cb_failure         L24-CB1 {'rot': 0.03161}
  t=  10.85  cb_failure         L24-CB3 {'rot': 0.0312}
  t=  10.85  cb_failure         L25-CB1 {'rot': 0.0306}
  t=  10.90  cb_failure         L25-CB3 {'rot': 0.03109}
  t=  10.95  cb_failure         L26-CB3 {'rot': 0.03217}
  t=  10.95  cb_yield           L32-CB2 {'rot': 0.00866}
  t=  10.95  cb_yield           L33-CB2 {'rot': 0.00793}
  t=  11.00  cb_failure         L23-CB2 {'rot': 0.03097}
  t=  11.00  cb_failure         L26-CB1 {'rot': 0.0311}
  t=  11.00  cb_failure         L27-CB3 {'rot': 0.03333}
  t=  11.00  cb_failure         L28-CB3 {'rot': 0.03077}
  t=  11.05  cb_failure         L24-CB2 {'rot': 0.03175}
  t=  11.05  cb_failure         L25-CB2 {'rot': 0.03072}
  t=  11.05  cb_failure         L29-CB3 {'rot': 0.03059}
  t=  11.10  cb_failure         L26-CB2 {'rot': 0.03058}
  t=  11.15  cb_failure         L30-CB3 {'rot': 0.03082}
  t=  11.20  cb_failure         L27-CB2 {'rot': 0.03068}
  t=  11.25  cb_failure         L31-CB3 {'rot': 0.03065}
  t=  12.20  cb_failure         L27-CB1 {'rot': 0.03096}
  t=  12.25  cb_failure         L28-CB1 {'rot': 0.03147}
  t=  15.65  cb_failure         L32-CB3 {'rot': 0.03108}
  t=  15.65  cb_failure         L33-CB3 {'rot': 0.03067}
  t=  15.75  cb_failure         L28-CB2 {'rot': 0.03075}
  t=  15.85  cb_failure         L29-CB1 {'rot': 0.03094}
  t=  15.90  cb_failure         L30-CB1 {'rot': 0.03198}
  t=  15.95  cb_failure         L31-CB1 {'rot': 0.03302}
  t=  15.95  cb_failure         L32-CB1 {'rot': 0.03174}
  t=  15.95  cb_failure         L33-CB1 {'rot': 0.03083}
  t=  16.05  cb_failure         L24-CB0 {'rot': 0.03147}
  t=  16.10  cb_failure         L25-CB0 {'rot': 0.03174}
  t=  16.15  cb_failure         L26-CB0 {'rot': 0.03159}
  t=  16.20  cb_failure         L27-CB0 {'rot': 0.03063}
  t=  16.65  cb_failure         L28-CB0 {'rot': 0.03121}
  t=  16.75  cb_failure         L29-CB0 {'rot': 0.03235}
  t=  16.80  cb_failure         L30-CB0 {'rot': 0.0327}
  t=  16.80  cb_failure         L31-CB0 {'rot': 0.03081}
  t=  16.85  cb_failure         L32-CB0 {'rot': 0.03255}
  t=  16.85  cb_failure         L33-CB0 {'rot': 0.03211}
  t=  17.70  cb_failure         L3-CB1 {'rot': 0.03358}
  t=  17.80  cb_failure         L2-CB1 {'rot': 0.03139}
  progress t=  20.0s  max corner drift so far=0.0190  wall clock=617s
  t=  20.30  cb_failure         L30-CB2 {'rot': 0.03117}
  t=  20.30  cb_failure         L31-CB2 {'rot': 0.03158}
  t=  20.30  cb_failure         L32-CB2 {'rot': 0.03175}
  t=  20.30  cb_failure         L33-CB2 {'rot': 0.03178}
  t=  20.35  cb_failure         L29-CB2 {'rot': 0.03155}
  t=  20.45  cb_failure         L3-CB3 {'rot': 0.03009}
  t=  21.00  cb_failure         L3-CB2 {'rot': 0.03022}
  t=  21.15  cb_failure         L2-CB3 {'rot': 0.03102}
  t=  27.40  cb_failure         L1-CB3 {'rot': 0.03385}
  t=  27.45  cb_failure         L1-CB1 {'rot': 0.03148}
  t=  27.49  wall_axial_failure S1-F {'gamma': 0.00106, 'eps': -0.00703, 'cause': 'crushing'}
  t=  27.50  punching           L1-corecL24 {'drift': np.float64(0.0058), 'vg_vc': 1.497, 'conn': 'wall'}
  t=  27.50  punching           L1-corecF14 {'drift': np.float64(0.0058), 'vg_vc': 1.007, 'conn': 'wall'}
  t=  27.50  punching           L2-corecL24 {'drift': np.float64(0.0066), 'vg_vc': 1.055, 'conn': 'wall'}
  t=  27.50  punching           L2-corecF14 {'drift': np.float64(0.0066), 'vg_vc': 0.777, 'conn': 'wall'}
  t=  27.50  punching           L3-corecL24 {'drift': np.float64(0.0071), 'vg_vc': 0.805, 'conn': 'wall'}
  t= 27.500  solver fallback: NewtonLineSearch
