  t=   2.12  cb_yield           L8-CB3 {'rot': 0.00421}
  t=   2.25  cb_yield           L7-CB3 {'rot': 0.0042}
  t=   2.25  cb_yield           L8-CB1 {'rot': 0.00427}
  t=   2.25  cb_yield           L9-CB1 {'rot': 0.00433}
  t=   2.25  cb_yield           L9-CB3 {'rot': 0.0044}
  t=   2.25  cb_yield           L10-CB1 {'rot': 0.00433}
  t=   2.25  cb_yield           L10-CB3 {'rot': 0.00441}
  t=   2.25  cb_yield           L11-CB1 {'rot': 0.00427}
  t=   2.25  cb_yield           L11-CB3 {'rot': 0.00437}
  t=   2.25  cb_yield           L12-CB3 {'rot': 0.00427}
  t=   2.37  cb_yield           L12-CB1 {'rot': 0.00441}
  t=   2.37  cb_yield           L13-CB1 {'rot': 0.00437}
  t=   2.37  cb_yield           L13-CB3 {'rot': 0.00447}
  t=   2.37  cb_yield           L14-CB1 {'rot': 0.00428}
  t=   2.37  cb_yield           L14-CB3 {'rot': 0.0044}
  t=   2.37  cb_yield           L15-CB3 {'rot': 0.00428}
  t=   2.50  cb_yield           L15-CB1 {'rot': 0.00424}
  t=   2.50  cb_yield           L16-CB3 {'rot': 0.00428}
  t=   2.75  cb_yield           L19-CB3 {'rot': 0.00476}
  t=   2.75  cb_yield           L20-CB1 {'rot': 0.00478}
  t=   2.75  cb_yield           L20-CB3 {'rot': 0.00493}
  t=   2.75  cb_yield           L21-CB1 {'rot': 0.00489}
  t=   2.75  cb_yield           L21-CB3 {'rot': 0.00505}
  t=   2.75  cb_yield           L22-CB1 {'rot': 0.00493}
  t=   2.75  cb_yield           L22-CB3 {'rot': 0.00511}
  t=   2.75  cb_yield           L23-CB1 {'rot': 0.0049}
  t=   2.75  cb_yield           L23-CB3 {'rot': 0.0051}
  t=   2.75  cb_yield           L24-CB1 {'rot': 0.00481}
  t=   2.75  cb_yield           L24-CB3 {'rot': 0.00502}
  t=   2.75  cb_yield           L25-CB1 {'rot': 0.00467}
  t=   2.75  cb_yield           L25-CB3 {'rot': 0.00488}
  t=   2.75  cb_yield           L26-CB3 {'rot': 0.00469}
  t=   2.87  cb_yield           L18-CB1 {'rot': 0.00466}
  t=   2.87  cb_yield           L18-CB3 {'rot': 0.00477}
  t=   2.87  cb_yield           L19-CB1 {'rot': 0.00505}
  t=   2.87  cb_yield           L23-CB2 {'rot': 0.00463}
  t=   2.87  cb_yield           L26-CB1 {'rot': 0.00533}
  t=   2.87  cb_yield           L27-CB1 {'rot': 0.00504}
  t=   2.87  cb_yield           L27-CB3 {'rot': 0.00522}
  t=   2.87  cb_yield           L28-CB1 {'rot': 0.00471}
  t=   2.87  cb_yield           L28-CB3 {'rot': 0.00488}
  t=   3.00  cb_yield           L22-CB2 {'rot': 0.00467}
  t=   3.00  cb_yield           L23-CB0 {'rot': 0.00465}
  t=   3.00  cb_yield           L24-CB2 {'rot': 0.00466}
  t=   4.50  cb_yield           L7-CB0 {'rot': 0.00422}
  t=   4.50  cb_yield           L8-CB0 {'rot': 0.00429}
  t=   4.50  cb_yield           L9-CB0 {'rot': 0.00432}
  t=   4.50  cb_yield           L10-CB0 {'rot': 0.00428}
  t=   4.50  cb_yield           L11-CB0 {'rot': 0.00419}
  t=   4.62  cb_yield           L4-CB0 {'rot': 0.00488}
  t=   4.62  cb_yield           L4-CB1 {'rot': 0.00465}
  t=   4.62  cb_yield           L4-CB2 {'rot': 0.00427}
  t=   4.62  cb_yield           L5-CB0 {'rot': 0.00541}
  t=   4.62  cb_yield           L5-CB1 {'rot': 0.00513}
  t=   4.62  cb_yield           L5-CB2 {'rot': 0.00463}
  t=   4.62  cb_yield           L5-CB3 {'rot': 0.0044}
  t=   4.62  cb_yield           L6-CB0 {'rot': 0.00574}
  t=   4.62  cb_yield           L6-CB1 {'rot': 0.00543}
  t=   4.62  cb_yield           L6-CB2 {'rot': 0.0048}
  t=   4.62  cb_yield           L6-CB3 {'rot': 0.00453}
  t=   4.62  cb_yield           L7-CB1 {'rot': 0.00558}
  t=   4.62  cb_yield           L7-CB2 {'rot': 0.0048}
  t=   4.62  cb_yield           L8-CB2 {'rot': 0.00467}
  t=   4.62  cb_yield           L9-CB2 {'rot': 0.00443}
  t=   4.62  cb_yield           L12-CB0 {'rot': 0.00515}
  t=   4.62  cb_yield           L13-CB0 {'rot': 0.00475}
  t=   4.62  cb_yield           L14-CB0 {'rot': 0.0043}
  t=   4.62  cb_yield           L29-CB3 {'rot': 0.00495}
  t=   4.62  cb_yield           L30-CB3 {'rot': 0.00476}
  t=   4.75  cb_yield           L2-CB0 {'rot': 0.00423}
  t=   4.75  cb_yield           L3-CB0 {'rot': 0.00534}
  t=   4.75  cb_yield           L3-CB1 {'rot': 0.00511}
  t=   4.75  cb_yield           L3-CB2 {'rot': 0.00474}
  t=   4.75  cb_yield           L3-CB3 {'rot': 0.00457}
  t=   4.75  cb_yield           L4-CB3 {'rot': 0.00526}
  t=   4.75  cb_yield           L10-CB2 {'rot': 0.00485}
  t=   4.75  cb_yield           L11-CB2 {'rot': 0.00423}
  t=   4.75  cb_yield           L31-CB3 {'rot': 0.00505}
  t=   4.75  cb_yield           L32-CB3 {'rot': 0.00482}
  t=   4.75  cb_yield           L33-CB3 {'rot': 0.00466}
  t=   4.88  cb_yield           L2-CB1 {'rot': 0.00479}
  t=   4.88  cb_yield           L2-CB2 {'rot': 0.00443}
  t=   4.88  cb_yield           L2-CB3 {'rot': 0.00426}
  t=   5.50  cb_yield           L15-CB0 {'rot': 0.00467}
  t=   5.50  cb_yield           L16-CB0 {'rot': 0.00457}
  t=   5.63  cb_yield           L16-CB1 {'rot': 0.0042}
  t=   5.63  cb_yield           L17-CB0 {'rot': 0.00489}
  t=   5.63  cb_yield           L18-CB0 {'rot': 0.00485}
  t=   5.63  cb_yield           L19-CB0 {'rot': 0.00473}
  t=   5.75  cb_yield           L20-CB0 {'rot': 0.00491}
  t=   5.75  cb_yield           L21-CB0 {'rot': 0.00481}
  t=   6.50  cb_yield           L12-CB2 {'rot': 0.00448}
  t=   6.63  cb_yield           L13-CB2 {'rot': 0.00432}
  t=   8.00  cb_yield           L1-CB1 {'rot': 0.00429}
  t=   8.00  cb_yield           L17-CB1 {'rot': 0.00489}
  t=   8.25  cb_yield           L14-CB2 {'rot': 0.00602}
  t=   8.25  cb_yield           L15-CB2 {'rot': 0.00522}
  t=   8.25  cb_yield           L16-CB2 {'rot': 0.00446}
  t=   8.25  cb_yield           L17-CB3 {'rot': 0.00513}
  t=   8.38  cb_yield           L17-CB2 {'rot': 0.00631}
  t=   8.38  cb_yield           L18-CB2 {'rot': 0.00539}
  t=   8.38  cb_yield           L22-CB0 {'rot': 0.00596}
  t=   8.38  cb_yield           L24-CB0 {'rot': 0.00499}
  t=   8.38  cb_yield           L29-CB1 {'rot': 0.00522}
  t=   8.38  cb_yield           L30-CB1 {'rot': 0.00493}
  t=   8.38  cb_yield           L31-CB1 {'rot': 0.00468}
  t=   8.50  cb_yield           L19-CB2 {'rot': 0.00713}
  t=   8.50  cb_yield           L20-CB2 {'rot': 0.00617}
  t=   8.50  cb_yield           L21-CB2 {'rot': 0.00523}
  t=   8.50  cb_yield           L25-CB0 {'rot': 0.00544}
  t=   8.50  cb_yield           L26-CB0 {'rot': 0.00492}
  t=   8.50  cb_yield           L32-CB1 {'rot': 0.00537}
  t=   8.50  cb_yield           L33-CB1 {'rot': 0.00521}
  t=   8.63  cb_failure         L12-CB1 {'rot': 0.01828}
  t=   8.63  cb_failure         L13-CB1 {'rot': 0.0185}
  t=   8.63  cb_failure         L14-CB1 {'rot': 0.01847}
  t=   8.63  cb_failure         L15-CB1 {'rot': 0.01823}
  t=   8.75  cb_failure         L10-CB1 {'rot': 0.01851}
  t=   8.75  cb_failure         L11-CB1 {'rot': 0.01954}
  t=   8.75  cb_failure         L13-CB3 {'rot': 0.01873}
  t=   8.75  cb_failure         L14-CB3 {'rot': 0.01922}
  t=   8.75  cb_failure         L15-CB3 {'rot': 0.01946}
  t=   8.75  cb_failure         L16-CB1 {'rot': 0.02108}
  t=   8.75  cb_failure         L16-CB3 {'rot': 0.01945}
  t=   8.75  cb_failure         L17-CB1 {'rot': 0.02054}
  t=   8.75  cb_failure         L17-CB3 {'rot': 0.01917}
  t=   8.75  cb_failure         L18-CB1 {'rot': 0.01977}
  t=   8.75  cb_failure         L18-CB3 {'rot': 0.01864}
  t=   8.75  cb_failure         L19-CB1 {'rot': 0.01881}
  t=   8.75  cb_yield           L25-CB2 {'rot': 0.00644}
  t=   8.75  cb_yield           L26-CB2 {'rot': 0.00542}
  t=   8.88  cb_failure         L12-CB0 {'rot': 0.0186}
  t=   8.88  cb_failure         L12-CB3 {'rot': 0.01914}
  t=   8.88  cb_failure         L13-CB0 {'rot': 0.01936}
  t=   8.88  cb_failure         L14-CB0 {'rot': 0.01982}
  t=   8.88  cb_failure         L15-CB0 {'rot': 0.01999}
  t=   8.88  cb_failure         L16-CB0 {'rot': 0.01989}
  t=   8.88  cb_failure         L16-CB2 {'rot': 0.01831}
  t=   8.88  cb_failure         L17-CB0 {'rot': 0.01943}
  t=   8.88  cb_failure         L18-CB0 {'rot': 0.01869}
  t=   8.88  cb_failure         L19-CB3 {'rot': 0.02146}
  t=   8.88  cb_failure         L20-CB1 {'rot': 0.02089}
  t=   8.88  cb_failure         L20-CB3 {'rot': 0.02079}
  t=   8.88  cb_failure         L21-CB1 {'rot': 0.01954}
  t=   8.88  cb_failure         L21-CB3 {'rot': 0.01983}
  t=   8.88  cb_yield           L27-CB2 {'rot': 0.00608}
  t=   8.88  cb_yield           L28-CB2 {'rot': 0.00502}
  t=   9.00  cb_failure         L14-CB2 {'rot': 0.01906}
  t=   9.00  cb_failure         L15-CB2 {'rot': 0.01991}
  t=   9.00  cb_failure         L17-CB2 {'rot': 0.0208}
  t=   9.00  cb_failure         L18-CB2 {'rot': 0.02079}
  t=   9.00  cb_failure         L19-CB0 {'rot': 0.02043}
  t=   9.00  cb_failure         L19-CB2 {'rot': 0.02045}
  t=   9.00  cb_failure         L20-CB0 {'rot': 0.01933}
  t=   9.00  cb_failure         L20-CB2 {'rot': 0.01981}
  t=   9.00  cb_failure         L21-CB2 {'rot': 0.01881}
  t=   9.00  cb_failure         L22-CB1 {'rot': 0.02057}
  t=   9.00  cb_failure         L22-CB3 {'rot': 0.02184}
  t=   9.00  cb_failure         L23-CB3 {'rot': 0.02021}
  t=   9.00  cb_yield           L29-CB2 {'rot': 0.00479}
  t=   9.13  cb_failure         L21-CB0 {'rot': 0.01995}
  t=   9.13  cb_failure         L22-CB2 {'rot': 0.02009}
  t=   9.13  cb_failure         L23-CB1 {'rot': 0.02071}
  t=   9.13  cb_failure         L24-CB3 {'rot': 0.02084}
  t=   9.13  cb_yield           L27-CB0 {'rot': 0.00536}
  t=   9.25  cb_failure         L22-CB0 {'rot': 0.01911}
  t=   9.25  cb_failure         L23-CB2 {'rot': 0.01994}
  t=   9.25  cb_failure         L24-CB1 {'rot': 0.02018}
  t=   9.25  cb_failure         L25-CB3 {'rot': 0.02075}
  t=   9.25  cb_yield           L28-CB0 {'rot': 0.00508}
  t=   9.25  cb_yield           L30-CB2 {'rot': 0.00517}
  t=   9.38  cb_failure         L25-CB1 {'rot': 0.02052}
  t=   9.38  cb_failure         L26-CB1 {'rot': 0.01864}
  t=   9.38  cb_failure         L26-CB3 {'rot': 0.02125}
  t=   9.38  cb_failure         L27-CB3 {'rot': 0.01927}
  t=   9.38  cb_yield           L29-CB0 {'rot': 0.00563}
  t=   9.38  cb_yield           L31-CB2 {'rot': 0.00541}
  t=   9.50  cb_failure         L27-CB1 {'rot': 0.02044}
  t=   9.50  cb_failure         L28-CB1 {'rot': 0.0192}
  t=   9.50  cb_failure         L28-CB3 {'rot': 0.02059}
  t=   9.50  cb_failure         L29-CB3 {'rot': 0.01927}
  t=   9.50  cb_yield           L30-CB0 {'rot': 0.00716}
  t=   9.50  cb_yield           L31-CB0 {'rot': 0.00604}
  t=   9.50  cb_yield           L32-CB0 {'rot': 0.00529}
  t=   9.50  cb_yield           L32-CB2 {'rot': 0.00683}
  t=   9.50  cb_yield           L33-CB0 {'rot': 0.00497}
  t=   9.50  cb_yield           L33-CB2 {'rot': 0.00651}
  t=   9.63  cb_yield           L1-CB3 {'rot': 0.00451}
  t=   9.63  cb_failure         L11-CB3 {'rot': 0.01853}
  t=   9.63  cb_failure         L29-CB1 {'rot': 0.02159}
  t=   9.63  cb_failure         L30-CB1 {'rot': 0.02113}
  t=   9.63  cb_failure         L30-CB3 {'rot': 0.0209}
  t=   9.63  cb_failure         L31-CB1 {'rot': 0.02064}
  t=   9.63  cb_failure         L31-CB3 {'rot': 0.02045}
  t=   9.63  cb_failure         L32-CB1 {'rot': 0.02023}
  t=   9.63  cb_failure         L32-CB3 {'rot': 0.02006}
  t=   9.63  cb_failure         L33-CB1 {'rot': 0.02005}
  t=   9.63  cb_failure         L33-CB3 {'rot': 0.01989}
  t=   9.75  cb_yield           L1-CB0 {'rot': 0.00488}
  t=   9.75  cb_yield           L1-CB2 {'rot': 0.0049}
  t=   9.75  cb_failure         L7-CB1 {'rot': 0.01844}
  t=   9.75  cb_failure         L8-CB1 {'rot': 0.0193}
  t=   9.75  cb_failure         L8-CB3 {'rot': 0.01882}
  t=   9.75  cb_failure         L9-CB1 {'rot': 0.01991}
  t=   9.75  cb_failure         L9-CB3 {'rot': 0.01943}
  t=   9.75  cb_failure         L10-CB3 {'rot': 0.01986}
  t=   9.88  cb_failure         L6-CB1 {'rot': 0.01943}
  t=   9.88  cb_failure         L6-CB3 {'rot': 0.0195}
  t=   9.88  cb_failure         L7-CB3 {'rot': 0.02064}
  t=   9.88  cb_failure         L8-CB0 {'rot': 0.01851}
  t=   9.88  cb_failure         L8-CB2 {'rot': 0.01829}
  t=   9.88  cb_failure         L9-CB0 {'rot': 0.01876}
  t=   9.88  cb_failure         L9-CB2 {'rot': 0.01842}
  t=   9.88  cb_failure         L10-CB0 {'rot': 0.01874}
  t=   9.88  cb_failure         L10-CB2 {'rot': 0.01828}
  t=   9.88  cb_failure         L11-CB0 {'rot': 0.01852}
  t=  10.00  cb_failure         L5-CB1 {'rot': 0.01832}
  t=  10.00  cb_failure         L5-CB3 {'rot': 0.01922}
  t=  10.00  cb_failure         L6-CB2 {'rot': 0.01846}
  t=  10.00  cb_failure         L7-CB0 {'rot': 0.01941}
  t=  10.00  cb_failure         L7-CB2 {'rot': 0.01945}
  t=  10.00  cb_failure         L11-CB2 {'rot': 0.0198}
  t=  10.00  cb_failure         L12-CB2 {'rot': 0.0193}
  t=  10.00  cb_failure         L13-CB2 {'rot': 0.01867}
  progress t=  10.0s  max corner drift so far=0.0046  wall clock=158s
  t=  10.75  cb_failure         L23-CB0 {'rot': 0.01939}
  t=  10.88  cb_failure         L24-CB0 {'rot': 0.01897}
  t=  11.00  cb_failure         L24-CB2 {'rot': 0.02001}
  t=  11.00  cb_failure         L25-CB0 {'rot': 0.01932}
  t=  11.00  cb_failure         L25-CB2 {'rot': 0.02007}
  t=  11.00  cb_failure         L26-CB0 {'rot': 0.01922}
  t=  11.00  cb_failure         L26-CB2 {'rot': 0.01996}
  t=  11.00  cb_failure         L27-CB0 {'rot': 0.01899}
  t=  11.00  cb_failure         L27-CB2 {'rot': 0.0197}
  t=  11.00  cb_failure         L28-CB0 {'rot': 0.01864}
  t=  11.00  cb_failure         L28-CB2 {'rot': 0.01932}
  t=  11.00  cb_failure         L29-CB2 {'rot': 0.01875}
  t=  11.13  cb_failure         L29-CB0 {'rot': 0.02062}
  t=  11.13  cb_failure         L30-CB0 {'rot': 0.02059}
  t=  11.13  cb_failure         L30-CB2 {'rot': 0.02485}
  t=  11.13  cb_failure         L31-CB0 {'rot': 0.02045}
  t=  11.13  cb_failure         L31-CB2 {'rot': 0.02468}
  t=  11.13  cb_failure         L32-CB0 {'rot': 0.02023}
  t=  11.13  cb_failure         L32-CB2 {'rot': 0.02441}
  t=  11.13  cb_failure         L33-CB0 {'rot': 0.02012}
  t=  11.13  cb_failure         L33-CB2 {'rot': 0.02427}
  t=  17.00  cb_failure         L6-CB0 {'rot': 0.01874}
  t=  17.25  cb_failure         L5-CB0 {'rot': 0.01872}
  t=  17.50  cb_failure         L4-CB0 {'rot': 0.01922}
  t=  17.50  cb_failure         L4-CB1 {'rot': 0.02058}
  t=  17.63  cb_failure         L3-CB1 {'rot': 0.01916}
  progress t=  20.0s  max corner drift so far=0.0095  wall clock=325s
  t=  20.12  cb_failure         L4-CB3 {'rot': 0.01896}
  t=  20.12  cb_failure         L5-CB2 {'rot': 0.01864}
  t=  20.25  cb_failure         L4-CB2 {'rot': 0.01882}
  t=  20.37  cb_failure         L3-CB3 {'rot': 0.01933}
  t=  30.00  cb_failure         L3-CB0 {'rot': 0.01886}
  progress t=  30.0s  max corner drift so far=0.0108  wall clock=490s
  progress t=  40.0s  max corner drift so far=0.0108  wall clock=651s
  t=  43.00  cb_failure         L3-CB2 {'rot': 0.01914}
  t=  43.25  cb_failure         L2-CB2 {'rot': 0.01886}
  t=  43.25  cb_failure         L2-CB3 {'rot': 0.01833}
  progress t=  50.0s  max corner drift so far=0.0115  wall clock=815s
  progress t=  60.0s  max corner drift so far=0.0133  wall clock=983s
  progress t=  70.0s  max corner drift so far=0.0133  wall clock=1143s
  progress t=  80.0s  max corner drift so far=0.0133  wall clock=1305s
  progress t=  90.0s  max corner drift so far=0.0133  wall clock=1462s
  progress t= 100.0s  max corner drift so far=0.0133  wall clock=1620s
