  t=   1.90  cb_yield           L5-CB1 {'rot': 0.00423}
  t=   1.90  cb_yield           L5-CB2 {'rot': 0.00418}
  t=   1.90  cb_yield           L5-CB3 {'rot': 0.00433}
  t=   1.90  cb_yield           L6-CB0 {'rot': 0.00416}
  t=   1.90  cb_yield           L6-CB1 {'rot': 0.00433}
  t=   1.90  cb_yield           L6-CB2 {'rot': 0.00427}
  t=   1.90  cb_yield           L6-CB3 {'rot': 0.00445}
  t=   1.90  cb_yield           L7-CB0 {'rot': 0.00413}
  t=   1.90  cb_yield           L7-CB1 {'rot': 0.00431}
  t=   1.90  cb_yield           L7-CB2 {'rot': 0.00424}
  t=   1.90  cb_yield           L7-CB3 {'rot': 0.00444}
  t=   1.90  cb_yield           L8-CB1 {'rot': 0.0042}
  t=   1.90  cb_yield           L8-CB3 {'rot': 0.00432}
  t=   1.90  cb_yield           L9-CB3 {'rot': 0.00413}
  t=   1.95  cb_yield           L4-CB1 {'rot': 0.00419}
  t=   1.95  cb_yield           L4-CB2 {'rot': 0.00413}
  t=   1.95  cb_yield           L4-CB3 {'rot': 0.00428}
  t=   1.95  cb_yield           L5-CB0 {'rot': 0.00436}
  t=   1.95  cb_yield           L8-CB0 {'rot': 0.00442}
  t=   1.95  cb_yield           L8-CB2 {'rot': 0.00453}
  t=   1.95  cb_yield           L9-CB0 {'rot': 0.00423}
  t=   1.95  cb_yield           L9-CB1 {'rot': 0.00448}
  t=   1.95  cb_yield           L9-CB2 {'rot': 0.00434}
  t=   1.95  cb_yield           L10-CB1 {'rot': 0.00425}
  t=   1.95  cb_yield           L10-CB3 {'rot': 0.00438}
  t=   2.00  cb_yield           L4-CB0 {'rot': 0.0042}
  t=   2.00  cb_yield           L10-CB0 {'rot': 0.00441}
  t=   2.00  cb_yield           L10-CB2 {'rot': 0.00453}
  t=   2.00  cb_yield           L11-CB0 {'rot': 0.00413}
  t=   2.00  cb_yield           L11-CB1 {'rot': 0.00444}
  t=   2.00  cb_yield           L11-CB2 {'rot': 0.00425}
  t=   2.00  cb_yield           L11-CB3 {'rot': 0.00458}
  t=   2.00  cb_yield           L12-CB1 {'rot': 0.00414}
  t=   2.00  cb_yield           L12-CB3 {'rot': 0.00428}
  t=   2.05  cb_yield           L12-CB0 {'rot': 0.00424}
  t=   2.05  cb_yield           L12-CB2 {'rot': 0.00437}
  t=   2.05  cb_yield           L13-CB1 {'rot': 0.00427}
  t=   2.05  cb_yield           L13-CB3 {'rot': 0.00442}
  t=   2.10  cb_yield           L13-CB0 {'rot': 0.00434}
  t=   2.10  cb_yield           L13-CB2 {'rot': 0.00447}
  t=   2.10  cb_yield           L14-CB1 {'rot': 0.00441}
  t=   2.10  cb_yield           L14-CB2 {'rot': 0.00414}
  t=   2.10  cb_yield           L14-CB3 {'rot': 0.00456}
  t=   2.10  cb_yield           L15-CB3 {'rot': 0.00423}
  t=   2.15  cb_yield           L14-CB0 {'rot': 0.0044}
  t=   2.15  cb_yield           L15-CB1 {'rot': 0.0045}
  t=   2.15  cb_yield           L15-CB2 {'rot': 0.0042}
  t=   2.15  cb_yield           L16-CB1 {'rot': 0.00416}
  t=   2.15  cb_yield           L16-CB3 {'rot': 0.00433}
  t=   2.20  cb_yield           L15-CB0 {'rot': 0.00438}
  t=   2.20  cb_yield           L16-CB2 {'rot': 0.00419}
  t=   2.25  cb_yield           L16-CB0 {'rot': 0.0043}
  t=   2.25  cb_yield           L17-CB3 {'rot': 0.0046}
  t=   2.30  cb_yield           L17-CB1 {'rot': 0.00471}
  t=   2.30  cb_yield           L18-CB3 {'rot': 0.00458}
  t=   2.35  cb_yield           L17-CB2 {'rot': 0.00469}
  t=   2.35  cb_yield           L18-CB1 {'rot': 0.00476}
  t=   2.35  cb_yield           L19-CB3 {'rot': 0.00473}
  t=   2.40  cb_yield           L17-CB0 {'rot': 0.00479}
  t=   2.40  cb_yield           L18-CB0 {'rot': 0.00457}
  t=   2.40  cb_yield           L18-CB2 {'rot': 0.00482}
  t=   2.40  cb_yield           L19-CB1 {'rot': 0.005}
  t=   2.40  cb_yield           L19-CB2 {'rot': 0.00462}
  t=   2.40  cb_yield           L20-CB1 {'rot': 0.00478}
  t=   2.40  cb_yield           L20-CB3 {'rot': 0.00509}
  t=   2.40  cb_yield           L21-CB1 {'rot': 0.00455}
  t=   2.40  cb_yield           L21-CB3 {'rot': 0.00488}
  t=   2.40  cb_yield           L22-CB3 {'rot': 0.00467}
  t=   2.45  cb_yield           L19-CB0 {'rot': 0.00486}
  t=   2.45  cb_yield           L20-CB0 {'rot': 0.00468}
  t=   2.45  cb_yield           L20-CB2 {'rot': 0.00501}
  t=   2.45  cb_yield           L21-CB2 {'rot': 0.00482}
  t=   2.45  cb_yield           L22-CB1 {'rot': 0.00504}
  t=   2.45  cb_yield           L22-CB2 {'rot': 0.00461}
  t=   2.45  cb_yield           L23-CB1 {'rot': 0.00479}
  t=   2.45  cb_yield           L23-CB3 {'rot': 0.00518}
  t=   2.45  cb_yield           L24-CB3 {'rot': 0.00492}
  t=   2.45  cb_yield           L25-CB3 {'rot': 0.00465}
  t=   2.50  cb_yield           L21-CB0 {'rot': 0.00512}
  t=   2.50  cb_yield           L22-CB0 {'rot': 0.00488}
  t=   2.50  cb_yield           L23-CB0 {'rot': 0.0046}
  t=   2.50  cb_yield           L23-CB2 {'rot': 0.00501}
  t=   2.50  cb_yield           L24-CB1 {'rot': 0.00519}
  t=   2.50  cb_yield           L24-CB2 {'rot': 0.0047}
  t=   2.50  cb_yield           L25-CB1 {'rot': 0.00484}
  t=   2.50  cb_yield           L26-CB3 {'rot': 0.00493}
  t=   2.50  cb_yield           L27-CB3 {'rot': 0.00457}
  t=   2.55  cb_yield           L24-CB0 {'rot': 0.00483}
  t=   2.55  cb_yield           L25-CB2 {'rot': 0.00487}
  t=   2.55  cb_yield           L26-CB1 {'rot': 0.00498}
  t=   2.55  cb_yield           L28-CB3 {'rot': 0.00458}
  t=   2.60  cb_yield           L25-CB0 {'rot': 0.00489}
  t=   2.60  cb_yield           L26-CB2 {'rot': 0.00483}
  t=   2.60  cb_yield           L27-CB1 {'rot': 0.00492}
  t=   2.65  cb_yield           L26-CB0 {'rot': 0.00473}
  t=   2.65  cb_yield           L27-CB2 {'rot': 0.00458}
  t=   2.65  cb_yield           L28-CB1 {'rot': 0.00465}
  t=   2.70  cb_yield           L29-CB3 {'rot': 0.00458}
  t=   3.60  cb_yield           L27-CB0 {'rot': 0.00502}
  t=   3.60  cb_yield           L28-CB2 {'rot': 0.00478}
  t=   3.65  cb_yield           L28-CB0 {'rot': 0.00494}
  t=   4.15  cb_yield           L3-CB0 {'rot': 0.00464}
  t=   4.15  cb_yield           L3-CB1 {'rot': 0.00442}
  t=   4.20  cb_yield           L2-CB0 {'rot': 0.00436}
  t=   4.20  cb_yield           L2-CB1 {'rot': 0.00414}
  t=   4.20  cb_yield           L3-CB2 {'rot': 0.0047}
  t=   4.20  cb_yield           L3-CB3 {'rot': 0.00449}
  t=   4.25  cb_yield           L2-CB2 {'rot': 0.00441}
  t=   4.25  cb_yield           L2-CB3 {'rot': 0.0042}
  t=   4.40  cb_yield           L30-CB3 {'rot': 0.00461}
  t=   4.45  cb_yield           L1-CB0 {'rot': 0.00418}
  t=   4.45  cb_yield           L31-CB3 {'rot': 0.0046}
  t=   7.90  cb_yield           L1-CB1 {'rot': 0.0042}
  t=   8.15  cb_yield           L1-CB3 {'rot': 0.00425}
  t=   8.15  cb_yield           L29-CB1 {'rot': 0.00477}
  t=   8.20  cb_yield           L1-CB2 {'rot': 0.00433}
  t=   8.20  cb_failure         L8-CB1 {'rot': 0.01852}
  t=   8.20  cb_failure         L9-CB0 {'rot': 0.01812}
  t=   8.20  cb_failure         L9-CB1 {'rot': 0.01899}
  t=   8.20  cb_failure         L10-CB0 {'rot': 0.01824}
  t=   8.20  cb_failure         L10-CB1 {'rot': 0.01918}
  t=   8.20  cb_failure         L11-CB0 {'rot': 0.01813}
  t=   8.20  cb_failure         L11-CB1 {'rot': 0.01913}
  t=   8.20  cb_failure         L12-CB1 {'rot': 0.01886}
  t=   8.20  cb_failure         L13-CB1 {'rot': 0.01838}
  t=   8.20  cb_yield           L30-CB1 {'rot': 0.00487}
  t=   8.20  cb_yield           L31-CB1 {'rot': 0.00469}
  t=   8.20  cb_yield           L32-CB1 {'rot': 0.00458}
  t=   8.25  cb_failure         L7-CB1 {'rot': 0.01882}
  t=   8.25  cb_failure         L8-CB0 {'rot': 0.01871}
  t=   8.25  cb_failure         L12-CB0 {'rot': 0.01907}
  t=   8.25  cb_failure         L13-CB0 {'rot': 0.0185}
  t=   8.25  cb_failure         L14-CB1 {'rot': 0.01888}
  t=   8.25  cb_yield           L33-CB1 {'rot': 0.00489}
  t=   8.30  cb_failure         L6-CB1 {'rot': 0.01871}
  t=   8.30  cb_failure         L7-CB0 {'rot': 0.01887}
  t=   8.30  cb_failure         L7-CB3 {'rot': 0.01811}
  t=   8.30  cb_failure         L8-CB3 {'rot': 0.01864}
  t=   8.30  cb_failure         L9-CB3 {'rot': 0.0188}
  t=   8.30  cb_failure         L10-CB3 {'rot': 0.01865}
  t=   8.30  cb_failure         L11-CB3 {'rot': 0.01823}
  t=   8.30  cb_failure         L14-CB0 {'rot': 0.01881}
  t=   8.30  cb_failure         L15-CB1 {'rot': 0.01913}
  t=   8.35  cb_failure         L5-CB1 {'rot': 0.01814}
  t=   8.35  cb_failure         L6-CB0 {'rot': 0.01873}
  t=   8.35  cb_failure         L6-CB3 {'rot': 0.01841}
  t=   8.35  cb_failure         L7-CB2 {'rot': 0.01821}
  t=   8.35  cb_failure         L8-CB2 {'rot': 0.01866}
  t=   8.35  cb_failure         L9-CB2 {'rot': 0.0187}
  t=   8.35  cb_failure         L10-CB2 {'rot': 0.01843}
  t=   8.35  cb_failure         L12-CB3 {'rot': 0.01883}
  t=   8.35  cb_failure         L15-CB0 {'rot': 0.01868}
  t=   8.35  cb_failure         L16-CB1 {'rot': 0.0189}
  t=   8.40  cb_failure         L6-CB2 {'rot': 0.01846}
  t=   8.40  cb_failure         L11-CB2 {'rot': 0.01906}
  t=   8.40  cb_failure         L12-CB2 {'rot': 0.0182}
  t=   8.40  cb_failure         L13-CB3 {'rot': 0.01898}
  t=   8.45  cb_failure         L5-CB0 {'rot': 0.01906}
  t=   8.45  cb_failure         L5-CB3 {'rot': 0.01888}
  t=   8.45  cb_failure         L13-CB2 {'rot': 0.01811}
  t=   8.45  cb_failure         L14-CB3 {'rot': 0.0188}
  t=   8.45  cb_failure         L16-CB0 {'rot': 0.01839}
  t=   8.50  cb_failure         L4-CB1 {'rot': 0.01838}
  t=   8.50  cb_failure         L5-CB2 {'rot': 0.01845}
  t=   8.50  cb_failure         L15-CB3 {'rot': 0.01832}
  t=   8.50  cb_failure         L17-CB1 {'rot': 0.01857}
  t=   8.55  cb_failure         L14-CB2 {'rot': 0.01897}
  t=   8.60  cb_failure         L4-CB0 {'rot': 0.01839}
  t=   8.60  cb_failure         L15-CB2 {'rot': 0.01846}
  t=   8.60  cb_failure         L16-CB3 {'rot': 0.01885}
  t=   8.70  cb_failure         L16-CB2 {'rot': 0.01923}
  t=   8.70  cb_failure         L17-CB0 {'rot': 0.0195}
  t=   8.70  cb_failure         L17-CB3 {'rot': 0.01921}
  t=   8.70  cb_failure         L18-CB1 {'rot': 0.01896}
  t=   8.80  cb_failure         L17-CB2 {'rot': 0.02013}
  t=   8.80  cb_failure         L18-CB0 {'rot': 0.01912}
  t=   8.80  cb_failure         L18-CB3 {'rot': 0.02018}
  t=   8.80  cb_failure         L19-CB1 {'rot': 0.01859}
  t=   8.85  cb_failure         L18-CB2 {'rot': 0.01977}
  t=   8.85  cb_failure         L19-CB3 {'rot': 0.01979}
  t=   8.90  cb_failure         L19-CB0 {'rot': 0.01893}
  t=   8.90  cb_failure         L19-CB2 {'rot': 0.01955}
  t=   8.90  cb_failure         L20-CB3 {'rot': 0.01951}
  t=   8.95  cb_failure         L20-CB1 {'rot': 0.01981}
  t=   8.95  cb_failure         L20-CB2 {'rot': 0.01933}
  t=   8.95  cb_failure         L21-CB3 {'rot': 0.01924}
  t=   8.95  cb_yield           L32-CB3 {'rot': 0.00535}
  t=   8.95  cb_yield           L33-CB3 {'rot': 0.00524}
  t=   9.00  cb_failure         L20-CB0 {'rot': 0.01877}
  t=   9.00  cb_failure         L21-CB2 {'rot': 0.01894}
  t=   9.00  cb_failure         L22-CB3 {'rot': 0.01887}
  t=   9.05  cb_failure         L21-CB1 {'rot': 0.01954}
  t=   9.05  cb_yield           L29-CB2 {'rot': 0.00499}
  t=   9.10  cb_failure         L22-CB2 {'rot': 0.02044}
  t=   9.10  cb_failure         L23-CB3 {'rot': 0.02041}
  t=   9.10  cb_yield           L30-CB2 {'rot': 0.0052}
  t=   9.10  cb_yield           L31-CB2 {'rot': 0.00476}
  t=   9.15  cb_failure         L21-CB0 {'rot': 0.01924}
  t=   9.15  cb_failure         L22-CB1 {'rot': 0.01904}
  t=   9.15  cb_failure         L23-CB2 {'rot': 0.01984}
  t=   9.15  cb_failure         L24-CB3 {'rot': 0.01984}
  t=   9.15  cb_yield           L32-CB2 {'rot': 0.00537}
  t=   9.15  cb_yield           L33-CB2 {'rot': 0.00523}
  t=   9.20  cb_failure         L24-CB2 {'rot': 0.01935}
  t=   9.20  cb_failure         L25-CB3 {'rot': 0.01943}
  t=   9.25  cb_failure         L22-CB0 {'rot': 0.01876}
  t=   9.25  cb_failure         L23-CB1 {'rot': 0.01928}
  t=   9.25  cb_failure         L25-CB2 {'rot': 0.01886}
  t=   9.25  cb_failure         L26-CB3 {'rot': 0.01919}
  t=   9.30  cb_failure         L27-CB3 {'rot': 0.01924}
  t=   9.35  cb_failure         L24-CB1 {'rot': 0.01998}
  t=   9.35  cb_failure         L26-CB2 {'rot': 0.0205}
  t=   9.35  cb_failure         L28-CB3 {'rot': 0.01955}
  t=   9.35  cb_yield           L29-CB0 {'rot': 0.00629}
  t=   9.35  cb_yield           L30-CB0 {'rot': 0.00464}
  t=   9.40  cb_failure         L23-CB0 {'rot': 0.01905}
  t=   9.40  cb_failure         L25-CB1 {'rot': 0.02019}
  t=   9.40  cb_failure         L26-CB1 {'rot': 0.01859}
  t=   9.40  cb_failure         L27-CB2 {'rot': 0.02016}
  t=   9.40  cb_failure         L29-CB3 {'rot': 0.02014}
  t=   9.40  cb_failure         L30-CB3 {'rot': 0.01861}
  t=   9.40  cb_yield           L31-CB0 {'rot': 0.00567}
  t=   9.40  cb_yield           L32-CB0 {'rot': 0.00477}
  t=   9.45  cb_failure         L24-CB0 {'rot': 0.01871}
  t=   9.45  cb_failure         L27-CB1 {'rot': 0.01972}
  t=   9.45  cb_failure         L28-CB2 {'rot': 0.01958}
  t=   9.45  cb_failure         L31-CB3 {'rot': 0.02006}
  t=   9.45  cb_failure         L32-CB3 {'rot': 0.01945}
  t=   9.45  cb_yield           L33-CB0 {'rot': 0.00754}
  t=   9.45  cb_failure         L33-CB3 {'rot': 0.01925}
  t=   9.50  cb_failure         L25-CB0 {'rot': 0.01902}
  t=   9.50  cb_failure         L28-CB1 {'rot': 0.02089}
  t=   9.50  cb_failure         L29-CB1 {'rot': 0.01986}
  t=   9.50  cb_failure         L29-CB2 {'rot': 0.01987}
  t=   9.50  cb_failure         L30-CB1 {'rot': 0.01892}
  t=   9.50  cb_failure         L30-CB2 {'rot': 0.01887}
  t=   9.55  cb_failure         L26-CB0 {'rot': 0.02026}
  t=   9.55  cb_failure         L27-CB0 {'rot': 0.01971}
  t=   9.55  cb_failure         L28-CB0 {'rot': 0.01923}
  t=   9.55  cb_failure         L29-CB0 {'rot': 0.01882}
  t=   9.55  cb_failure         L31-CB1 {'rot': 0.02187}
  t=   9.55  cb_failure         L31-CB2 {'rot': 0.02174}
  t=   9.55  cb_failure         L32-CB1 {'rot': 0.02163}
  t=   9.55  cb_failure         L32-CB2 {'rot': 0.02149}
  t=   9.55  cb_failure         L33-CB1 {'rot': 0.02154}
  t=   9.55  cb_failure         L33-CB2 {'rot': 0.02139}
  t=   9.60  cb_failure         L30-CB0 {'rot': 0.02199}
  t=   9.60  cb_failure         L31-CB0 {'rot': 0.02185}
  t=   9.60  cb_failure         L32-CB0 {'rot': 0.02168}
  t=   9.60  cb_failure         L33-CB0 {'rot': 0.02159}
  t=   9.70  cb_failure         L4-CB3 {'rot': 0.01876}
  t=   9.75  cb_failure         L4-CB2 {'rot': 0.01837}
  progress t=  10.0s  max corner drift so far=0.0062  wall clock=292s
  t=  12.10  cb_failure         L3-CB2 {'rot': 0.01812}
  t=  17.45  cb_failure         L3-CB1 {'rot': 0.01996}
  t=  17.55  cb_failure         L2-CB1 {'rot': 0.02079}
  t=  17.60  cb_failure         L3-CB0 {'rot': 0.01888}
  t=  17.85  cb_failure         L2-CB0 {'rot': 0.01815}
  progress t=  20.0s  max corner drift so far=0.0166  wall clock=598s
  t=  20.10  cb_failure         L3-CB3 {'rot': 0.01827}
  t=  20.35  cb_failure         L2-CB3 {'rot': 0.01828}
  t=  21.35  cb_failure         L2-CB2 {'rot': 0.01815}
  progress t=  30.0s  max corner drift so far=0.0186  wall clock=906s
  t=  30.10  cb_failure         L1-CB0 {'rot': 0.01837}
  progress t=  40.0s  max corner drift so far=0.0186  wall clock=1222s
  t=  42.95  cb_failure         L1-CB3 {'rot': 0.01897}
  t=  43.05  cb_failure         L1-CB2 {'rot': 0.01983}
  t=  43.15  cb_failure         L1-CB1 {'rot': 0.01824}
  t=  44.65  punching           L29-col23 {'drift': np.float64(0.0203), 'vg_vc': 0.402, 'conn': 'column'}
  t=  44.65  punching           L30-col23 {'drift': np.float64(0.0203), 'vg_vc': 0.401, 'conn': 'column'}
  t=  44.66  punching           L31-col23 {'drift': np.float64(0.0204), 'vg_vc': 0.395, 'conn': 'column'}
  t=  44.67  punching           L29-col22 {'drift': np.float64(0.0218), 'vg_vc': 0.368, 'conn': 'column'}
  t=  44.67  punching           L30-col22 {'drift': np.float64(0.0218), 'vg_vc': 0.367, 'conn': 'column'}
  t=  44.68  punching           L31-col22 {'drift': np.float64(0.0218), 'vg_vc': 0.365, 'conn': 'column'}
  t=  44.69  punching           L32-col23 {'drift': np.float64(0.0207), 'vg_vc': 0.388, 'conn': 'column'}
  t=  44.70  punching           L29-col17 {'drift': np.float64(0.0213), 'vg_vc': 0.398, 'conn': 'column'}
  t=  44.70  punching           L29-col18 {'drift': np.float64(0.0202), 'vg_vc': 0.402, 'conn': 'column'}
  t=  44.70  punching           L30-col17 {'drift': np.float64(0.0212), 'vg_vc': 0.406, 'conn': 'column'}
  t=  44.70  punching           L30-col18 {'drift': np.float64(0.0201), 'vg_vc': 0.406, 'conn': 'column'}
  t=  44.70  punching           L31-col17 {'drift': np.float64(0.0209), 'vg_vc': 0.431, 'conn': 'column'}
  t=  44.70  punching           L32-col22 {'drift': np.float64(0.0218), 'vg_vc': 0.415, 'conn': 'column'}
  t=  44.70  punching           L33-col14 {'drift': np.float64(0.0185), 'vg_vc': 0.434, 'conn': 'column'}
  t=  44.71  punching           L29-col14 {'drift': np.float64(0.0194), 'vg_vc': 0.413, 'conn': 'column'}
  t=  44.72  punching           L30-col14 {'drift': np.float64(0.0195), 'vg_vc': 0.412, 'conn': 'column'}
  t=  44.75  punching           L30-col11 {'drift': np.float64(0.0178), 'vg_vc': 0.454, 'conn': 'column'}
  t=  44.75  punching           L31-col14 {'drift': np.float64(0.0196), 'vg_vc': 0.416, 'conn': 'column'}
  t=  44.75  punching           L31-col18 {'drift': np.float64(0.0206), 'vg_vc': 0.455, 'conn': 'column'}
  t=  44.75  punching           L32-col14 {'drift': np.float64(0.0194), 'vg_vc': 0.431, 'conn': 'column'}
  t=  44.75  punching           L32-col17 {'drift': np.float64(0.0214), 'vg_vc': 0.405, 'conn': 'column'}
  t=  44.75  punching           L33-col11 {'drift': np.float64(0.0172), 'vg_vc': 0.457, 'conn': 'column'}
  t=  44.75  column_axial_failure S33-C14 {'eps': -0.44658}
