  t=   1.87  cb_yield           L4-CB1 {'rot': 0.00416}
  t=   1.87  cb_yield           L4-CB3 {'rot': 0.00426}
  t=   1.87  cb_yield           L5-CB0 {'rot': 0.00425}
  t=   1.87  cb_yield           L5-CB1 {'rot': 0.00444}
  t=   1.87  cb_yield           L5-CB2 {'rot': 0.00435}
  t=   1.87  cb_yield           L5-CB3 {'rot': 0.00455}
  t=   1.87  cb_yield           L6-CB0 {'rot': 0.00434}
  t=   1.87  cb_yield           L6-CB1 {'rot': 0.00456}
  t=   1.87  cb_yield           L6-CB2 {'rot': 0.00446}
  t=   1.87  cb_yield           L6-CB3 {'rot': 0.00469}
  t=   1.87  cb_yield           L7-CB0 {'rot': 0.00431}
  t=   1.87  cb_yield           L7-CB1 {'rot': 0.00455}
  t=   1.87  cb_yield           L7-CB2 {'rot': 0.00443}
  t=   1.87  cb_yield           L7-CB3 {'rot': 0.00468}
  t=   1.87  cb_yield           L8-CB0 {'rot': 0.00418}
  t=   1.87  cb_yield           L8-CB1 {'rot': 0.00444}
  t=   1.87  cb_yield           L8-CB2 {'rot': 0.0043}
  t=   1.87  cb_yield           L8-CB3 {'rot': 0.00457}
  t=   1.87  cb_yield           L9-CB1 {'rot': 0.00424}
  t=   1.87  cb_yield           L9-CB3 {'rot': 0.00437}
  t=   1.87  cb_yield           L10-CB3 {'rot': 0.00412}
  t=   2.00  cb_yield           L3-CB1 {'rot': 0.00411}
  t=   2.00  cb_yield           L3-CB3 {'rot': 0.00417}
  t=   2.00  cb_yield           L4-CB0 {'rot': 0.00456}
  t=   2.00  cb_yield           L4-CB2 {'rot': 0.00463}
  t=   2.00  cb_yield           L9-CB0 {'rot': 0.00523}
  t=   2.00  cb_yield           L9-CB2 {'rot': 0.00535}
  t=   2.00  cb_yield           L10-CB0 {'rot': 0.005}
  t=   2.00  cb_yield           L10-CB1 {'rot': 0.00537}
  t=   2.00  cb_yield           L10-CB2 {'rot': 0.00513}
  t=   2.00  cb_yield           L11-CB0 {'rot': 0.00471}
  t=   2.00  cb_yield           L11-CB1 {'rot': 0.0051}
  t=   2.00  cb_yield           L11-CB2 {'rot': 0.00484}
  t=   2.00  cb_yield           L11-CB3 {'rot': 0.00525}
  t=   2.00  cb_yield           L12-CB0 {'rot': 0.00437}
  t=   2.00  cb_yield           L12-CB1 {'rot': 0.00478}
  t=   2.00  cb_yield           L12-CB2 {'rot': 0.00449}
  t=   2.00  cb_yield           L12-CB3 {'rot': 0.00493}
  t=   2.00  cb_yield           L13-CB1 {'rot': 0.00443}
  t=   2.00  cb_yield           L13-CB2 {'rot': 0.00412}
  t=   2.00  cb_yield           L13-CB3 {'rot': 0.00458}
  t=   2.00  cb_yield           L14-CB3 {'rot': 0.00421}
  t=   2.12  cb_yield           L13-CB0 {'rot': 0.00527}
  t=   2.12  cb_yield           L14-CB0 {'rot': 0.0049}
  t=   2.12  cb_yield           L14-CB1 {'rot': 0.00543}
  t=   2.12  cb_yield           L14-CB2 {'rot': 0.00507}
  t=   2.12  cb_yield           L15-CB0 {'rot': 0.0045}
  t=   2.12  cb_yield           L15-CB1 {'rot': 0.00505}
  t=   2.12  cb_yield           L15-CB2 {'rot': 0.00467}
  t=   2.12  cb_yield           L15-CB3 {'rot': 0.00524}
  t=   2.12  cb_yield           L16-CB1 {'rot': 0.00465}
  t=   2.12  cb_yield           L16-CB2 {'rot': 0.00426}
  t=   2.12  cb_yield           L16-CB3 {'rot': 0.00484}
  t=   2.25  cb_yield           L16-CB0 {'rot': 0.005}
  t=   2.25  cb_yield           L17-CB1 {'rot': 0.00517}
  t=   2.25  cb_yield           L17-CB2 {'rot': 0.00475}
  t=   2.25  cb_yield           L17-CB3 {'rot': 0.00541}
  t=   2.25  cb_yield           L18-CB1 {'rot': 0.00472}
  t=   2.25  cb_yield           L18-CB3 {'rot': 0.00496}
  t=   2.37  cb_yield           L17-CB0 {'rot': 0.00557}
  t=   2.37  cb_yield           L18-CB0 {'rot': 0.0053}
  t=   2.37  cb_yield           L18-CB2 {'rot': 0.0056}
  t=   2.37  cb_yield           L19-CB0 {'rot': 0.00501}
  t=   2.37  cb_yield           L19-CB1 {'rot': 0.00583}
  t=   2.37  cb_yield           L19-CB2 {'rot': 0.00533}
  t=   2.37  cb_yield           L19-CB3 {'rot': 0.00616}
  t=   2.37  cb_yield           L20-CB0 {'rot': 0.0047}
  t=   2.37  cb_yield           L20-CB1 {'rot': 0.00554}
  t=   2.37  cb_yield           L20-CB2 {'rot': 0.00505}
  t=   2.37  cb_yield           L20-CB3 {'rot': 0.00589}
  t=   2.37  cb_yield           L21-CB1 {'rot': 0.00524}
  t=   2.37  cb_yield           L21-CB2 {'rot': 0.00476}
  t=   2.37  cb_yield           L21-CB3 {'rot': 0.00562}
  t=   2.37  cb_yield           L22-CB1 {'rot': 0.00494}
  t=   2.37  cb_yield           L22-CB3 {'rot': 0.00533}
  t=   2.37  cb_yield           L23-CB1 {'rot': 0.00464}
  t=   2.37  cb_yield           L23-CB3 {'rot': 0.00505}
  t=   2.37  cb_yield           L24-CB3 {'rot': 0.00477}
  t=   2.50  cb_yield           L21-CB0 {'rot': 0.00628}
  t=   2.50  cb_yield           L22-CB0 {'rot': 0.00596}
  t=   2.50  cb_yield           L22-CB2 {'rot': 0.00643}
  t=   2.50  cb_yield           L23-CB0 {'rot': 0.00558}
  t=   2.50  cb_yield           L23-CB2 {'rot': 0.00607}
  t=   2.50  cb_yield           L24-CB0 {'rot': 0.00515}
  t=   2.50  cb_yield           L24-CB1 {'rot': 0.00627}
  t=   2.50  cb_yield           L24-CB2 {'rot': 0.00565}
  t=   2.50  cb_yield           L25-CB0 {'rot': 0.00469}
  t=   2.50  cb_yield           L25-CB1 {'rot': 0.00581}
  t=   2.50  cb_yield           L25-CB2 {'rot': 0.0052}
  t=   2.50  cb_yield           L25-CB3 {'rot': 0.00632}
  t=   2.50  cb_yield           L26-CB1 {'rot': 0.00533}
  t=   2.50  cb_yield           L26-CB2 {'rot': 0.00473}
  t=   2.50  cb_yield           L26-CB3 {'rot': 0.00585}
  t=   2.50  cb_yield           L27-CB1 {'rot': 0.00485}
  t=   2.50  cb_yield           L27-CB3 {'rot': 0.00538}
  t=   2.50  cb_yield           L28-CB3 {'rot': 0.00492}
  t=   2.62  cb_yield           L26-CB0 {'rot': 0.00546}
  t=   2.62  cb_yield           L27-CB0 {'rot': 0.00479}
  t=   2.62  cb_yield           L27-CB2 {'rot': 0.00525}
  t=   2.62  cb_yield           L28-CB1 {'rot': 0.00532}
  t=   2.62  cb_yield           L28-CB2 {'rot': 0.00456}
  t=   2.62  cb_yield           L29-CB1 {'rot': 0.00464}
  t=   2.62  cb_yield           L29-CB3 {'rot': 0.00511}
  t=   2.75  cb_yield           L28-CB0 {'rot': 0.00461}
  t=   2.75  cb_yield           L30-CB1 {'rot': 0.00464}
  t=   2.75  cb_yield           L30-CB3 {'rot': 0.00494}
  t=   3.62  cb_yield           L29-CB0 {'rot': 0.00482}
  t=   3.62  cb_yield           L29-CB2 {'rot': 0.00476}
  t=   4.12  cb_yield           L3-CB0 {'rot': 0.00462}
  t=   4.25  cb_yield           L2-CB0 {'rot': 0.00532}
  t=   4.25  cb_yield           L2-CB1 {'rot': 0.00503}
  t=   4.25  cb_yield           L2-CB2 {'rot': 0.00464}
  t=   4.25  cb_yield           L2-CB3 {'rot': 0.00438}
  t=   4.25  cb_yield           L3-CB2 {'rot': 0.00569}
  t=   4.37  cb_yield           L1-CB0 {'rot': 0.00421}
  t=   4.37  cb_yield           L31-CB3 {'rot': 0.00515}
  t=   4.37  cb_yield           L32-CB3 {'rot': 0.00501}
  t=   4.37  cb_yield           L33-CB3 {'rot': 0.00492}
  t=   4.50  cb_yield           L1-CB1 {'rot': 0.00416}
  t=   8.00  cb_yield           L31-CB1 {'rot': 0.00523}
  t=   8.00  cb_yield           L32-CB1 {'rot': 0.00507}
  t=   8.00  cb_yield           L33-CB1 {'rot': 0.00498}
  t=   8.13  cb_yield           L1-CB2 {'rot': 0.00442}
  t=   8.13  cb_yield           L1-CB3 {'rot': 0.00481}
  t=   8.13  cb_failure         L7-CB1 {'rot': 0.01858}
  t=   8.13  cb_failure         L8-CB0 {'rot': 0.01827}
  t=   8.13  cb_failure         L8-CB1 {'rot': 0.01938}
  t=   8.13  cb_failure         L9-CB0 {'rot': 0.01876}
  t=   8.13  cb_failure         L9-CB1 {'rot': 0.01985}
  t=   8.13  cb_failure         L10-CB0 {'rot': 0.01892}
  t=   8.13  cb_failure         L10-CB1 {'rot': 0.02005}
  t=   8.13  cb_failure         L11-CB0 {'rot': 0.0188}
  t=   8.13  cb_failure         L11-CB1 {'rot': 0.02002}
  t=   8.13  cb_failure         L12-CB0 {'rot': 0.01848}
  t=   8.13  cb_failure         L12-CB1 {'rot': 0.01979}
  t=   8.13  cb_failure         L13-CB1 {'rot': 0.01938}
  t=   8.13  cb_failure         L14-CB1 {'rot': 0.01882}
  t=   8.13  cb_failure         L15-CB1 {'rot': 0.01813}
  t=   8.25  cb_failure         L5-CB1 {'rot': 0.01829}
  t=   8.25  cb_failure         L6-CB0 {'rot': 0.01837}
  t=   8.25  cb_failure         L6-CB1 {'rot': 0.02017}
  t=   8.25  cb_failure         L6-CB3 {'rot': 0.01812}
  t=   8.25  cb_failure         L7-CB0 {'rot': 0.01979}
  t=   8.25  cb_failure         L7-CB3 {'rot': 0.01913}
  t=   8.25  cb_failure         L8-CB3 {'rot': 0.01974}
  t=   8.25  cb_failure         L9-CB2 {'rot': 0.01815}
  t=   8.25  cb_failure         L9-CB3 {'rot': 0.01998}
  t=   8.25  cb_failure         L10-CB3 {'rot': 0.01988}
  t=   8.25  cb_failure         L11-CB3 {'rot': 0.0195}
  t=   8.25  cb_failure         L12-CB3 {'rot': 0.01886}
  t=   8.25  cb_failure         L13-CB0 {'rot': 0.02188}
  t=   8.25  cb_failure         L14-CB0 {'rot': 0.0212}
  t=   8.25  cb_failure         L15-CB0 {'rot': 0.02032}
  t=   8.25  cb_failure         L16-CB0 {'rot': 0.01927}
  t=   8.25  cb_failure         L16-CB1 {'rot': 0.02088}
  t=   8.25  cb_failure         L17-CB1 {'rot': 0.01952}
  t=   8.25  cb_yield           L30-CB0 {'rot': 0.00536}
  t=   8.25  cb_yield           L31-CB0 {'rot': 0.00514}
  t=   8.25  cb_yield           L32-CB0 {'rot': 0.00502}
  t=   8.25  cb_yield           L33-CB0 {'rot': 0.00497}
  t=   8.38  cb_failure         L4-CB1 {'rot': 0.01876}
  t=   8.38  cb_failure         L5-CB0 {'rot': 0.01935}
  t=   8.38  cb_failure         L5-CB2 {'rot': 0.01835}
  t=   8.38  cb_failure         L5-CB3 {'rot': 0.01992}
  t=   8.38  cb_failure         L6-CB2 {'rot': 0.01985}
  t=   8.38  cb_failure         L7-CB2 {'rot': 0.02085}
  t=   8.38  cb_failure         L8-CB2 {'rot': 0.02138}
  t=   8.38  cb_failure         L10-CB2 {'rot': 0.02132}
  t=   8.38  cb_failure         L11-CB2 {'rot': 0.02082}
  t=   8.38  cb_failure         L12-CB2 {'rot': 0.02008}
  t=   8.38  cb_failure         L13-CB2 {'rot': 0.01909}
  t=   8.38  cb_failure         L13-CB3 {'rot': 0.02164}
  t=   8.38  cb_failure         L14-CB3 {'rot': 0.02048}
  t=   8.38  cb_failure         L15-CB3 {'rot': 0.0191}
  t=   8.38  cb_failure         L17-CB0 {'rot': 0.01996}
  t=   8.38  cb_failure         L18-CB1 {'rot': 0.0202}
  t=   8.38  cb_failure         L19-CB1 {'rot': 0.01855}
  t=   8.50  cb_failure         L4-CB0 {'rot': 0.01929}
  t=   8.50  cb_failure         L4-CB2 {'rot': 0.01812}
  t=   8.50  cb_failure         L4-CB3 {'rot': 0.01957}
  t=   8.50  cb_failure         L14-CB2 {'rot': 0.0208}
  t=   8.50  cb_failure         L15-CB2 {'rot': 0.01925}
  t=   8.50  cb_failure         L16-CB3 {'rot': 0.02056}
  t=   8.50  cb_failure         L18-CB0 {'rot': 0.01889}
  t=   8.63  cb_failure         L3-CB1 {'rot': 0.01823}
  t=   8.63  cb_failure         L16-CB2 {'rot': 0.02086}
  t=   8.63  cb_failure         L17-CB3 {'rot': 0.02174}
  t=   8.63  cb_failure         L18-CB3 {'rot': 0.01926}
  t=   8.63  cb_failure         L20-CB1 {'rot': 0.01856}
  t=   8.75  cb_failure         L17-CB2 {'rot': 0.02293}
  t=   8.75  cb_failure         L18-CB2 {'rot': 0.02081}
  t=   8.75  cb_failure         L19-CB0 {'rot': 0.02007}
  t=   8.75  cb_failure         L19-CB3 {'rot': 0.02182}
  t=   8.75  cb_failure         L20-CB3 {'rot': 0.01939}
  t=   8.88  cb_failure         L19-CB2 {'rot': 0.02391}
  t=   8.88  cb_failure         L20-CB0 {'rot': 0.02046}
  t=   8.88  cb_failure         L20-CB2 {'rot': 0.02177}
  t=   8.88  cb_failure         L21-CB1 {'rot': 0.02125}
  t=   8.88  cb_failure         L21-CB2 {'rot': 0.01939}
  t=   8.88  cb_failure         L21-CB3 {'rot': 0.02315}
  t=   8.88  cb_failure         L22-CB1 {'rot': 0.01855}
  t=   8.88  cb_failure         L22-CB3 {'rot': 0.02074}
  t=   9.00  cb_failure         L21-CB0 {'rot': 0.02121}
  t=   9.00  cb_failure         L22-CB2 {'rot': 0.02314}
  t=   9.00  cb_failure         L23-CB1 {'rot': 0.01871}
  t=   9.00  cb_failure         L23-CB2 {'rot': 0.02047}
  t=   9.00  cb_failure         L23-CB3 {'rot': 0.02448}
  t=   9.00  cb_failure         L24-CB3 {'rot': 0.02179}
  t=   9.00  cb_failure         L25-CB3 {'rot': 0.0192}
  t=   9.00  cb_yield           L30-CB2 {'rot': 0.00674}
  t=   9.00  cb_yield           L31-CB2 {'rot': 0.00617}
  t=   9.00  cb_yield           L32-CB2 {'rot': 0.00585}
  t=   9.00  cb_yield           L33-CB2 {'rot': 0.00573}
  t=   9.13  cb_failure         L22-CB0 {'rot': 0.02156}
  t=   9.13  cb_failure         L23-CB0 {'rot': 0.01857}
  t=   9.13  cb_failure         L24-CB1 {'rot': 0.01941}
  t=   9.13  cb_failure         L24-CB2 {'rot': 0.02389}
  t=   9.13  cb_failure         L25-CB2 {'rot': 0.02128}
  t=   9.13  cb_failure         L26-CB2 {'rot': 0.01878}
  t=   9.13  cb_failure         L26-CB3 {'rot': 0.02294}
  t=   9.13  cb_failure         L27-CB3 {'rot': 0.02087}
  t=   9.13  cb_failure         L28-CB3 {'rot': 0.01921}
  t=   9.25  cb_failure         L24-CB0 {'rot': 0.02127}
  t=   9.25  cb_failure         L25-CB0 {'rot': 0.01894}
  t=   9.25  cb_failure         L25-CB1 {'rot': 0.02277}
  t=   9.25  cb_failure         L26-CB1 {'rot': 0.02038}
  t=   9.25  cb_failure         L27-CB2 {'rot': 0.02497}
  t=   9.25  cb_failure         L28-CB2 {'rot': 0.02312}
  t=   9.25  cb_failure         L29-CB2 {'rot': 0.02144}
  t=   9.25  cb_failure         L29-CB3 {'rot': 0.02516}
  t=   9.25  cb_failure         L30-CB2 {'rot': 0.02004}
  t=   9.25  cb_failure         L30-CB3 {'rot': 0.02387}
  t=   9.25  cb_failure         L31-CB2 {'rot': 0.01904}
  t=   9.25  cb_failure         L31-CB3 {'rot': 0.02298}
  t=   9.25  cb_failure         L32-CB3 {'rot': 0.02251}
  t=   9.25  cb_failure         L33-CB3 {'rot': 0.02233}
  t=   9.38  cb_failure         L26-CB0 {'rot': 0.0245}
  t=   9.38  cb_failure         L27-CB0 {'rot': 0.02337}
  t=   9.38  cb_failure         L27-CB1 {'rot': 0.02703}
  t=   9.38  cb_failure         L28-CB0 {'rot': 0.02223}
  t=   9.38  cb_failure         L28-CB1 {'rot': 0.02591}
  t=   9.38  cb_failure         L29-CB0 {'rot': 0.02114}
  t=   9.38  cb_failure         L29-CB1 {'rot': 0.02484}
  t=   9.38  cb_failure         L30-CB0 {'rot': 0.02022}
  t=   9.38  cb_failure         L30-CB1 {'rot': 0.02393}
  t=   9.38  cb_failure         L31-CB0 {'rot': 0.01956}
  t=   9.38  cb_failure         L31-CB1 {'rot': 0.02331}
  t=   9.38  cb_failure         L32-CB0 {'rot': 0.01918}
  t=   9.38  cb_failure         L32-CB1 {'rot': 0.02298}
  t=   9.38  cb_failure         L32-CB2 {'rot': 0.02868}
  t=   9.38  cb_failure         L33-CB0 {'rot': 0.01907}
  t=   9.38  cb_failure         L33-CB1 {'rot': 0.02288}
  t=   9.38  cb_failure         L33-CB2 {'rot': 0.02855}
  t=   9.63  cb_failure         L3-CB3 {'rot': 0.01863}
  t=   9.88  cb_failure         L3-CB2 {'rot': 0.01923}
  progress t=  10.0s  max corner drift so far=0.0080  wall clock=143s
  t=  16.38  cb_failure         L2-CB2 {'rot': 0.02009}
  t=  17.50  cb_failure         L2-CB1 {'rot': 0.02041}
  t=  17.63  cb_failure         L1-CB1 {'rot': 0.02052}
  t=  17.63  cb_failure         L3-CB0 {'rot': 0.01993}
  progress t=  20.0s  max corner drift so far=0.0162  wall clock=327s
  t=  20.12  cb_failure         L2-CB3 {'rot': 0.02034}
  t=  20.62  cb_failure         L1-CB3 {'rot': 0.01867}
  t=  29.87  cb_failure         L2-CB0 {'rot': 0.02359}
  t=  30.00  cb_failure         L1-CB0 {'rot': 0.01932}
  progress t=  30.0s  max corner drift so far=0.0213  wall clock=507s
  t=  35.87  cb_failure         L1-CB2 {'rot': 0.01823}
  t=  39.27  punching           L29-col16 {'drift': np.float64(0.0204), 'vg_vc': 0.392, 'conn': 'column'}
  t= 39.275  solver fallback: Newton
  t=  39.30  punching           L30-col16 {'drift': np.float64(0.0206), 'vg_vc': 0.392, 'conn': 'column'}
  t=  39.30  punching           L31-col16 {'drift': np.float64(0.0205), 'vg_vc': 0.391, 'conn': 'column'}
  t=  39.32  punching           L32-col16 {'drift': np.float64(0.0205), 'vg_vc': 0.39, 'conn': 'column'}
  t=  39.35  punching           L29-col13 {'drift': np.float64(0.0178), 'vg_vc': 0.445, 'conn': 'column'}
  t=  39.37  punching           L29-col17 {'drift': np.float64(0.0203), 'vg_vc': 0.403, 'conn': 'column'}
  t=  39.37  punching           L32-col17 {'drift': np.float64(0.0198), 'vg_vc': 0.504, 'conn': 'column'}
  t=  39.37  punching           L33-col13 {'drift': np.float64(0.0173), 'vg_vc': 0.495, 'conn': 'column'}
  t=  39.37  punching           L33-col17 {'drift': np.float64(0.0196), 'vg_vc': 0.415, 'conn': 'column'}
  t=  39.50  punching           L29-col14 {'drift': np.float64(0.017), 'vg_vc': 0.486, 'conn': 'column'}
  t=  39.50  punching           L30-col13 {'drift': np.float64(0.0179), 'vg_vc': 0.704, 'conn': 'column'}
  t=  39.50  punching           L31-col13 {'drift': np.float64(0.0177), 'vg_vc': 1.038, 'conn': 'column'}
  t=  39.50  column_axial_failure S33-C13 {'eps': -362577.11022}
