  t=   8.00  cb_yield           L7-CB1 {'rot': 0.00495}
  t=   8.00  cb_yield           L8-CB1 {'rot': 0.00507}
  t=   8.00  cb_yield           L9-CB1 {'rot': 0.00513}
  t=   8.00  cb_yield           L10-CB1 {'rot': 0.00512}
  t=   8.00  cb_yield           L11-CB1 {'rot': 0.00507}
  t=   8.00  cb_yield           L12-CB1 {'rot': 0.00498}
  t=   8.05  cb_yield           L6-CB1 {'rot': 0.00504}
  t=   8.05  cb_yield           L7-CB0 {'rot': 0.00503}
  t=   8.05  cb_yield           L8-CB0 {'rot': 0.00515}
  t=   8.05  cb_yield           L9-CB0 {'rot': 0.00519}
  t=   8.05  cb_yield           L10-CB0 {'rot': 0.00516}
  t=   8.05  cb_yield           L11-CB0 {'rot': 0.00507}
  t=   8.05  cb_yield           L12-CB0 {'rot': 0.00494}
  t=   8.05  cb_yield           L13-CB1 {'rot': 0.00518}
  t=   8.05  cb_yield           L14-CB1 {'rot': 0.00499}
  t=   8.10  cb_yield           L5-CB1 {'rot': 0.00496}
  t=   8.10  cb_yield           L6-CB0 {'rot': 0.00511}
  t=   8.10  cb_yield           L13-CB0 {'rot': 0.00502}
  t=   8.10  cb_yield           L15-CB1 {'rot': 0.00499}
  t=   8.15  cb_yield           L5-CB0 {'rot': 0.00503}
  t=   8.15  cb_yield           L14-CB0 {'rot': 0.00495}
  t=   8.20  cb_yield           L4-CB1 {'rot': 0.00495}
  t=   8.20  cb_yield           L7-CB3 {'rot': 0.00505}
  t=   8.20  cb_yield           L8-CB3 {'rot': 0.00507}
  t=   8.20  cb_yield           L9-CB3 {'rot': 0.005}
  t=   8.20  cb_yield           L16-CB1 {'rot': 0.00498}
  t=   8.25  cb_yield           L4-CB0 {'rot': 0.00501}
  t=   8.25  cb_yield           L5-CB3 {'rot': 0.00503}
  t=   8.25  cb_yield           L6-CB2 {'rot': 0.00496}
  t=   8.25  cb_yield           L6-CB3 {'rot': 0.00527}
  t=   8.25  cb_yield           L7-CB2 {'rot': 0.00504}
  t=   8.25  cb_yield           L8-CB2 {'rot': 0.005}
  t=   8.25  cb_yield           L10-CB3 {'rot': 0.00509}
  t=   8.30  cb_yield           L4-CB3 {'rot': 0.00495}
  t=   8.30  cb_yield           L5-CB2 {'rot': 0.00509}
  t=   8.30  cb_yield           L9-CB2 {'rot': 0.00506}
  t=   8.30  cb_yield           L11-CB3 {'rot': 0.00499}
  t=   8.35  cb_yield           L3-CB1 {'rot': 0.00496}
  t=   8.35  cb_yield           L4-CB2 {'rot': 0.00498}
  t=   8.35  cb_yield           L10-CB2 {'rot': 0.00494}
  t=   8.50  cb_yield           L12-CB3 {'rot': 0.00503}
  t=   8.55  cb_yield           L11-CB2 {'rot': 0.00494}
  t=   8.75  cb_yield           L13-CB3 {'rot': 0.00499}
  t=   8.80  cb_yield           L14-CB3 {'rot': 0.00504}
  t=   8.80  cb_yield           L15-CB0 {'rot': 0.00497}
  t=   8.80  cb_yield           L15-CB3 {'rot': 0.00501}
  t=   8.80  cb_yield           L16-CB3 {'rot': 0.00497}
  t=   8.90  cb_yield           L17-CB1 {'rot': 0.00549}
  t=   8.90  cb_yield           L17-CB3 {'rot': 0.0056}
  t=   8.90  cb_yield           L18-CB3 {'rot': 0.00561}
  t=   8.90  cb_yield           L19-CB3 {'rot': 0.00556}
  t=   8.95  cb_yield           L16-CB2 {'rot': 0.00499}
  t=   8.95  cb_yield           L20-CB3 {'rot': 0.00582}
  t=   8.95  cb_yield           L21-CB3 {'rot': 0.00568}
  t=   8.95  cb_yield           L22-CB3 {'rot': 0.00549}
  t=   9.00  cb_yield           L23-CB3 {'rot': 0.00567}
  t=   9.05  cb_yield           L20-CB2 {'rot': 0.00549}
  t=   9.05  cb_yield           L21-CB2 {'rot': 0.00548}
  t=   9.05  cb_yield           L24-CB3 {'rot': 0.00588}
  t=   9.05  cb_yield           L25-CB3 {'rot': 0.00564}
  t=   9.10  cb_yield           L22-CB2 {'rot': 0.00564}
  t=   9.10  cb_yield           L23-CB2 {'rot': 0.00557}
  t=   9.10  cb_yield           L26-CB3 {'rot': 0.00581}
  t=   9.10  cb_yield           L27-CB3 {'rot': 0.00549}
  t=   9.15  cb_yield           L24-CB2 {'rot': 0.00568}
  t=   9.15  cb_yield           L25-CB2 {'rot': 0.0055}
  t=   9.15  cb_yield           L28-CB3 {'rot': 0.00547}
  progress t=  10.0s  max corner drift so far=0.0019  wall clock=285s
  t=  10.50  cb_yield           L3-CB0 {'rot': 0.00544}
  t=  10.50  cb_yield           L3-CB2 {'rot': 0.00525}
  t=  10.50  cb_yield           L3-CB3 {'rot': 0.00498}
  t=  10.55  cb_yield           L2-CB0 {'rot': 0.00514}
  t=  10.55  cb_yield           L2-CB1 {'rot': 0.0051}
  t=  10.55  cb_yield           L2-CB2 {'rot': 0.00518}
  t=  10.55  cb_yield           L2-CB3 {'rot': 0.005}
  t=  10.70  cb_yield           L12-CB2 {'rot': 0.00542}
  t=  10.80  cb_yield           L1-CB2 {'rot': 0.00503}
  t=  10.80  cb_yield           L13-CB2 {'rot': 0.00505}
  t=  10.85  cb_yield           L1-CB3 {'rot': 0.00503}
  t=  11.00  cb_yield           L14-CB2 {'rot': 0.00503}
  t=  11.10  cb_yield           L16-CB0 {'rot': 0.00567}
  t=  11.15  cb_yield           L15-CB2 {'rot': 0.00509}
  t=  11.15  cb_yield           L17-CB0 {'rot': 0.00631}
  t=  11.15  cb_yield           L18-CB0 {'rot': 0.00602}
  t=  11.15  cb_yield           L18-CB1 {'rot': 0.00565}
  t=  11.15  cb_yield           L19-CB0 {'rot': 0.00578}
  t=  11.15  cb_yield           L20-CB0 {'rot': 0.00558}
  t=  11.20  cb_yield           L19-CB1 {'rot': 0.00672}
  t=  11.20  cb_yield           L20-CB1 {'rot': 0.00649}
  t=  11.20  cb_yield           L21-CB0 {'rot': 0.00674}
  t=  11.20  cb_yield           L21-CB1 {'rot': 0.00625}
  t=  11.20  cb_yield           L22-CB0 {'rot': 0.0065}
  t=  11.20  cb_yield           L22-CB1 {'rot': 0.006}
  t=  11.20  cb_yield           L23-CB0 {'rot': 0.00625}
  t=  11.20  cb_yield           L23-CB1 {'rot': 0.00573}
  t=  11.20  cb_yield           L24-CB0 {'rot': 0.00597}
  t=  11.20  cb_yield           L25-CB0 {'rot': 0.00566}
  t=  11.25  cb_yield           L17-CB2 {'rot': 0.00559}
  t=  11.25  cb_yield           L24-CB1 {'rot': 0.00646}
  t=  11.25  cb_yield           L25-CB1 {'rot': 0.00604}
  t=  11.25  cb_yield           L26-CB0 {'rot': 0.00617}
  t=  11.25  cb_yield           L26-CB1 {'rot': 0.0056}
  t=  11.25  cb_yield           L27-CB0 {'rot': 0.00573}
  t=  11.30  cb_yield           L18-CB2 {'rot': 0.00623}
  t=  11.30  cb_yield           L19-CB2 {'rot': 0.00571}
  t=  11.30  cb_yield           L27-CB1 {'rot': 0.0058}
  t=  11.30  cb_yield           L28-CB0 {'rot': 0.00583}
  t=  11.35  cb_yield           L28-CB1 {'rot': 0.00572}
  t=  11.35  cb_yield           L29-CB0 {'rot': 0.00568}
  t=  11.45  cb_yield           L29-CB1 {'rot': 0.00563}
  t=  11.60  cb_yield           L26-CB2 {'rot': 0.00559}
  t=  11.75  cb_failure         L19-CB0 {'rot': 0.01947}
  t=  12.80  cb_yield           L29-CB3 {'rot': 0.00557}
  t=  12.85  cb_yield           L30-CB3 {'rot': 0.00582}
  t=  12.85  cb_yield           L31-CB3 {'rot': 0.00556}
  t=  12.90  cb_yield           L32-CB3 {'rot': 0.00553}
  t=  13.55  cb_yield           L27-CB2 {'rot': 0.00565}
  t=  13.60  cb_yield           L28-CB2 {'rot': 0.00577}
  t=  13.65  cb_yield           L29-CB2 {'rot': 0.00577}
  t=  13.75  cb_yield           L30-CB2 {'rot': 0.00547}
  t=  14.55  cb_yield           L33-CB3 {'rot': 0.00584}
  t=  14.60  cb_yield           L31-CB2 {'rot': 0.00582}
  t=  14.65  cb_yield           L32-CB2 {'rot': 0.00628}
  t=  14.65  cb_yield           L33-CB2 {'rot': 0.00608}
  t=  15.70  cb_yield           L30-CB1 {'rot': 0.00547}
  t=  15.75  cb_yield           L31-CB1 {'rot': 0.0056}
  t=  15.75  cb_yield           L32-CB1 {'rot': 0.00548}
  t=  15.80  cb_yield           L33-CB1 {'rot': 0.00582}
  t=  15.90  cb_yield           L30-CB0 {'rot': 0.00553}
  t=  15.95  cb_yield           L31-CB0 {'rot': 0.00606}
  t=  15.95  cb_yield           L32-CB0 {'rot': 0.00593}
  t=  15.95  cb_yield           L33-CB0 {'rot': 0.00587}
  t=  17.55  cb_failure         L17-CB2 {'rot': 0.01984}
  progress t=  20.0s  max corner drift so far=0.0062  wall clock=582s
  t=  20.85  cb_failure         L18-CB1 {'rot': 0.01981}
  t=  20.85  cb_failure         L20-CB1 {'rot': 0.01981}
  t=  21.10  cb_failure         L21-CB1 {'rot': 0.01946}
  t=  21.15  cb_failure         L22-CB1 {'rot': 0.02017}
  t=  21.15  cb_failure         L23-CB1 {'rot': 0.02013}
  t=  21.15  cb_failure         L24-CB1 {'rot': 0.0199}
  t=  21.15  cb_failure         L25-CB1 {'rot': 0.01949}
  t=  21.15  cb_failure         L30-CB1 {'rot': 0.01978}
  t=  21.15  cb_failure         L31-CB1 {'rot': 0.01983}
  t=  21.20  cb_failure         L26-CB1 {'rot': 0.01987}
  t=  21.20  cb_failure         L33-CB1 {'rot': 0.01979}
  t=  21.25  cb_failure         L27-CB1 {'rot': 0.0202}
  t=  21.25  cb_failure         L28-CB1 {'rot': 0.01966}
  t=  21.30  cb_failure         L19-CB1 {'rot': 0.01954}
  t=  21.30  cb_failure         L29-CB1 {'rot': 0.0202}
  t=  21.35  cb_failure         L32-CB1 {'rot': 0.02025}
  t=  21.40  cb_failure         L15-CB1 {'rot': 0.01893}
  t=  21.40  cb_failure         L16-CB1 {'rot': 0.01932}
  t=  21.40  cb_failure         L17-CB1 {'rot': 0.01974}
  t=  21.45  cb_failure         L14-CB1 {'rot': 0.01939}
  t=  21.45  cb_failure         L17-CB0 {'rot': 0.01965}
  t=  21.50  cb_failure         L12-CB1 {'rot': 0.01937}
  t=  21.50  cb_failure         L13-CB1 {'rot': 0.01998}
  t=  21.50  cb_failure         L18-CB0 {'rot': 0.01966}
  t=  21.55  cb_failure         L10-CB1 {'rot': 0.01893}
  t=  21.55  cb_failure         L11-CB1 {'rot': 0.01977}
  t=  21.60  cb_failure         L13-CB0 {'rot': 0.01897}
  t=  21.60  cb_failure         L14-CB0 {'rot': 0.01917}
  t=  21.60  cb_failure         L15-CB0 {'rot': 0.0192}
  t=  21.60  cb_failure         L16-CB0 {'rot': 0.01911}
  t=  21.65  cb_failure         L12-CB0 {'rot': 0.01948}
  t=  21.70  cb_failure         L9-CB1 {'rot': 0.01926}
  t=  21.70  cb_failure         L11-CB0 {'rot': 0.01954}
  t=  21.75  cb_failure         L10-CB0 {'rot': 0.01931}
  t=  21.85  cb_failure         L9-CB0 {'rot': 0.01893}
  t=  27.00  cb_failure         L31-CB3 {'rot': 0.01983}
  t=  27.05  cb_failure         L26-CB3 {'rot': 0.01964}
  t=  27.05  cb_failure         L33-CB3 {'rot': 0.01983}
  t=  27.10  cb_failure         L24-CB3 {'rot': 0.01962}
  progress t=  30.0s  max corner drift so far=0.0068  wall clock=884s
  t=  35.20  cb_failure         L23-CB3 {'rot': 0.01959}
  t=  35.20  cb_failure         L27-CB3 {'rot': 0.01961}
  t=  35.20  cb_failure         L28-CB3 {'rot': 0.01977}
  t=  35.20  cb_failure         L29-CB2 {'rot': 0.01979}
  t=  35.20  cb_failure         L29-CB3 {'rot': 0.01981}
  t=  35.20  cb_failure         L30-CB3 {'rot': 0.01974}
  t=  35.20  cb_failure         L32-CB3 {'rot': 0.01956}
  t=  35.25  cb_failure         L25-CB3 {'rot': 0.01972}
  t=  35.25  cb_failure         L26-CB2 {'rot': 0.01964}
  t=  35.25  cb_failure         L30-CB2 {'rot': 0.01976}
  t=  35.25  cb_failure         L33-CB2 {'rot': 0.0198}
  t=  35.35  cb_failure         L22-CB2 {'rot': 0.01972}
  t=  35.35  cb_failure         L22-CB3 {'rot': 0.01948}
  t=  35.35  cb_failure         L23-CB2 {'rot': 0.01971}
  t=  35.35  cb_failure         L25-CB2 {'rot': 0.01967}
  t=  35.45  cb_failure         L21-CB3 {'rot': 0.01948}
  t= 35.470  solver fallback: Newton
  t= 38.360  solver fallback: Newton
  progress t=  40.0s  max corner drift so far=0.0091  wall clock=1181s
  t=  40.90  cb_failure         L16-CB3 {'rot': 0.01907}
  t=  40.95  cb_failure         L14-CB3 {'rot': 0.01907}
  t=  40.95  cb_failure         L15-CB3 {'rot': 0.01964}
  t=  40.95  cb_failure         L17-CB3 {'rot': 0.02005}
  t=  40.95  cb_failure         L18-CB3 {'rot': 0.01991}
  t=  40.95  cb_failure         L19-CB3 {'rot': 0.01956}
  t=  41.00  cb_failure         L18-CB2 {'rot': 0.01958}
  t=  41.00  cb_failure         L20-CB3 {'rot': 0.0199}
  t=  41.10  cb_failure         L19-CB2 {'rot': 0.01955}
  t=  41.35  cb_failure         L24-CB2 {'rot': 0.02025}
  t=  41.35  cb_failure         L27-CB2 {'rot': 0.02024}
  t=  41.35  cb_failure         L28-CB2 {'rot': 0.02005}
  t=  41.40  cb_failure         L21-CB2 {'rot': 0.01982}
  t=  41.40  cb_failure         L31-CB2 {'rot': 0.02109}
  t=  41.40  cb_failure         L32-CB2 {'rot': 0.02087}
  t=  41.50  cb_failure         L20-CB2 {'rot': 0.01947}
  t=  41.80  cb_failure         L15-CB2 {'rot': 0.01896}
  t=  41.80  cb_failure         L16-CB2 {'rot': 0.01968}
  t=  41.85  cb_failure         L13-CB3 {'rot': 0.01971}
  t=  41.85  cb_failure         L14-CB2 {'rot': 0.01966}
  t=  41.90  cb_failure         L12-CB2 {'rot': 0.01904}
  t=  41.90  cb_failure         L12-CB3 {'rot': 0.01963}
  t=  41.90  cb_failure         L13-CB2 {'rot': 0.02027}
  t=  41.95  cb_failure         L11-CB3 {'rot': 0.0191}
  t=  42.00  cb_failure         L11-CB2 {'rot': 0.01992}
  t=  42.05  cb_failure         L10-CB2 {'rot': 0.01931}
  t=  42.05  cb_failure         L10-CB3 {'rot': 0.01896}
  t=  42.15  cb_failure         L9-CB2 {'rot': 0.01938}
  t=  42.25  cb_failure         L8-CB2 {'rot': 0.01922}
  t=  42.25  cb_failure         L9-CB3 {'rot': 0.01926}
  t=  42.35  cb_failure         L7-CB2 {'rot': 0.0198}
  t=  42.35  cb_failure         L8-CB3 {'rot': 0.01918}
  t=  42.40  cb_failure         L6-CB2 {'rot': 0.01909}
  t=  42.45  cb_failure         L7-CB3 {'rot': 0.01942}
  t=  42.50  cb_failure         L5-CB2 {'rot': 0.01912}
  t=  42.55  cb_failure         L6-CB3 {'rot': 0.01948}
  t=  42.65  cb_failure         L5-CB3 {'rot': 0.01894}
  t=  42.70  cb_failure         L4-CB2 {'rot': 0.01895}
  t= 44.100  solver fallback: Newton
  t= 44.130  solver fallback: Newton
  t=  44.20  cb_failure         L24-CB0 {'rot': 0.01955}
  t=  44.20  cb_failure         L26-CB0 {'rot': 0.01994}
  t=  44.25  cb_failure         L23-CB0 {'rot': 0.0196}
  t=  44.25  cb_failure         L25-CB0 {'rot': 0.01983}
  t=  44.25  cb_failure         L27-CB0 {'rot': 0.01979}
  t=  44.25  cb_failure         L28-CB0 {'rot': 0.01968}
  t=  44.25  cb_failure         L29-CB0 {'rot': 0.01952}
  t=  44.30  cb_failure         L20-CB0 {'rot': 0.01956}
  t=  44.30  cb_failure         L21-CB0 {'rot': 0.02009}
  t=  44.30  cb_failure         L22-CB0 {'rot': 0.02052}
  t=  44.30  cb_failure         L30-CB0 {'rot': 0.02086}
  t=  44.30  cb_failure         L31-CB0 {'rot': 0.02065}
  t=  44.30  cb_failure         L32-CB0 {'rot': 0.02046}
  t=  44.30  cb_failure         L33-CB0 {'rot': 0.02039}
  progress t=  50.0s  max corner drift so far=0.0105  wall clock=1475s
  t=  51.10  cb_yield           L1-CB1 {'rot': 0.00512}
  t=  51.15  cb_yield           L1-CB0 {'rot': 0.00517}
  t=  51.20  cb_failure         L4-CB3 {'rot': 0.01984}
  t=  51.40  cb_failure         L7-CB1 {'rot': 0.01895}
  t=  51.40  cb_failure         L8-CB1 {'rot': 0.01896}
  progress t=  60.0s  max corner drift so far=0.0126  wall clock=1767s
  t=  61.05  cb_failure         L7-CB0 {'rot': 0.01894}
  t=  61.05  cb_failure         L8-CB0 {'rot': 0.01977}
  t=  61.10  cb_failure         L6-CB0 {'rot': 0.01899}
  t=  61.10  cb_failure         L6-CB1 {'rot': 0.02002}
  t=  61.15  cb_failure         L3-CB2 {'rot': 0.01905}
  t=  61.15  cb_failure         L3-CB3 {'rot': 0.01958}
  t=  61.15  cb_failure         L5-CB1 {'rot': 0.02006}
  t=  61.20  cb_failure         L4-CB1 {'rot': 0.01923}
  t=  61.20  cb_failure         L5-CB0 {'rot': 0.01998}
  t=  61.25  cb_failure         L4-CB0 {'rot': 0.01894}
  progress t=  70.0s  max corner drift so far=0.0126  wall clock=2057s
  progress t=  80.0s  max corner drift so far=0.0126  wall clock=2340s
  progress t=  90.0s  max corner drift so far=0.0126  wall clock=2626s
  progress t= 100.0s  max corner drift so far=0.0126  wall clock=2915s
