  t=   8.13  cb_yield           L7-CB1 {'rot': 0.00497}
  t=   8.13  cb_yield           L8-CB1 {'rot': 0.0051}
  t=   8.13  cb_yield           L9-CB1 {'rot': 0.00516}
  t=   8.13  cb_yield           L10-CB1 {'rot': 0.00515}
  t=   8.13  cb_yield           L11-CB1 {'rot': 0.0051}
  t=   8.13  cb_yield           L12-CB1 {'rot': 0.005}
  t=   8.25  cb_yield           L5-CB1 {'rot': 0.00497}
  t=   8.25  cb_yield           L6-CB0 {'rot': 0.00505}
  t=   8.25  cb_yield           L6-CB1 {'rot': 0.00526}
  t=   8.25  cb_yield           L7-CB0 {'rot': 0.0052}
  t=   8.25  cb_yield           L8-CB0 {'rot': 0.00527}
  t=   8.25  cb_yield           L9-CB0 {'rot': 0.00525}
  t=   8.25  cb_yield           L10-CB0 {'rot': 0.00517}
  t=   8.25  cb_yield           L11-CB0 {'rot': 0.00504}
  t=   8.25  cb_yield           L13-CB1 {'rot': 0.00507}
  t=   8.38  cb_yield           L4-CB1 {'rot': 0.00499}
  t=   8.38  cb_yield           L5-CB0 {'rot': 0.00522}
  t=   8.38  cb_yield           L5-CB3 {'rot': 0.00498}
  t=   8.38  cb_yield           L6-CB3 {'rot': 0.00516}
  t=   8.38  cb_yield           L7-CB3 {'rot': 0.0052}
  t=   8.38  cb_yield           L8-CB3 {'rot': 0.00512}
  t=   8.38  cb_yield           L9-CB3 {'rot': 0.00495}
  t=   8.50  cb_yield           L6-CB2 {'rot': 0.00494}
  t=   8.50  cb_yield           L7-CB2 {'rot': 0.005}
  t=   9.13  cb_yield           L20-CB3 {'rot': 0.00548}
  t=   9.13  cb_yield           L21-CB3 {'rot': 0.00567}
  t=   9.13  cb_yield           L22-CB3 {'rot': 0.00578}
  t=   9.13  cb_yield           L23-CB3 {'rot': 0.0058}
  t=   9.13  cb_yield           L24-CB3 {'rot': 0.00573}
  t=   9.13  cb_yield           L25-CB3 {'rot': 0.00559}
  t=   9.25  cb_yield           L26-CB3 {'rot': 0.0055}
  progress t=  10.0s  max corner drift so far=0.0016  wall clock=137s
  t=  10.50  cb_yield           L3-CB0 {'rot': 0.0051}
  t=  10.50  cb_yield           L3-CB1 {'rot': 0.00498}
  t=  10.50  cb_yield           L4-CB0 {'rot': 0.00563}
  t=  10.50  cb_yield           L4-CB2 {'rot': 0.00541}
  t=  10.50  cb_yield           L4-CB3 {'rot': 0.00512}
  t=  10.50  cb_yield           L5-CB2 {'rot': 0.00564}
  t=  10.50  cb_yield           L8-CB2 {'rot': 0.00513}
  t=  10.63  cb_yield           L2-CB0 {'rot': 0.00541}
  t=  10.63  cb_yield           L2-CB1 {'rot': 0.00537}
  t=  10.63  cb_yield           L2-CB2 {'rot': 0.00561}
  t=  10.63  cb_yield           L2-CB3 {'rot': 0.00546}
  t=  10.63  cb_yield           L3-CB2 {'rot': 0.00683}
  t=  10.63  cb_yield           L3-CB3 {'rot': 0.00662}
  t=  10.63  cb_yield           L9-CB2 {'rot': 0.00672}
  t=  10.63  cb_yield           L10-CB2 {'rot': 0.00599}
  t=  10.63  cb_yield           L10-CB3 {'rot': 0.00548}
  t=  10.63  cb_yield           L11-CB2 {'rot': 0.00523}
  t=  10.75  cb_yield           L11-CB3 {'rot': 0.00602}
  t=  10.75  cb_yield           L12-CB0 {'rot': 0.00534}
  t=  10.75  cb_yield           L12-CB2 {'rot': 0.00553}
  t=  10.75  cb_yield           L12-CB3 {'rot': 0.00498}
  t=  10.88  cb_yield           L13-CB0 {'rot': 0.00519}
  t=  10.88  cb_yield           L13-CB2 {'rot': 0.00523}
  t=  11.00  cb_yield           L13-CB3 {'rot': 0.00534}
  t=  11.00  cb_yield           L14-CB0 {'rot': 0.00534}
  t=  11.00  cb_yield           L14-CB1 {'rot': 0.00511}
  t=  11.13  cb_yield           L14-CB2 {'rot': 0.00526}
  t=  11.13  cb_yield           L15-CB0 {'rot': 0.00615}
  t=  11.13  cb_yield           L15-CB1 {'rot': 0.00589}
  t=  11.13  cb_yield           L16-CB0 {'rot': 0.00585}
  t=  11.13  cb_yield           L16-CB1 {'rot': 0.00557}
  t=  11.13  cb_yield           L17-CB0 {'rot': 0.00556}
  t=  11.25  cb_yield           L14-CB3 {'rot': 0.00581}
  t=  11.25  cb_yield           L15-CB2 {'rot': 0.00594}
  t=  11.25  cb_yield           L15-CB3 {'rot': 0.0055}
  t=  11.25  cb_yield           L16-CB2 {'rot': 0.00564}
  t=  11.25  cb_yield           L16-CB3 {'rot': 0.00519}
  t=  11.25  cb_yield           L17-CB1 {'rot': 0.00794}
  t=  11.25  cb_yield           L18-CB0 {'rot': 0.00829}
  t=  11.25  cb_yield           L18-CB1 {'rot': 0.00787}
  t=  11.25  cb_yield           L19-CB0 {'rot': 0.00819}
  t=  11.25  cb_yield           L19-CB1 {'rot': 0.00775}
  t=  11.25  cb_yield           L20-CB0 {'rot': 0.00803}
  t=  11.25  cb_yield           L20-CB1 {'rot': 0.00758}
  t=  11.25  cb_yield           L21-CB0 {'rot': 0.00782}
  t=  11.25  cb_yield           L21-CB1 {'rot': 0.00735}
  t=  11.25  cb_yield           L22-CB0 {'rot': 0.00755}
  t=  11.25  cb_yield           L22-CB1 {'rot': 0.00706}
  t=  11.25  cb_yield           L23-CB0 {'rot': 0.00722}
  t=  11.25  cb_yield           L23-CB1 {'rot': 0.00672}
  t=  11.25  cb_yield           L24-CB0 {'rot': 0.00685}
  t=  11.25  cb_yield           L24-CB1 {'rot': 0.00634}
  t=  11.25  cb_yield           L25-CB0 {'rot': 0.00644}
  t=  11.25  cb_yield           L25-CB1 {'rot': 0.00593}
  t=  11.25  cb_yield           L26-CB0 {'rot': 0.00601}
  t=  11.25  cb_yield           L26-CB1 {'rot': 0.0055}
  t=  11.25  cb_yield           L27-CB0 {'rot': 0.00557}
  t=  11.38  cb_yield           L17-CB2 {'rot': 0.00739}
  t=  11.38  cb_yield           L17-CB3 {'rot': 0.00686}
  t=  11.38  cb_yield           L18-CB2 {'rot': 0.00721}
  t=  11.38  cb_yield           L18-CB3 {'rot': 0.00666}
  t=  11.38  cb_yield           L19-CB2 {'rot': 0.00697}
  t=  11.38  cb_yield           L19-CB3 {'rot': 0.00639}
  t=  11.38  cb_yield           L20-CB2 {'rot': 0.00665}
  t=  11.38  cb_yield           L21-CB2 {'rot': 0.00628}
  t=  11.38  cb_yield           L22-CB2 {'rot': 0.00584}
  t=  11.38  cb_yield           L27-CB1 {'rot': 0.00639}
  t=  11.38  cb_yield           L28-CB0 {'rot': 0.00623}
  t=  11.38  cb_yield           L28-CB1 {'rot': 0.00569}
  t=  11.38  cb_yield           L29-CB0 {'rot': 0.00552}
  t=  11.50  cb_yield           L23-CB2 {'rot': 0.00728}
  t=  11.50  cb_yield           L24-CB2 {'rot': 0.00653}
  t=  11.50  cb_yield           L25-CB2 {'rot': 0.00572}
  t=  11.50  cb_yield           L29-CB1 {'rot': 0.00551}
  t=  11.88  cb_yield           L26-CB2 {'rot': 0.00552}
  t=  14.38  cb_yield           L27-CB3 {'rot': 0.00556}
  t=  14.50  cb_yield           L27-CB2 {'rot': 0.00581}
  t=  14.50  cb_yield           L28-CB3 {'rot': 0.00653}
  t=  14.50  cb_yield           L29-CB3 {'rot': 0.00604}
  t=  14.50  cb_yield           L30-CB3 {'rot': 0.00559}
  t=  14.63  cb_yield           L28-CB2 {'rot': 0.00633}
  t=  14.63  cb_yield           L29-CB2 {'rot': 0.00577}
  t=  14.63  cb_yield           L31-CB3 {'rot': 0.00622}
  t=  14.63  cb_yield           L32-CB3 {'rot': 0.00593}
  t=  14.63  cb_yield           L33-CB3 {'rot': 0.00577}
  t=  14.75  cb_yield           L30-CB2 {'rot': 0.00617}
  t=  14.75  cb_yield           L31-CB2 {'rot': 0.00581}
  t=  14.75  cb_yield           L32-CB2 {'rot': 0.00554}
  t=  14.88  cb_yield           L33-CB2 {'rot': 0.00583}
  t=  15.75  cb_yield           L30-CB1 {'rot': 0.00663}
  t=  15.75  cb_yield           L31-CB1 {'rot': 0.00637}
  t=  15.75  cb_yield           L32-CB1 {'rot': 0.00619}
  t=  15.75  cb_yield           L33-CB1 {'rot': 0.00609}
  t=  15.88  cb_yield           L30-CB0 {'rot': 0.00655}
  t=  15.88  cb_yield           L31-CB0 {'rot': 0.00629}
  t=  15.88  cb_yield           L32-CB0 {'rot': 0.0061}
  t=  15.88  cb_yield           L33-CB0 {'rot': 0.00599}
  progress t=  20.0s  max corner drift so far=0.0051  wall clock=281s
  t=  20.75  cb_failure         L13-CB3 {'rot': 0.01921}
  t=  20.75  cb_failure         L14-CB3 {'rot': 0.01956}
  t=  20.75  cb_failure         L15-CB3 {'rot': 0.01962}
  t=  20.75  cb_failure         L16-CB3 {'rot': 0.0194}
  t=  21.00  cb_failure         L15-CB1 {'rot': 0.01901}
  t=  21.00  cb_failure         L16-CB1 {'rot': 0.01947}
  t=  21.00  cb_failure         L17-CB1 {'rot': 0.01976}
  t=  21.00  cb_failure         L18-CB1 {'rot': 0.01981}
  t=  21.00  cb_failure         L19-CB1 {'rot': 0.01961}
  t=  21.12  cb_failure         L20-CB1 {'rot': 0.02087}
  t=  21.12  cb_failure         L21-CB1 {'rot': 0.02072}
  t=  21.12  cb_failure         L22-CB1 {'rot': 0.0204}
  t=  21.12  cb_failure         L23-CB1 {'rot': 0.01996}
  t=  21.12  cb_failure         L27-CB1 {'rot': 0.01975}
  t=  21.12  cb_failure         L28-CB1 {'rot': 0.01978}
  t=  21.25  cb_failure         L14-CB1 {'rot': 0.01903}
  t=  21.25  cb_failure         L24-CB1 {'rot': 0.02115}
  t=  21.25  cb_failure         L25-CB1 {'rot': 0.02095}
  t=  21.25  cb_failure         L26-CB1 {'rot': 0.02064}
  t=  21.37  cb_failure         L12-CB1 {'rot': 0.01922}
  t=  21.37  cb_failure         L13-CB1 {'rot': 0.01982}
  t=  21.37  cb_failure         L29-CB1 {'rot': 0.02121}
  t=  21.37  cb_failure         L30-CB1 {'rot': 0.02101}
  t=  21.37  cb_failure         L31-CB1 {'rot': 0.02076}
  t=  21.37  cb_failure         L32-CB1 {'rot': 0.02052}
  t=  21.37  cb_failure         L33-CB1 {'rot': 0.02038}
  t=  21.50  cb_failure         L10-CB1 {'rot': 0.01911}
  t=  21.50  cb_failure         L11-CB1 {'rot': 0.02}
  t=  21.50  cb_failure         L17-CB0 {'rot': 0.01957}
  t=  21.62  cb_failure         L12-CB0 {'rot': 0.01937}
  t=  21.62  cb_failure         L13-CB0 {'rot': 0.01979}
  t=  21.62  cb_failure         L14-CB0 {'rot': 0.02001}
  t=  21.62  cb_failure         L15-CB0 {'rot': 0.02006}
  t=  21.62  cb_failure         L16-CB0 {'rot': 0.01998}
  t=  21.75  cb_failure         L9-CB1 {'rot': 0.01898}
  t=  21.75  cb_failure         L11-CB0 {'rot': 0.01964}
  t=  21.75  cb_failure         L18-CB0 {'rot': 0.01999}
  t=  21.87  cb_failure         L10-CB0 {'rot': 0.01954}
  t=  26.37  cb_failure         L10-CB2 {'rot': 0.01911}
  t=  26.37  cb_failure         L11-CB2 {'rot': 0.01923}
  t=  26.37  cb_failure         L12-CB2 {'rot': 0.01894}
  t=  27.25  cb_failure         L20-CB3 {'rot': 0.01948}
  t=  27.25  cb_failure         L21-CB3 {'rot': 0.01979}
  t=  27.25  cb_failure         L22-CB3 {'rot': 0.01998}
  t=  27.25  cb_failure         L23-CB3 {'rot': 0.02005}
  t=  27.25  cb_failure         L24-CB3 {'rot': 0.01999}
  t=  27.25  cb_failure         L25-CB3 {'rot': 0.01981}
  t=  27.25  cb_failure         L26-CB3 {'rot': 0.01949}
  t=  27.62  cb_failure         L17-CB3 {'rot': 0.0197}
  t=  27.62  cb_failure         L18-CB3 {'rot': 0.01949}
  t=  27.75  cb_failure         L19-CB3 {'rot': 0.0196}
  progress t=  30.0s  max corner drift so far=0.0066  wall clock=421s
  t=  33.25  cb_failure         L33-CB2 {'rot': 0.01957}
  t=  35.12  cb_failure         L27-CB3 {'rot': 0.01984}
  t=  35.12  cb_failure         L28-CB2 {'rot': 0.0198}
  t=  35.12  cb_failure         L28-CB3 {'rot': 0.01983}
  t=  35.12  cb_failure         L29-CB2 {'rot': 0.01975}
  t=  35.12  cb_failure         L29-CB3 {'rot': 0.01975}
  t=  35.12  cb_failure         L30-CB2 {'rot': 0.01962}
  t=  35.12  cb_failure         L30-CB3 {'rot': 0.0196}
  t=  35.12  cb_failure         L31-CB2 {'rot': 0.01947}
  t=  35.12  cb_failure         L31-CB3 {'rot': 0.01956}
  t=  35.25  cb_failure         L32-CB2 {'rot': 0.0198}
  t=  35.25  cb_failure         L32-CB3 {'rot': 0.02049}
  t=  35.25  cb_failure         L33-CB3 {'rot': 0.02042}
  progress t=  40.0s  max corner drift so far=0.0081  wall clock=565s
  t=  41.37  cb_failure         L24-CB2 {'rot': 0.01946}
  t=  41.37  cb_failure         L25-CB2 {'rot': 0.01962}
  t=  41.37  cb_failure         L26-CB2 {'rot': 0.01968}
  t=  41.37  cb_failure         L27-CB2 {'rot': 0.01964}
  t=  41.50  cb_failure         L23-CB2 {'rot': 0.01966}
  t=  41.62  cb_failure         L21-CB2 {'rot': 0.01962}
  t=  41.62  cb_failure         L22-CB2 {'rot': 0.01991}
  t=  41.75  cb_failure         L16-CB2 {'rot': 0.01896}
  t=  41.75  cb_failure         L17-CB2 {'rot': 0.0195}
  t=  41.75  cb_failure         L18-CB2 {'rot': 0.01979}
  t=  41.75  cb_failure         L19-CB2 {'rot': 0.02009}
  t=  41.75  cb_failure         L20-CB2 {'rot': 0.02031}
  t=  41.87  cb_failure         L12-CB3 {'rot': 0.01985}
  t=  41.87  cb_failure         L13-CB2 {'rot': 0.01961}
  t=  41.87  cb_failure         L14-CB2 {'rot': 0.02018}
  t=  41.87  cb_failure         L15-CB2 {'rot': 0.02059}
  t=  42.00  cb_failure         L11-CB3 {'rot': 0.01985}
  t=  42.12  cb_failure         L9-CB2 {'rot': 0.01894}
  t=  42.12  cb_failure         L10-CB3 {'rot': 0.01948}
  t=  42.25  cb_failure         L8-CB2 {'rot': 0.01895}
  t=  42.37  cb_yield           L1-CB2 {'rot': 0.00515}
  t=  42.37  cb_failure         L7-CB2 {'rot': 0.01942}
  t=  42.37  cb_failure         L9-CB3 {'rot': 0.01971}
  t=  42.50  cb_failure         L6-CB2 {'rot': 0.01895}
  t=  42.50  cb_failure         L8-CB3 {'rot': 0.01972}
  t=  42.62  cb_yield           L1-CB3 {'rot': 0.00498}
  t=  42.62  cb_failure         L7-CB3 {'rot': 0.01901}
  t=  44.00  cb_failure         L19-CB0 {'rot': 0.01969}
  t=  44.00  cb_failure         L20-CB0 {'rot': 0.01965}
  t=  44.00  cb_failure         L21-CB0 {'rot': 0.01952}
  t=  44.12  cb_failure         L22-CB0 {'rot': 0.02074}
  t=  44.12  cb_failure         L23-CB0 {'rot': 0.02073}
  t=  44.12  cb_failure         L24-CB0 {'rot': 0.02064}
  t=  44.12  cb_failure         L25-CB0 {'rot': 0.02047}
  t=  44.12  cb_failure         L26-CB0 {'rot': 0.02023}
  t=  44.12  cb_failure         L27-CB0 {'rot': 0.01993}
  t=  44.12  cb_failure         L28-CB0 {'rot': 0.01956}
  t=  44.25  cb_failure         L29-CB0 {'rot': 0.02274}
  t=  44.25  cb_failure         L30-CB0 {'rot': 0.02258}
  t=  44.25  cb_failure         L31-CB0 {'rot': 0.0224}
  t=  44.25  cb_failure         L32-CB0 {'rot': 0.02224}
  t=  44.25  cb_failure         L33-CB0 {'rot': 0.02217}
  t=  49.12  cb_failure         L6-CB3 {'rot': 0.02058}
  progress t=  50.0s  max corner drift so far=0.0088  wall clock=712s
  t=  51.25  cb_yield           L1-CB1 {'rot': 0.00542}
  t=  51.25  cb_failure         L5-CB3 {'rot': 0.01973}
  t=  51.37  cb_failure         L5-CB2 {'rot': 0.01937}
  progress t=  60.0s  max corner drift so far=0.0088  wall clock=854s
  t=  60.87  cb_failure         L8-CB1 {'rot': 0.01923}
  t=  61.00  cb_failure         L7-CB1 {'rot': 0.01924}
  t=  61.00  cb_failure         L9-CB0 {'rot': 0.01923}
  t=  61.12  cb_yield           L1-CB0 {'rot': 0.00507}
  t=  61.12  cb_failure         L6-CB1 {'rot': 0.01925}
  t=  61.12  cb_failure         L8-CB0 {'rot': 0.01948}
  t=  61.25  cb_failure         L7-CB0 {'rot': 0.01914}
  progress t=  70.0s  max corner drift so far=0.0088  wall clock=1002s
  progress t=  80.0s  max corner drift so far=0.0088  wall clock=1146s
  progress t=  90.0s  max corner drift so far=0.0088  wall clock=1291s
  progress t= 100.0s  max corner drift so far=0.0088  wall clock=1434s
