  t=   7.75  cb_yield           L6-CB1 {'rot': 0.00417}
  t=   7.75  cb_yield           L7-CB1 {'rot': 0.00424}
  t=   7.75  cb_yield           L8-CB1 {'rot': 0.00422}
  t=   7.75  cb_yield           L9-CB1 {'rot': 0.00413}
  t=   7.88  cb_yield           L6-CB0 {'rot': 0.00412}
  t=   7.88  cb_yield           L7-CB0 {'rot': 0.00421}
  t=   7.88  cb_yield           L8-CB0 {'rot': 0.00422}
  t=   7.88  cb_yield           L9-CB0 {'rot': 0.00416}
  t=   7.88  cb_yield           L10-CB1 {'rot': 0.0043}
  t=   7.88  cb_yield           L11-CB1 {'rot': 0.00415}
  t=   8.75  cb_yield           L15-CB3 {'rot': 0.00423}
  t=   8.75  cb_yield           L16-CB3 {'rot': 0.00438}
  t=   8.75  cb_yield           L18-CB3 {'rot': 0.00462}
  t=   8.75  cb_yield           L19-CB3 {'rot': 0.00467}
  t=   8.75  cb_yield           L20-CB3 {'rot': 0.00468}
  t=   8.75  cb_yield           L21-CB3 {'rot': 0.00463}
  t=   8.75  cb_yield           L22-CB3 {'rot': 0.00455}
  t=   8.88  cb_yield           L17-CB3 {'rot': 0.00466}
  t=   8.88  cb_yield           L23-CB3 {'rot': 0.00476}
  t=   8.88  cb_yield           L24-CB3 {'rot': 0.00465}
  t=   9.00  cb_yield           L25-CB3 {'rot': 0.00459}
  progress t=  10.0s  max corner drift so far=0.0018  wall clock=130s
  t=  10.38  cb_yield           L3-CB2 {'rot': 0.00417}
  t=  10.38  cb_yield           L4-CB2 {'rot': 0.00457}
  t=  10.38  cb_yield           L4-CB3 {'rot': 0.00429}
  t=  10.38  cb_yield           L5-CB2 {'rot': 0.00471}
  t=  10.38  cb_yield           L5-CB3 {'rot': 0.00438}
  t=  10.38  cb_yield           L6-CB2 {'rot': 0.00465}
  t=  10.38  cb_yield           L6-CB3 {'rot': 0.00428}
  t=  10.38  cb_yield           L7-CB2 {'rot': 0.00444}
  t=  10.38  cb_yield           L8-CB2 {'rot': 0.00415}
  t=  10.50  cb_yield           L2-CB2 {'rot': 0.00416}
  t=  10.50  cb_yield           L3-CB3 {'rot': 0.00489}
  t=  10.50  cb_yield           L4-CB1 {'rot': 0.00426}
  t=  10.50  cb_yield           L5-CB0 {'rot': 0.00417}
  t=  10.50  cb_yield           L5-CB1 {'rot': 0.00445}
  t=  10.50  cb_yield           L7-CB3 {'rot': 0.00549}
  t=  10.50  cb_yield           L8-CB3 {'rot': 0.00515}
  t=  10.50  cb_yield           L9-CB2 {'rot': 0.0051}
  t=  10.50  cb_yield           L9-CB3 {'rot': 0.00471}
  t=  10.50  cb_yield           L10-CB2 {'rot': 0.00463}
  t=  10.50  cb_yield           L10-CB3 {'rot': 0.0042}
  t=  10.50  cb_yield           L11-CB2 {'rot': 0.00411}
  t=  10.63  cb_yield           L2-CB3 {'rot': 0.00465}
  t=  10.63  cb_yield           L3-CB1 {'rot': 0.00439}
  t=  10.63  cb_yield           L4-CB0 {'rot': 0.00447}
  t=  10.63  cb_yield           L11-CB3 {'rot': 0.00427}
  t=  10.75  cb_yield           L3-CB0 {'rot': 0.00416}
  t=  10.75  cb_yield           L10-CB0 {'rot': 0.00425}
  t=  10.75  cb_yield           L12-CB2 {'rot': 0.00436}
  t=  10.88  cb_yield           L11-CB0 {'rot': 0.00473}
  t=  10.88  cb_yield           L12-CB0 {'rot': 0.00444}
  t=  10.88  cb_yield           L12-CB1 {'rot': 0.00457}
  t=  10.88  cb_yield           L12-CB3 {'rot': 0.00444}
  t=  10.88  cb_yield           L13-CB0 {'rot': 0.00415}
  t=  10.88  cb_yield           L13-CB1 {'rot': 0.00423}
  t=  10.88  cb_yield           L13-CB2 {'rot': 0.00413}
  t=  11.00  cb_yield           L13-CB3 {'rot': 0.00452}
  t=  11.00  cb_yield           L14-CB0 {'rot': 0.00561}
  t=  11.00  cb_yield           L14-CB1 {'rot': 0.00545}
  t=  11.00  cb_yield           L14-CB2 {'rot': 0.00446}
  t=  11.00  cb_yield           L14-CB3 {'rot': 0.00412}
  t=  11.00  cb_yield           L15-CB0 {'rot': 0.00548}
  t=  11.00  cb_yield           L15-CB1 {'rot': 0.0053}
  t=  11.00  cb_yield           L16-CB0 {'rot': 0.00536}
  t=  11.00  cb_yield           L16-CB1 {'rot': 0.00517}
  t=  11.00  cb_yield           L17-CB0 {'rot': 0.00524}
  t=  11.00  cb_yield           L17-CB1 {'rot': 0.00502}
  t=  11.00  cb_yield           L18-CB0 {'rot': 0.00513}
  t=  11.00  cb_yield           L18-CB1 {'rot': 0.00489}
  t=  11.00  cb_yield           L19-CB0 {'rot': 0.00504}
  t=  11.00  cb_yield           L19-CB1 {'rot': 0.00478}
  t=  11.00  cb_yield           L20-CB0 {'rot': 0.00496}
  t=  11.00  cb_yield           L20-CB1 {'rot': 0.00468}
  t=  11.00  cb_yield           L21-CB0 {'rot': 0.00489}
  t=  11.00  cb_yield           L21-CB1 {'rot': 0.00459}
  t=  11.00  cb_yield           L22-CB0 {'rot': 0.0048}
  t=  11.00  cb_yield           L23-CB0 {'rot': 0.00469}
  t=  11.00  cb_yield           L24-CB0 {'rot': 0.00456}
  t=  11.13  cb_yield           L15-CB2 {'rot': 0.00561}
  t=  11.13  cb_yield           L16-CB2 {'rot': 0.00547}
  t=  11.13  cb_yield           L17-CB2 {'rot': 0.00527}
  t=  11.13  cb_yield           L18-CB2 {'rot': 0.00504}
  t=  11.13  cb_yield           L19-CB2 {'rot': 0.00477}
  t=  11.13  cb_yield           L22-CB1 {'rot': 0.00677}
  t=  11.13  cb_yield           L23-CB1 {'rot': 0.00646}
  t=  11.13  cb_yield           L24-CB1 {'rot': 0.00612}
  t=  11.13  cb_yield           L25-CB0 {'rot': 0.00629}
  t=  11.13  cb_yield           L25-CB1 {'rot': 0.00574}
  t=  11.13  cb_yield           L26-CB0 {'rot': 0.00589}
  t=  11.13  cb_yield           L26-CB1 {'rot': 0.00534}
  t=  11.13  cb_yield           L27-CB0 {'rot': 0.00547}
  t=  11.13  cb_yield           L27-CB1 {'rot': 0.00493}
  t=  11.13  cb_yield           L28-CB0 {'rot': 0.00506}
  t=  11.13  cb_yield           L29-CB0 {'rot': 0.00465}
  t=  11.25  cb_yield           L20-CB2 {'rot': 0.00606}
  t=  11.25  cb_yield           L21-CB2 {'rot': 0.0057}
  t=  11.25  cb_yield           L22-CB2 {'rot': 0.00527}
  t=  11.25  cb_yield           L23-CB2 {'rot': 0.00479}
  t=  11.25  cb_yield           L28-CB1 {'rot': 0.00493}
  t=  14.13  cb_yield           L26-CB3 {'rot': 0.00478}
  t=  14.13  cb_yield           L27-CB3 {'rot': 0.00458}
  t=  14.25  cb_yield           L24-CB2 {'rot': 0.00527}
  t=  14.25  cb_yield           L25-CB2 {'rot': 0.00502}
  t=  14.25  cb_yield           L26-CB2 {'rot': 0.00475}
  t=  14.25  cb_yield           L28-CB3 {'rot': 0.00512}
  t=  14.25  cb_yield           L29-CB3 {'rot': 0.00487}
  t=  14.25  cb_yield           L30-CB3 {'rot': 0.00463}
  t=  14.38  cb_yield           L27-CB2 {'rot': 0.00467}
  t=  14.38  cb_yield           L31-CB3 {'rot': 0.00486}
  t=  14.38  cb_yield           L32-CB3 {'rot': 0.00471}
  t=  14.38  cb_yield           L33-CB3 {'rot': 0.00463}
  t=  15.38  cb_yield           L29-CB1 {'rot': 0.00614}
  t=  15.38  cb_yield           L30-CB1 {'rot': 0.00592}
  t=  15.38  cb_yield           L31-CB1 {'rot': 0.00571}
  t=  15.38  cb_yield           L32-CB1 {'rot': 0.00554}
  t=  15.38  cb_yield           L33-CB1 {'rot': 0.00544}
  t=  15.50  cb_yield           L30-CB0 {'rot': 0.00514}
  t=  15.50  cb_yield           L31-CB0 {'rot': 0.00493}
  t=  15.50  cb_yield           L32-CB0 {'rot': 0.00477}
  t=  15.50  cb_yield           L33-CB0 {'rot': 0.00468}
  t=  17.13  cb_yield           L2-CB0 {'rot': 0.00495}
  t=  17.13  cb_yield           L2-CB1 {'rot': 0.00482}
  t=  19.25  cb_yield           L28-CB2 {'rot': 0.00511}
  t=  19.25  cb_yield           L29-CB2 {'rot': 0.00521}
  t=  19.25  cb_yield           L30-CB2 {'rot': 0.00527}
  t=  19.25  cb_yield           L31-CB2 {'rot': 0.0053}
  t=  19.25  cb_yield           L32-CB2 {'rot': 0.0053}
  t=  19.25  cb_yield           L33-CB2 {'rot': 0.00529}
  t=  19.37  cb_yield           L1-CB2 {'rot': 0.00421}
  t=  20.00  cb_yield           L1-CB3 {'rot': 0.00425}
  progress t=  20.0s  max corner drift so far=0.0054  wall clock=268s
  t=  20.62  cb_failure         L13-CB1 {'rot': 0.01824}
  t=  20.62  cb_failure         L14-CB1 {'rot': 0.01879}
  t=  20.62  cb_failure         L14-CB3 {'rot': 0.01838}
  t=  20.62  cb_failure         L15-CB1 {'rot': 0.01911}
  t=  20.62  cb_failure         L15-CB3 {'rot': 0.01844}
  t=  20.62  cb_failure         L16-CB1 {'rot': 0.01922}
  t=  20.62  cb_failure         L16-CB3 {'rot': 0.01827}
  t=  20.62  cb_failure         L17-CB1 {'rot': 0.01912}
  t=  20.62  cb_failure         L18-CB1 {'rot': 0.01877}
  t=  20.75  cb_failure         L12-CB1 {'rot': 0.01873}
  t=  20.75  cb_failure         L14-CB0 {'rot': 0.01835}
  t=  20.75  cb_failure         L15-CB0 {'rot': 0.01883}
  t=  20.75  cb_failure         L16-CB0 {'rot': 0.01906}
  t=  20.75  cb_failure         L17-CB0 {'rot': 0.0191}
  t=  20.75  cb_failure         L18-CB0 {'rot': 0.01886}
  t=  20.75  cb_failure         L19-CB1 {'rot': 0.02099}
  t=  20.75  cb_failure         L20-CB1 {'rot': 0.0204}
  t=  20.75  cb_failure         L21-CB1 {'rot': 0.01955}
  t=  20.87  cb_failure         L13-CB0 {'rot': 0.01846}
  t=  20.87  cb_failure         L19-CB0 {'rot': 0.02}
  t=  20.87  cb_failure         L20-CB0 {'rot': 0.01949}
  t=  20.87  cb_failure         L21-CB0 {'rot': 0.01875}
  t=  20.87  cb_failure         L22-CB1 {'rot': 0.02068}
  t=  20.87  cb_failure         L23-CB1 {'rot': 0.01964}
  t=  21.00  cb_failure         L11-CB1 {'rot': 0.0187}
  t=  21.00  cb_failure         L24-CB1 {'rot': 0.02012}
  t=  21.00  cb_failure         L25-CB1 {'rot': 0.01917}
  t=  21.12  cb_failure         L10-CB1 {'rot': 0.01888}
  t=  21.12  cb_failure         L26-CB1 {'rot': 0.01992}
  t=  21.12  cb_failure         L27-CB1 {'rot': 0.0192}
  t=  21.25  cb_yield           L1-CB1 {'rot': 0.00447}
  t=  21.25  cb_failure         L8-CB1 {'rot': 0.0184}
  t=  21.25  cb_failure         L9-CB1 {'rot': 0.01937}
  t=  21.25  cb_failure         L11-CB0 {'rot': 0.01823}
  t=  21.25  cb_failure         L12-CB0 {'rot': 0.01857}
  t=  21.25  cb_failure         L28-CB1 {'rot': 0.01921}
  t=  21.25  cb_failure         L29-CB1 {'rot': 0.01865}
  t=  21.37  cb_yield           L1-CB0 {'rot': 0.00492}
  t=  21.37  cb_failure         L9-CB0 {'rot': 0.01855}
  t=  21.37  cb_failure         L10-CB0 {'rot': 0.01902}
  t=  21.50  cb_failure         L7-CB0 {'rot': 0.01836}
  t=  21.50  cb_failure         L7-CB1 {'rot': 0.0184}
  t=  21.50  cb_failure         L8-CB0 {'rot': 0.0193}
  t=  26.12  cb_failure         L7-CB2 {'rot': 0.01834}
  t=  26.12  cb_failure         L8-CB2 {'rot': 0.01855}
  t=  26.12  cb_failure         L9-CB2 {'rot': 0.0185}
  t=  26.25  cb_failure         L10-CB2 {'rot': 0.0193}
  t=  26.25  cb_failure         L11-CB2 {'rot': 0.01891}
  t=  26.25  cb_failure         L12-CB2 {'rot': 0.01837}
  t=  26.87  cb_failure         L18-CB3 {'rot': 0.01893}
  t=  26.87  cb_failure         L19-CB3 {'rot': 0.01951}
  t=  26.87  cb_failure         L20-CB3 {'rot': 0.01994}
  t=  26.87  cb_failure         L21-CB3 {'rot': 0.02021}
  t=  26.87  cb_failure         L22-CB3 {'rot': 0.02031}
  t=  26.87  cb_failure         L23-CB3 {'rot': 0.02026}
  t=  26.87  cb_failure         L24-CB3 {'rot': 0.02009}
  t=  26.87  cb_failure         L25-CB3 {'rot': 0.0198}
  t=  26.87  cb_failure         L26-CB3 {'rot': 0.01943}
  t=  26.87  cb_failure         L27-CB3 {'rot': 0.01899}
  t=  27.00  cb_failure         L28-CB3 {'rot': 0.02136}
  t=  27.00  cb_failure         L29-CB3 {'rot': 0.02119}
  t=  27.00  cb_failure         L30-CB3 {'rot': 0.02094}
  t=  27.00  cb_failure         L31-CB3 {'rot': 0.02068}
  t=  27.00  cb_failure         L32-CB3 {'rot': 0.02048}
  t=  27.00  cb_failure         L33-CB3 {'rot': 0.02039}
  t=  27.25  cb_failure         L23-CB2 {'rot': 0.01861}
  t=  27.25  cb_failure         L24-CB2 {'rot': 0.01896}
  t=  27.25  cb_failure         L25-CB2 {'rot': 0.01918}
  t=  27.25  cb_failure         L26-CB2 {'rot': 0.01926}
  t=  27.25  cb_failure         L27-CB2 {'rot': 0.01923}
  t=  27.25  cb_failure         L28-CB2 {'rot': 0.01912}
  t=  27.25  cb_failure         L29-CB2 {'rot': 0.01893}
  t=  27.25  cb_failure         L30-CB2 {'rot': 0.01865}
  t=  27.50  cb_failure         L13-CB3 {'rot': 0.01822}
  t=  27.50  cb_failure         L17-CB3 {'rot': 0.01928}
  t=  27.62  cb_failure         L10-CB3 {'rot': 0.01872}
  t=  27.62  cb_failure         L11-CB3 {'rot': 0.01962}
  t=  27.62  cb_failure         L12-CB3 {'rot': 0.02034}
  t=  27.62  cb_failure         L13-CB2 {'rot': 0.01893}
  t=  27.62  cb_failure         L14-CB2 {'rot': 0.01913}
  t=  27.62  cb_failure         L15-CB2 {'rot': 0.01919}
  t=  27.62  cb_failure         L16-CB2 {'rot': 0.0191}
  t=  27.62  cb_failure         L17-CB2 {'rot': 0.01882}
  t=  27.75  cb_failure         L18-CB2 {'rot': 0.0201}
  t=  27.75  cb_failure         L19-CB2 {'rot': 0.01945}
  t=  27.75  cb_failure         L20-CB2 {'rot': 0.01864}
  t=  28.25  cb_failure         L24-CB0 {'rot': 0.01856}
  t=  28.25  cb_failure         L25-CB0 {'rot': 0.01883}
  t=  28.25  cb_failure         L26-CB0 {'rot': 0.01904}
  t=  28.25  cb_failure         L27-CB0 {'rot': 0.01921}
  t=  28.25  cb_failure         L28-CB0 {'rot': 0.01932}
  t=  28.25  cb_failure         L29-CB0 {'rot': 0.01937}
  t=  28.25  cb_failure         L30-CB0 {'rot': 0.01935}
  t=  28.25  cb_failure         L30-CB1 {'rot': 0.02212}
  t=  28.25  cb_failure         L31-CB0 {'rot': 0.01929}
  t=  28.25  cb_failure         L31-CB1 {'rot': 0.02206}
  t=  28.25  cb_failure         L32-CB0 {'rot': 0.0192}
  t=  28.25  cb_failure         L32-CB1 {'rot': 0.02196}
  t=  28.25  cb_failure         L33-CB0 {'rot': 0.01915}
  t=  28.25  cb_failure         L33-CB1 {'rot': 0.02191}
  t=  28.37  cb_failure         L22-CB0 {'rot': 0.01931}
  t=  28.37  cb_failure         L23-CB0 {'rot': 0.01973}
  t=  29.25  cb_failure         L6-CB0 {'rot': 0.01893}
  progress t=  30.0s  max corner drift so far=0.0082  wall clock=405s
  t=  33.12  cb_failure         L31-CB2 {'rot': 0.01971}
  t=  33.12  cb_failure         L32-CB2 {'rot': 0.01969}
  t=  33.12  cb_failure         L33-CB2 {'rot': 0.01967}
  progress t=  40.0s  max corner drift so far=0.0088  wall clock=545s
  t=  41.50  cb_failure         L21-CB2 {'rot': 0.01857}
  t=  41.50  cb_failure         L22-CB2 {'rot': 0.01856}
  t=  42.12  cb_failure         L9-CB3 {'rot': 0.01831}
  t=  42.25  cb_failure         L8-CB3 {'rot': 0.01855}
  t=  42.37  cb_failure         L6-CB2 {'rot': 0.01825}
  t=  42.37  cb_failure         L7-CB3 {'rot': 0.01934}
  t=  42.50  cb_failure         L6-CB3 {'rot': 0.01929}
  t=  42.62  cb_failure         L5-CB3 {'rot': 0.01846}
  t=  46.25  cb_failure         L5-CB2 {'rot': 0.01845}
  t=  49.12  cb_failure         L4-CB3 {'rot': 0.01857}
  progress t=  50.0s  max corner drift so far=0.0090  wall clock=687s
  t=  51.25  cb_failure         L4-CB2 {'rot': 0.01892}
  progress t=  60.0s  max corner drift so far=0.0090  wall clock=827s
  t=  60.87  cb_failure         L6-CB1 {'rot': 0.01817}
  t=  61.00  cb_failure         L5-CB1 {'rot': 0.01825}
  t=  61.12  cb_failure         L5-CB0 {'rot': 0.01856}
  progress t=  70.0s  max corner drift so far=0.0090  wall clock=964s
  progress t=  80.0s  max corner drift so far=0.0090  wall clock=1106s
  progress t=  90.0s  max corner drift so far=0.0090  wall clock=1242s
  progress t= 100.0s  max corner drift so far=0.0090  wall clock=1375s
