  t=   8.00  cb_yield           L8-CB1 {'rot': 0.00504}
  t=   8.00  cb_yield           L9-CB1 {'rot': 0.0051}
  t=   8.00  cb_yield           L10-CB1 {'rot': 0.00509}
  t=   8.00  cb_yield           L11-CB1 {'rot': 0.00504}
  t=   8.00  cb_yield           L12-CB1 {'rot': 0.00495}
  t=   8.13  cb_yield           L5-CB1 {'rot': 0.00507}
  t=   8.13  cb_yield           L6-CB0 {'rot': 0.00522}
  t=   8.13  cb_yield           L6-CB1 {'rot': 0.00544}
  t=   8.13  cb_yield           L7-CB0 {'rot': 0.00544}
  t=   8.13  cb_yield           L7-CB1 {'rot': 0.0057}
  t=   8.13  cb_yield           L8-CB0 {'rot': 0.00557}
  t=   8.13  cb_yield           L9-CB0 {'rot': 0.00561}
  t=   8.13  cb_yield           L10-CB0 {'rot': 0.00557}
  t=   8.13  cb_yield           L11-CB0 {'rot': 0.00548}
  t=   8.13  cb_yield           L12-CB0 {'rot': 0.00532}
  t=   8.13  cb_yield           L13-CB0 {'rot': 0.00512}
  t=   8.13  cb_yield           L13-CB1 {'rot': 0.00555}
  t=   8.13  cb_yield           L14-CB1 {'rot': 0.00532}
  t=   8.13  cb_yield           L15-CB1 {'rot': 0.00508}
  t=   8.25  cb_yield           L4-CB0 {'rot': 0.00499}
  t=   8.25  cb_yield           L4-CB1 {'rot': 0.00519}
  t=   8.25  cb_yield           L5-CB0 {'rot': 0.00548}
  t=   8.25  cb_yield           L5-CB3 {'rot': 0.005}
  t=   8.25  cb_yield           L6-CB2 {'rot': 0.00495}
  t=   8.25  cb_yield           L6-CB3 {'rot': 0.00525}
  t=   8.25  cb_yield           L7-CB2 {'rot': 0.00502}
  t=   8.25  cb_yield           L7-CB3 {'rot': 0.00536}
  t=   8.25  cb_yield           L8-CB2 {'rot': 0.00499}
  t=   8.25  cb_yield           L8-CB3 {'rot': 0.00536}
  t=   8.25  cb_yield           L9-CB3 {'rot': 0.00527}
  t=   8.25  cb_yield           L10-CB3 {'rot': 0.00509}
  t=   8.25  cb_yield           L14-CB0 {'rot': 0.00513}
  t=   8.25  cb_yield           L16-CB1 {'rot': 0.00504}
  t=   8.38  cb_yield           L3-CB1 {'rot': 0.00503}
  t=   8.38  cb_yield           L4-CB2 {'rot': 0.00507}
  t=   8.38  cb_yield           L4-CB3 {'rot': 0.00533}
  t=   8.38  cb_yield           L5-CB2 {'rot': 0.00547}
  t=   8.38  cb_yield           L9-CB2 {'rot': 0.00533}
  t=   8.38  cb_yield           L10-CB2 {'rot': 0.00501}
  t=   8.38  cb_yield           L11-CB3 {'rot': 0.00516}
  t=   8.50  cb_yield           L12-CB3 {'rot': 0.00501}
  t=   8.75  cb_yield           L13-CB3 {'rot': 0.00497}
  t=   8.88  cb_yield           L14-CB3 {'rot': 0.0052}
  t=   8.88  cb_yield           L15-CB0 {'rot': 0.00495}
  t=   8.88  cb_yield           L15-CB3 {'rot': 0.00531}
  t=   8.88  cb_yield           L16-CB3 {'rot': 0.00538}
  t=   9.00  cb_yield           L17-CB3 {'rot': 0.00585}
  t=   9.00  cb_yield           L18-CB3 {'rot': 0.00602}
  t=   9.00  cb_yield           L19-CB3 {'rot': 0.0061}
  t=   9.00  cb_yield           L20-CB3 {'rot': 0.00609}
  t=   9.00  cb_yield           L21-CB3 {'rot': 0.006}
  t=   9.00  cb_yield           L22-CB3 {'rot': 0.00585}
  t=   9.00  cb_yield           L23-CB3 {'rot': 0.00564}
  t=   9.13  cb_yield           L20-CB2 {'rot': 0.00546}
  t=   9.13  cb_yield           L21-CB2 {'rot': 0.00562}
  t=   9.13  cb_yield           L22-CB2 {'rot': 0.00569}
  t=   9.13  cb_yield           L23-CB2 {'rot': 0.00566}
  t=   9.13  cb_yield           L24-CB2 {'rot': 0.00554}
  t=   9.13  cb_yield           L24-CB3 {'rot': 0.00641}
  t=   9.13  cb_yield           L25-CB3 {'rot': 0.00622}
  t=   9.13  cb_yield           L26-CB3 {'rot': 0.00596}
  t=   9.13  cb_yield           L27-CB3 {'rot': 0.00565}
  t=   9.25  cb_yield           L25-CB2 {'rot': 0.00549}
  t=   9.25  cb_yield           L28-CB3 {'rot': 0.00574}
  progress t=  10.0s  max corner drift so far=0.0019  wall clock=134s
  t=  10.50  cb_yield           L3-CB0 {'rot': 0.00542}
  t=  10.50  cb_yield           L3-CB2 {'rot': 0.00522}
  t=  10.50  cb_yield           L3-CB3 {'rot': 0.00495}
  t=  10.63  cb_yield           L2-CB0 {'rot': 0.00592}
  t=  10.63  cb_yield           L2-CB1 {'rot': 0.00589}
  t=  10.63  cb_yield           L2-CB2 {'rot': 0.00617}
  t=  10.63  cb_yield           L2-CB3 {'rot': 0.00599}
  t=  10.63  cb_yield           L11-CB2 {'rot': 0.00547}
  t=  10.75  cb_yield           L12-CB2 {'rot': 0.00589}
  t=  10.88  cb_yield           L1-CB2 {'rot': 0.00519}
  t=  10.88  cb_yield           L1-CB3 {'rot': 0.00507}
  t=  10.88  cb_yield           L13-CB2 {'rot': 0.00553}
  t=  11.00  cb_yield           L14-CB2 {'rot': 0.00503}
  t=  11.13  cb_yield           L16-CB0 {'rot': 0.00613}
  t=  11.13  cb_yield           L17-CB0 {'rot': 0.00568}
  t=  11.25  cb_yield           L15-CB2 {'rot': 0.00668}
  t=  11.25  cb_yield           L16-CB2 {'rot': 0.00615}
  t=  11.25  cb_yield           L17-CB1 {'rot': 0.00854}
  t=  11.25  cb_yield           L17-CB2 {'rot': 0.00552}
  t=  11.25  cb_yield           L18-CB0 {'rot': 0.00878}
  t=  11.25  cb_yield           L18-CB1 {'rot': 0.0083}
  t=  11.25  cb_yield           L19-CB0 {'rot': 0.00854}
  t=  11.25  cb_yield           L19-CB1 {'rot': 0.00804}
  t=  11.25  cb_yield           L20-CB0 {'rot': 0.00829}
  t=  11.25  cb_yield           L20-CB1 {'rot': 0.00777}
  t=  11.25  cb_yield           L21-CB0 {'rot': 0.008}
  t=  11.25  cb_yield           L21-CB1 {'rot': 0.00747}
  t=  11.25  cb_yield           L22-CB0 {'rot': 0.00768}
  t=  11.25  cb_yield           L22-CB1 {'rot': 0.00713}
  t=  11.25  cb_yield           L23-CB0 {'rot': 0.00733}
  t=  11.25  cb_yield           L23-CB1 {'rot': 0.00677}
  t=  11.25  cb_yield           L24-CB0 {'rot': 0.00694}
  t=  11.25  cb_yield           L24-CB1 {'rot': 0.00637}
  t=  11.25  cb_yield           L25-CB0 {'rot': 0.00654}
  t=  11.25  cb_yield           L25-CB1 {'rot': 0.00595}
  t=  11.25  cb_yield           L26-CB0 {'rot': 0.00611}
  t=  11.25  cb_yield           L26-CB1 {'rot': 0.00552}
  t=  11.25  cb_yield           L27-CB0 {'rot': 0.00567}
  t=  11.38  cb_yield           L18-CB2 {'rot': 0.00804}
  t=  11.38  cb_yield           L19-CB2 {'rot': 0.00758}
  t=  11.38  cb_yield           L27-CB1 {'rot': 0.0066}
  t=  11.38  cb_yield           L28-CB0 {'rot': 0.0065}
  t=  11.38  cb_yield           L28-CB1 {'rot': 0.00589}
  t=  11.38  cb_yield           L29-CB0 {'rot': 0.00579}
  t=  11.50  cb_yield           L29-CB1 {'rot': 0.00566}
  t=  11.63  cb_yield           L26-CB2 {'rot': 0.00569}
  t=  12.88  cb_yield           L29-CB3 {'rot': 0.00618}
  t=  12.88  cb_yield           L30-CB3 {'rot': 0.00596}
  t=  12.88  cb_yield           L31-CB3 {'rot': 0.00569}
  t=  13.63  cb_yield           L27-CB2 {'rot': 0.0067}
  t=  13.63  cb_yield           L28-CB2 {'rot': 0.00605}
  t=  13.75  cb_yield           L29-CB2 {'rot': 0.00604}
  t=  13.75  cb_yield           L30-CB2 {'rot': 0.00546}
  t=  14.63  cb_yield           L31-CB2 {'rot': 0.00625}
  t=  14.63  cb_yield           L32-CB2 {'rot': 0.00586}
  t=  14.63  cb_yield           L32-CB3 {'rot': 0.00763}
  t=  14.63  cb_yield           L33-CB2 {'rot': 0.00565}
  t=  14.63  cb_yield           L33-CB3 {'rot': 0.00743}
  t=  15.75  cb_yield           L30-CB1 {'rot': 0.00578}
  t=  15.75  cb_yield           L31-CB1 {'rot': 0.0056}
  t=  15.75  cb_yield           L32-CB1 {'rot': 0.00548}
  t=  15.88  cb_yield           L33-CB1 {'rot': 0.00673}
  t=  16.00  cb_yield           L30-CB0 {'rot': 0.00694}
  t=  16.00  cb_yield           L31-CB0 {'rot': 0.00676}
  t=  16.00  cb_yield           L32-CB0 {'rot': 0.00663}
  t=  16.00  cb_yield           L33-CB0 {'rot': 0.00657}
  progress t=  20.0s  max corner drift so far=0.0062  wall clock=269s
  t=  20.50  cb_failure         L26-CB3 {'rot': 0.01957}
  t=  21.12  cb_failure         L20-CB1 {'rot': 0.01966}
  t=  21.12  cb_failure         L21-CB1 {'rot': 0.01995}
  t=  21.12  cb_failure         L22-CB1 {'rot': 0.02001}
  t=  21.12  cb_failure         L23-CB1 {'rot': 0.01987}
  t=  21.12  cb_failure         L24-CB1 {'rot': 0.01955}
  t=  21.12  cb_failure         L30-CB1 {'rot': 0.01949}
  t=  21.25  cb_failure         L25-CB1 {'rot': 0.02095}
  t=  21.25  cb_failure         L26-CB1 {'rot': 0.02067}
  t=  21.25  cb_failure         L27-CB1 {'rot': 0.02025}
  t=  21.25  cb_failure         L28-CB1 {'rot': 0.01969}
  t=  21.25  cb_failure         L32-CB1 {'rot': 0.01977}
  t=  21.25  cb_failure         L33-CB1 {'rot': 0.01974}
  t=  21.37  cb_failure         L16-CB1 {'rot': 0.01905}
  t=  21.37  cb_failure         L17-CB1 {'rot': 0.01954}
  t=  21.37  cb_failure         L18-CB1 {'rot': 0.01994}
  t=  21.37  cb_failure         L19-CB1 {'rot': 0.02028}
  t=  21.37  cb_failure         L29-CB1 {'rot': 0.0213}
  t=  21.37  cb_failure         L31-CB1 {'rot': 0.02087}
  t=  21.50  cb_failure         L12-CB1 {'rot': 0.01941}
  t=  21.50  cb_failure         L13-CB1 {'rot': 0.02004}
  t=  21.50  cb_failure         L14-CB1 {'rot': 0.02051}
  t=  21.50  cb_failure         L15-CB1 {'rot': 0.02082}
  t=  21.50  cb_failure         L17-CB0 {'rot': 0.01966}
  t=  21.62  cb_failure         L10-CB1 {'rot': 0.01979}
  t=  21.62  cb_failure         L11-CB1 {'rot': 0.02073}
  t=  21.62  cb_failure         L12-CB0 {'rot': 0.0191}
  t=  21.62  cb_failure         L13-CB0 {'rot': 0.01953}
  t=  21.62  cb_failure         L14-CB0 {'rot': 0.01976}
  t=  21.62  cb_failure         L15-CB0 {'rot': 0.01982}
  t=  21.62  cb_failure         L16-CB0 {'rot': 0.01974}
  t=  21.75  cb_failure         L9-CB1 {'rot': 0.01952}
  t=  21.75  cb_failure         L10-CB0 {'rot': 0.01924}
  t=  21.75  cb_failure         L11-CB0 {'rot': 0.02016}
  t=  21.75  cb_failure         L18-CB0 {'rot': 0.02068}
  t=  21.75  cb_failure         L19-CB0 {'rot': 0.01995}
  t=  21.87  cb_failure         L9-CB0 {'rot': 0.01894}
  t=  27.12  cb_failure         L31-CB3 {'rot': 0.01974}
  progress t=  30.0s  max corner drift so far=0.0068  wall clock=408s
  t= 30.825  solver fallback: Newton
  t= 33.075  solver fallback: Newton
  t=  35.25  cb_failure         L23-CB3 {'rot': 0.01958}
  t=  35.25  cb_failure         L27-CB3 {'rot': 0.01947}
  t=  35.25  cb_failure         L28-CB3 {'rot': 0.01954}
  t=  35.25  cb_failure         L29-CB3 {'rot': 0.01951}
  t=  35.37  cb_failure         L24-CB3 {'rot': 0.01996}
  t=  35.37  cb_failure         L25-CB3 {'rot': 0.02013}
  t=  35.37  cb_failure         L30-CB3 {'rot': 0.01966}
  t=  35.37  cb_failure         L32-CB2 {'rot': 0.01982}
  t=  35.37  cb_failure         L33-CB2 {'rot': 0.01971}
  t=  35.50  cb_failure         L22-CB3 {'rot': 0.01959}
  t=  35.50  cb_failure         L26-CB2 {'rot': 0.01965}
  t=  35.50  cb_failure         L32-CB3 {'rot': 0.01963}
  t=  35.50  cb_failure         L33-CB3 {'rot': 0.01959}
  progress t=  40.0s  max corner drift so far=0.0087  wall clock=541s
  t=  41.00  cb_failure         L14-CB3 {'rot': 0.01952}
  t=  41.00  cb_failure         L15-CB3 {'rot': 0.02016}
  t=  41.00  cb_failure         L16-CB3 {'rot': 0.02052}
  t=  41.00  cb_failure         L17-CB3 {'rot': 0.02067}
  t=  41.00  cb_failure         L18-CB3 {'rot': 0.02056}
  t=  41.00  cb_failure         L19-CB3 {'rot': 0.02021}
  t=  41.00  cb_failure         L20-CB3 {'rot': 0.01966}
  t=  41.12  cb_failure         L21-CB3 {'rot': 0.02081}
  t=  41.37  cb_failure         L22-CB2 {'rot': 0.01972}
  t=  41.37  cb_failure         L23-CB2 {'rot': 0.02013}
  t=  41.37  cb_failure         L24-CB2 {'rot': 0.02043}
  t=  41.37  cb_failure         L25-CB2 {'rot': 0.02061}
  t=  41.37  cb_failure         L27-CB2 {'rot': 0.0206}
  t=  41.37  cb_failure         L28-CB2 {'rot': 0.02045}
  t=  41.37  cb_failure         L29-CB2 {'rot': 0.02022}
  t=  41.37  cb_failure         L30-CB2 {'rot': 0.0199}
  t=  41.37  cb_failure         L31-CB2 {'rot': 0.01958}
  t=  41.50  cb_failure         L21-CB2 {'rot': 0.0201}
  t=  41.62  cb_failure         L19-CB2 {'rot': 0.01949}
  t=  41.62  cb_failure         L20-CB2 {'rot': 0.02037}
  t=  41.75  cb_failure         L18-CB2 {'rot': 0.02015}
  t=  41.87  cb_failure         L13-CB2 {'rot': 0.01917}
  t=  41.87  cb_failure         L13-CB3 {'rot': 0.02}
  t=  41.87  cb_failure         L14-CB2 {'rot': 0.02014}
  t=  41.87  cb_failure         L15-CB2 {'rot': 0.02094}
  t=  41.87  cb_failure         L16-CB2 {'rot': 0.0216}
  t=  41.87  cb_failure         L17-CB2 {'rot': 0.02229}
  t=  42.00  cb_failure         L11-CB2 {'rot': 0.01947}
  t=  42.00  cb_failure         L11-CB3 {'rot': 0.01954}
  t=  42.00  cb_failure         L12-CB2 {'rot': 0.02108}
  t=  42.00  cb_failure         L12-CB3 {'rot': 0.0211}
  t=  42.12  cb_failure         L10-CB2 {'rot': 0.02038}
  t=  42.12  cb_failure         L10-CB3 {'rot': 0.0195}
  t=  42.25  cb_failure         L9-CB2 {'rot': 0.02072}
  t=  42.25  cb_failure         L9-CB3 {'rot': 0.01893}
  t=  42.37  cb_failure         L7-CB2 {'rot': 0.0199}
  t=  42.37  cb_failure         L8-CB2 {'rot': 0.0213}
  t=  42.37  cb_failure         L8-CB3 {'rot': 0.01924}
  t=  42.50  cb_failure         L6-CB2 {'rot': 0.02073}
  t=  42.50  cb_failure         L7-CB3 {'rot': 0.01983}
  t=  42.62  cb_failure         L5-CB2 {'rot': 0.02063}
  t=  42.62  cb_failure         L6-CB3 {'rot': 0.02015}
  t=  42.75  cb_failure         L4-CB2 {'rot': 0.01895}
  t=  42.75  cb_failure         L5-CB3 {'rot': 0.01911}
  t=  44.25  cb_failure         L23-CB0 {'rot': 0.01954}
  t=  44.25  cb_failure         L24-CB0 {'rot': 0.01975}
  t=  44.25  cb_failure         L25-CB0 {'rot': 0.01989}
  t=  44.25  cb_failure         L26-CB0 {'rot': 0.01995}
  t=  44.25  cb_failure         L27-CB0 {'rot': 0.01994}
  t=  44.25  cb_failure         L28-CB0 {'rot': 0.01987}
  t=  44.25  cb_failure         L29-CB0 {'rot': 0.01973}
  t=  44.25  cb_failure         L30-CB0 {'rot': 0.01954}
  t=  44.37  cb_failure         L20-CB0 {'rot': 0.01979}
  t=  44.37  cb_failure         L21-CB0 {'rot': 0.02056}
  t=  44.37  cb_failure         L22-CB0 {'rot': 0.02119}
  t=  44.37  cb_failure         L31-CB0 {'rot': 0.02179}
  t=  44.37  cb_failure         L32-CB0 {'rot': 0.0216}
  t=  44.37  cb_failure         L33-CB0 {'rot': 0.02153}
  progress t=  50.0s  max corner drift so far=0.0110  wall clock=677s
  t=  51.12  cb_yield           L1-CB1 {'rot': 0.00549}
  t=  51.25  cb_yield           L1-CB0 {'rot': 0.00592}
  t=  51.25  cb_failure         L4-CB3 {'rot': 0.02077}
  t=  51.50  cb_failure         L8-CB1 {'rot': 0.01923}
