  t=   4.25  cb_yield           L7-CB0 {'rot': 0.00502}
  t=   4.25  cb_yield           L8-CB0 {'rot': 0.00503}
  t=   4.25  cb_yield           L9-CB0 {'rot': 0.00496}
  t=   4.37  cb_yield           L4-CB0 {'rot': 0.0055}
  t=   4.37  cb_yield           L4-CB1 {'rot': 0.00531}
  t=   4.37  cb_yield           L5-CB0 {'rot': 0.00597}
  t=   4.37  cb_yield           L5-CB1 {'rot': 0.00575}
  t=   4.37  cb_yield           L5-CB2 {'rot': 0.00523}
  t=   4.37  cb_yield           L5-CB3 {'rot': 0.00505}
  t=   4.37  cb_yield           L6-CB0 {'rot': 0.00622}
  t=   4.37  cb_yield           L6-CB1 {'rot': 0.00599}
  t=   4.37  cb_yield           L6-CB2 {'rot': 0.00534}
  t=   4.37  cb_yield           L6-CB3 {'rot': 0.00513}
  t=   4.37  cb_yield           L7-CB1 {'rot': 0.00604}
  t=   4.37  cb_yield           L7-CB2 {'rot': 0.00527}
  t=   4.37  cb_yield           L7-CB3 {'rot': 0.00504}
  t=   4.37  cb_yield           L8-CB1 {'rot': 0.00595}
  t=   4.37  cb_yield           L8-CB2 {'rot': 0.00504}
  t=   4.37  cb_yield           L9-CB1 {'rot': 0.00574}
  t=   4.37  cb_yield           L10-CB0 {'rot': 0.00576}
  t=   4.37  cb_yield           L10-CB1 {'rot': 0.00544}
  t=   4.37  cb_yield           L11-CB0 {'rot': 0.0054}
  t=   4.37  cb_yield           L11-CB1 {'rot': 0.00507}
  t=   4.37  cb_yield           L12-CB0 {'rot': 0.005}
  t=   4.50  cb_yield           L3-CB0 {'rot': 0.00522}
  t=   4.50  cb_yield           L3-CB1 {'rot': 0.00504}
  t=   4.50  cb_yield           L4-CB2 {'rot': 0.00532}
  t=   4.50  cb_yield           L4-CB3 {'rot': 0.00514}
  t=   4.50  cb_yield           L8-CB3 {'rot': 0.00521}
  t=   4.50  cb_yield           L9-CB2 {'rot': 0.00505}
  t=   7.88  cb_yield           L12-CB1 {'rot': 0.00572}
  t=   7.88  cb_yield           L13-CB0 {'rot': 0.00508}
  t=   7.88  cb_yield           L13-CB1 {'rot': 0.00567}
  t=   7.88  cb_yield           L14-CB0 {'rot': 0.00498}
  t=   7.88  cb_yield           L14-CB1 {'rot': 0.0056}
  t=   7.88  cb_yield           L15-CB1 {'rot': 0.00553}
  t=   7.88  cb_yield           L16-CB1 {'rot': 0.00546}
  t=   8.00  cb_yield           L15-CB0 {'rot': 0.00605}
  t=   8.00  cb_yield           L16-CB0 {'rot': 0.00574}
  t=   8.00  cb_yield           L17-CB1 {'rot': 0.00601}
  t=   8.00  cb_yield           L18-CB1 {'rot': 0.00566}
  t=   8.13  cb_yield           L9-CB3 {'rot': 0.0069}
  t=   8.13  cb_yield           L10-CB2 {'rot': 0.00623}
  t=   8.13  cb_yield           L10-CB3 {'rot': 0.00681}
  t=   8.13  cb_yield           L11-CB2 {'rot': 0.00599}
  t=   8.13  cb_yield           L11-CB3 {'rot': 0.00661}
  t=   8.13  cb_yield           L12-CB2 {'rot': 0.00567}
  t=   8.13  cb_yield           L12-CB3 {'rot': 0.00631}
  t=   8.13  cb_yield           L13-CB2 {'rot': 0.00526}
  t=   8.13  cb_yield           L13-CB3 {'rot': 0.00593}
  t=   8.13  cb_yield           L14-CB3 {'rot': 0.00547}
  t=   8.13  cb_yield           L15-CB3 {'rot': 0.00498}
  t=   8.13  cb_yield           L17-CB0 {'rot': 0.00608}
  t=   8.13  cb_yield           L18-CB0 {'rot': 0.00551}
  t=   8.13  cb_yield           L19-CB1 {'rot': 0.00566}
  t=   8.25  cb_yield           L2-CB0 {'rot': 0.00508}
  t=   8.25  cb_yield           L2-CB1 {'rot': 0.00533}
  t=   8.25  cb_yield           L3-CB2 {'rot': 0.00567}
  t=   8.25  cb_yield           L3-CB3 {'rot': 0.00595}
  t=   8.25  cb_yield           L14-CB2 {'rot': 0.00544}
  t=   8.25  cb_yield           L16-CB3 {'rot': 0.00495}
  t=   8.25  cb_yield           L20-CB1 {'rot': 0.0055}
  t=   8.38  cb_yield           L2-CB2 {'rot': 0.00554}
  t=   8.38  cb_yield           L2-CB3 {'rot': 0.00579}
  t=   8.50  cb_yield           L15-CB2 {'rot': 0.00502}
  t=   8.63  cb_yield           L16-CB2 {'rot': 0.00496}
  t=   8.75  cb_yield           L17-CB2 {'rot': 0.00564}
  t=   8.75  cb_yield           L17-CB3 {'rot': 0.00671}
  t=   8.75  cb_yield           L18-CB3 {'rot': 0.00606}
  t=   8.88  cb_yield           L18-CB2 {'rot': 0.00695}
  t=   8.88  cb_yield           L19-CB0 {'rot': 0.00635}
  t=   8.88  cb_yield           L19-CB2 {'rot': 0.00641}
  t=   8.88  cb_yield           L19-CB3 {'rot': 0.00755}
  t=   8.88  cb_yield           L20-CB0 {'rot': 0.00565}
  t=   8.88  cb_yield           L20-CB2 {'rot': 0.00586}
  t=   8.88  cb_yield           L20-CB3 {'rot': 0.00702}
  t=   8.88  cb_yield           L21-CB1 {'rot': 0.00605}
  t=   8.88  cb_yield           L21-CB3 {'rot': 0.00649}
  t=   8.88  cb_yield           L22-CB3 {'rot': 0.00597}
  t=   8.88  cb_yield           L23-CB3 {'rot': 0.00549}
  t=   9.00  cb_yield           L21-CB0 {'rot': 0.0055}
  t=   9.00  cb_yield           L21-CB2 {'rot': 0.00716}
  t=   9.00  cb_yield           L22-CB1 {'rot': 0.00587}
  t=   9.00  cb_yield           L22-CB2 {'rot': 0.00657}
  t=   9.00  cb_yield           L23-CB2 {'rot': 0.00597}
  t=   9.00  cb_yield           L24-CB3 {'rot': 0.00662}
  t=   9.00  cb_yield           L25-CB3 {'rot': 0.00608}
  t=   9.00  cb_yield           L26-CB3 {'rot': 0.00559}
  t=   9.13  cb_yield           L23-CB1 {'rot': 0.00566}
  t=   9.13  cb_yield           L24-CB2 {'rot': 0.00715}
  t=   9.13  cb_yield           L25-CB2 {'rot': 0.00663}
  t=   9.13  cb_yield           L26-CB2 {'rot': 0.00607}
  t=   9.13  cb_yield           L27-CB2 {'rot': 0.00551}
  t=   9.13  cb_yield           L27-CB3 {'rot': 0.00682}
  t=   9.13  cb_yield           L28-CB3 {'rot': 0.00627}
  t=   9.13  cb_yield           L29-CB3 {'rot': 0.00575}
  t=   9.25  cb_yield           L28-CB2 {'rot': 0.00631}
  t=   9.25  cb_yield           L29-CB2 {'rot': 0.00576}
  t=   9.25  cb_yield           L30-CB3 {'rot': 0.00659}
  t=   9.25  cb_yield           L31-CB3 {'rot': 0.00612}
  t=   9.25  cb_yield           L32-CB3 {'rot': 0.00577}
  t=   9.25  cb_yield           L33-CB3 {'rot': 0.00557}
  t=   9.38  cb_yield           L30-CB2 {'rot': 0.00574}
  progress t=  10.0s  max corner drift so far=0.0027  wall clock=114s
  t=  10.63  cb_yield           L23-CB0 {'rot': 0.00559}
  t=  10.63  cb_yield           L24-CB0 {'rot': 0.00568}
  t=  10.63  cb_yield           L24-CB1 {'rot': 0.00693}
  t=  10.63  cb_yield           L25-CB0 {'rot': 0.00563}
  t=  10.63  cb_yield           L25-CB1 {'rot': 0.0069}
  t=  10.63  cb_yield           L26-CB1 {'rot': 0.00674}
  t=  10.63  cb_yield           L27-CB1 {'rot': 0.00645}
  t=  10.63  cb_yield           L28-CB1 {'rot': 0.00608}
  t=  10.63  cb_yield           L29-CB1 {'rot': 0.00566}
  t=  10.75  cb_yield           L1-CB0 {'rot': 0.00533}
  t=  10.75  cb_yield           L1-CB1 {'rot': 0.00522}
  t=  10.75  cb_yield           L1-CB2 {'rot': 0.00569}
  t=  10.75  cb_yield           L1-CB3 {'rot': 0.00548}
  t=  11.25  cb_yield           L22-CB0 {'rot': 0.00652}
  t=  11.25  cb_yield           L26-CB0 {'rot': 0.0056}
  t=  11.38  cb_failure         L10-CB0 {'rot': 0.01902}
  t=  11.38  cb_failure         L11-CB0 {'rot': 0.01913}
  t=  11.38  cb_failure         L12-CB0 {'rot': 0.01899}
  t=  11.38  cb_yield           L27-CB0 {'rot': 0.00734}
  t=  11.38  cb_yield           L28-CB0 {'rot': 0.0068}
  t=  11.38  cb_yield           L29-CB0 {'rot': 0.00629}
  t=  11.38  cb_yield           L30-CB0 {'rot': 0.0058}
  t=  11.50  cb_failure         L9-CB0 {'rot': 0.01918}
  t=  11.50  cb_failure         L10-CB1 {'rot': 0.01973}
  t=  11.50  cb_failure         L11-CB1 {'rot': 0.02065}
  t=  11.50  cb_failure         L12-CB1 {'rot': 0.02137}
  t=  11.50  cb_failure         L13-CB0 {'rot': 0.02249}
  t=  11.50  cb_failure         L13-CB1 {'rot': 0.02184}
  t=  11.50  cb_failure         L14-CB0 {'rot': 0.02269}
  t=  11.50  cb_failure         L14-CB1 {'rot': 0.02203}
  t=  11.50  cb_failure         L15-CB0 {'rot': 0.02261}
  t=  11.50  cb_failure         L15-CB1 {'rot': 0.02193}
  t=  11.50  cb_failure         L16-CB0 {'rot': 0.02227}
  t=  11.50  cb_failure         L16-CB1 {'rot': 0.02158}
  t=  11.50  cb_failure         L17-CB0 {'rot': 0.02152}
  t=  11.50  cb_failure         L17-CB1 {'rot': 0.02081}
  t=  11.50  cb_failure         L18-CB0 {'rot': 0.02044}
  t=  11.50  cb_failure         L18-CB1 {'rot': 0.01974}
  t=  11.63  cb_failure         L14-CB2 {'rot': 0.01932}
  t=  11.63  cb_failure         L14-CB3 {'rot': 0.01928}
  t=  11.63  cb_failure         L15-CB2 {'rot': 0.01974}
  t=  11.63  cb_failure         L15-CB3 {'rot': 0.01966}
  t=  11.63  cb_failure         L16-CB2 {'rot': 0.01986}
  t=  11.63  cb_failure         L16-CB3 {'rot': 0.01975}
  t=  11.63  cb_failure         L17-CB2 {'rot': 0.01964}
  t=  11.63  cb_failure         L17-CB3 {'rot': 0.0195}
  t=  11.63  cb_failure         L19-CB0 {'rot': 0.02507}
  t=  11.63  cb_failure         L19-CB1 {'rot': 0.02464}
  t=  11.63  cb_failure         L19-CB2 {'rot': 0.01969}
  t=  11.63  cb_failure         L20-CB0 {'rot': 0.02369}
  t=  11.63  cb_failure         L20-CB1 {'rot': 0.02326}
  t=  11.63  cb_failure         L21-CB0 {'rot': 0.0217}
  t=  11.63  cb_failure         L21-CB1 {'rot': 0.02133}
  t=  11.63  cb_failure         L22-CB0 {'rot': 0.02006}
  t= 11.650  solver fallback: Newton
  t= 11.675  solver fallback: Newton
  t=  11.75  cb_failure         L13-CB3 {'rot': 0.01896}
  t=  11.75  cb_failure         L18-CB2 {'rot': 0.02161}
  t=  11.75  cb_failure         L18-CB3 {'rot': 0.02163}
  t=  11.75  cb_failure         L19-CB3 {'rot': 0.02101}
  t=  11.75  cb_failure         L20-CB2 {'rot': 0.01989}
  t=  11.75  cb_failure         L20-CB3 {'rot': 0.01993}
  t=  11.75  cb_failure         L22-CB1 {'rot': 0.02174}
  t= 11.775  solver fallback: Newton
  t=  11.88  cb_failure         L21-CB2 {'rot': 0.02149}
  t=  11.88  cb_failure         L21-CB3 {'rot': 0.02178}
  t=  11.88  cb_failure         L22-CB2 {'rot': 0.01953}
  t=  11.88  cb_failure         L22-CB3 {'rot': 0.01978}
  t=  11.88  cb_failure         L23-CB0 {'rot': 0.02189}
  t=  11.88  cb_failure         L23-CB1 {'rot': 0.02184}
  t=  11.88  cb_failure         L23-CB2 {'rot': 0.01991}
  t=  12.00  cb_failure         L23-CB3 {'rot': 0.01972}
  t=  12.00  cb_failure         L24-CB0 {'rot': 0.01982}
  t=  12.00  cb_failure         L24-CB1 {'rot': 0.02015}
  t=  12.00  cb_failure         L24-CB2 {'rot': 0.01992}
  t=  12.00  cb_failure         L25-CB0 {'rot': 0.01997}
  t=  12.13  cb_failure         L24-CB3 {'rot': 0.01951}
  t=  12.13  cb_failure         L25-CB2 {'rot': 0.01996}
  t=  12.13  cb_failure         L26-CB0 {'rot': 0.01988}
  t=  12.13  cb_yield           L30-CB1 {'rot': 0.00618}
  t= 12.200  solver fallback: Newton
  t=  12.25  cb_failure         L25-CB3 {'rot': 0.01948}
  t=  12.25  cb_failure         L26-CB2 {'rot': 0.01994}
  t=  12.38  cb_failure         L27-CB2 {'rot': 0.01957}
  t=  12.38  cb_yield           L31-CB2 {'rot': 0.00638}
  t=  12.75  cb_failure         L8-CB0 {'rot': 0.01916}
  t=  12.75  cb_failure         L9-CB1 {'rot': 0.01902}
  t=  12.88  cb_failure         L7-CB0 {'rot': 0.02008}
  t=  12.88  cb_failure         L7-CB1 {'rot': 0.01945}
  t=  12.88  cb_failure         L7-CB2 {'rot': 0.01943}
  t=  12.88  cb_failure         L8-CB1 {'rot': 0.02026}
  t=  12.88  cb_failure         L8-CB2 {'rot': 0.02001}
  t=  12.88  cb_failure         L8-CB3 {'rot': 0.01923}
  t=  12.88  cb_failure         L9-CB2 {'rot': 0.02026}
  t=  12.88  cb_failure         L9-CB3 {'rot': 0.01943}
  t=  12.88  cb_failure         L10-CB2 {'rot': 0.0202}
  t=  12.88  cb_failure         L10-CB3 {'rot': 0.01933}
  t=  12.88  cb_failure         L11-CB2 {'rot': 0.01988}
  t=  12.88  cb_failure         L11-CB3 {'rot': 0.01895}
  t=  12.88  cb_failure         L12-CB2 {'rot': 0.0193}
  t=  13.00  cb_failure         L5-CB2 {'rot': 0.01923}
  t=  13.00  cb_failure         L6-CB0 {'rot': 0.01999}
  t=  13.00  cb_failure         L6-CB1 {'rot': 0.01932}
  t=  13.00  cb_failure         L6-CB2 {'rot': 0.02098}
  t=  13.00  cb_failure         L6-CB3 {'rot': 0.02027}
  t=  13.00  cb_failure         L7-CB3 {'rot': 0.02138}
  t=  13.00  cb_failure         L12-CB3 {'rot': 0.02102}
  t=  13.00  cb_failure         L13-CB2 {'rot': 0.02105}
  t=  13.00  cb_yield           L32-CB2 {'rot': 0.00724}
  t=  13.00  cb_yield           L33-CB2 {'rot': 0.00711}
  t=  13.13  cb_failure         L5-CB3 {'rot': 0.01964}
  t=  14.75  cb_yield           L31-CB0 {'rot': 0.00668}
  t=  14.75  cb_yield           L32-CB0 {'rot': 0.00627}
  t=  14.75  cb_yield           L33-CB0 {'rot': 0.0061}
  t=  15.00  cb_failure         L29-CB2 {'rot': 0.01971}
  t=  15.13  cb_failure         L26-CB3 {'rot': 0.02258}
  t=  15.13  cb_failure         L27-CB3 {'rot': 0.02258}
  t=  15.13  cb_failure         L28-CB2 {'rot': 0.02101}
  t=  15.13  cb_failure         L28-CB3 {'rot': 0.02241}
  t=  15.13  cb_failure         L29-CB3 {'rot': 0.02212}
  t=  15.13  cb_failure         L30-CB2 {'rot': 0.02026}
  t=  15.13  cb_failure         L30-CB3 {'rot': 0.02173}
  t=  15.13  cb_failure         L31-CB2 {'rot': 0.01984}
  t=  15.13  cb_failure         L31-CB3 {'rot': 0.02133}
  t=  15.13  cb_failure         L32-CB2 {'rot': 0.01948}
  t=  15.13  cb_failure         L32-CB3 {'rot': 0.02099}
  t=  15.13  cb_failure         L33-CB3 {'rot': 0.0208}
  t=  15.25  cb_yield           L31-CB1 {'rot': 0.00881}
  t=  15.25  cb_yield           L32-CB1 {'rot': 0.00825}
  t=  15.25  cb_yield           L33-CB1 {'rot': 0.00801}
  t=  15.25  cb_failure         L33-CB2 {'rot': 0.0196}
  t=  15.38  cb_failure         L25-CB1 {'rot': 0.022}
  t=  15.38  cb_failure         L26-CB1 {'rot': 0.02157}
  t=  15.38  cb_failure         L27-CB1 {'rot': 0.02085}
  t=  15.38  cb_failure         L28-CB1 {'rot': 0.01989}
  t=  15.50  cb_failure         L29-CB1 {'rot': 0.02352}
  t=  15.50  cb_failure         L30-CB1 {'rot': 0.02294}
  t=  15.50  cb_failure         L31-CB1 {'rot': 0.02238}
  t=  15.50  cb_failure         L32-CB1 {'rot': 0.02197}
  t=  15.50  cb_failure         L33-CB1 {'rot': 0.02181}
  t=  15.63  cb_failure         L27-CB0 {'rot': 0.02046}
  t=  15.63  cb_failure         L28-CB0 {'rot': 0.02037}
  t=  15.63  cb_failure         L29-CB0 {'rot': 0.02019}
  t=  15.63  cb_failure         L30-CB0 {'rot': 0.0199}
  t=  15.63  cb_failure         L31-CB0 {'rot': 0.01957}
  t=  15.75  cb_failure         L32-CB0 {'rot': 0.01985}
  t=  15.75  cb_failure         L33-CB0 {'rot': 0.01975}
  progress t=  20.0s  max corner drift so far=0.0107  wall clock=240s
  progress t=  30.0s  max corner drift so far=0.0107  wall clock=364s
  progress t=  40.0s  max corner drift so far=0.0120  wall clock=497s
  t=  43.12  cb_failure         L4-CB2 {'rot': 0.01914}
  t=  43.12  cb_failure         L4-CB3 {'rot': 0.01933}
  t=  47.12  cb_failure         L3-CB2 {'rot': 0.0192}
  t=  48.87  cb_failure         L4-CB0 {'rot': 0.01895}
  t=  48.87  cb_failure         L5-CB0 {'rot': 0.02166}
  t=  48.87  cb_failure         L5-CB1 {'rot': 0.01949}
  t=  49.00  cb_failure         L4-CB1 {'rot': 0.01967}
  t=  49.12  cb_failure         L3-CB0 {'rot': 0.02001}
  progress t=  50.0s  max corner drift so far=0.0140  wall clock=624s
  t=  51.37  cb_failure         L3-CB1 {'rot': 0.02077}
  t=  51.37  cb_failure         L3-CB3 {'rot': 0.0219}
  t=  51.50  cb_failure         L2-CB3 {'rot': 0.01955}
  progress t=  60.0s  max corner drift so far=0.0165  wall clock=762s
  t=  61.50  cb_failure         L2-CB2 {'rot': 0.02014}
  progress t=  70.0s  max corner drift so far=0.0165  wall clock=899s
  progress t=  80.0s  max corner drift so far=0.0165  wall clock=1018s
