  t=   2.00  cb_yield           L6-CB1 {'rot': 0.00419}
  t=   2.00  cb_yield           L6-CB3 {'rot': 0.00429}
  t=   2.00  cb_yield           L7-CB1 {'rot': 0.00427}
  t=   2.00  cb_yield           L7-CB2 {'rot': 0.00417}
  t=   2.00  cb_yield           L7-CB3 {'rot': 0.00437}
  t=   2.00  cb_yield           L8-CB1 {'rot': 0.00424}
  t=   2.00  cb_yield           L8-CB2 {'rot': 0.00414}
  t=   2.00  cb_yield           L8-CB3 {'rot': 0.00435}
  t=   2.00  cb_yield           L9-CB1 {'rot': 0.00415}
  t=   2.00  cb_yield           L9-CB3 {'rot': 0.00426}
  t=   2.00  cb_yield           L10-CB3 {'rot': 0.00412}
  t=   2.12  cb_yield           L5-CB1 {'rot': 0.00414}
  t=   2.12  cb_yield           L5-CB3 {'rot': 0.0042}
  t=   2.12  cb_yield           L6-CB0 {'rot': 0.00423}
  t=   2.12  cb_yield           L6-CB2 {'rot': 0.00429}
  t=   2.12  cb_yield           L7-CB0 {'rot': 0.00439}
  t=   2.12  cb_yield           L8-CB0 {'rot': 0.00445}
  t=   2.12  cb_yield           L9-CB0 {'rot': 0.00443}
  t=   2.12  cb_yield           L9-CB2 {'rot': 0.00452}
  t=   2.12  cb_yield           L10-CB0 {'rot': 0.00435}
  t=   2.12  cb_yield           L10-CB1 {'rot': 0.00465}
  t=   2.12  cb_yield           L10-CB2 {'rot': 0.00445}
  t=   2.12  cb_yield           L11-CB0 {'rot': 0.00421}
  t=   2.12  cb_yield           L11-CB1 {'rot': 0.00453}
  t=   2.12  cb_yield           L11-CB2 {'rot': 0.00431}
  t=   2.12  cb_yield           L11-CB3 {'rot': 0.00465}
  t=   2.12  cb_yield           L12-CB1 {'rot': 0.00437}
  t=   2.12  cb_yield           L12-CB2 {'rot': 0.00414}
  t=   2.12  cb_yield           L12-CB3 {'rot': 0.0045}
  t=   2.12  cb_yield           L13-CB1 {'rot': 0.00417}
  t=   2.12  cb_yield           L13-CB3 {'rot': 0.00431}
  t=   2.25  cb_yield           L12-CB0 {'rot': 0.00443}
  t=   2.25  cb_yield           L13-CB0 {'rot': 0.00427}
  t=   2.25  cb_yield           L13-CB2 {'rot': 0.00441}
  t=   2.25  cb_yield           L14-CB1 {'rot': 0.00451}
  t=   2.25  cb_yield           L14-CB2 {'rot': 0.00422}
  t=   2.25  cb_yield           L14-CB3 {'rot': 0.00466}
  t=   2.25  cb_yield           L15-CB1 {'rot': 0.0043}
  t=   2.25  cb_yield           L15-CB3 {'rot': 0.00446}
  t=   2.25  cb_yield           L16-CB3 {'rot': 0.00424}
  t=   2.37  cb_yield           L14-CB0 {'rot': 0.00416}
  t=   2.37  cb_yield           L15-CB2 {'rot': 0.00424}
  t=   2.37  cb_yield           L16-CB1 {'rot': 0.00449}
  t=   2.37  cb_yield           L16-CB2 {'rot': 0.00416}
  t=   2.37  cb_yield           L17-CB3 {'rot': 0.00457}
  t=   2.50  cb_yield           L16-CB0 {'rot': 0.00422}
  t=   2.50  cb_yield           L17-CB1 {'rot': 0.00498}
  t=   2.50  cb_yield           L18-CB1 {'rot': 0.00506}
  t=   2.50  cb_yield           L18-CB2 {'rot': 0.00462}
  t=   2.50  cb_yield           L18-CB3 {'rot': 0.0053}
  t=   2.50  cb_yield           L19-CB1 {'rot': 0.0051}
  t=   2.50  cb_yield           L19-CB2 {'rot': 0.00466}
  t=   2.50  cb_yield           L19-CB3 {'rot': 0.00537}
  t=   2.50  cb_yield           L20-CB1 {'rot': 0.00508}
  t=   2.50  cb_yield           L20-CB2 {'rot': 0.00465}
  t=   2.50  cb_yield           L20-CB3 {'rot': 0.00538}
  t=   2.50  cb_yield           L21-CB1 {'rot': 0.00502}
  t=   2.50  cb_yield           L21-CB2 {'rot': 0.0046}
  t=   2.50  cb_yield           L21-CB3 {'rot': 0.00533}
  t=   2.50  cb_yield           L22-CB1 {'rot': 0.0049}
  t=   2.50  cb_yield           L22-CB3 {'rot': 0.00524}
  t=   2.50  cb_yield           L23-CB1 {'rot': 0.00474}
  t=   2.50  cb_yield           L23-CB3 {'rot': 0.00509}
  t=   2.50  cb_yield           L24-CB3 {'rot': 0.0049}
  t=   2.50  cb_yield           L25-CB3 {'rot': 0.00468}
  t=   2.62  cb_yield           L17-CB0 {'rot': 0.00465}
  t=   2.62  cb_yield           L17-CB2 {'rot': 0.00489}
  t=   2.62  cb_yield           L18-CB0 {'rot': 0.00491}
  t=   2.62  cb_yield           L19-CB0 {'rot': 0.0051}
  t=   2.62  cb_yield           L20-CB0 {'rot': 0.0052}
  t=   2.62  cb_yield           L21-CB0 {'rot': 0.00521}
  t=   2.62  cb_yield           L22-CB0 {'rot': 0.00513}
  t=   2.62  cb_yield           L22-CB2 {'rot': 0.00545}
  t=   2.62  cb_yield           L23-CB0 {'rot': 0.00496}
  t=   2.62  cb_yield           L23-CB2 {'rot': 0.00529}
  t=   2.62  cb_yield           L24-CB0 {'rot': 0.00471}
  t=   2.62  cb_yield           L24-CB1 {'rot': 0.00563}
  t=   2.62  cb_yield           L24-CB2 {'rot': 0.00505}
  t=   2.62  cb_yield           L25-CB1 {'rot': 0.00532}
  t=   2.62  cb_yield           L25-CB2 {'rot': 0.00474}
  t=   2.62  cb_yield           L26-CB1 {'rot': 0.00497}
  t=   2.62  cb_yield           L26-CB3 {'rot': 0.00532}
  t=   2.62  cb_yield           L27-CB1 {'rot': 0.00458}
  t=   2.62  cb_yield           L27-CB3 {'rot': 0.00494}
  t=   2.75  cb_yield           L25-CB0 {'rot': 0.00463}
  t=   2.75  cb_yield           L28-CB3 {'rot': 0.00458}
  t=   3.62  cb_yield           L26-CB0 {'rot': 0.00516}
  t=   3.62  cb_yield           L26-CB2 {'rot': 0.00519}
  t=   3.62  cb_yield           L27-CB0 {'rot': 0.00478}
  t=   3.62  cb_yield           L27-CB2 {'rot': 0.00485}
  t=   4.00  cb_yield           L15-CB0 {'rot': 0.00448}
  t=   4.12  cb_yield           L3-CB0 {'rot': 0.00443}
  t=   4.12  cb_yield           L3-CB1 {'rot': 0.00423}
  t=   4.12  cb_yield           L4-CB0 {'rot': 0.00512}
  t=   4.12  cb_yield           L4-CB1 {'rot': 0.0049}
  t=   4.12  cb_yield           L4-CB2 {'rot': 0.00431}
  t=   4.12  cb_yield           L5-CB0 {'rot': 0.00562}
  t=   4.12  cb_yield           L5-CB2 {'rot': 0.00464}
  t=   4.25  cb_yield           L2-CB0 {'rot': 0.00485}
  t=   4.25  cb_yield           L2-CB1 {'rot': 0.00463}
  t=   4.25  cb_yield           L2-CB2 {'rot': 0.00439}
  t=   4.25  cb_yield           L2-CB3 {'rot': 0.00419}
  t=   4.25  cb_yield           L3-CB2 {'rot': 0.00542}
  t=   4.25  cb_yield           L3-CB3 {'rot': 0.00518}
  t=   4.25  cb_yield           L4-CB3 {'rot': 0.00591}
  t=   8.13  cb_yield           L1-CB0 {'rot': 0.00423}
  t=   8.13  cb_yield           L1-CB1 {'rot': 0.00442}
  t=   8.25  cb_yield           L1-CB2 {'rot': 0.00451}
  t=   8.25  cb_yield           L1-CB3 {'rot': 0.00478}
  t=   8.38  cb_failure         L8-CB1 {'rot': 0.01835}
  t=   8.38  cb_failure         L9-CB1 {'rot': 0.01842}
  t=   8.38  cb_failure         L10-CB1 {'rot': 0.01824}
  t=   8.38  cb_yield           L28-CB1 {'rot': 0.00529}
  t=   8.38  cb_yield           L29-CB1 {'rot': 0.00504}
  t=   8.38  cb_yield           L30-CB1 {'rot': 0.00485}
  t=   8.38  cb_yield           L31-CB1 {'rot': 0.0047}
  t=   8.38  cb_yield           L32-CB1 {'rot': 0.00461}
  t=   8.50  cb_failure         L6-CB1 {'rot': 0.01885}
  t=   8.50  cb_failure         L7-CB0 {'rot': 0.01887}
  t=   8.50  cb_failure         L7-CB1 {'rot': 0.01991}
  t=   8.50  cb_failure         L7-CB3 {'rot': 0.01844}
  t=   8.50  cb_failure         L8-CB0 {'rot': 0.01935}
  t=   8.50  cb_failure         L8-CB3 {'rot': 0.01888}
  t=   8.50  cb_failure         L9-CB0 {'rot': 0.01942}
  t=   8.50  cb_failure         L9-CB3 {'rot': 0.01887}
  t=   8.50  cb_failure         L10-CB0 {'rot': 0.01914}
  t=   8.50  cb_failure         L10-CB3 {'rot': 0.01851}
  t=   8.50  cb_failure         L11-CB0 {'rot': 0.01854}
  t=   8.50  cb_failure         L11-CB1 {'rot': 0.01973}
  t=   8.50  cb_failure         L12-CB1 {'rot': 0.01892}
  t=   8.50  cb_yield           L33-CB1 {'rot': 0.00483}
  t=   8.63  cb_failure         L6-CB0 {'rot': 0.01831}
  t=   8.63  cb_failure         L8-CB2 {'rot': 0.01819}
  t=   8.63  cb_failure         L9-CB2 {'rot': 0.0184}
  t=   8.63  cb_failure         L10-CB2 {'rot': 0.01829}
  t=   8.63  cb_failure         L11-CB3 {'rot': 0.01948}
  t=   8.63  cb_failure         L12-CB0 {'rot': 0.01944}
  t=   8.63  cb_failure         L12-CB3 {'rot': 0.01885}
  t=   8.63  cb_failure         L13-CB0 {'rot': 0.01841}
  t=   8.63  cb_failure         L13-CB1 {'rot': 0.01979}
  t=   8.63  cb_failure         L14-CB1 {'rot': 0.01855}
  t=   8.75  cb_failure         L11-CB2 {'rot': 0.01895}
  t=   8.75  cb_failure         L12-CB2 {'rot': 0.01873}
  t=   8.75  cb_failure         L13-CB2 {'rot': 0.01825}
  t=   8.75  cb_failure         L13-CB3 {'rot': 0.01986}
  t=   8.75  cb_failure         L14-CB0 {'rot': 0.01917}
  t=   8.75  cb_failure         L14-CB3 {'rot': 0.01916}
  t=   8.75  cb_failure         L15-CB1 {'rot': 0.0195}
  t=   8.75  cb_failure         L15-CB3 {'rot': 0.01819}
  t=   8.75  cb_failure         L16-CB1 {'rot': 0.01813}
  t=   8.88  cb_failure         L14-CB2 {'rot': 0.02005}
  t=   8.88  cb_failure         L15-CB0 {'rot': 0.02015}
  t=   8.88  cb_failure         L15-CB2 {'rot': 0.01967}
  t=   8.88  cb_failure         L16-CB0 {'rot': 0.01914}
  t=   8.88  cb_failure         L16-CB2 {'rot': 0.01899}
  t=   8.88  cb_failure         L16-CB3 {'rot': 0.0206}
  t=   8.88  cb_failure         L17-CB1 {'rot': 0.01915}
  t=   8.88  cb_failure         L17-CB3 {'rot': 0.01942}
  t=   8.88  cb_yield           L29-CB3 {'rot': 0.00471}
  t=   9.00  cb_failure         L17-CB0 {'rot': 0.01962}
  t=   9.00  cb_failure         L17-CB2 {'rot': 0.02122}
  t=   9.00  cb_failure         L18-CB1 {'rot': 0.02003}
  t=   9.00  cb_failure         L18-CB2 {'rot': 0.02037}
  t=   9.00  cb_failure         L18-CB3 {'rot': 0.02202}
  t=   9.00  cb_failure         L19-CB2 {'rot': 0.01905}
  t=   9.00  cb_failure         L19-CB3 {'rot': 0.02079}
  t=   9.00  cb_failure         L20-CB3 {'rot': 0.01912}
  t=   9.00  cb_yield           L28-CB2 {'rot': 0.00459}
  t=   9.00  cb_yield           L30-CB3 {'rot': 0.00596}
  t=   9.00  cb_yield           L31-CB3 {'rot': 0.00568}
  t=   9.00  cb_yield           L32-CB3 {'rot': 0.00549}
  t=   9.00  cb_yield           L33-CB3 {'rot': 0.00539}
  t=   9.13  cb_failure         L18-CB0 {'rot': 0.01861}
  t=   9.13  cb_failure         L19-CB1 {'rot': 0.01945}
  t=   9.13  cb_failure         L20-CB2 {'rot': 0.02051}
  t=   9.13  cb_failure         L21-CB2 {'rot': 0.01891}
  t=   9.13  cb_failure         L21-CB3 {'rot': 0.02077}
  t=   9.13  cb_failure         L22-CB3 {'rot': 0.01888}
  t=   9.13  cb_yield           L29-CB2 {'rot': 0.00551}
  t=   9.13  cb_yield           L30-CB2 {'rot': 0.00495}
  t=   9.13  cb_yield           L31-CB2 {'rot': 0.00457}
  t=   9.25  cb_failure         L22-CB2 {'rot': 0.01925}
  t=   9.25  cb_failure         L23-CB3 {'rot': 0.01964}
  t=   9.25  cb_yield           L32-CB2 {'rot': 0.00639}
  t=   9.25  cb_yield           L33-CB2 {'rot': 0.00623}
  t=   9.38  cb_failure         L24-CB3 {'rot': 0.01944}
  t=   9.38  cb_failure         L25-CB3 {'rot': 0.01855}
  t=   9.38  cb_yield           L28-CB0 {'rot': 0.00538}
  t=   9.50  cb_failure         L26-CB3 {'rot': 0.0187}
  t=   9.50  cb_yield           L29-CB0 {'rot': 0.00714}
  t=   9.50  cb_yield           L30-CB0 {'rot': 0.00611}
  t=   9.50  cb_yield           L31-CB0 {'rot': 0.00518}
  t=   9.63  cb_yield           L32-CB0 {'rot': 0.00621}
  t=   9.63  cb_yield           L33-CB0 {'rot': 0.00593}
  t=   9.88  cb_failure         L6-CB2 {'rot': 0.01812}
  t=   9.88  cb_failure         L6-CB3 {'rot': 0.01905}
  t=   9.88  cb_failure         L7-CB2 {'rot': 0.01893}
  progress t=  10.0s  max corner drift so far=0.0050  wall clock=123s
  t=  10.38  cb_failure         L20-CB1 {'rot': 0.01864}
  t=  10.50  cb_failure         L21-CB1 {'rot': 0.01879}
  t=  10.63  cb_failure         L22-CB1 {'rot': 0.01997}
  t=  10.63  cb_failure         L23-CB1 {'rot': 0.01979}
  t=  10.63  cb_failure         L24-CB1 {'rot': 0.01941}
  t=  10.63  cb_failure         L25-CB1 {'rot': 0.01878}
  t=  10.75  cb_failure         L26-CB1 {'rot': 0.02029}
  t=  10.75  cb_failure         L27-CB1 {'rot': 0.01973}
  t=  10.75  cb_failure         L27-CB3 {'rot': 0.02159}
  t=  10.75  cb_failure         L28-CB1 {'rot': 0.01898}
  t=  10.75  cb_failure         L28-CB3 {'rot': 0.02084}
  t=  10.75  cb_failure         L29-CB3 {'rot': 0.01989}
  t=  10.75  cb_failure         L30-CB3 {'rot': 0.01883}
  t=  10.88  cb_failure         L29-CB1 {'rot': 0.01953}
  t=  10.88  cb_failure         L30-CB1 {'rot': 0.01932}
  t=  10.88  cb_failure         L31-CB1 {'rot': 0.01905}
  t=  10.88  cb_failure         L31-CB3 {'rot': 0.02467}
  t=  10.88  cb_failure         L32-CB1 {'rot': 0.01881}
  t=  10.88  cb_failure         L32-CB3 {'rot': 0.02438}
  t=  10.88  cb_failure         L33-CB1 {'rot': 0.01872}
  t=  10.88  cb_failure         L33-CB3 {'rot': 0.02426}
  t=  11.00  cb_failure         L23-CB2 {'rot': 0.0186}
  t=  11.00  cb_failure         L24-CB2 {'rot': 0.01944}
  t=  11.00  cb_failure         L25-CB2 {'rot': 0.02006}
  t=  11.00  cb_failure         L26-CB2 {'rot': 0.02051}
  t=  11.00  cb_failure         L27-CB2 {'rot': 0.02081}
  t=  11.00  cb_failure         L28-CB2 {'rot': 0.02098}
  t=  11.00  cb_failure         L29-CB2 {'rot': 0.02101}
  t=  11.00  cb_failure         L30-CB2 {'rot': 0.02091}
  t=  11.00  cb_failure         L31-CB2 {'rot': 0.02071}
  t=  11.00  cb_failure         L32-CB2 {'rot': 0.02048}
  t=  11.00  cb_failure         L33-CB2 {'rot': 0.02037}
  t=  11.88  cb_failure         L19-CB0 {'rot': 0.02011}
  t=  11.88  cb_failure         L20-CB0 {'rot': 0.01961}
  t=  11.88  cb_failure         L21-CB0 {'rot': 0.01871}
  t=  12.00  cb_failure         L22-CB0 {'rot': 0.02031}
  t=  12.00  cb_failure         L23-CB0 {'rot': 0.01859}
  t=  12.13  cb_failure         L24-CB0 {'rot': 0.01915}
  t=  12.25  cb_failure         L25-CB0 {'rot': 0.0202}
  t=  12.63  cb_failure         L26-CB0 {'rot': 0.01855}
  t=  12.63  cb_failure         L27-CB0 {'rot': 0.01901}
  t=  12.63  cb_failure         L28-CB0 {'rot': 0.01933}
  t=  12.63  cb_failure         L29-CB0 {'rot': 0.01945}
  t=  12.63  cb_failure         L30-CB0 {'rot': 0.01937}
  t=  12.63  cb_failure         L31-CB0 {'rot': 0.01914}
  t=  12.63  cb_failure         L32-CB0 {'rot': 0.01883}
  t=  12.63  cb_failure         L33-CB0 {'rot': 0.01871}
  t=  13.13  cb_failure         L5-CB2 {'rot': 0.01901}
  t=  13.25  cb_failure         L5-CB3 {'rot': 0.01844}
  t=  13.75  cb_failure         L5-CB0 {'rot': 0.01863}
  t=  17.13  cb_failure         L5-CB1 {'rot': 0.01919}
  t=  17.25  cb_failure         L4-CB1 {'rot': 0.02003}
  t=  17.38  cb_failure         L3-CB1 {'rot': 0.02083}
  t=  17.38  cb_failure         L4-CB0 {'rot': 0.02016}
  t=  17.50  cb_failure         L2-CB1 {'rot': 0.01946}
  t=  17.50  cb_failure         L3-CB0 {'rot': 0.01972}
  t=  17.63  cb_failure         L2-CB0 {'rot': 0.01826}
  t=  18.00  cb_failure         L4-CB3 {'rot': 0.01835}
  progress t=  20.0s  max corner drift so far=0.0156  wall clock=271s
  t=  20.25  cb_failure         L3-CB3 {'rot': 0.02175}
  t=  20.37  cb_failure         L2-CB3 {'rot': 0.02026}
  t=  20.37  cb_failure         L4-CB2 {'rot': 0.02169}
  t=  20.50  cb_failure         L3-CB2 {'rot': 0.01992}
  t=  30.00  cb_failure         L1-CB0 {'rot': 0.02005}
  progress t=  30.0s  max corner drift so far=0.0156  wall clock=428s
  t=  35.75  cb_failure         L2-CB2 {'rot': 0.02034}
  progress t=  40.0s  max corner drift so far=0.0177  wall clock=592s
  t=  42.75  cb_failure         L1-CB3 {'rot': 0.01877}
  progress t=  50.0s  max corner drift so far=0.0183  wall clock=748s
  progress t=  60.0s  max corner drift so far=0.0221  wall clock=914s
  progress t=  70.0s  max corner drift so far=0.0221  wall clock=1069s
  progress t=  80.0s  max corner drift so far=0.0221  wall clock=1204s
  progress t=  90.0s  max corner drift so far=0.0221  wall clock=1336s
  progress t= 100.0s  max corner drift so far=0.0221  wall clock=1462s
