  t=   4.12  cb_yield           L4-CB0 {'rot': 0.00414}
  t=   4.12  cb_yield           L5-CB0 {'rot': 0.0045}
  t=   4.12  cb_yield           L5-CB1 {'rot': 0.00431}
  t=   4.12  cb_yield           L6-CB0 {'rot': 0.00473}
  t=   4.12  cb_yield           L6-CB1 {'rot': 0.00451}
  t=   4.12  cb_yield           L7-CB0 {'rot': 0.00483}
  t=   4.12  cb_yield           L7-CB1 {'rot': 0.00459}
  t=   4.12  cb_yield           L8-CB0 {'rot': 0.00482}
  t=   4.12  cb_yield           L8-CB1 {'rot': 0.00457}
  t=   4.12  cb_yield           L9-CB0 {'rot': 0.00474}
  t=   4.12  cb_yield           L9-CB1 {'rot': 0.00447}
  t=   4.12  cb_yield           L10-CB0 {'rot': 0.0046}
  t=   4.12  cb_yield           L10-CB1 {'rot': 0.00431}
  t=   4.12  cb_yield           L11-CB0 {'rot': 0.00441}
  t=   4.12  cb_yield           L12-CB0 {'rot': 0.00418}
  t=   4.25  cb_yield           L3-CB0 {'rot': 0.0043}
  t=   4.25  cb_yield           L3-CB1 {'rot': 0.00411}
  t=   4.25  cb_yield           L4-CB1 {'rot': 0.00473}
  t=   4.25  cb_yield           L4-CB2 {'rot': 0.00434}
  t=   4.25  cb_yield           L4-CB3 {'rot': 0.00415}
  t=   4.25  cb_yield           L5-CB2 {'rot': 0.00465}
  t=   4.25  cb_yield           L5-CB3 {'rot': 0.00444}
  t=   4.25  cb_yield           L6-CB2 {'rot': 0.00478}
  t=   4.25  cb_yield           L6-CB3 {'rot': 0.00455}
  t=   4.25  cb_yield           L7-CB2 {'rot': 0.00475}
  t=   4.25  cb_yield           L7-CB3 {'rot': 0.00449}
  t=   4.25  cb_yield           L8-CB2 {'rot': 0.00458}
  t=   4.25  cb_yield           L8-CB3 {'rot': 0.0043}
  t=   4.25  cb_yield           L9-CB2 {'rot': 0.0043}
  t=   4.25  cb_yield           L11-CB1 {'rot': 0.0047}
  t=   4.25  cb_yield           L12-CB1 {'rot': 0.00434}
  t=   4.25  cb_yield           L13-CB0 {'rot': 0.00433}
  t=   4.37  cb_yield           L13-CB1 {'rot': 0.00412}
  t=   4.37  cb_yield           L14-CB0 {'rot': 0.00413}
  t=   7.75  cb_yield           L14-CB1 {'rot': 0.00446}
  t=   7.88  cb_yield           L9-CB3 {'rot': 0.00424}
  t=   7.88  cb_yield           L15-CB0 {'rot': 0.00426}
  t=   7.88  cb_yield           L15-CB1 {'rot': 0.00472}
  t=   7.88  cb_yield           L16-CB1 {'rot': 0.0043}
  t=   8.00  cb_yield           L10-CB3 {'rot': 0.00461}
  t=   8.00  cb_yield           L11-CB3 {'rot': 0.00424}
  t=   8.00  cb_yield           L16-CB0 {'rot': 0.00449}
  t=   8.13  cb_yield           L3-CB3 {'rot': 0.00423}
  t=   8.13  cb_yield           L10-CB2 {'rot': 0.00426}
  t=   8.13  cb_yield           L12-CB3 {'rot': 0.00415}
  t=   8.13  cb_yield           L17-CB0 {'rot': 0.00484}
  t=   8.13  cb_yield           L17-CB1 {'rot': 0.00536}
  t=   8.13  cb_yield           L18-CB0 {'rot': 0.00457}
  t=   8.13  cb_yield           L18-CB1 {'rot': 0.00511}
  t=   8.13  cb_yield           L19-CB1 {'rot': 0.00485}
  t=   8.13  cb_yield           L20-CB1 {'rot': 0.00459}
  t=   8.25  cb_yield           L13-CB3 {'rot': 0.00421}
  t=   8.25  cb_yield           L19-CB0 {'rot': 0.00499}
  t=   8.25  cb_yield           L20-CB0 {'rot': 0.00482}
  t=   8.25  cb_yield           L21-CB0 {'rot': 0.00465}
  t=   8.25  cb_yield           L21-CB1 {'rot': 0.00531}
  t=   8.25  cb_yield           L22-CB1 {'rot': 0.00515}
  t=   8.25  cb_yield           L23-CB1 {'rot': 0.00498}
  t=   8.25  cb_yield           L24-CB1 {'rot': 0.0048}
  t=   8.25  cb_yield           L25-CB1 {'rot': 0.00462}
  t=   8.38  cb_yield           L11-CB2 {'rot': 0.00434}
  t=   8.38  cb_yield           L12-CB2 {'rot': 0.00412}
  t=   8.38  cb_yield           L14-CB3 {'rot': 0.00449}
  t=   8.38  cb_yield           L15-CB3 {'rot': 0.00427}
  t=   8.38  cb_yield           L22-CB0 {'rot': 0.00513}
  t=   8.38  cb_yield           L23-CB0 {'rot': 0.005}
  t=   8.38  cb_yield           L24-CB0 {'rot': 0.00485}
  t=   8.38  cb_yield           L25-CB0 {'rot': 0.00467}
  t=   8.38  cb_yield           L26-CB1 {'rot': 0.00534}
  t=   8.38  cb_yield           L27-CB1 {'rot': 0.00514}
  t=   8.38  cb_yield           L28-CB1 {'rot': 0.00493}
  t=   8.38  cb_yield           L29-CB1 {'rot': 0.00471}
  t=   8.50  cb_yield           L13-CB2 {'rot': 0.00462}
  t=   8.50  cb_yield           L14-CB2 {'rot': 0.00451}
  t=   8.50  cb_yield           L15-CB2 {'rot': 0.00438}
  t=   8.50  cb_yield           L16-CB2 {'rot': 0.00425}
  t=   8.50  cb_yield           L16-CB3 {'rot': 0.00519}
  t=   8.50  cb_yield           L17-CB3 {'rot': 0.00504}
  t=   8.50  cb_yield           L18-CB3 {'rot': 0.00489}
  t=   8.50  cb_yield           L19-CB3 {'rot': 0.00471}
  t=   8.63  cb_yield           L17-CB2 {'rot': 0.0056}
  t=   8.63  cb_yield           L18-CB2 {'rot': 0.00549}
  t=   8.63  cb_yield           L19-CB2 {'rot': 0.00533}
  t=   8.63  cb_yield           L20-CB2 {'rot': 0.00513}
  t=   8.63  cb_yield           L20-CB3 {'rot': 0.00625}
  t=   8.63  cb_yield           L21-CB2 {'rot': 0.0049}
  t=   8.63  cb_yield           L21-CB3 {'rot': 0.00603}
  t=   8.63  cb_yield           L22-CB2 {'rot': 0.00464}
  t=   8.63  cb_yield           L22-CB3 {'rot': 0.00578}
  t=   8.63  cb_yield           L23-CB3 {'rot': 0.00549}
  t=   8.63  cb_yield           L24-CB3 {'rot': 0.00518}
  t=   8.63  cb_yield           L25-CB3 {'rot': 0.00486}
  t=   8.75  cb_yield           L23-CB2 {'rot': 0.00599}
  t=   8.75  cb_yield           L24-CB2 {'rot': 0.00562}
  t=   8.75  cb_yield           L25-CB2 {'rot': 0.00522}
  t=   8.75  cb_yield           L26-CB2 {'rot': 0.00481}
  t=   8.75  cb_yield           L26-CB3 {'rot': 0.006}
  t=   8.75  cb_yield           L27-CB3 {'rot': 0.00558}
  t=   8.75  cb_yield           L28-CB3 {'rot': 0.00517}
  t=   8.75  cb_yield           L29-CB3 {'rot': 0.00478}
  t=   8.88  cb_yield           L27-CB2 {'rot': 0.00546}
  t=   8.88  cb_yield           L28-CB2 {'rot': 0.00501}
  t=   8.88  cb_yield           L29-CB2 {'rot': 0.00459}
  t=   8.88  cb_yield           L30-CB3 {'rot': 0.0055}
  t=   8.88  cb_yield           L31-CB3 {'rot': 0.0052}
  t=   8.88  cb_yield           L32-CB3 {'rot': 0.00499}
  t=   8.88  cb_yield           L33-CB3 {'rot': 0.00487}
  t=   9.00  cb_yield           L30-CB2 {'rot': 0.00515}
  t=   9.00  cb_yield           L31-CB2 {'rot': 0.00487}
  t=   9.00  cb_yield           L32-CB2 {'rot': 0.00466}
  t=   9.00  cb_yield           L33-CB2 {'rot': 0.00456}
  t=   9.63  cb_yield           L3-CB2 {'rot': 0.00472}
  progress t=  10.0s  max corner drift so far=0.0029  wall clock=139s
  t=  10.38  cb_yield           L2-CB0 {'rot': 0.00431}
  t=  10.38  cb_yield           L2-CB2 {'rot': 0.00461}
  t=  10.38  cb_yield           L2-CB3 {'rot': 0.00436}
  t=  10.50  cb_yield           L1-CB2 {'rot': 0.00415}
  t=  10.50  cb_yield           L2-CB1 {'rot': 0.00436}
  t=  10.50  cb_yield           L26-CB0 {'rot': 0.00481}
  t=  10.50  cb_yield           L27-CB0 {'rot': 0.00458}
  t=  10.50  cb_yield           L30-CB1 {'rot': 0.00508}
  t=  10.50  cb_yield           L31-CB1 {'rot': 0.0048}
  t=  10.50  cb_yield           L32-CB1 {'rot': 0.00457}
  t=  10.63  cb_yield           L1-CB3 {'rot': 0.00481}
  t=  10.88  cb_yield           L1-CB1 {'rot': 0.00428}
  t=  11.13  cb_yield           L28-CB0 {'rot': 0.00576}
  t=  11.13  cb_yield           L29-CB0 {'rot': 0.00536}
  t=  11.13  cb_yield           L30-CB0 {'rot': 0.00498}
  t=  11.13  cb_yield           L31-CB0 {'rot': 0.00464}
  t=  11.25  cb_yield           L32-CB0 {'rot': 0.00605}
  t=  11.25  cb_yield           L33-CB0 {'rot': 0.00587}
  t=  11.38  cb_failure         L11-CB0 {'rot': 0.01814}
  t=  11.38  cb_failure         L12-CB0 {'rot': 0.019}
  t=  11.38  cb_failure         L12-CB1 {'rot': 0.01837}
  t=  11.38  cb_failure         L13-CB0 {'rot': 0.01968}
  t=  11.38  cb_failure         L13-CB1 {'rot': 0.01901}
  t=  11.38  cb_failure         L14-CB0 {'rot': 0.02015}
  t=  11.38  cb_failure         L14-CB1 {'rot': 0.01945}
  t=  11.38  cb_failure         L15-CB0 {'rot': 0.02043}
  t=  11.38  cb_failure         L15-CB1 {'rot': 0.01969}
  t=  11.38  cb_failure         L16-CB0 {'rot': 0.02053}
  t=  11.38  cb_failure         L16-CB1 {'rot': 0.01976}
  t=  11.38  cb_failure         L17-CB0 {'rot': 0.02045}
  t=  11.38  cb_failure         L17-CB1 {'rot': 0.01963}
  t=  11.38  cb_failure         L18-CB0 {'rot': 0.02017}
  t=  11.38  cb_failure         L18-CB1 {'rot': 0.0193}
  t=  11.38  cb_failure         L19-CB0 {'rot': 0.01969}
  t=  11.38  cb_failure         L19-CB1 {'rot': 0.01877}
  t=  11.38  cb_failure         L20-CB0 {'rot': 0.01902}
  t=  11.50  cb_failure         L11-CB1 {'rot': 0.01937}
  t=  11.50  cb_failure         L16-CB2 {'rot': 0.01834}
  t=  11.50  cb_failure         L16-CB3 {'rot': 0.01819}
  t=  11.50  cb_failure         L17-CB2 {'rot': 0.01855}
  t=  11.50  cb_failure         L20-CB1 {'rot': 0.02222}
  t=  11.50  cb_failure         L21-CB0 {'rot': 0.02179}
  t=  11.50  cb_failure         L21-CB1 {'rot': 0.02099}
  t=  11.50  cb_failure         L22-CB0 {'rot': 0.02002}
  t=  11.50  cb_failure         L22-CB1 {'rot': 0.01929}
  t=  11.63  cb_failure         L15-CB2 {'rot': 0.0189}
  t=  11.63  cb_failure         L15-CB3 {'rot': 0.01913}
  t=  11.63  cb_failure         L17-CB3 {'rot': 0.0202}
  t=  11.63  cb_failure         L18-CB2 {'rot': 0.02018}
  t=  11.63  cb_failure         L18-CB3 {'rot': 0.02021}
  t=  11.63  cb_failure         L19-CB2 {'rot': 0.01987}
  t=  11.63  cb_failure         L19-CB3 {'rot': 0.01985}
  t=  11.63  cb_failure         L20-CB2 {'rot': 0.0192}
  t=  11.63  cb_failure         L20-CB3 {'rot': 0.01911}
  t=  11.63  cb_failure         L23-CB0 {'rot': 0.01907}
  t=  11.63  cb_failure         L23-CB1 {'rot': 0.01858}
  t=  11.75  cb_failure         L21-CB2 {'rot': 0.01857}
  t=  11.88  cb_failure         L24-CB0 {'rot': 0.01859}
  t=  12.00  cb_yield           L33-CB1 {'rot': 0.00505}
  t=  12.63  cb_yield           L1-CB0 {'rot': 0.0046}
  t=  14.88  cb_failure         L21-CB3 {'rot': 0.01949}
  t=  14.88  cb_failure         L22-CB3 {'rot': 0.0201}
  t=  14.88  cb_failure         L23-CB2 {'rot': 0.01869}
  t=  14.88  cb_failure         L23-CB3 {'rot': 0.02057}
  t=  14.88  cb_failure         L24-CB2 {'rot': 0.01894}
  t=  14.88  cb_failure         L24-CB3 {'rot': 0.0209}
  t=  14.88  cb_failure         L25-CB2 {'rot': 0.01905}
  t=  14.88  cb_failure         L25-CB3 {'rot': 0.0211}
  t=  14.88  cb_failure         L26-CB2 {'rot': 0.01905}
  t=  14.88  cb_failure         L26-CB3 {'rot': 0.02119}
  t=  14.88  cb_failure         L27-CB2 {'rot': 0.01896}
  t=  14.88  cb_failure         L27-CB3 {'rot': 0.02116}
  t=  14.88  cb_failure         L28-CB2 {'rot': 0.01878}
  t=  14.88  cb_failure         L28-CB3 {'rot': 0.02104}
  t=  14.88  cb_failure         L29-CB3 {'rot': 0.02084}
  t=  14.88  cb_failure         L30-CB3 {'rot': 0.02058}
  t=  14.88  cb_failure         L31-CB3 {'rot': 0.02029}
  t=  14.88  cb_failure         L32-CB3 {'rot': 0.02005}
  t=  14.88  cb_failure         L33-CB3 {'rot': 0.01992}
  t=  15.00  cb_failure         L22-CB2 {'rot': 0.02062}
  t=  15.00  cb_failure         L29-CB2 {'rot': 0.01952}
  t=  15.00  cb_failure         L30-CB2 {'rot': 0.01905}
  t=  15.00  cb_failure         L31-CB2 {'rot': 0.01863}
  t=  15.38  cb_failure         L24-CB1 {'rot': 0.01966}
  t=  15.38  cb_failure         L25-CB1 {'rot': 0.01947}
  t=  15.38  cb_failure         L26-CB1 {'rot': 0.01921}
  t=  15.38  cb_failure         L27-CB1 {'rot': 0.01887}
  t=  15.50  cb_failure         L28-CB1 {'rot': 0.01979}
  t=  15.50  cb_failure         L29-CB1 {'rot': 0.01942}
  t=  15.50  cb_failure         L30-CB1 {'rot': 0.01905}
  t=  15.50  cb_failure         L31-CB1 {'rot': 0.01875}
  t=  15.50  cb_failure         L32-CB1 {'rot': 0.01855}
  t=  15.63  cb_failure         L33-CB1 {'rot': 0.01883}
  t=  16.00  cb_failure         L10-CB1 {'rot': 0.0184}
  t=  16.00  cb_failure         L25-CB0 {'rot': 0.0204}
  t=  16.00  cb_failure         L26-CB0 {'rot': 0.02025}
  t=  16.00  cb_failure         L27-CB0 {'rot': 0.02016}
  t=  16.00  cb_failure         L28-CB0 {'rot': 0.02011}
  t=  16.00  cb_failure         L29-CB0 {'rot': 0.0201}
  t=  16.00  cb_failure         L30-CB0 {'rot': 0.02009}
  t=  16.00  cb_failure         L31-CB0 {'rot': 0.02008}
  t=  16.00  cb_failure         L32-CB0 {'rot': 0.02006}
  t=  16.00  cb_failure         L33-CB0 {'rot': 0.02007}
  t=  16.13  cb_failure         L9-CB1 {'rot': 0.01847}
  t=  16.13  cb_failure         L10-CB0 {'rot': 0.01864}
  t=  16.50  cb_failure         L9-CB0 {'rot': 0.01929}
  t=  16.63  cb_failure         L8-CB0 {'rot': 0.01828}
  progress t=  20.0s  max corner drift so far=0.0079  wall clock=293s
  t=  21.12  cb_failure         L32-CB2 {'rot': 0.01944}
  t=  21.12  cb_failure         L33-CB2 {'rot': 0.01939}
  t=  26.25  cb_failure         L8-CB2 {'rot': 0.01844}
  t=  26.25  cb_failure         L9-CB2 {'rot': 0.01899}
  t=  26.25  cb_failure         L10-CB2 {'rot': 0.01901}
  t=  26.25  cb_failure         L11-CB2 {'rot': 0.01875}
  t=  26.25  cb_failure         L12-CB2 {'rot': 0.01822}
  t=  26.37  cb_failure         L7-CB2 {'rot': 0.0192}
  t=  26.37  cb_failure         L8-CB3 {'rot': 0.01837}
  t=  26.37  cb_failure         L9-CB3 {'rot': 0.01934}
  t=  26.37  cb_failure         L10-CB3 {'rot': 0.01993}
  t=  26.37  cb_failure         L11-CB3 {'rot': 0.02014}
  t=  26.37  cb_failure         L12-CB3 {'rot': 0.01998}
  t=  26.37  cb_failure         L13-CB2 {'rot': 0.02084}
  t=  26.37  cb_failure         L13-CB3 {'rot': 0.01945}
  t=  26.37  cb_failure         L14-CB2 {'rot': 0.01979}
  t=  26.37  cb_failure         L14-CB3 {'rot': 0.01862}
  progress t=  30.0s  max corner drift so far=0.0086  wall clock=438s
  progress t=  40.0s  max corner drift so far=0.0128  wall clock=597s
  t=  42.37  cb_failure         L6-CB2 {'rot': 0.01857}
  t=  42.37  cb_failure         L6-CB3 {'rot': 0.01854}
  t=  42.37  cb_failure         L7-CB3 {'rot': 0.02061}
  t=  42.50  cb_failure         L5-CB2 {'rot': 0.01904}
  t=  42.50  cb_failure         L5-CB3 {'rot': 0.02039}
  t=  42.62  cb_failure         L3-CB3 {'rot': 0.0189}
  t=  42.62  cb_failure         L4-CB2 {'rot': 0.01883}
  t=  42.62  cb_failure         L4-CB3 {'rot': 0.02231}
  t=  42.87  cb_failure         L2-CB3 {'rot': 0.0182}
  t=  43.25  cb_failure         L3-CB2 {'rot': 0.0186}
  t=  48.62  cb_failure         L7-CB1 {'rot': 0.0188}
  t=  48.62  cb_failure         L8-CB1 {'rot': 0.01933}
  t=  48.75  cb_failure         L4-CB1 {'rot': 0.01956}
  t=  48.75  cb_failure         L5-CB0 {'rot': 0.01865}
  t=  48.75  cb_failure         L5-CB1 {'rot': 0.02165}
  t=  48.75  cb_failure         L6-CB0 {'rot': 0.02046}
  t=  48.75  cb_failure         L6-CB1 {'rot': 0.02302}
  t=  48.75  cb_failure         L7-CB0 {'rot': 0.0215}
  t=  48.87  cb_failure         L3-CB1 {'rot': 0.01922}
  t=  48.87  cb_failure         L4-CB0 {'rot': 0.01986}
  t=  49.00  cb_failure         L3-CB0 {'rot': 0.01868}
  progress t=  50.0s  max corner drift so far=0.0130  wall clock=754s
  t=  51.37  cb_failure         L2-CB1 {'rot': 0.01813}
  t=  51.37  cb_failure         L2-CB2 {'rot': 0.01834}
  progress t=  60.0s  max corner drift so far=0.0156  wall clock=915s
  progress t=  70.0s  max corner drift so far=0.0156  wall clock=1068s
  progress t=  80.0s  max corner drift so far=0.0156  wall clock=1203s
  progress t=  90.0s  max corner drift so far=0.0156  wall clock=1340s
  progress t= 100.0s  max corner drift so far=0.0156  wall clock=1474s
