  t=   8.00  cb_yield           L6-CB0 {'rot': 0.00497}
  t=   8.00  cb_yield           L6-CB1 {'rot': 0.00518}
  t=   8.00  cb_yield           L7-CB0 {'rot': 0.00517}
  t=   8.00  cb_yield           L7-CB1 {'rot': 0.00541}
  t=   8.00  cb_yield           L8-CB0 {'rot': 0.00526}
  t=   8.00  cb_yield           L8-CB1 {'rot': 0.00554}
  t=   8.00  cb_yield           L9-CB0 {'rot': 0.00527}
  t=   8.00  cb_yield           L9-CB1 {'rot': 0.00558}
  t=   8.00  cb_yield           L10-CB0 {'rot': 0.0052}
  t=   8.00  cb_yield           L10-CB1 {'rot': 0.00554}
  t=   8.00  cb_yield           L11-CB0 {'rot': 0.00506}
  t=   8.00  cb_yield           L11-CB1 {'rot': 0.00544}
  t=   8.00  cb_yield           L12-CB1 {'rot': 0.00528}
  t=   8.00  cb_yield           L13-CB1 {'rot': 0.00507}
  t=   8.13  cb_yield           L5-CB0 {'rot': 0.00503}
  t=   8.13  cb_yield           L5-CB1 {'rot': 0.00524}
  t=   8.13  cb_yield           L12-CB0 {'rot': 0.00528}
  t=   8.13  cb_yield           L13-CB0 {'rot': 0.00505}
  t=   8.13  cb_yield           L14-CB1 {'rot': 0.00525}
  t=   8.13  cb_yield           L15-CB1 {'rot': 0.00499}
  t=   8.25  cb_yield           L4-CB1 {'rot': 0.005}
  t=   8.25  cb_yield           L6-CB3 {'rot': 0.00509}
  t=   8.25  cb_yield           L7-CB3 {'rot': 0.00515}
  t=   8.25  cb_yield           L8-CB3 {'rot': 0.0051}
  t=   8.25  cb_yield           L9-CB3 {'rot': 0.00497}
  t=   8.38  cb_yield           L5-CB3 {'rot': 0.00514}
  t=   8.38  cb_yield           L6-CB2 {'rot': 0.00494}
  t=   8.38  cb_yield           L7-CB2 {'rot': 0.00496}
  t=   8.38  cb_yield           L10-CB3 {'rot': 0.00494}
  t=   8.75  cb_yield           L15-CB3 {'rot': 0.00497}
  t=   8.75  cb_yield           L16-CB1 {'rot': 0.00521}
  t=   8.75  cb_yield           L16-CB3 {'rot': 0.00505}
  t=   8.88  cb_yield           L14-CB3 {'rot': 0.00516}
  t=   8.88  cb_yield           L16-CB2 {'rot': 0.00501}
  t=   8.88  cb_yield           L17-CB3 {'rot': 0.00589}
  t=   8.88  cb_yield           L18-CB3 {'rot': 0.00602}
  t=   8.88  cb_yield           L19-CB3 {'rot': 0.00607}
  t=   8.88  cb_yield           L20-CB3 {'rot': 0.00606}
  t=   8.88  cb_yield           L21-CB3 {'rot': 0.00598}
  t=   8.88  cb_yield           L22-CB3 {'rot': 0.00583}
  t=   8.88  cb_yield           L23-CB3 {'rot': 0.00564}
  t=   9.00  cb_yield           L19-CB2 {'rot': 0.00565}
  t=   9.00  cb_yield           L20-CB2 {'rot': 0.00577}
  t=   9.00  cb_yield           L21-CB2 {'rot': 0.0058}
  t=   9.00  cb_yield           L22-CB2 {'rot': 0.00575}
  t=   9.00  cb_yield           L23-CB2 {'rot': 0.00563}
  t=   9.00  cb_yield           L24-CB3 {'rot': 0.00638}
  t=   9.00  cb_yield           L25-CB3 {'rot': 0.00617}
  t=   9.00  cb_yield           L26-CB3 {'rot': 0.00593}
  t=   9.00  cb_yield           L27-CB3 {'rot': 0.00565}
  t=   9.13  cb_yield           L24-CB2 {'rot': 0.00594}
  t=   9.13  cb_yield           L25-CB2 {'rot': 0.00581}
  t=   9.13  cb_yield           L26-CB2 {'rot': 0.00559}
  t=   9.13  cb_yield           L28-CB3 {'rot': 0.00596}
  t=   9.13  cb_yield           L29-CB3 {'rot': 0.00561}
  progress t=  10.0s  max corner drift so far=0.0021  wall clock=135s
  t=  10.38  cb_yield           L4-CB0 {'rot': 0.00496}
  t=  10.50  cb_yield           L2-CB2 {'rot': 0.00519}
  t=  10.50  cb_yield           L2-CB3 {'rot': 0.00499}
  t=  10.50  cb_yield           L3-CB0 {'rot': 0.00593}
  t=  10.50  cb_yield           L3-CB1 {'rot': 0.00586}
  t=  10.50  cb_yield           L3-CB2 {'rot': 0.0063}
  t=  10.50  cb_yield           L3-CB3 {'rot': 0.00602}
  t=  10.50  cb_yield           L4-CB2 {'rot': 0.00702}
  t=  10.50  cb_yield           L4-CB3 {'rot': 0.00667}
  t=  10.50  cb_yield           L5-CB2 {'rot': 0.00735}
  t=  10.50  cb_yield           L8-CB2 {'rot': 0.00662}
  t=  10.50  cb_yield           L9-CB2 {'rot': 0.00602}
  t=  10.50  cb_yield           L10-CB2 {'rot': 0.00535}
  t=  10.63  cb_yield           L2-CB0 {'rot': 0.00568}
  t=  10.63  cb_yield           L2-CB1 {'rot': 0.0057}
  t=  10.63  cb_yield           L11-CB2 {'rot': 0.00614}
  t=  10.63  cb_yield           L11-CB3 {'rot': 0.00546}
  t=  10.63  cb_yield           L12-CB2 {'rot': 0.00521}
  t=  10.75  cb_yield           L12-CB3 {'rot': 0.00537}
  t=  10.75  cb_yield           L13-CB2 {'rot': 0.00494}
  t=  11.00  cb_yield           L13-CB3 {'rot': 0.00538}
  t=  11.00  cb_yield           L14-CB0 {'rot': 0.00574}
  t=  11.00  cb_yield           L15-CB0 {'rot': 0.00523}
  t=  11.13  cb_yield           L14-CB2 {'rot': 0.00585}
  t=  11.13  cb_yield           L15-CB2 {'rot': 0.00532}
  t=  11.13  cb_yield           L16-CB0 {'rot': 0.00736}
  t=  11.13  cb_yield           L17-CB0 {'rot': 0.0072}
  t=  11.13  cb_yield           L17-CB1 {'rot': 0.00685}
  t=  11.13  cb_yield           L18-CB0 {'rot': 0.00705}
  t=  11.13  cb_yield           L18-CB1 {'rot': 0.00667}
  t=  11.13  cb_yield           L19-CB0 {'rot': 0.00691}
  t=  11.13  cb_yield           L19-CB1 {'rot': 0.0065}
  t=  11.13  cb_yield           L20-CB0 {'rot': 0.00677}
  t=  11.13  cb_yield           L20-CB1 {'rot': 0.00633}
  t=  11.13  cb_yield           L21-CB0 {'rot': 0.00662}
  t=  11.13  cb_yield           L21-CB1 {'rot': 0.00616}
  t=  11.13  cb_yield           L22-CB0 {'rot': 0.00645}
  t=  11.13  cb_yield           L22-CB1 {'rot': 0.00597}
  t=  11.13  cb_yield           L23-CB0 {'rot': 0.00627}
  t=  11.13  cb_yield           L23-CB1 {'rot': 0.00577}
  t=  11.13  cb_yield           L24-CB0 {'rot': 0.00605}
  t=  11.13  cb_yield           L24-CB1 {'rot': 0.00554}
  t=  11.13  cb_yield           L25-CB0 {'rot': 0.00581}
  t=  11.13  cb_yield           L26-CB0 {'rot': 0.00555}
  t=  11.25  cb_yield           L17-CB2 {'rot': 0.00691}
  t=  11.25  cb_yield           L18-CB2 {'rot': 0.0066}
  t=  11.25  cb_yield           L25-CB1 {'rot': 0.00779}
  t=  11.25  cb_yield           L26-CB1 {'rot': 0.00723}
  t=  11.25  cb_yield           L27-CB0 {'rot': 0.0073}
  t=  11.25  cb_yield           L27-CB1 {'rot': 0.00665}
  t=  11.25  cb_yield           L28-CB0 {'rot': 0.00672}
  t=  11.25  cb_yield           L28-CB1 {'rot': 0.00607}
  t=  11.25  cb_yield           L29-CB0 {'rot': 0.00612}
  t=  11.25  cb_yield           L29-CB1 {'rot': 0.0055}
  t=  11.25  cb_yield           L30-CB0 {'rot': 0.00557}
  t=  13.63  cb_yield           L27-CB2 {'rot': 0.00568}
  t=  14.38  cb_yield           L30-CB3 {'rot': 0.00548}
  t=  14.50  cb_yield           L28-CB2 {'rot': 0.0065}
  t=  14.50  cb_yield           L29-CB2 {'rot': 0.00601}
  t=  14.50  cb_yield           L30-CB2 {'rot': 0.00555}
  t=  14.50  cb_yield           L31-CB3 {'rot': 0.00673}
  t=  14.50  cb_yield           L32-CB3 {'rot': 0.00646}
  t=  14.50  cb_yield           L33-CB3 {'rot': 0.00631}
  t=  14.63  cb_yield           L31-CB2 {'rot': 0.00635}
  t=  14.63  cb_yield           L32-CB2 {'rot': 0.00609}
  t=  14.63  cb_yield           L33-CB2 {'rot': 0.00595}
  t=  15.50  cb_yield           L30-CB1 {'rot': 0.00548}
  t=  15.63  cb_yield           L31-CB1 {'rot': 0.00677}
  t=  15.63  cb_yield           L32-CB1 {'rot': 0.0066}
  t=  15.63  cb_yield           L33-CB1 {'rot': 0.00651}
  t=  15.75  cb_yield           L31-CB0 {'rot': 0.00649}
  t=  15.75  cb_yield           L32-CB0 {'rot': 0.0063}
  t=  15.75  cb_yield           L33-CB0 {'rot': 0.00622}
  progress t=  20.0s  max corner drift so far=0.0054  wall clock=270s
  t=  20.12  cb_failure         L28-CB3 {'rot': 0.01964}
  t=  20.25  cb_failure         L32-CB3 {'rot': 0.01983}
  t=  20.50  cb_failure         L12-CB3 {'rot': 0.01893}
  t=  20.50  cb_failure         L13-CB3 {'rot': 0.01922}
  t=  20.50  cb_failure         L14-CB3 {'rot': 0.01935}
  t=  20.50  cb_failure         L15-CB3 {'rot': 0.01933}
  t=  20.50  cb_failure         L16-CB3 {'rot': 0.01918}
  t=  20.62  cb_failure         L11-CB3 {'rot': 0.01904}
  t=  20.62  cb_failure         L17-CB3 {'rot': 0.02039}
  t=  20.62  cb_failure         L18-CB2 {'rot': 0.01974}
  t=  20.62  cb_failure         L18-CB3 {'rot': 0.01986}
  t=  20.75  cb_failure         L19-CB2 {'rot': 0.01976}
  t=  20.75  cb_failure         L19-CB3 {'rot': 0.02006}
  t=  20.87  cb_failure         L13-CB1 {'rot': 0.01896}
  t=  20.87  cb_failure         L14-CB1 {'rot': 0.01989}
  t=  20.87  cb_failure         L15-CB1 {'rot': 0.02058}
  t=  20.87  cb_failure         L16-CB1 {'rot': 0.02104}
  t=  20.87  cb_failure         L17-CB1 {'rot': 0.02137}
  t=  20.87  cb_failure         L18-CB1 {'rot': 0.0215}
  t=  20.87  cb_failure         L19-CB1 {'rot': 0.02144}
  t=  20.87  cb_failure         L20-CB1 {'rot': 0.02118}
  t=  20.87  cb_failure         L20-CB3 {'rot': 0.01968}
  t=  20.87  cb_failure         L21-CB1 {'rot': 0.02069}
  t=  20.87  cb_failure         L22-CB1 {'rot': 0.02001}
  t=  21.00  cb_failure         L22-CB3 {'rot': 0.01954}
  t=  21.00  cb_failure         L23-CB1 {'rot': 0.02306}
  t=  21.00  cb_failure         L23-CB3 {'rot': 0.01957}
  t=  21.00  cb_failure         L24-CB1 {'rot': 0.02247}
  t=  21.00  cb_failure         L25-CB1 {'rot': 0.02178}
  t=  21.00  cb_failure         L26-CB1 {'rot': 0.02103}
  t=  21.00  cb_failure         L27-CB1 {'rot': 0.02022}
  t=  21.00  cb_failure         L28-CB1 {'rot': 0.01958}
  t=  21.12  cb_failure         L12-CB1 {'rot': 0.01924}
  t=  21.12  cb_failure         L16-CB0 {'rot': 0.01894}
  t=  21.12  cb_failure         L17-CB0 {'rot': 0.01969}
  t=  21.12  cb_failure         L18-CB0 {'rot': 0.0202}
  t=  21.12  cb_failure         L19-CB0 {'rot': 0.02054}
  t=  21.12  cb_failure         L20-CB0 {'rot': 0.02068}
  t=  21.12  cb_failure         L21-CB0 {'rot': 0.02064}
  t=  21.12  cb_failure         L22-CB0 {'rot': 0.02045}
  t=  21.12  cb_failure         L23-CB0 {'rot': 0.02013}
  t=  21.12  cb_failure         L24-CB0 {'rot': 0.01968}
  t=  21.12  cb_failure         L29-CB1 {'rot': 0.0227}
  t=  21.12  cb_failure         L30-CB1 {'rot': 0.02217}
  t=  21.12  cb_failure         L31-CB1 {'rot': 0.02174}
  t=  21.12  cb_failure         L32-CB1 {'rot': 0.02145}
  t=  21.12  cb_failure         L33-CB1 {'rot': 0.02132}
  t=  21.25  cb_failure         L10-CB1 {'rot': 0.01957}
  t=  21.25  cb_failure         L11-CB1 {'rot': 0.02062}
  t=  21.25  cb_failure         L14-CB0 {'rot': 0.01893}
  t=  21.25  cb_failure         L15-CB0 {'rot': 0.01943}
  t=  21.25  cb_failure         L25-CB0 {'rot': 0.0215}
  t=  21.25  cb_failure         L26-CB0 {'rot': 0.02135}
  t=  21.25  cb_failure         L27-CB0 {'rot': 0.0211}
  t=  21.25  cb_failure         L28-CB0 {'rot': 0.02074}
  t=  21.25  cb_failure         L29-CB0 {'rot': 0.02027}
  t=  21.25  cb_failure         L30-CB0 {'rot': 0.01975}
  t=  21.37  cb_failure         L8-CB1 {'rot': 0.01932}
  t=  21.37  cb_failure         L9-CB1 {'rot': 0.02076}
  t=  21.37  cb_failure         L12-CB0 {'rot': 0.01905}
  t=  21.37  cb_failure         L13-CB0 {'rot': 0.01972}
  t=  21.37  cb_failure         L31-CB0 {'rot': 0.02094}
  t=  21.37  cb_failure         L32-CB0 {'rot': 0.02069}
  t=  21.37  cb_failure         L33-CB0 {'rot': 0.02056}
  t=  21.50  cb_failure         L7-CB1 {'rot': 0.0192}
  t=  21.50  cb_failure         L10-CB0 {'rot': 0.01917}
  t=  21.50  cb_failure         L11-CB0 {'rot': 0.02015}
  t=  21.50  cb_failure         L21-CB3 {'rot': 0.01951}
  t=  21.62  cb_failure         L9-CB0 {'rot': 0.01953}
  t=  21.75  cb_failure         L8-CB0 {'rot': 0.01983}
  t=  21.87  cb_failure         L7-CB0 {'rot': 0.01912}
  t=  26.37  cb_failure         L9-CB2 {'rot': 0.01903}
  t=  26.37  cb_failure         L10-CB2 {'rot': 0.01973}
  t=  26.37  cb_failure         L10-CB3 {'rot': 0.01899}
  t=  26.37  cb_failure         L11-CB2 {'rot': 0.01992}
  t=  26.37  cb_failure         L12-CB2 {'rot': 0.01967}
  t=  26.37  cb_failure         L13-CB2 {'rot': 0.01905}
  t= 26.700  solver fallback: Newton
  t= 26.725  solver fallback: Newton
  t=  27.00  cb_failure         L24-CB2 {'rot': 0.01974}
  t=  27.00  cb_failure         L29-CB2 {'rot': 0.01975}
  t=  27.00  cb_failure         L32-CB2 {'rot': 0.01959}
  t=  27.12  cb_failure         L24-CB3 {'rot': 0.01969}
  t=  27.12  cb_failure         L25-CB3 {'rot': 0.02015}
  t=  27.12  cb_failure         L26-CB3 {'rot': 0.02046}
  t=  27.12  cb_failure         L27-CB3 {'rot': 0.02061}
  t=  27.12  cb_failure         L29-CB3 {'rot': 0.02059}
  t=  27.12  cb_failure         L30-CB3 {'rot': 0.02044}
  t=  27.12  cb_failure         L31-CB3 {'rot': 0.02026}
  t=  27.12  cb_failure         L33-CB3 {'rot': 0.02002}
  progress t=  30.0s  max corner drift so far=0.0073  wall clock=400s
  t=  35.37  cb_failure         L20-CB2 {'rot': 0.01975}
  t= 35.425  solver fallback: Newton
  t=  35.50  cb_failure         L21-CB2 {'rot': 0.01963}
  progress t=  40.0s  max corner drift so far=0.0086  wall clock=531s
  t=  41.37  cb_failure         L22-CB2 {'rot': 0.01976}
  t=  41.37  cb_failure         L23-CB2 {'rot': 0.02018}
  t=  41.37  cb_failure         L25-CB2 {'rot': 0.02076}
  t=  41.37  cb_failure         L26-CB2 {'rot': 0.02091}
  t=  41.37  cb_failure         L27-CB2 {'rot': 0.02097}
  t=  41.37  cb_failure         L28-CB2 {'rot': 0.02096}
  t=  41.37  cb_failure         L30-CB2 {'rot': 0.02072}
  t=  41.37  cb_failure         L31-CB2 {'rot': 0.02055}
  t=  41.37  cb_failure         L33-CB2 {'rot': 0.02032}
  t=  41.62  cb_failure         L17-CB2 {'rot': 0.01959}
  t=  41.75  cb_failure         L14-CB2 {'rot': 0.01947}
  t=  41.75  cb_failure         L15-CB2 {'rot': 0.02014}
  t=  41.75  cb_failure         L16-CB2 {'rot': 0.02071}
  t=  42.25  cb_failure         L7-CB2 {'rot': 0.01909}
  t=  42.25  cb_failure         L8-CB2 {'rot': 0.02041}
  t=  42.25  cb_failure         L9-CB3 {'rot': 0.01956}
  t=  42.37  cb_yield           L1-CB2 {'rot': 0.00555}
  t=  42.37  cb_failure         L6-CB2 {'rot': 0.01988}
  t=  42.37  cb_failure         L7-CB3 {'rot': 0.01894}
  t=  42.37  cb_failure         L8-CB3 {'rot': 0.02014}
  t=  42.50  cb_yield           L1-CB3 {'rot': 0.00521}
  t=  42.50  cb_failure         L5-CB2 {'rot': 0.01916}
  t=  42.62  cb_failure         L6-CB3 {'rot': 0.0195}
  t=  49.12  cb_failure         L5-CB3 {'rot': 0.01895}
  progress t=  50.0s  max corner drift so far=0.0100  wall clock=665s
  t=  51.12  cb_yield           L1-CB0 {'rot': 0.00495}
  t=  51.12  cb_yield           L1-CB1 {'rot': 0.0062}
  t=  51.25  cb_failure         L4-CB2 {'rot': 0.01984}
  t=  51.25  cb_failure         L4-CB3 {'rot': 0.02088}
  t=  51.25  cb_failure         L6-CB1 {'rot': 0.01925}
  progress t=  60.0s  max corner drift so far=0.0100  wall clock=797s
  t=  61.00  cb_failure         L5-CB1 {'rot': 0.01894}
  t=  61.12  cb_failure         L5-CB0 {'rot': 0.01894}
  t=  61.12  cb_failure         L6-CB0 {'rot': 0.0203}
  t=  61.25  cb_failure         L4-CB1 {'rot': 0.01912}
  progress t=  70.0s  max corner drift so far=0.0100  wall clock=926s
  progress t=  80.0s  max corner drift so far=0.0100  wall clock=1055s
  progress t=  90.0s  max corner drift so far=0.0100  wall clock=1183s
  progress t= 100.0s  max corner drift so far=0.0100  wall clock=1318s
