  t=   1.87  cb_yield           L6-CB3 {'rot': 0.00495}
  t=   2.00  cb_yield           L4-CB1 {'rot': 0.00508}
  t=   2.00  cb_yield           L4-CB2 {'rot': 0.00494}
  t=   2.00  cb_yield           L4-CB3 {'rot': 0.00517}
  t=   2.00  cb_yield           L5-CB0 {'rot': 0.00528}
  t=   2.00  cb_yield           L5-CB1 {'rot': 0.00554}
  t=   2.00  cb_yield           L5-CB2 {'rot': 0.00538}
  t=   2.00  cb_yield           L5-CB3 {'rot': 0.00565}
  t=   2.00  cb_yield           L6-CB0 {'rot': 0.00552}
  t=   2.00  cb_yield           L6-CB1 {'rot': 0.00581}
  t=   2.00  cb_yield           L6-CB2 {'rot': 0.00563}
  t=   2.00  cb_yield           L7-CB0 {'rot': 0.00561}
  t=   2.00  cb_yield           L7-CB1 {'rot': 0.00593}
  t=   2.00  cb_yield           L7-CB2 {'rot': 0.00573}
  t=   2.00  cb_yield           L7-CB3 {'rot': 0.00606}
  t=   2.00  cb_yield           L8-CB0 {'rot': 0.00556}
  t=   2.00  cb_yield           L8-CB1 {'rot': 0.0059}
  t=   2.00  cb_yield           L8-CB2 {'rot': 0.00568}
  t=   2.00  cb_yield           L8-CB3 {'rot': 0.00605}
  t=   2.00  cb_yield           L9-CB0 {'rot': 0.00539}
  t=   2.00  cb_yield           L9-CB1 {'rot': 0.00577}
  t=   2.00  cb_yield           L9-CB2 {'rot': 0.00552}
  t=   2.00  cb_yield           L9-CB3 {'rot': 0.00592}
  t=   2.00  cb_yield           L10-CB0 {'rot': 0.00513}
  t=   2.00  cb_yield           L10-CB1 {'rot': 0.00554}
  t=   2.00  cb_yield           L10-CB2 {'rot': 0.00527}
  t=   2.00  cb_yield           L10-CB3 {'rot': 0.0057}
  t=   2.00  cb_yield           L11-CB1 {'rot': 0.00526}
  t=   2.00  cb_yield           L11-CB2 {'rot': 0.00496}
  t=   2.00  cb_yield           L11-CB3 {'rot': 0.00541}
  t=   2.00  cb_yield           L12-CB3 {'rot': 0.00508}
  t=   2.12  cb_yield           L4-CB0 {'rot': 0.00496}
  t=   2.12  cb_yield           L11-CB0 {'rot': 0.00597}
  t=   2.12  cb_yield           L12-CB0 {'rot': 0.00568}
  t=   2.12  cb_yield           L12-CB1 {'rot': 0.00622}
  t=   2.12  cb_yield           L12-CB2 {'rot': 0.00584}
  t=   2.12  cb_yield           L13-CB0 {'rot': 0.00533}
  t=   2.12  cb_yield           L13-CB1 {'rot': 0.0059}
  t=   2.12  cb_yield           L13-CB2 {'rot': 0.0055}
  t=   2.12  cb_yield           L13-CB3 {'rot': 0.00608}
  t=   2.12  cb_yield           L14-CB0 {'rot': 0.00495}
  t=   2.12  cb_yield           L14-CB1 {'rot': 0.00553}
  t=   2.12  cb_yield           L14-CB2 {'rot': 0.00511}
  t=   2.12  cb_yield           L14-CB3 {'rot': 0.00572}
  t=   2.12  cb_yield           L15-CB1 {'rot': 0.00515}
  t=   2.12  cb_yield           L15-CB3 {'rot': 0.00534}
  t=   2.12  cb_yield           L16-CB3 {'rot': 0.00495}
  t=   2.25  cb_yield           L15-CB0 {'rot': 0.00554}
  t=   2.25  cb_yield           L15-CB2 {'rot': 0.00575}
  t=   2.25  cb_yield           L16-CB0 {'rot': 0.00513}
  t=   2.25  cb_yield           L16-CB1 {'rot': 0.00582}
  t=   2.25  cb_yield           L16-CB2 {'rot': 0.00535}
  t=   2.25  cb_yield           L17-CB3 {'rot': 0.00556}
  t=   2.37  cb_yield           L17-CB0 {'rot': 0.00546}
  t=   2.37  cb_yield           L17-CB1 {'rot': 0.00625}
  t=   2.37  cb_yield           L17-CB2 {'rot': 0.00572}
  t=   2.37  cb_yield           L18-CB1 {'rot': 0.00592}
  t=   2.37  cb_yield           L18-CB3 {'rot': 0.00621}
  t=   2.37  cb_yield           L19-CB1 {'rot': 0.00558}
  t=   2.37  cb_yield           L19-CB3 {'rot': 0.00589}
  t=   2.37  cb_yield           L20-CB3 {'rot': 0.00558}
  t=   2.50  cb_yield           L18-CB0 {'rot': 0.00629}
  t=   2.50  cb_yield           L18-CB2 {'rot': 0.00661}
  t=   2.50  cb_yield           L19-CB0 {'rot': 0.00619}
  t=   2.50  cb_yield           L19-CB2 {'rot': 0.00655}
  t=   2.50  cb_yield           L20-CB0 {'rot': 0.00604}
  t=   2.50  cb_yield           L20-CB1 {'rot': 0.00714}
  t=   2.50  cb_yield           L20-CB2 {'rot': 0.00643}
  t=   2.50  cb_yield           L21-CB0 {'rot': 0.00582}
  t=   2.50  cb_yield           L21-CB1 {'rot': 0.00695}
  t=   2.50  cb_yield           L21-CB2 {'rot': 0.00624}
  t=   2.50  cb_yield           L21-CB3 {'rot': 0.00736}
  t=   2.50  cb_yield           L22-CB0 {'rot': 0.00555}
  t=   2.50  cb_yield           L22-CB1 {'rot': 0.0067}
  t=   2.50  cb_yield           L22-CB2 {'rot': 0.00599}
  t=   2.50  cb_yield           L22-CB3 {'rot': 0.00714}
  t=   2.50  cb_yield           L23-CB1 {'rot': 0.0064}
  t=   2.50  cb_yield           L23-CB2 {'rot': 0.0057}
  t=   2.50  cb_yield           L23-CB3 {'rot': 0.00686}
  t=   2.50  cb_yield           L24-CB1 {'rot': 0.00605}
  t=   2.50  cb_yield           L24-CB3 {'rot': 0.00654}
  t=   2.50  cb_yield           L25-CB1 {'rot': 0.00568}
  t=   2.50  cb_yield           L25-CB3 {'rot': 0.00618}
  t=   2.50  cb_yield           L26-CB3 {'rot': 0.0058}
  t=   2.62  cb_yield           L23-CB0 {'rot': 0.00696}
  t=   2.62  cb_yield           L24-CB0 {'rot': 0.00657}
  t=   2.62  cb_yield           L24-CB2 {'rot': 0.00705}
  t=   2.62  cb_yield           L25-CB0 {'rot': 0.00609}
  t=   2.62  cb_yield           L25-CB2 {'rot': 0.00659}
  t=   2.62  cb_yield           L26-CB0 {'rot': 0.00556}
  t=   2.62  cb_yield           L26-CB1 {'rot': 0.00695}
  t=   2.62  cb_yield           L26-CB2 {'rot': 0.00606}
  t=   2.62  cb_yield           L27-CB1 {'rot': 0.00636}
  t=   2.62  cb_yield           L27-CB2 {'rot': 0.00548}
  t=   2.62  cb_yield           L27-CB3 {'rot': 0.00687}
  t=   2.62  cb_yield           L28-CB1 {'rot': 0.00574}
  t=   2.62  cb_yield           L28-CB3 {'rot': 0.00625}
  t=   2.62  cb_yield           L29-CB3 {'rot': 0.00563}
  t=   2.75  cb_yield           L27-CB0 {'rot': 0.00576}
  t=   2.75  cb_yield           L29-CB1 {'rot': 0.00569}
  t=   3.62  cb_yield           L28-CB0 {'rot': 0.00568}
  t=   3.62  cb_yield           L28-CB2 {'rot': 0.00595}
  t=   3.75  cb_yield           L29-CB0 {'rot': 0.00589}
  t=   3.75  cb_yield           L29-CB2 {'rot': 0.00551}
  t=   4.25  cb_yield           L3-CB0 {'rot': 0.00608}
  t=   4.25  cb_yield           L3-CB1 {'rot': 0.00572}
  t=   4.25  cb_yield           L3-CB2 {'rot': 0.00516}
  t=   4.37  cb_yield           L2-CB0 {'rot': 0.00658}
  t=   4.37  cb_yield           L2-CB1 {'rot': 0.00624}
  t=   4.37  cb_yield           L2-CB2 {'rot': 0.0058}
  t=   4.37  cb_yield           L2-CB3 {'rot': 0.00553}
  t=   4.37  cb_yield           L3-CB3 {'rot': 0.00674}
  t=   4.50  cb_yield           L30-CB3 {'rot': 0.00643}
  t=   4.50  cb_yield           L31-CB3 {'rot': 0.00622}
  t=   4.50  cb_yield           L32-CB3 {'rot': 0.00603}
  t=   4.50  cb_yield           L33-CB3 {'rot': 0.00591}
  t=   4.62  cb_yield           L1-CB0 {'rot': 0.005}
  t=   8.00  cb_yield           L30-CB1 {'rot': 0.00593}
  t=   8.00  cb_yield           L31-CB1 {'rot': 0.00554}
  t=   8.13  cb_failure         L10-CB1 {'rot': 0.01916}
  t=   8.13  cb_failure         L11-CB1 {'rot': 0.01952}
  t=   8.13  cb_failure         L12-CB1 {'rot': 0.0197}
  t=   8.13  cb_failure         L13-CB1 {'rot': 0.01969}
  t=   8.13  cb_failure         L14-CB1 {'rot': 0.01949}
  t=   8.13  cb_failure         L15-CB1 {'rot': 0.0191}
  t=   8.13  cb_yield           L32-CB1 {'rot': 0.00638}
  t=   8.13  cb_yield           L33-CB1 {'rot': 0.00626}
  t=   8.25  cb_yield           L1-CB1 {'rot': 0.00527}
  t=   8.25  cb_failure         L7-CB1 {'rot': 0.02028}
  t=   8.25  cb_failure         L8-CB0 {'rot': 0.02018}
  t=   8.25  cb_failure         L8-CB1 {'rot': 0.02169}
  t=   8.25  cb_failure         L9-CB0 {'rot': 0.02124}
  t=   8.25  cb_failure         L9-CB1 {'rot': 0.02276}
  t=   8.25  cb_failure         L10-CB0 {'rot': 0.02195}
  t=   8.25  cb_failure         L10-CB3 {'rot': 0.01913}
  t=   8.25  cb_failure         L11-CB0 {'rot': 0.02239}
  t=   8.25  cb_failure         L11-CB3 {'rot': 0.01924}
  t=   8.25  cb_failure         L12-CB0 {'rot': 0.02254}
  t=   8.25  cb_failure         L12-CB3 {'rot': 0.01911}
  t=   8.25  cb_failure         L13-CB0 {'rot': 0.02242}
  t=   8.25  cb_failure         L14-CB0 {'rot': 0.02206}
  t=   8.25  cb_failure         L15-CB0 {'rot': 0.02152}
  t=   8.25  cb_failure         L16-CB0 {'rot': 0.02081}
  t=   8.25  cb_failure         L16-CB1 {'rot': 0.02277}
  t=   8.25  cb_failure         L17-CB0 {'rot': 0.01969}
  t=   8.25  cb_failure         L17-CB1 {'rot': 0.0218}
  t=   8.25  cb_failure         L18-CB1 {'rot': 0.02062}
  t=  8.300  solver fallback: Newton
  t=   8.38  cb_yield           L1-CB2 {'rot': 0.00502}
  t=   8.38  cb_yield           L1-CB3 {'rot': 0.0055}
  t=   8.38  cb_failure         L5-CB1 {'rot': 0.01918}
  t=   8.38  cb_failure         L6-CB0 {'rot': 0.01976}
  t=   8.38  cb_failure         L6-CB1 {'rot': 0.02149}
  t=   8.38  cb_failure         L6-CB3 {'rot': 0.01896}
  t=   8.38  cb_failure         L7-CB0 {'rot': 0.02153}
  t=   8.38  cb_failure         L7-CB3 {'rot': 0.02044}
  t=   8.38  cb_failure         L8-CB2 {'rot': 0.01968}
  t=   8.38  cb_failure         L8-CB3 {'rot': 0.0215}
  t=   8.38  cb_failure         L9-CB2 {'rot': 0.02025}
  t=   8.38  cb_failure         L9-CB3 {'rot': 0.0222}
  t=   8.38  cb_failure         L10-CB2 {'rot': 0.02048}
  t=   8.38  cb_failure         L11-CB2 {'rot': 0.02042}
  t=   8.38  cb_failure         L12-CB2 {'rot': 0.02012}
  t=   8.38  cb_failure         L13-CB2 {'rot': 0.01956}
  t=   8.38  cb_failure         L13-CB3 {'rot': 0.022}
  t=   8.38  cb_failure         L14-CB3 {'rot': 0.02131}
  t=   8.38  cb_failure         L15-CB3 {'rot': 0.02039}
  t=   8.38  cb_failure         L16-CB3 {'rot': 0.01927}
  t=   8.38  cb_failure         L18-CB0 {'rot': 0.02067}
  t=   8.38  cb_failure         L19-CB1 {'rot': 0.02125}
  t=   8.38  cb_failure         L20-CB1 {'rot': 0.01948}
  t=   8.50  cb_failure         L4-CB1 {'rot': 0.0194}
  t=   8.50  cb_failure         L5-CB0 {'rot': 0.02095}
  t=   8.50  cb_failure         L5-CB2 {'rot': 0.01894}
  t=   8.50  cb_failure         L5-CB3 {'rot': 0.02047}
  t=   8.50  cb_failure         L6-CB2 {'rot': 0.02099}
  t=   8.50  cb_failure         L7-CB2 {'rot': 0.02255}
  t=   8.50  cb_failure         L14-CB2 {'rot': 0.02214}
  t=   8.50  cb_failure         L15-CB2 {'rot': 0.02093}
  t=   8.50  cb_failure         L16-CB2 {'rot': 0.0195}
  t=   8.50  cb_failure         L17-CB3 {'rot': 0.02056}
  t=   8.50  cb_failure         L19-CB0 {'rot': 0.02}
  t=   8.50  cb_failure         L21-CB1 {'rot': 0.01947}
  t=   8.63  cb_failure         L4-CB0 {'rot': 0.02026}
  t=   8.63  cb_failure         L4-CB3 {'rot': 0.01944}
  t=   8.63  cb_failure         L17-CB2 {'rot': 0.02003}
  t=   8.63  cb_failure         L18-CB3 {'rot': 0.02073}
  t=   8.63  cb_failure         L20-CB3 {'rot': 0.01987}
  t=   8.75  cb_failure         L18-CB2 {'rot': 0.02059}
  t=   8.75  cb_failure         L19-CB3 {'rot': 0.02133}
  t=   8.75  cb_failure         L21-CB3 {'rot': 0.01987}
  t=   8.88  cb_failure         L19-CB2 {'rot': 0.0219}
  t=   8.88  cb_failure         L20-CB0 {'rot': 0.02061}
  t=   8.88  cb_failure         L20-CB2 {'rot': 0.01952}
  t=   8.88  cb_failure         L22-CB3 {'rot': 0.01985}
  t=   9.00  cb_failure         L21-CB0 {'rot': 0.02035}
  t=   9.00  cb_failure         L21-CB2 {'rot': 0.02153}
  t=   9.00  cb_failure         L22-CB1 {'rot': 0.02051}
  t=   9.00  cb_failure         L23-CB3 {'rot': 0.0198}
  t=   9.00  cb_failure         L24-CB3 {'rot': 0.0199}
  t=   9.13  cb_failure         L22-CB0 {'rot': 0.02022}
  t=   9.13  cb_failure         L22-CB2 {'rot': 0.02395}
  t=   9.13  cb_failure         L23-CB1 {'rot': 0.02052}
  t=   9.13  cb_failure         L23-CB2 {'rot': 0.02106}
  t=   9.13  cb_failure         L24-CB1 {'rot': 0.01975}
  t=   9.13  cb_failure         L25-CB3 {'rot': 0.01984}
  t=  9.150  solver fallback: Newton
  t=  9.175  solver fallback: Newton
  t=   9.25  cb_failure         L24-CB2 {'rot': 0.02134}
  t=   9.25  cb_failure         L25-CB1 {'rot': 0.01988}
  t=   9.25  cb_failure         L26-CB3 {'rot': 0.01969}
  t=   9.25  cb_failure         L27-CB3 {'rot': 0.01992}
  t=   9.25  cb_failure         L28-CB3 {'rot': 0.01996}
  t=   9.25  cb_yield           L30-CB2 {'rot': 0.00731}
  t=   9.25  cb_yield           L31-CB2 {'rot': 0.00642}
  t=   9.25  cb_yield           L32-CB2 {'rot': 0.00593}
  t=   9.25  cb_yield           L33-CB2 {'rot': 0.00573}
  t=   9.38  cb_failure         L23-CB0 {'rot': 0.02195}
  t=   9.38  cb_failure         L24-CB0 {'rot': 0.01987}
  t=   9.38  cb_failure         L25-CB2 {'rot': 0.02365}
  t=   9.38  cb_failure         L26-CB1 {'rot': 0.01984}
  t=   9.38  cb_failure         L26-CB2 {'rot': 0.02138}
  t=   9.38  cb_failure         L27-CB1 {'rot': 0.01985}
  t=   9.38  cb_failure         L28-CB1 {'rot': 0.01966}
  t=   9.38  cb_failure         L28-CB2 {'rot': 0.01974}
  t=   9.38  cb_failure         L29-CB3 {'rot': 0.01967}
  t=  9.375  solver fallback: Newton
  t=  9.400  solver fallback: Newton
  t=  9.425  solver fallback: Newton
  t=   9.50  cb_failure         L27-CB2 {'rot': 0.02047}
  t=   9.50  cb_failure         L29-CB1 {'rot': 0.01983}
  t=   9.50  cb_yield           L30-CB0 {'rot': 0.00892}
  t=   9.50  cb_failure         L30-CB3 {'rot': 0.02023}
  t=   9.50  cb_yield           L31-CB0 {'rot': 0.00743}
  t=   9.50  cb_yield           L32-CB0 {'rot': 0.00648}
  t=   9.50  cb_yield           L33-CB0 {'rot': 0.00611}
  t=   9.63  cb_failure         L3-CB3 {'rot': 0.01973}
  t=   9.63  cb_failure         L4-CB2 {'rot': 0.01909}
  t=   9.63  cb_failure         L25-CB0 {'rot': 0.02204}
  t=   9.63  cb_failure         L26-CB0 {'rot': 0.02112}
  t=   9.63  cb_failure         L27-CB0 {'rot': 0.02038}
  t=   9.63  cb_failure         L28-CB0 {'rot': 0.01982}
  t=   9.63  cb_failure         L29-CB2 {'rot': 0.0215}
  t=   9.63  cb_failure         L30-CB1 {'rot': 0.02565}
  t=   9.63  cb_failure         L30-CB2 {'rot': 0.02111}
  t=   9.63  cb_failure         L31-CB1 {'rot': 0.02536}
  t=   9.63  cb_failure         L31-CB2 {'rot': 0.02078}
  t=   9.63  cb_failure         L31-CB3 {'rot': 0.02741}
  t=   9.63  cb_failure         L32-CB1 {'rot': 0.02511}
  t=   9.63  cb_failure         L32-CB2 {'rot': 0.02052}
  t=   9.63  cb_failure         L32-CB3 {'rot': 0.02716}
  t=   9.63  cb_failure         L33-CB1 {'rot': 0.02501}
  t=   9.63  cb_failure         L33-CB2 {'rot': 0.02042}
  t=   9.63  cb_failure         L33-CB3 {'rot': 0.02707}
  t=   9.75  cb_failure         L3-CB1 {'rot': 0.02026}
  t=   9.75  cb_failure         L3-CB2 {'rot': 0.01917}
  t=   9.75  cb_failure         L29-CB0 {'rot': 0.02634}
  t=   9.75  cb_failure         L30-CB0 {'rot': 0.02579}
  t=   9.75  cb_failure         L31-CB0 {'rot': 0.02521}
  t=   9.75  cb_failure         L32-CB0 {'rot': 0.02476}
  t=   9.75  cb_failure         L33-CB0 {'rot': 0.02461}
  t=   9.88  cb_failure         L3-CB0 {'rot': 0.02005}
  progress t=  10.0s  max corner drift so far=0.0078  wall clock=135s
  t= 12.050  solver fallback: Newton
  t= 12.250  solver fallback: Newton
  t= 12.400  solver fallback: Newton
  t= 12.425  solver fallback: Newton
  t=  17.50  cb_failure         L2-CB1 {'rot': 0.01931}
  t=  17.63  cb_failure         L1-CB1 {'rot': 0.02014}
  progress t=  20.0s  max corner drift so far=0.0181  wall clock=306s
  t=  20.25  cb_failure         L2-CB3 {'rot': 0.02189}
  t=  21.00  cb_failure         L1-CB3 {'rot': 0.02036}
  t=  21.00  cb_failure         L2-CB2 {'rot': 0.01958}
  t=  27.37  cb_failure         L2-CB0 {'rot': 0.01918}
  progress t=  30.0s  max corner drift so far=0.0223  wall clock=471s
  t=  30.12  cb_failure         L1-CB0 {'rot': 0.0207}
  t=  34.75  cb_failure         L1-CB2 {'rot': 0.019}
  progress t=  40.0s  max corner drift so far=0.0223  wall clock=649s
  t=  45.00  punching           L29-col23 {'drift': np.float64(0.0209), 'vg_vc': 0.391, 'conn': 'column'}
  t=  45.02  punching           L29-col22 {'drift': np.float64(0.0219), 'vg_vc': 0.367, 'conn': 'column'}
  t=  45.02  punching           L30-col23 {'drift': np.float64(0.0208), 'vg_vc': 0.387, 'conn': 'column'}
  t=  45.05  punching           L30-col22 {'drift': np.float64(0.0218), 'vg_vc': 0.366, 'conn': 'column'}
  t=  45.12  punching           L29-col14 {'drift': np.float64(0.0193), 'vg_vc': 0.418, 'conn': 'column'}
  t=  45.12  punching           L29-col17 {'drift': np.float64(0.0212), 'vg_vc': 0.431, 'conn': 'column'}
  t=  45.12  punching           L29-col18 {'drift': np.float64(0.0203), 'vg_vc': 0.409, 'conn': 'column'}
  t=  45.12  punching           L30-col17 {'drift': np.float64(0.021), 'vg_vc': 0.403, 'conn': 'column'}
  t=  45.12  punching           L30-col18 {'drift': np.float64(0.02), 'vg_vc': 0.44, 'conn': 'column'}
  t=  45.12  punching           L31-col23 {'drift': np.float64(0.0209), 'vg_vc': 0.39, 'conn': 'column'}
  t=  45.12  punching           L32-col23 {'drift': np.float64(0.0205), 'vg_vc': 0.392, 'conn': 'column'}
  t=  45.12  punching           L33-col14 {'drift': np.float64(0.0181), 'vg_vc': 0.438, 'conn': 'column'}
  t=  45.25  punching           L29-col15 {'drift': np.float64(0.0183), 'vg_vc': 0.455, 'conn': 'column'}
  t=  45.25  punching           L30-col14 {'drift': np.float64(0.019), 'vg_vc': 0.506, 'conn': 'column'}
  t=  45.25  punching           L30-col15 {'drift': np.float64(0.0181), 'vg_vc': 0.463, 'conn': 'column'}
  t=  45.25  punching           L31-col14 {'drift': np.float64(0.0187), 'vg_vc': 0.443, 'conn': 'column'}
  t=  45.25  punching           L31-col22 {'drift': np.float64(0.0218), 'vg_vc': 0.407, 'conn': 'column'}
  t=  45.25  punching           L32-col22 {'drift': np.float64(0.0214), 'vg_vc': 0.406, 'conn': 'column'}
  t=  45.25  punching           L33-col11 {'drift': np.float64(0.0164), 'vg_vc': 0.483, 'conn': 'column'}
  t=  45.37  punching           L29-col11 {'drift': np.float64(0.0174), 'vg_vc': 0.488, 'conn': 'column'}
  t=  45.37  punching           L30-col11 {'drift': np.float64(0.0172), 'vg_vc': 0.493, 'conn': 'column'}
  t=  45.37  punching           L31-col11 {'drift': np.float64(0.0169), 'vg_vc': 0.479, 'conn': 'column'}
  t=  45.37  punching           L31-col17 {'drift': np.float64(0.0206), 'vg_vc': 0.403, 'conn': 'column'}
  t=  45.37  punching           L31-col18 {'drift': np.float64(0.0197), 'vg_vc': 0.432, 'conn': 'column'}
  t=  45.37  punching           L32-col14 {'drift': np.float64(0.0184), 'vg_vc': 0.49, 'conn': 'column'}
  t=  45.37  punching           L32-col17 {'drift': np.float64(0.0203), 'vg_vc': 0.442, 'conn': 'column'}
  t=  45.37  punching           L32-col18 {'drift': np.float64(0.0194), 'vg_vc': 0.447, 'conn': 'column'}
  t=  45.50  punching           L29-col12 {'drift': np.float64(0.0165), 'vg_vc': 0.497, 'conn': 'column'}
  t=  45.50  punching           L30-col12 {'drift': np.float64(0.0162), 'vg_vc': 0.494, 'conn': 'column'}
  t=  45.50  punching           L31-col15 {'drift': np.float64(0.0178), 'vg_vc': 0.482, 'conn': 'column'}
  t=  45.50  punching           L32-col11 {'drift': np.float64(0.0166), 'vg_vc': 0.492, 'conn': 'column'}
  t=  45.50  punching           L32-col15 {'drift': np.float64(0.0175), 'vg_vc': 0.512, 'conn': 'column'}
  t=  45.62  punching           L32-col12 {'drift': np.float64(0.0157), 'vg_vc': 0.508, 'conn': 'column'}
  t=  45.75  punching           L31-col12 {'drift': np.float64(0.016), 'vg_vc': 0.56, 'conn': 'column'}
  t=  45.75  punching           L33-col12 {'drift': np.float64(0.0154), 'vg_vc': 0.541, 'conn': 'column'}
  t=  45.75  punching           L33-col15 {'drift': np.float64(0.0172), 'vg_vc': 0.488, 'conn': 'column'}
  t=  47.25  punching           L29-col4 {'drift': np.float64(0.02), 'vg_vc': 0.411, 'conn': 'column'}
  t=  47.25  punching           L30-col4 {'drift': np.float64(0.0199), 'vg_vc': 0.41, 'conn': 'column'}
  t=  47.25  punching           L31-col4 {'drift': np.float64(0.0197), 'vg_vc': 0.408, 'conn': 'column'}
  t=  47.25  punching           L33-col18 {'drift': np.float64(0.019), 'vg_vc': 0.424, 'conn': 'column'}
  t=  47.37  punching           L32-col4 {'drift': np.float64(0.0194), 'vg_vc': 0.436, 'conn': 'column'}
  t=  47.37  column_axial_failure S33-C18 {'eps': -362577.54342}
