  t=   7.75  cb_yield           L7-CB1 {'rot': 0.00413}
  t=   7.88  cb_yield           L5-CB0 {'rot': 0.00432}
  t=   7.88  cb_yield           L5-CB1 {'rot': 0.00446}
  t=   7.88  cb_yield           L6-CB0 {'rot': 0.0045}
  t=   7.88  cb_yield           L6-CB1 {'rot': 0.00467}
  t=   7.88  cb_yield           L7-CB0 {'rot': 0.00457}
  t=   7.88  cb_yield           L8-CB0 {'rot': 0.00453}
  t=   7.88  cb_yield           L8-CB1 {'rot': 0.00475}
  t=   7.88  cb_yield           L9-CB0 {'rot': 0.00441}
  t=   7.88  cb_yield           L9-CB1 {'rot': 0.00466}
  t=   7.88  cb_yield           L10-CB0 {'rot': 0.00423}
  t=   7.88  cb_yield           L10-CB1 {'rot': 0.0045}
  t=   7.88  cb_yield           L11-CB1 {'rot': 0.00431}
  t=   8.00  cb_yield           L4-CB1 {'rot': 0.00414}
  t=   8.00  cb_yield           L11-CB0 {'rot': 0.00458}
  t=   8.00  cb_yield           L12-CB0 {'rot': 0.00434}
  t=   8.00  cb_yield           L12-CB1 {'rot': 0.00463}
  t=   8.00  cb_yield           L13-CB1 {'rot': 0.00436}
  t=   8.13  cb_yield           L13-CB0 {'rot': 0.00417}
  t=   8.13  cb_yield           L14-CB1 {'rot': 0.00428}
  t=   8.63  cb_yield           L15-CB1 {'rot': 0.00412}
  t=   8.63  cb_yield           L16-CB1 {'rot': 0.00419}
  t=   8.75  cb_yield           L15-CB3 {'rot': 0.00427}
  t=   8.75  cb_yield           L16-CB3 {'rot': 0.00445}
  t=   8.75  cb_yield           L17-CB3 {'rot': 0.00463}
  t=   8.75  cb_yield           L18-CB3 {'rot': 0.00475}
  t=   8.75  cb_yield           L19-CB3 {'rot': 0.0048}
  t=   8.75  cb_yield           L20-CB3 {'rot': 0.0048}
  t=   8.75  cb_yield           L21-CB3 {'rot': 0.00473}
  t=   8.75  cb_yield           L22-CB3 {'rot': 0.0046}
  t=   8.88  cb_yield           L14-CB3 {'rot': 0.00422}
  t=   8.88  cb_yield           L16-CB2 {'rot': 0.00425}
  t=   8.88  cb_yield           L18-CB2 {'rot': 0.0046}
  t=   8.88  cb_yield           L19-CB2 {'rot': 0.00468}
  t=   8.88  cb_yield           L20-CB2 {'rot': 0.00469}
  t=   8.88  cb_yield           L21-CB2 {'rot': 0.00465}
  t=   8.88  cb_yield           L22-CB2 {'rot': 0.00456}
  t=   8.88  cb_yield           L23-CB3 {'rot': 0.00511}
  t=   8.88  cb_yield           L24-CB3 {'rot': 0.00493}
  t=   8.88  cb_yield           L25-CB3 {'rot': 0.00473}
  t=   9.00  cb_yield           L23-CB2 {'rot': 0.00476}
  t=   9.00  cb_yield           L24-CB2 {'rot': 0.00465}
  t=   9.00  cb_yield           L26-CB3 {'rot': 0.00502}
  t=   9.00  cb_yield           L27-CB3 {'rot': 0.00482}
  t=   9.00  cb_yield           L28-CB3 {'rot': 0.00459}
  progress t=  10.0s  max corner drift so far=0.0019  wall clock=121s
  t=  10.38  cb_yield           L3-CB0 {'rot': 0.00472}
  t=  10.38  cb_yield           L3-CB1 {'rot': 0.00461}
  t=  10.38  cb_yield           L3-CB2 {'rot': 0.0047}
  t=  10.38  cb_yield           L3-CB3 {'rot': 0.00446}
  t=  10.38  cb_yield           L4-CB0 {'rot': 0.0051}
  t=  10.38  cb_yield           L4-CB2 {'rot': 0.00511}
  t=  10.38  cb_yield           L4-CB3 {'rot': 0.00481}
  t=  10.38  cb_yield           L5-CB2 {'rot': 0.00522}
  t=  10.38  cb_yield           L5-CB3 {'rot': 0.00487}
  t=  10.38  cb_yield           L6-CB2 {'rot': 0.0051}
  t=  10.38  cb_yield           L6-CB3 {'rot': 0.00471}
  t=  10.38  cb_yield           L7-CB2 {'rot': 0.0048}
  t=  10.38  cb_yield           L7-CB3 {'rot': 0.00438}
  t=  10.38  cb_yield           L8-CB2 {'rot': 0.00439}
  t=  10.50  cb_yield           L2-CB0 {'rot': 0.00422}
  t=  10.50  cb_yield           L2-CB1 {'rot': 0.0043}
  t=  10.50  cb_yield           L2-CB2 {'rot': 0.00481}
  t=  10.50  cb_yield           L2-CB3 {'rot': 0.00466}
  t=  10.50  cb_yield           L8-CB3 {'rot': 0.00595}
  t=  10.50  cb_yield           L9-CB2 {'rot': 0.00582}
  t=  10.50  cb_yield           L9-CB3 {'rot': 0.00537}
  t=  10.50  cb_yield           L10-CB2 {'rot': 0.00517}
  t=  10.50  cb_yield           L10-CB3 {'rot': 0.0047}
  t=  10.50  cb_yield           L11-CB2 {'rot': 0.00448}
  t=  10.63  cb_yield           L11-CB3 {'rot': 0.00497}
  t=  10.63  cb_yield           L12-CB2 {'rot': 0.00462}
  t=  10.63  cb_yield           L12-CB3 {'rot': 0.00416}
  t=  10.75  cb_yield           L13-CB2 {'rot': 0.00412}
  t=  11.00  cb_yield           L13-CB3 {'rot': 0.00452}
  t=  11.00  cb_yield           L14-CB0 {'rot': 0.0048}
  t=  11.00  cb_yield           L14-CB2 {'rot': 0.00416}
  t=  11.00  cb_yield           L15-CB0 {'rot': 0.00459}
  t=  11.00  cb_yield           L16-CB0 {'rot': 0.00443}
  t=  11.13  cb_yield           L15-CB2 {'rot': 0.00522}
  t=  11.13  cb_yield           L17-CB0 {'rot': 0.00718}
  t=  11.13  cb_yield           L17-CB1 {'rot': 0.00697}
  t=  11.13  cb_yield           L17-CB2 {'rot': 0.00469}
  t=  11.13  cb_yield           L18-CB0 {'rot': 0.00722}
  t=  11.13  cb_yield           L18-CB1 {'rot': 0.00698}
  t=  11.13  cb_yield           L19-CB0 {'rot': 0.00722}
  t=  11.13  cb_yield           L19-CB1 {'rot': 0.00696}
  t=  11.13  cb_yield           L20-CB0 {'rot': 0.00719}
  t=  11.13  cb_yield           L20-CB1 {'rot': 0.0069}
  t=  11.13  cb_yield           L21-CB0 {'rot': 0.0071}
  t=  11.13  cb_yield           L21-CB1 {'rot': 0.0068}
  t=  11.13  cb_yield           L22-CB0 {'rot': 0.00697}
  t=  11.13  cb_yield           L22-CB1 {'rot': 0.00664}
  t=  11.13  cb_yield           L23-CB0 {'rot': 0.00678}
  t=  11.13  cb_yield           L23-CB1 {'rot': 0.00643}
  t=  11.13  cb_yield           L24-CB0 {'rot': 0.00654}
  t=  11.13  cb_yield           L24-CB1 {'rot': 0.00618}
  t=  11.13  cb_yield           L25-CB0 {'rot': 0.00624}
  t=  11.13  cb_yield           L25-CB1 {'rot': 0.00587}
  t=  11.13  cb_yield           L26-CB0 {'rot': 0.0059}
  t=  11.13  cb_yield           L26-CB1 {'rot': 0.00552}
  t=  11.13  cb_yield           L27-CB0 {'rot': 0.00552}
  t=  11.13  cb_yield           L27-CB1 {'rot': 0.00513}
  t=  11.13  cb_yield           L28-CB0 {'rot': 0.00512}
  t=  11.13  cb_yield           L28-CB1 {'rot': 0.00473}
  t=  11.13  cb_yield           L29-CB0 {'rot': 0.0047}
  t=  11.25  cb_yield           L29-CB1 {'rot': 0.00477}
  t=  11.25  cb_yield           L30-CB0 {'rot': 0.0047}
  t=  11.38  cb_yield           L25-CB2 {'rot': 0.00513}
  t=  14.38  cb_yield           L26-CB2 {'rot': 0.005}
  t=  14.38  cb_yield           L27-CB2 {'rot': 0.0047}
  t=  14.38  cb_yield           L29-CB3 {'rot': 0.00511}
  t=  14.38  cb_yield           L30-CB3 {'rot': 0.00486}
  t=  14.38  cb_yield           L31-CB3 {'rot': 0.00463}
  t=  14.50  cb_yield           L28-CB2 {'rot': 0.00545}
  t=  14.50  cb_yield           L29-CB2 {'rot': 0.00514}
  t=  14.50  cb_yield           L30-CB2 {'rot': 0.00487}
  t=  14.50  cb_yield           L31-CB2 {'rot': 0.00462}
  t=  14.50  cb_yield           L32-CB3 {'rot': 0.00562}
  t=  14.50  cb_yield           L33-CB3 {'rot': 0.00552}
  t=  14.63  cb_yield           L32-CB2 {'rot': 0.00508}
  t=  14.63  cb_yield           L33-CB2 {'rot': 0.00498}
  t=  15.50  cb_yield           L30-CB1 {'rot': 0.00585}
  t=  15.50  cb_yield           L31-CB1 {'rot': 0.00562}
  t=  15.50  cb_yield           L32-CB1 {'rot': 0.00544}
  t=  15.50  cb_yield           L33-CB1 {'rot': 0.00534}
  t=  15.63  cb_yield           L31-CB0 {'rot': 0.00514}
  t=  15.63  cb_yield           L32-CB0 {'rot': 0.00497}
  t=  15.63  cb_yield           L33-CB0 {'rot': 0.00488}
  progress t=  20.0s  max corner drift so far=0.0058  wall clock=246s
  t=  20.12  cb_yield           L1-CB2 {'rot': 0.00414}
  t=  20.12  cb_yield           L1-CB3 {'rot': 0.00437}
  t=  20.62  cb_failure         L11-CB3 {'rot': 0.01818}
  t=  20.62  cb_failure         L12-CB3 {'rot': 0.01888}
  t=  20.62  cb_failure         L13-CB3 {'rot': 0.01929}
  t=  20.62  cb_failure         L14-CB3 {'rot': 0.01943}
  t=  20.62  cb_failure         L15-CB3 {'rot': 0.0193}
  t=  20.62  cb_failure         L16-CB3 {'rot': 0.01888}
  t=  20.75  cb_failure         L14-CB1 {'rot': 0.01811}
  t=  20.75  cb_failure         L15-CB1 {'rot': 0.01871}
  t=  20.75  cb_failure         L16-CB1 {'rot': 0.01906}
  t=  20.75  cb_failure         L17-CB1 {'rot': 0.01919}
  t=  20.75  cb_failure         L17-CB3 {'rot': 0.01926}
  t=  20.75  cb_failure         L18-CB1 {'rot': 0.01899}
  t=  20.87  cb_failure         L13-CB1 {'rot': 0.01815}
  t=  20.87  cb_failure         L16-CB0 {'rot': 0.01833}
  t=  20.87  cb_failure         L17-CB0 {'rot': 0.01877}
  t=  20.87  cb_failure         L18-CB0 {'rot': 0.01891}
  t=  20.87  cb_failure         L19-CB0 {'rot': 0.01876}
  t=  20.87  cb_failure         L19-CB1 {'rot': 0.02154}
  t=  20.87  cb_failure         L20-CB1 {'rot': 0.02124}
  t=  20.87  cb_failure         L21-CB1 {'rot': 0.02068}
  t=  20.87  cb_failure         L22-CB1 {'rot': 0.01988}
  t=  20.87  cb_failure         L23-CB1 {'rot': 0.01893}
  t=  21.00  cb_failure         L15-CB0 {'rot': 0.01862}
  t=  21.00  cb_failure         L20-CB0 {'rot': 0.02018}
  t=  21.00  cb_failure         L21-CB0 {'rot': 0.01973}
  t=  21.00  cb_failure         L22-CB0 {'rot': 0.01903}
  t=  21.00  cb_failure         L24-CB1 {'rot': 0.02047}
  t=  21.00  cb_failure         L25-CB1 {'rot': 0.01946}
  t=  21.12  cb_failure         L12-CB1 {'rot': 0.01831}
  t=  21.12  cb_failure         L14-CB0 {'rot': 0.0182}
  t=  21.12  cb_failure         L23-CB0 {'rot': 0.01952}
  t=  21.12  cb_failure         L24-CB0 {'rot': 0.01898}
  t=  21.12  cb_failure         L26-CB1 {'rot': 0.02106}
  t=  21.12  cb_failure         L27-CB1 {'rot': 0.02045}
  t=  21.12  cb_failure         L28-CB1 {'rot': 0.01982}
  t=  21.12  cb_failure         L29-CB1 {'rot': 0.0192}
  t=  21.12  cb_failure         L30-CB1 {'rot': 0.01866}
  t=  21.25  cb_failure         L10-CB1 {'rot': 0.01904}
  t=  21.25  cb_failure         L11-CB1 {'rot': 0.01984}
  t=  21.25  cb_failure         L12-CB0 {'rot': 0.01838}
  t=  21.25  cb_failure         L13-CB0 {'rot': 0.01883}
  t=  21.25  cb_failure         L25-CB0 {'rot': 0.01975}
  t=  21.25  cb_failure         L26-CB0 {'rot': 0.01971}
  t=  21.25  cb_failure         L27-CB0 {'rot': 0.01959}
  t=  21.25  cb_failure         L28-CB0 {'rot': 0.01938}
  t=  21.25  cb_failure         L29-CB0 {'rot': 0.01906}
  t=  21.25  cb_failure         L30-CB0 {'rot': 0.01865}
  t=  21.25  cb_failure         L31-CB1 {'rot': 0.022}
  t=  21.25  cb_failure         L32-CB1 {'rot': 0.02171}
  t=  21.25  cb_failure         L33-CB1 {'rot': 0.02155}
  t=  21.37  cb_yield           L1-CB1 {'rot': 0.00426}
  t=  21.37  cb_failure         L8-CB1 {'rot': 0.0193}
  t=  21.37  cb_failure         L9-CB0 {'rot': 0.01825}
  t=  21.37  cb_failure         L9-CB1 {'rot': 0.02037}
  t=  21.37  cb_failure         L10-CB0 {'rot': 0.01889}
  t=  21.37  cb_failure         L11-CB0 {'rot': 0.01933}
  t=  21.37  cb_failure         L31-CB0 {'rot': 0.01883}
  t=  21.37  cb_failure         L32-CB0 {'rot': 0.0186}
  t=  21.50  cb_yield           L1-CB0 {'rot': 0.00502}
  t=  21.50  cb_failure         L7-CB0 {'rot': 0.01828}
  t=  21.50  cb_failure         L7-CB1 {'rot': 0.01958}
  t=  21.50  cb_failure         L8-CB0 {'rot': 0.01919}
  t=  21.62  cb_failure         L6-CB0 {'rot': 0.01861}
  t=  21.62  cb_failure         L6-CB1 {'rot': 0.0189}
  t=  22.62  cb_failure         L33-CB0 {'rot': 0.01884}
  t=  26.25  cb_failure         L6-CB2 {'rot': 0.01866}
  t=  26.25  cb_failure         L7-CB2 {'rot': 0.01974}
  t=  26.25  cb_failure         L8-CB2 {'rot': 0.02018}
  t=  26.25  cb_failure         L9-CB2 {'rot': 0.02057}
  t=  26.25  cb_failure         L9-CB3 {'rot': 0.01822}
  t=  26.25  cb_failure         L10-CB2 {'rot': 0.02035}
  t=  26.25  cb_failure         L10-CB3 {'rot': 0.01812}
  t=  26.25  cb_failure         L11-CB2 {'rot': 0.01978}
  t=  26.25  cb_failure         L12-CB2 {'rot': 0.01891}
  t=  26.37  cb_failure         L8-CB3 {'rot': 0.0183}
  t=  26.37  cb_failure         L13-CB2 {'rot': 0.01905}
  t=  27.00  cb_failure         L24-CB3 {'rot': 0.01855}
  t=  27.00  cb_failure         L25-CB3 {'rot': 0.01863}
  t=  27.00  cb_failure         L26-CB3 {'rot': 0.01861}
  t=  27.12  cb_failure         L21-CB3 {'rot': 0.01903}
  t=  27.12  cb_failure         L22-CB3 {'rot': 0.01981}
  t=  27.12  cb_failure         L23-CB3 {'rot': 0.02045}
  t=  27.12  cb_failure         L24-CB2 {'rot': 0.01889}
  t=  27.12  cb_failure         L25-CB2 {'rot': 0.01918}
  t=  27.12  cb_failure         L26-CB2 {'rot': 0.01933}
  t=  27.12  cb_failure         L27-CB2 {'rot': 0.01938}
  t=  27.12  cb_failure         L27-CB3 {'rot': 0.02153}
  t=  27.12  cb_failure         L28-CB2 {'rot': 0.01934}
  t=  27.12  cb_failure         L28-CB3 {'rot': 0.02151}
  t=  27.12  cb_failure         L29-CB2 {'rot': 0.01923}
  t=  27.12  cb_failure         L29-CB3 {'rot': 0.02141}
  t=  27.12  cb_failure         L30-CB2 {'rot': 0.01906}
  t=  27.12  cb_failure         L30-CB3 {'rot': 0.02125}
  t=  27.12  cb_failure         L31-CB2 {'rot': 0.01889}
  t=  27.12  cb_failure         L31-CB3 {'rot': 0.02108}
  t=  27.12  cb_failure         L32-CB2 {'rot': 0.01874}
  t=  27.12  cb_failure         L32-CB3 {'rot': 0.02093}
  t=  27.12  cb_failure         L33-CB2 {'rot': 0.01867}
  t=  27.12  cb_failure         L33-CB3 {'rot': 0.02086}
  t=  27.25  cb_failure         L20-CB3 {'rot': 0.01864}
  t=  27.25  cb_failure         L22-CB2 {'rot': 0.01862}
  t=  27.25  cb_failure         L23-CB2 {'rot': 0.01944}
  t=  27.62  cb_failure         L19-CB3 {'rot': 0.01876}
  t=  27.75  cb_failure         L18-CB3 {'rot': 0.01974}
  progress t=  30.0s  max corner drift so far=0.0086  wall clock=372s
  t=  35.37  cb_failure         L21-CB2 {'rot': 0.01869}
  t=  35.50  cb_failure         L20-CB2 {'rot': 0.01917}
  progress t=  40.0s  max corner drift so far=0.0104  wall clock=497s
  t=  40.87  cb_failure         L15-CB2 {'rot': 0.01821}
  t=  40.87  cb_failure         L16-CB2 {'rot': 0.01852}
  t=  40.87  cb_failure         L17-CB2 {'rot': 0.01869}
  t=  40.87  cb_failure         L18-CB2 {'rot': 0.01867}
  t=  41.00  cb_failure         L19-CB2 {'rot': 0.01979}
  t=  41.75  cb_failure         L14-CB2 {'rot': 0.01972}
  t=  42.25  cb_failure         L5-CB2 {'rot': 0.01848}
  t=  42.25  cb_failure         L7-CB3 {'rot': 0.01884}
  t=  42.37  cb_failure         L6-CB3 {'rot': 0.01925}
  t=  42.50  cb_failure         L5-CB3 {'rot': 0.0184}
  progress t=  50.0s  max corner drift so far=0.0104  wall clock=621s
  t=  51.25  cb_failure         L4-CB2 {'rot': 0.01905}
  t=  51.25  cb_failure         L4-CB3 {'rot': 0.0201}
  progress t=  60.0s  max corner drift so far=0.0104  wall clock=746s
  t=  61.00  cb_failure         L5-CB1 {'rot': 0.01929}
  t=  61.12  cb_failure         L4-CB1 {'rot': 0.0184}
  t=  61.12  cb_failure         L5-CB0 {'rot': 0.01946}
  progress t=  70.0s  max corner drift so far=0.0104  wall clock=867s
  progress t=  80.0s  max corner drift so far=0.0104  wall clock=989s
  progress t=  90.0s  max corner drift so far=0.0104  wall clock=1112s
  progress t= 100.0s  max corner drift so far=0.0104  wall clock=1234s
