  t=   4.25  cb_yield           L5-CB0 {'rot': 0.00504}
  t=   4.25  cb_yield           L6-CB0 {'rot': 0.00528}
  t=   4.25  cb_yield           L6-CB1 {'rot': 0.00503}
  t=   4.25  cb_yield           L7-CB0 {'rot': 0.00539}
  t=   4.25  cb_yield           L7-CB1 {'rot': 0.00511}
  t=   4.25  cb_yield           L8-CB0 {'rot': 0.00538}
  t=   4.25  cb_yield           L8-CB1 {'rot': 0.00508}
  t=   4.25  cb_yield           L9-CB0 {'rot': 0.00528}
  t=   4.25  cb_yield           L9-CB1 {'rot': 0.00496}
  t=   4.25  cb_yield           L10-CB0 {'rot': 0.0051}
  t=   4.37  cb_yield           L4-CB0 {'rot': 0.0055}
  t=   4.37  cb_yield           L4-CB1 {'rot': 0.00526}
  t=   4.37  cb_yield           L5-CB1 {'rot': 0.0057}
  t=   4.37  cb_yield           L5-CB2 {'rot': 0.00519}
  t=   4.37  cb_yield           L5-CB3 {'rot': 0.00495}
  t=   4.37  cb_yield           L6-CB2 {'rot': 0.00531}
  t=   4.37  cb_yield           L6-CB3 {'rot': 0.00504}
  t=   4.37  cb_yield           L7-CB2 {'rot': 0.00525}
  t=   4.37  cb_yield           L7-CB3 {'rot': 0.00496}
  t=   4.37  cb_yield           L8-CB2 {'rot': 0.00503}
  t=   4.37  cb_yield           L10-CB1 {'rot': 0.00543}
  t=   4.37  cb_yield           L11-CB0 {'rot': 0.00548}
  t=   4.37  cb_yield           L11-CB1 {'rot': 0.00505}
  t=   4.37  cb_yield           L12-CB0 {'rot': 0.00507}
  t=   7.75  cb_yield           L12-CB1 {'rot': 0.00503}
  t=   7.75  cb_yield           L13-CB1 {'rot': 0.00494}
  t=   7.88  cb_yield           L13-CB0 {'rot': 0.00555}
  t=   7.88  cb_yield           L14-CB0 {'rot': 0.00526}
  t=   7.88  cb_yield           L14-CB1 {'rot': 0.00587}
  t=   7.88  cb_yield           L15-CB0 {'rot': 0.00498}
  t=   7.88  cb_yield           L15-CB1 {'rot': 0.0056}
  t=   7.88  cb_yield           L16-CB1 {'rot': 0.00534}
  t=   8.00  cb_yield           L3-CB0 {'rot': 0.00542}
  t=   8.00  cb_yield           L3-CB1 {'rot': 0.00557}
  t=   8.00  cb_yield           L4-CB3 {'rot': 0.00499}
  t=   8.00  cb_yield           L8-CB3 {'rot': 0.0059}
  t=   8.00  cb_yield           L9-CB2 {'rot': 0.00524}
  t=   8.00  cb_yield           L9-CB3 {'rot': 0.0058}
  t=   8.00  cb_yield           L10-CB2 {'rot': 0.00501}
  t=   8.00  cb_yield           L10-CB3 {'rot': 0.0056}
  t=   8.00  cb_yield           L11-CB3 {'rot': 0.00533}
  t=   8.00  cb_yield           L12-CB3 {'rot': 0.00498}
  t=   8.00  cb_yield           L16-CB0 {'rot': 0.00559}
  t=   8.00  cb_yield           L17-CB1 {'rot': 0.00567}
  t=   8.13  cb_yield           L2-CB1 {'rot': 0.00499}
  t=   8.13  cb_yield           L3-CB2 {'rot': 0.00508}
  t=   8.13  cb_yield           L3-CB3 {'rot': 0.00538}
  t=   8.13  cb_yield           L4-CB2 {'rot': 0.00585}
  t=   8.13  cb_yield           L11-CB2 {'rot': 0.00593}
  t=   8.13  cb_yield           L12-CB2 {'rot': 0.00545}
  t=   8.13  cb_yield           L13-CB3 {'rot': 0.00568}
  t=   8.13  cb_yield           L14-CB3 {'rot': 0.0051}
  t=   8.13  cb_yield           L17-CB0 {'rot': 0.00578}
  t=   8.13  cb_yield           L18-CB1 {'rot': 0.00588}
  t=   8.25  cb_yield           L2-CB0 {'rot': 0.00533}
  t=   8.25  cb_yield           L2-CB3 {'rot': 0.00511}
  t=   8.25  cb_yield           L13-CB2 {'rot': 0.0054}
  t=   8.25  cb_yield           L15-CB3 {'rot': 0.00496}
  t=   8.25  cb_yield           L18-CB0 {'rot': 0.00558}
  t=   8.25  cb_yield           L19-CB1 {'rot': 0.00582}
  t=   8.38  cb_yield           L2-CB2 {'rot': 0.0053}
  t=   8.38  cb_yield           L20-CB1 {'rot': 0.0055}
  t=   8.50  cb_yield           L14-CB2 {'rot': 0.00538}
  t=   8.50  cb_yield           L16-CB3 {'rot': 0.00507}
  t=   8.63  cb_yield           L15-CB2 {'rot': 0.00584}
  t=   8.63  cb_yield           L16-CB2 {'rot': 0.00536}
  t=   8.63  cb_yield           L17-CB3 {'rot': 0.00588}
  t=   8.63  cb_yield           L19-CB0 {'rot': 0.00549}
  t=   8.63  cb_yield           L21-CB1 {'rot': 0.00578}
  t=   8.63  cb_yield           L22-CB1 {'rot': 0.0055}
  t=   8.75  cb_yield           L17-CB2 {'rot': 0.0067}
  t=   8.75  cb_yield           L18-CB2 {'rot': 0.00636}
  t=   8.75  cb_yield           L18-CB3 {'rot': 0.00754}
  t=   8.75  cb_yield           L19-CB2 {'rot': 0.00599}
  t=   8.75  cb_yield           L19-CB3 {'rot': 0.00719}
  t=   8.75  cb_yield           L20-CB0 {'rot': 0.00587}
  t=   8.75  cb_yield           L20-CB2 {'rot': 0.00559}
  t=   8.75  cb_yield           L20-CB3 {'rot': 0.0068}
  t=   8.75  cb_yield           L21-CB3 {'rot': 0.00638}
  t=   8.75  cb_yield           L22-CB3 {'rot': 0.00595}
  t=   8.75  cb_yield           L23-CB1 {'rot': 0.00555}
  t=   8.75  cb_yield           L23-CB3 {'rot': 0.00552}
  t=   8.88  cb_yield           L21-CB0 {'rot': 0.0058}
  t=   8.88  cb_yield           L21-CB2 {'rot': 0.00728}
  t=   8.88  cb_yield           L22-CB2 {'rot': 0.00682}
  t=   8.88  cb_yield           L23-CB2 {'rot': 0.00632}
  t=   8.88  cb_yield           L24-CB2 {'rot': 0.00581}
  t=   8.88  cb_yield           L24-CB3 {'rot': 0.00712}
  t=   8.88  cb_yield           L25-CB3 {'rot': 0.00661}
  t=   8.88  cb_yield           L26-CB3 {'rot': 0.00611}
  t=   8.88  cb_yield           L27-CB3 {'rot': 0.00563}
  t=   9.00  cb_yield           L25-CB2 {'rot': 0.00705}
  t=   9.00  cb_yield           L26-CB2 {'rot': 0.00651}
  t=   9.00  cb_yield           L27-CB2 {'rot': 0.00597}
  t=   9.00  cb_yield           L28-CB2 {'rot': 0.00546}
  t=   9.00  cb_yield           L28-CB3 {'rot': 0.00695}
  t=   9.00  cb_yield           L29-CB3 {'rot': 0.00647}
  t=   9.00  cb_yield           L30-CB3 {'rot': 0.00603}
  t=   9.00  cb_yield           L31-CB3 {'rot': 0.00567}
  t=   9.13  cb_yield           L24-CB1 {'rot': 0.00584}
  t=   9.13  cb_yield           L29-CB2 {'rot': 0.00622}
  t=   9.13  cb_yield           L30-CB2 {'rot': 0.00562}
  t=   9.13  cb_yield           L32-CB3 {'rot': 0.00654}
  t=   9.13  cb_yield           L33-CB3 {'rot': 0.00637}
  t=   9.25  cb_yield           L31-CB2 {'rot': 0.00643}
  t=   9.25  cb_yield           L32-CB2 {'rot': 0.00607}
  t=   9.25  cb_yield           L33-CB2 {'rot': 0.00588}
  progress t=  10.0s  max corner drift so far=0.0032  wall clock=133s
  t=  10.50  cb_yield           L22-CB0 {'rot': 0.00559}
  t=  10.50  cb_yield           L23-CB0 {'rot': 0.00567}
  t=  10.50  cb_yield           L24-CB0 {'rot': 0.00566}
  t=  10.50  cb_yield           L25-CB0 {'rot': 0.00557}
  t=  10.50  cb_yield           L25-CB1 {'rot': 0.00707}
  t=  10.50  cb_yield           L26-CB1 {'rot': 0.00692}
  t=  10.50  cb_yield           L27-CB1 {'rot': 0.00671}
  t=  10.50  cb_yield           L28-CB1 {'rot': 0.00644}
  t=  10.50  cb_yield           L29-CB1 {'rot': 0.00613}
  t=  10.50  cb_yield           L30-CB1 {'rot': 0.00581}
  t=  10.50  cb_yield           L31-CB1 {'rot': 0.00552}
  t=  10.63  cb_yield           L1-CB2 {'rot': 0.00523}
  t=  10.63  cb_yield           L1-CB3 {'rot': 0.005}
  t=  10.63  cb_yield           L26-CB0 {'rot': 0.00618}
  t=  10.63  cb_yield           L27-CB0 {'rot': 0.00582}
  t=  10.75  cb_yield           L1-CB0 {'rot': 0.00572}
  t=  10.75  cb_yield           L1-CB1 {'rot': 0.00546}
  t=  11.25  cb_yield           L28-CB0 {'rot': 0.00603}
  t=  11.25  cb_yield           L29-CB0 {'rot': 0.00568}
  t=  11.38  cb_failure         L11-CB0 {'rot': 0.01919}
  t=  11.38  cb_failure         L12-CB0 {'rot': 0.01951}
  t=  11.38  cb_failure         L13-CB0 {'rot': 0.01964}
  t=  11.38  cb_failure         L14-CB0 {'rot': 0.01958}
  t=  11.38  cb_failure         L15-CB0 {'rot': 0.01935}
  t=  11.38  cb_failure         L16-CB0 {'rot': 0.01897}
  t=  11.38  cb_yield           L30-CB0 {'rot': 0.00691}
  t=  11.38  cb_yield           L31-CB0 {'rot': 0.00639}
  t=  11.38  cb_yield           L32-CB0 {'rot': 0.00603}
  t=  11.38  cb_yield           L33-CB0 {'rot': 0.00586}
  t=  11.50  cb_failure         L10-CB0 {'rot': 0.01979}
  t=  11.50  cb_failure         L10-CB1 {'rot': 0.01932}
  t=  11.50  cb_failure         L11-CB1 {'rot': 0.02043}
  t=  11.50  cb_failure         L12-CB1 {'rot': 0.02136}
  t=  11.50  cb_failure         L13-CB1 {'rot': 0.02209}
  t=  11.50  cb_failure         L14-CB1 {'rot': 0.02257}
  t=  11.50  cb_failure         L15-CB1 {'rot': 0.02282}
  t=  11.50  cb_failure         L16-CB1 {'rot': 0.02286}
  t=  11.50  cb_failure         L17-CB0 {'rot': 0.02326}
  t=  11.50  cb_failure         L17-CB1 {'rot': 0.02261}
  t=  11.50  cb_failure         L18-CB0 {'rot': 0.0228}
  t=  11.50  cb_failure         L18-CB1 {'rot': 0.02211}
  t=  11.50  cb_failure         L19-CB0 {'rot': 0.02204}
  t=  11.50  cb_failure         L19-CB1 {'rot': 0.02134}
  t=  11.50  cb_failure         L20-CB0 {'rot': 0.02099}
  t=  11.50  cb_failure         L20-CB1 {'rot': 0.02027}
  t=  11.50  cb_failure         L21-CB0 {'rot': 0.01954}
  t= 11.550  solver fallback: Newton
  t= 11.575  solver fallback: Newton
  t= 11.600  solver fallback: Newton
  t=  11.63  cb_failure         L21-CB1 {'rot': 0.02106}
  t=  11.63  cb_failure         L22-CB0 {'rot': 0.01989}
  t=  11.63  cb_failure         L23-CB0 {'rot': 0.02104}
  t=  11.75  cb_failure         L14-CB3 {'rot': 0.01924}
  t=  11.75  cb_failure         L15-CB2 {'rot': 0.01976}
  t=  11.75  cb_failure         L15-CB3 {'rot': 0.02024}
  t=  11.75  cb_failure         L16-CB2 {'rot': 0.02049}
  t=  11.75  cb_failure         L16-CB3 {'rot': 0.02093}
  t=  11.75  cb_failure         L17-CB2 {'rot': 0.02099}
  t=  11.75  cb_failure         L17-CB3 {'rot': 0.02135}
  t=  11.75  cb_failure         L18-CB2 {'rot': 0.02104}
  t=  11.75  cb_failure         L18-CB3 {'rot': 0.02136}
  t=  11.75  cb_failure         L19-CB2 {'rot': 0.02067}
  t=  11.75  cb_failure         L19-CB3 {'rot': 0.02101}
  t=  11.75  cb_failure         L20-CB2 {'rot': 0.02023}
  t=  11.75  cb_failure         L20-CB3 {'rot': 0.02026}
  t=  11.75  cb_failure         L22-CB1 {'rot': 0.02316}
  t=  11.75  cb_failure         L23-CB1 {'rot': 0.02087}
  t= 11.825  solver fallback: Newton
  t=  11.88  cb_failure         L21-CB2 {'rot': 0.02088}
  t=  11.88  cb_failure         L21-CB3 {'rot': 0.02108}
  t=  11.88  cb_failure         L22-CB3 {'rot': 0.01949}
  t=  11.88  cb_failure         L23-CB2 {'rot': 0.01964}
  t=  11.88  cb_failure         L24-CB0 {'rot': 0.01949}
  t=  11.88  cb_failure         L24-CB1 {'rot': 0.01948}
  t=  11.88  cb_failure         L25-CB0 {'rot': 0.01972}
  t=  12.00  cb_failure         L22-CB2 {'rot': 0.02033}
  t=  12.00  cb_failure         L24-CB2 {'rot': 0.01989}
  t=  12.00  cb_failure         L26-CB1 {'rot': 0.01982}
  t=  12.13  cb_failure         L23-CB3 {'rot': 0.02044}
  t=  12.13  cb_failure         L24-CB3 {'rot': 0.01954}
  t=  12.13  cb_failure         L25-CB2 {'rot': 0.01991}
  t=  12.13  cb_failure         L26-CB0 {'rot': 0.01991}
  t=  12.13  cb_failure         L26-CB2 {'rot': 0.01977}
  t=  12.25  cb_failure         L27-CB1 {'rot': 0.01981}
  t=  12.25  cb_yield           L32-CB1 {'rot': 0.00557}
  t=  12.75  cb_failure         L9-CB0 {'rot': 0.01908}
  t=  12.88  cb_failure         L7-CB0 {'rot': 0.01918}
  t=  12.88  cb_failure         L7-CB2 {'rot': 0.0191}
  t=  12.88  cb_failure         L8-CB0 {'rot': 0.01988}
  t=  12.88  cb_failure         L8-CB1 {'rot': 0.01901}
  t=  12.88  cb_failure         L8-CB2 {'rot': 0.01958}
  t=  12.88  cb_failure         L9-CB1 {'rot': 0.01942}
  t=  12.88  cb_failure         L9-CB2 {'rot': 0.01975}
  t=  12.88  cb_failure         L10-CB2 {'rot': 0.01962}
  t=  12.88  cb_failure         L11-CB2 {'rot': 0.01923}
  t=  13.00  cb_failure         L5-CB2 {'rot': 0.01893}
  t=  13.00  cb_failure         L6-CB2 {'rot': 0.02035}
  t=  13.00  cb_failure         L6-CB3 {'rot': 0.01955}
  t=  13.00  cb_failure         L7-CB1 {'rot': 0.01895}
  t=  13.00  cb_failure         L7-CB3 {'rot': 0.02038}
  t=  13.00  cb_failure         L8-CB3 {'rot': 0.02077}
  t=  13.00  cb_failure         L9-CB3 {'rot': 0.02079}
  t=  13.00  cb_failure         L10-CB3 {'rot': 0.0205}
  t=  13.00  cb_failure         L11-CB3 {'rot': 0.0199}
  t=  13.00  cb_failure         L12-CB2 {'rot': 0.02041}
  t=  13.00  cb_failure         L12-CB3 {'rot': 0.019}
  t=  13.00  cb_failure         L13-CB2 {'rot': 0.01924}
  t=  14.00  cb_failure         L27-CB2 {'rot': 0.0199}
  t=  15.00  cb_failure         L25-CB3 {'rot': 0.02204}
  t=  15.00  cb_failure         L26-CB3 {'rot': 0.02228}
  t=  15.00  cb_failure         L27-CB3 {'rot': 0.02236}
  t=  15.00  cb_failure         L28-CB2 {'rot': 0.01976}
  t=  15.00  cb_failure         L28-CB3 {'rot': 0.0223}
  t=  15.00  cb_failure         L29-CB2 {'rot': 0.01951}
  t=  15.00  cb_failure         L29-CB3 {'rot': 0.0221}
  t=  15.00  cb_failure         L30-CB3 {'rot': 0.0218}
  t=  15.00  cb_failure         L31-CB3 {'rot': 0.02145}
  t=  15.00  cb_failure         L32-CB3 {'rot': 0.02115}
  t=  15.00  cb_yield           L33-CB1 {'rot': 0.00559}
  t=  15.00  cb_failure         L33-CB3 {'rot': 0.02098}
  t=  15.13  cb_failure         L30-CB2 {'rot': 0.02112}
  t=  15.13  cb_failure         L31-CB2 {'rot': 0.02053}
  t=  15.13  cb_failure         L32-CB2 {'rot': 0.02009}
  t=  15.13  cb_failure         L33-CB2 {'rot': 0.0199}
  t=  15.25  cb_failure         L25-CB1 {'rot': 0.01984}
  t=  15.38  cb_failure         L28-CB1 {'rot': 0.02196}
  t=  15.38  cb_failure         L29-CB1 {'rot': 0.02132}
  t=  15.38  cb_failure         L30-CB1 {'rot': 0.02067}
  t=  15.38  cb_failure         L31-CB1 {'rot': 0.02012}
  t=  15.38  cb_failure         L32-CB1 {'rot': 0.01975}
  t=  15.38  cb_failure         L33-CB1 {'rot': 0.01962}
  t=  15.63  cb_failure         L33-CB0 {'rot': 0.01976}
  t=  15.88  cb_failure         L27-CB0 {'rot': 0.02035}
  t=  15.88  cb_failure         L28-CB0 {'rot': 0.01993}
  t=  15.88  cb_failure         L29-CB0 {'rot': 0.01948}
  t=  16.00  cb_failure         L30-CB0 {'rot': 0.02104}
  t=  16.00  cb_failure         L31-CB0 {'rot': 0.02082}
  t=  16.00  cb_failure         L32-CB0 {'rot': 0.02067}
  progress t=  20.0s  max corner drift so far=0.0098  wall clock=292s
  t=  26.50  cb_failure         L13-CB3 {'rot': 0.01897}
  t=  26.50  cb_failure         L14-CB2 {'rot': 0.02042}
  progress t=  30.0s  max corner drift so far=0.0098  wall clock=436s
  progress t=  40.0s  max corner drift so far=0.0128  wall clock=592s
  t=  42.62  cb_failure         L5-CB3 {'rot': 0.01898}
  t=  42.75  cb_failure         L4-CB3 {'rot': 0.01999}
  t=  42.87  cb_failure         L3-CB3 {'rot': 0.01983}
  t=  43.25  cb_failure         L4-CB2 {'rot': 0.0191}
  t=  47.25  cb_failure         L3-CB2 {'rot': 0.01959}
  t=  48.75  cb_failure         L5-CB1 {'rot': 0.02044}
  t=  48.75  cb_failure         L6-CB1 {'rot': 0.02216}
  t=  48.87  cb_failure         L4-CB1 {'rot': 0.02138}
  t=  48.87  cb_failure         L6-CB0 {'rot': 0.02119}
  t=  49.00  cb_failure         L3-CB1 {'rot': 0.02039}
  t=  49.00  cb_failure         L5-CB0 {'rot': 0.02236}
  t=  49.12  cb_failure         L4-CB0 {'rot': 0.02239}
  progress t=  50.0s  max corner drift so far=0.0141  wall clock=741s
  progress t=  60.0s  max corner drift so far=0.0141  wall clock=899s
  t=  61.25  cb_failure         L2-CB3 {'rot': 0.01897}
  t=  61.37  cb_failure         L2-CB2 {'rot': 0.01919}
  progress t=  70.0s  max corner drift so far=0.0141  wall clock=1049s
  progress t=  80.0s  max corner drift so far=0.0141  wall clock=1178s
  progress t=  90.0s  max corner drift so far=0.0141  wall clock=1306s
  progress t= 100.0s  max corner drift so far=0.0141  wall clock=1433s
