  t=   1.87  cb_yield           L5-CB3 {'rot': 0.00416}
  t=   1.87  cb_yield           L6-CB1 {'rot': 0.00414}
  t=   1.87  cb_yield           L6-CB3 {'rot': 0.00425}
  t=   1.87  cb_yield           L7-CB3 {'rot': 0.00422}
  t=   2.00  cb_yield           L4-CB0 {'rot': 0.00419}
  t=   2.00  cb_yield           L4-CB1 {'rot': 0.00434}
  t=   2.00  cb_yield           L4-CB2 {'rot': 0.00426}
  t=   2.00  cb_yield           L4-CB3 {'rot': 0.00442}
  t=   2.00  cb_yield           L5-CB0 {'rot': 0.00457}
  t=   2.00  cb_yield           L5-CB1 {'rot': 0.00474}
  t=   2.00  cb_yield           L5-CB2 {'rot': 0.00465}
  t=   2.00  cb_yield           L6-CB0 {'rot': 0.00478}
  t=   2.00  cb_yield           L6-CB2 {'rot': 0.00487}
  t=   2.00  cb_yield           L7-CB0 {'rot': 0.00485}
  t=   2.00  cb_yield           L7-CB1 {'rot': 0.00507}
  t=   2.00  cb_yield           L7-CB2 {'rot': 0.00495}
  t=   2.00  cb_yield           L8-CB0 {'rot': 0.0048}
  t=   2.00  cb_yield           L8-CB1 {'rot': 0.00504}
  t=   2.00  cb_yield           L8-CB2 {'rot': 0.00491}
  t=   2.00  cb_yield           L8-CB3 {'rot': 0.00516}
  t=   2.00  cb_yield           L9-CB0 {'rot': 0.00464}
  t=   2.00  cb_yield           L9-CB1 {'rot': 0.00491}
  t=   2.00  cb_yield           L9-CB2 {'rot': 0.00475}
  t=   2.00  cb_yield           L9-CB3 {'rot': 0.00504}
  t=   2.00  cb_yield           L10-CB0 {'rot': 0.00441}
  t=   2.00  cb_yield           L10-CB1 {'rot': 0.0047}
  t=   2.00  cb_yield           L10-CB2 {'rot': 0.00452}
  t=   2.00  cb_yield           L10-CB3 {'rot': 0.00483}
  t=   2.00  cb_yield           L11-CB0 {'rot': 0.00413}
  t=   2.00  cb_yield           L11-CB1 {'rot': 0.00443}
  t=   2.00  cb_yield           L11-CB2 {'rot': 0.00424}
  t=   2.00  cb_yield           L11-CB3 {'rot': 0.00457}
  t=   2.00  cb_yield           L12-CB1 {'rot': 0.00414}
  t=   2.00  cb_yield           L12-CB3 {'rot': 0.00427}
  t=   2.12  cb_yield           L12-CB0 {'rot': 0.00484}
  t=   2.12  cb_yield           L12-CB2 {'rot': 0.00497}
  t=   2.12  cb_yield           L13-CB0 {'rot': 0.00453}
  t=   2.12  cb_yield           L13-CB1 {'rot': 0.00494}
  t=   2.12  cb_yield           L13-CB2 {'rot': 0.00467}
  t=   2.12  cb_yield           L13-CB3 {'rot': 0.00509}
  t=   2.12  cb_yield           L14-CB0 {'rot': 0.00419}
  t=   2.12  cb_yield           L14-CB1 {'rot': 0.00461}
  t=   2.12  cb_yield           L14-CB2 {'rot': 0.00433}
  t=   2.12  cb_yield           L14-CB3 {'rot': 0.00477}
  t=   2.12  cb_yield           L15-CB1 {'rot': 0.00428}
  t=   2.12  cb_yield           L15-CB3 {'rot': 0.00444}
  t=   2.12  cb_yield           L16-CB3 {'rot': 0.00412}
  t=   2.25  cb_yield           L15-CB0 {'rot': 0.00465}
  t=   2.25  cb_yield           L15-CB2 {'rot': 0.00483}
  t=   2.25  cb_yield           L16-CB0 {'rot': 0.0043}
  t=   2.25  cb_yield           L16-CB1 {'rot': 0.00481}
  t=   2.25  cb_yield           L16-CB2 {'rot': 0.00449}
  t=   2.25  cb_yield           L17-CB3 {'rot': 0.00461}
  t=   2.37  cb_yield           L17-CB0 {'rot': 0.00462}
  t=   2.37  cb_yield           L17-CB1 {'rot': 0.00522}
  t=   2.37  cb_yield           L17-CB2 {'rot': 0.00485}
  t=   2.37  cb_yield           L18-CB1 {'rot': 0.00497}
  t=   2.37  cb_yield           L18-CB2 {'rot': 0.0046}
  t=   2.37  cb_yield           L18-CB3 {'rot': 0.00522}
  t=   2.37  cb_yield           L19-CB1 {'rot': 0.00472}
  t=   2.37  cb_yield           L19-CB3 {'rot': 0.00499}
  t=   2.37  cb_yield           L20-CB3 {'rot': 0.00476}
  t=   2.50  cb_yield           L18-CB0 {'rot': 0.00543}
  t=   2.50  cb_yield           L19-CB0 {'rot': 0.00538}
  t=   2.50  cb_yield           L19-CB2 {'rot': 0.00569}
  t=   2.50  cb_yield           L20-CB0 {'rot': 0.00527}
  t=   2.50  cb_yield           L20-CB1 {'rot': 0.00613}
  t=   2.50  cb_yield           L20-CB2 {'rot': 0.00561}
  t=   2.50  cb_yield           L21-CB0 {'rot': 0.00509}
  t=   2.50  cb_yield           L21-CB1 {'rot': 0.00597}
  t=   2.50  cb_yield           L21-CB2 {'rot': 0.00546}
  t=   2.50  cb_yield           L21-CB3 {'rot': 0.00634}
  t=   2.50  cb_yield           L22-CB0 {'rot': 0.00486}
  t=   2.50  cb_yield           L22-CB1 {'rot': 0.00575}
  t=   2.50  cb_yield           L22-CB2 {'rot': 0.00524}
  t=   2.50  cb_yield           L22-CB3 {'rot': 0.00614}
  t=   2.50  cb_yield           L23-CB0 {'rot': 0.00458}
  t=   2.50  cb_yield           L23-CB1 {'rot': 0.00548}
  t=   2.50  cb_yield           L23-CB2 {'rot': 0.00498}
  t=   2.50  cb_yield           L23-CB3 {'rot': 0.00589}
  t=   2.50  cb_yield           L24-CB1 {'rot': 0.00517}
  t=   2.50  cb_yield           L24-CB2 {'rot': 0.00468}
  t=   2.50  cb_yield           L24-CB3 {'rot': 0.00559}
  t=   2.50  cb_yield           L25-CB1 {'rot': 0.00483}
  t=   2.50  cb_yield           L25-CB3 {'rot': 0.00527}
  t=   2.50  cb_yield           L26-CB3 {'rot': 0.00492}
  t=   2.50  cb_yield           L27-CB3 {'rot': 0.00456}
  t=   2.62  cb_yield           L24-CB0 {'rot': 0.00553}
  t=   2.62  cb_yield           L25-CB0 {'rot': 0.00507}
  t=   2.62  cb_yield           L25-CB2 {'rot': 0.00548}
  t=   2.62  cb_yield           L26-CB0 {'rot': 0.00456}
  t=   2.62  cb_yield           L26-CB1 {'rot': 0.00561}
  t=   2.62  cb_yield           L26-CB2 {'rot': 0.00498}
  t=   2.62  cb_yield           L27-CB1 {'rot': 0.00507}
  t=   2.62  cb_yield           L28-CB3 {'rot': 0.00496}
  t=   2.75  cb_yield           L27-CB2 {'rot': 0.00473}
  t=   2.75  cb_yield           L28-CB1 {'rot': 0.00489}
  t=   2.75  cb_yield           L29-CB3 {'rot': 0.00459}
  t=   3.62  cb_yield           L27-CB0 {'rot': 0.00528}
  t=   3.62  cb_yield           L28-CB0 {'rot': 0.00476}
  t=   3.62  cb_yield           L28-CB2 {'rot': 0.0049}
  t=   4.12  cb_yield           L3-CB0 {'rot': 0.0042}
  t=   4.25  cb_yield           L2-CB0 {'rot': 0.00492}
  t=   4.25  cb_yield           L2-CB1 {'rot': 0.00468}
  t=   4.25  cb_yield           L2-CB2 {'rot': 0.00438}
  t=   4.25  cb_yield           L2-CB3 {'rot': 0.00418}
  t=   4.25  cb_yield           L3-CB1 {'rot': 0.00588}
  t=   4.25  cb_yield           L3-CB2 {'rot': 0.0054}
  t=   4.25  cb_yield           L3-CB3 {'rot': 0.00515}
  t=   4.50  cb_yield           L1-CB0 {'rot': 0.00418}
  t=   4.50  cb_yield           L30-CB3 {'rot': 0.00479}
  t=   4.50  cb_yield           L31-CB3 {'rot': 0.00461}
  t=   7.88  cb_yield           L1-CB1 {'rot': 0.00411}
  t=   8.13  cb_yield           L29-CB1 {'rot': 0.00463}
  t=   8.25  cb_yield           L1-CB2 {'rot': 0.00469}
  t=   8.25  cb_yield           L1-CB3 {'rot': 0.005}
  t=   8.25  cb_failure         L7-CB1 {'rot': 0.01881}
  t=   8.25  cb_failure         L8-CB0 {'rot': 0.01873}
  t=   8.25  cb_failure         L8-CB1 {'rot': 0.01969}
  t=   8.25  cb_failure         L9-CB0 {'rot': 0.01928}
  t=   8.25  cb_failure         L9-CB1 {'rot': 0.0202}
  t=   8.25  cb_failure         L10-CB0 {'rot': 0.0195}
  t=   8.25  cb_failure         L10-CB1 {'rot': 0.02042}
  t=   8.25  cb_failure         L11-CB0 {'rot': 0.01944}
  t=   8.25  cb_failure         L11-CB1 {'rot': 0.0204}
  t=   8.25  cb_failure         L12-CB0 {'rot': 0.01912}
  t=   8.25  cb_failure         L12-CB1 {'rot': 0.02013}
  t=   8.25  cb_failure         L13-CB0 {'rot': 0.01855}
  t=   8.25  cb_failure         L13-CB1 {'rot': 0.01962}
  t=   8.25  cb_failure         L14-CB1 {'rot': 0.01891}
  t=   8.25  cb_yield           L30-CB1 {'rot': 0.00522}
  t=   8.25  cb_yield           L31-CB1 {'rot': 0.00505}
  t=   8.25  cb_yield           L32-CB1 {'rot': 0.00494}
  t=   8.25  cb_yield           L33-CB1 {'rot': 0.00489}
  t=   8.38  cb_failure         L5-CB1 {'rot': 0.01864}
  t=   8.38  cb_failure         L6-CB0 {'rot': 0.01925}
  t=   8.38  cb_failure         L6-CB1 {'rot': 0.02048}
  t=   8.38  cb_failure         L6-CB3 {'rot': 0.01898}
  t=   8.38  cb_failure         L7-CB0 {'rot': 0.02054}
  t=   8.38  cb_failure         L7-CB2 {'rot': 0.0188}
  t=   8.38  cb_failure         L7-CB3 {'rot': 0.02004}
  t=   8.38  cb_failure         L8-CB2 {'rot': 0.01927}
  t=   8.38  cb_failure         L8-CB3 {'rot': 0.02062}
  t=   8.38  cb_failure         L9-CB2 {'rot': 0.01933}
  t=   8.38  cb_failure         L9-CB3 {'rot': 0.02079}
  t=   8.38  cb_failure         L10-CB2 {'rot': 0.01905}
  t=   8.38  cb_failure         L10-CB3 {'rot': 0.02064}
  t=   8.38  cb_failure         L11-CB2 {'rot': 0.0185}
  t=   8.38  cb_failure         L11-CB3 {'rot': 0.0202}
  t=   8.38  cb_failure         L12-CB3 {'rot': 0.01947}
  t=   8.38  cb_failure         L13-CB3 {'rot': 0.01845}
  t=   8.38  cb_failure         L14-CB0 {'rot': 0.0202}
  t=   8.38  cb_failure         L15-CB0 {'rot': 0.0191}
  t=   8.38  cb_failure         L15-CB1 {'rot': 0.0205}
  t=   8.38  cb_failure         L16-CB1 {'rot': 0.01929}
  t=   8.50  cb_failure         L4-CB1 {'rot': 0.01832}
  t=   8.50  cb_failure         L5-CB0 {'rot': 0.01991}
  t=   8.50  cb_failure         L5-CB2 {'rot': 0.01842}
  t=   8.50  cb_failure         L5-CB3 {'rot': 0.01953}
  t=   8.50  cb_failure         L6-CB2 {'rot': 0.02019}
  t=   8.50  cb_failure         L12-CB2 {'rot': 0.02046}
  t=   8.50  cb_failure         L13-CB2 {'rot': 0.01926}
  t=   8.50  cb_failure         L14-CB3 {'rot': 0.01995}
  t=   8.50  cb_failure         L15-CB3 {'rot': 0.01832}
  t=   8.50  cb_failure         L16-CB0 {'rot': 0.01887}
  t=   8.50  cb_failure         L17-CB1 {'rot': 0.01859}
  t=   8.63  cb_failure         L4-CB0 {'rot': 0.01857}
  t=   8.63  cb_failure         L14-CB2 {'rot': 0.02061}
  t=   8.63  cb_failure         L15-CB2 {'rot': 0.01901}
  t=   8.63  cb_failure         L16-CB3 {'rot': 0.01944}
  t=   8.75  cb_failure         L16-CB2 {'rot': 0.02051}
  t=   8.75  cb_failure         L17-CB0 {'rot': 0.0204}
  t=   8.75  cb_failure         L17-CB3 {'rot': 0.02062}
  t=   8.75  cb_failure         L18-CB1 {'rot': 0.0199}
  t=   8.88  cb_failure         L17-CB2 {'rot': 0.02247}
  t=   8.88  cb_failure         L18-CB0 {'rot': 0.02065}
  t=   8.88  cb_failure         L18-CB2 {'rot': 0.02053}
  t=   8.88  cb_failure         L18-CB3 {'rot': 0.0227}
  t=   8.88  cb_failure         L19-CB1 {'rot': 0.0202}
  t=   8.88  cb_failure         L19-CB3 {'rot': 0.02057}
  t=   9.00  cb_failure         L19-CB0 {'rot': 0.02125}
  t=   9.00  cb_failure         L19-CB2 {'rot': 0.02331}
  t=   9.00  cb_failure         L20-CB0 {'rot': 0.01857}
  t=   9.00  cb_failure         L20-CB1 {'rot': 0.02105}
  t=   9.00  cb_failure         L20-CB2 {'rot': 0.02125}
  t=   9.00  cb_failure         L20-CB3 {'rot': 0.02373}
  t=   9.00  cb_failure         L21-CB2 {'rot': 0.01876}
  t=   9.00  cb_failure         L21-CB3 {'rot': 0.02136}
  t=   9.00  cb_failure         L22-CB3 {'rot': 0.01869}
  t=   9.00  cb_yield           L32-CB3 {'rot': 0.00627}
  t=   9.00  cb_yield           L33-CB3 {'rot': 0.00617}
  t=   9.13  cb_failure         L21-CB0 {'rot': 0.01862}
  t=   9.13  cb_failure         L21-CB1 {'rot': 0.0212}
  t=   9.13  cb_failure         L22-CB2 {'rot': 0.02132}
  t=   9.13  cb_failure         L23-CB2 {'rot': 0.01864}
  t=   9.13  cb_failure         L23-CB3 {'rot': 0.02131}
  t=   9.13  cb_failure         L24-CB3 {'rot': 0.01862}
  t=   9.13  cb_yield           L29-CB2 {'rot': 0.00638}
  t=   9.13  cb_yield           L30-CB2 {'rot': 0.00562}
  t=   9.13  cb_yield           L31-CB2 {'rot': 0.00514}
  t=   9.13  cb_yield           L32-CB2 {'rot': 0.00486}
  t=   9.13  cb_yield           L33-CB2 {'rot': 0.00474}
  t=   9.25  cb_failure         L22-CB0 {'rot': 0.01864}
  t=   9.25  cb_failure         L22-CB1 {'rot': 0.02148}
  t=   9.25  cb_failure         L23-CB1 {'rot': 0.01908}
  t=   9.25  cb_failure         L24-CB2 {'rot': 0.02121}
  t=   9.25  cb_failure         L25-CB2 {'rot': 0.01874}
  t=   9.25  cb_failure         L25-CB3 {'rot': 0.02139}
  t=   9.25  cb_failure         L26-CB3 {'rot': 0.01898}
  t=   9.38  cb_failure         L23-CB0 {'rot': 0.01863}
  t=   9.38  cb_failure         L24-CB1 {'rot': 0.02053}
  t=   9.38  cb_failure         L25-CB1 {'rot': 0.01881}
  t=   9.38  cb_failure         L26-CB2 {'rot': 0.02103}
  t=   9.38  cb_failure         L27-CB2 {'rot': 0.01913}
  t=   9.38  cb_failure         L27-CB3 {'rot': 0.02223}
  t=   9.38  cb_failure         L28-CB3 {'rot': 0.02041}
  t=   9.38  cb_yield           L29-CB0 {'rot': 0.00734}
  t=   9.38  cb_failure         L29-CB3 {'rot': 0.01865}
  t=   9.38  cb_yield           L30-CB0 {'rot': 0.0056}
  t=   9.50  cb_failure         L24-CB0 {'rot': 0.01954}
  t=   9.50  cb_failure         L25-CB0 {'rot': 0.01873}
  t=   9.50  cb_failure         L26-CB1 {'rot': 0.02275}
  t=   9.50  cb_failure         L27-CB1 {'rot': 0.02171}
  t=   9.50  cb_failure         L28-CB1 {'rot': 0.02064}
  t=   9.50  cb_failure         L28-CB2 {'rot': 0.02054}
  t=   9.50  cb_failure         L29-CB1 {'rot': 0.01954}
  t=   9.50  cb_failure         L29-CB2 {'rot': 0.01941}
  t=   9.50  cb_failure         L30-CB1 {'rot': 0.01858}
  t=   9.50  cb_failure         L30-CB3 {'rot': 0.02339}
  t=   9.50  cb_yield           L31-CB0 {'rot': 0.01228}
  t=   9.50  cb_failure         L31-CB3 {'rot': 0.02262}
  t=   9.50  cb_yield           L32-CB0 {'rot': 0.01169}
  t=   9.50  cb_failure         L32-CB3 {'rot': 0.02216}
  t=   9.50  cb_yield           L33-CB0 {'rot': 0.01153}
  t=   9.50  cb_failure         L33-CB3 {'rot': 0.02201}
  t=   9.63  cb_failure         L26-CB0 {'rot': 0.02275}
  t=   9.63  cb_failure         L27-CB0 {'rot': 0.02283}
  t=   9.63  cb_failure         L28-CB0 {'rot': 0.0229}
  t=   9.63  cb_failure         L29-CB0 {'rot': 0.02292}
  t=   9.63  cb_failure         L30-CB0 {'rot': 0.02285}
  t=   9.63  cb_failure         L30-CB2 {'rot': 0.02448}
  t=   9.63  cb_failure         L31-CB0 {'rot': 0.02271}
  t=   9.63  cb_failure         L31-CB1 {'rot': 0.02597}
  t=   9.63  cb_failure         L31-CB2 {'rot': 0.02435}
  t=   9.63  cb_failure         L32-CB0 {'rot': 0.02253}
  t=   9.63  cb_failure         L32-CB1 {'rot': 0.02578}
  t=   9.63  cb_failure         L32-CB2 {'rot': 0.02418}
  t=   9.63  cb_failure         L33-CB0 {'rot': 0.02244}
  t=   9.63  cb_failure         L33-CB1 {'rot': 0.02569}
  t=   9.63  cb_failure         L33-CB2 {'rot': 0.02409}
  t=   9.75  cb_failure         L4-CB2 {'rot': 0.01818}
  t=   9.75  cb_failure         L4-CB3 {'rot': 0.01941}
  progress t=  10.0s  max corner drift so far=0.0061  wall clock=123s
  t=  12.13  cb_failure         L3-CB2 {'rot': 0.01851}
  t=  17.50  cb_failure         L3-CB1 {'rot': 0.02271}
  t=  17.63  cb_failure         L2-CB1 {'rot': 0.02439}
  t=  17.63  cb_failure         L3-CB0 {'rot': 0.01947}
  t=  17.88  cb_failure         L2-CB0 {'rot': 0.01862}
  progress t=  20.0s  max corner drift so far=0.0166  wall clock=278s
  t=  20.12  cb_failure         L3-CB3 {'rot': 0.0189}
  t=  20.37  cb_failure         L2-CB3 {'rot': 0.01862}
  t=  21.37  cb_failure         L2-CB2 {'rot': 0.01817}
  progress t=  30.0s  max corner drift so far=0.0186  wall clock=429s
  t=  30.12  cb_failure         L1-CB0 {'rot': 0.01865}
  progress t=  40.0s  max corner drift so far=0.0186  wall clock=597s
  t=  43.00  cb_failure         L1-CB3 {'rot': 0.02027}
  t=  43.12  cb_failure         L1-CB2 {'rot': 0.02273}
  t=  43.25  cb_failure         L1-CB1 {'rot': 0.02021}
  t=  44.67  punching           L29-col22 {'drift': np.float64(0.0219), 'vg_vc': 0.365, 'conn': 'column'}
  t=  44.67  punching           L29-col23 {'drift': np.float64(0.0209), 'vg_vc': 0.394, 'conn': 'column'}
  t=  44.67  punching           L30-col22 {'drift': np.float64(0.0218), 'vg_vc': 0.365, 'conn': 'column'}
  t=  44.67  punching           L30-col23 {'drift': np.float64(0.0208), 'vg_vc': 0.393, 'conn': 'column'}
  t=  44.67  punching           L31-col23 {'drift': np.float64(0.0207), 'vg_vc': 0.388, 'conn': 'column'}
  t=  44.70  punching           L31-col22 {'drift': np.float64(0.0221), 'vg_vc': 0.363, 'conn': 'column'}
  t=  44.72  punching           L32-col22 {'drift': np.float64(0.0221), 'vg_vc': 0.36, 'conn': 'column'}
  t=  44.72  punching           L32-col23 {'drift': np.float64(0.0211), 'vg_vc': 0.382, 'conn': 'column'}
  t=  44.75  punching           L29-col14 {'drift': np.float64(0.0198), 'vg_vc': 0.417, 'conn': 'column'}
  t=  44.75  punching           L29-col17 {'drift': np.float64(0.0219), 'vg_vc': 0.394, 'conn': 'column'}
  t=  44.75  punching           L29-col18 {'drift': np.float64(0.0208), 'vg_vc': 0.395, 'conn': 'column'}
  t=  44.75  punching           L30-col14 {'drift': np.float64(0.0197), 'vg_vc': 0.417, 'conn': 'column'}
  t=  44.75  punching           L30-col17 {'drift': np.float64(0.0218), 'vg_vc': 0.405, 'conn': 'column'}
  t=  44.75  punching           L30-col18 {'drift': np.float64(0.0207), 'vg_vc': 0.406, 'conn': 'column'}
  t=  44.75  punching           L31-col14 {'drift': np.float64(0.0195), 'vg_vc': 0.413, 'conn': 'column'}
  t=  44.75  punching           L31-col17 {'drift': np.float64(0.0216), 'vg_vc': 0.432, 'conn': 'column'}
  t=  44.75  punching           L31-col18 {'drift': np.float64(0.0205), 'vg_vc': 0.402, 'conn': 'column'}
  t=  44.75  punching           L32-col17 {'drift': np.float64(0.0213), 'vg_vc': 0.395, 'conn': 'column'}
  t=  44.75  punching           L33-col14 {'drift': np.float64(0.019), 'vg_vc': 0.438, 'conn': 'column'}
  t= 44.750  solver fallback: Newton
