  t=   2.00  cb_yield           L7-CB1 {'rot': 0.00412}
  t=   2.00  cb_yield           L7-CB3 {'rot': 0.00421}
  t=   2.00  cb_yield           L8-CB1 {'rot': 0.00413}
  t=   2.00  cb_yield           L8-CB3 {'rot': 0.00423}
  t=   2.00  cb_yield           L9-CB3 {'rot': 0.00418}
  t=   2.12  cb_yield           L6-CB1 {'rot': 0.00422}
  t=   2.12  cb_yield           L6-CB3 {'rot': 0.00428}
  t=   2.12  cb_yield           L7-CB0 {'rot': 0.00415}
  t=   2.12  cb_yield           L7-CB2 {'rot': 0.00422}
  t=   2.12  cb_yield           L8-CB0 {'rot': 0.00424}
  t=   2.12  cb_yield           L8-CB2 {'rot': 0.00432}
  t=   2.12  cb_yield           L9-CB0 {'rot': 0.00426}
  t=   2.12  cb_yield           L9-CB1 {'rot': 0.00458}
  t=   2.12  cb_yield           L9-CB2 {'rot': 0.00435}
  t=   2.12  cb_yield           L10-CB0 {'rot': 0.00421}
  t=   2.12  cb_yield           L10-CB1 {'rot': 0.00456}
  t=   2.12  cb_yield           L10-CB2 {'rot': 0.00431}
  t=   2.12  cb_yield           L10-CB3 {'rot': 0.00467}
  t=   2.12  cb_yield           L11-CB0 {'rot': 0.00411}
  t=   2.12  cb_yield           L11-CB1 {'rot': 0.00448}
  t=   2.12  cb_yield           L11-CB2 {'rot': 0.00422}
  t=   2.12  cb_yield           L11-CB3 {'rot': 0.0046}
  t=   2.12  cb_yield           L12-CB1 {'rot': 0.00436}
  t=   2.12  cb_yield           L12-CB3 {'rot': 0.00449}
  t=   2.12  cb_yield           L13-CB1 {'rot': 0.0042}
  t=   2.12  cb_yield           L13-CB3 {'rot': 0.00433}
  t=   2.12  cb_yield           L14-CB3 {'rot': 0.00414}
  t=   2.25  cb_yield           L12-CB0 {'rot': 0.00424}
  t=   2.25  cb_yield           L12-CB2 {'rot': 0.00437}
  t=   2.25  cb_yield           L13-CB0 {'rot': 0.00412}
  t=   2.25  cb_yield           L13-CB2 {'rot': 0.00425}
  t=   2.25  cb_yield           L14-CB1 {'rot': 0.00444}
  t=   2.25  cb_yield           L15-CB1 {'rot': 0.00427}
  t=   2.25  cb_yield           L15-CB3 {'rot': 0.00444}
  t=   2.25  cb_yield           L16-CB3 {'rot': 0.00426}
  t=   2.37  cb_yield           L14-CB2 {'rot': 0.00417}
  t=   2.37  cb_yield           L15-CB2 {'rot': 0.00416}
  t=   2.37  cb_yield           L16-CB1 {'rot': 0.00452}
  t=   2.37  cb_yield           L16-CB2 {'rot': 0.00414}
  t=   2.37  cb_yield           L17-CB3 {'rot': 0.00467}
  t=   2.37  cb_yield           L18-CB3 {'rot': 0.00461}
  t=   2.50  cb_yield           L16-CB0 {'rot': 0.0042}
  t=   2.50  cb_yield           L17-CB1 {'rot': 0.0051}
  t=   2.50  cb_yield           L17-CB2 {'rot': 0.00456}
  t=   2.50  cb_yield           L18-CB1 {'rot': 0.00523}
  t=   2.50  cb_yield           L18-CB2 {'rot': 0.00469}
  t=   2.50  cb_yield           L19-CB1 {'rot': 0.0053}
  t=   2.50  cb_yield           L19-CB2 {'rot': 0.00476}
  t=   2.50  cb_yield           L19-CB3 {'rot': 0.00558}
  t=   2.50  cb_yield           L20-CB1 {'rot': 0.00532}
  t=   2.50  cb_yield           L20-CB2 {'rot': 0.00478}
  t=   2.50  cb_yield           L20-CB3 {'rot': 0.00562}
  t=   2.50  cb_yield           L21-CB1 {'rot': 0.00528}
  t=   2.50  cb_yield           L21-CB2 {'rot': 0.00475}
  t=   2.50  cb_yield           L21-CB3 {'rot': 0.00561}
  t=   2.50  cb_yield           L22-CB1 {'rot': 0.00519}
  t=   2.50  cb_yield           L22-CB2 {'rot': 0.00466}
  t=   2.50  cb_yield           L22-CB3 {'rot': 0.00553}
  t=   2.50  cb_yield           L23-CB1 {'rot': 0.00504}
  t=   2.50  cb_yield           L23-CB3 {'rot': 0.0054}
  t=   2.50  cb_yield           L24-CB1 {'rot': 0.00484}
  t=   2.50  cb_yield           L24-CB3 {'rot': 0.00521}
  t=   2.50  cb_yield           L25-CB1 {'rot': 0.0046}
  t=   2.50  cb_yield           L25-CB3 {'rot': 0.00498}
  t=   2.50  cb_yield           L26-CB3 {'rot': 0.00472}
  t=   2.62  cb_yield           L17-CB0 {'rot': 0.00465}
  t=   2.62  cb_yield           L18-CB0 {'rot': 0.0049}
  t=   2.62  cb_yield           L19-CB0 {'rot': 0.00507}
  t=   2.62  cb_yield           L20-CB0 {'rot': 0.00516}
  t=   2.62  cb_yield           L21-CB0 {'rot': 0.00517}
  t=   2.62  cb_yield           L22-CB0 {'rot': 0.0051}
  t=   2.62  cb_yield           L23-CB0 {'rot': 0.00494}
  t=   2.62  cb_yield           L23-CB2 {'rot': 0.00526}
  t=   2.62  cb_yield           L24-CB0 {'rot': 0.00472}
  t=   2.62  cb_yield           L24-CB2 {'rot': 0.00504}
  t=   2.62  cb_yield           L25-CB2 {'rot': 0.00476}
  t=   2.62  cb_yield           L26-CB1 {'rot': 0.00513}
  t=   2.62  cb_yield           L27-CB1 {'rot': 0.00477}
  t=   2.62  cb_yield           L27-CB3 {'rot': 0.00511}
  t=   2.62  cb_yield           L28-CB3 {'rot': 0.00473}
  t=   3.62  cb_yield           L25-CB0 {'rot': 0.00543}
  t=   3.62  cb_yield           L26-CB0 {'rot': 0.00515}
  t=   3.62  cb_yield           L26-CB2 {'rot': 0.00498}
  t=   3.62  cb_yield           L27-CB0 {'rot': 0.0048}
  t=   3.62  cb_yield           L27-CB2 {'rot': 0.00466}
  t=   3.87  cb_yield           L14-CB0 {'rot': 0.00428}
  t=   3.87  cb_yield           L15-CB0 {'rot': 0.00447}
  t=   4.00  cb_yield           L5-CB0 {'rot': 0.00415}
  t=   4.00  cb_yield           L6-CB0 {'rot': 0.00446}
  t=   4.12  cb_yield           L3-CB0 {'rot': 0.00502}
  t=   4.12  cb_yield           L3-CB1 {'rot': 0.00474}
  t=   4.12  cb_yield           L3-CB2 {'rot': 0.00436}
  t=   4.12  cb_yield           L3-CB3 {'rot': 0.00412}
  t=   4.12  cb_yield           L4-CB0 {'rot': 0.0058}
  t=   4.12  cb_yield           L4-CB1 {'rot': 0.00548}
  t=   4.12  cb_yield           L4-CB2 {'rot': 0.00496}
  t=   4.12  cb_yield           L4-CB3 {'rot': 0.00467}
  t=   4.12  cb_yield           L5-CB1 {'rot': 0.00601}
  t=   4.12  cb_yield           L5-CB2 {'rot': 0.00533}
  t=   4.12  cb_yield           L5-CB3 {'rot': 0.005}
  t=   4.12  cb_yield           L6-CB2 {'rot': 0.0055}
  t=   4.25  cb_yield           L2-CB0 {'rot': 0.00509}
  t=   4.25  cb_yield           L2-CB1 {'rot': 0.00482}
  t=   4.25  cb_yield           L2-CB2 {'rot': 0.00458}
  t=   4.25  cb_yield           L2-CB3 {'rot': 0.00433}
  t=   7.00  cb_yield           L28-CB1 {'rot': 0.00459}
  t=   8.00  cb_yield           L1-CB0 {'rot': 0.00419}
  t=   8.00  cb_yield           L1-CB1 {'rot': 0.0043}
  t=   8.13  cb_yield           L1-CB3 {'rot': 0.00423}
  t=   8.25  cb_yield           L1-CB2 {'rot': 0.00433}
  t=   8.25  cb_yield           L29-CB1 {'rot': 0.00528}
  t=   8.25  cb_yield           L30-CB1 {'rot': 0.0051}
  t=   8.25  cb_yield           L31-CB1 {'rot': 0.00496}
  t=   8.25  cb_yield           L32-CB1 {'rot': 0.00487}
  t=   8.25  cb_yield           L33-CB1 {'rot': 0.00482}
  t=   8.38  cb_yield           L28-CB0 {'rot': 0.00465}
  t=   8.63  cb_failure         L10-CB1 {'rot': 0.01822}
  t=   8.63  cb_failure         L11-CB1 {'rot': 0.01829}
  t=   8.63  cb_failure         L12-CB1 {'rot': 0.01815}
  t=   8.75  cb_failure         L11-CB3 {'rot': 0.01813}
  t=   8.75  cb_failure         L12-CB3 {'rot': 0.01854}
  t=   8.75  cb_failure         L13-CB1 {'rot': 0.01935}
  t=   8.75  cb_failure         L13-CB3 {'rot': 0.01876}
  t=   8.75  cb_failure         L14-CB1 {'rot': 0.01916}
  t=   8.75  cb_failure         L14-CB3 {'rot': 0.01878}
  t=   8.75  cb_failure         L15-CB1 {'rot': 0.01874}
  t=   8.75  cb_failure         L15-CB3 {'rot': 0.01858}
  t=   8.75  cb_failure         L16-CB3 {'rot': 0.01817}
  t=   8.75  cb_yield           L29-CB3 {'rot': 0.00583}
  t=   8.75  cb_yield           L30-CB3 {'rot': 0.00542}
  t=   8.75  cb_yield           L31-CB3 {'rot': 0.00508}
  t=   8.75  cb_yield           L32-CB3 {'rot': 0.00484}
  t=   8.75  cb_yield           L33-CB3 {'rot': 0.0047}
  t=   8.88  cb_failure         L13-CB0 {'rot': 0.01815}
  t=   8.88  cb_failure         L13-CB2 {'rot': 0.01853}
  t=   8.88  cb_failure         L14-CB0 {'rot': 0.01822}
  t=   8.88  cb_failure         L14-CB2 {'rot': 0.01898}
  t=   8.88  cb_failure         L15-CB2 {'rot': 0.01917}
  t=   8.88  cb_failure         L16-CB1 {'rot': 0.01995}
  t=   8.88  cb_failure         L16-CB2 {'rot': 0.01914}
  t=   8.88  cb_failure         L17-CB1 {'rot': 0.01922}
  t=   8.88  cb_failure         L17-CB2 {'rot': 0.0188}
  t=   8.88  cb_failure         L17-CB3 {'rot': 0.02101}
  t=   8.88  cb_failure         L18-CB3 {'rot': 0.02045}
  t=   8.88  cb_failure         L19-CB3 {'rot': 0.0196}
  t=   8.88  cb_yield           L28-CB2 {'rot': 0.0054}
  t=   8.88  cb_yield           L29-CB2 {'rot': 0.00478}
  t=   9.00  cb_failure         L15-CB0 {'rot': 0.01822}
  t=   9.00  cb_failure         L16-CB0 {'rot': 0.01811}
  t=   9.00  cb_failure         L18-CB1 {'rot': 0.01936}
  t=   9.00  cb_failure         L18-CB2 {'rot': 0.02102}
  t=   9.00  cb_failure         L19-CB2 {'rot': 0.02047}
  t=   9.00  cb_failure         L20-CB2 {'rot': 0.01955}
  t=   9.00  cb_failure         L20-CB3 {'rot': 0.02184}
  t=   9.00  cb_failure         L21-CB3 {'rot': 0.02066}
  t=   9.00  cb_failure         L22-CB3 {'rot': 0.01918}
  t=   9.00  cb_yield           L30-CB2 {'rot': 0.0061}
  t=   9.00  cb_yield           L31-CB2 {'rot': 0.00571}
  t=   9.00  cb_yield           L32-CB2 {'rot': 0.00547}
  t=   9.00  cb_yield           L33-CB2 {'rot': 0.00536}
  t=   9.13  cb_failure         L21-CB2 {'rot': 0.02036}
  t=   9.13  cb_failure         L22-CB2 {'rot': 0.01912}
  t=   9.13  cb_failure         L23-CB3 {'rot': 0.0203}
  t=   9.13  cb_failure         L24-CB3 {'rot': 0.01882}
  t=   9.25  cb_failure         L23-CB2 {'rot': 0.01937}
  t=   9.25  cb_failure         L25-CB3 {'rot': 0.02019}
  t=   9.25  cb_failure         L26-CB3 {'rot': 0.01918}
  t=   9.38  cb_failure         L27-CB3 {'rot': 0.02115}
  t=   9.38  cb_failure         L28-CB3 {'rot': 0.0206}
  t=   9.38  cb_yield           L29-CB0 {'rot': 0.00766}
  t=   9.38  cb_failure         L29-CB3 {'rot': 0.0199}
  t=   9.38  cb_yield           L30-CB0 {'rot': 0.00685}
  t=   9.38  cb_failure         L30-CB3 {'rot': 0.01915}
  t=   9.38  cb_yield           L31-CB0 {'rot': 0.00613}
  t=   9.38  cb_failure         L31-CB3 {'rot': 0.01856}
  t=   9.38  cb_yield           L32-CB0 {'rot': 0.00564}
  t=   9.38  cb_yield           L33-CB0 {'rot': 0.00542}
  t=   9.50  cb_failure         L32-CB3 {'rot': 0.01983}
  t=   9.50  cb_failure         L33-CB3 {'rot': 0.01973}
  t=   9.88  cb_failure         L8-CB3 {'rot': 0.0184}
  t=   9.88  cb_failure         L9-CB3 {'rot': 0.01888}
  t=   9.88  cb_failure         L10-CB3 {'rot': 0.0191}
  t=  10.00  cb_failure         L7-CB3 {'rot': 0.01824}
  t=  10.00  cb_failure         L8-CB2 {'rot': 0.01842}
  t=  10.00  cb_failure         L9-CB2 {'rot': 0.01911}
  t=  10.00  cb_failure         L10-CB2 {'rot': 0.01944}
  t=  10.00  cb_failure         L11-CB2 {'rot': 0.01943}
  t=  10.00  cb_failure         L12-CB2 {'rot': 0.01908}
  progress t=  10.0s  max corner drift so far=0.0053  wall clock=141s
  t=  10.50  cb_failure         L19-CB1 {'rot': 0.01943}
  t=  10.50  cb_failure         L20-CB1 {'rot': 0.01927}
  t=  10.50  cb_failure         L21-CB1 {'rot': 0.01901}
  t=  10.50  cb_failure         L22-CB1 {'rot': 0.01867}
  t=  10.63  cb_failure         L23-CB1 {'rot': 0.02153}
  t=  10.63  cb_failure         L24-CB1 {'rot': 0.02159}
  t=  10.63  cb_failure         L25-CB1 {'rot': 0.0215}
  t=  10.63  cb_failure         L26-CB1 {'rot': 0.02127}
  t=  10.63  cb_failure         L27-CB1 {'rot': 0.02091}
  t=  10.63  cb_failure         L28-CB1 {'rot': 0.02044}
  t=  10.63  cb_failure         L29-CB1 {'rot': 0.01991}
  t=  10.63  cb_failure         L30-CB1 {'rot': 0.01939}
  t=  10.63  cb_failure         L31-CB1 {'rot': 0.01897}
  t=  10.63  cb_failure         L32-CB1 {'rot': 0.01872}
  t=  10.63  cb_failure         L33-CB1 {'rot': 0.01864}
  t=  10.88  cb_failure         L25-CB2 {'rot': 0.01882}
  t=  10.88  cb_failure         L26-CB2 {'rot': 0.01935}
  t=  10.88  cb_failure         L27-CB2 {'rot': 0.01972}
  t=  10.88  cb_failure         L28-CB2 {'rot': 0.01996}
  t=  10.88  cb_failure         L29-CB2 {'rot': 0.02007}
  t=  10.88  cb_failure         L30-CB2 {'rot': 0.02006}
  t=  10.88  cb_failure         L31-CB2 {'rot': 0.01997}
  t=  10.88  cb_failure         L32-CB2 {'rot': 0.01983}
  t=  10.88  cb_failure         L33-CB2 {'rot': 0.01977}
  t=  11.00  cb_failure         L24-CB2 {'rot': 0.01916}
  t=  11.38  cb_failure         L7-CB0 {'rot': 0.01868}
  t=  11.38  cb_failure         L7-CB2 {'rot': 0.01818}
  t=  11.38  cb_failure         L8-CB0 {'rot': 0.01932}
  t=  11.38  cb_failure         L9-CB0 {'rot': 0.01951}
  t=  11.38  cb_failure         L10-CB0 {'rot': 0.01933}
  t=  11.38  cb_failure         L11-CB0 {'rot': 0.01875}
  t=  11.50  cb_failure         L8-CB1 {'rot': 0.0183}
  t=  11.50  cb_failure         L9-CB1 {'rot': 0.01894}
  t=  11.50  cb_failure         L12-CB0 {'rot': 0.0211}
  t=  11.75  cb_failure         L17-CB0 {'rot': 0.02079}
  t=  11.75  cb_failure         L18-CB0 {'rot': 0.02039}
  t=  11.75  cb_failure         L19-CB0 {'rot': 0.01975}
  t=  11.75  cb_failure         L20-CB0 {'rot': 0.01882}
  t=  11.88  cb_failure         L21-CB0 {'rot': 0.02183}
  t=  11.88  cb_failure         L22-CB0 {'rot': 0.02064}
  t=  11.88  cb_failure         L23-CB0 {'rot': 0.01904}
  t=  12.00  cb_failure         L24-CB0 {'rot': 0.02098}
  t=  12.00  cb_failure         L25-CB0 {'rot': 0.0187}
  t=  12.13  cb_failure         L26-CB0 {'rot': 0.02117}
  t=  12.13  cb_failure         L27-CB0 {'rot': 0.01884}
  t=  12.25  cb_failure         L28-CB0 {'rot': 0.0215}
  t=  12.25  cb_failure         L29-CB0 {'rot': 0.01947}
  t=  12.38  cb_failure         L30-CB0 {'rot': 0.02621}
  t=  12.38  cb_failure         L31-CB0 {'rot': 0.02582}
  t=  12.38  cb_failure         L32-CB0 {'rot': 0.02544}
  t=  12.38  cb_failure         L33-CB0 {'rot': 0.02532}
  t=  13.13  cb_failure         L6-CB0 {'rot': 0.01853}
  t=  13.13  cb_failure         L6-CB2 {'rot': 0.0194}
  t=  13.13  cb_failure         L6-CB3 {'rot': 0.01821}
  t=  13.13  cb_failure         L7-CB1 {'rot': 0.01931}
  t=  13.38  cb_failure         L5-CB2 {'rot': 0.01923}
  t=  13.38  cb_failure         L5-CB3 {'rot': 0.01843}
  t=  13.50  cb_failure         L6-CB1 {'rot': 0.01877}
  t=  13.63  cb_failure         L4-CB2 {'rot': 0.01976}
  t=  13.63  cb_failure         L4-CB3 {'rot': 0.0188}
  t=  13.63  cb_failure         L5-CB0 {'rot': 0.01984}
  t=  13.63  cb_failure         L5-CB1 {'rot': 0.01814}
  t=  17.13  cb_failure         L4-CB0 {'rot': 0.01822}
  t=  17.13  cb_failure         L4-CB1 {'rot': 0.0212}
  t=  17.25  cb_failure         L3-CB1 {'rot': 0.02129}
  t=  17.38  cb_failure         L2-CB1 {'rot': 0.02019}
  t=  17.63  cb_failure         L3-CB0 {'rot': 0.01883}
  t=  19.87  cb_failure         L3-CB3 {'rot': 0.02134}
  t=  20.00  cb_failure         L2-CB3 {'rot': 0.01833}
  progress t=  20.0s  max corner drift so far=0.0128  wall clock=315s
  t=  20.25  cb_failure         L1-CB3 {'rot': 0.01956}
  t=  20.37  cb_failure         L3-CB2 {'rot': 0.01916}
  t=  29.75  cb_failure         L1-CB1 {'rot': 0.0202}
  t=  29.75  cb_failure         L2-CB0 {'rot': 0.02037}
  progress t=  30.0s  max corner drift so far=0.0150  wall clock=491s
  t=  35.62  cb_failure         L2-CB2 {'rot': 0.01895}
  progress t=  40.0s  max corner drift so far=0.0150  wall clock=667s
  t=  43.37  cb_failure         L1-CB2 {'rot': 0.01848}
  progress t=  50.0s  max corner drift so far=0.0170  wall clock=841s
  progress t=  60.0s  max corner drift so far=0.0171  wall clock=1021s
  progress t=  70.0s  max corner drift so far=0.0171  wall clock=1201s
  progress t=  80.0s  max corner drift so far=0.0171  wall clock=1354s
  progress t=  90.0s  max corner drift so far=0.0171  wall clock=1507s
  progress t= 100.0s  max corner drift so far=0.0171  wall clock=1650s
