  t=   2.00  cb_yield           L4-CB3 {'rot': 0.00418}
  t=   2.00  cb_yield           L5-CB0 {'rot': 0.00429}
  t=   2.00  cb_yield           L5-CB1 {'rot': 0.0045}
  t=   2.00  cb_yield           L5-CB2 {'rot': 0.00437}
  t=   2.00  cb_yield           L5-CB3 {'rot': 0.00458}
  t=   2.00  cb_yield           L6-CB0 {'rot': 0.00451}
  t=   2.00  cb_yield           L6-CB1 {'rot': 0.00474}
  t=   2.00  cb_yield           L6-CB2 {'rot': 0.00459}
  t=   2.00  cb_yield           L6-CB3 {'rot': 0.00484}
  t=   2.00  cb_yield           L7-CB0 {'rot': 0.0046}
  t=   2.00  cb_yield           L7-CB1 {'rot': 0.00486}
  t=   2.00  cb_yield           L7-CB2 {'rot': 0.0047}
  t=   2.00  cb_yield           L7-CB3 {'rot': 0.00497}
  t=   2.00  cb_yield           L8-CB0 {'rot': 0.00459}
  t=   2.00  cb_yield           L8-CB1 {'rot': 0.00487}
  t=   2.00  cb_yield           L8-CB2 {'rot': 0.00469}
  t=   2.00  cb_yield           L8-CB3 {'rot': 0.00499}
  t=   2.00  cb_yield           L9-CB0 {'rot': 0.00448}
  t=   2.00  cb_yield           L9-CB1 {'rot': 0.00479}
  t=   2.00  cb_yield           L9-CB2 {'rot': 0.00458}
  t=   2.00  cb_yield           L9-CB3 {'rot': 0.00491}
  t=   2.00  cb_yield           L10-CB0 {'rot': 0.0043}
  t=   2.00  cb_yield           L10-CB1 {'rot': 0.00463}
  t=   2.00  cb_yield           L10-CB2 {'rot': 0.00441}
  t=   2.00  cb_yield           L10-CB3 {'rot': 0.00476}
  t=   2.00  cb_yield           L11-CB1 {'rot': 0.00443}
  t=   2.00  cb_yield           L11-CB2 {'rot': 0.00418}
  t=   2.00  cb_yield           L11-CB3 {'rot': 0.00456}
  t=   2.00  cb_yield           L12-CB1 {'rot': 0.00418}
  t=   2.00  cb_yield           L12-CB3 {'rot': 0.00431}
  t=   2.12  cb_yield           L4-CB1 {'rot': 0.00414}
  t=   2.12  cb_yield           L11-CB0 {'rot': 0.00495}
  t=   2.12  cb_yield           L12-CB0 {'rot': 0.00475}
  t=   2.12  cb_yield           L12-CB2 {'rot': 0.00488}
  t=   2.12  cb_yield           L13-CB0 {'rot': 0.00449}
  t=   2.12  cb_yield           L13-CB1 {'rot': 0.00496}
  t=   2.12  cb_yield           L13-CB2 {'rot': 0.00463}
  t=   2.12  cb_yield           L13-CB3 {'rot': 0.00512}
  t=   2.12  cb_yield           L14-CB0 {'rot': 0.0042}
  t=   2.12  cb_yield           L14-CB1 {'rot': 0.00468}
  t=   2.12  cb_yield           L14-CB2 {'rot': 0.00434}
  t=   2.12  cb_yield           L14-CB3 {'rot': 0.00485}
  t=   2.12  cb_yield           L15-CB1 {'rot': 0.00439}
  t=   2.12  cb_yield           L15-CB3 {'rot': 0.00455}
  t=   2.12  cb_yield           L16-CB3 {'rot': 0.00424}
  t=   2.25  cb_yield           L15-CB0 {'rot': 0.00455}
  t=   2.25  cb_yield           L15-CB2 {'rot': 0.00473}
  t=   2.25  cb_yield           L16-CB0 {'rot': 0.00426}
  t=   2.25  cb_yield           L16-CB1 {'rot': 0.00483}
  t=   2.25  cb_yield           L16-CB2 {'rot': 0.00445}
  t=   2.25  cb_yield           L17-CB3 {'rot': 0.0047}
  t=   2.37  cb_yield           L17-CB0 {'rot': 0.00467}
  t=   2.37  cb_yield           L17-CB1 {'rot': 0.00536}
  t=   2.37  cb_yield           L17-CB2 {'rot': 0.00491}
  t=   2.37  cb_yield           L18-CB1 {'rot': 0.0052}
  t=   2.37  cb_yield           L18-CB2 {'rot': 0.00475}
  t=   2.37  cb_yield           L18-CB3 {'rot': 0.00546}
  t=   2.37  cb_yield           L19-CB1 {'rot': 0.00501}
  t=   2.37  cb_yield           L19-CB2 {'rot': 0.00457}
  t=   2.37  cb_yield           L19-CB3 {'rot': 0.0053}
  t=   2.37  cb_yield           L20-CB1 {'rot': 0.00481}
  t=   2.37  cb_yield           L20-CB3 {'rot': 0.00512}
  t=   2.37  cb_yield           L21-CB1 {'rot': 0.0046}
  t=   2.37  cb_yield           L21-CB3 {'rot': 0.00493}
  t=   2.37  cb_yield           L22-CB3 {'rot': 0.00473}
  t=   2.50  cb_yield           L18-CB0 {'rot': 0.00553}
  t=   2.50  cb_yield           L19-CB0 {'rot': 0.00554}
  t=   2.50  cb_yield           L20-CB0 {'rot': 0.00547}
  t=   2.50  cb_yield           L20-CB2 {'rot': 0.00583}
  t=   2.50  cb_yield           L21-CB0 {'rot': 0.00533}
  t=   2.50  cb_yield           L21-CB2 {'rot': 0.00571}
  t=   2.50  cb_yield           L22-CB0 {'rot': 0.00512}
  t=   2.50  cb_yield           L22-CB1 {'rot': 0.00614}
  t=   2.50  cb_yield           L22-CB2 {'rot': 0.00553}
  t=   2.50  cb_yield           L23-CB0 {'rot': 0.00486}
  t=   2.50  cb_yield           L23-CB1 {'rot': 0.00589}
  t=   2.50  cb_yield           L23-CB2 {'rot': 0.00528}
  t=   2.50  cb_yield           L23-CB3 {'rot': 0.0063}
  t=   2.50  cb_yield           L24-CB1 {'rot': 0.00558}
  t=   2.50  cb_yield           L24-CB2 {'rot': 0.00498}
  t=   2.50  cb_yield           L24-CB3 {'rot': 0.00601}
  t=   2.50  cb_yield           L25-CB1 {'rot': 0.00524}
  t=   2.50  cb_yield           L25-CB2 {'rot': 0.00465}
  t=   2.50  cb_yield           L25-CB3 {'rot': 0.00569}
  t=   2.50  cb_yield           L26-CB1 {'rot': 0.00488}
  t=   2.50  cb_yield           L26-CB3 {'rot': 0.00533}
  t=   2.50  cb_yield           L27-CB3 {'rot': 0.00496}
  t=   2.50  cb_yield           L28-CB3 {'rot': 0.00459}
  t=   2.62  cb_yield           L24-CB0 {'rot': 0.00563}
  t=   2.62  cb_yield           L25-CB0 {'rot': 0.00522}
  t=   2.62  cb_yield           L26-CB0 {'rot': 0.00475}
  t=   2.62  cb_yield           L26-CB2 {'rot': 0.00515}
  t=   2.62  cb_yield           L27-CB1 {'rot': 0.0054}
  t=   2.62  cb_yield           L27-CB2 {'rot': 0.00465}
  t=   2.62  cb_yield           L28-CB1 {'rot': 0.00487}
  t=   2.62  cb_yield           L29-CB3 {'rot': 0.00474}
  t=   2.75  cb_yield           L29-CB1 {'rot': 0.00455}
  t=   3.62  cb_yield           L27-CB0 {'rot': 0.00547}
  t=   3.62  cb_yield           L28-CB0 {'rot': 0.00497}
  t=   3.62  cb_yield           L28-CB2 {'rot': 0.00487}
  t=   4.12  cb_yield           L3-CB0 {'rot': 0.00495}
  t=   4.12  cb_yield           L3-CB1 {'rot': 0.00467}
  t=   4.12  cb_yield           L3-CB2 {'rot': 0.00419}
  t=   4.12  cb_yield           L4-CB0 {'rot': 0.00572}
  t=   4.12  cb_yield           L4-CB2 {'rot': 0.00474}
  t=   4.25  cb_yield           L2-CB0 {'rot': 0.00532}
  t=   4.25  cb_yield           L2-CB1 {'rot': 0.00504}
  t=   4.25  cb_yield           L2-CB2 {'rot': 0.00472}
  t=   4.25  cb_yield           L2-CB3 {'rot': 0.00446}
  t=   4.25  cb_yield           L3-CB3 {'rot': 0.00545}
  t=   7.88  cb_yield           L1-CB0 {'rot': 0.00443}
  t=   7.88  cb_yield           L1-CB1 {'rot': 0.00442}
  t=   8.13  cb_yield           L1-CB2 {'rot': 0.00446}
  t=   8.13  cb_yield           L1-CB3 {'rot': 0.00478}
  t=   8.13  cb_yield           L30-CB1 {'rot': 0.00479}
  t=   8.13  cb_yield           L31-CB1 {'rot': 0.00465}
  t=   8.13  cb_yield           L32-CB1 {'rot': 0.00457}
  t=   8.25  cb_failure         L7-CB1 {'rot': 0.01886}
  t=   8.25  cb_failure         L8-CB0 {'rot': 0.01814}
  t=   8.25  cb_failure         L8-CB1 {'rot': 0.01952}
  t=   8.25  cb_failure         L9-CB0 {'rot': 0.01858}
  t=   8.25  cb_failure         L9-CB1 {'rot': 0.01984}
  t=   8.25  cb_failure         L10-CB0 {'rot': 0.01871}
  t=   8.25  cb_failure         L10-CB1 {'rot': 0.0199}
  t=   8.25  cb_failure         L11-CB0 {'rot': 0.01857}
  t=   8.25  cb_failure         L11-CB1 {'rot': 0.01974}
  t=   8.25  cb_failure         L12-CB0 {'rot': 0.01815}
  t=   8.25  cb_failure         L12-CB1 {'rot': 0.01938}
  t=   8.25  cb_failure         L13-CB1 {'rot': 0.01881}
  t=   8.25  cb_yield           L33-CB1 {'rot': 0.00595}
  t=   8.38  cb_failure         L5-CB1 {'rot': 0.0184}
  t=   8.38  cb_failure         L6-CB0 {'rot': 0.01843}
  t=   8.38  cb_failure         L6-CB1 {'rot': 0.02009}
  t=   8.38  cb_failure         L6-CB3 {'rot': 0.01869}
  t=   8.38  cb_failure         L7-CB0 {'rot': 0.01958}
  t=   8.38  cb_failure         L7-CB3 {'rot': 0.01963}
  t=   8.38  cb_failure         L8-CB2 {'rot': 0.01835}
  t=   8.38  cb_failure         L8-CB3 {'rot': 0.0201}
  t=   8.38  cb_failure         L9-CB2 {'rot': 0.01828}
  t=   8.38  cb_failure         L9-CB3 {'rot': 0.02016}
  t=   8.38  cb_failure         L10-CB3 {'rot': 0.0199}
  t=   8.38  cb_failure         L11-CB3 {'rot': 0.01934}
  t=   8.38  cb_failure         L12-CB3 {'rot': 0.01851}
  t=   8.38  cb_failure         L13-CB0 {'rot': 0.01939}
  t=   8.38  cb_failure         L14-CB0 {'rot': 0.01845}
  t=   8.38  cb_failure         L14-CB1 {'rot': 0.02015}
  t=   8.38  cb_failure         L15-CB1 {'rot': 0.01911}
  t=   8.38  cb_yield           L29-CB0 {'rot': 0.005}
  t=   8.38  cb_yield           L30-CB0 {'rot': 0.00476}
  t=   8.38  cb_yield           L31-CB0 {'rot': 0.00459}
  t=   8.50  cb_failure         L5-CB0 {'rot': 0.01842}
  t=   8.50  cb_failure         L5-CB3 {'rot': 0.01853}
  t=   8.50  cb_failure         L6-CB2 {'rot': 0.01878}
  t=   8.50  cb_failure         L7-CB2 {'rot': 0.01986}
  t=   8.50  cb_failure         L10-CB2 {'rot': 0.02032}
  t=   8.50  cb_failure         L11-CB2 {'rot': 0.01976}
  t=   8.50  cb_failure         L12-CB2 {'rot': 0.01891}
  t=   8.50  cb_failure         L13-CB3 {'rot': 0.02022}
  t=   8.50  cb_failure         L14-CB3 {'rot': 0.01894}
  t=   8.50  cb_failure         L15-CB0 {'rot': 0.01865}
  t=   8.50  cb_failure         L16-CB1 {'rot': 0.01933}
  t=   8.63  cb_failure         L13-CB2 {'rot': 0.0205}
  t=   8.63  cb_failure         L14-CB2 {'rot': 0.01952}
  t=   8.63  cb_failure         L15-CB2 {'rot': 0.01829}
  t=   8.63  cb_failure         L15-CB3 {'rot': 0.02083}
  t=   8.63  cb_failure         L16-CB0 {'rot': 0.01932}
  t=   8.63  cb_failure         L16-CB3 {'rot': 0.01944}
  t=   8.63  cb_failure         L17-CB1 {'rot': 0.01964}
  t=   8.75  cb_failure         L16-CB2 {'rot': 0.02083}
  t=   8.75  cb_failure         L17-CB0 {'rot': 0.02017}
  t=   8.75  cb_failure         L17-CB2 {'rot': 0.01937}
  t=   8.75  cb_failure         L17-CB3 {'rot': 0.02179}
  t=   8.75  cb_failure         L18-CB1 {'rot': 0.02047}
  t=   8.75  cb_failure         L18-CB3 {'rot': 0.02012}
  t=   8.75  cb_yield           L30-CB3 {'rot': 0.00455}
  t=   8.88  cb_failure         L18-CB0 {'rot': 0.02074}
  t=   8.88  cb_failure         L18-CB2 {'rot': 0.02231}
  t=   8.88  cb_failure         L19-CB0 {'rot': 0.01869}
  t=   8.88  cb_failure         L19-CB1 {'rot': 0.02146}
  t=   8.88  cb_failure         L19-CB2 {'rot': 0.02075}
  t=   8.88  cb_failure         L19-CB3 {'rot': 0.02348}
  t=   8.88  cb_failure         L20-CB1 {'rot': 0.01918}
  t=   8.88  cb_failure         L20-CB2 {'rot': 0.01889}
  t=   8.88  cb_failure         L20-CB3 {'rot': 0.02176}
  t=   8.88  cb_failure         L21-CB3 {'rot': 0.01971}
  t=   8.88  cb_yield           L31-CB3 {'rot': 0.00664}
  t=   8.88  cb_yield           L32-CB3 {'rot': 0.00643}
  t=   8.88  cb_yield           L33-CB3 {'rot': 0.00633}
  t=   9.00  cb_failure         L20-CB0 {'rot': 0.01907}
  t=   9.00  cb_failure         L21-CB1 {'rot': 0.01952}
  t=   9.00  cb_failure         L21-CB2 {'rot': 0.02197}
  t=   9.00  cb_failure         L22-CB2 {'rot': 0.01978}
  t=   9.00  cb_failure         L22-CB3 {'rot': 0.02272}
  t=   9.00  cb_failure         L23-CB3 {'rot': 0.02041}
  t=   9.00  cb_yield           L29-CB2 {'rot': 0.00676}
  t=   9.00  cb_yield           L30-CB2 {'rot': 0.00606}
  t=   9.00  cb_yield           L31-CB2 {'rot': 0.00561}
  t=   9.00  cb_yield           L32-CB2 {'rot': 0.00535}
  t=   9.00  cb_yield           L33-CB2 {'rot': 0.00524}
  t=   9.13  cb_failure         L21-CB0 {'rot': 0.01882}
  t=   9.13  cb_failure         L22-CB1 {'rot': 0.01981}
  t=   9.13  cb_failure         L23-CB2 {'rot': 0.02222}
  t=   9.13  cb_failure         L24-CB2 {'rot': 0.02001}
  t=   9.13  cb_failure         L24-CB3 {'rot': 0.02318}
  t=   9.13  cb_failure         L25-CB3 {'rot': 0.02106}
  t=   9.13  cb_failure         L26-CB3 {'rot': 0.01909}
  t=   9.25  cb_failure         L22-CB0 {'rot': 0.01909}
  t=   9.25  cb_failure         L23-CB1 {'rot': 0.02122}
  t=   9.25  cb_failure         L24-CB1 {'rot': 0.01953}
  t=   9.25  cb_failure         L25-CB2 {'rot': 0.02366}
  t=   9.25  cb_failure         L26-CB2 {'rot': 0.02194}
  t=   9.25  cb_failure         L27-CB2 {'rot': 0.02022}
  t=   9.25  cb_failure         L27-CB3 {'rot': 0.02349}
  t=   9.25  cb_failure         L28-CB2 {'rot': 0.01861}
  t=   9.25  cb_failure         L28-CB3 {'rot': 0.02203}
  t=   9.25  cb_failure         L29-CB3 {'rot': 0.02068}
  t=   9.25  cb_failure         L30-CB3 {'rot': 0.0196}
  t=   9.25  cb_failure         L31-CB3 {'rot': 0.01887}
  t=   9.38  cb_failure         L23-CB0 {'rot': 0.01997}
  t=   9.38  cb_failure         L24-CB0 {'rot': 0.01955}
  t=   9.38  cb_failure         L25-CB0 {'rot': 0.01901}
  t=   9.38  cb_failure         L25-CB1 {'rot': 0.02313}
  t=   9.38  cb_failure         L26-CB1 {'rot': 0.02244}
  t=   9.38  cb_failure         L27-CB1 {'rot': 0.02153}
  t=   9.38  cb_failure         L28-CB1 {'rot': 0.02051}
  t=   9.38  cb_failure         L29-CB1 {'rot': 0.01943}
  t=   9.38  cb_failure         L29-CB2 {'rot': 0.0238}
  t=   9.38  cb_failure         L30-CB1 {'rot': 0.01855}
  t=   9.38  cb_failure         L30-CB2 {'rot': 0.02278}
  t=   9.38  cb_failure         L31-CB2 {'rot': 0.022}
  t=   9.38  cb_yield           L32-CB0 {'rot': 0.01281}
  t=   9.38  cb_failure         L32-CB2 {'rot': 0.02153}
  t=   9.38  cb_failure         L32-CB3 {'rot': 0.02564}
  t=   9.38  cb_yield           L33-CB0 {'rot': 0.01268}
  t=   9.38  cb_failure         L33-CB2 {'rot': 0.02138}
  t=   9.38  cb_failure         L33-CB3 {'rot': 0.02551}
  t=   9.50  cb_failure         L26-CB0 {'rot': 0.02194}
  t=   9.50  cb_failure         L27-CB0 {'rot': 0.02247}
  t=   9.50  cb_failure         L28-CB0 {'rot': 0.02301}
  t=   9.50  cb_failure         L29-CB0 {'rot': 0.02345}
  t=   9.50  cb_failure         L30-CB0 {'rot': 0.02372}
  t=   9.50  cb_failure         L31-CB0 {'rot': 0.02383}
  t=   9.50  cb_failure         L31-CB1 {'rot': 0.02759}
  t=   9.50  cb_failure         L32-CB0 {'rot': 0.02381}
  t=   9.50  cb_failure         L32-CB1 {'rot': 0.02757}
  t=   9.50  cb_failure         L33-CB0 {'rot': 0.02377}
  t=   9.50  cb_failure         L33-CB1 {'rot': 0.02753}
  t=   9.75  cb_failure         L4-CB3 {'rot': 0.01933}
  t=   9.75  cb_failure         L5-CB2 {'rot': 0.01879}
  progress t=  10.0s  max corner drift so far=0.0067  wall clock=138s
  t=  12.13  cb_failure         L4-CB2 {'rot': 0.01836}
  t=  13.63  cb_failure         L4-CB0 {'rot': 0.01839}
  t=  17.38  cb_failure         L3-CB1 {'rot': 0.02138}
  t=  17.38  cb_failure         L4-CB1 {'rot': 0.02517}
  t=  17.50  cb_failure         L2-CB1 {'rot': 0.02309}
  t=  17.63  cb_failure         L1-CB1 {'rot': 0.02133}
  t=  17.63  cb_failure         L3-CB0 {'rot': 0.01856}
  t=  19.87  cb_failure         L3-CB3 {'rot': 0.01854}
  t=  20.00  cb_failure         L2-CB3 {'rot': 0.01819}
  progress t=  20.0s  max corner drift so far=0.0132  wall clock=307s
  t=  20.37  cb_failure         L3-CB2 {'rot': 0.01813}
  t=  20.50  cb_failure         L1-CB3 {'rot': 0.0185}
  t=  29.75  cb_failure         L2-CB0 {'rot': 0.0217}
  t=  30.00  cb_failure         L1-CB0 {'rot': 0.01954}
  progress t=  30.0s  max corner drift so far=0.0188  wall clock=474s
  t=  35.62  cb_failure         L2-CB2 {'rot': 0.01816}
  progress t=  40.0s  max corner drift so far=0.0202  wall clock=645s
  t=  43.25  cb_failure         L1-CB2 {'rot': 0.01907}
  progress t=  50.0s  max corner drift so far=0.0202  wall clock=821s
  progress t=  60.0s  max corner drift so far=0.0219  wall clock=1004s
  progress t=  70.0s  max corner drift so far=0.0219  wall clock=1175s
  progress t=  80.0s  max corner drift so far=0.0219  wall clock=1323s
  progress t=  90.0s  max corner drift so far=0.0219  wall clock=1458s
  progress t= 100.0s  max corner drift so far=0.0219  wall clock=1589s
