  t=   1.87  cb_yield           L5-CB3 {'rot': 0.00505}
  t=   1.87  cb_yield           L6-CB1 {'rot': 0.00499}
  t=   1.87  cb_yield           L6-CB3 {'rot': 0.00513}
  t=   1.87  cb_yield           L7-CB3 {'rot': 0.00506}
  t=   2.00  cb_yield           L4-CB0 {'rot': 0.00516}
  t=   2.00  cb_yield           L4-CB1 {'rot': 0.00535}
  t=   2.00  cb_yield           L4-CB2 {'rot': 0.00525}
  t=   2.00  cb_yield           L4-CB3 {'rot': 0.00545}
  t=   2.00  cb_yield           L5-CB0 {'rot': 0.0056}
  t=   2.00  cb_yield           L5-CB1 {'rot': 0.00582}
  t=   2.00  cb_yield           L5-CB2 {'rot': 0.0057}
  t=   2.00  cb_yield           L6-CB0 {'rot': 0.00583}
  t=   2.00  cb_yield           L6-CB2 {'rot': 0.00595}
  t=   2.00  cb_yield           L7-CB0 {'rot': 0.00588}
  t=   2.00  cb_yield           L7-CB1 {'rot': 0.00616}
  t=   2.00  cb_yield           L7-CB2 {'rot': 0.00601}
  t=   2.00  cb_yield           L8-CB0 {'rot': 0.00579}
  t=   2.00  cb_yield           L8-CB1 {'rot': 0.00609}
  t=   2.00  cb_yield           L8-CB2 {'rot': 0.00593}
  t=   2.00  cb_yield           L8-CB3 {'rot': 0.00624}
  t=   2.00  cb_yield           L9-CB0 {'rot': 0.00556}
  t=   2.00  cb_yield           L9-CB1 {'rot': 0.00589}
  t=   2.00  cb_yield           L9-CB2 {'rot': 0.00571}
  t=   2.00  cb_yield           L9-CB3 {'rot': 0.00605}
  t=   2.00  cb_yield           L10-CB0 {'rot': 0.00525}
  t=   2.00  cb_yield           L10-CB1 {'rot': 0.0056}
  t=   2.00  cb_yield           L10-CB2 {'rot': 0.00539}
  t=   2.00  cb_yield           L10-CB3 {'rot': 0.00576}
  t=   2.00  cb_yield           L11-CB1 {'rot': 0.00525}
  t=   2.00  cb_yield           L11-CB2 {'rot': 0.00502}
  t=   2.00  cb_yield           L11-CB3 {'rot': 0.00542}
  t=   2.00  cb_yield           L12-CB3 {'rot': 0.00502}
  t=   2.12  cb_yield           L11-CB0 {'rot': 0.00612}
  t=   2.12  cb_yield           L12-CB0 {'rot': 0.00577}
  t=   2.12  cb_yield           L12-CB1 {'rot': 0.00624}
  t=   2.12  cb_yield           L12-CB2 {'rot': 0.00593}
  t=   2.12  cb_yield           L13-CB0 {'rot': 0.00535}
  t=   2.12  cb_yield           L13-CB1 {'rot': 0.00584}
  t=   2.12  cb_yield           L13-CB2 {'rot': 0.00551}
  t=   2.12  cb_yield           L13-CB3 {'rot': 0.00602}
  t=   2.12  cb_yield           L14-CB1 {'rot': 0.00541}
  t=   2.12  cb_yield           L14-CB2 {'rot': 0.00506}
  t=   2.12  cb_yield           L14-CB3 {'rot': 0.0056}
  t=   2.12  cb_yield           L15-CB1 {'rot': 0.00498}
  t=   2.12  cb_yield           L15-CB3 {'rot': 0.00516}
  t=   2.25  cb_yield           L14-CB0 {'rot': 0.00606}
  t=   2.25  cb_yield           L15-CB0 {'rot': 0.00562}
  t=   2.25  cb_yield           L15-CB2 {'rot': 0.00584}
  t=   2.25  cb_yield           L16-CB0 {'rot': 0.00517}
  t=   2.25  cb_yield           L16-CB1 {'rot': 0.00578}
  t=   2.25  cb_yield           L16-CB2 {'rot': 0.00539}
  t=   2.25  cb_yield           L16-CB3 {'rot': 0.00601}
  t=   2.25  cb_yield           L17-CB3 {'rot': 0.00547}
  t=   2.37  cb_yield           L17-CB1 {'rot': 0.00616}
  t=   2.37  cb_yield           L17-CB2 {'rot': 0.0057}
  t=   2.37  cb_yield           L18-CB1 {'rot': 0.00572}
  t=   2.37  cb_yield           L18-CB3 {'rot': 0.006}
  t=   2.37  cb_yield           L19-CB3 {'rot': 0.00559}
  t=   2.50  cb_yield           L17-CB0 {'rot': 0.00628}
  t=   2.50  cb_yield           L18-CB0 {'rot': 0.00614}
  t=   2.50  cb_yield           L18-CB2 {'rot': 0.00644}
  t=   2.50  cb_yield           L19-CB0 {'rot': 0.00595}
  t=   2.50  cb_yield           L19-CB1 {'rot': 0.00689}
  t=   2.50  cb_yield           L19-CB2 {'rot': 0.00629}
  t=   2.50  cb_yield           L20-CB0 {'rot': 0.00573}
  t=   2.50  cb_yield           L20-CB1 {'rot': 0.00669}
  t=   2.50  cb_yield           L20-CB2 {'rot': 0.00609}
  t=   2.50  cb_yield           L20-CB3 {'rot': 0.00706}
  t=   2.50  cb_yield           L21-CB0 {'rot': 0.00546}
  t=   2.50  cb_yield           L21-CB1 {'rot': 0.00644}
  t=   2.50  cb_yield           L21-CB2 {'rot': 0.00586}
  t=   2.50  cb_yield           L21-CB3 {'rot': 0.00684}
  t=   2.50  cb_yield           L22-CB1 {'rot': 0.00616}
  t=   2.50  cb_yield           L22-CB2 {'rot': 0.00559}
  t=   2.50  cb_yield           L22-CB3 {'rot': 0.00658}
  t=   2.50  cb_yield           L23-CB1 {'rot': 0.00585}
  t=   2.50  cb_yield           L23-CB3 {'rot': 0.00629}
  t=   2.50  cb_yield           L24-CB1 {'rot': 0.00551}
  t=   2.50  cb_yield           L24-CB3 {'rot': 0.00598}
  t=   2.50  cb_yield           L25-CB3 {'rot': 0.00564}
  t=   2.62  cb_yield           L22-CB0 {'rot': 0.00707}
  t=   2.62  cb_yield           L23-CB0 {'rot': 0.00672}
  t=   2.62  cb_yield           L23-CB2 {'rot': 0.00717}
  t=   2.62  cb_yield           L24-CB0 {'rot': 0.00627}
  t=   2.62  cb_yield           L24-CB2 {'rot': 0.00674}
  t=   2.62  cb_yield           L25-CB0 {'rot': 0.00575}
  t=   2.62  cb_yield           L25-CB1 {'rot': 0.00702}
  t=   2.62  cb_yield           L25-CB2 {'rot': 0.00624}
  t=   2.62  cb_yield           L26-CB1 {'rot': 0.00646}
  t=   2.62  cb_yield           L26-CB2 {'rot': 0.00569}
  t=   2.62  cb_yield           L26-CB3 {'rot': 0.00696}
  t=   2.62  cb_yield           L27-CB1 {'rot': 0.00587}
  t=   2.62  cb_yield           L27-CB3 {'rot': 0.00638}
  t=   2.62  cb_yield           L28-CB3 {'rot': 0.00581}
  t=   2.75  cb_yield           L26-CB0 {'rot': 0.00634}
  t=   2.75  cb_yield           L27-CB0 {'rot': 0.00559}
  t=   2.75  cb_yield           L27-CB2 {'rot': 0.006}
  t=   2.75  cb_yield           L28-CB1 {'rot': 0.00612}
  t=   2.75  cb_yield           L29-CB3 {'rot': 0.00572}
  t=   2.87  cb_yield           L29-CB1 {'rot': 0.00561}
  t=   3.75  cb_yield           L28-CB0 {'rot': 0.00654}
  t=   3.75  cb_yield           L28-CB2 {'rot': 0.00643}
  t=   3.75  cb_yield           L29-CB0 {'rot': 0.00565}
  t=   3.75  cb_yield           L29-CB2 {'rot': 0.00558}
  t=   4.25  cb_yield           L3-CB0 {'rot': 0.00512}
  t=   4.37  cb_yield           L2-CB0 {'rot': 0.00595}
  t=   4.37  cb_yield           L2-CB1 {'rot': 0.00565}
  t=   4.37  cb_yield           L2-CB2 {'rot': 0.00532}
  t=   4.37  cb_yield           L2-CB3 {'rot': 0.00502}
  t=   4.37  cb_yield           L3-CB1 {'rot': 0.00709}
  t=   4.37  cb_yield           L3-CB2 {'rot': 0.00656}
  t=   4.37  cb_yield           L3-CB3 {'rot': 0.0062}
  t=   4.50  cb_yield           L30-CB3 {'rot': 0.00635}
  t=   4.50  cb_yield           L31-CB3 {'rot': 0.00608}
  t=   4.50  cb_yield           L32-CB3 {'rot': 0.00585}
  t=   4.50  cb_yield           L33-CB3 {'rot': 0.00571}
  t=   4.62  cb_yield           L1-CB0 {'rot': 0.00511}
  t=   4.75  cb_yield           L1-CB1 {'rot': 0.00511}
  t=   7.25  cb_yield           L30-CB2 {'rot': 0.00564}
  t=   8.00  cb_yield           L30-CB1 {'rot': 0.00547}
  t=   8.13  cb_yield           L31-CB1 {'rot': 0.00632}
  t=   8.13  cb_yield           L32-CB1 {'rot': 0.00601}
  t=   8.13  cb_yield           L33-CB1 {'rot': 0.00584}
  t=   8.25  cb_failure         L7-CB1 {'rot': 0.01909}
  t=   8.25  cb_failure         L8-CB0 {'rot': 0.01922}
  t=   8.25  cb_failure         L8-CB1 {'rot': 0.02063}
  t=   8.25  cb_failure         L9-CB0 {'rot': 0.02035}
  t=   8.25  cb_failure         L9-CB1 {'rot': 0.02184}
  t=   8.25  cb_failure         L10-CB0 {'rot': 0.02115}
  t=   8.25  cb_failure         L10-CB1 {'rot': 0.02272}
  t=   8.25  cb_failure         L11-CB0 {'rot': 0.02166}
  t=   8.25  cb_failure         L11-CB1 {'rot': 0.02333}
  t=   8.25  cb_failure         L11-CB3 {'rot': 0.01898}
  t=   8.25  cb_failure         L12-CB0 {'rot': 0.02195}
  t=   8.25  cb_failure         L12-CB1 {'rot': 0.0237}
  t=   8.25  cb_failure         L12-CB3 {'rot': 0.01912}
  t=   8.25  cb_failure         L13-CB0 {'rot': 0.022}
  t=   8.25  cb_failure         L13-CB1 {'rot': 0.02383}
  t=   8.25  cb_failure         L13-CB3 {'rot': 0.01902}
  t=   8.25  cb_failure         L14-CB0 {'rot': 0.0218}
  t=   8.25  cb_failure         L14-CB1 {'rot': 0.0237}
  t=   8.25  cb_failure         L15-CB0 {'rot': 0.02135}
  t=   8.25  cb_failure         L15-CB1 {'rot': 0.02333}
  t=   8.25  cb_failure         L16-CB0 {'rot': 0.02069}
  t=   8.25  cb_failure         L16-CB1 {'rot': 0.02275}
  t=   8.25  cb_failure         L17-CB0 {'rot': 0.0196}
  t=   8.25  cb_failure         L17-CB1 {'rot': 0.02179}
  t=   8.25  cb_failure         L18-CB1 {'rot': 0.02061}
  t=   8.38  cb_failure         L6-CB0 {'rot': 0.01928}
  t=   8.38  cb_failure         L6-CB1 {'rot': 0.02047}
  t=   8.38  cb_failure         L7-CB0 {'rot': 0.0213}
  t=   8.38  cb_failure         L7-CB3 {'rot': 0.01973}
  t=   8.38  cb_failure         L8-CB2 {'rot': 0.01972}
  t=   8.38  cb_failure         L8-CB3 {'rot': 0.02117}
  t=   8.38  cb_failure         L9-CB2 {'rot': 0.0207}
  t=   8.38  cb_failure         L9-CB3 {'rot': 0.02225}
  t=   8.38  cb_failure         L10-CB2 {'rot': 0.02133}
  t=   8.38  cb_failure         L10-CB3 {'rot': 0.02301}
  t=   8.38  cb_failure         L11-CB2 {'rot': 0.02166}
  t=   8.38  cb_failure         L12-CB2 {'rot': 0.02172}
  t=   8.38  cb_failure         L13-CB2 {'rot': 0.02151}
  t=   8.38  cb_failure         L14-CB2 {'rot': 0.02102}
  t=   8.38  cb_failure         L14-CB3 {'rot': 0.02316}
  t=   8.38  cb_failure         L15-CB2 {'rot': 0.02028}
  t=   8.38  cb_failure         L15-CB3 {'rot': 0.02252}
  t=   8.38  cb_failure         L16-CB2 {'rot': 0.01931}
  t=   8.38  cb_failure         L16-CB3 {'rot': 0.02163}
  t=   8.38  cb_failure         L17-CB3 {'rot': 0.02025}
  t=   8.38  cb_failure         L18-CB0 {'rot': 0.02279}
  t=   8.38  cb_failure         L19-CB0 {'rot': 0.02097}
  t=   8.38  cb_failure         L19-CB1 {'rot': 0.02314}
  t=   8.38  cb_failure         L20-CB1 {'rot': 0.0211}
  t=   8.38  cb_failure         L21-CB1 {'rot': 0.01973}
  t=   8.50  cb_yield           L1-CB3 {'rot': 0.00524}
  t=   8.50  cb_failure         L5-CB0 {'rot': 0.01996}
  t=   8.50  cb_failure         L5-CB1 {'rot': 0.02108}
  t=   8.50  cb_failure         L5-CB3 {'rot': 0.01893}
  t=   8.50  cb_failure         L6-CB2 {'rot': 0.02006}
  t=   8.50  cb_failure         L6-CB3 {'rot': 0.02138}
  t=   8.50  cb_failure         L7-CB2 {'rot': 0.02203}
  t=   8.50  cb_failure         L17-CB2 {'rot': 0.02124}
  t=   8.50  cb_failure         L18-CB2 {'rot': 0.01948}
  t=   8.50  cb_failure         L18-CB3 {'rot': 0.02193}
  t=   8.50  cb_failure         L19-CB3 {'rot': 0.01969}
  t=   8.50  cb_failure         L20-CB0 {'rot': 0.02104}
  t=   8.50  cb_failure         L20-CB3 {'rot': 0.01979}
  t=   8.63  cb_yield           L1-CB2 {'rot': 0.00541}
  t=   8.63  cb_failure         L4-CB0 {'rot': 0.01897}
  t=   8.63  cb_failure         L4-CB1 {'rot': 0.01988}
  t=   8.63  cb_failure         L5-CB2 {'rot': 0.01977}
  t=   8.63  cb_failure         L19-CB2 {'rot': 0.01952}
  t=   8.63  cb_failure         L21-CB3 {'rot': 0.01988}
  t=   8.63  cb_failure         L22-CB1 {'rot': 0.01947}
  t=   8.75  cb_failure         L22-CB3 {'rot': 0.01993}
  t=   8.88  cb_failure         L20-CB2 {'rot': 0.02181}
  t=   8.88  cb_failure         L21-CB0 {'rot': 0.02045}
  t=   8.88  cb_failure         L23-CB3 {'rot': 0.01992}
  t=   9.00  cb_failure         L21-CB2 {'rot': 0.02317}
  t=   9.00  cb_failure         L22-CB0 {'rot': 0.01951}
  t=   9.00  cb_failure         L22-CB2 {'rot': 0.02025}
  t=   9.00  cb_failure         L23-CB1 {'rot': 0.01963}
  t=   9.00  cb_failure         L24-CB3 {'rot': 0.01989}
  t=   9.00  cb_failure         L25-CB3 {'rot': 0.01983}
  t=   9.13  cb_failure         L23-CB2 {'rot': 0.02223}
  t=   9.13  cb_failure         L24-CB1 {'rot': 0.01972}
  t=   9.13  cb_failure         L26-CB3 {'rot': 0.02}
  t=   9.25  cb_failure         L23-CB0 {'rot': 0.02255}
  t=   9.25  cb_failure         L24-CB2 {'rot': 0.02394}
  t=   9.25  cb_failure         L25-CB1 {'rot': 0.01976}
  t=   9.25  cb_failure         L25-CB2 {'rot': 0.02068}
  t=   9.25  cb_failure         L26-CB1 {'rot': 0.01996}
  t=   9.25  cb_failure         L27-CB3 {'rot': 0.01993}
  t=   9.25  cb_failure         L28-CB3 {'rot': 0.01998}
  t=   9.25  cb_yield           L31-CB2 {'rot': 0.0056}
  t=   9.38  cb_failure         L24-CB0 {'rot': 0.02208}
  t=   9.38  cb_failure         L25-CB0 {'rot': 0.01956}
  t=   9.38  cb_failure         L26-CB2 {'rot': 0.02171}
  t=   9.38  cb_failure         L27-CB1 {'rot': 0.01994}
  t=   9.38  cb_failure         L29-CB3 {'rot': 0.01994}
  t=   9.38  cb_failure         L30-CB3 {'rot': 0.01996}
  t=   9.38  cb_yield           L32-CB2 {'rot': 0.00775}
  t=   9.38  cb_yield           L33-CB2 {'rot': 0.00739}
  t=  9.475  solver fallback: Newton
  t=   9.50  cb_failure         L27-CB2 {'rot': 0.02018}
  t=   9.50  cb_failure         L28-CB1 {'rot': 0.01985}
  t=   9.50  cb_yield           L30-CB0 {'rot': 0.00856}
  t=   9.50  cb_yield           L31-CB0 {'rot': 0.0067}
  t=   9.50  cb_failure         L31-CB3 {'rot': 0.01979}
  t=   9.50  cb_yield           L32-CB0 {'rot': 0.00548}
  t=   9.50  cb_failure         L32-CB3 {'rot': 0.01976}
  t=  9.500  solver fallback: Newton
  t=  9.550  solver fallback: Newton
  t=   9.63  cb_failure         L4-CB3 {'rot': 0.02087}
  t=   9.63  cb_failure         L26-CB0 {'rot': 0.01948}
  t=   9.63  cb_failure         L29-CB1 {'rot': 0.02244}
  t=   9.63  cb_failure         L30-CB1 {'rot': 0.02142}
  t=   9.63  cb_failure         L31-CB1 {'rot': 0.02063}
  t=   9.63  cb_failure         L32-CB1 {'rot': 0.02013}
  t=   9.63  cb_yield           L33-CB0 {'rot': 0.0117}
  t=   9.63  cb_failure         L33-CB1 {'rot': 0.01997}
  t=   9.63  cb_failure         L33-CB3 {'rot': 0.0226}
  t=   9.75  cb_failure         L3-CB1 {'rot': 0.02049}
  t=   9.75  cb_failure         L3-CB2 {'rot': 0.01921}
  t=   9.75  cb_failure         L3-CB3 {'rot': 0.02089}
  t=   9.75  cb_failure         L4-CB2 {'rot': 0.02299}
  t=   9.75  cb_failure         L27-CB0 {'rot': 0.02465}
  t=   9.75  cb_failure         L28-CB0 {'rot': 0.02383}
  t=   9.75  cb_failure         L28-CB2 {'rot': 0.02323}
  t=   9.75  cb_failure         L29-CB0 {'rot': 0.02299}
  t=   9.75  cb_failure         L29-CB2 {'rot': 0.02241}
  t=   9.75  cb_failure         L30-CB0 {'rot': 0.02218}
  t=   9.75  cb_failure         L30-CB2 {'rot': 0.02164}
  t=   9.75  cb_failure         L31-CB0 {'rot': 0.02152}
  t=   9.75  cb_failure         L31-CB2 {'rot': 0.02102}
  t=   9.75  cb_failure         L32-CB0 {'rot': 0.02106}
  t=   9.75  cb_failure         L32-CB2 {'rot': 0.02058}
  t=   9.75  cb_failure         L33-CB0 {'rot': 0.0209}
  t=   9.75  cb_failure         L33-CB2 {'rot': 0.02043}
  t=   9.88  cb_failure         L3-CB0 {'rot': 0.02115}
  progress t=  10.0s  max corner drift so far=0.0075  wall clock=120s
  t= 12.100  solver fallback: Newton
  t= 12.475  solver fallback: Newton
  t=  17.75  cb_failure         L1-CB1 {'rot': 0.01931}
  t=  17.75  cb_failure         L2-CB1 {'rot': 0.02767}
  progress t=  20.0s  max corner drift so far=0.0188  wall clock=270s
  t=  20.62  cb_failure         L2-CB3 {'rot': 0.01957}
  t=  21.00  cb_failure         L2-CB2 {'rot': 0.02083}
  t=  21.12  cb_failure         L1-CB3 {'rot': 0.01893}
  t= 24.150  solver fallback: Newton
  t= 24.175  solver fallback: Newton
  t= 24.200  solver fallback: Newton
  t=  28.97  punching           L30-col0 {'drift': np.float64(0.0225), 'vg_vc': 0.35, 'conn': 'column'}
  t=  29.00  punching           L29-col0 {'drift': np.float64(0.0225), 'vg_vc': 0.372, 'conn': 'column'}
  t=  29.00  punching           L31-col0 {'drift': np.float64(0.0226), 'vg_vc': 0.37, 'conn': 'column'}
  t=  29.00  punching           L32-col0 {'drift': np.float64(0.0225), 'vg_vc': 0.37, 'conn': 'column'}
  progress t=  30.0s  max corner drift so far=0.0238  wall clock=423s
  t=  30.25  cb_failure         L2-CB0 {'rot': 0.02486}
  t=  31.37  punching           L29-col1 {'drift': np.float64(0.0212), 'vg_vc': 0.382, 'conn': 'column'}
  t=  31.37  punching           L30-col1 {'drift': np.float64(0.0213), 'vg_vc': 0.385, 'conn': 'column'}
  t=  31.37  punching           L31-col1 {'drift': np.float64(0.0213), 'vg_vc': 0.375, 'conn': 'column'}
  t=  31.37  punching           L33-col0 {'drift': np.float64(0.0222), 'vg_vc': 0.357, 'conn': 'column'}
  t=  31.50  punching           L32-col1 {'drift': np.float64(0.0213), 'vg_vc': 0.38, 'conn': 'column'}
