  t=   1.87  cb_yield           L4-CB0 {'rot': 0.00425}
  t=   1.87  cb_yield           L4-CB1 {'rot': 0.00439}
  t=   1.87  cb_yield           L4-CB2 {'rot': 0.00435}
  t=   1.87  cb_yield           L4-CB3 {'rot': 0.0045}
  t=   1.87  cb_yield           L5-CB0 {'rot': 0.0045}
  t=   1.87  cb_yield           L5-CB1 {'rot': 0.00467}
  t=   1.87  cb_yield           L5-CB2 {'rot': 0.00461}
  t=   1.87  cb_yield           L5-CB3 {'rot': 0.00479}
  t=   1.87  cb_yield           L6-CB0 {'rot': 0.00457}
  t=   1.87  cb_yield           L6-CB1 {'rot': 0.00476}
  t=   1.87  cb_yield           L6-CB2 {'rot': 0.00469}
  t=   1.87  cb_yield           L6-CB3 {'rot': 0.00489}
  t=   1.87  cb_yield           L7-CB0 {'rot': 0.00449}
  t=   1.87  cb_yield           L7-CB1 {'rot': 0.0047}
  t=   1.87  cb_yield           L7-CB2 {'rot': 0.00462}
  t=   1.87  cb_yield           L7-CB3 {'rot': 0.00484}
  t=   1.87  cb_yield           L8-CB0 {'rot': 0.00431}
  t=   1.87  cb_yield           L8-CB1 {'rot': 0.00453}
  t=   1.87  cb_yield           L8-CB2 {'rot': 0.00444}
  t=   1.87  cb_yield           L8-CB3 {'rot': 0.00467}
  t=   1.87  cb_yield           L9-CB1 {'rot': 0.00428}
  t=   1.87  cb_yield           L9-CB2 {'rot': 0.00417}
  t=   1.87  cb_yield           L9-CB3 {'rot': 0.00442}
  t=   1.87  cb_yield           L10-CB3 {'rot': 0.00411}
  t=   2.00  cb_yield           L3-CB0 {'rot': 0.0042}
  t=   2.00  cb_yield           L3-CB1 {'rot': 0.00434}
  t=   2.00  cb_yield           L3-CB2 {'rot': 0.00426}
  t=   2.00  cb_yield           L3-CB3 {'rot': 0.00441}
  t=   2.00  cb_yield           L9-CB0 {'rot': 0.00543}
  t=   2.00  cb_yield           L10-CB0 {'rot': 0.00514}
  t=   2.00  cb_yield           L10-CB1 {'rot': 0.00546}
  t=   2.00  cb_yield           L10-CB2 {'rot': 0.00528}
  t=   2.00  cb_yield           L11-CB0 {'rot': 0.00479}
  t=   2.00  cb_yield           L11-CB1 {'rot': 0.00513}
  t=   2.00  cb_yield           L11-CB2 {'rot': 0.00492}
  t=   2.00  cb_yield           L11-CB3 {'rot': 0.00528}
  t=   2.00  cb_yield           L12-CB0 {'rot': 0.00438}
  t=   2.00  cb_yield           L12-CB1 {'rot': 0.00474}
  t=   2.00  cb_yield           L12-CB2 {'rot': 0.00452}
  t=   2.00  cb_yield           L12-CB3 {'rot': 0.0049}
  t=   2.00  cb_yield           L13-CB1 {'rot': 0.00433}
  t=   2.00  cb_yield           L13-CB3 {'rot': 0.00448}
  t=   2.12  cb_yield           L13-CB0 {'rot': 0.00531}
  t=   2.12  cb_yield           L13-CB2 {'rot': 0.00547}
  t=   2.12  cb_yield           L14-CB0 {'rot': 0.00488}
  t=   2.12  cb_yield           L14-CB1 {'rot': 0.00535}
  t=   2.12  cb_yield           L14-CB2 {'rot': 0.00505}
  t=   2.12  cb_yield           L14-CB3 {'rot': 0.00554}
  t=   2.12  cb_yield           L15-CB0 {'rot': 0.00444}
  t=   2.12  cb_yield           L15-CB1 {'rot': 0.00492}
  t=   2.12  cb_yield           L15-CB2 {'rot': 0.00461}
  t=   2.12  cb_yield           L15-CB3 {'rot': 0.00511}
  t=   2.12  cb_yield           L16-CB1 {'rot': 0.00449}
  t=   2.12  cb_yield           L16-CB2 {'rot': 0.00417}
  t=   2.12  cb_yield           L16-CB3 {'rot': 0.00468}
  t=   2.25  cb_yield           L16-CB0 {'rot': 0.00505}
  t=   2.25  cb_yield           L17-CB1 {'rot': 0.00505}
  t=   2.25  cb_yield           L17-CB2 {'rot': 0.00471}
  t=   2.25  cb_yield           L17-CB3 {'rot': 0.00528}
  t=   2.25  cb_yield           L18-CB3 {'rot': 0.00477}
  t=   2.37  cb_yield           L17-CB0 {'rot': 0.00549}
  t=   2.37  cb_yield           L18-CB0 {'rot': 0.00511}
  t=   2.37  cb_yield           L18-CB1 {'rot': 0.0058}
  t=   2.37  cb_yield           L18-CB2 {'rot': 0.00539}
  t=   2.37  cb_yield           L19-CB0 {'rot': 0.00473}
  t=   2.37  cb_yield           L19-CB1 {'rot': 0.00543}
  t=   2.37  cb_yield           L19-CB2 {'rot': 0.00503}
  t=   2.37  cb_yield           L19-CB3 {'rot': 0.00574}
  t=   2.37  cb_yield           L20-CB1 {'rot': 0.00507}
  t=   2.37  cb_yield           L20-CB2 {'rot': 0.00468}
  t=   2.37  cb_yield           L20-CB3 {'rot': 0.00541}
  t=   2.37  cb_yield           L21-CB1 {'rot': 0.00473}
  t=   2.37  cb_yield           L21-CB3 {'rot': 0.00509}
  t=   2.37  cb_yield           L22-CB3 {'rot': 0.00479}
  t=   2.50  cb_yield           L20-CB0 {'rot': 0.00627}
  t=   2.50  cb_yield           L21-CB0 {'rot': 0.00598}
  t=   2.50  cb_yield           L21-CB2 {'rot': 0.0064}
  t=   2.50  cb_yield           L22-CB0 {'rot': 0.00561}
  t=   2.50  cb_yield           L22-CB1 {'rot': 0.00658}
  t=   2.50  cb_yield           L22-CB2 {'rot': 0.00606}
  t=   2.50  cb_yield           L23-CB0 {'rot': 0.00519}
  t=   2.50  cb_yield           L23-CB1 {'rot': 0.00618}
  t=   2.50  cb_yield           L23-CB2 {'rot': 0.00566}
  t=   2.50  cb_yield           L23-CB3 {'rot': 0.00664}
  t=   2.50  cb_yield           L24-CB0 {'rot': 0.00474}
  t=   2.50  cb_yield           L24-CB1 {'rot': 0.00573}
  t=   2.50  cb_yield           L24-CB2 {'rot': 0.00523}
  t=   2.50  cb_yield           L24-CB3 {'rot': 0.00622}
  t=   2.50  cb_yield           L25-CB1 {'rot': 0.00527}
  t=   2.50  cb_yield           L25-CB2 {'rot': 0.00478}
  t=   2.50  cb_yield           L25-CB3 {'rot': 0.00577}
  t=   2.50  cb_yield           L26-CB1 {'rot': 0.00481}
  t=   2.50  cb_yield           L26-CB3 {'rot': 0.00532}
  t=   2.50  cb_yield           L27-CB3 {'rot': 0.00488}
  t=   2.62  cb_yield           L25-CB0 {'rot': 0.0058}
  t=   2.62  cb_yield           L26-CB0 {'rot': 0.00514}
  t=   2.62  cb_yield           L26-CB2 {'rot': 0.00563}
  t=   2.62  cb_yield           L27-CB1 {'rot': 0.00556}
  t=   2.62  cb_yield           L27-CB2 {'rot': 0.00493}
  t=   2.62  cb_yield           L28-CB1 {'rot': 0.00486}
  t=   2.62  cb_yield           L28-CB3 {'rot': 0.00535}
  t=   2.62  cb_yield           L29-CB3 {'rot': 0.0047}
  t=   2.75  cb_yield           L27-CB0 {'rot': 0.00513}
  t=   2.75  cb_yield           L28-CB2 {'rot': 0.0047}
  t=   2.75  cb_yield           L29-CB1 {'rot': 0.00482}
  t=   2.87  cb_yield           L28-CB0 {'rot': 0.00464}
  t=   2.87  cb_yield           L30-CB1 {'rot': 0.00459}
  t=   2.87  cb_yield           L30-CB3 {'rot': 0.0047}
  t=   3.62  cb_yield           L29-CB2 {'rot': 0.00462}
  t=   3.75  cb_yield           L29-CB0 {'rot': 0.00509}
  t=   4.25  cb_yield           L2-CB0 {'rot': 0.00476}
  t=   4.25  cb_yield           L2-CB1 {'rot': 0.00452}
  t=   4.25  cb_yield           L2-CB2 {'rot': 0.00415}
  t=   4.37  cb_yield           L2-CB3 {'rot': 0.00512}
  t=   4.37  cb_yield           L31-CB3 {'rot': 0.00487}
  t=   4.37  cb_yield           L32-CB3 {'rot': 0.00471}
  t=   4.37  cb_yield           L33-CB3 {'rot': 0.00461}
  t=   4.50  cb_yield           L1-CB0 {'rot': 0.00441}
  t=   4.50  cb_yield           L1-CB1 {'rot': 0.00422}
  t=   4.50  cb_yield           L30-CB2 {'rot': 0.00464}
  t=   8.00  cb_yield           L31-CB1 {'rot': 0.00462}
  t=   8.13  cb_failure         L8-CB1 {'rot': 0.01822}
  t=   8.13  cb_failure         L9-CB1 {'rot': 0.01887}
  t=   8.13  cb_failure         L10-CB1 {'rot': 0.01927}
  t=   8.13  cb_failure         L11-CB0 {'rot': 0.01817}
  t=   8.13  cb_failure         L11-CB1 {'rot': 0.01946}
  t=   8.13  cb_failure         L12-CB1 {'rot': 0.01945}
  t=   8.13  cb_failure         L13-CB1 {'rot': 0.01922}
  t=   8.13  cb_failure         L14-CB1 {'rot': 0.01879}
  t=   8.13  cb_failure         L15-CB1 {'rot': 0.01819}
  t=   8.13  cb_yield           L32-CB1 {'rot': 0.0056}
  t=   8.13  cb_yield           L33-CB1 {'rot': 0.0055}
  t=   8.25  cb_yield           L1-CB2 {'rot': 0.00462}
  t=   8.25  cb_yield           L1-CB3 {'rot': 0.00498}
  t=   8.25  cb_failure         L6-CB1 {'rot': 0.01897}
  t=   8.25  cb_failure         L7-CB0 {'rot': 0.01946}
  t=   8.25  cb_failure         L7-CB1 {'rot': 0.02067}
  t=   8.25  cb_failure         L8-CB0 {'rot': 0.0207}
  t=   8.25  cb_failure         L8-CB3 {'rot': 0.01891}
  t=   8.25  cb_failure         L9-CB0 {'rot': 0.02164}
  t=   8.25  cb_failure         L9-CB3 {'rot': 0.01939}
  t=   8.25  cb_failure         L10-CB0 {'rot': 0.02221}
  t=   8.25  cb_failure         L10-CB3 {'rot': 0.01953}
  t=   8.25  cb_failure         L11-CB3 {'rot': 0.01939}
  t=   8.25  cb_failure         L12-CB0 {'rot': 0.02246}
  t=   8.25  cb_failure         L12-CB3 {'rot': 0.01897}
  t=   8.25  cb_failure         L13-CB0 {'rot': 0.02215}
  t=   8.25  cb_failure         L13-CB3 {'rot': 0.01828}
  t=   8.25  cb_failure         L14-CB0 {'rot': 0.02158}
  t=   8.25  cb_failure         L15-CB0 {'rot': 0.02081}
  t=   8.25  cb_failure         L16-CB0 {'rot': 0.01986}
  t=   8.25  cb_failure         L16-CB1 {'rot': 0.02146}
  t=   8.25  cb_failure         L17-CB1 {'rot': 0.02023}
  t=   8.25  cb_failure         L18-CB1 {'rot': 0.01885}
  t=   8.38  cb_failure         L5-CB0 {'rot': 0.01883}
  t=   8.38  cb_failure         L5-CB1 {'rot': 0.02028}
  t=   8.38  cb_failure         L5-CB3 {'rot': 0.01871}
  t=   8.38  cb_failure         L6-CB0 {'rot': 0.02092}
  t=   8.38  cb_failure         L6-CB2 {'rot': 0.01929}
  t=   8.38  cb_failure         L6-CB3 {'rot': 0.0206}
  t=   8.38  cb_failure         L7-CB2 {'rot': 0.02055}
  t=   8.38  cb_failure         L7-CB3 {'rot': 0.02198}
  t=   8.38  cb_failure         L8-CB2 {'rot': 0.02135}
  t=   8.38  cb_failure         L9-CB2 {'rot': 0.02178}
  t=   8.38  cb_failure         L10-CB2 {'rot': 0.02183}
  t=   8.38  cb_failure         L11-CB2 {'rot': 0.02158}
  t=   8.38  cb_failure         L12-CB2 {'rot': 0.02107}
  t=   8.38  cb_failure         L13-CB2 {'rot': 0.02027}
  t=   8.38  cb_failure         L14-CB2 {'rot': 0.01919}
  t=   8.38  cb_failure         L14-CB3 {'rot': 0.02137}
  t=   8.38  cb_failure         L15-CB3 {'rot': 0.02015}
  t=   8.38  cb_failure         L16-CB3 {'rot': 0.01871}
  t=   8.38  cb_failure         L17-CB0 {'rot': 0.02165}
  t=   8.38  cb_failure         L18-CB0 {'rot': 0.01977}
  t=   8.38  cb_failure         L19-CB1 {'rot': 0.01971}
  t=   8.38  cb_yield           L30-CB0 {'rot': 0.00506}
  t=   8.38  cb_yield           L31-CB0 {'rot': 0.00481}
  t=   8.38  cb_yield           L32-CB0 {'rot': 0.00466}
  t=   8.38  cb_yield           L33-CB0 {'rot': 0.00459}
  t=   8.50  cb_failure         L4-CB0 {'rot': 0.01906}
  t=   8.50  cb_failure         L4-CB1 {'rot': 0.0204}
  t=   8.50  cb_failure         L4-CB3 {'rot': 0.0188}
  t=   8.50  cb_failure         L5-CB2 {'rot': 0.02031}
  t=   8.50  cb_failure         L15-CB2 {'rot': 0.0208}
  t=   8.50  cb_failure         L16-CB2 {'rot': 0.01918}
  t=   8.50  cb_failure         L17-CB3 {'rot': 0.01957}
  t=   8.50  cb_failure         L19-CB0 {'rot': 0.01884}
  t=   8.50  cb_failure         L20-CB1 {'rot': 0.01895}
  t=   8.63  cb_failure         L3-CB1 {'rot': 0.01814}
  t=   8.63  cb_failure         L4-CB2 {'rot': 0.01901}
  t=   8.63  cb_failure         L17-CB2 {'rot': 0.01963}
  t=   8.63  cb_failure         L18-CB3 {'rot': 0.01993}
  t=   8.75  cb_failure         L18-CB2 {'rot': 0.02078}
  t=   8.75  cb_failure         L19-CB3 {'rot': 0.02122}
  t=   8.75  cb_failure         L20-CB3 {'rot': 0.01858}
  t=   8.88  cb_failure         L19-CB2 {'rot': 0.02285}
  t=   8.88  cb_failure         L20-CB0 {'rot': 0.02076}
  t=   8.88  cb_failure         L20-CB2 {'rot': 0.02038}
  t=   8.88  cb_failure         L21-CB1 {'rot': 0.02072}
  t=   8.88  cb_failure         L21-CB3 {'rot': 0.02084}
  t=   9.00  cb_failure         L21-CB0 {'rot': 0.02107}
  t=   9.00  cb_failure         L21-CB2 {'rot': 0.0234}
  t=   9.00  cb_failure         L22-CB1 {'rot': 0.02103}
  t=   9.00  cb_failure         L22-CB2 {'rot': 0.02058}
  t=   9.00  cb_failure         L22-CB3 {'rot': 0.02412}
  t=   9.00  cb_failure         L23-CB3 {'rot': 0.02123}
  t=   9.13  cb_failure         L22-CB0 {'rot': 0.02121}
  t=   9.13  cb_failure         L23-CB1 {'rot': 0.02103}
  t=   9.13  cb_failure         L23-CB2 {'rot': 0.02342}
  t=   9.13  cb_failure         L24-CB2 {'rot': 0.02031}
  t=   9.13  cb_failure         L24-CB3 {'rot': 0.02398}
  t=   9.13  cb_failure         L25-CB3 {'rot': 0.0209}
  t=   9.13  cb_yield           L31-CB2 {'rot': 0.00622}
  t=   9.13  cb_yield           L32-CB2 {'rot': 0.00584}
  t=   9.13  cb_yield           L33-CB2 {'rot': 0.00569}
  t=   9.25  cb_failure         L23-CB0 {'rot': 0.02179}
  t=   9.25  cb_failure         L24-CB0 {'rot': 0.01874}
  t=   9.25  cb_failure         L24-CB1 {'rot': 0.02227}
  t=   9.25  cb_failure         L25-CB1 {'rot': 0.01904}
  t=   9.25  cb_failure         L25-CB2 {'rot': 0.02367}
  t=   9.25  cb_failure         L26-CB2 {'rot': 0.02083}
  t=   9.25  cb_failure         L26-CB3 {'rot': 0.02427}
  t=   9.25  cb_failure         L27-CB3 {'rot': 0.02166}
  t=   9.25  cb_failure         L28-CB3 {'rot': 0.01937}
  t=   9.38  cb_failure         L25-CB0 {'rot': 0.02123}
  t=   9.38  cb_failure         L26-CB0 {'rot': 0.01902}
  t=   9.38  cb_failure         L26-CB1 {'rot': 0.02286}
  t=   9.38  cb_failure         L27-CB1 {'rot': 0.02055}
  t=   9.38  cb_failure         L27-CB2 {'rot': 0.02519}
  t=   9.38  cb_failure         L28-CB2 {'rot': 0.02305}
  t=   9.38  cb_failure         L29-CB2 {'rot': 0.02093}
  t=   9.38  cb_failure         L29-CB3 {'rot': 0.02464}
  t=   9.38  cb_failure         L30-CB2 {'rot': 0.01902}
  t=   9.38  cb_failure         L30-CB3 {'rot': 0.02286}
  t=   9.38  cb_failure         L31-CB3 {'rot': 0.02156}
  t=   9.38  cb_failure         L32-CB3 {'rot': 0.02089}
  t=   9.38  cb_failure         L33-CB3 {'rot': 0.02066}
  t=   9.50  cb_failure         L27-CB0 {'rot': 0.02359}
  t=   9.50  cb_failure         L28-CB0 {'rot': 0.02293}
  t=   9.50  cb_failure         L28-CB1 {'rot': 0.02666}
  t=   9.50  cb_failure         L29-CB0 {'rot': 0.02237}
  t=   9.50  cb_failure         L29-CB1 {'rot': 0.0261}
  t=   9.50  cb_failure         L30-CB0 {'rot': 0.02186}
  t=   9.50  cb_failure         L30-CB1 {'rot': 0.0256}
  t=   9.50  cb_failure         L31-CB0 {'rot': 0.02145}
  t=   9.50  cb_failure         L31-CB1 {'rot': 0.0252}
  t=   9.50  cb_failure         L31-CB2 {'rot': 0.02708}
  t=   9.50  cb_failure         L32-CB0 {'rot': 0.02116}
  t=   9.50  cb_failure         L32-CB1 {'rot': 0.02493}
  t=   9.50  cb_failure         L32-CB2 {'rot': 0.02678}
  t=   9.50  cb_failure         L33-CB0 {'rot': 0.02106}
  t=   9.50  cb_failure         L33-CB1 {'rot': 0.02482}
  t=   9.50  cb_failure         L33-CB2 {'rot': 0.02667}
  t=   9.63  cb_failure         L3-CB3 {'rot': 0.01815}
  t=   9.75  cb_failure         L3-CB2 {'rot': 0.01904}
  t=   9.88  cb_failure         L3-CB0 {'rot': 0.01871}
  progress t=  10.0s  max corner drift so far=0.0072  wall clock=130s
  t=  12.25  cb_failure         L2-CB2 {'rot': 0.01844}
  t=  17.63  cb_failure         L2-CB1 {'rot': 0.02011}
  t=  17.75  cb_failure         L1-CB1 {'rot': 0.01991}
  progress t=  20.0s  max corner drift so far=0.0181  wall clock=302s
  t=  20.37  cb_failure         L2-CB3 {'rot': 0.01929}
  t=  21.12  cb_failure         L1-CB3 {'rot': 0.0186}
  t=  27.37  cb_failure         L2-CB0 {'rot': 0.01946}
  progress t=  30.0s  max corner drift so far=0.0233  wall clock=466s
  t=  30.25  cb_failure         L1-CB0 {'rot': 0.01814}
  t=  31.00  punching           L29-col0 {'drift': np.float64(0.0223), 'vg_vc': 0.364, 'conn': 'column'}
  t=  31.00  punching           L30-col0 {'drift': np.float64(0.0223), 'vg_vc': 0.359, 'conn': 'column'}
  t=  31.00  punching           L31-col0 {'drift': np.float64(0.0223), 'vg_vc': 0.356, 'conn': 'column'}
  t=  31.12  punching           L29-col1 {'drift': np.float64(0.0213), 'vg_vc': 0.386, 'conn': 'column'}
  t=  31.12  punching           L30-col1 {'drift': np.float64(0.0213), 'vg_vc': 0.385, 'conn': 'column'}
  t=  31.12  punching           L31-col1 {'drift': np.float64(0.0213), 'vg_vc': 0.38, 'conn': 'column'}
  t=  31.12  punching           L32-col0 {'drift': np.float64(0.0221), 'vg_vc': 0.386, 'conn': 'column'}
  t=  31.12  punching           L32-col1 {'drift': np.float64(0.0212), 'vg_vc': 0.376, 'conn': 'column'}
  t=  31.37  punching           L33-col0 {'drift': np.float64(0.0219), 'vg_vc': 0.366, 'conn': 'column'}
  t=  39.75  punching           L29-col4 {'drift': np.float64(0.0209), 'vg_vc': 0.384, 'conn': 'column'}
  t=  39.75  punching           L30-col4 {'drift': np.float64(0.0209), 'vg_vc': 0.384, 'conn': 'column'}
  t=  39.75  punching           L31-col4 {'drift': np.float64(0.0209), 'vg_vc': 0.383, 'conn': 'column'}
  t=  39.87  punching           L32-col4 {'drift': np.float64(0.0207), 'vg_vc': 0.391, 'conn': 'column'}
  progress t=  40.0s  max corner drift so far=0.0233  wall clock=651s
  t=  43.12  cb_failure         L1-CB2 {'rot': 0.01898}
  t=  44.80  punching           L33-col14 {'drift': np.float64(0.0184), 'vg_vc': 0.433, 'conn': 'column'}
  t=  44.82  punching           L29-col21 {'drift': np.float64(0.0191), 'vg_vc': 0.419, 'conn': 'column'}
  t=  44.82  punching           L29-col22 {'drift': np.float64(0.0228), 'vg_vc': 0.354, 'conn': 'column'}
  t=  44.82  punching           L30-col22 {'drift': np.float64(0.0228), 'vg_vc': 0.352, 'conn': 'column'}
  t=  44.82  punching           L31-col22 {'drift': np.float64(0.0228), 'vg_vc': 0.349, 'conn': 'column'}
  t=  44.82  punching           L32-col22 {'drift': np.float64(0.0227), 'vg_vc': 0.347, 'conn': 'column'}
  t=  44.85  punching           L29-col14 {'drift': np.float64(0.0203), 'vg_vc': 0.409, 'conn': 'column'}
  t=  44.85  punching           L29-col23 {'drift': np.float64(0.0228), 'vg_vc': 0.363, 'conn': 'column'}
  t=  44.85  punching           L30-col14 {'drift': np.float64(0.0203), 'vg_vc': 0.408, 'conn': 'column'}
  t=  44.85  punching           L30-col21 {'drift': np.float64(0.0198), 'vg_vc': 0.417, 'conn': 'column'}
  t=  44.85  punching           L30-col23 {'drift': np.float64(0.0228), 'vg_vc': 0.36, 'conn': 'column'}
  t=  44.85  punching           L31-col14 {'drift': np.float64(0.0202), 'vg_vc': 0.406, 'conn': 'column'}
  t=  44.85  punching           L31-col21 {'drift': np.float64(0.0197), 'vg_vc': 0.416, 'conn': 'column'}
  t=  44.85  punching           L31-col23 {'drift': np.float64(0.0227), 'vg_vc': 0.354, 'conn': 'column'}
  t=  44.85  punching           L32-col14 {'drift': np.float64(0.0201), 'vg_vc': 0.403, 'conn': 'column'}
  t=  44.85  punching           L32-col21 {'drift': np.float64(0.0195), 'vg_vc': 0.415, 'conn': 'column'}
  t=  44.85  punching           L32-col23 {'drift': np.float64(0.0226), 'vg_vc': 0.349, 'conn': 'column'}
  t=  44.85  punching           L33-col19 {'drift': np.float64(0.0201), 'vg_vc': 0.399, 'conn': 'column'}
  t=  44.87  punching           L26-col23 {'drift': np.float64(0.0227), 'vg_vc': 0.365, 'conn': 'column'}
  t=  44.87  punching           L27-col23 {'drift': np.float64(0.0231), 'vg_vc': 0.376, 'conn': 'column'}
  t=  44.87  punching           L28-col23 {'drift': np.float64(0.0235), 'vg_vc': 0.383, 'conn': 'column'}
  t=  44.87  punching           L29-col17 {'drift': np.float64(0.0233), 'vg_vc': 0.391, 'conn': 'column'}
  t=  44.87  punching           L29-col24 {'drift': np.float64(0.0227), 'vg_vc': 0.359, 'conn': 'column'}
  t=  44.87  punching           L30-col11 {'drift': np.float64(0.0186), 'vg_vc': 0.438, 'conn': 'column'}
  t=  44.87  punching           L30-col17 {'drift': np.float64(0.0233), 'vg_vc': 0.374, 'conn': 'column'}
  t=  44.87  punching           L30-col24 {'drift': np.float64(0.0227), 'vg_vc': 0.362, 'conn': 'column'}
  t=  44.87  punching           L31-col17 {'drift': np.float64(0.0231), 'vg_vc': 0.414, 'conn': 'column'}
  t=  44.87  punching           L31-col24 {'drift': np.float64(0.0225), 'vg_vc': 0.365, 'conn': 'column'}
  t=  44.87  punching           L32-col11 {'drift': np.float64(0.0183), 'vg_vc': 0.441, 'conn': 'column'}
  t=  44.87  punching           L32-col17 {'drift': np.float64(0.0229), 'vg_vc': 0.371, 'conn': 'column'}
  t=  44.87  punching           L33-col11 {'drift': np.float64(0.0181), 'vg_vc': 0.449, 'conn': 'column'}
  t=  44.87  punching           L33-col21 {'drift': np.float64(0.0197), 'vg_vc': 0.454, 'conn': 'column'}
  t=  44.87  punching           L33-col23 {'drift': np.float64(0.0229), 'vg_vc': 0.421, 'conn': 'column'}
  t=  44.87  column_axial_failure S32-C14 {'eps': -0.11434}
  t=  44.87  column_axial_failure S33-C14 {'eps': -0.20779}
  t=  44.87  column_axial_failure S33-C19 {'eps': -0.35134}
