  t=   4.37  cb_yield           L6-CB0 {'rot': 0.00612}
  t=   4.37  cb_yield           L7-CB0 {'rot': 0.0062}
  t=   4.37  cb_yield           L8-CB0 {'rot': 0.00614}
  t=   7.88  cb_yield           L5-CB1 {'rot': 0.00625}
  t=   7.88  cb_yield           L6-CB1 {'rot': 0.00659}
  t=   7.88  cb_yield           L7-CB1 {'rot': 0.00677}
  t=   7.88  cb_yield           L8-CB1 {'rot': 0.00684}
  t=   7.88  cb_yield           L9-CB0 {'rot': 0.00642}
  t=   7.88  cb_yield           L9-CB1 {'rot': 0.00681}
  t=   7.88  cb_yield           L10-CB0 {'rot': 0.00628}
  t=   7.88  cb_yield           L10-CB1 {'rot': 0.00671}
  t=   7.88  cb_yield           L11-CB1 {'rot': 0.00655}
  t=   7.88  cb_yield           L12-CB1 {'rot': 0.00635}
  t=   7.88  cb_yield           L13-CB1 {'rot': 0.00612}
  t=   8.00  cb_yield           L4-CB0 {'rot': 0.00638}
  t=   8.00  cb_yield           L4-CB1 {'rot': 0.00658}
  t=   8.00  cb_yield           L5-CB0 {'rot': 0.00702}
  t=   8.00  cb_yield           L11-CB0 {'rot': 0.00753}
  t=   8.00  cb_yield           L12-CB0 {'rot': 0.00722}
  t=   8.00  cb_yield           L13-CB0 {'rot': 0.00685}
  t=   8.00  cb_yield           L14-CB0 {'rot': 0.00642}
  t=   8.00  cb_yield           L14-CB1 {'rot': 0.00697}
  t=   8.00  cb_yield           L15-CB1 {'rot': 0.00655}
  t=   8.00  cb_yield           L16-CB1 {'rot': 0.00612}
  t=   8.13  cb_yield           L3-CB1 {'rot': 0.00634}
  t=   8.13  cb_yield           L4-CB3 {'rot': 0.00615}
  t=   8.13  cb_yield           L5-CB2 {'rot': 0.00626}
  t=   8.13  cb_yield           L5-CB3 {'rot': 0.00668}
  t=   8.13  cb_yield           L6-CB2 {'rot': 0.00652}
  t=   8.13  cb_yield           L6-CB3 {'rot': 0.007}
  t=   8.13  cb_yield           L7-CB2 {'rot': 0.00661}
  t=   8.13  cb_yield           L7-CB3 {'rot': 0.00714}
  t=   8.13  cb_yield           L8-CB2 {'rot': 0.00655}
  t=   8.13  cb_yield           L8-CB3 {'rot': 0.00712}
  t=   8.13  cb_yield           L9-CB2 {'rot': 0.00635}
  t=   8.13  cb_yield           L9-CB3 {'rot': 0.00696}
  t=   8.13  cb_yield           L10-CB3 {'rot': 0.0067}
  t=   8.13  cb_yield           L11-CB3 {'rot': 0.00634}
  t=   8.13  cb_yield           L15-CB0 {'rot': 0.00671}
  t=   8.13  cb_yield           L16-CB0 {'rot': 0.00623}
  t=   8.25  cb_yield           L3-CB0 {'rot': 0.00657}
  t=   8.25  cb_yield           L3-CB3 {'rot': 0.00625}
  t=   8.25  cb_yield           L4-CB2 {'rot': 0.00672}
  t=   8.25  cb_yield           L10-CB2 {'rot': 0.00661}
  t=   8.25  cb_yield           L11-CB2 {'rot': 0.00613}
  t=   8.25  cb_yield           L12-CB3 {'rot': 0.0064}
  t=   8.25  cb_yield           L17-CB1 {'rot': 0.00666}
  t=   8.38  cb_yield           L3-CB2 {'rot': 0.00633}
  t=   8.50  cb_yield           L13-CB3 {'rot': 0.00642}
  t=   8.63  cb_yield           L12-CB2 {'rot': 0.00638}
  t=   8.63  cb_yield           L14-CB3 {'rot': 0.00665}
  t=   8.63  cb_yield           L15-CB3 {'rot': 0.00632}
  t=   8.63  cb_yield           L18-CB1 {'rot': 0.00667}
  t=   8.75  cb_yield           L13-CB2 {'rot': 0.00657}
  t=   8.75  cb_yield           L14-CB2 {'rot': 0.00656}
  t=   8.75  cb_yield           L15-CB2 {'rot': 0.00652}
  t=   8.75  cb_yield           L16-CB2 {'rot': 0.00646}
  t=   8.75  cb_yield           L16-CB3 {'rot': 0.00743}
  t=   8.75  cb_yield           L17-CB0 {'rot': 0.00679}
  t=   8.75  cb_yield           L17-CB3 {'rot': 0.00734}
  t=   8.75  cb_yield           L18-CB3 {'rot': 0.0072}
  t=   8.75  cb_yield           L19-CB1 {'rot': 0.00716}
  t=   8.75  cb_yield           L19-CB3 {'rot': 0.00701}
  t=   8.75  cb_yield           L20-CB1 {'rot': 0.00686}
  t=   8.75  cb_yield           L20-CB3 {'rot': 0.00678}
  t=   8.88  cb_yield           L17-CB2 {'rot': 0.0078}
  t=   8.88  cb_yield           L18-CB0 {'rot': 0.00681}
  t=   8.88  cb_yield           L18-CB2 {'rot': 0.00778}
  t=   8.88  cb_yield           L19-CB2 {'rot': 0.00767}
  t=   8.88  cb_yield           L20-CB2 {'rot': 0.00748}
  t=   8.88  cb_yield           L21-CB1 {'rot': 0.00675}
  t=   8.88  cb_yield           L21-CB2 {'rot': 0.00721}
  t=   8.88  cb_yield           L21-CB3 {'rot': 0.00836}
  t=   8.88  cb_yield           L22-CB2 {'rot': 0.00689}
  t=   8.88  cb_yield           L22-CB3 {'rot': 0.00805}
  t=   8.88  cb_yield           L23-CB3 {'rot': 0.0077}
  t=   8.88  cb_yield           L24-CB3 {'rot': 0.0073}
  t=   8.88  cb_yield           L25-CB3 {'rot': 0.00687}
  t=   9.00  cb_yield           L23-CB2 {'rot': 0.0081}
  t=   9.00  cb_yield           L24-CB2 {'rot': 0.00774}
  t=   9.00  cb_yield           L25-CB2 {'rot': 0.00732}
  t=   9.00  cb_yield           L26-CB2 {'rot': 0.00686}
  t=   9.00  cb_yield           L26-CB3 {'rot': 0.00812}
  t=   9.00  cb_yield           L27-CB3 {'rot': 0.00766}
  t=   9.00  cb_yield           L28-CB3 {'rot': 0.00719}
  t=   9.00  cb_yield           L29-CB3 {'rot': 0.00672}
  t=   9.13  cb_yield           L27-CB2 {'rot': 0.0077}
  t=   9.13  cb_yield           L28-CB2 {'rot': 0.0071}
  t=   9.13  cb_yield           L30-CB3 {'rot': 0.00709}
  t=   9.25  cb_yield           L29-CB2 {'rot': 0.00704}
  t=   9.25  cb_yield           L31-CB3 {'rot': 0.00737}
  t=   9.25  cb_yield           L32-CB3 {'rot': 0.00702}
  t=   9.25  cb_yield           L33-CB3 {'rot': 0.00683}
  progress t=  10.0s  max corner drift so far=0.0031  wall clock=142s
  t=  10.50  cb_yield           L2-CB0 {'rot': 0.00678}
  t=  10.50  cb_yield           L2-CB1 {'rot': 0.00636}
  t=  10.50  cb_yield           L2-CB2 {'rot': 0.00677}
  t=  10.50  cb_yield           L2-CB3 {'rot': 0.00655}
  t=  10.50  cb_yield           L23-CB1 {'rot': 0.00667}
  t=  10.50  cb_yield           L24-CB1 {'rot': 0.00682}
  t=  10.50  cb_yield           L25-CB1 {'rot': 0.00686}
  t=  10.50  cb_yield           L26-CB1 {'rot': 0.0068}
  t=  10.50  cb_yield           L27-CB1 {'rot': 0.00664}
  t=  10.63  cb_yield           L1-CB2 {'rot': 0.00629}
  t=  10.63  cb_yield           L1-CB3 {'rot': 0.00615}
  t=  10.63  cb_yield           L22-CB1 {'rot': 0.00671}
  t=  10.63  cb_yield           L28-CB1 {'rot': 0.00694}
  t=  10.75  cb_yield           L1-CB0 {'rot': 0.0065}
  t=  10.75  cb_yield           L1-CB1 {'rot': 0.0063}
  t=  11.13  cb_yield           L19-CB0 {'rot': 0.00681}
  t=  11.25  cb_yield           L20-CB0 {'rot': 0.01163}
  t=  11.25  cb_yield           L21-CB0 {'rot': 0.01116}
  t=  11.25  cb_yield           L22-CB0 {'rot': 0.01064}
  t=  11.25  cb_yield           L23-CB0 {'rot': 0.01009}
  t=  11.25  cb_yield           L24-CB0 {'rot': 0.00953}
  t=  11.25  cb_yield           L25-CB0 {'rot': 0.00895}
  t=  11.25  cb_yield           L26-CB0 {'rot': 0.00839}
  t=  11.25  cb_yield           L27-CB0 {'rot': 0.00784}
  t=  11.25  cb_yield           L28-CB0 {'rot': 0.00732}
  t=  11.25  cb_yield           L29-CB0 {'rot': 0.00678}
  t=  11.25  cb_yield           L29-CB1 {'rot': 0.00677}
  t=  11.38  cb_yield           L30-CB0 {'rot': 0.00703}
  t=  11.38  cb_yield           L30-CB1 {'rot': 0.00715}
  t=  11.63  cb_yield           L31-CB1 {'rot': 0.00673}
  t=  13.63  cb_yield           L30-CB2 {'rot': 0.00775}
  t=  13.63  cb_yield           L31-CB2 {'rot': 0.00693}
  t=  13.75  cb_yield           L32-CB2 {'rot': 0.00732}
  t=  13.75  cb_yield           L33-CB2 {'rot': 0.0071}
  t=  16.00  cb_yield           L32-CB1 {'rot': 0.00763}
  t=  16.00  cb_yield           L33-CB1 {'rot': 0.00756}
  t=  16.13  cb_yield           L31-CB0 {'rot': 0.00722}
  t=  16.13  cb_yield           L32-CB0 {'rot': 0.007}
  t=  16.13  cb_yield           L33-CB0 {'rot': 0.00692}
  progress t=  20.0s  max corner drift so far=0.0093  wall clock=298s
  progress t=  30.0s  max corner drift so far=0.0093  wall clock=449s
  progress t=  40.0s  max corner drift so far=0.0119  wall clock=608s
  t=  43.00  cb_failure         L10-CB3 {'rot': 0.03012}
  t=  43.00  cb_failure         L11-CB3 {'rot': 0.03068}
  t=  43.00  cb_failure         L12-CB3 {'rot': 0.03085}
  t=  43.00  cb_failure         L13-CB3 {'rot': 0.03063}
  t=  43.00  cb_failure         L14-CB3 {'rot': 0.03012}
  t=  46.37  cb_failure         L7-CB2 {'rot': 0.03175}
  t=  46.37  cb_failure         L8-CB2 {'rot': 0.03367}
  t=  46.37  cb_failure         L9-CB0 {'rot': 0.03061}
  t=  46.37  cb_failure         L9-CB2 {'rot': 0.03423}
  t=  46.37  cb_failure         L10-CB0 {'rot': 0.0311}
  t=  46.37  cb_failure         L10-CB2 {'rot': 0.03409}
  t=  46.37  cb_failure         L11-CB0 {'rot': 0.03096}
  t=  46.37  cb_failure         L11-CB2 {'rot': 0.03327}
  t=  46.37  cb_failure         L12-CB0 {'rot': 0.03028}
  t=  46.37  cb_failure         L12-CB2 {'rot': 0.03183}
  t=  46.50  cb_failure         L13-CB2 {'rot': 0.03152}
  t=  48.75  cb_failure         L5-CB1 {'rot': 0.03105}
  t=  48.75  cb_failure         L6-CB1 {'rot': 0.03316}
  t=  48.75  cb_failure         L7-CB0 {'rot': 0.03144}
  t=  48.75  cb_failure         L7-CB1 {'rot': 0.03444}
  t=  48.75  cb_failure         L8-CB0 {'rot': 0.03198}
  t=  48.75  cb_failure         L8-CB1 {'rot': 0.03501}
  t=  48.75  cb_failure         L9-CB1 {'rot': 0.0349}
  t=  48.75  cb_failure         L10-CB1 {'rot': 0.03423}
  t=  48.75  cb_failure         L11-CB1 {'rot': 0.03319}
  t=  48.75  cb_failure         L12-CB1 {'rot': 0.03184}
  t=  48.75  cb_failure         L13-CB1 {'rot': 0.0302}
  t=  48.87  cb_failure         L4-CB1 {'rot': 0.03205}
  t=  48.87  cb_failure         L5-CB0 {'rot': 0.03237}
  t=  48.87  cb_failure         L6-CB0 {'rot': 0.03517}
  t=  48.87  cb_failure         L14-CB1 {'rot': 0.0304}
  t=  49.00  cb_failure         L4-CB0 {'rot': 0.03155}
  t=  49.00  cb_failure         L13-CB0 {'rot': 0.03281}
  t=  49.00  cb_failure         L15-CB1 {'rot': 0.03043}
  t=  49.12  cb_failure         L14-CB0 {'rot': 0.03248}
  t=  49.25  cb_failure         L15-CB0 {'rot': 0.03235}
  t=  49.25  cb_failure         L16-CB1 {'rot': 0.03303}
  t=  49.37  cb_failure         L16-CB0 {'rot': 0.03394}
  t=  49.37  cb_failure         L17-CB0 {'rot': 0.03093}
  t=  49.37  cb_failure         L17-CB1 {'rot': 0.03418}
  t=  49.37  cb_failure         L18-CB1 {'rot': 0.03115}
  t=  49.50  cb_failure         L15-CB3 {'rot': 0.03041}
  t=  49.50  cb_failure         L18-CB0 {'rot': 0.03189}
  t=  49.50  cb_failure         L19-CB1 {'rot': 0.03274}
  t=  49.62  cb_failure         L16-CB3 {'rot': 0.03167}
  t=  49.62  cb_failure         L17-CB3 {'rot': 0.0313}
  t=  49.62  cb_failure         L18-CB3 {'rot': 0.03062}
  t=  49.62  cb_failure         L19-CB0 {'rot': 0.03147}
  t=  49.62  cb_failure         L20-CB1 {'rot': 0.03393}
  t=  49.62  cb_failure         L21-CB1 {'rot': 0.03172}
  t=  49.75  cb_failure         L19-CB3 {'rot': 0.03313}
  t=  49.75  cb_failure         L20-CB0 {'rot': 0.03195}
  t=  49.75  cb_failure         L20-CB3 {'rot': 0.03273}
  t=  49.75  cb_failure         L21-CB0 {'rot': 0.03073}
  t=  49.75  cb_failure         L21-CB3 {'rot': 0.03189}
  t=  49.75  cb_failure         L22-CB1 {'rot': 0.03417}
  t=  49.75  cb_failure         L22-CB3 {'rot': 0.03062}
  t=  49.75  cb_failure         L23-CB1 {'rot': 0.03219}
  t=  49.87  cb_failure         L22-CB0 {'rot': 0.03248}
  t=  49.87  cb_failure         L23-CB0 {'rot': 0.03156}
  t=  49.87  cb_failure         L23-CB3 {'rot': 0.03548}
  t=  49.87  cb_failure         L24-CB1 {'rot': 0.03666}
  t=  49.87  cb_failure         L24-CB3 {'rot': 0.03441}
  t=  49.87  cb_failure         L25-CB1 {'rot': 0.03501}
  t=  49.87  cb_failure         L25-CB3 {'rot': 0.03293}
  t=  49.87  cb_failure         L26-CB1 {'rot': 0.03296}
  t=  49.87  cb_failure         L26-CB3 {'rot': 0.0311}
  t=  49.87  cb_failure         L27-CB1 {'rot': 0.03068}
  t=  50.00  cb_failure         L18-CB2 {'rot': 0.03071}
  t=  50.00  cb_failure         L19-CB2 {'rot': 0.03163}
  t=  50.00  cb_failure         L20-CB2 {'rot': 0.0323}
  t=  50.00  cb_failure         L21-CB2 {'rot': 0.03267}
  t=  50.00  cb_failure         L22-CB2 {'rot': 0.03272}
  t=  50.00  cb_failure         L23-CB2 {'rot': 0.03248}
  t=  50.00  cb_failure         L24-CB0 {'rot': 0.0341}
  t=  50.00  cb_failure         L24-CB2 {'rot': 0.03184}
  t=  50.00  cb_failure         L25-CB0 {'rot': 0.033}
  t=  50.00  cb_failure         L25-CB2 {'rot': 0.0307}
  t=  50.00  cb_failure         L26-CB0 {'rot': 0.03136}
  t=  50.00  cb_failure         L27-CB3 {'rot': 0.03493}
  t=  50.00  cb_failure         L28-CB1 {'rot': 0.03483}
  t=  50.00  cb_failure         L28-CB3 {'rot': 0.03252}
  t=  50.00  cb_failure         L29-CB1 {'rot': 0.03191}
  progress t=  50.0s  max corner drift so far=0.0119  wall clock=765s
  t=  50.12  cb_failure         L26-CB2 {'rot': 0.03061}
  t=  50.12  cb_failure         L27-CB0 {'rot': 0.03191}
  t=  50.12  cb_failure         L29-CB3 {'rot': 0.03505}
  t=  50.12  cb_failure         L30-CB1 {'rot': 0.0363}
  t=  50.12  cb_failure         L30-CB3 {'rot': 0.03312}
  t=  50.12  cb_failure         L31-CB1 {'rot': 0.03484}
  t=  50.12  cb_failure         L31-CB3 {'rot': 0.03164}
  t=  50.12  cb_failure         L32-CB1 {'rot': 0.03379}
  t=  50.12  cb_failure         L32-CB3 {'rot': 0.03065}
  t=  50.12  cb_failure         L33-CB1 {'rot': 0.03221}
  t=  50.25  cb_failure         L15-CB2 {'rot': 0.03124}
  t=  50.25  cb_failure         L16-CB2 {'rot': 0.03227}
  t=  50.25  cb_failure         L17-CB2 {'rot': 0.03324}
  t=  50.25  cb_failure         L27-CB2 {'rot': 0.03191}
  t=  50.25  cb_failure         L28-CB0 {'rot': 0.03329}
  t=  50.25  cb_failure         L28-CB2 {'rot': 0.03115}
  t=  50.25  cb_failure         L29-CB0 {'rot': 0.03244}
  t=  50.25  cb_failure         L30-CB0 {'rot': 0.03138}
  t=  50.25  cb_failure         L33-CB3 {'rot': 0.03356}
  t=  50.37  cb_failure         L14-CB2 {'rot': 0.03053}
  t=  50.37  cb_failure         L29-CB2 {'rot': 0.03108}
  t=  51.25  cb_failure         L7-CB3 {'rot': 0.03042}
  t=  51.25  cb_failure         L8-CB3 {'rot': 0.031}
  t=  51.25  cb_failure         L9-CB3 {'rot': 0.03111}
  t=  51.37  cb_failure         L6-CB3 {'rot': 0.03069}
  t=  53.00  cb_failure         L30-CB2 {'rot': 0.03093}
  t=  53.12  cb_failure         L31-CB2 {'rot': 0.03293}
  t=  53.12  cb_failure         L32-CB2 {'rot': 0.03278}
  t=  53.12  cb_failure         L33-CB2 {'rot': 0.0327}
  t=  59.87  cb_failure         L31-CB0 {'rot': 0.03207}
  t=  59.87  cb_failure         L32-CB0 {'rot': 0.03124}
  t=  59.87  cb_failure         L33-CB0 {'rot': 0.0309}
  progress t=  60.0s  max corner drift so far=0.0119  wall clock=926s
  t=  60.75  cb_failure         L6-CB2 {'rot': 0.03092}
  t=  60.87  cb_failure         L5-CB3 {'rot': 0.03477}
  t=  61.00  cb_failure         L4-CB3 {'rot': 0.03461}
  t=  61.00  cb_failure         L5-CB2 {'rot': 0.03428}
  t=  61.12  cb_failure         L3-CB3 {'rot': 0.03196}
  t=  61.12  cb_failure         L4-CB2 {'rot': 0.03391}
  t=  61.25  cb_failure         L3-CB2 {'rot': 0.03036}
  progress t=  70.0s  max corner drift so far=0.0145  wall clock=1081s
  progress t=  80.0s  max corner drift so far=0.0145  wall clock=1229s
  progress t=  90.0s  max corner drift so far=0.0145  wall clock=1378s
  progress t= 100.0s  max corner drift so far=0.0145  wall clock=1511s
