  t=   2.00  cb_yield           L4-CB1 {'rot': 0.00619}
  t=   2.00  cb_yield           L4-CB3 {'rot': 0.0063}
  t=   2.00  cb_yield           L5-CB0 {'rot': 0.00644}
  t=   2.00  cb_yield           L5-CB1 {'rot': 0.00669}
  t=   2.00  cb_yield           L5-CB2 {'rot': 0.00656}
  t=   2.00  cb_yield           L5-CB3 {'rot': 0.00682}
  t=   2.00  cb_yield           L6-CB0 {'rot': 0.00667}
  t=   2.00  cb_yield           L6-CB1 {'rot': 0.00695}
  t=   2.00  cb_yield           L6-CB2 {'rot': 0.00682}
  t=   2.00  cb_yield           L6-CB3 {'rot': 0.0071}
  t=   2.00  cb_yield           L7-CB0 {'rot': 0.00671}
  t=   2.00  cb_yield           L7-CB1 {'rot': 0.00702}
  t=   2.00  cb_yield           L7-CB2 {'rot': 0.00687}
  t=   2.00  cb_yield           L7-CB3 {'rot': 0.00718}
  t=   2.00  cb_yield           L8-CB0 {'rot': 0.0066}
  t=   2.00  cb_yield           L8-CB1 {'rot': 0.00692}
  t=   2.00  cb_yield           L8-CB2 {'rot': 0.00676}
  t=   2.00  cb_yield           L8-CB3 {'rot': 0.00709}
  t=   2.00  cb_yield           L9-CB0 {'rot': 0.00634}
  t=   2.00  cb_yield           L9-CB1 {'rot': 0.00669}
  t=   2.00  cb_yield           L9-CB2 {'rot': 0.00651}
  t=   2.00  cb_yield           L9-CB3 {'rot': 0.00687}
  t=   2.00  cb_yield           L10-CB1 {'rot': 0.00636}
  t=   2.00  cb_yield           L10-CB2 {'rot': 0.00616}
  t=   2.00  cb_yield           L10-CB3 {'rot': 0.00655}
  t=   2.00  cb_yield           L11-CB3 {'rot': 0.00616}
  t=   2.12  cb_yield           L4-CB0 {'rot': 0.00612}
  t=   2.12  cb_yield           L4-CB2 {'rot': 0.00618}
  t=   2.12  cb_yield           L10-CB0 {'rot': 0.00726}
  t=   2.12  cb_yield           L11-CB0 {'rot': 0.00694}
  t=   2.12  cb_yield           L11-CB1 {'rot': 0.00741}
  t=   2.12  cb_yield           L11-CB2 {'rot': 0.00711}
  t=   2.12  cb_yield           L12-CB0 {'rot': 0.00653}
  t=   2.12  cb_yield           L12-CB1 {'rot': 0.00703}
  t=   2.12  cb_yield           L12-CB2 {'rot': 0.00672}
  t=   2.12  cb_yield           L12-CB3 {'rot': 0.00724}
  t=   2.12  cb_yield           L13-CB1 {'rot': 0.00659}
  t=   2.12  cb_yield           L13-CB2 {'rot': 0.00626}
  t=   2.12  cb_yield           L13-CB3 {'rot': 0.0068}
  t=   2.12  cb_yield           L14-CB1 {'rot': 0.00612}
  t=   2.12  cb_yield           L14-CB3 {'rot': 0.00634}
  t=   2.25  cb_yield           L13-CB0 {'rot': 0.00726}
  t=   2.25  cb_yield           L14-CB0 {'rot': 0.00683}
  t=   2.25  cb_yield           L14-CB2 {'rot': 0.00706}
  t=   2.25  cb_yield           L15-CB0 {'rot': 0.00635}
  t=   2.25  cb_yield           L15-CB1 {'rot': 0.00699}
  t=   2.25  cb_yield           L15-CB2 {'rot': 0.00659}
  t=   2.25  cb_yield           L15-CB3 {'rot': 0.00726}
  t=   2.25  cb_yield           L16-CB1 {'rot': 0.00651}
  t=   2.25  cb_yield           L16-CB3 {'rot': 0.00677}
  t=   2.37  cb_yield           L16-CB0 {'rot': 0.00665}
  t=   2.37  cb_yield           L16-CB2 {'rot': 0.00692}
  t=   2.37  cb_yield           L17-CB1 {'rot': 0.00692}
  t=   2.37  cb_yield           L17-CB3 {'rot': 0.00722}
  t=   2.37  cb_yield           L18-CB3 {'rot': 0.00678}
  t=   2.50  cb_yield           L17-CB0 {'rot': 0.00708}
  t=   2.50  cb_yield           L17-CB2 {'rot': 0.00739}
  t=   2.50  cb_yield           L18-CB0 {'rot': 0.00695}
  t=   2.50  cb_yield           L18-CB1 {'rot': 0.0079}
  t=   2.50  cb_yield           L18-CB2 {'rot': 0.00729}
  t=   2.50  cb_yield           L19-CB0 {'rot': 0.00676}
  t=   2.50  cb_yield           L19-CB1 {'rot': 0.00774}
  t=   2.50  cb_yield           L19-CB2 {'rot': 0.00714}
  t=   2.50  cb_yield           L19-CB3 {'rot': 0.00813}
  t=   2.50  cb_yield           L20-CB1 {'rot': 0.00753}
  t=   2.50  cb_yield           L20-CB2 {'rot': 0.00695}
  t=   2.50  cb_yield           L20-CB3 {'rot': 0.00796}
  t=   2.50  cb_yield           L21-CB1 {'rot': 0.00728}
  t=   2.50  cb_yield           L21-CB2 {'rot': 0.00672}
  t=   2.50  cb_yield           L21-CB3 {'rot': 0.00774}
  t=   2.50  cb_yield           L22-CB1 {'rot': 0.00698}
  t=   2.50  cb_yield           L22-CB3 {'rot': 0.00748}
  t=   2.50  cb_yield           L23-CB1 {'rot': 0.00666}
  t=   2.50  cb_yield           L23-CB3 {'rot': 0.00717}
  t=   2.50  cb_yield           L24-CB3 {'rot': 0.00684}
  t=   2.62  cb_yield           L20-CB0 {'rot': 0.00847}
  t=   2.62  cb_yield           L21-CB0 {'rot': 0.00838}
  t=   2.62  cb_yield           L22-CB0 {'rot': 0.00814}
  t=   2.62  cb_yield           L22-CB2 {'rot': 0.00864}
  t=   2.62  cb_yield           L23-CB0 {'rot': 0.00777}
  t=   2.62  cb_yield           L23-CB2 {'rot': 0.0083}
  t=   2.62  cb_yield           L24-CB0 {'rot': 0.00729}
  t=   2.62  cb_yield           L24-CB1 {'rot': 0.00867}
  t=   2.62  cb_yield           L24-CB2 {'rot': 0.00784}
  t=   2.62  cb_yield           L25-CB0 {'rot': 0.00673}
  t=   2.62  cb_yield           L25-CB1 {'rot': 0.0081}
  t=   2.62  cb_yield           L25-CB2 {'rot': 0.0073}
  t=   2.62  cb_yield           L25-CB3 {'rot': 0.00867}
  t=   2.62  cb_yield           L26-CB1 {'rot': 0.00747}
  t=   2.62  cb_yield           L26-CB2 {'rot': 0.00669}
  t=   2.62  cb_yield           L26-CB3 {'rot': 0.00805}
  t=   2.62  cb_yield           L27-CB1 {'rot': 0.0068}
  t=   2.62  cb_yield           L27-CB3 {'rot': 0.00739}
  t=   2.62  cb_yield           L28-CB3 {'rot': 0.00672}
  t=   2.75  cb_yield           L26-CB0 {'rot': 0.00743}
  t=   2.75  cb_yield           L27-CB2 {'rot': 0.00701}
  t=   2.75  cb_yield           L28-CB1 {'rot': 0.00696}
  t=   2.87  cb_yield           L27-CB0 {'rot': 0.00668}
  t=   3.75  cb_yield           L28-CB0 {'rot': 0.00741}
  t=   3.75  cb_yield           L28-CB2 {'rot': 0.00735}
  t=   4.37  cb_yield           L2-CB0 {'rot': 0.00716}
  t=   4.37  cb_yield           L2-CB1 {'rot': 0.00684}
  t=   4.37  cb_yield           L2-CB2 {'rot': 0.00637}
  t=   4.37  cb_yield           L3-CB0 {'rot': 0.00893}
  t=   4.37  cb_yield           L3-CB1 {'rot': 0.00853}
  t=   4.37  cb_yield           L3-CB2 {'rot': 0.00782}
  t=   4.37  cb_yield           L3-CB3 {'rot': 0.00745}
  t=   4.50  cb_yield           L2-CB3 {'rot': 0.00751}
  t=   4.50  cb_yield           L29-CB3 {'rot': 0.00728}
  t=   4.50  cb_yield           L30-CB3 {'rot': 0.00701}
  t=   4.50  cb_yield           L31-CB3 {'rot': 0.00669}
  t=   4.62  cb_yield           L1-CB0 {'rot': 0.00639}
  t=   4.62  cb_yield           L1-CB1 {'rot': 0.00617}
  t=   7.25  cb_yield           L29-CB2 {'rot': 0.00718}
  t=   7.25  cb_yield           L30-CB2 {'rot': 0.00674}
  t=   8.13  cb_yield           L29-CB1 {'rot': 0.00717}
  t=   8.25  cb_yield           L30-CB1 {'rot': 0.00687}
  t=   8.38  cb_yield           L1-CB3 {'rot': 0.00641}
  t=   8.38  cb_yield           L31-CB1 {'rot': 0.00712}
  t=   8.38  cb_yield           L32-CB1 {'rot': 0.00684}
  t=   8.38  cb_yield           L33-CB1 {'rot': 0.00669}
  t=   8.50  cb_yield           L1-CB2 {'rot': 0.0063}
  t=   8.50  cb_failure         L8-CB1 {'rot': 0.03139}
  t=   8.50  cb_failure         L9-CB0 {'rot': 0.03035}
  t=   8.50  cb_failure         L9-CB1 {'rot': 0.03267}
  t=   8.50  cb_failure         L10-CB0 {'rot': 0.03108}
  t=   8.50  cb_failure         L10-CB1 {'rot': 0.03346}
  t=   8.50  cb_failure         L11-CB0 {'rot': 0.03142}
  t=   8.50  cb_failure         L11-CB1 {'rot': 0.03385}
  t=   8.50  cb_failure         L12-CB0 {'rot': 0.03143}
  t=   8.50  cb_failure         L12-CB1 {'rot': 0.03391}
  t=   8.50  cb_failure         L13-CB0 {'rot': 0.03109}
  t=   8.50  cb_failure         L13-CB1 {'rot': 0.03365}
  t=   8.50  cb_failure         L14-CB0 {'rot': 0.03044}
  t=   8.50  cb_failure         L14-CB1 {'rot': 0.03309}
  t=   8.50  cb_failure         L15-CB1 {'rot': 0.03226}
  t=   8.50  cb_failure         L16-CB1 {'rot': 0.03115}
  t=   8.63  cb_failure         L6-CB1 {'rot': 0.03072}
  t=   8.63  cb_failure         L7-CB0 {'rot': 0.03168}
  t=   8.63  cb_failure         L7-CB1 {'rot': 0.03371}
  t=   8.63  cb_failure         L8-CB0 {'rot': 0.03367}
  t=   8.63  cb_failure         L8-CB3 {'rot': 0.03191}
  t=   8.63  cb_failure         L9-CB2 {'rot': 0.03074}
  t=   8.63  cb_failure         L9-CB3 {'rot': 0.03321}
  t=   8.63  cb_failure         L10-CB2 {'rot': 0.0313}
  t=   8.63  cb_failure         L10-CB3 {'rot': 0.03393}
  t=   8.63  cb_failure         L11-CB2 {'rot': 0.03137}
  t=   8.63  cb_failure         L11-CB3 {'rot': 0.03416}
  t=   8.63  cb_failure         L12-CB2 {'rot': 0.03104}
  t=   8.63  cb_failure         L12-CB3 {'rot': 0.03398}
  t=   8.63  cb_failure         L13-CB2 {'rot': 0.03028}
  t=   8.63  cb_failure         L13-CB3 {'rot': 0.03335}
  t=   8.63  cb_failure         L14-CB3 {'rot': 0.03227}
  t=   8.63  cb_failure         L15-CB0 {'rot': 0.03251}
  t=   8.63  cb_failure         L15-CB3 {'rot': 0.03077}
  t=   8.63  cb_failure         L16-CB0 {'rot': 0.0306}
  t=   8.63  cb_failure         L17-CB1 {'rot': 0.03068}
  t=   8.75  cb_failure         L6-CB0 {'rot': 0.03082}
  t=   8.75  cb_failure         L7-CB3 {'rot': 0.03215}
  t=   8.75  cb_failure         L8-CB2 {'rot': 0.03205}
  t=   8.75  cb_failure         L14-CB2 {'rot': 0.03271}
  t=   8.75  cb_failure         L15-CB2 {'rot': 0.03121}
  t=   8.75  cb_failure         L16-CB3 {'rot': 0.03242}
  t=   8.88  cb_failure         L16-CB2 {'rot': 0.03306}
  t=   8.88  cb_failure         L17-CB0 {'rot': 0.03298}
  t=   8.88  cb_failure         L17-CB3 {'rot': 0.03357}
  t=   8.88  cb_failure         L18-CB1 {'rot': 0.0325}
  t=   8.88  cb_failure         L18-CB3 {'rot': 0.03063}
  t=   9.00  cb_failure         L17-CB2 {'rot': 0.03481}
  t=   9.00  cb_failure         L18-CB0 {'rot': 0.03313}
  t=   9.00  cb_failure         L18-CB2 {'rot': 0.03242}
  t=   9.00  cb_failure         L19-CB1 {'rot': 0.03246}
  t=   9.00  cb_failure         L19-CB3 {'rot': 0.03244}
  t=   9.13  cb_failure         L19-CB0 {'rot': 0.03178}
  t=   9.13  cb_failure         L19-CB2 {'rot': 0.03301}
  t=   9.13  cb_failure         L20-CB1 {'rot': 0.03121}
  t=   9.13  cb_failure         L20-CB3 {'rot': 0.03306}
  t=   9.25  cb_failure         L20-CB2 {'rot': 0.03099}
  t=   9.25  cb_failure         L21-CB3 {'rot': 0.03118}
  t=   9.25  cb_yield           L32-CB3 {'rot': 0.00757}
  t=   9.25  cb_yield           L33-CB3 {'rot': 0.00736}
  t=   9.38  cb_yield           L31-CB2 {'rot': 0.00711}
  t=   9.63  cb_yield           L29-CB0 {'rot': 0.00691}
  t=   9.75  cb_failure         L5-CB1 {'rot': 0.03079}
  t=   9.75  cb_failure         L5-CB3 {'rot': 0.03166}
  t=   9.75  cb_failure         L6-CB2 {'rot': 0.03138}
  t=   9.75  cb_failure         L6-CB3 {'rot': 0.03394}
  t=   9.75  cb_failure         L7-CB2 {'rot': 0.03273}
  t=   9.88  cb_failure         L4-CB3 {'rot': 0.03086}
  t=   9.88  cb_failure         L5-CB0 {'rot': 0.03108}
  t=   9.88  cb_failure         L5-CB2 {'rot': 0.03221}
  progress t=  10.0s  max corner drift so far=0.0085  wall clock=133s
  t=  10.38  cb_failure         L20-CB0 {'rot': 0.03356}
  t=  10.38  cb_failure         L21-CB1 {'rot': 0.03114}
  t=  10.38  cb_yield           L30-CB0 {'rot': 0.00748}
  t=  10.38  cb_yield           L31-CB0 {'rot': 0.00688}
  t=  10.50  cb_failure         L21-CB0 {'rot': 0.03289}
  t=  10.50  cb_failure         L22-CB1 {'rot': 0.03098}
  t=  10.50  cb_yield           L32-CB0 {'rot': 0.01016}
  t=  10.50  cb_yield           L33-CB0 {'rot': 0.01004}
  t=  10.75  cb_failure         L23-CB1 {'rot': 0.03176}
  t=  10.88  cb_failure         L22-CB3 {'rot': 0.03313}
  t=  10.88  cb_failure         L23-CB3 {'rot': 0.0323}
  t=  10.88  cb_failure         L24-CB1 {'rot': 0.03066}
  t=  10.88  cb_failure         L24-CB3 {'rot': 0.03099}
  t=  10.88  cb_yield           L32-CB2 {'rot': 0.00705}
  t=  11.00  cb_failure         L25-CB3 {'rot': 0.03449}
  t=  11.00  cb_failure         L26-CB3 {'rot': 0.03337}
  t=  11.00  cb_failure         L27-CB3 {'rot': 0.0318}
  t=  11.00  cb_yield           L33-CB2 {'rot': 0.0119}
  t=  11.13  cb_failure         L28-CB3 {'rot': 0.03191}
  t=  12.00  cb_failure         L22-CB0 {'rot': 0.03131}
  t=  12.00  cb_failure         L25-CB1 {'rot': 0.03219}
  t=  12.13  cb_failure         L23-CB0 {'rot': 0.03267}
  t=  12.13  cb_failure         L24-CB0 {'rot': 0.03132}
  t=  12.13  cb_failure         L26-CB1 {'rot': 0.03716}
  t=  12.13  cb_failure         L27-CB1 {'rot': 0.03443}
  t=  12.13  cb_failure         L28-CB1 {'rot': 0.03138}
  t=  12.25  cb_failure         L22-CB2 {'rot': 0.03163}
  t=  12.25  cb_failure         L23-CB2 {'rot': 0.03206}
  t=  12.25  cb_failure         L24-CB2 {'rot': 0.03155}
  t=  12.25  cb_failure         L25-CB0 {'rot': 0.03509}
  t=  12.25  cb_failure         L26-CB0 {'rot': 0.03292}
  t=  12.25  cb_failure         L29-CB1 {'rot': 0.03342}
  t=  12.38  cb_failure         L21-CB2 {'rot': 0.03245}
  t=  12.38  cb_failure         L25-CB2 {'rot': 0.03487}
  t=  12.38  cb_failure         L26-CB2 {'rot': 0.03309}
  t=  12.38  cb_failure         L27-CB2 {'rot': 0.03069}
  t=  12.38  cb_failure         L29-CB3 {'rot': 0.03588}
  t=  12.38  cb_failure         L30-CB1 {'rot': 0.03063}
  t=  12.38  cb_failure         L30-CB3 {'rot': 0.03198}
  t=  12.50  cb_failure         L31-CB3 {'rot': 0.03433}
  t=  12.50  cb_failure         L32-CB3 {'rot': 0.03235}
  t=  12.50  cb_failure         L33-CB3 {'rot': 0.03156}
  t=  13.63  cb_failure         L4-CB0 {'rot': 0.0302}
  t=  15.88  cb_failure         L28-CB2 {'rot': 0.03116}
  t=  16.00  cb_failure         L31-CB1 {'rot': 0.03511}
  t=  16.00  cb_failure         L32-CB1 {'rot': 0.03405}
  t=  16.00  cb_failure         L33-CB1 {'rot': 0.03263}
  t=  16.75  cb_failure         L27-CB0 {'rot': 0.033}
  t=  16.75  cb_failure         L28-CB0 {'rot': 0.03065}
  t=  16.88  cb_failure         L29-CB0 {'rot': 0.03736}
  t=  16.88  cb_failure         L30-CB0 {'rot': 0.03577}
  t=  16.88  cb_failure         L31-CB0 {'rot': 0.03434}
  t=  16.88  cb_failure         L32-CB0 {'rot': 0.03336}
  t=  16.88  cb_failure         L33-CB0 {'rot': 0.03297}
  t=  17.63  cb_failure         L4-CB1 {'rot': 0.03208}
  t=  17.75  cb_failure         L3-CB1 {'rot': 0.03374}
  t=  17.88  cb_failure         L2-CB1 {'rot': 0.03132}
  progress t=  20.0s  max corner drift so far=0.0195  wall clock=310s
  t=  20.50  cb_failure         L4-CB2 {'rot': 0.03171}
  t=  20.62  cb_failure         L3-CB3 {'rot': 0.03075}
  t=  21.25  cb_failure         L2-CB3 {'rot': 0.03292}
  t=  21.25  cb_failure         L3-CB2 {'rot': 0.03224}
  t=  21.37  cb_failure         L29-CB2 {'rot': 0.03784}
  t=  21.37  cb_failure         L30-CB2 {'rot': 0.03723}
  t=  21.37  cb_failure         L31-CB2 {'rot': 0.03654}
  t=  21.37  cb_failure         L32-CB2 {'rot': 0.03595}
  t=  21.37  cb_failure         L33-CB2 {'rot': 0.03571}
  t=  27.82  punching           L29-col3 {'drift': np.float64(0.0208), 'vg_vc': 0.384, 'conn': 'column'}
  t=  27.85  punching           L30-col3 {'drift': np.float64(0.0211), 'vg_vc': 0.384, 'conn': 'column'}
  t=  27.85  punching           L31-col3 {'drift': np.float64(0.021), 'vg_vc': 0.384, 'conn': 'column'}
  t=  27.85  punching           L32-col3 {'drift': np.float64(0.0208), 'vg_vc': 0.384, 'conn': 'column'}
  t=  27.87  punching           L33-col3 {'drift': np.float64(0.0211), 'vg_vc': 0.431, 'conn': 'column'}
  t=  27.97  punching           L30-col2 {'drift': np.float64(0.0194), 'vg_vc': 0.418, 'conn': 'column'}
  t=  27.97  punching           L31-col2 {'drift': np.float64(0.0193), 'vg_vc': 0.418, 'conn': 'column'}
  t=  27.97  punching           L32-col2 {'drift': np.float64(0.0192), 'vg_vc': 0.417, 'conn': 'column'}
  t=  28.00  punching           L29-col2 {'drift': np.float64(0.0197), 'vg_vc': 0.468, 'conn': 'column'}
  t=  28.12  punching           L29-col7 {'drift': np.float64(0.0182), 'vg_vc': 0.462, 'conn': 'column'}
  t=  28.12  punching           L30-col7 {'drift': np.float64(0.0182), 'vg_vc': 0.472, 'conn': 'column'}
  t=  28.12  punching           L31-col7 {'drift': np.float64(0.0182), 'vg_vc': 0.457, 'conn': 'column'}
  t=  28.12  punching           L32-col7 {'drift': np.float64(0.0181), 'vg_vc': 0.453, 'conn': 'column'}
  t=  28.25  punching           L29-col8 {'drift': np.float64(0.0215), 'vg_vc': 0.417, 'conn': 'column'}
  t=  28.25  punching           L30-col8 {'drift': np.float64(0.0215), 'vg_vc': 0.394, 'conn': 'column'}
  t=  28.25  punching           L31-col8 {'drift': np.float64(0.0215), 'vg_vc': 0.416, 'conn': 'column'}
  t=  28.25  punching           L32-col8 {'drift': np.float64(0.0214), 'vg_vc': 0.406, 'conn': 'column'}
  progress t=  30.0s  max corner drift so far=0.0253  wall clock=495s
  t=  30.25  cb_failure         L3-CB0 {'rot': 0.03337}
  progress t=  40.0s  max corner drift so far=0.0253  wall clock=713s
  t=  43.37  cb_failure         L2-CB0 {'rot': 0.03443}
  t=  43.37  cb_failure         L2-CB2 {'rot': 0.03576}
  t=  44.62  punching           L33-col9 {'drift': np.float64(0.0234), 'vg_vc': 0.335, 'conn': 'column'}
  t=  44.87  punching           L29-col21 {'drift': np.float64(0.0205), 'vg_vc': 0.397, 'conn': 'column'}
  t=  45.00  punching           L30-col21 {'drift': np.float64(0.0202), 'vg_vc': 0.424, 'conn': 'column'}
  t=  45.00  punching           L31-col21 {'drift': np.float64(0.0199), 'vg_vc': 0.424, 'conn': 'column'}
  t=  45.00  punching           L32-col21 {'drift': np.float64(0.0197), 'vg_vc': 0.422, 'conn': 'column'}
  t=  45.12  punching           L29-col22 {'drift': np.float64(0.0215), 'vg_vc': 0.377, 'conn': 'column'}
  t=  45.12  punching           L29-col23 {'drift': np.float64(0.0205), 'vg_vc': 0.41, 'conn': 'column'}
  t=  45.12  punching           L30-col23 {'drift': np.float64(0.0198), 'vg_vc': 0.41, 'conn': 'column'}
  t=  45.17  punching           L30-col22 {'drift': np.float64(0.0212), 'vg_vc': 0.377, 'conn': 'column'}
  t=  45.25  punching           L30-col17 {'drift': np.float64(0.0201), 'vg_vc': 0.407, 'conn': 'column'}
  t=  45.25  punching           L30-col18 {'drift': np.float64(0.0183), 'vg_vc': 0.435, 'conn': 'column'}
  t=  45.37  punching           L29-col24 {'drift': np.float64(0.0204), 'vg_vc': 0.408, 'conn': 'column'}
  t=  45.37  punching           L30-col14 {'drift': np.float64(0.0181), 'vg_vc': 0.468, 'conn': 'column'}
  t=  45.37  punching           L30-col15 {'drift': np.float64(0.016), 'vg_vc': 0.533, 'conn': 'column'}
  t=  45.37  punching           L30-col24 {'drift': np.float64(0.0198), 'vg_vc': 0.405, 'conn': 'column'}
  t=  45.37  punching           L31-col22 {'drift': np.float64(0.0211), 'vg_vc': 0.405, 'conn': 'column'}
  t=  45.37  punching           L31-col23 {'drift': np.float64(0.0195), 'vg_vc': 0.415, 'conn': 'column'}
  t=  45.37  punching           L32-col22 {'drift': np.float64(0.0207), 'vg_vc': 0.398, 'conn': 'column'}
  t= 45.375  solver fallback: Newton
  t=  45.50  punching           L29-col17 {'drift': np.float64(0.0202), 'vg_vc': 0.47, 'conn': 'column'}
  t=  45.50  punching           L29-col19 {'drift': np.float64(0.0177), 'vg_vc': 0.46, 'conn': 'column'}
  t=  45.50  punching           L30-col19 {'drift': np.float64(0.0171), 'vg_vc': 0.464, 'conn': 'column'}
  t=  45.50  punching           L31-col18 {'drift': np.float64(0.0181), 'vg_vc': 0.725, 'conn': 'column'}
  t=  45.50  punching           L31-col24 {'drift': np.float64(0.0193), 'vg_vc': 0.446, 'conn': 'column'}
  t=  45.50  punching           L32-col17 {'drift': np.float64(0.0195), 'vg_vc': 0.484, 'conn': 'column'}
  t=  45.50  punching           L32-col23 {'drift': np.float64(0.0192), 'vg_vc': 0.418, 'conn': 'column'}
  t=  45.50  punching           L33-col17 {'drift': np.float64(0.0191), 'vg_vc': 0.485, 'conn': 'column'}
  t=  45.62  punching           L29-col14 {'drift': np.float64(0.0181), 'vg_vc': 0.47, 'conn': 'column'}
  t=  45.62  punching           L29-col15 {'drift': np.float64(0.016), 'vg_vc': 0.481, 'conn': 'column'}
  t=  45.62  punching           L31-col15 {'drift': np.float64(0.0158), 'vg_vc': 0.497, 'conn': 'column'}
  t=  45.62  punching           L31-col17 {'drift': np.float64(0.0198), 'vg_vc': 0.416, 'conn': 'column'}
  t=  45.62  punching           L32-col18 {'drift': np.float64(0.0178), 'vg_vc': 0.586, 'conn': 'column'}
  t=  45.62  punching           L33-col14 {'drift': np.float64(0.0172), 'vg_vc': 0.467, 'conn': 'column'}
  t=  45.75  punching           L29-col18 {'drift': np.float64(0.0184), 'vg_vc': 0.444, 'conn': 'column'}
  t=  45.75  punching           L31-col14 {'drift': np.float64(0.0178), 'vg_vc': 0.456, 'conn': 'column'}
  t=  45.75  punching           L31-col19 {'drift': np.float64(0.0169), 'vg_vc': 0.526, 'conn': 'column'}
  t=  45.75  punching           L32-col15 {'drift': np.float64(0.0156), 'vg_vc': 0.493, 'conn': 'column'}
  t=  45.75  punching           L32-col24 {'drift': np.float64(0.0189), 'vg_vc': 0.465, 'conn': 'column'}
  t=  45.75  punching           L33-col15 {'drift': np.float64(0.0153), 'vg_vc': 0.544, 'conn': 'column'}
  t= 45.900  solver fallback: ModifiedNewton
  t=  46.37  punching           L32-col14 {'drift': np.float64(0.0175), 'vg_vc': 0.454, 'conn': 'column'}
  t= 46.450  solver fallback: ModifiedNewton
  t= 46.725  solver fallback: ModifiedNewton
  t=  47.25  punching           L33-col18 {'drift': np.float64(0.0175), 'vg_vc': 0.461, 'conn': 'column'}
  t=  47.47  punching           L30-col12 {'drift': np.float64(0.0163), 'vg_vc': 0.475, 'conn': 'column'}
  t=  47.47  punching           L33-col12 {'drift': np.float64(0.0156), 'vg_vc': 0.489, 'conn': 'column'}
  t=  47.50  punching           L29-col10 {'drift': np.float64(0.018), 'vg_vc': 0.447, 'conn': 'column'}
  t=  47.50  punching           L29-col12 {'drift': np.float64(0.0166), 'vg_vc': 0.504, 'conn': 'column'}
  t=  47.50  punching           L30-col10 {'drift': np.float64(0.018), 'vg_vc': 0.447, 'conn': 'column'}
  t=  47.50  punching           L32-col12 {'drift': np.float64(0.0161), 'vg_vc': 0.529, 'conn': 'column'}
  t=  47.50  column_axial_failure S33-C12 {'eps': -0.95697}
