  t=   8.25  cb_yield           L8-CB1 {'rot': 0.00618}
  t=   8.25  cb_yield           L9-CB1 {'rot': 0.00618}
  t=   8.25  cb_yield           L10-CB1 {'rot': 0.00612}
  t=   8.38  cb_yield           L5-CB1 {'rot': 0.00613}
  t=   8.38  cb_yield           L6-CB0 {'rot': 0.00615}
  t=   8.38  cb_yield           L6-CB1 {'rot': 0.00639}
  t=   8.38  cb_yield           L7-CB0 {'rot': 0.00624}
  t=   8.38  cb_yield           L7-CB1 {'rot': 0.00649}
  t=   8.38  cb_yield           L8-CB0 {'rot': 0.00621}
  t=   8.50  cb_yield           L9-CB0 {'rot': 0.00618}
  progress t=  10.0s  max corner drift so far=0.0019  wall clock=123s
  t=  10.50  cb_yield           L4-CB0 {'rot': 0.00661}
  t=  10.50  cb_yield           L4-CB1 {'rot': 0.00651}
  t=  10.50  cb_yield           L4-CB2 {'rot': 0.00634}
  t=  10.50  cb_yield           L5-CB0 {'rot': 0.00687}
  t=  10.50  cb_yield           L5-CB2 {'rot': 0.00656}
  t=  10.50  cb_yield           L5-CB3 {'rot': 0.00622}
  t=  10.50  cb_yield           L6-CB2 {'rot': 0.00654}
  t=  10.50  cb_yield           L6-CB3 {'rot': 0.00616}
  t=  10.50  cb_yield           L7-CB2 {'rot': 0.00631}
  t=  10.63  cb_yield           L2-CB0 {'rot': 0.00634}
  t=  10.63  cb_yield           L2-CB1 {'rot': 0.00636}
  t=  10.63  cb_yield           L2-CB2 {'rot': 0.0066}
  t=  10.63  cb_yield           L2-CB3 {'rot': 0.00645}
  t=  10.63  cb_yield           L3-CB0 {'rot': 0.00773}
  t=  10.63  cb_yield           L3-CB1 {'rot': 0.00772}
  t=  10.63  cb_yield           L3-CB2 {'rot': 0.00801}
  t=  10.63  cb_yield           L3-CB3 {'rot': 0.0078}
  t=  10.63  cb_yield           L4-CB3 {'rot': 0.00866}
  t=  10.63  cb_yield           L7-CB3 {'rot': 0.00859}
  t=  10.63  cb_yield           L8-CB2 {'rot': 0.00842}
  t=  10.63  cb_yield           L8-CB3 {'rot': 0.00798}
  t=  10.63  cb_yield           L9-CB2 {'rot': 0.00767}
  t=  10.63  cb_yield           L9-CB3 {'rot': 0.00721}
  t=  10.63  cb_yield           L10-CB0 {'rot': 0.00679}
  t=  10.63  cb_yield           L10-CB2 {'rot': 0.00682}
  t=  10.63  cb_yield           L10-CB3 {'rot': 0.00634}
  t=  10.75  cb_yield           L11-CB0 {'rot': 0.00716}
  t=  10.75  cb_yield           L11-CB1 {'rot': 0.00711}
  t=  10.75  cb_yield           L11-CB2 {'rot': 0.00742}
  t=  10.75  cb_yield           L11-CB3 {'rot': 0.00695}
  t=  10.75  cb_yield           L12-CB2 {'rot': 0.00624}
  t=  10.88  cb_yield           L12-CB0 {'rot': 0.00686}
  t=  10.88  cb_yield           L12-CB1 {'rot': 0.00682}
  t=  10.88  cb_yield           L12-CB3 {'rot': 0.00669}
  t=  11.00  cb_yield           L13-CB0 {'rot': 0.00671}
  t=  11.00  cb_yield           L13-CB1 {'rot': 0.00669}
  t=  11.00  cb_yield           L13-CB2 {'rot': 0.00639}
  t=  11.13  cb_yield           L13-CB3 {'rot': 0.0064}
  t=  11.13  cb_yield           L14-CB0 {'rot': 0.00718}
  t=  11.13  cb_yield           L14-CB1 {'rot': 0.00713}
  t=  11.13  cb_yield           L15-CB0 {'rot': 0.00679}
  t=  11.13  cb_yield           L15-CB1 {'rot': 0.00671}
  t=  11.13  cb_yield           L16-CB0 {'rot': 0.00648}
  t=  11.13  cb_yield           L16-CB1 {'rot': 0.00638}
  t=  11.25  cb_yield           L14-CB2 {'rot': 0.00691}
  t=  11.25  cb_yield           L14-CB3 {'rot': 0.00664}
  t=  11.25  cb_yield           L15-CB2 {'rot': 0.00657}
  t=  11.25  cb_yield           L15-CB3 {'rot': 0.00629}
  t=  11.25  cb_yield           L16-CB2 {'rot': 0.00626}
  t=  11.25  cb_yield           L17-CB0 {'rot': 0.00934}
  t=  11.25  cb_yield           L17-CB1 {'rot': 0.00912}
  t=  11.25  cb_yield           L18-CB0 {'rot': 0.0093}
  t=  11.25  cb_yield           L18-CB1 {'rot': 0.00906}
  t=  11.25  cb_yield           L19-CB0 {'rot': 0.00921}
  t=  11.25  cb_yield           L19-CB1 {'rot': 0.00895}
  t=  11.25  cb_yield           L20-CB0 {'rot': 0.00906}
  t=  11.25  cb_yield           L20-CB1 {'rot': 0.00878}
  t=  11.25  cb_yield           L21-CB0 {'rot': 0.00883}
  t=  11.25  cb_yield           L21-CB1 {'rot': 0.00854}
  t=  11.25  cb_yield           L22-CB0 {'rot': 0.00854}
  t=  11.25  cb_yield           L22-CB1 {'rot': 0.00823}
  t=  11.25  cb_yield           L23-CB0 {'rot': 0.00819}
  t=  11.25  cb_yield           L23-CB1 {'rot': 0.00786}
  t=  11.25  cb_yield           L24-CB0 {'rot': 0.00777}
  t=  11.25  cb_yield           L24-CB1 {'rot': 0.00743}
  t=  11.25  cb_yield           L25-CB0 {'rot': 0.00731}
  t=  11.25  cb_yield           L25-CB1 {'rot': 0.00696}
  t=  11.25  cb_yield           L26-CB0 {'rot': 0.00682}
  t=  11.38  cb_yield           L16-CB3 {'rot': 0.00802}
  t=  11.38  cb_yield           L17-CB2 {'rot': 0.00819}
  t=  11.38  cb_yield           L17-CB3 {'rot': 0.00791}
  t=  11.38  cb_yield           L18-CB2 {'rot': 0.00802}
  t=  11.38  cb_yield           L18-CB3 {'rot': 0.00771}
  t=  11.38  cb_yield           L19-CB2 {'rot': 0.00778}
  t=  11.38  cb_yield           L19-CB3 {'rot': 0.00744}
  t=  11.38  cb_yield           L20-CB2 {'rot': 0.00746}
  t=  11.38  cb_yield           L20-CB3 {'rot': 0.00711}
  t=  11.38  cb_yield           L21-CB2 {'rot': 0.00707}
  t=  11.38  cb_yield           L21-CB3 {'rot': 0.00671}
  t=  11.38  cb_yield           L22-CB2 {'rot': 0.00661}
  t=  11.38  cb_yield           L26-CB1 {'rot': 0.00836}
  t=  11.38  cb_yield           L27-CB0 {'rot': 0.00781}
  t=  11.38  cb_yield           L27-CB1 {'rot': 0.00754}
  t=  11.38  cb_yield           L28-CB0 {'rot': 0.007}
  t=  11.38  cb_yield           L28-CB1 {'rot': 0.00673}
  t=  11.50  cb_yield           L22-CB3 {'rot': 0.00871}
  t=  11.50  cb_yield           L23-CB2 {'rot': 0.00792}
  t=  11.50  cb_yield           L23-CB3 {'rot': 0.00808}
  t=  11.50  cb_yield           L24-CB2 {'rot': 0.00715}
  t=  11.50  cb_yield           L24-CB3 {'rot': 0.00732}
  t=  11.63  cb_yield           L25-CB2 {'rot': 0.00673}
  t=  11.63  cb_yield           L25-CB3 {'rot': 0.00734}
  t=  14.38  cb_yield           L26-CB3 {'rot': 0.0067}
  t=  14.50  cb_yield           L26-CB2 {'rot': 0.00675}
  t=  14.50  cb_yield           L27-CB3 {'rot': 0.00742}
  t=  14.50  cb_yield           L28-CB3 {'rot': 0.00681}
  t=  14.63  cb_yield           L27-CB2 {'rot': 0.00733}
  t=  14.63  cb_yield           L28-CB2 {'rot': 0.00664}
  t=  14.63  cb_yield           L29-CB3 {'rot': 0.00724}
  t=  14.63  cb_yield           L30-CB3 {'rot': 0.00668}
  t=  14.75  cb_yield           L29-CB2 {'rot': 0.007}
  t=  14.75  cb_yield           L31-CB3 {'rot': 0.00741}
  t=  14.75  cb_yield           L32-CB3 {'rot': 0.00713}
  t=  14.75  cb_yield           L33-CB3 {'rot': 0.00697}
  t=  14.88  cb_yield           L30-CB2 {'rot': 0.00671}
  t=  15.75  cb_yield           L29-CB1 {'rot': 0.00729}
  t=  15.75  cb_yield           L30-CB1 {'rot': 0.00687}
  t=  15.88  cb_yield           L29-CB0 {'rot': 0.00735}
  t=  15.88  cb_yield           L30-CB0 {'rot': 0.00695}
  t=  15.88  cb_yield           L31-CB1 {'rot': 0.00822}
  t=  15.88  cb_yield           L32-CB1 {'rot': 0.00796}
  t=  15.88  cb_yield           L33-CB1 {'rot': 0.00781}
  t=  16.00  cb_yield           L31-CB0 {'rot': 0.00784}
  t=  16.00  cb_yield           L32-CB0 {'rot': 0.00762}
  t=  16.00  cb_yield           L33-CB0 {'rot': 0.00749}
  progress t=  20.0s  max corner drift so far=0.0057  wall clock=249s
  t=  20.12  cb_yield           L31-CB2 {'rot': 0.0084}
  t=  20.12  cb_yield           L32-CB2 {'rot': 0.0081}
  t=  20.12  cb_yield           L33-CB2 {'rot': 0.00793}
  progress t=  30.0s  max corner drift so far=0.0075  wall clock=376s
  progress t=  40.0s  max corner drift so far=0.0087  wall clock=498s
  t=  48.50  cb_yield           L1-CB0 {'rot': 0.00652}
  t=  48.50  cb_yield           L1-CB1 {'rot': 0.00706}
  t=  48.50  cb_yield           L1-CB2 {'rot': 0.00613}
  t=  48.50  cb_yield           L1-CB3 {'rot': 0.00679}
  t=  48.75  cb_failure         L7-CB3 {'rot': 0.03018}
  t=  48.75  cb_failure         L8-CB3 {'rot': 0.03033}
  t=  48.87  cb_failure         L5-CB3 {'rot': 0.03052}
  t=  48.87  cb_failure         L6-CB2 {'rot': 0.03068}
  t=  48.87  cb_failure         L6-CB3 {'rot': 0.03269}
  t=  48.87  cb_failure         L7-CB2 {'rot': 0.03171}
  t=  48.87  cb_failure         L8-CB2 {'rot': 0.03192}
  t=  48.87  cb_failure         L9-CB2 {'rot': 0.03155}
  t=  48.87  cb_failure         L9-CB3 {'rot': 0.03401}
  t=  48.87  cb_failure         L10-CB2 {'rot': 0.03063}
  t=  48.87  cb_failure         L10-CB3 {'rot': 0.03325}
  t=  48.87  cb_failure         L11-CB3 {'rot': 0.032}
  t=  48.87  cb_failure         L12-CB3 {'rot': 0.03027}
  t=  49.00  cb_failure         L8-CB1 {'rot': 0.03039}
  t=  49.00  cb_failure         L9-CB1 {'rot': 0.03033}
  t=  49.00  cb_failure         L11-CB2 {'rot': 0.03229}
  t=  49.00  cb_failure         L12-CB2 {'rot': 0.03068}
  t=  49.00  cb_failure         L13-CB3 {'rot': 0.03168}
  t=  49.12  cb_failure         L10-CB1 {'rot': 0.0302}
  t=  49.12  cb_failure         L13-CB2 {'rot': 0.03235}
  t=  49.12  cb_failure         L14-CB2 {'rot': 0.03044}
  t=  49.12  cb_failure         L14-CB3 {'rot': 0.03374}
  t=  49.12  cb_failure         L15-CB3 {'rot': 0.03172}
  t=  49.25  cb_failure         L11-CB1 {'rot': 0.03039}
  t=  49.25  cb_failure         L12-CB1 {'rot': 0.0302}
  t=  49.25  cb_failure         L15-CB2 {'rot': 0.0334}
  t=  49.25  cb_failure         L16-CB2 {'rot': 0.03166}
  t=  49.25  cb_failure         L16-CB3 {'rot': 0.03526}
  t=  49.25  cb_failure         L17-CB3 {'rot': 0.03295}
  t=  49.37  cb_failure         L13-CB1 {'rot': 0.0314}
  t=  49.37  cb_failure         L14-CB1 {'rot': 0.03144}
  t=  49.37  cb_failure         L15-CB1 {'rot': 0.03114}
  t=  49.37  cb_failure         L16-CB1 {'rot': 0.03047}
  t=  49.37  cb_failure         L17-CB2 {'rot': 0.03501}
  t=  49.37  cb_failure         L18-CB2 {'rot': 0.03277}
  t=  49.37  cb_failure         L18-CB3 {'rot': 0.03652}
  t=  49.37  cb_failure         L19-CB3 {'rot': 0.03389}
  t=  49.37  cb_failure         L20-CB3 {'rot': 0.03083}
  t=  49.50  cb_failure         L17-CB1 {'rot': 0.032}
  t=  49.50  cb_failure         L18-CB1 {'rot': 0.03082}
  t=  49.50  cb_failure         L19-CB2 {'rot': 0.03422}
  t=  49.50  cb_failure         L20-CB2 {'rot': 0.03143}
  t=  49.50  cb_failure         L21-CB3 {'rot': 0.03169}
  t=  49.62  cb_failure         L19-CB1 {'rot': 0.03095}
  t=  49.62  cb_failure         L21-CB2 {'rot': 0.0312}
  t=  49.62  cb_failure         L22-CB3 {'rot': 0.03169}
  t=  49.75  cb_failure         L23-CB3 {'rot': 0.0307}
  progress t=  50.0s  max corner drift so far=0.0091  wall clock=626s
  progress t=  60.0s  max corner drift so far=0.0091  wall clock=752s
  progress t=  70.0s  max corner drift so far=0.0091  wall clock=874s
  progress t=  80.0s  max corner drift so far=0.0091  wall clock=995s
  progress t=  90.0s  max corner drift so far=0.0091  wall clock=1114s
  progress t= 100.0s  max corner drift so far=0.0091  wall clock=1233s
