  t=   2.12  cb_yield           L6-CB3 {'rot': 0.00612}
  t=   2.12  cb_yield           L7-CB1 {'rot': 0.00625}
  t=   2.12  cb_yield           L7-CB3 {'rot': 0.00636}
  t=   2.12  cb_yield           L8-CB1 {'rot': 0.00636}
  t=   2.12  cb_yield           L8-CB2 {'rot': 0.00613}
  t=   2.12  cb_yield           L8-CB3 {'rot': 0.00649}
  t=   2.12  cb_yield           L9-CB1 {'rot': 0.00637}
  t=   2.12  cb_yield           L9-CB2 {'rot': 0.00612}
  t=   2.12  cb_yield           L9-CB3 {'rot': 0.00652}
  t=   2.12  cb_yield           L10-CB1 {'rot': 0.0063}
  t=   2.12  cb_yield           L10-CB3 {'rot': 0.00645}
  t=   2.12  cb_yield           L11-CB1 {'rot': 0.00615}
  t=   2.12  cb_yield           L11-CB3 {'rot': 0.00632}
  t=   2.12  cb_yield           L12-CB3 {'rot': 0.00613}
  t=   2.25  cb_yield           L9-CB0 {'rot': 0.00618}
  t=   2.25  cb_yield           L10-CB0 {'rot': 0.00622}
  t=   2.25  cb_yield           L10-CB2 {'rot': 0.00635}
  t=   2.25  cb_yield           L11-CB0 {'rot': 0.00617}
  t=   2.25  cb_yield           L11-CB2 {'rot': 0.00632}
  t=   2.25  cb_yield           L12-CB1 {'rot': 0.00658}
  t=   2.25  cb_yield           L12-CB2 {'rot': 0.00621}
  t=   2.25  cb_yield           L13-CB1 {'rot': 0.00641}
  t=   2.25  cb_yield           L13-CB3 {'rot': 0.00661}
  t=   2.25  cb_yield           L14-CB1 {'rot': 0.00618}
  t=   2.25  cb_yield           L14-CB3 {'rot': 0.00639}
  t=   2.25  cb_yield           L15-CB3 {'rot': 0.00612}
  t=   2.37  cb_yield           L15-CB1 {'rot': 0.00624}
  t=   2.37  cb_yield           L16-CB1 {'rot': 0.00611}
  t=   2.37  cb_yield           L16-CB3 {'rot': 0.00635}
  t=   2.50  cb_yield           L17-CB1 {'rot': 0.00663}
  t=   2.50  cb_yield           L17-CB3 {'rot': 0.00692}
  t=   2.50  cb_yield           L18-CB1 {'rot': 0.00672}
  t=   2.50  cb_yield           L18-CB3 {'rot': 0.00704}
  t=   2.50  cb_yield           L19-CB1 {'rot': 0.00675}
  t=   2.50  cb_yield           L19-CB3 {'rot': 0.0071}
  t=   2.50  cb_yield           L20-CB1 {'rot': 0.00671}
  t=   2.50  cb_yield           L20-CB3 {'rot': 0.00709}
  t=   2.50  cb_yield           L21-CB1 {'rot': 0.00661}
  t=   2.50  cb_yield           L21-CB3 {'rot': 0.00702}
  t=   2.50  cb_yield           L22-CB3 {'rot': 0.00689}
  t=   2.50  cb_yield           L23-CB3 {'rot': 0.0067}
  t=   2.62  cb_yield           L18-CB2 {'rot': 0.00687}
  t=   2.62  cb_yield           L19-CB0 {'rot': 0.00679}
  t=   2.62  cb_yield           L19-CB2 {'rot': 0.00714}
  t=   2.62  cb_yield           L20-CB0 {'rot': 0.00693}
  t=   2.62  cb_yield           L20-CB2 {'rot': 0.00732}
  t=   2.62  cb_yield           L21-CB0 {'rot': 0.00698}
  t=   2.62  cb_yield           L21-CB2 {'rot': 0.00739}
  t=   2.62  cb_yield           L22-CB0 {'rot': 0.00691}
  t=   2.62  cb_yield           L22-CB1 {'rot': 0.00815}
  t=   2.62  cb_yield           L22-CB2 {'rot': 0.00734}
  t=   2.62  cb_yield           L23-CB0 {'rot': 0.00673}
  t=   2.62  cb_yield           L23-CB1 {'rot': 0.008}
  t=   2.62  cb_yield           L23-CB2 {'rot': 0.00719}
  t=   2.62  cb_yield           L24-CB1 {'rot': 0.00774}
  t=   2.62  cb_yield           L24-CB2 {'rot': 0.00693}
  t=   2.62  cb_yield           L24-CB3 {'rot': 0.00821}
  t=   2.62  cb_yield           L25-CB1 {'rot': 0.0074}
  t=   2.62  cb_yield           L25-CB3 {'rot': 0.00789}
  t=   2.62  cb_yield           L26-CB1 {'rot': 0.00698}
  t=   2.62  cb_yield           L26-CB3 {'rot': 0.00748}
  t=   2.62  cb_yield           L27-CB3 {'rot': 0.007}
  t=   2.75  cb_yield           L18-CB0 {'rot': 0.00675}
  t=   2.75  cb_yield           L24-CB0 {'rot': 0.00715}
  t=   2.75  cb_yield           L25-CB0 {'rot': 0.00678}
  t=   2.75  cb_yield           L25-CB2 {'rot': 0.00715}
  t=   2.75  cb_yield           L26-CB2 {'rot': 0.00668}
  t=   2.75  cb_yield           L27-CB1 {'rot': 0.00713}
  t=   2.75  cb_yield           L28-CB3 {'rot': 0.00686}
  t=   3.62  cb_yield           L26-CB0 {'rot': 0.00716}
  t=   3.62  cb_yield           L27-CB0 {'rot': 0.00665}
  t=   3.62  cb_yield           L27-CB2 {'rot': 0.00689}
  t=   3.75  cb_yield           L28-CB0 {'rot': 0.00669}
  t=   4.00  cb_yield           L16-CB0 {'rot': 0.00627}
  t=   4.12  cb_yield           L5-CB0 {'rot': 0.00623}
  t=   4.12  cb_yield           L6-CB0 {'rot': 0.00667}
  t=   4.12  cb_yield           L6-CB1 {'rot': 0.00631}
  t=   4.12  cb_yield           L7-CB0 {'rot': 0.00697}
  t=   4.12  cb_yield           L8-CB0 {'rot': 0.00717}
  t=   4.12  cb_yield           L12-CB0 {'rot': 0.00718}
  t=   4.12  cb_yield           L13-CB0 {'rot': 0.00705}
  t=   4.12  cb_yield           L14-CB0 {'rot': 0.00688}
  t=   4.12  cb_yield           L15-CB0 {'rot': 0.00669}
  t=   4.25  cb_yield           L2-CB0 {'rot': 0.00614}
  t=   4.25  cb_yield           L3-CB0 {'rot': 0.00758}
  t=   4.25  cb_yield           L3-CB1 {'rot': 0.00718}
  t=   4.25  cb_yield           L3-CB2 {'rot': 0.00663}
  t=   4.25  cb_yield           L3-CB3 {'rot': 0.00628}
  t=   4.25  cb_yield           L4-CB0 {'rot': 0.0087}
  t=   4.25  cb_yield           L4-CB1 {'rot': 0.00824}
  t=   4.25  cb_yield           L4-CB2 {'rot': 0.00747}
  t=   4.25  cb_yield           L4-CB3 {'rot': 0.00706}
  t=   4.25  cb_yield           L5-CB1 {'rot': 0.00899}
  t=   4.25  cb_yield           L5-CB2 {'rot': 0.00799}
  t=   4.25  cb_yield           L5-CB3 {'rot': 0.00753}
  t=   4.25  cb_yield           L6-CB2 {'rot': 0.00821}
  t=   4.25  cb_yield           L7-CB2 {'rot': 0.00819}
  t=   4.37  cb_yield           L2-CB1 {'rot': 0.00749}
  t=   4.37  cb_yield           L2-CB2 {'rot': 0.00693}
  t=   4.37  cb_yield           L2-CB3 {'rot': 0.00676}
  t=   5.00  cb_yield           L17-CB0 {'rot': 0.00679}
  t=   5.75  cb_yield           L13-CB2 {'rot': 0.00673}
  t=   5.75  cb_yield           L14-CB2 {'rot': 0.00619}
  t=   8.00  cb_yield           L15-CB2 {'rot': 0.00693}
  t=   8.00  cb_yield           L16-CB2 {'rot': 0.00654}
  t=   8.13  cb_yield           L17-CB2 {'rot': 0.00758}
  t=   8.25  cb_yield           L1-CB0 {'rot': 0.00635}
  t=   8.25  cb_yield           L1-CB1 {'rot': 0.00675}
  t=   8.25  cb_yield           L1-CB3 {'rot': 0.0061}
  t=   8.38  cb_yield           L1-CB2 {'rot': 0.0072}
  t=   8.38  cb_yield           L28-CB1 {'rot': 0.00695}
  t=   8.50  cb_yield           L29-CB1 {'rot': 0.00745}
  t=   8.50  cb_yield           L30-CB1 {'rot': 0.00707}
  t=   8.50  cb_yield           L31-CB1 {'rot': 0.00677}
  t=   8.63  cb_failure         L9-CB1 {'rot': 0.0303}
  t=   8.75  cb_failure         L8-CB1 {'rot': 0.03075}
  t=   8.75  cb_failure         L10-CB1 {'rot': 0.03131}
  t=   8.75  cb_failure         L11-CB1 {'rot': 0.03097}
  t=   8.75  cb_failure         L12-CB1 {'rot': 0.0302}
  t=   8.88  cb_failure         L13-CB1 {'rot': 0.03077}
  t=   9.00  cb_failure         L14-CB1 {'rot': 0.03056}
  t=   9.00  cb_yield           L29-CB3 {'rot': 0.00669}
  t=   9.13  cb_yield           L30-CB3 {'rot': 0.00765}
  t=   9.13  cb_yield           L31-CB3 {'rot': 0.00716}
  t=   9.13  cb_yield           L32-CB3 {'rot': 0.00685}
  t=   9.13  cb_yield           L33-CB3 {'rot': 0.0067}
  t=   9.25  cb_yield           L28-CB2 {'rot': 0.00954}
  t=   9.25  cb_yield           L29-CB2 {'rot': 0.00824}
  t=   9.25  cb_yield           L30-CB2 {'rot': 0.00719}
  t=   9.38  cb_yield           L31-CB2 {'rot': 0.00953}
  t=   9.38  cb_yield           L32-CB2 {'rot': 0.00887}
  t=   9.38  cb_yield           L33-CB2 {'rot': 0.00858}
  t=   9.50  cb_yield           L32-CB1 {'rot': 0.00753}
  t=  10.00  cb_failure         L8-CB3 {'rot': 0.03044}
  t=  10.00  cb_failure         L9-CB3 {'rot': 0.03155}
  t=  10.00  cb_failure         L10-CB3 {'rot': 0.03204}
  t=  10.00  cb_failure         L11-CB3 {'rot': 0.03178}
  t=  10.00  cb_failure         L12-CB3 {'rot': 0.03083}
  progress t=  10.0s  max corner drift so far=0.0063  wall clock=139s
  t=  10.13  cb_failure         L13-CB3 {'rot': 0.03031}
  t=  10.38  cb_yield           L33-CB1 {'rot': 0.00714}
  t=  10.50  cb_yield           L29-CB0 {'rot': 0.00906}
  t=  10.50  cb_yield           L30-CB0 {'rot': 0.00861}
  t=  10.50  cb_yield           L31-CB0 {'rot': 0.00823}
  t=  10.50  cb_yield           L32-CB0 {'rot': 0.00793}
  t=  10.50  cb_yield           L33-CB0 {'rot': 0.00779}
  t=  11.63  cb_failure         L13-CB0 {'rot': 0.03087}
  t=  11.63  cb_failure         L14-CB0 {'rot': 0.0315}
  t=  11.63  cb_failure         L15-CB0 {'rot': 0.0317}
  t=  11.63  cb_failure         L15-CB1 {'rot': 0.03139}
  t=  11.63  cb_failure         L16-CB0 {'rot': 0.03153}
  t=  11.63  cb_failure         L16-CB1 {'rot': 0.03123}
  t=  11.63  cb_failure         L17-CB0 {'rot': 0.03079}
  t=  11.75  cb_failure         L17-CB1 {'rot': 0.03799}
  t=  11.75  cb_failure         L18-CB0 {'rot': 0.03671}
  t=  11.75  cb_failure         L18-CB1 {'rot': 0.0379}
  t=  11.75  cb_failure         L19-CB0 {'rot': 0.03611}
  t=  11.75  cb_failure         L19-CB1 {'rot': 0.03732}
  t=  11.75  cb_failure         L20-CB0 {'rot': 0.03485}
  t=  11.75  cb_failure         L20-CB1 {'rot': 0.03613}
  t=  11.75  cb_failure         L21-CB0 {'rot': 0.03287}
  t=  11.75  cb_failure         L21-CB1 {'rot': 0.03426}
  t=  11.75  cb_failure         L22-CB0 {'rot': 0.03064}
  t=  11.75  cb_failure         L22-CB1 {'rot': 0.03177}
  t=  11.88  cb_failure         L16-CB3 {'rot': 0.03082}
  t=  11.88  cb_failure         L17-CB3 {'rot': 0.03219}
  t=  11.88  cb_failure         L18-CB3 {'rot': 0.03289}
  t=  11.88  cb_failure         L19-CB3 {'rot': 0.03301}
  t=  11.88  cb_failure         L20-CB3 {'rot': 0.0326}
  t=  11.88  cb_failure         L21-CB3 {'rot': 0.0315}
  t=  11.88  cb_failure         L23-CB0 {'rot': 0.03514}
  t=  11.88  cb_failure         L23-CB1 {'rot': 0.03745}
  t=  11.88  cb_failure         L24-CB0 {'rot': 0.0314}
  t=  11.88  cb_failure         L24-CB1 {'rot': 0.03385}
  t=  12.00  cb_failure         L18-CB2 {'rot': 0.03211}
  t=  12.00  cb_failure         L19-CB2 {'rot': 0.03307}
  t=  12.00  cb_failure         L20-CB2 {'rot': 0.03328}
  t=  12.00  cb_failure         L21-CB2 {'rot': 0.03258}
  t=  12.00  cb_failure         L22-CB2 {'rot': 0.0311}
  t=  12.00  cb_failure         L22-CB3 {'rot': 0.03507}
  t=  12.00  cb_failure         L23-CB3 {'rot': 0.03277}
  t=  12.00  cb_failure         L25-CB0 {'rot': 0.03208}
  t=  12.00  cb_failure         L25-CB1 {'rot': 0.03485}
  t=  12.13  cb_failure         L17-CB2 {'rot': 0.03105}
  t=  12.13  cb_failure         L23-CB2 {'rot': 0.03341}
  t=  12.13  cb_failure         L24-CB2 {'rot': 0.03089}
  t=  12.13  cb_failure         L24-CB3 {'rot': 0.03512}
  t=  12.13  cb_failure         L25-CB3 {'rot': 0.03176}
  t=  12.13  cb_failure         L26-CB0 {'rot': 0.0312}
  t=  12.13  cb_failure         L26-CB1 {'rot': 0.03456}
  t=  12.25  cb_failure         L25-CB2 {'rot': 0.03361}
  t=  12.25  cb_failure         L26-CB2 {'rot': 0.03076}
  t=  12.25  cb_failure         L26-CB3 {'rot': 0.03526}
  t=  12.25  cb_failure         L27-CB0 {'rot': 0.03109}
  t=  12.25  cb_failure         L27-CB1 {'rot': 0.03504}
  t=  12.25  cb_failure         L27-CB3 {'rot': 0.0315}
  t=  12.25  cb_failure         L28-CB1 {'rot': 0.03069}
  t=  12.38  cb_failure         L27-CB2 {'rot': 0.03185}
  t=  12.38  cb_failure         L28-CB3 {'rot': 0.03456}
  t=  12.50  cb_failure         L29-CB1 {'rot': 0.03074}
  t=  12.50  cb_failure         L29-CB3 {'rot': 0.0351}
  t=  12.50  cb_failure         L30-CB3 {'rot': 0.03163}
  t=  12.88  cb_failure         L6-CB1 {'rot': 0.03074}
  t=  12.88  cb_failure         L7-CB0 {'rot': 0.03115}
  t=  12.88  cb_failure         L7-CB1 {'rot': 0.03211}
  t=  12.88  cb_failure         L8-CB0 {'rot': 0.03188}
  t=  12.88  cb_failure         L9-CB0 {'rot': 0.03224}
  t=  12.88  cb_failure         L10-CB0 {'rot': 0.03228}
  t=  12.88  cb_failure         L11-CB0 {'rot': 0.03207}
  t=  12.88  cb_failure         L12-CB0 {'rot': 0.03172}
  t=  13.00  cb_failure         L5-CB0 {'rot': 0.03226}
  t=  13.00  cb_failure         L5-CB1 {'rot': 0.03201}
  t=  13.00  cb_failure         L6-CB0 {'rot': 0.03478}
  t=  13.00  cb_failure         L6-CB3 {'rot': 0.03015}
  t=  13.00  cb_failure         L7-CB2 {'rot': 0.03113}
  t=  13.00  cb_failure         L7-CB3 {'rot': 0.03124}
  t=  13.00  cb_failure         L8-CB2 {'rot': 0.03185}
  t=  13.00  cb_failure         L9-CB2 {'rot': 0.03177}
  t=  13.00  cb_failure         L10-CB2 {'rot': 0.03105}
  t=  13.13  cb_failure         L4-CB0 {'rot': 0.03021}
  t=  13.13  cb_failure         L5-CB2 {'rot': 0.03125}
  t=  13.13  cb_failure         L5-CB3 {'rot': 0.03128}
  t=  13.13  cb_failure         L6-CB2 {'rot': 0.03434}
  t=  13.13  cb_failure         L11-CB2 {'rot': 0.03851}
  t=  13.13  cb_failure         L12-CB2 {'rot': 0.03737}
  t=  13.13  cb_failure         L13-CB2 {'rot': 0.03555}
  t=  13.13  cb_failure         L14-CB2 {'rot': 0.03316}
  t=  13.13  cb_failure         L14-CB3 {'rot': 0.03271}
  t=  13.13  cb_failure         L15-CB2 {'rot': 0.03045}
  t=  13.13  cb_failure         L15-CB3 {'rot': 0.03018}
  t=  13.25  cb_failure         L16-CB2 {'rot': 0.03403}
  t=  15.63  cb_failure         L31-CB3 {'rot': 0.03783}
  t=  15.63  cb_failure         L32-CB3 {'rot': 0.03697}
  t=  15.63  cb_failure         L33-CB3 {'rot': 0.03556}
  t=  15.75  cb_failure         L30-CB1 {'rot': 0.03063}
  t=  15.88  cb_failure         L31-CB1 {'rot': 0.03408}
  t=  15.88  cb_failure         L32-CB1 {'rot': 0.0333}
  t=  15.88  cb_failure         L33-CB1 {'rot': 0.03247}
  t=  17.63  cb_failure         L4-CB1 {'rot': 0.03418}
  t=  17.75  cb_failure         L3-CB1 {'rot': 0.03561}
  progress t=  20.0s  max corner drift so far=0.0148  wall clock=318s
  t=  20.25  cb_failure         L4-CB3 {'rot': 0.03395}
  t=  21.25  cb_failure         L3-CB3 {'rot': 0.03082}
  t=  21.37  cb_failure         L28-CB2 {'rot': 0.03586}
  t=  21.37  cb_failure         L29-CB2 {'rot': 0.03554}
  t=  21.37  cb_failure         L30-CB2 {'rot': 0.035}
  t=  21.37  cb_failure         L31-CB2 {'rot': 0.03433}
  t=  21.37  cb_failure         L32-CB2 {'rot': 0.03376}
  t=  21.37  cb_failure         L33-CB2 {'rot': 0.0335}
  t=  28.50  cb_failure         L28-CB0 {'rot': 0.04909}
  t=  28.50  cb_failure         L29-CB0 {'rot': 0.04964}
  t=  28.50  cb_failure         L30-CB0 {'rot': 0.04967}
  t=  28.50  cb_failure         L31-CB0 {'rot': 0.04936}
  t=  28.50  cb_failure         L32-CB0 {'rot': 0.04888}
  t=  28.50  cb_failure         L33-CB0 {'rot': 0.04863}
  progress t=  30.0s  max corner drift so far=0.0197  wall clock=490s
  progress t=  40.0s  max corner drift so far=0.0204  wall clock=665s
  t=  43.25  cb_failure         L4-CB2 {'rot': 0.03279}
  t=  43.37  cb_failure         L3-CB2 {'rot': 0.03258}
  progress t=  50.0s  max corner drift so far=0.0204  wall clock=850s
  t=  59.12  cb_failure         L3-CB0 {'rot': 0.03127}
  progress t=  60.0s  max corner drift so far=0.0218  wall clock=1031s
  progress t=  70.0s  max corner drift so far=0.0218  wall clock=1188s
  progress t=  80.0s  max corner drift so far=0.0218  wall clock=1332s
  progress t=  90.0s  max corner drift so far=0.0218  wall clock=1463s
  progress t= 100.0s  max corner drift so far=0.0218  wall clock=1598s
