  t=   2.00  cb_yield           L5-CB1 {'rot': 0.00639}
  t=   2.00  cb_yield           L5-CB2 {'rot': 0.00622}
  t=   2.00  cb_yield           L5-CB3 {'rot': 0.00651}
  t=   2.00  cb_yield           L6-CB0 {'rot': 0.00635}
  t=   2.00  cb_yield           L6-CB1 {'rot': 0.00667}
  t=   2.00  cb_yield           L6-CB2 {'rot': 0.00648}
  t=   2.00  cb_yield           L6-CB3 {'rot': 0.00681}
  t=   2.00  cb_yield           L7-CB0 {'rot': 0.00643}
  t=   2.00  cb_yield           L7-CB1 {'rot': 0.00678}
  t=   2.00  cb_yield           L7-CB2 {'rot': 0.00657}
  t=   2.00  cb_yield           L7-CB3 {'rot': 0.00693}
  t=   2.00  cb_yield           L8-CB0 {'rot': 0.00636}
  t=   2.00  cb_yield           L8-CB1 {'rot': 0.00673}
  t=   2.00  cb_yield           L8-CB2 {'rot': 0.0065}
  t=   2.00  cb_yield           L8-CB3 {'rot': 0.0069}
  t=   2.00  cb_yield           L9-CB0 {'rot': 0.00616}
  t=   2.00  cb_yield           L9-CB1 {'rot': 0.00656}
  t=   2.00  cb_yield           L9-CB2 {'rot': 0.00631}
  t=   2.00  cb_yield           L9-CB3 {'rot': 0.00674}
  t=   2.00  cb_yield           L10-CB1 {'rot': 0.0063}
  t=   2.00  cb_yield           L10-CB3 {'rot': 0.00648}
  t=   2.00  cb_yield           L11-CB3 {'rot': 0.00616}
  t=   2.12  cb_yield           L4-CB3 {'rot': 0.00614}
  t=   2.12  cb_yield           L5-CB0 {'rot': 0.0064}
  t=   2.12  cb_yield           L10-CB0 {'rot': 0.00702}
  t=   2.12  cb_yield           L10-CB2 {'rot': 0.00717}
  t=   2.12  cb_yield           L11-CB0 {'rot': 0.00677}
  t=   2.12  cb_yield           L11-CB1 {'rot': 0.00731}
  t=   2.12  cb_yield           L11-CB2 {'rot': 0.00694}
  t=   2.12  cb_yield           L12-CB0 {'rot': 0.00645}
  t=   2.12  cb_yield           L12-CB1 {'rot': 0.00701}
  t=   2.12  cb_yield           L12-CB2 {'rot': 0.00663}
  t=   2.12  cb_yield           L12-CB3 {'rot': 0.00722}
  t=   2.12  cb_yield           L13-CB1 {'rot': 0.00665}
  t=   2.12  cb_yield           L13-CB2 {'rot': 0.00625}
  t=   2.12  cb_yield           L13-CB3 {'rot': 0.00686}
  t=   2.12  cb_yield           L14-CB1 {'rot': 0.00625}
  t=   2.12  cb_yield           L14-CB3 {'rot': 0.00647}
  t=   2.25  cb_yield           L13-CB0 {'rot': 0.00705}
  t=   2.25  cb_yield           L14-CB0 {'rot': 0.00668}
  t=   2.25  cb_yield           L14-CB2 {'rot': 0.00691}
  t=   2.25  cb_yield           L15-CB0 {'rot': 0.00625}
  t=   2.25  cb_yield           L15-CB1 {'rot': 0.00698}
  t=   2.25  cb_yield           L15-CB2 {'rot': 0.0065}
  t=   2.25  cb_yield           L15-CB3 {'rot': 0.00723}
  t=   2.25  cb_yield           L16-CB1 {'rot': 0.00654}
  t=   2.25  cb_yield           L16-CB3 {'rot': 0.00681}
  t=   2.37  cb_yield           L16-CB0 {'rot': 0.00655}
  t=   2.37  cb_yield           L16-CB2 {'rot': 0.00683}
  t=   2.37  cb_yield           L17-CB1 {'rot': 0.00702}
  t=   2.37  cb_yield           L17-CB3 {'rot': 0.00733}
  t=   2.37  cb_yield           L18-CB1 {'rot': 0.00667}
  t=   2.37  cb_yield           L18-CB3 {'rot': 0.007}
  t=   2.37  cb_yield           L19-CB3 {'rot': 0.00667}
  t=   2.50  cb_yield           L17-CB0 {'rot': 0.00714}
  t=   2.50  cb_yield           L17-CB2 {'rot': 0.00747}
  t=   2.50  cb_yield           L18-CB0 {'rot': 0.00712}
  t=   2.50  cb_yield           L18-CB2 {'rot': 0.00749}
  t=   2.50  cb_yield           L19-CB0 {'rot': 0.00703}
  t=   2.50  cb_yield           L19-CB1 {'rot': 0.00815}
  t=   2.50  cb_yield           L19-CB2 {'rot': 0.00744}
  t=   2.50  cb_yield           L20-CB0 {'rot': 0.00687}
  t=   2.50  cb_yield           L20-CB1 {'rot': 0.00802}
  t=   2.50  cb_yield           L20-CB2 {'rot': 0.00732}
  t=   2.50  cb_yield           L20-CB3 {'rot': 0.00846}
  t=   2.50  cb_yield           L21-CB0 {'rot': 0.00665}
  t=   2.50  cb_yield           L21-CB1 {'rot': 0.00782}
  t=   2.50  cb_yield           L21-CB2 {'rot': 0.00713}
  t=   2.50  cb_yield           L21-CB3 {'rot': 0.0083}
  t=   2.50  cb_yield           L22-CB1 {'rot': 0.00755}
  t=   2.50  cb_yield           L22-CB2 {'rot': 0.00688}
  t=   2.50  cb_yield           L22-CB3 {'rot': 0.00807}
  t=   2.50  cb_yield           L23-CB1 {'rot': 0.00723}
  t=   2.50  cb_yield           L23-CB3 {'rot': 0.00778}
  t=   2.50  cb_yield           L24-CB1 {'rot': 0.00687}
  t=   2.50  cb_yield           L24-CB3 {'rot': 0.00743}
  t=   2.50  cb_yield           L25-CB3 {'rot': 0.00705}
  t=   2.50  cb_yield           L26-CB3 {'rot': 0.00664}
  t=   2.62  cb_yield           L22-CB0 {'rot': 0.00836}
  t=   2.62  cb_yield           L23-CB0 {'rot': 0.00805}
  t=   2.62  cb_yield           L23-CB2 {'rot': 0.00859}
  t=   2.62  cb_yield           L24-CB0 {'rot': 0.00763}
  t=   2.62  cb_yield           L24-CB2 {'rot': 0.00819}
  t=   2.62  cb_yield           L25-CB0 {'rot': 0.00711}
  t=   2.62  cb_yield           L25-CB1 {'rot': 0.00862}
  t=   2.62  cb_yield           L25-CB2 {'rot': 0.00768}
  t=   2.62  cb_yield           L26-CB1 {'rot': 0.00798}
  t=   2.62  cb_yield           L26-CB2 {'rot': 0.00708}
  t=   2.62  cb_yield           L27-CB1 {'rot': 0.00728}
  t=   2.62  cb_yield           L27-CB3 {'rot': 0.00787}
  t=   2.62  cb_yield           L28-CB3 {'rot': 0.00715}
  t=   2.75  cb_yield           L26-CB0 {'rot': 0.00749}
  t=   2.75  cb_yield           L27-CB0 {'rot': 0.00667}
  t=   2.75  cb_yield           L27-CB2 {'rot': 0.00711}
  t=   2.75  cb_yield           L28-CB1 {'rot': 0.00731}
  t=   2.75  cb_yield           L29-CB3 {'rot': 0.00681}
  t=   3.62  cb_yield           L28-CB2 {'rot': 0.00684}
  t=   3.75  cb_yield           L28-CB0 {'rot': 0.00755}
  t=   4.25  cb_yield           L3-CB0 {'rot': 0.00717}
  t=   4.25  cb_yield           L3-CB1 {'rot': 0.00679}
  t=   4.25  cb_yield           L4-CB0 {'rot': 0.00826}
  t=   4.25  cb_yield           L4-CB1 {'rot': 0.00784}
  t=   4.25  cb_yield           L4-CB2 {'rot': 0.00684}
  t=   4.37  cb_yield           L2-CB0 {'rot': 0.00793}
  t=   4.37  cb_yield           L2-CB1 {'rot': 0.00761}
  t=   4.37  cb_yield           L2-CB2 {'rot': 0.0069}
  t=   4.37  cb_yield           L2-CB3 {'rot': 0.00676}
  t=   4.37  cb_yield           L3-CB2 {'rot': 0.00843}
  t=   4.37  cb_yield           L3-CB3 {'rot': 0.00818}
  t=   4.50  cb_yield           L30-CB3 {'rot': 0.00703}
  t=   4.50  cb_yield           L31-CB3 {'rot': 0.00676}
  t=   4.62  cb_yield           L1-CB0 {'rot': 0.00626}
  t=   8.13  cb_yield           L29-CB1 {'rot': 0.00702}
  t=   8.25  cb_yield           L1-CB1 {'rot': 0.00682}
  t=   8.25  cb_yield           L30-CB1 {'rot': 0.00697}
  t=   8.38  cb_yield           L1-CB2 {'rot': 0.00705}
  t=   8.38  cb_yield           L1-CB3 {'rot': 0.00768}
  t=   8.38  cb_yield           L31-CB1 {'rot': 0.00791}
  t=   8.38  cb_yield           L32-CB1 {'rot': 0.00766}
  t=   8.38  cb_yield           L33-CB1 {'rot': 0.00753}
  t=   8.50  cb_failure         L7-CB1 {'rot': 0.03144}
  t=   8.50  cb_failure         L8-CB1 {'rot': 0.03277}
  t=   8.50  cb_failure         L9-CB0 {'rot': 0.03083}
  t=   8.50  cb_failure         L9-CB1 {'rot': 0.03351}
  t=   8.50  cb_failure         L10-CB0 {'rot': 0.03109}
  t=   8.50  cb_failure         L10-CB1 {'rot': 0.03377}
  t=   8.50  cb_failure         L11-CB0 {'rot': 0.03091}
  t=   8.50  cb_failure         L11-CB1 {'rot': 0.03363}
  t=   8.50  cb_failure         L12-CB0 {'rot': 0.03036}
  t=   8.50  cb_failure         L12-CB1 {'rot': 0.03318}
  t=   8.50  cb_failure         L13-CB1 {'rot': 0.03238}
  t=   8.50  cb_failure         L14-CB1 {'rot': 0.03127}
  t=   8.63  cb_failure         L6-CB0 {'rot': 0.03033}
  t=   8.63  cb_failure         L6-CB1 {'rot': 0.03264}
  t=   8.63  cb_failure         L7-CB0 {'rot': 0.03258}
  t=   8.63  cb_failure         L7-CB3 {'rot': 0.03165}
  t=   8.63  cb_failure         L8-CB0 {'rot': 0.03405}
  t=   8.63  cb_failure         L8-CB2 {'rot': 0.0303}
  t=   8.63  cb_failure         L8-CB3 {'rot': 0.03305}
  t=   8.63  cb_failure         L9-CB2 {'rot': 0.03087}
  t=   8.63  cb_failure         L9-CB3 {'rot': 0.0338}
  t=   8.63  cb_failure         L10-CB2 {'rot': 0.03086}
  t=   8.63  cb_failure         L10-CB3 {'rot': 0.03401}
  t=   8.63  cb_failure         L11-CB2 {'rot': 0.03041}
  t=   8.63  cb_failure         L11-CB3 {'rot': 0.03375}
  t=   8.63  cb_failure         L12-CB3 {'rot': 0.03304}
  t=   8.63  cb_failure         L13-CB0 {'rot': 0.03294}
  t=   8.63  cb_failure         L13-CB3 {'rot': 0.03181}
  t=   8.63  cb_failure         L14-CB0 {'rot': 0.03124}
  t=   8.63  cb_failure         L15-CB1 {'rot': 0.03216}
  t=   8.75  cb_failure         L5-CB1 {'rot': 0.03034}
  t=   8.75  cb_failure         L6-CB3 {'rot': 0.03079}
  t=   8.75  cb_failure         L7-CB2 {'rot': 0.03072}
  t=   8.75  cb_failure         L12-CB2 {'rot': 0.03245}
  t=   8.75  cb_failure         L13-CB2 {'rot': 0.03144}
  t=   8.75  cb_failure         L14-CB3 {'rot': 0.0336}
  t=   8.75  cb_failure         L15-CB0 {'rot': 0.03211}
  t=   8.75  cb_failure         L15-CB3 {'rot': 0.03164}
  t=   8.75  cb_failure         L16-CB1 {'rot': 0.03283}
  t=   8.88  cb_failure         L14-CB2 {'rot': 0.03362}
  t=   8.88  cb_failure         L15-CB2 {'rot': 0.03239}
  t=   8.88  cb_failure         L16-CB0 {'rot': 0.03323}
  t=   8.88  cb_failure         L16-CB2 {'rot': 0.03065}
  t=   8.88  cb_failure         L16-CB3 {'rot': 0.03399}
  t=   8.88  cb_failure         L17-CB1 {'rot': 0.03332}
  t=   8.88  cb_failure         L17-CB3 {'rot': 0.03128}
  t=   9.00  cb_failure         L17-CB0 {'rot': 0.03362}
  t=   9.00  cb_failure         L17-CB2 {'rot': 0.03293}
  t=   9.00  cb_failure         L18-CB0 {'rot': 0.03079}
  t=   9.00  cb_failure         L18-CB1 {'rot': 0.03394}
  t=   9.00  cb_failure         L18-CB2 {'rot': 0.03064}
  t=   9.00  cb_failure         L18-CB3 {'rot': 0.03385}
  t=   9.00  cb_failure         L19-CB1 {'rot': 0.03063}
  t=   9.00  cb_failure         L19-CB3 {'rot': 0.03101}
  t=   9.13  cb_failure         L19-CB2 {'rot': 0.03138}
  t=   9.13  cb_failure         L20-CB3 {'rot': 0.03202}
  t=   9.13  cb_yield           L32-CB3 {'rot': 0.00739}
  t=   9.13  cb_yield           L33-CB3 {'rot': 0.00725}
  t=   9.25  cb_failure         L21-CB3 {'rot': 0.03127}
  t=   9.25  cb_yield           L29-CB2 {'rot': 0.00861}
  t=   9.25  cb_yield           L30-CB2 {'rot': 0.00739}
  t=   9.38  cb_yield           L31-CB2 {'rot': 0.00994}
  t=   9.38  cb_yield           L32-CB2 {'rot': 0.00921}
  t=   9.38  cb_yield           L33-CB2 {'rot': 0.00889}
  t=   9.50  cb_yield           L29-CB0 {'rot': 0.00817}
  t=   9.50  cb_yield           L30-CB0 {'rot': 0.00684}
  t=   9.75  cb_failure         L5-CB3 {'rot': 0.03068}
  t=   9.88  cb_failure         L6-CB2 {'rot': 0.03176}
  t=  10.00  cb_failure         L5-CB2 {'rot': 0.03051}
  progress t=  10.0s  max corner drift so far=0.0080  wall clock=128s
  t=  10.25  cb_failure         L19-CB0 {'rot': 0.03113}
  t=  10.25  cb_failure         L20-CB1 {'rot': 0.03096}
  t=  10.38  cb_failure         L20-CB0 {'rot': 0.0315}
  t=  10.38  cb_failure         L21-CB1 {'rot': 0.03064}
  t=  10.38  cb_yield           L31-CB0 {'rot': 0.0069}
  t=  10.50  cb_failure         L21-CB0 {'rot': 0.03131}
  t=  10.50  cb_failure         L22-CB1 {'rot': 0.03099}
  t=  10.50  cb_yield           L32-CB0 {'rot': 0.011}
  t=  10.50  cb_yield           L33-CB0 {'rot': 0.01084}
  t=  10.63  cb_failure         L23-CB1 {'rot': 0.03216}
  t=  10.75  cb_failure         L24-CB1 {'rot': 0.03287}
  t=  10.75  cb_failure         L25-CB1 {'rot': 0.03147}
  t=  10.88  cb_failure         L22-CB3 {'rot': 0.0324}
  t=  10.88  cb_failure         L23-CB3 {'rot': 0.03227}
  t=  10.88  cb_failure         L24-CB3 {'rot': 0.03183}
  t=  10.88  cb_failure         L25-CB3 {'rot': 0.03102}
  t=  10.88  cb_failure         L26-CB1 {'rot': 0.03228}
  t=  10.88  cb_failure         L27-CB1 {'rot': 0.03118}
  t=  11.00  cb_failure         L26-CB3 {'rot': 0.03434}
  t=  11.00  cb_failure         L27-CB3 {'rot': 0.03365}
  t=  11.00  cb_failure         L28-CB3 {'rot': 0.03266}
  t=  11.00  cb_failure         L29-CB3 {'rot': 0.03137}
  t=  11.13  cb_failure         L30-CB3 {'rot': 0.03159}
  t=  11.13  cb_failure         L31-CB3 {'rot': 0.03064}
  t=  12.00  cb_failure         L22-CB0 {'rot': 0.03446}
  t=  12.00  cb_failure         L23-CB0 {'rot': 0.03333}
  t=  12.00  cb_failure         L24-CB0 {'rot': 0.0315}
  t=  12.13  cb_failure         L25-CB0 {'rot': 0.03316}
  t=  12.13  cb_failure         L26-CB0 {'rot': 0.03075}
  t=  12.13  cb_failure         L28-CB1 {'rot': 0.03274}
  t=  12.25  cb_failure         L20-CB2 {'rot': 0.0321}
  t=  12.25  cb_failure         L21-CB2 {'rot': 0.03375}
  t=  12.25  cb_failure         L22-CB2 {'rot': 0.03461}
  t=  12.25  cb_failure         L23-CB2 {'rot': 0.03467}
  t=  12.25  cb_failure         L24-CB2 {'rot': 0.03392}
  t=  12.25  cb_failure         L25-CB2 {'rot': 0.03258}
  t=  12.25  cb_failure         L26-CB2 {'rot': 0.03069}
  t=  12.25  cb_failure         L27-CB0 {'rot': 0.03533}
  t=  12.25  cb_failure         L28-CB0 {'rot': 0.03245}
  t=  12.25  cb_failure         L29-CB1 {'rot': 0.03541}
  t=  12.25  cb_failure         L30-CB1 {'rot': 0.0321}
  t=  12.38  cb_failure         L27-CB2 {'rot': 0.03388}
  t=  12.38  cb_failure         L28-CB2 {'rot': 0.03144}
  t=  12.38  cb_failure         L29-CB0 {'rot': 0.03064}
  t=  12.38  cb_failure         L31-CB1 {'rot': 0.03313}
  t=  12.38  cb_failure         L32-CB1 {'rot': 0.03144}
  t=  12.38  cb_failure         L33-CB1 {'rot': 0.03078}
  t=  12.50  cb_failure         L29-CB2 {'rot': 0.03474}
  t=  12.50  cb_failure         L30-CB2 {'rot': 0.03286}
  t=  12.50  cb_failure         L31-CB2 {'rot': 0.03121}
  t=  12.50  cb_failure         L32-CB3 {'rot': 0.03706}
  t=  12.50  cb_failure         L33-CB3 {'rot': 0.03653}
  t=  13.13  cb_failure         L5-CB0 {'rot': 0.03214}
  t=  13.63  cb_failure         L4-CB0 {'rot': 0.03144}
  t=  14.75  cb_failure         L32-CB2 {'rot': 0.03118}
  t=  14.75  cb_failure         L33-CB2 {'rot': 0.03071}
  t=  16.88  cb_failure         L30-CB0 {'rot': 0.03634}
  t=  16.88  cb_failure         L31-CB0 {'rot': 0.03577}
  t=  16.88  cb_failure         L32-CB0 {'rot': 0.03528}
  t=  16.88  cb_failure         L33-CB0 {'rot': 0.03507}
  t=  17.63  cb_failure         L3-CB1 {'rot': 0.03098}
  t=  17.63  cb_failure         L4-CB1 {'rot': 0.03664}
  t=  17.75  cb_failure         L2-CB1 {'rot': 0.03313}
  progress t=  20.0s  max corner drift so far=0.0181  wall clock=298s
  t=  20.25  cb_failure         L4-CB3 {'rot': 0.03468}
  t=  20.37  cb_failure         L3-CB3 {'rot': 0.0323}
  t=  20.62  cb_failure         L4-CB2 {'rot': 0.03076}
  t=  21.12  cb_failure         L2-CB3 {'rot': 0.03096}
  t=  27.37  cb_failure         L1-CB1 {'rot': 0.03204}
  t=  27.37  cb_failure         L1-CB3 {'rot': 0.03764}
  t=  27.40  wall_axial_failure S1-F {'gamma': 0.00093, 'eps': -0.00695, 'cause': 'crushing'}
  t=  27.50  cb_failure         L2-CB0 {'rot': 0.03085}
  t=  27.50  cb_failure         L3-CB0 {'rot': 0.03236}
  t=  27.50  cb_failure         L3-CB2 {'rot': 0.03489}
  t=  27.60  wall_axial_failure S1-M {'gamma': 0.00229, 'eps': -0.00819, 'cause': 'crushing'}
  t=  27.62  cb_failure         L1-CB0 {'rot': 0.05154}
  t=  27.62  cb_failure         L2-CB2 {'rot': 0.03712}
  t=  27.75  punching           L29-col19 {'drift': np.float64(0.0153), 'vg_vc': 0.509, 'conn': 'column'}
  t=  27.75  punching           L30-col19 {'drift': np.float64(0.015), 'vg_vc': 0.509, 'conn': 'column'}
  t=  27.75  punching           L31-col19 {'drift': np.float64(0.0148), 'vg_vc': 0.511, 'conn': 'column'}
  t=  27.75  punching           L32-col19 {'drift': np.float64(0.0146), 'vg_vc': 0.512, 'conn': 'column'}
  t=  27.75  punching           L33-col19 {'drift': np.float64(0.0144), 'vg_vc': 0.554, 'conn': 'column'}
  t=  27.75  cb_failure         L1-CB2 {'rot': 0.10772}
  t=  27.87  punching           L33-col20 {'drift': np.float64(0.0166), 'vg_vc': 0.474, 'conn': 'column'}
