  t=   1.85  cb_yield           L5-CB1 {'rot': 0.00619}
  t=   1.85  cb_yield           L5-CB2 {'rot': 0.00614}
  t=   1.85  cb_yield           L5-CB3 {'rot': 0.00636}
  t=   1.85  cb_yield           L6-CB1 {'rot': 0.00621}
  t=   1.85  cb_yield           L6-CB2 {'rot': 0.00616}
  t=   1.85  cb_yield           L6-CB3 {'rot': 0.00639}
  t=   1.85  cb_yield           L7-CB3 {'rot': 0.00624}
  t=   1.90  cb_yield           L4-CB0 {'rot': 0.00622}
  t=   1.90  cb_yield           L4-CB1 {'rot': 0.00645}
  t=   1.90  cb_yield           L4-CB2 {'rot': 0.00638}
  t=   1.90  cb_yield           L4-CB3 {'rot': 0.0066}
  t=   1.90  cb_yield           L5-CB0 {'rot': 0.00656}
  t=   1.90  cb_yield           L6-CB0 {'rot': 0.00665}
  t=   1.90  cb_yield           L7-CB0 {'rot': 0.00652}
  t=   1.90  cb_yield           L7-CB1 {'rot': 0.00682}
  t=   1.90  cb_yield           L7-CB2 {'rot': 0.00671}
  t=   1.90  cb_yield           L8-CB0 {'rot': 0.00625}
  t=   1.90  cb_yield           L8-CB1 {'rot': 0.00656}
  t=   1.90  cb_yield           L8-CB2 {'rot': 0.00644}
  t=   1.90  cb_yield           L8-CB3 {'rot': 0.00675}
  t=   1.90  cb_yield           L9-CB1 {'rot': 0.00618}
  t=   1.90  cb_yield           L9-CB3 {'rot': 0.00638}
  t=   1.95  cb_yield           L3-CB1 {'rot': 0.00611}
  t=   1.95  cb_yield           L3-CB3 {'rot': 0.00622}
  t=   1.95  cb_yield           L9-CB0 {'rot': 0.00663}
  t=   1.95  cb_yield           L9-CB2 {'rot': 0.00682}
  t=   1.95  cb_yield           L10-CB0 {'rot': 0.00615}
  t=   1.95  cb_yield           L10-CB1 {'rot': 0.00655}
  t=   1.95  cb_yield           L10-CB2 {'rot': 0.00634}
  t=   1.95  cb_yield           L10-CB3 {'rot': 0.00675}
  t=   1.95  cb_yield           L11-CB3 {'rot': 0.00624}
  t=   2.00  cb_yield           L3-CB2 {'rot': 0.00618}
  t=   2.00  cb_yield           L11-CB0 {'rot': 0.00641}
  t=   2.00  cb_yield           L11-CB1 {'rot': 0.00686}
  t=   2.00  cb_yield           L11-CB2 {'rot': 0.0066}
  t=   2.00  cb_yield           L12-CB1 {'rot': 0.0063}
  t=   2.00  cb_yield           L12-CB3 {'rot': 0.00651}
  t=   2.05  cb_yield           L3-CB0 {'rot': 0.00617}
  t=   2.05  cb_yield           L12-CB0 {'rot': 0.00659}
  t=   2.05  cb_yield           L12-CB2 {'rot': 0.00678}
  t=   2.05  cb_yield           L13-CB1 {'rot': 0.00648}
  t=   2.05  cb_yield           L13-CB2 {'rot': 0.00615}
  t=   2.05  cb_yield           L13-CB3 {'rot': 0.00669}
  t=   2.10  cb_yield           L13-CB0 {'rot': 0.0067}
  t=   2.10  cb_yield           L14-CB1 {'rot': 0.00665}
  t=   2.10  cb_yield           L14-CB2 {'rot': 0.00627}
  t=   2.10  cb_yield           L14-CB3 {'rot': 0.00688}
  t=   2.10  cb_yield           L15-CB3 {'rot': 0.00627}
  t=   2.15  cb_yield           L14-CB0 {'rot': 0.00681}
  t=   2.15  cb_yield           L15-CB0 {'rot': 0.00618}
  t=   2.15  cb_yield           L15-CB1 {'rot': 0.00682}
  t=   2.15  cb_yield           L15-CB2 {'rot': 0.00641}
  t=   2.15  cb_yield           L16-CB1 {'rot': 0.00621}
  t=   2.15  cb_yield           L16-CB3 {'rot': 0.00647}
  t=   2.20  cb_yield           L16-CB0 {'rot': 0.00621}
  t=   2.20  cb_yield           L16-CB2 {'rot': 0.00648}
  t=   2.25  cb_yield           L17-CB1 {'rot': 0.00671}
  t=   2.25  cb_yield           L17-CB3 {'rot': 0.00702}
  t=   2.30  cb_yield           L17-CB2 {'rot': 0.00679}
  t=   2.30  cb_yield           L18-CB3 {'rot': 0.00683}
  t=   2.35  cb_yield           L17-CB0 {'rot': 0.00697}
  t=   2.35  cb_yield           L18-CB1 {'rot': 0.00708}
  t=   2.35  cb_yield           L19-CB3 {'rot': 0.00679}
  t=   2.40  cb_yield           L18-CB0 {'rot': 0.00688}
  t=   2.40  cb_yield           L18-CB2 {'rot': 0.00725}
  t=   2.40  cb_yield           L19-CB1 {'rot': 0.00718}
  t=   2.40  cb_yield           L19-CB2 {'rot': 0.00668}
  t=   2.40  cb_yield           L20-CB1 {'rot': 0.00664}
  t=   2.40  cb_yield           L20-CB3 {'rot': 0.00707}
  t=   2.45  cb_yield           L19-CB0 {'rot': 0.00712}
  t=   2.45  cb_yield           L20-CB0 {'rot': 0.00664}
  t=   2.45  cb_yield           L20-CB2 {'rot': 0.0071}
  t=   2.45  cb_yield           L21-CB1 {'rot': 0.00719}
  t=   2.45  cb_yield           L21-CB2 {'rot': 0.00666}
  t=   2.45  cb_yield           L21-CB3 {'rot': 0.00769}
  t=   2.45  cb_yield           L22-CB1 {'rot': 0.00673}
  t=   2.45  cb_yield           L22-CB3 {'rot': 0.00726}
  t=   2.45  cb_yield           L23-CB3 {'rot': 0.00684}
  t=   2.50  cb_yield           L21-CB0 {'rot': 0.00725}
  t=   2.50  cb_yield           L22-CB0 {'rot': 0.00677}
  t=   2.50  cb_yield           L22-CB2 {'rot': 0.00732}
  t=   2.50  cb_yield           L23-CB1 {'rot': 0.00745}
  t=   2.50  cb_yield           L23-CB2 {'rot': 0.00685}
  t=   2.50  cb_yield           L24-CB1 {'rot': 0.00694}
  t=   2.50  cb_yield           L24-CB3 {'rot': 0.00755}
  t=   2.50  cb_yield           L25-CB3 {'rot': 0.00705}
  t=   2.55  cb_yield           L23-CB0 {'rot': 0.00736}
  t=   2.55  cb_yield           L24-CB0 {'rot': 0.00675}
  t=   2.55  cb_yield           L24-CB2 {'rot': 0.00738}
  t=   2.55  cb_yield           L25-CB1 {'rot': 0.00744}
  t=   2.55  cb_yield           L25-CB2 {'rot': 0.00677}
  t=   2.55  cb_yield           L26-CB1 {'rot': 0.00679}
  t=   2.55  cb_yield           L26-CB3 {'rot': 0.00747}
  t=   2.55  cb_yield           L27-CB3 {'rot': 0.00685}
  t=   2.60  cb_yield           L25-CB0 {'rot': 0.00707}
  t=   2.60  cb_yield           L26-CB2 {'rot': 0.00697}
  t=   2.60  cb_yield           L27-CB1 {'rot': 0.00688}
  t=   2.60  cb_yield           L28-CB3 {'rot': 0.00682}
  t=   2.65  cb_yield           L26-CB0 {'rot': 0.00714}
  t=   2.65  cb_yield           L27-CB2 {'rot': 0.00684}
  t=   2.65  cb_yield           L28-CB1 {'rot': 0.00663}
  t=   2.70  cb_yield           L27-CB0 {'rot': 0.00681}
  t=   2.70  cb_yield           L29-CB3 {'rot': 0.00663}
  t=   2.75  cb_yield           L28-CB2 {'rot': 0.00661}
  t=   2.85  cb_yield           L29-CB1 {'rot': 0.0069}
  t=   2.90  cb_yield           L28-CB0 {'rot': 0.0068}
  t=   3.75  cb_yield           L29-CB0 {'rot': 0.00674}
  t=   3.75  cb_yield           L29-CB2 {'rot': 0.00677}
  t=   4.35  cb_yield           L2-CB0 {'rot': 0.00632}
  t=   4.40  cb_yield           L2-CB1 {'rot': 0.00697}
  t=   4.40  cb_yield           L2-CB2 {'rot': 0.00635}
  t=   4.45  cb_yield           L2-CB3 {'rot': 0.00687}
  t=   4.45  cb_yield           L30-CB3 {'rot': 0.00677}
  t=   4.50  cb_yield           L31-CB3 {'rot': 0.00741}
  t=   4.50  cb_yield           L32-CB3 {'rot': 0.0071}
  t=   4.50  cb_yield           L33-CB3 {'rot': 0.0069}
  t=   4.55  cb_yield           L1-CB0 {'rot': 0.0062}
  t=   4.55  cb_yield           L30-CB2 {'rot': 0.0072}
  t=   4.55  cb_yield           L31-CB2 {'rot': 0.00686}
  t=   4.60  cb_yield           L1-CB1 {'rot': 0.00627}
  t=   4.60  cb_yield           L32-CB2 {'rot': 0.00677}
  t=   4.80  cb_yield           L1-CB3 {'rot': 0.00611}
  t=   7.30  cb_yield           L33-CB2 {'rot': 0.0068}
  t=   8.05  cb_yield           L30-CB1 {'rot': 0.00668}
  t=   8.15  cb_yield           L31-CB1 {'rot': 0.00702}
  t=   8.20  cb_yield           L32-CB1 {'rot': 0.00713}
  t=   8.20  cb_yield           L33-CB1 {'rot': 0.00692}
  t=   8.30  cb_failure         L11-CB1 {'rot': 0.03036}
  t=   8.30  cb_failure         L12-CB1 {'rot': 0.03082}
  t=   8.30  cb_failure         L13-CB1 {'rot': 0.031}
  t=   8.30  cb_failure         L14-CB1 {'rot': 0.03088}
  t=   8.30  cb_failure         L15-CB1 {'rot': 0.03049}
  t=   8.35  cb_failure         L9-CB1 {'rot': 0.03064}
  t=   8.35  cb_failure         L10-CB1 {'rot': 0.03186}
  t=   8.35  cb_failure         L11-CB0 {'rot': 0.03021}
  t=   8.35  cb_failure         L12-CB0 {'rot': 0.03072}
  t=   8.35  cb_failure         L13-CB0 {'rot': 0.03091}
  t=   8.35  cb_failure         L14-CB0 {'rot': 0.03074}
  t=   8.35  cb_failure         L15-CB0 {'rot': 0.03026}
  t=   8.35  cb_failure         L16-CB1 {'rot': 0.03238}
  t=   8.35  cb_failure         L17-CB1 {'rot': 0.03114}
  t=   8.40  cb_yield           L1-CB2 {'rot': 0.00622}
  t=   8.40  cb_failure         L8-CB1 {'rot': 0.03116}
  t=   8.40  cb_failure         L9-CB0 {'rot': 0.03041}
  t=   8.40  cb_failure         L10-CB0 {'rot': 0.03161}
  t=   8.40  cb_failure         L12-CB3 {'rot': 0.03017}
  t=   8.40  cb_failure         L13-CB3 {'rot': 0.03014}
  t=   8.40  cb_failure         L16-CB0 {'rot': 0.03168}
  t=   8.40  cb_failure         L18-CB1 {'rot': 0.03144}
  t=   8.45  cb_failure         L7-CB1 {'rot': 0.03118}
  t=   8.45  cb_failure         L8-CB0 {'rot': 0.03098}
  t=   8.45  cb_failure         L9-CB3 {'rot': 0.03066}
  t=   8.45  cb_failure         L10-CB3 {'rot': 0.03168}
  t=   8.45  cb_failure         L11-CB3 {'rot': 0.0323}
  t=   8.45  cb_failure         L14-CB3 {'rot': 0.03204}
  t=   8.45  cb_failure         L15-CB3 {'rot': 0.03127}
  t=   8.45  cb_failure         L16-CB3 {'rot': 0.03018}
  t=   8.45  cb_failure         L17-CB0 {'rot': 0.03198}
  t=   8.45  cb_failure         L19-CB1 {'rot': 0.03083}
  t=   8.50  cb_failure         L7-CB0 {'rot': 0.03099}
  t=   8.50  cb_failure         L8-CB3 {'rot': 0.03131}
  t=   8.50  cb_failure         L9-CB2 {'rot': 0.03039}
  t=   8.50  cb_failure         L10-CB2 {'rot': 0.03132}
  t=   8.50  cb_failure         L11-CB2 {'rot': 0.03179}
  t=   8.50  cb_failure         L12-CB2 {'rot': 0.03188}
  t=   8.50  cb_failure         L13-CB2 {'rot': 0.03158}
  t=   8.50  cb_failure         L14-CB2 {'rot': 0.03091}
  t=   8.50  cb_failure         L18-CB0 {'rot': 0.03143}
  t=   8.55  cb_failure         L6-CB1 {'rot': 0.03163}
  t=   8.55  cb_failure         L7-CB3 {'rot': 0.03083}
  t=   8.55  cb_failure         L8-CB2 {'rot': 0.03076}
  t=   8.55  cb_failure         L15-CB2 {'rot': 0.032}
  t=   8.55  cb_failure         L16-CB2 {'rot': 0.03062}
  t=   8.55  cb_failure         L17-CB3 {'rot': 0.03213}
  t=   8.60  cb_failure         L6-CB0 {'rot': 0.03098}
  t=   8.60  cb_failure         L18-CB3 {'rot': 0.03119}
  t=   8.60  cb_failure         L20-CB1 {'rot': 0.03071}
  t=   8.65  cb_failure         L7-CB2 {'rot': 0.03098}
  t=   8.65  cb_failure         L17-CB2 {'rot': 0.03217}
  t=   8.65  cb_failure         L19-CB0 {'rot': 0.03147}
  t=   8.70  cb_failure         L5-CB1 {'rot': 0.03017}
  t=   8.70  cb_failure         L6-CB3 {'rot': 0.03074}
  t=   8.70  cb_failure         L18-CB2 {'rot': 0.03102}
  t=   8.70  cb_failure         L19-CB3 {'rot': 0.0314}
  t=   8.80  cb_failure         L19-CB2 {'rot': 0.03139}
  t=   8.80  cb_failure         L20-CB0 {'rot': 0.03065}
  t=   8.80  cb_failure         L20-CB3 {'rot': 0.03153}
  t=   8.85  cb_failure         L21-CB1 {'rot': 0.03091}
  t=   8.90  cb_failure         L20-CB2 {'rot': 0.03135}
  t=   8.90  cb_failure         L21-CB3 {'rot': 0.03135}
  t=   9.00  cb_failure         L21-CB0 {'rot': 0.03071}
  t=   9.00  cb_failure         L21-CB2 {'rot': 0.03128}
  t=   9.00  cb_failure         L22-CB3 {'rot': 0.03093}
  t=   9.05  cb_failure         L22-CB1 {'rot': 0.03075}
  t=   9.10  cb_failure         L22-CB2 {'rot': 0.03107}
  t=   9.10  cb_failure         L23-CB3 {'rot': 0.03068}
  t=   9.20  cb_failure         L22-CB0 {'rot': 0.03084}
  t=   9.25  cb_failure         L23-CB1 {'rot': 0.03155}
  t=   9.25  cb_failure         L23-CB2 {'rot': 0.0322}
  t=   9.25  cb_failure         L24-CB3 {'rot': 0.03212}
  t=   9.30  cb_failure         L25-CB3 {'rot': 0.03061}
  t=   9.35  cb_failure         L24-CB1 {'rot': 0.03062}
  t=   9.35  cb_failure         L24-CB2 {'rot': 0.03097}
  t=   9.45  cb_yield           L30-CB0 {'rot': 0.00741}
  t=   9.50  cb_yield           L31-CB0 {'rot': 0.00691}
  t=   9.55  cb_failure         L5-CB3 {'rot': 0.03022}
  t=   9.55  cb_failure         L6-CB2 {'rot': 0.03023}
  t=   9.55  cb_yield           L32-CB0 {'rot': 0.00675}
  t=   9.60  cb_failure         L23-CB0 {'rot': 0.03062}
  t=   9.60  cb_failure         L25-CB1 {'rot': 0.0313}
  t=   9.60  cb_yield           L33-CB0 {'rot': 0.00674}
  t=   9.65  cb_failure         L4-CB1 {'rot': 0.03137}
  t=   9.65  cb_failure         L4-CB3 {'rot': 0.0312}
  t=   9.65  cb_failure         L5-CB0 {'rot': 0.03172}
  t=   9.65  cb_failure         L5-CB2 {'rot': 0.03189}
  t=   9.70  cb_failure         L4-CB2 {'rot': 0.03017}
  t=   9.70  cb_failure         L26-CB1 {'rot': 0.03061}
  t=   9.75  cb_failure         L4-CB0 {'rot': 0.03179}
  t=   9.80  cb_failure         L3-CB1 {'rot': 0.03101}
  t=   9.80  cb_failure         L3-CB3 {'rot': 0.03161}
  t=   9.90  cb_failure         L3-CB2 {'rot': 0.03024}
  progress t=  10.0s  max corner drift so far=0.0105  wall clock=307s
  t=  10.45  cb_failure         L24-CB0 {'rot': 0.03115}
  t=  10.65  cb_failure         L25-CB0 {'rot': 0.03102}
  t=  10.75  cb_failure         L27-CB1 {'rot': 0.0314}
  t=  10.85  cb_failure         L26-CB3 {'rot': 0.03216}
  t=  10.85  cb_failure         L28-CB1 {'rot': 0.03147}
  t=  10.90  cb_failure         L27-CB3 {'rot': 0.03308}
  t=  10.90  cb_failure         L29-CB1 {'rot': 0.03092}
  t=  10.95  cb_failure         L25-CB2 {'rot': 0.03166}
  t=  10.95  cb_failure         L28-CB3 {'rot': 0.03604}
  t=  10.95  cb_failure         L29-CB3 {'rot': 0.03319}
  t=  10.95  cb_failure         L30-CB1 {'rot': 0.03207}
  t=  10.95  cb_failure         L30-CB3 {'rot': 0.03068}
  t=  11.00  cb_failure         L26-CB0 {'rot': 0.03063}
  t=  11.00  cb_failure         L26-CB2 {'rot': 0.03288}
  t=  11.00  cb_failure         L27-CB2 {'rot': 0.03062}
  t=  11.00  cb_failure         L31-CB1 {'rot': 0.03324}
  t=  11.00  cb_failure         L31-CB3 {'rot': 0.03496}
  t=  11.00  cb_failure         L32-CB1 {'rot': 0.0321}
  t=  11.00  cb_failure         L32-CB3 {'rot': 0.0337}
  t=  11.00  cb_failure         L33-CB1 {'rot': 0.03096}
  t=  11.00  cb_failure         L33-CB3 {'rot': 0.03235}
  t=  11.05  cb_failure         L28-CB2 {'rot': 0.03366}
  t=  11.05  cb_failure         L29-CB2 {'rot': 0.03139}
  t=  11.10  cb_failure         L27-CB0 {'rot': 0.032}
  t=  11.10  cb_failure         L30-CB2 {'rot': 0.03515}
  t=  11.10  cb_failure         L31-CB2 {'rot': 0.03359}
  t=  11.10  cb_failure         L32-CB2 {'rot': 0.03244}
  t=  11.10  cb_failure         L33-CB2 {'rot': 0.03197}
  t=  11.15  cb_failure         L28-CB0 {'rot': 0.03089}
  t=  15.90  cb_failure         L29-CB0 {'rot': 0.03182}
  t=  15.95  cb_failure         L30-CB0 {'rot': 0.03205}
  t=  15.95  cb_failure         L31-CB0 {'rot': 0.03071}
  t=  16.00  cb_failure         L32-CB0 {'rot': 0.0316}
  t=  16.00  cb_failure         L33-CB0 {'rot': 0.03121}
  t=  17.80  cb_failure         L2-CB1 {'rot': 0.03211}
  progress t=  20.0s  max corner drift so far=0.0220  wall clock=637s
  t=  21.05  cb_failure         L2-CB3 {'rot': 0.03095}
  t=  21.30  cb_failure         L2-CB2 {'rot': 0.03052}
  t=  21.50  cb_failure         L1-CB3 {'rot': 0.03031}
  t=  24.07  punching           L29-col25 {'drift': np.float64(0.0216), 'vg_vc': 0.371, 'conn': 'column'}
  t=  24.09  punching           L30-col25 {'drift': np.float64(0.0217), 'vg_vc': 0.369, 'conn': 'column'}
  t=  24.10  punching           L31-col25 {'drift': np.float64(0.0216), 'vg_vc': 0.4, 'conn': 'column'}
  t=  24.10  punching           L32-col25 {'drift': np.float64(0.0213), 'vg_vc': 0.406, 'conn': 'column'}
  t=  24.25  punching           L22-col25 {'drift': np.float64(0.0244), 'vg_vc': 0.321, 'conn': 'column'}
  t=  24.25  punching           L23-col25 {'drift': np.float64(0.0245), 'vg_vc': 0.321, 'conn': 'column'}
  t=  24.25  punching           L24-col25 {'drift': np.float64(0.0245), 'vg_vc': 0.321, 'conn': 'column'}
  t=  24.25  punching           L25-col25 {'drift': np.float64(0.0244), 'vg_vc': 0.32, 'conn': 'column'}
  t=  24.25  punching           L26-col25 {'drift': np.float64(0.0242), 'vg_vc': 0.319, 'conn': 'column'}
  t=  24.25  punching           L33-col25 {'drift': np.float64(0.0226), 'vg_vc': 0.385, 'conn': 'column'}
  t=  24.26  punching           L21-col25 {'drift': np.float64(0.024), 'vg_vc': 0.32, 'conn': 'column'}
  t=  24.27  punching           L27-col25 {'drift': np.float64(0.0242), 'vg_vc': 0.316, 'conn': 'column'}
  t=  24.90  punching           L29-col24 {'drift': np.float64(0.0204), 'vg_vc': 0.398, 'conn': 'column'}
  t=  25.05  punching           L30-col24 {'drift': np.float64(0.02), 'vg_vc': 0.431, 'conn': 'column'}
  t=  25.05  punching           L31-col24 {'drift': np.float64(0.0197), 'vg_vc': 0.433, 'conn': 'column'}
  t=  25.05  punching           L32-col24 {'drift': np.float64(0.0194), 'vg_vc': 0.43, 'conn': 'column'}
  t=  27.82  punching           L29-col3 {'drift': np.float64(0.0211), 'vg_vc': 0.379, 'conn': 'column'}
  t=  27.83  punching           L30-col3 {'drift': np.float64(0.0213), 'vg_vc': 0.378, 'conn': 'column'}
  t=  27.83  punching           L31-col3 {'drift': np.float64(0.0211), 'vg_vc': 0.378, 'conn': 'column'}
  t=  27.84  punching           L32-col3 {'drift': np.float64(0.0213), 'vg_vc': 0.378, 'conn': 'column'}
  t=  27.85  punching           L33-col3 {'drift': np.float64(0.0214), 'vg_vc': 0.493, 'conn': 'column'}
  t=  27.90  punching           L29-col8 {'drift': np.float64(0.0213), 'vg_vc': 0.395, 'conn': 'column'}
  t=  27.90  punching           L30-col8 {'drift': np.float64(0.0212), 'vg_vc': 0.396, 'conn': 'column'}
  t=  27.90  punching           L33-col8 {'drift': np.float64(0.0208), 'vg_vc': 0.44, 'conn': 'column'}
  t=  27.92  punching           L29-col2 {'drift': np.float64(0.0194), 'vg_vc': 0.415, 'conn': 'column'}
  t=  27.92  punching           L31-col8 {'drift': np.float64(0.0216), 'vg_vc': 0.37, 'conn': 'column'}
  t=  27.93  punching           L30-col2 {'drift': np.float64(0.0197), 'vg_vc': 0.412, 'conn': 'column'}
  t=  27.94  punching           L32-col2 {'drift': np.float64(0.0197), 'vg_vc': 0.408, 'conn': 'column'}
  t=  27.95  punching           L31-col2 {'drift': np.float64(0.0201), 'vg_vc': 0.533, 'conn': 'column'}
  t=  27.99  punching           L33-col2 {'drift': np.float64(0.021), 'vg_vc': 0.383, 'conn': 'column'}
  t=  28.00  punching           L25-col3 {'drift': np.float64(0.0246), 'vg_vc': 0.316, 'conn': 'column'}
  t=  28.00  punching           L26-col3 {'drift': np.float64(0.0251), 'vg_vc': 0.317, 'conn': 'column'}
  t=  28.00  punching           L27-col3 {'drift': np.float64(0.0254), 'vg_vc': 0.316, 'conn': 'column'}
  t=  28.00  punching           L28-col3 {'drift': np.float64(0.0257), 'vg_vc': 0.31, 'conn': 'column'}
  t=  28.00  punching           L32-col7 {'drift': np.float64(0.0184), 'vg_vc': 0.451, 'conn': 'column'}
  t=  28.01  punching           L31-col7 {'drift': np.float64(0.0187), 'vg_vc': 0.428, 'conn': 'column'}
  t=  28.02  punching           L29-col7 {'drift': np.float64(0.0189), 'vg_vc': 0.424, 'conn': 'column'}
  t=  28.02  punching           L30-col7 {'drift': np.float64(0.0189), 'vg_vc': 0.425, 'conn': 'column'}
  t=  28.02  punching           L32-col8 {'drift': np.float64(0.0237), 'vg_vc': 0.328, 'conn': 'column'}
  t=  28.10  punching           L26-col2 {'drift': np.float64(0.022), 'vg_vc': 0.366, 'conn': 'column'}
  t=  28.10  punching           L27-col2 {'drift': np.float64(0.0226), 'vg_vc': 0.369, 'conn': 'column'}
  t=  28.10  punching           L28-col2 {'drift': np.float64(0.0231), 'vg_vc': 0.368, 'conn': 'column'}
  t=  28.10  punching           L33-col7 {'drift': np.float64(0.0204), 'vg_vc': 0.456, 'conn': 'column'}
  t=  28.11  punching           L21-col21 {'drift': np.float64(0.0271), 'vg_vc': 0.259, 'conn': 'column'}
  t=  28.13  punching           L22-col21 {'drift': np.float64(0.0273), 'vg_vc': 0.255, 'conn': 'column'}
  t=  28.14  punching           L20-col21 {'drift': np.float64(0.0277), 'vg_vc': 0.249, 'conn': 'column'}
  t=  28.15  punching           L18-col21 {'drift': np.float64(0.027), 'vg_vc': 0.265, 'conn': 'column'}
  t=  28.15  punching           L19-col21 {'drift': np.float64(0.0276), 'vg_vc': 0.274, 'conn': 'column'}
  t=  28.15  punching           L23-col21 {'drift': np.float64(0.027), 'vg_vc': 0.264, 'conn': 'column'}
  t=  28.15  punching           L24-col3 {'drift': np.float64(0.0245), 'vg_vc': 0.314, 'conn': 'column'}
  t=  28.20  punching           L28-col7 {'drift': np.float64(0.0215), 'vg_vc': 0.376, 'conn': 'column'}
  t=  28.20  punching           L30-col1 {'drift': np.float64(0.0213), 'vg_vc': 0.375, 'conn': 'column'}
  t=  28.22  punching           L29-col1 {'drift': np.float64(0.0213), 'vg_vc': 0.374, 'conn': 'column'}
  t=  28.22  punching           L32-col1 {'drift': np.float64(0.0215), 'vg_vc': 0.371, 'conn': 'column'}
  t=  28.23  punching           L31-col1 {'drift': np.float64(0.0215), 'vg_vc': 0.369, 'conn': 'column'}
  t=  28.25  punching           L17-col21 {'drift': np.float64(0.0271), 'vg_vc': 0.259, 'conn': 'column'}
  t=  28.25  punching           L23-col3 {'drift': np.float64(0.0234), 'vg_vc': 0.339, 'conn': 'column'}
  t=  28.25  punching           L28-col8 {'drift': np.float64(0.0262), 'vg_vc': 0.315, 'conn': 'column'}
  t=  28.28  punching           L24-col21 {'drift': np.float64(0.0274), 'vg_vc': 0.252, 'conn': 'column'}
  t=  28.30  punching           L30-col6 {'drift': np.float64(0.0186), 'vg_vc': 0.43, 'conn': 'column'}
  t=  28.30  punching           L32-col6 {'drift': np.float64(0.0187), 'vg_vc': 0.432, 'conn': 'column'}
  t=  28.45  punching           L32-col9 {'drift': np.float64(0.0296), 'vg_vc': 0.223, 'conn': 'column'}
  t=  28.50  punching           L25-col21 {'drift': np.float64(0.027), 'vg_vc': 0.269, 'conn': 'column'}
  t=  28.50  punching           L29-col6 {'drift': np.float64(0.0184), 'vg_vc': 0.435, 'conn': 'column'}
  t=  28.50  punching           L29-col21 {'drift': np.float64(0.0258), 'vg_vc': 0.288, 'conn': 'column'}
  t=  28.50  punching           L30-col21 {'drift': np.float64(0.0257), 'vg_vc': 0.286, 'conn': 'column'}
  t=  28.50  punching           L31-col6 {'drift': np.float64(0.0187), 'vg_vc': 0.441, 'conn': 'column'}
  t=  28.55  punching           L29-col9 {'drift': np.float64(0.0294), 'vg_vc': 0.213, 'conn': 'column'}
  t=  28.55  punching           L29-col20 {'drift': np.float64(0.0227), 'vg_vc': 0.352, 'conn': 'column'}
  t=  28.55  punching           L30-col9 {'drift': np.float64(0.0296), 'vg_vc': 0.217, 'conn': 'column'}
  t=  28.55  punching           L30-col20 {'drift': np.float64(0.0226), 'vg_vc': 0.355, 'conn': 'column'}
  t=  28.55  punching           L31-col9 {'drift': np.float64(0.0296), 'vg_vc': 0.212, 'conn': 'column'}
  t=  28.55  punching           L33-col1 {'drift': np.float64(0.0216), 'vg_vc': 0.398, 'conn': 'column'}
  t=  28.60  punching           L31-col21 {'drift': np.float64(0.0257), 'vg_vc': 0.332, 'conn': 'column'}
  t=  28.60  punching           L32-col21 {'drift': np.float64(0.0257), 'vg_vc': 0.341, 'conn': 'column'}
  t=  28.60  punching           L33-col6 {'drift': np.float64(0.0186), 'vg_vc': 0.47, 'conn': 'column'}
  t=  28.60  punching           L33-col21 {'drift': np.float64(0.0256), 'vg_vc': 0.314, 'conn': 'column'}
  t=  28.65  punching           L32-col20 {'drift': np.float64(0.0226), 'vg_vc': 0.367, 'conn': 'column'}
  t=  28.70  punching           L26-col21 {'drift': np.float64(0.0265), 'vg_vc': 0.303, 'conn': 'column'}
  t=  28.70  punching           L27-col21 {'drift': np.float64(0.0261), 'vg_vc': 0.311, 'conn': 'column'}
  t=  28.70  punching           L28-col21 {'drift': np.float64(0.0259), 'vg_vc': 0.313, 'conn': 'column'}
  t=  28.70  punching           L33-col9 {'drift': np.float64(0.0296), 'vg_vc': 0.216, 'conn': 'column'}
  t=  28.75  punching           L31-col20 {'drift': np.float64(0.0226), 'vg_vc': 0.368, 'conn': 'column'}
  t=  28.75  punching           L33-col20 {'drift': np.float64(0.0225), 'vg_vc': 0.35, 'conn': 'column'}
  t=  29.20  cb_failure         L1-CB1 {'rot': 0.03159}
  t=  29.55  punching           L29-col12 {'drift': np.float64(0.014), 'vg_vc': 0.523, 'conn': 'column'}
  t=  29.55  punching           L30-col12 {'drift': np.float64(0.0142), 'vg_vc': 0.519, 'conn': 'column'}
  t=  29.55  punching           L31-col12 {'drift': np.float64(0.0142), 'vg_vc': 0.521, 'conn': 'column'}
  t=  29.63  wall_axial_failure S1-F {'gamma': 0.00153, 'eps': -0.00652, 'cause': 'crushing'}
  t=  29.65  punching           L1-corecR24 {'drift': np.float64(0.0076), 'vg_vc': 0.992, 'conn': 'wall'}
  t=  29.65  punching           L2-corecR24 {'drift': np.float64(0.0086), 'vg_vc': 0.732, 'conn': 'wall'}
  t=  29.65  punching           L32-col12 {'drift': np.float64(0.0142), 'vg_vc': 0.539, 'conn': 'column'}
  t=  29.65  punching           L33-col12 {'drift': np.float64(0.0141), 'vg_vc': 0.569, 'conn': 'column'}
  t=  29.85  punching           L29-col15 {'drift': np.float64(0.0133), 'vg_vc': 0.585, 'conn': 'column'}
  t=  29.85  punching           L30-col15 {'drift': np.float64(0.0134), 'vg_vc': 0.579, 'conn': 'column'}
  t=  29.85  punching           L31-col15 {'drift': np.float64(0.0134), 'vg_vc': 0.578, 'conn': 'column'}
  t=  29.85  punching           L32-col15 {'drift': np.float64(0.0134), 'vg_vc': 0.571, 'conn': 'column'}
  t=  29.85  punching           L32-col19 {'drift': np.float64(0.0179), 'vg_vc': 0.442, 'conn': 'column'}
  t=  29.85  punching           L33-col15 {'drift': np.float64(0.0133), 'vg_vc': 0.566, 'conn': 'column'}
  t=  29.90  punching           L29-col19 {'drift': np.float64(0.018), 'vg_vc': 0.459, 'conn': 'column'}
  t=  29.90  punching           L30-col19 {'drift': np.float64(0.018), 'vg_vc': 0.448, 'conn': 'column'}
  t=  29.95  punching           L33-col19 {'drift': np.float64(0.0179), 'vg_vc': 0.444, 'conn': 'column'}
  t=  30.00  punching           L31-col19 {'drift': np.float64(0.018), 'vg_vc': 0.447, 'conn': 'column'}
  progress t=  30.0s  max corner drift so far=0.0315  wall clock=1011s
  t=  30.05  punching           L29-col18 {'drift': np.float64(0.0153), 'vg_vc': 0.515, 'conn': 'column'}
  t=  30.05  punching           L30-col18 {'drift': np.float64(0.0154), 'vg_vc': 0.511, 'conn': 'column'}
  t=  30.05  punching           L32-col18 {'drift': np.float64(0.0154), 'vg_vc': 0.523, 'conn': 'column'}
  t=  30.05  punching           L33-col18 {'drift': np.float64(0.0153), 'vg_vc': 0.503, 'conn': 'column'}
