  t=   1.87  cb_yield           L4-CB1 {'rot': 0.00619}
  t=   1.87  cb_yield           L4-CB2 {'rot': 0.00613}
  t=   1.87  cb_yield           L4-CB3 {'rot': 0.00633}
  t=   1.87  cb_yield           L5-CB0 {'rot': 0.00627}
  t=   1.87  cb_yield           L5-CB1 {'rot': 0.0065}
  t=   1.87  cb_yield           L5-CB2 {'rot': 0.00643}
  t=   1.87  cb_yield           L5-CB3 {'rot': 0.00666}
  t=   1.87  cb_yield           L6-CB0 {'rot': 0.00631}
  t=   1.87  cb_yield           L6-CB1 {'rot': 0.00656}
  t=   1.87  cb_yield           L6-CB2 {'rot': 0.00648}
  t=   1.87  cb_yield           L6-CB3 {'rot': 0.00674}
  t=   1.87  cb_yield           L7-CB0 {'rot': 0.00616}
  t=   1.87  cb_yield           L7-CB1 {'rot': 0.00642}
  t=   1.87  cb_yield           L7-CB2 {'rot': 0.00634}
  t=   1.87  cb_yield           L7-CB3 {'rot': 0.00662}
  t=   1.87  cb_yield           L8-CB1 {'rot': 0.00615}
  t=   1.87  cb_yield           L8-CB3 {'rot': 0.00634}
  t=   2.00  cb_yield           L3-CB1 {'rot': 0.00632}
  t=   2.00  cb_yield           L3-CB2 {'rot': 0.00618}
  t=   2.00  cb_yield           L3-CB3 {'rot': 0.00641}
  t=   2.00  cb_yield           L4-CB0 {'rot': 0.00694}
  t=   2.00  cb_yield           L8-CB0 {'rot': 0.0077}
  t=   2.00  cb_yield           L8-CB2 {'rot': 0.00789}
  t=   2.00  cb_yield           L9-CB0 {'rot': 0.00737}
  t=   2.00  cb_yield           L9-CB1 {'rot': 0.00778}
  t=   2.00  cb_yield           L9-CB2 {'rot': 0.00757}
  t=   2.00  cb_yield           L9-CB3 {'rot': 0.00799}
  t=   2.00  cb_yield           L10-CB0 {'rot': 0.00692}
  t=   2.00  cb_yield           L10-CB1 {'rot': 0.00735}
  t=   2.00  cb_yield           L10-CB2 {'rot': 0.00712}
  t=   2.00  cb_yield           L10-CB3 {'rot': 0.00756}
  t=   2.00  cb_yield           L11-CB0 {'rot': 0.0064}
  t=   2.00  cb_yield           L11-CB1 {'rot': 0.00685}
  t=   2.00  cb_yield           L11-CB2 {'rot': 0.00659}
  t=   2.00  cb_yield           L11-CB3 {'rot': 0.00706}
  t=   2.00  cb_yield           L12-CB1 {'rot': 0.00629}
  t=   2.00  cb_yield           L12-CB3 {'rot': 0.00649}
  t=   2.12  cb_yield           L3-CB0 {'rot': 0.00611}
  t=   2.12  cb_yield           L12-CB0 {'rot': 0.00765}
  t=   2.12  cb_yield           L12-CB2 {'rot': 0.00786}
  t=   2.12  cb_yield           L13-CB0 {'rot': 0.00706}
  t=   2.12  cb_yield           L13-CB1 {'rot': 0.00764}
  t=   2.12  cb_yield           L13-CB2 {'rot': 0.00727}
  t=   2.12  cb_yield           L13-CB3 {'rot': 0.00789}
  t=   2.12  cb_yield           L14-CB0 {'rot': 0.00642}
  t=   2.12  cb_yield           L14-CB1 {'rot': 0.00702}
  t=   2.12  cb_yield           L14-CB2 {'rot': 0.00664}
  t=   2.12  cb_yield           L14-CB3 {'rot': 0.00727}
  t=   2.12  cb_yield           L15-CB1 {'rot': 0.0064}
  t=   2.12  cb_yield           L15-CB3 {'rot': 0.00665}
  t=   2.25  cb_yield           L15-CB0 {'rot': 0.00745}
  t=   2.25  cb_yield           L15-CB2 {'rot': 0.00773}
  t=   2.25  cb_yield           L16-CB0 {'rot': 0.00679}
  t=   2.25  cb_yield           L16-CB1 {'rot': 0.00751}
  t=   2.25  cb_yield           L16-CB2 {'rot': 0.00708}
  t=   2.25  cb_yield           L16-CB3 {'rot': 0.00781}
  t=   2.25  cb_yield           L17-CB1 {'rot': 0.00672}
  t=   2.25  cb_yield           L17-CB3 {'rot': 0.00703}
  t=   2.37  cb_yield           L17-CB0 {'rot': 0.00723}
  t=   2.37  cb_yield           L17-CB2 {'rot': 0.00757}
  t=   2.37  cb_yield           L18-CB1 {'rot': 0.00741}
  t=   2.37  cb_yield           L18-CB2 {'rot': 0.00691}
  t=   2.37  cb_yield           L18-CB3 {'rot': 0.00778}
  t=   2.37  cb_yield           L19-CB1 {'rot': 0.00677}
  t=   2.37  cb_yield           L19-CB3 {'rot': 0.00717}
  t=   2.50  cb_yield           L18-CB0 {'rot': 0.00835}
  t=   2.50  cb_yield           L19-CB0 {'rot': 0.00803}
  t=   2.50  cb_yield           L19-CB2 {'rot': 0.00848}
  t=   2.50  cb_yield           L20-CB0 {'rot': 0.00765}
  t=   2.50  cb_yield           L20-CB1 {'rot': 0.00879}
  t=   2.50  cb_yield           L20-CB2 {'rot': 0.00814}
  t=   2.50  cb_yield           L20-CB3 {'rot': 0.00928}
  t=   2.50  cb_yield           L21-CB0 {'rot': 0.00722}
  t=   2.50  cb_yield           L21-CB1 {'rot': 0.00838}
  t=   2.50  cb_yield           L21-CB2 {'rot': 0.00774}
  t=   2.50  cb_yield           L21-CB3 {'rot': 0.0089}
  t=   2.50  cb_yield           L22-CB0 {'rot': 0.00674}
  t=   2.50  cb_yield           L22-CB1 {'rot': 0.00791}
  t=   2.50  cb_yield           L22-CB2 {'rot': 0.00729}
  t=   2.50  cb_yield           L22-CB3 {'rot': 0.00847}
  t=   2.50  cb_yield           L23-CB1 {'rot': 0.00742}
  t=   2.50  cb_yield           L23-CB2 {'rot': 0.00683}
  t=   2.50  cb_yield           L23-CB3 {'rot': 0.00801}
  t=   2.50  cb_yield           L24-CB1 {'rot': 0.00691}
  t=   2.50  cb_yield           L24-CB3 {'rot': 0.00753}
  t=   2.50  cb_yield           L25-CB3 {'rot': 0.00703}
  t=   2.62  cb_yield           L23-CB0 {'rot': 0.00897}
  t=   2.62  cb_yield           L24-CB0 {'rot': 0.0083}
  t=   2.62  cb_yield           L24-CB2 {'rot': 0.00894}
  t=   2.62  cb_yield           L25-CB0 {'rot': 0.00753}
  t=   2.62  cb_yield           L25-CB1 {'rot': 0.00899}
  t=   2.62  cb_yield           L25-CB2 {'rot': 0.00818}
  t=   2.62  cb_yield           L26-CB0 {'rot': 0.00669}
  t=   2.62  cb_yield           L26-CB1 {'rot': 0.00811}
  t=   2.62  cb_yield           L26-CB2 {'rot': 0.00735}
  t=   2.62  cb_yield           L26-CB3 {'rot': 0.00878}
  t=   2.62  cb_yield           L27-CB1 {'rot': 0.00722}
  t=   2.62  cb_yield           L27-CB3 {'rot': 0.0079}
  t=   2.62  cb_yield           L28-CB3 {'rot': 0.00707}
  t=   2.75  cb_yield           L27-CB0 {'rot': 0.0073}
  t=   2.75  cb_yield           L27-CB2 {'rot': 0.00785}
  t=   2.75  cb_yield           L28-CB1 {'rot': 0.00749}
  t=   2.75  cb_yield           L29-CB3 {'rot': 0.00684}
  t=   2.87  cb_yield           L28-CB0 {'rot': 0.00668}
  t=   2.87  cb_yield           L28-CB2 {'rot': 0.00697}
  t=   2.87  cb_yield           L29-CB1 {'rot': 0.00703}
  t=   3.75  cb_yield           L29-CB0 {'rot': 0.00673}
  t=   3.75  cb_yield           L29-CB2 {'rot': 0.00676}
  t=   4.37  cb_yield           L2-CB0 {'rot': 0.00678}
  t=   4.37  cb_yield           L2-CB1 {'rot': 0.00648}
  t=   4.50  cb_yield           L2-CB2 {'rot': 0.00759}
  t=   4.50  cb_yield           L2-CB3 {'rot': 0.00744}
  t=   4.50  cb_yield           L30-CB3 {'rot': 0.00769}
  t=   4.50  cb_yield           L31-CB3 {'rot': 0.00735}
  t=   4.50  cb_yield           L32-CB3 {'rot': 0.00704}
  t=   4.50  cb_yield           L33-CB3 {'rot': 0.00686}
  t=   4.62  cb_yield           L1-CB0 {'rot': 0.00665}
  t=   4.62  cb_yield           L1-CB1 {'rot': 0.00643}
  t=   4.62  cb_yield           L30-CB2 {'rot': 0.00749}
  t=   4.62  cb_yield           L31-CB2 {'rot': 0.00712}
  t=   4.62  cb_yield           L32-CB2 {'rot': 0.00677}
  t=   8.00  cb_yield           L1-CB3 {'rot': 0.00614}
  t=   8.13  cb_yield           L30-CB1 {'rot': 0.00739}
  t=   8.13  cb_yield           L31-CB1 {'rot': 0.00679}
  t=   8.25  cb_yield           L32-CB1 {'rot': 0.00763}
  t=   8.25  cb_yield           L33-CB1 {'rot': 0.00744}
  t=   8.38  cb_yield           L1-CB2 {'rot': 0.00615}
  t=   8.38  cb_failure         L9-CB1 {'rot': 0.03172}
  t=   8.38  cb_failure         L10-CB0 {'rot': 0.03054}
  t=   8.38  cb_failure         L10-CB1 {'rot': 0.03299}
  t=   8.38  cb_failure         L11-CB0 {'rot': 0.03139}
  t=   8.38  cb_failure         L11-CB1 {'rot': 0.0339}
  t=   8.38  cb_failure         L12-CB0 {'rot': 0.03194}
  t=   8.38  cb_failure         L12-CB1 {'rot': 0.03449}
  t=   8.38  cb_failure         L13-CB0 {'rot': 0.03215}
  t=   8.38  cb_failure         L13-CB1 {'rot': 0.03474}
  t=   8.38  cb_failure         L14-CB0 {'rot': 0.03198}
  t=   8.38  cb_failure         L14-CB1 {'rot': 0.03465}
  t=   8.38  cb_failure         L15-CB0 {'rot': 0.03148}
  t=   8.38  cb_failure         L15-CB1 {'rot': 0.03425}
  t=   8.38  cb_failure         L16-CB0 {'rot': 0.03067}
  t=   8.38  cb_failure         L16-CB1 {'rot': 0.03355}
  t=   8.38  cb_failure         L17-CB1 {'rot': 0.03224}
  t=   8.38  cb_failure         L18-CB1 {'rot': 0.03061}
  t=   8.50  cb_failure         L7-CB0 {'rot': 0.03091}
  t=   8.50  cb_failure         L7-CB1 {'rot': 0.03311}
  t=   8.50  cb_failure         L8-CB0 {'rot': 0.03319}
  t=   8.50  cb_failure         L8-CB1 {'rot': 0.0356}
  t=   8.50  cb_failure         L8-CB3 {'rot': 0.03126}
  t=   8.50  cb_failure         L9-CB0 {'rot': 0.03499}
  t=   8.50  cb_failure         L9-CB2 {'rot': 0.03036}
  t=   8.50  cb_failure         L9-CB3 {'rot': 0.03288}
  t=   8.50  cb_failure         L10-CB2 {'rot': 0.03131}
  t=   8.50  cb_failure         L10-CB3 {'rot': 0.034}
  t=   8.50  cb_failure         L11-CB2 {'rot': 0.03181}
  t=   8.50  cb_failure         L11-CB3 {'rot': 0.03466}
  t=   8.50  cb_failure         L12-CB2 {'rot': 0.03191}
  t=   8.50  cb_failure         L12-CB3 {'rot': 0.03493}
  t=   8.50  cb_failure         L13-CB2 {'rot': 0.03163}
  t=   8.50  cb_failure         L13-CB3 {'rot': 0.0348}
  t=   8.50  cb_failure         L14-CB2 {'rot': 0.03098}
  t=   8.50  cb_failure         L14-CB3 {'rot': 0.03429}
  t=   8.50  cb_failure         L15-CB3 {'rot': 0.03344}
  t=   8.50  cb_failure         L16-CB3 {'rot': 0.03226}
  t=   8.50  cb_failure         L17-CB0 {'rot': 0.03365}
  t=   8.50  cb_failure         L18-CB0 {'rot': 0.03146}
  t=   8.50  cb_failure         L19-CB1 {'rot': 0.03202}
  t=   8.63  cb_failure         L6-CB0 {'rot': 0.03148}
  t=   8.63  cb_failure         L6-CB1 {'rot': 0.03345}
  t=   8.63  cb_failure         L7-CB2 {'rot': 0.03038}
  t=   8.63  cb_failure         L7-CB3 {'rot': 0.03277}
  t=   8.63  cb_failure         L8-CB2 {'rot': 0.03291}
  t=   8.63  cb_failure         L15-CB2 {'rot': 0.03507}
  t=   8.63  cb_failure         L16-CB2 {'rot': 0.03362}
  t=   8.63  cb_failure         L17-CB2 {'rot': 0.03127}
  t=   8.63  cb_failure         L17-CB3 {'rot': 0.03501}
  t=   8.63  cb_failure         L18-CB3 {'rot': 0.03212}
  t=   8.63  cb_failure         L19-CB0 {'rot': 0.03098}
  t=   8.63  cb_failure         L20-CB1 {'rot': 0.03086}
  t=   8.75  cb_failure         L5-CB1 {'rot': 0.03037}
  t=   8.75  cb_failure         L6-CB3 {'rot': 0.03116}
  t=   8.75  cb_failure         L18-CB2 {'rot': 0.03288}
  t=   8.75  cb_failure         L19-CB3 {'rot': 0.0333}
  t=   8.88  cb_failure         L19-CB2 {'rot': 0.03406}
  t=   8.88  cb_failure         L20-CB0 {'rot': 0.03222}
  t=   8.88  cb_failure         L20-CB3 {'rot': 0.03442}
  t=   8.88  cb_failure         L21-CB1 {'rot': 0.03137}
  t=   8.88  cb_failure         L21-CB3 {'rot': 0.03063}
  t=   9.00  cb_failure         L20-CB2 {'rot': 0.03525}
  t=   9.00  cb_failure         L21-CB0 {'rot': 0.0306}
  t=   9.00  cb_failure         L21-CB2 {'rot': 0.03117}
  t=   9.00  cb_failure         L22-CB3 {'rot': 0.03081}
  t=   9.13  cb_failure         L22-CB1 {'rot': 0.03269}
  t=   9.13  cb_failure         L22-CB2 {'rot': 0.03202}
  t=   9.13  cb_failure         L23-CB3 {'rot': 0.03139}
  t=   9.25  cb_failure         L22-CB0 {'rot': 0.03164}
  t=   9.25  cb_failure         L23-CB1 {'rot': 0.03144}
  t=   9.25  cb_failure         L23-CB2 {'rot': 0.03214}
  t=   9.25  cb_failure         L24-CB3 {'rot': 0.03206}
  t=   9.38  cb_failure         L24-CB1 {'rot': 0.03075}
  t=   9.38  cb_failure         L24-CB2 {'rot': 0.03106}
  t=   9.38  cb_failure         L25-CB3 {'rot': 0.03196}
  t=   9.38  cb_yield           L33-CB2 {'rot': 0.00828}
  t=   9.50  cb_yield           L30-CB0 {'rot': 0.00883}
  t=   9.50  cb_yield           L31-CB0 {'rot': 0.00682}
  t=   9.63  cb_failure         L4-CB1 {'rot': 0.03013}
  t=   9.63  cb_failure         L5-CB0 {'rot': 0.03051}
  t=   9.63  cb_failure         L5-CB2 {'rot': 0.0305}
  t=   9.63  cb_failure         L5-CB3 {'rot': 0.03363}
  t=   9.63  cb_failure         L6-CB2 {'rot': 0.03313}
  t=   9.63  cb_failure         L23-CB0 {'rot': 0.03087}
  t=   9.63  cb_failure         L25-CB1 {'rot': 0.03169}
  t=   9.63  cb_yield           L32-CB0 {'rot': 0.0074}
  t=   9.63  cb_yield           L33-CB0 {'rot': 0.0068}
  t=   9.75  cb_failure         L4-CB0 {'rot': 0.03147}
  t=   9.75  cb_failure         L4-CB2 {'rot': 0.03184}
  t=   9.75  cb_failure         L4-CB3 {'rot': 0.03507}
  t=   9.88  cb_failure         L3-CB1 {'rot': 0.03168}
  t=   9.88  cb_failure         L3-CB3 {'rot': 0.03278}
  t=  10.00  cb_failure         L3-CB2 {'rot': 0.0304}
  progress t=  10.0s  max corner drift so far=0.0103  wall clock=129s
  t=  10.50  cb_failure         L24-CB0 {'rot': 0.03218}
  t=  10.63  cb_failure         L26-CB1 {'rot': 0.03066}
  t=  10.75  cb_failure         L25-CB0 {'rot': 0.03302}
  t=  10.75  cb_failure         L27-CB1 {'rot': 0.03096}
  t=  10.88  cb_failure         L26-CB3 {'rot': 0.03374}
  t=  10.88  cb_failure         L27-CB3 {'rot': 0.03063}
  t=  10.88  cb_failure         L28-CB1 {'rot': 0.03207}
  t=  11.00  cb_failure         L25-CB2 {'rot': 0.03426}
  t=  11.00  cb_failure         L26-CB2 {'rot': 0.03243}
  t=  11.00  cb_failure         L28-CB3 {'rot': 0.0412}
  t=  11.00  cb_failure         L29-CB1 {'rot': 0.03651}
  t=  11.00  cb_failure         L29-CB3 {'rot': 0.03869}
  t=  11.00  cb_failure         L30-CB1 {'rot': 0.03439}
  t=  11.00  cb_failure         L30-CB3 {'rot': 0.03637}
  t=  11.00  cb_failure         L31-CB1 {'rot': 0.03273}
  t=  11.00  cb_failure         L31-CB3 {'rot': 0.03454}
  t=  11.00  cb_failure         L32-CB1 {'rot': 0.03159}
  t=  11.00  cb_failure         L32-CB3 {'rot': 0.03327}
  t=  11.00  cb_failure         L33-CB1 {'rot': 0.0308}
  t=  11.00  cb_failure         L33-CB3 {'rot': 0.03186}
  t=  11.13  cb_failure         L26-CB0 {'rot': 0.03254}
  t=  11.13  cb_failure         L27-CB0 {'rot': 0.03157}
  t=  11.13  cb_failure         L27-CB2 {'rot': 0.04075}
  t=  11.13  cb_failure         L28-CB2 {'rot': 0.03977}
  t=  11.13  cb_failure         L29-CB2 {'rot': 0.03845}
  t=  11.13  cb_failure         L30-CB2 {'rot': 0.03694}
  t=  11.13  cb_failure         L31-CB2 {'rot': 0.03559}
  t=  11.13  cb_failure         L32-CB2 {'rot': 0.03454}
  t=  11.13  cb_failure         L33-CB2 {'rot': 0.03409}
  t=  15.88  cb_failure         L28-CB0 {'rot': 0.03132}
  t=  16.00  cb_failure         L29-CB0 {'rot': 0.03457}
  t=  16.00  cb_failure         L30-CB0 {'rot': 0.03325}
  t=  16.00  cb_failure         L31-CB0 {'rot': 0.03201}
  t=  16.00  cb_failure         L32-CB0 {'rot': 0.03102}
  t=  16.00  cb_failure         L33-CB0 {'rot': 0.03062}
  t=  17.88  cb_failure         L2-CB1 {'rot': 0.03613}
  progress t=  20.0s  max corner drift so far=0.0219  wall clock=306s
  t=  21.12  cb_failure         L2-CB3 {'rot': 0.03258}
  t=  21.37  cb_failure         L2-CB2 {'rot': 0.0313}
  t=  21.62  cb_failure         L1-CB3 {'rot': 0.03035}
  t=  24.10  punching           L29-col25 {'drift': np.float64(0.0222), 'vg_vc': 0.355, 'conn': 'column'}
  t=  24.12  punching           L30-col25 {'drift': np.float64(0.0224), 'vg_vc': 0.399, 'conn': 'column'}
  t=  24.12  punching           L31-col25 {'drift': np.float64(0.0221), 'vg_vc': 0.401, 'conn': 'column'}
  t=  24.12  punching           L32-col25 {'drift': np.float64(0.0218), 'vg_vc': 0.397, 'conn': 'column'}
  t=  24.20  punching           L33-col25 {'drift': np.float64(0.0225), 'vg_vc': 0.352, 'conn': 'column'}
  t=  24.25  punching           L31-col20 {'drift': np.float64(0.0201), 'vg_vc': 0.406, 'conn': 'column'}
  t=  24.27  punching           L22-col25 {'drift': np.float64(0.0247), 'vg_vc': 0.309, 'conn': 'column'}
  t=  24.27  punching           L23-col25 {'drift': np.float64(0.0248), 'vg_vc': 0.308, 'conn': 'column'}
  t=  24.27  punching           L24-col25 {'drift': np.float64(0.0248), 'vg_vc': 0.306, 'conn': 'column'}
  t=  24.30  punching           L25-col25 {'drift': np.float64(0.0249), 'vg_vc': 0.302, 'conn': 'column'}
  t=  24.37  punching           L32-col20 {'drift': np.float64(0.02), 'vg_vc': 0.483, 'conn': 'column'}
  t=  24.50  punching           L30-col20 {'drift': np.float64(0.0204), 'vg_vc': 0.429, 'conn': 'column'}
  t=  25.00  punching           L29-col24 {'drift': np.float64(0.0205), 'vg_vc': 0.409, 'conn': 'column'}
  t=  25.00  punching           L30-col24 {'drift': np.float64(0.0201), 'vg_vc': 0.406, 'conn': 'column'}
  t=  25.12  punching           L31-col24 {'drift': np.float64(0.0198), 'vg_vc': 0.413, 'conn': 'column'}
  t=  25.12  punching           L32-col24 {'drift': np.float64(0.0195), 'vg_vc': 0.411, 'conn': 'column'}
  t=  25.37  punching           L21-col25 {'drift': np.float64(0.0244), 'vg_vc': 0.32, 'conn': 'column'}
  t=  25.37  punching           L26-col25 {'drift': np.float64(0.025), 'vg_vc': 0.311, 'conn': 'column'}
  t=  25.37  punching           L27-col25 {'drift': np.float64(0.0247), 'vg_vc': 0.311, 'conn': 'column'}
  t=  25.50  punching           L28-col25 {'drift': np.float64(0.0243), 'vg_vc': 0.324, 'conn': 'column'}
  t=  27.82  punching           L29-col3 {'drift': np.float64(0.0212), 'vg_vc': 0.381, 'conn': 'column'}
  t=  27.82  punching           L30-col3 {'drift': np.float64(0.021), 'vg_vc': 0.381, 'conn': 'column'}
  t=  27.85  punching           L29-col21 {'drift': np.float64(0.0242), 'vg_vc': 0.318, 'conn': 'column'}
  t=  27.85  punching           L31-col3 {'drift': np.float64(0.0217), 'vg_vc': 0.381, 'conn': 'column'}
  t=  27.85  punching           L32-col3 {'drift': np.float64(0.0215), 'vg_vc': 0.381, 'conn': 'column'}
  t=  27.87  punching           L29-col8 {'drift': np.float64(0.0206), 'vg_vc': 0.392, 'conn': 'column'}
  t=  27.87  punching           L33-col3 {'drift': np.float64(0.0221), 'vg_vc': 0.414, 'conn': 'column'}
  t=  27.92  punching           L31-col2 {'drift': np.float64(0.0192), 'vg_vc': 0.427, 'conn': 'column'}
  t=  27.92  punching           L32-col2 {'drift': np.float64(0.019), 'vg_vc': 0.428, 'conn': 'column'}
  t=  27.95  punching           L29-col2 {'drift': np.float64(0.0201), 'vg_vc': 0.404, 'conn': 'column'}
  t=  27.97  punching           L26-col3 {'drift': np.float64(0.0247), 'vg_vc': 0.311, 'conn': 'column'}
  t=  27.97  punching           L27-col3 {'drift': np.float64(0.025), 'vg_vc': 0.308, 'conn': 'column'}
  t=  27.97  punching           L28-col3 {'drift': np.float64(0.0252), 'vg_vc': 0.302, 'conn': 'column'}
  t=  28.00  punching           L23-col3 {'drift': np.float64(0.0231), 'vg_vc': 0.343, 'conn': 'column'}
  t=  28.00  punching           L24-col3 {'drift': np.float64(0.0239), 'vg_vc': 0.348, 'conn': 'column'}
  t=  28.00  punching           L25-col3 {'drift': np.float64(0.0246), 'vg_vc': 0.354, 'conn': 'column'}
  t=  28.00  punching           L29-col7 {'drift': np.float64(0.0183), 'vg_vc': 0.445, 'conn': 'column'}
  t=  28.00  punching           L30-col2 {'drift': np.float64(0.0213), 'vg_vc': 0.398, 'conn': 'column'}
  t=  28.00  punching           L31-col7 {'drift': np.float64(0.0183), 'vg_vc': 0.438, 'conn': 'column'}
  t=  28.00  punching           L31-col8 {'drift': np.float64(0.0233), 'vg_vc': 0.345, 'conn': 'column'}
  t=  28.00  punching           L32-col7 {'drift': np.float64(0.0183), 'vg_vc': 0.441, 'conn': 'column'}
  t=  28.00  punching           L33-col8 {'drift': np.float64(0.0231), 'vg_vc': 0.402, 'conn': 'column'}
  t= 28.025  solver fallback: NewtonLineSearch
  t= 28.075  solver fallback: NewtonLineSearch
