  t=   1.87  cb_yield           L5-CB1 {'rot': 0.00623}
  t=   1.87  cb_yield           L5-CB2 {'rot': 0.00613}
  t=   1.87  cb_yield           L5-CB3 {'rot': 0.00639}
  t=   1.87  cb_yield           L6-CB1 {'rot': 0.00633}
  t=   1.87  cb_yield           L6-CB2 {'rot': 0.00621}
  t=   1.87  cb_yield           L6-CB3 {'rot': 0.0065}
  t=   1.87  cb_yield           L7-CB1 {'rot': 0.00626}
  t=   1.87  cb_yield           L7-CB2 {'rot': 0.00612}
  t=   1.87  cb_yield           L7-CB3 {'rot': 0.00643}
  t=   1.87  cb_yield           L8-CB3 {'rot': 0.00622}
  t=   2.00  cb_yield           L3-CB3 {'rot': 0.00612}
  t=   2.00  cb_yield           L4-CB0 {'rot': 0.00658}
  t=   2.00  cb_yield           L4-CB1 {'rot': 0.00689}
  t=   2.00  cb_yield           L4-CB2 {'rot': 0.00669}
  t=   2.00  cb_yield           L4-CB3 {'rot': 0.007}
  t=   2.00  cb_yield           L5-CB0 {'rot': 0.00712}
  t=   2.00  cb_yield           L6-CB0 {'rot': 0.00742}
  t=   2.00  cb_yield           L7-CB0 {'rot': 0.0075}
  t=   2.00  cb_yield           L8-CB0 {'rot': 0.00741}
  t=   2.00  cb_yield           L8-CB1 {'rot': 0.00784}
  t=   2.00  cb_yield           L8-CB2 {'rot': 0.00758}
  t=   2.00  cb_yield           L9-CB0 {'rot': 0.00715}
  t=   2.00  cb_yield           L9-CB1 {'rot': 0.00761}
  t=   2.00  cb_yield           L9-CB2 {'rot': 0.00733}
  t=   2.00  cb_yield           L9-CB3 {'rot': 0.00781}
  t=   2.00  cb_yield           L10-CB0 {'rot': 0.00678}
  t=   2.00  cb_yield           L10-CB1 {'rot': 0.00727}
  t=   2.00  cb_yield           L10-CB2 {'rot': 0.00696}
  t=   2.00  cb_yield           L10-CB3 {'rot': 0.00747}
  t=   2.00  cb_yield           L11-CB0 {'rot': 0.00633}
  t=   2.00  cb_yield           L11-CB1 {'rot': 0.00684}
  t=   2.00  cb_yield           L11-CB2 {'rot': 0.00651}
  t=   2.00  cb_yield           L11-CB3 {'rot': 0.00705}
  t=   2.00  cb_yield           L12-CB1 {'rot': 0.00636}
  t=   2.00  cb_yield           L12-CB3 {'rot': 0.00656}
  t=   2.12  cb_yield           L12-CB0 {'rot': 0.00755}
  t=   2.12  cb_yield           L12-CB2 {'rot': 0.00776}
  t=   2.12  cb_yield           L13-CB0 {'rot': 0.00705}
  t=   2.12  cb_yield           L13-CB1 {'rot': 0.00772}
  t=   2.12  cb_yield           L13-CB2 {'rot': 0.00727}
  t=   2.12  cb_yield           L13-CB3 {'rot': 0.00797}
  t=   2.12  cb_yield           L14-CB0 {'rot': 0.0065}
  t=   2.12  cb_yield           L14-CB1 {'rot': 0.00719}
  t=   2.12  cb_yield           L14-CB2 {'rot': 0.00672}
  t=   2.12  cb_yield           L14-CB3 {'rot': 0.00744}
  t=   2.12  cb_yield           L15-CB1 {'rot': 0.00663}
  t=   2.12  cb_yield           L15-CB2 {'rot': 0.00615}
  t=   2.12  cb_yield           L15-CB3 {'rot': 0.00688}
  t=   2.12  cb_yield           L16-CB3 {'rot': 0.00633}
  t=   2.25  cb_yield           L15-CB0 {'rot': 0.00736}
  t=   2.25  cb_yield           L16-CB0 {'rot': 0.00677}
  t=   2.25  cb_yield           L16-CB1 {'rot': 0.00757}
  t=   2.25  cb_yield           L16-CB2 {'rot': 0.00706}
  t=   2.25  cb_yield           L17-CB1 {'rot': 0.00686}
  t=   2.25  cb_yield           L17-CB3 {'rot': 0.00717}
  t=   2.37  cb_yield           L17-CB0 {'rot': 0.00728}
  t=   2.37  cb_yield           L17-CB2 {'rot': 0.00763}
  t=   2.37  cb_yield           L18-CB0 {'rot': 0.00675}
  t=   2.37  cb_yield           L18-CB1 {'rot': 0.00771}
  t=   2.37  cb_yield           L18-CB2 {'rot': 0.00712}
  t=   2.37  cb_yield           L18-CB3 {'rot': 0.00809}
  t=   2.37  cb_yield           L19-CB1 {'rot': 0.0072}
  t=   2.37  cb_yield           L19-CB2 {'rot': 0.00662}
  t=   2.37  cb_yield           L19-CB3 {'rot': 0.00761}
  t=   2.37  cb_yield           L20-CB1 {'rot': 0.0067}
  t=   2.37  cb_yield           L20-CB3 {'rot': 0.00714}
  t=   2.37  cb_yield           L21-CB3 {'rot': 0.00669}
  t=   2.50  cb_yield           L19-CB0 {'rot': 0.00839}
  t=   2.50  cb_yield           L20-CB0 {'rot': 0.00811}
  t=   2.50  cb_yield           L20-CB2 {'rot': 0.00862}
  t=   2.50  cb_yield           L21-CB0 {'rot': 0.00774}
  t=   2.50  cb_yield           L21-CB1 {'rot': 0.00907}
  t=   2.50  cb_yield           L21-CB2 {'rot': 0.0083}
  t=   2.50  cb_yield           L22-CB0 {'rot': 0.00731}
  t=   2.50  cb_yield           L22-CB1 {'rot': 0.00865}
  t=   2.50  cb_yield           L22-CB2 {'rot': 0.00789}
  t=   2.50  cb_yield           L22-CB3 {'rot': 0.00923}
  t=   2.50  cb_yield           L23-CB0 {'rot': 0.00682}
  t=   2.50  cb_yield           L23-CB1 {'rot': 0.00817}
  t=   2.50  cb_yield           L23-CB2 {'rot': 0.00743}
  t=   2.50  cb_yield           L23-CB3 {'rot': 0.00879}
  t=   2.50  cb_yield           L24-CB1 {'rot': 0.00765}
  t=   2.50  cb_yield           L24-CB2 {'rot': 0.00693}
  t=   2.50  cb_yield           L24-CB3 {'rot': 0.00829}
  t=   2.50  cb_yield           L25-CB1 {'rot': 0.0071}
  t=   2.50  cb_yield           L25-CB3 {'rot': 0.00777}
  t=   2.50  cb_yield           L26-CB3 {'rot': 0.00723}
  t=   2.50  cb_yield           L27-CB3 {'rot': 0.00669}
  t=   2.62  cb_yield           L24-CB0 {'rot': 0.00884}
  t=   2.62  cb_yield           L25-CB0 {'rot': 0.00812}
  t=   2.62  cb_yield           L25-CB2 {'rot': 0.00878}
  t=   2.62  cb_yield           L26-CB0 {'rot': 0.00727}
  t=   2.62  cb_yield           L26-CB1 {'rot': 0.00884}
  t=   2.62  cb_yield           L26-CB2 {'rot': 0.00794}
  t=   2.62  cb_yield           L27-CB1 {'rot': 0.00789}
  t=   2.62  cb_yield           L27-CB2 {'rot': 0.00703}
  t=   2.62  cb_yield           L28-CB1 {'rot': 0.00696}
  t=   2.62  cb_yield           L28-CB3 {'rot': 0.00764}
  t=   2.62  cb_yield           L29-CB3 {'rot': 0.00675}
  t=   2.75  cb_yield           L27-CB0 {'rot': 0.00758}
  t=   2.75  cb_yield           L28-CB2 {'rot': 0.00693}
  t=   2.75  cb_yield           L29-CB1 {'rot': 0.00691}
  t=   2.87  cb_yield           L28-CB0 {'rot': 0.00692}
  t=   2.87  cb_yield           L30-CB1 {'rot': 0.00664}
  t=   2.87  cb_yield           L30-CB3 {'rot': 0.00685}
  t=   3.75  cb_yield           L29-CB0 {'rot': 0.00717}
  t=   3.75  cb_yield           L29-CB2 {'rot': 0.00682}
  t=   4.25  cb_yield           L3-CB0 {'rot': 0.00652}
  t=   4.25  cb_yield           L3-CB1 {'rot': 0.00618}
  t=   4.37  cb_yield           L2-CB0 {'rot': 0.00774}
  t=   4.37  cb_yield           L2-CB1 {'rot': 0.00743}
  t=   4.37  cb_yield           L2-CB2 {'rot': 0.00661}
  t=   4.37  cb_yield           L2-CB3 {'rot': 0.00647}
  t=   4.37  cb_yield           L3-CB2 {'rot': 0.00809}
  t=   4.50  cb_yield           L1-CB0 {'rot': 0.00625}
  t=   4.50  cb_yield           L30-CB2 {'rot': 0.00684}
  t=   4.50  cb_yield           L31-CB3 {'rot': 0.00791}
  t=   4.50  cb_yield           L32-CB3 {'rot': 0.00763}
  t=   4.50  cb_yield           L33-CB3 {'rot': 0.00735}
  t=   4.62  cb_yield           L1-CB1 {'rot': 0.00656}
  t=   4.62  cb_yield           L31-CB2 {'rot': 0.00663}
  t=   7.25  cb_yield           L32-CB2 {'rot': 0.00683}
  t=   7.25  cb_yield           L33-CB2 {'rot': 0.00666}
  t=   8.13  cb_yield           L31-CB1 {'rot': 0.00743}
  t=   8.13  cb_yield           L32-CB1 {'rot': 0.00705}
  t=   8.13  cb_yield           L33-CB1 {'rot': 0.00674}
  t=   8.38  cb_yield           L1-CB2 {'rot': 0.0068}
  t=   8.38  cb_yield           L1-CB3 {'rot': 0.00751}
  t=   8.38  cb_failure         L8-CB1 {'rot': 0.03097}
  t=   8.38  cb_failure         L9-CB1 {'rot': 0.03244}
  t=   8.38  cb_failure         L10-CB0 {'rot': 0.0307}
  t=   8.38  cb_failure         L10-CB1 {'rot': 0.03355}
  t=   8.38  cb_failure         L11-CB0 {'rot': 0.03152}
  t=   8.38  cb_failure         L11-CB1 {'rot': 0.03434}
  t=   8.38  cb_failure         L12-CB0 {'rot': 0.03205}
  t=   8.38  cb_failure         L12-CB1 {'rot': 0.03481}
  t=   8.38  cb_failure         L13-CB0 {'rot': 0.03223}
  t=   8.38  cb_failure         L13-CB1 {'rot': 0.03497}
  t=   8.38  cb_failure         L14-CB0 {'rot': 0.032}
  t=   8.38  cb_failure         L14-CB1 {'rot': 0.03482}
  t=   8.38  cb_failure         L15-CB0 {'rot': 0.03146}
  t=   8.38  cb_failure         L15-CB1 {'rot': 0.0344}
  t=   8.38  cb_failure         L16-CB0 {'rot': 0.03063}
  t=   8.38  cb_failure         L16-CB1 {'rot': 0.0337}
  t=   8.38  cb_failure         L17-CB1 {'rot': 0.03242}
  t=   8.38  cb_failure         L18-CB1 {'rot': 0.03074}
  t=   8.38  cb_yield           L30-CB0 {'rot': 0.00665}
  t=   8.50  cb_failure         L6-CB1 {'rot': 0.03194}
  t=   8.50  cb_failure         L7-CB0 {'rot': 0.03175}
  t=   8.50  cb_failure         L7-CB1 {'rot': 0.03473}
  t=   8.50  cb_failure         L7-CB3 {'rot': 0.0309}
  t=   8.50  cb_failure         L8-CB0 {'rot': 0.03365}
  t=   8.50  cb_failure         L8-CB3 {'rot': 0.03262}
  t=   8.50  cb_failure         L9-CB0 {'rot': 0.03509}
  t=   8.50  cb_failure         L9-CB2 {'rot': 0.03054}
  t=   8.50  cb_failure         L9-CB3 {'rot': 0.03378}
  t=   8.50  cb_failure         L10-CB2 {'rot': 0.031}
  t=   8.50  cb_failure         L10-CB3 {'rot': 0.03444}
  t=   8.50  cb_failure         L11-CB2 {'rot': 0.03102}
  t=   8.50  cb_failure         L11-CB3 {'rot': 0.03466}
  t=   8.50  cb_failure         L12-CB2 {'rot': 0.03065}
  t=   8.50  cb_failure         L12-CB3 {'rot': 0.03448}
  t=   8.50  cb_failure         L13-CB3 {'rot': 0.03391}
  t=   8.50  cb_failure         L14-CB3 {'rot': 0.03301}
  t=   8.50  cb_failure         L15-CB3 {'rot': 0.03181}
  t=   8.50  cb_failure         L16-CB3 {'rot': 0.03031}
  t=   8.50  cb_failure         L17-CB0 {'rot': 0.03162}
  t=   8.50  cb_failure         L19-CB1 {'rot': 0.0307}
  t=   8.63  cb_failure         L5-CB1 {'rot': 0.03148}
  t=   8.63  cb_failure         L6-CB0 {'rot': 0.03306}
  t=   8.63  cb_failure         L6-CB3 {'rot': 0.03185}
  t=   8.63  cb_failure         L7-CB2 {'rot': 0.03178}
  t=   8.63  cb_failure         L8-CB2 {'rot': 0.03369}
  t=   8.63  cb_failure         L13-CB2 {'rot': 0.03476}
  t=   8.63  cb_failure         L14-CB2 {'rot': 0.03361}
  t=   8.63  cb_failure         L15-CB2 {'rot': 0.03204}
  t=   8.63  cb_failure         L17-CB3 {'rot': 0.03142}
  t=   8.75  cb_failure         L5-CB0 {'rot': 0.03096}
  t=   8.75  cb_failure         L6-CB2 {'rot': 0.03113}
  t=   8.75  cb_failure         L16-CB2 {'rot': 0.03431}
  t=   8.75  cb_failure         L17-CB2 {'rot': 0.03146}
  t=   8.75  cb_failure         L18-CB0 {'rot': 0.03303}
  t=   8.75  cb_failure         L18-CB3 {'rot': 0.03266}
  t=   8.88  cb_failure         L18-CB2 {'rot': 0.0334}
  t=   8.88  cb_failure         L19-CB0 {'rot': 0.03266}
  t=   8.88  cb_failure         L19-CB3 {'rot': 0.03449}
  t=   8.88  cb_failure         L20-CB1 {'rot': 0.03284}
  t=   8.88  cb_failure         L20-CB3 {'rot': 0.03097}
  t=   9.00  cb_failure         L19-CB2 {'rot': 0.03576}
  t=   9.00  cb_failure         L20-CB0 {'rot': 0.03236}
  t=   9.00  cb_failure         L20-CB2 {'rot': 0.03234}
  t=   9.00  cb_failure         L21-CB1 {'rot': 0.03186}
  t=   9.00  cb_failure         L21-CB3 {'rot': 0.03273}
  t=   9.13  cb_failure         L21-CB0 {'rot': 0.03096}
  t=   9.13  cb_failure         L21-CB2 {'rot': 0.03351}
  t=   9.13  cb_failure         L22-CB1 {'rot': 0.03063}
  t=   9.13  cb_failure         L22-CB3 {'rot': 0.03399}
  t=   9.25  cb_failure         L22-CB2 {'rot': 0.03325}
  t=   9.25  cb_failure         L23-CB3 {'rot': 0.03441}
  t=   9.25  cb_failure         L24-CB3 {'rot': 0.03079}
  t=   9.38  cb_failure         L23-CB1 {'rot': 0.03167}
  t=   9.38  cb_failure         L23-CB2 {'rot': 0.03174}
  t=   9.38  cb_failure         L25-CB3 {'rot': 0.03148}
  t=   9.50  cb_failure         L24-CB1 {'rot': 0.03078}
  t=   9.50  cb_yield           L31-CB0 {'rot': 0.00801}
  t=   9.50  cb_yield           L32-CB0 {'rot': 0.00673}
  t=   9.63  cb_failure         L4-CB3 {'rot': 0.03105}
  t=   9.63  cb_failure         L5-CB3 {'rot': 0.03464}
  t=   9.63  cb_failure         L25-CB1 {'rot': 0.03132}
  t=   9.63  cb_yield           L33-CB0 {'rot': 0.00776}
  t=   9.75  cb_failure         L3-CB3 {'rot': 0.03043}
  t=   9.75  cb_failure         L4-CB1 {'rot': 0.03319}
  t=   9.75  cb_failure         L4-CB2 {'rot': 0.03021}
  t=   9.75  cb_failure         L5-CB2 {'rot': 0.03377}
  t=   9.88  cb_failure         L3-CB1 {'rot': 0.03033}
  t=   9.88  cb_failure         L4-CB0 {'rot': 0.03297}
  progress t=  10.0s  max corner drift so far=0.0097  wall clock=131s
  t=  10.38  cb_failure         L22-CB0 {'rot': 0.03492}
  t=  10.50  cb_failure         L23-CB0 {'rot': 0.03688}
  t=  10.50  cb_failure         L24-CB0 {'rot': 0.03226}
  t=  10.63  cb_failure         L25-CB0 {'rot': 0.03125}
  t=  10.63  cb_failure         L26-CB1 {'rot': 0.03432}
  t=  10.63  cb_failure         L27-CB1 {'rot': 0.03117}
  t=  10.75  cb_failure         L26-CB0 {'rot': 0.03073}
  t=  10.75  cb_failure         L28-CB1 {'rot': 0.03452}
  t=  10.75  cb_failure         L29-CB1 {'rot': 0.03173}
  t=  10.88  cb_failure         L26-CB3 {'rot': 0.03773}
  t=  10.88  cb_failure         L27-CB3 {'rot': 0.03579}
  t=  10.88  cb_failure         L28-CB3 {'rot': 0.03379}
  t=  10.88  cb_failure         L29-CB3 {'rot': 0.03167}
  t=  10.88  cb_failure         L30-CB1 {'rot': 0.03696}
  t=  10.88  cb_failure         L31-CB1 {'rot': 0.03544}
  t=  10.88  cb_failure         L32-CB1 {'rot': 0.03437}
  t=  10.88  cb_failure         L33-CB1 {'rot': 0.03269}
  t=  11.00  cb_failure         L24-CB2 {'rot': 0.03572}
  t=  11.00  cb_failure         L25-CB2 {'rot': 0.0354}
  t=  11.00  cb_failure         L26-CB2 {'rot': 0.03489}
  t=  11.00  cb_failure         L27-CB0 {'rot': 0.03529}
  t=  11.00  cb_failure         L27-CB2 {'rot': 0.03415}
  t=  11.00  cb_failure         L28-CB0 {'rot': 0.03446}
  t=  11.00  cb_failure         L28-CB2 {'rot': 0.0332}
  t=  11.00  cb_failure         L29-CB0 {'rot': 0.03339}
  t=  11.00  cb_failure         L29-CB2 {'rot': 0.03199}
  t=  11.00  cb_failure         L30-CB0 {'rot': 0.03219}
  t=  11.00  cb_failure         L30-CB2 {'rot': 0.03065}
  t=  11.00  cb_failure         L30-CB3 {'rot': 0.04051}
  t=  11.00  cb_failure         L31-CB0 {'rot': 0.03107}
  t=  11.00  cb_failure         L31-CB3 {'rot': 0.03933}
  t=  11.00  cb_failure         L32-CB3 {'rot': 0.03846}
  t=  11.00  cb_failure         L33-CB3 {'rot': 0.03708}
  t=  11.13  cb_failure         L31-CB2 {'rot': 0.03826}
  t=  11.13  cb_failure         L32-CB0 {'rot': 0.03279}
  t=  11.13  cb_failure         L32-CB2 {'rot': 0.03765}
  t=  11.13  cb_failure         L33-CB0 {'rot': 0.03252}
  t=  11.13  cb_failure         L33-CB2 {'rot': 0.03737}
  t=  17.75  cb_failure         L2-CB1 {'rot': 0.03378}
  t=  17.88  cb_failure         L1-CB1 {'rot': 0.0325}
  t=  18.08  wall_axial_failure S1-F {'gamma': 0.00064, 'eps': -0.00811, 'cause': 'crushing'}
  t=  18.13  cb_failure         L1-CB3 {'rot': 0.04214}
  t=  18.13  cb_failure         L2-CB3 {'rot': 0.04288}
  t=  18.13  cb_failure         L3-CB0 {'rot': 0.03396}
  t=  18.25  cb_failure         L1-CB2 {'rot': 0.03856}
  t=  18.25  cb_failure         L2-CB0 {'rot': 0.03986}
  t=  18.25  cb_failure         L2-CB2 {'rot': 0.04005}
  t=  18.25  cb_failure         L3-CB2 {'rot': 0.04089}
  t=  18.28  wall_axial_failure S1-M {'gamma': 0.00251, 'eps': -0.00911, 'cause': 'crushing'}
  t=  18.38  punching           L29-col12 {'drift': np.float64(0.0108), 'vg_vc': 0.587, 'conn': 'column'}
  t=  18.38  punching           L33-col7 {'drift': np.float64(0.0102), 'vg_vc': 0.605, 'conn': 'column'}
  t=  18.38  punching           L33-col12 {'drift': np.float64(0.01), 'vg_vc': 0.628, 'conn': 'column'}
  t=  18.38  cb_failure         L1-CB0 {'rot': 0.07185}
  t=  18.40  wall_axial_failure S1-R {'gamma': 0.00182, 'eps': -0.00939, 'cause': 'crushing'}
