  t=   4.25  cb_yield           L4-CB0 {'rot': 0.00656}
  t=   4.25  cb_yield           L4-CB1 {'rot': 0.00631}
  t=   4.25  cb_yield           L5-CB0 {'rot': 0.00715}
  t=   4.25  cb_yield           L5-CB1 {'rot': 0.00689}
  t=   4.25  cb_yield           L5-CB2 {'rot': 0.00613}
  t=   4.25  cb_yield           L6-CB0 {'rot': 0.00753}
  t=   4.25  cb_yield           L6-CB1 {'rot': 0.00725}
  t=   4.25  cb_yield           L6-CB2 {'rot': 0.00631}
  t=   4.25  cb_yield           L7-CB0 {'rot': 0.00771}
  t=   4.25  cb_yield           L7-CB1 {'rot': 0.00742}
  t=   4.25  cb_yield           L7-CB2 {'rot': 0.00629}
  t=   4.25  cb_yield           L8-CB0 {'rot': 0.00774}
  t=   4.25  cb_yield           L8-CB1 {'rot': 0.00744}
  t=   4.25  cb_yield           L8-CB2 {'rot': 0.00612}
  t=   4.25  cb_yield           L9-CB0 {'rot': 0.00764}
  t=   4.25  cb_yield           L9-CB1 {'rot': 0.00732}
  t=   4.25  cb_yield           L10-CB0 {'rot': 0.00743}
  t=   4.25  cb_yield           L10-CB1 {'rot': 0.00709}
  t=   4.25  cb_yield           L11-CB0 {'rot': 0.00713}
  t=   4.25  cb_yield           L11-CB1 {'rot': 0.00677}
  t=   4.25  cb_yield           L12-CB0 {'rot': 0.00676}
  t=   4.25  cb_yield           L12-CB1 {'rot': 0.00638}
  t=   4.25  cb_yield           L13-CB0 {'rot': 0.00633}
  t=   4.37  cb_yield           L3-CB0 {'rot': 0.00749}
  t=   4.37  cb_yield           L3-CB1 {'rot': 0.0072}
  t=   4.37  cb_yield           L3-CB2 {'rot': 0.00682}
  t=   4.37  cb_yield           L3-CB3 {'rot': 0.00654}
  t=   4.37  cb_yield           L4-CB2 {'rot': 0.00771}
  t=   4.37  cb_yield           L4-CB3 {'rot': 0.00741}
  t=   4.37  cb_yield           L5-CB3 {'rot': 0.00792}
  t=   4.37  cb_yield           L6-CB3 {'rot': 0.0081}
  t=   4.37  cb_yield           L7-CB3 {'rot': 0.00799}
  t=   4.37  cb_yield           L8-CB3 {'rot': 0.00763}
  t=   4.37  cb_yield           L9-CB2 {'rot': 0.00746}
  t=   4.37  cb_yield           L9-CB3 {'rot': 0.00707}
  t=   4.37  cb_yield           L10-CB2 {'rot': 0.00676}
  t=   4.37  cb_yield           L10-CB3 {'rot': 0.00635}
  t=   4.37  cb_yield           L13-CB1 {'rot': 0.00655}
  t=   4.37  cb_yield           L14-CB0 {'rot': 0.00628}
  t=   4.50  cb_yield           L2-CB0 {'rot': 0.00673}
  t=   4.50  cb_yield           L2-CB1 {'rot': 0.00648}
  t=   4.50  cb_yield           L2-CB2 {'rot': 0.00614}
  t=   4.50  cb_yield           L11-CB2 {'rot': 0.00631}
  t=   7.63  cb_yield           L16-CB1 {'rot': 0.00613}
  t=   7.75  cb_yield           L14-CB1 {'rot': 0.00636}
  t=   7.75  cb_yield           L15-CB1 {'rot': 0.00645}
  t=   7.75  cb_yield           L17-CB1 {'rot': 0.00665}
  t=   7.75  cb_yield           L18-CB1 {'rot': 0.00673}
  t=   7.75  cb_yield           L19-CB1 {'rot': 0.00679}
  t=   7.75  cb_yield           L20-CB1 {'rot': 0.00681}
  t=   7.75  cb_yield           L21-CB1 {'rot': 0.00678}
  t=   7.75  cb_yield           L22-CB1 {'rot': 0.00669}
  t=   7.88  cb_yield           L15-CB0 {'rot': 0.00706}
  t=   7.88  cb_yield           L16-CB0 {'rot': 0.00696}
  t=   7.88  cb_yield           L17-CB0 {'rot': 0.00683}
  t=   7.88  cb_yield           L18-CB0 {'rot': 0.00669}
  t=   8.00  cb_yield           L11-CB3 {'rot': 0.00664}
  t=   8.00  cb_yield           L12-CB3 {'rot': 0.0065}
  t=   8.00  cb_yield           L13-CB3 {'rot': 0.00632}
  t=   8.00  cb_yield           L14-CB3 {'rot': 0.00611}
  t=   8.00  cb_yield           L19-CB0 {'rot': 0.00716}
  t=   8.00  cb_yield           L20-CB0 {'rot': 0.00664}
  t=   8.13  cb_yield           L12-CB2 {'rot': 0.00866}
  t=   8.13  cb_yield           L13-CB2 {'rot': 0.00822}
  t=   8.13  cb_yield           L14-CB2 {'rot': 0.00765}
  t=   8.13  cb_yield           L15-CB2 {'rot': 0.00701}
  t=   8.13  cb_yield           L15-CB3 {'rot': 0.00799}
  t=   8.13  cb_yield           L16-CB2 {'rot': 0.00632}
  t=   8.13  cb_yield           L16-CB3 {'rot': 0.00731}
  t=   8.25  cb_yield           L2-CB3 {'rot': 0.00677}
  t=   8.25  cb_yield           L17-CB3 {'rot': 0.00718}
  t=   8.25  cb_yield           L21-CB0 {'rot': 0.00681}
  t=   8.38  cb_yield           L1-CB1 {'rot': 0.00625}
  t=   8.50  cb_yield           L1-CB0 {'rot': 0.00659}
  t=   8.50  cb_yield           L1-CB3 {'rot': 0.00638}
  t=   8.63  cb_yield           L17-CB2 {'rot': 0.00692}
  t=   8.63  cb_yield           L18-CB3 {'rot': 0.00698}
  t=   8.75  cb_yield           L18-CB2 {'rot': 0.00765}
  t=   8.75  cb_yield           L19-CB3 {'rot': 0.00796}
  t=   8.75  cb_yield           L20-CB3 {'rot': 0.00691}
  t=   8.88  cb_yield           L19-CB2 {'rot': 0.00956}
  t=   8.88  cb_yield           L20-CB2 {'rot': 0.00838}
  t=   8.88  cb_yield           L21-CB2 {'rot': 0.00726}
  t=   8.88  cb_yield           L21-CB3 {'rot': 0.00876}
  t=   8.88  cb_yield           L22-CB3 {'rot': 0.00774}
  t=   8.88  cb_yield           L23-CB3 {'rot': 0.00686}
  t=   9.00  cb_yield           L22-CB0 {'rot': 0.0072}
  t=   9.00  cb_yield           L22-CB2 {'rot': 0.00925}
  t=   9.00  cb_yield           L23-CB1 {'rot': 0.00697}
  t=   9.00  cb_yield           L23-CB2 {'rot': 0.00798}
  t=   9.00  cb_yield           L24-CB2 {'rot': 0.00686}
  t=   9.00  cb_yield           L24-CB3 {'rot': 0.00834}
  t=   9.00  cb_yield           L25-CB3 {'rot': 0.00743}
  t=   9.00  cb_yield           L26-CB3 {'rot': 0.00668}
  t=   9.13  cb_yield           L23-CB0 {'rot': 0.00722}
  t=   9.13  cb_yield           L24-CB1 {'rot': 0.00716}
  t=   9.13  cb_yield           L25-CB2 {'rot': 0.00891}
  t=   9.13  cb_yield           L26-CB2 {'rot': 0.00776}
  t=   9.13  cb_yield           L27-CB2 {'rot': 0.00673}
  t=   9.13  cb_yield           L27-CB3 {'rot': 0.00826}
  t=   9.13  cb_yield           L28-CB3 {'rot': 0.00737}
  t=   9.13  cb_yield           L29-CB3 {'rot': 0.00663}
  t=   9.25  cb_yield           L24-CB0 {'rot': 0.00703}
  t=   9.25  cb_yield           L25-CB1 {'rot': 0.00773}
  t=   9.25  cb_yield           L28-CB2 {'rot': 0.00843}
  t=   9.25  cb_yield           L29-CB2 {'rot': 0.00734}
  t=   9.25  cb_yield           L30-CB3 {'rot': 0.00804}
  t=   9.25  cb_yield           L31-CB3 {'rot': 0.00733}
  t=   9.25  cb_yield           L32-CB3 {'rot': 0.00688}
  t=   9.25  cb_yield           L33-CB3 {'rot': 0.00665}
  t=   9.38  cb_yield           L26-CB1 {'rot': 0.00758}
  t=   9.38  cb_yield           L27-CB1 {'rot': 0.00702}
  t=   9.38  cb_yield           L30-CB2 {'rot': 0.00851}
  t=   9.38  cb_yield           L31-CB2 {'rot': 0.00777}
  t=   9.38  cb_yield           L32-CB2 {'rot': 0.00714}
  t=   9.38  cb_yield           L33-CB2 {'rot': 0.00682}
  progress t=  10.0s  max corner drift so far=0.0043  wall clock=119s
  t=  10.50  cb_yield           L28-CB1 {'rot': 0.00759}
  t=  10.50  cb_yield           L29-CB1 {'rot': 0.00745}
  t=  10.50  cb_yield           L30-CB1 {'rot': 0.00724}
  t=  10.50  cb_yield           L31-CB1 {'rot': 0.00699}
  t=  10.50  cb_yield           L32-CB1 {'rot': 0.00673}
  t=  10.63  cb_yield           L25-CB0 {'rot': 0.00787}
  t=  10.63  cb_yield           L26-CB0 {'rot': 0.00759}
  t=  10.63  cb_yield           L27-CB0 {'rot': 0.0072}
  t=  10.63  cb_yield           L28-CB0 {'rot': 0.00672}
  t=  10.75  cb_yield           L1-CB2 {'rot': 0.00669}
  t=  11.38  cb_yield           L29-CB0 {'rot': 0.00701}
  t=  11.38  cb_yield           L30-CB0 {'rot': 0.00661}
  t=  11.50  cb_yield           L31-CB0 {'rot': 0.00676}
  t=  11.63  cb_failure         L12-CB0 {'rot': 0.03075}
  t=  11.63  cb_failure         L12-CB1 {'rot': 0.03115}
  t=  11.63  cb_failure         L13-CB0 {'rot': 0.03205}
  t=  11.63  cb_failure         L13-CB1 {'rot': 0.0325}
  t=  11.63  cb_failure         L14-CB0 {'rot': 0.0329}
  t=  11.63  cb_failure         L14-CB1 {'rot': 0.03338}
  t=  11.63  cb_failure         L15-CB0 {'rot': 0.03333}
  t=  11.63  cb_failure         L15-CB1 {'rot': 0.03383}
  t=  11.63  cb_failure         L16-CB0 {'rot': 0.03338}
  t=  11.63  cb_failure         L16-CB1 {'rot': 0.0339}
  t=  11.63  cb_failure         L17-CB0 {'rot': 0.03299}
  t=  11.63  cb_failure         L17-CB1 {'rot': 0.03353}
  t=  11.63  cb_failure         L18-CB0 {'rot': 0.03208}
  t=  11.63  cb_failure         L18-CB1 {'rot': 0.0327}
  t=  11.63  cb_failure         L19-CB0 {'rot': 0.03065}
  t=  11.63  cb_failure         L19-CB1 {'rot': 0.03132}
  t=  11.75  cb_failure         L20-CB0 {'rot': 0.03571}
  t=  11.75  cb_failure         L20-CB1 {'rot': 0.03689}
  t=  11.75  cb_failure         L21-CB0 {'rot': 0.03338}
  t=  11.75  cb_failure         L21-CB1 {'rot': 0.03469}
  t=  11.75  cb_failure         L22-CB0 {'rot': 0.03061}
  t=  11.75  cb_failure         L22-CB1 {'rot': 0.03161}
  t=  11.88  cb_failure         L15-CB3 {'rot': 0.03034}
  t=  11.88  cb_failure         L16-CB3 {'rot': 0.03199}
  t=  11.88  cb_failure         L17-CB2 {'rot': 0.03133}
  t=  11.88  cb_failure         L17-CB3 {'rot': 0.03335}
  t=  11.88  cb_failure         L18-CB2 {'rot': 0.03207}
  t=  11.88  cb_failure         L18-CB3 {'rot': 0.034}
  t=  11.88  cb_failure         L19-CB2 {'rot': 0.03208}
  t=  11.88  cb_failure         L19-CB3 {'rot': 0.03396}
  t=  11.88  cb_failure         L20-CB2 {'rot': 0.03131}
  t=  11.88  cb_failure         L20-CB3 {'rot': 0.03327}
  t=  11.88  cb_failure         L21-CB3 {'rot': 0.03176}
  t=  11.88  cb_failure         L23-CB0 {'rot': 0.03135}
  t=  11.88  cb_failure         L23-CB1 {'rot': 0.03297}
  t=  12.00  cb_failure         L21-CB2 {'rot': 0.03242}
  t=  12.00  cb_failure         L22-CB2 {'rot': 0.03061}
  t=  12.00  cb_failure         L22-CB3 {'rot': 0.03296}
  t=  12.00  cb_failure         L24-CB1 {'rot': 0.03092}
  t=  12.13  cb_failure         L23-CB3 {'rot': 0.03311}
  t=  12.25  cb_failure         L23-CB2 {'rot': 0.03149}
  t=  12.25  cb_failure         L24-CB3 {'rot': 0.03334}
  t=  12.25  cb_failure         L25-CB3 {'rot': 0.03069}
  t=  12.88  cb_failure         L7-CB0 {'rot': 0.03043}
  t=  12.88  cb_failure         L8-CB0 {'rot': 0.03141}
  t=  12.88  cb_failure         L8-CB1 {'rot': 0.03101}
  t=  12.88  cb_failure         L9-CB0 {'rot': 0.03198}
  t=  12.88  cb_failure         L9-CB1 {'rot': 0.03159}
  t=  12.88  cb_failure         L10-CB0 {'rot': 0.03214}
  t=  12.88  cb_failure         L10-CB1 {'rot': 0.03178}
  t=  12.88  cb_failure         L11-CB0 {'rot': 0.03198}
  t=  12.88  cb_failure         L11-CB1 {'rot': 0.03164}
  t=  13.00  cb_failure         L6-CB0 {'rot': 0.03175}
  t=  13.00  cb_failure         L6-CB1 {'rot': 0.03074}
  t=  13.00  cb_failure         L6-CB2 {'rot': 0.03073}
  t=  13.00  cb_failure         L7-CB1 {'rot': 0.03241}
  t=  13.00  cb_failure         L7-CB2 {'rot': 0.03212}
  t=  13.00  cb_failure         L7-CB3 {'rot': 0.03095}
  t=  13.00  cb_failure         L8-CB2 {'rot': 0.03282}
  t=  13.00  cb_failure         L8-CB3 {'rot': 0.03155}
  t=  13.00  cb_failure         L9-CB2 {'rot': 0.03303}
  t=  13.00  cb_failure         L9-CB3 {'rot': 0.03164}
  t=  13.00  cb_failure         L10-CB2 {'rot': 0.03274}
  t=  13.00  cb_failure         L10-CB3 {'rot': 0.03127}
  t=  13.00  cb_failure         L11-CB2 {'rot': 0.03194}
  t=  13.00  cb_failure         L11-CB3 {'rot': 0.03049}
  t=  13.00  cb_failure         L12-CB2 {'rot': 0.03065}
  t=  13.13  cb_failure         L5-CB2 {'rot': 0.03035}
  t=  13.13  cb_failure         L6-CB3 {'rot': 0.03211}
  t=  13.13  cb_failure         L12-CB3 {'rot': 0.03288}
  t=  13.13  cb_failure         L13-CB2 {'rot': 0.03275}
  t=  13.13  cb_failure         L13-CB3 {'rot': 0.03106}
  t=  13.13  cb_failure         L14-CB2 {'rot': 0.03035}
  t=  13.25  cb_failure         L14-CB3 {'rot': 0.03066}
  t=  15.38  cb_failure         L26-CB3 {'rot': 0.03256}
  t=  15.38  cb_failure         L27-CB3 {'rot': 0.03214}
  t=  15.38  cb_failure         L28-CB3 {'rot': 0.03136}
  t=  15.50  cb_failure         L24-CB2 {'rot': 0.03273}
  t=  15.50  cb_failure         L25-CB2 {'rot': 0.03339}
  t=  15.50  cb_failure         L26-CB2 {'rot': 0.03355}
  t=  15.50  cb_failure         L27-CB2 {'rot': 0.0333}
  t=  15.50  cb_failure         L28-CB2 {'rot': 0.03265}
  t=  15.50  cb_failure         L29-CB2 {'rot': 0.0316}
  t=  15.50  cb_failure         L29-CB3 {'rot': 0.03566}
  t=  15.50  cb_failure         L30-CB3 {'rot': 0.03423}
  t=  15.50  cb_failure         L31-CB3 {'rot': 0.03277}
  t=  15.50  cb_yield           L32-CB0 {'rot': 0.0077}
  t=  15.50  cb_failure         L32-CB3 {'rot': 0.0316}
  t=  15.50  cb_yield           L33-CB0 {'rot': 0.00714}
  t=  15.50  cb_yield           L33-CB1 {'rot': 0.01044}
  t=  15.50  cb_failure         L33-CB3 {'rot': 0.03083}
  t=  15.63  cb_failure         L30-CB2 {'rot': 0.03093}
  t=  15.88  cb_failure         L25-CB1 {'rot': 0.0314}
  t=  15.88  cb_failure         L26-CB1 {'rot': 0.03082}
  t=  17.63  cb_failure         L27-CB1 {'rot': 0.03098}
  t=  17.63  cb_failure         L28-CB1 {'rot': 0.03106}
  t=  17.63  cb_failure         L29-CB1 {'rot': 0.03105}
  t=  17.63  cb_failure         L30-CB1 {'rot': 0.03094}
  t=  17.63  cb_failure         L31-CB1 {'rot': 0.03073}
  progress t=  20.0s  max corner drift so far=0.0150  wall clock=257s
  t=  20.25  cb_failure         L32-CB2 {'rot': 0.03063}
  t=  20.25  cb_failure         L33-CB2 {'rot': 0.03071}
  t=  27.12  cb_failure         L31-CB2 {'rot': 0.03279}
  t=  27.62  cb_failure         L15-CB2 {'rot': 0.03669}
  t=  27.62  cb_failure         L16-CB2 {'rot': 0.03729}
  t=  28.37  cb_failure         L32-CB1 {'rot': 0.03326}
  t=  28.37  cb_failure         L33-CB1 {'rot': 0.03267}
  t=  28.62  cb_failure         L26-CB0 {'rot': 0.0309}
  t=  28.62  cb_failure         L27-CB0 {'rot': 0.03194}
  t=  28.62  cb_failure         L28-CB0 {'rot': 0.03248}
  t=  28.62  cb_failure         L29-CB0 {'rot': 0.03262}
  t=  28.62  cb_failure         L30-CB0 {'rot': 0.03248}
  t=  28.62  cb_failure         L31-CB0 {'rot': 0.03212}
  t=  28.62  cb_failure         L32-CB0 {'rot': 0.0317}
  t=  28.62  cb_failure         L33-CB0 {'rot': 0.0315}
  progress t=  30.0s  max corner drift so far=0.0161  wall clock=400s
  progress t=  40.0s  max corner drift so far=0.0161  wall clock=549s
  t=  42.87  cb_failure         L5-CB3 {'rot': 0.03075}
  t=  43.12  cb_failure         L4-CB3 {'rot': 0.03122}
  t=  43.37  cb_failure         L4-CB2 {'rot': 0.03071}
  t=  49.12  cb_failure         L5-CB1 {'rot': 0.0327}
  t=  49.62  cb_failure         L24-CB0 {'rot': 0.03656}
  t=  49.62  cb_failure         L25-CB0 {'rot': 0.03415}
  progress t=  50.0s  max corner drift so far=0.0161  wall clock=694s
  progress t=  60.0s  max corner drift so far=0.0182  wall clock=848s
  progress t=  70.0s  max corner drift so far=0.0182  wall clock=997s
  progress t=  80.0s  max corner drift so far=0.0182  wall clock=1125s
  progress t=  90.0s  max corner drift so far=0.0182  wall clock=1248s
  progress t= 100.0s  max corner drift so far=0.0182  wall clock=1371s
