  t=   4.25  cb_yield           L3-CB0 {'rot': 0.00629}
  t=   4.25  cb_yield           L4-CB0 {'rot': 0.00716}
  t=   4.25  cb_yield           L4-CB1 {'rot': 0.00683}
  t=   4.25  cb_yield           L4-CB2 {'rot': 0.00629}
  t=   4.25  cb_yield           L5-CB0 {'rot': 0.00777}
  t=   4.25  cb_yield           L5-CB1 {'rot': 0.00741}
  t=   4.25  cb_yield           L5-CB2 {'rot': 0.00669}
  t=   4.25  cb_yield           L5-CB3 {'rot': 0.00636}
  t=   4.25  cb_yield           L6-CB0 {'rot': 0.00813}
  t=   4.25  cb_yield           L6-CB1 {'rot': 0.00775}
  t=   4.25  cb_yield           L6-CB2 {'rot': 0.00685}
  t=   4.25  cb_yield           L6-CB3 {'rot': 0.00649}
  t=   4.25  cb_yield           L7-CB0 {'rot': 0.00829}
  t=   4.25  cb_yield           L7-CB1 {'rot': 0.00788}
  t=   4.25  cb_yield           L7-CB2 {'rot': 0.00679}
  t=   4.25  cb_yield           L7-CB3 {'rot': 0.00641}
  t=   4.25  cb_yield           L8-CB0 {'rot': 0.00827}
  t=   4.25  cb_yield           L8-CB1 {'rot': 0.00785}
  t=   4.25  cb_yield           L8-CB2 {'rot': 0.00657}
  t=   4.25  cb_yield           L8-CB3 {'rot': 0.00617}
  t=   4.25  cb_yield           L9-CB0 {'rot': 0.0081}
  t=   4.25  cb_yield           L9-CB1 {'rot': 0.00766}
  t=   4.25  cb_yield           L9-CB2 {'rot': 0.00621}
  t=   4.25  cb_yield           L10-CB0 {'rot': 0.00782}
  t=   4.25  cb_yield           L10-CB1 {'rot': 0.00736}
  t=   4.25  cb_yield           L11-CB0 {'rot': 0.00746}
  t=   4.25  cb_yield           L11-CB1 {'rot': 0.00698}
  t=   4.25  cb_yield           L12-CB0 {'rot': 0.00701}
  t=   4.25  cb_yield           L12-CB1 {'rot': 0.00652}
  t=   4.25  cb_yield           L13-CB0 {'rot': 0.00651}
  t=   4.37  cb_yield           L2-CB0 {'rot': 0.00618}
  t=   4.37  cb_yield           L3-CB1 {'rot': 0.00727}
  t=   4.37  cb_yield           L3-CB2 {'rot': 0.00683}
  t=   4.37  cb_yield           L3-CB3 {'rot': 0.00653}
  t=   4.37  cb_yield           L4-CB3 {'rot': 0.00735}
  t=   4.37  cb_yield           L9-CB3 {'rot': 0.00698}
  t=   4.37  cb_yield           L10-CB2 {'rot': 0.00674}
  t=   4.37  cb_yield           L10-CB3 {'rot': 0.00627}
  t=   4.37  cb_yield           L13-CB1 {'rot': 0.0065}
  t=   4.37  cb_yield           L14-CB0 {'rot': 0.00628}
  t=   4.50  cb_yield           L2-CB1 {'rot': 0.00615}
  t=   7.38  cb_yield           L16-CB1 {'rot': 0.00612}
  t=   7.63  cb_yield           L15-CB1 {'rot': 0.00619}
  t=   7.75  cb_yield           L14-CB1 {'rot': 0.00665}
  t=   7.88  cb_yield           L15-CB0 {'rot': 0.00722}
  t=   7.88  cb_yield           L16-CB0 {'rot': 0.00689}
  t=   7.88  cb_yield           L17-CB1 {'rot': 0.00731}
  t=   7.88  cb_yield           L18-CB1 {'rot': 0.00696}
  t=   7.88  cb_yield           L19-CB1 {'rot': 0.00661}
  t=   8.00  cb_yield           L11-CB2 {'rot': 0.00675}
  t=   8.00  cb_yield           L11-CB3 {'rot': 0.00758}
  t=   8.00  cb_yield           L12-CB2 {'rot': 0.00631}
  t=   8.00  cb_yield           L12-CB3 {'rot': 0.00716}
  t=   8.00  cb_yield           L13-CB3 {'rot': 0.00667}
  t=   8.00  cb_yield           L14-CB3 {'rot': 0.00613}
  t=   8.00  cb_yield           L17-CB0 {'rot': 0.00759}
  t=   8.00  cb_yield           L18-CB0 {'rot': 0.00684}
  t=   8.13  cb_yield           L2-CB3 {'rot': 0.00629}
  t=   8.13  cb_yield           L13-CB2 {'rot': 0.00767}
  t=   8.13  cb_yield           L14-CB2 {'rot': 0.00683}
  t=   8.13  cb_yield           L15-CB3 {'rot': 0.00705}
  t=   8.13  cb_yield           L16-CB3 {'rot': 0.00617}
  t=   8.13  cb_yield           L19-CB0 {'rot': 0.00707}
  t=   8.13  cb_yield           L20-CB1 {'rot': 0.00729}
  t=   8.25  cb_yield           L2-CB2 {'rot': 0.00748}
  t=   8.25  cb_yield           L15-CB2 {'rot': 0.00683}
  t=   8.25  cb_yield           L20-CB0 {'rot': 0.00701}
  t=   8.25  cb_yield           L21-CB1 {'rot': 0.00733}
  t=   8.38  cb_yield           L1-CB1 {'rot': 0.0064}
  t=   8.38  cb_yield           L22-CB1 {'rot': 0.00699}
  t=   8.50  cb_yield           L1-CB0 {'rot': 0.00616}
  t=   8.50  cb_yield           L16-CB2 {'rot': 0.0067}
  t=   8.50  cb_yield           L17-CB3 {'rot': 0.00674}
  t=   8.50  cb_yield           L23-CB1 {'rot': 0.00686}
  t=   8.63  cb_yield           L17-CB2 {'rot': 0.00711}
  t=   8.63  cb_yield           L18-CB3 {'rot': 0.00739}
  t=   8.63  cb_yield           L24-CB1 {'rot': 0.00664}
  t=   8.75  cb_yield           L18-CB2 {'rot': 0.00912}
  t=   8.75  cb_yield           L19-CB2 {'rot': 0.00813}
  t=   8.75  cb_yield           L19-CB3 {'rot': 0.00974}
  t=   8.75  cb_yield           L20-CB2 {'rot': 0.00717}
  t=   8.75  cb_yield           L20-CB3 {'rot': 0.00878}
  t=   8.75  cb_yield           L21-CB0 {'rot': 0.00751}
  t=   8.75  cb_yield           L21-CB3 {'rot': 0.00785}
  t=   8.75  cb_yield           L22-CB0 {'rot': 0.00664}
  t=   8.75  cb_yield           L22-CB3 {'rot': 0.00701}
  t=   8.88  cb_yield           L21-CB2 {'rot': 0.00991}
  t=   8.88  cb_yield           L22-CB2 {'rot': 0.0089}
  t=   8.88  cb_yield           L23-CB2 {'rot': 0.00789}
  t=   8.88  cb_yield           L23-CB3 {'rot': 0.00951}
  t=   8.88  cb_yield           L24-CB2 {'rot': 0.00694}
  t=   8.88  cb_yield           L24-CB3 {'rot': 0.00854}
  t=   8.88  cb_yield           L25-CB3 {'rot': 0.00766}
  t=   8.88  cb_yield           L26-CB3 {'rot': 0.00687}
  t=   9.00  cb_yield           L23-CB0 {'rot': 0.00735}
  t=   9.00  cb_yield           L25-CB2 {'rot': 0.00893}
  t=   9.00  cb_yield           L26-CB2 {'rot': 0.0079}
  t=   9.00  cb_yield           L27-CB2 {'rot': 0.00698}
  t=   9.00  cb_yield           L27-CB3 {'rot': 0.00868}
  t=   9.00  cb_yield           L28-CB3 {'rot': 0.0079}
  t=   9.00  cb_yield           L29-CB3 {'rot': 0.00722}
  t=   9.00  cb_yield           L30-CB3 {'rot': 0.00667}
  t=   9.13  cb_yield           L24-CB0 {'rot': 0.00714}
  t=   9.13  cb_yield           L25-CB1 {'rot': 0.00749}
  t=   9.13  cb_yield           L28-CB2 {'rot': 0.00864}
  t=   9.13  cb_yield           L29-CB2 {'rot': 0.00756}
  t=   9.13  cb_yield           L30-CB2 {'rot': 0.00664}
  t=   9.13  cb_yield           L31-CB3 {'rot': 0.00786}
  t=   9.13  cb_yield           L32-CB3 {'rot': 0.00746}
  t=   9.13  cb_yield           L33-CB3 {'rot': 0.00728}
  t=   9.25  cb_yield           L25-CB0 {'rot': 0.00665}
  t=   9.25  cb_yield           L26-CB1 {'rot': 0.0078}
  t=   9.25  cb_yield           L27-CB1 {'rot': 0.00682}
  t=   9.25  cb_yield           L31-CB2 {'rot': 0.00873}
  t=   9.25  cb_yield           L32-CB2 {'rot': 0.00815}
  t=   9.25  cb_yield           L33-CB2 {'rot': 0.00789}
  t=   9.38  cb_yield           L28-CB1 {'rot': 0.00746}
  t=   9.38  cb_yield           L29-CB1 {'rot': 0.00689}
  progress t=  10.0s  max corner drift so far=0.0047  wall clock=136s
  t=  10.50  cb_yield           L26-CB0 {'rot': 0.00709}
  t=  10.50  cb_yield           L27-CB0 {'rot': 0.00688}
  t=  10.50  cb_yield           L28-CB0 {'rot': 0.00666}
  t=  10.50  cb_yield           L30-CB1 {'rot': 0.00799}
  t=  10.50  cb_yield           L31-CB1 {'rot': 0.00768}
  t=  10.50  cb_yield           L32-CB1 {'rot': 0.00741}
  t=  10.50  cb_yield           L33-CB1 {'rot': 0.00692}
  t=  10.63  cb_yield           L29-CB0 {'rot': 0.00683}
  t=  10.75  cb_yield           L1-CB2 {'rot': 0.00769}
  t=  10.75  cb_yield           L1-CB3 {'rot': 0.00746}
  t=  11.50  cb_yield           L30-CB0 {'rot': 0.00811}
  t=  11.50  cb_yield           L31-CB0 {'rot': 0.00725}
  t=  11.50  cb_yield           L32-CB0 {'rot': 0.00669}
  t=  11.63  cb_failure         L13-CB0 {'rot': 0.03151}
  t=  11.63  cb_failure         L13-CB1 {'rot': 0.03161}
  t=  11.63  cb_failure         L14-CB0 {'rot': 0.03263}
  t=  11.63  cb_failure         L14-CB1 {'rot': 0.03275}
  t=  11.63  cb_failure         L15-CB0 {'rot': 0.03332}
  t=  11.63  cb_failure         L15-CB1 {'rot': 0.03347}
  t=  11.63  cb_failure         L16-CB0 {'rot': 0.03366}
  t=  11.63  cb_failure         L16-CB1 {'rot': 0.03382}
  t=  11.63  cb_failure         L17-CB0 {'rot': 0.03369}
  t=  11.63  cb_failure         L17-CB1 {'rot': 0.03382}
  t=  11.63  cb_failure         L18-CB0 {'rot': 0.03336}
  t=  11.63  cb_failure         L18-CB1 {'rot': 0.03347}
  t=  11.63  cb_failure         L19-CB0 {'rot': 0.03258}
  t=  11.63  cb_failure         L19-CB1 {'rot': 0.03271}
  t=  11.63  cb_failure         L20-CB0 {'rot': 0.0313}
  t=  11.63  cb_failure         L20-CB1 {'rot': 0.03147}
  t=  11.63  cb_yield           L33-CB0 {'rot': 0.00676}
  t=  11.75  cb_failure         L12-CB1 {'rot': 0.03056}
  t=  11.75  cb_failure         L21-CB0 {'rot': 0.03517}
  t=  11.75  cb_failure         L21-CB1 {'rot': 0.03628}
  t=  11.75  cb_failure         L22-CB0 {'rot': 0.03266}
  t=  11.75  cb_failure         L22-CB1 {'rot': 0.03389}
  t=  11.75  cb_failure         L23-CB1 {'rot': 0.03079}
  t=  11.88  cb_failure         L16-CB3 {'rot': 0.03116}
  t=  11.88  cb_failure         L17-CB3 {'rot': 0.03256}
  t=  11.88  cb_failure         L18-CB2 {'rot': 0.03066}
  t=  11.88  cb_failure         L18-CB3 {'rot': 0.03331}
  t=  11.88  cb_failure         L19-CB2 {'rot': 0.03076}
  t=  11.88  cb_failure         L19-CB3 {'rot': 0.03341}
  t=  11.88  cb_failure         L20-CB3 {'rot': 0.03294}
  t=  11.88  cb_failure         L21-CB3 {'rot': 0.03179}
  t=  11.88  cb_failure         L23-CB0 {'rot': 0.03272}
  t=  11.88  cb_failure         L24-CB1 {'rot': 0.03084}
  t=  12.00  cb_failure         L20-CB2 {'rot': 0.03152}
  t=  12.00  cb_failure         L21-CB2 {'rot': 0.03069}
  t=  12.00  cb_failure         L22-CB3 {'rot': 0.03221}
  t=  12.00  cb_failure         L24-CB0 {'rot': 0.03072}
  t=  12.13  cb_failure         L22-CB2 {'rot': 0.03128}
  t=  12.13  cb_failure         L23-CB3 {'rot': 0.03278}
  t=  12.13  cb_failure         L24-CB3 {'rot': 0.0306}
  t=  12.13  cb_failure         L25-CB1 {'rot': 0.03111}
  t=  12.25  cb_failure         L23-CB2 {'rot': 0.03063}
  t=  12.88  cb_failure         L8-CB0 {'rot': 0.03036}
  t=  12.88  cb_failure         L8-CB1 {'rot': 0.03027}
  t=  12.88  cb_failure         L9-CB0 {'rot': 0.03084}
  t=  12.88  cb_failure         L9-CB1 {'rot': 0.03075}
  t=  12.88  cb_failure         L10-CB0 {'rot': 0.03091}
  t=  12.88  cb_failure         L10-CB1 {'rot': 0.03082}
  t=  12.88  cb_failure         L11-CB0 {'rot': 0.03067}
  t=  12.88  cb_failure         L11-CB1 {'rot': 0.03056}
  t=  12.88  cb_failure         L12-CB0 {'rot': 0.03017}
  t=  13.00  cb_failure         L6-CB0 {'rot': 0.03103}
  t=  13.00  cb_failure         L6-CB1 {'rot': 0.03018}
  t=  13.00  cb_failure         L7-CB0 {'rot': 0.03245}
  t=  13.00  cb_failure         L7-CB1 {'rot': 0.03163}
  t=  13.00  cb_failure         L7-CB2 {'rot': 0.03094}
  t=  13.00  cb_failure         L8-CB2 {'rot': 0.03151}
  t=  13.00  cb_failure         L9-CB2 {'rot': 0.03161}
  t=  13.00  cb_failure         L10-CB2 {'rot': 0.0312}
  t=  13.00  cb_failure         L11-CB2 {'rot': 0.03027}
  t=  13.13  cb_failure         L6-CB2 {'rot': 0.03196}
  t=  13.13  cb_failure         L6-CB3 {'rot': 0.03082}
  t=  13.13  cb_failure         L7-CB3 {'rot': 0.0322}
  t=  13.13  cb_failure         L8-CB3 {'rot': 0.03291}
  t=  13.13  cb_failure         L9-CB3 {'rot': 0.03309}
  t=  13.13  cb_failure         L10-CB3 {'rot': 0.03279}
  t=  13.13  cb_failure         L11-CB3 {'rot': 0.03203}
  t=  13.13  cb_failure         L12-CB2 {'rot': 0.03254}
  t=  13.13  cb_failure         L12-CB3 {'rot': 0.03076}
  t=  13.13  cb_failure         L13-CB2 {'rot': 0.03059}
  t=  13.25  cb_failure         L13-CB3 {'rot': 0.03032}
  t=  15.25  cb_failure         L25-CB3 {'rot': 0.03269}
  t=  15.25  cb_failure         L26-CB3 {'rot': 0.03222}
  t=  15.25  cb_failure         L27-CB3 {'rot': 0.03133}
  t=  15.38  cb_failure         L24-CB2 {'rot': 0.03085}
  t=  15.38  cb_failure         L25-CB2 {'rot': 0.03101}
  t=  15.38  cb_failure         L26-CB2 {'rot': 0.03084}
  t=  15.38  cb_failure         L28-CB3 {'rot': 0.03554}
  t=  15.38  cb_failure         L29-CB3 {'rot': 0.03436}
  t=  15.38  cb_failure         L30-CB3 {'rot': 0.03303}
  t=  15.38  cb_failure         L31-CB3 {'rot': 0.03183}
  t=  15.38  cb_failure         L32-CB3 {'rot': 0.03091}
  t=  15.38  cb_failure         L33-CB3 {'rot': 0.03065}
  t=  15.50  cb_failure         L27-CB2 {'rot': 0.03315}
  t=  15.50  cb_failure         L28-CB2 {'rot': 0.03263}
  t=  15.50  cb_failure         L29-CB2 {'rot': 0.03176}
  t=  15.50  cb_failure         L30-CB2 {'rot': 0.03061}
  t=  17.38  cb_failure         L26-CB1 {'rot': 0.03074}
  t=  17.50  cb_failure         L27-CB1 {'rot': 0.03198}
  t=  17.50  cb_failure         L28-CB1 {'rot': 0.03199}
  t=  17.50  cb_failure         L29-CB1 {'rot': 0.03191}
  t=  17.50  cb_failure         L30-CB1 {'rot': 0.03173}
  t=  17.50  cb_failure         L31-CB1 {'rot': 0.0315}
  t=  17.50  cb_failure         L32-CB1 {'rot': 0.03128}
  t=  17.50  cb_failure         L33-CB1 {'rot': 0.03102}
  progress t=  20.0s  max corner drift so far=0.0146  wall clock=298s
  t=  20.62  cb_failure         L14-CB3 {'rot': 0.03013}
  t=  27.12  cb_failure         L31-CB2 {'rot': 0.03421}
  t=  27.12  cb_failure         L32-CB2 {'rot': 0.03379}
  t=  27.12  cb_failure         L33-CB2 {'rot': 0.03359}
  t=  27.50  cb_failure         L15-CB3 {'rot': 0.0393}
  t=  27.50  cb_failure         L16-CB2 {'rot': 0.03011}
  t=  27.50  cb_failure         L17-CB2 {'rot': 0.03195}
  t=  27.62  cb_failure         L14-CB2 {'rot': 0.03537}
  t=  27.62  cb_failure         L15-CB2 {'rot': 0.0374}
  progress t=  30.0s  max corner drift so far=0.0155  wall clock=461s
  progress t=  40.0s  max corner drift so far=0.0155  wall clock=632s
  t=  42.87  cb_failure         L5-CB3 {'rot': 0.03039}
  t=  47.50  cb_failure         L5-CB2 {'rot': 0.03034}
  t=  49.00  cb_failure         L5-CB1 {'rot': 0.0327}
  t=  49.12  cb_failure         L4-CB1 {'rot': 0.031}
  t=  49.62  cb_failure         L25-CB0 {'rot': 0.03073}
  t=  49.75  cb_failure         L26-CB0 {'rot': 0.03416}
  t=  49.75  cb_failure         L27-CB0 {'rot': 0.03132}
  t=  49.87  cb_failure         L28-CB0 {'rot': 0.03753}
  t=  49.87  cb_failure         L29-CB0 {'rot': 0.03567}
  t=  49.87  cb_failure         L30-CB0 {'rot': 0.03416}
  t=  49.87  cb_failure         L31-CB0 {'rot': 0.03313}
  t=  49.87  cb_failure         L32-CB0 {'rot': 0.03251}
  t=  49.87  cb_failure         L33-CB0 {'rot': 0.03229}
  progress t=  50.0s  max corner drift so far=0.0158  wall clock=796s
  t=  51.37  cb_failure         L4-CB2 {'rot': 0.03046}
  t=  51.37  cb_failure         L4-CB3 {'rot': 0.0322}
  progress t=  60.0s  max corner drift so far=0.0165  wall clock=969s
  t=  61.50  cb_failure         L3-CB3 {'rot': 0.03081}
  progress t=  70.0s  max corner drift so far=0.0165  wall clock=1133s
  progress t=  80.0s  max corner drift so far=0.0165  wall clock=1271s
  progress t=  90.0s  max corner drift so far=0.0165  wall clock=1408s
  progress t= 100.0s  max corner drift so far=0.0165  wall clock=1546s
