  t=   2.00  cb_yield           L6-CB3 {'rot': 0.0054}
  t=   2.00  cb_yield           L7-CB1 {'rot': 0.00539}
  t=   2.00  cb_yield           L7-CB3 {'rot': 0.00552}
  t=   2.00  cb_yield           L8-CB1 {'rot': 0.00539}
  t=   2.00  cb_yield           L8-CB3 {'rot': 0.00552}
  t=   2.00  cb_yield           L9-CB3 {'rot': 0.00543}
  t=   2.05  cb_yield           L6-CB1 {'rot': 0.00546}
  t=   2.05  cb_yield           L7-CB0 {'rot': 0.00535}
  t=   2.05  cb_yield           L7-CB2 {'rot': 0.00544}
  t=   2.05  cb_yield           L8-CB0 {'rot': 0.00537}
  t=   2.05  cb_yield           L8-CB2 {'rot': 0.00548}
  t=   2.05  cb_yield           L9-CB1 {'rot': 0.00562}
  t=   2.05  cb_yield           L9-CB2 {'rot': 0.00541}
  t=   2.05  cb_yield           L10-CB1 {'rot': 0.0055}
  t=   2.05  cb_yield           L10-CB3 {'rot': 0.00564}
  t=   2.05  cb_yield           L11-CB3 {'rot': 0.00547}
  t=   2.10  cb_yield           L6-CB2 {'rot': 0.00537}
  t=   2.10  cb_yield           L9-CB0 {'rot': 0.00554}
  t=   2.10  cb_yield           L10-CB0 {'rot': 0.00544}
  t=   2.10  cb_yield           L10-CB2 {'rot': 0.00557}
  t=   2.10  cb_yield           L11-CB1 {'rot': 0.00568}
  t=   2.10  cb_yield           L11-CB2 {'rot': 0.00542}
  t=   2.10  cb_yield           L12-CB1 {'rot': 0.00549}
  t=   2.10  cb_yield           L12-CB3 {'rot': 0.00565}
  t=   2.10  cb_yield           L13-CB3 {'rot': 0.00542}
  t=   2.15  cb_yield           L11-CB0 {'rot': 0.00554}
  t=   2.15  cb_yield           L12-CB0 {'rot': 0.00535}
  t=   2.15  cb_yield           L12-CB2 {'rot': 0.00551}
  t=   2.15  cb_yield           L13-CB1 {'rot': 0.00558}
  t=   2.15  cb_yield           L14-CB3 {'rot': 0.0055}
  t=   2.20  cb_yield           L13-CB2 {'rot': 0.00549}
  t=   2.20  cb_yield           L14-CB1 {'rot': 0.00556}
  t=   2.20  cb_yield           L15-CB3 {'rot': 0.00548}
  t=   2.25  cb_yield           L13-CB0 {'rot': 0.00543}
  t=   2.25  cb_yield           L14-CB2 {'rot': 0.00539}
  t=   2.25  cb_yield           L15-CB1 {'rot': 0.00549}
  t=   2.25  cb_yield           L16-CB3 {'rot': 0.00546}
  t=   2.30  cb_yield           L16-CB1 {'rot': 0.00549}
  t=   2.35  cb_yield           L15-CB2 {'rot': 0.00545}
  t=   2.35  cb_yield           L16-CB2 {'rot': 0.00536}
  t=   2.35  cb_yield           L17-CB3 {'rot': 0.00586}
  t=   2.40  cb_yield           L15-CB0 {'rot': 0.00533}
  t=   2.40  cb_yield           L17-CB1 {'rot': 0.00595}
  t=   2.40  cb_yield           L18-CB1 {'rot': 0.00588}
  t=   2.40  cb_yield           L18-CB3 {'rot': 0.00619}
  t=   2.40  cb_yield           L19-CB1 {'rot': 0.00577}
  t=   2.40  cb_yield           L19-CB3 {'rot': 0.00611}
  t=   2.40  cb_yield           L20-CB3 {'rot': 0.006}
  t=   2.40  cb_yield           L21-CB3 {'rot': 0.00585}
  t=   2.45  cb_yield           L16-CB0 {'rot': 0.00548}
  t=   2.45  cb_yield           L17-CB2 {'rot': 0.00584}
  t=   2.45  cb_yield           L18-CB2 {'rot': 0.00589}
  t=   2.45  cb_yield           L19-CB2 {'rot': 0.00589}
  t=   2.45  cb_yield           L20-CB1 {'rot': 0.00629}
  t=   2.45  cb_yield           L20-CB2 {'rot': 0.00583}
  t=   2.45  cb_yield           L21-CB1 {'rot': 0.00616}
  t=   2.45  cb_yield           L22-CB1 {'rot': 0.00599}
  t=   2.45  cb_yield           L22-CB3 {'rot': 0.00643}
  t=   2.45  cb_yield           L23-CB1 {'rot': 0.00577}
  t=   2.45  cb_yield           L23-CB3 {'rot': 0.00623}
  t=   2.45  cb_yield           L24-CB3 {'rot': 0.00599}
  t=   2.50  cb_yield           L17-CB0 {'rot': 0.00581}
  t=   2.50  cb_yield           L18-CB0 {'rot': 0.00593}
  t=   2.50  cb_yield           L19-CB0 {'rot': 0.00598}
  t=   2.50  cb_yield           L20-CB0 {'rot': 0.00597}
  t=   2.50  cb_yield           L21-CB0 {'rot': 0.00588}
  t=   2.50  cb_yield           L21-CB2 {'rot': 0.00631}
  t=   2.50  cb_yield           L22-CB2 {'rot': 0.00617}
  t=   2.50  cb_yield           L23-CB2 {'rot': 0.00596}
  t=   2.50  cb_yield           L24-CB1 {'rot': 0.00623}
  t=   2.50  cb_yield           L25-CB1 {'rot': 0.0059}
  t=   2.50  cb_yield           L25-CB3 {'rot': 0.00641}
  t=   2.50  cb_yield           L26-CB3 {'rot': 0.00605}
  t=   2.55  cb_yield           L22-CB0 {'rot': 0.00627}
  t=   2.55  cb_yield           L23-CB0 {'rot': 0.00604}
  t=   2.55  cb_yield           L24-CB2 {'rot': 0.00622}
  t=   2.55  cb_yield           L25-CB2 {'rot': 0.00587}
  t=   2.55  cb_yield           L26-CB1 {'rot': 0.00608}
  t=   2.55  cb_yield           L27-CB3 {'rot': 0.00613}
  t=   2.60  cb_yield           L24-CB0 {'rot': 0.00617}
  t=   2.60  cb_yield           L25-CB0 {'rot': 0.00578}
  t=   2.60  cb_yield           L26-CB2 {'rot': 0.0058}
  t=   2.60  cb_yield           L27-CB1 {'rot': 0.00599}
  t=   2.60  cb_yield           L28-CB3 {'rot': 0.00593}
  t=   3.55  cb_yield           L26-CB0 {'rot': 0.00623}
  t=   3.55  cb_yield           L27-CB0 {'rot': 0.00577}
  t=   3.55  cb_yield           L27-CB2 {'rot': 0.00602}
  t=   3.65  cb_yield           L28-CB0 {'rot': 0.00578}
  t=   3.85  cb_yield           L14-CB0 {'rot': 0.00538}
  t=   4.00  cb_yield           L6-CB0 {'rot': 0.00543}
  t=   4.05  cb_yield           L4-CB0 {'rot': 0.00564}
  t=   4.05  cb_yield           L4-CB1 {'rot': 0.00534}
  t=   4.05  cb_yield           L5-CB0 {'rot': 0.0062}
  t=   4.05  cb_yield           L5-CB1 {'rot': 0.00589}
  t=   4.10  cb_yield           L3-CB0 {'rot': 0.00592}
  t=   4.10  cb_yield           L3-CB1 {'rot': 0.00559}
  t=   4.10  cb_yield           L4-CB2 {'rot': 0.00567}
  t=   4.10  cb_yield           L4-CB3 {'rot': 0.00533}
  t=   4.10  cb_yield           L5-CB2 {'rot': 0.00608}
  t=   4.10  cb_yield           L5-CB3 {'rot': 0.00568}
  t=   4.15  cb_yield           L2-CB0 {'rot': 0.00555}
  t=   4.15  cb_yield           L3-CB2 {'rot': 0.00595}
  t=   4.15  cb_yield           L3-CB3 {'rot': 0.00563}
  t=   4.20  cb_yield           L2-CB1 {'rot': 0.0059}
  t=   4.20  cb_yield           L2-CB2 {'rot': 0.00549}
  t=   4.25  cb_yield           L2-CB3 {'rot': 0.00578}
  t=   7.90  cb_yield           L1-CB0 {'rot': 0.00546}
  t=   7.90  cb_yield           L1-CB1 {'rot': 0.00546}
  t=   8.05  cb_yield           L1-CB3 {'rot': 0.00534}
  t=   8.10  cb_yield           L1-CB2 {'rot': 0.00545}
  t=   8.25  cb_yield           L28-CB1 {'rot': 0.00632}
  t=   8.25  cb_yield           L29-CB1 {'rot': 0.00601}
  t=   8.25  cb_yield           L30-CB1 {'rot': 0.00579}
  t=   8.30  cb_yield           L31-CB1 {'rot': 0.0062}
  t=   8.30  cb_yield           L32-CB1 {'rot': 0.00608}
  t=   8.30  cb_yield           L33-CB1 {'rot': 0.00602}
  t=   8.45  cb_yield           L29-CB0 {'rot': 0.00599}
  t=   8.75  cb_yield           L29-CB3 {'rot': 0.00629}
  t=   8.80  cb_yield           L30-CB3 {'rot': 0.00669}
  t=   8.80  cb_yield           L31-CB3 {'rot': 0.00616}
  t=   8.80  cb_yield           L32-CB3 {'rot': 0.00581}
  t=   8.85  cb_yield           L28-CB2 {'rot': 0.00607}
  t=   8.85  cb_yield           L33-CB3 {'rot': 0.00646}
  t=   8.90  cb_yield           L29-CB2 {'rot': 0.006}
  t=   8.95  cb_yield           L30-CB2 {'rot': 0.00625}
  t=   9.00  cb_yield           L31-CB2 {'rot': 0.00684}
  t=   9.00  cb_yield           L32-CB2 {'rot': 0.00647}
  t=   9.00  cb_yield           L33-CB2 {'rot': 0.0063}
  t=   9.40  cb_yield           L30-CB0 {'rot': 0.00633}
  progress t=  10.0s  max corner drift so far=0.0066  wall clock=330s
  t=  10.35  cb_yield           L31-CB0 {'rot': 0.00629}
  t=  10.35  cb_yield           L32-CB0 {'rot': 0.00613}
  t=  10.35  cb_yield           L33-CB0 {'rot': 0.00607}
  t=  11.55  cb_failure         L10-CB0 {'rot': 0.02945}
  t=  11.55  cb_failure         L11-CB0 {'rot': 0.03071}
  t=  11.55  cb_failure         L11-CB1 {'rot': 0.03025}
  t=  11.55  cb_failure         L12-CB0 {'rot': 0.03153}
  t=  11.55  cb_failure         L12-CB1 {'rot': 0.03114}
  t=  11.55  cb_failure         L13-CB0 {'rot': 0.03189}
  t=  11.55  cb_failure         L13-CB1 {'rot': 0.03159}
  t=  11.55  cb_failure         L14-CB0 {'rot': 0.03184}
  t=  11.55  cb_failure         L14-CB1 {'rot': 0.03156}
  t=  11.55  cb_failure         L15-CB0 {'rot': 0.03141}
  t=  11.55  cb_failure         L15-CB1 {'rot': 0.03111}
  t=  11.55  cb_failure         L16-CB0 {'rot': 0.03061}
  t=  11.55  cb_failure         L16-CB1 {'rot': 0.03023}
  t=  11.60  cb_failure         L10-CB1 {'rot': 0.02957}
  t=  11.60  cb_failure         L17-CB0 {'rot': 0.03325}
  t=  11.60  cb_failure         L17-CB1 {'rot': 0.03234}
  t=  11.60  cb_failure         L18-CB0 {'rot': 0.03177}
  t=  11.60  cb_failure         L18-CB1 {'rot': 0.03079}
  t=  11.60  cb_failure         L19-CB0 {'rot': 0.02996}
  t=  11.65  cb_failure         L19-CB1 {'rot': 0.03299}
  t=  11.65  cb_failure         L20-CB0 {'rot': 0.03254}
  t=  11.65  cb_failure         L20-CB1 {'rot': 0.03113}
  t=  11.65  cb_failure         L21-CB0 {'rot': 0.03029}
  t=  11.70  cb_failure         L14-CB3 {'rot': 0.02947}
  t=  11.70  cb_failure         L15-CB2 {'rot': 0.02946}
  t=  11.70  cb_failure         L15-CB3 {'rot': 0.02983}
  t=  11.70  cb_failure         L16-CB3 {'rot': 0.02976}
  t=  11.70  cb_failure         L21-CB1 {'rot': 0.03338}
  t=  11.70  cb_failure         L22-CB0 {'rot': 0.03164}
  t=  11.70  cb_failure         L22-CB1 {'rot': 0.03087}
  t=  11.75  cb_failure         L16-CB2 {'rot': 0.03028}
  t=  11.75  cb_failure         L17-CB2 {'rot': 0.03002}
  t=  11.75  cb_failure         L17-CB3 {'rot': 0.03173}
  t=  11.75  cb_failure         L18-CB3 {'rot': 0.03136}
  t=  11.75  cb_failure         L19-CB3 {'rot': 0.03058}
  t=  11.75  cb_failure         L23-CB0 {'rot': 0.03173}
  t=  11.75  cb_failure         L23-CB1 {'rot': 0.03205}
  t=  11.80  cb_failure         L18-CB2 {'rot': 0.03138}
  t=  11.80  cb_failure         L19-CB2 {'rot': 0.03081}
  t=  11.80  cb_failure         L20-CB2 {'rot': 0.02975}
  t=  11.80  cb_failure         L20-CB3 {'rot': 0.03256}
  t=  11.80  cb_failure         L21-CB3 {'rot': 0.03098}
  t=  11.80  cb_failure         L24-CB0 {'rot': 0.03121}
  t=  11.80  cb_failure         L24-CB1 {'rot': 0.03205}
  t=  11.85  cb_failure         L21-CB2 {'rot': 0.03092}
  t=  11.85  cb_failure         L22-CB3 {'rot': 0.03185}
  t=  11.85  cb_failure         L25-CB0 {'rot': 0.02992}
  t=  11.85  cb_failure         L25-CB1 {'rot': 0.0309}
  t=  11.90  cb_failure         L22-CB2 {'rot': 0.03109}
  t=  11.90  cb_failure         L23-CB3 {'rot': 0.03163}
  t=  11.95  cb_failure         L23-CB2 {'rot': 0.03028}
  t=  11.95  cb_failure         L24-CB3 {'rot': 0.03031}
  t=  11.95  cb_failure         L26-CB1 {'rot': 0.03044}
  t=  12.00  cb_failure         L26-CB0 {'rot': 0.0302}
  t=  12.05  cb_failure         L24-CB2 {'rot': 0.03115}
  t=  12.05  cb_failure         L25-CB3 {'rot': 0.03072}
  t=  12.10  cb_failure         L25-CB2 {'rot': 0.03042}
  t=  12.10  cb_failure         L27-CB1 {'rot': 0.03099}
  t=  12.15  cb_failure         L26-CB2 {'rot': 0.02994}
  t=  12.15  cb_failure         L26-CB3 {'rot': 0.03256}
  t=  12.15  cb_failure         L27-CB0 {'rot': 0.03142}
  t=  12.20  cb_failure         L27-CB2 {'rot': 0.02977}
  t=  12.20  cb_failure         L27-CB3 {'rot': 0.0322}
  t=  12.20  cb_failure         L28-CB1 {'rot': 0.03138}
  t=  12.25  cb_failure         L28-CB0 {'rot': 0.03084}
  t=  12.25  cb_failure         L28-CB3 {'rot': 0.03206}
  t=  12.30  cb_failure         L28-CB2 {'rot': 0.03106}
  t=  12.30  cb_failure         L29-CB1 {'rot': 0.03217}
  t=  12.30  cb_failure         L29-CB3 {'rot': 0.03212}
  t=  12.35  cb_failure         L29-CB2 {'rot': 0.03031}
  t=  12.35  cb_failure         L30-CB1 {'rot': 0.03213}
  t=  12.35  cb_failure         L30-CB3 {'rot': 0.03346}
  t=  12.35  cb_failure         L31-CB1 {'rot': 0.03003}
  t=  12.35  cb_failure         L31-CB3 {'rot': 0.03138}
  t=  12.35  cb_failure         L32-CB3 {'rot': 0.03004}
  t=  12.40  cb_failure         L29-CB0 {'rot': 0.031}
  t=  12.40  cb_failure         L30-CB2 {'rot': 0.03162}
  t=  12.40  cb_failure         L31-CB2 {'rot': 0.03019}
  t=  12.40  cb_failure         L32-CB1 {'rot': 0.03233}
  t=  12.40  cb_failure         L33-CB1 {'rot': 0.03191}
  t=  12.40  cb_failure         L33-CB3 {'rot': 0.03432}
  t=  12.45  cb_failure         L30-CB0 {'rot': 0.03112}
  t=  12.45  cb_failure         L31-CB0 {'rot': 0.02996}
  t=  12.45  cb_failure         L32-CB2 {'rot': 0.03251}
  t=  12.45  cb_failure         L33-CB2 {'rot': 0.03096}
  t=  12.80  cb_failure         L7-CB1 {'rot': 0.02942}
  t=  12.80  cb_failure         L8-CB1 {'rot': 0.03009}
  t=  12.80  cb_failure         L9-CB1 {'rot': 0.03038}
  t=  12.85  cb_failure         L6-CB0 {'rot': 0.02934}
  t=  12.85  cb_failure         L6-CB1 {'rot': 0.02974}
  t=  12.85  cb_failure         L7-CB0 {'rot': 0.03033}
  t=  12.85  cb_failure         L8-CB0 {'rot': 0.03091}
  t=  12.85  cb_failure         L9-CB0 {'rot': 0.03115}
  t=  12.95  cb_failure         L5-CB0 {'rot': 0.03024}
  t=  12.95  cb_failure         L5-CB1 {'rot': 0.03009}
  t=  12.95  cb_failure         L8-CB2 {'rot': 0.02933}
  t=  13.00  cb_failure         L6-CB2 {'rot': 0.03009}
  t=  13.00  cb_failure         L6-CB3 {'rot': 0.02957}
  t=  13.00  cb_failure         L7-CB2 {'rot': 0.03149}
  t=  13.00  cb_failure         L7-CB3 {'rot': 0.03064}
  t=  13.00  cb_failure         L8-CB3 {'rot': 0.03114}
  t=  13.00  cb_failure         L9-CB2 {'rot': 0.03236}
  t=  13.00  cb_failure         L9-CB3 {'rot': 0.03121}
  t=  13.00  cb_failure         L10-CB2 {'rot': 0.03189}
  t=  13.00  cb_failure         L10-CB3 {'rot': 0.03084}
  t=  13.00  cb_failure         L11-CB2 {'rot': 0.03097}
  t=  13.00  cb_failure         L11-CB3 {'rot': 0.03011}
  t=  13.00  cb_failure         L12-CB2 {'rot': 0.02968}
  t=  13.05  cb_failure         L5-CB2 {'rot': 0.02951}
  t=  13.05  cb_failure         L12-CB3 {'rot': 0.0326}
  t=  13.05  cb_failure         L13-CB2 {'rot': 0.03223}
  t=  13.05  cb_failure         L13-CB3 {'rot': 0.03133}
  t=  13.05  cb_failure         L14-CB2 {'rot': 0.03028}
  t=  13.10  cb_failure         L5-CB3 {'rot': 0.02937}
  t=  13.60  cb_failure         L4-CB2 {'rot': 0.02955}
  t=  14.85  cb_failure         L32-CB0 {'rot': 0.03111}
  t=  14.85  cb_failure         L33-CB0 {'rot': 0.03008}
  t=  17.60  cb_failure         L4-CB1 {'rot': 0.03171}
  t=  17.65  cb_failure         L3-CB1 {'rot': 0.03107}
  t=  17.75  cb_failure         L2-CB1 {'rot': 0.02941}
  progress t=  20.0s  max corner drift so far=0.0140  wall clock=683s
  t=  20.15  cb_failure         L4-CB3 {'rot': 0.02962}
  t=  21.30  cb_failure         L3-CB3 {'rot': 0.02941}
  progress t=  30.0s  max corner drift so far=0.0204  wall clock=1030s
  progress t=  40.0s  max corner drift so far=0.0207  wall clock=1376s
  t=  43.10  cb_failure         L2-CB3 {'rot': 0.02945}
  t=  43.20  cb_failure         L3-CB2 {'rot': 0.03115}
  t= 49.950  solver fallback: Newton
  t= 49.960  solver fallback: Newton
  progress t=  50.0s  max corner drift so far=0.0207  wall clock=1723s
  t=  51.35  cb_failure         L4-CB0 {'rot': 0.03071}
  t=  51.45  cb_failure         L3-CB0 {'rot': 0.02973}
  progress t=  60.0s  max corner drift so far=0.0216  wall clock=2092s
  progress t=  70.0s  max corner drift so far=0.0216  wall clock=2457s
  progress t=  80.0s  max corner drift so far=0.0216  wall clock=2812s
  progress t=  90.0s  max corner drift so far=0.0216  wall clock=3153s
  progress t= 100.0s  max corner drift so far=0.0216  wall clock=3508s
