  t=   1.87  cb_yield           L4-CB0 {'rot': 0.00533}
  t=   1.87  cb_yield           L4-CB1 {'rot': 0.00556}
  t=   1.87  cb_yield           L4-CB2 {'rot': 0.00546}
  t=   1.87  cb_yield           L4-CB3 {'rot': 0.00568}
  t=   1.87  cb_yield           L5-CB0 {'rot': 0.00564}
  t=   1.87  cb_yield           L5-CB1 {'rot': 0.00589}
  t=   1.87  cb_yield           L5-CB2 {'rot': 0.00578}
  t=   1.87  cb_yield           L5-CB3 {'rot': 0.00603}
  t=   1.87  cb_yield           L6-CB0 {'rot': 0.00574}
  t=   1.87  cb_yield           L6-CB1 {'rot': 0.00601}
  t=   1.87  cb_yield           L6-CB2 {'rot': 0.00589}
  t=   1.87  cb_yield           L6-CB3 {'rot': 0.00617}
  t=   1.87  cb_yield           L7-CB0 {'rot': 0.00567}
  t=   1.87  cb_yield           L7-CB1 {'rot': 0.00596}
  t=   1.87  cb_yield           L7-CB2 {'rot': 0.00583}
  t=   1.87  cb_yield           L7-CB3 {'rot': 0.00613}
  t=   1.87  cb_yield           L8-CB0 {'rot': 0.00547}
  t=   1.87  cb_yield           L8-CB1 {'rot': 0.00578}
  t=   1.87  cb_yield           L8-CB2 {'rot': 0.00563}
  t=   1.87  cb_yield           L8-CB3 {'rot': 0.00596}
  t=   1.87  cb_yield           L9-CB1 {'rot': 0.0055}
  t=   1.87  cb_yield           L9-CB2 {'rot': 0.00533}
  t=   1.87  cb_yield           L9-CB3 {'rot': 0.00568}
  t=   2.00  cb_yield           L3-CB0 {'rot': 0.00538}
  t=   2.00  cb_yield           L3-CB1 {'rot': 0.00563}
  t=   2.00  cb_yield           L3-CB2 {'rot': 0.00545}
  t=   2.00  cb_yield           L3-CB3 {'rot': 0.0057}
  t=   2.00  cb_yield           L9-CB0 {'rot': 0.00689}
  t=   2.00  cb_yield           L10-CB0 {'rot': 0.00657}
  t=   2.00  cb_yield           L10-CB1 {'rot': 0.00702}
  t=   2.00  cb_yield           L10-CB2 {'rot': 0.00674}
  t=   2.00  cb_yield           L10-CB3 {'rot': 0.00721}
  t=   2.00  cb_yield           L11-CB0 {'rot': 0.00617}
  t=   2.00  cb_yield           L11-CB1 {'rot': 0.00663}
  t=   2.00  cb_yield           L11-CB2 {'rot': 0.00634}
  t=   2.00  cb_yield           L11-CB3 {'rot': 0.00683}
  t=   2.00  cb_yield           L12-CB0 {'rot': 0.0057}
  t=   2.00  cb_yield           L12-CB1 {'rot': 0.00619}
  t=   2.00  cb_yield           L12-CB2 {'rot': 0.00587}
  t=   2.00  cb_yield           L12-CB3 {'rot': 0.00638}
  t=   2.00  cb_yield           L13-CB1 {'rot': 0.0057}
  t=   2.00  cb_yield           L13-CB2 {'rot': 0.00536}
  t=   2.00  cb_yield           L13-CB3 {'rot': 0.00589}
  t=   2.00  cb_yield           L14-CB3 {'rot': 0.00539}
  t=   2.12  cb_yield           L13-CB0 {'rot': 0.00691}
  t=   2.12  cb_yield           L14-CB0 {'rot': 0.0064}
  t=   2.12  cb_yield           L14-CB1 {'rot': 0.00703}
  t=   2.12  cb_yield           L14-CB2 {'rot': 0.00662}
  t=   2.12  cb_yield           L15-CB0 {'rot': 0.00585}
  t=   2.12  cb_yield           L15-CB1 {'rot': 0.0065}
  t=   2.12  cb_yield           L15-CB2 {'rot': 0.00608}
  t=   2.12  cb_yield           L15-CB3 {'rot': 0.00674}
  t=   2.12  cb_yield           L16-CB1 {'rot': 0.00595}
  t=   2.12  cb_yield           L16-CB2 {'rot': 0.00552}
  t=   2.12  cb_yield           L16-CB3 {'rot': 0.0062}
  t=   2.25  cb_yield           L16-CB0 {'rot': 0.00654}
  t=   2.25  cb_yield           L17-CB0 {'rot': 0.00589}
  t=   2.25  cb_yield           L17-CB1 {'rot': 0.00665}
  t=   2.25  cb_yield           L17-CB2 {'rot': 0.00619}
  t=   2.25  cb_yield           L17-CB3 {'rot': 0.00696}
  t=   2.25  cb_yield           L18-CB1 {'rot': 0.00602}
  t=   2.25  cb_yield           L18-CB3 {'rot': 0.00635}
  t=   2.25  cb_yield           L19-CB3 {'rot': 0.00577}
  t=   2.37  cb_yield           L18-CB0 {'rot': 0.007}
  t=   2.37  cb_yield           L18-CB2 {'rot': 0.00739}
  t=   2.37  cb_yield           L19-CB0 {'rot': 0.00658}
  t=   2.37  cb_yield           L19-CB1 {'rot': 0.00754}
  t=   2.37  cb_yield           L19-CB2 {'rot': 0.00701}
  t=   2.37  cb_yield           L20-CB0 {'rot': 0.00614}
  t=   2.37  cb_yield           L20-CB1 {'rot': 0.00712}
  t=   2.37  cb_yield           L20-CB2 {'rot': 0.00661}
  t=   2.37  cb_yield           L20-CB3 {'rot': 0.00759}
  t=   2.37  cb_yield           L21-CB1 {'rot': 0.0067}
  t=   2.37  cb_yield           L21-CB2 {'rot': 0.00619}
  t=   2.37  cb_yield           L21-CB3 {'rot': 0.00719}
  t=   2.37  cb_yield           L22-CB1 {'rot': 0.00627}
  t=   2.37  cb_yield           L22-CB2 {'rot': 0.00579}
  t=   2.37  cb_yield           L22-CB3 {'rot': 0.00679}
  t=   2.37  cb_yield           L23-CB1 {'rot': 0.00586}
  t=   2.37  cb_yield           L23-CB3 {'rot': 0.0064}
  t=   2.37  cb_yield           L24-CB3 {'rot': 0.00601}
  t=   2.50  cb_yield           L21-CB0 {'rot': 0.00835}
  t=   2.50  cb_yield           L22-CB0 {'rot': 0.00791}
  t=   2.50  cb_yield           L23-CB0 {'rot': 0.00738}
  t=   2.50  cb_yield           L23-CB2 {'rot': 0.00802}
  t=   2.50  cb_yield           L24-CB0 {'rot': 0.00678}
  t=   2.50  cb_yield           L24-CB1 {'rot': 0.00805}
  t=   2.50  cb_yield           L24-CB2 {'rot': 0.00744}
  t=   2.50  cb_yield           L25-CB0 {'rot': 0.00612}
  t=   2.50  cb_yield           L25-CB1 {'rot': 0.00737}
  t=   2.50  cb_yield           L25-CB2 {'rot': 0.0068}
  t=   2.50  cb_yield           L25-CB3 {'rot': 0.00805}
  t=   2.50  cb_yield           L26-CB1 {'rot': 0.00667}
  t=   2.50  cb_yield           L26-CB2 {'rot': 0.00613}
  t=   2.50  cb_yield           L26-CB3 {'rot': 0.00736}
  t=   2.50  cb_yield           L27-CB1 {'rot': 0.00599}
  t=   2.50  cb_yield           L27-CB3 {'rot': 0.00669}
  t=   2.50  cb_yield           L28-CB3 {'rot': 0.00607}
  t=   2.62  cb_yield           L26-CB0 {'rot': 0.00724}
  t=   2.62  cb_yield           L27-CB0 {'rot': 0.0062}
  t=   2.62  cb_yield           L27-CB2 {'rot': 0.00682}
  t=   2.62  cb_yield           L28-CB1 {'rot': 0.00647}
  t=   2.62  cb_yield           L28-CB2 {'rot': 0.00578}
  t=   2.62  cb_yield           L29-CB3 {'rot': 0.00613}
  t=   2.75  cb_yield           L28-CB0 {'rot': 0.00596}
  t=   2.75  cb_yield           L29-CB1 {'rot': 0.00638}
  t=   2.75  cb_yield           L30-CB3 {'rot': 0.00591}
  t=   2.87  cb_yield           L30-CB1 {'rot': 0.00612}
  t=   3.62  cb_yield           L29-CB0 {'rot': 0.00599}
  t=   3.62  cb_yield           L29-CB2 {'rot': 0.00601}
  t=   4.25  cb_yield           L2-CB0 {'rot': 0.00656}
  t=   4.25  cb_yield           L2-CB1 {'rot': 0.00626}
  t=   4.25  cb_yield           L2-CB2 {'rot': 0.00557}
  t=   4.25  cb_yield           L2-CB3 {'rot': 0.00537}
  t=   4.37  cb_yield           L1-CB0 {'rot': 0.00559}
  t=   4.37  cb_yield           L1-CB1 {'rot': 0.00538}
  t=   4.37  cb_yield           L31-CB3 {'rot': 0.0062}
  t=   4.37  cb_yield           L32-CB3 {'rot': 0.00601}
  t=   4.37  cb_yield           L33-CB3 {'rot': 0.00589}
  t=   4.50  cb_yield           L30-CB2 {'rot': 0.00591}
  t=   8.13  cb_yield           L1-CB2 {'rot': 0.00576}
  t=   8.13  cb_yield           L1-CB3 {'rot': 0.00624}
  t=   8.13  cb_yield           L31-CB1 {'rot': 0.00683}
  t=   8.13  cb_yield           L32-CB1 {'rot': 0.00661}
  t=   8.13  cb_yield           L33-CB1 {'rot': 0.0065}
  t=   8.25  cb_yield           L30-CB0 {'rot': 0.00625}
  t=   8.25  cb_yield           L31-CB0 {'rot': 0.00589}
  t=   8.38  cb_failure         L6-CB1 {'rot': 0.02946}
  t=   8.38  cb_failure         L7-CB1 {'rot': 0.03126}
  t=   8.38  cb_failure         L8-CB0 {'rot': 0.02957}
  t=   8.38  cb_failure         L8-CB1 {'rot': 0.0325}
  t=   8.38  cb_failure         L9-CB0 {'rot': 0.03049}
  t=   8.38  cb_failure         L9-CB1 {'rot': 0.03327}
  t=   8.38  cb_failure         L9-CB3 {'rot': 0.02938}
  t=   8.38  cb_failure         L10-CB0 {'rot': 0.031}
  t=   8.38  cb_failure         L10-CB1 {'rot': 0.03361}
  t=   8.38  cb_failure         L11-CB0 {'rot': 0.03118}
  t=   8.38  cb_failure         L11-CB1 {'rot': 0.03363}
  t=   8.38  cb_failure         L12-CB0 {'rot': 0.03106}
  t=   8.38  cb_failure         L12-CB1 {'rot': 0.03339}
  t=   8.38  cb_failure         L13-CB0 {'rot': 0.03059}
  t=   8.38  cb_failure         L13-CB1 {'rot': 0.03289}
  t=   8.38  cb_failure         L14-CB0 {'rot': 0.02973}
  t=   8.38  cb_failure         L14-CB1 {'rot': 0.03209}
  t=   8.38  cb_failure         L15-CB1 {'rot': 0.03095}
  t=   8.38  cb_failure         L16-CB1 {'rot': 0.02953}
  t=   8.38  cb_yield           L32-CB0 {'rot': 0.00739}
  t=   8.38  cb_yield           L33-CB0 {'rot': 0.00729}
  t=   8.50  cb_failure         L5-CB1 {'rot': 0.03099}
  t=   8.50  cb_failure         L6-CB0 {'rot': 0.03115}
  t=   8.50  cb_failure         L6-CB3 {'rot': 0.03149}
  t=   8.50  cb_failure         L7-CB0 {'rot': 0.03316}
  t=   8.50  cb_failure         L7-CB2 {'rot': 0.03057}
  t=   8.50  cb_failure         L7-CB3 {'rot': 0.03328}
  t=   8.50  cb_failure         L8-CB2 {'rot': 0.03146}
  t=   8.50  cb_failure         L8-CB3 {'rot': 0.03435}
  t=   8.50  cb_failure         L9-CB2 {'rot': 0.03174}
  t=   8.50  cb_failure         L10-CB2 {'rot': 0.03143}
  t=   8.50  cb_failure         L10-CB3 {'rot': 0.0347}
  t=   8.50  cb_failure         L11-CB2 {'rot': 0.03065}
  t=   8.50  cb_failure         L11-CB3 {'rot': 0.03411}
  t=   8.50  cb_failure         L12-CB2 {'rot': 0.02946}
  t=   8.50  cb_failure         L12-CB3 {'rot': 0.03308}
  t=   8.50  cb_failure         L13-CB3 {'rot': 0.03159}
  t=   8.50  cb_failure         L14-CB3 {'rot': 0.02964}
  t=   8.50  cb_failure         L15-CB0 {'rot': 0.03038}
  t=   8.63  cb_failure         L5-CB0 {'rot': 0.03098}
  t=   8.63  cb_failure         L5-CB3 {'rot': 0.03067}
  t=   8.63  cb_failure         L6-CB2 {'rot': 0.03121}
  t=   8.63  cb_failure         L13-CB2 {'rot': 0.03243}
  t=   8.63  cb_failure         L14-CB2 {'rot': 0.03052}
  t=   8.63  cb_failure         L15-CB3 {'rot': 0.03199}
  t=   8.63  cb_failure         L16-CB0 {'rot': 0.03084}
  t=   8.63  cb_failure         L17-CB1 {'rot': 0.03078}
  t=   8.75  cb_failure         L15-CB2 {'rot': 0.03302}
  t=   8.75  cb_failure         L16-CB2 {'rot': 0.0309}
  t=   8.75  cb_failure         L16-CB3 {'rot': 0.03475}
  t=   8.75  cb_failure         L17-CB0 {'rot': 0.03162}
  t=   8.75  cb_failure         L17-CB3 {'rot': 0.0316}
  t=   8.75  cb_failure         L18-CB1 {'rot': 0.0316}
  t=   8.88  cb_failure         L17-CB2 {'rot': 0.03421}
  t=   8.88  cb_failure         L18-CB0 {'rot': 0.03272}
  t=   8.88  cb_failure         L18-CB2 {'rot': 0.03132}
  t=   8.88  cb_failure         L18-CB3 {'rot': 0.03506}
  t=   8.88  cb_failure         L19-CB1 {'rot': 0.03263}
  t=   8.88  cb_failure         L19-CB3 {'rot': 0.03196}
  t=   9.00  cb_failure         L19-CB0 {'rot': 0.03353}
  t=   9.00  cb_failure         L19-CB2 {'rot': 0.03497}
  t=   9.00  cb_failure         L20-CB0 {'rot': 0.02979}
  t=   9.00  cb_failure         L20-CB1 {'rot': 0.03328}
  t=   9.00  cb_failure         L20-CB2 {'rot': 0.03195}
  t=   9.00  cb_failure         L20-CB3 {'rot': 0.03585}
  t=   9.00  cb_failure         L21-CB3 {'rot': 0.03231}
  t=   9.13  cb_failure         L21-CB1 {'rot': 0.03243}
  t=   9.13  cb_failure         L21-CB2 {'rot': 0.03436}
  t=   9.13  cb_failure         L22-CB2 {'rot': 0.03094}
  t=   9.13  cb_failure         L22-CB3 {'rot': 0.03478}
  t=   9.13  cb_failure         L23-CB3 {'rot': 0.03093}
  t=   9.13  cb_yield           L31-CB2 {'rot': 0.0083}
  t=   9.13  cb_yield           L32-CB2 {'rot': 0.00784}
  t=   9.13  cb_yield           L33-CB2 {'rot': 0.00767}
  t=   9.25  cb_failure         L21-CB0 {'rot': 0.03075}
  t=   9.25  cb_failure         L22-CB1 {'rot': 0.03189}
  t=   9.25  cb_failure         L23-CB2 {'rot': 0.03329}
  t=   9.25  cb_failure         L24-CB2 {'rot': 0.03026}
  t=   9.25  cb_failure         L24-CB3 {'rot': 0.03391}
  t=   9.25  cb_failure         L25-CB3 {'rot': 0.03082}
  t=   9.38  cb_failure         L23-CB1 {'rot': 0.03266}
  t=   9.38  cb_failure         L24-CB1 {'rot': 0.03063}
  t=   9.38  cb_failure         L25-CB2 {'rot': 0.0325}
  t=   9.38  cb_failure         L26-CB2 {'rot': 0.03023}
  t=   9.38  cb_failure         L26-CB3 {'rot': 0.03529}
  t=   9.38  cb_failure         L27-CB3 {'rot': 0.03303}
  t=   9.38  cb_failure         L28-CB3 {'rot': 0.03072}
  t=   9.50  cb_failure         L25-CB1 {'rot': 0.03263}
  t=   9.50  cb_failure         L26-CB1 {'rot': 0.03118}
  t=   9.50  cb_failure         L27-CB1 {'rot': 0.02976}
  t=   9.50  cb_failure         L29-CB3 {'rot': 0.0332}
  t=   9.50  cb_failure         L30-CB3 {'rot': 0.03162}
  t=   9.50  cb_failure         L31-CB3 {'rot': 0.03029}
  t=   9.63  cb_failure         L4-CB3 {'rot': 0.02939}
  t=   9.63  cb_failure         L22-CB0 {'rot': 0.02988}
  t=   9.63  cb_failure         L28-CB1 {'rot': 0.03309}
  t=   9.63  cb_failure         L29-CB1 {'rot': 0.03188}
  t=   9.63  cb_failure         L30-CB1 {'rot': 0.0307}
  t=   9.63  cb_failure         L31-CB1 {'rot': 0.02975}
  t=   9.63  cb_failure         L32-CB3 {'rot': 0.03256}
  t=   9.63  cb_failure         L33-CB3 {'rot': 0.03129}
  t=   9.75  cb_failure         L5-CB2 {'rot': 0.02995}
  t=   9.75  cb_failure         L32-CB1 {'rot': 0.03121}
  t=   9.75  cb_failure         L33-CB1 {'rot': 0.03012}
  t=   9.88  cb_failure         L4-CB1 {'rot': 0.03043}
  t=   9.88  cb_failure         L4-CB2 {'rot': 0.03035}
  progress t=  10.0s  max corner drift so far=0.0089  wall clock=148s
  t=  10.38  cb_failure         L23-CB0 {'rot': 0.036}
  t=  10.38  cb_failure         L24-CB0 {'rot': 0.03283}
  t=  10.38  cb_failure         L25-CB0 {'rot': 0.03012}
  t=  10.50  cb_failure         L26-CB0 {'rot': 0.03324}
  t=  10.50  cb_failure         L27-CB0 {'rot': 0.03124}
  t=  10.63  cb_failure         L28-CB0 {'rot': 0.03282}
  t=  10.63  cb_failure         L29-CB0 {'rot': 0.03083}
  t=  10.75  cb_failure         L30-CB0 {'rot': 0.03283}
  t=  10.75  cb_failure         L31-CB0 {'rot': 0.03159}
  t=  10.75  cb_failure         L32-CB0 {'rot': 0.0308}
  t=  10.75  cb_failure         L33-CB0 {'rot': 0.03051}
  t=  10.88  cb_failure         L27-CB2 {'rot': 0.03404}
  t=  10.88  cb_failure         L28-CB2 {'rot': 0.0337}
  t=  10.88  cb_failure         L29-CB2 {'rot': 0.03318}
  t=  10.88  cb_failure         L30-CB2 {'rot': 0.03248}
  t=  10.88  cb_failure         L31-CB2 {'rot': 0.03175}
  t=  10.88  cb_failure         L32-CB2 {'rot': 0.03114}
  t=  10.88  cb_failure         L33-CB2 {'rot': 0.03089}
  t=  13.63  cb_failure         L4-CB0 {'rot': 0.02937}
  t=  17.63  cb_failure         L3-CB1 {'rot': 0.03444}
  t=  17.75  cb_failure         L2-CB1 {'rot': 0.03797}
  t=  17.88  cb_failure         L1-CB1 {'rot': 0.03444}
  t= 18.200  solver fallback: Newton
  t=  18.23  wall_shear_strength_loss S2-F {'gamma': 0.00773}
  t=  18.23  wall_shear_failure S2-F {'gamma': 0.00773}
