  t=   4.25  cb_yield           L6-CB0 {'rot': 0.00549}
  t=   4.25  cb_yield           L7-CB0 {'rot': 0.00557}
  t=   4.25  cb_yield           L8-CB0 {'rot': 0.00554}
  t=   4.25  cb_yield           L9-CB0 {'rot': 0.00541}
  t=   4.37  cb_yield           L5-CB0 {'rot': 0.00533}
  t=   4.37  cb_yield           L7-CB1 {'rot': 0.0054}
  t=   4.37  cb_yield           L8-CB1 {'rot': 0.00536}
  t=   4.37  cb_yield           L10-CB0 {'rot': 0.00534}
  t=   7.63  cb_yield           L6-CB1 {'rot': 0.00542}
  t=   7.75  cb_yield           L4-CB0 {'rot': 0.00535}
  t=   7.75  cb_yield           L4-CB1 {'rot': 0.00551}
  t=   7.75  cb_yield           L5-CB1 {'rot': 0.00593}
  t=   7.75  cb_yield           L9-CB1 {'rot': 0.00599}
  t=   7.75  cb_yield           L10-CB1 {'rot': 0.00575}
  t=   7.75  cb_yield           L11-CB1 {'rot': 0.00546}
  t=   7.88  cb_yield           L11-CB0 {'rot': 0.00574}
  t=   7.88  cb_yield           L12-CB0 {'rot': 0.0054}
  t=   7.88  cb_yield           L12-CB1 {'rot': 0.00575}
  t=   7.88  cb_yield           L13-CB1 {'rot': 0.00538}
  t=   8.00  cb_yield           L14-CB1 {'rot': 0.00537}
  t=   8.13  cb_yield           L15-CB1 {'rot': 0.00539}
  t=   8.25  cb_yield           L16-CB1 {'rot': 0.00547}
  t=   8.38  cb_yield           L20-CB1 {'rot': 0.00579}
  t=   8.38  cb_yield           L21-CB1 {'rot': 0.00581}
  t=   8.38  cb_yield           L22-CB1 {'rot': 0.0058}
  t=   8.38  cb_yield           L23-CB1 {'rot': 0.00576}
  t=   8.50  cb_yield           L19-CB1 {'rot': 0.00578}
  t=   8.63  cb_yield           L14-CB3 {'rot': 0.00544}
  t=   8.63  cb_yield           L15-CB3 {'rot': 0.00557}
  t=   8.63  cb_yield           L16-CB3 {'rot': 0.00567}
  t=   8.63  cb_yield           L17-CB3 {'rot': 0.00576}
  t=   8.63  cb_yield           L18-CB3 {'rot': 0.00579}
  t=   8.63  cb_yield           L19-CB3 {'rot': 0.00576}
  t=   8.75  cb_yield           L12-CB3 {'rot': 0.00551}
  t=   8.75  cb_yield           L13-CB3 {'rot': 0.00582}
  t=   8.75  cb_yield           L14-CB2 {'rot': 0.00546}
  t=   8.75  cb_yield           L15-CB2 {'rot': 0.00566}
  t=   8.75  cb_yield           L16-CB2 {'rot': 0.00583}
  t=   8.75  cb_yield           L17-CB2 {'rot': 0.00599}
  t=   8.75  cb_yield           L18-CB2 {'rot': 0.00607}
  t=   8.75  cb_yield           L19-CB2 {'rot': 0.00609}
  t=   8.75  cb_yield           L20-CB2 {'rot': 0.00605}
  t=   8.75  cb_yield           L20-CB3 {'rot': 0.00688}
  t=   8.75  cb_yield           L21-CB2 {'rot': 0.00594}
  t=   8.75  cb_yield           L21-CB3 {'rot': 0.0068}
  t=   8.75  cb_yield           L22-CB2 {'rot': 0.00577}
  t=   8.75  cb_yield           L22-CB3 {'rot': 0.00664}
  t=   8.75  cb_yield           L23-CB3 {'rot': 0.00643}
  t=   8.75  cb_yield           L24-CB3 {'rot': 0.00617}
  t=   8.75  cb_yield           L25-CB3 {'rot': 0.00587}
  t=   8.88  cb_yield           L13-CB2 {'rot': 0.00536}
  t=   8.88  cb_yield           L23-CB2 {'rot': 0.00627}
  t=   8.88  cb_yield           L24-CB2 {'rot': 0.00604}
  t=   8.88  cb_yield           L25-CB2 {'rot': 0.00578}
  t=   8.88  cb_yield           L26-CB3 {'rot': 0.00641}
  t=   8.88  cb_yield           L27-CB3 {'rot': 0.00611}
  t=   8.88  cb_yield           L28-CB3 {'rot': 0.0058}
  t=   9.00  cb_yield           L26-CB2 {'rot': 0.00585}
  t=   9.00  cb_yield           L29-CB3 {'rot': 0.00587}
  progress t=  10.0s  max corner drift so far=0.0029  wall clock=127s
  t=  10.38  cb_yield           L2-CB2 {'rot': 0.00537}
  t=  10.38  cb_yield           L3-CB0 {'rot': 0.00562}
  t=  10.38  cb_yield           L3-CB2 {'rot': 0.0064}
  t=  10.38  cb_yield           L3-CB3 {'rot': 0.0062}
  t=  10.38  cb_yield           L4-CB2 {'rot': 0.00698}
  t=  10.38  cb_yield           L4-CB3 {'rot': 0.00668}
  t=  10.38  cb_yield           L5-CB2 {'rot': 0.00711}
  t=  10.38  cb_yield           L5-CB3 {'rot': 0.0067}
  t=  10.38  cb_yield           L6-CB2 {'rot': 0.0069}
  t=  10.38  cb_yield           L6-CB3 {'rot': 0.00639}
  t=  10.38  cb_yield           L7-CB2 {'rot': 0.00646}
  t=  10.38  cb_yield           L7-CB3 {'rot': 0.00588}
  t=  10.38  cb_yield           L8-CB2 {'rot': 0.00588}
  t=  10.50  cb_yield           L2-CB3 {'rot': 0.00649}
  t=  10.50  cb_yield           L3-CB1 {'rot': 0.00572}
  t=  10.50  cb_yield           L8-CB3 {'rot': 0.00772}
  t=  10.50  cb_yield           L9-CB2 {'rot': 0.00758}
  t=  10.50  cb_yield           L9-CB3 {'rot': 0.00688}
  t=  10.50  cb_yield           L10-CB2 {'rot': 0.00671}
  t=  10.50  cb_yield           L10-CB3 {'rot': 0.00596}
  t=  10.50  cb_yield           L11-CB2 {'rot': 0.0058}
  t=  10.63  cb_yield           L11-CB3 {'rot': 0.00623}
  t=  10.63  cb_yield           L12-CB2 {'rot': 0.0058}
  t=  10.75  cb_yield           L1-CB2 {'rot': 0.00544}
  t=  10.75  cb_yield           L1-CB3 {'rot': 0.00555}
  t=  10.75  cb_yield           L2-CB1 {'rot': 0.00581}
  t=  11.00  cb_yield           L13-CB0 {'rot': 0.00681}
  t=  11.00  cb_yield           L14-CB0 {'rot': 0.00644}
  t=  11.00  cb_yield           L15-CB0 {'rot': 0.00614}
  t=  11.00  cb_yield           L16-CB0 {'rot': 0.00591}
  t=  11.00  cb_yield           L17-CB1 {'rot': 0.00606}
  t=  11.00  cb_yield           L18-CB1 {'rot': 0.00585}
  t=  11.13  cb_yield           L17-CB0 {'rot': 0.00979}
  t=  11.13  cb_yield           L18-CB0 {'rot': 0.00968}
  t=  11.13  cb_yield           L19-CB0 {'rot': 0.00953}
  t=  11.13  cb_yield           L20-CB0 {'rot': 0.00937}
  t=  11.13  cb_yield           L21-CB0 {'rot': 0.00917}
  t=  11.13  cb_yield           L22-CB0 {'rot': 0.00893}
  t=  11.13  cb_yield           L23-CB0 {'rot': 0.00865}
  t=  11.13  cb_yield           L24-CB0 {'rot': 0.00832}
  t=  11.13  cb_yield           L24-CB1 {'rot': 0.00858}
  t=  11.13  cb_yield           L25-CB0 {'rot': 0.00796}
  t=  11.13  cb_yield           L25-CB1 {'rot': 0.00818}
  t=  11.13  cb_yield           L26-CB0 {'rot': 0.00755}
  t=  11.13  cb_yield           L26-CB1 {'rot': 0.00775}
  t=  11.13  cb_yield           L27-CB0 {'rot': 0.0071}
  t=  11.13  cb_yield           L27-CB1 {'rot': 0.00729}
  t=  11.13  cb_yield           L28-CB0 {'rot': 0.00662}
  t=  11.13  cb_yield           L28-CB1 {'rot': 0.0068}
  t=  11.13  cb_yield           L29-CB0 {'rot': 0.0061}
  t=  11.13  cb_yield           L29-CB1 {'rot': 0.00628}
  t=  11.13  cb_yield           L30-CB1 {'rot': 0.00577}
  t=  11.25  cb_yield           L30-CB0 {'rot': 0.00631}
  t=  12.63  cb_yield           L2-CB0 {'rot': 0.00552}
  t=  13.50  cb_yield           L27-CB2 {'rot': 0.00666}
  t=  13.50  cb_yield           L28-CB2 {'rot': 0.00635}
  t=  13.50  cb_yield           L29-CB2 {'rot': 0.00594}
  t=  14.50  cb_yield           L30-CB2 {'rot': 0.00696}
  t=  14.50  cb_yield           L30-CB3 {'rot': 0.00864}
  t=  14.50  cb_yield           L31-CB2 {'rot': 0.00653}
  t=  14.50  cb_yield           L31-CB3 {'rot': 0.00823}
  t=  14.50  cb_yield           L32-CB2 {'rot': 0.00622}
  t=  14.50  cb_yield           L32-CB3 {'rot': 0.00794}
  t=  14.50  cb_yield           L33-CB2 {'rot': 0.00607}
  t=  14.50  cb_yield           L33-CB3 {'rot': 0.00779}
  t=  15.63  cb_yield           L31-CB1 {'rot': 0.00607}
  t=  15.63  cb_yield           L32-CB1 {'rot': 0.00586}
  t=  15.63  cb_yield           L33-CB1 {'rot': 0.00574}
  t=  15.88  cb_yield           L31-CB0 {'rot': 0.00745}
  t=  15.88  cb_yield           L32-CB0 {'rot': 0.00728}
  t=  15.88  cb_yield           L33-CB0 {'rot': 0.00719}
  progress t=  20.0s  max corner drift so far=0.0071  wall clock=263s
  t=  20.62  cb_failure         L13-CB3 {'rot': 0.02955}
  t=  20.62  cb_failure         L14-CB3 {'rot': 0.02978}
  t=  20.62  cb_failure         L15-CB3 {'rot': 0.02962}
  t=  20.75  cb_failure         L16-CB3 {'rot': 0.02969}
  t=  21.12  cb_yield           L1-CB1 {'rot': 0.00581}
  t=  21.25  cb_failure         L14-CB1 {'rot': 0.0295}
  t=  21.25  cb_failure         L15-CB1 {'rot': 0.02971}
  t=  21.25  cb_failure         L16-CB1 {'rot': 0.02982}
  t=  21.25  cb_failure         L17-CB1 {'rot': 0.02986}
  t=  21.25  cb_failure         L18-CB1 {'rot': 0.02982}
  t=  21.37  cb_yield           L1-CB0 {'rot': 0.00557}
  t=  21.37  cb_failure         L10-CB1 {'rot': 0.02966}
  t=  21.37  cb_failure         L11-CB1 {'rot': 0.03064}
  t=  21.37  cb_failure         L12-CB1 {'rot': 0.03138}
  t=  21.37  cb_failure         L13-CB1 {'rot': 0.03186}
  t=  21.37  cb_failure         L19-CB1 {'rot': 0.03081}
  t=  21.37  cb_failure         L20-CB1 {'rot': 0.0302}
  t=  21.50  cb_failure         L8-CB1 {'rot': 0.02935}
  t=  21.50  cb_failure         L9-CB1 {'rot': 0.03113}
  t=  21.50  cb_failure         L11-CB0 {'rot': 0.02963}
  t=  21.50  cb_failure         L12-CB0 {'rot': 0.03035}
  t=  21.50  cb_failure         L13-CB0 {'rot': 0.03079}
  t=  21.50  cb_failure         L14-CB0 {'rot': 0.03091}
  t=  21.50  cb_failure         L15-CB0 {'rot': 0.03074}
  t=  21.50  cb_failure         L16-CB0 {'rot': 0.03035}
  t=  21.50  cb_failure         L21-CB1 {'rot': 0.02988}
  t=  21.62  cb_failure         L9-CB0 {'rot': 0.02952}
  t=  21.62  cb_failure         L10-CB0 {'rot': 0.03095}
  t=  21.62  cb_failure         L17-CB0 {'rot': 0.0315}
  t=  21.62  cb_failure         L18-CB0 {'rot': 0.03021}
  t=  21.87  cb_failure         L8-CB0 {'rot': 0.02933}
  t=  28.50  cb_failure         L20-CB0 {'rot': 0.03041}
  t=  28.50  cb_failure         L21-CB0 {'rot': 0.03083}
  t=  28.50  cb_failure         L22-CB0 {'rot': 0.03098}
  t=  28.50  cb_failure         L22-CB1 {'rot': 0.03144}
  t=  28.50  cb_failure         L23-CB0 {'rot': 0.03088}
  t=  28.50  cb_failure         L23-CB1 {'rot': 0.03148}
  t=  28.50  cb_failure         L24-CB0 {'rot': 0.03055}
  t=  28.50  cb_failure         L24-CB1 {'rot': 0.03134}
  t=  28.50  cb_failure         L25-CB0 {'rot': 0.03005}
  t=  28.50  cb_failure         L25-CB1 {'rot': 0.03102}
  t=  28.50  cb_failure         L26-CB1 {'rot': 0.03054}
  t=  28.50  cb_failure         L27-CB1 {'rot': 0.0299}
  t=  28.62  cb_failure         L19-CB0 {'rot': 0.03173}
  progress t=  30.0s  max corner drift so far=0.0094  wall clock=399s
  progress t=  40.0s  max corner drift so far=0.0117  wall clock=551s
  t=  42.25  cb_failure         L11-CB2 {'rot': 0.02999}
  t=  42.25  cb_failure         L12-CB2 {'rot': 0.03095}
  t=  42.25  cb_failure         L13-CB2 {'rot': 0.03173}
  t=  42.25  cb_failure         L14-CB2 {'rot': 0.03224}
  t=  42.25  cb_failure         L15-CB2 {'rot': 0.03244}
  t=  42.25  cb_failure         L16-CB2 {'rot': 0.03229}
  t=  42.25  cb_failure         L17-CB2 {'rot': 0.03182}
  t=  42.25  cb_failure         L18-CB2 {'rot': 0.03107}
  t=  42.25  cb_failure         L19-CB2 {'rot': 0.03019}
  t=  42.37  cb_failure         L9-CB2 {'rot': 0.03041}
  t=  42.37  cb_failure         L10-CB2 {'rot': 0.0316}
  t=  42.37  cb_failure         L11-CB3 {'rot': 0.02935}
  t=  42.37  cb_failure         L12-CB3 {'rot': 0.02982}
  t=  42.37  cb_failure         L20-CB2 {'rot': 0.03}
  t=  42.50  cb_failure         L8-CB2 {'rot': 0.03036}
  t=  42.50  cb_failure         L9-CB3 {'rot': 0.03064}
  t=  42.50  cb_failure         L10-CB3 {'rot': 0.03165}
  t=  42.50  cb_failure         L17-CB3 {'rot': 0.03034}
  t=  42.62  cb_failure         L7-CB3 {'rot': 0.02955}
  t=  42.62  cb_failure         L8-CB3 {'rot': 0.03118}
  t=  42.62  cb_failure         L18-CB3 {'rot': 0.03037}
  t=  42.75  cb_failure         L7-CB2 {'rot': 0.02958}
  t=  42.75  cb_failure         L19-CB3 {'rot': 0.0306}
  t=  42.87  cb_failure         L6-CB3 {'rot': 0.03004}
  t=  46.50  cb_failure         L6-CB2 {'rot': 0.03032}
  t=  48.62  cb_failure         L6-CB1 {'rot': 0.02991}
  t=  48.62  cb_failure         L7-CB1 {'rot': 0.03197}
  t=  48.75  cb_failure         L4-CB1 {'rot': 0.02954}
  t=  48.75  cb_failure         L5-CB1 {'rot': 0.03336}
  t=  48.75  cb_failure         L6-CB0 {'rot': 0.03164}
  t=  48.75  cb_failure         L7-CB0 {'rot': 0.03381}
  t=  48.87  cb_failure         L5-CB0 {'rot': 0.03334}
  t=  49.00  cb_failure         L3-CB1 {'rot': 0.03043}
  t=  49.00  cb_failure         L4-CB0 {'rot': 0.03219}
  t=  49.50  cb_failure         L20-CB3 {'rot': 0.03225}
  t=  49.50  cb_failure         L21-CB3 {'rot': 0.02994}
  t=  49.62  cb_failure         L21-CB2 {'rot': 0.03331}
  t=  49.62  cb_failure         L22-CB2 {'rot': 0.03147}
  t=  49.62  cb_failure         L22-CB3 {'rot': 0.0359}
  t=  49.62  cb_failure         L23-CB3 {'rot': 0.03377}
  t=  49.62  cb_failure         L24-CB3 {'rot': 0.03138}
  t=  49.75  cb_failure         L23-CB2 {'rot': 0.03551}
  t=  49.75  cb_failure         L24-CB2 {'rot': 0.03369}
  t=  49.75  cb_failure         L25-CB2 {'rot': 0.03157}
  t=  49.75  cb_failure         L25-CB3 {'rot': 0.03745}
  t=  49.75  cb_failure         L26-CB0 {'rot': 0.03012}
  t=  49.75  cb_failure         L26-CB3 {'rot': 0.03513}
  t=  49.75  cb_failure         L27-CB3 {'rot': 0.03273}
  t=  49.75  cb_failure         L28-CB1 {'rot': 0.03128}
  t=  49.75  cb_failure         L28-CB3 {'rot': 0.03039}
  t=  49.87  cb_failure         L26-CB2 {'rot': 0.03603}
  t=  49.87  cb_failure         L27-CB0 {'rot': 0.03414}
  t=  49.87  cb_failure         L27-CB2 {'rot': 0.03439}
  t=  49.87  cb_failure         L28-CB0 {'rot': 0.03248}
  t=  49.87  cb_failure         L28-CB2 {'rot': 0.03273}
  t=  49.87  cb_failure         L29-CB0 {'rot': 0.03083}
  t=  49.87  cb_failure         L29-CB1 {'rot': 0.03843}
  t=  49.87  cb_failure         L29-CB2 {'rot': 0.03109}
  t=  49.87  cb_failure         L29-CB3 {'rot': 0.03858}
  t=  49.87  cb_failure         L30-CB1 {'rot': 0.03704}
  t=  49.87  cb_failure         L30-CB3 {'rot': 0.0372}
  t=  49.87  cb_failure         L31-CB1 {'rot': 0.03595}
  t=  49.87  cb_failure         L31-CB3 {'rot': 0.03615}
  t=  49.87  cb_failure         L32-CB1 {'rot': 0.03529}
  t=  49.87  cb_failure         L32-CB3 {'rot': 0.0355}
  t=  49.87  cb_failure         L33-CB1 {'rot': 0.03507}
  t=  49.87  cb_failure         L33-CB3 {'rot': 0.03529}
  t=  50.00  cb_failure         L30-CB0 {'rot': 0.03878}
  t=  50.00  cb_failure         L30-CB2 {'rot': 0.03983}
  t=  50.00  cb_failure         L31-CB0 {'rot': 0.0379}
  t=  50.00  cb_failure         L31-CB2 {'rot': 0.03894}
  t=  50.00  cb_failure         L32-CB0 {'rot': 0.03723}
  t=  50.00  cb_failure         L32-CB2 {'rot': 0.03828}
  t=  50.00  cb_failure         L33-CB0 {'rot': 0.03697}
  t=  50.00  cb_failure         L33-CB2 {'rot': 0.03802}
  progress t=  50.0s  max corner drift so far=0.0119  wall clock=700s
  t=  51.25  cb_failure         L5-CB2 {'rot': 0.03027}
  t=  51.25  cb_failure         L5-CB3 {'rot': 0.03118}
  progress t=  60.0s  max corner drift so far=0.0120  wall clock=851s
  t=  60.75  cb_failure         L4-CB3 {'rot': 0.03024}
  t=  60.87  cb_failure         L4-CB2 {'rot': 0.03004}
  t=  61.00  cb_failure         L3-CB3 {'rot': 0.03302}
  t=  61.12  cb_failure         L3-CB2 {'rot': 0.03081}
  progress t=  70.0s  max corner drift so far=0.0147  wall clock=998s
  progress t=  80.0s  max corner drift so far=0.0147  wall clock=1132s
  progress t=  90.0s  max corner drift so far=0.0147  wall clock=1264s
  progress t= 100.0s  max corner drift so far=0.0147  wall clock=1400s
