  t=   2.00  cb_yield           L6-CB3 {'rot': 0.00539}
  t=   2.00  cb_yield           L7-CB1 {'rot': 0.00539}
  t=   2.00  cb_yield           L7-CB3 {'rot': 0.00551}
  t=   2.00  cb_yield           L8-CB1 {'rot': 0.00538}
  t=   2.00  cb_yield           L8-CB3 {'rot': 0.00552}
  t=   2.00  cb_yield           L9-CB3 {'rot': 0.00543}
  t=   2.12  cb_yield           L6-CB1 {'rot': 0.00557}
  t=   2.12  cb_yield           L6-CB2 {'rot': 0.00537}
  t=   2.12  cb_yield           L7-CB0 {'rot': 0.00551}
  t=   2.12  cb_yield           L7-CB2 {'rot': 0.0056}
  t=   2.12  cb_yield           L8-CB0 {'rot': 0.00562}
  t=   2.12  cb_yield           L8-CB2 {'rot': 0.00573}
  t=   2.12  cb_yield           L9-CB0 {'rot': 0.00563}
  t=   2.12  cb_yield           L9-CB1 {'rot': 0.00599}
  t=   2.12  cb_yield           L9-CB2 {'rot': 0.00575}
  t=   2.12  cb_yield           L10-CB0 {'rot': 0.00555}
  t=   2.12  cb_yield           L10-CB1 {'rot': 0.00594}
  t=   2.12  cb_yield           L10-CB2 {'rot': 0.00568}
  t=   2.12  cb_yield           L10-CB3 {'rot': 0.00609}
  t=   2.12  cb_yield           L11-CB0 {'rot': 0.00541}
  t=   2.12  cb_yield           L11-CB1 {'rot': 0.00582}
  t=   2.12  cb_yield           L11-CB2 {'rot': 0.00555}
  t=   2.12  cb_yield           L11-CB3 {'rot': 0.00598}
  t=   2.12  cb_yield           L12-CB1 {'rot': 0.00564}
  t=   2.12  cb_yield           L12-CB2 {'rot': 0.00536}
  t=   2.12  cb_yield           L12-CB3 {'rot': 0.00581}
  t=   2.12  cb_yield           L13-CB1 {'rot': 0.00541}
  t=   2.12  cb_yield           L13-CB3 {'rot': 0.00559}
  t=   2.25  cb_yield           L12-CB0 {'rot': 0.00561}
  t=   2.25  cb_yield           L13-CB0 {'rot': 0.00543}
  t=   2.25  cb_yield           L13-CB2 {'rot': 0.00561}
  t=   2.25  cb_yield           L14-CB1 {'rot': 0.00574}
  t=   2.25  cb_yield           L14-CB2 {'rot': 0.00539}
  t=   2.25  cb_yield           L14-CB3 {'rot': 0.00594}
  t=   2.25  cb_yield           L15-CB1 {'rot': 0.0055}
  t=   2.25  cb_yield           L15-CB3 {'rot': 0.00571}
  t=   2.25  cb_yield           L16-CB3 {'rot': 0.00547}
  t=   2.37  cb_yield           L14-CB0 {'rot': 0.00533}
  t=   2.37  cb_yield           L15-CB2 {'rot': 0.00551}
  t=   2.37  cb_yield           L16-CB1 {'rot': 0.00585}
  t=   2.37  cb_yield           L16-CB2 {'rot': 0.00546}
  t=   2.37  cb_yield           L17-CB1 {'rot': 0.00576}
  t=   2.37  cb_yield           L17-CB3 {'rot': 0.00603}
  t=   2.37  cb_yield           L18-CB3 {'rot': 0.00593}
  t=   2.37  cb_yield           L19-CB3 {'rot': 0.00581}
  t=   2.50  cb_yield           L15-CB0 {'rot': 0.00542}
  t=   2.50  cb_yield           L16-CB0 {'rot': 0.00561}
  t=   2.50  cb_yield           L17-CB0 {'rot': 0.0058}
  t=   2.50  cb_yield           L17-CB2 {'rot': 0.0061}
  t=   2.50  cb_yield           L18-CB0 {'rot': 0.00592}
  t=   2.50  cb_yield           L18-CB1 {'rot': 0.00684}
  t=   2.50  cb_yield           L18-CB2 {'rot': 0.00626}
  t=   2.50  cb_yield           L19-CB0 {'rot': 0.00597}
  t=   2.50  cb_yield           L19-CB1 {'rot': 0.00692}
  t=   2.50  cb_yield           L19-CB2 {'rot': 0.00634}
  t=   2.50  cb_yield           L20-CB0 {'rot': 0.00595}
  t=   2.50  cb_yield           L20-CB1 {'rot': 0.00693}
  t=   2.50  cb_yield           L20-CB2 {'rot': 0.00635}
  t=   2.50  cb_yield           L20-CB3 {'rot': 0.00732}
  t=   2.50  cb_yield           L21-CB0 {'rot': 0.00586}
  t=   2.50  cb_yield           L21-CB1 {'rot': 0.00685}
  t=   2.50  cb_yield           L21-CB2 {'rot': 0.00629}
  t=   2.50  cb_yield           L21-CB3 {'rot': 0.00728}
  t=   2.50  cb_yield           L22-CB1 {'rot': 0.0067}
  t=   2.50  cb_yield           L22-CB2 {'rot': 0.00614}
  t=   2.50  cb_yield           L22-CB3 {'rot': 0.00716}
  t=   2.50  cb_yield           L23-CB1 {'rot': 0.00648}
  t=   2.50  cb_yield           L23-CB2 {'rot': 0.00594}
  t=   2.50  cb_yield           L23-CB3 {'rot': 0.00696}
  t=   2.50  cb_yield           L24-CB1 {'rot': 0.00621}
  t=   2.50  cb_yield           L24-CB3 {'rot': 0.0067}
  t=   2.50  cb_yield           L25-CB1 {'rot': 0.00588}
  t=   2.50  cb_yield           L25-CB3 {'rot': 0.00638}
  t=   2.50  cb_yield           L26-CB3 {'rot': 0.00603}
  t=   2.62  cb_yield           L22-CB0 {'rot': 0.00687}
  t=   2.62  cb_yield           L23-CB0 {'rot': 0.00665}
  t=   2.62  cb_yield           L24-CB0 {'rot': 0.00633}
  t=   2.62  cb_yield           L24-CB2 {'rot': 0.00677}
  t=   2.62  cb_yield           L25-CB0 {'rot': 0.00593}
  t=   2.62  cb_yield           L25-CB2 {'rot': 0.00638}
  t=   2.62  cb_yield           L26-CB1 {'rot': 0.00665}
  t=   2.62  cb_yield           L26-CB2 {'rot': 0.00592}
  t=   2.62  cb_yield           L27-CB1 {'rot': 0.00612}
  t=   2.62  cb_yield           L27-CB3 {'rot': 0.00657}
  t=   2.62  cb_yield           L28-CB3 {'rot': 0.006}
  t=   3.62  cb_yield           L26-CB0 {'rot': 0.00686}
  t=   3.62  cb_yield           L27-CB0 {'rot': 0.00633}
  t=   3.62  cb_yield           L27-CB2 {'rot': 0.00621}
  t=   3.62  cb_yield           L28-CB0 {'rot': 0.00574}
  t=   4.00  cb_yield           L6-CB0 {'rot': 0.00542}
  t=   4.12  cb_yield           L3-CB0 {'rot': 0.00638}
  t=   4.12  cb_yield           L3-CB1 {'rot': 0.00603}
  t=   4.12  cb_yield           L3-CB2 {'rot': 0.00549}
  t=   4.12  cb_yield           L4-CB0 {'rot': 0.00732}
  t=   4.12  cb_yield           L4-CB1 {'rot': 0.00692}
  t=   4.12  cb_yield           L4-CB2 {'rot': 0.00618}
  t=   4.12  cb_yield           L4-CB3 {'rot': 0.00582}
  t=   4.12  cb_yield           L5-CB0 {'rot': 0.008}
  t=   4.12  cb_yield           L5-CB1 {'rot': 0.00757}
  t=   4.12  cb_yield           L5-CB2 {'rot': 0.00662}
  t=   4.12  cb_yield           L5-CB3 {'rot': 0.0062}
  t=   4.25  cb_yield           L2-CB0 {'rot': 0.00677}
  t=   4.25  cb_yield           L2-CB1 {'rot': 0.00646}
  t=   4.25  cb_yield           L2-CB2 {'rot': 0.00598}
  t=   4.25  cb_yield           L2-CB3 {'rot': 0.00577}
  t=   4.25  cb_yield           L3-CB3 {'rot': 0.007}
  t=   7.88  cb_yield           L1-CB0 {'rot': 0.00539}
  t=   7.88  cb_yield           L1-CB1 {'rot': 0.00537}
  t=   8.13  cb_yield           L1-CB2 {'rot': 0.0056}
  t=   8.13  cb_yield           L1-CB3 {'rot': 0.00594}
  t=   8.25  cb_yield           L28-CB1 {'rot': 0.00622}
  t=   8.25  cb_yield           L29-CB1 {'rot': 0.00593}
  t=   8.38  cb_yield           L30-CB1 {'rot': 0.00717}
  t=   8.38  cb_yield           L31-CB1 {'rot': 0.00695}
  t=   8.38  cb_yield           L32-CB1 {'rot': 0.0068}
  t=   8.38  cb_yield           L33-CB1 {'rot': 0.00673}
  t=   8.50  cb_yield           L29-CB0 {'rot': 0.00595}
  t=   8.75  cb_yield           L29-CB3 {'rot': 0.00623}
  t=   8.88  cb_yield           L28-CB2 {'rot': 0.00647}
  t=   8.88  cb_yield           L30-CB3 {'rot': 0.00787}
  t=   8.88  cb_yield           L31-CB3 {'rot': 0.00732}
  t=   8.88  cb_yield           L32-CB3 {'rot': 0.00697}
  t=   8.88  cb_yield           L33-CB3 {'rot': 0.00681}
  t=   9.00  cb_yield           L29-CB2 {'rot': 0.00816}
  t=   9.00  cb_yield           L30-CB2 {'rot': 0.00734}
  t=   9.00  cb_yield           L31-CB2 {'rot': 0.00675}
  t=   9.00  cb_yield           L32-CB2 {'rot': 0.00638}
  t=   9.00  cb_yield           L33-CB2 {'rot': 0.00621}
  t=   9.38  cb_yield           L30-CB0 {'rot': 0.00594}
  progress t=  10.0s  max corner drift so far=0.0066  wall clock=133s
  t=  10.38  cb_yield           L31-CB0 {'rot': 0.00681}
  t=  10.38  cb_yield           L32-CB0 {'rot': 0.00664}
  t=  10.38  cb_yield           L33-CB0 {'rot': 0.00658}
  t=  11.50  cb_failure         L11-CB0 {'rot': 0.02935}
  t=  11.50  cb_failure         L12-CB0 {'rot': 0.02961}
  t=  11.50  cb_failure         L12-CB1 {'rot': 0.02942}
  t=  11.50  cb_failure         L13-CB0 {'rot': 0.02949}
  t=  11.50  cb_failure         L13-CB1 {'rot': 0.02936}
  t=  11.63  cb_failure         L10-CB0 {'rot': 0.03079}
  t=  11.63  cb_failure         L10-CB1 {'rot': 0.02989}
  t=  11.63  cb_failure         L11-CB1 {'rot': 0.0319}
  t=  11.63  cb_failure         L14-CB0 {'rot': 0.03631}
  t=  11.63  cb_failure         L14-CB1 {'rot': 0.03532}
  t=  11.63  cb_failure         L15-CB0 {'rot': 0.03647}
  t=  11.63  cb_failure         L15-CB1 {'rot': 0.03547}
  t=  11.63  cb_failure         L16-CB0 {'rot': 0.03629}
  t=  11.63  cb_failure         L16-CB1 {'rot': 0.03524}
  t=  11.63  cb_failure         L17-CB0 {'rot': 0.0355}
  t=  11.63  cb_failure         L17-CB1 {'rot': 0.03439}
  t=  11.63  cb_failure         L18-CB0 {'rot': 0.03423}
  t=  11.63  cb_failure         L18-CB1 {'rot': 0.03306}
  t=  11.63  cb_failure         L19-CB0 {'rot': 0.03253}
  t=  11.63  cb_failure         L19-CB1 {'rot': 0.03132}
  t=  11.63  cb_failure         L20-CB0 {'rot': 0.03046}
  t=  11.75  cb_failure         L14-CB3 {'rot': 0.03048}
  t=  11.75  cb_failure         L15-CB2 {'rot': 0.03023}
  t=  11.75  cb_failure         L15-CB3 {'rot': 0.03149}
  t=  11.75  cb_failure         L16-CB2 {'rot': 0.03065}
  t=  11.75  cb_failure         L16-CB3 {'rot': 0.03198}
  t=  11.75  cb_failure         L17-CB2 {'rot': 0.03035}
  t=  11.75  cb_failure         L17-CB3 {'rot': 0.03201}
  t=  11.75  cb_failure         L18-CB3 {'rot': 0.03163}
  t=  11.75  cb_failure         L19-CB3 {'rot': 0.03082}
  t=  11.75  cb_failure         L20-CB1 {'rot': 0.03955}
  t=  11.75  cb_failure         L21-CB0 {'rot': 0.03769}
  t=  11.75  cb_failure         L21-CB1 {'rot': 0.03767}
  t=  11.75  cb_failure         L22-CB0 {'rot': 0.03497}
  t=  11.75  cb_failure         L22-CB1 {'rot': 0.03511}
  t=  11.75  cb_failure         L23-CB0 {'rot': 0.03168}
  t=  11.75  cb_failure         L23-CB1 {'rot': 0.03199}
  t=  11.88  cb_failure         L18-CB2 {'rot': 0.034}
  t=  11.88  cb_failure         L19-CB2 {'rot': 0.03398}
  t=  11.88  cb_failure         L20-CB2 {'rot': 0.03344}
  t=  11.88  cb_failure         L20-CB3 {'rot': 0.03609}
  t=  11.88  cb_failure         L21-CB2 {'rot': 0.03222}
  t=  11.88  cb_failure         L21-CB3 {'rot': 0.03507}
  t=  11.88  cb_failure         L22-CB2 {'rot': 0.03019}
  t=  11.88  cb_failure         L22-CB3 {'rot': 0.0332}
  t=  11.88  cb_failure         L23-CB3 {'rot': 0.03038}
  t=  11.88  cb_failure         L24-CB0 {'rot': 0.03531}
  t=  11.88  cb_failure         L24-CB1 {'rot': 0.0366}
  t=  11.88  cb_failure         L25-CB0 {'rot': 0.03078}
  t=  11.88  cb_failure         L25-CB1 {'rot': 0.03217}
  t=  12.00  cb_failure         L23-CB2 {'rot': 0.03201}
  t=  12.00  cb_failure         L24-CB3 {'rot': 0.03211}
  t=  12.00  cb_failure         L26-CB0 {'rot': 0.03007}
  t=  12.00  cb_failure         L26-CB1 {'rot': 0.03196}
  t= 12.075  solver fallback: 4 sub-steps
  t=  12.13  cb_failure         L24-CB2 {'rot': 0.03358}
  t=  12.13  cb_failure         L25-CB2 {'rot': 0.03059}
  t=  12.13  cb_failure         L25-CB3 {'rot': 0.03296}
  t=  12.13  cb_failure         L27-CB1 {'rot': 0.03051}
  t=  12.25  cb_failure         L26-CB2 {'rot': 0.03384}
  t=  12.25  cb_failure         L26-CB3 {'rot': 0.0374}
  t=  12.25  cb_failure         L27-CB0 {'rot': 0.03384}
  t=  12.25  cb_failure         L27-CB2 {'rot': 0.03098}
  t=  12.25  cb_failure         L27-CB3 {'rot': 0.0343}
  t=  12.25  cb_failure         L28-CB0 {'rot': 0.0302}
  t=  12.25  cb_failure         L28-CB1 {'rot': 0.03298}
  t=  12.25  cb_failure         L28-CB3 {'rot': 0.03065}
  t=  12.38  cb_failure         L28-CB2 {'rot': 0.03351}
  t=  12.38  cb_failure         L29-CB0 {'rot': 0.02985}
  t=  12.38  cb_failure         L29-CB1 {'rot': 0.03465}
  t=  12.38  cb_failure         L29-CB2 {'rot': 0.03103}
  t=  12.38  cb_failure         L29-CB3 {'rot': 0.03604}
  t=  12.38  cb_failure         L30-CB1 {'rot': 0.03209}
  t=  12.38  cb_failure         L30-CB3 {'rot': 0.03353}
  t=  12.38  cb_failure         L31-CB1 {'rot': 0.03002}
  t=  12.38  cb_failure         L31-CB3 {'rot': 0.03147}
  t=  12.38  cb_failure         L32-CB3 {'rot': 0.03005}
  t=  12.50  cb_failure         L30-CB0 {'rot': 0.03004}
  t=  12.50  cb_failure         L30-CB2 {'rot': 0.03388}
  t=  12.50  cb_failure         L31-CB2 {'rot': 0.03262}
  t=  12.50  cb_failure         L32-CB1 {'rot': 0.03448}
  t=  12.50  cb_failure         L32-CB2 {'rot': 0.03174}
  t=  12.50  cb_failure         L33-CB1 {'rot': 0.03393}
  t=  12.50  cb_failure         L33-CB3 {'rot': 0.03775}
  t=  12.88  cb_failure         L6-CB0 {'rot': 0.03034}
  t=  12.88  cb_failure         L6-CB1 {'rot': 0.03062}
  t=  12.88  cb_failure         L7-CB0 {'rot': 0.03148}
  t=  12.88  cb_failure         L7-CB1 {'rot': 0.03181}
  t=  12.88  cb_failure         L8-CB0 {'rot': 0.03216}
  t=  12.88  cb_failure         L8-CB1 {'rot': 0.03258}
  t=  12.88  cb_failure         L9-CB0 {'rot': 0.0325}
  t=  12.88  cb_failure         L9-CB1 {'rot': 0.03298}
  t=  13.00  cb_failure         L5-CB0 {'rot': 0.03108}
  t=  13.00  cb_failure         L5-CB1 {'rot': 0.03064}
  t=  13.00  cb_failure         L6-CB2 {'rot': 0.02985}
  t=  13.00  cb_failure         L6-CB3 {'rot': 0.02944}
  t=  13.00  cb_failure         L7-CB2 {'rot': 0.03131}
  t=  13.00  cb_failure         L7-CB3 {'rot': 0.0306}
  t=  13.00  cb_failure         L8-CB2 {'rot': 0.03221}
  t=  13.00  cb_failure         L8-CB3 {'rot': 0.03119}
  t=  13.00  cb_failure         L9-CB2 {'rot': 0.03237}
  t=  13.00  cb_failure         L9-CB3 {'rot': 0.03135}
  t=  13.00  cb_failure         L10-CB2 {'rot': 0.03199}
  t=  13.00  cb_failure         L10-CB3 {'rot': 0.03108}
  t=  13.00  cb_failure         L11-CB2 {'rot': 0.03117}
  t=  13.00  cb_failure         L11-CB3 {'rot': 0.03044}
  t=  13.00  cb_failure         L12-CB2 {'rot': 0.02995}
  t=  13.00  cb_failure         L12-CB3 {'rot': 0.02952}
  t=  13.13  cb_failure         L5-CB2 {'rot': 0.03015}
  t=  13.13  cb_failure         L13-CB2 {'rot': 0.0382}
  t=  13.13  cb_failure         L13-CB3 {'rot': 0.03621}
  t=  13.13  cb_failure         L14-CB2 {'rot': 0.03643}
  t=  13.25  cb_failure         L5-CB3 {'rot': 0.02941}
  t=  13.83  wall_shear_strength_loss S33-F {'gamma': 0.01052}
  t=  13.83  wall_shear_failure S33-F {'gamma': 0.01052}
  t=  13.83  wall_axial_failure S33-F {'gamma': 0.01052, 'eps': -0.01213, 'cause': 'crushing'}
  t= 13.850  solver fallback: Newton
