  t=   2.62  cb_yield           L20-CB3 {'rot': 0.00582}
  t=   2.62  cb_yield           L21-CB3 {'rot': 0.00587}
  t=   2.62  cb_yield           L22-CB3 {'rot': 0.00586}
  t=   2.62  cb_yield           L23-CB3 {'rot': 0.00577}
  t=   4.00  cb_yield           L8-CB0 {'rot': 0.00542}
  t=   4.00  cb_yield           L9-CB0 {'rot': 0.00548}
  t=   4.00  cb_yield           L10-CB0 {'rot': 0.00548}
  t=   4.00  cb_yield           L11-CB0 {'rot': 0.00543}
  t=   4.00  cb_yield           L12-CB0 {'rot': 0.00535}
  t=   4.12  cb_yield           L3-CB0 {'rot': 0.00563}
  t=   4.12  cb_yield           L3-CB1 {'rot': 0.00537}
  t=   4.12  cb_yield           L4-CB0 {'rot': 0.00641}
  t=   4.12  cb_yield           L4-CB1 {'rot': 0.00612}
  t=   4.12  cb_yield           L4-CB2 {'rot': 0.00559}
  t=   4.12  cb_yield           L5-CB0 {'rot': 0.00696}
  t=   4.12  cb_yield           L5-CB1 {'rot': 0.00665}
  t=   4.12  cb_yield           L5-CB2 {'rot': 0.00595}
  t=   4.12  cb_yield           L5-CB3 {'rot': 0.00566}
  t=   4.12  cb_yield           L6-CB0 {'rot': 0.00728}
  t=   4.12  cb_yield           L6-CB1 {'rot': 0.00696}
  t=   4.12  cb_yield           L6-CB2 {'rot': 0.0061}
  t=   4.12  cb_yield           L6-CB3 {'rot': 0.00578}
  t=   4.12  cb_yield           L7-CB0 {'rot': 0.00743}
  t=   4.12  cb_yield           L7-CB1 {'rot': 0.00708}
  t=   4.12  cb_yield           L7-CB2 {'rot': 0.00607}
  t=   4.12  cb_yield           L7-CB3 {'rot': 0.00572}
  t=   4.12  cb_yield           L8-CB1 {'rot': 0.00706}
  t=   4.12  cb_yield           L8-CB2 {'rot': 0.00589}
  t=   4.12  cb_yield           L8-CB3 {'rot': 0.00552}
  t=   4.12  cb_yield           L9-CB1 {'rot': 0.00691}
  t=   4.12  cb_yield           L9-CB2 {'rot': 0.00559}
  t=   4.12  cb_yield           L10-CB1 {'rot': 0.00667}
  t=   4.12  cb_yield           L11-CB1 {'rot': 0.00636}
  t=   4.12  cb_yield           L12-CB1 {'rot': 0.00599}
  t=   4.12  cb_yield           L13-CB0 {'rot': 0.00601}
  t=   4.12  cb_yield           L13-CB1 {'rot': 0.00559}
  t=   4.12  cb_yield           L14-CB0 {'rot': 0.00559}
  t=   4.25  cb_yield           L2-CB0 {'rot': 0.00552}
  t=   4.25  cb_yield           L3-CB2 {'rot': 0.00609}
  t=   4.25  cb_yield           L3-CB3 {'rot': 0.00582}
  t=   4.25  cb_yield           L4-CB3 {'rot': 0.00656}
  t=   4.25  cb_yield           L9-CB3 {'rot': 0.00634}
  t=   4.25  cb_yield           L10-CB2 {'rot': 0.00618}
  t=   4.25  cb_yield           L10-CB3 {'rot': 0.00574}
  t=   4.25  cb_yield           L11-CB2 {'rot': 0.0055}
  t=   4.25  cb_yield           L14-CB1 {'rot': 0.00547}
  t=   4.25  cb_yield           L15-CB0 {'rot': 0.00533}
  t=   4.37  cb_yield           L2-CB1 {'rot': 0.00556}
  t=   4.62  cb_yield           L16-CB0 {'rot': 0.00533}
  t=   7.13  cb_yield           L19-CB1 {'rot': 0.00575}
  t=   7.13  cb_yield           L20-CB1 {'rot': 0.00586}
  t=   7.13  cb_yield           L21-CB1 {'rot': 0.00591}
  t=   7.13  cb_yield           L22-CB1 {'rot': 0.0059}
  t=   7.13  cb_yield           L23-CB1 {'rot': 0.00583}
  t=   7.25  cb_yield           L16-CB1 {'rot': 0.00549}
  t=   7.25  cb_yield           L18-CB1 {'rot': 0.00585}
  t=   7.75  cb_yield           L15-CB1 {'rot': 0.00581}
  t=   7.88  cb_yield           L11-CB3 {'rot': 0.00538}
  t=   8.00  cb_yield           L2-CB3 {'rot': 0.00552}
  t=   8.00  cb_yield           L12-CB2 {'rot': 0.00544}
  t=   8.00  cb_yield           L12-CB3 {'rot': 0.00623}
  t=   8.00  cb_yield           L13-CB3 {'rot': 0.00545}
  t=   8.00  cb_yield           L17-CB0 {'rot': 0.00616}
  t=   8.00  cb_yield           L17-CB1 {'rot': 0.00686}
  t=   8.13  cb_yield           L2-CB2 {'rot': 0.00569}
  t=   8.13  cb_yield           L13-CB2 {'rot': 0.00551}
  t=   8.13  cb_yield           L14-CB3 {'rot': 0.00566}
  t=   8.13  cb_yield           L18-CB0 {'rot': 0.00691}
  t=   8.13  cb_yield           L19-CB0 {'rot': 0.00633}
  t=   8.13  cb_yield           L20-CB0 {'rot': 0.00578}
  t=   8.25  cb_yield           L14-CB2 {'rot': 0.00548}
  t=   8.25  cb_yield           L15-CB3 {'rot': 0.00581}
  t=   8.25  cb_yield           L21-CB0 {'rot': 0.00661}
  t=   8.25  cb_yield           L22-CB0 {'rot': 0.0062}
  t=   8.25  cb_yield           L23-CB0 {'rot': 0.00582}
  t=   8.25  cb_yield           L24-CB1 {'rot': 0.00636}
  t=   8.25  cb_yield           L25-CB1 {'rot': 0.00604}
  t=   8.25  cb_yield           L26-CB1 {'rot': 0.00575}
  t=   8.38  cb_yield           L15-CB2 {'rot': 0.00558}
  t=   8.38  cb_yield           L16-CB3 {'rot': 0.00621}
  t=   8.38  cb_yield           L24-CB0 {'rot': 0.00658}
  t=   8.38  cb_yield           L25-CB0 {'rot': 0.00627}
  t=   8.38  cb_yield           L26-CB0 {'rot': 0.00595}
  t=   8.38  cb_yield           L27-CB1 {'rot': 0.00677}
  t=   8.38  cb_yield           L28-CB1 {'rot': 0.00646}
  t=   8.38  cb_yield           L29-CB1 {'rot': 0.00616}
  t=   8.38  cb_yield           L30-CB1 {'rot': 0.00589}
  t=   8.50  cb_yield           L16-CB2 {'rot': 0.00665}
  t=   8.50  cb_yield           L17-CB2 {'rot': 0.00605}
  t=   8.50  cb_yield           L17-CB3 {'rot': 0.00744}
  t=   8.50  cb_yield           L18-CB3 {'rot': 0.00689}
  t=   8.50  cb_yield           L19-CB3 {'rot': 0.00636}
  t=   8.50  cb_yield           L27-CB0 {'rot': 0.00595}
  t=   8.63  cb_yield           L18-CB2 {'rot': 0.00823}
  t=   8.63  cb_yield           L19-CB2 {'rot': 0.00773}
  t=   8.63  cb_yield           L20-CB2 {'rot': 0.00721}
  t=   8.63  cb_yield           L21-CB2 {'rot': 0.00666}
  t=   8.63  cb_yield           L22-CB2 {'rot': 0.00612}
  t=   8.63  cb_yield           L24-CB3 {'rot': 0.00663}
  t=   8.63  cb_yield           L25-CB3 {'rot': 0.0061}
  t=   8.75  cb_yield           L23-CB2 {'rot': 0.00867}
  t=   8.75  cb_yield           L24-CB2 {'rot': 0.00796}
  t=   8.75  cb_yield           L25-CB2 {'rot': 0.00722}
  t=   8.75  cb_yield           L26-CB2 {'rot': 0.00647}
  t=   8.75  cb_yield           L26-CB3 {'rot': 0.00807}
  t=   8.75  cb_yield           L27-CB3 {'rot': 0.00732}
  t=   8.75  cb_yield           L28-CB3 {'rot': 0.00661}
  t=   8.75  cb_yield           L29-CB3 {'rot': 0.00595}
  t=   8.88  cb_yield           L27-CB2 {'rot': 0.00775}
  t=   8.88  cb_yield           L28-CB2 {'rot': 0.00685}
  t=   8.88  cb_yield           L29-CB2 {'rot': 0.00603}
  t=   8.88  cb_yield           L30-CB3 {'rot': 0.00703}
  t=   8.88  cb_yield           L31-CB3 {'rot': 0.00654}
  t=   8.88  cb_yield           L32-CB3 {'rot': 0.00622}
  t=   8.88  cb_yield           L33-CB3 {'rot': 0.00606}
  t=   9.00  cb_yield           L30-CB2 {'rot': 0.00754}
  t=   9.00  cb_yield           L31-CB2 {'rot': 0.00704}
  t=   9.00  cb_yield           L32-CB2 {'rot': 0.00671}
  t=   9.00  cb_yield           L33-CB2 {'rot': 0.00654}
  progress t=  10.0s  max corner drift so far=0.0047  wall clock=134s
  t=  10.38  cb_yield           L31-CB1 {'rot': 0.00599}
  t=  10.38  cb_yield           L32-CB1 {'rot': 0.00582}
  t=  10.50  cb_yield           L28-CB0 {'rot': 0.00674}
  t=  10.50  cb_yield           L29-CB0 {'rot': 0.00619}
  t=  10.50  cb_yield           L33-CB1 {'rot': 0.00734}
  t=  10.63  cb_yield           L1-CB0 {'rot': 0.00709}
  t=  10.63  cb_yield           L1-CB2 {'rot': 0.00738}
  t=  10.63  cb_yield           L1-CB3 {'rot': 0.00705}
  t=  10.63  cb_yield           L30-CB0 {'rot': 0.00623}
  t=  10.75  cb_yield           L1-CB1 {'rot': 0.00588}
  t=  10.75  cb_yield           L31-CB0 {'rot': 0.00615}
  t=  11.50  cb_failure         L13-CB0 {'rot': 0.02978}
  t=  11.50  cb_failure         L14-CB0 {'rot': 0.03052}
  t=  11.50  cb_failure         L14-CB1 {'rot': 0.02953}
  t=  11.50  cb_failure         L15-CB0 {'rot': 0.03097}
  t=  11.50  cb_failure         L15-CB1 {'rot': 0.02993}
  t=  11.50  cb_failure         L16-CB0 {'rot': 0.0312}
  t=  11.50  cb_failure         L16-CB1 {'rot': 0.03009}
  t=  11.50  cb_failure         L17-CB0 {'rot': 0.03119}
  t=  11.50  cb_failure         L17-CB1 {'rot': 0.03}
  t=  11.50  cb_failure         L18-CB0 {'rot': 0.03093}
  t=  11.50  cb_failure         L19-CB0 {'rot': 0.0304}
  t=  11.50  cb_yield           L32-CB0 {'rot': 0.00969}
  t=  11.50  cb_yield           L33-CB0 {'rot': 0.00943}
  t=  11.63  cb_failure         L12-CB0 {'rot': 0.02968}
  t=  11.63  cb_failure         L12-CB1 {'rot': 0.03018}
  t=  11.63  cb_failure         L13-CB1 {'rot': 0.03235}
  t=  11.63  cb_failure         L18-CB1 {'rot': 0.0359}
  t=  11.63  cb_failure         L19-CB1 {'rot': 0.03546}
  t=  11.63  cb_failure         L20-CB0 {'rot': 0.03436}
  t=  11.63  cb_failure         L20-CB1 {'rot': 0.03459}
  t=  11.63  cb_failure         L21-CB0 {'rot': 0.0329}
  t=  11.63  cb_failure         L21-CB1 {'rot': 0.03323}
  t=  11.63  cb_failure         L22-CB0 {'rot': 0.03089}
  t=  11.63  cb_failure         L22-CB1 {'rot': 0.03134}
  t=  11.75  cb_failure         L15-CB3 {'rot': 0.02983}
  t=  11.75  cb_failure         L16-CB2 {'rot': 0.02991}
  t=  11.75  cb_failure         L16-CB3 {'rot': 0.03129}
  t=  11.75  cb_failure         L17-CB2 {'rot': 0.03108}
  t=  11.75  cb_failure         L17-CB3 {'rot': 0.03247}
  t=  11.75  cb_failure         L18-CB2 {'rot': 0.03164}
  t=  11.75  cb_failure         L18-CB3 {'rot': 0.033}
  t=  11.75  cb_failure         L19-CB2 {'rot': 0.03163}
  t=  11.75  cb_failure         L19-CB3 {'rot': 0.03294}
  t=  11.75  cb_failure         L20-CB2 {'rot': 0.03103}
  t=  11.75  cb_failure         L20-CB3 {'rot': 0.03236}
  t=  11.75  cb_failure         L21-CB3 {'rot': 0.03109}
  t=  11.75  cb_failure         L23-CB0 {'rot': 0.03221}
  t=  11.75  cb_failure         L23-CB1 {'rot': 0.03271}
  t=  11.88  cb_failure         L21-CB2 {'rot': 0.03089}
  t=  11.88  cb_failure         L22-CB3 {'rot': 0.03098}
  t=  11.88  cb_failure         L24-CB0 {'rot': 0.03064}
  t=  11.88  cb_failure         L24-CB1 {'rot': 0.03139}
  t=  12.00  cb_failure         L22-CB2 {'rot': 0.02986}
  t=  12.13  cb_failure         L23-CB3 {'rot': 0.02999}
  t=  13.00  cb_failure         L8-CB2 {'rot': 0.02954}
  t=  13.00  cb_failure         L9-CB0 {'rot': 0.02957}
  t=  13.00  cb_failure         L9-CB2 {'rot': 0.02951}
  t=  13.00  cb_failure         L10-CB0 {'rot': 0.02955}
  t=  13.13  cb_failure         L7-CB2 {'rot': 0.02999}
  t=  13.13  cb_failure         L9-CB3 {'rot': 0.02935}
  t=  13.13  cb_failure         L10-CB2 {'rot': 0.03075}
  t=  13.13  cb_failure         L11-CB0 {'rot': 0.02937}
  t=  13.13  cb_failure         L11-CB2 {'rot': 0.03006}
  t=  15.13  cb_failure         L23-CB2 {'rot': 0.03204}
  t=  15.13  cb_failure         L24-CB2 {'rot': 0.03233}
  t=  15.13  cb_failure         L24-CB3 {'rot': 0.03439}
  t=  15.13  cb_failure         L25-CB2 {'rot': 0.03214}
  t=  15.13  cb_failure         L25-CB3 {'rot': 0.03436}
  t=  15.13  cb_failure         L26-CB2 {'rot': 0.03159}
  t=  15.13  cb_failure         L26-CB3 {'rot': 0.03399}
  t=  15.13  cb_failure         L27-CB2 {'rot': 0.0308}
  t=  15.13  cb_failure         L27-CB3 {'rot': 0.03332}
  t=  15.13  cb_failure         L28-CB2 {'rot': 0.02978}
  t=  15.13  cb_failure         L28-CB3 {'rot': 0.03242}
  t=  15.13  cb_failure         L29-CB3 {'rot': 0.03128}
  t=  15.13  cb_failure         L30-CB3 {'rot': 0.03015}
  t=  15.25  cb_failure         L29-CB2 {'rot': 0.03234}
  t=  15.25  cb_failure         L30-CB2 {'rot': 0.03123}
  t=  15.25  cb_failure         L31-CB2 {'rot': 0.0302}
  t=  15.25  cb_failure         L31-CB3 {'rot': 0.03358}
  t=  15.25  cb_failure         L32-CB3 {'rot': 0.03285}
  t=  15.25  cb_failure         L33-CB3 {'rot': 0.03187}
  t=  15.38  cb_failure         L32-CB2 {'rot': 0.03208}
  t=  15.38  cb_failure         L33-CB2 {'rot': 0.03175}
  t=  17.25  cb_failure         L25-CB1 {'rot': 0.03051}
  t=  17.25  cb_failure         L26-CB1 {'rot': 0.02988}
  t=  17.38  cb_failure         L27-CB1 {'rot': 0.03025}
  t=  17.38  cb_failure         L28-CB1 {'rot': 0.03032}
  t=  17.38  cb_failure         L29-CB1 {'rot': 0.03035}
  t=  17.38  cb_failure         L30-CB1 {'rot': 0.03033}
  t=  17.38  cb_failure         L31-CB1 {'rot': 0.03025}
  t=  17.38  cb_failure         L32-CB1 {'rot': 0.03013}
  t=  17.38  cb_failure         L33-CB1 {'rot': 0.02995}
  progress t=  20.0s  max corner drift so far=0.0152  wall clock=296s
  t=  27.37  cb_failure         L13-CB3 {'rot': 0.03004}
  t=  27.37  cb_failure         L14-CB3 {'rot': 0.03103}
  t=  27.50  cb_failure         L10-CB3 {'rot': 0.0307}
  t=  27.50  cb_failure         L11-CB3 {'rot': 0.03334}
  t=  27.50  cb_failure         L12-CB3 {'rot': 0.03575}
  t=  27.50  cb_failure         L15-CB2 {'rot': 0.02939}
  t=  27.62  cb_failure         L13-CB2 {'rot': 0.03133}
  t=  27.62  cb_failure         L14-CB2 {'rot': 0.0337}
  t=  27.75  cb_failure         L12-CB2 {'rot': 0.03056}
  progress t=  30.0s  max corner drift so far=0.0155  wall clock=457s
  progress t=  40.0s  max corner drift so far=0.0155  wall clock=622s
  t=  42.75  cb_failure         L7-CB3 {'rot': 0.0308}
  t=  42.75  cb_failure         L8-CB3 {'rot': 0.03194}
  t=  42.87  cb_failure         L5-CB3 {'rot': 0.03015}
  t=  42.87  cb_failure         L6-CB3 {'rot': 0.03205}
  t=  43.50  cb_failure         L6-CB2 {'rot': 0.0294}
  t=  46.37  cb_failure         L8-CB0 {'rot': 0.03142}
  t=  46.37  cb_failure         L9-CB1 {'rot': 0.03009}
  t=  46.37  cb_failure         L10-CB1 {'rot': 0.03143}
  t=  46.37  cb_failure         L11-CB1 {'rot': 0.03226}
  t=  47.12  cb_failure         L25-CB0 {'rot': 0.03129}
  t=  47.12  cb_failure         L26-CB0 {'rot': 0.03066}
  t=  47.12  cb_failure         L27-CB0 {'rot': 0.02978}
  t=  47.25  cb_failure         L28-CB0 {'rot': 0.03134}
  t=  47.25  cb_failure         L29-CB0 {'rot': 0.03111}
  t=  47.25  cb_failure         L30-CB0 {'rot': 0.03063}
  t=  47.25  cb_failure         L31-CB0 {'rot': 0.03001}
  t=  47.50  cb_failure         L5-CB2 {'rot': 0.02976}
  t=  48.87  cb_failure         L5-CB1 {'rot': 0.0294}
  t=  48.87  cb_failure         L6-CB1 {'rot': 0.03146}
  t=  48.87  cb_failure         L7-CB1 {'rot': 0.0329}
  t=  48.87  cb_failure         L8-CB1 {'rot': 0.03377}
  t=  49.00  cb_failure         L4-CB1 {'rot': 0.03238}
  t=  49.00  cb_failure         L6-CB0 {'rot': 0.03059}
  t=  49.00  cb_failure         L7-CB0 {'rot': 0.03322}
  t=  49.12  cb_failure         L5-CB0 {'rot': 0.03077}
  t=  49.87  cb_failure         L32-CB0 {'rot': 0.03366}
  t=  49.87  cb_failure         L33-CB0 {'rot': 0.03348}
  progress t=  50.0s  max corner drift so far=0.0155  wall clock=784s
  t=  51.25  cb_failure         L4-CB3 {'rot': 0.02948}
  t=  51.37  cb_failure         L4-CB2 {'rot': 0.02935}
  progress t=  60.0s  max corner drift so far=0.0155  wall clock=946s
  t=  61.25  cb_failure         L3-CB3 {'rot': 0.02999}
  t=  61.37  cb_failure         L3-CB2 {'rot': 0.03172}
  progress t=  70.0s  max corner drift so far=0.0155  wall clock=1109s
  progress t=  80.0s  max corner drift so far=0.0155  wall clock=1249s
  progress t=  90.0s  max corner drift so far=0.0155  wall clock=1385s
  progress t= 100.0s  max corner drift so far=0.0155  wall clock=1512s
