  t=   3.60  cb_yield           L8-CB1 {'rot': 0.0054}
  t=   3.60  cb_yield           L9-CB0 {'rot': 0.00533}
  t=   3.60  cb_yield           L9-CB1 {'rot': 0.00545}
  t=   3.60  cb_yield           L10-CB1 {'rot': 0.00543}
  t=   3.60  cb_yield           L11-CB1 {'rot': 0.00536}
  t=   3.65  cb_yield           L7-CB0 {'rot': 0.00535}
  t=   3.65  cb_yield           L7-CB1 {'rot': 0.00548}
  t=   3.65  cb_yield           L8-CB0 {'rot': 0.00548}
  t=   3.65  cb_yield           L10-CB0 {'rot': 0.00552}
  t=   3.65  cb_yield           L11-CB0 {'rot': 0.00545}
  t=   3.65  cb_yield           L12-CB1 {'rot': 0.00541}
  t=   3.70  cb_yield           L12-CB0 {'rot': 0.00538}
  t=   4.40  cb_yield           L4-CB2 {'rot': 0.00539}
  t=   4.40  cb_yield           L4-CB3 {'rot': 0.00546}
  t=   4.40  cb_yield           L5-CB2 {'rot': 0.00557}
  t=   4.40  cb_yield           L5-CB3 {'rot': 0.00569}
  t=   4.40  cb_yield           L6-CB2 {'rot': 0.00557}
  t=   4.40  cb_yield           L6-CB3 {'rot': 0.00574}
  t=   4.40  cb_yield           L7-CB2 {'rot': 0.00546}
  t=   4.40  cb_yield           L7-CB3 {'rot': 0.00566}
  t=   4.40  cb_yield           L8-CB3 {'rot': 0.0055}
  t=   4.45  cb_yield           L3-CB2 {'rot': 0.00581}
  t=   4.45  cb_yield           L3-CB3 {'rot': 0.00574}
  t=   4.45  cb_yield           L5-CB0 {'rot': 0.00549}
  t=   4.45  cb_yield           L6-CB0 {'rot': 0.00548}
  t=   4.45  cb_yield           L8-CB2 {'rot': 0.0069}
  t=   4.45  cb_yield           L9-CB2 {'rot': 0.00664}
  t=   4.45  cb_yield           L9-CB3 {'rot': 0.00662}
  t=   4.45  cb_yield           L10-CB2 {'rot': 0.00634}
  t=   4.45  cb_yield           L10-CB3 {'rot': 0.00634}
  t=   4.45  cb_yield           L11-CB2 {'rot': 0.00603}
  t=   4.45  cb_yield           L11-CB3 {'rot': 0.00603}
  t=   4.45  cb_yield           L12-CB2 {'rot': 0.00571}
  t=   4.45  cb_yield           L12-CB3 {'rot': 0.00573}
  t=   4.45  cb_yield           L13-CB2 {'rot': 0.00541}
  t=   4.45  cb_yield           L13-CB3 {'rot': 0.00544}
  t=   4.50  cb_yield           L4-CB0 {'rot': 0.00563}
  t=   4.50  cb_yield           L4-CB1 {'rot': 0.00544}
  t=   4.50  cb_yield           L5-CB1 {'rot': 0.00576}
  t=   4.50  cb_yield           L6-CB1 {'rot': 0.00584}
  t=   4.50  cb_yield           L14-CB2 {'rot': 0.00637}
  t=   4.50  cb_yield           L14-CB3 {'rot': 0.00621}
  t=   4.50  cb_yield           L15-CB2 {'rot': 0.00599}
  t=   4.50  cb_yield           L15-CB3 {'rot': 0.00585}
  t=   4.50  cb_yield           L16-CB2 {'rot': 0.00566}
  t=   4.50  cb_yield           L16-CB3 {'rot': 0.00553}
  t=   4.55  cb_yield           L2-CB2 {'rot': 0.00543}
  t=   4.55  cb_yield           L17-CB2 {'rot': 0.00606}
  t=   4.55  cb_yield           L17-CB3 {'rot': 0.00585}
  t=   4.60  cb_yield           L2-CB3 {'rot': 0.00535}
  t=   4.60  cb_yield           L18-CB2 {'rot': 0.00615}
  t=   4.60  cb_yield           L18-CB3 {'rot': 0.00592}
  t=   4.65  cb_yield           L13-CB0 {'rot': 0.00552}
  t=   4.65  cb_yield           L19-CB2 {'rot': 0.00606}
  t=   4.65  cb_yield           L19-CB3 {'rot': 0.00584}
  t=   4.70  cb_yield           L13-CB1 {'rot': 0.00556}
  t=   4.70  cb_yield           L20-CB2 {'rot': 0.00593}
  t=   4.75  cb_yield           L20-CB3 {'rot': 0.00653}
  t=   4.80  cb_yield           L21-CB2 {'rot': 0.00643}
  t=   4.80  cb_yield           L21-CB3 {'rot': 0.00634}
  t=   4.85  cb_yield           L22-CB2 {'rot': 0.00606}
  t=   4.85  cb_yield           L22-CB3 {'rot': 0.00608}
  t=   4.90  cb_yield           L23-CB3 {'rot': 0.00576}
  t=   4.95  cb_yield           L23-CB2 {'rot': 0.00606}
  t=   5.00  cb_yield           L24-CB3 {'rot': 0.00607}
  t=   5.05  cb_yield           L24-CB2 {'rot': 0.00617}
  t=   5.05  cb_yield           L25-CB3 {'rot': 0.00611}
  t=   5.10  cb_yield           L25-CB2 {'rot': 0.00637}
  t=   5.10  cb_yield           L26-CB2 {'rot': 0.00606}
  t=   5.10  cb_yield           L26-CB3 {'rot': 0.00653}
  t=   5.10  cb_yield           L27-CB2 {'rot': 0.00579}
  t=   5.10  cb_yield           L27-CB3 {'rot': 0.00624}
  t=   5.10  cb_yield           L28-CB3 {'rot': 0.00597}
  t=   5.15  cb_yield           L28-CB2 {'rot': 0.00644}
  t=   5.15  cb_yield           L29-CB2 {'rot': 0.00617}
  t=   5.15  cb_yield           L29-CB3 {'rot': 0.00666}
  t=   5.15  cb_yield           L30-CB2 {'rot': 0.00587}
  t=   5.15  cb_yield           L30-CB3 {'rot': 0.00637}
  t=   5.15  cb_yield           L31-CB3 {'rot': 0.00609}
  t=   5.15  cb_yield           L32-CB3 {'rot': 0.00586}
  t=   5.20  cb_yield           L31-CB2 {'rot': 0.00614}
  t=   5.20  cb_yield           L32-CB2 {'rot': 0.00588}
  t=   5.20  cb_yield           L33-CB3 {'rot': 0.00629}
  t=   5.25  cb_yield           L33-CB2 {'rot': 0.00606}
  t=   6.70  cb_yield           L14-CB1 {'rot': 0.00568}
  t=   6.70  cb_yield           L15-CB1 {'rot': 0.00546}
  t=   6.75  cb_yield           L14-CB0 {'rot': 0.00621}
  t=   6.75  cb_yield           L15-CB0 {'rot': 0.00592}
  t=   6.75  cb_yield           L16-CB0 {'rot': 0.00552}
  t=   6.75  cb_yield           L16-CB1 {'rot': 0.00599}
  t=   6.80  cb_yield           L17-CB1 {'rot': 0.00598}
  t=   6.85  cb_yield           L17-CB0 {'rot': 0.00595}
  t=   6.85  cb_yield           L18-CB1 {'rot': 0.00593}
  t=   6.90  cb_yield           L18-CB0 {'rot': 0.00601}
  t=   6.90  cb_yield           L19-CB1 {'rot': 0.00616}
  t=   6.90  cb_yield           L20-CB1 {'rot': 0.00575}
  t=   6.95  cb_yield           L19-CB0 {'rot': 0.00639}
  t=   6.95  cb_yield           L20-CB0 {'rot': 0.00616}
  t=   6.95  cb_yield           L21-CB0 {'rot': 0.0059}
  t=   6.95  cb_yield           L21-CB1 {'rot': 0.00652}
  t=   6.95  cb_yield           L22-CB1 {'rot': 0.00625}
  t=   6.95  cb_yield           L23-CB1 {'rot': 0.00598}
  t=   7.00  cb_yield           L22-CB0 {'rot': 0.00676}
  t=   7.00  cb_yield           L23-CB0 {'rot': 0.0065}
  t=   7.00  cb_yield           L24-CB0 {'rot': 0.00619}
  t=   7.00  cb_yield           L24-CB1 {'rot': 0.00692}
  t=   7.00  cb_yield           L25-CB0 {'rot': 0.00585}
  t=   7.00  cb_yield           L25-CB1 {'rot': 0.00657}
  t=   7.00  cb_yield           L26-CB1 {'rot': 0.00622}
  t=   7.00  cb_yield           L27-CB1 {'rot': 0.00587}
  t=   7.05  cb_yield           L26-CB0 {'rot': 0.00631}
  t=   7.05  cb_yield           L27-CB0 {'rot': 0.00581}
  t=   7.05  cb_yield           L28-CB1 {'rot': 0.00618}
  t=   7.10  cb_yield           L29-CB1 {'rot': 0.00601}
  t=   7.15  cb_yield           L28-CB0 {'rot': 0.00579}
  t=   7.30  cb_yield           L3-CB0 {'rot': 0.00554}
  t=   7.30  cb_yield           L3-CB1 {'rot': 0.00586}
  t=   7.35  cb_yield           L2-CB0 {'rot': 0.00586}
  t=   7.35  cb_yield           L2-CB1 {'rot': 0.00624}
  t=   7.40  cb_yield           L1-CB2 {'rot': 0.00561}
  t=   7.40  cb_yield           L1-CB3 {'rot': 0.00579}
  t=   7.45  cb_yield           L1-CB1 {'rot': 0.0055}
  t=   7.50  cb_yield           L1-CB0 {'rot': 0.00547}
  t=   7.70  cb_failure         L10-CB3 {'rot': 0.02975}
  t=   7.70  cb_failure         L11-CB3 {'rot': 0.03018}
  t=   7.70  cb_failure         L12-CB3 {'rot': 0.03033}
  t=   7.70  cb_failure         L13-CB3 {'rot': 0.03014}
  t=   7.70  cb_failure         L14-CB3 {'rot': 0.02967}
  t=   7.75  cb_failure         L8-CB3 {'rot': 0.02969}
  t=   7.75  cb_failure         L9-CB2 {'rot': 0.02955}
  t=   7.75  cb_failure         L9-CB3 {'rot': 0.03105}
  t=   7.75  cb_failure         L10-CB2 {'rot': 0.03045}
  t=   7.75  cb_failure         L11-CB2 {'rot': 0.03097}
  t=   7.75  cb_failure         L12-CB2 {'rot': 0.03115}
  t=   7.75  cb_failure         L13-CB2 {'rot': 0.03097}
  t=   7.75  cb_failure         L14-CB2 {'rot': 0.03046}
  t=   7.75  cb_failure         L15-CB2 {'rot': 0.02965}
  t=   7.75  cb_failure         L15-CB3 {'rot': 0.0314}
  t=   7.75  cb_failure         L16-CB3 {'rot': 0.03036}
  t=   7.80  cb_failure         L8-CB2 {'rot': 0.02992}
  t=   7.80  cb_failure         L16-CB2 {'rot': 0.03052}
  t=   7.80  cb_failure         L17-CB3 {'rot': 0.03046}
  t=   7.85  cb_failure         L7-CB3 {'rot': 0.03022}
  t=   7.85  cb_failure         L17-CB2 {'rot': 0.03001}
  t=   7.90  cb_failure         L7-CB2 {'rot': 0.02989}
  t=   7.90  cb_failure         L10-CB1 {'rot': 0.02958}
  t=   7.90  cb_failure         L11-CB1 {'rot': 0.02957}
  t=   7.90  cb_failure         L18-CB3 {'rot': 0.03083}
  t=   7.95  cb_failure         L12-CB1 {'rot': 0.02946}
  t=   7.95  cb_failure         L18-CB2 {'rot': 0.03018}
  t=   8.00  cb_failure         L6-CB3 {'rot': 0.02938}
  t=   8.00  cb_failure         L19-CB3 {'rot': 0.03071}
  t=   8.10  cb_failure         L6-CB2 {'rot': 0.02946}
  t=   8.10  cb_failure         L19-CB2 {'rot': 0.03049}
  t=   8.10  cb_failure         L20-CB3 {'rot': 0.02986}
  t=   8.35  cb_failure         L20-CB2 {'rot': 0.03019}
  t=   8.40  cb_failure         L21-CB3 {'rot': 0.02991}
  t=   8.45  cb_yield           L30-CB1 {'rot': 0.00636}
  t=   8.50  cb_failure         L21-CB2 {'rot': 0.03073}
  t=   8.50  cb_yield           L29-CB0 {'rot': 0.00668}
  t=   8.50  cb_yield           L31-CB1 {'rot': 0.00618}
  t=   8.55  cb_failure         L22-CB3 {'rot': 0.03052}
  t=   8.55  cb_yield           L30-CB0 {'rot': 0.00593}
  t=   8.60  cb_failure         L22-CB2 {'rot': 0.03081}
  t=   8.80  cb_yield           L31-CB0 {'rot': 0.0059}
  t=   8.80  cb_yield           L32-CB1 {'rot': 0.00614}
  t=   8.80  cb_yield           L33-CB1 {'rot': 0.00585}
  t=   9.20  cb_failure         L9-CB1 {'rot': 0.03009}
  t=   9.20  cb_failure         L13-CB1 {'rot': 0.02985}
  t=   9.25  cb_failure         L8-CB1 {'rot': 0.03012}
  t=   9.25  cb_failure         L11-CB0 {'rot': 0.02933}
  t=   9.25  cb_failure         L14-CB1 {'rot': 0.03063}
  t=   9.25  cb_failure         L15-CB1 {'rot': 0.02947}
  t=   9.30  cb_failure         L9-CB0 {'rot': 0.02942}
  t=   9.30  cb_failure         L10-CB0 {'rot': 0.0303}
  t=   9.30  cb_failure         L12-CB0 {'rot': 0.03058}
  t=   9.30  cb_failure         L13-CB0 {'rot': 0.03003}
  t=   9.35  cb_failure         L14-CB0 {'rot': 0.02994}
  t=   9.40  cb_yield           L32-CB0 {'rot': 0.00583}
  t=   9.40  cb_yield           L33-CB0 {'rot': 0.00582}
  t=   9.45  cb_failure         L16-CB1 {'rot': 0.02951}
  progress t=  10.0s  max corner drift so far=0.0107  wall clock=370s
  t=  10.40  cb_failure         L15-CB0 {'rot': 0.03001}
  t=  10.40  cb_failure         L16-CB0 {'rot': 0.03071}
  t=  10.40  cb_failure         L17-CB0 {'rot': 0.03103}
  t=  10.40  cb_failure         L18-CB0 {'rot': 0.03092}
  t=  10.40  cb_failure         L19-CB0 {'rot': 0.03044}
  t=  10.45  cb_failure         L17-CB1 {'rot': 0.03076}
  t=  10.45  cb_failure         L18-CB1 {'rot': 0.03087}
  t=  10.45  cb_failure         L19-CB1 {'rot': 0.03053}
  t=  10.45  cb_failure         L20-CB0 {'rot': 0.03199}
  t=  10.45  cb_failure         L20-CB1 {'rot': 0.02978}
  t=  10.45  cb_failure         L21-CB0 {'rot': 0.03055}
  t=  10.50  cb_failure         L22-CB0 {'rot': 0.03162}
  t=  10.50  cb_failure         L23-CB0 {'rot': 0.02981}
  t=  10.55  cb_failure         L21-CB1 {'rot': 0.02984}
  t=  10.55  cb_failure         L24-CB0 {'rot': 0.03105}
  t=  10.60  cb_failure         L25-CB0 {'rot': 0.0316}
  t=  10.60  cb_failure         L26-CB0 {'rot': 0.03008}
  t=  10.65  cb_failure         L22-CB1 {'rot': 0.03021}
  t=  10.65  cb_failure         L27-CB0 {'rot': 0.03059}
  t=  10.70  cb_failure         L28-CB0 {'rot': 0.03129}
  t=  10.70  cb_failure         L29-CB0 {'rot': 0.03069}
  t=  10.70  cb_failure         L30-CB0 {'rot': 0.03027}
  t=  10.70  cb_failure         L31-CB0 {'rot': 0.03001}
  t=  10.70  cb_failure         L32-CB0 {'rot': 0.0299}
  t=  10.70  cb_failure         L33-CB0 {'rot': 0.02987}
  t=  10.95  cb_failure         L27-CB1 {'rot': 0.02987}
  t=  10.95  cb_failure         L28-CB1 {'rot': 0.02995}
  t=  10.95  cb_failure         L29-CB1 {'rot': 0.02987}
  t=  11.00  cb_failure         L30-CB1 {'rot': 0.03029}
  t=  11.00  cb_failure         L31-CB1 {'rot': 0.03008}
  t=  11.00  cb_failure         L32-CB1 {'rot': 0.02982}
  t=  13.00  cb_failure         L23-CB1 {'rot': 0.03075}
  t=  13.05  cb_failure         L24-CB1 {'rot': 0.03432}
  t=  13.05  cb_failure         L25-CB1 {'rot': 0.03192}
  t=  13.10  cb_failure         L26-CB1 {'rot': 0.03208}
  t=  13.15  cb_failure         L23-CB2 {'rot': 0.03147}
  t=  13.15  cb_failure         L23-CB3 {'rot': 0.0317}
  t=  13.20  cb_failure         L24-CB2 {'rot': 0.0322}
  t=  13.20  cb_failure         L24-CB3 {'rot': 0.03134}
  t=  13.25  cb_failure         L25-CB2 {'rot': 0.03099}
  t=  13.25  cb_failure         L25-CB3 {'rot': 0.03123}
  t=  13.30  cb_failure         L26-CB3 {'rot': 0.03144}
  t=  13.35  cb_failure         L26-CB2 {'rot': 0.03478}
  t=  13.35  cb_failure         L27-CB3 {'rot': 0.03318}
  t=  13.40  cb_failure         L27-CB2 {'rot': 0.0349}
  t=  13.40  cb_failure         L28-CB2 {'rot': 0.02974}
  t=  13.40  cb_failure         L28-CB3 {'rot': 0.0369}
  t=  13.40  cb_failure         L29-CB3 {'rot': 0.03201}
  t=  13.45  cb_failure         L29-CB2 {'rot': 0.0301}
  t=  13.45  cb_failure         L30-CB3 {'rot': 0.03696}
  t=  13.45  cb_failure         L31-CB3 {'rot': 0.03476}
  t=  13.45  cb_failure         L32-CB3 {'rot': 0.03365}
  t=  13.45  cb_failure         L33-CB1 {'rot': 0.0342}
  t=  13.45  cb_failure         L33-CB3 {'rot': 0.03326}
  t=  13.50  cb_failure         L30-CB2 {'rot': 0.03433}
  t=  13.50  cb_failure         L31-CB2 {'rot': 0.03225}
  t=  13.50  cb_failure         L32-CB2 {'rot': 0.03112}
  t=  13.50  cb_failure         L33-CB2 {'rot': 0.03076}
  t=  13.89  punching           L29-col22 {'drift': np.float64(0.0225), 'vg_vc': 0.354, 'conn': 'column'}
  t=  13.89  punching           L30-col22 {'drift': np.float64(0.0224), 'vg_vc': 0.354, 'conn': 'column'}
  t=  13.90  punching           L31-col22 {'drift': np.float64(0.0224), 'vg_vc': 0.408, 'conn': 'column'}
  t=  13.90  punching           L32-col22 {'drift': np.float64(0.0221), 'vg_vc': 0.399, 'conn': 'column'}
  t=  13.94  punching           L30-col23 {'drift': np.float64(0.0225), 'vg_vc': 0.351, 'conn': 'column'}
  t=  13.95  punching           L29-col17 {'drift': np.float64(0.022), 'vg_vc': 0.396, 'conn': 'column'}
  t=  13.95  punching           L29-col23 {'drift': np.float64(0.0228), 'vg_vc': 0.371, 'conn': 'column'}
  t=  13.95  punching           L30-col17 {'drift': np.float64(0.0218), 'vg_vc': 0.416, 'conn': 'column'}
  t=  13.95  punching           L31-col17 {'drift': np.float64(0.0216), 'vg_vc': 0.42, 'conn': 'column'}
  t=  13.95  punching           L31-col23 {'drift': np.float64(0.0224), 'vg_vc': 0.353, 'conn': 'column'}
  t=  13.95  punching           L32-col17 {'drift': np.float64(0.0213), 'vg_vc': 0.393, 'conn': 'column'}
  t= 13.950  solver fallback: ModifiedNewton
  t=  13.98  punching           L32-col23 {'drift': np.float64(0.0227), 'vg_vc': 0.35, 'conn': 'column'}
  t=  13.98  punching           L33-col14 {'drift': np.float64(0.0182), 'vg_vc': 0.437, 'conn': 'column'}
  t=  14.00  punching           L29-col14 {'drift': np.float64(0.0191), 'vg_vc': 0.48, 'conn': 'column'}
  t=  14.00  punching           L30-col14 {'drift': np.float64(0.0191), 'vg_vc': 0.474, 'conn': 'column'}
  t=  14.00  punching           L31-col14 {'drift': np.float64(0.0189), 'vg_vc': 0.603, 'conn': 'column'}
  t=  14.00  punching           L32-col14 {'drift': np.float64(0.0187), 'vg_vc': 0.666, 'conn': 'column'}
  t=  14.00  column_axial_failure S33-C14 {'eps': -0.083}
