  t=   2.62  cb_yield           L6-CB3 {'rot': 0.0055}
  t=   2.62  cb_yield           L7-CB3 {'rot': 0.00564}
  t=   2.62  cb_yield           L8-CB2 {'rot': 0.00535}
  t=   2.62  cb_yield           L8-CB3 {'rot': 0.00569}
  t=   2.62  cb_yield           L9-CB3 {'rot': 0.00567}
  t=   2.62  cb_yield           L10-CB3 {'rot': 0.0056}
  t=   2.62  cb_yield           L11-CB3 {'rot': 0.00549}
  t=   2.62  cb_yield           L12-CB3 {'rot': 0.00535}
  t=   2.75  cb_yield           L5-CB2 {'rot': 0.00541}
  t=   2.75  cb_yield           L5-CB3 {'rot': 0.0057}
  t=   2.75  cb_yield           L6-CB2 {'rot': 0.00569}
  t=   2.75  cb_yield           L7-CB1 {'rot': 0.00542}
  t=   2.75  cb_yield           L7-CB2 {'rot': 0.00586}
  t=   2.75  cb_yield           L8-CB1 {'rot': 0.00545}
  t=   2.75  cb_yield           L9-CB1 {'rot': 0.00543}
  t=   2.75  cb_yield           L9-CB2 {'rot': 0.00593}
  t=   2.75  cb_yield           L10-CB1 {'rot': 0.00535}
  t=   2.75  cb_yield           L10-CB2 {'rot': 0.00587}
  t=   2.75  cb_yield           L11-CB2 {'rot': 0.00578}
  t=   2.75  cb_yield           L12-CB2 {'rot': 0.00567}
  t=   2.75  cb_yield           L13-CB2 {'rot': 0.00553}
  t=   2.75  cb_yield           L13-CB3 {'rot': 0.00607}
  t=   2.75  cb_yield           L14-CB2 {'rot': 0.00538}
  t=   2.75  cb_yield           L14-CB3 {'rot': 0.00593}
  t=   2.75  cb_yield           L15-CB3 {'rot': 0.0058}
  t=   2.75  cb_yield           L16-CB3 {'rot': 0.00566}
  t=   2.87  cb_yield           L4-CB2 {'rot': 0.00547}
  t=   2.87  cb_yield           L4-CB3 {'rot': 0.00575}
  t=   2.87  cb_yield           L5-CB0 {'rot': 0.00545}
  t=   2.87  cb_yield           L5-CB1 {'rot': 0.00575}
  t=   2.87  cb_yield           L6-CB0 {'rot': 0.00574}
  t=   2.87  cb_yield           L6-CB1 {'rot': 0.00607}
  t=   2.87  cb_yield           L7-CB0 {'rot': 0.0059}
  t=   2.87  cb_yield           L8-CB0 {'rot': 0.00596}
  t=   2.87  cb_yield           L9-CB0 {'rot': 0.00592}
  t=   2.87  cb_yield           L10-CB0 {'rot': 0.00582}
  t=   2.87  cb_yield           L11-CB0 {'rot': 0.00567}
  t=   2.87  cb_yield           L11-CB1 {'rot': 0.00615}
  t=   2.87  cb_yield           L12-CB0 {'rot': 0.00549}
  t=   2.87  cb_yield           L12-CB1 {'rot': 0.006}
  t=   2.87  cb_yield           L13-CB1 {'rot': 0.00583}
  t=   2.87  cb_yield           L14-CB1 {'rot': 0.00563}
  t=   2.87  cb_yield           L15-CB1 {'rot': 0.00544}
  t=   2.87  cb_yield           L15-CB2 {'rot': 0.00623}
  t=   2.87  cb_yield           L16-CB2 {'rot': 0.00608}
  t=   2.87  cb_yield           L17-CB2 {'rot': 0.00589}
  t=   2.87  cb_yield           L17-CB3 {'rot': 0.00659}
  t=   2.87  cb_yield           L18-CB3 {'rot': 0.00641}
  t=   2.87  cb_yield           L19-CB3 {'rot': 0.00621}
  t=   2.87  cb_yield           L20-CB3 {'rot': 0.006}
  t=   2.87  cb_yield           L21-CB3 {'rot': 0.00577}
  t=   3.00  cb_yield           L3-CB3 {'rot': 0.00554}
  t=   3.00  cb_yield           L4-CB0 {'rot': 0.00565}
  t=   3.00  cb_yield           L4-CB1 {'rot': 0.00597}
  t=   3.00  cb_yield           L13-CB0 {'rot': 0.0063}
  t=   3.00  cb_yield           L14-CB0 {'rot': 0.00602}
  t=   3.00  cb_yield           L15-CB0 {'rot': 0.00572}
  t=   3.00  cb_yield           L16-CB0 {'rot': 0.00543}
  t=   3.00  cb_yield           L16-CB1 {'rot': 0.00613}
  t=   3.00  cb_yield           L17-CB1 {'rot': 0.00579}
  t=   3.00  cb_yield           L18-CB2 {'rot': 0.00677}
  t=   3.00  cb_yield           L19-CB2 {'rot': 0.00649}
  t=   3.00  cb_yield           L20-CB2 {'rot': 0.00621}
  t=   3.00  cb_yield           L21-CB2 {'rot': 0.00592}
  t=   3.00  cb_yield           L22-CB3 {'rot': 0.00647}
  t=   3.00  cb_yield           L23-CB3 {'rot': 0.00616}
  t=   3.00  cb_yield           L24-CB3 {'rot': 0.00584}
  t=   3.12  cb_yield           L3-CB0 {'rot': 0.00554}
  t=   3.12  cb_yield           L3-CB1 {'rot': 0.00586}
  t=   3.12  cb_yield           L3-CB2 {'rot': 0.006}
  t=   3.12  cb_yield           L17-CB0 {'rot': 0.00586}
  t=   3.12  cb_yield           L18-CB1 {'rot': 0.00621}
  t=   3.12  cb_yield           L22-CB2 {'rot': 0.00626}
  t=   3.12  cb_yield           L23-CB2 {'rot': 0.00584}
  t=   3.12  cb_yield           L25-CB3 {'rot': 0.00594}
  t=   3.25  cb_yield           L2-CB2 {'rot': 0.00542}
  t=   3.25  cb_yield           L2-CB3 {'rot': 0.00571}
  t=   3.25  cb_yield           L18-CB0 {'rot': 0.00607}
  t=   3.25  cb_yield           L19-CB1 {'rot': 0.00638}
  t=   3.25  cb_yield           L20-CB1 {'rot': 0.00577}
  t=   3.37  cb_yield           L2-CB0 {'rot': 0.00545}
  t=   3.37  cb_yield           L2-CB1 {'rot': 0.00579}
  t=   3.37  cb_yield           L19-CB0 {'rot': 0.00591}
  t=   3.62  cb_yield           L21-CB1 {'rot': 0.00585}
  t=   3.75  cb_yield           L20-CB0 {'rot': 0.00604}
  t=   3.87  cb_yield           L22-CB1 {'rot': 0.00584}
  t=   4.00  cb_yield           L21-CB0 {'rot': 0.00589}
  t=   4.12  cb_yield           L23-CB1 {'rot': 0.006}
  t=   4.25  cb_yield           L22-CB0 {'rot': 0.00622}
  t=   4.25  cb_yield           L24-CB1 {'rot': 0.00588}
  t=   4.25  cb_yield           L24-CB2 {'rot': 0.00584}
  t=   5.25  cb_yield           L23-CB0 {'rot': 0.00679}
  t=   5.25  cb_yield           L24-CB0 {'rot': 0.00651}
  t=   5.25  cb_yield           L25-CB0 {'rot': 0.0062}
  t=   5.25  cb_yield           L25-CB1 {'rot': 0.00597}
  t=   5.25  cb_yield           L26-CB0 {'rot': 0.00585}
  t=   5.38  cb_yield           L26-CB1 {'rot': 0.00666}
  t=   5.38  cb_yield           L27-CB0 {'rot': 0.00592}
  t=   5.38  cb_yield           L27-CB1 {'rot': 0.00613}
  t=   5.63  cb_yield           L25-CB2 {'rot': 0.00615}
  t=   5.63  cb_yield           L26-CB3 {'rot': 0.00644}
  t=   5.75  cb_yield           L26-CB2 {'rot': 0.00619}
  t=   5.75  cb_yield           L27-CB3 {'rot': 0.00625}
  t=   6.13  cb_yield           L1-CB0 {'rot': 0.00553}
  t=   6.13  cb_yield           L1-CB1 {'rot': 0.0057}
  t=   6.13  cb_yield           L1-CB3 {'rot': 0.00552}
  t=   6.25  cb_yield           L1-CB2 {'rot': 0.00627}
  t=   7.13  cb_failure         L7-CB3 {'rot': 0.02996}
  t=   7.13  cb_failure         L8-CB3 {'rot': 0.03038}
  t=   7.13  cb_failure         L9-CB3 {'rot': 0.03031}
  t=   7.13  cb_failure         L10-CB3 {'rot': 0.02982}
  t=   7.25  cb_failure         L11-CB3 {'rot': 0.0309}
  t=   7.25  cb_failure         L12-CB3 {'rot': 0.03001}
  t=   7.38  cb_failure         L9-CB2 {'rot': 0.02985}
  t=   7.38  cb_failure         L10-CB2 {'rot': 0.03014}
  t=   7.38  cb_failure         L11-CB2 {'rot': 0.03011}
  t=   7.38  cb_failure         L12-CB2 {'rot': 0.02977}
  t=   7.38  cb_failure         L13-CB3 {'rot': 0.03043}
  t=   7.50  cb_failure         L13-CB2 {'rot': 0.02993}
  t=   7.50  cb_failure         L14-CB3 {'rot': 0.03012}
  t=   7.63  cb_failure         L14-CB2 {'rot': 0.02933}
  t=   7.63  cb_failure         L15-CB3 {'rot': 0.02939}
  t=   7.63  cb_yield           L27-CB2 {'rot': 0.00597}
  t=   7.63  cb_yield           L28-CB3 {'rot': 0.00581}
  t=   7.75  cb_yield           L28-CB2 {'rot': 0.00804}
  t=   7.75  cb_yield           L29-CB2 {'rot': 0.00694}
  t=   7.75  cb_yield           L29-CB3 {'rot': 0.0073}
  t=   7.75  cb_yield           L30-CB2 {'rot': 0.00603}
  t=   7.75  cb_yield           L30-CB3 {'rot': 0.00638}
  t=   7.88  cb_yield           L31-CB2 {'rot': 0.00738}
  t=   7.88  cb_yield           L31-CB3 {'rot': 0.00808}
  t=   7.88  cb_yield           L32-CB2 {'rot': 0.00699}
  t=   7.88  cb_yield           L32-CB3 {'rot': 0.00767}
  t=   7.88  cb_yield           L33-CB2 {'rot': 0.00682}
  t=   7.88  cb_yield           L33-CB3 {'rot': 0.00748}
  t=   8.00  cb_failure         L8-CB1 {'rot': 0.02943}
  t=   8.00  cb_failure         L8-CB2 {'rot': 0.02942}
  t=   8.00  cb_failure         L9-CB0 {'rot': 0.02981}
  t=   8.00  cb_failure         L9-CB1 {'rot': 0.02987}
  t=   8.00  cb_failure         L10-CB0 {'rot': 0.02992}
  t=   8.00  cb_failure         L10-CB1 {'rot': 0.02988}
  t=   8.00  cb_failure         L11-CB0 {'rot': 0.0297}
  t=   8.00  cb_failure         L11-CB1 {'rot': 0.02953}
  t=   8.13  cb_failure         L8-CB0 {'rot': 0.02993}
  t=   8.13  cb_failure         L12-CB0 {'rot': 0.03026}
  t=   8.13  cb_failure         L12-CB1 {'rot': 0.03027}
  t=   8.13  cb_failure         L13-CB0 {'rot': 0.02934}
  t=   8.25  cb_failure         L13-CB1 {'rot': 0.02961}
  t=   8.25  cb_failure         L15-CB2 {'rot': 0.03038}
  t=   8.25  cb_failure         L16-CB3 {'rot': 0.02937}
  t=   8.38  cb_failure         L16-CB2 {'rot': 0.03004}
  t=   8.63  cb_yield           L28-CB0 {'rot': 0.00625}
  t=   8.63  cb_yield           L28-CB1 {'rot': 0.00605}
  t=   8.75  cb_yield           L29-CB0 {'rot': 0.00712}
  t=   8.75  cb_yield           L29-CB1 {'rot': 0.00751}
  t=   8.75  cb_yield           L30-CB0 {'rot': 0.00621}
  t=   8.75  cb_yield           L30-CB1 {'rot': 0.00659}
  t=   8.75  cb_yield           L31-CB1 {'rot': 0.0059}
  t=   8.88  cb_yield           L31-CB0 {'rot': 0.0068}
  t=   8.88  cb_yield           L32-CB0 {'rot': 0.00631}
  t=   8.88  cb_yield           L32-CB1 {'rot': 0.00724}
  t=   8.88  cb_yield           L33-CB0 {'rot': 0.00609}
  t=   8.88  cb_yield           L33-CB1 {'rot': 0.00699}
  progress t=  10.0s  max corner drift so far=0.0088  wall clock=123s
  t=  10.50  cb_failure         L6-CB3 {'rot': 0.03102}
  t=  10.63  cb_failure         L6-CB1 {'rot': 0.03071}
  t=  10.63  cb_failure         L7-CB1 {'rot': 0.03205}
  t=  10.63  cb_failure         L7-CB2 {'rot': 0.03047}
  t=  10.75  cb_failure         L17-CB3 {'rot': 0.03126}
  t=  10.88  cb_failure         L17-CB2 {'rot': 0.03726}
  t=  10.88  cb_failure         L18-CB2 {'rot': 0.03531}
  t=  10.88  cb_failure         L18-CB3 {'rot': 0.03961}
  t=  10.88  cb_failure         L19-CB2 {'rot': 0.03297}
  t=  10.88  cb_failure         L19-CB3 {'rot': 0.03728}
  t=  10.88  cb_failure         L20-CB2 {'rot': 0.03029}
  t=  10.88  cb_failure         L20-CB3 {'rot': 0.03461}
  t=  10.88  cb_failure         L21-CB3 {'rot': 0.03172}
  t=  11.00  cb_failure         L14-CB1 {'rot': 0.0297}
  t=  11.00  cb_failure         L15-CB1 {'rot': 0.02944}
  t=  11.00  cb_failure         L21-CB2 {'rot': 0.03768}
  t=  11.00  cb_failure         L22-CB2 {'rot': 0.03451}
  t=  11.00  cb_failure         L22-CB3 {'rot': 0.0377}
  t=  11.00  cb_failure         L23-CB2 {'rot': 0.03102}
  t=  11.00  cb_failure         L23-CB3 {'rot': 0.03431}
  t=  11.00  cb_failure         L24-CB3 {'rot': 0.03082}
  t=  11.13  cb_failure         L24-CB2 {'rot': 0.03597}
  t=  11.13  cb_failure         L25-CB2 {'rot': 0.032}
  t=  11.13  cb_failure         L25-CB3 {'rot': 0.0339}
  t=  11.13  cb_failure         L26-CB3 {'rot': 0.03005}
  t=  11.25  cb_failure         L5-CB2 {'rot': 0.02947}
  t=  11.25  cb_failure         L5-CB3 {'rot': 0.03005}
  t=  11.25  cb_failure         L6-CB2 {'rot': 0.03311}
  t=  11.25  cb_failure         L14-CB0 {'rot': 0.03035}
  t=  11.25  cb_failure         L15-CB0 {'rot': 0.02969}
  t=  11.25  cb_failure         L26-CB2 {'rot': 0.03694}
  t=  11.25  cb_failure         L27-CB2 {'rot': 0.03396}
  t=  11.25  cb_failure         L27-CB3 {'rot': 0.03494}
  t=  11.25  cb_failure         L28-CB2 {'rot': 0.03125}
  t=  11.25  cb_failure         L28-CB3 {'rot': 0.03236}
  t=  11.25  cb_failure         L29-CB3 {'rot': 0.03003}
  t=  11.38  cb_failure         L4-CB2 {'rot': 0.02972}
  t=  11.38  cb_failure         L4-CB3 {'rot': 0.03117}
  t=  11.38  cb_failure         L7-CB0 {'rot': 0.03046}
  t=  11.38  cb_failure         L16-CB0 {'rot': 0.03155}
  t=  11.38  cb_failure         L16-CB1 {'rot': 0.03209}
  t=  11.38  cb_failure         L17-CB0 {'rot': 0.03001}
  t=  11.38  cb_failure         L29-CB2 {'rot': 0.04679}
  t=  11.38  cb_failure         L30-CB2 {'rot': 0.04552}
  t=  11.38  cb_failure         L30-CB3 {'rot': 0.04343}
  t=  11.38  cb_failure         L31-CB2 {'rot': 0.04447}
  t=  11.38  cb_failure         L31-CB3 {'rot': 0.04235}
  t=  11.38  cb_failure         L32-CB2 {'rot': 0.04374}
  t=  11.38  cb_failure         L32-CB3 {'rot': 0.04162}
  t=  11.38  cb_failure         L33-CB2 {'rot': 0.04343}
  t=  11.38  cb_failure         L33-CB3 {'rot': 0.04135}
  t=  11.50  cb_failure         L3-CB3 {'rot': 0.02955}
  t=  11.50  cb_failure         L5-CB0 {'rot': 0.03126}
  t=  11.50  cb_failure         L5-CB1 {'rot': 0.03312}
  t=  11.50  cb_failure         L6-CB0 {'rot': 0.03421}
  t=  11.50  cb_failure         L17-CB1 {'rot': 0.03328}
  t=  11.50  cb_failure         L18-CB1 {'rot': 0.0311}
  t=  11.63  cb_failure         L3-CB2 {'rot': 0.032}
  t=  11.63  cb_failure         L4-CB0 {'rot': 0.02959}
  t=  11.63  cb_failure         L4-CB1 {'rot': 0.03325}
  t=  11.63  cb_failure         L19-CB1 {'rot': 0.03745}
  t=  11.63  cb_failure         L20-CB1 {'rot': 0.03668}
  t=  11.63  cb_failure         L21-CB1 {'rot': 0.03603}
  t=  11.63  cb_failure         L22-CB1 {'rot': 0.03536}
  t=  11.63  cb_failure         L23-CB1 {'rot': 0.03457}
  t=  11.63  cb_failure         L24-CB1 {'rot': 0.03356}
  t=  11.63  cb_failure         L25-CB1 {'rot': 0.03234}
  t=  11.63  cb_failure         L26-CB1 {'rot': 0.03095}
  t=  11.75  cb_failure         L18-CB0 {'rot': 0.03272}
  t=  11.75  cb_failure         L19-CB0 {'rot': 0.03104}
  t=  11.88  cb_failure         L2-CB3 {'rot': 0.0299}
  t=  11.88  cb_failure         L20-CB0 {'rot': 0.03296}
  t=  11.88  cb_failure         L21-CB0 {'rot': 0.03036}
  t=  11.88  cb_failure         L27-CB1 {'rot': 0.03027}
  t=  12.00  cb_failure         L22-CB0 {'rot': 0.03168}
  t=  12.13  cb_failure         L23-CB0 {'rot': 0.03336}
  t=  12.13  cb_failure         L24-CB0 {'rot': 0.03002}
  t=  12.13  cb_failure         L28-CB1 {'rot': 0.03061}
  t=  12.25  cb_failure         L29-CB1 {'rot': 0.03175}
  t=  12.25  cb_failure         L30-CB1 {'rot': 0.03019}
  t=  12.38  cb_failure         L25-CB0 {'rot': 0.03031}
  t=  12.38  cb_failure         L31-CB1 {'rot': 0.0312}
  t=  12.38  cb_failure         L32-CB1 {'rot': 0.03062}
  t=  12.38  cb_failure         L33-CB1 {'rot': 0.03041}
  t=  12.63  cb_failure         L26-CB0 {'rot': 0.03288}
  t=  12.63  cb_failure         L27-CB0 {'rot': 0.03052}
  t=  12.75  cb_failure         L28-CB0 {'rot': 0.0357}
  t=  12.75  cb_failure         L29-CB0 {'rot': 0.03447}
  t=  12.75  cb_failure         L30-CB0 {'rot': 0.03329}
  t=  12.75  cb_failure         L31-CB0 {'rot': 0.03227}
  t=  12.75  cb_failure         L32-CB0 {'rot': 0.03151}
  t=  12.75  cb_failure         L33-CB0 {'rot': 0.03122}
  progress t=  20.0s  max corner drift so far=0.0219  wall clock=292s
  t=  21.50  cb_failure         L3-CB0 {'rot': 0.03101}
  t=  21.50  cb_failure         L3-CB1 {'rot': 0.02933}
  progress t=  30.0s  max corner drift so far=0.0219  wall clock=446s
  t=  33.92  punching           L29-col22 {'drift': np.float64(0.0215), 'vg_vc': 0.371, 'conn': 'column'}
  t=  33.92  punching           L30-col22 {'drift': np.float64(0.0215), 'vg_vc': 0.37, 'conn': 'column'}
  t=  34.12  punching           L31-col22 {'drift': np.float64(0.0215), 'vg_vc': 0.384, 'conn': 'column'}
  t=  34.12  punching           L32-col22 {'drift': np.float64(0.0213), 'vg_vc': 0.376, 'conn': 'column'}
  t=  35.12  cb_failure         L2-CB2 {'rot': 0.03028}
  t=  39.95  punching           L29-col1 {'drift': np.float64(0.0205), 'vg_vc': 0.393, 'conn': 'column'}
  t=  40.00  punching           L29-col0 {'drift': np.float64(0.0215), 'vg_vc': 0.421, 'conn': 'column'}
  t=  40.00  punching           L29-col6 {'drift': np.float64(0.0193), 'vg_vc': 0.423, 'conn': 'column'}
  progress t=  40.0s  max corner drift so far=0.0232  wall clock=605s
  t=  40.12  punching           L29-col5 {'drift': np.float64(0.0203), 'vg_vc': 0.493, 'conn': 'column'}
  t=  40.12  punching           L29-col12 {'drift': np.float64(0.0172), 'vg_vc': 0.484, 'conn': 'column'}
  t=  40.25  punching           L29-col11 {'drift': np.float64(0.0183), 'vg_vc': 0.563, 'conn': 'column'}
  progress t=  50.0s  max corner drift so far=0.0232  wall clock=759s
  t=  58.00  punching           L29-col14 {'drift': np.float64(0.0175), 'vg_vc': 0.457, 'conn': 'column'}
  t=  58.87  punching           L29-col15 {'drift': np.float64(0.0158), 'vg_vc': 0.515, 'conn': 'column'}
  t=  59.75  cb_failure         L2-CB1 {'rot': 0.0342}
  progress t=  60.0s  max corner drift so far=0.0236  wall clock=920s
  progress t=  70.0s  max corner drift so far=0.0236  wall clock=1074s
  progress t=  80.0s  max corner drift so far=0.0236  wall clock=1211s
  progress t=  90.0s  max corner drift so far=0.0236  wall clock=1338s
  progress t= 100.0s  max corner drift so far=0.0236  wall clock=1460s
