  t=   2.40  cb_yield           L6-CB3 {'rot': 0.00536}
  t=   2.40  cb_yield           L7-CB3 {'rot': 0.00542}
  t=   2.40  cb_yield           L8-CB3 {'rot': 0.00538}
  t=   2.45  cb_yield           L5-CB3 {'rot': 0.00539}
  t=   2.45  cb_yield           L7-CB2 {'rot': 0.00536}
  t=   2.45  cb_yield           L9-CB3 {'rot': 0.00554}
  t=   2.45  cb_yield           L10-CB3 {'rot': 0.00538}
  t=   2.50  cb_yield           L6-CB2 {'rot': 0.00551}
  t=   2.50  cb_yield           L8-CB2 {'rot': 0.00555}
  t=   2.50  cb_yield           L9-CB2 {'rot': 0.00542}
  t=   2.50  cb_yield           L11-CB3 {'rot': 0.00548}
  t=   2.55  cb_yield           L4-CB3 {'rot': 0.00535}
  t=   2.55  cb_yield           L5-CB2 {'rot': 0.00549}
  t=   2.55  cb_yield           L10-CB2 {'rot': 0.00553}
  t=   2.55  cb_yield           L11-CB2 {'rot': 0.00533}
  t=   2.55  cb_yield           L12-CB3 {'rot': 0.00559}
  t=   2.55  cb_yield           L13-CB3 {'rot': 0.00536}
  t=   2.60  cb_yield           L6-CB1 {'rot': 0.00545}
  t=   2.60  cb_yield           L7-CB1 {'rot': 0.00554}
  t=   2.60  cb_yield           L8-CB1 {'rot': 0.00553}
  t=   2.60  cb_yield           L9-CB1 {'rot': 0.00546}
  t=   2.60  cb_yield           L10-CB1 {'rot': 0.00534}
  t=   2.60  cb_yield           L12-CB2 {'rot': 0.00544}
  t=   2.60  cb_yield           L14-CB3 {'rot': 0.00551}
  t=   2.65  cb_yield           L4-CB2 {'rot': 0.00538}
  t=   2.65  cb_yield           L5-CB1 {'rot': 0.00544}
  t=   2.65  cb_yield           L6-CB0 {'rot': 0.0054}
  t=   2.65  cb_yield           L7-CB0 {'rot': 0.0055}
  t=   2.65  cb_yield           L8-CB0 {'rot': 0.0055}
  t=   2.65  cb_yield           L9-CB0 {'rot': 0.00542}
  t=   2.65  cb_yield           L11-CB1 {'rot': 0.00549}
  t=   2.65  cb_yield           L13-CB2 {'rot': 0.00557}
  t=   2.65  cb_yield           L14-CB2 {'rot': 0.00534}
  t=   2.65  cb_yield           L15-CB3 {'rot': 0.00572}
  t=   2.65  cb_yield           L16-CB3 {'rot': 0.00552}
  t=   2.70  cb_yield           L5-CB0 {'rot': 0.00538}
  t=   2.70  cb_yield           L10-CB0 {'rot': 0.00558}
  t=   2.70  cb_yield           L11-CB0 {'rot': 0.00542}
  t=   2.70  cb_yield           L12-CB1 {'rot': 0.00567}
  t=   2.70  cb_yield           L13-CB1 {'rot': 0.00548}
  t=   2.70  cb_yield           L15-CB2 {'rot': 0.00555}
  t=   2.70  cb_yield           L16-CB2 {'rot': 0.00534}
  t=   2.70  cb_yield           L17-CB3 {'rot': 0.00576}
  t=   2.75  cb_yield           L4-CB1 {'rot': 0.00549}
  t=   2.75  cb_yield           L12-CB0 {'rot': 0.00556}
  t=   2.75  cb_yield           L13-CB0 {'rot': 0.00535}
  t=   2.75  cb_yield           L14-CB1 {'rot': 0.00565}
  t=   2.75  cb_yield           L15-CB1 {'rot': 0.00545}
  t=   2.75  cb_yield           L18-CB3 {'rot': 0.00603}
  t=   2.75  cb_yield           L19-CB3 {'rot': 0.00578}
  t=   2.80  cb_yield           L3-CB3 {'rot': 0.00546}
  t=   2.80  cb_yield           L4-CB0 {'rot': 0.00543}
  t=   2.80  cb_yield           L14-CB0 {'rot': 0.00547}
  t=   2.80  cb_yield           L16-CB1 {'rot': 0.00562}
  t=   2.80  cb_yield           L17-CB2 {'rot': 0.00605}
  t=   2.80  cb_yield           L18-CB2 {'rot': 0.00579}
  t=   2.80  cb_yield           L20-CB3 {'rot': 0.00606}
  t=   2.80  cb_yield           L21-CB3 {'rot': 0.00579}
  t=   2.85  cb_yield           L3-CB2 {'rot': 0.00539}
  t=   2.85  cb_yield           L15-CB0 {'rot': 0.00559}
  t=   2.85  cb_yield           L16-CB0 {'rot': 0.00533}
  t=   2.85  cb_yield           L19-CB2 {'rot': 0.00602}
  t=   2.85  cb_yield           L20-CB2 {'rot': 0.00575}
  t=   2.85  cb_yield           L22-CB3 {'rot': 0.00602}
  t=   2.90  cb_yield           L3-CB1 {'rot': 0.00549}
  t=   2.90  cb_yield           L17-CB1 {'rot': 0.00607}
  t=   2.90  cb_yield           L21-CB2 {'rot': 0.00593}
  t=   2.90  cb_yield           L23-CB3 {'rot': 0.00619}
  t=   2.90  cb_yield           L24-CB3 {'rot': 0.00585}
  t=   2.95  cb_yield           L3-CB0 {'rot': 0.00542}
  t=   2.95  cb_yield           L18-CB1 {'rot': 0.00608}
  t=   2.95  cb_yield           L22-CB2 {'rot': 0.00603}
  t=   2.95  cb_yield           L25-CB3 {'rot': 0.00589}
  t=   3.00  cb_yield           L17-CB0 {'rot': 0.00609}
  t=   3.00  cb_yield           L19-CB1 {'rot': 0.006}
  t=   3.00  cb_yield           L23-CB2 {'rot': 0.00601}
  t=   3.00  cb_yield           L26-CB3 {'rot': 0.00578}
  t=   3.05  cb_yield           L2-CB3 {'rot': 0.00546}
  t=   3.05  cb_yield           L18-CB0 {'rot': 0.00596}
  t=   3.05  cb_yield           L20-CB1 {'rot': 0.00582}
  t=   3.05  cb_yield           L24-CB2 {'rot': 0.00585}
  t=   3.10  cb_yield           L2-CB1 {'rot': 0.00543}
  t=   3.10  cb_yield           L2-CB2 {'rot': 0.00547}
  t=   3.15  cb_yield           L2-CB0 {'rot': 0.00537}
  t=   3.15  cb_yield           L19-CB0 {'rot': 0.00602}
  t=   3.20  cb_yield           L21-CB1 {'rot': 0.00588}
  t=   3.30  cb_yield           L20-CB0 {'rot': 0.00587}
  t=   3.45  cb_yield           L1-CB3 {'rot': 0.00541}
  t=   3.50  cb_yield           L1-CB2 {'rot': 0.00534}
  t=   3.60  cb_yield           L22-CB1 {'rot': 0.00583}
  t=   3.70  cb_yield           L1-CB1 {'rot': 0.00538}
  t=   3.70  cb_yield           L21-CB0 {'rot': 0.00593}
  t=   3.85  cb_yield           L23-CB1 {'rot': 0.00593}
  t=   3.90  cb_yield           L22-CB0 {'rot': 0.00576}
  t=   4.05  cb_yield           L24-CB1 {'rot': 0.0058}
  t=   4.10  cb_yield           L23-CB0 {'rot': 0.00578}
  t=   4.20  cb_yield           L25-CB1 {'rot': 0.00595}
  t=   4.20  cb_yield           L25-CB2 {'rot': 0.00583}
  t=   4.25  cb_yield           L24-CB0 {'rot': 0.00601}
  t=   4.35  cb_yield           L26-CB1 {'rot': 0.00599}
  t=   4.35  cb_yield           L27-CB3 {'rot': 0.0059}
  t=   5.30  cb_yield           L25-CB0 {'rot': 0.006}
  t=   5.35  cb_yield           L26-CB0 {'rot': 0.00608}
  t=   5.35  cb_yield           L27-CB1 {'rot': 0.00589}
  t=   5.40  cb_yield           L27-CB0 {'rot': 0.00591}
  t=   5.40  cb_yield           L28-CB1 {'rot': 0.00578}
  t=   5.65  cb_yield           L26-CB2 {'rot': 0.00608}
  t=   5.70  cb_yield           L27-CB2 {'rot': 0.0058}
  t=   5.70  cb_yield           L28-CB3 {'rot': 0.00613}
  t=   6.15  cb_yield           L1-CB0 {'rot': 0.00555}
  t=   6.75  cb_failure         L7-CB3 {'rot': 0.02945}
  t=   6.75  cb_failure         L8-CB3 {'rot': 0.02938}
  t=   6.80  cb_failure         L6-CB3 {'rot': 0.03016}
  t=   6.80  cb_failure         L9-CB3 {'rot': 0.02995}
  t=   6.85  cb_failure         L5-CB3 {'rot': 0.02998}
  t=   6.85  cb_failure         L6-CB2 {'rot': 0.02936}
  t=   6.85  cb_failure         L7-CB2 {'rot': 0.0299}
  t=   6.85  cb_failure         L8-CB2 {'rot': 0.02984}
  t=   6.85  cb_failure         L10-CB3 {'rot': 0.03012}
  t=   6.90  cb_failure         L9-CB2 {'rot': 0.03037}
  t=   6.90  cb_failure         L10-CB2 {'rot': 0.02943}
  t=   6.90  cb_failure         L11-CB3 {'rot': 0.03001}
  t=   6.95  cb_failure         L5-CB2 {'rot': 0.02962}
  t=   6.95  cb_failure         L11-CB2 {'rot': 0.02933}
  t=   6.95  cb_failure         L12-CB3 {'rot': 0.02962}
  t=   7.00  cb_failure         L4-CB3 {'rot': 0.03007}
  t=   7.05  cb_failure         L12-CB2 {'rot': 0.03005}
  t=   7.05  cb_failure         L13-CB3 {'rot': 0.03026}
  t=   7.10  cb_failure         L13-CB2 {'rot': 0.02936}
  t=   7.15  cb_failure         L14-CB3 {'rot': 0.03086}
  t=   7.20  cb_failure         L14-CB2 {'rot': 0.03033}
  t=   7.20  cb_failure         L15-CB3 {'rot': 0.02979}
  t=   7.25  cb_failure         L15-CB2 {'rot': 0.02942}
  t=   7.30  cb_failure         L10-CB1 {'rot': 0.02943}
  t=   7.30  cb_failure         L11-CB1 {'rot': 0.02933}
  t=   7.30  cb_failure         L16-CB3 {'rot': 0.03047}
  t=   7.35  cb_failure         L9-CB1 {'rot': 0.02987}
  t=   7.35  cb_failure         L12-CB1 {'rot': 0.02993}
  t=   7.35  cb_failure         L16-CB2 {'rot': 0.03049}
  t=   7.40  cb_failure         L8-CB1 {'rot': 0.02976}
  t=   7.40  cb_failure         L13-CB1 {'rot': 0.03024}
  t=   7.40  cb_failure         L17-CB3 {'rot': 0.02997}
  t=   7.45  cb_failure         L11-CB0 {'rot': 0.0295}
  t=   7.45  cb_failure         L12-CB0 {'rot': 0.02941}
  t=   7.45  cb_failure         L14-CB1 {'rot': 0.03016}
  t=   7.45  cb_failure         L17-CB2 {'rot': 0.03005}
  t=   7.50  cb_failure         L7-CB1 {'rot': 0.0296}
  t=   7.50  cb_failure         L9-CB0 {'rot': 0.02969}
  t=   7.50  cb_failure         L10-CB0 {'rot': 0.03023}
  t=   7.50  cb_failure         L13-CB0 {'rot': 0.02998}
  t=   7.50  cb_failure         L15-CB1 {'rot': 0.02965}
  t=   7.55  cb_failure         L8-CB0 {'rot': 0.02959}
  t=   7.55  cb_failure         L14-CB0 {'rot': 0.03008}
  t=   7.55  cb_failure         L18-CB3 {'rot': 0.03082}
  t=   7.60  cb_failure         L15-CB0 {'rot': 0.02976}
  t=   7.60  cb_failure         L16-CB1 {'rot': 0.02951}
  t=   7.60  cb_failure         L18-CB2 {'rot': 0.03154}
  t=   7.65  cb_failure         L6-CB1 {'rot': 0.02981}
  t=   7.65  cb_failure         L7-CB0 {'rot': 0.03022}
  t=   7.65  cb_failure         L19-CB2 {'rot': 0.02982}
  t=   7.65  cb_failure         L19-CB3 {'rot': 0.03064}
  t=   7.70  cb_failure         L6-CB0 {'rot': 0.02965}
  t=   7.70  cb_failure         L16-CB0 {'rot': 0.0298}
  t=   7.70  cb_yield           L28-CB2 {'rot': 0.00714}
  t=   7.70  cb_yield           L29-CB2 {'rot': 0.00603}
  t=   7.70  cb_yield           L29-CB3 {'rot': 0.00641}
  t=   7.75  cb_failure         L5-CB1 {'rot': 0.02937}
  t=   7.75  cb_failure         L20-CB3 {'rot': 0.03046}
  t=   7.75  cb_yield           L30-CB2 {'rot': 0.00641}
  t=   7.75  cb_yield           L30-CB3 {'rot': 0.0067}
  t=   7.75  cb_yield           L31-CB3 {'rot': 0.00598}
  t=   7.80  cb_failure         L5-CB0 {'rot': 0.02977}
  t=   7.80  cb_failure         L20-CB2 {'rot': 0.03049}
  t=   7.80  cb_yield           L31-CB2 {'rot': 0.00666}
  t=   7.80  cb_yield           L32-CB2 {'rot': 0.00624}
  t=   7.80  cb_yield           L32-CB3 {'rot': 0.00669}
  t=   7.80  cb_yield           L33-CB2 {'rot': 0.00607}
  t=   7.80  cb_yield           L33-CB3 {'rot': 0.0065}
  t=   7.85  cb_failure         L17-CB1 {'rot': 0.02979}
  t=   8.00  cb_failure         L4-CB1 {'rot': 0.02943}
  t=   8.00  cb_failure         L17-CB0 {'rot': 0.03023}
  t=   8.25  cb_failure         L18-CB0 {'rot': 0.02978}
  t=   8.25  cb_failure         L18-CB1 {'rot': 0.03063}
  t=   8.30  cb_failure         L21-CB3 {'rot': 0.0304}
  t=   8.35  cb_failure         L19-CB0 {'rot': 0.03073}
  t=   8.35  cb_failure         L19-CB1 {'rot': 0.03125}
  t=   8.35  cb_failure         L21-CB2 {'rot': 0.03075}
  t=   8.40  cb_failure         L20-CB1 {'rot': 0.02976}
  t=   8.45  cb_failure         L20-CB0 {'rot': 0.03116}
  t=   8.55  cb_failure         L21-CB0 {'rot': 0.03}
  t=   8.55  cb_failure         L21-CB1 {'rot': 0.02994}
  t=   8.55  cb_yield           L28-CB0 {'rot': 0.00647}
  t=   8.60  cb_yield           L29-CB0 {'rot': 0.00613}
  t=   8.65  cb_yield           L29-CB1 {'rot': 0.00699}
  t=   8.65  cb_yield           L30-CB0 {'rot': 0.00613}
  t=   8.70  cb_yield           L30-CB1 {'rot': 0.00715}
  t=   8.70  cb_yield           L31-CB0 {'rot': 0.00635}
  t=   8.70  cb_yield           L31-CB1 {'rot': 0.00608}
  t=   8.70  cb_yield           L32-CB0 {'rot': 0.0058}
  t=   8.75  cb_yield           L32-CB1 {'rot': 0.00709}
  t=   8.75  cb_yield           L33-CB0 {'rot': 0.00685}
  t=   8.75  cb_yield           L33-CB1 {'rot': 0.00681}
  progress t=  10.0s  max corner drift so far=0.0108  wall clock=291s
  t=  11.00  cb_failure         L22-CB3 {'rot': 0.03051}
  t=  11.05  cb_failure         L22-CB2 {'rot': 0.02976}
  t=  11.05  cb_failure         L23-CB3 {'rot': 0.03258}
  t=  11.05  cb_failure         L24-CB3 {'rot': 0.02996}
  t=  11.10  cb_failure         L23-CB2 {'rot': 0.03163}
  t=  11.10  cb_failure         L25-CB3 {'rot': 0.03054}
  t=  11.15  cb_failure         L24-CB2 {'rot': 0.03254}
  t=  11.15  cb_failure         L26-CB3 {'rot': 0.03001}
  t=  11.20  cb_failure         L25-CB2 {'rot': 0.03331}
  t=  11.20  cb_failure         L26-CB2 {'rot': 0.02994}
  t=  11.25  cb_failure         L27-CB2 {'rot': 0.03039}
  t=  11.25  cb_failure         L27-CB3 {'rot': 0.03202}
  t=  11.30  cb_failure         L28-CB2 {'rot': 0.03192}
  t=  11.30  cb_failure         L28-CB3 {'rot': 0.03265}
  t=  11.30  cb_failure         L29-CB3 {'rot': 0.02987}
  t=  11.35  cb_failure         L29-CB2 {'rot': 0.03576}
  t=  11.35  cb_failure         L30-CB2 {'rot': 0.034}
  t=  11.35  cb_failure         L30-CB3 {'rot': 0.03315}
  t=  11.35  cb_failure         L31-CB2 {'rot': 0.03274}
  t=  11.35  cb_failure         L31-CB3 {'rot': 0.03185}
  t=  11.35  cb_failure         L32-CB2 {'rot': 0.03197}
  t=  11.35  cb_failure         L32-CB3 {'rot': 0.03107}
  t=  11.35  cb_failure         L33-CB2 {'rot': 0.0317}
  t=  11.35  cb_failure         L33-CB3 {'rot': 0.03083}
  t=  11.55  cb_failure         L4-CB2 {'rot': 0.03099}
  t=  11.70  cb_failure         L22-CB1 {'rot': 0.0304}
  t=  11.75  cb_failure         L3-CB2 {'rot': 0.0301}
  t=  11.75  cb_failure         L3-CB3 {'rot': 0.03017}
  t=  11.75  cb_failure         L23-CB1 {'rot': 0.03066}
  t=  11.80  cb_failure         L22-CB0 {'rot': 0.0304}
  t=  11.85  cb_failure         L24-CB1 {'rot': 0.02984}
  t=  11.90  cb_failure         L23-CB0 {'rot': 0.02982}
  t=  12.10  cb_failure         L25-CB1 {'rot': 0.02984}
  t=  12.15  cb_failure         L24-CB0 {'rot': 0.03052}
  t=  12.20  cb_failure         L26-CB1 {'rot': 0.0325}
  t=  12.20  cb_failure         L27-CB1 {'rot': 0.02976}
  t=  12.25  cb_failure         L2-CB3 {'rot': 0.03156}
  t=  12.25  cb_failure         L25-CB0 {'rot': 0.03105}
  t=  12.25  cb_failure         L28-CB1 {'rot': 0.03091}
  t=  12.30  cb_failure         L29-CB1 {'rot': 0.03231}
  t=  12.30  cb_failure         L30-CB1 {'rot': 0.03071}
  t=  12.30  cb_failure         L31-CB1 {'rot': 0.02976}
  t=  12.35  cb_failure         L26-CB0 {'rot': 0.03121}
  t=  12.35  cb_failure         L32-CB1 {'rot': 0.03256}
  t=  12.35  cb_failure         L33-CB1 {'rot': 0.03234}
  t=  12.40  cb_failure         L27-CB0 {'rot': 0.03124}
  t=  12.45  cb_failure         L28-CB0 {'rot': 0.03107}
  t=  12.55  cb_failure         L29-CB0 {'rot': 0.02988}
  t=  12.60  cb_failure         L30-CB0 {'rot': 0.03042}
  t=  12.65  cb_failure         L31-CB0 {'rot': 0.03346}
  t=  12.65  cb_failure         L32-CB0 {'rot': 0.0326}
  t=  12.65  cb_failure         L33-CB0 {'rot': 0.0323}
  t=  13.80  cb_failure         L4-CB0 {'rot': 0.02936}
  t= 19.590  solver fallback: NewtonLineSearch
  t=  19.60  punching           L26-corecBR {'drift': np.float64(0.0184), 'vg_vc': 0.469, 'conn': 'wall'}
  t=  19.60  punching           L27-corecBL {'drift': np.float64(0.0151), 'vg_vc': 0.554, 'conn': 'wall'}
  t=  19.60  punching           L27-corecBR {'drift': np.float64(0.0184), 'vg_vc': 0.669, 'conn': 'wall'}
  t=  19.60  punching           L28-corecBL {'drift': np.float64(0.0152), 'vg_vc': 0.721, 'conn': 'wall'}
  t=  19.60  punching           L28-corecBR {'drift': np.float64(0.0183), 'vg_vc': 0.855, 'conn': 'wall'}
  t=  19.60  punching           L29-corecBL {'drift': np.float64(0.0152), 'vg_vc': 0.932, 'conn': 'wall'}
  t=  19.60  punching           L29-corecBR {'drift': np.float64(0.0182), 'vg_vc': 1.08, 'conn': 'wall'}
  t=  19.60  punching           L30-corecBL {'drift': np.float64(0.0151), 'vg_vc': 1.206, 'conn': 'wall'}
  t=  19.60  punching           L30-corecBR {'drift': np.float64(0.0181), 'vg_vc': 1.354, 'conn': 'wall'}
  t=  19.60  punching           L31-corecBL {'drift': np.float64(0.0151), 'vg_vc': 1.61, 'conn': 'wall'}
  t=  19.60  punching           L31-corecBR {'drift': np.float64(0.018), 'vg_vc': 1.593, 'conn': 'wall'}
  t=  19.60  punching           L32-corecBL {'drift': np.float64(0.015), 'vg_vc': 2.144, 'conn': 'wall'}
  t=  19.60  punching           L32-corecBR {'drift': np.float64(0.0179), 'vg_vc': 2.001, 'conn': 'wall'}
  t=  19.60  punching           L33-corecL33 {'drift': np.float64(0.0137), 'vg_vc': 0.82, 'conn': 'wall'}
  t=  19.60  punching           L33-corecR33 {'drift': np.float64(0.0164), 'vg_vc': 0.795, 'conn': 'wall'}
  t=  19.60  punching           L33-corecBL {'drift': np.float64(0.0149), 'vg_vc': 2.241, 'conn': 'wall'}
  t=  19.60  punching           L33-corecBR {'drift': np.float64(0.0177), 'vg_vc': 2.022, 'conn': 'wall'}
  t=  19.60  wall_flexure_strength_loss S32-R {'rot_x': 0.0, 'rot_y': 0.05547}
  t=  19.60  wall_axial_failure S32-R {'rot_x': 0.0, 'b_x': 0.02, 'rot_y': 0.05547, 'b_y': 0.02, 'cause': 'flexure-compression (ASCE 41 b)'}
  t=  19.60  wall_flexure_strength_loss S33-R {'rot_x': 0.0, 'rot_y': 0.05502}
  t=  19.60  wall_axial_failure S33-R {'rot_x': 0.0, 'b_x': 0.02, 'rot_y': 0.05502, 'b_y': 0.02, 'cause': 'flexure-compression (ASCE 41 b)'}
  t= 19.600  solver fallback: 4 sub-steps
  t=  19.65  punching           L22-corecBL {'drift': np.float64(0.0154), 'vg_vc': 0.994, 'conn': 'wall'}
  t=  19.65  punching           L22-corecBR {'drift': np.float64(0.0186), 'vg_vc': 0.498, 'conn': 'wall'}
  t=  19.65  punching           L24-corecBL {'drift': np.float64(0.015), 'vg_vc': 40.389, 'conn': 'wall'}
  t=  19.65  punching           L24-corecBR {'drift': np.float64(0.0184), 'vg_vc': 1.261, 'conn': 'wall'}
  t=  19.65  punching           L25-corecBL {'drift': np.float64(0.0148), 'vg_vc': 11.65, 'conn': 'wall'}
  t=  19.65  punching           L25-corecBR {'drift': np.float64(0.0184), 'vg_vc': 4.937, 'conn': 'wall'}
  t=  19.65  punching           L26-corecBL {'drift': np.float64(0.015), 'vg_vc': 7.428, 'conn': 'wall'}
  t=  19.70  punching           L21-corecBL {'drift': np.float64(0.0154), 'vg_vc': 0.718, 'conn': 'wall'}
  t=  19.70  punching           L23-corecL33 {'drift': np.float64(0.0138), 'vg_vc': 0.613, 'conn': 'wall'}
  t=  19.70  punching           L23-corecBR {'drift': np.float64(0.0185), 'vg_vc': 2.186, 'conn': 'wall'}
  t=  19.70  punching           L32-corecL33 {'drift': np.float64(0.0138), 'vg_vc': 0.869, 'conn': 'wall'}
  t=  19.70  punching           L32-corecR33 {'drift': np.float64(0.0165), 'vg_vc': 0.543, 'conn': 'wall'}
  progress t=  20.0s  max corner drift so far=0.0240  wall clock=654s
  t=  21.70  cb_failure         L3-CB0 {'rot': 0.02954}
  t=  21.85  cb_failure         L3-CB1 {'rot': 0.02978}
  progress t=  30.0s  max corner drift so far=0.0240  wall clock=1176s
  t=  32.95  punching           L29-col16 {'drift': np.float64(0.0205), 'vg_vc': 0.393, 'conn': 'column'}
  t=  32.95  punching           L30-col16 {'drift': np.float64(0.0204), 'vg_vc': 0.393, 'conn': 'column'}
  t=  33.10  punching           L31-col16 {'drift': np.float64(0.0202), 'vg_vc': 0.423, 'conn': 'column'}
  t=  33.10  punching           L32-col16 {'drift': np.float64(0.02), 'vg_vc': 0.422, 'conn': 'column'}
  progress t=  40.0s  max corner drift so far=0.0240  wall clock=1696s
