  t=   1.87  cb_yield           L5-CB1 {'rot': 0.00533}
  t=   1.87  cb_yield           L5-CB3 {'rot': 0.00547}
  t=   1.87  cb_yield           L6-CB1 {'rot': 0.00541}
  t=   1.87  cb_yield           L6-CB2 {'rot': 0.00537}
  t=   1.87  cb_yield           L6-CB3 {'rot': 0.00556}
  t=   1.87  cb_yield           L7-CB1 {'rot': 0.00534}
  t=   1.87  cb_yield           L7-CB3 {'rot': 0.0055}
  t=   2.00  cb_yield           L4-CB0 {'rot': 0.0056}
  t=   2.00  cb_yield           L4-CB1 {'rot': 0.0058}
  t=   2.00  cb_yield           L4-CB2 {'rot': 0.00569}
  t=   2.00  cb_yield           L4-CB3 {'rot': 0.00589}
  t=   2.00  cb_yield           L5-CB0 {'rot': 0.00607}
  t=   2.00  cb_yield           L5-CB2 {'rot': 0.00618}
  t=   2.00  cb_yield           L6-CB0 {'rot': 0.00633}
  t=   2.00  cb_yield           L7-CB0 {'rot': 0.0064}
  t=   2.00  cb_yield           L7-CB2 {'rot': 0.00654}
  t=   2.00  cb_yield           L8-CB0 {'rot': 0.00632}
  t=   2.00  cb_yield           L8-CB1 {'rot': 0.00661}
  t=   2.00  cb_yield           L8-CB2 {'rot': 0.00647}
  t=   2.00  cb_yield           L8-CB3 {'rot': 0.00677}
  t=   2.00  cb_yield           L9-CB0 {'rot': 0.00609}
  t=   2.00  cb_yield           L9-CB1 {'rot': 0.00641}
  t=   2.00  cb_yield           L9-CB2 {'rot': 0.00625}
  t=   2.00  cb_yield           L9-CB3 {'rot': 0.00658}
  t=   2.00  cb_yield           L10-CB0 {'rot': 0.00577}
  t=   2.00  cb_yield           L10-CB1 {'rot': 0.00611}
  t=   2.00  cb_yield           L10-CB2 {'rot': 0.00593}
  t=   2.00  cb_yield           L10-CB3 {'rot': 0.00629}
  t=   2.00  cb_yield           L11-CB0 {'rot': 0.00539}
  t=   2.00  cb_yield           L11-CB1 {'rot': 0.00574}
  t=   2.00  cb_yield           L11-CB2 {'rot': 0.00555}
  t=   2.00  cb_yield           L11-CB3 {'rot': 0.00592}
  t=   2.00  cb_yield           L12-CB1 {'rot': 0.00534}
  t=   2.00  cb_yield           L12-CB3 {'rot': 0.00551}
  t=   2.12  cb_yield           L12-CB0 {'rot': 0.00635}
  t=   2.12  cb_yield           L12-CB2 {'rot': 0.00653}
  t=   2.12  cb_yield           L13-CB0 {'rot': 0.00593}
  t=   2.12  cb_yield           L13-CB1 {'rot': 0.00639}
  t=   2.12  cb_yield           L13-CB2 {'rot': 0.00612}
  t=   2.12  cb_yield           L13-CB3 {'rot': 0.0066}
  t=   2.12  cb_yield           L14-CB0 {'rot': 0.00547}
  t=   2.12  cb_yield           L14-CB1 {'rot': 0.00595}
  t=   2.12  cb_yield           L14-CB2 {'rot': 0.00566}
  t=   2.12  cb_yield           L14-CB3 {'rot': 0.00616}
  t=   2.12  cb_yield           L15-CB1 {'rot': 0.00549}
  t=   2.12  cb_yield           L15-CB3 {'rot': 0.00571}
  t=   2.25  cb_yield           L15-CB0 {'rot': 0.00609}
  t=   2.25  cb_yield           L15-CB2 {'rot': 0.00633}
  t=   2.25  cb_yield           L16-CB0 {'rot': 0.00562}
  t=   2.25  cb_yield           L16-CB1 {'rot': 0.0062}
  t=   2.25  cb_yield           L16-CB2 {'rot': 0.00587}
  t=   2.25  cb_yield           L16-CB3 {'rot': 0.00646}
  t=   2.25  cb_yield           L17-CB3 {'rot': 0.00591}
  t=   2.37  cb_yield           L17-CB0 {'rot': 0.00609}
  t=   2.37  cb_yield           L17-CB1 {'rot': 0.00678}
  t=   2.37  cb_yield           L17-CB2 {'rot': 0.00639}
  t=   2.37  cb_yield           L18-CB1 {'rot': 0.00642}
  t=   2.37  cb_yield           L18-CB2 {'rot': 0.00604}
  t=   2.37  cb_yield           L18-CB3 {'rot': 0.00675}
  t=   2.37  cb_yield           L19-CB1 {'rot': 0.00605}
  t=   2.37  cb_yield           L19-CB3 {'rot': 0.00641}
  t=   2.37  cb_yield           L20-CB3 {'rot': 0.00608}
  t=   2.37  cb_yield           L21-CB3 {'rot': 0.00577}
  t=   2.50  cb_yield           L18-CB0 {'rot': 0.0073}
  t=   2.50  cb_yield           L19-CB0 {'rot': 0.00721}
  t=   2.50  cb_yield           L19-CB2 {'rot': 0.00762}
  t=   2.50  cb_yield           L20-CB0 {'rot': 0.00703}
  t=   2.50  cb_yield           L20-CB1 {'rot': 0.00802}
  t=   2.50  cb_yield           L20-CB2 {'rot': 0.00748}
  t=   2.50  cb_yield           L21-CB0 {'rot': 0.00676}
  t=   2.50  cb_yield           L21-CB1 {'rot': 0.00777}
  t=   2.50  cb_yield           L21-CB2 {'rot': 0.00725}
  t=   2.50  cb_yield           L22-CB0 {'rot': 0.00642}
  t=   2.50  cb_yield           L22-CB1 {'rot': 0.00744}
  t=   2.50  cb_yield           L22-CB2 {'rot': 0.00693}
  t=   2.50  cb_yield           L22-CB3 {'rot': 0.00796}
  t=   2.50  cb_yield           L23-CB0 {'rot': 0.00601}
  t=   2.50  cb_yield           L23-CB1 {'rot': 0.00705}
  t=   2.50  cb_yield           L23-CB2 {'rot': 0.00655}
  t=   2.50  cb_yield           L23-CB3 {'rot': 0.00759}
  t=   2.50  cb_yield           L24-CB1 {'rot': 0.0066}
  t=   2.50  cb_yield           L24-CB2 {'rot': 0.00612}
  t=   2.50  cb_yield           L24-CB3 {'rot': 0.00716}
  t=   2.50  cb_yield           L25-CB1 {'rot': 0.00613}
  t=   2.50  cb_yield           L25-CB3 {'rot': 0.00671}
  t=   2.50  cb_yield           L26-CB3 {'rot': 0.00623}
  t=   2.50  cb_yield           L27-CB3 {'rot': 0.00575}
  t=   2.62  cb_yield           L24-CB0 {'rot': 0.00743}
  t=   2.62  cb_yield           L25-CB0 {'rot': 0.00678}
  t=   2.62  cb_yield           L25-CB2 {'rot': 0.00733}
  t=   2.62  cb_yield           L26-CB0 {'rot': 0.00605}
  t=   2.62  cb_yield           L26-CB1 {'rot': 0.00722}
  t=   2.62  cb_yield           L26-CB2 {'rot': 0.00661}
  t=   2.62  cb_yield           L27-CB1 {'rot': 0.00641}
  t=   2.62  cb_yield           L27-CB2 {'rot': 0.00583}
  t=   2.62  cb_yield           L28-CB3 {'rot': 0.00618}
  t=   2.75  cb_yield           L27-CB0 {'rot': 0.0059}
  t=   2.75  cb_yield           L28-CB1 {'rot': 0.0061}
  t=   3.62  cb_yield           L28-CB0 {'rot': 0.00607}
  t=   3.62  cb_yield           L28-CB2 {'rot': 0.00631}
  t=   4.25  cb_yield           L2-CB0 {'rot': 0.00616}
  t=   4.25  cb_yield           L2-CB1 {'rot': 0.00587}
  t=   4.25  cb_yield           L2-CB2 {'rot': 0.00543}
  t=   4.25  cb_yield           L3-CB0 {'rot': 0.00767}
  t=   4.25  cb_yield           L3-CB1 {'rot': 0.00731}
  t=   4.25  cb_yield           L3-CB2 {'rot': 0.00664}
  t=   4.25  cb_yield           L3-CB3 {'rot': 0.00633}
  t=   4.37  cb_yield           L2-CB3 {'rot': 0.00671}
  t=   4.50  cb_yield           L1-CB0 {'rot': 0.00571}
  t=   4.50  cb_yield           L1-CB1 {'rot': 0.00549}
  t=   4.50  cb_yield           L29-CB3 {'rot': 0.00632}
  t=   4.50  cb_yield           L30-CB3 {'rot': 0.00611}
  t=   4.50  cb_yield           L31-CB3 {'rot': 0.00587}
  t=   8.13  cb_yield           L1-CB3 {'rot': 0.00539}
  t=   8.25  cb_yield           L1-CB2 {'rot': 0.00651}
  t=   8.25  cb_yield           L29-CB1 {'rot': 0.00637}
  t=   8.25  cb_yield           L30-CB1 {'rot': 0.00598}
  t=   8.38  cb_yield           L31-CB1 {'rot': 0.00724}
  t=   8.38  cb_yield           L32-CB1 {'rot': 0.00705}
  t=   8.38  cb_yield           L33-CB1 {'rot': 0.00696}
  t=   8.50  cb_failure         L6-CB1 {'rot': 0.02977}
  t=   8.50  cb_failure         L7-CB0 {'rot': 0.0295}
  t=   8.50  cb_failure         L7-CB1 {'rot': 0.0316}
  t=   8.50  cb_failure         L8-CB0 {'rot': 0.03052}
  t=   8.50  cb_failure         L8-CB1 {'rot': 0.03268}
  t=   8.50  cb_failure         L8-CB3 {'rot': 0.02995}
  t=   8.50  cb_failure         L9-CB0 {'rot': 0.03098}
  t=   8.50  cb_failure         L9-CB1 {'rot': 0.0331}
  t=   8.50  cb_failure         L9-CB3 {'rot': 0.03017}
  t=   8.50  cb_failure         L10-CB0 {'rot': 0.0309}
  t=   8.50  cb_failure         L10-CB1 {'rot': 0.03303}
  t=   8.50  cb_failure         L10-CB3 {'rot': 0.02985}
  t=   8.50  cb_failure         L11-CB0 {'rot': 0.03035}
  t=   8.50  cb_failure         L11-CB1 {'rot': 0.03255}
  t=   8.50  cb_failure         L12-CB0 {'rot': 0.0294}
  t=   8.50  cb_failure         L12-CB1 {'rot': 0.03169}
  t=   8.50  cb_failure         L13-CB1 {'rot': 0.0304}
  t=   8.50  cb_yield           L29-CB0 {'rot': 0.0064}
  t=   8.50  cb_yield           L30-CB0 {'rot': 0.00593}
  t=   8.63  cb_failure         L6-CB0 {'rot': 0.03042}
  t=   8.63  cb_failure         L6-CB3 {'rot': 0.02951}
  t=   8.63  cb_failure         L7-CB2 {'rot': 0.02944}
  t=   8.63  cb_failure         L7-CB3 {'rot': 0.03151}
  t=   8.63  cb_failure         L8-CB2 {'rot': 0.03053}
  t=   8.63  cb_failure         L9-CB2 {'rot': 0.03094}
  t=   8.63  cb_failure         L10-CB2 {'rot': 0.03076}
  t=   8.63  cb_failure         L11-CB2 {'rot': 0.03011}
  t=   8.63  cb_failure         L11-CB3 {'rot': 0.03287}
  t=   8.63  cb_failure         L12-CB3 {'rot': 0.03186}
  t=   8.63  cb_failure         L13-CB0 {'rot': 0.03142}
  t=   8.63  cb_failure         L13-CB3 {'rot': 0.03026}
  t=   8.63  cb_failure         L14-CB0 {'rot': 0.02934}
  t=   8.63  cb_failure         L14-CB1 {'rot': 0.03178}
  t=   8.63  cb_failure         L15-CB1 {'rot': 0.02935}
  t=   8.75  cb_failure         L5-CB1 {'rot': 0.02954}
  t=   8.75  cb_failure         L12-CB2 {'rot': 0.03167}
  t=   8.75  cb_failure         L13-CB2 {'rot': 0.03058}
  t=   8.75  cb_failure         L14-CB3 {'rot': 0.03197}
  t=   8.75  cb_failure         L15-CB0 {'rot': 0.03045}
  t=   8.75  cb_failure         L15-CB3 {'rot': 0.02993}
  t=   8.75  cb_failure         L16-CB1 {'rot': 0.03043}
  t=   8.88  cb_failure         L14-CB2 {'rot': 0.03291}
  t=   8.88  cb_failure         L15-CB2 {'rot': 0.0318}
  t=   8.88  cb_failure         L16-CB0 {'rot': 0.03214}
  t=   8.88  cb_failure         L16-CB2 {'rot': 0.03019}
  t=   8.88  cb_failure         L16-CB3 {'rot': 0.03295}
  t=   8.88  cb_failure         L17-CB1 {'rot': 0.03179}
  t=   8.88  cb_failure         L17-CB3 {'rot': 0.03043}
  t=   9.00  cb_failure         L17-CB0 {'rot': 0.03298}
  t=   9.00  cb_failure         L17-CB2 {'rot': 0.03294}
  t=   9.00  cb_failure         L18-CB0 {'rot': 0.03028}
  t=   9.00  cb_failure         L18-CB1 {'rot': 0.03309}
  t=   9.00  cb_failure         L18-CB2 {'rot': 0.03095}
  t=   9.00  cb_failure         L18-CB3 {'rot': 0.03368}
  t=   9.00  cb_failure         L19-CB3 {'rot': 0.03116}
  t=   9.00  cb_yield           L32-CB3 {'rot': 0.00616}
  t=   9.00  cb_yield           L33-CB3 {'rot': 0.00602}
  t=   9.13  cb_failure         L19-CB1 {'rot': 0.03206}
  t=   9.13  cb_failure         L19-CB2 {'rot': 0.03235}
  t=   9.13  cb_failure         L20-CB2 {'rot': 0.02993}
  t=   9.13  cb_failure         L20-CB3 {'rot': 0.0326}
  t=   9.13  cb_yield           L29-CB2 {'rot': 0.00617}
  t=   9.25  cb_failure         L21-CB3 {'rot': 0.0321}
  t=   9.25  cb_yield           L30-CB2 {'rot': 0.00909}
  t=   9.25  cb_yield           L31-CB2 {'rot': 0.00826}
  t=   9.25  cb_yield           L32-CB2 {'rot': 0.00779}
  t=   9.25  cb_yield           L33-CB2 {'rot': 0.00758}
  t=   9.38  cb_failure         L22-CB3 {'rot': 0.02999}
  t=   9.50  cb_yield           L31-CB0 {'rot': 0.00603}
  t=   9.63  cb_yield           L32-CB0 {'rot': 0.00605}
  t=   9.75  cb_yield           L33-CB0 {'rot': 0.00618}
  t=   9.88  cb_failure         L5-CB3 {'rot': 0.03135}
  t=   9.88  cb_failure         L6-CB2 {'rot': 0.03161}
  t=  10.00  cb_failure         L5-CB2 {'rot': 0.03027}
  progress t=  10.0s  max corner drift so far=0.0078  wall clock=162s
  t=  10.25  cb_failure         L19-CB0 {'rot': 0.0304}
  t=  10.38  cb_failure         L20-CB0 {'rot': 0.03079}
  t=  10.38  cb_failure         L20-CB1 {'rot': 0.03196}
  t=  10.50  cb_failure         L21-CB0 {'rot': 0.03026}
  t=  10.50  cb_failure         L21-CB1 {'rot': 0.03188}
  t=  10.63  cb_failure         L22-CB1 {'rot': 0.0312}
  t=  10.75  cb_failure         L23-CB1 {'rot': 0.03051}
  t=  10.88  cb_failure         L23-CB3 {'rot': 0.03209}
  t=  10.88  cb_failure         L24-CB3 {'rot': 0.03176}
  t=  10.88  cb_failure         L25-CB3 {'rot': 0.03105}
  t=  10.88  cb_failure         L26-CB3 {'rot': 0.03}
  t=  11.00  cb_failure         L27-CB3 {'rot': 0.03272}
  t=  11.00  cb_failure         L28-CB3 {'rot': 0.03164}
  t=  11.00  cb_failure         L29-CB3 {'rot': 0.03028}
  t=  11.88  cb_failure         L22-CB0 {'rot': 0.02981}
  t=  12.00  cb_failure         L23-CB0 {'rot': 0.0329}
  t=  12.00  cb_failure         L24-CB0 {'rot': 0.03094}
  t=  12.00  cb_failure         L24-CB1 {'rot': 0.0364}
  t=  12.00  cb_failure         L25-CB1 {'rot': 0.03395}
  t=  12.00  cb_failure         L26-CB1 {'rot': 0.03088}
  t=  12.13  cb_failure         L21-CB2 {'rot': 0.03037}
  t=  12.13  cb_failure         L22-CB2 {'rot': 0.03059}
  t=  12.13  cb_failure         L23-CB2 {'rot': 0.02991}
  t=  12.13  cb_failure         L25-CB0 {'rot': 0.03286}
  t=  12.13  cb_failure         L26-CB0 {'rot': 0.03023}
  t=  12.13  cb_failure         L27-CB1 {'rot': 0.0337}
  t=  12.13  cb_failure         L28-CB1 {'rot': 0.03049}
  t=  12.25  cb_failure         L24-CB2 {'rot': 0.03548}
  t=  12.25  cb_failure         L25-CB2 {'rot': 0.03435}
  t=  12.25  cb_failure         L26-CB2 {'rot': 0.03248}
  t=  12.25  cb_failure         L27-CB0 {'rot': 0.03031}
  t=  12.25  cb_failure         L27-CB2 {'rot': 0.02997}
  t=  12.25  cb_failure         L29-CB1 {'rot': 0.0332}
  t=  12.25  cb_failure         L30-CB1 {'rot': 0.02975}
  t=  12.25  cb_failure         L30-CB3 {'rot': 0.02989}
  t=  12.38  cb_failure         L28-CB2 {'rot': 0.03202}
  t=  12.38  cb_failure         L31-CB1 {'rot': 0.03196}
  t=  12.38  cb_failure         L31-CB3 {'rot': 0.03755}
  t=  12.38  cb_failure         L32-CB1 {'rot': 0.03035}
  t=  12.38  cb_failure         L32-CB3 {'rot': 0.03592}
  t=  12.38  cb_failure         L33-CB1 {'rot': 0.02977}
  t=  12.38  cb_failure         L33-CB3 {'rot': 0.03528}
  t=  12.50  cb_failure         L29-CB2 {'rot': 0.03102}
  t=  13.13  cb_failure         L5-CB0 {'rot': 0.03024}
  t=  13.63  cb_failure         L4-CB2 {'rot': 0.02967}
  t=  14.75  cb_failure         L30-CB2 {'rot': 0.03015}
  t=  15.75  cb_failure         L31-CB2 {'rot': 0.03194}
  t=  15.75  cb_failure         L32-CB2 {'rot': 0.03109}
  t=  15.75  cb_failure         L33-CB2 {'rot': 0.0307}
  t=  16.13  cb_failure         L28-CB0 {'rot': 0.03081}
  t=  16.25  cb_failure         L29-CB0 {'rot': 0.03002}
  t=  16.38  cb_failure         L30-CB0 {'rot': 0.03026}
  t=  16.50  cb_failure         L31-CB0 {'rot': 0.03041}
  t=  16.50  cb_failure         L32-CB0 {'rot': 0.02979}
  t=  16.63  cb_failure         L33-CB0 {'rot': 0.02982}
  t=  17.63  cb_failure         L4-CB1 {'rot': 0.03113}
  t=  17.75  cb_failure         L3-CB1 {'rot': 0.03322}
  t=  17.88  cb_failure         L2-CB1 {'rot': 0.02955}
  progress t=  20.0s  max corner drift so far=0.0190  wall clock=388s
  t=  20.25  cb_failure         L4-CB3 {'rot': 0.03125}
  t=  20.62  cb_failure         L3-CB3 {'rot': 0.03014}
  t=  21.12  cb_failure         L3-CB2 {'rot': 0.03016}
  t=  21.25  cb_failure         L2-CB3 {'rot': 0.03154}
  t=  28.02  punching           L29-col3 {'drift': np.float64(0.0209), 'vg_vc': 0.382, 'conn': 'column'}
  t=  30.00  cb_failure         L4-CB0 {'rot': 0.03061}
  progress t=  30.0s  max corner drift so far=0.0228  wall clock=591s
  t=  30.12  cb_failure         L3-CB0 {'rot': 0.03526}
  t=  30.25  cb_failure         L2-CB0 {'rot': 0.03404}
  t=  31.62  punching           L30-col9 {'drift': np.float64(0.0211), 'vg_vc': 0.383, 'conn': 'column'}
  t=  31.62  punching           L31-col9 {'drift': np.float64(0.021), 'vg_vc': 0.381, 'conn': 'column'}
  t=  39.32  punching           L29-col16 {'drift': np.float64(0.0207), 'vg_vc': 0.396, 'conn': 'column'}
  t=  39.32  punching           L29-col25 {'drift': np.float64(0.0236), 'vg_vc': 0.338, 'conn': 'column'}
  t=  39.32  punching           L30-col16 {'drift': np.float64(0.0204), 'vg_vc': 0.396, 'conn': 'column'}
  t=  39.32  punching           L30-col25 {'drift': np.float64(0.0233), 'vg_vc': 0.338, 'conn': 'column'}
  t= 39.325  solver fallback: Newton
  t=  39.35  punching           L31-col16 {'drift': np.float64(0.0205), 'vg_vc': 0.394, 'conn': 'column'}
  t=  39.35  punching           L31-col25 {'drift': np.float64(0.0235), 'vg_vc': 0.338, 'conn': 'column'}
  t=  39.35  punching           L32-col25 {'drift': np.float64(0.0232), 'vg_vc': 0.337, 'conn': 'column'}
  t=  39.37  punching           L29-col17 {'drift': np.float64(0.0203), 'vg_vc': 0.396, 'conn': 'column'}
  t=  39.37  punching           L30-col17 {'drift': np.float64(0.02), 'vg_vc': 0.44, 'conn': 'column'}
  t=  39.37  punching           L32-col16 {'drift': np.float64(0.0205), 'vg_vc': 0.413, 'conn': 'column'}
  t=  39.37  punching           L33-col16 {'drift': np.float64(0.0202), 'vg_vc': 0.426, 'conn': 'column'}
  t=  39.37  punching           L33-col25 {'drift': np.float64(0.0232), 'vg_vc': 0.354, 'conn': 'column'}
  t= 39.375  solver fallback: Newton
