  t=   4.62  cb_yield           L7-CB2 {'rot': 0.00552}
  t=   4.62  cb_yield           L7-CB3 {'rot': 0.00535}
  t=   4.62  cb_yield           L8-CB2 {'rot': 0.00573}
  t=   4.62  cb_yield           L8-CB3 {'rot': 0.00555}
  t=   4.62  cb_yield           L9-CB2 {'rot': 0.00585}
  t=   4.62  cb_yield           L9-CB3 {'rot': 0.00565}
  t=   4.62  cb_yield           L10-CB2 {'rot': 0.00588}
  t=   4.62  cb_yield           L10-CB3 {'rot': 0.00567}
  t=   4.62  cb_yield           L11-CB2 {'rot': 0.00583}
  t=   4.62  cb_yield           L11-CB3 {'rot': 0.0056}
  t=   4.62  cb_yield           L12-CB2 {'rot': 0.0057}
  t=   4.62  cb_yield           L12-CB3 {'rot': 0.00546}
  t=   4.62  cb_yield           L13-CB2 {'rot': 0.00551}
  t=   4.75  cb_yield           L6-CB2 {'rot': 0.00553}
  t=   4.75  cb_yield           L6-CB3 {'rot': 0.00539}
  t=   4.75  cb_yield           L13-CB3 {'rot': 0.00613}
  t=   4.75  cb_yield           L14-CB2 {'rot': 0.00621}
  t=   4.75  cb_yield           L14-CB3 {'rot': 0.00595}
  t=   4.75  cb_yield           L15-CB2 {'rot': 0.00599}
  t=   4.75  cb_yield           L15-CB3 {'rot': 0.00571}
  t=   4.75  cb_yield           L16-CB2 {'rot': 0.00572}
  t=   4.75  cb_yield           L16-CB3 {'rot': 0.00543}
  t=   5.25  cb_yield           L17-CB2 {'rot': 0.00577}
  t=   5.25  cb_yield           L17-CB3 {'rot': 0.0058}
  t=   5.25  cb_yield           L18-CB2 {'rot': 0.00576}
  t=   5.25  cb_yield           L18-CB3 {'rot': 0.00576}
  t=   5.38  cb_yield           L19-CB2 {'rot': 0.00632}
  t=   5.38  cb_yield           L19-CB3 {'rot': 0.00631}
  t=   5.38  cb_yield           L20-CB2 {'rot': 0.00619}
  t=   5.38  cb_yield           L20-CB3 {'rot': 0.00616}
  t=   5.38  cb_yield           L21-CB2 {'rot': 0.00601}
  t=   5.38  cb_yield           L21-CB3 {'rot': 0.00595}
  t=   5.38  cb_yield           L22-CB2 {'rot': 0.00579}
  t=   6.63  cb_yield           L5-CB3 {'rot': 0.00546}
  t=   6.75  cb_yield           L4-CB2 {'rot': 0.0054}
  t=   6.75  cb_yield           L4-CB3 {'rot': 0.00567}
  t=   6.75  cb_yield           L5-CB2 {'rot': 0.00621}
  t=   6.75  cb_yield           L8-CB1 {'rot': 0.0056}
  t=   6.75  cb_yield           L9-CB0 {'rot': 0.00555}
  t=   6.75  cb_yield           L9-CB1 {'rot': 0.00586}
  t=   6.75  cb_yield           L10-CB0 {'rot': 0.00566}
  t=   6.75  cb_yield           L10-CB1 {'rot': 0.006}
  t=   6.75  cb_yield           L11-CB0 {'rot': 0.00566}
  t=   6.75  cb_yield           L11-CB1 {'rot': 0.00603}
  t=   6.75  cb_yield           L12-CB0 {'rot': 0.00555}
  t=   6.75  cb_yield           L12-CB1 {'rot': 0.00595}
  t=   6.75  cb_yield           L13-CB0 {'rot': 0.00534}
  t=   6.75  cb_yield           L13-CB1 {'rot': 0.00576}
  t=   6.75  cb_yield           L14-CB1 {'rot': 0.00548}
  t=   7.13  cb_yield           L19-CB1 {'rot': 0.00593}
  t=   7.13  cb_yield           L20-CB1 {'rot': 0.00612}
  t=   7.13  cb_yield           L21-CB1 {'rot': 0.00622}
  t=   7.13  cb_yield           L22-CB1 {'rot': 0.00621}
  t=   7.13  cb_yield           L22-CB3 {'rot': 0.0079}
  t=   7.13  cb_yield           L23-CB1 {'rot': 0.00612}
  t=   7.13  cb_yield           L23-CB2 {'rot': 0.00666}
  t=   7.13  cb_yield           L23-CB3 {'rot': 0.00762}
  t=   7.13  cb_yield           L24-CB1 {'rot': 0.00593}
  t=   7.13  cb_yield           L24-CB2 {'rot': 0.00629}
  t=   7.13  cb_yield           L24-CB3 {'rot': 0.00725}
  t=   7.13  cb_yield           L25-CB2 {'rot': 0.00586}
  t=   7.13  cb_yield           L25-CB3 {'rot': 0.00682}
  t=   7.13  cb_yield           L26-CB3 {'rot': 0.00634}
  t=   7.13  cb_yield           L27-CB3 {'rot': 0.00583}
  t=   7.25  cb_yield           L26-CB2 {'rot': 0.00739}
  t=   7.25  cb_yield           L27-CB2 {'rot': 0.00689}
  t=   7.25  cb_yield           L28-CB2 {'rot': 0.00632}
  t=   7.25  cb_yield           L28-CB3 {'rot': 0.00735}
  t=   7.25  cb_yield           L29-CB3 {'rot': 0.00669}
  t=   7.25  cb_yield           L30-CB3 {'rot': 0.00603}
  t=   7.38  cb_yield           L3-CB2 {'rot': 0.00558}
  t=   7.38  cb_yield           L3-CB3 {'rot': 0.0058}
  t=   7.38  cb_yield           L4-CB1 {'rot': 0.00556}
  t=   7.38  cb_yield           L5-CB0 {'rot': 0.0055}
  t=   7.38  cb_yield           L5-CB1 {'rot': 0.00581}
  t=   7.38  cb_yield           L6-CB0 {'rot': 0.00562}
  t=   7.38  cb_yield           L6-CB1 {'rot': 0.00588}
  t=   7.38  cb_yield           L7-CB0 {'rot': 0.00565}
  t=   7.38  cb_yield           L7-CB1 {'rot': 0.00584}
  t=   7.38  cb_yield           L8-CB0 {'rot': 0.00562}
  t=   7.38  cb_yield           L15-CB1 {'rot': 0.00536}
  t=   7.38  cb_yield           L16-CB1 {'rot': 0.00536}
  t=   7.38  cb_yield           L29-CB2 {'rot': 0.00647}
  t=   7.38  cb_yield           L30-CB2 {'rot': 0.00591}
  t=   7.38  cb_yield           L31-CB3 {'rot': 0.00635}
  t=   7.38  cb_yield           L32-CB3 {'rot': 0.00596}
  t=   7.38  cb_yield           L33-CB3 {'rot': 0.00575}
  t=   7.50  cb_yield           L2-CB2 {'rot': 0.00542}
  t=   7.50  cb_yield           L2-CB3 {'rot': 0.00563}
  t=   7.50  cb_yield           L3-CB0 {'rot': 0.00621}
  t=   7.50  cb_yield           L3-CB1 {'rot': 0.0067}
  t=   7.50  cb_yield           L4-CB0 {'rot': 0.00719}
  t=   7.50  cb_yield           L14-CB0 {'rot': 0.00622}
  t=   7.50  cb_yield           L15-CB0 {'rot': 0.00585}
  t=   7.50  cb_yield           L16-CB0 {'rot': 0.00551}
  t=   7.63  cb_yield           L2-CB0 {'rot': 0.00548}
  t=   7.63  cb_yield           L2-CB1 {'rot': 0.00586}
  t=   7.75  cb_yield           L17-CB1 {'rot': 0.006}
  t=   8.00  cb_yield           L1-CB2 {'rot': 0.00542}
  t=   8.00  cb_yield           L1-CB3 {'rot': 0.00556}
  t=   8.00  cb_yield           L17-CB0 {'rot': 0.00579}
  t=   8.38  cb_yield           L18-CB1 {'rot': 0.00644}
  t=   8.50  cb_yield           L18-CB0 {'rot': 0.00613}
  t=   8.50  cb_yield           L19-CB0 {'rot': 0.00614}
  t=   8.50  cb_yield           L20-CB0 {'rot': 0.00605}
  t=   8.50  cb_yield           L21-CB0 {'rot': 0.00585}
  t=   9.13  cb_yield           L25-CB0 {'rot': 0.00576}
  t=   9.13  cb_yield           L26-CB0 {'rot': 0.00598}
  t=   9.13  cb_yield           L27-CB0 {'rot': 0.00609}
  t=   9.13  cb_yield           L28-CB0 {'rot': 0.00609}
  t=   9.13  cb_yield           L29-CB0 {'rot': 0.00599}
  t=   9.13  cb_yield           L30-CB0 {'rot': 0.00582}
  t=   9.25  cb_yield           L23-CB0 {'rot': 0.00635}
  t=   9.25  cb_yield           L24-CB0 {'rot': 0.00681}
  t=   9.25  cb_yield           L25-CB1 {'rot': 0.00671}
  t=   9.25  cb_yield           L26-CB1 {'rot': 0.00683}
  t=   9.25  cb_yield           L27-CB1 {'rot': 0.00681}
  t=   9.25  cb_yield           L28-CB1 {'rot': 0.00667}
  t=   9.25  cb_yield           L29-CB1 {'rot': 0.00644}
  t=   9.25  cb_yield           L30-CB1 {'rot': 0.00615}
  t=   9.25  cb_yield           L31-CB0 {'rot': 0.00622}
  t=   9.25  cb_yield           L31-CB1 {'rot': 0.00585}
  t=   9.25  cb_yield           L32-CB0 {'rot': 0.00596}
  t=   9.25  cb_yield           L33-CB0 {'rot': 0.00582}
  t=   9.88  cb_yield           L32-CB1 {'rot': 0.00692}
  t=   9.88  cb_yield           L33-CB1 {'rot': 0.00672}
  t=  10.00  cb_yield           L22-CB0 {'rot': 0.00711}
  progress t=  10.0s  max corner drift so far=0.0060  wall clock=149s
  t=  10.25  cb_yield           L31-CB2 {'rot': 0.00747}
  t=  10.25  cb_yield           L32-CB2 {'rot': 0.0073}
  t=  10.25  cb_yield           L33-CB2 {'rot': 0.00722}
  t=  13.00  cb_failure         L9-CB3 {'rot': 0.03103}
  t=  13.00  cb_failure         L10-CB2 {'rot': 0.03029}
  t=  13.00  cb_failure         L10-CB3 {'rot': 0.03253}
  t=  13.00  cb_failure         L11-CB2 {'rot': 0.0312}
  t=  13.00  cb_failure         L11-CB3 {'rot': 0.03359}
  t=  13.00  cb_failure         L12-CB2 {'rot': 0.03176}
  t=  13.00  cb_failure         L12-CB3 {'rot': 0.03428}
  t=  13.00  cb_failure         L13-CB1 {'rot': 0.02933}
  t=  13.00  cb_failure         L13-CB2 {'rot': 0.03198}
  t=  13.00  cb_failure         L13-CB3 {'rot': 0.03463}
  t=  13.00  cb_failure         L14-CB2 {'rot': 0.03186}
  t=  13.00  cb_failure         L14-CB3 {'rot': 0.03462}
  t=  13.00  cb_failure         L15-CB2 {'rot': 0.03142}
  t=  13.00  cb_failure         L15-CB3 {'rot': 0.03428}
  t=  13.00  cb_failure         L16-CB2 {'rot': 0.03067}
  t=  13.00  cb_failure         L16-CB3 {'rot': 0.03363}
  t=  13.00  cb_failure         L17-CB3 {'rot': 0.03244}
  t=  13.00  cb_failure         L18-CB3 {'rot': 0.03087}
  t=  13.13  cb_failure         L8-CB3 {'rot': 0.03006}
  t=  13.13  cb_failure         L9-CB2 {'rot': 0.03136}
  t=  13.13  cb_failure         L10-CB1 {'rot': 0.02969}
  t=  13.13  cb_failure         L11-CB1 {'rot': 0.03136}
  t=  13.13  cb_failure         L12-CB0 {'rot': 0.03029}
  t=  13.13  cb_failure         L12-CB1 {'rot': 0.03253}
  t=  13.13  cb_failure         L13-CB0 {'rot': 0.03091}
  t=  13.13  cb_failure         L14-CB0 {'rot': 0.03117}
  t=  13.13  cb_failure         L14-CB1 {'rot': 0.03357}
  t=  13.13  cb_failure         L15-CB0 {'rot': 0.0311}
  t=  13.13  cb_failure         L15-CB1 {'rot': 0.03355}
  t=  13.13  cb_failure         L16-CB0 {'rot': 0.03072}
  t=  13.13  cb_failure         L16-CB1 {'rot': 0.03322}
  t=  13.13  cb_failure         L17-CB0 {'rot': 0.02984}
  t=  13.13  cb_failure         L17-CB1 {'rot': 0.03243}
  t=  13.13  cb_failure         L17-CB2 {'rot': 0.03724}
  t=  13.13  cb_failure         L18-CB1 {'rot': 0.03114}
  t=  13.13  cb_failure         L18-CB2 {'rot': 0.03574}
  t=  13.13  cb_failure         L19-CB2 {'rot': 0.03366}
  t=  13.13  cb_failure         L19-CB3 {'rot': 0.03677}
  t=  13.13  cb_failure         L20-CB2 {'rot': 0.03102}
  t=  13.13  cb_failure         L20-CB3 {'rot': 0.03416}
  t=  13.13  cb_failure         L21-CB3 {'rot': 0.03099}
  t=  13.25  cb_failure         L11-CB0 {'rot': 0.03005}
  t=  13.25  cb_failure         L18-CB0 {'rot': 0.03413}
  t=  13.25  cb_failure         L19-CB0 {'rot': 0.03265}
  t=  13.25  cb_failure         L19-CB1 {'rot': 0.03534}
  t=  13.25  cb_failure         L20-CB0 {'rot': 0.03045}
  t=  13.25  cb_failure         L20-CB1 {'rot': 0.03322}
  t=  13.25  cb_failure         L21-CB1 {'rot': 0.03032}
  t=  13.25  cb_failure         L21-CB2 {'rot': 0.03437}
  t=  13.25  cb_failure         L22-CB2 {'rot': 0.0302}
  t=  13.25  cb_failure         L22-CB3 {'rot': 0.03328}
  t=  13.38  cb_failure         L21-CB0 {'rot': 0.0324}
  t=  13.38  cb_failure         L22-CB1 {'rot': 0.03189}
  t=  13.38  cb_failure         L23-CB2 {'rot': 0.03124}
  t=  13.38  cb_failure         L23-CB3 {'rot': 0.03429}
  t=  13.50  cb_failure         L22-CB0 {'rot': 0.03252}
  t=  13.50  cb_failure         L23-CB1 {'rot': 0.03188}
  t=  13.50  cb_failure         L24-CB2 {'rot': 0.03189}
  t=  13.50  cb_failure         L24-CB3 {'rot': 0.03501}
  t=  13.50  cb_failure         L25-CB3 {'rot': 0.02997}
  t=  13.63  cb_failure         L23-CB0 {'rot': 0.03039}
  t=  13.63  cb_failure         L24-CB1 {'rot': 0.03035}
  t=  13.63  cb_failure         L25-CB2 {'rot': 0.03228}
  t=  13.63  cb_failure         L26-CB3 {'rot': 0.03138}
  t=  13.75  cb_failure         L7-CB3 {'rot': 0.03002}
  t=  13.75  cb_failure         L8-CB2 {'rot': 0.03101}
  t=  13.75  cb_failure         L26-CB2 {'rot': 0.03209}
  t=  13.75  cb_failure         L27-CB3 {'rot': 0.03313}
  t=  13.75  cb_failure         L28-CB3 {'rot': 0.03033}
  t=  13.88  cb_yield           L1-CB0 {'rot': 0.00552}
  t=  13.88  cb_yield           L1-CB1 {'rot': 0.00542}
  t=  13.88  cb_failure         L6-CB2 {'rot': 0.02936}
  t=  13.88  cb_failure         L6-CB3 {'rot': 0.03079}
  t=  13.88  cb_failure         L7-CB2 {'rot': 0.03221}
  t=  13.88  cb_failure         L27-CB2 {'rot': 0.03282}
  t=  13.88  cb_failure         L28-CB2 {'rot': 0.03101}
  t=  13.88  cb_failure         L29-CB3 {'rot': 0.03332}
  t=  13.88  cb_failure         L30-CB3 {'rot': 0.03144}
  t=  13.88  cb_failure         L31-CB3 {'rot': 0.02983}
  t=  14.00  cb_failure         L5-CB3 {'rot': 0.03019}
  t=  14.00  cb_failure         L29-CB2 {'rot': 0.03058}
  t=  14.00  cb_failure         L32-CB3 {'rot': 0.03093}
  t=  14.00  cb_failure         L33-CB3 {'rot': 0.02977}
  t=  14.13  cb_failure         L5-CB2 {'rot': 0.03023}
  t=  14.13  cb_failure         L8-CB1 {'rot': 0.02958}
  t=  14.13  cb_failure         L9-CB1 {'rot': 0.03075}
  t=  14.13  cb_failure         L10-CB0 {'rot': 0.02937}
  t=  14.25  cb_failure         L9-CB0 {'rot': 0.02973}
  t=  14.63  cb_failure         L30-CB2 {'rot': 0.0298}
  t=  14.75  cb_failure         L31-CB2 {'rot': 0.03028}
  t=  14.88  cb_failure         L32-CB2 {'rot': 0.03209}
  t=  14.88  cb_failure         L33-CB2 {'rot': 0.03168}
  t=  19.25  cb_failure         L24-CB0 {'rot': 0.02997}
  t=  19.37  cb_failure         L25-CB0 {'rot': 0.03075}
  t=  19.50  cb_failure         L26-CB0 {'rot': 0.02976}
  t=  19.62  cb_failure         L25-CB1 {'rot': 0.03253}
  t=  19.62  cb_failure         L26-CB1 {'rot': 0.03014}
  t=  19.75  cb_failure         L27-CB0 {'rot': 0.03235}
  t=  19.75  cb_failure         L27-CB1 {'rot': 0.03224}
  t=  19.75  cb_failure         L28-CB0 {'rot': 0.0303}
  t=  19.75  cb_failure         L28-CB1 {'rot': 0.03025}
  t=  19.87  cb_failure         L29-CB0 {'rot': 0.03175}
  t=  19.87  cb_failure         L29-CB1 {'rot': 0.03436}
  t=  19.87  cb_failure         L30-CB0 {'rot': 0.03109}
  t=  19.87  cb_failure         L30-CB1 {'rot': 0.03373}
  t=  19.87  cb_failure         L31-CB0 {'rot': 0.03044}
  t=  19.87  cb_failure         L31-CB1 {'rot': 0.03313}
  t=  19.87  cb_failure         L32-CB0 {'rot': 0.02991}
  t=  19.87  cb_failure         L32-CB1 {'rot': 0.03263}
  t=  19.87  cb_failure         L33-CB1 {'rot': 0.03146}
  t=  20.00  cb_failure         L33-CB0 {'rot': 0.03094}
  progress t=  20.0s  max corner drift so far=0.0140  wall clock=315s
  t=  20.62  cb_failure         L7-CB0 {'rot': 0.02988}
  t=  20.62  cb_failure         L7-CB1 {'rot': 0.03167}
  t=  20.62  cb_failure         L8-CB0 {'rot': 0.0323}
  t=  20.75  cb_failure         L6-CB1 {'rot': 0.02933}
  t=  20.87  cb_failure         L4-CB3 {'rot': 0.03001}
  t=  21.00  cb_failure         L4-CB2 {'rot': 0.03222}
  t=  21.00  cb_failure         L6-CB0 {'rot': 0.03033}
  t=  21.12  cb_failure         L3-CB2 {'rot': 0.02991}
  t=  21.12  cb_failure         L3-CB3 {'rot': 0.03484}
  t=  21.12  cb_failure         L5-CB0 {'rot': 0.02958}
  t=  21.12  cb_failure         L5-CB1 {'rot': 0.03291}
  t=  21.25  cb_failure         L2-CB3 {'rot': 0.02983}
  t=  21.25  cb_failure         L4-CB1 {'rot': 0.03022}
  t=  21.50  cb_failure         L2-CB2 {'rot': 0.02943}
  progress t=  30.0s  max corner drift so far=0.0192  wall clock=494s
  t=  38.12  cb_failure         L4-CB0 {'rot': 0.03036}
  t=  38.62  cb_failure         L3-CB1 {'rot': 0.02958}
  progress t=  40.0s  max corner drift so far=0.0192  wall clock=678s
  progress t=  50.0s  max corner drift so far=0.0192  wall clock=865s
  progress t=  60.0s  max corner drift so far=0.0192  wall clock=1050s
  progress t=  70.0s  max corner drift so far=0.0192  wall clock=1226s
  progress t=  80.0s  max corner drift so far=0.0192  wall clock=1375s
  progress t=  90.0s  max corner drift so far=0.0192  wall clock=1525s
  progress t= 100.0s  max corner drift so far=0.0192  wall clock=1678s
