  t=   4.50  cb_yield           L3-CB2 {'rot': 0.00556}
  t=   4.50  cb_yield           L4-CB2 {'rot': 0.00638}
  t=   4.50  cb_yield           L4-CB3 {'rot': 0.00611}
  t=   4.50  cb_yield           L5-CB2 {'rot': 0.00694}
  t=   4.50  cb_yield           L5-CB3 {'rot': 0.00666}
  t=   4.50  cb_yield           L6-CB2 {'rot': 0.00727}
  t=   4.50  cb_yield           L6-CB3 {'rot': 0.00698}
  t=   4.50  cb_yield           L7-CB2 {'rot': 0.00742}
  t=   4.50  cb_yield           L7-CB3 {'rot': 0.00713}
  t=   4.50  cb_yield           L8-CB2 {'rot': 0.00742}
  t=   4.50  cb_yield           L8-CB3 {'rot': 0.00713}
  t=   4.50  cb_yield           L9-CB2 {'rot': 0.0073}
  t=   4.50  cb_yield           L9-CB3 {'rot': 0.00701}
  t=   4.50  cb_yield           L10-CB2 {'rot': 0.00709}
  t=   4.50  cb_yield           L10-CB3 {'rot': 0.0068}
  t=   4.50  cb_yield           L11-CB2 {'rot': 0.0068}
  t=   4.50  cb_yield           L11-CB3 {'rot': 0.00653}
  t=   4.50  cb_yield           L12-CB2 {'rot': 0.00649}
  t=   4.50  cb_yield           L12-CB3 {'rot': 0.00621}
  t=   4.50  cb_yield           L13-CB2 {'rot': 0.00615}
  t=   4.50  cb_yield           L13-CB3 {'rot': 0.00588}
  t=   4.50  cb_yield           L14-CB2 {'rot': 0.0058}
  t=   4.50  cb_yield           L14-CB3 {'rot': 0.00554}
  t=   4.50  cb_yield           L15-CB2 {'rot': 0.00547}
  t=   4.62  cb_yield           L3-CB3 {'rot': 0.00581}
  t=   4.62  cb_yield           L7-CB0 {'rot': 0.00537}
  t=   4.62  cb_yield           L8-CB0 {'rot': 0.00544}
  t=   4.62  cb_yield           L9-CB0 {'rot': 0.00539}
  t=   4.62  cb_yield           L15-CB3 {'rot': 0.00763}
  t=   4.62  cb_yield           L16-CB2 {'rot': 0.00728}
  t=   4.62  cb_yield           L16-CB3 {'rot': 0.00703}
  t=   4.62  cb_yield           L17-CB2 {'rot': 0.00655}
  t=   4.62  cb_yield           L17-CB3 {'rot': 0.0063}
  t=   4.62  cb_yield           L18-CB2 {'rot': 0.00584}
  t=   4.75  cb_yield           L18-CB3 {'rot': 0.00756}
  t=   4.75  cb_yield           L19-CB2 {'rot': 0.00686}
  t=   4.75  cb_yield           L19-CB3 {'rot': 0.00668}
  t=   4.75  cb_yield           L20-CB2 {'rot': 0.00601}
  t=   4.75  cb_yield           L20-CB3 {'rot': 0.00582}
  t=   4.88  cb_yield           L2-CB3 {'rot': 0.00548}
  t=   4.88  cb_yield           L21-CB2 {'rot': 0.00653}
  t=   4.88  cb_yield           L21-CB3 {'rot': 0.00657}
  t=   5.00  cb_yield           L2-CB2 {'rot': 0.00552}
  t=   5.00  cb_yield           L22-CB2 {'rot': 0.00637}
  t=   5.00  cb_yield           L22-CB3 {'rot': 0.00666}
  t=   5.00  cb_yield           L23-CB2 {'rot': 0.00583}
  t=   5.00  cb_yield           L23-CB3 {'rot': 0.0061}
  t=   5.13  cb_yield           L24-CB2 {'rot': 0.00648}
  t=   5.13  cb_yield           L24-CB3 {'rot': 0.00686}
  t=   5.13  cb_yield           L25-CB2 {'rot': 0.00629}
  t=   5.13  cb_yield           L25-CB3 {'rot': 0.00665}
  t=   5.13  cb_yield           L26-CB2 {'rot': 0.0061}
  t=   5.13  cb_yield           L26-CB3 {'rot': 0.00645}
  t=   5.13  cb_yield           L27-CB2 {'rot': 0.00591}
  t=   5.13  cb_yield           L27-CB3 {'rot': 0.00623}
  t=   5.13  cb_yield           L28-CB3 {'rot': 0.00602}
  t=   5.13  cb_yield           L29-CB3 {'rot': 0.00579}
  t=   5.25  cb_yield           L28-CB2 {'rot': 0.00673}
  t=   5.25  cb_yield           L29-CB2 {'rot': 0.00637}
  t=   5.25  cb_yield           L30-CB2 {'rot': 0.00599}
  t=   5.25  cb_yield           L30-CB3 {'rot': 0.0064}
  t=   5.25  cb_yield           L31-CB3 {'rot': 0.00607}
  t=   5.25  cb_yield           L32-CB3 {'rot': 0.00581}
  t=   6.75  cb_yield           L8-CB1 {'rot': 0.00586}
  t=   6.75  cb_yield           L9-CB1 {'rot': 0.00641}
  t=   6.75  cb_yield           L10-CB0 {'rot': 0.00649}
  t=   6.75  cb_yield           L10-CB1 {'rot': 0.00683}
  t=   6.75  cb_yield           L11-CB0 {'rot': 0.00673}
  t=   6.75  cb_yield           L11-CB1 {'rot': 0.0071}
  t=   6.75  cb_yield           L12-CB0 {'rot': 0.00681}
  t=   6.75  cb_yield           L12-CB1 {'rot': 0.00721}
  t=   6.75  cb_yield           L13-CB0 {'rot': 0.00673}
  t=   6.75  cb_yield           L13-CB1 {'rot': 0.00716}
  t=   6.75  cb_yield           L14-CB0 {'rot': 0.00649}
  t=   6.75  cb_yield           L14-CB1 {'rot': 0.00694}
  t=   6.75  cb_yield           L15-CB0 {'rot': 0.00612}
  t=   6.75  cb_yield           L15-CB1 {'rot': 0.00658}
  t=   6.75  cb_yield           L16-CB0 {'rot': 0.00565}
  t=   6.75  cb_yield           L16-CB1 {'rot': 0.00612}
  t=   6.88  cb_yield           L17-CB0 {'rot': 0.00591}
  t=   6.88  cb_yield           L17-CB1 {'rot': 0.00644}
  t=   6.88  cb_yield           L18-CB1 {'rot': 0.00594}
  t=   7.00  cb_yield           L18-CB0 {'rot': 0.00673}
  t=   7.00  cb_yield           L19-CB0 {'rot': 0.00671}
  t=   7.00  cb_yield           L19-CB1 {'rot': 0.0074}
  t=   7.00  cb_yield           L20-CB0 {'rot': 0.00663}
  t=   7.00  cb_yield           L20-CB1 {'rot': 0.00734}
  t=   7.00  cb_yield           L21-CB0 {'rot': 0.00648}
  t=   7.00  cb_yield           L21-CB1 {'rot': 0.00721}
  t=   7.00  cb_yield           L22-CB0 {'rot': 0.00627}
  t=   7.00  cb_yield           L22-CB1 {'rot': 0.00702}
  t=   7.00  cb_yield           L23-CB0 {'rot': 0.00602}
  t=   7.00  cb_yield           L23-CB1 {'rot': 0.00678}
  t=   7.00  cb_yield           L24-CB1 {'rot': 0.0065}
  t=   7.00  cb_yield           L25-CB1 {'rot': 0.0062}
  t=   7.00  cb_yield           L26-CB1 {'rot': 0.00588}
  t=   7.13  cb_yield           L24-CB0 {'rot': 0.00748}
  t=   7.13  cb_yield           L25-CB0 {'rot': 0.00697}
  t=   7.13  cb_yield           L26-CB0 {'rot': 0.00636}
  t=   7.13  cb_yield           L27-CB1 {'rot': 0.00673}
  t=   7.13  cb_yield           L28-CB1 {'rot': 0.00606}
  t=   7.25  cb_yield           L7-CB1 {'rot': 0.0054}
  t=   7.25  cb_yield           L27-CB0 {'rot': 0.00582}
  t=   7.25  cb_yield           L33-CB3 {'rot': 0.0058}
  t=   7.38  cb_yield           L2-CB0 {'rot': 0.00581}
  t=   7.38  cb_yield           L2-CB1 {'rot': 0.00621}
  t=   7.38  cb_yield           L3-CB0 {'rot': 0.00693}
  t=   7.38  cb_yield           L3-CB1 {'rot': 0.00747}
  t=   7.38  cb_yield           L4-CB0 {'rot': 0.0077}
  t=   7.38  cb_yield           L4-CB1 {'rot': 0.00832}
  t=   7.38  cb_yield           L5-CB0 {'rot': 0.00815}
  t=   7.38  cb_yield           L5-CB1 {'rot': 0.00878}
  t=   7.38  cb_yield           L6-CB0 {'rot': 0.00833}
  t=   7.38  cb_yield           L6-CB1 {'rot': 0.00895}
  t=   7.38  cb_yield           L31-CB2 {'rot': 0.00918}
  t=   7.38  cb_yield           L32-CB2 {'rot': 0.00863}
  t=   7.38  cb_yield           L33-CB2 {'rot': 0.00836}
  t=   7.50  cb_yield           L1-CB3 {'rot': 0.00555}
  t=   7.63  cb_yield           L1-CB0 {'rot': 0.00543}
  t=   7.63  cb_yield           L1-CB1 {'rot': 0.00585}
  t=   7.63  cb_yield           L1-CB2 {'rot': 0.00567}
  t=   7.88  cb_failure         L8-CB3 {'rot': 0.02937}
  t=   7.88  cb_failure         L9-CB2 {'rot': 0.02996}
  t=   7.88  cb_failure         L9-CB3 {'rot': 0.0311}
  t=   7.88  cb_failure         L10-CB2 {'rot': 0.0311}
  t=   7.88  cb_failure         L10-CB3 {'rot': 0.03231}
  t=   7.88  cb_failure         L11-CB2 {'rot': 0.03172}
  t=   7.88  cb_failure         L11-CB3 {'rot': 0.03303}
  t=   7.88  cb_failure         L12-CB2 {'rot': 0.0319}
  t=   7.88  cb_failure         L12-CB3 {'rot': 0.03331}
  t=   7.88  cb_failure         L13-CB2 {'rot': 0.03164}
  t=   7.88  cb_failure         L13-CB3 {'rot': 0.03311}
  t=   7.88  cb_failure         L14-CB2 {'rot': 0.03094}
  t=   7.88  cb_failure         L14-CB3 {'rot': 0.03246}
  t=   7.88  cb_failure         L15-CB2 {'rot': 0.02984}
  t=   7.88  cb_failure         L15-CB3 {'rot': 0.0314}
  t=   7.88  cb_failure         L16-CB3 {'rot': 0.03005}
  t=   8.00  cb_failure         L8-CB2 {'rot': 0.03019}
  t=   8.00  cb_failure         L16-CB2 {'rot': 0.03076}
  t=   8.00  cb_failure         L17-CB3 {'rot': 0.03055}
  t=   8.13  cb_failure         L7-CB3 {'rot': 0.02971}
  t=   8.13  cb_failure         L17-CB2 {'rot': 0.0301}
  t=   8.13  cb_failure         L18-CB3 {'rot': 0.02993}
  t=   8.50  cb_failure         L18-CB2 {'rot': 0.02993}
  t=   8.50  cb_yield           L28-CB0 {'rot': 0.00644}
  t=   8.50  cb_yield           L29-CB1 {'rot': 0.00659}
  t=   8.63  cb_failure         L19-CB3 {'rot': 0.02988}
  t=   9.25  cb_yield           L29-CB0 {'rot': 0.00616}
  t=   9.25  cb_yield           L30-CB0 {'rot': 0.00619}
  t=   9.25  cb_yield           L31-CB0 {'rot': 0.00613}
  t=   9.25  cb_yield           L32-CB0 {'rot': 0.00604}
  t=   9.25  cb_yield           L33-CB0 {'rot': 0.00599}
  t=   9.38  cb_yield           L30-CB1 {'rot': 0.00581}
  t=   9.38  cb_yield           L31-CB1 {'rot': 0.00587}
  t=   9.38  cb_yield           L32-CB1 {'rot': 0.00584}
  t=   9.38  cb_yield           L33-CB1 {'rot': 0.0058}
  progress t=  10.0s  max corner drift so far=0.0096  wall clock=159s
  t=  11.63  cb_failure         L20-CB3 {'rot': 0.02984}
  t=  11.75  cb_failure         L19-CB2 {'rot': 0.02984}
  t=  11.75  cb_failure         L21-CB3 {'rot': 0.03183}
  t=  11.75  cb_failure         L22-CB3 {'rot': 0.03021}
  t=  11.88  cb_failure         L20-CB2 {'rot': 0.03045}
  t=  13.13  cb_failure         L13-CB1 {'rot': 0.03063}
  t=  13.13  cb_failure         L14-CB0 {'rot': 0.03105}
  t=  13.13  cb_failure         L14-CB1 {'rot': 0.03266}
  t=  13.13  cb_failure         L15-CB0 {'rot': 0.03244}
  t=  13.13  cb_failure         L15-CB1 {'rot': 0.03408}
  t=  13.13  cb_failure         L16-CB0 {'rot': 0.03328}
  t=  13.13  cb_failure         L16-CB1 {'rot': 0.03497}
  t=  13.13  cb_failure         L17-CB0 {'rot': 0.03376}
  t=  13.13  cb_failure         L17-CB1 {'rot': 0.03548}
  t=  13.13  cb_failure         L18-CB0 {'rot': 0.03376}
  t=  13.13  cb_failure         L18-CB1 {'rot': 0.03543}
  t=  13.13  cb_failure         L19-CB0 {'rot': 0.03325}
  t=  13.13  cb_failure         L19-CB1 {'rot': 0.03486}
  t=  13.13  cb_failure         L20-CB0 {'rot': 0.03222}
  t=  13.13  cb_failure         L20-CB1 {'rot': 0.03377}
  t=  13.13  cb_failure         L21-CB0 {'rot': 0.03058}
  t=  13.13  cb_failure         L21-CB1 {'rot': 0.03208}
  t=  13.13  cb_failure         L21-CB2 {'rot': 0.03242}
  t=  13.13  cb_failure         L22-CB1 {'rot': 0.02979}
  t=  13.25  cb_failure         L13-CB0 {'rot': 0.02955}
  t=  13.25  cb_failure         L22-CB0 {'rot': 0.03364}
  t=  13.25  cb_failure         L22-CB2 {'rot': 0.03998}
  t=  13.25  cb_failure         L23-CB0 {'rot': 0.03084}
  t=  13.25  cb_failure         L23-CB1 {'rot': 0.03373}
  t=  13.25  cb_failure         L23-CB2 {'rot': 0.036}
  t=  13.25  cb_failure         L23-CB3 {'rot': 0.03898}
  t=  13.25  cb_failure         L24-CB1 {'rot': 0.03031}
  t=  13.25  cb_failure         L24-CB2 {'rot': 0.03127}
  t=  13.25  cb_failure         L24-CB3 {'rot': 0.03367}
  t=  13.38  cb_failure         L24-CB0 {'rot': 0.03434}
  t=  13.38  cb_failure         L25-CB0 {'rot': 0.03087}
  t=  13.38  cb_failure         L25-CB1 {'rot': 0.03404}
  t=  13.38  cb_failure         L25-CB2 {'rot': 0.03743}
  t=  13.38  cb_failure         L25-CB3 {'rot': 0.0396}
  t=  13.38  cb_failure         L26-CB1 {'rot': 0.03007}
  t=  13.38  cb_failure         L26-CB2 {'rot': 0.03234}
  t=  13.38  cb_failure         L26-CB3 {'rot': 0.03414}
  t=  13.50  cb_failure         L26-CB0 {'rot': 0.03424}
  t=  13.50  cb_failure         L27-CB0 {'rot': 0.03038}
  t=  13.50  cb_failure         L27-CB1 {'rot': 0.03325}
  t=  13.50  cb_failure         L27-CB2 {'rot': 0.03927}
  t=  13.50  cb_failure         L27-CB3 {'rot': 0.04199}
  t=  13.50  cb_failure         L28-CB2 {'rot': 0.03423}
  t=  13.50  cb_failure         L28-CB3 {'rot': 0.03696}
  t=  13.50  cb_failure         L29-CB3 {'rot': 0.03201}
  t=  13.63  cb_failure         L28-CB0 {'rot': 0.03087}
  t=  13.63  cb_failure         L28-CB1 {'rot': 0.03544}
  t=  13.63  cb_failure         L29-CB1 {'rot': 0.03201}
  t=  13.63  cb_failure         L29-CB2 {'rot': 0.04257}
  t=  13.63  cb_failure         L30-CB2 {'rot': 0.03919}
  t=  13.63  cb_failure         L30-CB3 {'rot': 0.04466}
  t=  13.63  cb_failure         L31-CB2 {'rot': 0.03713}
  t=  13.63  cb_failure         L31-CB3 {'rot': 0.04276}
  t=  13.63  cb_failure         L32-CB2 {'rot': 0.0359}
  t=  13.63  cb_failure         L32-CB3 {'rot': 0.04166}
  t=  13.63  cb_failure         L33-CB2 {'rot': 0.03548}
  t=  13.63  cb_failure         L33-CB3 {'rot': 0.04056}
  t=  13.75  cb_failure         L29-CB0 {'rot': 0.03503}
  t=  13.75  cb_failure         L30-CB0 {'rot': 0.03363}
  t=  13.75  cb_failure         L30-CB1 {'rot': 0.03726}
  t=  13.75  cb_failure         L31-CB0 {'rot': 0.03241}
  t=  13.75  cb_failure         L31-CB1 {'rot': 0.0361}
  t=  13.75  cb_failure         L32-CB0 {'rot': 0.0315}
  t=  13.75  cb_failure         L32-CB1 {'rot': 0.03527}
  t=  13.75  cb_failure         L33-CB0 {'rot': 0.03116}
  t=  13.75  cb_failure         L33-CB1 {'rot': 0.03434}
  t=  14.00  cb_failure         L7-CB2 {'rot': 0.02953}
  t=  14.13  cb_failure         L6-CB3 {'rot': 0.03101}
  t=  14.13  cb_failure         L9-CB1 {'rot': 0.02991}
  t=  14.13  cb_failure         L10-CB1 {'rot': 0.03027}
  t=  14.13  cb_failure         L11-CB1 {'rot': 0.03011}
  t=  14.13  cb_failure         L12-CB1 {'rot': 0.02962}
  t=  14.25  cb_failure         L11-CB0 {'rot': 0.02983}
  t=  14.25  cb_failure         L12-CB0 {'rot': 0.03076}
  t=  15.00  cb_failure         L6-CB2 {'rot': 0.02957}
  t= 16.850  solver fallback: Newton
