  t=   3.62  cb_yield           L7-CB1 {'rot': 0.00538}
  t=   3.62  cb_yield           L8-CB0 {'rot': 0.00538}
  t=   3.62  cb_yield           L8-CB1 {'rot': 0.00551}
  t=   3.62  cb_yield           L9-CB0 {'rot': 0.00543}
  t=   3.62  cb_yield           L9-CB1 {'rot': 0.00557}
  t=   3.62  cb_yield           L10-CB0 {'rot': 0.00543}
  t=   3.62  cb_yield           L10-CB1 {'rot': 0.00555}
  t=   3.62  cb_yield           L11-CB0 {'rot': 0.00536}
  t=   3.62  cb_yield           L11-CB1 {'rot': 0.00546}
  t=   3.62  cb_yield           L12-CB1 {'rot': 0.00533}
  t=   3.75  cb_yield           L7-CB0 {'rot': 0.00538}
  t=   3.75  cb_yield           L12-CB0 {'rot': 0.00535}
  t=   4.50  cb_yield           L3-CB2 {'rot': 0.00646}
  t=   4.50  cb_yield           L3-CB3 {'rot': 0.0063}
  t=   4.50  cb_yield           L4-CB0 {'rot': 0.00563}
  t=   4.50  cb_yield           L4-CB1 {'rot': 0.00544}
  t=   4.50  cb_yield           L4-CB2 {'rot': 0.00742}
  t=   4.50  cb_yield           L4-CB3 {'rot': 0.0072}
  t=   4.50  cb_yield           L5-CB0 {'rot': 0.00598}
  t=   4.50  cb_yield           L5-CB1 {'rot': 0.00575}
  t=   4.50  cb_yield           L5-CB2 {'rot': 0.00807}
  t=   4.50  cb_yield           L5-CB3 {'rot': 0.00782}
  t=   4.50  cb_yield           L6-CB0 {'rot': 0.0061}
  t=   4.50  cb_yield           L6-CB1 {'rot': 0.00583}
  t=   4.50  cb_yield           L6-CB2 {'rot': 0.00844}
  t=   4.50  cb_yield           L6-CB3 {'rot': 0.00816}
  t=   4.50  cb_yield           L7-CB2 {'rot': 0.00857}
  t=   4.50  cb_yield           L7-CB3 {'rot': 0.00828}
  t=   4.50  cb_yield           L8-CB2 {'rot': 0.0085}
  t=   4.50  cb_yield           L8-CB3 {'rot': 0.00823}
  t=   4.50  cb_yield           L9-CB2 {'rot': 0.00828}
  t=   4.50  cb_yield           L9-CB3 {'rot': 0.00803}
  t=   4.50  cb_yield           L10-CB2 {'rot': 0.00797}
  t=   4.50  cb_yield           L10-CB3 {'rot': 0.00774}
  t=   4.50  cb_yield           L11-CB2 {'rot': 0.0076}
  t=   4.50  cb_yield           L11-CB3 {'rot': 0.00739}
  t=   4.50  cb_yield           L12-CB2 {'rot': 0.0072}
  t=   4.50  cb_yield           L12-CB3 {'rot': 0.007}
  t=   4.50  cb_yield           L13-CB2 {'rot': 0.00678}
  t=   4.50  cb_yield           L13-CB3 {'rot': 0.0066}
  t=   4.50  cb_yield           L14-CB2 {'rot': 0.00636}
  t=   4.50  cb_yield           L14-CB3 {'rot': 0.00621}
  t=   4.50  cb_yield           L15-CB2 {'rot': 0.00599}
  t=   4.50  cb_yield           L15-CB3 {'rot': 0.00585}
  t=   4.50  cb_yield           L16-CB2 {'rot': 0.00567}
  t=   4.50  cb_yield           L16-CB3 {'rot': 0.00553}
  t=   4.62  cb_yield           L2-CB2 {'rot': 0.00552}
  t=   4.62  cb_yield           L2-CB3 {'rot': 0.00538}
  t=   4.62  cb_yield           L17-CB2 {'rot': 0.00736}
  t=   4.62  cb_yield           L17-CB3 {'rot': 0.00711}
  t=   4.62  cb_yield           L18-CB2 {'rot': 0.00652}
  t=   4.62  cb_yield           L18-CB3 {'rot': 0.00629}
  t=   4.62  cb_yield           L19-CB2 {'rot': 0.00576}
  t=   4.75  cb_yield           L13-CB0 {'rot': 0.00559}
  t=   4.75  cb_yield           L13-CB1 {'rot': 0.00559}
  t=   4.75  cb_yield           L19-CB3 {'rot': 0.00754}
  t=   4.75  cb_yield           L20-CB2 {'rot': 0.00666}
  t=   4.75  cb_yield           L20-CB3 {'rot': 0.00651}
  t=   4.88  cb_yield           L21-CB2 {'rot': 0.00738}
  t=   4.88  cb_yield           L21-CB3 {'rot': 0.00749}
  t=   4.88  cb_yield           L22-CB2 {'rot': 0.00635}
  t=   4.88  cb_yield           L22-CB3 {'rot': 0.00644}
  t=   5.00  cb_yield           L23-CB2 {'rot': 0.00643}
  t=   5.00  cb_yield           L23-CB3 {'rot': 0.00682}
  t=   5.00  cb_yield           L24-CB3 {'rot': 0.00608}
  t=   5.13  cb_yield           L24-CB2 {'rot': 0.00698}
  t=   5.13  cb_yield           L25-CB2 {'rot': 0.0067}
  t=   5.13  cb_yield           L25-CB3 {'rot': 0.00721}
  t=   5.13  cb_yield           L26-CB2 {'rot': 0.00644}
  t=   5.13  cb_yield           L26-CB3 {'rot': 0.00694}
  t=   5.13  cb_yield           L27-CB2 {'rot': 0.00618}
  t=   5.13  cb_yield           L27-CB3 {'rot': 0.00667}
  t=   5.13  cb_yield           L28-CB2 {'rot': 0.00595}
  t=   5.13  cb_yield           L28-CB3 {'rot': 0.00641}
  t=   5.13  cb_yield           L29-CB3 {'rot': 0.00615}
  t=   5.13  cb_yield           L30-CB3 {'rot': 0.00589}
  t=   5.25  cb_yield           L29-CB2 {'rot': 0.00719}
  t=   5.25  cb_yield           L30-CB2 {'rot': 0.0068}
  t=   5.25  cb_yield           L31-CB2 {'rot': 0.00645}
  t=   5.25  cb_yield           L31-CB3 {'rot': 0.00701}
  t=   5.25  cb_yield           L32-CB2 {'rot': 0.00618}
  t=   5.25  cb_yield           L32-CB3 {'rot': 0.00674}
  t=   5.25  cb_yield           L33-CB2 {'rot': 0.00605}
  t=   5.25  cb_yield           L33-CB3 {'rot': 0.00659}
  t=   6.75  cb_yield           L14-CB0 {'rot': 0.00618}
  t=   6.75  cb_yield           L14-CB1 {'rot': 0.00662}
  t=   6.75  cb_yield           L15-CB0 {'rot': 0.00591}
  t=   6.75  cb_yield           L15-CB1 {'rot': 0.00637}
  t=   6.75  cb_yield           L16-CB0 {'rot': 0.00552}
  t=   6.75  cb_yield           L16-CB1 {'rot': 0.006}
  t=   6.88  cb_yield           L17-CB0 {'rot': 0.00619}
  t=   6.88  cb_yield           L17-CB1 {'rot': 0.00673}
  t=   6.88  cb_yield           L18-CB1 {'rot': 0.00625}
  t=   6.88  cb_yield           L19-CB1 {'rot': 0.00575}
  t=   7.00  cb_yield           L18-CB0 {'rot': 0.00705}
  t=   7.00  cb_yield           L19-CB0 {'rot': 0.0071}
  t=   7.00  cb_yield           L20-CB0 {'rot': 0.00704}
  t=   7.00  cb_yield           L20-CB1 {'rot': 0.00777}
  t=   7.00  cb_yield           L21-CB0 {'rot': 0.00691}
  t=   7.00  cb_yield           L21-CB1 {'rot': 0.00764}
  t=   7.00  cb_yield           L22-CB0 {'rot': 0.0067}
  t=   7.00  cb_yield           L22-CB1 {'rot': 0.00743}
  t=   7.00  cb_yield           L23-CB0 {'rot': 0.00643}
  t=   7.00  cb_yield           L23-CB1 {'rot': 0.00717}
  t=   7.00  cb_yield           L24-CB0 {'rot': 0.00612}
  t=   7.00  cb_yield           L24-CB1 {'rot': 0.00686}
  t=   7.00  cb_yield           L25-CB0 {'rot': 0.0058}
  t=   7.00  cb_yield           L25-CB1 {'rot': 0.00653}
  t=   7.00  cb_yield           L26-CB1 {'rot': 0.00619}
  t=   7.00  cb_yield           L27-CB1 {'rot': 0.00586}
  t=   7.13  cb_yield           L26-CB0 {'rot': 0.00719}
  t=   7.13  cb_yield           L27-CB0 {'rot': 0.00648}
  t=   7.13  cb_yield           L28-CB1 {'rot': 0.00684}
  t=   7.13  cb_yield           L29-CB1 {'rot': 0.00606}
  t=   7.25  cb_yield           L28-CB0 {'rot': 0.00575}
  t=   7.38  cb_yield           L1-CB2 {'rot': 0.00543}
  t=   7.38  cb_yield           L1-CB3 {'rot': 0.00557}
  t=   7.38  cb_yield           L2-CB0 {'rot': 0.00639}
  t=   7.38  cb_yield           L2-CB1 {'rot': 0.00679}
  t=   7.38  cb_yield           L3-CB0 {'rot': 0.00751}
  t=   7.38  cb_yield           L3-CB1 {'rot': 0.00808}
  t=   7.50  cb_yield           L1-CB0 {'rot': 0.00546}
  t=   7.50  cb_yield           L1-CB1 {'rot': 0.00583}
  t=   7.75  cb_failure         L8-CB3 {'rot': 0.0297}
  t=   7.75  cb_failure         L9-CB2 {'rot': 0.02954}
  t=   7.75  cb_failure         L9-CB3 {'rot': 0.03104}
  t=   7.75  cb_failure         L10-CB2 {'rot': 0.03043}
  t=   7.75  cb_failure         L10-CB3 {'rot': 0.03197}
  t=   7.75  cb_failure         L11-CB2 {'rot': 0.03093}
  t=   7.75  cb_failure         L11-CB3 {'rot': 0.03253}
  t=   7.75  cb_failure         L12-CB2 {'rot': 0.0311}
  t=   7.75  cb_failure         L12-CB3 {'rot': 0.03276}
  t=   7.75  cb_failure         L13-CB2 {'rot': 0.03092}
  t=   7.75  cb_failure         L13-CB3 {'rot': 0.03263}
  t=   7.75  cb_failure         L14-CB2 {'rot': 0.03042}
  t=   7.75  cb_failure         L14-CB3 {'rot': 0.03215}
  t=   7.75  cb_failure         L15-CB2 {'rot': 0.02961}
  t=   7.75  cb_failure         L15-CB3 {'rot': 0.03137}
  t=   7.75  cb_failure         L16-CB3 {'rot': 0.03036}
  t=   7.88  cb_failure         L7-CB3 {'rot': 0.03067}
  t=   7.88  cb_failure         L8-CB2 {'rot': 0.03205}
  t=   7.88  cb_failure         L16-CB2 {'rot': 0.03312}
  t=   7.88  cb_failure         L17-CB2 {'rot': 0.03078}
  t=   7.88  cb_failure         L17-CB3 {'rot': 0.03262}
  t=   7.88  cb_failure         L18-CB3 {'rot': 0.03029}
  t=   8.00  cb_failure         L6-CB3 {'rot': 0.02936}
  t=   8.00  cb_failure         L7-CB2 {'rot': 0.03165}
  t=   8.00  cb_failure         L10-CB1 {'rot': 0.02985}
  t=   8.00  cb_failure         L11-CB1 {'rot': 0.02999}
  t=   8.00  cb_failure         L12-CB1 {'rot': 0.02959}
  t=   8.00  cb_failure         L18-CB2 {'rot': 0.03139}
  t=   8.00  cb_failure         L19-CB3 {'rot': 0.03071}
  t=   8.13  cb_failure         L6-CB2 {'rot': 0.02961}
  t=   8.13  cb_failure         L19-CB2 {'rot': 0.03075}
  t=   8.13  cb_failure         L20-CB3 {'rot': 0.03017}
  t=   8.38  cb_failure         L20-CB2 {'rot': 0.03063}
  t=   8.38  cb_failure         L21-CB3 {'rot': 0.02978}
  t=   8.50  cb_failure         L21-CB2 {'rot': 0.03079}
  t=   8.50  cb_yield           L29-CB0 {'rot': 0.00662}
  t=   8.50  cb_yield           L30-CB1 {'rot': 0.00702}
  t=   8.50  cb_yield           L31-CB1 {'rot': 0.00608}
  t=   8.63  cb_failure         L22-CB2 {'rot': 0.03117}
  t=   8.63  cb_failure         L22-CB3 {'rot': 0.03193}
  t=   8.63  cb_yield           L30-CB0 {'rot': 0.00604}
  t=   8.88  cb_yield           L31-CB0 {'rot': 0.00594}
  t=   8.88  cb_yield           L32-CB1 {'rot': 0.00634}
  t=   8.88  cb_yield           L33-CB1 {'rot': 0.00596}
  t=   9.25  cb_failure         L8-CB1 {'rot': 0.03009}
  t=   9.25  cb_failure         L9-CB1 {'rot': 0.03122}
  t=   9.25  cb_failure         L13-CB1 {'rot': 0.03144}
  t=   9.25  cb_failure         L14-CB1 {'rot': 0.03061}
  t=   9.25  cb_failure         L15-CB1 {'rot': 0.02945}
  t=   9.38  cb_failure         L9-CB0 {'rot': 0.02983}
  t=   9.38  cb_failure         L10-CB0 {'rot': 0.03121}
  t=   9.38  cb_failure         L11-CB0 {'rot': 0.03192}
  t=   9.38  cb_failure         L12-CB0 {'rot': 0.032}
  t=   9.38  cb_failure         L13-CB0 {'rot': 0.03143}
  t=   9.38  cb_failure         L14-CB0 {'rot': 0.03027}
  t=   9.38  cb_failure         L16-CB1 {'rot': 0.02934}
  t=  10.00  cb_yield           L32-CB0 {'rot': 0.01122}
  t=  10.00  cb_yield           L33-CB0 {'rot': 0.01088}
  progress t=  10.0s  max corner drift so far=0.0107  wall clock=150s
  t=  10.38  cb_failure         L16-CB0 {'rot': 0.02944}
  t=  10.50  cb_failure         L15-CB0 {'rot': 0.03246}
  t=  10.50  cb_failure         L17-CB0 {'rot': 0.03592}
  t=  10.50  cb_failure         L17-CB1 {'rot': 0.03129}
  t=  10.50  cb_failure         L18-CB0 {'rot': 0.03634}
  t=  10.50  cb_failure         L18-CB1 {'rot': 0.03148}
  t=  10.50  cb_failure         L19-CB0 {'rot': 0.03579}
  t=  10.50  cb_failure         L19-CB1 {'rot': 0.03116}
  t=  10.50  cb_failure         L20-CB0 {'rot': 0.03472}
  t=  10.50  cb_failure         L20-CB1 {'rot': 0.03044}
  t=  10.50  cb_failure         L21-CB0 {'rot': 0.03327}
  t=  10.50  cb_failure         L22-CB0 {'rot': 0.03158}
  t=  10.50  cb_failure         L23-CB0 {'rot': 0.02975}
  t=  10.63  cb_failure         L21-CB1 {'rot': 0.0308}
  t=  10.63  cb_failure         L22-CB1 {'rot': 0.03}
  t=  10.63  cb_failure         L24-CB0 {'rot': 0.03392}
  t=  10.63  cb_failure         L25-CB0 {'rot': 0.0324}
  t=  10.63  cb_failure         L26-CB0 {'rot': 0.03095}
  t=  10.75  cb_failure         L27-CB0 {'rot': 0.03261}
  t=  10.75  cb_failure         L28-CB0 {'rot': 0.03211}
  t=  10.75  cb_failure         L29-CB0 {'rot': 0.03169}
  t=  10.75  cb_failure         L30-CB0 {'rot': 0.03136}
  t=  10.75  cb_failure         L31-CB0 {'rot': 0.03113}
  t=  10.75  cb_failure         L32-CB0 {'rot': 0.03098}
  t=  10.75  cb_failure         L33-CB0 {'rot': 0.03093}
  t=  11.00  cb_failure         L27-CB1 {'rot': 0.03014}
  t=  11.00  cb_failure         L28-CB1 {'rot': 0.03036}
  t=  11.00  cb_failure         L29-CB1 {'rot': 0.03041}
  t=  11.00  cb_failure         L30-CB1 {'rot': 0.0303}
  t=  11.00  cb_failure         L31-CB1 {'rot': 0.03009}
  t=  11.00  cb_failure         L32-CB1 {'rot': 0.02985}
  t=  13.00  cb_failure         L23-CB1 {'rot': 0.03064}
  t=  13.13  cb_failure         L23-CB3 {'rot': 0.03018}
  t=  13.13  cb_failure         L24-CB1 {'rot': 0.03848}
  t=  13.13  cb_failure         L25-CB1 {'rot': 0.0355}
  t=  13.13  cb_failure         L26-CB1 {'rot': 0.03271}
  t=  13.25  cb_failure         L23-CB2 {'rot': 0.04167}
  t=  13.25  cb_failure         L24-CB2 {'rot': 0.03651}
  t=  13.25  cb_failure         L24-CB3 {'rot': 0.03703}
  t=  13.25  cb_failure         L25-CB2 {'rot': 0.0311}
  t=  13.25  cb_failure         L25-CB3 {'rot': 0.03138}
  t=  13.38  cb_failure         L26-CB2 {'rot': 0.03758}
  t=  13.38  cb_failure         L26-CB3 {'rot': 0.0426}
  t=  13.38  cb_failure         L27-CB2 {'rot': 0.03219}
  t=  13.38  cb_failure         L27-CB3 {'rot': 0.03725}
  t=  13.38  cb_failure         L28-CB3 {'rot': 0.03225}
  t=  13.50  cb_failure         L28-CB2 {'rot': 0.04296}
  t=  13.50  cb_failure         L29-CB2 {'rot': 0.03828}
  t=  13.50  cb_failure         L29-CB3 {'rot': 0.04748}
  t=  13.50  cb_failure         L30-CB2 {'rot': 0.03429}
  t=  13.50  cb_failure         L30-CB3 {'rot': 0.04427}
  t=  13.50  cb_failure         L31-CB2 {'rot': 0.03213}
  t=  13.50  cb_failure         L31-CB3 {'rot': 0.04242}
  t=  13.50  cb_failure         L32-CB2 {'rot': 0.03096}
  t=  13.50  cb_failure         L32-CB3 {'rot': 0.04145}
  t=  13.50  cb_failure         L33-CB1 {'rot': 0.03956}
  t=  13.50  cb_failure         L33-CB2 {'rot': 0.03058}
  t=  13.50  cb_failure         L33-CB3 {'rot': 0.04109}
  t=  13.90  punching           L29-col22 {'drift': np.float64(0.0228), 'vg_vc': 0.356, 'conn': 'column'}
  t=  13.90  punching           L30-col22 {'drift': np.float64(0.0227), 'vg_vc': 0.355, 'conn': 'column'}
  t=  13.90  punching           L31-col22 {'drift': np.float64(0.0224), 'vg_vc': 0.353, 'conn': 'column'}
  t=  13.93  punching           L29-col23 {'drift': np.float64(0.0224), 'vg_vc': 0.353, 'conn': 'column'}
  t=  13.93  punching           L32-col22 {'drift': np.float64(0.0226), 'vg_vc': 0.352, 'conn': 'column'}
  t=  13.95  punching           L30-col23 {'drift': np.float64(0.0227), 'vg_vc': 0.351, 'conn': 'column'}
  t=  13.98  punching           L31-col23 {'drift': np.float64(0.0228), 'vg_vc': 0.346, 'conn': 'column'}
  t=  14.00  punching           L29-col17 {'drift': np.float64(0.0226), 'vg_vc': 0.442, 'conn': 'column'}
  t=  14.00  punching           L29-col18 {'drift': np.float64(0.0213), 'vg_vc': 0.378, 'conn': 'column'}
  t=  14.00  punching           L30-col17 {'drift': np.float64(0.0225), 'vg_vc': 0.426, 'conn': 'column'}
  t=  14.00  punching           L30-col18 {'drift': np.float64(0.0212), 'vg_vc': 0.397, 'conn': 'column'}
  t=  14.00  punching           L31-col17 {'drift': np.float64(0.0222), 'vg_vc': 0.413, 'conn': 'column'}
  t=  14.00  punching           L32-col17 {'drift': np.float64(0.022), 'vg_vc': 0.403, 'conn': 'column'}
  t=  14.00  punching           L32-col23 {'drift': np.float64(0.0229), 'vg_vc': 0.352, 'conn': 'column'}
  t=  14.00  punching           L33-col14 {'drift': np.float64(0.0183), 'vg_vc': 0.437, 'conn': 'column'}
  t=  14.00  punching           L33-col22 {'drift': np.float64(0.0236), 'vg_vc': 0.331, 'conn': 'column'}
  t= 14.000  solver fallback: Newton
