  t=   7.63  cb_yield           L7-CB3 {'rot': 0.00557}
  t=   7.63  cb_yield           L8-CB2 {'rot': 0.00545}
  t=   7.63  cb_yield           L8-CB3 {'rot': 0.00579}
  t=   7.63  cb_yield           L9-CB2 {'rot': 0.00558}
  t=   7.63  cb_yield           L9-CB3 {'rot': 0.00595}
  t=   7.63  cb_yield           L10-CB2 {'rot': 0.00565}
  t=   7.63  cb_yield           L10-CB3 {'rot': 0.00605}
  t=   7.63  cb_yield           L11-CB2 {'rot': 0.00567}
  t=   7.63  cb_yield           L11-CB3 {'rot': 0.00611}
  t=   7.63  cb_yield           L12-CB2 {'rot': 0.00565}
  t=   7.63  cb_yield           L12-CB3 {'rot': 0.00611}
  t=   7.63  cb_yield           L13-CB2 {'rot': 0.00559}
  t=   7.63  cb_yield           L13-CB3 {'rot': 0.00608}
  t=   7.63  cb_yield           L14-CB2 {'rot': 0.0055}
  t=   7.63  cb_yield           L14-CB3 {'rot': 0.00601}
  t=   7.63  cb_yield           L15-CB2 {'rot': 0.00539}
  t=   7.63  cb_yield           L15-CB3 {'rot': 0.00591}
  t=   7.63  cb_yield           L16-CB3 {'rot': 0.0058}
  t=   7.75  cb_yield           L5-CB3 {'rot': 0.0055}
  t=   7.75  cb_yield           L6-CB2 {'rot': 0.00573}
  t=   7.75  cb_yield           L6-CB3 {'rot': 0.00598}
  t=   7.75  cb_yield           L7-CB2 {'rot': 0.00607}
  t=   7.75  cb_yield           L16-CB2 {'rot': 0.00564}
  t=   7.75  cb_yield           L17-CB3 {'rot': 0.00588}
  t=   7.88  cb_yield           L5-CB2 {'rot': 0.00549}
  t=   8.00  cb_yield           L18-CB3 {'rot': 0.0058}
  t=   9.75  cb_yield           L4-CB2 {'rot': 0.00534}
  t=   9.88  cb_yield           L4-CB3 {'rot': 0.0057}
  t=  10.00  cb_yield           L17-CB2 {'rot': 0.00614}
  t=  10.00  cb_yield           L18-CB2 {'rot': 0.0058}
  progress t=  10.0s  max corner drift so far=0.0038  wall clock=150s
  t=  10.13  cb_yield           L19-CB2 {'rot': 0.0064}
  t=  10.13  cb_yield           L19-CB3 {'rot': 0.006}
  t=  10.13  cb_yield           L20-CB2 {'rot': 0.00631}
  t=  10.13  cb_yield           L20-CB3 {'rot': 0.0059}
  t=  10.13  cb_yield           L21-CB2 {'rot': 0.00621}
  t=  10.13  cb_yield           L21-CB3 {'rot': 0.00579}
  t=  10.13  cb_yield           L22-CB2 {'rot': 0.00609}
  t=  10.13  cb_yield           L23-CB2 {'rot': 0.00595}
  t=  10.13  cb_yield           L24-CB2 {'rot': 0.0058}
  t=  10.25  cb_yield           L22-CB3 {'rot': 0.00677}
  t=  10.25  cb_yield           L23-CB3 {'rot': 0.0066}
  t=  10.25  cb_yield           L24-CB3 {'rot': 0.00639}
  t=  10.25  cb_yield           L25-CB2 {'rot': 0.00655}
  t=  10.25  cb_yield           L25-CB3 {'rot': 0.00616}
  t=  10.25  cb_yield           L26-CB2 {'rot': 0.00629}
  t=  10.25  cb_yield           L26-CB3 {'rot': 0.00589}
  t=  10.25  cb_yield           L27-CB2 {'rot': 0.00602}
  t=  10.38  cb_yield           L27-CB3 {'rot': 0.00588}
  t=  10.38  cb_yield           L28-CB2 {'rot': 0.0059}
  t=  12.25  cb_yield           L5-CB1 {'rot': 0.00557}
  t=  12.25  cb_yield           L6-CB1 {'rot': 0.00574}
  t=  12.25  cb_yield           L7-CB1 {'rot': 0.00575}
  t=  12.25  cb_yield           L8-CB1 {'rot': 0.00565}
  t=  12.25  cb_yield           L9-CB1 {'rot': 0.00546}
  t=  12.38  cb_yield           L4-CB0 {'rot': 0.0055}
  t=  12.38  cb_yield           L4-CB1 {'rot': 0.00594}
  t=  12.38  cb_yield           L5-CB0 {'rot': 0.00592}
  t=  12.38  cb_yield           L6-CB0 {'rot': 0.00614}
  t=  12.38  cb_yield           L7-CB0 {'rot': 0.00621}
  t=  12.38  cb_yield           L8-CB0 {'rot': 0.00616}
  t=  12.38  cb_yield           L9-CB0 {'rot': 0.00599}
  t=  12.38  cb_yield           L10-CB0 {'rot': 0.00576}
  t=  12.38  cb_yield           L10-CB1 {'rot': 0.00643}
  t=  12.38  cb_yield           L11-CB0 {'rot': 0.00548}
  t=  12.38  cb_yield           L11-CB1 {'rot': 0.00617}
  t=  12.38  cb_yield           L12-CB1 {'rot': 0.00589}
  t=  12.38  cb_yield           L13-CB1 {'rot': 0.00559}
  t=  12.50  cb_yield           L3-CB1 {'rot': 0.0056}
  t=  12.50  cb_yield           L3-CB2 {'rot': 0.00536}
  t=  12.50  cb_yield           L3-CB3 {'rot': 0.00579}
  t=  12.50  cb_yield           L12-CB0 {'rot': 0.007}
  t=  12.50  cb_yield           L13-CB0 {'rot': 0.00669}
  t=  12.50  cb_yield           L14-CB0 {'rot': 0.00634}
  t=  12.50  cb_yield           L14-CB1 {'rot': 0.00731}
  t=  12.50  cb_yield           L15-CB0 {'rot': 0.00597}
  t=  12.50  cb_yield           L15-CB1 {'rot': 0.00697}
  t=  12.50  cb_yield           L16-CB0 {'rot': 0.00558}
  t=  12.50  cb_yield           L16-CB1 {'rot': 0.0066}
  t=  12.50  cb_yield           L17-CB1 {'rot': 0.00616}
  t=  12.50  cb_yield           L28-CB3 {'rot': 0.0082}
  t=  12.50  cb_yield           L29-CB2 {'rot': 0.0064}
  t=  12.50  cb_yield           L29-CB3 {'rot': 0.00768}
  t=  12.50  cb_yield           L30-CB2 {'rot': 0.00591}
  t=  12.50  cb_yield           L30-CB3 {'rot': 0.00718}
  t=  12.50  cb_yield           L31-CB3 {'rot': 0.00676}
  t=  12.50  cb_yield           L32-CB3 {'rot': 0.00645}
  t=  12.50  cb_yield           L33-CB3 {'rot': 0.00628}
  t=  12.63  cb_yield           L17-CB0 {'rot': 0.00703}
  t=  12.63  cb_yield           L18-CB0 {'rot': 0.00641}
  t=  12.63  cb_yield           L18-CB1 {'rot': 0.0077}
  t=  12.63  cb_yield           L19-CB0 {'rot': 0.00579}
  t=  12.63  cb_yield           L19-CB1 {'rot': 0.00709}
  t=  12.63  cb_yield           L20-CB1 {'rot': 0.00649}
  t=  12.63  cb_yield           L21-CB1 {'rot': 0.00589}
  t=  12.63  cb_yield           L31-CB2 {'rot': 0.00696}
  t=  12.63  cb_yield           L32-CB2 {'rot': 0.00658}
  t=  12.63  cb_yield           L33-CB2 {'rot': 0.00639}
  t=  12.75  cb_yield           L2-CB3 {'rot': 0.00549}
  t=  12.75  cb_yield           L20-CB0 {'rot': 0.00702}
  t=  12.75  cb_yield           L21-CB0 {'rot': 0.00625}
  t=  12.75  cb_yield           L22-CB1 {'rot': 0.00691}
  t=  12.75  cb_yield           L23-CB1 {'rot': 0.00617}
  t=  12.88  cb_yield           L2-CB2 {'rot': 0.00548}
  t=  12.88  cb_yield           L22-CB0 {'rot': 0.00734}
  t=  12.88  cb_yield           L23-CB0 {'rot': 0.00643}
  t=  12.88  cb_yield           L24-CB1 {'rot': 0.00702}
  t=  12.88  cb_yield           L25-CB1 {'rot': 0.00615}
  t=  13.00  cb_yield           L24-CB0 {'rot': 0.00649}
  t=  13.00  cb_yield           L26-CB1 {'rot': 0.00603}
  t=  13.25  cb_yield           L25-CB0 {'rot': 0.00592}
  t=  14.13  cb_yield           L29-CB0 {'rot': 0.00584}
  t=  14.13  cb_yield           L30-CB0 {'rot': 0.00589}
  t=  14.13  cb_yield           L31-CB0 {'rot': 0.00588}
  t=  14.13  cb_yield           L32-CB0 {'rot': 0.00582}
  t=  14.13  cb_yield           L33-CB0 {'rot': 0.00578}
  t=  14.88  cb_yield           L3-CB0 {'rot': 0.00541}
  t=  16.25  cb_yield           L1-CB3 {'rot': 0.00539}
  t=  18.00  cb_yield           L2-CB0 {'rot': 0.00655}
  t=  18.13  cb_yield           L2-CB1 {'rot': 0.00603}
  t=  18.50  cb_yield           L26-CB0 {'rot': 0.00592}
  t=  18.50  cb_yield           L27-CB1 {'rot': 0.00647}
  t=  18.50  cb_yield           L28-CB1 {'rot': 0.00622}
  t=  18.50  cb_yield           L29-CB1 {'rot': 0.00602}
  t=  18.50  cb_yield           L30-CB1 {'rot': 0.00588}
  t=  18.50  cb_yield           L31-CB1 {'rot': 0.00577}
  t=  18.63  cb_yield           L27-CB0 {'rot': 0.00756}
  t=  18.63  cb_yield           L28-CB0 {'rot': 0.00732}
  t=  18.63  cb_yield           L32-CB1 {'rot': 0.00781}
  t=  18.63  cb_yield           L33-CB1 {'rot': 0.00771}
  progress t=  20.0s  max corner drift so far=0.0077  wall clock=307s
  t=  20.25  cb_yield           L1-CB2 {'rot': 0.00592}
  progress t=  30.0s  max corner drift so far=0.0082  wall clock=463s
  t=  40.00  cb_yield           L1-CB1 {'rot': 0.00551}
  progress t=  40.0s  max corner drift so far=0.0082  wall clock=621s
  t=  40.12  cb_yield           L1-CB0 {'rot': 0.00537}
  t=  43.87  cb_failure         L12-CB1 {'rot': 0.03001}
  t=  43.87  cb_failure         L13-CB1 {'rot': 0.03081}
  t=  43.87  cb_failure         L14-CB1 {'rot': 0.0312}
  t=  43.87  cb_failure         L15-CB1 {'rot': 0.03118}
  t=  43.87  cb_failure         L16-CB1 {'rot': 0.03081}
  t=  43.87  cb_failure         L17-CB1 {'rot': 0.02996}
  progress t=  50.0s  max corner drift so far=0.0082  wall clock=777s
  progress t=  60.0s  max corner drift so far=0.0082  wall clock=933s
  progress t=  70.0s  max corner drift so far=0.0087  wall clock=1092s
  progress t=  80.0s  max corner drift so far=0.0087  wall clock=1242s
  progress t=  90.0s  max corner drift so far=0.0087  wall clock=1391s
  progress t= 100.0s  max corner drift so far=0.0087  wall clock=1544s
