  t=   6.75  cb_yield           L7-CB3 {'rot': 0.00552}
  t=   6.75  cb_yield           L8-CB2 {'rot': 0.00541}
  t=   6.75  cb_yield           L8-CB3 {'rot': 0.00572}
  t=   6.75  cb_yield           L9-CB2 {'rot': 0.00547}
  t=   6.75  cb_yield           L9-CB3 {'rot': 0.0058}
  t=   6.75  cb_yield           L10-CB2 {'rot': 0.00542}
  t=   6.75  cb_yield           L10-CB3 {'rot': 0.00577}
  t=   6.75  cb_yield           L11-CB3 {'rot': 0.00565}
  t=   6.75  cb_yield           L12-CB3 {'rot': 0.00543}
  t=   7.13  cb_yield           L16-CB3 {'rot': 0.00541}
  t=   7.25  cb_yield           L13-CB3 {'rot': 0.00582}
  t=   7.25  cb_yield           L14-CB3 {'rot': 0.006}
  t=   7.25  cb_yield           L15-CB2 {'rot': 0.00545}
  t=   7.25  cb_yield           L15-CB3 {'rot': 0.00616}
  t=   7.25  cb_yield           L16-CB2 {'rot': 0.00557}
  t=   7.25  cb_yield           L17-CB3 {'rot': 0.00647}
  t=   7.25  cb_yield           L18-CB2 {'rot': 0.0058}
  t=   7.25  cb_yield           L18-CB3 {'rot': 0.0066}
  t=   7.25  cb_yield           L19-CB2 {'rot': 0.00586}
  t=   7.25  cb_yield           L19-CB3 {'rot': 0.00668}
  t=   7.25  cb_yield           L20-CB2 {'rot': 0.00589}
  t=   7.25  cb_yield           L20-CB3 {'rot': 0.00673}
  t=   7.25  cb_yield           L21-CB2 {'rot': 0.00587}
  t=   7.25  cb_yield           L21-CB3 {'rot': 0.00673}
  t=   7.25  cb_yield           L22-CB2 {'rot': 0.00581}
  t=   7.25  cb_yield           L22-CB3 {'rot': 0.00667}
  t=   7.25  cb_yield           L23-CB3 {'rot': 0.00656}
  t=   7.25  cb_yield           L24-CB3 {'rot': 0.00639}
  t=   7.25  cb_yield           L25-CB3 {'rot': 0.00617}
  t=   7.25  cb_yield           L26-CB3 {'rot': 0.00589}
  t=   7.38  cb_yield           L11-CB2 {'rot': 0.00569}
  t=   7.38  cb_yield           L12-CB2 {'rot': 0.0059}
  t=   7.38  cb_yield           L13-CB2 {'rot': 0.00611}
  t=   7.38  cb_yield           L14-CB2 {'rot': 0.0063}
  t=   7.38  cb_yield           L17-CB2 {'rot': 0.00676}
  t=   7.38  cb_yield           L23-CB2 {'rot': 0.00628}
  t=   7.38  cb_yield           L24-CB2 {'rot': 0.00602}
  t=   7.38  cb_yield           L27-CB3 {'rot': 0.00593}
  t=   7.50  cb_yield           L4-CB3 {'rot': 0.00552}
  t=   7.50  cb_yield           L5-CB2 {'rot': 0.00579}
  t=   7.50  cb_yield           L5-CB3 {'rot': 0.00614}
  t=   7.50  cb_yield           L6-CB1 {'rot': 0.00534}
  t=   7.50  cb_yield           L6-CB2 {'rot': 0.00622}
  t=   7.50  cb_yield           L6-CB3 {'rot': 0.00661}
  t=   7.50  cb_yield           L7-CB1 {'rot': 0.00541}
  t=   7.50  cb_yield           L7-CB2 {'rot': 0.00654}
  t=   7.50  cb_yield           L8-CB1 {'rot': 0.00538}
  t=   7.50  cb_yield           L25-CB2 {'rot': 0.00578}
  t=   7.63  cb_yield           L3-CB3 {'rot': 0.00544}
  t=   7.63  cb_yield           L4-CB1 {'rot': 0.00558}
  t=   7.63  cb_yield           L4-CB2 {'rot': 0.00617}
  t=   7.63  cb_yield           L5-CB0 {'rot': 0.0058}
  t=   7.63  cb_yield           L5-CB1 {'rot': 0.00619}
  t=   7.63  cb_yield           L6-CB0 {'rot': 0.0062}
  t=   7.63  cb_yield           L7-CB0 {'rot': 0.00645}
  t=   7.63  cb_yield           L8-CB0 {'rot': 0.00654}
  t=   7.63  cb_yield           L9-CB0 {'rot': 0.00649}
  t=   7.63  cb_yield           L9-CB1 {'rot': 0.00695}
  t=   7.63  cb_yield           L10-CB0 {'rot': 0.00631}
  t=   7.63  cb_yield           L10-CB1 {'rot': 0.00679}
  t=   7.63  cb_yield           L11-CB0 {'rot': 0.00604}
  t=   7.63  cb_yield           L11-CB1 {'rot': 0.00652}
  t=   7.63  cb_yield           L12-CB0 {'rot': 0.00567}
  t=   7.63  cb_yield           L12-CB1 {'rot': 0.00617}
  t=   7.63  cb_yield           L13-CB1 {'rot': 0.00574}
  t=   7.75  cb_yield           L3-CB2 {'rot': 0.00573}
  t=   7.75  cb_yield           L4-CB0 {'rot': 0.00555}
  t=   7.75  cb_yield           L13-CB0 {'rot': 0.00582}
  t=   7.75  cb_yield           L14-CB1 {'rot': 0.00575}
  t=   8.00  cb_yield           L2-CB2 {'rot': 0.00539}
  t=   8.00  cb_yield           L2-CB3 {'rot': 0.00549}
  t=   9.25  cb_yield           L23-CB0 {'rot': 0.00591}
  t=   9.25  cb_yield           L24-CB0 {'rot': 0.00614}
  t=   9.25  cb_yield           L24-CB1 {'rot': 0.00578}
  t=   9.25  cb_yield           L25-CB0 {'rot': 0.00624}
  t=   9.25  cb_yield           L25-CB1 {'rot': 0.00588}
  t=   9.25  cb_yield           L26-CB0 {'rot': 0.00619}
  t=   9.25  cb_yield           L26-CB1 {'rot': 0.00585}
  t=   9.25  cb_yield           L27-CB0 {'rot': 0.00603}
  t=   9.25  cb_yield           L28-CB0 {'rot': 0.00578}
  t=   9.88  cb_yield           L27-CB1 {'rot': 0.00648}
  t=   9.88  cb_yield           L28-CB1 {'rot': 0.00649}
  t=   9.88  cb_yield           L29-CB1 {'rot': 0.00642}
  t=   9.88  cb_yield           L30-CB1 {'rot': 0.00629}
  t=   9.88  cb_yield           L31-CB1 {'rot': 0.00611}
  t=   9.88  cb_yield           L32-CB1 {'rot': 0.00595}
  t=   9.88  cb_yield           L33-CB1 {'rot': 0.00583}
  t=  10.00  cb_yield           L22-CB1 {'rot': 0.00602}
  t=  10.00  cb_yield           L23-CB1 {'rot': 0.00642}
  t=  10.00  cb_yield           L29-CB0 {'rot': 0.00599}
  t=  10.00  cb_yield           L30-CB0 {'rot': 0.00583}
  progress t=  10.0s  max corner drift so far=0.0047  wall clock=151s
  t=  10.13  cb_yield           L26-CB2 {'rot': 0.00684}
  t=  10.13  cb_yield           L27-CB2 {'rot': 0.00662}
  t=  10.13  cb_yield           L28-CB2 {'rot': 0.0064}
  t=  10.13  cb_yield           L28-CB3 {'rot': 0.0059}
  t=  10.13  cb_yield           L29-CB2 {'rot': 0.00619}
  t=  10.13  cb_yield           L30-CB2 {'rot': 0.006}
  t=  10.13  cb_yield           L31-CB0 {'rot': 0.006}
  t=  10.13  cb_yield           L31-CB2 {'rot': 0.00583}
  t=  10.13  cb_yield           L32-CB0 {'rot': 0.00599}
  t=  10.13  cb_yield           L33-CB0 {'rot': 0.00598}
  t=  10.25  cb_yield           L29-CB3 {'rot': 0.00711}
  t=  10.25  cb_yield           L30-CB3 {'rot': 0.00674}
  t=  10.25  cb_yield           L31-CB3 {'rot': 0.00643}
  t=  10.25  cb_yield           L32-CB2 {'rot': 0.00648}
  t=  10.25  cb_yield           L32-CB3 {'rot': 0.00621}
  t=  10.25  cb_yield           L33-CB2 {'rot': 0.00639}
  t=  10.25  cb_yield           L33-CB3 {'rot': 0.00612}
  t=  12.25  cb_yield           L3-CB1 {'rot': 0.00538}
  t=  12.38  cb_yield           L2-CB0 {'rot': 0.00542}
  t=  12.38  cb_yield           L2-CB1 {'rot': 0.00579}
  t=  12.38  cb_yield           L3-CB0 {'rot': 0.00654}
  t=  12.50  cb_yield           L14-CB0 {'rot': 0.00764}
  t=  12.50  cb_yield           L15-CB0 {'rot': 0.00696}
  t=  12.50  cb_yield           L15-CB1 {'rot': 0.00815}
  t=  12.50  cb_yield           L16-CB0 {'rot': 0.00628}
  t=  12.50  cb_yield           L16-CB1 {'rot': 0.00749}
  t=  12.50  cb_yield           L17-CB1 {'rot': 0.0067}
  t=  12.50  cb_yield           L18-CB1 {'rot': 0.00595}
  t=  12.63  cb_yield           L17-CB0 {'rot': 0.00831}
  t=  12.63  cb_yield           L18-CB0 {'rot': 0.0072}
  t=  12.63  cb_yield           L19-CB0 {'rot': 0.00615}
  t=  12.63  cb_yield           L19-CB1 {'rot': 0.00779}
  t=  12.63  cb_yield           L20-CB1 {'rot': 0.00685}
  t=  12.63  cb_yield           L21-CB1 {'rot': 0.00604}
  t=  12.75  cb_yield           L20-CB0 {'rot': 0.00837}
  t=  12.75  cb_yield           L21-CB0 {'rot': 0.00729}
  t=  12.75  cb_yield           L22-CB0 {'rot': 0.00628}
  t=  12.88  cb_yield           L1-CB3 {'rot': 0.00539}
  t=  13.00  cb_failure         L14-CB3 {'rot': 0.0294}
  t=  13.00  cb_failure         L15-CB3 {'rot': 0.02946}
  t=  13.13  cb_failure         L11-CB3 {'rot': 0.03051}
  t=  13.13  cb_failure         L12-CB2 {'rot': 0.03011}
  t=  13.13  cb_failure         L12-CB3 {'rot': 0.03198}
  t=  13.13  cb_failure         L13-CB2 {'rot': 0.03108}
  t=  13.13  cb_failure         L13-CB3 {'rot': 0.03306}
  t=  13.13  cb_failure         L14-CB2 {'rot': 0.03165}
  t=  13.13  cb_failure         L15-CB2 {'rot': 0.03187}
  t=  13.13  cb_failure         L16-CB2 {'rot': 0.03176}
  t=  13.13  cb_failure         L16-CB3 {'rot': 0.03403}
  t=  13.13  cb_failure         L17-CB2 {'rot': 0.03121}
  t=  13.13  cb_failure         L17-CB3 {'rot': 0.03361}
  t=  13.13  cb_failure         L18-CB2 {'rot': 0.03026}
  t=  13.13  cb_failure         L18-CB3 {'rot': 0.03281}
  t=  13.13  cb_failure         L19-CB3 {'rot': 0.0315}
  t=  13.25  cb_failure         L11-CB2 {'rot': 0.03001}
  t=  13.25  cb_failure         L19-CB2 {'rot': 0.03205}
  t=  13.25  cb_failure         L20-CB2 {'rot': 0.0298}
  t=  13.25  cb_failure         L20-CB3 {'rot': 0.03255}
  t=  13.38  cb_failure         L16-CB1 {'rot': 0.02936}
  t=  13.38  cb_failure         L21-CB3 {'rot': 0.03157}
  t=  13.50  cb_failure         L21-CB2 {'rot': 0.03048}
  t=  13.50  cb_failure         L22-CB3 {'rot': 0.03031}
  t=  13.63  cb_yield           L1-CB2 {'rot': 0.00576}
  t=  13.88  cb_failure         L9-CB3 {'rot': 0.0297}
  t=  13.88  cb_failure         L10-CB2 {'rot': 0.03005}
  t=  13.88  cb_failure         L10-CB3 {'rot': 0.03098}
  t=  14.00  cb_failure         L8-CB3 {'rot': 0.02975}
  t=  14.00  cb_failure         L9-CB2 {'rot': 0.0306}
  t=  14.13  cb_failure         L8-CB2 {'rot': 0.02968}
  t=  18.25  cb_yield           L1-CB0 {'rot': 0.0055}
  t=  19.25  cb_failure         L14-CB1 {'rot': 0.02984}
  t=  19.25  cb_failure         L15-CB0 {'rot': 0.03021}
  t=  19.25  cb_failure         L15-CB1 {'rot': 0.03101}
  t=  19.25  cb_failure         L16-CB0 {'rot': 0.0312}
  t=  19.25  cb_failure         L17-CB0 {'rot': 0.03246}
  t=  19.25  cb_failure         L17-CB1 {'rot': 0.03247}
  t=  19.25  cb_failure         L18-CB0 {'rot': 0.03294}
  t=  19.25  cb_failure         L18-CB1 {'rot': 0.03265}
  t=  19.25  cb_failure         L19-CB0 {'rot': 0.03283}
  t=  19.25  cb_failure         L19-CB1 {'rot': 0.03242}
  t=  19.25  cb_failure         L20-CB0 {'rot': 0.03208}
  t=  19.25  cb_failure         L20-CB1 {'rot': 0.03176}
  t=  19.25  cb_failure         L21-CB0 {'rot': 0.03078}
  t=  19.25  cb_failure         L21-CB1 {'rot': 0.03064}
  t=  19.37  cb_failure         L13-CB1 {'rot': 0.02936}
  t=  19.37  cb_failure         L14-CB0 {'rot': 0.02984}
  t=  19.37  cb_failure         L22-CB1 {'rot': 0.03039}
  t=  19.75  cb_failure         L23-CB3 {'rot': 0.0309}
  t=  19.75  cb_failure         L24-CB3 {'rot': 0.02999}
  t=  19.87  cb_failure         L22-CB2 {'rot': 0.03256}
  t=  19.87  cb_failure         L23-CB2 {'rot': 0.03208}
  t=  19.87  cb_failure         L24-CB2 {'rot': 0.03127}
  t=  19.87  cb_failure         L25-CB2 {'rot': 0.03019}
  t=  19.87  cb_failure         L25-CB3 {'rot': 0.03333}
  t=  19.87  cb_failure         L26-CB3 {'rot': 0.03207}
  t=  19.87  cb_failure         L27-CB3 {'rot': 0.03075}
  t=  20.00  cb_failure         L26-CB2 {'rot': 0.03361}
  t=  20.00  cb_failure         L27-CB2 {'rot': 0.0324}
  t=  20.00  cb_failure         L28-CB2 {'rot': 0.03117}
  t=  20.00  cb_failure         L28-CB3 {'rot': 0.03328}
  t=  20.00  cb_failure         L29-CB2 {'rot': 0.02997}
  t=  20.00  cb_failure         L29-CB3 {'rot': 0.03211}
  t=  20.00  cb_failure         L30-CB3 {'rot': 0.03103}
  t=  20.00  cb_failure         L31-CB3 {'rot': 0.03014}
  progress t=  20.0s  max corner drift so far=0.0106  wall clock=310s
  t=  20.12  cb_yield           L1-CB1 {'rot': 0.00543}
  t=  20.12  cb_failure         L30-CB2 {'rot': 0.03184}
  t=  20.12  cb_failure         L31-CB2 {'rot': 0.03115}
  t=  20.12  cb_failure         L32-CB2 {'rot': 0.03066}
  t=  20.12  cb_failure         L32-CB3 {'rot': 0.03239}
  t=  20.12  cb_failure         L33-CB2 {'rot': 0.03047}
  t=  20.12  cb_failure         L33-CB3 {'rot': 0.03222}
  t=  20.37  cb_failure         L6-CB3 {'rot': 0.02946}
  t=  20.37  cb_failure         L7-CB2 {'rot': 0.03216}
  t=  20.37  cb_failure         L7-CB3 {'rot': 0.03242}
  t=  20.50  cb_failure         L5-CB2 {'rot': 0.02976}
  t=  20.50  cb_failure         L5-CB3 {'rot': 0.0299}
  t=  20.50  cb_failure         L6-CB2 {'rot': 0.0335}
  t=  20.62  cb_failure         L11-CB1 {'rot': 0.02933}
  t=  20.62  cb_failure         L12-CB1 {'rot': 0.0294}
  t=  20.75  cb_failure         L4-CB2 {'rot': 0.02946}
  t=  20.75  cb_failure         L10-CB0 {'rot': 0.02975}
  t=  20.75  cb_failure         L10-CB1 {'rot': 0.03004}
  t=  20.75  cb_failure         L11-CB0 {'rot': 0.03026}
  t=  20.75  cb_failure         L12-CB0 {'rot': 0.03045}
  t=  20.75  cb_failure         L13-CB0 {'rot': 0.03034}
  t=  20.87  cb_failure         L4-CB3 {'rot': 0.03045}
  t=  21.00  cb_failure         L9-CB1 {'rot': 0.02934}
  t=  21.12  cb_failure         L3-CB2 {'rot': 0.02974}
  t=  29.12  cb_failure         L22-CB0 {'rot': 0.02981}
  t=  29.12  cb_failure         L23-CB1 {'rot': 0.03115}
  t=  29.12  cb_failure         L24-CB1 {'rot': 0.0303}
  t=  29.25  cb_failure         L25-CB1 {'rot': 0.02977}
  t=  29.87  cb_failure         L7-CB1 {'rot': 0.02972}
  t=  29.87  cb_failure         L8-CB1 {'rot': 0.03119}
  t=  29.87  cb_failure         L9-CB0 {'rot': 0.03001}
  t=  30.00  cb_failure         L7-CB0 {'rot': 0.02977}
  t=  30.00  cb_failure         L8-CB0 {'rot': 0.03133}
  progress t=  30.0s  max corner drift so far=0.0148  wall clock=470s
  t=  30.12  cb_failure         L6-CB1 {'rot': 0.02944}
  t=  30.50  cb_failure         L23-CB0 {'rot': 0.03034}
  t=  30.62  cb_failure         L24-CB0 {'rot': 0.03035}
  t=  30.62  cb_failure         L26-CB1 {'rot': 0.03167}
  t=  30.62  cb_failure         L27-CB1 {'rot': 0.03056}
  t=  30.75  cb_failure         L25-CB0 {'rot': 0.03107}
  t=  30.75  cb_failure         L26-CB0 {'rot': 0.03015}
  t=  30.75  cb_failure         L28-CB1 {'rot': 0.03226}
  t=  30.75  cb_failure         L29-CB1 {'rot': 0.03152}
  t=  30.75  cb_failure         L30-CB1 {'rot': 0.03082}
  t=  30.75  cb_failure         L31-CB1 {'rot': 0.03024}
  t=  30.75  cb_failure         L32-CB1 {'rot': 0.02983}
  t=  30.87  cb_failure         L27-CB0 {'rot': 0.02996}
  t=  30.87  cb_failure         L33-CB1 {'rot': 0.02993}
  t=  37.25  cb_failure         L6-CB0 {'rot': 0.03071}
  t=  37.37  cb_failure         L5-CB1 {'rot': 0.02942}
  t=  38.12  cb_failure         L28-CB0 {'rot': 0.03682}
  t=  38.12  cb_failure         L29-CB0 {'rot': 0.03672}
  t=  38.12  cb_failure         L30-CB0 {'rot': 0.03639}
  t=  38.12  cb_failure         L31-CB0 {'rot': 0.03589}
  t=  38.12  cb_failure         L32-CB0 {'rot': 0.03538}
  t=  38.12  cb_failure         L33-CB0 {'rot': 0.03514}
  progress t=  40.0s  max corner drift so far=0.0148  wall clock=625s
  progress t=  50.0s  max corner drift so far=0.0148  wall clock=783s
  progress t=  60.0s  max corner drift so far=0.0148  wall clock=942s
  progress t=  70.0s  max corner drift so far=0.0148  wall clock=1100s
  progress t=  80.0s  max corner drift so far=0.0148  wall clock=1252s
  progress t=  90.0s  max corner drift so far=0.0148  wall clock=1403s
  progress t= 100.0s  max corner drift so far=0.0148  wall clock=1551s
