  t=   4.12  cb_yield           L6-CB0 {'rot': 0.00702}
  t=   4.25  cb_yield           L3-CB0 {'rot': 0.00715}
  t=   4.25  cb_yield           L3-CB1 {'rot': 0.00705}
  t=   4.25  cb_yield           L4-CB0 {'rot': 0.00789}
  t=   4.25  cb_yield           L4-CB1 {'rot': 0.0078}
  t=   4.25  cb_yield           L5-CB0 {'rot': 0.00828}
  t=   4.25  cb_yield           L5-CB1 {'rot': 0.00818}
  t=   4.25  cb_yield           L5-CB2 {'rot': 0.00706}
  t=   4.25  cb_yield           L6-CB1 {'rot': 0.00828}
  t=   4.25  cb_yield           L7-CB0 {'rot': 0.00825}
  t=   4.25  cb_yield           L7-CB1 {'rot': 0.00816}
  t=   4.25  cb_yield           L8-CB0 {'rot': 0.00796}
  t=   4.25  cb_yield           L8-CB1 {'rot': 0.00785}
  t=   4.25  cb_yield           L9-CB0 {'rot': 0.00756}
  t=   4.25  cb_yield           L9-CB1 {'rot': 0.00742}
  t=   4.25  cb_yield           L10-CB0 {'rot': 0.00707}
  t=   4.37  cb_yield           L4-CB2 {'rot': 0.0071}
  t=   4.37  cb_yield           L5-CB3 {'rot': 0.00719}
  t=   4.37  cb_yield           L6-CB2 {'rot': 0.00716}
  t=   4.37  cb_yield           L6-CB3 {'rot': 0.00707}
  t=   7.88  cb_yield           L4-CB3 {'rot': 0.00736}
  t=   8.00  cb_yield           L3-CB3 {'rot': 0.0072}
  t=   8.00  cb_yield           L7-CB3 {'rot': 0.00787}
  t=   8.00  cb_yield           L8-CB3 {'rot': 0.0075}
  t=   8.00  cb_yield           L9-CB3 {'rot': 0.00703}
  t=   8.13  cb_yield           L7-CB2 {'rot': 0.00709}
  t=   8.13  cb_yield           L10-CB3 {'rot': 0.00732}
  t=   8.50  cb_yield           L11-CB3 {'rot': 0.00728}
  t=   8.50  cb_yield           L12-CB3 {'rot': 0.0073}
  t=   8.50  cb_yield           L13-CB3 {'rot': 0.00732}
  t=   8.50  cb_yield           L14-CB3 {'rot': 0.00733}
  t=   8.50  cb_yield           L15-CB3 {'rot': 0.00737}
  t=   8.50  cb_yield           L16-CB3 {'rot': 0.00742}
  t=   8.50  cb_yield           L19-CB3 {'rot': 0.00768}
  t=   8.50  cb_yield           L20-CB3 {'rot': 0.00773}
  t=   8.50  cb_yield           L21-CB3 {'rot': 0.00774}
  t=   8.50  cb_yield           L22-CB3 {'rot': 0.00768}
  t=   8.63  cb_yield           L15-CB2 {'rot': 0.00716}
  t=   8.63  cb_yield           L16-CB2 {'rot': 0.00727}
  t=   8.63  cb_yield           L17-CB3 {'rot': 0.00996}
  t=   8.63  cb_yield           L18-CB3 {'rot': 0.0101}
  t=   8.63  cb_yield           L23-CB3 {'rot': 0.01006}
  t=   8.63  cb_yield           L24-CB3 {'rot': 0.00988}
  t=   8.63  cb_yield           L25-CB3 {'rot': 0.00962}
  t=   8.63  cb_yield           L26-CB3 {'rot': 0.0093}
  t=   8.63  cb_yield           L27-CB3 {'rot': 0.00889}
  t=   8.63  cb_yield           L28-CB3 {'rot': 0.00846}
  t=   8.63  cb_yield           L29-CB3 {'rot': 0.00795}
  t=   8.75  cb_yield           L12-CB2 {'rot': 0.00716}
  t=   8.75  cb_yield           L13-CB2 {'rot': 0.0077}
  t=   8.75  cb_yield           L14-CB2 {'rot': 0.00818}
  t=   8.75  cb_yield           L17-CB2 {'rot': 0.00924}
  t=   8.75  cb_yield           L18-CB2 {'rot': 0.00942}
  t=   8.75  cb_yield           L19-CB2 {'rot': 0.00947}
  t=   8.75  cb_yield           L20-CB2 {'rot': 0.00943}
  t=   8.75  cb_yield           L21-CB2 {'rot': 0.00928}
  t=   8.75  cb_yield           L22-CB2 {'rot': 0.00902}
  t=   8.75  cb_yield           L23-CB2 {'rot': 0.00866}
  t=   8.75  cb_yield           L24-CB2 {'rot': 0.00821}
  t=   8.75  cb_yield           L25-CB2 {'rot': 0.0077}
  t=   8.75  cb_yield           L30-CB3 {'rot': 0.00799}
  progress t=  10.0s  max corner drift so far=0.0040  wall clock=103s
  t=  10.25  cb_yield           L3-CB2 {'rot': 0.00721}
  t=  10.38  cb_yield           L1-CB2 {'rot': 0.00779}
  t=  10.38  cb_yield           L1-CB3 {'rot': 0.00772}
  t=  10.38  cb_yield           L2-CB2 {'rot': 0.01065}
  t=  10.38  cb_yield           L2-CB3 {'rot': 0.01054}
  t=  10.38  cb_yield           L8-CB2 {'rot': 0.00936}
  t=  10.38  cb_yield           L9-CB2 {'rot': 0.008}
  t=  10.38  cb_yield           L18-CB1 {'rot': 0.0079}
  t=  10.38  cb_yield           L19-CB1 {'rot': 0.00843}
  t=  10.38  cb_yield           L20-CB1 {'rot': 0.00891}
  t=  10.38  cb_yield           L21-CB0 {'rot': 0.00763}
  t=  10.38  cb_yield           L21-CB1 {'rot': 0.00932}
  t=  10.38  cb_yield           L22-CB0 {'rot': 0.00782}
  t=  10.38  cb_yield           L22-CB1 {'rot': 0.00963}
  t=  10.38  cb_yield           L23-CB0 {'rot': 0.00791}
  t=  10.38  cb_yield           L23-CB1 {'rot': 0.00983}
  t=  10.38  cb_yield           L24-CB0 {'rot': 0.00788}
  t=  10.38  cb_yield           L24-CB1 {'rot': 0.00989}
  t=  10.38  cb_yield           L25-CB0 {'rot': 0.00774}
  t=  10.38  cb_yield           L25-CB1 {'rot': 0.00983}
  t=  10.38  cb_yield           L26-CB1 {'rot': 0.00965}
  t=  10.38  cb_yield           L27-CB1 {'rot': 0.00937}
  t=  10.38  cb_yield           L28-CB1 {'rot': 0.00902}
  t=  10.38  cb_yield           L29-CB1 {'rot': 0.0086}
  t=  10.38  cb_yield           L30-CB1 {'rot': 0.00808}
  t=  10.50  cb_yield           L2-CB0 {'rot': 0.0089}
  t=  10.50  cb_yield           L2-CB1 {'rot': 0.008}
  t=  10.50  cb_yield           L10-CB2 {'rot': 0.00949}
  t=  10.50  cb_yield           L11-CB2 {'rot': 0.0079}
  t=  10.50  cb_yield           L17-CB1 {'rot': 0.0078}
  t=  10.50  cb_yield           L19-CB0 {'rot': 0.00775}
  t=  10.50  cb_yield           L20-CB0 {'rot': 0.00825}
  t=  10.50  cb_yield           L26-CB0 {'rot': 0.0081}
  t=  10.50  cb_yield           L27-CB0 {'rot': 0.00771}
  t=  10.50  cb_yield           L31-CB1 {'rot': 0.00845}
  t=  10.50  cb_yield           L32-CB1 {'rot': 0.0079}
  t=  10.63  cb_yield           L1-CB0 {'rot': 0.00805}
  t=  10.63  cb_yield           L1-CB1 {'rot': 0.00712}
  t=  10.75  cb_yield           L10-CB1 {'rot': 0.00727}
  t=  10.88  cb_yield           L11-CB0 {'rot': 0.00775}
  t=  10.88  cb_yield           L11-CB1 {'rot': 0.00849}
  t=  10.88  cb_yield           L12-CB1 {'rot': 0.00738}
  t=  11.00  cb_yield           L12-CB0 {'rot': 0.01005}
  t=  11.00  cb_yield           L13-CB0 {'rot': 0.00928}
  t=  11.00  cb_yield           L13-CB1 {'rot': 0.01029}
  t=  11.00  cb_yield           L14-CB0 {'rot': 0.00851}
  t=  11.00  cb_yield           L14-CB1 {'rot': 0.00954}
  t=  11.00  cb_yield           L15-CB0 {'rot': 0.00783}
  t=  11.00  cb_yield           L15-CB1 {'rot': 0.00885}
  t=  11.00  cb_yield           L16-CB0 {'rot': 0.00724}
  t=  11.00  cb_yield           L16-CB1 {'rot': 0.00824}
  t=  11.13  cb_yield           L17-CB0 {'rot': 0.01103}
  t=  11.13  cb_yield           L18-CB0 {'rot': 0.01039}
  t=  14.13  cb_yield           L26-CB2 {'rot': 0.00833}
  t=  14.13  cb_yield           L27-CB2 {'rot': 0.00804}
  t=  14.13  cb_yield           L28-CB2 {'rot': 0.00772}
  t=  14.13  cb_yield           L31-CB3 {'rot': 0.01102}
  t=  14.13  cb_yield           L32-CB3 {'rot': 0.01022}
  t=  14.13  cb_yield           L33-CB3 {'rot': 0.00875}
  t=  19.25  cb_yield           L29-CB2 {'rot': 0.00769}
  t=  19.62  cb_failure         L7-CB3 {'rot': 0.03103}
  t=  19.62  cb_failure         L8-CB3 {'rot': 0.03117}
  t=  19.62  cb_failure         L9-CB3 {'rot': 0.03103}
  t=  19.75  cb_failure         L10-CB3 {'rot': 0.03116}
  t=  20.00  cb_failure         L6-CB1 {'rot': 0.03139}
  t=  20.00  cb_failure         L7-CB1 {'rot': 0.03187}
  t=  20.00  cb_failure         L8-CB1 {'rot': 0.03178}
  t=  20.00  cb_failure         L9-CB1 {'rot': 0.03129}
  progress t=  20.0s  max corner drift so far=0.0093  wall clock=216s
  t=  20.12  cb_failure         L5-CB1 {'rot': 0.0328}
  t=  20.12  cb_failure         L10-CB1 {'rot': 0.03309}
  t=  20.12  cb_failure         L11-CB1 {'rot': 0.03239}
  t=  20.12  cb_failure         L12-CB1 {'rot': 0.03179}
  t=  20.12  cb_failure         L13-CB1 {'rot': 0.03119}
  t=  20.12  cb_yield           L33-CB1 {'rot': 0.00891}
  t=  20.25  cb_failure         L4-CB1 {'rot': 0.03166}
  t=  20.25  cb_failure         L14-CB1 {'rot': 0.03488}
  t=  20.25  cb_failure         L15-CB1 {'rot': 0.03416}
  t=  20.25  cb_failure         L16-CB1 {'rot': 0.03335}
  t=  20.25  cb_failure         L17-CB1 {'rot': 0.03233}
  t=  20.25  cb_failure         L18-CB1 {'rot': 0.03163}
  t=  20.25  cb_yield           L28-CB0 {'rot': 0.00796}
  t=  20.37  cb_failure         L6-CB0 {'rot': 0.03152}
  t=  20.37  cb_failure         L7-CB0 {'rot': 0.03309}
  t=  20.37  cb_failure         L8-CB0 {'rot': 0.03384}
  t=  20.37  cb_failure         L9-CB0 {'rot': 0.0339}
  t=  20.37  cb_failure         L10-CB0 {'rot': 0.0335}
  t=  20.37  cb_failure         L11-CB0 {'rot': 0.03274}
  t=  20.37  cb_failure         L12-CB0 {'rot': 0.03174}
  t=  20.37  cb_failure         L19-CB1 {'rot': 0.03254}
  t=  20.37  cb_failure         L20-CB1 {'rot': 0.03164}
  t=  20.50  cb_failure         L13-CB0 {'rot': 0.03627}
  t=  20.50  cb_failure         L14-CB0 {'rot': 0.0349}
  t=  20.50  cb_failure         L15-CB0 {'rot': 0.03326}
  t=  20.50  cb_failure         L16-CB0 {'rot': 0.03143}
  t=  20.50  cb_failure         L21-CB1 {'rot': 0.03162}
  t=  20.62  cb_failure         L17-CB0 {'rot': 0.03444}
  t=  20.62  cb_failure         L18-CB0 {'rot': 0.03162}
  t=  20.87  cb_failure         L22-CB1 {'rot': 0.03225}
  t=  20.87  cb_yield           L29-CB0 {'rot': 0.00923}
  t=  20.87  cb_yield           L30-CB0 {'rot': 0.00786}
  t=  21.00  cb_yield           L31-CB0 {'rot': 0.01015}
  t=  21.00  cb_yield           L32-CB0 {'rot': 0.00912}
  t=  21.00  cb_yield           L33-CB0 {'rot': 0.00866}
  t=  21.12  cb_failure         L5-CB0 {'rot': 0.03197}
  t=  25.87  cb_failure         L5-CB3 {'rot': 0.03126}
  t=  25.87  cb_failure         L6-CB3 {'rot': 0.03179}
  t=  26.00  cb_failure         L4-CB3 {'rot': 0.03245}
  t=  26.00  cb_failure         L11-CB3 {'rot': 0.03204}
  t=  26.12  cb_failure         L6-CB2 {'rot': 0.03218}
  t=  26.12  cb_failure         L7-CB2 {'rot': 0.03299}
  t=  26.12  cb_failure         L8-CB2 {'rot': 0.03292}
  t=  26.12  cb_failure         L9-CB2 {'rot': 0.03218}
  t=  26.12  cb_failure         L12-CB3 {'rot': 0.03573}
  t=  26.12  cb_failure         L13-CB3 {'rot': 0.03373}
  t=  26.12  cb_failure         L14-CB3 {'rot': 0.03144}
  t=  26.25  cb_failure         L10-CB2 {'rot': 0.03421}
  t=  26.25  cb_failure         L11-CB2 {'rot': 0.03312}
  t=  26.25  cb_failure         L12-CB2 {'rot': 0.03168}
  t=  26.25  cb_failure         L15-CB3 {'rot': 0.03304}
  t=  26.37  cb_failure         L13-CB2 {'rot': 0.03197}
  t=  26.37  cb_failure         L16-CB3 {'rot': 0.03257}
  t=  26.75  cb_failure         L23-CB1 {'rot': 0.03201}
  t=  26.87  cb_failure         L24-CB1 {'rot': 0.03719}
  t=  26.87  cb_failure         L25-CB1 {'rot': 0.03629}
  t=  26.87  cb_failure         L26-CB1 {'rot': 0.03508}
  t=  26.87  cb_failure         L27-CB1 {'rot': 0.03356}
  t=  26.87  cb_failure         L28-CB1 {'rot': 0.03205}
  t=  27.37  cb_failure         L4-CB0 {'rot': 0.03109}
  progress t=  30.0s  max corner drift so far=0.0143  wall clock=336s
  t=  33.00  cb_yield           L30-CB2 {'rot': 0.00804}
  t=  33.50  cb_failure         L17-CB3 {'rot': 0.03162}
  t=  38.00  cb_failure         L5-CB2 {'rot': 0.03322}
  t=  38.25  cb_failure         L14-CB2 {'rot': 0.03147}
  t=  40.00  cb_failure         L18-CB3 {'rot': 0.03243}
  t=  40.00  cb_failure         L19-CB3 {'rot': 0.03163}
  progress t=  40.0s  max corner drift so far=0.0143  wall clock=456s
  t=  40.12  cb_failure         L20-CB3 {'rot': 0.03166}
  t=  40.25  cb_failure         L3-CB3 {'rot': 0.03104}
  t=  40.25  cb_failure         L4-CB2 {'rot': 0.03264}
  t=  40.37  cb_failure         L15-CB2 {'rot': 0.03175}
  t=  40.37  cb_failure         L21-CB3 {'rot': 0.03165}
  t=  40.50  cb_failure         L3-CB2 {'rot': 0.03226}
  t=  40.50  cb_failure         L16-CB2 {'rot': 0.03215}
  t=  40.62  cb_failure         L3-CB1 {'rot': 0.03119}
  t=  40.87  cb_failure         L17-CB2 {'rot': 0.0327}
  t=  40.87  cb_failure         L22-CB3 {'rot': 0.03163}
  t=  41.00  cb_failure         L23-CB3 {'rot': 0.0317}
  t=  41.12  cb_failure         L24-CB3 {'rot': 0.03235}
  t=  41.25  cb_failure         L25-CB3 {'rot': 0.03234}
  t=  46.00  cb_yield           L31-CB2 {'rot': 0.01143}
  t=  46.00  cb_yield           L32-CB2 {'rot': 0.01115}
  t=  46.00  cb_yield           L33-CB2 {'rot': 0.01096}
  t=  47.87  cb_failure         L26-CB3 {'rot': 0.03168}
  t=  48.00  cb_failure         L29-CB1 {'rot': 0.03253}
  t=  48.00  cb_failure         L30-CB1 {'rot': 0.03166}
  t=  48.37  cb_failure         L3-CB0 {'rot': 0.03154}
  t=  48.50  cb_failure         L2-CB1 {'rot': 0.0316}
  t=  48.62  cb_failure         L2-CB0 {'rot': 0.03398}
  t=  48.62  cb_failure         L2-CB2 {'rot': 0.03114}
  t=  48.62  cb_failure         L2-CB3 {'rot': 0.03373}
  t=  48.87  cb_failure         L1-CB1 {'rot': 0.03111}
  t=  49.00  cb_failure         L1-CB0 {'rot': 0.03124}
  t=  49.00  cb_failure         L1-CB3 {'rot': 0.03143}
  t=  49.25  cb_failure         L18-CB2 {'rot': 0.03373}
  t=  49.25  cb_failure         L27-CB3 {'rot': 0.03329}
  t=  49.25  cb_failure         L28-CB3 {'rot': 0.03195}
  t=  49.25  cb_failure         L29-CB3 {'rot': 0.03162}
  t=  49.37  cb_failure         L19-CB0 {'rot': 0.03182}
  t=  49.37  cb_failure         L19-CB2 {'rot': 0.03814}
  t=  49.37  cb_failure         L20-CB2 {'rot': 0.03531}
  t=  49.37  cb_failure         L21-CB2 {'rot': 0.0326}
  t=  49.37  cb_failure         L30-CB3 {'rot': 0.03394}
  t=  49.37  cb_failure         L31-CB3 {'rot': 0.03232}
  t=  49.37  cb_failure         L32-CB3 {'rot': 0.03169}
  t=  49.37  cb_failure         L33-CB3 {'rot': 0.03244}
  t=  49.50  cb_failure         L20-CB0 {'rot': 0.03322}
  t=  49.50  cb_failure         L22-CB2 {'rot': 0.03547}
  t=  49.50  cb_failure         L23-CB2 {'rot': 0.03233}
  t=  49.62  cb_failure         L21-CB0 {'rot': 0.03461}
  t=  49.62  cb_failure         L24-CB2 {'rot': 0.03372}
  t=  49.75  cb_failure         L22-CB0 {'rot': 0.03512}
  t=  49.75  cb_failure         L23-CB0 {'rot': 0.03219}
  t=  49.75  cb_failure         L25-CB2 {'rot': 0.03293}
  t=  49.87  cb_failure         L31-CB1 {'rot': 0.0317}
  t=  49.87  cb_failure         L33-CB1 {'rot': 0.03176}
  t=  50.00  cb_failure         L32-CB1 {'rot': 0.03171}
  progress t=  50.0s  max corner drift so far=0.0151  wall clock=580s
  progress t=  60.0s  max corner drift so far=0.0151  wall clock=696s
  progress t=  70.0s  max corner drift so far=0.0151  wall clock=799s
  progress t=  80.0s  max corner drift so far=0.0151  wall clock=902s
  progress t=  90.0s  max corner drift so far=0.0151  wall clock=1010s
  progress t= 100.0s  max corner drift so far=0.0151  wall clock=1113s
