  t=   3.25  cb_yield           L6-CB3 {'rot': 0.00593}
  t=   3.25  cb_yield           L7-CB3 {'rot': 0.00612}
  t=   3.25  cb_yield           L8-CB3 {'rot': 0.00621}
  t=   3.25  cb_yield           L9-CB3 {'rot': 0.00625}
  t=   3.25  cb_yield           L10-CB3 {'rot': 0.00624}
  t=   3.25  cb_yield           L11-CB3 {'rot': 0.00621}
  t=   3.25  cb_yield           L12-CB3 {'rot': 0.00616}
  t=   3.25  cb_yield           L13-CB3 {'rot': 0.0061}
  t=   3.25  cb_yield           L14-CB3 {'rot': 0.00601}
  t=   3.25  cb_yield           L15-CB3 {'rot': 0.00591}
  t=   3.37  cb_yield           L5-CB3 {'rot': 0.0061}
  t=   3.37  cb_yield           L8-CB2 {'rot': 0.00592}
  t=   3.37  cb_yield           L16-CB3 {'rot': 0.00605}
  t=   3.50  cb_yield           L6-CB2 {'rot': 0.006}
  t=   3.50  cb_yield           L7-CB2 {'rot': 0.00615}
  t=   3.50  cb_yield           L8-CB1 {'rot': 0.00598}
  t=   3.50  cb_yield           L9-CB1 {'rot': 0.00601}
  t=   3.50  cb_yield           L9-CB2 {'rot': 0.00615}
  t=   3.50  cb_yield           L10-CB1 {'rot': 0.00599}
  t=   3.50  cb_yield           L10-CB2 {'rot': 0.00604}
  t=   3.50  cb_yield           L11-CB1 {'rot': 0.00593}
  t=   3.62  cb_yield           L12-CB1 {'rot': 0.00599}
  t=   3.62  cb_yield           L13-CB1 {'rot': 0.00592}
  t=   5.38  cb_yield           L7-CB0 {'rot': 0.00598}
  t=   5.38  cb_yield           L7-CB1 {'rot': 0.00593}
  t=   5.38  cb_yield           L8-CB0 {'rot': 0.00604}
  t=   5.38  cb_yield           L9-CB0 {'rot': 0.00608}
  t=   5.38  cb_yield           L10-CB0 {'rot': 0.00608}
  t=   5.38  cb_yield           L11-CB0 {'rot': 0.00607}
  t=   5.38  cb_yield           L11-CB2 {'rot': 0.00613}
  t=   5.38  cb_yield           L12-CB0 {'rot': 0.00606}
  t=   5.38  cb_yield           L12-CB2 {'rot': 0.00607}
  t=   5.38  cb_yield           L13-CB0 {'rot': 0.00604}
  t=   5.38  cb_yield           L13-CB2 {'rot': 0.00599}
  t=   5.38  cb_yield           L14-CB0 {'rot': 0.00597}
  t=   5.38  cb_yield           L14-CB1 {'rot': 0.00595}
  t=   5.38  cb_yield           L15-CB0 {'rot': 0.0059}
  t=   5.50  cb_yield           L4-CB2 {'rot': 0.00591}
  t=   5.50  cb_yield           L4-CB3 {'rot': 0.0061}
  t=   5.50  cb_yield           L5-CB0 {'rot': 0.00624}
  t=   5.50  cb_yield           L5-CB1 {'rot': 0.00619}
  t=   5.50  cb_yield           L5-CB2 {'rot': 0.00636}
  t=   5.50  cb_yield           L6-CB0 {'rot': 0.00648}
  t=   5.50  cb_yield           L6-CB1 {'rot': 0.00645}
  t=   5.50  cb_yield           L14-CB2 {'rot': 0.00627}
  t=   5.50  cb_yield           L15-CB2 {'rot': 0.00611}
  t=   5.50  cb_yield           L16-CB2 {'rot': 0.00595}
  t=   5.63  cb_yield           L3-CB3 {'rot': 0.0059}
  t=   5.63  cb_yield           L4-CB0 {'rot': 0.00635}
  t=   5.63  cb_yield           L4-CB1 {'rot': 0.00629}
  t=   5.75  cb_yield           L3-CB0 {'rot': 0.00594}
  t=   5.75  cb_yield           L3-CB2 {'rot': 0.00628}
  t=   5.88  cb_yield           L3-CB1 {'rot': 0.00598}
  t=   9.88  cb_yield           L2-CB0 {'rot': 0.00608}
  t=   9.88  cb_yield           L2-CB1 {'rot': 0.00617}
  progress t=  10.0s  max corner drift so far=0.0029  wall clock=114s
  t=  10.38  cb_yield           L17-CB3 {'rot': 0.00789}
  t=  10.38  cb_yield           L18-CB3 {'rot': 0.00764}
  t=  10.38  cb_yield           L19-CB3 {'rot': 0.00734}
  t=  10.38  cb_yield           L20-CB3 {'rot': 0.00702}
  t=  10.38  cb_yield           L21-CB3 {'rot': 0.00667}
  t=  10.50  cb_yield           L17-CB2 {'rot': 0.0073}
  t=  10.50  cb_yield           L18-CB2 {'rot': 0.00729}
  t=  10.50  cb_yield           L19-CB2 {'rot': 0.00721}
  t=  10.50  cb_yield           L20-CB2 {'rot': 0.00705}
  t=  10.50  cb_yield           L21-CB2 {'rot': 0.00682}
  t=  10.50  cb_yield           L22-CB3 {'rot': 0.00874}
  t=  10.50  cb_yield           L23-CB3 {'rot': 0.00838}
  t=  10.50  cb_yield           L24-CB3 {'rot': 0.00797}
  t=  10.50  cb_yield           L25-CB3 {'rot': 0.00751}
  t=  10.50  cb_yield           L26-CB3 {'rot': 0.00702}
  t=  10.63  cb_yield           L21-CB1 {'rot': 0.00673}
  t=  10.63  cb_yield           L22-CB1 {'rot': 0.00696}
  t=  10.63  cb_yield           L22-CB2 {'rot': 0.0082}
  t=  10.63  cb_yield           L23-CB1 {'rot': 0.00709}
  t=  10.63  cb_yield           L23-CB2 {'rot': 0.00802}
  t=  10.63  cb_yield           L24-CB1 {'rot': 0.00709}
  t=  10.63  cb_yield           L24-CB2 {'rot': 0.00773}
  t=  10.63  cb_yield           L25-CB1 {'rot': 0.00697}
  t=  10.63  cb_yield           L25-CB2 {'rot': 0.00733}
  t=  10.63  cb_yield           L26-CB1 {'rot': 0.00673}
  t=  10.63  cb_yield           L26-CB2 {'rot': 0.00683}
  t=  10.63  cb_yield           L27-CB3 {'rot': 0.00856}
  t=  10.63  cb_yield           L28-CB3 {'rot': 0.00795}
  t=  10.63  cb_yield           L29-CB3 {'rot': 0.00729}
  t=  10.63  cb_yield           L30-CB3 {'rot': 0.00656}
  t=  10.75  cb_yield           L20-CB1 {'rot': 0.00674}
  t=  10.75  cb_yield           L27-CB2 {'rot': 0.00664}
  t=  10.75  cb_yield           L31-CB3 {'rot': 0.00663}
  t=  11.25  cb_yield           L2-CB3 {'rot': 0.00626}
  t=  11.38  cb_yield           L2-CB2 {'rot': 0.00682}
  t=  11.50  cb_yield           L1-CB3 {'rot': 0.00631}
  t=  12.00  cb_yield           L19-CB1 {'rot': 0.00687}
  t=  12.00  cb_yield           L27-CB1 {'rot': 0.00694}
  t=  12.00  cb_yield           L28-CB1 {'rot': 0.00662}
  t=  12.13  cb_yield           L16-CB1 {'rot': 0.0061}
  t=  12.13  cb_yield           L17-CB1 {'rot': 0.00708}
  t=  12.13  cb_yield           L18-CB1 {'rot': 0.00801}
  t=  12.13  cb_yield           L19-CB0 {'rot': 0.00693}
  t=  12.13  cb_yield           L20-CB0 {'rot': 0.00759}
  t=  12.13  cb_yield           L21-CB0 {'rot': 0.00816}
  t=  12.13  cb_yield           L22-CB0 {'rot': 0.00862}
  t=  12.13  cb_yield           L23-CB0 {'rot': 0.00895}
  t=  12.13  cb_yield           L24-CB0 {'rot': 0.00914}
  t=  12.13  cb_yield           L25-CB0 {'rot': 0.00917}
  t=  12.13  cb_yield           L26-CB0 {'rot': 0.00903}
  t=  12.13  cb_yield           L27-CB0 {'rot': 0.00875}
  t=  12.13  cb_yield           L28-CB0 {'rot': 0.00837}
  t=  12.13  cb_yield           L29-CB0 {'rot': 0.00786}
  t=  12.13  cb_yield           L29-CB1 {'rot': 0.01066}
  t=  12.13  cb_yield           L30-CB0 {'rot': 0.0072}
  t=  12.13  cb_yield           L30-CB1 {'rot': 0.00995}
  t=  12.13  cb_yield           L31-CB1 {'rot': 0.00922}
  t=  12.13  cb_yield           L32-CB1 {'rot': 0.00863}
  t=  12.13  cb_yield           L33-CB1 {'rot': 0.00832}
  t=  12.25  cb_yield           L18-CB0 {'rot': 0.00714}
  t=  12.25  cb_yield           L31-CB0 {'rot': 0.00718}
  t=  12.50  cb_yield           L1-CB2 {'rot': 0.00602}
  t=  13.13  cb_yield           L15-CB1 {'rot': 0.00828}
  t=  13.13  cb_yield           L16-CB0 {'rot': 0.0072}
  t=  13.13  cb_yield           L17-CB0 {'rot': 0.0073}
  t=  14.13  cb_yield           L28-CB2 {'rot': 0.00814}
  t=  14.13  cb_yield           L29-CB2 {'rot': 0.00764}
  t=  14.13  cb_yield           L30-CB2 {'rot': 0.00695}
  t=  14.13  cb_yield           L32-CB3 {'rot': 0.00961}
  t=  14.13  cb_yield           L33-CB3 {'rot': 0.00905}
  t=  14.25  cb_yield           L31-CB2 {'rot': 0.00691}
  t=  15.00  cb_yield           L1-CB1 {'rot': 0.00685}
  t=  15.63  cb_failure         L21-CB3 {'rot': 0.02253}
  t=  15.75  cb_failure         L22-CB3 {'rot': 0.02125}
  t=  15.75  cb_failure         L23-CB3 {'rot': 0.02167}
  t=  15.75  cb_failure         L24-CB3 {'rot': 0.02184}
  t=  15.75  cb_failure         L25-CB3 {'rot': 0.02175}
  t=  15.75  cb_failure         L26-CB3 {'rot': 0.02138}
  t=  15.75  cb_failure         L27-CB3 {'rot': 0.02071}
  t=  15.88  cb_failure         L15-CB3 {'rot': 0.02108}
  t=  15.88  cb_failure         L28-CB3 {'rot': 0.02094}
  t=  15.88  cb_yield           L32-CB2 {'rot': 0.00696}
  t=  15.88  cb_failure         L33-CB3 {'rot': 0.02169}
  t=  16.38  cb_failure         L10-CB3 {'rot': 0.02066}
  t=  16.50  cb_failure         L4-CB3 {'rot': 0.02002}
  t=  16.50  cb_failure         L5-CB2 {'rot': 0.02004}
  t=  16.50  cb_failure         L5-CB3 {'rot': 0.02126}
  t=  16.50  cb_failure         L6-CB2 {'rot': 0.02017}
  t=  16.50  cb_failure         L6-CB3 {'rot': 0.02165}
  t=  16.50  cb_failure         L7-CB3 {'rot': 0.02145}
  t=  16.50  cb_failure         L8-CB3 {'rot': 0.0208}
  t=  16.63  cb_yield           L1-CB0 {'rot': 0.00618}
  t=  16.63  cb_failure         L9-CB3 {'rot': 0.02002}
  t=  17.50  cb_yield           L32-CB0 {'rot': 0.00685}
  progress t=  20.0s  max corner drift so far=0.0062  wall clock=234s
  t=  20.62  cb_failure         L19-CB3 {'rot': 0.02088}
  t=  20.62  cb_failure         L20-CB3 {'rot': 0.02172}
  t=  20.62  cb_failure         L29-CB3 {'rot': 0.02101}
  t=  20.62  cb_failure         L33-CB1 {'rot': 0.02052}
  t=  20.75  cb_failure         L30-CB3 {'rot': 0.02131}
  t=  21.25  cb_failure         L7-CB1 {'rot': 0.02104}
  t=  21.25  cb_failure         L11-CB3 {'rot': 0.02209}
  t=  21.25  cb_failure         L12-CB3 {'rot': 0.02143}
  t=  21.25  cb_failure         L13-CB2 {'rot': 0.02033}
  t=  21.25  cb_failure         L13-CB3 {'rot': 0.02067}
  t=  21.37  cb_failure         L2-CB2 {'rot': 0.02092}
  t=  21.37  cb_failure         L3-CB2 {'rot': 0.01995}
  t=  21.37  cb_failure         L3-CB3 {'rot': 0.0211}
  t=  21.37  cb_failure         L4-CB2 {'rot': 0.02212}
  t=  21.37  cb_failure         L7-CB2 {'rot': 0.02346}
  t=  21.37  cb_failure         L8-CB2 {'rot': 0.02294}
  t=  21.37  cb_failure         L9-CB2 {'rot': 0.02205}
  t=  21.37  cb_failure         L10-CB2 {'rot': 0.02092}
  t=  21.37  cb_failure         L14-CB2 {'rot': 0.02007}
  t=  21.37  cb_failure         L14-CB3 {'rot': 0.02081}
  t=  21.50  cb_failure         L11-CB2 {'rot': 0.02127}
  t=  21.62  cb_failure         L12-CB2 {'rot': 0.02091}
  t=  21.62  cb_failure         L16-CB3 {'rot': 0.02063}
  t=  21.75  cb_failure         L11-CB1 {'rot': 0.02037}
  t=  21.75  cb_failure         L16-CB2 {'rot': 0.02101}
  t=  21.75  cb_failure         L17-CB3 {'rot': 0.02276}
  t=  21.75  cb_failure         L18-CB3 {'rot': 0.02172}
  t=  22.00  cb_failure         L19-CB2 {'rot': 0.02248}
  t=  22.12  cb_failure         L31-CB3 {'rot': 0.02271}
  t=  22.12  cb_failure         L32-CB3 {'rot': 0.02206}
  t=  22.12  cb_yield           L33-CB2 {'rot': 0.00728}
  t=  22.25  cb_failure         L16-CB1 {'rot': 0.02004}
  t=  22.25  cb_failure         L18-CB1 {'rot': 0.02073}
  t=  22.25  cb_failure         L19-CB1 {'rot': 0.02095}
  t=  22.25  cb_failure         L20-CB1 {'rot': 0.02112}
  t=  22.25  cb_failure         L21-CB1 {'rot': 0.02121}
  t=  22.25  cb_failure         L22-CB1 {'rot': 0.02118}
  t=  22.25  cb_failure         L23-CB1 {'rot': 0.02105}
  t=  22.25  cb_failure         L24-CB1 {'rot': 0.02081}
  t=  22.37  cb_failure         L25-CB1 {'rot': 0.02207}
  t=  22.37  cb_failure         L26-CB1 {'rot': 0.02164}
  t=  22.37  cb_failure         L27-CB1 {'rot': 0.02106}
  t=  24.37  cb_failure         L4-CB0 {'rot': 0.02168}
  t=  24.37  cb_failure         L4-CB1 {'rot': 0.02095}
  t=  24.37  cb_failure         L5-CB0 {'rot': 0.02272}
  t=  24.37  cb_failure         L5-CB1 {'rot': 0.02182}
  t=  24.37  cb_failure         L6-CB0 {'rot': 0.02305}
  t=  24.37  cb_failure         L6-CB1 {'rot': 0.02201}
  t=  24.37  cb_failure         L7-CB0 {'rot': 0.02285}
  t=  24.37  cb_failure         L8-CB0 {'rot': 0.02222}
  t=  24.37  cb_failure         L8-CB1 {'rot': 0.02092}
  t=  24.37  cb_failure         L9-CB0 {'rot': 0.02118}
  t=  24.37  cb_failure         L11-CB0 {'rot': 0.02061}
  t=  24.50  cb_failure         L3-CB0 {'rot': 0.02099}
  t=  24.50  cb_failure         L3-CB1 {'rot': 0.02017}
  t=  24.50  cb_failure         L9-CB1 {'rot': 0.0236}
  t=  24.50  cb_failure         L10-CB0 {'rot': 0.02437}
  t=  24.50  cb_failure         L10-CB1 {'rot': 0.02247}
  t=  24.50  cb_failure         L12-CB0 {'rot': 0.02143}
  t=  24.62  cb_failure         L12-CB1 {'rot': 0.02236}
  t=  24.62  cb_failure         L13-CB0 {'rot': 0.02265}
  t=  24.62  cb_failure         L13-CB1 {'rot': 0.02058}
  t=  24.62  cb_failure         L14-CB0 {'rot': 0.02064}
  t=  24.75  cb_failure         L14-CB1 {'rot': 0.02091}
  t=  24.75  cb_failure         L15-CB0 {'rot': 0.02081}
  t=  24.87  cb_failure         L15-CB1 {'rot': 0.02057}
  t=  24.87  cb_failure         L16-CB0 {'rot': 0.02004}
  t=  25.12  cb_failure         L17-CB1 {'rot': 0.0206}
  t=  26.37  cb_failure         L28-CB1 {'rot': 0.02286}
  t=  26.37  cb_failure         L29-CB1 {'rot': 0.02234}
  t=  26.37  cb_failure         L30-CB1 {'rot': 0.02156}
  t=  26.37  cb_failure         L31-CB1 {'rot': 0.02074}
  t=  26.50  cb_failure         L32-CB1 {'rot': 0.0233}
  t=  26.50  cb_yield           L33-CB0 {'rot': 0.00808}
  t=  27.50  cb_failure         L2-CB1 {'rot': 0.02001}
  t=  27.87  cb_failure         L17-CB0 {'rot': 0.02104}
  t=  28.00  cb_failure         L15-CB2 {'rot': 0.02158}
  t=  28.00  cb_failure         L18-CB0 {'rot': 0.02214}
  t=  28.00  cb_failure         L19-CB0 {'rot': 0.02094}
  t=  28.12  cb_failure         L17-CB2 {'rot': 0.02123}
  t=  28.12  cb_failure         L18-CB2 {'rot': 0.02059}
  t=  28.12  cb_failure         L20-CB0 {'rot': 0.02066}
  progress t=  30.0s  max corner drift so far=0.0086  wall clock=350s
  progress t=  40.0s  max corner drift so far=0.0086  wall clock=467s
  t=  47.37  cb_failure         L20-CB2 {'rot': 0.02178}
  t=  49.25  cb_failure         L2-CB3 {'rot': 0.02006}
  t=  49.62  cb_failure         L21-CB2 {'rot': 0.02064}
  t= 49.675  solver fallback: Newton
  t=  49.75  cb_failure         L1-CB3 {'rot': 0.0199}
  t=  49.75  cb_failure         L2-CB0 {'rot': 0.02006}
  progress t=  50.0s  max corner drift so far=0.0086  wall clock=581s
  t=  50.25  cb_failure         L21-CB0 {'rot': 0.02247}
  t=  50.25  cb_failure         L22-CB0 {'rot': 0.02102}
  t=  50.37  cb_failure         L23-CB0 {'rot': 0.02089}
  t=  50.62  cb_failure         L24-CB0 {'rot': 0.02102}
  t=  59.75  cb_failure         L1-CB1 {'rot': 0.02095}
  progress t=  60.0s  max corner drift so far=0.0106  wall clock=703s
  t=  60.50  cb_failure         L25-CB0 {'rot': 0.02129}
  t=  69.12  cb_failure         L26-CB0 {'rot': 0.02141}
  t=  69.12  cb_failure         L27-CB0 {'rot': 0.02054}
  t=  69.25  cb_failure         L22-CB2 {'rot': 0.02062}
  t=  69.37  cb_failure         L23-CB2 {'rot': 0.0209}
  progress t=  70.0s  max corner drift so far=0.0108  wall clock=820s
  t=  72.12  cb_failure         L24-CB2 {'rot': 0.02151}
  t=  72.25  cb_failure         L25-CB2 {'rot': 0.02088}
  progress t=  80.0s  max corner drift so far=0.0108  wall clock=937s
  progress t=  90.0s  max corner drift so far=0.0108  wall clock=1048s
  progress t= 100.0s  max corner drift so far=0.0108  wall clock=1157s
