  t=   2.12  cb_yield           L6-CB1 {'rot': 0.0062}
  t=   2.12  cb_yield           L6-CB3 {'rot': 0.00628}
  t=   2.12  cb_yield           L7-CB1 {'rot': 0.00637}
  t=   2.12  cb_yield           L7-CB3 {'rot': 0.00646}
  t=   2.12  cb_yield           L8-CB1 {'rot': 0.00642}
  t=   2.12  cb_yield           L8-CB3 {'rot': 0.00653}
  t=   2.12  cb_yield           L9-CB1 {'rot': 0.0064}
  t=   2.12  cb_yield           L9-CB3 {'rot': 0.00651}
  t=   2.12  cb_yield           L10-CB1 {'rot': 0.0063}
  t=   2.12  cb_yield           L10-CB3 {'rot': 0.00643}
  t=   2.12  cb_yield           L11-CB1 {'rot': 0.00616}
  t=   2.12  cb_yield           L11-CB3 {'rot': 0.0063}
  t=   2.12  cb_yield           L12-CB3 {'rot': 0.00613}
  t=   2.25  cb_yield           L12-CB1 {'rot': 0.00657}
  t=   2.25  cb_yield           L13-CB1 {'rot': 0.00648}
  t=   2.25  cb_yield           L13-CB3 {'rot': 0.00665}
  t=   2.25  cb_yield           L14-CB1 {'rot': 0.00633}
  t=   2.25  cb_yield           L14-CB3 {'rot': 0.00651}
  t=   2.25  cb_yield           L15-CB1 {'rot': 0.00614}
  t=   2.25  cb_yield           L15-CB3 {'rot': 0.00634}
  t=   2.25  cb_yield           L16-CB3 {'rot': 0.00614}
  t=   2.37  cb_yield           L16-CB1 {'rot': 0.00642}
  t=   2.50  cb_yield           L17-CB1 {'rot': 0.00701}
  t=   2.50  cb_yield           L17-CB3 {'rot': 0.00724}
  t=   2.50  cb_yield           L18-CB1 {'rot': 0.00715}
  t=   2.50  cb_yield           L18-CB3 {'rot': 0.00741}
  t=   2.50  cb_yield           L19-CB1 {'rot': 0.00723}
  t=   2.50  cb_yield           L19-CB3 {'rot': 0.0075}
  t=   2.50  cb_yield           L20-CB1 {'rot': 0.00726}
  t=   2.50  cb_yield           L20-CB3 {'rot': 0.00755}
  t=   2.50  cb_yield           L21-CB1 {'rot': 0.00723}
  t=   2.50  cb_yield           L21-CB3 {'rot': 0.00753}
  t=   2.50  cb_yield           L22-CB1 {'rot': 0.00711}
  t=   2.50  cb_yield           L22-CB3 {'rot': 0.00743}
  t=   2.50  cb_yield           L23-CB1 {'rot': 0.00694}
  t=   2.50  cb_yield           L23-CB3 {'rot': 0.00726}
  t=   2.50  cb_yield           L24-CB1 {'rot': 0.00669}
  t=   2.50  cb_yield           L24-CB3 {'rot': 0.00702}
  t=   2.50  cb_yield           L25-CB3 {'rot': 0.00672}
  t=   2.62  cb_yield           L25-CB1 {'rot': 0.00742}
  t=   2.62  cb_yield           L26-CB1 {'rot': 0.00697}
  t=   2.62  cb_yield           L26-CB3 {'rot': 0.00718}
  t=   2.62  cb_yield           L27-CB3 {'rot': 0.00668}
  t=   4.00  cb_yield           L3-CB0 {'rot': 0.00634}
  t=   4.00  cb_yield           L3-CB1 {'rot': 0.00628}
  t=   4.00  cb_yield           L4-CB0 {'rot': 0.00706}
  t=   4.00  cb_yield           L4-CB1 {'rot': 0.00703}
  t=   4.00  cb_yield           L5-CB0 {'rot': 0.00751}
  t=   4.00  cb_yield           L5-CB1 {'rot': 0.0075}
  t=   4.00  cb_yield           L5-CB2 {'rot': 0.00626}
  t=   4.00  cb_yield           L5-CB3 {'rot': 0.00617}
  t=   4.00  cb_yield           L6-CB0 {'rot': 0.00775}
  t=   4.00  cb_yield           L6-CB2 {'rot': 0.00635}
  t=   4.00  cb_yield           L7-CB0 {'rot': 0.00782}
  t=   4.00  cb_yield           L7-CB2 {'rot': 0.0063}
  t=   4.00  cb_yield           L8-CB0 {'rot': 0.00776}
  t=   4.00  cb_yield           L8-CB2 {'rot': 0.00614}
  t=   4.00  cb_yield           L9-CB0 {'rot': 0.00761}
  t=   4.00  cb_yield           L10-CB0 {'rot': 0.00739}
  t=   4.00  cb_yield           L11-CB0 {'rot': 0.00712}
  t=   4.00  cb_yield           L12-CB0 {'rot': 0.00683}
  t=   4.00  cb_yield           L13-CB0 {'rot': 0.0065}
  t=   4.00  cb_yield           L14-CB0 {'rot': 0.00613}
  t=   4.12  cb_yield           L2-CB0 {'rot': 0.00705}
  t=   4.12  cb_yield           L2-CB1 {'rot': 0.00691}
  t=   4.12  cb_yield           L2-CB2 {'rot': 0.00626}
  t=   4.12  cb_yield           L2-CB3 {'rot': 0.00614}
  t=   4.12  cb_yield           L3-CB2 {'rot': 0.00741}
  t=   4.12  cb_yield           L3-CB3 {'rot': 0.00728}
  t=   4.12  cb_yield           L4-CB2 {'rot': 0.00815}
  t=   4.12  cb_yield           L4-CB3 {'rot': 0.00802}
  t=   4.12  cb_yield           L9-CB2 {'rot': 0.00735}
  t=   4.12  cb_yield           L10-CB2 {'rot': 0.00672}
  t=   4.25  cb_yield           L11-CB2 {'rot': 0.00617}
  t=   8.38  cb_yield           L12-CB2 {'rot': 0.00643}
  t=   8.38  cb_yield           L13-CB2 {'rot': 0.00624}
  t=   8.50  cb_yield           L14-CB2 {'rot': 0.00774}
  t=   8.50  cb_yield           L15-CB2 {'rot': 0.00762}
  t=   8.50  cb_yield           L16-CB2 {'rot': 0.00752}
  t=   8.50  cb_yield           L17-CB2 {'rot': 0.00741}
  t=   8.50  cb_yield           L18-CB2 {'rot': 0.00731}
  t=   8.50  cb_yield           L19-CB2 {'rot': 0.00721}
  t=   8.50  cb_yield           L20-CB2 {'rot': 0.00711}
  t=   8.50  cb_yield           L21-CB2 {'rot': 0.00699}
  t=   8.50  cb_yield           L22-CB2 {'rot': 0.0068}
  t=   8.50  cb_yield           L27-CB1 {'rot': 0.00693}
  t=   8.50  cb_yield           L28-CB3 {'rot': 0.00783}
  t=   8.50  cb_yield           L29-CB3 {'rot': 0.00721}
  t=   8.63  cb_yield           L23-CB2 {'rot': 0.00853}
  t=   8.63  cb_yield           L24-CB2 {'rot': 0.00813}
  t=   8.63  cb_yield           L25-CB2 {'rot': 0.00768}
  t=   8.63  cb_yield           L26-CB2 {'rot': 0.00717}
  t=   8.63  cb_yield           L27-CB2 {'rot': 0.00662}
  t=   8.63  cb_yield           L30-CB3 {'rot': 0.00875}
  t=   8.63  cb_yield           L31-CB3 {'rot': 0.008}
  t=   8.63  cb_yield           L32-CB3 {'rot': 0.00739}
  t=   8.75  cb_yield           L15-CB0 {'rot': 0.00654}
  t=   8.75  cb_yield           L16-CB0 {'rot': 0.00632}
  t=   8.75  cb_yield           L33-CB3 {'rot': 0.00704}
  progress t=  10.0s  max corner drift so far=0.0050  wall clock=98s
  t=  10.25  cb_yield           L17-CB0 {'rot': 0.00729}
  t=  10.25  cb_yield           L18-CB0 {'rot': 0.00716}
  t=  10.25  cb_yield           L19-CB0 {'rot': 0.00699}
  t=  10.25  cb_yield           L20-CB0 {'rot': 0.00681}
  t=  10.25  cb_yield           L21-CB0 {'rot': 0.00662}
  t=  10.38  cb_yield           L1-CB2 {'rot': 0.00928}
  t=  10.38  cb_yield           L1-CB3 {'rot': 0.00898}
  t=  10.38  cb_yield           L22-CB0 {'rot': 0.00956}
  t=  10.38  cb_yield           L23-CB0 {'rot': 0.00945}
  t=  10.38  cb_yield           L24-CB0 {'rot': 0.00921}
  t=  10.38  cb_yield           L25-CB0 {'rot': 0.00889}
  t=  10.38  cb_yield           L26-CB0 {'rot': 0.0085}
  t=  10.38  cb_yield           L27-CB0 {'rot': 0.00806}
  t=  10.38  cb_yield           L28-CB0 {'rot': 0.00761}
  t=  10.38  cb_yield           L28-CB1 {'rot': 0.01105}
  t=  10.38  cb_yield           L29-CB0 {'rot': 0.00713}
  t=  10.38  cb_yield           L29-CB1 {'rot': 0.01062}
  t=  10.38  cb_yield           L30-CB0 {'rot': 0.00658}
  t=  10.38  cb_yield           L30-CB1 {'rot': 0.01012}
  t=  10.38  cb_yield           L31-CB1 {'rot': 0.00959}
  t=  10.38  cb_yield           L32-CB1 {'rot': 0.00915}
  t=  10.38  cb_yield           L33-CB1 {'rot': 0.00842}
  t=  10.50  cb_yield           L1-CB0 {'rot': 0.00926}
  t=  10.50  cb_yield           L1-CB1 {'rot': 0.00617}
  t=  10.50  cb_yield           L31-CB0 {'rot': 0.00735}
  t=  10.50  cb_yield           L32-CB0 {'rot': 0.00672}
  t=  11.38  cb_failure         L10-CB1 {'rot': 0.03076}
  t=  11.38  cb_failure         L11-CB1 {'rot': 0.03164}
  t=  11.38  cb_failure         L12-CB1 {'rot': 0.03247}
  t=  11.38  cb_failure         L13-CB1 {'rot': 0.03315}
  t=  11.38  cb_failure         L14-CB1 {'rot': 0.03357}
  t=  11.38  cb_failure         L15-CB1 {'rot': 0.03379}
  t=  11.38  cb_failure         L16-CB1 {'rot': 0.03381}
  t=  11.38  cb_failure         L17-CB1 {'rot': 0.03355}
  t=  11.38  cb_failure         L18-CB1 {'rot': 0.033}
  t=  11.38  cb_failure         L19-CB1 {'rot': 0.03216}
  t=  11.38  cb_failure         L20-CB1 {'rot': 0.03108}
  t=  11.50  cb_failure         L9-CB1 {'rot': 0.03022}
  t=  11.50  cb_failure         L13-CB0 {'rot': 0.03116}
  t=  11.50  cb_failure         L14-CB0 {'rot': 0.03205}
  t=  11.50  cb_failure         L15-CB0 {'rot': 0.03266}
  t=  11.50  cb_failure         L16-CB0 {'rot': 0.03295}
  t=  11.50  cb_failure         L17-CB0 {'rot': 0.0329}
  t=  11.50  cb_failure         L18-CB0 {'rot': 0.03234}
  t=  11.50  cb_failure         L19-CB0 {'rot': 0.03125}
  t=  11.50  cb_failure         L21-CB1 {'rot': 0.03345}
  t=  11.63  cb_failure         L12-CB0 {'rot': 0.03234}
  t=  11.63  cb_failure         L16-CB3 {'rot': 0.0303}
  t=  11.63  cb_failure         L20-CB0 {'rot': 0.03184}
  t=  12.75  cb_yield           L28-CB2 {'rot': 0.00837}
  t=  12.75  cb_yield           L29-CB2 {'rot': 0.00762}
  t=  12.75  cb_yield           L30-CB2 {'rot': 0.0066}
  t=  14.25  cb_yield           L31-CB2 {'rot': 0.00686}
  t=  14.50  cb_failure         L17-CB3 {'rot': 0.03071}
  t=  14.50  cb_failure         L18-CB3 {'rot': 0.03116}
  t=  14.50  cb_failure         L19-CB3 {'rot': 0.03134}
  t=  14.50  cb_failure         L20-CB3 {'rot': 0.03132}
  t=  14.50  cb_failure         L21-CB3 {'rot': 0.03109}
  t=  14.50  cb_failure         L22-CB3 {'rot': 0.03063}
  t=  14.50  cb_yield           L32-CB2 {'rot': 0.0066}
  t=  14.63  cb_failure         L14-CB3 {'rot': 0.03072}
  t=  14.63  cb_failure         L15-CB3 {'rot': 0.03193}
  t=  14.63  cb_failure         L23-CB3 {'rot': 0.03175}
  t=  14.63  cb_failure         L24-CB3 {'rot': 0.03069}
  t=  14.75  cb_failure         L12-CB3 {'rot': 0.0304}
  t=  14.75  cb_failure         L13-CB3 {'rot': 0.03096}
  t=  14.88  cb_failure         L8-CB3 {'rot': 0.03022}
  t=  14.88  cb_failure         L9-CB3 {'rot': 0.03131}
  t=  14.88  cb_failure         L10-CB3 {'rot': 0.03203}
  t=  14.88  cb_failure         L11-CB3 {'rot': 0.03245}
  t=  17.13  cb_failure         L8-CB1 {'rot': 0.03011}
  t=  17.25  cb_failure         L5-CB0 {'rot': 0.03118}
  t=  17.25  cb_failure         L5-CB1 {'rot': 0.03152}
  t=  17.25  cb_failure         L6-CB0 {'rot': 0.03327}
  t=  17.25  cb_failure         L6-CB1 {'rot': 0.03377}
  t=  17.25  cb_failure         L7-CB0 {'rot': 0.0346}
  t=  17.25  cb_failure         L7-CB1 {'rot': 0.03526}
  t=  17.25  cb_failure         L7-CB3 {'rot': 0.03053}
  t=  17.25  cb_failure         L8-CB0 {'rot': 0.03533}
  t=  17.25  cb_failure         L9-CB0 {'rot': 0.03568}
  t=  17.25  cb_failure         L10-CB0 {'rot': 0.03576}
  t=  17.25  cb_failure         L10-CB2 {'rot': 0.03009}
  t=  17.25  cb_failure         L11-CB0 {'rot': 0.03564}
  t=  17.25  cb_failure         L11-CB2 {'rot': 0.03014}
  t=  17.25  cb_failure         L12-CB2 {'rot': 0.03015}
  t=  17.38  cb_failure         L6-CB3 {'rot': 0.03084}
  t=  17.38  cb_failure         L7-CB2 {'rot': 0.03063}
  t=  17.38  cb_failure         L8-CB2 {'rot': 0.03176}
  t=  17.38  cb_failure         L9-CB2 {'rot': 0.0324}
  t=  17.38  cb_failure         L13-CB2 {'rot': 0.03225}
  t=  17.38  cb_failure         L14-CB2 {'rot': 0.0317}
  t=  17.38  cb_failure         L15-CB2 {'rot': 0.03102}
  t=  17.38  cb_failure         L16-CB2 {'rot': 0.0302}
  t=  17.50  cb_failure         L17-CB2 {'rot': 0.03069}
  t=  17.63  cb_failure         L21-CB0 {'rot': 0.03102}
  t=  17.75  cb_failure         L4-CB1 {'rot': 0.0301}
  t=  17.75  cb_failure         L22-CB1 {'rot': 0.03235}
  t=  17.75  cb_yield           L33-CB0 {'rot': 0.00666}
  t=  17.88  cb_failure         L4-CB0 {'rot': 0.03073}
  t=  18.13  cb_failure         L3-CB1 {'rot': 0.03104}
  progress t=  20.0s  max corner drift so far=0.0170  wall clock=212s
  t=  20.12  cb_failure         L4-CB3 {'rot': 0.03034}
  t=  20.12  cb_failure         L5-CB3 {'rot': 0.0318}
  t=  20.25  cb_failure         L3-CB3 {'rot': 0.03222}
  t=  20.37  cb_failure         L23-CB1 {'rot': 0.03692}
  t=  20.37  cb_failure         L24-CB1 {'rot': 0.03586}
  t=  20.37  cb_failure         L25-CB1 {'rot': 0.0345}
  t=  20.37  cb_failure         L25-CB3 {'rot': 0.03123}
  t=  20.37  cb_failure         L26-CB1 {'rot': 0.03285}
  t=  20.37  cb_failure         L27-CB1 {'rot': 0.031}
  t=  20.50  cb_failure         L28-CB1 {'rot': 0.03413}
  t=  20.50  cb_failure         L29-CB1 {'rot': 0.03254}
  t=  20.50  cb_failure         L30-CB1 {'rot': 0.0307}
  t=  20.62  cb_failure         L31-CB1 {'rot': 0.03141}
  t=  20.87  cb_failure         L22-CB0 {'rot': 0.03649}
  t=  20.87  cb_failure         L23-CB0 {'rot': 0.03254}
  t=  21.00  cb_failure         L24-CB0 {'rot': 0.0343}
  t=  21.12  cb_failure         L3-CB0 {'rot': 0.03163}
  t=  21.12  cb_failure         L25-CB0 {'rot': 0.03361}
  t=  21.25  cb_failure         L2-CB1 {'rot': 0.03042}
  t=  21.25  cb_failure         L26-CB0 {'rot': 0.03304}
  t=  21.25  cb_failure         L32-CB1 {'rot': 0.03434}
  t=  21.25  cb_failure         L33-CB1 {'rot': 0.03162}
  t=  21.37  cb_failure         L27-CB0 {'rot': 0.0315}
  t=  21.50  cb_failure         L2-CB0 {'rot': 0.03181}
  t=  23.25  cb_yield           L33-CB2 {'rot': 0.00739}
  t=  23.87  cb_failure         L18-CB2 {'rot': 0.03561}
  t=  23.87  cb_failure         L19-CB2 {'rot': 0.03503}
  t=  23.87  cb_failure         L20-CB2 {'rot': 0.03401}
  t=  23.87  cb_failure         L21-CB2 {'rot': 0.03209}
  t=  24.37  cb_failure         L6-CB2 {'rot': 0.03027}
  t=  24.50  cb_failure         L5-CB2 {'rot': 0.03057}
  t=  26.87  cb_failure         L26-CB3 {'rot': 0.03327}
  t=  26.87  cb_failure         L27-CB3 {'rot': 0.03199}
  t=  26.87  cb_failure         L28-CB3 {'rot': 0.03066}
  t=  27.00  cb_failure         L29-CB3 {'rot': 0.03537}
  t=  27.00  cb_failure         L30-CB3 {'rot': 0.03406}
  t=  27.00  cb_failure         L31-CB3 {'rot': 0.03255}
  t=  27.00  cb_failure         L32-CB3 {'rot': 0.03122}
  t=  27.00  cb_failure         L33-CB3 {'rot': 0.0307}
  t=  27.82  wall_axial_failure S1-F {'gamma': 0.00076, 'eps': -0.00755, 'cause': 'crushing'}
  t=  27.87  cb_failure         L1-CB1 {'rot': 0.05684}
  t=  27.87  cb_failure         L2-CB3 {'rot': 0.03384}
  t= 27.950  solver fallback: ModifiedNewton
  t=  28.00  cb_failure         L1-CB3 {'rot': 0.07792}
  t=  28.25  cb_failure         L28-CB0 {'rot': 0.03066}
  t=  28.37  cb_failure         L29-CB0 {'rot': 0.03713}
  t=  28.37  cb_failure         L30-CB0 {'rot': 0.03609}
  t=  28.37  cb_failure         L31-CB0 {'rot': 0.0349}
  t=  28.37  cb_failure         L32-CB0 {'rot': 0.0339}
  t=  28.37  cb_failure         L33-CB0 {'rot': 0.03349}
  progress t=  30.0s  max corner drift so far=0.0222  wall clock=351s
