  t=   1.87  cb_yield           L4-CB3 {'rot': 0.00602}
  t=   1.87  cb_yield           L5-CB1 {'rot': 0.00611}
  t=   1.87  cb_yield           L5-CB3 {'rot': 0.00625}
  t=   1.87  cb_yield           L6-CB1 {'rot': 0.00612}
  t=   1.87  cb_yield           L6-CB3 {'rot': 0.00627}
  t=   1.87  cb_yield           L7-CB1 {'rot': 0.00597}
  t=   1.87  cb_yield           L7-CB3 {'rot': 0.00613}
  t=   2.00  cb_yield           L3-CB1 {'rot': 0.00601}
  t=   2.00  cb_yield           L3-CB3 {'rot': 0.0061}
  t=   2.00  cb_yield           L4-CB0 {'rot': 0.00622}
  t=   2.00  cb_yield           L4-CB1 {'rot': 0.00675}
  t=   2.00  cb_yield           L4-CB2 {'rot': 0.00632}
  t=   2.00  cb_yield           L5-CB0 {'rot': 0.00656}
  t=   2.00  cb_yield           L5-CB2 {'rot': 0.00668}
  t=   2.00  cb_yield           L6-CB0 {'rot': 0.00668}
  t=   2.00  cb_yield           L6-CB2 {'rot': 0.00681}
  t=   2.00  cb_yield           L7-CB0 {'rot': 0.00661}
  t=   2.00  cb_yield           L7-CB2 {'rot': 0.00675}
  t=   2.00  cb_yield           L8-CB0 {'rot': 0.00642}
  t=   2.00  cb_yield           L8-CB1 {'rot': 0.00728}
  t=   2.00  cb_yield           L8-CB2 {'rot': 0.00656}
  t=   2.00  cb_yield           L8-CB3 {'rot': 0.00744}
  t=   2.00  cb_yield           L9-CB0 {'rot': 0.0061}
  t=   2.00  cb_yield           L9-CB1 {'rot': 0.00705}
  t=   2.00  cb_yield           L9-CB2 {'rot': 0.00624}
  t=   2.00  cb_yield           L9-CB3 {'rot': 0.0072}
  t=   2.00  cb_yield           L10-CB1 {'rot': 0.00673}
  t=   2.00  cb_yield           L10-CB3 {'rot': 0.00689}
  t=   2.00  cb_yield           L11-CB1 {'rot': 0.00638}
  t=   2.00  cb_yield           L11-CB3 {'rot': 0.00653}
  t=   2.00  cb_yield           L12-CB1 {'rot': 0.006}
  t=   2.00  cb_yield           L12-CB3 {'rot': 0.00615}
  t=   2.12  cb_yield           L10-CB0 {'rot': 0.00679}
  t=   2.12  cb_yield           L10-CB2 {'rot': 0.00693}
  t=   2.12  cb_yield           L11-CB0 {'rot': 0.00647}
  t=   2.12  cb_yield           L11-CB2 {'rot': 0.00661}
  t=   2.12  cb_yield           L12-CB0 {'rot': 0.0061}
  t=   2.12  cb_yield           L12-CB2 {'rot': 0.00625}
  t=   2.12  cb_yield           L13-CB1 {'rot': 0.00721}
  t=   2.12  cb_yield           L13-CB3 {'rot': 0.00738}
  t=   2.12  cb_yield           L14-CB1 {'rot': 0.0068}
  t=   2.12  cb_yield           L14-CB3 {'rot': 0.00698}
  t=   2.12  cb_yield           L15-CB1 {'rot': 0.0064}
  t=   2.12  cb_yield           L15-CB3 {'rot': 0.00658}
  t=   2.12  cb_yield           L16-CB1 {'rot': 0.00601}
  t=   2.12  cb_yield           L16-CB3 {'rot': 0.00619}
  t=   2.25  cb_yield           L13-CB0 {'rot': 0.00658}
  t=   2.25  cb_yield           L13-CB2 {'rot': 0.00676}
  t=   2.25  cb_yield           L14-CB0 {'rot': 0.00625}
  t=   2.25  cb_yield           L14-CB2 {'rot': 0.00645}
  t=   2.25  cb_yield           L15-CB2 {'rot': 0.00611}
  t=   2.25  cb_yield           L17-CB1 {'rot': 0.00706}
  t=   2.25  cb_yield           L17-CB3 {'rot': 0.00731}
  t=   2.25  cb_yield           L18-CB1 {'rot': 0.0066}
  t=   2.25  cb_yield           L18-CB3 {'rot': 0.00686}
  t=   2.37  cb_yield           L15-CB0 {'rot': 0.00638}
  t=   2.37  cb_yield           L16-CB0 {'rot': 0.00611}
  t=   2.37  cb_yield           L16-CB2 {'rot': 0.00636}
  t=   2.37  cb_yield           L19-CB1 {'rot': 0.00748}
  t=   2.37  cb_yield           L19-CB3 {'rot': 0.00781}
  t=   2.37  cb_yield           L20-CB1 {'rot': 0.00714}
  t=   2.37  cb_yield           L20-CB3 {'rot': 0.00749}
  t=   2.37  cb_yield           L21-CB1 {'rot': 0.00681}
  t=   2.37  cb_yield           L21-CB3 {'rot': 0.00717}
  t=   2.37  cb_yield           L22-CB3 {'rot': 0.00685}
  t=   2.37  cb_yield           L23-CB3 {'rot': 0.00654}
  t=   2.50  cb_yield           L22-CB1 {'rot': 0.00895}
  t=   2.50  cb_yield           L23-CB1 {'rot': 0.00868}
  t=   2.50  cb_yield           L24-CB1 {'rot': 0.00832}
  t=   2.50  cb_yield           L24-CB3 {'rot': 0.00873}
  t=   2.50  cb_yield           L25-CB1 {'rot': 0.00791}
  t=   2.50  cb_yield           L25-CB3 {'rot': 0.00831}
  t=   2.50  cb_yield           L26-CB1 {'rot': 0.00745}
  t=   2.50  cb_yield           L26-CB3 {'rot': 0.00785}
  t=   2.50  cb_yield           L27-CB1 {'rot': 0.00696}
  t=   2.50  cb_yield           L27-CB3 {'rot': 0.00735}
  t=   2.50  cb_yield           L28-CB3 {'rot': 0.00686}
  t=   2.62  cb_yield           L17-CB0 {'rot': 0.00665}
  t=   2.62  cb_yield           L17-CB2 {'rot': 0.00689}
  t=   2.62  cb_yield           L18-CB0 {'rot': 0.00691}
  t=   2.62  cb_yield           L18-CB2 {'rot': 0.00715}
  t=   2.62  cb_yield           L19-CB0 {'rot': 0.00707}
  t=   2.62  cb_yield           L19-CB2 {'rot': 0.00732}
  t=   2.62  cb_yield           L20-CB0 {'rot': 0.00715}
  t=   2.62  cb_yield           L20-CB2 {'rot': 0.0074}
  t=   2.62  cb_yield           L21-CB0 {'rot': 0.0071}
  t=   2.62  cb_yield           L21-CB2 {'rot': 0.00736}
  t=   2.62  cb_yield           L22-CB0 {'rot': 0.00692}
  t=   2.62  cb_yield           L22-CB2 {'rot': 0.00718}
  t=   2.62  cb_yield           L23-CB0 {'rot': 0.00661}
  t=   2.62  cb_yield           L23-CB2 {'rot': 0.00687}
  t=   2.62  cb_yield           L28-CB1 {'rot': 0.0078}
  t=   2.62  cb_yield           L29-CB1 {'rot': 0.00707}
  t=   2.62  cb_yield           L29-CB3 {'rot': 0.00732}
  t=   2.62  cb_yield           L30-CB3 {'rot': 0.00653}
  t=   2.75  cb_yield           L30-CB1 {'rot': 0.00671}
  t=   3.62  cb_yield           L24-CB0 {'rot': 0.00717}
  t=   3.62  cb_yield           L24-CB2 {'rot': 0.00683}
  t=   3.62  cb_yield           L25-CB0 {'rot': 0.00668}
  t=   4.12  cb_yield           L2-CB0 {'rot': 0.00712}
  t=   4.12  cb_yield           L2-CB1 {'rot': 0.00705}
  t=   4.12  cb_yield           L2-CB2 {'rot': 0.00622}
  t=   4.12  cb_yield           L2-CB3 {'rot': 0.00615}
  t=   4.12  cb_yield           L3-CB0 {'rot': 0.00853}
  t=   4.12  cb_yield           L3-CB2 {'rot': 0.00734}
  t=   4.25  cb_yield           L1-CB0 {'rot': 0.00634}
  t=   4.25  cb_yield           L1-CB1 {'rot': 0.00623}
  t=   4.37  cb_yield           L1-CB2 {'rot': 0.00645}
  t=   4.37  cb_yield           L1-CB3 {'rot': 0.00631}
  t=   8.25  cb_failure         L6-CB3 {'rot': 0.01993}
  t=   8.25  cb_failure         L7-CB3 {'rot': 0.02013}
  t=   8.25  cb_failure         L8-CB3 {'rot': 0.01992}
  t=   8.38  cb_failure         L5-CB3 {'rot': 0.02081}
  t=   8.38  cb_failure         L9-CB3 {'rot': 0.02037}
  t=   8.50  cb_failure         L10-CB3 {'rot': 0.02087}
  t=   8.50  cb_failure         L11-CB3 {'rot': 0.01999}
  t=   8.63  cb_failure         L12-CB3 {'rot': 0.02229}
  t=   8.63  cb_failure         L13-CB3 {'rot': 0.02191}
  t=   8.63  cb_failure         L14-CB3 {'rot': 0.02138}
  t=   8.63  cb_failure         L15-CB3 {'rot': 0.02079}
  t=   8.63  cb_failure         L16-CB3 {'rot': 0.02017}
  t=   8.63  cb_yield           L25-CB2 {'rot': 0.00658}
  t=   8.63  cb_yield           L31-CB3 {'rot': 0.00965}
  t=   8.63  cb_yield           L32-CB3 {'rot': 0.00907}
  t=   8.63  cb_yield           L33-CB3 {'rot': 0.00795}
  t=   8.75  cb_failure         L11-CB1 {'rot': 0.0199}
  t=   8.75  cb_failure         L12-CB1 {'rot': 0.01995}
  t=   8.75  cb_failure         L13-CB1 {'rot': 0.0199}
  t=   8.75  cb_failure         L14-CB1 {'rot': 0.02039}
  t=   8.75  cb_failure         L17-CB3 {'rot': 0.02488}
  t=   8.75  cb_failure         L18-CB3 {'rot': 0.02434}
  t=   8.75  cb_failure         L19-CB3 {'rot': 0.02371}
  t=   8.75  cb_failure         L20-CB3 {'rot': 0.02304}
  t=   8.75  cb_failure         L21-CB3 {'rot': 0.02231}
  t=   8.75  cb_failure         L22-CB3 {'rot': 0.02151}
  t=   8.75  cb_failure         L23-CB3 {'rot': 0.02069}
  t=   8.75  cb_yield           L26-CB2 {'rot': 0.00828}
  t=   8.75  cb_yield           L27-CB2 {'rot': 0.00752}
  t=   8.75  cb_yield           L28-CB2 {'rot': 0.00682}
  t=   8.75  cb_yield           L31-CB1 {'rot': 0.00686}
  t=   8.88  cb_failure         L14-CB2 {'rot': 0.02027}
  t=   8.88  cb_failure         L15-CB1 {'rot': 0.02058}
  t=   8.88  cb_failure         L15-CB2 {'rot': 0.02044}
  t=   8.88  cb_failure         L16-CB1 {'rot': 0.02027}
  t=   8.88  cb_failure         L16-CB2 {'rot': 0.02039}
  t=   8.88  cb_failure         L24-CB3 {'rot': 0.02317}
  t=   8.88  cb_failure         L25-CB3 {'rot': 0.02192}
  t=   8.88  cb_failure         L26-CB3 {'rot': 0.02066}
  t=   8.88  cb_yield           L29-CB2 {'rot': 0.00725}
  t=   9.00  cb_failure         L17-CB1 {'rot': 0.02152}
  t=   9.00  cb_failure         L17-CB2 {'rot': 0.0217}
  t=   9.00  cb_failure         L18-CB1 {'rot': 0.02133}
  t=   9.00  cb_failure         L18-CB2 {'rot': 0.02164}
  t=   9.00  cb_failure         L19-CB1 {'rot': 0.02085}
  t=   9.00  cb_failure         L19-CB2 {'rot': 0.02127}
  t=   9.00  cb_failure         L20-CB2 {'rot': 0.02064}
  t=   9.00  cb_failure         L27-CB3 {'rot': 0.02177}
  t=   9.00  cb_failure         L28-CB3 {'rot': 0.02062}
  t=   9.00  cb_yield           L30-CB2 {'rot': 0.00716}
  t=   9.00  cb_failure         L33-CB3 {'rot': 0.02122}
  t=   9.13  cb_failure         L20-CB1 {'rot': 0.02175}
  t=   9.13  cb_failure         L21-CB1 {'rot': 0.02137}
  t=   9.13  cb_failure         L22-CB1 {'rot': 0.02071}
  t=   9.13  cb_failure         L29-CB3 {'rot': 0.02184}
  t=   9.13  cb_failure         L30-CB3 {'rot': 0.02067}
  t=   9.13  cb_yield           L31-CB2 {'rot': 0.0071}
  t=   9.13  cb_yield           L32-CB1 {'rot': 0.00993}
  t=   9.13  cb_yield           L33-CB1 {'rot': 0.00862}
  t=   9.25  cb_failure         L23-CB1 {'rot': 0.02293}
  t=   9.25  cb_failure         L24-CB1 {'rot': 0.02282}
  t=   9.25  cb_failure         L25-CB1 {'rot': 0.02246}
  t=   9.25  cb_yield           L26-CB0 {'rot': 0.00691}
  t=   9.25  cb_failure         L26-CB1 {'rot': 0.02184}
  t=   9.25  cb_failure         L27-CB1 {'rot': 0.02102}
  t=   9.25  cb_failure         L31-CB1 {'rot': 0.02273}
  t=   9.25  cb_failure         L31-CB3 {'rot': 0.02315}
  t=   9.25  cb_failure         L32-CB3 {'rot': 0.02246}
  t=   9.25  cb_failure         L33-CB1 {'rot': 0.02143}
  t=   9.38  cb_yield           L27-CB0 {'rot': 0.00811}
  t=   9.38  cb_yield           L28-CB0 {'rot': 0.00783}
  t=   9.38  cb_failure         L28-CB1 {'rot': 0.02358}
  t=   9.38  cb_yield           L29-CB0 {'rot': 0.00733}
  t=   9.38  cb_failure         L29-CB1 {'rot': 0.02324}
  t=   9.38  cb_failure         L30-CB1 {'rot': 0.02252}
  t=   9.38  cb_failure         L32-CB1 {'rot': 0.02083}
  t=   9.38  cb_yield           L32-CB2 {'rot': 0.00712}
  t=   9.38  cb_yield           L33-CB2 {'rot': 0.00671}
  t=   9.50  cb_yield           L30-CB0 {'rot': 0.0077}
  t=   9.50  cb_yield           L31-CB0 {'rot': 0.00709}
  progress t=  10.0s  max corner drift so far=0.0063  wall clock=112s
  t=  10.50  cb_yield           L32-CB0 {'rot': 0.00932}
  t=  10.50  cb_yield           L33-CB0 {'rot': 0.00905}
  t=  10.63  cb_failure         L2-CB2 {'rot': 0.01994}
  t=  10.63  cb_failure         L3-CB2 {'rot': 0.02325}
  t=  10.63  cb_failure         L3-CB3 {'rot': 0.02078}
  t=  10.63  cb_failure         L4-CB2 {'rot': 0.02523}
  t=  10.63  cb_failure         L4-CB3 {'rot': 0.02004}
  t=  10.63  cb_failure         L5-CB2 {'rot': 0.02571}
  t=  10.63  cb_failure         L6-CB2 {'rot': 0.02507}
  t=  10.63  cb_failure         L7-CB2 {'rot': 0.02365}
  t=  10.63  cb_failure         L8-CB2 {'rot': 0.02179}
  t=  10.75  cb_failure         L1-CB0 {'rot': 0.02073}
  t=  10.75  cb_failure         L2-CB0 {'rot': 0.02559}
  t=  10.75  cb_failure         L2-CB3 {'rot': 0.02336}
  t=  10.75  cb_failure         L3-CB0 {'rot': 0.02807}
  t=  10.75  cb_failure         L4-CB0 {'rot': 0.02913}
  t=  10.75  cb_failure         L5-CB0 {'rot': 0.02862}
  t=  10.75  cb_failure         L6-CB0 {'rot': 0.02694}
  t=  10.75  cb_failure         L7-CB0 {'rot': 0.02448}
  t=  10.75  cb_failure         L8-CB0 {'rot': 0.02164}
  t=  10.75  cb_failure         L9-CB2 {'rot': 0.02598}
  t=  10.75  cb_failure         L10-CB2 {'rot': 0.02273}
  t= 10.775  solver fallback: Newton
  t= 10.800  solver fallback: Newton
  t= 10.825  solver fallback: Newton
  t=  10.88  cb_failure         L1-CB2 {'rot': 0.02091}
  t=  10.88  cb_failure         L3-CB1 {'rot': 0.02195}
  t=  10.88  cb_failure         L4-CB1 {'rot': 0.02288}
  t=  10.88  cb_failure         L5-CB1 {'rot': 0.02209}
  t=  10.88  cb_failure         L6-CB1 {'rot': 0.02016}
  t=  10.88  cb_failure         L7-CB1 {'rot': 0.02049}
  t=  10.88  cb_failure         L9-CB0 {'rot': 0.02019}
  t=  10.88  cb_failure         L11-CB2 {'rot': 0.021}
  t= 10.975  solver fallback: Newton
  t=  11.00  cb_failure         L1-CB3 {'rot': 0.02236}
  t=  11.00  cb_failure         L2-CB1 {'rot': 0.0251}
  t=  11.00  cb_failure         L8-CB1 {'rot': 0.02099}
  t=  11.00  cb_failure         L10-CB0 {'rot': 0.0199}
  t=  11.13  cb_failure         L1-CB1 {'rot': 0.02005}
  t=  11.13  cb_failure         L9-CB1 {'rot': 0.02527}
  t=  11.13  cb_failure         L10-CB1 {'rot': 0.02049}
  t= 11.200  solver fallback: Newton
  t=  11.25  cb_failure         L11-CB0 {'rot': 0.02541}
  t=  11.25  cb_failure         L12-CB0 {'rot': 0.02167}
  t=  11.25  cb_failure         L12-CB2 {'rot': 0.02276}
  t=  11.25  cb_failure         L13-CB0 {'rot': 0.02094}
  t=  11.38  cb_failure         L13-CB2 {'rot': 0.02497}
  t=  11.38  cb_failure         L14-CB0 {'rot': 0.02431}
  t=  11.38  cb_failure         L15-CB0 {'rot': 0.02146}
  t=  11.50  cb_failure         L16-CB0 {'rot': 0.03023}
  t=  11.50  cb_failure         L17-CB0 {'rot': 0.02795}
  t=  11.50  cb_failure         L18-CB0 {'rot': 0.02568}
  t=  11.50  cb_failure         L19-CB0 {'rot': 0.02331}
  t=  11.50  cb_failure         L20-CB0 {'rot': 0.02104}
  t=  11.63  cb_failure         L21-CB0 {'rot': 0.02824}
  t=  11.63  cb_failure         L21-CB2 {'rot': 0.02215}
  t=  11.63  cb_failure         L22-CB0 {'rot': 0.02464}
  t=  11.63  cb_failure         L23-CB0 {'rot': 0.02093}
  t=  11.63  cb_failure         L23-CB2 {'rot': 0.02148}
  t=  11.75  cb_failure         L22-CB2 {'rot': 0.02735}
  t=  11.75  cb_failure         L24-CB0 {'rot': 0.02479}
  t=  11.75  cb_failure         L25-CB0 {'rot': 0.02215}
  t=  11.88  cb_failure         L24-CB2 {'rot': 0.02291}
  t=  12.00  cb_failure         L25-CB2 {'rot': 0.02267}
  t=  12.00  cb_failure         L26-CB0 {'rot': 0.02539}
  t=  12.13  cb_failure         L26-CB2 {'rot': 0.02266}
  t=  12.13  cb_failure         L27-CB0 {'rot': 0.02697}
  t=  12.13  cb_failure         L28-CB0 {'rot': 0.02334}
  t=  12.25  cb_failure         L27-CB2 {'rot': 0.02163}
  t=  12.25  cb_failure         L29-CB0 {'rot': 0.02338}
  t=  13.00  cb_failure         L28-CB2 {'rot': 0.0251}
  t=  13.00  cb_failure         L29-CB2 {'rot': 0.02434}
  t=  13.00  cb_failure         L30-CB2 {'rot': 0.0229}
  t=  13.00  cb_failure         L31-CB2 {'rot': 0.02117}
  t=  15.00  cb_failure         L32-CB2 {'rot': 0.02976}
  t=  15.00  cb_failure         L33-CB2 {'rot': 0.02911}
  t=  15.13  cb_failure         L30-CB0 {'rot': 0.03118}
  t=  15.13  cb_failure         L31-CB0 {'rot': 0.02916}
  t=  15.13  cb_failure         L32-CB0 {'rot': 0.02762}
  t=  15.13  cb_failure         L33-CB0 {'rot': 0.02708}
  t=  15.33  wall_axial_failure S1-F {'gamma': 0.00062, 'eps': -0.00904, 'cause': 'crushing'}
