  progress t=  10.0s  max corner drift so far=0.0017  wall clock=114s
  t=  11.25  cb_yield           L12-CB1 {'rot': 0.00593}
  t=  11.25  cb_yield           L13-CB1 {'rot': 0.00615}
  t=  11.25  cb_yield           L14-CB0 {'rot': 0.00608}
  t=  11.25  cb_yield           L14-CB1 {'rot': 0.00633}
  t=  11.25  cb_yield           L15-CB0 {'rot': 0.00625}
  t=  11.25  cb_yield           L15-CB1 {'rot': 0.0065}
  t=  11.25  cb_yield           L16-CB0 {'rot': 0.0064}
  t=  11.25  cb_yield           L16-CB1 {'rot': 0.00664}
  t=  11.25  cb_yield           L17-CB0 {'rot': 0.00653}
  t=  11.25  cb_yield           L17-CB1 {'rot': 0.00675}
  t=  11.25  cb_yield           L18-CB0 {'rot': 0.00661}
  t=  11.25  cb_yield           L18-CB1 {'rot': 0.0068}
  t=  11.25  cb_yield           L19-CB0 {'rot': 0.00661}
  t=  11.25  cb_yield           L19-CB1 {'rot': 0.00678}
  t=  11.25  cb_yield           L20-CB0 {'rot': 0.00657}
  t=  11.25  cb_yield           L20-CB1 {'rot': 0.00672}
  t=  11.25  cb_yield           L21-CB1 {'rot': 0.00659}
  t=  11.38  cb_yield           L10-CB1 {'rot': 0.00619}
  t=  11.38  cb_yield           L11-CB0 {'rot': 0.00606}
  t=  11.38  cb_yield           L11-CB1 {'rot': 0.00651}
  t=  11.38  cb_yield           L12-CB0 {'rot': 0.00638}
  t=  11.38  cb_yield           L13-CB0 {'rot': 0.00668}
  t=  11.50  cb_yield           L9-CB1 {'rot': 0.00621}
  t=  11.50  cb_yield           L10-CB0 {'rot': 0.00617}
  t=  12.75  cb_yield           L7-CB1 {'rot': 0.00618}
  t=  12.75  cb_yield           L8-CB1 {'rot': 0.00648}
  t=  12.88  cb_yield           L5-CB1 {'rot': 0.00602}
  t=  12.88  cb_yield           L6-CB1 {'rot': 0.00636}
  t=  13.00  cb_yield           L4-CB1 {'rot': 0.0059}
  t=  13.13  cb_yield           L7-CB3 {'rot': 0.006}
  t=  13.13  cb_yield           L8-CB3 {'rot': 0.00602}
  t=  13.13  cb_yield           L9-CB3 {'rot': 0.006}
  t=  13.13  cb_yield           L10-CB3 {'rot': 0.00595}
  t=  13.25  cb_yield           L4-CB3 {'rot': 0.00592}
  t=  13.25  cb_yield           L5-CB2 {'rot': 0.00591}
  t=  13.25  cb_yield           L5-CB3 {'rot': 0.00641}
  t=  13.25  cb_yield           L6-CB2 {'rot': 0.00614}
  t=  13.25  cb_yield           L6-CB3 {'rot': 0.00674}
  t=  13.25  cb_yield           L7-CB2 {'rot': 0.00623}
  t=  13.25  cb_yield           L8-CB2 {'rot': 0.00622}
  t=  13.25  cb_yield           L9-CB2 {'rot': 0.0061}
  t=  13.25  cb_yield           L10-CB2 {'rot': 0.00591}
  t=  13.25  cb_yield           L11-CB3 {'rot': 0.00686}
  t=  13.25  cb_yield           L12-CB3 {'rot': 0.00669}
  t=  13.25  cb_yield           L13-CB3 {'rot': 0.00648}
  t=  13.25  cb_yield           L14-CB3 {'rot': 0.00624}
  t=  13.25  cb_yield           L15-CB3 {'rot': 0.00598}
  t=  13.38  cb_yield           L4-CB2 {'rot': 0.00605}
  t=  13.38  cb_yield           L11-CB2 {'rot': 0.00619}
  t=  13.38  cb_yield           L12-CB2 {'rot': 0.00595}
  t=  13.38  cb_yield           L16-CB3 {'rot': 0.0061}
  t=  18.50  cb_yield           L18-CB3 {'rot': 0.00654}
  t=  18.50  cb_yield           L19-CB3 {'rot': 0.00663}
  t=  18.50  cb_yield           L20-CB3 {'rot': 0.00668}
  t=  18.50  cb_yield           L21-CB3 {'rot': 0.00667}
  t=  18.50  cb_yield           L22-CB3 {'rot': 0.00659}
  t=  18.63  cb_yield           L17-CB3 {'rot': 0.007}
  t=  18.75  cb_yield           L13-CB2 {'rot': 0.00658}
  t=  18.75  cb_yield           L14-CB2 {'rot': 0.00649}
  t=  18.75  cb_yield           L15-CB2 {'rot': 0.00631}
  t=  18.75  cb_yield           L16-CB2 {'rot': 0.00605}
  t=  19.25  cb_yield           L6-CB0 {'rot': 0.00604}
  t=  19.25  cb_yield           L7-CB0 {'rot': 0.00602}
  t=  19.87  cb_yield           L22-CB1 {'rot': 0.00686}
  t=  19.87  cb_yield           L23-CB1 {'rot': 0.00678}
  t=  19.87  cb_yield           L24-CB1 {'rot': 0.0066}
  progress t=  20.0s  max corner drift so far=0.0034  wall clock=236s
  t=  20.25  cb_yield           L5-CB0 {'rot': 0.00596}
  t=  20.25  cb_yield           L8-CB0 {'rot': 0.00709}
  t=  20.25  cb_yield           L9-CB0 {'rot': 0.00721}
  t=  20.87  cb_yield           L25-CB1 {'rot': 0.00699}
  t=  20.87  cb_yield           L26-CB1 {'rot': 0.00683}
  t=  20.87  cb_yield           L27-CB1 {'rot': 0.00663}
  t=  22.12  cb_yield           L3-CB0 {'rot': 0.006}
  t=  22.12  cb_yield           L3-CB1 {'rot': 0.00677}
  t=  22.12  cb_yield           L4-CB0 {'rot': 0.00652}
  t=  22.25  cb_yield           L2-CB0 {'rot': 0.00638}
  t=  22.25  cb_yield           L2-CB1 {'rot': 0.0072}
  t=  24.50  cb_yield           L2-CB3 {'rot': 0.00624}
  t=  24.50  cb_yield           L3-CB2 {'rot': 0.00598}
  t=  24.50  cb_yield           L3-CB3 {'rot': 0.00745}
  t=  24.62  cb_yield           L2-CB2 {'rot': 0.00591}
  t=  25.00  cb_yield           L23-CB3 {'rot': 0.00654}
  t=  25.12  cb_yield           L17-CB2 {'rot': 0.00653}
  t=  25.12  cb_yield           L21-CB0 {'rot': 0.00727}
  t=  25.12  cb_yield           L22-CB0 {'rot': 0.00674}
  t=  25.12  cb_yield           L28-CB1 {'rot': 0.00702}
  t=  25.25  cb_yield           L23-CB0 {'rot': 0.00764}
  t=  25.25  cb_yield           L24-CB0 {'rot': 0.00715}
  t=  25.25  cb_yield           L24-CB3 {'rot': 0.00726}
  t=  25.25  cb_yield           L25-CB0 {'rot': 0.00659}
  t=  25.25  cb_yield           L25-CB3 {'rot': 0.00669}
  t=  25.25  cb_yield           L29-CB1 {'rot': 0.00823}
  t=  25.25  cb_yield           L30-CB1 {'rot': 0.0076}
  t=  25.25  cb_yield           L31-CB1 {'rot': 0.00705}
  t=  25.25  cb_yield           L32-CB1 {'rot': 0.00663}
  t=  25.37  cb_yield           L26-CB3 {'rot': 0.00679}
  t=  25.37  cb_yield           L33-CB1 {'rot': 0.00675}
  t=  25.50  cb_yield           L27-CB3 {'rot': 0.00656}
  t=  26.87  cb_yield           L28-CB3 {'rot': 0.0071}
  t=  26.87  cb_yield           L29-CB3 {'rot': 0.00684}
  t=  27.37  cb_yield           L26-CB0 {'rot': 0.00764}
  t=  27.37  cb_yield           L27-CB0 {'rot': 0.00714}
  t=  27.37  cb_yield           L28-CB0 {'rot': 0.00665}
  t=  27.50  cb_yield           L29-CB0 {'rot': 0.00677}
  t=  28.12  cb_yield           L30-CB0 {'rot': 0.00687}
  t=  28.25  cb_yield           L31-CB0 {'rot': 0.00677}
  t=  29.50  cb_yield           L30-CB3 {'rot': 0.00772}
  t=  29.50  cb_yield           L31-CB3 {'rot': 0.00717}
  t=  29.50  cb_yield           L32-CB3 {'rot': 0.00671}
  t=  29.62  cb_yield           L20-CB2 {'rot': 0.00679}
  t=  29.62  cb_yield           L21-CB2 {'rot': 0.00699}
  t=  29.62  cb_yield           L22-CB2 {'rot': 0.00708}
  t=  29.62  cb_yield           L23-CB2 {'rot': 0.00705}
  t=  29.62  cb_yield           L24-CB2 {'rot': 0.0069}
  t=  29.62  cb_yield           L25-CB2 {'rot': 0.00662}
  t=  29.62  cb_yield           L33-CB3 {'rot': 0.0066}
  t=  29.75  cb_yield           L19-CB2 {'rot': 0.00682}
  progress t=  30.0s  max corner drift so far=0.0054  wall clock=365s
  t=  34.12  cb_failure         L26-CB1 {'rot': 0.02112}
  t=  39.50  cb_failure         L13-CB3 {'rot': 0.02026}
  t=  39.50  cb_yield           L18-CB2 {'rot': 0.00793}
  t=  39.75  cb_failure         L24-CB3 {'rot': 0.0218}
  t=  40.00  cb_failure         L14-CB3 {'rot': 0.02069}
  t=  40.00  cb_failure         L15-CB3 {'rot': 0.0211}
  t=  40.00  cb_failure         L16-CB1 {'rot': 0.02038}
  t=  40.00  cb_failure         L16-CB3 {'rot': 0.0214}
  t=  40.00  cb_failure         L17-CB1 {'rot': 0.02106}
  t=  40.00  cb_failure         L17-CB3 {'rot': 0.02164}
  t=  40.00  cb_failure         L18-CB1 {'rot': 0.02163}
  t=  40.00  cb_failure         L18-CB3 {'rot': 0.02176}
  t=  40.00  cb_failure         L19-CB1 {'rot': 0.02207}
  t=  40.00  cb_failure         L19-CB3 {'rot': 0.02177}
  t=  40.00  cb_failure         L20-CB1 {'rot': 0.0224}
  t=  40.00  cb_failure         L20-CB3 {'rot': 0.02169}
  t=  40.00  cb_failure         L21-CB1 {'rot': 0.02259}
  t=  40.00  cb_failure         L21-CB3 {'rot': 0.02151}
  t=  40.00  cb_failure         L22-CB1 {'rot': 0.02264}
  t=  40.00  cb_failure         L22-CB3 {'rot': 0.02121}
  t=  40.00  cb_failure         L23-CB1 {'rot': 0.02255}
  t=  40.00  cb_failure         L23-CB3 {'rot': 0.02082}
  t=  40.00  cb_failure         L24-CB1 {'rot': 0.02233}
  t=  40.00  cb_failure         L25-CB1 {'rot': 0.02202}
  t=  40.00  cb_failure         L27-CB1 {'rot': 0.02119}
  t=  40.00  cb_failure         L28-CB1 {'rot': 0.02075}
  t=  40.00  cb_failure         L28-CB3 {'rot': 0.02271}
  t=  40.00  cb_failure         L30-CB3 {'rot': 0.02287}
  t=  40.00  cb_failure         L31-CB1 {'rot': 0.02253}
  t=  40.00  cb_failure         L32-CB1 {'rot': 0.02252}
  t=  40.00  cb_failure         L32-CB3 {'rot': 0.02156}
  t=  40.00  cb_failure         L33-CB1 {'rot': 0.02326}
  progress t=  40.0s  max corner drift so far=0.0054  wall clock=497s
  t=  40.12  cb_failure         L15-CB1 {'rot': 0.02025}
  t=  40.50  cb_failure         L7-CB1 {'rot': 0.02}
  t=  40.50  cb_failure         L8-CB1 {'rot': 0.02092}
  t=  40.50  cb_failure         L9-CB1 {'rot': 0.02012}
  t=  46.75  cb_yield           L26-CB2 {'rot': 0.00772}
  t=  46.75  cb_yield           L27-CB2 {'rot': 0.0068}
  t=  46.87  cb_yield           L28-CB2 {'rot': 0.0066}
  t=  48.25  cb_yield           L1-CB0 {'rot': 0.00642}
  t=  48.25  cb_yield           L1-CB1 {'rot': 0.00753}
  t=  48.25  cb_yield           L1-CB2 {'rot': 0.00645}
  t=  48.25  cb_yield           L1-CB3 {'rot': 0.00706}
  t=  48.37  cb_failure         L4-CB3 {'rot': 0.02092}
  t=  48.37  cb_failure         L5-CB3 {'rot': 0.02078}
  t=  48.37  cb_failure         L6-CB3 {'rot': 0.02068}
  t=  48.37  cb_failure         L7-CB3 {'rot': 0.02061}
  t=  48.37  cb_failure         L8-CB3 {'rot': 0.02063}
  t=  48.87  cb_failure         L10-CB3 {'rot': 0.02}
  t=  48.87  cb_failure         L11-CB3 {'rot': 0.02068}
  t=  48.87  cb_failure         L12-CB3 {'rot': 0.02132}
  t=  48.87  cb_failure         L25-CB3 {'rot': 0.02259}
  t=  48.87  cb_failure         L26-CB3 {'rot': 0.02207}
  t=  48.87  cb_failure         L27-CB3 {'rot': 0.02149}
  t=  48.87  cb_failure         L33-CB3 {'rot': 0.02319}
  t=  49.00  cb_failure         L13-CB1 {'rot': 0.02003}
  t=  49.00  cb_failure         L14-CB1 {'rot': 0.02096}
  t=  49.00  cb_yield           L29-CB2 {'rot': 0.0071}
  t=  49.00  cb_failure         L29-CB3 {'rot': 0.02553}
  t=  49.00  cb_failure         L31-CB3 {'rot': 0.02401}
  t=  49.12  cb_failure         L29-CB1 {'rot': 0.02218}
  t=  49.12  cb_failure         L30-CB1 {'rot': 0.02127}
  t=  49.12  cb_yield           L30-CB2 {'rot': 0.00778}
  t=  49.12  cb_yield           L31-CB2 {'rot': 0.00669}
  t=  49.37  cb_yield           L32-CB2 {'rot': 0.00653}
  progress t=  50.0s  max corner drift so far=0.0061  wall clock=627s
  t=  58.87  cb_failure         L9-CB3 {'rot': 0.02069}
  t=  58.87  cb_failure         L10-CB1 {'rot': 0.02144}
  t=  58.87  cb_failure         L11-CB1 {'rot': 0.02215}
  t=  58.87  cb_failure         L12-CB1 {'rot': 0.02281}
  t=  59.12  cb_failure         L6-CB1 {'rot': 0.02137}
  t=  59.12  cb_failure         L11-CB2 {'rot': 0.02002}
  t=  59.12  cb_failure         L12-CB2 {'rot': 0.02029}
  t=  59.12  cb_failure         L13-CB2 {'rot': 0.02041}
  t=  59.12  cb_failure         L14-CB2 {'rot': 0.02031}
  t=  59.12  cb_failure         L15-CB2 {'rot': 0.02005}
  t=  59.25  cb_failure         L5-CB1 {'rot': 0.02192}
  t=  59.25  cb_failure         L6-CB2 {'rot': 0.02068}
  t=  59.25  cb_failure         L7-CB2 {'rot': 0.02174}
  t=  59.25  cb_failure         L8-CB2 {'rot': 0.02244}
  t=  59.25  cb_failure         L9-CB2 {'rot': 0.02284}
  t=  59.25  cb_failure         L10-CB2 {'rot': 0.02299}
  t=  59.25  cb_failure         L16-CB2 {'rot': 0.02016}
  t= 59.250  solver fallback: Newton
  t= 59.275  solver fallback: Newton
  t=  59.37  cb_failure         L4-CB1 {'rot': 0.02011}
  t=  59.37  cb_failure         L5-CB2 {'rot': 0.02044}
  t=  59.50  cb_failure         L3-CB3 {'rot': 0.02086}
  progress t=  60.0s  max corner drift so far=0.0071  wall clock=759s
  t=  62.12  cb_failure         L8-CB0 {'rot': 0.01994}
  t=  62.12  cb_failure         L9-CB0 {'rot': 0.01995}
  t=  62.12  cb_failure         L10-CB0 {'rot': 0.01992}
  t= 62.175  solver fallback: Newton
  t= 62.200  solver fallback: Newton
  t=  65.00  cb_failure         L7-CB0 {'rot': 0.02005}
  t=  65.00  cb_failure         L17-CB2 {'rot': 0.02098}
  t=  65.12  cb_failure         L11-CB0 {'rot': 0.02197}
  t=  65.12  cb_failure         L12-CB0 {'rot': 0.02192}
  t=  65.12  cb_failure         L13-CB0 {'rot': 0.02169}
  t=  65.12  cb_failure         L14-CB0 {'rot': 0.02126}
  t=  65.12  cb_failure         L15-CB0 {'rot': 0.02068}
  t=  65.12  cb_failure         L16-CB0 {'rot': 0.01997}
  t=  65.12  cb_failure         L18-CB2 {'rot': 0.02103}
  t=  65.37  cb_failure         L6-CB0 {'rot': 0.02009}
  t=  65.37  cb_failure         L17-CB0 {'rot': 0.02071}
  t=  65.50  cb_failure         L5-CB0 {'rot': 0.02002}
  progress t=  70.0s  max corner drift so far=0.0071  wall clock=889s
  progress t=  80.0s  max corner drift so far=0.0071  wall clock=1010s
  progress t=  90.0s  max corner drift so far=0.0071  wall clock=1133s
  progress t= 100.0s  max corner drift so far=0.0071  wall clock=1256s
