  t=   7.63  cb_yield           L6-CB3 {'rot': 0.00589}
  t=   7.63  cb_yield           L7-CB3 {'rot': 0.00611}
  t=   7.63  cb_yield           L8-CB3 {'rot': 0.00623}
  t=   7.63  cb_yield           L9-CB3 {'rot': 0.00629}
  t=   7.63  cb_yield           L10-CB3 {'rot': 0.0063}
  t=   7.63  cb_yield           L11-CB3 {'rot': 0.00626}
  t=   7.63  cb_yield           L12-CB3 {'rot': 0.0062}
  t=   7.63  cb_yield           L13-CB3 {'rot': 0.0061}
  t=   7.63  cb_yield           L14-CB3 {'rot': 0.00596}
  t=   7.75  cb_yield           L5-CB3 {'rot': 0.00592}
  t=   9.63  cb_yield           L6-CB2 {'rot': 0.00606}
  t=   9.63  cb_yield           L7-CB2 {'rot': 0.00632}
  t=   9.63  cb_yield           L8-CB2 {'rot': 0.00646}
  t=   9.63  cb_yield           L9-CB2 {'rot': 0.00652}
  t=   9.63  cb_yield           L10-CB2 {'rot': 0.00647}
  t=   9.63  cb_yield           L11-CB2 {'rot': 0.00633}
  t=   9.63  cb_yield           L12-CB2 {'rot': 0.00613}
  t=   9.75  cb_yield           L4-CB2 {'rot': 0.00606}
  t=   9.75  cb_yield           L4-CB3 {'rot': 0.00593}
  t=   9.75  cb_yield           L5-CB2 {'rot': 0.00651}
  progress t=  10.0s  max corner drift so far=0.0032  wall clock=118s
  t=  11.75  cb_yield           L3-CB2 {'rot': 0.00603}
  t=  11.75  cb_yield           L3-CB3 {'rot': 0.00638}
  t=  11.88  cb_yield           L2-CB2 {'rot': 0.00618}
  t=  11.88  cb_yield           L2-CB3 {'rot': 0.00632}
  t=  11.88  cb_yield           L13-CB2 {'rot': 0.00644}
  t=  11.88  cb_yield           L14-CB2 {'rot': 0.0059}
  t=  11.88  cb_yield           L15-CB3 {'rot': 0.00668}
  t=  11.88  cb_yield           L16-CB3 {'rot': 0.00623}
  t=  12.00  cb_yield           L15-CB2 {'rot': 0.00627}
  t=  12.00  cb_yield           L17-CB3 {'rot': 0.007}
  t=  12.00  cb_yield           L18-CB3 {'rot': 0.00659}
  t=  12.13  cb_yield           L5-CB1 {'rot': 0.006}
  t=  12.13  cb_yield           L6-CB1 {'rot': 0.00611}
  t=  12.13  cb_yield           L7-CB1 {'rot': 0.00607}
  t=  12.13  cb_yield           L8-CB1 {'rot': 0.00592}
  t=  12.13  cb_yield           L16-CB2 {'rot': 0.00694}
  t=  12.13  cb_yield           L19-CB3 {'rot': 0.00761}
  t=  12.13  cb_yield           L20-CB3 {'rot': 0.00724}
  t=  12.13  cb_yield           L21-CB3 {'rot': 0.00689}
  t=  12.13  cb_yield           L22-CB3 {'rot': 0.00656}
  t=  12.25  cb_yield           L9-CB1 {'rot': 0.00628}
  t=  12.25  cb_yield           L10-CB1 {'rot': 0.00621}
  t=  12.25  cb_yield           L11-CB1 {'rot': 0.00611}
  t=  12.25  cb_yield           L12-CB1 {'rot': 0.00599}
  t=  12.25  cb_yield           L17-CB2 {'rot': 0.00772}
  t=  12.25  cb_yield           L18-CB2 {'rot': 0.00729}
  t=  12.25  cb_yield           L19-CB2 {'rot': 0.00685}
  t=  12.25  cb_yield           L23-CB3 {'rot': 0.00792}
  t=  12.25  cb_yield           L24-CB3 {'rot': 0.00753}
  t=  12.25  cb_yield           L25-CB3 {'rot': 0.00714}
  t=  12.25  cb_yield           L26-CB3 {'rot': 0.00676}
  t=  12.38  cb_yield           L13-CB1 {'rot': 0.00748}
  t=  12.38  cb_yield           L14-CB1 {'rot': 0.00755}
  t=  12.38  cb_yield           L15-CB1 {'rot': 0.00761}
  t=  12.38  cb_yield           L16-CB1 {'rot': 0.00762}
  t=  12.38  cb_yield           L17-CB1 {'rot': 0.0076}
  t=  12.38  cb_yield           L18-CB1 {'rot': 0.00753}
  t=  12.38  cb_yield           L19-CB1 {'rot': 0.00741}
  t=  12.38  cb_yield           L20-CB1 {'rot': 0.00725}
  t=  12.38  cb_yield           L20-CB2 {'rot': 0.00781}
  t=  12.38  cb_yield           L21-CB1 {'rot': 0.00704}
  t=  12.38  cb_yield           L21-CB2 {'rot': 0.00738}
  t=  12.38  cb_yield           L22-CB1 {'rot': 0.00679}
  t=  12.38  cb_yield           L22-CB2 {'rot': 0.00689}
  t=  12.38  cb_yield           L27-CB3 {'rot': 0.0075}
  t=  12.38  cb_yield           L28-CB3 {'rot': 0.00694}
  t=  12.50  cb_yield           L4-CB1 {'rot': 0.00667}
  t=  12.50  cb_yield           L9-CB0 {'rot': 0.00592}
  t=  12.50  cb_yield           L10-CB0 {'rot': 0.00595}
  t=  12.50  cb_yield           L11-CB0 {'rot': 0.00598}
  t=  12.50  cb_yield           L12-CB0 {'rot': 0.00603}
  t=  12.50  cb_yield           L13-CB0 {'rot': 0.00609}
  t=  12.50  cb_yield           L14-CB0 {'rot': 0.00613}
  t=  12.50  cb_yield           L15-CB0 {'rot': 0.00616}
  t=  12.50  cb_yield           L16-CB0 {'rot': 0.00618}
  t=  12.50  cb_yield           L23-CB1 {'rot': 0.00908}
  t=  12.50  cb_yield           L23-CB2 {'rot': 0.00693}
  t=  12.50  cb_yield           L24-CB1 {'rot': 0.00855}
  t=  12.50  cb_yield           L25-CB1 {'rot': 0.00798}
  t=  12.50  cb_yield           L26-CB1 {'rot': 0.00738}
  t=  12.50  cb_yield           L27-CB1 {'rot': 0.00678}
  t=  12.50  cb_yield           L29-CB3 {'rot': 0.00753}
  t=  12.50  cb_yield           L30-CB3 {'rot': 0.00691}
  t=  12.63  cb_yield           L3-CB1 {'rot': 0.00656}
  t=  12.63  cb_yield           L5-CB0 {'rot': 0.00636}
  t=  12.63  cb_yield           L6-CB0 {'rot': 0.0068}
  t=  12.63  cb_yield           L7-CB0 {'rot': 0.00713}
  t=  12.63  cb_yield           L8-CB0 {'rot': 0.00738}
  t=  12.63  cb_yield           L17-CB0 {'rot': 0.0074}
  t=  12.63  cb_yield           L18-CB0 {'rot': 0.00712}
  t=  12.63  cb_yield           L19-CB0 {'rot': 0.00681}
  t=  12.63  cb_yield           L28-CB1 {'rot': 0.00788}
  t=  12.63  cb_yield           L29-CB1 {'rot': 0.00725}
  t=  12.63  cb_yield           L30-CB1 {'rot': 0.0066}
  t=  12.63  cb_yield           L31-CB3 {'rot': 0.0072}
  t=  12.63  cb_yield           L32-CB3 {'rot': 0.00673}
  t=  12.75  cb_yield           L4-CB0 {'rot': 0.00644}
  t=  12.75  cb_failure         L14-CB1 {'rot': 0.02048}
  t=  12.75  cb_yield           L20-CB0 {'rot': 0.00718}
  t=  12.75  cb_yield           L21-CB0 {'rot': 0.00671}
  t=  12.75  cb_yield           L31-CB1 {'rot': 0.00729}
  t=  12.75  cb_yield           L32-CB1 {'rot': 0.00681}
  t=  12.88  cb_yield           L2-CB1 {'rot': 0.00637}
  t=  12.88  cb_yield           L3-CB0 {'rot': 0.00611}
  t=  12.88  cb_yield           L22-CB0 {'rot': 0.00687}
  t=  14.63  cb_yield           L2-CB0 {'rot': 0.00647}
  t=  14.75  cb_yield           L1-CB2 {'rot': 0.00595}
  t=  14.88  cb_yield           L1-CB3 {'rot': 0.00607}
  t=  17.25  cb_yield           L23-CB0 {'rot': 0.00705}
  t=  17.25  cb_yield           L33-CB1 {'rot': 0.00726}
  t=  17.38  cb_failure         L12-CB1 {'rot': 0.02049}
  t=  17.38  cb_failure         L13-CB1 {'rot': 0.02113}
  t=  17.38  cb_failure         L15-CB1 {'rot': 0.02192}
  t=  17.38  cb_failure         L16-CB1 {'rot': 0.02209}
  t=  17.38  cb_failure         L17-CB1 {'rot': 0.02214}
  t=  17.38  cb_failure         L18-CB1 {'rot': 0.02203}
  t=  17.38  cb_failure         L19-CB1 {'rot': 0.02178}
  t=  17.38  cb_failure         L20-CB1 {'rot': 0.02141}
  t=  17.38  cb_failure         L21-CB1 {'rot': 0.02089}
  t=  17.38  cb_failure         L21-CB3 {'rot': 0.02214}
  t=  17.38  cb_yield           L24-CB0 {'rot': 0.00724}
  t=  17.38  cb_failure         L25-CB1 {'rot': 0.02276}
  t=  17.38  cb_yield           L33-CB3 {'rot': 0.00799}
  t=  17.50  cb_failure         L10-CB1 {'rot': 0.01999}
  t=  17.50  cb_failure         L11-CB1 {'rot': 0.02084}
  t=  17.50  cb_failure         L22-CB1 {'rot': 0.02102}
  t=  17.50  cb_yield           L25-CB0 {'rot': 0.00663}
  t=  17.63  cb_yield           L1-CB1 {'rot': 0.00625}
  t=  17.63  cb_failure         L9-CB1 {'rot': 0.02038}
  t=  17.63  cb_failure         L23-CB1 {'rot': 0.0208}
  t=  17.63  cb_failure         L26-CB3 {'rot': 0.02182}
  t=  17.75  cb_failure         L7-CB1 {'rot': 0.02001}
  t=  17.75  cb_failure         L8-CB1 {'rot': 0.02081}
  t=  17.88  cb_yield           L1-CB0 {'rot': 0.00639}
  t=  17.88  cb_failure         L6-CB1 {'rot': 0.02047}
  t=  18.00  cb_failure         L5-CB1 {'rot': 0.02033}
  t=  18.00  cb_failure         L6-CB3 {'rot': 0.02111}
  progress t=  20.0s  max corner drift so far=0.0046  wall clock=247s
  t=  25.00  cb_yield           L24-CB2 {'rot': 0.0068}
  t=  25.12  cb_yield           L25-CB2 {'rot': 0.00713}
  t=  25.25  cb_yield           L26-CB2 {'rot': 0.00693}
  progress t=  30.0s  max corner drift so far=0.0050  wall clock=374s
  t=  37.87  cb_yield           L26-CB0 {'rot': 0.00725}
  t=  37.87  cb_yield           L27-CB0 {'rot': 0.00712}
  t=  37.87  cb_yield           L28-CB0 {'rot': 0.00688}
  progress t=  40.0s  max corner drift so far=0.0052  wall clock=500s
  t=  44.25  cb_yield           L27-CB2 {'rot': 0.00707}
  t=  44.25  cb_yield           L28-CB2 {'rot': 0.00655}
  t=  45.75  cb_failure         L4-CB1 {'rot': 0.02102}
  t=  45.75  cb_failure         L5-CB2 {'rot': 0.02086}
  t=  45.75  cb_failure         L6-CB2 {'rot': 0.02127}
  t=  45.75  cb_failure         L7-CB2 {'rot': 0.02114}
  t=  45.75  cb_failure         L8-CB2 {'rot': 0.02056}
  t=  45.75  cb_failure         L9-CB0 {'rot': 0.02069}
  t=  45.87  cb_failure         L4-CB2 {'rot': 0.02045}
  t=  45.87  cb_failure         L5-CB3 {'rot': 0.02061}
  t=  45.87  cb_failure         L7-CB3 {'rot': 0.02092}
  t=  45.87  cb_failure         L8-CB3 {'rot': 0.0203}
  t=  45.87  cb_failure         L9-CB2 {'rot': 0.02091}
  t=  47.37  cb_failure         L24-CB1 {'rot': 0.02164}
  t=  47.37  cb_failure         L33-CB1 {'rot': 0.02121}
  t=  47.50  cb_failure         L16-CB3 {'rot': 0.02026}
  t=  47.50  cb_failure         L17-CB3 {'rot': 0.02111}
  t=  47.50  cb_failure         L18-CB3 {'rot': 0.02177}
  t=  47.50  cb_failure         L19-CB3 {'rot': 0.02225}
  t=  47.50  cb_failure         L20-CB3 {'rot': 0.02258}
  t=  47.50  cb_failure         L22-CB3 {'rot': 0.02268}
  t=  47.50  cb_failure         L23-CB3 {'rot': 0.02245}
  t=  47.50  cb_failure         L24-CB3 {'rot': 0.02205}
  t=  47.50  cb_failure         L25-CB3 {'rot': 0.02151}
  t=  47.50  cb_failure         L26-CB1 {'rot': 0.02404}
  t=  47.50  cb_failure         L27-CB1 {'rot': 0.02314}
  t=  47.50  cb_failure         L28-CB1 {'rot': 0.0223}
  t=  47.50  cb_failure         L29-CB1 {'rot': 0.02142}
  t=  47.50  cb_failure         L30-CB1 {'rot': 0.02062}
  t=  47.50  cb_failure         L31-CB3 {'rot': 0.02291}
  t=  47.50  cb_failure         L32-CB3 {'rot': 0.02246}
  t=  47.50  cb_failure         L33-CB3 {'rot': 0.02081}
  t=  47.62  cb_failure         L13-CB3 {'rot': 0.02026}
  t=  47.62  cb_failure         L14-CB3 {'rot': 0.02164}
  t=  47.62  cb_failure         L15-CB3 {'rot': 0.02283}
  t=  47.62  cb_failure         L27-CB3 {'rot': 0.02468}
  t=  47.62  cb_failure         L28-CB3 {'rot': 0.0242}
  t=  47.62  cb_failure         L29-CB3 {'rot': 0.02369}
  t=  47.62  cb_failure         L30-CB3 {'rot': 0.02309}
  t=  47.62  cb_failure         L31-CB1 {'rot': 0.02385}
  t=  47.62  cb_failure         L32-CB1 {'rot': 0.02342}
  t=  47.75  cb_failure         L12-CB3 {'rot': 0.01997}
  t=  47.87  cb_failure         L11-CB3 {'rot': 0.01992}
  t=  48.00  cb_failure         L4-CB3 {'rot': 0.021}
  t=  48.00  cb_failure         L9-CB3 {'rot': 0.02078}
  t=  48.00  cb_failure         L10-CB3 {'rot': 0.02126}
  t=  48.25  cb_failure         L3-CB3 {'rot': 0.02013}
  t=  48.37  cb_failure         L10-CB2 {'rot': 0.02267}
  t=  48.37  cb_failure         L11-CB2 {'rot': 0.02177}
  t=  48.37  cb_failure         L12-CB2 {'rot': 0.02069}
  t=  48.50  cb_failure         L3-CB2 {'rot': 0.02014}
  t=  48.50  cb_failure         L13-CB2 {'rot': 0.02095}
  t=  48.50  cb_failure         L16-CB2 {'rot': 0.02102}
  t=  48.87  cb_yield           L29-CB2 {'rot': 0.00674}
  t=  49.00  cb_failure         L19-CB2 {'rot': 0.02207}
  t=  49.00  cb_yield           L30-CB2 {'rot': 0.00844}
  t=  49.00  cb_yield           L31-CB2 {'rot': 0.00776}
  t=  49.00  cb_yield           L32-CB2 {'rot': 0.00723}
  t=  49.00  cb_yield           L33-CB2 {'rot': 0.00698}
  progress t=  50.0s  max corner drift so far=0.0082  wall clock=628s
  progress t=  60.0s  max corner drift so far=0.0082  wall clock=759s
  progress t=  70.0s  max corner drift so far=0.0082  wall clock=888s
  progress t=  80.0s  max corner drift so far=0.0082  wall clock=1011s
  progress t=  90.0s  max corner drift so far=0.0082  wall clock=1129s
  progress t= 100.0s  max corner drift so far=0.0082  wall clock=1249s
