  t=   1.75  cb_yield           L4-CB1 {'rot': 0.00493}
  t=   1.75  cb_yield           L4-CB3 {'rot': 0.00506}
  t=   1.75  cb_yield           L5-CB1 {'rot': 0.00499}
  t=   1.75  cb_yield           L5-CB3 {'rot': 0.00513}
  t=   1.75  cb_yield           L6-CB3 {'rot': 0.00501}
  t=   1.87  cb_yield           L2-CB3 {'rot': 0.00498}
  t=   1.87  cb_yield           L3-CB0 {'rot': 0.00555}
  t=   1.87  cb_yield           L3-CB1 {'rot': 0.00585}
  t=   1.87  cb_yield           L3-CB2 {'rot': 0.00567}
  t=   1.87  cb_yield           L3-CB3 {'rot': 0.00597}
  t=   1.87  cb_yield           L4-CB0 {'rot': 0.00609}
  t=   1.87  cb_yield           L4-CB2 {'rot': 0.00623}
  t=   1.87  cb_yield           L5-CB0 {'rot': 0.00631}
  t=   1.87  cb_yield           L5-CB2 {'rot': 0.00646}
  t=   1.87  cb_yield           L6-CB0 {'rot': 0.00628}
  t=   1.87  cb_yield           L6-CB1 {'rot': 0.00677}
  t=   1.87  cb_yield           L6-CB2 {'rot': 0.00644}
  t=   1.87  cb_yield           L7-CB0 {'rot': 0.00605}
  t=   1.87  cb_yield           L7-CB1 {'rot': 0.0066}
  t=   1.87  cb_yield           L7-CB2 {'rot': 0.00622}
  t=   1.87  cb_yield           L7-CB3 {'rot': 0.00678}
  t=   1.87  cb_yield           L8-CB0 {'rot': 0.0057}
  t=   1.87  cb_yield           L8-CB1 {'rot': 0.00629}
  t=   1.87  cb_yield           L8-CB2 {'rot': 0.00586}
  t=   1.87  cb_yield           L8-CB3 {'rot': 0.00646}
  t=   1.87  cb_yield           L9-CB0 {'rot': 0.00524}
  t=   1.87  cb_yield           L9-CB1 {'rot': 0.00588}
  t=   1.87  cb_yield           L9-CB2 {'rot': 0.00539}
  t=   1.87  cb_yield           L9-CB3 {'rot': 0.00605}
  t=   1.87  cb_yield           L10-CB1 {'rot': 0.00542}
  t=   1.87  cb_yield           L10-CB3 {'rot': 0.00558}
  t=   1.87  cb_yield           L11-CB1 {'rot': 0.00496}
  t=   1.87  cb_yield           L11-CB3 {'rot': 0.0051}
  t=   2.00  cb_yield           L2-CB0 {'rot': 0.00503}
  t=   2.00  cb_yield           L2-CB1 {'rot': 0.00533}
  t=   2.00  cb_yield           L2-CB2 {'rot': 0.00511}
  t=   2.00  cb_yield           L10-CB0 {'rot': 0.0066}
  t=   2.00  cb_yield           L10-CB2 {'rot': 0.00676}
  t=   2.00  cb_yield           L11-CB0 {'rot': 0.00608}
  t=   2.00  cb_yield           L11-CB2 {'rot': 0.00624}
  t=   2.00  cb_yield           L12-CB0 {'rot': 0.00554}
  t=   2.00  cb_yield           L12-CB1 {'rot': 0.00652}
  t=   2.00  cb_yield           L12-CB2 {'rot': 0.00569}
  t=   2.00  cb_yield           L12-CB3 {'rot': 0.00669}
  t=   2.00  cb_yield           L13-CB0 {'rot': 0.00496}
  t=   2.00  cb_yield           L13-CB1 {'rot': 0.00598}
  t=   2.00  cb_yield           L13-CB2 {'rot': 0.00511}
  t=   2.00  cb_yield           L13-CB3 {'rot': 0.00614}
  t=   2.00  cb_yield           L14-CB1 {'rot': 0.00543}
  t=   2.00  cb_yield           L14-CB3 {'rot': 0.00559}
  t=   2.00  cb_yield           L15-CB1 {'rot': 0.00493}
  t=   2.00  cb_yield           L15-CB3 {'rot': 0.00507}
  t=   2.12  cb_yield           L14-CB0 {'rot': 0.00606}
  t=   2.12  cb_yield           L14-CB2 {'rot': 0.00625}
  t=   2.12  cb_yield           L15-CB0 {'rot': 0.0055}
  t=   2.12  cb_yield           L15-CB2 {'rot': 0.00569}
  t=   2.12  cb_yield           L16-CB0 {'rot': 0.00496}
  t=   2.12  cb_yield           L16-CB1 {'rot': 0.00633}
  t=   2.12  cb_yield           L16-CB2 {'rot': 0.00516}
  t=   2.12  cb_yield           L16-CB3 {'rot': 0.00654}
  t=   2.12  cb_yield           L17-CB1 {'rot': 0.00573}
  t=   2.12  cb_yield           L17-CB3 {'rot': 0.00594}
  t=   2.25  cb_yield           L17-CB0 {'rot': 0.00567}
  t=   2.25  cb_yield           L17-CB2 {'rot': 0.00596}
  t=   2.25  cb_yield           L18-CB1 {'rot': 0.0068}
  t=   2.25  cb_yield           L18-CB3 {'rot': 0.00711}
  t=   2.25  cb_yield           L19-CB1 {'rot': 0.00618}
  t=   2.25  cb_yield           L19-CB3 {'rot': 0.0065}
  t=   2.25  cb_yield           L20-CB1 {'rot': 0.00559}
  t=   2.25  cb_yield           L20-CB3 {'rot': 0.00592}
  t=   2.37  cb_yield           L18-CB0 {'rot': 0.00619}
  t=   2.37  cb_yield           L18-CB2 {'rot': 0.00654}
  t=   2.37  cb_yield           L19-CB0 {'rot': 0.0057}
  t=   2.37  cb_yield           L19-CB2 {'rot': 0.00607}
  t=   2.37  cb_yield           L20-CB2 {'rot': 0.00565}
  t=   2.37  cb_yield           L21-CB1 {'rot': 0.00718}
  t=   2.37  cb_yield           L21-CB3 {'rot': 0.00762}
  t=   2.37  cb_yield           L22-CB1 {'rot': 0.00678}
  t=   2.37  cb_yield           L22-CB3 {'rot': 0.00724}
  t=   2.37  cb_yield           L23-CB1 {'rot': 0.0064}
  t=   2.37  cb_yield           L23-CB3 {'rot': 0.00687}
  t=   2.37  cb_yield           L24-CB1 {'rot': 0.00603}
  t=   2.37  cb_yield           L24-CB3 {'rot': 0.0065}
  t=   2.37  cb_yield           L25-CB1 {'rot': 0.00565}
  t=   2.37  cb_yield           L25-CB3 {'rot': 0.00613}
  t=   2.37  cb_yield           L26-CB3 {'rot': 0.00576}
  t=   2.50  cb_yield           L20-CB0 {'rot': 0.00737}
  t=   2.50  cb_yield           L21-CB0 {'rot': 0.00705}
  t=   2.50  cb_yield           L21-CB2 {'rot': 0.00747}
  t=   2.50  cb_yield           L22-CB0 {'rot': 0.00664}
  t=   2.50  cb_yield           L22-CB2 {'rot': 0.00707}
  t=   2.50  cb_yield           L23-CB0 {'rot': 0.00616}
  t=   2.50  cb_yield           L23-CB2 {'rot': 0.0066}
  t=   2.50  cb_yield           L24-CB0 {'rot': 0.00563}
  t=   2.50  cb_yield           L24-CB2 {'rot': 0.00607}
  t=   2.50  cb_yield           L25-CB2 {'rot': 0.00551}
  t=   2.50  cb_yield           L26-CB1 {'rot': 0.00775}
  t=   2.50  cb_yield           L27-CB1 {'rot': 0.00713}
  t=   2.50  cb_yield           L27-CB3 {'rot': 0.0076}
  t=   2.50  cb_yield           L28-CB1 {'rot': 0.00653}
  t=   2.50  cb_yield           L28-CB3 {'rot': 0.00699}
  t=   2.50  cb_yield           L29-CB1 {'rot': 0.00592}
  t=   2.50  cb_yield           L29-CB3 {'rot': 0.00637}
  t=   2.50  cb_yield           L30-CB3 {'rot': 0.00575}
  t=   2.62  cb_yield           L25-CB0 {'rot': 0.00643}
  t=   2.62  cb_yield           L26-CB0 {'rot': 0.0056}
  t=   2.62  cb_yield           L26-CB2 {'rot': 0.00591}
  t=   2.62  cb_yield           L30-CB1 {'rot': 0.00683}
  t=   2.62  cb_yield           L31-CB1 {'rot': 0.00612}
  t=   2.62  cb_yield           L31-CB3 {'rot': 0.00642}
  t=   2.62  cb_yield           L32-CB1 {'rot': 0.00559}
  t=   2.62  cb_yield           L32-CB3 {'rot': 0.00589}
  t=   2.62  cb_yield           L33-CB3 {'rot': 0.00555}
  t=   2.75  cb_yield           L27-CB0 {'rot': 0.00544}
  t=   2.75  cb_yield           L27-CB2 {'rot': 0.00553}
  t=   2.75  cb_yield           L33-CB1 {'rot': 0.00564}
  t=   3.75  cb_yield           L28-CB0 {'rot': 0.00584}
  t=   4.25  cb_yield           L1-CB0 {'rot': 0.00589}
  t=   4.25  cb_yield           L1-CB1 {'rot': 0.00569}
  t=   4.25  cb_yield           L1-CB2 {'rot': 0.00517}
  t=   4.25  cb_yield           L1-CB3 {'rot': 0.00494}
  t=   8.13  cb_failure         L4-CB3 {'rot': 0.01924}
  t=   8.13  cb_failure         L5-CB3 {'rot': 0.02101}
  t=   8.13  cb_failure         L6-CB1 {'rot': 0.01923}
  t=   8.13  cb_failure         L6-CB2 {'rot': 0.01908}
  t=   8.13  cb_failure         L6-CB3 {'rot': 0.02206}
  t=   8.13  cb_failure         L7-CB1 {'rot': 0.01979}
  t=   8.13  cb_failure         L7-CB2 {'rot': 0.01928}
  t=   8.13  cb_failure         L7-CB3 {'rot': 0.02256}
  t=   8.13  cb_failure         L8-CB1 {'rot': 0.02006}
  t=   8.13  cb_failure         L8-CB2 {'rot': 0.01909}
  t=   8.13  cb_failure         L8-CB3 {'rot': 0.02264}
  t=   8.13  cb_failure         L9-CB1 {'rot': 0.02008}
  t=   8.13  cb_failure         L9-CB3 {'rot': 0.02238}
  t=   8.13  cb_failure         L10-CB1 {'rot': 0.0199}
  t=   8.13  cb_failure         L10-CB3 {'rot': 0.02183}
  t=   8.13  cb_failure         L11-CB1 {'rot': 0.01954}
  t=   8.13  cb_failure         L11-CB3 {'rot': 0.02103}
  t=   8.13  cb_failure         L12-CB1 {'rot': 0.01903}
  t=   8.13  cb_failure         L12-CB3 {'rot': 0.02002}
  t=   8.25  cb_failure         L3-CB3 {'rot': 0.01916}
  t=   8.25  cb_failure         L4-CB2 {'rot': 0.01975}
  t=   8.25  cb_failure         L5-CB1 {'rot': 0.02052}
  t=   8.25  cb_failure         L5-CB2 {'rot': 0.02129}
  t=   8.25  cb_failure         L7-CB0 {'rot': 0.01915}
  t=   8.25  cb_failure         L8-CB0 {'rot': 0.01924}
  t=   8.25  cb_failure         L9-CB0 {'rot': 0.01904}
  t=   8.25  cb_failure         L9-CB2 {'rot': 0.0216}
  t=   8.25  cb_failure         L10-CB2 {'rot': 0.02072}
  t=   8.25  cb_failure         L11-CB2 {'rot': 0.0196}
  t=   8.25  cb_failure         L13-CB1 {'rot': 0.0202}
  t=   8.25  cb_failure         L13-CB3 {'rot': 0.02136}
  t=   8.25  cb_failure         L14-CB1 {'rot': 0.01917}
  t=   8.25  cb_failure         L14-CB3 {'rot': 0.01977}
  t=   8.38  cb_failure         L3-CB1 {'rot': 0.01976}
  t=   8.38  cb_failure         L3-CB2 {'rot': 0.02008}
  t=   8.38  cb_failure         L4-CB0 {'rot': 0.01954}
  t=   8.38  cb_failure         L4-CB1 {'rot': 0.02235}
  t=   8.38  cb_failure         L5-CB0 {'rot': 0.02088}
  t=   8.38  cb_failure         L6-CB0 {'rot': 0.02149}
  t=   8.38  cb_failure         L10-CB0 {'rot': 0.01964}
  t=   8.38  cb_failure         L12-CB2 {'rot': 0.01981}
  t=   8.38  cb_failure         L15-CB1 {'rot': 0.0191}
  t=   8.38  cb_failure         L15-CB3 {'rot': 0.02038}
  t=   8.50  cb_failure         L3-CB0 {'rot': 0.01923}
  t=   8.50  cb_failure         L11-CB0 {'rot': 0.0199}
  t=   8.50  cb_failure         L13-CB2 {'rot': 0.02014}
  t=   8.50  cb_failure         L16-CB3 {'rot': 0.02136}
  t=   8.50  cb_failure         L17-CB3 {'rot': 0.01981}
  t=   8.63  cb_failure         L12-CB0 {'rot': 0.02086}
  t=   8.63  cb_failure         L13-CB0 {'rot': 0.01928}
  t=   8.63  cb_failure         L14-CB2 {'rot': 0.02213}
  t=   8.63  cb_failure         L15-CB2 {'rot': 0.0207}
  t=   8.63  cb_failure         L16-CB1 {'rot': 0.01966}
  t=   8.63  cb_failure         L16-CB2 {'rot': 0.01924}
  t=   8.63  cb_failure         L18-CB1 {'rot': 0.01961}
  t=   8.63  cb_failure         L18-CB3 {'rot': 0.02205}
  t=   8.63  cb_failure         L19-CB3 {'rot': 0.02073}
  t=   8.63  cb_failure         L20-CB3 {'rot': 0.01958}
  t=   8.75  cb_failure         L14-CB0 {'rot': 0.02038}
  t=   8.75  cb_failure         L17-CB1 {'rot': 0.02097}
  t=   8.75  cb_failure         L17-CB2 {'rot': 0.02213}
  t=   8.75  cb_failure         L18-CB2 {'rot': 0.02056}
  t=   8.75  cb_failure         L19-CB1 {'rot': 0.01961}
  t=   8.75  cb_failure         L21-CB3 {'rot': 0.02352}
  t=   8.75  cb_failure         L22-CB3 {'rot': 0.02247}
  t=   8.75  cb_failure         L23-CB3 {'rot': 0.02146}
  t=   8.75  cb_failure         L24-CB3 {'rot': 0.02042}
  t=   8.75  cb_yield           L28-CB2 {'rot': 0.00833}
  t=   8.75  cb_failure         L28-CB3 {'rot': 0.01974}
  t=   8.75  cb_yield           L29-CB2 {'rot': 0.0074}
  t=   8.75  cb_yield           L30-CB2 {'rot': 0.0065}
  t=   8.75  cb_yield           L31-CB2 {'rot': 0.00572}
  t=   8.88  cb_failure         L15-CB0 {'rot': 0.02104}
  t=   8.88  cb_failure         L16-CB0 {'rot': 0.01985}
  t=   8.88  cb_failure         L19-CB2 {'rot': 0.02413}
  t=   8.88  cb_failure         L20-CB1 {'rot': 0.01959}
  t=   8.88  cb_failure         L20-CB2 {'rot': 0.02271}
  t=   8.88  cb_failure         L21-CB2 {'rot': 0.02118}
  t=   8.88  cb_failure         L22-CB2 {'rot': 0.01958}
  t=   8.88  cb_failure         L25-CB3 {'rot': 0.02249}
  t=   8.88  cb_failure         L26-CB3 {'rot': 0.02113}
  t=   8.88  cb_failure         L27-CB3 {'rot': 0.01979}
  t=   8.88  cb_yield           L32-CB2 {'rot': 0.00684}
  t=   8.88  cb_yield           L33-CB2 {'rot': 0.00658}
  t=   8.88  cb_failure         L33-CB3 {'rot': 0.01948}
  t=  8.950  solver fallback: Newton
  t=  8.975  solver fallback: Newton
  t=   9.00  cb_failure         L17-CB0 {'rot': 0.02034}
  t=   9.00  cb_failure         L20-CB0 {'rot': 0.01973}
  t=   9.00  cb_failure         L21-CB1 {'rot': 0.01987}
  t=   9.00  cb_failure         L22-CB1 {'rot': 0.01958}
  t=   9.00  cb_failure         L23-CB2 {'rot': 0.02051}
  t=   9.00  cb_failure         L29-CB3 {'rot': 0.01973}
  t=  9.075  solver fallback: Newton
  t=   9.13  cb_failure         L18-CB0 {'rot': 0.02038}
  t=   9.13  cb_failure         L19-CB0 {'rot': 0.01952}
  t=   9.13  cb_failure         L22-CB0 {'rot': 0.01976}
  t=   9.13  cb_failure         L23-CB1 {'rot': 0.01958}
  t=   9.13  cb_failure         L24-CB2 {'rot': 0.02146}
  t=   9.13  cb_failure         L30-CB3 {'rot': 0.01948}
  t=   9.25  cb_failure         L24-CB1 {'rot': 0.02413}
  t=   9.25  cb_failure         L25-CB1 {'rot': 0.02278}
  t=   9.25  cb_failure         L25-CB2 {'rot': 0.02273}
  t=   9.25  cb_failure         L26-CB1 {'rot': 0.0211}
  t=   9.25  cb_failure         L26-CB2 {'rot': 0.02078}
  t=   9.25  cb_failure         L27-CB1 {'rot': 0.01961}
  t=   9.25  cb_yield           L29-CB0 {'rot': 0.00644}
  t=   9.25  cb_failure         L31-CB3 {'rot': 0.01986}
  t=   9.38  cb_failure         L27-CB2 {'rot': 0.02056}
  t=   9.38  cb_failure         L28-CB1 {'rot': 0.02532}
  t=   9.38  cb_failure         L29-CB1 {'rot': 0.02387}
  t=   9.38  cb_yield           L30-CB0 {'rot': 0.01171}
  t=   9.38  cb_failure         L30-CB1 {'rot': 0.02212}
  t=   9.38  cb_yield           L31-CB0 {'rot': 0.00989}
  t=   9.38  cb_failure         L31-CB1 {'rot': 0.02056}
  t=   9.38  cb_yield           L32-CB0 {'rot': 0.00866}
  t=   9.38  cb_failure         L32-CB1 {'rot': 0.01951}
  t=   9.38  cb_failure         L32-CB3 {'rot': 0.02318}
  t=   9.38  cb_yield           L33-CB0 {'rot': 0.00822}
  t=   9.50  cb_failure         L23-CB0 {'rot': 0.0201}
  t=   9.50  cb_failure         L24-CB0 {'rot': 0.02072}
  t=   9.50  cb_failure         L25-CB0 {'rot': 0.02131}
  t=   9.50  cb_failure         L26-CB0 {'rot': 0.02184}
  t=   9.50  cb_failure         L27-CB0 {'rot': 0.02229}
  t=   9.50  cb_failure         L28-CB0 {'rot': 0.02273}
  t=   9.50  cb_failure         L28-CB2 {'rot': 0.0214}
  t=   9.50  cb_failure         L29-CB0 {'rot': 0.023}
  t=   9.50  cb_failure         L29-CB2 {'rot': 0.02158}
  t=   9.50  cb_failure         L30-CB0 {'rot': 0.02291}
  t=   9.50  cb_failure         L30-CB2 {'rot': 0.02149}
  t=   9.50  cb_failure         L31-CB0 {'rot': 0.02251}
  t=   9.50  cb_failure         L31-CB2 {'rot': 0.02114}
  t=   9.50  cb_failure         L32-CB0 {'rot': 0.02199}
  t=   9.50  cb_failure         L32-CB2 {'rot': 0.02067}
  t=   9.50  cb_failure         L33-CB0 {'rot': 0.02177}
  t=   9.50  cb_failure         L33-CB1 {'rot': 0.02693}
  t=   9.50  cb_failure         L33-CB2 {'rot': 0.02048}
  progress t=  10.0s  max corner drift so far=0.0075  wall clock=132s
  t=  10.88  cb_failure         L1-CB2 {'rot': 0.01913}
  t=  10.88  cb_failure         L1-CB3 {'rot': 0.01901}
  t=  10.88  cb_failure         L2-CB0 {'rot': 0.02213}
  t=  10.88  cb_failure         L2-CB1 {'rot': 0.01934}
  t=  10.88  cb_failure         L2-CB2 {'rot': 0.02633}
  t=  10.88  cb_failure         L2-CB3 {'rot': 0.02532}
  t=  11.00  cb_failure         L1-CB0 {'rot': 0.02255}
  t=  11.00  cb_failure         L1-CB1 {'rot': 0.02147}
  t=  11.63  cb_failure         L21-CB0 {'rot': 0.02837}
  t= 12.275  solver fallback: Newton
  t= 12.300  solver fallback: Newton
  t= 12.450  solver fallback: Newton
  t=  16.48  wall_axial_failure S1-F {'gamma': 0.00077, 'eps': -0.00772, 'cause': 'crushing'}
