  t=   2.75  cb_yield           L7-CB3 {'rot': 0.00601}
  t=   2.75  cb_yield           L8-CB3 {'rot': 0.00609}
  t=   2.75  cb_yield           L9-CB3 {'rot': 0.00612}
  t=   2.75  cb_yield           L10-CB3 {'rot': 0.00612}
  t=   2.75  cb_yield           L11-CB3 {'rot': 0.0061}
  t=   2.75  cb_yield           L12-CB3 {'rot': 0.00607}
  t=   2.75  cb_yield           L13-CB3 {'rot': 0.00602}
  t=   2.75  cb_yield           L14-CB3 {'rot': 0.00596}
  t=   2.87  cb_yield           L5-CB3 {'rot': 0.00622}
  t=   2.87  cb_yield           L6-CB3 {'rot': 0.00653}
  t=   2.87  cb_yield           L7-CB1 {'rot': 0.00598}
  t=   2.87  cb_yield           L8-CB1 {'rot': 0.00603}
  t=   2.87  cb_yield           L9-CB1 {'rot': 0.00602}
  t=   2.87  cb_yield           L10-CB1 {'rot': 0.00597}
  t=   2.87  cb_yield           L11-CB1 {'rot': 0.0059}
  t=   2.87  cb_yield           L15-CB3 {'rot': 0.00673}
  t=   2.87  cb_yield           L16-CB3 {'rot': 0.00665}
  t=   2.87  cb_yield           L17-CB3 {'rot': 0.00656}
  t=   3.00  cb_yield           L4-CB3 {'rot': 0.00644}
  t=   3.00  cb_yield           L5-CB1 {'rot': 0.00631}
  t=   3.00  cb_yield           L5-CB2 {'rot': 0.00609}
  t=   3.00  cb_yield           L6-CB1 {'rot': 0.00659}
  t=   3.00  cb_yield           L6-CB2 {'rot': 0.00632}
  t=   3.00  cb_yield           L7-CB2 {'rot': 0.00644}
  t=   3.00  cb_yield           L8-CB2 {'rot': 0.00647}
  t=   3.00  cb_yield           L9-CB2 {'rot': 0.00642}
  t=   3.00  cb_yield           L10-CB2 {'rot': 0.00633}
  t=   3.00  cb_yield           L11-CB2 {'rot': 0.00622}
  t=   3.00  cb_yield           L12-CB1 {'rot': 0.00661}
  t=   3.00  cb_yield           L12-CB2 {'rot': 0.00611}
  t=   3.00  cb_yield           L13-CB1 {'rot': 0.00649}
  t=   3.00  cb_yield           L13-CB2 {'rot': 0.00597}
  t=   3.00  cb_yield           L14-CB1 {'rot': 0.00635}
  t=   3.00  cb_yield           L15-CB1 {'rot': 0.0062}
  t=   3.00  cb_yield           L16-CB1 {'rot': 0.00605}
  t=   3.00  cb_yield           L18-CB3 {'rot': 0.00719}
  t=   3.00  cb_yield           L19-CB3 {'rot': 0.00701}
  t=   3.00  cb_yield           L20-CB3 {'rot': 0.00682}
  t=   3.00  cb_yield           L21-CB3 {'rot': 0.00662}
  t=   3.12  cb_yield           L3-CB3 {'rot': 0.0064}
  t=   3.12  cb_yield           L4-CB1 {'rot': 0.00656}
  t=   3.12  cb_yield           L4-CB2 {'rot': 0.00644}
  t=   3.12  cb_yield           L5-CB0 {'rot': 0.0061}
  t=   3.12  cb_yield           L6-CB0 {'rot': 0.00628}
  t=   3.12  cb_yield           L7-CB0 {'rot': 0.00632}
  t=   3.12  cb_yield           L8-CB0 {'rot': 0.00627}
  t=   3.12  cb_yield           L9-CB0 {'rot': 0.00613}
  t=   3.12  cb_yield           L10-CB0 {'rot': 0.00594}
  t=   3.12  cb_yield           L14-CB2 {'rot': 0.00644}
  t=   3.12  cb_yield           L15-CB2 {'rot': 0.00622}
  t=   3.12  cb_yield           L16-CB2 {'rot': 0.006}
  t=   3.12  cb_yield           L22-CB3 {'rot': 0.00674}
  t=   3.25  cb_yield           L3-CB1 {'rot': 0.00636}
  t=   3.25  cb_yield           L3-CB2 {'rot': 0.0064}
  t=   3.25  cb_yield           L4-CB0 {'rot': 0.00631}
  t=   3.25  cb_yield           L11-CB0 {'rot': 0.00639}
  t=   3.25  cb_yield           L12-CB0 {'rot': 0.00613}
  t=   3.25  cb_yield           L17-CB1 {'rot': 0.00694}
  t=   3.25  cb_yield           L18-CB1 {'rot': 0.00663}
  t=   3.37  cb_yield           L2-CB3 {'rot': 0.00635}
  t=   3.37  cb_yield           L3-CB0 {'rot': 0.00601}
  t=   3.37  cb_yield           L13-CB0 {'rot': 0.00641}
  t=   3.37  cb_yield           L14-CB0 {'rot': 0.00604}
  t=   3.37  cb_yield           L19-CB1 {'rot': 0.00669}
  t=   3.50  cb_yield           L2-CB2 {'rot': 0.00592}
  t=   3.50  cb_yield           L15-CB0 {'rot': 0.00604}
  t=   3.50  cb_yield           L20-CB1 {'rot': 0.00662}
  t=   3.62  cb_yield           L16-CB0 {'rot': 0.0059}
  t=   3.75  cb_yield           L21-CB1 {'rot': 0.00672}
  t=   5.13  cb_yield           L17-CB0 {'rot': 0.00757}
  t=   5.13  cb_yield           L17-CB2 {'rot': 0.00659}
  t=   5.13  cb_yield           L18-CB0 {'rot': 0.00729}
  t=   5.13  cb_yield           L19-CB0 {'rot': 0.00697}
  t=   5.13  cb_yield           L20-CB0 {'rot': 0.00665}
  t=   5.25  cb_yield           L18-CB2 {'rot': 0.00727}
  t=   5.25  cb_yield           L19-CB2 {'rot': 0.00678}
  t=   5.25  cb_yield           L21-CB0 {'rot': 0.00712}
  t=   5.25  cb_yield           L22-CB0 {'rot': 0.00666}
  t=   5.25  cb_yield           L22-CB1 {'rot': 0.00732}
  t=   5.25  cb_yield           L23-CB1 {'rot': 0.00682}
  t=   5.38  cb_yield           L2-CB1 {'rot': 0.00598}
  t=   5.38  cb_yield           L20-CB2 {'rot': 0.00715}
  t=   5.38  cb_yield           L21-CB2 {'rot': 0.00662}
  t=   5.38  cb_yield           L23-CB3 {'rot': 0.00672}
  t=   5.38  cb_yield           L24-CB1 {'rot': 0.00682}
  t=   5.50  cb_yield           L2-CB0 {'rot': 0.00663}
  t=   5.50  cb_yield           L22-CB2 {'rot': 0.0068}
  t=   5.50  cb_yield           L24-CB3 {'rot': 0.00691}
  t=   5.75  cb_yield           L1-CB1 {'rot': 0.00597}
  t=   5.75  cb_yield           L1-CB3 {'rot': 0.00637}
  t=   5.88  cb_yield           L1-CB0 {'rot': 0.00611}
  t=   5.88  cb_yield           L1-CB2 {'rot': 0.00654}
  t=   9.00  cb_yield           L25-CB1 {'rot': 0.00791}
  t=   9.00  cb_yield           L26-CB1 {'rot': 0.00754}
  t=   9.00  cb_yield           L27-CB1 {'rot': 0.00713}
  t=   9.00  cb_yield           L28-CB1 {'rot': 0.00671}
  t=   9.13  cb_yield           L23-CB0 {'rot': 0.0072}
  t=   9.13  cb_yield           L24-CB0 {'rot': 0.00721}
  t=   9.13  cb_yield           L25-CB0 {'rot': 0.0071}
  t=   9.13  cb_yield           L26-CB0 {'rot': 0.00687}
  t=   9.13  cb_yield           L27-CB0 {'rot': 0.00654}
  t=   9.13  cb_yield           L29-CB1 {'rot': 0.0092}
  t=   9.13  cb_yield           L30-CB1 {'rot': 0.00858}
  t=   9.13  cb_yield           L31-CB1 {'rot': 0.00793}
  t=   9.13  cb_yield           L32-CB1 {'rot': 0.00739}
  t=   9.13  cb_yield           L33-CB1 {'rot': 0.00664}
  t=  10.00  cb_failure         L7-CB3 {'rot': 0.02094}
  progress t=  10.0s  max corner drift so far=0.0046  wall clock=97s
  t=  10.13  cb_failure         L10-CB3 {'rot': 0.021}
  t=  10.13  cb_failure         L11-CB1 {'rot': 0.01997}
  t=  10.38  cb_failure         L9-CB3 {'rot': 0.01994}
  t=  10.38  cb_failure         L11-CB3 {'rot': 0.01998}
  t=  10.38  cb_failure         L15-CB3 {'rot': 0.02094}
  t=  10.38  cb_yield           L25-CB3 {'rot': 0.00811}
  t=  10.38  cb_yield           L26-CB3 {'rot': 0.00743}
  t=  10.38  cb_yield           L27-CB3 {'rot': 0.00681}
  t=  10.50  cb_failure         L12-CB3 {'rot': 0.02023}
  t=  10.50  cb_failure         L13-CB3 {'rot': 0.02026}
  t=  10.50  cb_failure         L14-CB3 {'rot': 0.02017}
  t=  10.50  cb_yield           L23-CB2 {'rot': 0.00725}
  t=  10.50  cb_yield           L28-CB3 {'rot': 0.00953}
  t=  10.50  cb_yield           L29-CB3 {'rot': 0.00878}
  t=  10.50  cb_yield           L30-CB3 {'rot': 0.00805}
  t=  10.50  cb_yield           L31-CB3 {'rot': 0.00741}
  t=  10.50  cb_yield           L32-CB3 {'rot': 0.0069}
  t=  10.63  cb_failure         L16-CB3 {'rot': 0.02215}
  t=  10.63  cb_failure         L17-CB3 {'rot': 0.02228}
  t=  10.63  cb_failure         L18-CB3 {'rot': 0.02232}
  t=  10.63  cb_failure         L19-CB3 {'rot': 0.02224}
  t=  10.63  cb_failure         L20-CB3 {'rot': 0.02207}
  t=  10.63  cb_failure         L21-CB3 {'rot': 0.02173}
  t=  10.63  cb_failure         L22-CB3 {'rot': 0.02119}
  t=  10.63  cb_yield           L24-CB2 {'rot': 0.00959}
  t=  10.63  cb_yield           L25-CB2 {'rot': 0.00847}
  t=  10.63  cb_yield           L26-CB2 {'rot': 0.0073}
  t=  10.63  cb_yield           L33-CB3 {'rot': 0.00933}
  t=  10.75  cb_failure         L23-CB3 {'rot': 0.02484}
  t=  10.75  cb_failure         L24-CB1 {'rot': 0.02237}
  t=  10.75  cb_failure         L24-CB3 {'rot': 0.02425}
  t=  10.75  cb_failure         L25-CB3 {'rot': 0.02348}
  t=  10.75  cb_failure         L26-CB3 {'rot': 0.02255}
  t=  10.75  cb_failure         L27-CB1 {'rot': 0.02286}
  t=  10.75  cb_yield           L27-CB2 {'rot': 0.00803}
  t=  10.75  cb_failure         L27-CB3 {'rot': 0.02147}
  t=  10.75  cb_yield           L28-CB2 {'rot': 0.0069}
  t=  10.75  cb_failure         L31-CB3 {'rot': 0.02291}
  t= 10.850  solver fallback: Newton
  t=  10.88  cb_failure         L28-CB3 {'rot': 0.02305}
  t=  10.88  cb_yield           L29-CB2 {'rot': 0.00695}
  t=  10.88  cb_failure         L29-CB3 {'rot': 0.02243}
  t=  10.88  cb_failure         L30-CB3 {'rot': 0.02166}
  t=  10.88  cb_failure         L33-CB3 {'rot': 0.02295}
  t=  11.00  cb_yield           L30-CB2 {'rot': 0.00657}
  t=  11.00  cb_failure         L32-CB3 {'rot': 0.02115}
  t=  11.00  cb_failure         L33-CB1 {'rot': 0.02137}
  t=  11.25  cb_yield           L31-CB2 {'rot': 0.00674}
  t= 11.400  solver fallback: Newton
  t= 11.475  solver fallback: Newton
  t=  11.63  cb_failure         L5-CB3 {'rot': 0.02032}
  t=  11.63  cb_failure         L6-CB3 {'rot': 0.02118}
  t=  11.63  cb_failure         L8-CB3 {'rot': 0.02118}
  t=  12.25  cb_yield           L28-CB0 {'rot': 0.00897}
  t=  12.25  cb_yield           L29-CB0 {'rot': 0.00873}
  t=  12.25  cb_yield           L30-CB0 {'rot': 0.00828}
  t=  12.25  cb_yield           L31-CB0 {'rot': 0.0077}
  t=  12.25  cb_yield           L32-CB0 {'rot': 0.00716}
  t=  12.25  cb_yield           L33-CB0 {'rot': 0.00689}
  t=  12.38  cb_failure         L21-CB1 {'rot': 0.02123}
  t=  12.38  cb_failure         L22-CB1 {'rot': 0.0222}
  t=  12.38  cb_failure         L23-CB1 {'rot': 0.02287}
  t=  12.38  cb_failure         L25-CB1 {'rot': 0.02336}
  t=  12.38  cb_failure         L26-CB1 {'rot': 0.02327}
  t=  12.38  cb_failure         L28-CB1 {'rot': 0.02265}
  t=  12.38  cb_failure         L29-CB1 {'rot': 0.02216}
  t=  12.38  cb_failure         L30-CB1 {'rot': 0.02146}
  t=  12.38  cb_failure         L31-CB1 {'rot': 0.02074}
  t=  12.63  cb_failure         L3-CB2 {'rot': 0.0201}
  t=  12.63  cb_failure         L3-CB3 {'rot': 0.01995}
  t=  12.63  cb_failure         L4-CB2 {'rot': 0.02164}
  t=  12.63  cb_failure         L4-CB3 {'rot': 0.02132}
  t=  12.63  cb_failure         L5-CB2 {'rot': 0.02215}
  t=  12.63  cb_failure         L6-CB2 {'rot': 0.02193}
  t=  12.63  cb_failure         L7-CB2 {'rot': 0.02115}
  t=  12.63  cb_failure         L8-CB2 {'rot': 0.01991}
  t=  12.75  cb_failure         L2-CB2 {'rot': 0.01999}
  t=  12.75  cb_failure         L2-CB3 {'rot': 0.02068}
  t=  12.75  cb_failure         L9-CB2 {'rot': 0.02035}
  t=  12.88  cb_failure         L7-CB0 {'rot': 0.02037}
  t=  12.88  cb_failure         L10-CB2 {'rot': 0.02018}
  t=  13.00  cb_failure         L11-CB2 {'rot': 0.02118}
  t=  13.13  cb_failure         L12-CB2 {'rot': 0.02323}
  t=  13.13  cb_failure         L13-CB2 {'rot': 0.02272}
  t=  13.13  cb_failure         L14-CB2 {'rot': 0.02191}
  t=  13.13  cb_failure         L15-CB2 {'rot': 0.02092}
  t=  13.25  cb_failure         L12-CB0 {'rot': 0.02086}
  t=  13.25  cb_failure         L13-CB0 {'rot': 0.0208}
  t=  13.25  cb_failure         L13-CB1 {'rot': 0.02043}
  t=  13.25  cb_failure         L14-CB1 {'rot': 0.021}
  t=  13.25  cb_failure         L15-CB1 {'rot': 0.02129}
  t=  13.25  cb_failure         L16-CB1 {'rot': 0.02131}
  t=  13.25  cb_failure         L16-CB2 {'rot': 0.02701}
  t=  13.25  cb_failure         L17-CB1 {'rot': 0.02095}
  t=  13.25  cb_failure         L17-CB2 {'rot': 0.02653}
  t=  13.25  cb_failure         L18-CB2 {'rot': 0.02559}
  t=  13.25  cb_failure         L19-CB2 {'rot': 0.02422}
  t=  13.25  cb_failure         L20-CB2 {'rot': 0.02263}
  t=  13.25  cb_failure         L21-CB2 {'rot': 0.02056}
  t=  13.38  cb_failure         L12-CB1 {'rot': 0.02007}
  t=  13.38  cb_failure         L14-CB0 {'rot': 0.02261}
  t=  13.38  cb_failure         L15-CB0 {'rot': 0.02372}
  t=  13.38  cb_failure         L16-CB0 {'rot': 0.02442}
  t=  13.38  cb_failure         L17-CB0 {'rot': 0.0248}
  t=  13.38  cb_failure         L18-CB0 {'rot': 0.02473}
  t=  13.38  cb_failure         L18-CB1 {'rot': 0.02677}
  t=  13.38  cb_failure         L19-CB0 {'rot': 0.02423}
  t=  13.38  cb_failure         L19-CB1 {'rot': 0.02641}
  t=  13.38  cb_failure         L20-CB0 {'rot': 0.02335}
  t=  13.38  cb_failure         L20-CB1 {'rot': 0.02563}
  t=  13.38  cb_failure         L21-CB0 {'rot': 0.02185}
  t=  13.38  cb_failure         L22-CB2 {'rot': 0.02658}
  t=  13.38  cb_failure         L23-CB0 {'rot': 0.02282}
  t=  13.38  cb_failure         L23-CB2 {'rot': 0.02345}
  t=  13.50  cb_failure         L22-CB0 {'rot': 0.02534}
  t=  13.50  cb_failure         L24-CB2 {'rot': 0.02502}
  t=  13.50  cb_failure         L25-CB2 {'rot': 0.02109}
  t=  13.63  cb_failure         L24-CB0 {'rot': 0.02224}
  t=  13.63  cb_failure         L26-CB0 {'rot': 0.02236}
  t=  13.63  cb_failure         L27-CB2 {'rot': 0.02169}
  t=  13.75  cb_failure         L27-CB0 {'rot': 0.02107}
  t=  13.75  cb_failure         L28-CB2 {'rot': 0.02207}
  t=  13.75  cb_yield           L32-CB2 {'rot': 0.00657}
  t=  14.25  cb_failure         L4-CB0 {'rot': 0.0206}
  t=  14.25  cb_failure         L4-CB1 {'rot': 0.02071}
  t=  14.25  cb_failure         L5-CB0 {'rot': 0.02158}
  t=  14.25  cb_failure         L6-CB0 {'rot': 0.02178}
  t=  14.25  cb_failure         L8-CB0 {'rot': 0.02053}
  t=  14.25  cb_yield           L33-CB2 {'rot': 0.00731}
  t=  14.38  cb_failure         L3-CB1 {'rot': 0.01996}
  t=  14.38  cb_failure         L5-CB1 {'rot': 0.02021}
  t=  14.38  cb_failure         L6-CB1 {'rot': 0.0206}
  t=  14.38  cb_failure         L7-CB1 {'rot': 0.0204}
  t=  14.38  cb_failure         L9-CB0 {'rot': 0.02309}
  t=  14.38  cb_failure         L10-CB0 {'rot': 0.02199}
  t=  14.38  cb_failure         L11-CB0 {'rot': 0.02068}
  t=  14.38  cb_failure         L32-CB1 {'rot': 0.02174}
  t=  14.50  cb_failure         L8-CB1 {'rot': 0.0203}
  t= 15.200  solver fallback: Newton
  t=  15.25  wall_axial_failure S1-F {'gamma': 0.00047, 'eps': -0.00794, 'cause': 'crushing'}
  t=  15.25  cb_failure         L1-CB3 {'rot': 0.02125}
  t=  15.38  cb_failure         L1-CB1 {'rot': 0.05103}
  t=  15.38  cb_failure         L2-CB1 {'rot': 0.05491}
  t=  15.38  cb_failure         L9-CB1 {'rot': 0.0556}
  t=  15.38  cb_failure         L10-CB1 {'rot': 0.05369}
  t=  16.25  cb_failure         L26-CB2 {'rot': 0.0228}
  t=  16.38  cb_failure         L29-CB2 {'rot': 0.0207}
  t=  16.50  cb_failure         L30-CB2 {'rot': 0.02083}
  progress t=  20.0s  max corner drift so far=0.0106  wall clock=231s
  t=  22.25  cb_failure         L25-CB0 {'rot': 0.02071}
  t=  22.25  cb_failure         L31-CB2 {'rot': 0.02275}
  t=  22.25  cb_failure         L32-CB2 {'rot': 0.02211}
  t=  22.25  cb_failure         L33-CB2 {'rot': 0.02187}
  t=  22.37  cb_failure         L28-CB0 {'rot': 0.0216}
  t=  22.37  cb_failure         L29-CB0 {'rot': 0.02097}
  t=  22.50  cb_failure         L30-CB0 {'rot': 0.02168}
  t=  22.50  cb_failure         L31-CB0 {'rot': 0.02078}
