  t=   6.50  cb_yield           L7-CB3 {'rot': 0.00598}
  t=   6.50  cb_yield           L8-CB3 {'rot': 0.00599}
  t=   6.50  cb_yield           L9-CB3 {'rot': 0.00593}
  t=   6.63  cb_yield           L5-CB3 {'rot': 0.00638}
  t=   6.63  cb_yield           L6-CB3 {'rot': 0.00675}
  t=   6.63  cb_yield           L7-CB2 {'rot': 0.00602}
  t=   6.63  cb_yield           L8-CB2 {'rot': 0.00607}
  t=   6.63  cb_yield           L9-CB2 {'rot': 0.00603}
  t=   6.63  cb_yield           L10-CB2 {'rot': 0.00593}
  t=   6.63  cb_yield           L10-CB3 {'rot': 0.0071}
  t=   6.63  cb_yield           L11-CB3 {'rot': 0.00701}
  t=   6.63  cb_yield           L12-CB3 {'rot': 0.00688}
  t=   6.63  cb_yield           L13-CB3 {'rot': 0.0067}
  t=   6.63  cb_yield           L14-CB3 {'rot': 0.00647}
  t=   6.63  cb_yield           L15-CB3 {'rot': 0.0062}
  t=   6.63  cb_yield           L16-CB3 {'rot': 0.0059}
  t=   6.75  cb_yield           L4-CB3 {'rot': 0.0059}
  t=   6.75  cb_yield           L6-CB2 {'rot': 0.00619}
  t=   6.75  cb_yield           L11-CB2 {'rot': 0.00658}
  t=   6.75  cb_yield           L12-CB2 {'rot': 0.00637}
  t=   6.75  cb_yield           L13-CB2 {'rot': 0.00609}
  t=   6.88  cb_yield           L17-CB3 {'rot': 0.00656}
  t=   7.00  cb_yield           L18-CB3 {'rot': 0.00729}
  t=   7.00  cb_yield           L19-CB3 {'rot': 0.00724}
  t=   7.00  cb_yield           L20-CB3 {'rot': 0.00715}
  t=   7.00  cb_yield           L21-CB3 {'rot': 0.00703}
  t=   7.00  cb_yield           L22-CB3 {'rot': 0.00686}
  t=   7.00  cb_yield           L23-CB3 {'rot': 0.00667}
  t=   7.13  cb_yield           L24-CB3 {'rot': 0.00805}
  t=   7.13  cb_yield           L25-CB3 {'rot': 0.00769}
  t=   7.13  cb_yield           L26-CB3 {'rot': 0.00727}
  t=   7.13  cb_yield           L27-CB3 {'rot': 0.0068}
  t=   7.25  cb_yield           L28-CB3 {'rot': 0.00694}
  t=   7.38  cb_yield           L14-CB2 {'rot': 0.00626}
  t=   7.38  cb_yield           L15-CB2 {'rot': 0.00627}
  t=   7.38  cb_yield           L16-CB2 {'rot': 0.00624}
  t=   7.50  cb_yield           L5-CB2 {'rot': 0.00632}
  t=   7.63  cb_yield           L3-CB2 {'rot': 0.00606}
  t=   7.63  cb_yield           L3-CB3 {'rot': 0.00659}
  t=   7.63  cb_yield           L4-CB2 {'rot': 0.00691}
  t=   7.63  cb_yield           L6-CB1 {'rot': 0.00616}
  t=   7.63  cb_yield           L7-CB1 {'rot': 0.00631}
  t=   7.63  cb_yield           L8-CB1 {'rot': 0.00636}
  t=   7.63  cb_yield           L9-CB1 {'rot': 0.00632}
  t=   7.63  cb_yield           L10-CB1 {'rot': 0.00622}
  t=   7.63  cb_yield           L11-CB1 {'rot': 0.00608}
  t=   7.63  cb_yield           L12-CB1 {'rot': 0.0059}
  t=   7.75  cb_yield           L5-CB1 {'rot': 0.00632}
  t=   7.75  cb_yield           L13-CB1 {'rot': 0.00601}
  t=   9.25  cb_yield           L20-CB2 {'rot': 0.00671}
  t=   9.25  cb_yield           L21-CB2 {'rot': 0.00692}
  t=   9.25  cb_yield           L22-CB2 {'rot': 0.00702}
  t=   9.25  cb_yield           L23-CB2 {'rot': 0.00699}
  t=   9.25  cb_yield           L24-CB2 {'rot': 0.00682}
  t=   9.63  cb_yield           L17-CB2 {'rot': 0.00654}
  t=   9.75  cb_yield           L2-CB2 {'rot': 0.0065}
  t=   9.75  cb_yield           L2-CB3 {'rot': 0.00608}
  t=   9.88  cb_yield           L4-CB1 {'rot': 0.00608}
  t=   9.88  cb_yield           L5-CB0 {'rot': 0.00608}
  t=   9.88  cb_yield           L6-CB0 {'rot': 0.00604}
  progress t=  10.0s  max corner drift so far=0.0046  wall clock=121s
  t=  11.13  cb_yield           L7-CB0 {'rot': 0.00638}
  t=  11.13  cb_yield           L8-CB0 {'rot': 0.00628}
  t=  11.13  cb_yield           L9-CB0 {'rot': 0.00609}
  t=  11.88  cb_yield           L1-CB2 {'rot': 0.00631}
  t=  11.88  cb_yield           L1-CB3 {'rot': 0.00599}
  t=  11.88  cb_yield           L3-CB1 {'rot': 0.00659}
  t=  12.00  cb_yield           L2-CB0 {'rot': 0.00591}
  t=  12.00  cb_yield           L2-CB1 {'rot': 0.00711}
  t=  12.00  cb_yield           L3-CB0 {'rot': 0.00673}
  t=  12.00  cb_yield           L4-CB0 {'rot': 0.00712}
  t=  12.00  cb_yield           L18-CB2 {'rot': 0.00663}
  t=  12.13  cb_failure         L6-CB3 {'rot': 0.02072}
  t=  12.13  cb_failure         L8-CB3 {'rot': 0.0211}
  t=  12.13  cb_yield           L19-CB2 {'rot': 0.00766}
  t=  12.25  cb_yield           L10-CB0 {'rot': 0.00715}
  t=  12.25  cb_yield           L11-CB0 {'rot': 0.00667}
  t=  12.25  cb_yield           L12-CB0 {'rot': 0.00616}
  t=  12.25  cb_yield           L14-CB1 {'rot': 0.00903}
  t=  12.25  cb_yield           L15-CB1 {'rot': 0.00845}
  t=  12.25  cb_yield           L16-CB1 {'rot': 0.00788}
  t=  12.25  cb_failure         L16-CB3 {'rot': 0.02102}
  t=  12.25  cb_yield           L17-CB1 {'rot': 0.00726}
  t=  12.25  cb_yield           L18-CB1 {'rot': 0.00671}
  t=  12.25  cb_yield           L29-CB3 {'rot': 0.00857}
  t=  12.25  cb_yield           L30-CB3 {'rot': 0.00807}
  t=  12.25  cb_yield           L31-CB3 {'rot': 0.0076}
  t=  12.25  cb_yield           L32-CB3 {'rot': 0.00721}
  t=  12.25  cb_yield           L33-CB3 {'rot': 0.00681}
  t=  12.38  cb_failure         L11-CB3 {'rot': 0.01993}
  t=  12.38  cb_failure         L12-CB2 {'rot': 0.02087}
  t=  12.38  cb_failure         L12-CB3 {'rot': 0.02011}
  t=  12.38  cb_yield           L13-CB0 {'rot': 0.00774}
  t=  12.38  cb_failure         L13-CB3 {'rot': 0.0203}
  t=  12.38  cb_yield           L14-CB0 {'rot': 0.00745}
  t=  12.38  cb_failure         L14-CB3 {'rot': 0.02034}
  t=  12.38  cb_yield           L15-CB0 {'rot': 0.00714}
  t=  12.38  cb_failure         L15-CB3 {'rot': 0.02028}
  t=  12.38  cb_yield           L16-CB0 {'rot': 0.00681}
  t=  12.38  cb_failure         L18-CB3 {'rot': 0.02228}
  t=  12.38  cb_yield           L19-CB1 {'rot': 0.01187}
  t=  12.38  cb_yield           L20-CB1 {'rot': 0.01143}
  t=  12.38  cb_failure         L20-CB3 {'rot': 0.02259}
  t=  12.38  cb_yield           L21-CB1 {'rot': 0.01096}
  t=  12.38  cb_yield           L22-CB1 {'rot': 0.01039}
  t=  12.38  cb_yield           L23-CB1 {'rot': 0.00985}
  t=  12.38  cb_yield           L24-CB1 {'rot': 0.00927}
  t=  12.38  cb_yield           L25-CB1 {'rot': 0.00867}
  t=  12.38  cb_yield           L25-CB2 {'rot': 0.00713}
  t=  12.38  cb_yield           L26-CB1 {'rot': 0.00806}
  t=  12.38  cb_yield           L27-CB1 {'rot': 0.00746}
  t=  12.38  cb_yield           L28-CB1 {'rot': 0.00692}
  t=  12.50  cb_yield           L1-CB1 {'rot': 0.00636}
  t=  12.50  cb_failure         L7-CB3 {'rot': 0.02016}
  t=  12.50  cb_failure         L9-CB3 {'rot': 0.02187}
  t=  12.50  cb_failure         L10-CB3 {'rot': 0.02252}
  t=  12.50  cb_yield           L17-CB0 {'rot': 0.00915}
  t=  12.50  cb_failure         L17-CB3 {'rot': 0.02457}
  t=  12.50  cb_yield           L18-CB0 {'rot': 0.00872}
  t=  12.50  cb_yield           L19-CB0 {'rot': 0.00821}
  t=  12.50  cb_failure         L19-CB3 {'rot': 0.024}
  t=  12.50  cb_yield           L20-CB0 {'rot': 0.00765}
  t=  12.50  cb_yield           L21-CB0 {'rot': 0.007}
  t=  12.50  cb_failure         L21-CB3 {'rot': 0.02286}
  t=  12.50  cb_failure         L22-CB3 {'rot': 0.02204}
  t=  12.50  cb_failure         L23-CB3 {'rot': 0.02109}
  t=  12.50  cb_failure         L25-CB3 {'rot': 0.02259}
  t=  12.50  cb_failure         L28-CB3 {'rot': 0.02066}
  t=  12.50  cb_yield           L29-CB1 {'rot': 0.01049}
  t=  12.50  cb_yield           L30-CB1 {'rot': 0.00964}
  t=  12.50  cb_yield           L31-CB1 {'rot': 0.00895}
  t=  12.50  cb_yield           L32-CB1 {'rot': 0.00845}
  t=  12.50  cb_yield           L33-CB1 {'rot': 0.00689}
  t=  12.63  cb_failure         L4-CB1 {'rot': 0.02053}
  t=  12.63  cb_failure         L4-CB3 {'rot': 0.02066}
  t=  12.63  cb_failure         L7-CB1 {'rot': 0.0201}
  t=  12.63  cb_failure         L8-CB1 {'rot': 0.0212}
  t=  12.63  cb_failure         L9-CB1 {'rot': 0.02212}
  t=  12.63  cb_failure         L10-CB1 {'rot': 0.02287}
  t=  12.63  cb_failure         L11-CB1 {'rot': 0.02348}
  t=  12.63  cb_failure         L12-CB1 {'rot': 0.02401}
  t=  12.63  cb_failure         L13-CB1 {'rot': 0.02441}
  t=  12.63  cb_failure         L14-CB1 {'rot': 0.02464}
  t=  12.63  cb_failure         L15-CB1 {'rot': 0.02474}
  t=  12.63  cb_failure         L16-CB1 {'rot': 0.02472}
  t=  12.63  cb_failure         L17-CB1 {'rot': 0.02454}
  t=  12.63  cb_failure         L18-CB1 {'rot': 0.02424}
  t=  12.63  cb_failure         L19-CB1 {'rot': 0.02383}
  t=  12.63  cb_failure         L20-CB1 {'rot': 0.02333}
  t=  12.63  cb_failure         L21-CB1 {'rot': 0.02271}
  t=  12.63  cb_yield           L22-CB0 {'rot': 0.00788}
  t=  12.63  cb_failure         L22-CB1 {'rot': 0.02196}
  t=  12.63  cb_yield           L23-CB0 {'rot': 0.00686}
  t=  12.63  cb_failure         L23-CB1 {'rot': 0.02109}
  t=  12.63  cb_failure         L24-CB3 {'rot': 0.02297}
  t=  12.63  cb_failure         L26-CB3 {'rot': 0.02087}
  t=  12.75  cb_failure         L5-CB3 {'rot': 0.02096}
  t=  12.75  cb_failure         L6-CB1 {'rot': 0.02134}
  t=  12.75  cb_failure         L7-CB2 {'rot': 0.02045}
  t=  12.75  cb_yield           L24-CB0 {'rot': 0.00683}
  t=  12.75  cb_failure         L24-CB1 {'rot': 0.02391}
  t=  12.75  cb_failure         L25-CB1 {'rot': 0.02317}
  t=  12.75  cb_failure         L26-CB1 {'rot': 0.02246}
  t=  12.75  cb_failure         L27-CB1 {'rot': 0.02179}
  t=  12.75  cb_failure         L27-CB3 {'rot': 0.02247}
  t=  12.75  cb_failure         L28-CB1 {'rot': 0.02122}
  t=  12.75  cb_failure         L29-CB1 {'rot': 0.02063}
  t=  12.75  cb_failure         L29-CB3 {'rot': 0.02141}
  t=  12.75  cb_failure         L30-CB3 {'rot': 0.0208}
  t=  12.75  cb_failure         L33-CB1 {'rot': 0.02295}
  t=  12.75  cb_failure         L33-CB3 {'rot': 0.02297}
  t=  12.88  cb_failure         L5-CB1 {'rot': 0.02107}
  t=  12.88  cb_failure         L9-CB2 {'rot': 0.02011}
  t=  12.88  cb_failure         L10-CB2 {'rot': 0.02017}
  t=  12.88  cb_failure         L11-CB2 {'rot': 0.02001}
  t=  12.88  cb_yield           L25-CB0 {'rot': 0.00777}
  t=  12.88  cb_yield           L26-CB0 {'rot': 0.00699}
  t=  12.88  cb_failure         L30-CB1 {'rot': 0.02377}
  t=  12.88  cb_failure         L31-CB1 {'rot': 0.02325}
  t=  12.88  cb_failure         L31-CB3 {'rot': 0.02116}
  t=  12.88  cb_failure         L32-CB1 {'rot': 0.02282}
  t=  12.88  cb_failure         L32-CB3 {'rot': 0.02076}
  t=  13.00  cb_yield           L27-CB0 {'rot': 0.00777}
  t=  13.00  cb_yield           L28-CB0 {'rot': 0.00696}
  t=  14.75  cb_failure         L5-CB2 {'rot': 0.02098}
  t=  14.88  cb_yield           L1-CB0 {'rot': 0.00714}
  t=  14.88  cb_failure         L6-CB2 {'rot': 0.02017}
  t=  14.88  cb_failure         L8-CB2 {'rot': 0.0206}
  t=  15.13  cb_failure         L4-CB2 {'rot': 0.02019}
  t=  15.38  cb_failure         L14-CB2 {'rot': 0.0201}
  t= 15.375  solver fallback: Newton
  t=  15.50  cb_failure         L10-CB0 {'rot': 0.02014}
  t=  15.50  cb_failure         L11-CB0 {'rot': 0.02047}
  t=  15.50  cb_failure         L13-CB0 {'rot': 0.02078}
  t=  15.50  cb_failure         L13-CB2 {'rot': 0.02066}
  t=  15.50  cb_failure         L15-CB2 {'rot': 0.02032}
  t=  15.63  cb_failure         L6-CB0 {'rot': 0.02028}
  t=  15.63  cb_failure         L7-CB0 {'rot': 0.02092}
  t=  15.63  cb_failure         L8-CB0 {'rot': 0.02123}
  t=  15.63  cb_failure         L9-CB0 {'rot': 0.02129}
  t=  15.63  cb_failure         L12-CB0 {'rot': 0.02085}
  t=  15.63  cb_failure         L14-CB0 {'rot': 0.02005}
  t=  15.63  cb_failure         L16-CB2 {'rot': 0.02143}
  t=  15.75  cb_failure         L5-CB0 {'rot': 0.02113}
  t=  15.75  cb_failure         L15-CB0 {'rot': 0.02203}
  t=  15.75  cb_failure         L16-CB0 {'rot': 0.0209}
  t=  15.75  cb_failure         L17-CB2 {'rot': 0.02073}
  t=  15.88  cb_failure         L17-CB0 {'rot': 0.02083}
  t=  16.00  cb_failure         L4-CB0 {'rot': 0.02034}
  t=  16.13  cb_failure         L18-CB0 {'rot': 0.02076}
  t=  18.00  cb_failure         L3-CB1 {'rot': 0.02183}
  t=  18.13  cb_failure         L3-CB2 {'rot': 0.02006}
  t=  18.25  cb_failure         L3-CB3 {'rot': 0.01997}
  t= 18.600  solver fallback: Newton
  t=  18.75  cb_failure         L3-CB0 {'rot': 0.02004}
  t=  19.25  cb_yield           L26-CB2 {'rot': 0.00698}
  t=  19.50  cb_yield           L27-CB2 {'rot': 0.00715}
  t=  19.62  cb_yield           L28-CB2 {'rot': 0.00663}
  progress t=  20.0s  max corner drift so far=0.0067  wall clock=250s
  t=  22.25  cb_failure         L18-CB2 {'rot': 0.02099}
  t=  23.12  cb_yield           L29-CB0 {'rot': 0.00698}
  t=  23.12  cb_yield           L30-CB0 {'rot': 0.00677}
  t=  23.25  cb_yield           L31-CB0 {'rot': 0.00718}
  t=  23.25  cb_yield           L32-CB0 {'rot': 0.00686}
  t=  23.25  cb_yield           L33-CB0 {'rot': 0.00667}
  t=  24.87  cb_yield           L29-CB2 {'rot': 0.00683}
  t=  25.00  cb_failure         L19-CB2 {'rot': 0.02232}
  t=  25.00  cb_failure         L20-CB2 {'rot': 0.02182}
  t=  25.00  cb_failure         L21-CB2 {'rot': 0.02118}
  t=  25.00  cb_yield           L30-CB2 {'rot': 0.00982}
  t=  25.00  cb_yield           L31-CB2 {'rot': 0.00833}
  t=  25.00  cb_yield           L32-CB2 {'rot': 0.00717}
  t=  25.00  cb_yield           L33-CB2 {'rot': 0.0067}
  t=  25.12  cb_failure         L22-CB2 {'rot': 0.02459}
  t=  25.12  cb_failure         L23-CB2 {'rot': 0.02383}
  t=  25.12  cb_failure         L24-CB2 {'rot': 0.02278}
  t=  25.12  cb_failure         L25-CB2 {'rot': 0.02145}
  t=  25.25  cb_failure         L26-CB2 {'rot': 0.02145}
  progress t=  30.0s  max corner drift so far=0.0087  wall clock=377s
