  t=   8.63  cb_yield           L16-CB3 {'rot': 0.00612}
  t=   8.75  cb_yield           L13-CB3 {'rot': 0.00634}
  t=   8.75  cb_yield           L14-CB3 {'rot': 0.00658}
  t=   8.75  cb_yield           L15-CB3 {'rot': 0.00679}
  t=   8.75  cb_yield           L17-CB3 {'rot': 0.00709}
  t=   8.75  cb_yield           L18-CB3 {'rot': 0.00715}
  t=   8.75  cb_yield           L19-CB3 {'rot': 0.00712}
  t=   8.75  cb_yield           L20-CB3 {'rot': 0.00702}
  t=   8.75  cb_yield           L21-CB3 {'rot': 0.00685}
  t=   8.75  cb_yield           L22-CB3 {'rot': 0.00661}
  t=   8.88  cb_yield           L12-CB3 {'rot': 0.00622}
  progress t=  10.0s  max corner drift so far=0.0023  wall clock=95s
  t=  10.38  cb_yield           L3-CB2 {'rot': 0.00657}
  t=  10.38  cb_yield           L3-CB3 {'rot': 0.00635}
  t=  10.38  cb_yield           L4-CB2 {'rot': 0.00684}
  t=  10.38  cb_yield           L4-CB3 {'rot': 0.0066}
  t=  10.38  cb_yield           L5-CB2 {'rot': 0.00671}
  t=  10.38  cb_yield           L5-CB3 {'rot': 0.00647}
  t=  10.38  cb_yield           L6-CB2 {'rot': 0.00632}
  t=  10.50  cb_yield           L2-CB2 {'rot': 0.00632}
  t=  10.50  cb_yield           L2-CB3 {'rot': 0.00613}
  t=  10.50  cb_yield           L6-CB3 {'rot': 0.00733}
  t=  10.50  cb_yield           L7-CB2 {'rot': 0.00725}
  t=  10.50  cb_yield           L7-CB3 {'rot': 0.00694}
  t=  10.50  cb_yield           L8-CB2 {'rot': 0.00673}
  t=  10.50  cb_yield           L8-CB3 {'rot': 0.0064}
  t=  10.50  cb_yield           L9-CB2 {'rot': 0.00614}
  t=  10.63  cb_yield           L9-CB3 {'rot': 0.00641}
  t=  10.63  cb_yield           L10-CB2 {'rot': 0.00621}
  t=  10.75  cb_yield           L3-CB0 {'rot': 0.0067}
  t=  10.75  cb_yield           L3-CB1 {'rot': 0.00678}
  t=  10.75  cb_yield           L4-CB0 {'rot': 0.00714}
  t=  10.75  cb_yield           L4-CB1 {'rot': 0.00725}
  t=  10.75  cb_yield           L5-CB0 {'rot': 0.00721}
  t=  10.75  cb_yield           L5-CB1 {'rot': 0.00735}
  t=  10.75  cb_yield           L6-CB0 {'rot': 0.00701}
  t=  10.75  cb_yield           L6-CB1 {'rot': 0.00718}
  t=  10.75  cb_yield           L7-CB0 {'rot': 0.00663}
  t=  10.75  cb_yield           L7-CB1 {'rot': 0.00681}
  t=  10.75  cb_yield           L8-CB0 {'rot': 0.00614}
  t=  10.75  cb_yield           L8-CB1 {'rot': 0.00631}
  t=  10.75  cb_yield           L10-CB3 {'rot': 0.00615}
  t=  10.88  cb_yield           L2-CB0 {'rot': 0.00624}
  t=  10.88  cb_yield           L9-CB0 {'rot': 0.00693}
  t=  10.88  cb_yield           L9-CB1 {'rot': 0.00694}
  t=  10.88  cb_yield           L10-CB0 {'rot': 0.00638}
  t=  10.88  cb_yield           L10-CB1 {'rot': 0.00638}
  t=  11.00  cb_yield           L11-CB0 {'rot': 0.00722}
  t=  11.00  cb_yield           L11-CB1 {'rot': 0.00738}
  t=  11.00  cb_yield           L12-CB0 {'rot': 0.00692}
  t=  11.00  cb_yield           L12-CB1 {'rot': 0.00707}
  t=  11.00  cb_yield           L13-CB0 {'rot': 0.0066}
  t=  11.00  cb_yield           L13-CB1 {'rot': 0.00674}
  t=  11.00  cb_yield           L14-CB0 {'rot': 0.00625}
  t=  11.00  cb_yield           L14-CB1 {'rot': 0.00639}
  t=  11.13  cb_yield           L15-CB0 {'rot': 0.00788}
  t=  11.13  cb_yield           L15-CB1 {'rot': 0.00847}
  t=  11.13  cb_yield           L16-CB0 {'rot': 0.00779}
  t=  11.13  cb_yield           L16-CB1 {'rot': 0.00837}
  t=  11.13  cb_yield           L17-CB0 {'rot': 0.00768}
  t=  11.13  cb_yield           L17-CB1 {'rot': 0.00825}
  t=  11.13  cb_yield           L18-CB0 {'rot': 0.00757}
  t=  11.13  cb_yield           L18-CB1 {'rot': 0.00812}
  t=  11.13  cb_yield           L19-CB0 {'rot': 0.00746}
  t=  11.13  cb_yield           L19-CB1 {'rot': 0.00798}
  t=  11.13  cb_yield           L20-CB0 {'rot': 0.00736}
  t=  11.13  cb_yield           L20-CB1 {'rot': 0.00786}
  t=  11.13  cb_yield           L21-CB0 {'rot': 0.00726}
  t=  11.13  cb_yield           L21-CB1 {'rot': 0.00773}
  t=  11.13  cb_yield           L22-CB0 {'rot': 0.0071}
  t=  11.13  cb_yield           L22-CB1 {'rot': 0.00755}
  t=  11.13  cb_yield           L23-CB0 {'rot': 0.00688}
  t=  11.13  cb_yield           L23-CB1 {'rot': 0.00731}
  t=  11.13  cb_yield           L24-CB1 {'rot': 0.00699}
  t=  11.13  cb_yield           L25-CB1 {'rot': 0.00659}
  t=  11.25  cb_yield           L24-CB0 {'rot': 0.00798}
  t=  11.25  cb_yield           L25-CB0 {'rot': 0.00723}
  t=  11.25  cb_yield           L26-CB1 {'rot': 0.00739}
  t=  12.88  cb_yield           L23-CB3 {'rot': 0.00699}
  t=  12.88  cb_yield           L24-CB3 {'rot': 0.0068}
  t=  13.00  cb_yield           L2-CB1 {'rot': 0.00656}
  t=  13.13  cb_yield           L11-CB3 {'rot': 0.00627}
  t=  13.25  cb_yield           L11-CB2 {'rot': 0.00692}
  t=  13.25  cb_yield           L12-CB2 {'rot': 0.00633}
  t=  13.38  cb_yield           L13-CB2 {'rot': 0.00739}
  t=  13.38  cb_yield           L14-CB2 {'rot': 0.00667}
  t=  13.50  cb_yield           L15-CB2 {'rot': 0.00638}
  t=  14.00  cb_yield           L25-CB3 {'rot': 0.00704}
  t=  14.00  cb_yield           L26-CB3 {'rot': 0.0069}
  t=  14.00  cb_yield           L27-CB3 {'rot': 0.0067}
  t=  18.38  cb_yield           L28-CB3 {'rot': 0.00708}
  t=  18.38  cb_yield           L29-CB3 {'rot': 0.00674}
  t=  18.50  cb_yield           L16-CB2 {'rot': 0.0065}
  t=  18.50  cb_yield           L18-CB2 {'rot': 0.0066}
  t=  18.50  cb_yield           L19-CB2 {'rot': 0.00663}
  t=  18.50  cb_yield           L20-CB2 {'rot': 0.00663}
  t=  18.63  cb_yield           L17-CB2 {'rot': 0.00759}
  t=  19.37  cb_yield           L1-CB1 {'rot': 0.00616}
  t=  19.75  cb_yield           L27-CB1 {'rot': 0.00674}
  t=  19.87  cb_yield           L28-CB1 {'rot': 0.00794}
  t=  19.87  cb_yield           L29-CB1 {'rot': 0.00721}
  t=  20.00  cb_yield           L26-CB0 {'rot': 0.00663}
  t=  20.00  cb_yield           L30-CB1 {'rot': 0.00705}
  progress t=  20.0s  max corner drift so far=0.0054  wall clock=194s
  t=  20.12  cb_yield           L31-CB1 {'rot': 0.00715}
  t=  20.12  cb_yield           L32-CB1 {'rot': 0.00665}
  t=  20.87  cb_yield           L27-CB0 {'rot': 0.00738}
  t=  20.87  cb_yield           L28-CB0 {'rot': 0.00692}
  t=  20.87  cb_yield           L33-CB1 {'rot': 0.0071}
  t=  21.00  cb_yield           L29-CB0 {'rot': 0.00662}
  t=  22.25  cb_yield           L1-CB0 {'rot': 0.00787}
  t=  24.62  cb_yield           L1-CB3 {'rot': 0.00612}
  t=  25.00  cb_yield           L21-CB2 {'rot': 0.00665}
  t=  25.25  cb_yield           L22-CB2 {'rot': 0.00765}
  t=  25.25  cb_yield           L23-CB2 {'rot': 0.0068}
  t=  25.37  cb_yield           L24-CB2 {'rot': 0.00692}
  t=  25.37  cb_yield           L30-CB3 {'rot': 0.00716}
  t=  25.50  cb_yield           L31-CB3 {'rot': 0.00747}
  t=  25.50  cb_yield           L32-CB3 {'rot': 0.00672}
  t=  26.00  cb_yield           L1-CB2 {'rot': 0.00616}
  t=  26.87  cb_yield           L25-CB2 {'rot': 0.0073}
  t=  26.87  cb_yield           L26-CB2 {'rot': 0.00687}
  t=  27.50  cb_yield           L30-CB0 {'rot': 0.00833}
  t=  27.50  cb_yield           L31-CB0 {'rot': 0.00701}
  t=  28.25  cb_yield           L32-CB0 {'rot': 0.00708}
  t=  28.25  cb_yield           L33-CB0 {'rot': 0.00677}
  t=  29.87  cb_yield           L27-CB2 {'rot': 0.00731}
  t=  29.87  cb_yield           L28-CB2 {'rot': 0.00663}
  t=  29.87  cb_yield           L33-CB3 {'rot': 0.00716}
  progress t=  30.0s  max corner drift so far=0.0082  wall clock=298s
  t=  32.87  cb_yield           L29-CB2 {'rot': 0.00727}
  progress t=  40.0s  max corner drift so far=0.0082  wall clock=400s
  t=  46.87  cb_yield           L30-CB2 {'rot': 0.00764}
  t=  47.00  cb_yield           L31-CB2 {'rot': 0.007}
  t=  49.25  cb_failure         L18-CB3 {'rot': 0.03084}
  t=  49.25  cb_failure         L19-CB3 {'rot': 0.03161}
  t=  49.25  cb_failure         L20-CB3 {'rot': 0.03222}
  t=  49.25  cb_failure         L21-CB3 {'rot': 0.03257}
  t=  49.25  cb_failure         L22-CB3 {'rot': 0.03261}
  t=  49.25  cb_failure         L23-CB3 {'rot': 0.03231}
  t=  49.25  cb_failure         L24-CB3 {'rot': 0.03166}
  t=  49.25  cb_failure         L25-CB3 {'rot': 0.03067}
  progress t=  50.0s  max corner drift so far=0.0082  wall clock=503s
  t=  59.00  cb_failure         L11-CB3 {'rot': 0.0302}
  t=  59.00  cb_failure         L12-CB3 {'rot': 0.0313}
  t=  59.00  cb_failure         L13-CB3 {'rot': 0.03214}
  t=  59.00  cb_failure         L14-CB3 {'rot': 0.03263}
  t=  59.00  cb_failure         L15-CB3 {'rot': 0.03282}
  t=  59.00  cb_failure         L16-CB3 {'rot': 0.03274}
  t=  59.00  cb_failure         L17-CB3 {'rot': 0.03237}
  t=  59.12  cb_failure         L8-CB3 {'rot': 0.03042}
  t=  59.12  cb_failure         L9-CB3 {'rot': 0.03203}
  t=  59.12  cb_failure         L10-CB1 {'rot': 0.03061}
  t=  59.12  cb_failure         L10-CB3 {'rot': 0.03346}
  t=  59.12  cb_failure         L11-CB1 {'rot': 0.0315}
  t=  59.12  cb_failure         L12-CB1 {'rot': 0.03229}
  t=  59.12  cb_failure         L13-CB1 {'rot': 0.03286}
  t=  59.12  cb_failure         L14-CB1 {'rot': 0.03311}
  t=  59.12  cb_failure         L15-CB1 {'rot': 0.03311}
  t=  59.12  cb_failure         L16-CB1 {'rot': 0.03286}
  t=  59.12  cb_failure         L17-CB1 {'rot': 0.03226}
  t=  59.12  cb_failure         L18-CB1 {'rot': 0.03138}
  t=  59.25  cb_failure         L6-CB3 {'rot': 0.03125}
  t=  59.25  cb_failure         L7-CB1 {'rot': 0.03032}
  t=  59.25  cb_failure         L7-CB3 {'rot': 0.03358}
  t=  59.25  cb_failure         L8-CB1 {'rot': 0.0318}
  t=  59.25  cb_failure         L9-CB1 {'rot': 0.03291}
  t=  59.37  cb_failure         L5-CB3 {'rot': 0.03191}
  t=  59.37  cb_failure         L6-CB1 {'rot': 0.03046}
  t=  59.37  cb_failure         L7-CB2 {'rot': 0.0305}
  t=  59.37  cb_failure         L8-CB2 {'rot': 0.0316}
  t=  59.37  cb_failure         L9-CB2 {'rot': 0.03212}
  t=  59.37  cb_failure         L10-CB2 {'rot': 0.03218}
  t=  59.37  cb_failure         L11-CB2 {'rot': 0.03186}
  t=  59.37  cb_failure         L12-CB2 {'rot': 0.03129}
  t=  59.37  cb_failure         L13-CB2 {'rot': 0.03039}
  t=  59.50  cb_failure         L6-CB2 {'rot': 0.0305}
  t=  59.62  cb_failure         L4-CB3 {'rot': 0.03077}
  t=  59.62  cb_failure         L14-CB2 {'rot': 0.03059}
  t=  59.62  cb_failure         L19-CB1 {'rot': 0.03077}
  t=  59.75  cb_failure         L15-CB2 {'rot': 0.03052}
  progress t=  60.0s  max corner drift so far=0.0091  wall clock=604s
  t=  65.00  cb_failure         L20-CB1 {'rot': 0.03116}
  t=  65.12  cb_failure         L16-CB2 {'rot': 0.03141}
  t=  65.12  cb_failure         L21-CB1 {'rot': 0.03172}
  t=  65.25  cb_failure         L17-CB2 {'rot': 0.03153}
  t=  65.25  cb_failure         L22-CB1 {'rot': 0.03083}
  t=  65.50  cb_failure         L5-CB1 {'rot': 0.03094}
  t=  65.50  cb_failure         L23-CB1 {'rot': 0.03084}
  t=  65.62  cb_failure         L8-CB0 {'rot': 0.03018}
  t=  65.62  cb_failure         L9-CB0 {'rot': 0.03034}
  t=  65.62  cb_failure         L10-CB0 {'rot': 0.03025}
  t=  65.75  cb_failure         L7-CB0 {'rot': 0.03043}
  t=  65.75  cb_failure         L11-CB0 {'rot': 0.03042}
  t=  65.87  cb_failure         L12-CB0 {'rot': 0.03009}
  progress t=  70.0s  max corner drift so far=0.0091  wall clock=704s
  progress t=  80.0s  max corner drift so far=0.0091  wall clock=801s
  progress t=  90.0s  max corner drift so far=0.0091  wall clock=897s
  progress t= 100.0s  max corner drift so far=0.0091  wall clock=994s
