  t=   6.38  cb_yield           L4-CB3 {'rot': 0.00599}
  t=   6.38  cb_yield           L5-CB2 {'rot': 0.00595}
  t=   6.38  cb_yield           L5-CB3 {'rot': 0.00641}
  t=   6.38  cb_yield           L6-CB2 {'rot': 0.00606}
  t=   6.38  cb_yield           L6-CB3 {'rot': 0.00661}
  t=   6.38  cb_yield           L7-CB2 {'rot': 0.00602}
  t=   6.38  cb_yield           L7-CB3 {'rot': 0.00663}
  t=   6.38  cb_yield           L8-CB3 {'rot': 0.0065}
  t=   6.38  cb_yield           L9-CB3 {'rot': 0.00627}
  t=   6.38  cb_yield           L10-CB3 {'rot': 0.00596}
  t=   6.50  cb_yield           L3-CB2 {'rot': 0.00632}
  t=   6.50  cb_yield           L3-CB3 {'rot': 0.00661}
  t=   6.50  cb_yield           L4-CB2 {'rot': 0.0071}
  t=   6.50  cb_yield           L8-CB2 {'rot': 0.00784}
  t=   6.50  cb_yield           L9-CB2 {'rot': 0.00763}
  t=   6.50  cb_yield           L10-CB2 {'rot': 0.00733}
  t=   6.50  cb_yield           L11-CB2 {'rot': 0.00698}
  t=   6.50  cb_yield           L11-CB3 {'rot': 0.00799}
  t=   6.50  cb_yield           L12-CB2 {'rot': 0.00658}
  t=   6.50  cb_yield           L12-CB3 {'rot': 0.00763}
  t=   6.50  cb_yield           L13-CB2 {'rot': 0.00614}
  t=   6.50  cb_yield           L13-CB3 {'rot': 0.00722}
  t=   6.50  cb_yield           L14-CB3 {'rot': 0.00679}
  t=   6.50  cb_yield           L15-CB3 {'rot': 0.00635}
  t=   6.50  cb_yield           L16-CB3 {'rot': 0.00593}
  t=   6.63  cb_yield           L14-CB2 {'rot': 0.00782}
  t=   6.63  cb_yield           L15-CB2 {'rot': 0.00731}
  t=   6.63  cb_yield           L16-CB2 {'rot': 0.00677}
  t=   6.63  cb_yield           L17-CB3 {'rot': 0.00742}
  t=   6.63  cb_yield           L18-CB3 {'rot': 0.00669}
  t=   6.75  cb_yield           L6-CB1 {'rot': 0.0063}
  t=   6.75  cb_yield           L7-CB1 {'rot': 0.00672}
  t=   6.75  cb_yield           L8-CB0 {'rot': 0.00608}
  t=   6.75  cb_yield           L8-CB1 {'rot': 0.00701}
  t=   6.75  cb_yield           L9-CB0 {'rot': 0.00622}
  t=   6.75  cb_yield           L9-CB1 {'rot': 0.00717}
  t=   6.75  cb_yield           L10-CB0 {'rot': 0.00622}
  t=   6.75  cb_yield           L10-CB1 {'rot': 0.00721}
  t=   6.75  cb_yield           L11-CB0 {'rot': 0.00611}
  t=   6.75  cb_yield           L11-CB1 {'rot': 0.00714}
  t=   6.75  cb_yield           L12-CB0 {'rot': 0.0059}
  t=   6.75  cb_yield           L12-CB1 {'rot': 0.00697}
  t=   6.75  cb_yield           L13-CB1 {'rot': 0.00668}
  t=   6.75  cb_yield           L14-CB1 {'rot': 0.00628}
  t=   6.75  cb_yield           L17-CB2 {'rot': 0.00668}
  t=   6.75  cb_yield           L19-CB3 {'rot': 0.00664}
  t=   6.88  cb_yield           L20-CB3 {'rot': 0.00699}
  t=   7.00  cb_yield           L18-CB2 {'rot': 0.00778}
  t=   7.00  cb_yield           L19-CB2 {'rot': 0.00747}
  t=   7.00  cb_yield           L20-CB2 {'rot': 0.00715}
  t=   7.00  cb_yield           L21-CB2 {'rot': 0.00681}
  t=   7.00  cb_yield           L21-CB3 {'rot': 0.009}
  t=   7.00  cb_yield           L22-CB3 {'rot': 0.00863}
  t=   7.00  cb_yield           L23-CB3 {'rot': 0.00825}
  t=   7.00  cb_yield           L24-CB3 {'rot': 0.00783}
  t=   7.00  cb_yield           L25-CB3 {'rot': 0.00739}
  t=   7.00  cb_yield           L26-CB3 {'rot': 0.00693}
  t=   7.13  cb_yield           L19-CB1 {'rot': 0.00662}
  t=   7.13  cb_yield           L20-CB1 {'rot': 0.00684}
  t=   7.13  cb_yield           L21-CB1 {'rot': 0.00695}
  t=   7.13  cb_yield           L22-CB1 {'rot': 0.00694}
  t=   7.13  cb_yield           L22-CB2 {'rot': 0.00871}
  t=   7.13  cb_yield           L23-CB1 {'rot': 0.00681}
  t=   7.13  cb_yield           L23-CB2 {'rot': 0.00832}
  t=   7.13  cb_yield           L24-CB1 {'rot': 0.00656}
  t=   7.13  cb_yield           L24-CB2 {'rot': 0.00781}
  t=   7.13  cb_yield           L25-CB2 {'rot': 0.00721}
  t=   7.13  cb_yield           L26-CB2 {'rot': 0.00656}
  t=   7.13  cb_yield           L27-CB3 {'rot': 0.00835}
  t=   7.13  cb_yield           L28-CB3 {'rot': 0.00764}
  t=   7.13  cb_yield           L29-CB3 {'rot': 0.00691}
  t=   7.25  cb_yield           L25-CB1 {'rot': 0.00688}
  t=   7.25  cb_yield           L26-CB1 {'rot': 0.00654}
  t=   7.25  cb_yield           L27-CB2 {'rot': 0.00693}
  t=   7.25  cb_yield           L30-CB3 {'rot': 0.00738}
  t=   7.25  cb_yield           L31-CB3 {'rot': 0.0066}
  t=   7.38  cb_yield           L5-CB1 {'rot': 0.00618}
  t=   7.38  cb_yield           L15-CB1 {'rot': 0.00632}
  t=   7.38  cb_yield           L16-CB1 {'rot': 0.00626}
  t=   7.38  cb_yield           L32-CB3 {'rot': 0.00676}
  t=   7.50  cb_yield           L2-CB2 {'rot': 0.00646}
  t=   7.50  cb_yield           L2-CB3 {'rot': 0.00684}
  t=   7.50  cb_yield           L3-CB1 {'rot': 0.00661}
  t=   7.50  cb_yield           L4-CB0 {'rot': 0.00615}
  t=   7.50  cb_yield           L4-CB1 {'rot': 0.00749}
  t=   7.50  cb_yield           L5-CB0 {'rot': 0.00662}
  t=   7.50  cb_yield           L6-CB0 {'rot': 0.00688}
  t=   7.50  cb_yield           L7-CB0 {'rot': 0.00698}
  t=   7.50  cb_yield           L17-CB1 {'rot': 0.00678}
  t=   7.63  cb_yield           L2-CB1 {'rot': 0.00614}
  t=   7.63  cb_yield           L3-CB0 {'rot': 0.00629}
  t=   7.63  cb_failure         L12-CB3 {'rot': 0.0211}
  t=   7.63  cb_yield           L13-CB0 {'rot': 0.00726}
  t=   7.63  cb_yield           L14-CB0 {'rot': 0.00671}
  t=   7.63  cb_yield           L15-CB0 {'rot': 0.00615}
  t=   7.63  cb_yield           L18-CB1 {'rot': 0.00683}
  t=   7.75  cb_failure         L11-CB3 {'rot': 0.02076}
  t=   7.75  cb_failure         L13-CB3 {'rot': 0.02087}
  t=   7.75  cb_yield           L16-CB0 {'rot': 0.00618}
  t=   9.75  cb_yield           L25-CB0 {'rot': 0.00681}
  t=   9.75  cb_yield           L26-CB0 {'rot': 0.00704}
  t=   9.75  cb_yield           L27-CB0 {'rot': 0.00713}
  t=   9.75  cb_yield           L27-CB1 {'rot': 0.00885}
  t=   9.75  cb_yield           L28-CB0 {'rot': 0.00709}
  t=   9.75  cb_yield           L28-CB1 {'rot': 0.00883}
  t=   9.75  cb_yield           L29-CB0 {'rot': 0.00692}
  t=   9.75  cb_yield           L29-CB1 {'rot': 0.00865}
  t=   9.75  cb_yield           L30-CB0 {'rot': 0.00662}
  t=   9.75  cb_yield           L30-CB1 {'rot': 0.00831}
  t=   9.75  cb_yield           L31-CB1 {'rot': 0.00792}
  t=   9.75  cb_yield           L32-CB1 {'rot': 0.00756}
  t=   9.75  cb_yield           L33-CB1 {'rot': 0.00735}
  t=   9.88  cb_failure         L10-CB3 {'rot': 0.02004}
  t=   9.88  cb_yield           L31-CB0 {'rot': 0.00687}
  t=  10.00  cb_yield           L1-CB2 {'rot': 0.0061}
  progress t=  10.0s  max corner drift so far=0.0073  wall clock=118s
  t=  10.88  cb_yield           L2-CB0 {'rot': 0.00602}
  t=  11.13  cb_yield           L17-CB0 {'rot': 0.00659}
  t=  11.38  cb_yield           L18-CB0 {'rot': 0.00689}
  t=  11.50  cb_yield           L19-CB0 {'rot': 0.00677}
  t=  11.63  cb_yield           L20-CB0 {'rot': 0.00676}
  t=  11.75  cb_yield           L21-CB0 {'rot': 0.00684}
  t=  11.75  cb_yield           L22-CB0 {'rot': 0.00679}
  t=  11.75  cb_yield           L23-CB0 {'rot': 0.00662}
  t=  12.00  cb_yield           L1-CB3 {'rot': 0.00685}
  t=  12.13  cb_failure         L8-CB3 {'rot': 0.02002}
  t=  12.13  cb_failure         L9-CB3 {'rot': 0.02005}
  t=  12.13  cb_yield           L33-CB3 {'rot': 0.00666}
  t=  12.25  cb_yield           L1-CB0 {'rot': 0.00605}
  t=  12.25  cb_yield           L1-CB1 {'rot': 0.00725}
  t=  12.25  cb_failure         L5-CB2 {'rot': 0.021}
  t=  12.25  cb_failure         L5-CB3 {'rot': 0.02166}
  t=  12.25  cb_failure         L6-CB2 {'rot': 0.02201}
  t=  12.25  cb_failure         L6-CB3 {'rot': 0.02291}
  t=  12.25  cb_failure         L7-CB2 {'rot': 0.02257}
  t=  12.25  cb_failure         L7-CB3 {'rot': 0.0237}
  t=  12.25  cb_failure         L8-CB2 {'rot': 0.02276}
  t=  12.25  cb_failure         L9-CB2 {'rot': 0.02261}
  t=  12.25  cb_failure         L10-CB2 {'rot': 0.02224}
  t=  12.25  cb_failure         L11-CB2 {'rot': 0.0217}
  t=  12.25  cb_failure         L12-CB2 {'rot': 0.02105}
  t=  12.25  cb_failure         L13-CB2 {'rot': 0.02026}
  t=  12.25  cb_failure         L14-CB3 {'rot': 0.02238}
  t=  12.25  cb_failure         L15-CB3 {'rot': 0.02172}
  t=  12.25  cb_failure         L16-CB3 {'rot': 0.02105}
  t=  12.25  cb_yield           L28-CB2 {'rot': 0.0081}
  t=  12.25  cb_yield           L29-CB2 {'rot': 0.00751}
  t=  12.25  cb_yield           L30-CB2 {'rot': 0.00688}
  t=  12.38  cb_failure         L3-CB3 {'rot': 0.02044}
  t=  12.38  cb_failure         L4-CB2 {'rot': 0.02208}
  t=  12.38  cb_failure         L4-CB3 {'rot': 0.02329}
  t=  12.38  cb_failure         L14-CB2 {'rot': 0.02298}
  t=  12.38  cb_failure         L15-CB2 {'rot': 0.02229}
  t=  12.38  cb_failure         L16-CB2 {'rot': 0.02158}
  t=  12.38  cb_failure         L17-CB2 {'rot': 0.02067}
  t=  12.38  cb_failure         L17-CB3 {'rot': 0.02608}
  t=  12.38  cb_failure         L18-CB3 {'rot': 0.02548}
  t=  12.38  cb_failure         L19-CB3 {'rot': 0.02485}
  t=  12.38  cb_failure         L20-CB3 {'rot': 0.02421}
  t=  12.38  cb_failure         L21-CB3 {'rot': 0.02351}
  t=  12.38  cb_failure         L22-CB3 {'rot': 0.02273}
  t=  12.38  cb_failure         L23-CB3 {'rot': 0.02187}
  t=  12.38  cb_failure         L24-CB3 {'rot': 0.02091}
  t=  12.38  cb_yield           L31-CB2 {'rot': 0.00658}
  t=  12.50  cb_failure         L3-CB2 {'rot': 0.02227}
  t=  12.50  cb_failure         L4-CB1 {'rot': 0.02201}
  t=  12.50  cb_failure         L5-CB1 {'rot': 0.02355}
  t=  12.50  cb_failure         L6-CB1 {'rot': 0.02441}
  t=  12.50  cb_failure         L7-CB1 {'rot': 0.02482}
  t=  12.50  cb_failure         L8-CB1 {'rot': 0.0249}
  t=  12.50  cb_failure         L9-CB1 {'rot': 0.02473}
  t=  12.50  cb_failure         L10-CB1 {'rot': 0.0244}
  t=  12.50  cb_failure         L11-CB1 {'rot': 0.02398}
  t=  12.50  cb_failure         L12-CB1 {'rot': 0.02354}
  t=  12.50  cb_failure         L13-CB1 {'rot': 0.02305}
  t=  12.50  cb_failure         L14-CB1 {'rot': 0.0225}
  t=  12.50  cb_failure         L15-CB1 {'rot': 0.02196}
  t=  12.50  cb_failure         L16-CB1 {'rot': 0.02144}
  t=  12.50  cb_failure         L17-CB1 {'rot': 0.02083}
  t=  12.50  cb_failure         L18-CB2 {'rot': 0.02368}
  t=  12.50  cb_failure         L19-CB2 {'rot': 0.02274}
  t=  12.50  cb_failure         L20-CB1 {'rot': 0.02228}
  t=  12.50  cb_failure         L20-CB2 {'rot': 0.02177}
  t=  12.50  cb_failure         L21-CB2 {'rot': 0.02068}
  t=  12.50  cb_failure         L25-CB3 {'rot': 0.02548}
  t=  12.50  cb_failure         L26-CB3 {'rot': 0.02392}
  t=  12.50  cb_failure         L27-CB3 {'rot': 0.02227}
  t=  12.50  cb_failure         L28-CB3 {'rot': 0.02077}
  t=  12.50  cb_failure         L33-CB3 {'rot': 0.02136}
  t=  12.63  cb_failure         L2-CB2 {'rot': 0.01993}
  t=  12.63  cb_failure         L2-CB3 {'rot': 0.0211}
  t=  12.63  cb_failure         L3-CB1 {'rot': 0.02162}
  t=  12.63  cb_failure         L5-CB0 {'rot': 0.02153}
  t=  12.63  cb_failure         L6-CB0 {'rot': 0.02258}
  t=  12.63  cb_failure         L7-CB0 {'rot': 0.02314}
  t=  12.63  cb_failure         L8-CB0 {'rot': 0.02337}
  t=  12.63  cb_failure         L9-CB0 {'rot': 0.02331}
  t=  12.63  cb_failure         L10-CB0 {'rot': 0.02308}
  t=  12.63  cb_failure         L11-CB0 {'rot': 0.02272}
  t=  12.63  cb_failure         L12-CB0 {'rot': 0.02232}
  t=  12.63  cb_failure         L13-CB0 {'rot': 0.0218}
  t=  12.63  cb_failure         L14-CB0 {'rot': 0.02113}
  t=  12.63  cb_failure         L15-CB0 {'rot': 0.0204}
  t=  12.63  cb_failure         L18-CB1 {'rot': 0.02764}
  t=  12.63  cb_failure         L19-CB1 {'rot': 0.02676}
  t=  12.63  cb_failure         L21-CB1 {'rot': 0.02483}
  t=  12.63  cb_failure         L22-CB1 {'rot': 0.02367}
  t=  12.63  cb_failure         L22-CB2 {'rot': 0.02133}
  t=  12.63  cb_failure         L23-CB1 {'rot': 0.0224}
  t=  12.63  cb_yield           L24-CB0 {'rot': 0.00884}
  t=  12.63  cb_failure         L24-CB1 {'rot': 0.02104}
  t=  12.63  cb_failure         L29-CB3 {'rot': 0.02223}
  t=  12.63  cb_failure         L30-CB3 {'rot': 0.02098}
  t=  12.75  cb_failure         L4-CB0 {'rot': 0.02132}
  t=  12.75  cb_failure         L16-CB0 {'rot': 0.02586}
  t=  12.75  cb_failure         L17-CB0 {'rot': 0.02451}
  t=  12.75  cb_failure         L18-CB0 {'rot': 0.023}
  t=  12.75  cb_failure         L19-CB0 {'rot': 0.02134}
  t=  12.75  cb_failure         L25-CB1 {'rot': 0.02462}
  t=  12.75  cb_failure         L26-CB1 {'rot': 0.02315}
  t=  12.75  cb_failure         L27-CB1 {'rot': 0.02179}
  t=  12.75  cb_failure         L28-CB1 {'rot': 0.02066}
  t=  12.75  cb_failure         L31-CB3 {'rot': 0.02263}
  t=  12.75  cb_failure         L32-CB3 {'rot': 0.02202}
  t=  12.75  cb_failure         L33-CB1 {'rot': 0.023}
  t=  12.88  cb_failure         L20-CB0 {'rot': 0.0235}
  t=  12.88  cb_failure         L21-CB0 {'rot': 0.02152}
  t=  12.88  cb_failure         L29-CB1 {'rot': 0.02436}
  t=  12.88  cb_failure         L30-CB1 {'rot': 0.02341}
  t=  12.88  cb_failure         L31-CB1 {'rot': 0.02262}
  t=  12.88  cb_failure         L32-CB1 {'rot': 0.02209}
  t=  13.00  cb_failure         L22-CB0 {'rot': 0.0234}
  t=  13.00  cb_failure         L23-CB0 {'rot': 0.02148}
  t=  13.00  cb_yield           L32-CB0 {'rot': 0.00691}
  t=  13.00  cb_yield           L33-CB0 {'rot': 0.00659}
  t=  13.13  cb_failure         L23-CB2 {'rot': 0.0215}
  t=  13.13  cb_failure         L24-CB0 {'rot': 0.02155}
  t=  13.38  cb_failure         L24-CB2 {'rot': 0.02356}
  t=  13.38  cb_failure         L25-CB0 {'rot': 0.0211}
  t=  13.38  cb_failure         L25-CB2 {'rot': 0.02097}
  t=  13.50  cb_failure         L26-CB2 {'rot': 0.02123}
  t=  13.50  cb_yield           L32-CB2 {'rot': 0.00901}
  t=  13.50  cb_yield           L33-CB2 {'rot': 0.00859}
  t=  13.63  cb_failure         L3-CB0 {'rot': 0.02065}
  t=  13.75  cb_failure         L2-CB1 {'rot': 0.01991}
  t=  15.63  cb_failure         L1-CB2 {'rot': 0.02067}
  t=  19.12  cb_failure         L30-CB0 {'rot': 0.02095}
  t=  19.25  cb_failure         L26-CB0 {'rot': 0.02135}
  t=  19.50  cb_failure         L27-CB2 {'rot': 0.02073}
  t=  19.62  cb_failure         L27-CB0 {'rot': 0.0215}
  t=  19.62  cb_failure         L28-CB2 {'rot': 0.02228}
  t=  19.75  cb_failure         L28-CB0 {'rot': 0.02265}
  t=  19.75  cb_failure         L29-CB0 {'rot': 0.02061}
  t=  19.75  cb_failure         L29-CB2 {'rot': 0.02379}
  t=  19.75  cb_failure         L30-CB2 {'rot': 0.0215}
  t=  19.87  cb_failure         L31-CB0 {'rot': 0.02059}
  t=  19.87  cb_failure         L31-CB2 {'rot': 0.02458}
  t=  19.87  cb_failure         L32-CB2 {'rot': 0.02349}
  t=  19.87  cb_failure         L33-CB2 {'rot': 0.02311}
  t=  20.00  cb_failure         L2-CB0 {'rot': 0.01997}
  progress t=  20.0s  max corner drift so far=0.0114  wall clock=250s
  t=  20.12  cb_failure         L1-CB3 {'rot': 0.02036}
  t= 20.300  solver fallback: Newton
  t=  20.37  cb_failure         L1-CB0 {'rot': 0.0203}
  t=  20.37  cb_failure         L1-CB1 {'rot': 0.02173}
  t= 23.225  solver fallback: Newton
  t= 23.250  solver fallback: Newton
  t=  28.12  cb_failure         L32-CB0 {'rot': 0.02092}
  t=  28.12  cb_failure         L33-CB0 {'rot': 0.02078}
  progress t=  30.0s  max corner drift so far=0.0131  wall clock=384s
  t=  37.00  wall_flexure_strength_loss S1-F {'rot_x': 0.0, 'rot_y': 0.00214}
  progress t=  40.0s  max corner drift so far=0.0140  wall clock=521s
  t=  44.17  wall_axial_failure S1-F {'gamma': 0.00144, 'eps': -0.00681, 'cause': 'crushing'}
