  progress t=  10.0s  max corner drift so far=0.0019  wall clock=93s
  t=  10.63  cb_yield           L15-CB3 {'rot': 0.00608}
  t=  10.63  cb_yield           L16-CB3 {'rot': 0.00628}
  t=  10.63  cb_yield           L18-CB3 {'rot': 0.00672}
  t=  10.63  cb_yield           L19-CB3 {'rot': 0.0069}
  t=  10.63  cb_yield           L20-CB3 {'rot': 0.00706}
  t=  10.63  cb_yield           L21-CB3 {'rot': 0.00718}
  t=  10.63  cb_yield           L22-CB3 {'rot': 0.00723}
  t=  10.63  cb_yield           L23-CB3 {'rot': 0.00722}
  t=  10.63  cb_yield           L24-CB3 {'rot': 0.00712}
  t=  10.63  cb_yield           L25-CB3 {'rot': 0.00694}
  t=  10.63  cb_yield           L26-CB3 {'rot': 0.00669}
  t=  10.75  cb_yield           L12-CB3 {'rot': 0.00592}
  t=  10.75  cb_yield           L13-CB3 {'rot': 0.00626}
  t=  10.75  cb_yield           L14-CB3 {'rot': 0.00655}
  t=  10.75  cb_yield           L17-CB3 {'rot': 0.00722}
  t=  11.38  cb_yield           L3-CB2 {'rot': 0.00627}
  t=  11.38  cb_yield           L3-CB3 {'rot': 0.00638}
  t=  11.38  cb_yield           L4-CB2 {'rot': 0.00664}
  t=  11.38  cb_yield           L4-CB3 {'rot': 0.00678}
  t=  11.38  cb_yield           L5-CB2 {'rot': 0.00666}
  t=  11.38  cb_yield           L5-CB3 {'rot': 0.00687}
  t=  11.38  cb_yield           L6-CB2 {'rot': 0.00648}
  t=  11.38  cb_yield           L6-CB3 {'rot': 0.00675}
  t=  11.38  cb_yield           L7-CB2 {'rot': 0.00615}
  t=  11.38  cb_yield           L7-CB3 {'rot': 0.00649}
  t=  11.38  cb_yield           L8-CB3 {'rot': 0.00614}
  t=  11.50  cb_yield           L8-CB2 {'rot': 0.00592}
  t=  12.00  cb_yield           L21-CB1 {'rot': 0.0068}
  t=  12.00  cb_yield           L22-CB1 {'rot': 0.00705}
  t=  12.00  cb_yield           L23-CB1 {'rot': 0.0072}
  t=  12.00  cb_yield           L24-CB1 {'rot': 0.00724}
  t=  12.00  cb_yield           L25-CB1 {'rot': 0.00719}
  t=  12.00  cb_yield           L26-CB1 {'rot': 0.00704}
  t=  12.00  cb_yield           L27-CB1 {'rot': 0.00683}
  t=  12.00  cb_yield           L28-CB1 {'rot': 0.00658}
  t=  12.13  cb_yield           L19-CB1 {'rot': 0.00721}
  t=  12.13  cb_yield           L20-CB1 {'rot': 0.00785}
  t=  12.13  cb_yield           L22-CB0 {'rot': 0.00659}
  t=  12.13  cb_yield           L23-CB0 {'rot': 0.00685}
  t=  12.13  cb_yield           L24-CB0 {'rot': 0.007}
  t=  12.13  cb_yield           L25-CB0 {'rot': 0.00703}
  t=  12.13  cb_yield           L26-CB0 {'rot': 0.00695}
  t=  12.13  cb_yield           L27-CB0 {'rot': 0.00676}
  t=  12.13  cb_yield           L29-CB1 {'rot': 0.00891}
  t=  12.13  cb_yield           L30-CB1 {'rot': 0.00846}
  t=  12.13  cb_yield           L31-CB1 {'rot': 0.00795}
  t=  12.13  cb_yield           L32-CB1 {'rot': 0.00749}
  t=  12.13  cb_yield           L33-CB1 {'rot': 0.00702}
  t=  12.25  cb_yield           L9-CB2 {'rot': 0.00606}
  t=  12.25  cb_yield           L18-CB1 {'rot': 0.00681}
  t=  12.38  cb_yield           L9-CB3 {'rot': 0.00635}
  t=  12.38  cb_yield           L10-CB2 {'rot': 0.0061}
  t=  12.50  cb_yield           L10-CB3 {'rot': 0.00597}
  t=  12.88  cb_yield           L11-CB2 {'rot': 0.006}
  t=  12.88  cb_yield           L11-CB3 {'rot': 0.00687}
  t=  12.88  cb_yield           L12-CB2 {'rot': 0.00621}
  t=  12.88  cb_yield           L13-CB2 {'rot': 0.00638}
  t=  12.88  cb_yield           L14-CB2 {'rot': 0.0065}
  t=  12.88  cb_yield           L15-CB2 {'rot': 0.00658}
  t=  12.88  cb_yield           L16-CB2 {'rot': 0.00662}
  t=  12.88  cb_yield           L17-CB2 {'rot': 0.0066}
  t=  12.88  cb_yield           L18-CB2 {'rot': 0.00654}
  t=  13.00  cb_yield           L19-CB2 {'rot': 0.00804}
  t=  13.00  cb_yield           L20-CB2 {'rot': 0.00777}
  t=  13.00  cb_yield           L21-CB2 {'rot': 0.00742}
  t=  13.00  cb_yield           L22-CB2 {'rot': 0.00699}
  t=  13.13  cb_yield           L23-CB2 {'rot': 0.0069}
  t=  14.13  cb_yield           L27-CB3 {'rot': 0.00668}
  t=  14.13  cb_yield           L28-CB3 {'rot': 0.00656}
  t=  14.75  cb_yield           L3-CB1 {'rot': 0.00605}
  t=  14.75  cb_yield           L4-CB1 {'rot': 0.00647}
  t=  14.75  cb_yield           L5-CB1 {'rot': 0.00663}
  t=  14.75  cb_yield           L6-CB1 {'rot': 0.0066}
  t=  14.75  cb_yield           L7-CB1 {'rot': 0.00643}
  t=  14.75  cb_yield           L8-CB1 {'rot': 0.00616}
  t=  14.88  cb_yield           L2-CB1 {'rot': 0.00648}
  t=  14.88  cb_yield           L2-CB2 {'rot': 0.00686}
  t=  14.88  cb_yield           L2-CB3 {'rot': 0.0071}
  t=  14.88  cb_yield           L3-CB0 {'rot': 0.00617}
  t=  14.88  cb_yield           L4-CB0 {'rot': 0.00646}
  t=  14.88  cb_yield           L5-CB0 {'rot': 0.0064}
  t=  14.88  cb_yield           L6-CB0 {'rot': 0.0061}
  t=  14.88  cb_yield           L9-CB1 {'rot': 0.00626}
  t=  15.00  cb_yield           L7-CB0 {'rot': 0.00594}
  t=  15.00  cb_yield           L10-CB1 {'rot': 0.00643}
  t=  15.00  cb_yield           L11-CB1 {'rot': 0.00598}
  t=  15.13  cb_yield           L12-CB1 {'rot': 0.0062}
  t=  15.25  cb_yield           L13-CB1 {'rot': 0.00596}
  t=  15.50  cb_yield           L24-CB2 {'rot': 0.00829}
  t=  15.50  cb_yield           L25-CB2 {'rot': 0.00774}
  t=  15.50  cb_yield           L26-CB2 {'rot': 0.00711}
  t=  15.50  cb_yield           L29-CB3 {'rot': 0.00916}
  t=  15.50  cb_yield           L30-CB3 {'rot': 0.00846}
  t=  15.50  cb_yield           L31-CB3 {'rot': 0.00782}
  t=  15.50  cb_yield           L32-CB3 {'rot': 0.00733}
  t=  15.50  cb_yield           L33-CB3 {'rot': 0.00673}
  t=  15.63  cb_yield           L27-CB2 {'rot': 0.00778}
  t=  15.63  cb_yield           L28-CB2 {'rot': 0.00723}
  t=  15.63  cb_yield           L29-CB2 {'rot': 0.00663}
  t=  16.88  cb_yield           L16-CB1 {'rot': 0.00606}
  t=  17.00  cb_yield           L17-CB1 {'rot': 0.00664}
  t=  17.88  cb_yield           L19-CB0 {'rot': 0.00654}
  t=  17.88  cb_yield           L20-CB0 {'rot': 0.00703}
  t=  17.88  cb_yield           L21-CB0 {'rot': 0.0074}
  t=  18.25  cb_yield           L8-CB0 {'rot': 0.00602}
  t=  18.38  cb_yield           L2-CB0 {'rot': 0.008}
  t=  18.38  cb_yield           L9-CB0 {'rot': 0.00826}
  t=  18.38  cb_yield           L10-CB0 {'rot': 0.00745}
  t=  18.38  cb_yield           L11-CB0 {'rot': 0.00662}
  t=  18.50  cb_yield           L1-CB0 {'rot': 0.00695}
  t=  18.50  cb_yield           L1-CB1 {'rot': 0.00666}
  t=  18.50  cb_yield           L1-CB2 {'rot': 0.00621}
  t=  18.50  cb_yield           L1-CB3 {'rot': 0.00631}
  t=  18.50  cb_yield           L12-CB0 {'rot': 0.00657}
  t=  19.37  cb_yield           L14-CB1 {'rot': 0.00639}
  t=  19.50  cb_yield           L15-CB1 {'rot': 0.00621}
  t=  19.87  cb_yield           L14-CB0 {'rot': 0.00612}
  t=  19.87  cb_yield           L15-CB0 {'rot': 0.00658}
  t=  19.87  cb_yield           L16-CB0 {'rot': 0.00705}
  t=  19.87  cb_yield           L17-CB0 {'rot': 0.00759}
  t=  19.87  cb_yield           L18-CB0 {'rot': 0.00809}
  t=  19.87  cb_yield           L28-CB0 {'rot': 0.00729}
  t=  19.87  cb_failure         L28-CB1 {'rot': 0.02187}
  t=  19.87  cb_yield           L29-CB0 {'rot': 0.00665}
  t=  20.00  cb_yield           L13-CB0 {'rot': 0.00666}
  progress t=  20.0s  max corner drift so far=0.0043  wall clock=192s
  t=  20.12  cb_failure         L19-CB1 {'rot': 0.02084}
  t=  20.12  cb_failure         L20-CB1 {'rot': 0.02106}
  t=  20.12  cb_failure         L21-CB1 {'rot': 0.02105}
  t=  20.12  cb_failure         L22-CB1 {'rot': 0.02081}
  t=  26.12  cb_failure         L30-CB3 {'rot': 0.02067}
  t=  26.37  cb_failure         L23-CB1 {'rot': 0.02078}
  t=  26.37  cb_failure         L24-CB1 {'rot': 0.02056}
  t=  26.62  cb_failure         L9-CB1 {'rot': 0.02101}
  progress t=  30.0s  max corner drift so far=0.0045  wall clock=291s
  t=  36.62  cb_failure         L25-CB1 {'rot': 0.02181}
  t=  36.62  cb_failure         L26-CB1 {'rot': 0.02118}
  t=  36.75  cb_failure         L27-CB1 {'rot': 0.0211}
  t=  36.75  cb_failure         L32-CB3 {'rot': 0.02156}
  t=  36.75  cb_failure         L33-CB1 {'rot': 0.02187}
  progress t=  40.0s  max corner drift so far=0.0045  wall clock=389s
  t=  48.50  cb_failure         L6-CB3 {'rot': 0.02021}
  t=  48.50  cb_failure         L8-CB3 {'rot': 0.02094}
  t=  48.50  cb_failure         L9-CB3 {'rot': 0.02093}
  t=  48.62  cb_failure         L10-CB3 {'rot': 0.02037}
  t=  48.62  cb_failure         L11-CB3 {'rot': 0.02047}
  t=  48.62  cb_failure         L12-CB3 {'rot': 0.0205}
  t=  48.62  cb_failure         L13-CB3 {'rot': 0.02044}
  t=  48.62  cb_failure         L14-CB3 {'rot': 0.02031}
  t=  48.62  cb_failure         L15-CB3 {'rot': 0.02018}
  t=  48.62  cb_failure         L16-CB3 {'rot': 0.02006}
  t=  48.62  cb_failure         L33-CB3 {'rot': 0.02093}
  t=  48.75  cb_failure         L7-CB1 {'rot': 0.02027}
  t=  48.75  cb_failure         L7-CB3 {'rot': 0.02123}
  t=  48.75  cb_failure         L8-CB1 {'rot': 0.02074}
  t=  48.75  cb_failure         L10-CB1 {'rot': 0.02106}
  t=  48.75  cb_failure         L11-CB1 {'rot': 0.02102}
  t=  48.75  cb_failure         L12-CB1 {'rot': 0.02094}
  t=  48.75  cb_failure         L13-CB1 {'rot': 0.0208}
  t=  48.75  cb_failure         L14-CB1 {'rot': 0.02062}
  t=  48.75  cb_failure         L15-CB1 {'rot': 0.02048}
  t=  48.75  cb_failure         L16-CB1 {'rot': 0.02037}
  t=  48.75  cb_failure         L17-CB3 {'rot': 0.02188}
  t=  48.75  cb_failure         L18-CB3 {'rot': 0.02187}
  t=  48.75  cb_failure         L19-CB3 {'rot': 0.02188}
  t=  48.75  cb_failure         L20-CB3 {'rot': 0.02191}
  t=  48.75  cb_failure         L21-CB3 {'rot': 0.02193}
  t=  48.75  cb_failure         L22-CB3 {'rot': 0.0219}
  t=  48.75  cb_failure         L23-CB3 {'rot': 0.02182}
  t=  48.75  cb_failure         L24-CB3 {'rot': 0.02165}
  t=  48.75  cb_failure         L25-CB3 {'rot': 0.02142}
  t=  48.75  cb_failure         L26-CB3 {'rot': 0.02111}
  t=  48.75  cb_failure         L27-CB3 {'rot': 0.02073}
  t=  48.87  cb_failure         L6-CB1 {'rot': 0.02017}
  t=  48.87  cb_failure         L17-CB1 {'rot': 0.02215}
  t=  48.87  cb_failure         L18-CB1 {'rot': 0.02194}
  t=  49.00  cb_failure         L13-CB2 {'rot': 0.02102}
  t= 49.250  solver fallback: Newton
  t=  49.37  cb_failure         L5-CB2 {'rot': 0.02036}
  t=  49.37  cb_failure         L5-CB3 {'rot': 0.02024}
  progress t=  50.0s  max corner drift so far=0.0045  wall clock=484s
  t=  54.12  cb_failure         L28-CB3 {'rot': 0.02219}
  t=  54.12  cb_failure         L29-CB3 {'rot': 0.02152}
  t=  54.25  cb_failure         L31-CB3 {'rot': 0.02274}
  progress t=  60.0s  max corner drift so far=0.0050  wall clock=578s
  progress t=  70.0s  max corner drift so far=0.0050  wall clock=671s
  progress t=  80.0s  max corner drift so far=0.0064  wall clock=765s
  progress t=  90.0s  max corner drift so far=0.0064  wall clock=857s
  progress t= 100.0s  max corner drift so far=0.0064  wall clock=949s
