  t=   4.25  cb_yield           L5-CB0 {'rot': 0.00508}
  t=   4.25  cb_yield           L6-CB0 {'rot': 0.00515}
  t=   4.25  cb_yield           L6-CB1 {'rot': 0.00492}
  t=   4.25  cb_yield           L7-CB0 {'rot': 0.00508}
  t=   8.50  cb_yield           L10-CB3 {'rot': 0.00494}
  t=   8.50  cb_yield           L11-CB3 {'rot': 0.00505}
  t=   8.50  cb_yield           L12-CB3 {'rot': 0.00514}
  t=   8.50  cb_yield           L13-CB3 {'rot': 0.00519}
  t=   8.50  cb_yield           L14-CB3 {'rot': 0.00522}
  t=   8.50  cb_yield           L15-CB3 {'rot': 0.00523}
  t=   8.50  cb_yield           L16-CB3 {'rot': 0.00523}
  t=   8.63  cb_yield           L8-CB3 {'rot': 0.00512}
  t=   8.63  cb_yield           L9-CB3 {'rot': 0.00541}
  t=   8.63  cb_yield           L13-CB2 {'rot': 0.00496}
  t=   8.63  cb_yield           L14-CB2 {'rot': 0.00499}
  t=   8.63  cb_yield           L15-CB2 {'rot': 0.00499}
  t=   8.63  cb_yield           L16-CB2 {'rot': 0.00496}
  t=   8.63  cb_yield           L17-CB3 {'rot': 0.00646}
  t=   8.63  cb_yield           L18-CB3 {'rot': 0.0064}
  t=   8.63  cb_yield           L19-CB3 {'rot': 0.00629}
  t=   8.63  cb_yield           L20-CB3 {'rot': 0.00615}
  t=   8.63  cb_yield           L21-CB3 {'rot': 0.00599}
  t=   8.63  cb_yield           L22-CB3 {'rot': 0.00579}
  t=   8.63  cb_yield           L23-CB3 {'rot': 0.00558}
  t=   8.75  cb_yield           L7-CB3 {'rot': 0.00514}
  t=   8.75  cb_yield           L9-CB2 {'rot': 0.00495}
  t=   8.75  cb_yield           L10-CB2 {'rot': 0.00513}
  t=   8.75  cb_yield           L11-CB2 {'rot': 0.00527}
  t=   8.75  cb_yield           L12-CB2 {'rot': 0.0054}
  t=   8.75  cb_yield           L17-CB2 {'rot': 0.00551}
  t=   8.75  cb_yield           L24-CB3 {'rot': 0.00554}
  progress t=  10.0s  max corner drift so far=0.0021  wall clock=101s
  t=  10.38  cb_yield           L2-CB3 {'rot': 0.00496}
  t=  10.38  cb_yield           L3-CB2 {'rot': 0.00557}
  t=  10.38  cb_yield           L3-CB3 {'rot': 0.00564}
  t=  10.38  cb_yield           L4-CB2 {'rot': 0.00581}
  t=  10.38  cb_yield           L4-CB3 {'rot': 0.00587}
  t=  10.38  cb_yield           L5-CB2 {'rot': 0.00571}
  t=  10.38  cb_yield           L5-CB3 {'rot': 0.00575}
  t=  10.38  cb_yield           L6-CB2 {'rot': 0.00538}
  t=  10.38  cb_yield           L6-CB3 {'rot': 0.00539}
  t=  10.50  cb_yield           L2-CB2 {'rot': 0.00547}
  t=  10.50  cb_yield           L7-CB2 {'rot': 0.00665}
  t=  10.50  cb_yield           L8-CB2 {'rot': 0.00625}
  t=  10.50  cb_yield           L21-CB1 {'rot': 0.00567}
  t=  10.50  cb_yield           L22-CB1 {'rot': 0.00598}
  t=  10.50  cb_yield           L23-CB1 {'rot': 0.00616}
  t=  10.50  cb_yield           L24-CB1 {'rot': 0.00623}
  t=  10.50  cb_yield           L25-CB1 {'rot': 0.00619}
  t=  10.50  cb_yield           L26-CB1 {'rot': 0.00607}
  t=  10.50  cb_yield           L27-CB1 {'rot': 0.00589}
  t=  10.50  cb_yield           L28-CB1 {'rot': 0.00567}
  t=  10.63  cb_yield           L2-CB0 {'rot': 0.00564}
  t=  10.63  cb_yield           L2-CB1 {'rot': 0.00539}
  t=  10.63  cb_yield           L3-CB0 {'rot': 0.00648}
  t=  10.63  cb_yield           L3-CB1 {'rot': 0.00619}
  t=  10.63  cb_yield           L4-CB0 {'rot': 0.00687}
  t=  10.63  cb_yield           L4-CB1 {'rot': 0.00657}
  t=  10.63  cb_yield           L5-CB1 {'rot': 0.00661}
  t=  10.63  cb_yield           L7-CB1 {'rot': 0.006}
  t=  10.63  cb_yield           L8-CB0 {'rot': 0.00583}
  t=  10.63  cb_yield           L8-CB1 {'rot': 0.00549}
  t=  10.63  cb_yield           L9-CB0 {'rot': 0.00527}
  t=  10.63  cb_yield           L29-CB1 {'rot': 0.00547}
  t=  10.75  cb_yield           L9-CB1 {'rot': 0.0065}
  t=  10.75  cb_yield           L10-CB0 {'rot': 0.00622}
  t=  10.75  cb_yield           L10-CB1 {'rot': 0.00571}
  t=  10.75  cb_yield           L11-CB0 {'rot': 0.00543}
  t=  10.88  cb_yield           L11-CB1 {'rot': 0.00645}
  t=  10.88  cb_yield           L12-CB0 {'rot': 0.00624}
  t=  10.88  cb_yield           L12-CB1 {'rot': 0.0058}
  t=  10.88  cb_yield           L13-CB0 {'rot': 0.00562}
  t=  10.88  cb_yield           L13-CB1 {'rot': 0.00515}
  t=  10.88  cb_yield           L14-CB0 {'rot': 0.00501}
  t=  11.00  cb_yield           L14-CB1 {'rot': 0.00685}
  t=  11.00  cb_yield           L15-CB0 {'rot': 0.00653}
  t=  11.00  cb_yield           L15-CB1 {'rot': 0.00638}
  t=  11.00  cb_yield           L16-CB0 {'rot': 0.00611}
  t=  11.00  cb_yield           L16-CB1 {'rot': 0.00594}
  t=  11.00  cb_yield           L17-CB0 {'rot': 0.00564}
  t=  11.00  cb_yield           L17-CB1 {'rot': 0.00546}
  t=  11.13  cb_yield           L18-CB0 {'rot': 0.0083}
  t=  11.13  cb_yield           L18-CB1 {'rot': 0.00877}
  t=  11.13  cb_yield           L19-CB0 {'rot': 0.00815}
  t=  11.13  cb_yield           L19-CB1 {'rot': 0.00859}
  t=  11.13  cb_yield           L20-CB0 {'rot': 0.00799}
  t=  11.13  cb_yield           L20-CB1 {'rot': 0.00841}
  t=  11.13  cb_yield           L21-CB0 {'rot': 0.0078}
  t=  11.13  cb_yield           L22-CB0 {'rot': 0.00755}
  t=  11.13  cb_yield           L23-CB0 {'rot': 0.00725}
  t=  11.13  cb_yield           L24-CB0 {'rot': 0.00687}
  t=  11.13  cb_yield           L25-CB0 {'rot': 0.00643}
  t=  11.13  cb_yield           L26-CB0 {'rot': 0.00593}
  t=  11.25  cb_yield           L27-CB0 {'rot': 0.00564}
  t=  11.38  cb_yield           L18-CB2 {'rot': 0.00572}
  t=  11.38  cb_yield           L19-CB2 {'rot': 0.00556}
  t=  12.63  cb_yield           L25-CB3 {'rot': 0.0056}
  t=  12.75  cb_yield           L26-CB3 {'rot': 0.00597}
  t=  12.75  cb_yield           L27-CB3 {'rot': 0.00563}
  t=  12.88  cb_yield           L28-CB3 {'rot': 0.00572}
  t=  14.00  cb_yield           L29-CB3 {'rot': 0.00573}
  t=  14.00  cb_yield           L30-CB3 {'rot': 0.00545}
  t=  16.75  cb_yield           L1-CB3 {'rot': 0.00493}
  t=  17.13  cb_yield           L20-CB2 {'rot': 0.00562}
  t=  17.25  cb_yield           L21-CB2 {'rot': 0.00607}
  t=  17.25  cb_yield           L22-CB2 {'rot': 0.00571}
  t=  19.12  cb_yield           L1-CB1 {'rot': 0.00538}
  t=  19.12  cb_yield           L1-CB2 {'rot': 0.00527}
  t=  19.12  cb_yield           L31-CB3 {'rot': 0.00579}
  t=  19.12  cb_yield           L32-CB3 {'rot': 0.00553}
  t=  19.25  cb_yield           L1-CB0 {'rot': 0.00509}
  t=  19.75  cb_yield           L30-CB1 {'rot': 0.00681}
  t=  19.75  cb_yield           L31-CB1 {'rot': 0.00645}
  t=  19.75  cb_yield           L32-CB1 {'rot': 0.00613}
  t=  19.75  cb_yield           L33-CB1 {'rot': 0.00575}
  progress t=  20.0s  max corner drift so far=0.0054  wall clock=209s
  t=  20.25  cb_failure         L8-CB1 {'rot': 0.01893}
  t=  20.25  cb_failure         L9-CB1 {'rot': 0.01935}
  t=  20.25  cb_failure         L10-CB1 {'rot': 0.01957}
  t=  20.25  cb_failure         L11-CB1 {'rot': 0.0196}
  t=  20.25  cb_failure         L12-CB1 {'rot': 0.0195}
  t=  20.25  cb_failure         L13-CB1 {'rot': 0.01924}
  t=  20.25  cb_failure         L14-CB1 {'rot': 0.01892}
  t=  20.37  cb_failure         L7-CB1 {'rot': 0.01893}
  t=  20.37  cb_failure         L15-CB1 {'rot': 0.01987}
  t=  20.37  cb_failure         L16-CB1 {'rot': 0.01931}
  t=  20.50  cb_failure         L17-CB0 {'rot': 0.01952}
  t=  20.50  cb_failure         L17-CB1 {'rot': 0.01944}
  t=  20.75  cb_yield           L28-CB0 {'rot': 0.00612}
  t=  20.75  cb_yield           L29-CB0 {'rot': 0.0056}
  t=  20.87  cb_yield           L30-CB0 {'rot': 0.0062}
  t=  20.87  cb_yield           L31-CB0 {'rot': 0.00565}
  t=  21.00  cb_yield           L32-CB0 {'rot': 0.00603}
  t=  21.00  cb_yield           L33-CB0 {'rot': 0.00582}
  t=  22.50  cb_failure         L5-CB1 {'rot': 0.01939}
  t=  22.50  cb_failure         L6-CB1 {'rot': 0.02003}
  t=  22.62  cb_failure         L4-CB1 {'rot': 0.01895}
  t=  22.62  cb_failure         L6-CB0 {'rot': 0.01904}
  t=  22.62  cb_failure         L7-CB0 {'rot': 0.01922}
  t=  22.62  cb_failure         L8-CB0 {'rot': 0.01903}
  t=  22.75  cb_failure         L9-CB0 {'rot': 0.01915}
  t=  23.12  cb_failure         L19-CB0 {'rot': 0.01977}
  t=  23.25  cb_yield           L23-CB2 {'rot': 0.00671}
  t=  23.25  cb_yield           L24-CB2 {'rot': 0.00581}
  t=  24.62  cb_yield           L33-CB3 {'rot': 0.00561}
  t=  25.00  cb_failure         L7-CB3 {'rot': 0.01894}
  t=  25.00  cb_failure         L8-CB3 {'rot': 0.01978}
  t=  25.00  cb_failure         L9-CB3 {'rot': 0.02039}
  t=  25.00  cb_failure         L10-CB3 {'rot': 0.02079}
  t=  25.00  cb_failure         L11-CB3 {'rot': 0.02102}
  t=  25.00  cb_failure         L12-CB3 {'rot': 0.02108}
  t=  25.00  cb_failure         L13-CB3 {'rot': 0.02094}
  t=  25.00  cb_failure         L14-CB3 {'rot': 0.02058}
  t=  25.00  cb_failure         L15-CB3 {'rot': 0.02002}
  t=  25.00  cb_failure         L16-CB3 {'rot': 0.01929}
  t=  25.00  cb_failure         L18-CB3 {'rot': 0.01973}
  t=  25.00  cb_failure         L19-CB3 {'rot': 0.01975}
  t=  25.12  cb_failure         L17-CB3 {'rot': 0.02027}
  t=  25.12  cb_failure         L18-CB1 {'rot': 0.0197}
  t=  25.12  cb_failure         L19-CB1 {'rot': 0.01958}
  t=  25.12  cb_failure         L21-CB3 {'rot': 0.01979}
  t=  25.25  cb_failure         L20-CB1 {'rot': 0.02007}
  t=  25.25  cb_failure         L21-CB1 {'rot': 0.01951}
  t=  25.25  cb_failure         L22-CB3 {'rot': 0.01976}
  t=  25.25  cb_failure         L23-CB3 {'rot': 0.0197}
  t= 25.300  solver fallback: Newton
  t= 25.325  solver fallback: Newton
  t=  25.37  cb_failure         L22-CB1 {'rot': 0.02026}
  t=  25.37  cb_failure         L23-CB1 {'rot': 0.01947}
  t=  25.37  cb_failure         L24-CB1 {'rot': 0.01954}
  t=  25.37  cb_failure         L24-CB3 {'rot': 0.01976}
  t=  25.37  cb_failure         L27-CB1 {'rot': 0.01979}
  t= 25.375  solver fallback: Newton
  t= 25.400  solver fallback: Newton
  t=  25.50  cb_failure         L20-CB3 {'rot': 0.01988}
  t=  25.50  cb_failure         L25-CB1 {'rot': 0.01967}
  t=  25.50  cb_yield           L25-CB2 {'rot': 0.00585}
  t=  25.50  cb_failure         L25-CB3 {'rot': 0.01974}
  t=  25.50  cb_failure         L26-CB3 {'rot': 0.01976}
  t=  25.50  cb_failure         L27-CB3 {'rot': 0.01979}
  t=  25.50  cb_failure         L28-CB1 {'rot': 0.01974}
  t=  25.50  cb_failure         L29-CB1 {'rot': 0.01976}
  t=  25.50  cb_failure         L30-CB1 {'rot': 0.01978}
  t=  25.50  cb_failure         L31-CB1 {'rot': 0.01979}
  t=  25.62  cb_failure         L26-CB1 {'rot': 0.02159}
  t=  25.62  cb_yield           L26-CB2 {'rot': 0.00588}
  t=  25.62  cb_failure         L28-CB3 {'rot': 0.01968}
  t=  25.62  cb_failure         L29-CB3 {'rot': 0.01968}
  t=  25.62  cb_failure         L30-CB3 {'rot': 0.01973}
  t=  25.62  cb_failure         L32-CB1 {'rot': 0.01972}
  t=  25.62  cb_failure         L32-CB3 {'rot': 0.01977}
  t=  25.62  cb_failure         L33-CB1 {'rot': 0.0201}
  t=  25.62  cb_failure         L33-CB3 {'rot': 0.02011}
  t= 25.700  solver fallback: Newton
  t=  25.75  cb_yield           L27-CB2 {'rot': 0.00603}
  t=  25.75  cb_yield           L28-CB2 {'rot': 0.00563}
  t=  26.00  cb_failure         L6-CB3 {'rot': 0.01964}
  t=  26.12  cb_failure         L10-CB0 {'rot': 0.02033}
  t=  26.12  cb_failure         L11-CB0 {'rot': 0.02003}
  t=  26.12  cb_failure         L12-CB0 {'rot': 0.01958}
  t=  26.12  cb_failure         L13-CB0 {'rot': 0.01894}
  t=  28.37  cb_failure         L6-CB2 {'rot': 0.01899}
  t=  28.37  cb_failure         L7-CB2 {'rot': 0.0196}
  t=  28.37  cb_failure         L8-CB2 {'rot': 0.01981}
  t=  28.37  cb_failure         L9-CB2 {'rot': 0.01964}
  t=  28.37  cb_failure         L10-CB2 {'rot': 0.01918}
  progress t=  30.0s  max corner drift so far=0.0081  wall clock=333s
  t=  32.75  cb_yield           L29-CB2 {'rot': 0.00572}
  t=  32.87  cb_yield           L30-CB2 {'rot': 0.00704}
  t=  32.87  cb_yield           L31-CB2 {'rot': 0.00638}
  t=  32.87  cb_failure         L31-CB3 {'rot': 0.01993}
  t=  32.87  cb_yield           L32-CB2 {'rot': 0.00583}
  t=  32.87  cb_yield           L33-CB2 {'rot': 0.00556}
  progress t=  40.0s  max corner drift so far=0.0081  wall clock=450s
  t=  40.50  cb_failure         L5-CB3 {'rot': 0.01956}
  t=  48.50  cb_failure         L3-CB0 {'rot': 0.01893}
  t=  48.50  cb_failure         L3-CB1 {'rot': 0.01986}
  t=  48.50  cb_failure         L3-CB3 {'rot': 0.01952}
  t=  48.50  cb_failure         L4-CB0 {'rot': 0.02055}
  t=  48.50  cb_failure         L4-CB2 {'rot': 0.01936}
  t=  48.50  cb_failure         L4-CB3 {'rot': 0.02165}
  t=  48.50  cb_failure         L5-CB0 {'rot': 0.02143}
  t=  48.50  cb_failure         L5-CB2 {'rot': 0.02006}
  t=  48.62  cb_failure         L2-CB1 {'rot': 0.01922}
  t=  48.62  cb_failure         L2-CB3 {'rot': 0.01919}
  t=  48.62  cb_failure         L3-CB2 {'rot': 0.0201}
  t=  49.12  cb_failure         L13-CB2 {'rot': 0.01913}
  t=  49.12  cb_failure         L14-CB2 {'rot': 0.01951}
  t=  49.12  cb_failure         L15-CB2 {'rot': 0.01973}
  t=  49.12  cb_failure         L16-CB2 {'rot': 0.01977}
  t=  49.12  cb_failure         L17-CB2 {'rot': 0.01961}
  t=  49.12  cb_failure         L21-CB2 {'rot': 0.0197}
  t=  49.12  cb_failure         L23-CB2 {'rot': 0.01973}
  t=  49.25  cb_failure         L18-CB2 {'rot': 0.02252}
  t=  49.25  cb_failure         L19-CB2 {'rot': 0.02245}
  t=  49.25  cb_failure         L20-CB0 {'rot': 0.01968}
  t=  49.25  cb_failure         L20-CB2 {'rot': 0.02222}
  t=  49.25  cb_failure         L22-CB2 {'rot': 0.02119}
  t=  49.37  cb_failure         L22-CB0 {'rot': 0.01962}
  t=  49.37  cb_failure         L24-CB2 {'rot': 0.02267}
  t=  49.37  cb_failure         L25-CB0 {'rot': 0.0197}
  t=  49.37  cb_failure         L25-CB2 {'rot': 0.02154}
  t=  49.37  cb_failure         L26-CB0 {'rot': 0.01975}
  t=  49.37  cb_failure         L26-CB2 {'rot': 0.0202}
  t=  49.50  cb_failure         L21-CB0 {'rot': 0.02018}
  t=  49.50  cb_failure         L23-CB0 {'rot': 0.02002}
  t=  49.50  cb_failure         L24-CB0 {'rot': 0.01962}
  t=  49.50  cb_failure         L27-CB2 {'rot': 0.02223}
  t=  49.50  cb_failure         L28-CB2 {'rot': 0.02106}
  t=  49.50  cb_failure         L29-CB2 {'rot': 0.01977}
  t=  49.62  cb_failure         L30-CB2 {'rot': 0.01983}
  progress t=  50.0s  max corner drift so far=0.0081  wall clock=566s
  t=  50.75  cb_failure         L14-CB0 {'rot': 0.01893}
  t=  50.75  cb_failure         L15-CB0 {'rot': 0.01891}
  t=  51.00  cb_failure         L11-CB2 {'rot': 0.01961}
  t=  51.00  cb_failure         L12-CB2 {'rot': 0.01905}
  t=  54.00  cb_failure         L16-CB0 {'rot': 0.01909}
  t=  54.12  cb_failure         L18-CB0 {'rot': 0.01969}
  t= 57.025  solver fallback: Newton
  t=  59.62  cb_failure         L27-CB0 {'rot': 0.02233}
  t=  59.62  cb_failure         L28-CB0 {'rot': 0.02156}
  t=  59.62  cb_failure         L29-CB0 {'rot': 0.02069}
  t=  59.62  cb_failure         L30-CB0 {'rot': 0.01955}
  t=  59.62  cb_failure         L31-CB2 {'rot': 0.02244}
  t=  59.62  cb_failure         L32-CB2 {'rot': 0.02148}
  t=  59.62  cb_failure         L33-CB0 {'rot': 0.01968}
  t=  59.62  cb_failure         L33-CB2 {'rot': 0.02113}
  progress t=  60.0s  max corner drift so far=0.0088  wall clock=676s
  t= 62.350  solver fallback: Newton
  t= 62.375  solver fallback: Newton
  t= 62.525  solver fallback: Newton
  progress t=  70.0s  max corner drift so far=0.0090  wall clock=790s
  progress t=  80.0s  max corner drift so far=0.0090  wall clock=897s
  progress t=  90.0s  max corner drift so far=0.0090  wall clock=999s
  progress t= 100.0s  max corner drift so far=0.0090  wall clock=1103s
