  t=   2.62  cb_yield           L20-CB3 {'rot': 0.00473}
  t=   2.62  cb_yield           L21-CB1 {'rot': 0.00472}
  t=   2.62  cb_yield           L21-CB3 {'rot': 0.00482}
  t=   2.62  cb_yield           L22-CB1 {'rot': 0.00477}
  t=   2.62  cb_yield           L22-CB3 {'rot': 0.00487}
  t=   2.62  cb_yield           L23-CB1 {'rot': 0.00476}
  t=   2.62  cb_yield           L23-CB3 {'rot': 0.00487}
  t=   2.62  cb_yield           L24-CB1 {'rot': 0.00471}
  t=   2.62  cb_yield           L24-CB3 {'rot': 0.00482}
  t=   2.62  cb_yield           L25-CB3 {'rot': 0.00472}
  t=   2.75  cb_yield           L19-CB3 {'rot': 0.00468}
  t=   2.75  cb_yield           L20-CB1 {'rot': 0.00481}
  t=   2.75  cb_yield           L25-CB1 {'rot': 0.00489}
  t=   2.75  cb_yield           L26-CB1 {'rot': 0.00474}
  t=   2.75  cb_yield           L26-CB3 {'rot': 0.00478}
  t=   4.37  cb_yield           L4-CB0 {'rot': 0.00436}
  t=   4.37  cb_yield           L4-CB1 {'rot': 0.00428}
  t=   4.37  cb_yield           L5-CB0 {'rot': 0.00455}
  t=   4.37  cb_yield           L5-CB1 {'rot': 0.00447}
  t=   4.37  cb_yield           L6-CB0 {'rot': 0.00458}
  t=   4.37  cb_yield           L6-CB1 {'rot': 0.00448}
  t=   4.37  cb_yield           L7-CB0 {'rot': 0.00447}
  t=   4.37  cb_yield           L7-CB1 {'rot': 0.00436}
  t=   4.37  cb_yield           L8-CB0 {'rot': 0.00426}
  t=   5.88  cb_yield           L27-CB1 {'rot': 0.00466}
  t=   7.88  cb_yield           L4-CB3 {'rot': 0.00427}
  t=   7.88  cb_yield           L5-CB3 {'rot': 0.00443}
  t=   7.88  cb_yield           L6-CB3 {'rot': 0.00443}
  t=   7.88  cb_yield           L7-CB3 {'rot': 0.00432}
  t=   8.00  cb_yield           L3-CB3 {'rot': 0.00459}
  t=   8.00  cb_yield           L4-CB2 {'rot': 0.0046}
  t=   8.00  cb_yield           L5-CB2 {'rot': 0.00483}
  t=   8.00  cb_yield           L6-CB2 {'rot': 0.00488}
  t=   8.00  cb_yield           L7-CB2 {'rot': 0.00478}
  t=   8.00  cb_yield           L8-CB1 {'rot': 0.00489}
  t=   8.00  cb_yield           L8-CB2 {'rot': 0.00459}
  t=   8.00  cb_yield           L8-CB3 {'rot': 0.00532}
  t=   8.00  cb_yield           L9-CB1 {'rot': 0.00475}
  t=   8.00  cb_yield           L9-CB2 {'rot': 0.00429}
  t=   8.00  cb_yield           L9-CB3 {'rot': 0.00508}
  t=   8.00  cb_yield           L10-CB1 {'rot': 0.00458}
  t=   8.00  cb_yield           L10-CB3 {'rot': 0.0048}
  t=   8.00  cb_yield           L11-CB1 {'rot': 0.00439}
  t=   8.00  cb_yield           L11-CB3 {'rot': 0.00449}
  t=   8.13  cb_yield           L3-CB2 {'rot': 0.00442}
  t=   8.13  cb_yield           L9-CB0 {'rot': 0.00475}
  t=   8.13  cb_yield           L10-CB0 {'rot': 0.00455}
  t=   8.13  cb_yield           L10-CB2 {'rot': 0.00492}
  t=   8.13  cb_yield           L11-CB0 {'rot': 0.00432}
  t=   8.13  cb_yield           L11-CB2 {'rot': 0.00454}
  t=   8.13  cb_yield           L12-CB1 {'rot': 0.0049}
  t=   8.13  cb_yield           L12-CB3 {'rot': 0.00515}
  t=   8.13  cb_yield           L13-CB1 {'rot': 0.00465}
  t=   8.13  cb_yield           L13-CB3 {'rot': 0.00472}
  t=   8.13  cb_yield           L14-CB1 {'rot': 0.00439}
  t=   8.13  cb_yield           L14-CB3 {'rot': 0.00426}
  t=   8.25  cb_yield           L2-CB3 {'rot': 0.00421}
  t=   8.25  cb_yield           L12-CB2 {'rot': 0.00447}
  t=   8.25  cb_yield           L15-CB1 {'rot': 0.00434}
  t=   8.25  cb_yield           L15-CB3 {'rot': 0.00429}
  t=   8.38  cb_yield           L3-CB1 {'rot': 0.00434}
  t=   8.38  cb_yield           L16-CB3 {'rot': 0.0043}
  t=   8.50  cb_yield           L17-CB3 {'rot': 0.00479}
  t=   8.50  cb_yield           L18-CB3 {'rot': 0.00469}
  t=   8.63  cb_yield           L13-CB2 {'rot': 0.00472}
  t=   8.63  cb_yield           L14-CB2 {'rot': 0.00466}
  t=   8.63  cb_yield           L15-CB2 {'rot': 0.0046}
  t=   8.63  cb_yield           L16-CB1 {'rot': 0.00426}
  t=   8.63  cb_yield           L16-CB2 {'rot': 0.00455}
  t=   8.63  cb_yield           L27-CB3 {'rot': 0.00547}
  t=   8.63  cb_yield           L28-CB3 {'rot': 0.00521}
  t=   8.63  cb_yield           L29-CB3 {'rot': 0.00493}
  t=   8.75  cb_yield           L17-CB1 {'rot': 0.0052}
  t=   8.75  cb_yield           L17-CB2 {'rot': 0.00592}
  t=   8.75  cb_yield           L18-CB1 {'rot': 0.00517}
  t=   8.75  cb_yield           L18-CB2 {'rot': 0.00595}
  t=   8.75  cb_yield           L19-CB1 {'rot': 0.0051}
  t=   8.75  cb_yield           L19-CB2 {'rot': 0.00592}
  t=   8.75  cb_yield           L20-CB2 {'rot': 0.00585}
  t=   8.75  cb_yield           L21-CB2 {'rot': 0.00573}
  t=   8.75  cb_yield           L22-CB2 {'rot': 0.00557}
  t=   8.75  cb_yield           L23-CB2 {'rot': 0.00538}
  t=   8.75  cb_yield           L24-CB2 {'rot': 0.00515}
  t=   8.75  cb_yield           L25-CB2 {'rot': 0.00489}
  t=   8.75  cb_yield           L30-CB3 {'rot': 0.00593}
  t=   8.75  cb_yield           L31-CB3 {'rot': 0.00557}
  t=   8.75  cb_yield           L32-CB3 {'rot': 0.00526}
  t=   8.75  cb_yield           L33-CB3 {'rot': 0.00506}
  t=   8.88  cb_yield           L26-CB2 {'rot': 0.00517}
  t=   8.88  cb_yield           L27-CB2 {'rot': 0.00469}
  progress t=  10.0s  max corner drift so far=0.0024  wall clock=93s
  t=  10.38  cb_yield           L2-CB2 {'rot': 0.0049}
  t=  10.38  cb_yield           L22-CB0 {'rot': 0.00477}
  t=  10.38  cb_yield           L23-CB0 {'rot': 0.00488}
  t=  10.38  cb_yield           L24-CB0 {'rot': 0.00492}
  t=  10.38  cb_yield           L25-CB0 {'rot': 0.00489}
  t=  10.38  cb_yield           L26-CB0 {'rot': 0.0048}
  t=  10.38  cb_yield           L28-CB1 {'rot': 0.00672}
  t=  10.38  cb_yield           L29-CB1 {'rot': 0.00648}
  t=  10.38  cb_yield           L30-CB1 {'rot': 0.0062}
  t=  10.38  cb_yield           L31-CB1 {'rot': 0.00591}
  t=  10.38  cb_yield           L32-CB1 {'rot': 0.00565}
  t=  10.38  cb_yield           L33-CB1 {'rot': 0.00548}
  t=  10.50  cb_yield           L1-CB2 {'rot': 0.00499}
  t=  10.50  cb_yield           L1-CB3 {'rot': 0.00477}
  t=  10.50  cb_yield           L2-CB0 {'rot': 0.00494}
  t=  10.50  cb_yield           L2-CB1 {'rot': 0.00488}
  t=  10.50  cb_yield           L3-CB0 {'rot': 0.00551}
  t=  10.50  cb_yield           L18-CB0 {'rot': 0.00477}
  t=  10.50  cb_yield           L19-CB0 {'rot': 0.00536}
  t=  10.50  cb_yield           L20-CB0 {'rot': 0.00584}
  t=  10.50  cb_yield           L21-CB0 {'rot': 0.00619}
  t=  10.50  cb_yield           L27-CB0 {'rot': 0.00589}
  t=  10.50  cb_yield           L28-CB0 {'rot': 0.00559}
  t=  10.50  cb_yield           L29-CB0 {'rot': 0.00525}
  t=  10.50  cb_yield           L30-CB0 {'rot': 0.00485}
  t=  10.63  cb_yield           L1-CB0 {'rot': 0.00446}
  t=  10.63  cb_yield           L1-CB1 {'rot': 0.00442}
  t=  11.00  cb_yield           L12-CB0 {'rot': 0.00515}
  t=  11.00  cb_yield           L13-CB0 {'rot': 0.00443}
  t=  11.13  cb_yield           L14-CB0 {'rot': 0.00581}
  t=  11.13  cb_yield           L15-CB0 {'rot': 0.00537}
  t=  11.13  cb_yield           L16-CB0 {'rot': 0.00494}
  t=  11.25  cb_yield           L17-CB0 {'rot': 0.00715}
  t=  14.13  cb_yield           L28-CB2 {'rot': 0.00543}
  t=  14.13  cb_yield           L29-CB2 {'rot': 0.00497}
  t=  19.25  cb_yield           L30-CB2 {'rot': 0.00495}
  t=  19.62  cb_failure         L7-CB3 {'rot': 0.01841}
  t=  19.62  cb_failure         L8-CB3 {'rot': 0.01897}
  t=  19.62  cb_failure         L9-CB3 {'rot': 0.01927}
  t=  19.62  cb_failure         L10-CB3 {'rot': 0.01934}
  t=  19.62  cb_failure         L11-CB3 {'rot': 0.01921}
  t=  19.62  cb_failure         L12-CB3 {'rot': 0.01891}
  t=  19.62  cb_failure         L13-CB3 {'rot': 0.01841}
  t=  19.75  cb_failure         L6-CB3 {'rot': 0.01825}
  t=  19.75  cb_failure         L7-CB1 {'rot': 0.01847}
  t=  19.75  cb_failure         L8-CB1 {'rot': 0.01905}
  t=  19.75  cb_failure         L9-CB1 {'rot': 0.0194}
  t=  19.75  cb_failure         L10-CB1 {'rot': 0.01954}
  t=  19.75  cb_failure         L11-CB1 {'rot': 0.0195}
  t=  19.75  cb_failure         L12-CB1 {'rot': 0.0193}
  t=  19.75  cb_failure         L13-CB1 {'rot': 0.01889}
  t=  19.75  cb_failure         L14-CB1 {'rot': 0.01824}
  t=  19.75  cb_failure         L14-CB3 {'rot': 0.0204}
  t=  19.75  cb_failure         L15-CB3 {'rot': 0.01971}
  t=  19.75  cb_failure         L16-CB3 {'rot': 0.01884}
  t=  19.87  cb_failure         L6-CB1 {'rot': 0.01928}
  t=  19.87  cb_failure         L15-CB1 {'rot': 0.02004}
  t=  19.87  cb_failure         L16-CB1 {'rot': 0.01942}
  t=  19.87  cb_failure         L17-CB3 {'rot': 0.01892}
  t=  20.00  cb_failure         L4-CB1 {'rot': 0.01835}
  t=  20.00  cb_failure         L5-CB1 {'rot': 0.02009}
  t=  20.00  cb_failure         L5-CB3 {'rot': 0.01944}
  t=  20.00  cb_failure         L17-CB1 {'rot': 0.0214}
  t=  20.00  cb_failure         L18-CB1 {'rot': 0.02089}
  t=  20.00  cb_failure         L18-CB3 {'rot': 0.01872}
  t=  20.00  cb_failure         L19-CB1 {'rot': 0.02037}
  t=  20.00  cb_failure         L20-CB1 {'rot': 0.01983}
  t=  20.00  cb_failure         L21-CB1 {'rot': 0.01923}
  progress t=  20.0s  max corner drift so far=0.0053  wall clock=187s
  t=  20.12  cb_failure         L4-CB3 {'rot': 0.01958}
  t=  20.12  cb_failure         L19-CB3 {'rot': 0.01994}
  t=  20.12  cb_failure         L20-CB3 {'rot': 0.01986}
  t=  20.12  cb_failure         L21-CB3 {'rot': 0.01975}
  t=  20.12  cb_failure         L22-CB1 {'rot': 0.02293}
  t=  20.12  cb_failure         L22-CB3 {'rot': 0.01956}
  t=  20.12  cb_failure         L23-CB1 {'rot': 0.02232}
  t=  20.12  cb_failure         L23-CB3 {'rot': 0.0193}
  t=  20.12  cb_failure         L24-CB1 {'rot': 0.02159}
  t=  20.12  cb_failure         L24-CB3 {'rot': 0.01894}
  t=  20.12  cb_failure         L25-CB1 {'rot': 0.02076}
  t=  20.12  cb_failure         L26-CB1 {'rot': 0.01984}
  t=  20.12  cb_failure         L27-CB1 {'rot': 0.01887}
  t=  20.25  cb_failure         L3-CB1 {'rot': 0.01953}
  t=  20.25  cb_failure         L5-CB0 {'rot': 0.01886}
  t=  20.25  cb_failure         L6-CB0 {'rot': 0.01947}
  t=  20.25  cb_failure         L7-CB0 {'rot': 0.01967}
  t=  20.25  cb_failure         L8-CB0 {'rot': 0.0196}
  t=  20.25  cb_failure         L9-CB0 {'rot': 0.01927}
  t=  20.25  cb_failure         L10-CB0 {'rot': 0.01885}
  t=  20.25  cb_failure         L11-CB0 {'rot': 0.01838}
  t=  20.25  cb_failure         L25-CB3 {'rot': 0.02156}
  t=  20.25  cb_failure         L26-CB3 {'rot': 0.02147}
  t=  20.25  cb_failure         L27-CB3 {'rot': 0.02135}
  t=  20.25  cb_failure         L28-CB1 {'rot': 0.02352}
  t=  20.25  cb_failure         L28-CB3 {'rot': 0.02126}
  t=  20.25  cb_failure         L29-CB1 {'rot': 0.02303}
  t=  20.25  cb_failure         L29-CB3 {'rot': 0.02111}
  t=  20.25  cb_failure         L30-CB1 {'rot': 0.02242}
  t=  20.25  cb_failure         L30-CB3 {'rot': 0.02083}
  t=  20.25  cb_failure         L31-CB1 {'rot': 0.02183}
  t=  20.25  cb_failure         L31-CB3 {'rot': 0.0205}
  t=  20.25  cb_failure         L32-CB1 {'rot': 0.02137}
  t=  20.25  cb_failure         L32-CB3 {'rot': 0.02021}
  t=  20.25  cb_failure         L33-CB1 {'rot': 0.02117}
  t=  20.25  cb_failure         L33-CB3 {'rot': 0.02006}
  t=  20.37  cb_failure         L12-CB0 {'rot': 0.02088}
  t=  20.37  cb_failure         L13-CB0 {'rot': 0.02029}
  t=  20.37  cb_failure         L14-CB0 {'rot': 0.01953}
  t=  20.37  cb_failure         L15-CB0 {'rot': 0.01872}
  t=  20.37  cb_yield           L31-CB0 {'rot': 0.006}
  t=  20.37  cb_yield           L32-CB0 {'rot': 0.00535}
  t=  20.37  cb_yield           L33-CB0 {'rot': 0.00506}
  t=  20.50  cb_failure         L16-CB0 {'rot': 0.02069}
  t=  20.50  cb_failure         L17-CB0 {'rot': 0.01961}
  t=  20.62  cb_failure         L18-CB0 {'rot': 0.02235}
  t=  20.62  cb_failure         L19-CB0 {'rot': 0.02121}
  t=  20.62  cb_failure         L20-CB0 {'rot': 0.02}
  t=  20.62  cb_failure         L21-CB0 {'rot': 0.01867}
  t=  20.75  cb_failure         L22-CB0 {'rot': 0.01912}
  t=  21.00  cb_failure         L23-CB0 {'rot': 0.01881}
  t=  21.12  cb_yield           L31-CB2 {'rot': 0.00466}
  t=  21.25  cb_failure         L4-CB0 {'rot': 0.01872}
  t=  22.25  cb_yield           L32-CB2 {'rot': 0.00497}
  t=  22.25  cb_yield           L33-CB2 {'rot': 0.00489}
  t=  25.87  cb_failure         L3-CB3 {'rot': 0.01963}
  t=  26.00  cb_failure         L4-CB2 {'rot': 0.01833}
  t=  26.00  cb_failure         L5-CB2 {'rot': 0.01947}
  t=  26.00  cb_failure         L6-CB2 {'rot': 0.01994}
  t=  26.00  cb_failure         L7-CB2 {'rot': 0.01991}
  t=  26.00  cb_failure         L8-CB2 {'rot': 0.01954}
  t=  26.00  cb_failure         L9-CB2 {'rot': 0.01889}
  t=  26.12  cb_failure         L3-CB0 {'rot': 0.01824}
  t=  26.12  cb_failure         L10-CB2 {'rot': 0.02142}
  t=  26.12  cb_failure         L11-CB2 {'rot': 0.02079}
  t=  26.12  cb_failure         L12-CB2 {'rot': 0.02003}
  t=  26.12  cb_failure         L13-CB2 {'rot': 0.01908}
  t=  26.25  cb_failure         L14-CB2 {'rot': 0.02156}
  t=  26.25  cb_failure         L15-CB2 {'rot': 0.02057}
  t=  26.25  cb_failure         L16-CB2 {'rot': 0.01948}
  t=  26.37  cb_failure         L17-CB2 {'rot': 0.02127}
  t=  26.37  cb_failure         L18-CB2 {'rot': 0.01976}
  t=  26.50  cb_failure         L19-CB2 {'rot': 0.01979}
  t=  26.62  cb_failure         L20-CB2 {'rot': 0.01911}
  t=  26.75  cb_failure         L24-CB0 {'rot': 0.02109}
  t=  26.75  cb_failure         L25-CB0 {'rot': 0.01988}
  t=  26.87  cb_failure         L21-CB2 {'rot': 0.01949}
  t=  26.87  cb_failure         L22-CB2 {'rot': 0.01939}
  t=  26.87  cb_failure         L23-CB2 {'rot': 0.0192}
  t=  26.87  cb_failure         L24-CB2 {'rot': 0.01888}
  t=  26.87  cb_failure         L26-CB0 {'rot': 0.02324}
  t=  26.87  cb_failure         L27-CB0 {'rot': 0.02222}
  t=  26.87  cb_failure         L28-CB0 {'rot': 0.02122}
  t=  26.87  cb_failure         L29-CB0 {'rot': 0.02009}
  t=  26.87  cb_failure         L30-CB0 {'rot': 0.01868}
  t=  27.00  cb_failure         L31-CB0 {'rot': 0.01965}
  t=  27.00  cb_failure         L32-CB0 {'rot': 0.01874}
  progress t=  30.0s  max corner drift so far=0.0087  wall clock=286s
  t=  33.12  cb_failure         L25-CB2 {'rot': 0.01911}
  t=  33.12  cb_failure         L26-CB2 {'rot': 0.01909}
  t=  33.12  cb_failure         L27-CB2 {'rot': 0.01894}
  t=  33.12  cb_failure         L28-CB2 {'rot': 0.01876}
  progress t=  40.0s  max corner drift so far=0.0087  wall clock=386s
  t=  40.12  cb_failure         L3-CB2 {'rot': 0.01947}
  t=  40.12  cb_failure         L29-CB2 {'rot': 0.01924}
  t=  40.25  cb_failure         L2-CB3 {'rot': 0.01908}
  t=  40.25  cb_failure         L30-CB2 {'rot': 0.01924}
  t=  40.25  cb_failure         L33-CB0 {'rot': 0.01871}
  t=  40.37  cb_failure         L2-CB2 {'rot': 0.01841}
  t=  49.62  cb_failure         L31-CB2 {'rot': 0.01913}
  progress t=  50.0s  max corner drift so far=0.0087  wall clock=487s
  t=  56.12  cb_failure         L32-CB2 {'rot': 0.01918}
  t=  56.12  cb_failure         L33-CB2 {'rot': 0.01894}
  progress t=  60.0s  max corner drift so far=0.0087  wall clock=583s
  progress t=  70.0s  max corner drift so far=0.0087  wall clock=680s
  progress t=  80.0s  max corner drift so far=0.0087  wall clock=773s
  progress t=  90.0s  max corner drift so far=0.0087  wall clock=866s
  progress t= 100.0s  max corner drift so far=0.0087  wall clock=961s
