  t=   0.12  cb_yield           L13-CB1 {'rot': 0.00177}
  t=   0.12  cb_yield           L13-CB3 {'rot': 0.00178}
  t=   0.12  cb_yield           L14-CB1 {'rot': 0.00189}
  t=   0.12  cb_yield           L14-CB3 {'rot': 0.00189}
  t=   0.12  cb_yield           L15-CB1 {'rot': 0.00201}
  t=   0.12  cb_yield           L15-CB3 {'rot': 0.00201}
  t=   0.12  cb_yield           L16-CB1 {'rot': 0.00213}
  t=   0.12  cb_yield           L16-CB3 {'rot': 0.00213}
  t=   0.12  cb_yield           L17-CB1 {'rot': 0.00227}
  t=   0.12  cb_yield           L17-CB3 {'rot': 0.00227}
  t=   0.12  cb_yield           L18-CB1 {'rot': 0.0024}
  t=   0.12  cb_yield           L18-CB3 {'rot': 0.00241}
  t=   0.12  cb_yield           L19-CB1 {'rot': 0.00253}
  t=   0.12  cb_yield           L19-CB3 {'rot': 0.00253}
  t=   0.12  cb_yield           L20-CB1 {'rot': 0.00265}
  t=   0.12  cb_yield           L20-CB3 {'rot': 0.00265}
  t=   0.12  cb_yield           L21-CB1 {'rot': 0.00276}
  t=   0.12  cb_yield           L21-CB3 {'rot': 0.00276}
  t=   0.12  cb_yield           L22-CB1 {'rot': 0.00286}
  t=   0.12  cb_yield           L22-CB3 {'rot': 0.00286}
  t=   0.12  cb_yield           L23-CB1 {'rot': 0.00296}
  t=   0.12  cb_yield           L23-CB3 {'rot': 0.00296}
  t=   0.12  cb_yield           L24-CB1 {'rot': 0.00305}
  t=   0.12  cb_yield           L24-CB3 {'rot': 0.00305}
  t=   0.12  cb_yield           L25-CB1 {'rot': 0.00313}
  t=   0.12  cb_yield           L25-CB3 {'rot': 0.00313}
  t=   0.12  cb_yield           L26-CB1 {'rot': 0.00319}
  t=   0.12  cb_yield           L26-CB3 {'rot': 0.00319}
  t=   0.12  cb_yield           L27-CB1 {'rot': 0.00324}
  t=   0.12  cb_yield           L27-CB3 {'rot': 0.00325}
  t=   0.12  cb_yield           L28-CB1 {'rot': 0.00327}
  t=   0.12  cb_yield           L28-CB3 {'rot': 0.00327}
  t=   0.12  cb_yield           L29-CB1 {'rot': 0.00327}
  t=   0.12  cb_yield           L29-CB3 {'rot': 0.00327}
  t=   0.12  cb_yield           L30-CB1 {'rot': 0.00328}
  t=   0.12  cb_yield           L30-CB3 {'rot': 0.00328}
  t=   0.12  cb_yield           L31-CB1 {'rot': 0.00327}
  t=   0.12  cb_yield           L31-CB3 {'rot': 0.00327}
  t=   0.12  cb_yield           L32-CB1 {'rot': 0.00324}
  t=   0.12  cb_yield           L32-CB3 {'rot': 0.00325}
  t=   0.12  cb_yield           L33-CB1 {'rot': 0.00319}
  t=   0.12  cb_yield           L33-CB3 {'rot': 0.00319}
  t=   1.50  cb_yield           L12-CB3 {'rot': 0.00167}
  t=   1.62  cb_yield           L12-CB1 {'rot': 0.00168}
  t=   1.75  cb_yield           L8-CB1 {'rot': 0.00168}
  t=   1.75  cb_yield           L8-CB3 {'rot': 0.00169}
  t=   1.75  cb_yield           L9-CB1 {'rot': 0.00172}
  t=   1.75  cb_yield           L9-CB3 {'rot': 0.00173}
  t=   1.75  cb_yield           L10-CB1 {'rot': 0.00176}
  t=   1.75  cb_yield           L10-CB3 {'rot': 0.00177}
  t=   1.75  cb_yield           L11-CB1 {'rot': 0.00181}
  t=   1.75  cb_yield           L11-CB3 {'rot': 0.00181}
  t=   1.87  cb_yield           L5-CB1 {'rot': 0.00178}
  t=   1.87  cb_yield           L5-CB3 {'rot': 0.00181}
  t=   1.87  cb_yield           L6-CB1 {'rot': 0.00189}
  t=   1.87  cb_yield           L6-CB3 {'rot': 0.00192}
  t=   1.87  cb_yield           L7-CB1 {'rot': 0.00197}
  t=   1.87  cb_yield           L7-CB3 {'rot': 0.002}
  t=   2.00  cb_yield           L4-CB1 {'rot': 0.00179}
  t=   2.00  cb_yield           L4-CB3 {'rot': 0.00181}
  t=   2.00  cb_yield           L6-CB2 {'rot': 0.00167}
  t=   2.00  cb_yield           L7-CB0 {'rot': 0.00171}
  t=   2.00  cb_yield           L7-CB2 {'rot': 0.00173}
  t=   2.00  cb_yield           L8-CB0 {'rot': 0.00175}
  t=   2.00  cb_yield           L8-CB2 {'rot': 0.00177}
  t=   2.00  cb_yield           L9-CB0 {'rot': 0.00172}
  t=   2.00  cb_yield           L9-CB2 {'rot': 0.00175}
  t=   2.00  cb_yield           L10-CB0 {'rot': 0.00169}
  t=   2.00  cb_yield           L10-CB2 {'rot': 0.00171}
  t=   2.12  cb_yield           L6-CB0 {'rot': 0.00171}
  t=   2.12  cb_yield           L11-CB0 {'rot': 0.00186}
  t=   2.12  cb_yield           L11-CB2 {'rot': 0.00189}
  t=   2.12  cb_yield           L12-CB0 {'rot': 0.00183}
  t=   2.12  cb_yield           L12-CB2 {'rot': 0.00186}
  t=   2.12  cb_yield           L13-CB0 {'rot': 0.00179}
  t=   2.12  cb_yield           L13-CB2 {'rot': 0.00181}
  t=   2.12  cb_yield           L14-CB0 {'rot': 0.00174}
  t=   2.12  cb_yield           L14-CB2 {'rot': 0.00176}
  t=   2.12  cb_yield           L15-CB0 {'rot': 0.00169}
  t=   2.12  cb_yield           L15-CB2 {'rot': 0.00171}
  t=   2.25  cb_yield           L16-CB0 {'rot': 0.00187}
  t=   2.25  cb_yield           L16-CB2 {'rot': 0.0019}
  t=   2.37  cb_yield           L17-CB0 {'rot': 0.00196}
  t=   2.37  cb_yield           L17-CB2 {'rot': 0.002}
  t=   2.37  cb_yield           L18-CB0 {'rot': 0.0019}
  t=   2.37  cb_yield           L18-CB2 {'rot': 0.00194}
  t=   2.37  cb_yield           L19-CB2 {'rot': 0.00187}
  t=   2.50  cb_yield           L19-CB0 {'rot': 0.00192}
  t=   2.50  cb_yield           L20-CB0 {'rot': 0.00187}
  t=   2.50  cb_yield           L20-CB2 {'rot': 0.00192}
  t=   2.50  cb_yield           L21-CB2 {'rot': 0.00186}
  t=   2.62  cb_yield           L21-CB0 {'rot': 0.00201}
  t=   2.62  cb_yield           L22-CB0 {'rot': 0.00199}
  t=   2.62  cb_yield           L22-CB2 {'rot': 0.00203}
  t=   2.62  cb_yield           L23-CB0 {'rot': 0.00196}
  t=   2.62  cb_yield           L23-CB2 {'rot': 0.00201}
  t=   2.62  cb_yield           L24-CB0 {'rot': 0.00192}
  t=   2.62  cb_yield           L24-CB2 {'rot': 0.00197}
  t=   2.62  cb_yield           L25-CB0 {'rot': 0.00186}
  t=   2.62  cb_yield           L25-CB2 {'rot': 0.00191}
  t=   2.62  cb_yield           L26-CB2 {'rot': 0.00185}
  t=   2.75  cb_yield           L26-CB0 {'rot': 0.00209}
  t=   2.75  cb_yield           L27-CB0 {'rot': 0.00199}
  t=   2.75  cb_yield           L27-CB2 {'rot': 0.00201}
  t=   2.75  cb_yield           L28-CB0 {'rot': 0.00188}
  t=   2.75  cb_yield           L28-CB2 {'rot': 0.00189}
  t=   2.87  cb_yield           L29-CB0 {'rot': 0.00185}
  t=   4.37  cb_yield           L29-CB2 {'rot': 0.00195}
  t=   4.37  cb_yield           L30-CB2 {'rot': 0.00186}
  t=   4.50  cb_yield           L31-CB2 {'rot': 0.00188}
  t=   6.13  cb_yield           L30-CB0 {'rot': 0.00189}
  t=   6.88  cb_yield           L3-CB1 {'rot': 0.00196}
  t=   6.88  cb_yield           L3-CB3 {'rot': 0.00183}
  t=   6.88  cb_yield           L4-CB0 {'rot': 0.00168}
  t=   6.88  cb_yield           L5-CB0 {'rot': 0.0018}
  t=   7.00  cb_yield           L2-CB1 {'rot': 0.0017}
  t=   7.00  cb_yield           L4-CB2 {'rot': 0.00177}
  t=   7.00  cb_yield           L5-CB2 {'rot': 0.0019}
  t=   8.00  cb_yield           L2-CB3 {'rot': 0.00188}
  t=   8.00  cb_yield           L3-CB2 {'rot': 0.00173}
  t=   8.13  cb_yield           L3-CB0 {'rot': 0.00175}
  t=   8.25  cb_yield           L2-CB2 {'rot': 0.00181}
  t=   8.38  cb_yield           L1-CB3 {'rot': 0.00169}
  t=   8.38  cb_yield           L2-CB0 {'rot': 0.00182}
  t=   8.63  cb_yield           L1-CB1 {'rot': 0.00167}
  t=   9.13  cb_yield           L32-CB2 {'rot': 0.00187}
  t=   9.50  cb_yield           L31-CB0 {'rot': 0.00209}
  t=   9.50  cb_yield           L32-CB0 {'rot': 0.00193}
  progress t=  10.0s  max corner drift so far=0.0009  wall clock=122s
  t=  10.50  cb_yield           L33-CB0 {'rot': 0.00231}
  t=  10.63  cb_yield           L1-CB2 {'rot': 0.00172}
  t=  10.75  cb_yield           L33-CB2 {'rot': 0.00217}
  t=  10.88  cb_yield           L1-CB0 {'rot': 0.00202}
  progress t=  20.0s  max corner drift so far=0.0025  wall clock=241s
  t=  20.12  cb_failure         L15-CB1 {'rot': 0.01582}
  t=  20.12  cb_failure         L16-CB1 {'rot': 0.01598}
  t=  20.12  cb_failure         L17-CB1 {'rot': 0.01614}
  t=  20.12  cb_failure         L18-CB1 {'rot': 0.01624}
  t=  20.12  cb_failure         L19-CB1 {'rot': 0.01629}
  t=  20.12  cb_failure         L20-CB1 {'rot': 0.0163}
  t=  20.12  cb_failure         L21-CB1 {'rot': 0.01623}
  t=  20.12  cb_failure         L22-CB1 {'rot': 0.01608}
  t=  20.12  cb_failure         L23-CB1 {'rot': 0.01586}
  t=  20.25  cb_failure         L12-CB1 {'rot': 0.01587}
  t=  20.25  cb_failure         L13-CB1 {'rot': 0.0162}
  t=  20.25  cb_failure         L14-CB1 {'rot': 0.01646}
  t=  20.25  cb_failure         L24-CB1 {'rot': 0.01631}
  t=  20.25  cb_failure         L25-CB1 {'rot': 0.01603}
  t=  20.37  cb_failure         L9-CB1 {'rot': 0.01588}
  t=  20.37  cb_failure         L10-CB1 {'rot': 0.01633}
  t=  20.37  cb_failure         L11-CB1 {'rot': 0.01668}
  t=  20.37  cb_failure         L26-CB1 {'rot': 0.01635}
  t=  20.37  cb_failure         L27-CB1 {'rot': 0.01607}
  t=  20.50  cb_failure         L8-CB1 {'rot': 0.0158}
  t=  25.87  cb_failure         L28-CB1 {'rot': 0.01587}
  t=  26.00  cb_failure         L7-CB1 {'rot': 0.01622}
  t=  26.12  cb_failure         L6-CB1 {'rot': 0.01591}
  t=  26.12  cb_failure         L11-CB3 {'rot': 0.01567}
  t=  26.12  cb_failure         L12-CB3 {'rot': 0.0158}
  t=  26.12  cb_failure         L13-CB3 {'rot': 0.01585}
  t=  26.12  cb_failure         L14-CB3 {'rot': 0.01581}
  t=  26.12  cb_failure         L15-CB3 {'rot': 0.01574}
  t=  26.25  cb_failure         L9-CB3 {'rot': 0.01588}
  t=  26.25  cb_failure         L10-CB3 {'rot': 0.01633}
  t=  26.25  cb_failure         L16-CB3 {'rot': 0.01674}
  t=  26.25  cb_failure         L17-CB3 {'rot': 0.01647}
  t=  26.25  cb_failure         L18-CB3 {'rot': 0.01618}
  t=  26.25  cb_failure         L19-CB3 {'rot': 0.01587}
  t=  26.37  cb_failure         L20-CB3 {'rot': 0.01611}
  t=  26.50  cb_failure         L21-CB3 {'rot': 0.01609}
  t=  26.62  cb_failure         L22-CB3 {'rot': 0.01619}
  t=  26.62  cb_failure         L23-CB3 {'rot': 0.01585}
  t=  26.75  cb_failure         L24-CB3 {'rot': 0.01631}
  t=  26.75  cb_failure         L25-CB3 {'rot': 0.01613}
  t=  26.75  cb_failure         L26-CB3 {'rot': 0.01591}
  t=  26.87  cb_failure         L27-CB3 {'rot': 0.0165}
  t=  26.87  cb_failure         L28-CB3 {'rot': 0.01633}
  t=  26.87  cb_failure         L29-CB3 {'rot': 0.01609}
  progress t=  30.0s  max corner drift so far=0.0038  wall clock=360s
  progress t=  40.0s  max corner drift so far=0.0038  wall clock=480s
  t=  49.50  cb_failure         L30-CB3 {'rot': 0.01683}
  t=  49.50  cb_failure         L31-CB3 {'rot': 0.0164}
  t=  49.50  cb_failure         L32-CB3 {'rot': 0.01605}
  t=  49.50  cb_failure         L33-CB3 {'rot': 0.01589}
  t=  49.62  cb_failure         L29-CB1 {'rot': 0.0166}
  t=  49.62  cb_failure         L30-CB1 {'rot': 0.01612}
  progress t=  50.0s  max corner drift so far=0.0038  wall clock=599s
  t=  59.37  cb_failure         L8-CB3 {'rot': 0.01633}
  t=  59.50  cb_failure         L7-CB3 {'rot': 0.01621}
  t=  59.75  cb_failure         L6-CB3 {'rot': 0.01601}
  t=  59.87  cb_failure         L31-CB1 {'rot': 0.01625}
  t=  59.87  cb_failure         L32-CB1 {'rot': 0.01588}
  t=  60.00  cb_failure         L33-CB1 {'rot': 0.01629}
  progress t=  60.0s  max corner drift so far=0.0039  wall clock=717s
  t=  65.00  cb_failure         L5-CB3 {'rot': 0.01621}
  t=  65.62  cb_failure         L5-CB1 {'rot': 0.01619}
  t=  65.75  cb_failure         L10-CB0 {'rot': 0.01569}
  t=  65.87  cb_failure         L4-CB1 {'rot': 0.0157}
  t=  65.87  cb_failure         L8-CB0 {'rot': 0.0158}
  t=  65.87  cb_failure         L9-CB0 {'rot': 0.01587}
  t=  65.87  cb_failure         L11-CB0 {'rot': 0.01569}
  progress t=  70.0s  max corner drift so far=0.0039  wall clock=834s
  progress t=  80.0s  max corner drift so far=0.0039  wall clock=953s
  progress t=  90.0s  max corner drift so far=0.0039  wall clock=1072s
  progress t= 100.0s  max corner drift so far=0.0039  wall clock=1189s
