  t=   8.75  cb_yield           L15-CB3 {'rot': 0.00732}
  t=   8.75  cb_yield           L16-CB3 {'rot': 0.00758}
  t=   8.75  cb_yield           L17-CB3 {'rot': 0.00784}
  t=   8.75  cb_yield           L18-CB3 {'rot': 0.00801}
  t=   8.75  cb_yield           L19-CB3 {'rot': 0.00809}
  t=   8.75  cb_yield           L20-CB3 {'rot': 0.00809}
  t=   8.75  cb_yield           L21-CB3 {'rot': 0.00801}
  t=   8.75  cb_yield           L22-CB3 {'rot': 0.00785}
  t=   8.88  cb_yield           L14-CB3 {'rot': 0.00718}
  progress t=  10.0s  max corner drift so far=0.0025  wall clock=105s
  t=  10.38  cb_yield           L4-CB2 {'rot': 0.00704}
  t=  10.38  cb_yield           L4-CB3 {'rot': 0.00725}
  t=  10.38  cb_yield           L5-CB3 {'rot': 0.00711}
  t=  10.50  cb_yield           L3-CB2 {'rot': 0.00755}
  t=  10.50  cb_yield           L3-CB3 {'rot': 0.00749}
  t=  10.50  cb_yield           L5-CB2 {'rot': 0.00807}
  t=  10.50  cb_yield           L6-CB2 {'rot': 0.00784}
  t=  10.50  cb_yield           L6-CB3 {'rot': 0.00771}
  t=  10.50  cb_yield           L7-CB2 {'rot': 0.00741}
  t=  10.50  cb_yield           L7-CB3 {'rot': 0.00725}
  t=  10.63  cb_yield           L8-CB2 {'rot': 0.00712}
  t=  10.75  cb_yield           L4-CB0 {'rot': 0.00741}
  t=  10.75  cb_yield           L4-CB1 {'rot': 0.00727}
  t=  10.75  cb_yield           L5-CB0 {'rot': 0.00752}
  t=  10.75  cb_yield           L5-CB1 {'rot': 0.00739}
  t=  10.75  cb_yield           L6-CB0 {'rot': 0.00736}
  t=  10.75  cb_yield           L6-CB1 {'rot': 0.00725}
  t=  10.75  cb_yield           L7-CB0 {'rot': 0.00704}
  t=  10.88  cb_yield           L7-CB1 {'rot': 0.00756}
  t=  10.88  cb_yield           L8-CB0 {'rot': 0.00743}
  t=  10.88  cb_yield           L8-CB1 {'rot': 0.00729}
  t=  10.88  cb_yield           L9-CB0 {'rot': 0.0071}
  t=  11.00  cb_yield           L9-CB1 {'rot': 0.00774}
  t=  11.00  cb_yield           L10-CB0 {'rot': 0.00745}
  t=  11.00  cb_yield           L10-CB1 {'rot': 0.00762}
  t=  11.00  cb_yield           L11-CB0 {'rot': 0.0073}
  t=  11.00  cb_yield           L11-CB1 {'rot': 0.00745}
  t=  11.00  cb_yield           L12-CB0 {'rot': 0.00715}
  t=  11.00  cb_yield           L12-CB1 {'rot': 0.00728}
  t=  11.00  cb_yield           L13-CB1 {'rot': 0.00708}
  t=  11.13  cb_yield           L13-CB0 {'rot': 0.00793}
  t=  11.13  cb_yield           L14-CB0 {'rot': 0.00792}
  t=  11.13  cb_yield           L14-CB1 {'rot': 0.00854}
  t=  11.13  cb_yield           L15-CB0 {'rot': 0.00789}
  t=  11.13  cb_yield           L15-CB1 {'rot': 0.00849}
  t=  11.13  cb_yield           L16-CB0 {'rot': 0.00784}
  t=  11.13  cb_yield           L16-CB1 {'rot': 0.00844}
  t=  11.13  cb_yield           L17-CB0 {'rot': 0.00779}
  t=  11.13  cb_yield           L17-CB1 {'rot': 0.00836}
  t=  11.13  cb_yield           L18-CB0 {'rot': 0.00771}
  t=  11.13  cb_yield           L18-CB1 {'rot': 0.00826}
  t=  11.13  cb_yield           L19-CB0 {'rot': 0.00762}
  t=  11.13  cb_yield           L19-CB1 {'rot': 0.00815}
  t=  11.13  cb_yield           L20-CB1 {'rot': 0.00805}
  t=  11.13  cb_yield           L21-CB1 {'rot': 0.00792}
  t=  11.13  cb_yield           L22-CB1 {'rot': 0.00774}
  t=  11.25  cb_yield           L20-CB0 {'rot': 0.00958}
  t=  11.25  cb_yield           L21-CB0 {'rot': 0.00941}
  t=  11.25  cb_yield           L22-CB0 {'rot': 0.00912}
  t=  11.25  cb_yield           L23-CB0 {'rot': 0.00871}
  t=  11.25  cb_yield           L23-CB1 {'rot': 0.00981}
  t=  11.25  cb_yield           L24-CB0 {'rot': 0.00818}
  t=  11.25  cb_yield           L24-CB1 {'rot': 0.00925}
  t=  11.25  cb_yield           L25-CB1 {'rot': 0.00859}
  t=  11.25  cb_yield           L26-CB1 {'rot': 0.00786}
  t=  12.75  cb_yield           L12-CB3 {'rot': 0.0073}
  t=  12.75  cb_yield           L13-CB3 {'rot': 0.00772}
  t=  13.00  cb_yield           L3-CB1 {'rot': 0.00754}
  t=  13.13  cb_yield           L8-CB3 {'rot': 0.00803}
  t=  13.13  cb_yield           L9-CB3 {'rot': 0.00788}
  t=  13.13  cb_yield           L10-CB3 {'rot': 0.0077}
  t=  13.13  cb_yield           L11-CB3 {'rot': 0.00752}
  t=  13.25  cb_yield           L9-CB2 {'rot': 0.00817}
  t=  13.25  cb_yield           L10-CB2 {'rot': 0.00772}
  t=  13.25  cb_yield           L11-CB2 {'rot': 0.00722}
  t=  13.38  cb_yield           L12-CB2 {'rot': 0.00766}
  t=  13.38  cb_yield           L13-CB2 {'rot': 0.00712}
  t=  16.63  cb_yield           L3-CB0 {'rot': 0.00702}
  t=  18.38  cb_yield           L23-CB3 {'rot': 0.00804}
  t=  18.38  cb_yield           L24-CB3 {'rot': 0.00798}
  t=  18.38  cb_yield           L25-CB3 {'rot': 0.00788}
  t=  18.38  cb_yield           L26-CB3 {'rot': 0.00773}
  t=  18.63  cb_yield           L14-CB2 {'rot': 0.00806}
  t=  18.63  cb_yield           L15-CB2 {'rot': 0.0079}
  t=  18.63  cb_yield           L16-CB2 {'rot': 0.00774}
  t=  18.75  cb_yield           L17-CB2 {'rot': 0.0088}
  t=  18.75  cb_yield           L18-CB2 {'rot': 0.00808}
  t=  18.87  cb_yield           L19-CB2 {'rot': 0.00764}
  t=  19.00  cb_yield           L2-CB3 {'rot': 0.00712}
  t=  19.12  cb_yield           L2-CB0 {'rot': 0.0071}
  t=  19.12  cb_yield           L2-CB1 {'rot': 0.00785}
  t=  19.12  cb_yield           L2-CB2 {'rot': 0.00786}
  t=  19.87  cb_yield           L27-CB1 {'rot': 0.00873}
  t=  19.87  cb_yield           L28-CB1 {'rot': 0.00807}
  t=  20.00  cb_yield           L29-CB1 {'rot': 0.00844}
  t=  20.00  cb_yield           L30-CB1 {'rot': 0.00764}
  progress t=  20.0s  max corner drift so far=0.0051  wall clock=213s
  t=  20.12  cb_yield           L31-CB1 {'rot': 0.00775}
  t=  22.25  cb_yield           L1-CB0 {'rot': 0.00745}
  t=  22.25  cb_yield           L1-CB1 {'rot': 0.00796}
  t=  23.12  cb_yield           L25-CB0 {'rot': 0.00867}
  t=  23.12  cb_yield           L26-CB0 {'rot': 0.00792}
  t=  24.62  cb_yield           L1-CB3 {'rot': 0.00713}
  t=  25.00  cb_yield           L20-CB2 {'rot': 0.00821}
  t=  25.12  cb_yield           L21-CB2 {'rot': 0.00843}
  t=  25.12  cb_yield           L27-CB3 {'rot': 0.00804}
  t=  25.25  cb_yield           L22-CB2 {'rot': 0.00821}
  t=  25.25  cb_yield           L28-CB3 {'rot': 0.00809}
  t=  25.37  cb_yield           L27-CB0 {'rot': 0.00764}
  t=  25.37  cb_yield           L29-CB3 {'rot': 0.00863}
  t=  25.37  cb_yield           L30-CB3 {'rot': 0.00774}
  t=  25.37  cb_yield           L32-CB1 {'rot': 0.00897}
  t=  25.50  cb_yield           L33-CB1 {'rot': 0.00835}
  t=  27.50  cb_yield           L28-CB0 {'rot': 0.01006}
  t=  27.50  cb_yield           L29-CB0 {'rot': 0.00914}
  t=  27.50  cb_yield           L30-CB0 {'rot': 0.00793}
  t=  28.12  cb_yield           L1-CB2 {'rot': 0.00731}
  t=  29.75  cb_yield           L23-CB2 {'rot': 0.0084}
  t=  29.75  cb_yield           L24-CB2 {'rot': 0.00802}
  t=  29.75  cb_yield           L31-CB3 {'rot': 0.00891}
  t=  29.75  cb_yield           L32-CB3 {'rot': 0.0082}
  progress t=  30.0s  max corner drift so far=0.0080  wall clock=331s
  t=  32.75  cb_yield           L25-CB2 {'rot': 0.00779}
  t=  39.62  cb_yield           L26-CB2 {'rot': 0.00775}
  t=  39.62  cb_yield           L33-CB3 {'rot': 0.00867}
  t=  39.75  cb_yield           L27-CB2 {'rot': 0.00794}
  progress t=  40.0s  max corner drift so far=0.0080  wall clock=447s
  t=  46.75  cb_yield           L28-CB2 {'rot': 0.00832}
  t=  46.87  cb_yield           L29-CB2 {'rot': 0.00813}
  t=  49.12  cb_failure         L18-CB3 {'rot': 0.0318}
  t=  49.12  cb_failure         L19-CB3 {'rot': 0.03241}
  t=  49.12  cb_failure         L20-CB3 {'rot': 0.03278}
  t=  49.12  cb_failure         L21-CB3 {'rot': 0.03287}
  t=  49.12  cb_failure         L22-CB3 {'rot': 0.03265}
  t=  49.12  cb_failure         L23-CB3 {'rot': 0.03213}
  t=  49.12  cb_failure         L24-CB3 {'rot': 0.03163}
  t=  49.25  cb_failure         L16-CB3 {'rot': 0.03107}
  t=  49.25  cb_failure         L17-CB3 {'rot': 0.03233}
  t=  49.25  cb_failure         L25-CB3 {'rot': 0.03268}
  t=  49.25  cb_yield           L30-CB2 {'rot': 0.00792}
  progress t=  50.0s  max corner drift so far=0.0080  wall clock=557s
  t=  59.00  cb_failure         L11-CB1 {'rot': 0.03143}
  t=  59.00  cb_failure         L11-CB3 {'rot': 0.03207}
  t=  59.00  cb_failure         L12-CB1 {'rot': 0.03251}
  t=  59.00  cb_failure         L12-CB3 {'rot': 0.03323}
  t=  59.00  cb_failure         L13-CB1 {'rot': 0.03335}
  t=  59.00  cb_failure         L13-CB3 {'rot': 0.03415}
  t=  59.00  cb_failure         L14-CB1 {'rot': 0.03382}
  t=  59.00  cb_failure         L14-CB3 {'rot': 0.0347}
  t=  59.00  cb_failure         L15-CB1 {'rot': 0.03399}
  t=  59.00  cb_failure         L15-CB3 {'rot': 0.03495}
  t=  59.00  cb_failure         L16-CB1 {'rot': 0.0339}
  t=  59.00  cb_failure         L17-CB1 {'rot': 0.03354}
  t=  59.00  cb_failure         L18-CB1 {'rot': 0.03294}
  t=  59.00  cb_failure         L19-CB1 {'rot': 0.03213}
  t=  59.00  cb_failure         L20-CB1 {'rot': 0.03161}
  t=  59.12  cb_failure         L8-CB1 {'rot': 0.0311}
  t=  59.12  cb_failure         L8-CB3 {'rot': 0.03248}
  t=  59.12  cb_failure         L9-CB1 {'rot': 0.03248}
  t=  59.12  cb_failure         L9-CB3 {'rot': 0.03411}
  t=  59.12  cb_failure         L10-CB1 {'rot': 0.03366}
  t=  59.12  cb_failure         L10-CB3 {'rot': 0.03552}
  t=  59.25  cb_failure         L6-CB1 {'rot': 0.03161}
  t=  59.25  cb_failure         L6-CB3 {'rot': 0.03341}
  t=  59.25  cb_failure         L7-CB1 {'rot': 0.03364}
  t=  59.25  cb_failure         L7-CB3 {'rot': 0.0358}
  t=  59.37  cb_failure         L5-CB1 {'rot': 0.03133}
  t=  59.37  cb_failure         L5-CB3 {'rot': 0.03422}
  t=  59.37  cb_failure         L7-CB2 {'rot': 0.03191}
  t=  59.37  cb_failure         L8-CB2 {'rot': 0.03275}
  t=  59.37  cb_failure         L9-CB2 {'rot': 0.03303}
  t=  59.37  cb_failure         L10-CB2 {'rot': 0.03287}
  t=  59.37  cb_failure         L11-CB2 {'rot': 0.03238}
  t=  59.37  cb_failure         L12-CB2 {'rot': 0.03163}
  t=  59.50  cb_failure         L4-CB3 {'rot': 0.03205}
  t=  59.50  cb_failure         L6-CB2 {'rot': 0.03123}
  progress t=  60.0s  max corner drift so far=0.0093  wall clock=665s
  t=  65.00  cb_failure         L21-CB1 {'rot': 0.03187}
  t=  65.12  cb_failure         L13-CB2 {'rot': 0.03269}
  t=  65.12  cb_failure         L14-CB2 {'rot': 0.0321}
  t=  65.12  cb_failure         L15-CB2 {'rot': 0.03131}
  t=  65.25  cb_failure         L16-CB2 {'rot': 0.03203}
  progress t=  70.0s  max corner drift so far=0.0093  wall clock=771s
  progress t=  80.0s  max corner drift so far=0.0093  wall clock=872s
  progress t=  90.0s  max corner drift so far=0.0093  wall clock=972s
  progress t= 100.0s  max corner drift so far=0.0093  wall clock=1073s
