  t=   4.00  cb_yield           L7-CB0 {'rot': 0.00615}
  t=   4.00  cb_yield           L8-CB0 {'rot': 0.00611}
  t=   4.05  cb_yield           L4-CB0 {'rot': 0.00618}
  t=   4.05  cb_yield           L5-CB0 {'rot': 0.00654}
  t=   4.05  cb_yield           L5-CB1 {'rot': 0.0064}
  t=   4.05  cb_yield           L6-CB0 {'rot': 0.0067}
  t=   4.05  cb_yield           L6-CB1 {'rot': 0.00656}
  t=   4.05  cb_yield           L7-CB1 {'rot': 0.00656}
  t=   4.05  cb_yield           L8-CB1 {'rot': 0.00644}
  t=   4.05  cb_yield           L9-CB0 {'rot': 0.00642}
  t=   4.05  cb_yield           L9-CB1 {'rot': 0.00623}
  t=   4.05  cb_yield           L10-CB0 {'rot': 0.00617}
  t=   4.10  cb_yield           L3-CB0 {'rot': 0.00611}
  t=   4.10  cb_yield           L4-CB1 {'rot': 0.00661}
  t=   4.10  cb_yield           L10-CB1 {'rot': 0.00618}
  t=   4.15  cb_yield           L3-CB1 {'rot': 0.00635}
  t=   4.15  cb_yield           L4-CB2 {'rot': 0.00623}
  t=   4.15  cb_yield           L5-CB2 {'rot': 0.00645}
  t=   4.15  cb_yield           L5-CB3 {'rot': 0.00626}
  t=   4.15  cb_yield           L6-CB2 {'rot': 0.00643}
  t=   4.15  cb_yield           L6-CB3 {'rot': 0.00622}
  t=   4.15  cb_yield           L7-CB2 {'rot': 0.00621}
  t=   4.15  cb_yield           L11-CB0 {'rot': 0.00617}
  t=   4.20  cb_yield           L4-CB3 {'rot': 0.00627}
  t=   4.20  cb_yield           L7-CB3 {'rot': 0.00616}
  t=   8.40  cb_yield           L13-CB3 {'rot': 0.00611}
  t=   8.40  cb_yield           L14-CB3 {'rot': 0.00615}
  t=   8.40  cb_yield           L15-CB3 {'rot': 0.00619}
  t=   8.40  cb_yield           L16-CB3 {'rot': 0.00624}
  t=   8.45  cb_yield           L8-CB3 {'rot': 0.00633}
  t=   8.45  cb_yield           L9-CB3 {'rot': 0.00651}
  t=   8.45  cb_yield           L10-CB3 {'rot': 0.00663}
  t=   8.45  cb_yield           L11-CB3 {'rot': 0.0067}
  t=   8.45  cb_yield           L12-CB3 {'rot': 0.00676}
  t=   8.45  cb_yield           L17-CB3 {'rot': 0.00682}
  t=   8.45  cb_yield           L18-CB3 {'rot': 0.00683}
  t=   8.45  cb_yield           L19-CB3 {'rot': 0.00683}
  t=   8.45  cb_yield           L20-CB3 {'rot': 0.00682}
  t=   8.45  cb_yield           L21-CB3 {'rot': 0.0068}
  t=   8.45  cb_yield           L22-CB3 {'rot': 0.00674}
  t=   8.45  cb_yield           L23-CB3 {'rot': 0.00664}
  t=   8.50  cb_yield           L24-CB3 {'rot': 0.00695}
  t=   8.50  cb_yield           L25-CB3 {'rot': 0.00675}
  t=   8.55  cb_yield           L9-CB2 {'rot': 0.00625}
  t=   8.55  cb_yield           L10-CB2 {'rot': 0.00639}
  t=   8.55  cb_yield           L11-CB2 {'rot': 0.00649}
  t=   8.55  cb_yield           L12-CB2 {'rot': 0.00655}
  t=   8.55  cb_yield           L13-CB2 {'rot': 0.00658}
  t=   8.55  cb_yield           L14-CB2 {'rot': 0.00654}
  t=   8.55  cb_yield           L15-CB2 {'rot': 0.00647}
  t=   8.55  cb_yield           L16-CB2 {'rot': 0.00638}
  t=   8.55  cb_yield           L26-CB3 {'rot': 0.00676}
  t=   8.60  cb_yield           L8-CB2 {'rot': 0.00631}
  t=   8.60  cb_yield           L17-CB2 {'rot': 0.00698}
  t=   8.60  cb_yield           L18-CB2 {'rot': 0.0068}
  t=   8.65  cb_yield           L19-CB2 {'rot': 0.00723}
  t=   8.65  cb_yield           L20-CB2 {'rot': 0.00694}
  t=   8.65  cb_yield           L21-CB2 {'rot': 0.0066}
  t=   8.70  cb_yield           L11-CB1 {'rot': 0.00611}
  t=   8.70  cb_yield           L12-CB1 {'rot': 0.00609}
  t=   8.75  cb_yield           L13-CB1 {'rot': 0.00628}
  t=   8.75  cb_yield           L14-CB1 {'rot': 0.00612}
  t=   8.75  cb_yield           L22-CB2 {'rot': 0.00671}
  progress t=  10.0s  max corner drift so far=0.0033  wall clock=265s
  t=  10.30  cb_yield           L2-CB2 {'rot': 0.00651}
  t=  10.30  cb_yield           L2-CB3 {'rot': 0.00645}
  t=  10.30  cb_yield           L3-CB2 {'rot': 0.00716}
  t=  10.30  cb_yield           L3-CB3 {'rot': 0.00701}
  t=  10.40  cb_yield           L20-CB1 {'rot': 0.00677}
  t=  10.40  cb_yield           L21-CB1 {'rot': 0.00696}
  t=  10.40  cb_yield           L22-CB1 {'rot': 0.00708}
  t=  10.40  cb_yield           L23-CB1 {'rot': 0.00714}
  t=  10.40  cb_yield           L24-CB1 {'rot': 0.00715}
  t=  10.40  cb_yield           L25-CB1 {'rot': 0.0071}
  t=  10.40  cb_yield           L26-CB1 {'rot': 0.00701}
  t=  10.40  cb_yield           L27-CB1 {'rot': 0.00687}
  t=  10.40  cb_yield           L28-CB1 {'rot': 0.00669}
  t=  10.45  cb_yield           L1-CB2 {'rot': 0.00612}
  t=  10.45  cb_yield           L19-CB1 {'rot': 0.00689}
  t=  10.45  cb_yield           L29-CB1 {'rot': 0.00714}
  t=  10.45  cb_yield           L30-CB1 {'rot': 0.00679}
  t=  10.50  cb_yield           L1-CB3 {'rot': 0.00622}
  t=  10.50  cb_yield           L2-CB0 {'rot': 0.00614}
  t=  10.50  cb_yield           L2-CB1 {'rot': 0.00615}
  t=  10.50  cb_yield           L21-CB0 {'rot': 0.00666}
  t=  10.50  cb_yield           L22-CB0 {'rot': 0.00694}
  t=  10.50  cb_yield           L23-CB0 {'rot': 0.00705}
  t=  10.50  cb_yield           L24-CB0 {'rot': 0.00701}
  t=  10.50  cb_yield           L25-CB0 {'rot': 0.00684}
  t=  10.50  cb_yield           L31-CB1 {'rot': 0.00672}
  t=  10.55  cb_yield           L26-CB0 {'rot': 0.00689}
  t=  10.65  cb_yield           L1-CB0 {'rot': 0.00686}
  t=  10.65  cb_yield           L1-CB1 {'rot': 0.0067}
  t=  10.75  cb_yield           L12-CB0 {'rot': 0.00612}
  t=  10.85  cb_yield           L13-CB0 {'rot': 0.00706}
  t=  10.90  cb_yield           L14-CB0 {'rot': 0.00728}
  t=  10.90  cb_yield           L15-CB0 {'rot': 0.00639}
  t=  10.90  cb_yield           L15-CB1 {'rot': 0.00671}
  t=  10.95  cb_yield           L16-CB0 {'rot': 0.00686}
  t=  10.95  cb_yield           L16-CB1 {'rot': 0.00738}
  t=  11.00  cb_yield           L17-CB0 {'rot': 0.00736}
  t=  11.00  cb_yield           L17-CB1 {'rot': 0.00813}
  t=  11.00  cb_yield           L18-CB0 {'rot': 0.00667}
  t=  11.00  cb_yield           L18-CB1 {'rot': 0.00737}
  t=  11.05  cb_yield           L19-CB0 {'rot': 0.00781}
  t=  11.05  cb_yield           L20-CB0 {'rot': 0.0074}
  t=  11.10  cb_yield           L27-CB0 {'rot': 0.00659}
  t=  12.70  cb_yield           L27-CB3 {'rot': 0.00724}
  t=  12.70  cb_yield           L28-CB3 {'rot': 0.00668}
  t=  12.75  cb_yield           L29-CB3 {'rot': 0.00687}
  t=  12.80  cb_yield           L30-CB3 {'rot': 0.00665}
  t=  13.95  cb_yield           L31-CB3 {'rot': 0.00704}
  t=  14.00  cb_yield           L23-CB2 {'rot': 0.00695}
  t=  14.00  cb_yield           L24-CB2 {'rot': 0.00682}
  t=  14.00  cb_yield           L25-CB2 {'rot': 0.00662}
  t=  14.00  cb_yield           L32-CB3 {'rot': 0.00747}
  t=  14.05  cb_yield           L26-CB2 {'rot': 0.00673}
  t=  14.05  cb_yield           L33-CB3 {'rot': 0.00668}
  t=  15.20  cb_yield           L32-CB1 {'rot': 0.0067}
  t=  15.30  cb_yield           L33-CB1 {'rot': 0.0076}
  t=  15.35  cb_yield           L28-CB0 {'rot': 0.00693}
  t=  15.35  cb_yield           L29-CB0 {'rot': 0.00659}
  progress t=  20.0s  max corner drift so far=0.0083  wall clock=548s
  t=  20.15  cb_failure         L7-CB1 {'rot': 0.03026}
  t=  20.15  cb_failure         L8-CB1 {'rot': 0.03075}
  t=  20.15  cb_failure         L9-CB1 {'rot': 0.03096}
  t=  20.15  cb_failure         L10-CB1 {'rot': 0.03103}
  t=  20.15  cb_failure         L11-CB1 {'rot': 0.03101}
  t=  20.15  cb_failure         L12-CB1 {'rot': 0.03094}
  t=  20.15  cb_failure         L13-CB1 {'rot': 0.03076}
  t=  20.15  cb_failure         L14-CB1 {'rot': 0.03044}
  t=  20.15  cb_failure         L15-CB1 {'rot': 0.03009}
  t=  20.20  cb_failure         L6-CB1 {'rot': 0.03056}
  t=  20.20  cb_failure         L16-CB1 {'rot': 0.03095}
  t=  20.20  cb_yield           L30-CB0 {'rot': 0.00683}
  t=  20.25  cb_failure         L5-CB1 {'rot': 0.0301}
  t=  20.25  cb_failure         L17-CB1 {'rot': 0.03123}
  t=  20.30  cb_failure         L4-CB1 {'rot': 0.03083}
  t=  20.30  cb_failure         L18-CB1 {'rot': 0.03163}
  t=  20.30  cb_failure         L19-CB1 {'rot': 0.0306}
  t=  20.33  wall_axial_failure S1-F {'gamma': 0.00061, 'eps': -0.00631, 'cause': 'crushing'}
  t=  20.35  cb_failure         L1-CB1 {'rot': 0.03214}
  t=  20.35  cb_failure         L2-CB1 {'rot': 0.03445}
  t=  20.35  cb_failure         L3-CB1 {'rot': 0.03692}
  t=  20.35  cb_failure         L9-CB0 {'rot': 0.0302}
  t=  20.35  cb_failure         L10-CB0 {'rot': 0.03019}
  t=  20.35  cb_failure         L20-CB1 {'rot': 0.03392}
  t=  20.35  cb_failure         L21-CB1 {'rot': 0.03266}
  t=  20.35  cb_failure         L22-CB1 {'rot': 0.03136}
  t=  20.40  cb_failure         L1-CB3 {'rot': 0.03181}
  t=  20.40  cb_failure         L2-CB3 {'rot': 0.03549}
  t=  20.40  cb_failure         L3-CB3 {'rot': 0.03889}
  t=  20.40  cb_failure         L4-CB3 {'rot': 0.04175}
  t=  20.40  cb_failure         L5-CB3 {'rot': 0.04389}
  t=  20.40  cb_failure         L6-CB3 {'rot': 0.04533}
  t=  20.40  cb_failure         L7-CB3 {'rot': 0.04621}
  t=  20.40  cb_failure         L8-CB0 {'rot': 0.03063}
  t=  20.40  cb_failure         L8-CB3 {'rot': 0.04662}
  t=  20.40  cb_failure         L9-CB3 {'rot': 0.04665}
  t=  20.40  cb_failure         L10-CB3 {'rot': 0.0464}
  t=  20.40  cb_failure         L11-CB0 {'rot': 0.03103}
  t=  20.40  cb_failure         L11-CB3 {'rot': 0.04583}
  t=  20.40  cb_failure         L12-CB0 {'rot': 0.03065}
  t=  20.40  cb_failure         L12-CB3 {'rot': 0.04516}
  t=  20.40  cb_failure         L13-CB3 {'rot': 0.04414}
  t=  20.40  cb_failure         L14-CB3 {'rot': 0.04297}
  t=  20.40  cb_failure         L15-CB3 {'rot': 0.04168}
  t=  20.40  cb_failure         L16-CB3 {'rot': 0.04018}
  t=  20.40  cb_failure         L17-CB3 {'rot': 0.03831}
  t=  20.40  cb_failure         L18-CB3 {'rot': 0.03649}
  t=  20.40  cb_failure         L19-CB3 {'rot': 0.03464}
  t=  20.40  cb_failure         L20-CB3 {'rot': 0.03297}
  t=  20.40  cb_failure         L21-CB3 {'rot': 0.03123}
  t=  20.40  cb_failure         L23-CB1 {'rot': 0.03931}
  t=  20.40  cb_failure         L24-CB1 {'rot': 0.03685}
  t=  20.40  cb_failure         L25-CB1 {'rot': 0.03429}
  t=  20.40  cb_failure         L26-CB1 {'rot': 0.03168}
  t=  20.45  cb_failure         L7-CB0 {'rot': 0.0301}
  t=  20.45  cb_failure         L13-CB0 {'rot': 0.03079}
  t=  20.45  cb_failure         L22-CB3 {'rot': 0.04947}
  t=  20.45  cb_failure         L23-CB3 {'rot': 0.04739}
  t=  20.45  cb_failure         L24-CB3 {'rot': 0.04543}
  t=  20.45  cb_failure         L25-CB3 {'rot': 0.04367}
  t=  20.45  cb_failure         L26-CB3 {'rot': 0.04205}
  t=  20.45  cb_failure         L27-CB1 {'rot': 0.04902}
  t=  20.45  cb_failure         L27-CB3 {'rot': 0.04055}
  t=  20.45  cb_failure         L28-CB1 {'rot': 0.04728}
  t=  20.45  cb_failure         L28-CB3 {'rot': 0.0392}
  t=  20.45  cb_failure         L29-CB1 {'rot': 0.04538}
  t=  20.45  cb_failure         L29-CB3 {'rot': 0.03802}
  t=  20.45  cb_failure         L30-CB1 {'rot': 0.04369}
  t=  20.45  cb_failure         L30-CB3 {'rot': 0.03707}
  t=  20.45  cb_failure         L31-CB1 {'rot': 0.04276}
  t=  20.45  cb_failure         L31-CB3 {'rot': 0.03648}
  t=  20.45  cb_failure         L32-CB1 {'rot': 0.0424}
  t=  20.45  cb_failure         L32-CB3 {'rot': 0.03623}
  t=  20.45  cb_failure         L33-CB1 {'rot': 0.04038}
  t=  20.45  cb_failure         L33-CB3 {'rot': 0.03424}
  t=  20.50  cb_failure         L14-CB0 {'rot': 0.03115}
  t=  20.50  cb_failure         L15-CB0 {'rot': 0.03026}
  t=  20.55  cb_failure         L16-CB0 {'rot': 0.03026}
  t=  20.75  cb_yield           L31-CB0 {'rot': 0.00706}
  t=  20.75  cb_yield           L32-CB0 {'rot': 0.0068}
  t=  20.75  cb_yield           L33-CB0 {'rot': 0.00668}
  t=  22.85  cb_yield           L28-CB2 {'rot': 0.00661}
  t=  22.85  cb_yield           L29-CB2 {'rot': 0.00679}
  t=  22.85  cb_yield           L30-CB2 {'rot': 0.00691}
  t=  22.85  cb_yield           L31-CB2 {'rot': 0.00694}
  t=  22.85  cb_yield           L32-CB2 {'rot': 0.00692}
  t=  22.85  cb_yield           L33-CB2 {'rot': 0.00684}
  t=  24.80  cb_yield           L27-CB2 {'rot': 0.00681}
  t=  26.00  cb_failure         L5-CB0 {'rot': 0.03014}
  t=  26.00  cb_failure         L5-CB2 {'rot': 0.03051}
  t=  26.00  cb_failure         L6-CB0 {'rot': 0.03052}
  t=  26.00  cb_failure         L6-CB2 {'rot': 0.03114}
  t=  26.00  cb_failure         L7-CB2 {'rot': 0.03098}
  t=  26.00  cb_failure         L8-CB2 {'rot': 0.03017}
  t=  26.05  cb_failure         L9-CB2 {'rot': 0.03106}
  t=  26.10  cb_failure         L4-CB0 {'rot': 0.03042}
  t=  26.10  cb_failure         L10-CB2 {'rot': 0.03183}
  t=  26.10  cb_failure         L11-CB2 {'rot': 0.03029}
  t=  26.15  cb_failure         L12-CB2 {'rot': 0.03064}
  t=  26.20  cb_failure         L13-CB2 {'rot': 0.03035}
  t=  26.30  cb_failure         L14-CB2 {'rot': 0.03064}
  t=  26.60  cb_failure         L17-CB0 {'rot': 0.03069}
  t= 27.830  solver fallback: ModifiedNewton
  t= 27.840  solver fallback: Newton
