  t=   3.00  cb_yield           L6-CB3 {'rot': 0.0061}
  t=   3.00  cb_yield           L7-CB3 {'rot': 0.00629}
  t=   3.00  cb_yield           L8-CB3 {'rot': 0.00641}
  t=   3.00  cb_yield           L9-CB3 {'rot': 0.00648}
  t=   3.00  cb_yield           L10-CB3 {'rot': 0.00651}
  t=   3.00  cb_yield           L11-CB3 {'rot': 0.00651}
  t=   3.00  cb_yield           L12-CB3 {'rot': 0.00651}
  t=   3.00  cb_yield           L13-CB3 {'rot': 0.00649}
  t=   3.00  cb_yield           L14-CB3 {'rot': 0.00644}
  t=   3.00  cb_yield           L15-CB3 {'rot': 0.00638}
  t=   3.00  cb_yield           L16-CB3 {'rot': 0.00631}
  t=   3.12  cb_yield           L4-CB3 {'rot': 0.00605}
  t=   3.12  cb_yield           L5-CB3 {'rot': 0.00654}
  t=   3.12  cb_yield           L6-CB1 {'rot': 0.00609}
  t=   3.12  cb_yield           L6-CB2 {'rot': 0.00596}
  t=   3.12  cb_yield           L7-CB1 {'rot': 0.00623}
  t=   3.12  cb_yield           L7-CB2 {'rot': 0.00606}
  t=   3.12  cb_yield           L8-CB1 {'rot': 0.00628}
  t=   3.12  cb_yield           L8-CB2 {'rot': 0.00607}
  t=   3.12  cb_yield           L9-CB1 {'rot': 0.00627}
  t=   3.12  cb_yield           L9-CB2 {'rot': 0.00601}
  t=   3.12  cb_yield           L10-CB1 {'rot': 0.00622}
  t=   3.12  cb_yield           L10-CB2 {'rot': 0.00591}
  t=   3.12  cb_yield           L11-CB1 {'rot': 0.00615}
  t=   3.12  cb_yield           L12-CB1 {'rot': 0.00606}
  t=   3.12  cb_yield           L13-CB1 {'rot': 0.00595}
  t=   3.12  cb_yield           L17-CB3 {'rot': 0.00669}
  t=   3.12  cb_yield           L18-CB3 {'rot': 0.00653}
  t=   3.25  cb_yield           L3-CB3 {'rot': 0.0059}
  t=   3.25  cb_yield           L4-CB1 {'rot': 0.00594}
  t=   3.25  cb_yield           L4-CB2 {'rot': 0.00599}
  t=   3.25  cb_yield           L5-CB1 {'rot': 0.00642}
  t=   3.25  cb_yield           L5-CB2 {'rot': 0.00643}
  t=   3.25  cb_yield           L11-CB2 {'rot': 0.00643}
  t=   3.25  cb_yield           L12-CB2 {'rot': 0.00624}
  t=   3.25  cb_yield           L13-CB2 {'rot': 0.00603}
  t=   3.25  cb_yield           L14-CB1 {'rot': 0.00635}
  t=   3.25  cb_yield           L15-CB1 {'rot': 0.00617}
  t=   3.25  cb_yield           L16-CB1 {'rot': 0.00599}
  t=   3.25  cb_yield           L19-CB3 {'rot': 0.00656}
  t=   3.37  cb_yield           L5-CB0 {'rot': 0.00591}
  t=   3.37  cb_yield           L6-CB0 {'rot': 0.00612}
  t=   3.37  cb_yield           L7-CB0 {'rot': 0.0062}
  t=   3.37  cb_yield           L8-CB0 {'rot': 0.00618}
  t=   3.37  cb_yield           L9-CB0 {'rot': 0.00606}
  t=   3.37  cb_yield           L14-CB2 {'rot': 0.00619}
  t=   3.50  cb_yield           L10-CB0 {'rot': 0.00621}
  t=   3.50  cb_yield           L11-CB0 {'rot': 0.00601}
  t=   3.50  cb_yield           L15-CB2 {'rot': 0.00606}
  t=   3.62  cb_yield           L12-CB0 {'rot': 0.00592}
  t=   3.62  cb_yield           L17-CB1 {'rot': 0.00673}
  t=   3.75  cb_yield           L18-CB1 {'rot': 0.00658}
  t=   5.13  cb_yield           L13-CB0 {'rot': 0.00692}
  t=   5.13  cb_yield           L14-CB0 {'rot': 0.00685}
  t=   5.13  cb_yield           L15-CB0 {'rot': 0.00675}
  t=   5.13  cb_yield           L16-CB0 {'rot': 0.00661}
  t=   5.13  cb_yield           L16-CB2 {'rot': 0.00592}
  t=   5.25  cb_yield           L4-CB0 {'rot': 0.00595}
  t=   5.25  cb_yield           L17-CB0 {'rot': 0.00726}
  t=   5.25  cb_yield           L18-CB0 {'rot': 0.00699}
  t=   5.25  cb_yield           L19-CB0 {'rot': 0.00669}
  t=   5.25  cb_yield           L19-CB1 {'rot': 0.00702}
  t=   5.25  cb_yield           L20-CB1 {'rot': 0.00671}
  t=   5.38  cb_yield           L3-CB0 {'rot': 0.00601}
  t=   5.38  cb_yield           L3-CB1 {'rot': 0.00613}
  t=   5.38  cb_yield           L3-CB2 {'rot': 0.00603}
  t=   5.38  cb_yield           L17-CB2 {'rot': 0.00723}
  t=   5.38  cb_yield           L18-CB2 {'rot': 0.00685}
  t=   5.38  cb_yield           L20-CB0 {'rot': 0.00663}
  t=   5.38  cb_yield           L20-CB3 {'rot': 0.00676}
  t=   5.38  cb_yield           L21-CB1 {'rot': 0.00675}
  t=   5.50  cb_yield           L2-CB3 {'rot': 0.00608}
  t=   5.50  cb_yield           L19-CB2 {'rot': 0.007}
  t=   5.50  cb_yield           L20-CB2 {'rot': 0.0066}
  t=   5.50  cb_yield           L21-CB3 {'rot': 0.00692}
  t=   5.63  cb_yield           L2-CB0 {'rot': 0.00643}
  t=   5.63  cb_yield           L2-CB1 {'rot': 0.00658}
  t=   5.63  cb_yield           L2-CB2 {'rot': 0.00628}
  t=   9.00  cb_yield           L22-CB1 {'rot': 0.00675}
  t=   9.00  cb_yield           L23-CB1 {'rot': 0.00673}
  t=   9.00  cb_yield           L24-CB1 {'rot': 0.00662}
  t=   9.13  cb_yield           L25-CB1 {'rot': 0.00786}
  t=   9.13  cb_yield           L26-CB1 {'rot': 0.00774}
  t=   9.13  cb_yield           L27-CB1 {'rot': 0.00753}
  t=   9.13  cb_yield           L28-CB1 {'rot': 0.00726}
  t=   9.13  cb_yield           L29-CB1 {'rot': 0.00692}
  t=   9.88  cb_yield           L1-CB1 {'rot': 0.00602}
  t=  10.00  cb_yield           L1-CB0 {'rot': 0.00613}
  progress t=  10.0s  max corner drift so far=0.0037  wall clock=95s
  t=  10.38  cb_yield           L22-CB3 {'rot': 0.00829}
  t=  10.38  cb_yield           L23-CB3 {'rot': 0.00775}
  t=  10.38  cb_yield           L24-CB3 {'rot': 0.00719}
  t=  10.38  cb_yield           L25-CB3 {'rot': 0.00663}
  t=  10.50  cb_yield           L21-CB2 {'rot': 0.00785}
  t=  10.50  cb_yield           L22-CB2 {'rot': 0.00737}
  t=  10.50  cb_yield           L23-CB2 {'rot': 0.00683}
  t=  10.50  cb_yield           L26-CB3 {'rot': 0.00931}
  t=  10.50  cb_yield           L27-CB3 {'rot': 0.00864}
  t=  10.50  cb_yield           L28-CB3 {'rot': 0.00801}
  t=  10.50  cb_yield           L29-CB3 {'rot': 0.00737}
  t=  10.50  cb_yield           L30-CB3 {'rot': 0.0067}
  t=  10.63  cb_yield           L24-CB2 {'rot': 0.00861}
  t=  10.63  cb_yield           L25-CB2 {'rot': 0.00799}
  t=  10.63  cb_yield           L26-CB2 {'rot': 0.00725}
  t=  10.63  cb_yield           L30-CB1 {'rot': 0.00795}
  t=  10.63  cb_yield           L31-CB1 {'rot': 0.00723}
  t=  10.63  cb_yield           L31-CB3 {'rot': 0.00888}
  t=  10.63  cb_yield           L32-CB1 {'rot': 0.00665}
  t=  10.63  cb_yield           L32-CB3 {'rot': 0.00822}
  t=  10.63  cb_yield           L33-CB3 {'rot': 0.00682}
  t=  10.75  cb_failure         L16-CB3 {'rot': 0.02111}
  t=  10.75  cb_yield           L27-CB2 {'rot': 0.00724}
  t=  11.25  cb_yield           L1-CB3 {'rot': 0.00594}
  t=  11.50  cb_yield           L1-CB2 {'rot': 0.00634}
  t=  12.13  cb_yield           L21-CB0 {'rot': 0.00844}
  t=  12.13  cb_yield           L22-CB0 {'rot': 0.00884}
  t=  12.13  cb_yield           L23-CB0 {'rot': 0.00911}
  t=  12.13  cb_yield           L24-CB0 {'rot': 0.00922}
  t=  12.13  cb_yield           L25-CB0 {'rot': 0.00918}
  t=  12.13  cb_yield           L26-CB0 {'rot': 0.00899}
  t=  12.13  cb_yield           L27-CB0 {'rot': 0.00866}
  t=  12.13  cb_yield           L28-CB0 {'rot': 0.00825}
  t=  12.13  cb_yield           L29-CB0 {'rot': 0.00772}
  t=  12.13  cb_yield           L30-CB0 {'rot': 0.00704}
  t=  12.13  cb_yield           L33-CB1 {'rot': 0.01112}
  t=  12.25  cb_failure         L26-CB1 {'rot': 0.02207}
  t=  12.25  cb_failure         L28-CB1 {'rot': 0.02233}
  t=  12.25  cb_yield           L31-CB0 {'rot': 0.00791}
  t=  12.25  cb_yield           L32-CB0 {'rot': 0.00713}
  t=  12.25  cb_yield           L33-CB0 {'rot': 0.00677}
  t=  13.13  cb_failure         L11-CB3 {'rot': 0.02013}
  t=  13.13  cb_failure         L12-CB3 {'rot': 0.02101}
  t=  13.13  cb_failure         L13-CB3 {'rot': 0.02173}
  t=  13.13  cb_failure         L14-CB3 {'rot': 0.02218}
  t=  13.13  cb_failure         L15-CB3 {'rot': 0.0224}
  t=  13.13  cb_failure         L17-CB3 {'rot': 0.02205}
  t=  13.13  cb_failure         L18-CB3 {'rot': 0.02152}
  t=  13.13  cb_failure         L19-CB3 {'rot': 0.0208}
  t=  13.13  cb_yield           L28-CB2 {'rot': 0.0066}
  t=  13.25  cb_failure         L13-CB2 {'rot': 0.02002}
  t=  13.25  cb_failure         L14-CB2 {'rot': 0.02136}
  t=  13.25  cb_failure         L15-CB2 {'rot': 0.0224}
  t=  13.25  cb_failure         L16-CB1 {'rot': 0.0207}
  t=  13.25  cb_failure         L16-CB2 {'rot': 0.02311}
  t=  13.25  cb_failure         L17-CB2 {'rot': 0.02358}
  t=  13.25  cb_failure         L18-CB2 {'rot': 0.02365}
  t=  13.25  cb_failure         L19-CB2 {'rot': 0.02335}
  t=  13.25  cb_failure         L20-CB2 {'rot': 0.02274}
  t=  13.25  cb_failure         L20-CB3 {'rot': 0.02545}
  t=  13.25  cb_failure         L21-CB2 {'rot': 0.02174}
  t=  13.25  cb_failure         L21-CB3 {'rot': 0.02438}
  t=  13.25  cb_failure         L22-CB3 {'rot': 0.0229}
  t=  13.25  cb_failure         L23-CB3 {'rot': 0.02099}
  t=  13.38  cb_failure         L17-CB1 {'rot': 0.02159}
  t=  13.38  cb_failure         L18-CB1 {'rot': 0.02198}
  t=  13.38  cb_failure         L19-CB1 {'rot': 0.02195}
  t=  13.38  cb_failure         L20-CB1 {'rot': 0.02156}
  t=  13.38  cb_failure         L21-CB1 {'rot': 0.02078}
  t=  13.38  cb_failure         L22-CB2 {'rot': 0.0226}
  t=  13.63  cb_yield           L29-CB2 {'rot': 0.00673}
  t=  14.13  cb_yield           L30-CB2 {'rot': 0.00674}
  t= 14.225  solver fallback: Newton
  t=  14.25  cb_failure         L24-CB3 {'rot': 0.02155}
  t=  14.25  cb_failure         L25-CB3 {'rot': 0.02242}
  t=  14.25  cb_failure         L26-CB3 {'rot': 0.02293}
  t=  14.25  cb_failure         L27-CB3 {'rot': 0.02313}
  t=  14.25  cb_failure         L28-CB3 {'rot': 0.02312}
  t=  14.25  cb_failure         L29-CB3 {'rot': 0.02285}
  t=  14.25  cb_failure         L30-CB3 {'rot': 0.02236}
  t=  14.25  cb_yield           L31-CB2 {'rot': 0.00777}
  t=  14.25  cb_failure         L31-CB3 {'rot': 0.0219}
  t=  14.25  cb_yield           L32-CB2 {'rot': 0.00692}
  t=  14.25  cb_failure         L32-CB3 {'rot': 0.02065}
  t=  14.25  cb_yield           L33-CB2 {'rot': 0.00653}
  t=  14.38  cb_failure         L33-CB1 {'rot': 0.02104}
  t=  15.00  cb_failure         L7-CB3 {'rot': 0.02081}
  t=  15.13  wall_axial_failure S1-F {'gamma': 0.00049, 'eps': -0.00999, 'cause': 'crushing'}
  t=  15.13  cb_failure         L1-CB3 {'rot': 0.02476}
  t=  15.13  cb_failure         L2-CB3 {'rot': 0.02738}
  t=  15.13  cb_failure         L3-CB1 {'rot': 0.02232}
  t=  15.13  cb_failure         L3-CB3 {'rot': 0.0291}
  t=  15.13  cb_failure         L4-CB1 {'rot': 0.02417}
  t=  15.13  cb_failure         L4-CB3 {'rot': 0.0301}
  t=  15.13  cb_failure         L5-CB1 {'rot': 0.02487}
  t=  15.13  cb_failure         L5-CB3 {'rot': 0.03033}
  t=  15.13  cb_failure         L6-CB1 {'rot': 0.02476}
  t=  15.13  cb_failure         L6-CB3 {'rot': 0.02994}
  t=  15.13  cb_failure         L7-CB1 {'rot': 0.02408}
  t=  15.13  cb_failure         L8-CB1 {'rot': 0.0229}
  t=  15.13  cb_failure         L8-CB3 {'rot': 0.02767}
  t=  15.13  cb_failure         L9-CB1 {'rot': 0.0213}
  t=  15.13  cb_failure         L9-CB3 {'rot': 0.02593}
  t=  15.13  cb_failure         L10-CB3 {'rot': 0.0239}
  t= 15.200  solver fallback: Newton
  t=  15.25  cb_failure         L1-CB1 {'rot': 0.04486}
  t=  15.25  cb_failure         L2-CB1 {'rot': 0.04905}
  t=  15.25  cb_failure         L10-CB1 {'rot': 0.04622}
  t=  15.25  cb_failure         L11-CB1 {'rot': 0.04464}
  t=  15.25  cb_failure         L12-CB1 {'rot': 0.04246}
  t=  15.25  cb_failure         L13-CB1 {'rot': 0.03986}
  t=  15.25  cb_failure         L14-CB1 {'rot': 0.03737}
  t=  15.25  cb_failure         L15-CB1 {'rot': 0.03491}
  t=  15.25  cb_failure         L22-CB1 {'rot': 0.0237}
  t=  15.25  cb_failure         L23-CB1 {'rot': 0.02327}
  t=  15.25  cb_failure         L24-CB1 {'rot': 0.02304}
  t=  15.25  cb_failure         L25-CB1 {'rot': 0.02301}
  t=  15.25  cb_failure         L27-CB1 {'rot': 0.02346}
  t=  15.25  cb_failure         L29-CB1 {'rot': 0.02412}
  t=  15.25  cb_failure         L30-CB1 {'rot': 0.02456}
  t=  15.25  cb_failure         L31-CB1 {'rot': 0.02492}
  t=  15.25  cb_failure         L32-CB1 {'rot': 0.02518}
  t=  15.25  cb_failure         L33-CB3 {'rot': 0.02415}
  t= 15.250  solver fallback: Newton
  t=  16.13  cb_failure         L23-CB2 {'rot': 0.02276}
  t=  16.13  cb_failure         L24-CB2 {'rot': 0.02234}
  t=  16.13  cb_failure         L25-CB2 {'rot': 0.02175}
  t=  16.13  cb_failure         L26-CB2 {'rot': 0.02096}
  t= 16.300  solver fallback: Newton
  t=  16.63  cb_failure         L4-CB2 {'rot': 0.0203}
  t=  16.63  cb_failure         L5-CB2 {'rot': 0.02181}
  t=  16.63  cb_failure         L6-CB2 {'rot': 0.0226}
  t=  16.63  cb_failure         L7-CB2 {'rot': 0.02286}
  t=  16.63  cb_failure         L8-CB2 {'rot': 0.02272}
  t=  16.63  cb_failure         L9-CB2 {'rot': 0.02221}
  t=  16.63  cb_failure         L10-CB2 {'rot': 0.02141}
  t=  16.63  cb_failure         L11-CB2 {'rot': 0.02039}
  t=  16.75  cb_failure         L12-CB2 {'rot': 0.02084}
  progress t=  20.0s  max corner drift so far=0.0092  wall clock=233s
  t=  21.50  cb_failure         L3-CB2 {'rot': 0.02172}
  t=  21.75  cb_failure         L2-CB2 {'rot': 0.02035}
  t=  22.12  cb_failure         L9-CB0 {'rot': 0.02021}
  t=  22.12  cb_failure         L10-CB0 {'rot': 0.02065}
  t=  22.12  cb_failure         L11-CB0 {'rot': 0.02091}
  t=  22.12  cb_failure         L12-CB0 {'rot': 0.02107}
  t=  22.12  cb_failure         L13-CB0 {'rot': 0.02111}
  t=  22.12  cb_failure         L14-CB0 {'rot': 0.021}
  t=  22.12  cb_failure         L15-CB0 {'rot': 0.02082}
  t=  22.12  cb_failure         L16-CB0 {'rot': 0.0206}
  t=  22.12  cb_failure         L25-CB0 {'rot': 0.02105}
  t=  22.25  cb_failure         L17-CB0 {'rot': 0.02278}
  t=  22.25  cb_failure         L18-CB0 {'rot': 0.02223}
  t=  22.25  cb_failure         L19-CB0 {'rot': 0.02154}
  t=  22.25  cb_failure         L20-CB0 {'rot': 0.0208}
  t=  22.37  cb_failure         L21-CB0 {'rot': 0.02161}
  t=  22.37  cb_failure         L22-CB0 {'rot': 0.0207}
  t=  22.50  cb_failure         L23-CB0 {'rot': 0.02086}
  t=  22.50  cb_failure         L27-CB2 {'rot': 0.02169}
  t=  22.62  cb_failure         L28-CB2 {'rot': 0.0212}
  t=  22.75  cb_failure         L30-CB2 {'rot': 0.02118}
  t=  22.75  cb_failure         L31-CB2 {'rot': 0.02125}
  t=  22.75  cb_failure         L33-CB2 {'rot': 0.02081}
  t=  24.50  cb_failure         L5-CB0 {'rot': 0.02013}
  t=  24.50  cb_failure         L6-CB0 {'rot': 0.02034}
  t=  24.50  cb_failure         L7-CB0 {'rot': 0.02004}
  t=  24.62  cb_failure         L4-CB0 {'rot': 0.02207}
  t=  24.62  cb_failure         L8-CB0 {'rot': 0.02446}
  t=  24.75  cb_failure         L3-CB0 {'rot': 0.02011}
