  t=   8.75  cb_yield           L16-CB3 {'rot': 0.00499}
  t=   8.88  cb_yield           L15-CB3 {'rot': 0.00494}
  progress t=  10.0s  max corner drift so far=0.0016  wall clock=82s
  t=  10.50  cb_yield           L5-CB2 {'rot': 0.00494}
  t=  10.50  cb_yield           L6-CB2 {'rot': 0.00492}
  t=  10.63  cb_yield           L4-CB2 {'rot': 0.005}
  t=  10.63  cb_yield           L7-CB2 {'rot': 0.00498}
  t=  10.88  cb_yield           L5-CB0 {'rot': 0.00496}
  t=  10.88  cb_yield           L6-CB0 {'rot': 0.00494}
  t=  11.13  cb_yield           L7-CB0 {'rot': 0.00492}
  t=  11.13  cb_yield           L7-CB1 {'rot': 0.00493}
  t=  11.13  cb_yield           L8-CB0 {'rot': 0.005}
  t=  11.13  cb_yield           L8-CB1 {'rot': 0.00503}
  t=  11.13  cb_yield           L9-CB0 {'rot': 0.00505}
  t=  11.13  cb_yield           L9-CB1 {'rot': 0.00507}
  t=  11.13  cb_yield           L10-CB0 {'rot': 0.00506}
  t=  11.13  cb_yield           L10-CB1 {'rot': 0.00507}
  t=  11.13  cb_yield           L11-CB0 {'rot': 0.00504}
  t=  11.13  cb_yield           L11-CB1 {'rot': 0.00505}
  t=  11.13  cb_yield           L12-CB0 {'rot': 0.00504}
  t=  11.13  cb_yield           L12-CB1 {'rot': 0.00503}
  t=  11.13  cb_yield           L13-CB0 {'rot': 0.00503}
  t=  11.13  cb_yield           L13-CB1 {'rot': 0.00502}
  t=  11.13  cb_yield           L14-CB0 {'rot': 0.005}
  t=  11.13  cb_yield           L14-CB1 {'rot': 0.00498}
  t=  11.13  cb_yield           L15-CB0 {'rot': 0.00498}
  t=  11.13  cb_yield           L15-CB1 {'rot': 0.00495}
  t=  11.13  cb_yield           L16-CB0 {'rot': 0.00496}
  t=  11.13  cb_yield           L16-CB1 {'rot': 0.00493}
  t=  11.25  cb_yield           L17-CB0 {'rot': 0.00685}
  t=  11.25  cb_yield           L17-CB1 {'rot': 0.00689}
  t=  11.25  cb_yield           L18-CB0 {'rot': 0.00688}
  t=  11.25  cb_yield           L18-CB1 {'rot': 0.00691}
  t=  11.25  cb_yield           L19-CB0 {'rot': 0.00683}
  t=  11.25  cb_yield           L19-CB1 {'rot': 0.00685}
  t=  11.25  cb_yield           L20-CB0 {'rot': 0.00671}
  t=  11.25  cb_yield           L20-CB1 {'rot': 0.00672}
  t=  11.25  cb_yield           L21-CB0 {'rot': 0.00651}
  t=  11.25  cb_yield           L21-CB1 {'rot': 0.00651}
  t=  11.25  cb_yield           L22-CB0 {'rot': 0.0062}
  t=  11.25  cb_yield           L22-CB1 {'rot': 0.00619}
  t=  11.25  cb_yield           L23-CB0 {'rot': 0.00581}
  t=  11.25  cb_yield           L23-CB1 {'rot': 0.00579}
  t=  12.75  cb_yield           L6-CB1 {'rot': 0.00496}
  t=  12.88  cb_yield           L4-CB0 {'rot': 0.0052}
  t=  12.88  cb_yield           L4-CB1 {'rot': 0.00525}
  t=  12.88  cb_yield           L5-CB1 {'rot': 0.00569}
  t=  13.00  cb_yield           L3-CB0 {'rot': 0.00516}
  t=  13.00  cb_yield           L3-CB1 {'rot': 0.00531}
  t=  13.13  cb_yield           L5-CB3 {'rot': 0.00494}
  t=  13.13  cb_yield           L6-CB3 {'rot': 0.00505}
  t=  13.13  cb_yield           L7-CB3 {'rot': 0.00505}
  t=  13.13  cb_yield           L8-CB3 {'rot': 0.00499}
  t=  13.25  cb_yield           L4-CB3 {'rot': 0.00524}
  t=  13.25  cb_yield           L8-CB2 {'rot': 0.00557}
  t=  13.25  cb_yield           L9-CB2 {'rot': 0.00543}
  t=  13.25  cb_yield           L9-CB3 {'rot': 0.00616}
  t=  13.25  cb_yield           L10-CB2 {'rot': 0.00521}
  t=  13.25  cb_yield           L10-CB3 {'rot': 0.00599}
  t=  13.25  cb_yield           L11-CB2 {'rot': 0.00493}
  t=  13.25  cb_yield           L11-CB3 {'rot': 0.00577}
  t=  13.25  cb_yield           L12-CB3 {'rot': 0.0055}
  t=  13.25  cb_yield           L13-CB3 {'rot': 0.0052}
  t=  13.38  cb_yield           L3-CB3 {'rot': 0.00495}
  t=  13.38  cb_yield           L12-CB2 {'rot': 0.00517}
  t=  13.38  cb_yield           L14-CB3 {'rot': 0.00538}
  t=  18.38  cb_yield           L17-CB3 {'rot': 0.00545}
  t=  18.38  cb_yield           L18-CB3 {'rot': 0.00554}
  t=  18.38  cb_yield           L19-CB3 {'rot': 0.0056}
  t=  18.38  cb_yield           L20-CB3 {'rot': 0.00567}
  t=  18.38  cb_yield           L21-CB3 {'rot': 0.00571}
  t=  18.38  cb_yield           L22-CB3 {'rot': 0.00572}
  t=  18.38  cb_yield           L23-CB3 {'rot': 0.00569}
  t=  18.38  cb_yield           L24-CB3 {'rot': 0.00562}
  t=  18.38  cb_yield           L25-CB3 {'rot': 0.0055}
  t=  18.50  cb_yield           L13-CB2 {'rot': 0.00501}
  t=  18.50  cb_yield           L14-CB2 {'rot': 0.00497}
  t=  18.50  cb_yield           L15-CB2 {'rot': 0.00497}
  t=  18.50  cb_yield           L16-CB2 {'rot': 0.00499}
  t=  18.63  cb_yield           L17-CB2 {'rot': 0.00584}
  t=  18.63  cb_yield           L18-CB2 {'rot': 0.0055}
  t=  18.87  cb_yield           L19-CB2 {'rot': 0.0056}
  t=  19.00  cb_yield           L2-CB3 {'rot': 0.00495}
  t=  19.00  cb_yield           L3-CB2 {'rot': 0.0057}
  t=  19.12  cb_yield           L2-CB2 {'rot': 0.00509}
  t=  19.87  cb_yield           L24-CB1 {'rot': 0.0065}
  t=  19.87  cb_yield           L25-CB1 {'rot': 0.00617}
  t=  19.87  cb_yield           L26-CB1 {'rot': 0.00577}
  t=  20.00  cb_yield           L27-CB1 {'rot': 0.00558}
  progress t=  20.0s  max corner drift so far=0.0034  wall clock=166s
  t=  20.37  cb_yield           L2-CB1 {'rot': 0.00495}
  t=  20.75  cb_yield           L24-CB0 {'rot': 0.00556}
  t=  20.75  cb_yield           L28-CB1 {'rot': 0.00557}
  t=  20.87  cb_yield           L25-CB0 {'rot': 0.00616}
  t=  20.87  cb_yield           L26-CB0 {'rot': 0.00586}
  t=  20.87  cb_yield           L27-CB0 {'rot': 0.00554}
  t=  20.87  cb_yield           L29-CB1 {'rot': 0.00622}
  t=  20.87  cb_yield           L30-CB1 {'rot': 0.00588}
  t=  20.87  cb_yield           L31-CB1 {'rot': 0.00557}
  t=  22.25  cb_yield           L2-CB0 {'rot': 0.00628}
  t=  22.37  cb_yield           L1-CB0 {'rot': 0.0051}
  t=  22.37  cb_yield           L1-CB1 {'rot': 0.00521}
  t=  25.12  cb_yield           L20-CB2 {'rot': 0.00575}
  t=  25.25  cb_yield           L21-CB2 {'rot': 0.00577}
  t=  25.25  cb_yield           L26-CB3 {'rot': 0.00613}
  t=  25.25  cb_yield           L27-CB3 {'rot': 0.00554}
  t=  25.37  cb_yield           L22-CB2 {'rot': 0.00558}
  t=  25.37  cb_yield           L28-CB3 {'rot': 0.00589}
  t=  25.37  cb_yield           L32-CB1 {'rot': 0.00556}
  t=  25.50  cb_yield           L29-CB3 {'rot': 0.00556}
  t=  27.37  cb_yield           L28-CB0 {'rot': 0.00659}
  t=  27.37  cb_yield           L29-CB0 {'rot': 0.00605}
  t=  27.50  cb_yield           L30-CB0 {'rot': 0.00638}
  t=  27.50  cb_yield           L31-CB0 {'rot': 0.00553}
  t=  28.25  cb_yield           L1-CB2 {'rot': 0.00493}
  t=  28.25  cb_yield           L33-CB1 {'rot': 0.00612}
  t=  29.75  cb_yield           L23-CB2 {'rot': 0.00628}
  t=  29.75  cb_yield           L24-CB2 {'rot': 0.00589}
  t=  29.75  cb_yield           L25-CB2 {'rot': 0.00544}
  t=  29.75  cb_yield           L30-CB3 {'rot': 0.00545}
  t=  29.87  cb_yield           L26-CB2 {'rot': 0.00595}
  t=  29.87  cb_yield           L31-CB3 {'rot': 0.00586}
  t=  30.00  cb_yield           L27-CB2 {'rot': 0.0055}
  t=  30.00  cb_yield           L32-CB3 {'rot': 0.00609}
  t=  30.00  cb_yield           L33-CB3 {'rot': 0.00586}
  progress t=  30.0s  max corner drift so far=0.0052  wall clock=251s
  t=  31.12  cb_yield           L32-CB0 {'rot': 0.00581}
  t=  31.12  cb_yield           L33-CB0 {'rot': 0.00551}
  t=  32.75  cb_yield           L28-CB2 {'rot': 0.00646}
  t=  32.75  cb_yield           L29-CB2 {'rot': 0.00583}
  t=  32.87  cb_yield           L30-CB2 {'rot': 0.00614}
  t=  33.00  cb_yield           L31-CB2 {'rot': 0.00564}
  t=  39.87  cb_failure         L18-CB3 {'rot': 0.01965}
  progress t=  40.0s  max corner drift so far=0.0052  wall clock=334s
  t=  40.12  cb_failure         L13-CB3 {'rot': 0.01928}
  t=  40.12  cb_failure         L14-CB3 {'rot': 0.01946}
  t=  40.12  cb_failure         L15-CB3 {'rot': 0.01951}
  t=  40.12  cb_failure         L16-CB3 {'rot': 0.01942}
  t=  40.25  cb_failure         L12-CB3 {'rot': 0.01956}
  t=  40.25  cb_failure         L17-CB3 {'rot': 0.02015}
  t=  40.37  cb_yield           L1-CB3 {'rot': 0.00535}
  t=  40.37  cb_failure         L11-CB3 {'rot': 0.01924}
  t=  40.50  cb_failure         L10-CB3 {'rot': 0.01892}
  t=  49.00  cb_failure         L19-CB3 {'rot': 0.02045}
  t=  49.00  cb_failure         L20-CB3 {'rot': 0.02041}
  t=  49.00  cb_failure         L21-CB3 {'rot': 0.02023}
  t=  49.00  cb_failure         L22-CB3 {'rot': 0.0199}
  t=  49.00  cb_failure         L23-CB3 {'rot': 0.01944}
  t=  49.00  cb_failure         L24-CB3 {'rot': 0.01958}
  t=  49.00  cb_failure         L26-CB3 {'rot': 0.01963}
  t=  49.12  cb_failure         L24-CB1 {'rot': 0.01969}
  t=  49.12  cb_failure         L25-CB3 {'rot': 0.02216}
  t=  49.12  cb_failure         L27-CB3 {'rot': 0.02031}
  t=  49.12  cb_failure         L31-CB3 {'rot': 0.01978}
  t=  49.25  cb_failure         L16-CB1 {'rot': 0.01927}
  t=  49.25  cb_failure         L17-CB1 {'rot': 0.02003}
  t=  49.25  cb_failure         L18-CB1 {'rot': 0.02067}
  t=  49.25  cb_failure         L19-CB1 {'rot': 0.02119}
  t=  49.25  cb_failure         L20-CB1 {'rot': 0.02163}
  t=  49.25  cb_failure         L21-CB1 {'rot': 0.02192}
  t=  49.25  cb_failure         L22-CB1 {'rot': 0.02202}
  t=  49.25  cb_failure         L23-CB1 {'rot': 0.02193}
  t=  49.25  cb_failure         L25-CB1 {'rot': 0.02113}
  t=  49.25  cb_failure         L26-CB1 {'rot': 0.02046}
  t=  49.25  cb_failure         L27-CB1 {'rot': 0.01962}
  t=  49.25  cb_failure         L28-CB3 {'rot': 0.0228}
  t=  49.25  cb_failure         L29-CB3 {'rot': 0.02168}
  t=  49.25  cb_failure         L30-CB1 {'rot': 0.01968}
  t=  49.25  cb_failure         L30-CB3 {'rot': 0.02046}
  t=  49.25  cb_failure         L31-CB1 {'rot': 0.01971}
  t=  49.25  cb_failure         L32-CB1 {'rot': 0.01975}
  t=  49.25  cb_failure         L33-CB1 {'rot': 0.01978}
  t=  49.37  cb_failure         L28-CB1 {'rot': 0.02016}
  t=  49.37  cb_failure         L29-CB1 {'rot': 0.01962}
  t=  49.37  cb_failure         L32-CB3 {'rot': 0.02001}
  t=  49.37  cb_failure         L33-CB3 {'rot': 0.01974}
  progress t=  50.0s  max corner drift so far=0.0054  wall clock=416s
  t=  55.87  cb_yield           L32-CB2 {'rot': 0.00669}
  t=  55.87  cb_yield           L33-CB2 {'rot': 0.00647}
  t=  59.00  cb_failure         L9-CB3 {'rot': 0.01944}
  t=  59.00  cb_failure         L10-CB1 {'rot': 0.01893}
  t=  59.00  cb_failure         L11-CB1 {'rot': 0.01971}
  t=  59.00  cb_failure         L12-CB1 {'rot': 0.02041}
  t=  59.00  cb_failure         L13-CB1 {'rot': 0.02096}
  t=  59.00  cb_failure         L14-CB1 {'rot': 0.02127}
  t=  59.00  cb_failure         L15-CB1 {'rot': 0.02141}
  t=  59.12  cb_failure         L7-CB3 {'rot': 0.0193}
  t=  59.12  cb_failure         L8-CB3 {'rot': 0.02079}
  t=  59.12  cb_failure         L9-CB1 {'rot': 0.01993}
  t=  59.12  cb_failure         L12-CB2 {'rot': 0.01896}
  t=  59.12  cb_failure         L13-CB2 {'rot': 0.01946}
  t=  59.12  cb_failure         L14-CB2 {'rot': 0.01974}
  t=  59.12  cb_failure         L15-CB2 {'rot': 0.01981}
  t=  59.12  cb_failure         L16-CB2 {'rot': 0.01968}
  t=  59.12  cb_failure         L17-CB2 {'rot': 0.01952}
  t=  59.25  cb_failure         L6-CB3 {'rot': 0.02101}
  t=  59.25  cb_failure         L7-CB1 {'rot': 0.02007}
  t=  59.25  cb_failure         L8-CB1 {'rot': 0.02132}
  t=  59.25  cb_failure         L8-CB2 {'rot': 0.01904}
  t=  59.25  cb_failure         L9-CB2 {'rot': 0.01981}
  t=  59.25  cb_failure         L10-CB2 {'rot': 0.02036}
  t=  59.25  cb_failure         L11-CB2 {'rot': 0.02071}
  t=  59.37  cb_failure         L5-CB3 {'rot': 0.02146}
  t=  59.37  cb_failure         L6-CB1 {'rot': 0.01994}
  t=  59.37  cb_failure         L6-CB2 {'rot': 0.01932}
  t=  59.37  cb_failure         L7-CB2 {'rot': 0.0206}
  t=  59.50  cb_failure         L4-CB3 {'rot': 0.02014}
  t=  59.50  cb_failure         L5-CB2 {'rot': 0.01893}
  t=  59.62  cb_failure         L18-CB2 {'rot': 0.0196}
  t=  59.75  cb_failure         L19-CB2 {'rot': 0.01956}
  progress t=  60.0s  max corner drift so far=0.0065  wall clock=498s
  t=  65.00  cb_failure         L5-CB1 {'rot': 0.01904}
  t=  65.00  cb_failure         L11-CB0 {'rot': 0.01892}
  t=  65.00  cb_failure         L12-CB0 {'rot': 0.01904}
  t=  65.00  cb_failure         L13-CB0 {'rot': 0.01905}
  t=  65.00  cb_failure         L20-CB0 {'rot': 0.01974}
  t=  65.00  cb_failure         L20-CB2 {'rot': 0.02125}
  t=  65.00  cb_failure         L21-CB2 {'rot': 0.02043}
  t=  65.00  cb_failure         L22-CB2 {'rot': 0.01945}
  t=  65.12  cb_failure         L8-CB0 {'rot': 0.01918}
  t=  65.12  cb_failure         L9-CB0 {'rot': 0.01996}
  t=  65.12  cb_failure         L10-CB0 {'rot': 0.02054}
  t=  65.12  cb_failure         L14-CB0 {'rot': 0.02134}
  t=  65.12  cb_failure         L15-CB0 {'rot': 0.02113}
  t=  65.12  cb_failure         L16-CB0 {'rot': 0.02078}
  t=  65.12  cb_failure         L17-CB0 {'rot': 0.02018}
  t=  65.12  cb_failure         L18-CB0 {'rot': 0.01944}
  t=  65.25  cb_failure         L19-CB0 {'rot': 0.0202}
  t=  65.25  cb_failure         L23-CB0 {'rot': 0.01977}
  t=  65.37  cb_failure         L7-CB0 {'rot': 0.01974}
  t=  65.50  cb_failure         L4-CB1 {'rot': 0.01985}
  t=  65.50  cb_failure         L6-CB0 {'rot': 0.01985}
  t=  65.62  cb_failure         L3-CB3 {'rot': 0.01928}
  t=  65.62  cb_failure         L4-CB2 {'rot': 0.01945}
  t=  65.62  cb_failure         L5-CB0 {'rot': 0.01977}
  progress t=  70.0s  max corner drift so far=0.0065  wall clock=580s
  progress t=  80.0s  max corner drift so far=0.0065  wall clock=661s
  progress t=  90.0s  max corner drift so far=0.0065  wall clock=742s
  progress t= 100.0s  max corner drift so far=0.0065  wall clock=822s
