  t=   4.25  cb_yield           L4-CB0 {'rot': 0.00503}
  t=   4.25  cb_yield           L5-CB0 {'rot': 0.00526}
  t=   4.25  cb_yield           L5-CB1 {'rot': 0.00513}
  t=   4.25  cb_yield           L6-CB0 {'rot': 0.00531}
  t=   4.25  cb_yield           L6-CB1 {'rot': 0.00515}
  t=   4.25  cb_yield           L7-CB0 {'rot': 0.00521}
  t=   4.25  cb_yield           L7-CB1 {'rot': 0.00503}
  t=   4.25  cb_yield           L8-CB0 {'rot': 0.00499}
  t=   8.50  cb_yield           L15-CB3 {'rot': 0.00491}
  t=   8.50  cb_yield           L16-CB3 {'rot': 0.005}
  t=   8.63  cb_yield           L10-CB3 {'rot': 0.0052}
  t=   8.63  cb_yield           L11-CB3 {'rot': 0.00548}
  t=   8.63  cb_yield           L12-CB3 {'rot': 0.00574}
  t=   8.63  cb_yield           L13-CB3 {'rot': 0.00596}
  t=   8.63  cb_yield           L14-CB3 {'rot': 0.00613}
  t=   8.63  cb_yield           L17-CB3 {'rot': 0.0064}
  t=   8.63  cb_yield           L18-CB3 {'rot': 0.00642}
  t=   8.63  cb_yield           L19-CB3 {'rot': 0.00641}
  t=   8.63  cb_yield           L20-CB3 {'rot': 0.00638}
  t=   8.63  cb_yield           L21-CB3 {'rot': 0.00632}
  t=   8.63  cb_yield           L22-CB3 {'rot': 0.00623}
  t=   8.63  cb_yield           L23-CB3 {'rot': 0.00612}
  t=   8.63  cb_yield           L24-CB3 {'rot': 0.00598}
  t=   8.63  cb_yield           L25-CB3 {'rot': 0.0058}
  t=   8.63  cb_yield           L26-CB3 {'rot': 0.0056}
  t=   8.75  cb_yield           L9-CB3 {'rot': 0.00524}
  t=   8.75  cb_yield           L12-CB2 {'rot': 0.00508}
  t=   8.75  cb_yield           L13-CB2 {'rot': 0.00529}
  t=   8.75  cb_yield           L14-CB2 {'rot': 0.00547}
  t=   8.75  cb_yield           L15-CB2 {'rot': 0.00562}
  t=   8.75  cb_yield           L16-CB2 {'rot': 0.00572}
  t=   8.75  cb_yield           L17-CB2 {'rot': 0.00577}
  t=   8.75  cb_yield           L18-CB2 {'rot': 0.00575}
  t=   8.75  cb_yield           L19-CB2 {'rot': 0.00566}
  t=   8.75  cb_yield           L20-CB2 {'rot': 0.0055}
  t=   8.88  cb_yield           L11-CB2 {'rot': 0.00511}
  progress t=  10.0s  max corner drift so far=0.0023  wall clock=107s
  t=  10.38  cb_yield           L2-CB2 {'rot': 0.00578}
  t=  10.38  cb_yield           L2-CB3 {'rot': 0.00558}
  t=  10.38  cb_yield           L3-CB2 {'rot': 0.0066}
  t=  10.38  cb_yield           L3-CB3 {'rot': 0.00635}
  t=  10.38  cb_yield           L4-CB2 {'rot': 0.00688}
  t=  10.38  cb_yield           L4-CB3 {'rot': 0.00661}
  t=  10.38  cb_yield           L5-CB2 {'rot': 0.00675}
  t=  10.38  cb_yield           L5-CB3 {'rot': 0.00645}
  t=  10.38  cb_yield           L6-CB2 {'rot': 0.00633}
  t=  10.38  cb_yield           L6-CB3 {'rot': 0.00602}
  t=  10.38  cb_yield           L7-CB2 {'rot': 0.00573}
  t=  10.38  cb_yield           L7-CB3 {'rot': 0.00541}
  t=  10.38  cb_yield           L8-CB2 {'rot': 0.00505}
  t=  10.50  cb_yield           L8-CB3 {'rot': 0.00635}
  t=  10.50  cb_yield           L9-CB2 {'rot': 0.0061}
  t=  10.50  cb_yield           L10-CB2 {'rot': 0.00538}
  t=  10.50  cb_yield           L21-CB1 {'rot': 0.00572}
  t=  10.50  cb_yield           L22-CB1 {'rot': 0.00592}
  t=  10.50  cb_yield           L23-CB1 {'rot': 0.00602}
  t=  10.50  cb_yield           L24-CB1 {'rot': 0.00605}
  t=  10.50  cb_yield           L25-CB1 {'rot': 0.006}
  t=  10.50  cb_yield           L26-CB1 {'rot': 0.00589}
  t=  10.50  cb_yield           L27-CB1 {'rot': 0.00573}
  t=  10.50  cb_yield           L28-CB1 {'rot': 0.00554}
  t=  10.63  cb_yield           L2-CB1 {'rot': 0.00525}
  t=  10.63  cb_yield           L3-CB0 {'rot': 0.00546}
  t=  10.63  cb_yield           L3-CB1 {'rot': 0.00594}
  t=  10.63  cb_yield           L4-CB1 {'rot': 0.00623}
  t=  10.75  cb_yield           L2-CB0 {'rot': 0.00602}
  t=  10.75  cb_yield           L8-CB1 {'rot': 0.00656}
  t=  10.75  cb_yield           L9-CB0 {'rot': 0.00586}
  t=  10.75  cb_yield           L9-CB1 {'rot': 0.00592}
  t=  10.75  cb_yield           L10-CB0 {'rot': 0.00521}
  t=  10.75  cb_yield           L10-CB1 {'rot': 0.00523}
  t=  10.88  cb_yield           L11-CB0 {'rot': 0.0061}
  t=  10.88  cb_yield           L11-CB1 {'rot': 0.00604}
  t=  10.88  cb_yield           L12-CB0 {'rot': 0.0055}
  t=  10.88  cb_yield           L12-CB1 {'rot': 0.00541}
  t=  10.88  cb_yield           L13-CB0 {'rot': 0.00491}
  t=  11.00  cb_yield           L13-CB1 {'rot': 0.00694}
  t=  11.00  cb_yield           L14-CB0 {'rot': 0.00643}
  t=  11.00  cb_yield           L14-CB1 {'rot': 0.0065}
  t=  11.00  cb_yield           L15-CB0 {'rot': 0.00602}
  t=  11.00  cb_yield           L15-CB1 {'rot': 0.00608}
  t=  11.00  cb_yield           L16-CB0 {'rot': 0.00565}
  t=  11.00  cb_yield           L16-CB1 {'rot': 0.00569}
  t=  11.13  cb_yield           L17-CB0 {'rot': 0.00781}
  t=  11.13  cb_yield           L17-CB1 {'rot': 0.00835}
  t=  11.13  cb_yield           L18-CB0 {'rot': 0.00764}
  t=  11.13  cb_yield           L18-CB1 {'rot': 0.00815}
  t=  11.13  cb_yield           L19-CB0 {'rot': 0.00746}
  t=  11.13  cb_yield           L19-CB1 {'rot': 0.00795}
  t=  11.13  cb_yield           L20-CB0 {'rot': 0.00732}
  t=  11.13  cb_yield           L20-CB1 {'rot': 0.00778}
  t=  11.13  cb_yield           L21-CB0 {'rot': 0.00716}
  t=  11.13  cb_yield           L22-CB0 {'rot': 0.00697}
  t=  11.13  cb_yield           L23-CB0 {'rot': 0.00673}
  t=  11.13  cb_yield           L24-CB0 {'rot': 0.00644}
  t=  11.13  cb_yield           L25-CB0 {'rot': 0.00608}
  t=  11.13  cb_yield           L26-CB0 {'rot': 0.00566}
  t=  11.25  cb_yield           L27-CB0 {'rot': 0.00553}
  t=  12.50  cb_yield           L29-CB1 {'rot': 0.00557}
  t=  12.88  cb_yield           L27-CB3 {'rot': 0.0061}
  t=  12.88  cb_yield           L28-CB3 {'rot': 0.00567}
  t=  13.75  cb_yield           L1-CB2 {'rot': 0.00543}
  t=  13.75  cb_yield           L1-CB3 {'rot': 0.00527}
  t=  13.88  cb_yield           L29-CB3 {'rot': 0.00577}
  t=  14.00  cb_yield           L30-CB3 {'rot': 0.0069}
  t=  14.00  cb_yield           L31-CB3 {'rot': 0.00647}
  t=  14.00  cb_yield           L32-CB3 {'rot': 0.00609}
  t=  14.00  cb_yield           L33-CB3 {'rot': 0.00584}
  t=  14.13  cb_yield           L21-CB2 {'rot': 0.00575}
  t=  14.13  cb_yield           L22-CB2 {'rot': 0.00553}
  t=  15.38  cb_yield           L30-CB1 {'rot': 0.00547}
  t=  16.88  cb_yield           L1-CB0 {'rot': 0.00503}
  t=  16.88  cb_yield           L1-CB1 {'rot': 0.00498}
  t=  18.50  cb_yield           L23-CB2 {'rot': 0.00565}
  t=  19.75  cb_failure         L18-CB1 {'rot': 0.01979}
  t=  19.75  cb_yield           L31-CB1 {'rot': 0.00659}
  t=  19.75  cb_yield           L32-CB1 {'rot': 0.00627}
  t=  19.75  cb_yield           L33-CB1 {'rot': 0.00603}
  t=  20.00  cb_failure         L8-CB1 {'rot': 0.01897}
  t=  20.00  cb_failure         L9-CB1 {'rot': 0.01928}
  t=  20.00  cb_failure         L10-CB1 {'rot': 0.01946}
  t=  20.00  cb_failure         L11-CB1 {'rot': 0.01955}
  t=  20.00  cb_failure         L12-CB1 {'rot': 0.01961}
  t=  20.00  cb_failure         L13-CB1 {'rot': 0.0196}
  t=  20.00  cb_failure         L14-CB1 {'rot': 0.01951}
  t=  20.00  cb_failure         L15-CB1 {'rot': 0.01937}
  t=  20.00  cb_failure         L16-CB1 {'rot': 0.01919}
  progress t=  20.0s  max corner drift so far=0.0060  wall clock=219s
  t=  20.12  cb_failure         L6-CB1 {'rot': 0.01912}
  t=  20.12  cb_failure         L7-CB1 {'rot': 0.01986}
  t=  20.12  cb_failure         L17-CB1 {'rot': 0.01996}
  t=  20.12  cb_failure         L26-CB1 {'rot': 0.0195}
  t=  20.12  cb_yield           L28-CB0 {'rot': 0.00566}
  t=  20.25  cb_failure         L5-CB1 {'rot': 0.01928}
  t=  20.37  cb_failure         L7-CB0 {'rot': 0.01957}
  t=  20.37  cb_failure         L8-CB0 {'rot': 0.02013}
  t=  20.37  cb_failure         L9-CB0 {'rot': 0.02035}
  t=  20.37  cb_failure         L10-CB0 {'rot': 0.02031}
  t=  20.37  cb_failure         L11-CB0 {'rot': 0.02005}
  t=  20.37  cb_failure         L12-CB0 {'rot': 0.01963}
  t=  20.37  cb_failure         L13-CB0 {'rot': 0.01903}
  t=  20.37  cb_failure         L19-CB1 {'rot': 0.01982}
  t=  20.50  cb_failure         L14-CB0 {'rot': 0.02028}
  t=  20.50  cb_failure         L15-CB0 {'rot': 0.01951}
  t=  20.50  cb_failure         L20-CB1 {'rot': 0.01946}
  t=  20.62  cb_failure         L16-CB0 {'rot': 0.01923}
  t=  20.87  cb_yield           L29-CB0 {'rot': 0.00701}
  t=  20.87  cb_yield           L30-CB0 {'rot': 0.00631}
  t=  20.87  cb_yield           L31-CB0 {'rot': 0.00568}
  t=  21.00  cb_yield           L32-CB0 {'rot': 0.0063}
  t=  21.00  cb_yield           L33-CB0 {'rot': 0.00604}
  t=  22.50  cb_failure         L4-CB1 {'rot': 0.02009}
  t=  22.50  cb_failure         L5-CB0 {'rot': 0.01932}
  t=  22.50  cb_failure         L6-CB0 {'rot': 0.01969}
  t=  22.62  cb_failure         L4-CB0 {'rot': 0.01903}
  t= 22.975  solver fallback: Newton
  t= 23.000  solver fallback: Newton
  t=  23.37  cb_yield           L24-CB2 {'rot': 0.00582}
  t=  23.62  cb_yield           L25-CB2 {'rot': 0.00562}
  t=  25.00  cb_failure         L10-CB3 {'rot': 0.01898}
  t=  25.00  cb_failure         L11-CB3 {'rot': 0.01911}
  t=  25.00  cb_failure         L12-CB3 {'rot': 0.01909}
  t=  25.00  cb_failure         L13-CB3 {'rot': 0.01893}
  t=  25.00  cb_failure         L17-CB3 {'rot': 0.01972}
  t=  25.12  cb_failure         L7-CB3 {'rot': 0.01892}
  t=  25.12  cb_failure         L8-CB3 {'rot': 0.01972}
  t=  25.12  cb_failure         L9-CB3 {'rot': 0.02045}
  t=  25.12  cb_failure         L14-CB3 {'rot': 0.02127}
  t=  25.12  cb_failure         L15-CB3 {'rot': 0.02079}
  t=  25.12  cb_failure         L16-CB3 {'rot': 0.02008}
  t=  25.12  cb_failure         L19-CB3 {'rot': 0.01975}
  t=  25.12  cb_failure         L20-CB3 {'rot': 0.01979}
  t=  25.37  cb_failure         L21-CB1 {'rot': 0.01948}
  t=  25.37  cb_failure         L21-CB3 {'rot': 0.01977}
  t= 25.400  solver fallback: Newton
  t= 25.475  solver fallback: Newton
  t=  25.50  cb_failure         L18-CB3 {'rot': 0.01997}
  t=  25.50  cb_failure         L22-CB1 {'rot': 0.01984}
  t=  25.50  cb_failure         L23-CB1 {'rot': 0.01952}
  t=  25.50  cb_failure         L25-CB1 {'rot': 0.01955}
  t=  25.50  cb_failure         L25-CB3 {'rot': 0.01955}
  t=  25.50  cb_failure         L28-CB1 {'rot': 0.0198}
  t= 25.500  solver fallback: Newton
  t=  25.62  cb_failure         L22-CB3 {'rot': 0.01978}
  t=  25.62  cb_failure         L23-CB3 {'rot': 0.01968}
  t=  25.62  cb_failure         L24-CB1 {'rot': 0.0212}
  t=  25.62  cb_failure         L26-CB3 {'rot': 0.01972}
  t=  25.62  cb_failure         L27-CB1 {'rot': 0.0195}
  t=  25.62  cb_failure         L27-CB3 {'rot': 0.01972}
  t=  25.62  cb_failure         L28-CB3 {'rot': 0.01977}
  t=  25.62  cb_failure         L29-CB1 {'rot': 0.01962}
  t=  25.62  cb_failure         L29-CB3 {'rot': 0.01978}
  t=  25.62  cb_failure         L30-CB1 {'rot': 0.01977}
  t=  25.62  cb_failure         L30-CB3 {'rot': 0.0198}
  t=  25.62  cb_failure         L31-CB1 {'rot': 0.01965}
  t=  25.62  cb_failure         L32-CB1 {'rot': 0.01979}
  t=  25.62  cb_failure         L33-CB1 {'rot': 0.01963}
  t=  25.75  cb_failure         L24-CB3 {'rot': 0.01998}
  t=  25.75  cb_yield           L26-CB2 {'rot': 0.00604}
  t=  25.87  cb_failure         L5-CB3 {'rot': 0.01894}
  t=  25.87  cb_failure         L6-CB3 {'rot': 0.0199}
  t=  25.87  cb_yield           L27-CB2 {'rot': 0.00578}
  t=  25.87  cb_failure         L33-CB3 {'rot': 0.02019}
  t=  26.00  cb_failure         L3-CB1 {'rot': 0.01949}
  t=  26.12  cb_failure         L4-CB3 {'rot': 0.019}
  t=  26.25  cb_failure         L7-CB2 {'rot': 0.01919}
  t=  26.25  cb_failure         L8-CB2 {'rot': 0.01955}
  t=  26.25  cb_failure         L9-CB2 {'rot': 0.01961}
  t=  26.25  cb_failure         L10-CB2 {'rot': 0.01946}
  t=  26.25  cb_failure         L11-CB2 {'rot': 0.01915}
  t=  26.37  cb_failure         L12-CB2 {'rot': 0.01904}
  t=  26.87  cb_yield           L28-CB2 {'rot': 0.00547}
  t=  27.00  cb_yield           L29-CB2 {'rot': 0.00559}
  t=  28.37  cb_failure         L6-CB2 {'rot': 0.01909}
  t=  28.50  cb_failure         L5-CB2 {'rot': 0.01965}
  progress t=  30.0s  max corner drift so far=0.0084  wall clock=341s
  t=  30.25  cb_yield           L30-CB2 {'rot': 0.00561}
  t=  32.87  cb_yield           L31-CB2 {'rot': 0.00745}
  t=  32.87  cb_failure         L31-CB3 {'rot': 0.02272}
  t=  32.87  cb_yield           L32-CB2 {'rot': 0.00681}
  t=  32.87  cb_failure         L32-CB3 {'rot': 0.02215}
  t=  32.87  cb_yield           L33-CB2 {'rot': 0.00649}
  progress t=  40.0s  max corner drift so far=0.0084  wall clock=453s
  t=  40.37  cb_failure         L19-CB2 {'rot': 0.01974}
  t=  40.50  cb_failure         L13-CB2 {'rot': 0.01932}
  t=  40.50  cb_failure         L14-CB2 {'rot': 0.01902}
  t=  48.50  cb_failure         L3-CB3 {'rot': 0.01893}
  t=  48.62  cb_failure         L2-CB3 {'rot': 0.01897}
  t=  48.62  cb_failure         L3-CB0 {'rot': 0.01988}
  t=  48.62  cb_failure         L3-CB2 {'rot': 0.02042}
  t=  48.62  cb_failure         L4-CB2 {'rot': 0.02222}
  t=  48.75  cb_failure         L2-CB1 {'rot': 0.01952}
  t=  48.75  cb_failure         L2-CB2 {'rot': 0.01894}
  t=  49.12  cb_failure         L15-CB2 {'rot': 0.0196}
  t=  49.12  cb_failure         L16-CB2 {'rot': 0.01917}
  t=  49.12  cb_failure         L20-CB2 {'rot': 0.01971}
  t=  49.25  cb_failure         L17-CB2 {'rot': 0.02267}
  t=  49.25  cb_failure         L18-CB2 {'rot': 0.02229}
  t=  49.25  cb_failure         L21-CB2 {'rot': 0.02003}
  t=  49.37  cb_failure         L22-CB0 {'rot': 0.01971}
  t=  49.37  cb_failure         L22-CB2 {'rot': 0.02211}
  t=  49.37  cb_failure         L23-CB2 {'rot': 0.02086}
  t=  49.37  cb_failure         L24-CB2 {'rot': 0.01957}
  t=  49.50  cb_failure         L25-CB0 {'rot': 0.01973}
  t=  49.50  cb_failure         L25-CB2 {'rot': 0.02105}
  t=  49.50  cb_failure         L26-CB2 {'rot': 0.01948}
  t=  49.62  cb_failure         L20-CB0 {'rot': 0.01946}
  t=  49.62  cb_failure         L21-CB0 {'rot': 0.02015}
  t=  49.62  cb_failure         L23-CB0 {'rot': 0.02058}
  t=  49.62  cb_failure         L24-CB0 {'rot': 0.02033}
  t=  49.62  cb_failure         L26-CB0 {'rot': 0.01964}
  t=  49.62  cb_failure         L27-CB0 {'rot': 0.01968}
  t=  49.62  cb_failure         L27-CB2 {'rot': 0.0219}
  t=  49.62  cb_failure         L28-CB0 {'rot': 0.01973}
  t=  49.62  cb_failure         L28-CB2 {'rot': 0.02051}
  t=  49.62  cb_failure         L29-CB0 {'rot': 0.01976}
  t=  49.75  cb_failure         L29-CB2 {'rot': 0.02048}
  t=  49.75  cb_failure         L30-CB0 {'rot': 0.01972}
  t=  49.75  cb_failure         L33-CB2 {'rot': 0.01974}
  progress t=  50.0s  max corner drift so far=0.0084  wall clock=568s
  t=  50.75  cb_failure         L17-CB0 {'rot': 0.02069}
  t=  50.75  cb_failure         L18-CB0 {'rot': 0.02034}
  t=  50.75  cb_failure         L19-CB0 {'rot': 0.01972}
  t=  59.75  cb_failure         L30-CB2 {'rot': 0.0205}
  t=  60.00  cb_failure         L31-CB2 {'rot': 0.02004}
  t=  60.00  cb_failure         L32-CB2 {'rot': 0.01949}
  progress t=  60.0s  max corner drift so far=0.0086  wall clock=672s
  t= 62.625  solver fallback: Newton
  t= 62.800  solver fallback: Newton
  t=  63.37  cb_failure         L2-CB0 {'rot': 0.01923}
  progress t=  70.0s  max corner drift so far=0.0086  wall clock=779s
  progress t=  80.0s  max corner drift so far=0.0086  wall clock=883s
  progress t=  90.0s  max corner drift so far=0.0086  wall clock=986s
  progress t= 100.0s  max corner drift so far=0.0086  wall clock=1094s
