  t=   2.00  cb_yield           L4-CB1 {'rot': 0.0062}
  t=   2.00  cb_yield           L4-CB3 {'rot': 0.0063}
  t=   2.00  cb_yield           L5-CB0 {'rot': 0.00616}
  t=   2.00  cb_yield           L5-CB1 {'rot': 0.00661}
  t=   2.00  cb_yield           L5-CB2 {'rot': 0.00627}
  t=   2.00  cb_yield           L5-CB3 {'rot': 0.00673}
  t=   2.00  cb_yield           L6-CB0 {'rot': 0.00628}
  t=   2.00  cb_yield           L6-CB1 {'rot': 0.0068}
  t=   2.00  cb_yield           L6-CB2 {'rot': 0.00641}
  t=   2.00  cb_yield           L6-CB3 {'rot': 0.00694}
  t=   2.00  cb_yield           L7-CB0 {'rot': 0.00625}
  t=   2.00  cb_yield           L7-CB1 {'rot': 0.00683}
  t=   2.00  cb_yield           L7-CB2 {'rot': 0.00638}
  t=   2.00  cb_yield           L7-CB3 {'rot': 0.00697}
  t=   2.00  cb_yield           L8-CB0 {'rot': 0.0061}
  t=   2.00  cb_yield           L8-CB1 {'rot': 0.00672}
  t=   2.00  cb_yield           L8-CB2 {'rot': 0.00624}
  t=   2.00  cb_yield           L8-CB3 {'rot': 0.00687}
  t=   2.00  cb_yield           L9-CB1 {'rot': 0.00651}
  t=   2.00  cb_yield           L9-CB3 {'rot': 0.00667}
  t=   2.00  cb_yield           L10-CB1 {'rot': 0.00624}
  t=   2.00  cb_yield           L10-CB3 {'rot': 0.0064}
  t=   2.12  cb_yield           L9-CB0 {'rot': 0.00662}
  t=   2.12  cb_yield           L9-CB2 {'rot': 0.00674}
  t=   2.12  cb_yield           L10-CB0 {'rot': 0.0064}
  t=   2.12  cb_yield           L10-CB2 {'rot': 0.00654}
  t=   2.12  cb_yield           L11-CB0 {'rot': 0.00613}
  t=   2.12  cb_yield           L11-CB1 {'rot': 0.00709}
  t=   2.12  cb_yield           L11-CB2 {'rot': 0.00627}
  t=   2.12  cb_yield           L11-CB3 {'rot': 0.00725}
  t=   2.12  cb_yield           L12-CB1 {'rot': 0.00683}
  t=   2.12  cb_yield           L12-CB3 {'rot': 0.007}
  t=   2.12  cb_yield           L13-CB1 {'rot': 0.00653}
  t=   2.12  cb_yield           L13-CB3 {'rot': 0.00671}
  t=   2.12  cb_yield           L14-CB1 {'rot': 0.00619}
  t=   2.12  cb_yield           L14-CB3 {'rot': 0.00637}
  t=   2.25  cb_yield           L12-CB0 {'rot': 0.00641}
  t=   2.25  cb_yield           L12-CB2 {'rot': 0.00657}
  t=   2.25  cb_yield           L13-CB0 {'rot': 0.0062}
  t=   2.25  cb_yield           L13-CB2 {'rot': 0.00639}
  t=   2.25  cb_yield           L14-CB2 {'rot': 0.00613}
  t=   2.25  cb_yield           L15-CB1 {'rot': 0.00697}
  t=   2.25  cb_yield           L15-CB3 {'rot': 0.0072}
  t=   2.25  cb_yield           L16-CB1 {'rot': 0.00667}
  t=   2.25  cb_yield           L16-CB3 {'rot': 0.00691}
  t=   2.37  cb_yield           L15-CB2 {'rot': 0.00613}
  t=   2.37  cb_yield           L17-CB1 {'rot': 0.0071}
  t=   2.37  cb_yield           L17-CB3 {'rot': 0.00738}
  t=   2.37  cb_yield           L18-CB1 {'rot': 0.00687}
  t=   2.37  cb_yield           L18-CB3 {'rot': 0.00718}
  t=   2.37  cb_yield           L19-CB1 {'rot': 0.00663}
  t=   2.37  cb_yield           L19-CB3 {'rot': 0.00696}
  t=   2.37  cb_yield           L20-CB3 {'rot': 0.00675}
  t=   2.50  cb_yield           L16-CB2 {'rot': 0.00618}
  t=   2.50  cb_yield           L20-CB1 {'rot': 0.00827}
  t=   2.50  cb_yield           L21-CB1 {'rot': 0.0082}
  t=   2.50  cb_yield           L21-CB3 {'rot': 0.00858}
  t=   2.50  cb_yield           L22-CB1 {'rot': 0.00804}
  t=   2.50  cb_yield           L22-CB3 {'rot': 0.00843}
  t=   2.50  cb_yield           L23-CB1 {'rot': 0.00781}
  t=   2.50  cb_yield           L23-CB3 {'rot': 0.00821}
  t=   2.50  cb_yield           L24-CB1 {'rot': 0.00749}
  t=   2.50  cb_yield           L24-CB3 {'rot': 0.0079}
  t=   2.50  cb_yield           L25-CB1 {'rot': 0.00711}
  t=   2.50  cb_yield           L25-CB3 {'rot': 0.00752}
  t=   2.50  cb_yield           L26-CB1 {'rot': 0.00668}
  t=   2.50  cb_yield           L26-CB3 {'rot': 0.00709}
  t=   2.50  cb_yield           L27-CB3 {'rot': 0.00662}
  t=   2.62  cb_yield           L17-CB2 {'rot': 0.00663}
  t=   2.62  cb_yield           L18-CB0 {'rot': 0.00674}
  t=   2.62  cb_yield           L18-CB2 {'rot': 0.00699}
  t=   2.62  cb_yield           L19-CB0 {'rot': 0.00698}
  t=   2.62  cb_yield           L19-CB2 {'rot': 0.00724}
  t=   2.62  cb_yield           L20-CB0 {'rot': 0.00713}
  t=   2.62  cb_yield           L20-CB2 {'rot': 0.00739}
  t=   2.62  cb_yield           L21-CB0 {'rot': 0.00715}
  t=   2.62  cb_yield           L21-CB2 {'rot': 0.00741}
  t=   2.62  cb_yield           L22-CB0 {'rot': 0.00702}
  t=   2.62  cb_yield           L22-CB2 {'rot': 0.00728}
  t=   2.62  cb_yield           L23-CB0 {'rot': 0.00676}
  t=   2.62  cb_yield           L23-CB2 {'rot': 0.00703}
  t=   2.62  cb_yield           L24-CB2 {'rot': 0.00664}
  t=   2.62  cb_yield           L27-CB1 {'rot': 0.00742}
  t=   2.62  cb_yield           L28-CB1 {'rot': 0.0068}
  t=   2.62  cb_yield           L28-CB3 {'rot': 0.00706}
  t=   3.62  cb_yield           L24-CB0 {'rot': 0.007}
  t=   4.00  cb_yield           L3-CB0 {'rot': 0.00614}
  t=   4.00  cb_yield           L4-CB0 {'rot': 0.00685}
  t=   4.00  cb_yield           L14-CB0 {'rot': 0.00646}
  t=   4.00  cb_yield           L15-CB0 {'rot': 0.00617}
  t=   4.12  cb_yield           L2-CB0 {'rot': 0.00723}
  t=   4.12  cb_yield           L2-CB1 {'rot': 0.00704}
  t=   4.12  cb_yield           L2-CB2 {'rot': 0.00629}
  t=   4.12  cb_yield           L2-CB3 {'rot': 0.00614}
  t=   4.12  cb_yield           L3-CB1 {'rot': 0.0085}
  t=   4.12  cb_yield           L3-CB2 {'rot': 0.00746}
  t=   4.12  cb_yield           L3-CB3 {'rot': 0.00729}
  t=   4.12  cb_yield           L4-CB2 {'rot': 0.00822}
  t=   4.25  cb_yield           L1-CB0 {'rot': 0.0063}
  t=   4.25  cb_yield           L1-CB1 {'rot': 0.00613}
  t=   4.37  cb_yield           L1-CB2 {'rot': 0.0061}
  t=   7.88  cb_yield           L1-CB3 {'rot': 0.00646}
  t=   8.13  cb_yield           L16-CB0 {'rot': 0.00618}
  t=   8.25  cb_yield           L17-CB0 {'rot': 0.00666}
  t=   8.63  cb_yield           L25-CB2 {'rot': 0.00865}
  t=   8.63  cb_yield           L26-CB2 {'rot': 0.00801}
  t=   8.63  cb_yield           L27-CB2 {'rot': 0.00733}
  t=   8.63  cb_yield           L28-CB2 {'rot': 0.00666}
  t=   8.63  cb_yield           L29-CB3 {'rot': 0.00918}
  t=   8.63  cb_yield           L30-CB3 {'rot': 0.0083}
  t=   8.63  cb_yield           L31-CB3 {'rot': 0.00743}
  t=   8.63  cb_yield           L32-CB3 {'rot': 0.00674}
  t=   8.75  cb_yield           L29-CB2 {'rot': 0.0071}
  t=   8.75  cb_yield           L33-CB3 {'rot': 0.00769}
  t=   9.00  cb_yield           L30-CB2 {'rot': 0.00744}
  t=   9.00  cb_yield           L31-CB2 {'rot': 0.00666}
  t=   9.13  cb_yield           L32-CB2 {'rot': 0.00668}
  t=   9.25  cb_yield           L29-CB1 {'rot': 0.00683}
  progress t=  10.0s  max corner drift so far=0.0063  wall clock=99s
  t=  10.38  cb_yield           L25-CB0 {'rot': 0.00975}
  t=  10.38  cb_yield           L26-CB0 {'rot': 0.00935}
  t=  10.38  cb_yield           L27-CB0 {'rot': 0.00884}
  t=  10.38  cb_yield           L28-CB0 {'rot': 0.00827}
  t=  10.38  cb_yield           L29-CB0 {'rot': 0.00764}
  t=  10.38  cb_yield           L30-CB0 {'rot': 0.00695}
  t=  10.38  cb_yield           L30-CB1 {'rot': 0.00937}
  t=  10.38  cb_yield           L31-CB1 {'rot': 0.00875}
  t=  10.38  cb_yield           L32-CB1 {'rot': 0.00827}
  t=  10.38  cb_yield           L33-CB1 {'rot': 0.00802}
  t=  10.50  cb_yield           L31-CB0 {'rot': 0.00989}
  t=  10.50  cb_yield           L32-CB0 {'rot': 0.00913}
  t=  10.50  cb_yield           L33-CB0 {'rot': 0.00874}
  t=  10.75  cb_failure         L3-CB2 {'rot': 0.03023}
  t=  10.75  cb_failure         L4-CB2 {'rot': 0.03251}
  t=  10.75  cb_failure         L4-CB3 {'rot': 0.03057}
  t=  10.75  cb_failure         L5-CB2 {'rot': 0.03297}
  t=  10.75  cb_failure         L5-CB3 {'rot': 0.0307}
  t=  10.75  cb_failure         L6-CB2 {'rot': 0.03196}
  t=  10.88  cb_failure         L3-CB3 {'rot': 0.03251}
  t=  10.88  cb_failure         L6-CB3 {'rot': 0.03269}
  t=  10.88  cb_failure         L7-CB2 {'rot': 0.03203}
  t=  10.88  cb_failure         L7-CB3 {'rot': 0.03016}
  t=  11.00  cb_failure         L4-CB0 {'rot': 0.032}
  t=  11.00  cb_failure         L4-CB1 {'rot': 0.03169}
  t=  11.00  cb_failure         L5-CB0 {'rot': 0.03225}
  t=  11.00  cb_failure         L5-CB1 {'rot': 0.03219}
  t=  11.00  cb_failure         L6-CB0 {'rot': 0.03096}
  t=  11.00  cb_failure         L6-CB1 {'rot': 0.03105}
  t=  11.00  cb_failure         L8-CB2 {'rot': 0.03182}
  t=  11.00  cb_failure         L8-CB3 {'rot': 0.03103}
  t=  11.13  cb_failure         L3-CB0 {'rot': 0.03021}
  t=  11.13  cb_failure         L7-CB0 {'rot': 0.03201}
  t=  11.13  cb_failure         L7-CB1 {'rot': 0.0327}
  t=  11.13  cb_failure         L8-CB1 {'rot': 0.03037}
  t=  11.13  cb_failure         L9-CB2 {'rot': 0.03063}
  t=  11.13  cb_failure         L9-CB3 {'rot': 0.03097}
  t=  11.25  cb_failure         L8-CB0 {'rot': 0.03242}
  t=  11.25  cb_failure         L9-CB0 {'rot': 0.0302}
  t=  11.25  cb_failure         L9-CB1 {'rot': 0.03217}
  t=  11.25  cb_failure         L10-CB2 {'rot': 0.03042}
  t=  11.25  cb_failure         L10-CB3 {'rot': 0.03183}
  t=  11.38  cb_failure         L10-CB0 {'rot': 0.03393}
  t=  11.38  cb_failure         L10-CB1 {'rot': 0.03554}
  t=  11.38  cb_failure         L11-CB0 {'rot': 0.03324}
  t=  11.38  cb_failure         L11-CB1 {'rot': 0.03501}
  t=  11.38  cb_failure         L11-CB2 {'rot': 0.0334}
  t=  11.38  cb_failure         L11-CB3 {'rot': 0.03473}
  t=  11.38  cb_failure         L12-CB0 {'rot': 0.03247}
  t=  11.38  cb_failure         L12-CB1 {'rot': 0.03435}
  t=  11.38  cb_failure         L12-CB2 {'rot': 0.03264}
  t=  11.38  cb_failure         L12-CB3 {'rot': 0.034}
  t=  11.38  cb_failure         L13-CB0 {'rot': 0.03137}
  t=  11.38  cb_failure         L13-CB1 {'rot': 0.03342}
  t=  11.38  cb_failure         L13-CB2 {'rot': 0.03154}
  t=  11.38  cb_failure         L13-CB3 {'rot': 0.03304}
  t=  11.38  cb_failure         L14-CB1 {'rot': 0.03223}
  t=  11.38  cb_failure         L14-CB2 {'rot': 0.03021}
  t=  11.38  cb_failure         L14-CB3 {'rot': 0.03183}
  t=  11.38  cb_failure         L15-CB1 {'rot': 0.03094}
  t=  11.38  cb_failure         L15-CB3 {'rot': 0.03054}
  t=  11.50  cb_failure         L14-CB0 {'rot': 0.04204}
  t=  11.50  cb_failure         L15-CB0 {'rot': 0.04185}
  t=  11.50  cb_failure         L15-CB2 {'rot': 0.03905}
  t=  11.50  cb_failure         L16-CB0 {'rot': 0.0413}
  t=  11.50  cb_failure         L16-CB1 {'rot': 0.04152}
  t=  11.50  cb_failure         L16-CB2 {'rot': 0.03857}
  t=  11.50  cb_failure         L16-CB3 {'rot': 0.03891}
  t=  11.50  cb_failure         L17-CB0 {'rot': 0.04004}
  t=  11.50  cb_failure         L17-CB1 {'rot': 0.04035}
  t=  11.50  cb_failure         L17-CB2 {'rot': 0.03742}
  t=  11.50  cb_failure         L17-CB3 {'rot': 0.03786}
  t=  11.50  cb_failure         L18-CB0 {'rot': 0.0382}
  t=  11.50  cb_failure         L18-CB1 {'rot': 0.03863}
  t=  11.50  cb_failure         L18-CB2 {'rot': 0.03571}
  t=  11.50  cb_failure         L18-CB3 {'rot': 0.03628}
  t=  11.50  cb_failure         L19-CB0 {'rot': 0.03592}
  t=  11.50  cb_failure         L19-CB1 {'rot': 0.03643}
  t=  11.50  cb_failure         L19-CB2 {'rot': 0.03357}
  t=  11.50  cb_failure         L19-CB3 {'rot': 0.03421}
  t=  11.50  cb_failure         L20-CB0 {'rot': 0.03351}
  t=  11.50  cb_failure         L20-CB1 {'rot': 0.03402}
  t=  11.50  cb_failure         L20-CB2 {'rot': 0.03128}
  t=  11.50  cb_failure         L20-CB3 {'rot': 0.03191}
  t=  11.50  cb_failure         L21-CB0 {'rot': 0.03072}
  t=  11.50  cb_failure         L21-CB1 {'rot': 0.03136}
  t=  11.63  cb_failure         L21-CB2 {'rot': 0.03488}
  t=  11.63  cb_failure         L21-CB3 {'rot': 0.03639}
  t=  11.63  cb_failure         L22-CB0 {'rot': 0.03375}
  t=  11.63  cb_failure         L22-CB1 {'rot': 0.03503}
  t=  11.63  cb_failure         L22-CB3 {'rot': 0.03173}
  t=  11.75  cb_failure         L22-CB2 {'rot': 0.03061}
  t=  11.75  cb_failure         L23-CB1 {'rot': 0.03131}
  t=  12.88  cb_yield           L33-CB2 {'rot': 0.01245}
  t=  14.75  cb_failure         L23-CB3 {'rot': 0.03885}
  t=  14.75  cb_failure         L24-CB3 {'rot': 0.03818}
  t=  14.75  cb_failure         L25-CB3 {'rot': 0.03715}
  t=  14.75  cb_failure         L26-CB3 {'rot': 0.03572}
  t=  14.75  cb_failure         L27-CB3 {'rot': 0.03391}
  t=  14.75  cb_failure         L28-CB3 {'rot': 0.03222}
  t=  14.88  cb_failure         L23-CB2 {'rot': 0.03256}
  t=  14.88  cb_failure         L24-CB1 {'rot': 0.03593}
  t=  14.88  cb_failure         L24-CB2 {'rot': 0.03218}
  t=  14.88  cb_failure         L25-CB1 {'rot': 0.03472}
  t=  14.88  cb_failure         L25-CB2 {'rot': 0.0313}
  t=  14.88  cb_failure         L26-CB1 {'rot': 0.03307}
  t=  14.88  cb_failure         L27-CB1 {'rot': 0.03089}
  t=  14.88  cb_failure         L29-CB3 {'rot': 0.04224}
  t=  14.88  cb_failure         L30-CB3 {'rot': 0.03966}
  t=  14.88  cb_failure         L31-CB3 {'rot': 0.03746}
  t=  14.88  cb_failure         L32-CB3 {'rot': 0.03598}
  t=  14.88  cb_failure         L33-CB3 {'rot': 0.03474}
  t=  15.00  cb_failure         L28-CB1 {'rot': 0.03454}
  t=  15.00  cb_failure         L29-CB1 {'rot': 0.03272}
  t=  15.00  cb_failure         L30-CB1 {'rot': 0.03069}
  t=  15.13  cb_failure         L31-CB1 {'rot': 0.03455}
  t=  15.13  cb_failure         L32-CB1 {'rot': 0.03334}
  t=  15.13  cb_failure         L33-CB1 {'rot': 0.03272}
  t=  17.88  cb_failure         L23-CB0 {'rot': 0.03062}
  t=  18.25  cb_failure         L24-CB0 {'rot': 0.03064}
  t=  18.38  cb_failure         L3-CB1 {'rot': 0.03046}
  t=  18.50  cb_failure         L2-CB0 {'rot': 0.03422}
  t=  18.63  cb_failure         L2-CB1 {'rot': 0.0377}
  t=  18.75  cb_failure         L1-CB0 {'rot': 0.03035}
  t=  18.75  cb_failure         L1-CB1 {'rot': 0.03042}
  progress t=  20.0s  max corner drift so far=0.0259  wall clock=223s
  t=  21.12  cb_failure         L25-CB0 {'rot': 0.03207}
  t=  21.12  cb_failure         L26-CB0 {'rot': 0.03128}
  t=  21.25  cb_failure         L27-CB0 {'rot': 0.03749}
  t=  21.25  cb_failure         L28-CB0 {'rot': 0.0365}
  t=  21.25  cb_failure         L29-CB0 {'rot': 0.03515}
  t=  21.25  cb_failure         L30-CB0 {'rot': 0.03321}
  t=  21.25  cb_failure         L31-CB0 {'rot': 0.03119}
  t=  21.37  cb_failure         L26-CB2 {'rot': 0.03229}
  t=  21.37  cb_failure         L27-CB2 {'rot': 0.03159}
  t=  21.37  cb_failure         L32-CB0 {'rot': 0.03299}
  t=  21.37  cb_failure         L33-CB0 {'rot': 0.03243}
  t=  27.00  cb_failure         L28-CB2 {'rot': 0.0312}
  t=  27.00  cb_failure         L29-CB2 {'rot': 0.03104}
  t=  27.12  cb_failure         L30-CB2 {'rot': 0.03913}
  t=  27.12  cb_failure         L31-CB2 {'rot': 0.03815}
  t=  27.12  cb_failure         L32-CB2 {'rot': 0.03724}
  t=  27.12  cb_failure         L33-CB2 {'rot': 0.03686}
  progress t=  30.0s  max corner drift so far=0.0259  wall clock=348s
  t=  38.00  cb_failure         L2-CB3 {'rot': 0.03064}
  progress t=  40.0s  max corner drift so far=0.0259  wall clock=472s
  t=  46.00  cb_failure         L2-CB2 {'rot': 0.03333}
  progress t=  50.0s  max corner drift so far=0.0259  wall clock=583s
  progress t=  60.0s  max corner drift so far=0.0259  wall clock=710s
  progress t=  70.0s  max corner drift so far=0.0259  wall clock=821s
  progress t=  80.0s  max corner drift so far=0.0259  wall clock=915s
  progress t=  90.0s  max corner drift so far=0.0259  wall clock=1010s
  progress t= 100.0s  max corner drift so far=0.0259  wall clock=1101s
