  t=   6.63  cb_yield           L8-CB3 {'rot': 0.00598}
  t=   6.63  cb_yield           L9-CB3 {'rot': 0.00601}
  t=   6.63  cb_yield           L10-CB3 {'rot': 0.00599}
  t=   6.63  cb_yield           L11-CB3 {'rot': 0.00593}
  t=   6.75  cb_yield           L6-CB3 {'rot': 0.00607}
  t=   6.75  cb_yield           L7-CB3 {'rot': 0.0064}
  t=   6.75  cb_yield           L12-CB3 {'rot': 0.00665}
  t=   6.75  cb_yield           L13-CB3 {'rot': 0.00647}
  t=   6.75  cb_yield           L14-CB3 {'rot': 0.00623}
  t=   6.75  cb_yield           L15-CB3 {'rot': 0.00596}
  t=   6.88  cb_yield           L16-CB3 {'rot': 0.00591}
  t=   7.13  cb_yield           L17-CB3 {'rot': 0.00666}
  t=   7.13  cb_yield           L18-CB3 {'rot': 0.0069}
  t=   7.13  cb_yield           L19-CB3 {'rot': 0.00709}
  t=   7.13  cb_yield           L20-CB3 {'rot': 0.00721}
  t=   7.13  cb_yield           L21-CB3 {'rot': 0.00726}
  t=   7.13  cb_yield           L22-CB3 {'rot': 0.00722}
  t=   7.13  cb_yield           L23-CB3 {'rot': 0.00709}
  t=   7.13  cb_yield           L24-CB3 {'rot': 0.00688}
  t=   7.13  cb_yield           L25-CB3 {'rot': 0.0066}
  t=   7.25  cb_yield           L26-CB3 {'rot': 0.00665}
  t=   7.50  cb_yield           L5-CB3 {'rot': 0.00599}
  t=   7.63  cb_yield           L4-CB3 {'rot': 0.00633}
  t=   7.63  cb_yield           L5-CB2 {'rot': 0.0062}
  t=   7.63  cb_yield           L6-CB2 {'rot': 0.00651}
  t=   7.63  cb_yield           L7-CB2 {'rot': 0.00669}
  t=   7.63  cb_yield           L8-CB2 {'rot': 0.00677}
  t=   7.63  cb_yield           L9-CB2 {'rot': 0.00674}
  t=   7.63  cb_yield           L10-CB2 {'rot': 0.00664}
  t=   7.63  cb_yield           L11-CB2 {'rot': 0.00649}
  t=   7.63  cb_yield           L12-CB2 {'rot': 0.00632}
  t=   7.63  cb_yield           L13-CB2 {'rot': 0.0061}
  t=   7.75  cb_yield           L4-CB2 {'rot': 0.00619}
  t=   7.75  cb_yield           L14-CB2 {'rot': 0.00591}
  t=   9.63  cb_yield           L15-CB2 {'rot': 0.00652}
  t=   9.63  cb_yield           L16-CB2 {'rot': 0.00598}
  t=   9.75  cb_yield           L3-CB2 {'rot': 0.00674}
  t=   9.75  cb_yield           L3-CB3 {'rot': 0.00642}
  progress t=  10.0s  max corner drift so far=0.0039  wall clock=118s
  t=  11.75  cb_yield           L2-CB2 {'rot': 0.00596}
  t=  11.75  cb_yield           L2-CB3 {'rot': 0.00591}
  t=  11.88  cb_yield           L4-CB1 {'rot': 0.00609}
  t=  11.88  cb_yield           L5-CB1 {'rot': 0.00619}
  t=  11.88  cb_yield           L6-CB1 {'rot': 0.00605}
  t=  12.00  cb_yield           L1-CB2 {'rot': 0.00592}
  t=  12.00  cb_yield           L2-CB1 {'rot': 0.00589}
  t=  12.00  cb_yield           L3-CB1 {'rot': 0.00683}
  t=  12.00  cb_yield           L4-CB0 {'rot': 0.00607}
  t=  12.00  cb_yield           L5-CB0 {'rot': 0.0061}
  t=  12.00  cb_yield           L7-CB1 {'rot': 0.00711}
  t=  12.00  cb_yield           L8-CB1 {'rot': 0.00661}
  t=  12.00  cb_yield           L9-CB1 {'rot': 0.00601}
  t=  12.13  cb_yield           L6-CB0 {'rot': 0.00634}
  t=  12.13  cb_yield           L7-CB0 {'rot': 0.00616}
  t=  12.13  cb_yield           L10-CB1 {'rot': 0.007}
  t=  12.13  cb_yield           L11-CB1 {'rot': 0.00646}
  t=  12.13  cb_yield           L17-CB2 {'rot': 0.00767}
  t=  12.13  cb_yield           L18-CB2 {'rot': 0.00707}
  t=  12.13  cb_yield           L19-CB2 {'rot': 0.00653}
  t=  12.25  cb_yield           L8-CB0 {'rot': 0.00623}
  t=  12.25  cb_yield           L9-CB0 {'rot': 0.00602}
  t=  12.25  cb_yield           L12-CB1 {'rot': 0.00797}
  t=  12.25  cb_yield           L13-CB1 {'rot': 0.00764}
  t=  12.25  cb_yield           L14-CB1 {'rot': 0.00725}
  t=  12.25  cb_yield           L15-CB1 {'rot': 0.00685}
  t=  12.25  cb_yield           L16-CB1 {'rot': 0.00647}
  t=  12.25  cb_yield           L20-CB2 {'rot': 0.00769}
  t=  12.25  cb_yield           L21-CB2 {'rot': 0.00715}
  t=  12.25  cb_yield           L22-CB2 {'rot': 0.00663}
  t=  12.25  cb_yield           L27-CB3 {'rot': 0.00778}
  t=  12.25  cb_yield           L28-CB3 {'rot': 0.00736}
  t=  12.25  cb_yield           L29-CB3 {'rot': 0.00695}
  t=  12.38  cb_yield           L10-CB0 {'rot': 0.00648}
  t=  12.38  cb_yield           L11-CB0 {'rot': 0.00639}
  t=  12.38  cb_failure         L11-CB3 {'rot': 0.02088}
  t=  12.38  cb_yield           L12-CB0 {'rot': 0.00632}
  t=  12.38  cb_yield           L13-CB0 {'rot': 0.00624}
  t=  12.38  cb_yield           L14-CB0 {'rot': 0.00612}
  t=  12.38  cb_yield           L15-CB0 {'rot': 0.00598}
  t=  12.38  cb_yield           L17-CB1 {'rot': 0.00995}
  t=  12.38  cb_failure         L17-CB3 {'rot': 0.02137}
  t=  12.38  cb_yield           L18-CB1 {'rot': 0.00973}
  t=  12.38  cb_yield           L19-CB1 {'rot': 0.00946}
  t=  12.38  cb_yield           L20-CB1 {'rot': 0.00917}
  t=  12.38  cb_yield           L21-CB1 {'rot': 0.00882}
  t=  12.38  cb_yield           L22-CB1 {'rot': 0.00842}
  t=  12.38  cb_yield           L23-CB1 {'rot': 0.00798}
  t=  12.38  cb_yield           L23-CB2 {'rot': 0.00756}
  t=  12.38  cb_yield           L24-CB1 {'rot': 0.00751}
  t=  12.38  cb_yield           L24-CB2 {'rot': 0.00683}
  t=  12.38  cb_yield           L25-CB1 {'rot': 0.00702}
  t=  12.38  cb_yield           L30-CB3 {'rot': 0.00743}
  t=  12.38  cb_yield           L31-CB3 {'rot': 0.00688}
  t=  12.50  cb_yield           L3-CB0 {'rot': 0.00603}
  t=  12.50  cb_yield           L16-CB0 {'rot': 0.00783}
  t=  12.50  cb_yield           L17-CB0 {'rot': 0.00766}
  t=  12.50  cb_yield           L18-CB0 {'rot': 0.00742}
  t=  12.50  cb_yield           L19-CB0 {'rot': 0.00712}
  t=  12.50  cb_yield           L20-CB0 {'rot': 0.00676}
  t=  12.50  cb_failure         L20-CB3 {'rot': 0.02258}
  t=  12.50  cb_yield           L25-CB2 {'rot': 0.00655}
  t=  12.50  cb_yield           L26-CB1 {'rot': 0.01003}
  t=  12.50  cb_yield           L27-CB1 {'rot': 0.00916}
  t=  12.50  cb_yield           L28-CB1 {'rot': 0.00838}
  t=  12.50  cb_yield           L29-CB1 {'rot': 0.00763}
  t=  12.50  cb_yield           L30-CB1 {'rot': 0.00694}
  t=  12.50  cb_yield           L32-CB3 {'rot': 0.00832}
  t=  12.50  cb_yield           L33-CB3 {'rot': 0.00721}
  t=  12.63  cb_yield           L1-CB3 {'rot': 0.00601}
  t=  12.63  cb_failure         L8-CB1 {'rot': 0.02102}
  t=  12.63  cb_failure         L10-CB3 {'rot': 0.01993}
  t=  12.63  cb_failure         L12-CB3 {'rot': 0.02092}
  t=  12.63  cb_failure         L13-CB3 {'rot': 0.02128}
  t=  12.63  cb_failure         L14-CB3 {'rot': 0.0215}
  t=  12.63  cb_failure         L15-CB3 {'rot': 0.02163}
  t=  12.63  cb_failure         L16-CB3 {'rot': 0.02165}
  t=  12.63  cb_failure         L18-CB3 {'rot': 0.02138}
  t=  12.63  cb_failure         L19-CB3 {'rot': 0.0211}
  t=  12.63  cb_yield           L21-CB0 {'rot': 0.00711}
  t=  12.63  cb_yield           L31-CB1 {'rot': 0.01012}
  t=  12.63  cb_yield           L32-CB1 {'rot': 0.00955}
  t=  12.63  cb_yield           L33-CB1 {'rot': 0.00797}
  t=  12.75  cb_failure         L8-CB3 {'rot': 0.02059}
  t=  12.75  cb_failure         L9-CB1 {'rot': 0.02025}
  t=  12.75  cb_failure         L9-CB3 {'rot': 0.02154}
  t=  12.75  cb_failure         L10-CB1 {'rot': 0.02114}
  t=  12.75  cb_failure         L11-CB1 {'rot': 0.02185}
  t=  12.75  cb_failure         L12-CB1 {'rot': 0.02243}
  t=  12.75  cb_failure         L13-CB1 {'rot': 0.02284}
  t=  12.75  cb_failure         L14-CB1 {'rot': 0.02305}
  t=  12.75  cb_failure         L15-CB1 {'rot': 0.02312}
  t=  12.75  cb_failure         L16-CB1 {'rot': 0.02306}
  t=  12.75  cb_failure         L17-CB1 {'rot': 0.02287}
  t=  12.75  cb_failure         L18-CB1 {'rot': 0.02259}
  t=  12.75  cb_failure         L19-CB1 {'rot': 0.02223}
  t=  12.75  cb_failure         L20-CB1 {'rot': 0.02182}
  t=  12.75  cb_failure         L21-CB1 {'rot': 0.02132}
  t=  12.75  cb_failure         L21-CB3 {'rot': 0.02119}
  t=  12.75  cb_yield           L22-CB0 {'rot': 0.00724}
  t=  12.75  cb_failure         L22-CB1 {'rot': 0.02074}
  t=  12.75  cb_failure         L22-CB3 {'rot': 0.02062}
  t=  12.88  cb_failure         L7-CB3 {'rot': 0.02018}
  t=  12.88  cb_yield           L23-CB0 {'rot': 0.00753}
  t=  12.88  cb_failure         L23-CB1 {'rot': 0.02185}
  t=  12.88  cb_yield           L24-CB0 {'rot': 0.00674}
  t=  12.88  cb_failure         L24-CB1 {'rot': 0.02121}
  t=  12.88  cb_failure         L25-CB1 {'rot': 0.02057}
  t=  13.00  cb_yield           L2-CB0 {'rot': 0.00609}
  t=  13.00  cb_failure         L7-CB1 {'rot': 0.02053}
  t=  13.00  cb_yield           L25-CB0 {'rot': 0.0068}
  t=  13.00  cb_failure         L26-CB1 {'rot': 0.02097}
  t=  13.00  cb_failure         L33-CB1 {'rot': 0.02177}
  t=  14.88  cb_yield           L1-CB0 {'rot': 0.00648}
  t=  14.88  cb_yield           L1-CB1 {'rot': 0.00638}
  t= 15.725  solver fallback: Newton
  t=  15.75  cb_failure         L7-CB0 {'rot': 0.02049}
  t=  15.75  cb_failure         L12-CB0 {'rot': 0.02086}
  t= 15.750  solver fallback: Newton
  t=  17.50  cb_failure         L23-CB3 {'rot': 0.02068}
  t=  17.63  cb_failure         L24-CB3 {'rot': 0.02115}
  t=  17.63  cb_failure         L27-CB1 {'rot': 0.02083}
  t=  17.75  cb_failure         L6-CB1 {'rot': 0.02112}
  t=  17.75  cb_failure         L25-CB3 {'rot': 0.02184}
  t=  17.75  cb_failure         L26-CB3 {'rot': 0.02135}
  t=  17.75  cb_failure         L27-CB3 {'rot': 0.02084}
  t=  17.75  cb_failure         L28-CB1 {'rot': 0.02262}
  t=  17.75  cb_failure         L29-CB1 {'rot': 0.02203}
  t=  17.75  cb_failure         L30-CB1 {'rot': 0.0214}
  t=  17.75  cb_failure         L31-CB1 {'rot': 0.02082}
  t=  17.75  cb_failure         L33-CB3 {'rot': 0.02328}
  t=  17.88  cb_failure         L4-CB1 {'rot': 0.02147}
  t=  17.88  cb_failure         L5-CB1 {'rot': 0.02333}
  t=  17.88  cb_failure         L28-CB3 {'rot': 0.02068}
  t=  17.88  cb_failure         L32-CB1 {'rot': 0.02202}
  t=  18.00  cb_failure         L3-CB1 {'rot': 0.02158}
  t=  18.00  cb_failure         L6-CB3 {'rot': 0.02014}
  t=  18.00  cb_failure         L10-CB0 {'rot': 0.02106}
  t=  18.13  cb_failure         L4-CB2 {'rot': 0.02025}
  t=  18.13  cb_failure         L5-CB3 {'rot': 0.02098}
  t=  18.13  cb_failure         L6-CB2 {'rot': 0.02081}
  t=  18.25  cb_failure         L8-CB0 {'rot': 0.02035}
  t=  18.25  cb_failure         L9-CB0 {'rot': 0.02015}
  t=  18.25  cb_failure         L9-CB2 {'rot': 0.0208}
  t=  18.25  cb_failure         L13-CB0 {'rot': 0.02046}
  t=  18.38  cb_failure         L11-CB2 {'rot': 0.02082}
  progress t=  20.0s  max corner drift so far=0.0056  wall clock=245s
  t=  23.12  cb_yield           L27-CB0 {'rot': 0.00667}
  t=  23.12  cb_yield           L28-CB0 {'rot': 0.00674}
  t=  23.12  cb_yield           L29-CB0 {'rot': 0.00667}
  t=  24.87  cb_failure         L29-CB3 {'rot': 0.02233}
  t=  24.87  cb_failure         L30-CB3 {'rot': 0.02172}
  t=  24.87  cb_failure         L31-CB3 {'rot': 0.02112}
  t=  24.87  cb_failure         L32-CB3 {'rot': 0.02062}
  t=  25.00  cb_yield           L26-CB2 {'rot': 0.00781}
  t=  25.00  cb_yield           L27-CB2 {'rot': 0.00692}
  t=  25.12  cb_yield           L28-CB2 {'rot': 0.00708}
  t=  25.25  cb_yield           L29-CB2 {'rot': 0.007}
  t=  25.37  cb_yield           L30-CB2 {'rot': 0.00713}
  t=  28.62  cb_yield           L31-CB2 {'rot': 0.00654}
  progress t=  30.0s  max corner drift so far=0.0071  wall clock=369s
  t=  30.37  cb_yield           L26-CB0 {'rot': 0.00684}
  t=  32.12  cb_failure         L16-CB2 {'rot': 0.02073}
  t=  32.25  cb_failure         L13-CB2 {'rot': 0.02031}
  t=  32.25  cb_failure         L14-CB2 {'rot': 0.02062}
  t=  32.25  cb_failure         L15-CB2 {'rot': 0.02069}
  t= 35.600  solver fallback: Newton
  t= 35.625  solver fallback: Newton
  t=  35.75  cb_failure         L4-CB3 {'rot': 0.02014}
  progress t=  40.0s  max corner drift so far=0.0071  wall clock=504s
  t=  42.25  cb_failure         L3-CB3 {'rot': 0.02017}
  t=  42.37  cb_failure         L2-CB3 {'rot': 0.02052}
  t=  42.37  cb_failure         L5-CB0 {'rot': 0.01991}
  t=  42.37  cb_failure         L6-CB0 {'rot': 0.02033}
  t=  45.50  cb_failure         L7-CB2 {'rot': 0.0201}
  t=  45.50  cb_failure         L8-CB2 {'rot': 0.02009}
  t=  45.62  cb_failure         L2-CB1 {'rot': 0.02022}
  t=  45.62  cb_failure         L4-CB0 {'rot': 0.02078}
  t=  45.62  cb_failure         L5-CB2 {'rot': 0.02356}
  t=  45.62  cb_failure         L10-CB2 {'rot': 0.02287}
  t=  45.62  cb_failure         L12-CB2 {'rot': 0.02084}
  t=  45.75  cb_failure         L3-CB0 {'rot': 0.02098}
  t=  45.75  cb_failure         L3-CB2 {'rot': 0.02296}
  t=  45.75  cb_failure         L11-CB0 {'rot': 0.0207}
  t=  45.87  cb_failure         L2-CB2 {'rot': 0.02058}
  t=  47.75  cb_yield           L30-CB0 {'rot': 0.00715}
  t=  47.87  cb_failure         L20-CB2 {'rot': 0.02263}
  t=  47.87  cb_failure         L25-CB0 {'rot': 0.0214}
  t=  47.87  cb_yield           L31-CB0 {'rot': 0.0066}
  t=  48.37  cb_failure         L14-CB0 {'rot': 0.0207}
  t=  48.50  cb_failure         L1-CB1 {'rot': 0.02016}
  t=  48.50  cb_failure         L15-CB0 {'rot': 0.02064}
  t=  48.75  cb_failure         L1-CB3 {'rot': 0.01993}
  t=  49.00  cb_failure         L17-CB2 {'rot': 0.02054}
  t=  49.00  cb_yield           L32-CB2 {'rot': 0.00667}
  t=  49.12  cb_failure         L18-CB2 {'rot': 0.02374}
  t=  49.12  cb_failure         L19-CB2 {'rot': 0.02268}
  t=  49.12  cb_failure         L21-CB2 {'rot': 0.02053}
  t=  49.12  cb_yield           L33-CB2 {'rot': 0.00773}
  t=  49.25  cb_failure         L22-CB2 {'rot': 0.02366}
  t=  49.25  cb_failure         L23-CB2 {'rot': 0.02224}
  t=  49.25  cb_failure         L24-CB2 {'rot': 0.02065}
  t=  49.25  cb_failure         L25-CB2 {'rot': 0.02173}
  t=  49.50  cb_failure         L26-CB2 {'rot': 0.02214}
  t=  49.50  cb_failure         L27-CB2 {'rot': 0.02083}
  progress t=  50.0s  max corner drift so far=0.0102  wall clock=633s
  progress t=  60.0s  max corner drift so far=0.0102  wall clock=761s
  t=  62.00  cb_yield           L32-CB0 {'rot': 0.00668}
  t=  62.12  cb_yield           L33-CB0 {'rot': 0.00779}
  t=  62.37  cb_failure         L16-CB0 {'rot': 0.01992}
  t=  66.12  cb_failure         L17-CB0 {'rot': 0.02082}
  t=  66.25  cb_failure         L18-CB0 {'rot': 0.02054}
  progress t=  70.0s  max corner drift so far=0.0102  wall clock=888s
  progress t=  80.0s  max corner drift so far=0.0102  wall clock=1012s
  progress t=  90.0s  max corner drift so far=0.0102  wall clock=1133s
  progress t= 100.0s  max corner drift so far=0.0102  wall clock=1252s
