  t=   7.63  cb_yield           L24-CB3 {'rot': 0.00347}
  t=   7.63  cb_yield           L25-CB3 {'rot': 0.0035}
  t=   7.63  cb_yield           L26-CB3 {'rot': 0.00349}
  t=   7.63  cb_yield           L27-CB3 {'rot': 0.00346}
  t=   8.13  cb_yield           L7-CB3 {'rot': 0.00314}
  t=   8.13  cb_yield           L8-CB3 {'rot': 0.00319}
  t=   8.13  cb_yield           L9-CB3 {'rot': 0.0032}
  t=   8.13  cb_yield           L10-CB3 {'rot': 0.00318}
  t=   8.13  cb_yield           L11-CB3 {'rot': 0.00314}
  t=   8.25  cb_yield           L5-CB3 {'rot': 0.00317}
  t=   8.25  cb_yield           L6-CB3 {'rot': 0.00334}
  t=   8.25  cb_yield           L10-CB1 {'rot': 0.00312}
  t=   8.25  cb_yield           L11-CB1 {'rot': 0.00315}
  t=   8.25  cb_yield           L12-CB1 {'rot': 0.00315}
  t=   8.25  cb_yield           L12-CB3 {'rot': 0.00336}
  t=   8.25  cb_yield           L13-CB1 {'rot': 0.00312}
  t=   8.25  cb_yield           L13-CB3 {'rot': 0.00325}
  t=   8.38  cb_yield           L4-CB3 {'rot': 0.00313}
  t=   8.38  cb_yield           L7-CB2 {'rot': 0.00314}
  t=   8.38  cb_yield           L8-CB2 {'rot': 0.00313}
  t=   8.38  cb_yield           L14-CB3 {'rot': 0.00316}
  t=   8.63  cb_yield           L15-CB3 {'rot': 0.00331}
  t=   8.63  cb_yield           L16-CB3 {'rot': 0.0033}
  t=   8.75  cb_yield           L17-CB3 {'rot': 0.00398}
  t=   8.75  cb_yield           L18-CB3 {'rot': 0.00406}
  t=   8.75  cb_yield           L19-CB3 {'rot': 0.00413}
  t=   8.75  cb_yield           L20-CB3 {'rot': 0.00417}
  t=   8.75  cb_yield           L21-CB3 {'rot': 0.0042}
  t=   8.75  cb_yield           L22-CB3 {'rot': 0.00422}
  t=   8.75  cb_yield           L23-CB3 {'rot': 0.00422}
  t=   8.75  cb_yield           L28-CB3 {'rot': 0.00392}
  t=   8.75  cb_yield           L29-CB3 {'rot': 0.00379}
  t=   8.75  cb_yield           L30-CB3 {'rot': 0.00364}
  t=   8.75  cb_yield           L31-CB3 {'rot': 0.00348}
  t=   8.88  cb_yield           L16-CB1 {'rot': 0.00321}
  t=   8.88  cb_yield           L16-CB2 {'rot': 0.00315}
  t=   8.88  cb_yield           L32-CB3 {'rot': 0.00351}
  t=   9.00  cb_yield           L15-CB1 {'rot': 0.00317}
  t=   9.00  cb_yield           L15-CB2 {'rot': 0.00316}
  t=   9.00  cb_yield           L17-CB1 {'rot': 0.00352}
  t=   9.00  cb_yield           L17-CB2 {'rot': 0.00351}
  t=   9.00  cb_yield           L18-CB1 {'rot': 0.00364}
  t=   9.00  cb_yield           L18-CB2 {'rot': 0.00362}
  t=   9.00  cb_yield           L19-CB1 {'rot': 0.00372}
  t=   9.00  cb_yield           L19-CB2 {'rot': 0.00367}
  t=   9.00  cb_yield           L20-CB1 {'rot': 0.00375}
  t=   9.00  cb_yield           L20-CB2 {'rot': 0.00367}
  t=   9.00  cb_yield           L21-CB1 {'rot': 0.00374}
  t=   9.00  cb_yield           L21-CB2 {'rot': 0.00363}
  t=   9.00  cb_yield           L22-CB1 {'rot': 0.0037}
  t=   9.00  cb_yield           L22-CB2 {'rot': 0.00355}
  t=   9.00  cb_yield           L23-CB1 {'rot': 0.00362}
  t=   9.00  cb_yield           L24-CB1 {'rot': 0.00353}
  t=   9.00  cb_yield           L33-CB3 {'rot': 0.0035}
  t=   9.13  cb_yield           L25-CB1 {'rot': 0.00356}
  t=   9.25  cb_yield           L26-CB1 {'rot': 0.00372}
  t=   9.25  cb_yield           L27-CB1 {'rot': 0.00364}
  t=   9.25  cb_yield           L28-CB1 {'rot': 0.00352}
  t=   9.38  cb_yield           L29-CB1 {'rot': 0.00349}
  progress t=  10.0s  max corner drift so far=0.0011  wall clock=87s
  t=  10.38  cb_yield           L30-CB1 {'rot': 0.00378}
  t=  10.38  cb_yield           L31-CB1 {'rot': 0.00365}
  t=  10.38  cb_yield           L32-CB1 {'rot': 0.00352}
  t=  10.50  cb_yield           L4-CB2 {'rot': 0.00332}
  t=  10.50  cb_yield           L5-CB2 {'rot': 0.00333}
  t=  10.50  cb_yield           L6-CB2 {'rot': 0.00319}
  t=  10.50  cb_yield           L33-CB1 {'rot': 0.00406}
  t=  10.63  cb_yield           L2-CB2 {'rot': 0.00332}
  t=  10.63  cb_yield           L2-CB3 {'rot': 0.00313}
  t=  10.63  cb_yield           L3-CB2 {'rot': 0.0039}
  t=  10.63  cb_yield           L3-CB3 {'rot': 0.00367}
  t=  10.75  cb_yield           L3-CB0 {'rot': 0.00327}
  t=  10.75  cb_yield           L3-CB1 {'rot': 0.00326}
  t=  10.75  cb_yield           L4-CB0 {'rot': 0.00349}
  t=  10.75  cb_yield           L4-CB1 {'rot': 0.00347}
  t=  10.75  cb_yield           L5-CB0 {'rot': 0.00349}
  t=  10.75  cb_yield           L5-CB1 {'rot': 0.00346}
  t=  10.75  cb_yield           L6-CB0 {'rot': 0.00331}
  t=  10.75  cb_yield           L6-CB1 {'rot': 0.00326}
  t=  10.75  cb_yield           L9-CB2 {'rot': 0.00338}
  t=  11.50  cb_yield           L16-CB0 {'rot': 0.00317}
  t=  12.38  cb_yield           L14-CB1 {'rot': 0.00323}
  t=  12.38  cb_yield           L20-CB0 {'rot': 0.0036}
  t=  12.38  cb_yield           L21-CB0 {'rot': 0.00373}
  t=  12.38  cb_yield           L22-CB0 {'rot': 0.0038}
  t=  12.38  cb_yield           L23-CB0 {'rot': 0.00382}
  t=  12.38  cb_yield           L24-CB0 {'rot': 0.00377}
  t=  12.38  cb_yield           L25-CB0 {'rot': 0.00367}
  t=  12.38  cb_yield           L26-CB0 {'rot': 0.00351}
  t=  12.50  cb_yield           L17-CB0 {'rot': 0.00351}
  t=  12.50  cb_yield           L18-CB0 {'rot': 0.00383}
  t=  12.50  cb_yield           L19-CB0 {'rot': 0.00408}
  t=  12.50  cb_yield           L27-CB0 {'rot': 0.00356}
  t=  12.63  cb_yield           L15-CB0 {'rot': 0.00326}
  t=  12.75  cb_yield           L8-CB1 {'rot': 0.00315}
  t=  12.75  cb_yield           L9-CB1 {'rot': 0.00348}
  t=  12.75  cb_yield           L13-CB0 {'rot': 0.00319}
  t=  12.75  cb_yield           L14-CB0 {'rot': 0.00333}
  t=  12.88  cb_yield           L7-CB0 {'rot': 0.00336}
  t=  12.88  cb_yield           L7-CB1 {'rot': 0.00407}
  t=  12.88  cb_yield           L8-CB0 {'rot': 0.00351}
  t=  12.88  cb_yield           L9-CB0 {'rot': 0.00358}
  t=  12.88  cb_yield           L10-CB0 {'rot': 0.00362}
  t=  12.88  cb_yield           L11-CB0 {'rot': 0.00362}
  t=  12.88  cb_yield           L12-CB0 {'rot': 0.0036}
  t=  13.13  cb_yield           L2-CB0 {'rot': 0.00313}
  t=  13.13  cb_yield           L2-CB1 {'rot': 0.0034}
  t=  13.13  cb_yield           L10-CB2 {'rot': 0.00325}
  t=  13.25  cb_yield           L11-CB2 {'rot': 0.00353}
  t=  13.25  cb_yield           L12-CB2 {'rot': 0.00322}
  t=  13.38  cb_yield           L13-CB2 {'rot': 0.00318}
  t=  13.63  cb_yield           L14-CB2 {'rot': 0.0034}
  t=  14.00  cb_yield           L23-CB2 {'rot': 0.00359}
  t=  14.00  cb_yield           L24-CB2 {'rot': 0.0035}
  t=  14.13  cb_yield           L25-CB2 {'rot': 0.0036}
  t=  14.13  cb_yield           L26-CB2 {'rot': 0.00347}
  t=  19.37  cb_yield           L1-CB1 {'rot': 0.00329}
  t=  19.37  cb_yield           L1-CB2 {'rot': 0.0032}
  t=  19.37  cb_yield           L1-CB3 {'rot': 0.00354}
  progress t=  20.0s  max corner drift so far=0.0021  wall clock=177s
  t=  20.12  cb_yield           L28-CB0 {'rot': 0.00351}
  t=  20.25  cb_yield           L29-CB0 {'rot': 0.00357}
  t=  22.50  cb_yield           L1-CB0 {'rot': 0.00329}
  progress t=  30.0s  max corner drift so far=0.0031  wall clock=265s
  t=  30.12  cb_yield           L27-CB2 {'rot': 0.00394}
  t=  30.12  cb_yield           L28-CB2 {'rot': 0.00374}
  t=  30.12  cb_yield           L29-CB2 {'rot': 0.00348}
  t=  31.12  cb_yield           L30-CB0 {'rot': 0.00368}
  t=  31.25  cb_yield           L31-CB0 {'rot': 0.00362}
  progress t=  40.0s  max corner drift so far=0.0031  wall clock=357s
  t=  46.00  cb_yield           L30-CB2 {'rot': 0.00364}
  t=  49.37  cb_failure         L20-CB3 {'rot': 0.01752}
  t=  49.37  cb_failure         L21-CB3 {'rot': 0.01773}
  t=  49.37  cb_failure         L22-CB3 {'rot': 0.01777}
  t=  49.37  cb_failure         L23-CB3 {'rot': 0.01766}
  progress t=  50.0s  max corner drift so far=0.0031  wall clock=449s
  t=  54.25  cb_yield           L32-CB0 {'rot': 0.00353}
  t=  54.37  cb_yield           L33-CB0 {'rot': 0.00345}
  t=  56.00  cb_yield           L31-CB2 {'rot': 0.00408}
  t=  56.00  cb_yield           L32-CB2 {'rot': 0.00378}
  t=  56.00  cb_yield           L33-CB2 {'rot': 0.0036}
  t=  59.12  cb_failure         L14-CB3 {'rot': 0.01738}
  t=  59.12  cb_failure         L15-CB3 {'rot': 0.01765}
  t=  59.12  cb_failure         L16-CB3 {'rot': 0.0178}
  t=  59.12  cb_failure         L17-CB3 {'rot': 0.01784}
  t=  59.12  cb_failure         L18-CB3 {'rot': 0.01776}
  t=  59.12  cb_failure         L19-CB3 {'rot': 0.01759}
  t=  59.25  cb_failure         L11-CB3 {'rot': 0.01741}
  t=  59.25  cb_failure         L12-CB3 {'rot': 0.01824}
  t=  59.25  cb_failure         L13-CB3 {'rot': 0.01894}
  t=  59.25  cb_failure         L14-CB1 {'rot': 0.01739}
  t=  59.25  cb_failure         L15-CB1 {'rot': 0.01768}
  t=  59.25  cb_failure         L16-CB1 {'rot': 0.01783}
  t=  59.25  cb_failure         L17-CB1 {'rot': 0.01786}
  t=  59.25  cb_failure         L18-CB1 {'rot': 0.01777}
  t=  59.25  cb_failure         L19-CB1 {'rot': 0.01757}
  t=  59.37  cb_failure         L10-CB3 {'rot': 0.01755}
  t=  59.37  cb_failure         L13-CB1 {'rot': 0.01752}
  t=  59.37  cb_failure         L20-CB1 {'rot': 0.01814}
  t=  59.37  cb_failure         L21-CB1 {'rot': 0.01789}
  t=  59.37  cb_failure         L22-CB1 {'rot': 0.01757}
  t=  59.37  cb_failure         L24-CB3 {'rot': 0.01876}
  t=  59.37  cb_failure         L25-CB3 {'rot': 0.01816}
  t=  59.37  cb_failure         L26-CB3 {'rot': 0.01756}
  t=  59.50  cb_failure         L23-CB1 {'rot': 0.01836}
  t=  59.50  cb_failure         L24-CB1 {'rot': 0.01807}
  t=  59.50  cb_failure         L25-CB1 {'rot': 0.01775}
  t=  59.50  cb_failure         L27-CB3 {'rot': 0.01872}
  t=  59.50  cb_failure         L28-CB3 {'rot': 0.01827}
  t=  59.50  cb_failure         L29-CB3 {'rot': 0.01781}
  t=  59.62  cb_failure         L26-CB1 {'rot': 0.01852}
  t=  59.62  cb_failure         L27-CB1 {'rot': 0.01822}
  t=  59.62  cb_failure         L28-CB1 {'rot': 0.01792}
  t=  59.62  cb_failure         L29-CB1 {'rot': 0.01759}
  t=  59.62  cb_failure         L30-CB3 {'rot': 0.01872}
  t=  59.62  cb_failure         L31-CB3 {'rot': 0.01824}
  t=  59.62  cb_failure         L32-CB3 {'rot': 0.01784}
  t=  59.62  cb_failure         L33-CB3 {'rot': 0.01764}
  progress t=  60.0s  max corner drift so far=0.0033  wall clock=543s
  t=  64.62  cb_failure         L9-CB3 {'rot': 0.0175}
  t=  64.75  cb_failure         L8-CB3 {'rot': 0.01754}
  t=  64.87  cb_failure         L12-CB1 {'rot': 0.01759}
  t=  64.87  cb_failure         L30-CB1 {'rot': 0.01796}
  t=  64.87  cb_failure         L31-CB1 {'rot': 0.01751}
  t=  65.00  cb_failure         L7-CB3 {'rot': 0.01713}
  t=  65.00  cb_failure         L11-CB1 {'rot': 0.0176}
  t=  65.12  cb_failure         L10-CB1 {'rot': 0.01759}
  t=  65.25  cb_failure         L9-CB1 {'rot': 0.01719}
  progress t=  70.0s  max corner drift so far=0.0035  wall clock=640s
  progress t=  80.0s  max corner drift so far=0.0035  wall clock=735s
  progress t=  90.0s  max corner drift so far=0.0035  wall clock=826s
  progress t= 100.0s  max corner drift so far=0.0035  wall clock=921s
