  t=   1.87  cb_yield           L4-CB1 {'rot': 0.00628}
  t=   1.87  cb_yield           L4-CB3 {'rot': 0.00642}
  t=   1.87  cb_yield           L5-CB0 {'rot': 0.00612}
  t=   1.87  cb_yield           L5-CB1 {'rot': 0.00652}
  t=   1.87  cb_yield           L5-CB2 {'rot': 0.00627}
  t=   1.87  cb_yield           L5-CB3 {'rot': 0.00668}
  t=   1.87  cb_yield           L6-CB1 {'rot': 0.00653}
  t=   1.87  cb_yield           L6-CB2 {'rot': 0.00623}
  t=   1.87  cb_yield           L6-CB3 {'rot': 0.0067}
  t=   1.87  cb_yield           L7-CB1 {'rot': 0.00637}
  t=   1.87  cb_yield           L7-CB3 {'rot': 0.00654}
  t=   1.87  cb_yield           L8-CB1 {'rot': 0.00609}
  t=   1.87  cb_yield           L8-CB3 {'rot': 0.00627}
  t=   2.00  cb_yield           L3-CB1 {'rot': 0.00637}
  t=   2.00  cb_yield           L3-CB2 {'rot': 0.00609}
  t=   2.00  cb_yield           L3-CB3 {'rot': 0.00646}
  t=   2.00  cb_yield           L4-CB0 {'rot': 0.00672}
  t=   2.00  cb_yield           L4-CB2 {'rot': 0.00683}
  t=   2.00  cb_yield           L6-CB0 {'rot': 0.00731}
  t=   2.00  cb_yield           L7-CB0 {'rot': 0.00726}
  t=   2.00  cb_yield           L7-CB2 {'rot': 0.00742}
  t=   2.00  cb_yield           L8-CB0 {'rot': 0.00706}
  t=   2.00  cb_yield           L8-CB2 {'rot': 0.00722}
  t=   2.00  cb_yield           L9-CB0 {'rot': 0.00672}
  t=   2.00  cb_yield           L9-CB1 {'rot': 0.0075}
  t=   2.00  cb_yield           L9-CB2 {'rot': 0.00688}
  t=   2.00  cb_yield           L9-CB3 {'rot': 0.00767}
  t=   2.00  cb_yield           L10-CB0 {'rot': 0.0063}
  t=   2.00  cb_yield           L10-CB1 {'rot': 0.00713}
  t=   2.00  cb_yield           L10-CB2 {'rot': 0.00646}
  t=   2.00  cb_yield           L10-CB3 {'rot': 0.00731}
  t=   2.00  cb_yield           L11-CB1 {'rot': 0.00672}
  t=   2.00  cb_yield           L11-CB3 {'rot': 0.0069}
  t=   2.00  cb_yield           L12-CB1 {'rot': 0.00629}
  t=   2.00  cb_yield           L12-CB3 {'rot': 0.00646}
  t=   2.12  cb_yield           L11-CB0 {'rot': 0.00715}
  t=   2.12  cb_yield           L11-CB2 {'rot': 0.00731}
  t=   2.12  cb_yield           L12-CB0 {'rot': 0.00674}
  t=   2.12  cb_yield           L12-CB2 {'rot': 0.00692}
  t=   2.12  cb_yield           L13-CB0 {'rot': 0.00629}
  t=   2.12  cb_yield           L13-CB1 {'rot': 0.00748}
  t=   2.12  cb_yield           L13-CB2 {'rot': 0.00646}
  t=   2.12  cb_yield           L13-CB3 {'rot': 0.00769}
  t=   2.12  cb_yield           L14-CB1 {'rot': 0.00702}
  t=   2.12  cb_yield           L14-CB3 {'rot': 0.00723}
  t=   2.12  cb_yield           L15-CB1 {'rot': 0.00657}
  t=   2.12  cb_yield           L15-CB3 {'rot': 0.00678}
  t=   2.12  cb_yield           L16-CB1 {'rot': 0.00614}
  t=   2.12  cb_yield           L16-CB3 {'rot': 0.00635}
  t=   2.25  cb_yield           L14-CB0 {'rot': 0.00692}
  t=   2.25  cb_yield           L14-CB2 {'rot': 0.00715}
  t=   2.25  cb_yield           L15-CB0 {'rot': 0.0065}
  t=   2.25  cb_yield           L15-CB2 {'rot': 0.00675}
  t=   2.25  cb_yield           L16-CB2 {'rot': 0.00632}
  t=   2.25  cb_yield           L17-CB1 {'rot': 0.00707}
  t=   2.25  cb_yield           L17-CB3 {'rot': 0.00736}
  t=   2.25  cb_yield           L18-CB3 {'rot': 0.00684}
  t=   2.37  cb_yield           L16-CB0 {'rot': 0.00671}
  t=   2.37  cb_yield           L17-CB2 {'rot': 0.00666}
  t=   2.37  cb_yield           L18-CB1 {'rot': 0.00787}
  t=   2.37  cb_yield           L19-CB1 {'rot': 0.00751}
  t=   2.37  cb_yield           L19-CB3 {'rot': 0.0079}
  t=   2.37  cb_yield           L20-CB1 {'rot': 0.00717}
  t=   2.37  cb_yield           L20-CB3 {'rot': 0.00758}
  t=   2.37  cb_yield           L21-CB1 {'rot': 0.00683}
  t=   2.37  cb_yield           L21-CB3 {'rot': 0.00726}
  t=   2.37  cb_yield           L22-CB3 {'rot': 0.00694}
  t=   2.37  cb_yield           L23-CB3 {'rot': 0.00663}
  t=   2.50  cb_yield           L17-CB0 {'rot': 0.00714}
  t=   2.50  cb_yield           L18-CB0 {'rot': 0.00714}
  t=   2.50  cb_yield           L18-CB2 {'rot': 0.00749}
  t=   2.50  cb_yield           L19-CB0 {'rot': 0.00708}
  t=   2.50  cb_yield           L19-CB2 {'rot': 0.00745}
  t=   2.50  cb_yield           L20-CB0 {'rot': 0.00697}
  t=   2.50  cb_yield           L20-CB2 {'rot': 0.00737}
  t=   2.50  cb_yield           L21-CB0 {'rot': 0.00679}
  t=   2.50  cb_yield           L21-CB2 {'rot': 0.00721}
  t=   2.50  cb_yield           L22-CB1 {'rot': 0.00927}
  t=   2.50  cb_yield           L22-CB2 {'rot': 0.00696}
  t=   2.50  cb_yield           L23-CB1 {'rot': 0.00894}
  t=   2.50  cb_yield           L23-CB2 {'rot': 0.00663}
  t=   2.50  cb_yield           L24-CB1 {'rot': 0.00852}
  t=   2.50  cb_yield           L24-CB3 {'rot': 0.00899}
  t=   2.50  cb_yield           L25-CB1 {'rot': 0.00803}
  t=   2.50  cb_yield           L25-CB3 {'rot': 0.0085}
  t=   2.50  cb_yield           L26-CB1 {'rot': 0.00748}
  t=   2.50  cb_yield           L26-CB3 {'rot': 0.00794}
  t=   2.50  cb_yield           L27-CB1 {'rot': 0.0069}
  t=   2.50  cb_yield           L27-CB3 {'rot': 0.00736}
  t=   2.50  cb_yield           L28-CB3 {'rot': 0.00679}
  t=   2.62  cb_yield           L22-CB0 {'rot': 0.00819}
  t=   2.62  cb_yield           L23-CB0 {'rot': 0.00781}
  t=   2.62  cb_yield           L24-CB0 {'rot': 0.00729}
  t=   2.62  cb_yield           L24-CB2 {'rot': 0.0076}
  t=   2.62  cb_yield           L25-CB0 {'rot': 0.00666}
  t=   2.62  cb_yield           L25-CB2 {'rot': 0.00696}
  t=   2.62  cb_yield           L28-CB1 {'rot': 0.00753}
  t=   2.62  cb_yield           L29-CB1 {'rot': 0.00671}
  t=   2.62  cb_yield           L29-CB3 {'rot': 0.00701}
  t=   3.62  cb_yield           L26-CB0 {'rot': 0.00687}
  t=   4.00  cb_yield           L3-CB0 {'rot': 0.0063}
  t=   4.12  cb_yield           L2-CB0 {'rot': 0.00766}
  t=   4.12  cb_yield           L2-CB1 {'rot': 0.00746}
  t=   4.12  cb_yield           L2-CB2 {'rot': 0.00659}
  t=   4.12  cb_yield           L2-CB3 {'rot': 0.00644}
  t=   4.25  cb_yield           L1-CB0 {'rot': 0.00694}
  t=   4.25  cb_yield           L1-CB1 {'rot': 0.00675}
  t=   4.25  cb_yield           L1-CB2 {'rot': 0.00614}
  t=   4.37  cb_yield           L1-CB3 {'rot': 0.00672}
  t=   8.63  cb_yield           L26-CB2 {'rot': 0.00849}
  t=   8.63  cb_yield           L27-CB2 {'rot': 0.00771}
  t=   8.63  cb_yield           L28-CB2 {'rot': 0.00695}
  t=   8.63  cb_yield           L30-CB3 {'rot': 0.00875}
  t=   8.63  cb_yield           L31-CB3 {'rot': 0.0078}
  t=   8.63  cb_yield           L32-CB3 {'rot': 0.00705}
  t=   8.75  cb_yield           L29-CB2 {'rot': 0.00818}
  t=   8.75  cb_yield           L30-CB2 {'rot': 0.00706}
  t=   8.75  cb_yield           L33-CB3 {'rot': 0.00891}
  t=   9.00  cb_yield           L31-CB2 {'rot': 0.00765}
  t=   9.00  cb_yield           L32-CB2 {'rot': 0.00694}
  t=   9.00  cb_yield           L33-CB2 {'rot': 0.00663}
  t=   9.25  cb_yield           L27-CB0 {'rot': 0.0067}
  t=   9.25  cb_yield           L30-CB1 {'rot': 0.008}
  t=   9.25  cb_yield           L31-CB1 {'rot': 0.00682}
  t=   9.38  cb_yield           L28-CB0 {'rot': 0.00661}
  t=   9.38  cb_yield           L32-CB1 {'rot': 0.00779}
  t=   9.38  cb_yield           L33-CB1 {'rot': 0.00669}
  progress t=  10.0s  max corner drift so far=0.0073  wall clock=102s
  t=  10.38  cb_yield           L29-CB0 {'rot': 0.00717}
  t=  10.38  cb_yield           L30-CB0 {'rot': 0.00658}
  t=  10.50  cb_yield           L31-CB0 {'rot': 0.01098}
  t=  10.50  cb_yield           L32-CB0 {'rot': 0.01022}
  t=  10.50  cb_yield           L33-CB0 {'rot': 0.00985}
  t=  10.63  cb_failure         L5-CB2 {'rot': 0.03023}
  t=  10.75  cb_failure         L2-CB2 {'rot': 0.03009}
  t=  10.75  cb_failure         L3-CB2 {'rot': 0.03466}
  t=  10.75  cb_failure         L3-CB3 {'rot': 0.03251}
  t=  10.75  cb_failure         L4-CB2 {'rot': 0.03766}
  t=  10.75  cb_failure         L4-CB3 {'rot': 0.0351}
  t=  10.75  cb_failure         L5-CB3 {'rot': 0.03575}
  t=  10.75  cb_failure         L6-CB2 {'rot': 0.03807}
  t=  10.75  cb_failure         L6-CB3 {'rot': 0.03473}
  t=  10.75  cb_failure         L7-CB2 {'rot': 0.03614}
  t=  10.75  cb_failure         L7-CB3 {'rot': 0.03248}
  t=  10.75  cb_failure         L8-CB2 {'rot': 0.03331}
  t=  10.88  cb_failure         L2-CB0 {'rot': 0.0328}
  t=  10.88  cb_failure         L2-CB3 {'rot': 0.03617}
  t=  10.88  cb_failure         L3-CB0 {'rot': 0.0356}
  t=  10.88  cb_failure         L3-CB1 {'rot': 0.03233}
  t=  10.88  cb_failure         L4-CB0 {'rot': 0.03684}
  t=  10.88  cb_failure         L4-CB1 {'rot': 0.03406}
  t=  10.88  cb_failure         L5-CB0 {'rot': 0.03619}
  t=  10.88  cb_failure         L5-CB1 {'rot': 0.03369}
  t=  10.88  cb_failure         L6-CB0 {'rot': 0.03403}
  t=  10.88  cb_failure         L6-CB1 {'rot': 0.03169}
  t=  10.88  cb_failure         L7-CB0 {'rot': 0.03104}
  t=  10.88  cb_failure         L8-CB3 {'rot': 0.03328}
  t=  10.88  cb_failure         L9-CB2 {'rot': 0.03236}
  t=  11.00  cb_failure         L2-CB1 {'rot': 0.03362}
  t=  11.00  cb_failure         L7-CB1 {'rot': 0.03567}
  t=  11.00  cb_failure         L8-CB0 {'rot': 0.03251}
  t=  11.00  cb_failure         L8-CB1 {'rot': 0.03143}
  t=  11.00  cb_failure         L9-CB3 {'rot': 0.03328}
  t=  11.13  cb_failure         L9-CB0 {'rot': 0.03313}
  t=  11.13  cb_failure         L9-CB1 {'rot': 0.03355}
  t=  11.13  cb_failure         L10-CB2 {'rot': 0.03358}
  t=  11.13  cb_failure         L10-CB3 {'rot': 0.03316}
  t=  11.25  cb_failure         L10-CB0 {'rot': 0.03498}
  t=  11.25  cb_failure         L10-CB1 {'rot': 0.03602}
  t=  11.25  cb_failure         L11-CB0 {'rot': 0.03012}
  t=  11.25  cb_failure         L11-CB1 {'rot': 0.03115}
  t=  11.25  cb_failure         L11-CB2 {'rot': 0.03396}
  t=  11.25  cb_failure         L11-CB3 {'rot': 0.03436}
  t=  11.38  cb_failure         L12-CB0 {'rot': 0.03552}
  t=  11.38  cb_failure         L12-CB1 {'rot': 0.03759}
  t=  11.38  cb_failure         L12-CB2 {'rot': 0.03744}
  t=  11.38  cb_failure         L12-CB3 {'rot': 0.03889}
  t=  11.38  cb_failure         L13-CB0 {'rot': 0.03189}
  t=  11.38  cb_failure         L13-CB1 {'rot': 0.03417}
  t=  11.38  cb_failure         L13-CB2 {'rot': 0.03394}
  t=  11.38  cb_failure         L13-CB3 {'rot': 0.03557}
  t=  11.38  cb_failure         L14-CB1 {'rot': 0.03069}
  t=  11.38  cb_failure         L14-CB2 {'rot': 0.03046}
  t=  11.38  cb_failure         L14-CB3 {'rot': 0.03219}
  t=  11.50  cb_failure         L14-CB0 {'rot': 0.04472}
  t=  11.50  cb_failure         L15-CB0 {'rot': 0.04231}
  t=  11.50  cb_failure         L15-CB1 {'rot': 0.04356}
  t=  11.50  cb_failure         L15-CB2 {'rot': 0.04205}
  t=  11.50  cb_failure         L15-CB3 {'rot': 0.04314}
  t=  11.50  cb_failure         L16-CB0 {'rot': 0.03986}
  t=  11.50  cb_failure         L16-CB1 {'rot': 0.04096}
  t=  11.50  cb_failure         L16-CB2 {'rot': 0.03982}
  t=  11.50  cb_failure         L16-CB3 {'rot': 0.04075}
  t=  11.50  cb_failure         L17-CB0 {'rot': 0.03596}
  t=  11.50  cb_failure         L17-CB1 {'rot': 0.03745}
  t=  11.50  cb_failure         L17-CB2 {'rot': 0.03618}
  t=  11.50  cb_failure         L17-CB3 {'rot': 0.03749}
  t=  11.50  cb_failure         L18-CB0 {'rot': 0.03236}
  t=  11.50  cb_failure         L18-CB1 {'rot': 0.03387}
  t=  11.50  cb_failure         L18-CB2 {'rot': 0.03278}
  t=  11.50  cb_failure         L18-CB3 {'rot': 0.0341}
  t=  11.50  cb_failure         L19-CB3 {'rot': 0.03074}
  t=  11.63  cb_failure         L19-CB0 {'rot': 0.04377}
  t=  11.63  cb_failure         L19-CB1 {'rot': 0.04502}
  t=  11.63  cb_failure         L19-CB2 {'rot': 0.04191}
  t=  11.63  cb_failure         L20-CB0 {'rot': 0.03929}
  t=  11.63  cb_failure         L20-CB1 {'rot': 0.04049}
  t=  11.63  cb_failure         L20-CB2 {'rot': 0.03769}
  t=  11.63  cb_failure         L20-CB3 {'rot': 0.03909}
  t=  11.63  cb_failure         L21-CB0 {'rot': 0.03435}
  t=  11.63  cb_failure         L21-CB1 {'rot': 0.03554}
  t=  11.63  cb_failure         L21-CB2 {'rot': 0.03301}
  t=  11.63  cb_failure         L21-CB3 {'rot': 0.03433}
  t=  11.75  cb_failure         L22-CB0 {'rot': 0.0369}
  t=  11.75  cb_failure         L22-CB1 {'rot': 0.03802}
  t=  11.75  cb_failure         L22-CB2 {'rot': 0.03397}
  t=  11.75  cb_failure         L22-CB3 {'rot': 0.0353}
  t=  11.88  cb_failure         L23-CB0 {'rot': 0.03218}
  t=  11.88  cb_failure         L23-CB1 {'rot': 0.03383}
  t=  13.00  cb_failure         L25-CB3 {'rot': 0.03224}
  t=  13.00  cb_failure         L26-CB3 {'rot': 0.03322}
  t=  13.00  cb_failure         L27-CB3 {'rot': 0.03344}
  t=  13.00  cb_failure         L28-CB3 {'rot': 0.03325}
  t=  13.00  cb_failure         L29-CB3 {'rot': 0.03241}
  t=  13.00  cb_failure         L30-CB3 {'rot': 0.03099}
  t=  14.88  cb_failure         L23-CB3 {'rot': 0.03905}
  t=  14.88  cb_failure         L24-CB3 {'rot': 0.03906}
  t=  15.00  cb_failure         L23-CB2 {'rot': 0.03454}
  t=  15.00  cb_failure         L24-CB1 {'rot': 0.03658}
  t=  15.00  cb_failure         L24-CB2 {'rot': 0.03496}
  t=  15.00  cb_failure         L25-CB1 {'rot': 0.03554}
  t=  15.00  cb_failure         L25-CB2 {'rot': 0.03506}
  t=  15.00  cb_failure         L26-CB1 {'rot': 0.03437}
  t=  15.00  cb_failure         L26-CB2 {'rot': 0.0347}
  t=  15.00  cb_failure         L27-CB1 {'rot': 0.03313}
  t=  15.00  cb_failure         L27-CB2 {'rot': 0.03403}
  t=  15.00  cb_failure         L28-CB1 {'rot': 0.03198}
  t=  15.00  cb_failure         L28-CB2 {'rot': 0.03327}
  t=  15.00  cb_failure         L29-CB1 {'rot': 0.03066}
  t=  15.00  cb_failure         L29-CB2 {'rot': 0.03223}
  t=  15.00  cb_failure         L30-CB2 {'rot': 0.03068}
  t=  15.00  cb_failure         L31-CB3 {'rot': 0.04563}
  t=  15.00  cb_failure         L32-CB3 {'rot': 0.04428}
  t=  15.00  cb_failure         L33-CB3 {'rot': 0.04325}
  t=  15.13  cb_failure         L30-CB1 {'rot': 0.0416}
  t=  15.13  cb_failure         L31-CB1 {'rot': 0.03972}
  t=  15.13  cb_failure         L32-CB1 {'rot': 0.0383}
  t=  15.13  cb_failure         L33-CB1 {'rot': 0.03751}
  t=  15.25  cb_failure         L24-CB0 {'rot': 0.03861}
  t=  15.25  cb_failure         L25-CB0 {'rot': 0.03774}
  t=  15.25  cb_failure         L26-CB0 {'rot': 0.03617}
  t=  15.25  cb_failure         L27-CB0 {'rot': 0.03401}
  t=  15.25  cb_failure         L28-CB0 {'rot': 0.03178}
  t=  15.38  cb_failure         L29-CB0 {'rot': 0.03496}
  t=  15.38  cb_failure         L30-CB0 {'rot': 0.03226}
  t=  15.50  cb_failure         L31-CB0 {'rot': 0.03186}
  t=  16.43  wall_axial_failure S1-F {'gamma': 0.00068, 'eps': -0.0073, 'cause': 'crushing'}
  t=  16.50  cb_failure         L1-CB1 {'rot': 0.05766}
  t=  16.50  cb_failure         L1-CB3 {'rot': 0.03043}
