  t=   4.12  cb_yield           L6-CB0 {'rot': 0.00593}
  t=   4.12  cb_yield           L7-CB0 {'rot': 0.00591}
  t=   4.25  cb_yield           L4-CB0 {'rot': 0.00643}
  t=   4.25  cb_yield           L4-CB1 {'rot': 0.00625}
  t=   4.25  cb_yield           L5-CB0 {'rot': 0.00676}
  t=   4.25  cb_yield           L5-CB1 {'rot': 0.00657}
  t=   4.25  cb_yield           L6-CB1 {'rot': 0.00664}
  t=   4.25  cb_yield           L7-CB1 {'rot': 0.00653}
  t=   4.25  cb_yield           L8-CB0 {'rot': 0.00654}
  t=   4.25  cb_yield           L8-CB1 {'rot': 0.00627}
  t=   4.25  cb_yield           L9-CB0 {'rot': 0.00621}
  t=   4.25  cb_yield           L9-CB1 {'rot': 0.0059}
  t=   8.00  cb_yield           L6-CB3 {'rot': 0.00597}
  t=   8.00  cb_yield           L7-CB3 {'rot': 0.00593}
  t=   8.50  cb_yield           L10-CB3 {'rot': 0.00599}
  t=   8.50  cb_yield           L11-CB3 {'rot': 0.00613}
  t=   8.50  cb_yield           L12-CB3 {'rot': 0.00626}
  t=   8.50  cb_yield           L13-CB3 {'rot': 0.00639}
  t=   8.50  cb_yield           L14-CB3 {'rot': 0.0065}
  t=   8.50  cb_yield           L15-CB3 {'rot': 0.00661}
  t=   8.50  cb_yield           L16-CB3 {'rot': 0.00673}
  t=   8.50  cb_yield           L17-CB3 {'rot': 0.00687}
  t=   8.50  cb_yield           L18-CB3 {'rot': 0.007}
  t=   8.50  cb_yield           L19-CB3 {'rot': 0.00711}
  t=   8.50  cb_yield           L20-CB3 {'rot': 0.00721}
  t=   8.50  cb_yield           L21-CB3 {'rot': 0.00726}
  t=   8.50  cb_yield           L22-CB3 {'rot': 0.00727}
  t=   8.50  cb_yield           L23-CB3 {'rot': 0.00721}
  t=   8.50  cb_yield           L24-CB3 {'rot': 0.00708}
  t=   8.50  cb_yield           L25-CB3 {'rot': 0.0069}
  t=   8.50  cb_yield           L26-CB3 {'rot': 0.00665}
  t=   8.63  cb_yield           L9-CB3 {'rot': 0.00619}
  t=   8.63  cb_yield           L13-CB2 {'rot': 0.00591}
  t=   8.63  cb_yield           L14-CB2 {'rot': 0.00607}
  t=   8.63  cb_yield           L15-CB2 {'rot': 0.0062}
  t=   8.63  cb_yield           L16-CB2 {'rot': 0.00628}
  t=   8.63  cb_yield           L27-CB3 {'rot': 0.00792}
  t=   8.63  cb_yield           L28-CB3 {'rot': 0.00758}
  t=   8.63  cb_yield           L29-CB3 {'rot': 0.00718}
  t=   8.63  cb_yield           L30-CB3 {'rot': 0.00672}
  t=   8.75  cb_yield           L12-CB2 {'rot': 0.00627}
  t=   8.75  cb_yield           L17-CB2 {'rot': 0.00773}
  t=   8.75  cb_yield           L18-CB2 {'rot': 0.00783}
  t=   8.75  cb_yield           L19-CB2 {'rot': 0.00782}
  t=   8.75  cb_yield           L20-CB2 {'rot': 0.00774}
  t=   8.75  cb_yield           L21-CB2 {'rot': 0.00755}
  t=   8.75  cb_yield           L22-CB2 {'rot': 0.00728}
  t=   8.75  cb_yield           L23-CB2 {'rot': 0.00692}
  t=   8.88  cb_yield           L11-CB2 {'rot': 0.00604}
  progress t=  10.0s  max corner drift so far=0.0032  wall clock=125s
  t=  10.38  cb_yield           L2-CB2 {'rot': 0.00765}
  t=  10.38  cb_yield           L2-CB3 {'rot': 0.00777}
  t=  10.38  cb_yield           L3-CB2 {'rot': 0.00868}
  t=  10.38  cb_yield           L3-CB3 {'rot': 0.00875}
  t=  10.38  cb_yield           L4-CB2 {'rot': 0.00902}
  t=  10.38  cb_yield           L4-CB3 {'rot': 0.00903}
  t=  10.38  cb_yield           L5-CB2 {'rot': 0.00877}
  t=  10.38  cb_yield           L5-CB3 {'rot': 0.00873}
  t=  10.38  cb_yield           L6-CB2 {'rot': 0.00815}
  t=  10.38  cb_yield           L7-CB2 {'rot': 0.00729}
  t=  10.38  cb_yield           L8-CB2 {'rot': 0.00633}
  t=  10.38  cb_yield           L8-CB3 {'rot': 0.00609}
  t=  10.38  cb_yield           L20-CB1 {'rot': 0.00662}
  t=  10.38  cb_yield           L21-CB1 {'rot': 0.00682}
  t=  10.38  cb_yield           L22-CB1 {'rot': 0.00694}
  t=  10.38  cb_yield           L23-CB1 {'rot': 0.00699}
  t=  10.38  cb_yield           L24-CB1 {'rot': 0.00697}
  t=  10.38  cb_yield           L25-CB1 {'rot': 0.0069}
  t=  10.38  cb_yield           L26-CB1 {'rot': 0.00679}
  t=  10.38  cb_yield           L27-CB1 {'rot': 0.00664}
  t=  10.50  cb_yield           L1-CB2 {'rot': 0.0064}
  t=  10.50  cb_yield           L1-CB3 {'rot': 0.00631}
  t=  10.50  cb_yield           L2-CB0 {'rot': 0.00648}
  t=  10.50  cb_yield           L2-CB1 {'rot': 0.00661}
  t=  10.50  cb_yield           L3-CB0 {'rot': 0.00718}
  t=  10.50  cb_yield           L3-CB1 {'rot': 0.00742}
  t=  10.50  cb_yield           L9-CB2 {'rot': 0.00781}
  t=  10.50  cb_yield           L10-CB2 {'rot': 0.00669}
  t=  10.50  cb_yield           L28-CB1 {'rot': 0.007}
  t=  10.50  cb_yield           L29-CB1 {'rot': 0.00668}
  t=  10.75  cb_yield           L1-CB0 {'rot': 0.00629}
  t=  10.75  cb_yield           L1-CB1 {'rot': 0.0063}
  t=  10.75  cb_yield           L10-CB0 {'rot': 0.00697}
  t=  10.75  cb_yield           L10-CB1 {'rot': 0.00722}
  t=  10.75  cb_yield           L11-CB0 {'rot': 0.00607}
  t=  10.75  cb_yield           L11-CB1 {'rot': 0.00621}
  t=  10.88  cb_yield           L12-CB0 {'rot': 0.00756}
  t=  10.88  cb_yield           L12-CB1 {'rot': 0.00757}
  t=  10.88  cb_yield           L13-CB0 {'rot': 0.00684}
  t=  10.88  cb_yield           L13-CB1 {'rot': 0.0068}
  t=  10.88  cb_yield           L14-CB0 {'rot': 0.00613}
  t=  10.88  cb_yield           L14-CB1 {'rot': 0.00604}
  t=  11.00  cb_yield           L15-CB0 {'rot': 0.00819}
  t=  11.00  cb_yield           L15-CB1 {'rot': 0.00856}
  t=  11.00  cb_yield           L16-CB0 {'rot': 0.00769}
  t=  11.00  cb_yield           L16-CB1 {'rot': 0.00802}
  t=  11.00  cb_yield           L17-CB0 {'rot': 0.00711}
  t=  11.00  cb_yield           L17-CB1 {'rot': 0.00739}
  t=  11.00  cb_yield           L18-CB0 {'rot': 0.00656}
  t=  11.00  cb_yield           L18-CB1 {'rot': 0.00678}
  t=  11.13  cb_yield           L19-CB0 {'rot': 0.00921}
  t=  11.13  cb_yield           L19-CB1 {'rot': 0.01042}
  t=  11.13  cb_yield           L20-CB0 {'rot': 0.00891}
  t=  11.13  cb_yield           L21-CB0 {'rot': 0.00861}
  t=  11.13  cb_yield           L22-CB0 {'rot': 0.00828}
  t=  11.13  cb_yield           L23-CB0 {'rot': 0.00793}
  t=  11.13  cb_yield           L24-CB0 {'rot': 0.00753}
  t=  11.13  cb_yield           L25-CB0 {'rot': 0.00708}
  t=  11.13  cb_yield           L26-CB0 {'rot': 0.00658}
  t=  11.25  cb_failure         L15-CB1 {'rot': 0.02093}
  t=  11.25  cb_yield           L27-CB0 {'rot': 0.00678}
  t=  12.50  cb_yield           L30-CB1 {'rot': 0.00715}
  t=  12.50  cb_yield           L31-CB1 {'rot': 0.00666}
  t=  14.00  cb_yield           L31-CB3 {'rot': 0.00761}
  t=  14.00  cb_yield           L32-CB3 {'rot': 0.0071}
  t=  14.13  cb_yield           L33-CB3 {'rot': 0.00721}
  t=  15.25  cb_yield           L32-CB1 {'rot': 0.00658}
  t=  15.38  cb_yield           L33-CB1 {'rot': 0.00686}
  t=  17.00  cb_failure         L6-CB1 {'rot': 0.02081}
  t=  17.00  cb_failure         L10-CB0 {'rot': 0.02042}
  t=  17.25  cb_failure         L9-CB1 {'rot': 0.01995}
  t= 17.350  solver fallback: Newton
  t=  17.38  cb_failure         L8-CB1 {'rot': 0.01996}
  t=  17.38  cb_failure         L10-CB1 {'rot': 0.02022}
  t=  17.38  cb_failure         L11-CB1 {'rot': 0.02005}
  t=  17.50  cb_failure         L12-CB1 {'rot': 0.01989}
  t=  19.12  cb_failure         L6-CB3 {'rot': 0.02}
  t=  19.37  cb_failure         L4-CB0 {'rot': 0.02054}
  t=  19.37  cb_failure         L4-CB3 {'rot': 0.02003}
  t=  19.37  cb_failure         L5-CB3 {'rot': 0.02095}
  t=  19.37  cb_failure         L7-CB3 {'rot': 0.02156}
  t=  19.37  cb_failure         L8-CB3 {'rot': 0.02135}
  t=  19.37  cb_failure         L9-CB3 {'rot': 0.02091}
  t=  19.37  cb_failure         L10-CB3 {'rot': 0.02032}
  t=  19.37  cb_failure         L16-CB3 {'rot': 0.02091}
  t= 19.450  solver fallback: Newton
  t=  19.50  cb_failure         L4-CB1 {'rot': 0.01993}
  t=  19.50  cb_failure         L5-CB1 {'rot': 0.02104}
  t=  19.50  cb_failure         L5-CB2 {'rot': 0.0199}
  t=  19.50  cb_failure         L6-CB2 {'rot': 0.02033}
  t=  19.50  cb_failure         L7-CB1 {'rot': 0.02179}
  t=  19.50  cb_failure         L7-CB2 {'rot': 0.02032}
  t=  19.50  cb_failure         L8-CB2 {'rot': 0.01993}
  t=  19.50  cb_failure         L11-CB3 {'rot': 0.02149}
  t=  19.50  cb_failure         L12-CB3 {'rot': 0.02062}
  t=  19.50  cb_failure         L17-CB3 {'rot': 0.02142}
  t=  19.62  cb_failure         L8-CB0 {'rot': 0.0202}
  t=  19.62  cb_failure         L9-CB2 {'rot': 0.02104}
  t=  19.62  cb_failure         L10-CB2 {'rot': 0.0206}
  t=  19.62  cb_failure         L11-CB2 {'rot': 0.01989}
  t=  19.62  cb_failure         L13-CB1 {'rot': 0.02088}
  t=  19.62  cb_failure         L13-CB3 {'rot': 0.02234}
  t=  19.62  cb_failure         L14-CB3 {'rot': 0.02099}
  t=  19.75  cb_failure         L14-CB1 {'rot': 0.02261}
  t=  19.75  cb_failure         L15-CB3 {'rot': 0.02101}
  t=  19.75  cb_failure         L16-CB1 {'rot': 0.02007}
  t=  19.87  cb_failure         L17-CB1 {'rot': 0.02242}
  t=  19.87  cb_failure         L18-CB1 {'rot': 0.02141}
  t=  20.00  cb_failure         L3-CB1 {'rot': 0.02019}
  t=  20.00  cb_failure         L5-CB0 {'rot': 0.02026}
  t=  20.00  cb_failure         L6-CB0 {'rot': 0.02083}
  t=  20.00  cb_failure         L7-CB0 {'rot': 0.02099}
  t=  20.00  cb_failure         L9-CB0 {'rot': 0.0205}
  t=  20.00  cb_failure         L19-CB1 {'rot': 0.02503}
  t=  20.00  cb_failure         L20-CB1 {'rot': 0.02454}
  t=  20.00  cb_failure         L21-CB1 {'rot': 0.02392}
  t=  20.00  cb_failure         L21-CB3 {'rot': 0.0227}
  t=  20.00  cb_failure         L22-CB1 {'rot': 0.02315}
  t=  20.00  cb_failure         L22-CB3 {'rot': 0.02252}
  t=  20.00  cb_failure         L23-CB1 {'rot': 0.02222}
  t=  20.00  cb_failure         L24-CB1 {'rot': 0.02108}
  progress t=  20.0s  max corner drift so far=0.0069  wall clock=262s
  t=  20.12  cb_failure         L11-CB0 {'rot': 0.02142}
  t=  20.12  cb_failure         L12-CB0 {'rot': 0.02097}
  t=  20.12  cb_failure         L13-CB0 {'rot': 0.02045}
  t=  20.12  cb_failure         L18-CB3 {'rot': 0.02098}
  t=  20.12  cb_failure         L19-CB3 {'rot': 0.02071}
  t=  20.12  cb_failure         L20-CB3 {'rot': 0.02053}
  t=  20.12  cb_failure         L25-CB1 {'rot': 0.02457}
  t=  20.12  cb_failure         L26-CB1 {'rot': 0.02348}
  t=  20.12  cb_failure         L26-CB3 {'rot': 0.02269}
  t=  20.12  cb_failure         L27-CB1 {'rot': 0.02234}
  t=  20.12  cb_failure         L27-CB3 {'rot': 0.02274}
  t=  20.12  cb_failure         L28-CB1 {'rot': 0.02129}
  t=  20.12  cb_failure         L33-CB1 {'rot': 0.02194}
  t=  20.25  cb_failure         L14-CB0 {'rot': 0.02211}
  t=  20.25  cb_failure         L15-CB0 {'rot': 0.02127}
  t=  20.25  cb_failure         L16-CB0 {'rot': 0.02035}
  t=  20.25  cb_failure         L23-CB3 {'rot': 0.0212}
  t=  20.25  cb_failure         L24-CB3 {'rot': 0.02108}
  t=  20.25  cb_failure         L25-CB3 {'rot': 0.02101}
  t=  20.25  cb_yield           L28-CB0 {'rot': 0.00807}
  t=  20.25  cb_failure         L28-CB3 {'rot': 0.02103}
  t=  20.25  cb_yield           L29-CB0 {'rot': 0.00753}
  t=  20.25  cb_failure         L29-CB1 {'rot': 0.02654}
  t=  20.25  cb_failure         L29-CB3 {'rot': 0.02101}
  t=  20.25  cb_yield           L30-CB0 {'rot': 0.00689}
  t=  20.25  cb_failure         L30-CB1 {'rot': 0.02598}
  t=  20.25  cb_failure         L30-CB3 {'rot': 0.0208}
  t=  20.25  cb_failure         L31-CB1 {'rot': 0.02536}
  t=  20.25  cb_failure         L31-CB3 {'rot': 0.02056}
  t=  20.25  cb_failure         L32-CB1 {'rot': 0.02484}
  t=  20.25  cb_failure         L33-CB3 {'rot': 0.02248}
  t=  20.37  cb_failure         L17-CB0 {'rot': 0.02113}
  t=  20.37  cb_yield           L31-CB0 {'rot': 0.00686}
  t=  20.50  cb_failure         L18-CB0 {'rot': 0.02286}
  t=  20.50  cb_failure         L19-CB0 {'rot': 0.02151}
  t=  20.62  cb_failure         L20-CB0 {'rot': 0.0228}
  t=  20.62  cb_failure         L21-CB0 {'rot': 0.02104}
  t=  20.62  cb_failure         L24-CB0 {'rot': 0.02068}
  t=  20.87  cb_failure         L22-CB0 {'rot': 0.02123}
  t=  20.87  cb_failure         L26-CB0 {'rot': 0.02071}
  t=  20.87  cb_yield           L32-CB0 {'rot': 0.00872}
  t=  20.87  cb_yield           L33-CB0 {'rot': 0.00845}
  t=  21.00  cb_failure         L27-CB0 {'rot': 0.02145}
  t=  22.50  cb_failure         L3-CB0 {'rot': 0.02009}
  t=  22.62  cb_failure         L1-CB1 {'rot': 0.02114}
  t=  22.62  cb_failure         L2-CB1 {'rot': 0.02123}
  t=  22.62  cb_failure         L3-CB3 {'rot': 0.02065}
  t= 22.975  solver fallback: Newton
  t=  23.25  cb_failure         L12-CB2 {'rot': 0.02101}
  t=  23.25  cb_failure         L13-CB2 {'rot': 0.02082}
  t=  23.25  cb_failure         L14-CB2 {'rot': 0.02052}
  t=  23.25  cb_failure         L15-CB2 {'rot': 0.02016}
  t=  23.25  cb_yield           L24-CB2 {'rot': 0.00903}
  t=  23.25  cb_yield           L25-CB2 {'rot': 0.00703}
  t=  23.37  cb_failure         L16-CB2 {'rot': 0.0206}
  t=  23.37  cb_failure         L25-CB0 {'rot': 0.02208}
  t=  23.37  cb_yield           L26-CB2 {'rot': 0.00858}
  t=  23.50  cb_yield           L27-CB2 {'rot': 0.00685}
  t=  25.75  cb_failure         L32-CB3 {'rot': 0.02061}
  t= 25.875  solver fallback: Newton
  t= 25.900  solver fallback: Newton
  t=  26.00  cb_failure         L4-CB2 {'rot': 0.01992}
  t=  26.25  cb_failure         L17-CB2 {'rot': 0.02208}
  t= 26.650  solver fallback: Newton
  t=  26.75  cb_failure         L23-CB0 {'rot': 0.021}
  t=  26.75  cb_yield           L28-CB2 {'rot': 0.00834}
  t=  26.75  cb_yield           L29-CB2 {'rot': 0.0074}
  t=  26.87  cb_yield           L30-CB2 {'rot': 0.00948}
  t=  26.87  cb_yield           L31-CB2 {'rot': 0.00799}
  t=  26.87  cb_yield           L32-CB2 {'rot': 0.00682}
  t=  27.00  cb_yield           L33-CB2 {'rot': 0.00765}
  progress t=  30.0s  max corner drift so far=0.0116  wall clock=407s
  t=  33.37  cb_failure         L18-CB2 {'rot': 0.02284}
  t=  33.37  cb_failure         L19-CB2 {'rot': 0.0208}
  t=  39.62  cb_failure         L20-CB2 {'rot': 0.02223}
  t=  39.62  cb_failure         L21-CB2 {'rot': 0.02082}
  t=  39.75  cb_failure         L22-CB2 {'rot': 0.02246}
  t=  39.75  cb_failure         L23-CB2 {'rot': 0.02074}
  t=  39.87  cb_failure         L24-CB2 {'rot': 0.02148}
  t=  40.00  cb_failure         L3-CB2 {'rot': 0.01991}
  t=  40.00  cb_failure         L25-CB2 {'rot': 0.02073}
  progress t=  40.0s  max corner drift so far=0.0116  wall clock=543s
  t=  40.12  cb_failure         L2-CB2 {'rot': 0.02053}
  t=  40.12  cb_failure         L2-CB3 {'rot': 0.01992}
  t=  40.37  cb_failure         L1-CB3 {'rot': 0.02119}
  t=  40.50  cb_failure         L2-CB0 {'rot': 0.01994}
  t=  47.87  cb_failure         L26-CB2 {'rot': 0.02236}
  t=  47.87  cb_failure         L27-CB2 {'rot': 0.02156}
  t=  47.87  cb_failure         L28-CB0 {'rot': 0.02127}
  t=  47.87  cb_failure         L28-CB2 {'rot': 0.02068}
  t=  48.00  cb_failure         L29-CB0 {'rot': 0.02145}
  t=  48.00  cb_failure         L33-CB0 {'rot': 0.02237}
  t= 48.725  solver fallback: Newton
  t=  48.75  cb_failure         L1-CB0 {'rot': 0.02064}
  t=  48.87  cb_failure         L1-CB2 {'rot': 0.02124}
  t=  49.62  cb_failure         L29-CB2 {'rot': 0.02084}
  t=  49.75  cb_failure         L30-CB2 {'rot': 0.02084}
  t=  49.87  cb_failure         L30-CB0 {'rot': 0.02119}
  t=  49.87  cb_failure         L31-CB2 {'rot': 0.02074}
  progress t=  50.0s  max corner drift so far=0.0116  wall clock=680s
  t= 51.050  solver fallback: Newton
  t=  56.12  cb_failure         L32-CB2 {'rot': 0.02289}
  t=  56.12  cb_failure         L33-CB2 {'rot': 0.02253}
  progress t=  60.0s  max corner drift so far=0.0116  wall clock=810s
  progress t=  70.0s  max corner drift so far=0.0116  wall clock=936s
  progress t=  80.0s  max corner drift so far=0.0116  wall clock=1054s
  progress t=  90.0s  max corner drift so far=0.0116  wall clock=1172s
  progress t= 100.0s  max corner drift so far=0.0116  wall clock=1291s
