  t=   8.75  cb_yield           L15-CB3 {'rot': 0.00726}
  t=   8.75  cb_yield           L16-CB3 {'rot': 0.00757}
  t=   8.75  cb_yield           L17-CB3 {'rot': 0.0079}
  t=   8.75  cb_yield           L18-CB3 {'rot': 0.00813}
  t=   8.75  cb_yield           L19-CB3 {'rot': 0.00827}
  t=   8.75  cb_yield           L20-CB3 {'rot': 0.00834}
  t=   8.75  cb_yield           L21-CB3 {'rot': 0.00832}
  t=   8.75  cb_yield           L22-CB3 {'rot': 0.00821}
  t=   8.75  cb_yield           L23-CB3 {'rot': 0.00803}
  t=   8.75  cb_yield           L24-CB3 {'rot': 0.00777}
  t=   8.88  cb_yield           L14-CB3 {'rot': 0.0072}
  progress t=  10.0s  max corner drift so far=0.0026  wall clock=109s
  t=  10.38  cb_yield           L2-CB2 {'rot': 0.00704}
  t=  10.38  cb_yield           L3-CB2 {'rot': 0.00803}
  t=  10.38  cb_yield           L3-CB3 {'rot': 0.00784}
  t=  10.38  cb_yield           L4-CB2 {'rot': 0.00841}
  t=  10.38  cb_yield           L4-CB3 {'rot': 0.0082}
  t=  10.38  cb_yield           L5-CB2 {'rot': 0.00829}
  t=  10.38  cb_yield           L5-CB3 {'rot': 0.00807}
  t=  10.38  cb_yield           L6-CB2 {'rot': 0.00783}
  t=  10.38  cb_yield           L6-CB3 {'rot': 0.0076}
  t=  10.38  cb_yield           L7-CB2 {'rot': 0.00716}
  t=  10.50  cb_yield           L2-CB3 {'rot': 0.00782}
  t=  10.50  cb_yield           L7-CB3 {'rot': 0.00856}
  t=  10.50  cb_yield           L8-CB2 {'rot': 0.0081}
  t=  10.50  cb_yield           L8-CB3 {'rot': 0.00778}
  t=  10.50  cb_yield           L9-CB2 {'rot': 0.00725}
  t=  10.63  cb_yield           L4-CB1 {'rot': 0.00711}
  t=  10.63  cb_yield           L9-CB3 {'rot': 0.00736}
  t=  10.75  cb_yield           L3-CB1 {'rot': 0.00731}
  t=  10.75  cb_yield           L4-CB0 {'rot': 0.0073}
  t=  10.75  cb_yield           L5-CB0 {'rot': 0.00727}
  t=  10.75  cb_yield           L5-CB1 {'rot': 0.00769}
  t=  10.75  cb_yield           L6-CB1 {'rot': 0.00739}
  t=  10.88  cb_yield           L3-CB0 {'rot': 0.00714}
  t=  10.88  cb_yield           L6-CB0 {'rot': 0.00777}
  t=  10.88  cb_yield           L7-CB0 {'rot': 0.00746}
  t=  10.88  cb_yield           L7-CB1 {'rot': 0.00754}
  t=  10.88  cb_yield           L8-CB1 {'rot': 0.00711}
  t=  11.00  cb_yield           L8-CB0 {'rot': 0.00734}
  t=  11.00  cb_yield           L9-CB0 {'rot': 0.00719}
  t=  11.00  cb_yield           L9-CB1 {'rot': 0.00743}
  t=  11.00  cb_yield           L10-CB1 {'rot': 0.00726}
  t=  11.00  cb_yield           L11-CB1 {'rot': 0.00708}
  t=  11.13  cb_yield           L10-CB0 {'rot': 0.00764}
  t=  11.13  cb_yield           L11-CB0 {'rot': 0.00772}
  t=  11.13  cb_yield           L12-CB0 {'rot': 0.00782}
  t=  11.13  cb_yield           L12-CB1 {'rot': 0.0085}
  t=  11.13  cb_yield           L13-CB0 {'rot': 0.00791}
  t=  11.13  cb_yield           L13-CB1 {'rot': 0.0086}
  t=  11.13  cb_yield           L14-CB0 {'rot': 0.00794}
  t=  11.13  cb_yield           L14-CB1 {'rot': 0.00864}
  t=  11.13  cb_yield           L15-CB0 {'rot': 0.00793}
  t=  11.13  cb_yield           L15-CB1 {'rot': 0.00864}
  t=  11.13  cb_yield           L16-CB0 {'rot': 0.0079}
  t=  11.13  cb_yield           L16-CB1 {'rot': 0.0086}
  t=  11.13  cb_yield           L17-CB0 {'rot': 0.00782}
  t=  11.13  cb_yield           L17-CB1 {'rot': 0.00851}
  t=  11.13  cb_yield           L18-CB0 {'rot': 0.00771}
  t=  11.13  cb_yield           L18-CB1 {'rot': 0.00838}
  t=  11.13  cb_yield           L19-CB1 {'rot': 0.00821}
  t=  11.13  cb_yield           L20-CB1 {'rot': 0.00805}
  t=  11.13  cb_yield           L21-CB1 {'rot': 0.00786}
  t=  11.13  cb_yield           L22-CB1 {'rot': 0.00762}
  t=  11.25  cb_yield           L19-CB0 {'rot': 0.00985}
  t=  11.25  cb_yield           L20-CB0 {'rot': 0.00983}
  t=  11.25  cb_yield           L21-CB0 {'rot': 0.00969}
  t=  11.25  cb_yield           L22-CB0 {'rot': 0.00941}
  t=  11.25  cb_yield           L23-CB0 {'rot': 0.00899}
  t=  11.25  cb_yield           L23-CB1 {'rot': 0.01027}
  t=  11.25  cb_yield           L24-CB0 {'rot': 0.00842}
  t=  11.25  cb_yield           L24-CB1 {'rot': 0.00968}
  t=  11.25  cb_yield           L25-CB0 {'rot': 0.00775}
  t=  11.25  cb_yield           L25-CB1 {'rot': 0.00899}
  t=  11.25  cb_yield           L26-CB1 {'rot': 0.00823}
  t=  13.13  cb_yield           L2-CB1 {'rot': 0.00742}
  t=  13.25  cb_yield           L10-CB3 {'rot': 0.00806}
  t=  13.25  cb_yield           L11-CB3 {'rot': 0.00759}
  t=  13.25  cb_yield           L12-CB3 {'rot': 0.00712}
  t=  13.38  cb_yield           L10-CB2 {'rot': 0.00836}
  t=  13.38  cb_yield           L11-CB2 {'rot': 0.0078}
  t=  13.38  cb_yield           L12-CB2 {'rot': 0.00719}
  t=  13.38  cb_yield           L13-CB3 {'rot': 0.00819}
  t=  13.50  cb_yield           L13-CB2 {'rot': 0.0077}
  t=  13.63  cb_yield           L14-CB2 {'rot': 0.00737}
  t=  16.75  cb_yield           L2-CB0 {'rot': 0.00716}
  t=  18.38  cb_yield           L15-CB2 {'rot': 0.00728}
  t=  18.38  cb_yield           L16-CB2 {'rot': 0.00721}
  t=  18.50  cb_yield           L17-CB2 {'rot': 0.00785}
  t=  18.50  cb_yield           L18-CB2 {'rot': 0.00771}
  t=  18.50  cb_yield           L25-CB3 {'rot': 0.00828}
  t=  18.50  cb_yield           L26-CB3 {'rot': 0.00786}
  t=  18.63  cb_yield           L19-CB2 {'rot': 0.00811}
  t=  18.63  cb_yield           L20-CB2 {'rot': 0.00783}
  t=  19.37  cb_yield           L1-CB3 {'rot': 0.00708}
  t=  19.87  cb_yield           L27-CB1 {'rot': 0.009}
  t=  19.87  cb_yield           L28-CB1 {'rot': 0.00828}
  t=  20.00  cb_yield           L29-CB1 {'rot': 0.00854}
  t=  20.00  cb_yield           L30-CB1 {'rot': 0.00765}
  progress t=  20.0s  max corner drift so far=0.0055  wall clock=226s
  t=  20.12  cb_yield           L31-CB1 {'rot': 0.00781}
  t=  21.00  cb_yield           L26-CB0 {'rot': 0.0078}
  t=  21.00  cb_yield           L32-CB1 {'rot': 0.00781}
  t=  22.25  cb_yield           L1-CB0 {'rot': 0.00807}
  t=  22.25  cb_yield           L1-CB1 {'rot': 0.00851}
  t=  23.25  cb_yield           L27-CB0 {'rot': 0.00786}
  t=  25.37  cb_yield           L27-CB3 {'rot': 0.00883}
  t=  25.37  cb_yield           L28-CB3 {'rot': 0.00806}
  t=  25.50  cb_yield           L29-CB3 {'rot': 0.00847}
  t=  25.50  cb_yield           L33-CB1 {'rot': 0.00802}
  t=  27.50  cb_yield           L28-CB0 {'rot': 0.0095}
  t=  27.50  cb_yield           L29-CB0 {'rot': 0.00865}
  t=  28.25  cb_yield           L1-CB2 {'rot': 0.00844}
  t=  28.37  cb_yield           L30-CB0 {'rot': 0.00769}
  t=  29.75  cb_yield           L21-CB2 {'rot': 0.00788}
  t=  29.87  cb_yield           L22-CB2 {'rot': 0.00823}
  t=  29.87  cb_yield           L23-CB2 {'rot': 0.00791}
  t=  29.87  cb_yield           L30-CB3 {'rot': 0.00869}
  t=  29.87  cb_yield           L31-CB3 {'rot': 0.00778}
  t=  30.00  cb_yield           L24-CB2 {'rot': 0.00778}
  t=  30.00  cb_yield           L32-CB3 {'rot': 0.00792}
  progress t=  30.0s  max corner drift so far=0.0085  wall clock=338s
  t=  32.87  cb_yield           L25-CB2 {'rot': 0.00777}
  progress t=  40.0s  max corner drift so far=0.0085  wall clock=446s
  t=  46.75  cb_yield           L26-CB2 {'rot': 0.00895}
  t=  46.75  cb_yield           L27-CB2 {'rot': 0.00787}
  t=  46.87  cb_yield           L28-CB2 {'rot': 0.00816}
  t=  49.00  cb_yield           L33-CB3 {'rot': 0.00989}
  t=  49.12  cb_yield           L29-CB2 {'rot': 0.00878}
  t=  49.25  cb_failure         L18-CB3 {'rot': 0.0317}
  t=  49.25  cb_failure         L19-CB3 {'rot': 0.03245}
  t=  49.25  cb_failure         L20-CB3 {'rot': 0.03301}
  t=  49.25  cb_failure         L21-CB3 {'rot': 0.03331}
  t=  49.25  cb_failure         L22-CB3 {'rot': 0.03325}
  t=  49.25  cb_failure         L23-CB3 {'rot': 0.03283}
  t=  49.25  cb_failure         L24-CB3 {'rot': 0.03201}
  progress t=  50.0s  max corner drift so far=0.0085  wall clock=555s
  t=  59.00  cb_failure         L11-CB3 {'rot': 0.03132}
  t=  59.00  cb_failure         L12-CB3 {'rot': 0.03234}
  t=  59.00  cb_failure         L13-CB1 {'rot': 0.03121}
  t=  59.00  cb_failure         L13-CB3 {'rot': 0.03306}
  t=  59.00  cb_failure         L14-CB1 {'rot': 0.03143}
  t=  59.00  cb_failure         L14-CB3 {'rot': 0.03338}
  t=  59.00  cb_failure         L15-CB1 {'rot': 0.03139}
  t=  59.00  cb_failure         L15-CB3 {'rot': 0.03343}
  t=  59.00  cb_failure         L16-CB1 {'rot': 0.03112}
  t=  59.00  cb_failure         L16-CB3 {'rot': 0.03321}
  t=  59.00  cb_failure         L17-CB3 {'rot': 0.0327}
  t=  59.12  cb_failure         L8-CB3 {'rot': 0.03106}
  t=  59.12  cb_failure         L9-CB3 {'rot': 0.03289}
  t=  59.12  cb_failure         L10-CB1 {'rot': 0.03181}
  t=  59.12  cb_failure         L10-CB3 {'rot': 0.03455}
  t=  59.12  cb_failure         L11-CB1 {'rot': 0.03293}
  t=  59.12  cb_failure         L12-CB1 {'rot': 0.03395}
  t=  59.12  cb_failure         L17-CB1 {'rot': 0.03424}
  t=  59.12  cb_failure         L18-CB1 {'rot': 0.0332}
  t=  59.12  cb_failure         L19-CB1 {'rot': 0.03187}
  t=  59.25  cb_failure         L6-CB3 {'rot': 0.03128}
  t=  59.25  cb_failure         L7-CB1 {'rot': 0.03106}
  t=  59.25  cb_failure         L7-CB3 {'rot': 0.0338}
  t=  59.25  cb_failure         L8-CB1 {'rot': 0.03271}
  t=  59.25  cb_failure         L9-CB1 {'rot': 0.034}
  t=  59.37  cb_failure         L5-CB3 {'rot': 0.0318}
  t=  59.37  cb_failure         L6-CB1 {'rot': 0.0312}
  t=  59.37  cb_failure         L8-CB2 {'rot': 0.03157}
  t=  59.37  cb_failure         L9-CB2 {'rot': 0.03227}
  t=  59.37  cb_failure         L10-CB2 {'rot': 0.03252}
  t=  59.37  cb_failure         L11-CB2 {'rot': 0.03241}
  t=  59.37  cb_failure         L12-CB2 {'rot': 0.03206}
  t=  59.37  cb_failure         L13-CB2 {'rot': 0.0314}
  t=  59.50  cb_failure         L7-CB2 {'rot': 0.03201}
  t=  59.62  cb_failure         L4-CB3 {'rot': 0.03106}
  progress t=  60.0s  max corner drift so far=0.0092  wall clock=667s
  t=  62.25  cb_failure         L6-CB2 {'rot': 0.03163}
  t=  65.12  cb_failure         L14-CB2 {'rot': 0.03177}
  t=  65.12  cb_failure         L20-CB1 {'rot': 0.03303}
  t=  65.12  cb_failure         L21-CB1 {'rot': 0.03176}
  t=  65.12  cb_failure         L25-CB3 {'rot': 0.03165}
  t=  65.25  cb_failure         L15-CB2 {'rot': 0.03336}
  t=  65.25  cb_failure         L16-CB2 {'rot': 0.03234}
  t=  65.50  cb_failure         L5-CB1 {'rot': 0.03152}
  progress t=  70.0s  max corner drift so far=0.0094  wall clock=775s
  progress t=  80.0s  max corner drift so far=0.0094  wall clock=879s
  progress t=  90.0s  max corner drift so far=0.0094  wall clock=981s
  progress t= 100.0s  max corner drift so far=0.0094  wall clock=1088s
