  t=   2.12  cb_yield           L8-CB3 {'rot': 0.00498}
  t=   2.12  cb_yield           L9-CB1 {'rot': 0.00493}
  t=   2.12  cb_yield           L9-CB3 {'rot': 0.00501}
  t=   2.12  cb_yield           L10-CB3 {'rot': 0.00499}
  t=   2.12  cb_yield           L11-CB3 {'rot': 0.00494}
  t=   2.25  cb_yield           L10-CB1 {'rot': 0.00508}
  t=   2.25  cb_yield           L11-CB1 {'rot': 0.00512}
  t=   2.25  cb_yield           L12-CB1 {'rot': 0.00513}
  t=   2.25  cb_yield           L12-CB3 {'rot': 0.00524}
  t=   2.25  cb_yield           L13-CB1 {'rot': 0.00509}
  t=   2.25  cb_yield           L13-CB3 {'rot': 0.00521}
  t=   2.25  cb_yield           L14-CB1 {'rot': 0.005}
  t=   2.25  cb_yield           L14-CB3 {'rot': 0.00514}
  t=   2.25  cb_yield           L15-CB3 {'rot': 0.00503}
  t=   2.37  cb_yield           L15-CB1 {'rot': 0.0051}
  t=   2.37  cb_yield           L16-CB1 {'rot': 0.0051}
  t=   2.37  cb_yield           L16-CB3 {'rot': 0.00526}
  t=   2.50  cb_yield           L17-CB1 {'rot': 0.00559}
  t=   2.50  cb_yield           L17-CB3 {'rot': 0.00576}
  t=   2.50  cb_yield           L18-CB1 {'rot': 0.00572}
  t=   2.50  cb_yield           L18-CB3 {'rot': 0.00591}
  t=   2.50  cb_yield           L19-CB1 {'rot': 0.00581}
  t=   2.50  cb_yield           L19-CB3 {'rot': 0.00601}
  t=   2.50  cb_yield           L20-CB1 {'rot': 0.00586}
  t=   2.50  cb_yield           L20-CB3 {'rot': 0.00607}
  t=   2.50  cb_yield           L21-CB1 {'rot': 0.00585}
  t=   2.50  cb_yield           L21-CB3 {'rot': 0.00607}
  t=   2.50  cb_yield           L22-CB1 {'rot': 0.00578}
  t=   2.50  cb_yield           L22-CB3 {'rot': 0.00602}
  t=   2.50  cb_yield           L23-CB1 {'rot': 0.00566}
  t=   2.50  cb_yield           L23-CB3 {'rot': 0.0059}
  t=   2.50  cb_yield           L24-CB1 {'rot': 0.00549}
  t=   2.50  cb_yield           L24-CB3 {'rot': 0.00573}
  t=   2.50  cb_yield           L25-CB3 {'rot': 0.00552}
  t=   2.62  cb_yield           L25-CB1 {'rot': 0.00588}
  t=   2.62  cb_yield           L26-CB1 {'rot': 0.00557}
  t=   2.62  cb_yield           L26-CB3 {'rot': 0.00572}
  t=   4.00  cb_yield           L4-CB0 {'rot': 0.00547}
  t=   4.00  cb_yield           L4-CB1 {'rot': 0.00534}
  t=   4.00  cb_yield           L5-CB0 {'rot': 0.00585}
  t=   4.00  cb_yield           L5-CB1 {'rot': 0.00571}
  t=   4.00  cb_yield           L6-CB0 {'rot': 0.00606}
  t=   4.00  cb_yield           L6-CB1 {'rot': 0.0059}
  t=   4.00  cb_yield           L6-CB2 {'rot': 0.005}
  t=   4.00  cb_yield           L7-CB0 {'rot': 0.00613}
  t=   4.00  cb_yield           L7-CB1 {'rot': 0.00596}
  t=   4.00  cb_yield           L7-CB2 {'rot': 0.00498}
  t=   4.00  cb_yield           L8-CB0 {'rot': 0.0061}
  t=   4.00  cb_yield           L8-CB1 {'rot': 0.00591}
  t=   4.00  cb_yield           L9-CB0 {'rot': 0.006}
  t=   4.00  cb_yield           L10-CB0 {'rot': 0.00583}
  t=   4.00  cb_yield           L11-CB0 {'rot': 0.00561}
  t=   4.00  cb_yield           L12-CB0 {'rot': 0.00536}
  t=   4.00  cb_yield           L13-CB0 {'rot': 0.00509}
  t=   4.12  cb_yield           L2-CB0 {'rot': 0.00521}
  t=   4.12  cb_yield           L2-CB1 {'rot': 0.00504}
  t=   4.12  cb_yield           L3-CB0 {'rot': 0.00628}
  t=   4.12  cb_yield           L3-CB1 {'rot': 0.00609}
  t=   4.12  cb_yield           L3-CB2 {'rot': 0.00549}
  t=   4.12  cb_yield           L3-CB3 {'rot': 0.00531}
  t=   4.12  cb_yield           L4-CB2 {'rot': 0.00605}
  t=   4.12  cb_yield           L4-CB3 {'rot': 0.00585}
  t=   4.12  cb_yield           L5-CB2 {'rot': 0.00633}
  t=   4.12  cb_yield           L5-CB3 {'rot': 0.00609}
  t=   4.12  cb_yield           L6-CB3 {'rot': 0.00609}
  t=   4.12  cb_yield           L7-CB3 {'rot': 0.0059}
  t=   4.12  cb_yield           L8-CB2 {'rot': 0.00587}
  t=   4.12  cb_yield           L9-CB2 {'rot': 0.00546}
  t=   4.12  cb_yield           L10-CB2 {'rot': 0.00498}
  t=   4.25  cb_yield           L2-CB2 {'rot': 0.00511}
  t=   4.25  cb_yield           L2-CB3 {'rot': 0.00492}
  t=   8.38  cb_yield           L27-CB1 {'rot': 0.0057}
  t=   8.38  cb_yield           L28-CB1 {'rot': 0.00544}
  t=   8.50  cb_yield           L11-CB2 {'rot': 0.00634}
  t=   8.50  cb_yield           L12-CB2 {'rot': 0.00629}
  t=   8.50  cb_yield           L13-CB2 {'rot': 0.00622}
  t=   8.50  cb_yield           L14-CB2 {'rot': 0.00611}
  t=   8.50  cb_yield           L15-CB2 {'rot': 0.00599}
  t=   8.50  cb_yield           L16-CB2 {'rot': 0.00588}
  t=   8.50  cb_yield           L17-CB2 {'rot': 0.00574}
  t=   8.50  cb_yield           L18-CB2 {'rot': 0.00562}
  t=   8.50  cb_yield           L19-CB2 {'rot': 0.0055}
  t=   8.50  cb_yield           L27-CB3 {'rot': 0.00687}
  t=   8.50  cb_yield           L28-CB3 {'rot': 0.00653}
  t=   8.50  cb_yield           L29-CB3 {'rot': 0.00614}
  t=   8.50  cb_yield           L30-CB3 {'rot': 0.00572}
  t=   8.63  cb_yield           L20-CB2 {'rot': 0.00696}
  t=   8.63  cb_yield           L21-CB2 {'rot': 0.00665}
  t=   8.63  cb_yield           L22-CB2 {'rot': 0.00631}
  t=   8.63  cb_yield           L23-CB2 {'rot': 0.00594}
  t=   8.63  cb_yield           L24-CB2 {'rot': 0.00556}
  t=   8.63  cb_yield           L31-CB3 {'rot': 0.00573}
  t=   8.88  cb_yield           L32-CB3 {'rot': 0.00558}
  t=   9.00  cb_yield           L33-CB3 {'rot': 0.00612}
  progress t=  10.0s  max corner drift so far=0.0034  wall clock=105s
  t=  10.38  cb_yield           L1-CB2 {'rot': 0.00588}
  t=  10.38  cb_yield           L1-CB3 {'rot': 0.00576}
  t=  10.38  cb_yield           L21-CB0 {'rot': 0.00549}
  t=  10.38  cb_yield           L22-CB0 {'rot': 0.00548}
  t=  10.38  cb_yield           L29-CB1 {'rot': 0.00696}
  t=  10.38  cb_yield           L30-CB1 {'rot': 0.0067}
  t=  10.38  cb_yield           L31-CB1 {'rot': 0.00643}
  t=  10.38  cb_yield           L32-CB1 {'rot': 0.00619}
  t=  10.38  cb_yield           L33-CB1 {'rot': 0.00598}
  t=  10.50  cb_yield           L1-CB0 {'rot': 0.00514}
  t=  10.50  cb_yield           L19-CB0 {'rot': 0.00573}
  t=  10.50  cb_yield           L20-CB0 {'rot': 0.00629}
  t=  10.50  cb_yield           L23-CB0 {'rot': 0.00703}
  t=  10.50  cb_yield           L24-CB0 {'rot': 0.00697}
  t=  10.50  cb_yield           L25-CB0 {'rot': 0.0068}
  t=  10.50  cb_yield           L26-CB0 {'rot': 0.00653}
  t=  10.50  cb_yield           L27-CB0 {'rot': 0.0062}
  t=  10.50  cb_yield           L28-CB0 {'rot': 0.00582}
  t=  10.63  cb_yield           L1-CB1 {'rot': 0.00646}
  t=  10.63  cb_yield           L29-CB0 {'rot': 0.00546}
  t=  10.88  cb_yield           L14-CB0 {'rot': 0.00697}
  t=  10.88  cb_yield           L15-CB0 {'rot': 0.00594}
  t=  10.88  cb_yield           L16-CB0 {'rot': 0.00507}
  t=  11.00  cb_yield           L17-CB0 {'rot': 0.00756}
  t=  11.00  cb_yield           L18-CB0 {'rot': 0.00672}
  t=  11.25  cb_failure         L7-CB1 {'rot': 0.01897}
  t=  11.25  cb_failure         L8-CB1 {'rot': 0.01966}
  t=  11.25  cb_failure         L9-CB1 {'rot': 0.02017}
  t=  11.25  cb_failure         L10-CB1 {'rot': 0.02056}
  t=  11.25  cb_failure         L11-CB1 {'rot': 0.02086}
  t=  11.25  cb_failure         L12-CB1 {'rot': 0.02114}
  t=  11.25  cb_failure         L13-CB1 {'rot': 0.02133}
  t=  11.25  cb_failure         L14-CB1 {'rot': 0.02139}
  t=  11.25  cb_failure         L15-CB1 {'rot': 0.02135}
  t=  11.25  cb_failure         L16-CB1 {'rot': 0.0212}
  t=  11.25  cb_failure         L17-CB1 {'rot': 0.02086}
  t=  11.25  cb_failure         L18-CB1 {'rot': 0.02041}
  t=  11.25  cb_failure         L19-CB1 {'rot': 0.01982}
  t=  11.38  cb_failure         L10-CB0 {'rot': 0.01961}
  t=  11.38  cb_failure         L11-CB0 {'rot': 0.02035}
  t=  11.38  cb_failure         L12-CB0 {'rot': 0.02108}
  t=  11.38  cb_failure         L13-CB0 {'rot': 0.02168}
  t=  11.38  cb_failure         L14-CB0 {'rot': 0.02207}
  t=  11.38  cb_failure         L15-CB0 {'rot': 0.0223}
  t=  11.38  cb_failure         L16-CB0 {'rot': 0.02236}
  t=  11.38  cb_failure         L17-CB0 {'rot': 0.02221}
  t=  11.38  cb_failure         L18-CB0 {'rot': 0.02182}
  t=  11.38  cb_failure         L19-CB0 {'rot': 0.02119}
  t=  11.38  cb_failure         L20-CB0 {'rot': 0.02037}
  t=  11.38  cb_failure         L20-CB1 {'rot': 0.02344}
  t=  11.38  cb_failure         L21-CB0 {'rot': 0.01946}
  t=  11.38  cb_failure         L21-CB1 {'rot': 0.02232}
  t=  11.38  cb_failure         L22-CB1 {'rot': 0.02084}
  t= 11.375  solver fallback: Newton
  t=  11.50  cb_failure         L9-CB0 {'rot': 0.01921}
  t=  11.50  cb_failure         L13-CB3 {'rot': 0.01914}
  t=  11.50  cb_failure         L14-CB3 {'rot': 0.01961}
  t=  11.50  cb_failure         L15-CB3 {'rot': 0.01986}
  t=  11.50  cb_failure         L16-CB3 {'rot': 0.0199}
  t=  11.50  cb_failure         L17-CB3 {'rot': 0.01966}
  t=  11.50  cb_failure         L18-CB3 {'rot': 0.01946}
  t=  11.63  cb_yield           L25-CB2 {'rot': 0.0058}
  t=  11.88  cb_yield           L26-CB2 {'rot': 0.00564}
  t= 12.525  solver fallback: Newton
  t=  14.13  cb_failure         L22-CB3 {'rot': 0.01977}
  t=  14.13  cb_failure         L23-CB3 {'rot': 0.01977}
  t=  14.13  cb_failure         L24-CB3 {'rot': 0.01977}
  t=  14.13  cb_failure         L25-CB3 {'rot': 0.01978}
  t=  14.13  cb_yield           L27-CB2 {'rot': 0.00716}
  t=  14.13  cb_failure         L27-CB3 {'rot': 0.01975}
  t=  14.13  cb_yield           L28-CB2 {'rot': 0.0068}
  t=  14.13  cb_yield           L29-CB2 {'rot': 0.00635}
  t=  14.13  cb_yield           L30-CB2 {'rot': 0.00577}
  t=  14.25  cb_failure         L19-CB3 {'rot': 0.01946}
  t=  14.25  cb_failure         L20-CB3 {'rot': 0.01962}
  t=  14.25  cb_failure         L21-CB3 {'rot': 0.01965}
  t=  14.25  cb_failure         L28-CB3 {'rot': 0.01979}
  t=  14.38  cb_failure         L11-CB3 {'rot': 0.01905}
  t=  14.38  cb_failure         L12-CB3 {'rot': 0.01998}
  t=  14.50  cb_failure         L10-CB3 {'rot': 0.01926}
  t=  14.63  cb_failure         L9-CB3 {'rot': 0.0194}
  t=  14.75  cb_failure         L6-CB1 {'rot': 0.01931}
  t=  14.75  cb_failure         L7-CB3 {'rot': 0.01941}
  t=  14.75  cb_failure         L8-CB3 {'rot': 0.02003}
  t=  15.00  cb_failure         L25-CB1 {'rot': 0.0198}
  t=  15.13  cb_failure         L23-CB1 {'rot': 0.01961}
  t=  15.25  cb_failure         L26-CB1 {'rot': 0.01972}
  t=  15.38  cb_failure         L27-CB1 {'rot': 0.01979}
  t= 16.950  solver fallback: Newton
  t=  17.00  cb_failure         L5-CB0 {'rot': 0.01902}
  t=  17.00  cb_failure         L5-CB1 {'rot': 0.01986}
  t=  17.00  cb_failure         L6-CB0 {'rot': 0.01974}
  t=  17.00  cb_failure         L7-CB0 {'rot': 0.02008}
  t=  17.00  cb_failure         L8-CB0 {'rot': 0.02013}
  t=  17.13  cb_failure         L4-CB0 {'rot': 0.01981}
  t=  17.13  cb_failure         L4-CB1 {'rot': 0.02058}
  t=  17.13  cb_failure         L5-CB3 {'rot': 0.01892}
  t=  17.13  cb_failure         L6-CB2 {'rot': 0.01945}
  t=  17.13  cb_failure         L6-CB3 {'rot': 0.01992}
  t=  17.13  cb_failure         L7-CB2 {'rot': 0.02016}
  t=  17.13  cb_failure         L8-CB2 {'rot': 0.02062}
  t=  17.13  cb_failure         L9-CB2 {'rot': 0.02088}
  t=  17.13  cb_failure         L10-CB2 {'rot': 0.02095}
  t=  17.13  cb_failure         L11-CB2 {'rot': 0.02086}
  t=  17.13  cb_failure         L12-CB2 {'rot': 0.02066}
  t=  17.13  cb_failure         L13-CB2 {'rot': 0.02026}
  t=  17.13  cb_failure         L14-CB2 {'rot': 0.01966}
  t=  17.13  cb_failure         L15-CB2 {'rot': 0.01896}
  t=  17.25  cb_failure         L3-CB1 {'rot': 0.01947}
  t=  17.25  cb_failure         L5-CB2 {'rot': 0.02007}
  t=  17.25  cb_failure         L16-CB2 {'rot': 0.02055}
  t=  17.25  cb_failure         L17-CB2 {'rot': 0.01951}
  t=  17.25  cb_failure         L19-CB2 {'rot': 0.0196}
  t=  17.38  cb_failure         L4-CB2 {'rot': 0.01939}
  t=  17.38  cb_failure         L4-CB3 {'rot': 0.01903}
  t=  17.38  cb_failure         L18-CB2 {'rot': 0.02}
  t=  17.38  cb_failure         L20-CB2 {'rot': 0.01962}
  t=  17.38  cb_failure         L21-CB2 {'rot': 0.01976}
  t=  17.63  cb_failure         L22-CB0 {'rot': 0.01976}
  t=  17.63  cb_yield           L30-CB0 {'rot': 0.00554}
  t=  17.75  cb_failure         L23-CB0 {'rot': 0.01955}
  t=  17.75  cb_yield           L31-CB0 {'rot': 0.00564}
  t=  19.25  cb_yield           L31-CB2 {'rot': 0.00623}
  t=  19.25  cb_yield           L32-CB2 {'rot': 0.00596}
  t=  19.25  cb_yield           L33-CB2 {'rot': 0.00581}
  t=  19.62  cb_failure         L3-CB3 {'rot': 0.01898}
  t=  19.87  cb_failure         L2-CB1 {'rot': 0.01897}
  t=  19.87  cb_failure         L2-CB3 {'rot': 0.01913}
  t=  20.00  cb_failure         L2-CB0 {'rot': 0.01961}
  t=  20.00  cb_failure         L3-CB0 {'rot': 0.02242}
  t=  20.00  cb_failure         L3-CB2 {'rot': 0.01923}
  t=  20.00  cb_failure         L24-CB1 {'rot': 0.02656}
  t=  20.00  cb_failure         L26-CB3 {'rot': 0.02104}
  t=  20.00  cb_failure         L28-CB1 {'rot': 0.02153}
  t=  20.00  cb_failure         L29-CB1 {'rot': 0.02041}
  t=  20.00  cb_failure         L30-CB1 {'rot': 0.01973}
  t=  20.00  cb_failure         L31-CB1 {'rot': 0.01957}
  t=  20.00  cb_failure         L32-CB1 {'rot': 0.01977}
  t=  20.00  cb_failure         L32-CB3 {'rot': 0.01975}
  t=  20.00  cb_failure         L33-CB1 {'rot': 0.0202}
  t=  20.00  cb_failure         L33-CB3 {'rot': 0.02019}
  t= 20.000  solver fallback: Newton
  progress t=  20.0s  max corner drift so far=0.0099  wall clock=224s
  t= 20.025  solver fallback: Newton
  t=  20.12  wall_axial_failure S1-F {'gamma': 0.00078, 'eps': -0.00604, 'cause': 'crushing'}
  t=  20.12  cb_failure         L1-CB0 {'rot': 0.01892}
  t=  20.12  cb_failure         L1-CB1 {'rot': 0.02886}
  t=  20.12  cb_failure         L1-CB3 {'rot': 0.01927}
  t=  20.12  cb_failure         L29-CB3 {'rot': 0.02528}
  t=  20.12  cb_failure         L30-CB3 {'rot': 0.02482}
  t=  20.12  cb_failure         L31-CB3 {'rot': 0.02441}
