  t=   2.10  cb_yield           L8-CB3 {'rot': 0.00495}
  t=   2.10  cb_yield           L9-CB3 {'rot': 0.00496}
  t=   2.10  cb_yield           L10-CB3 {'rot': 0.00492}
  t=   2.15  cb_yield           L8-CB1 {'rot': 0.00493}
  t=   2.15  cb_yield           L9-CB1 {'rot': 0.00497}
  t=   2.15  cb_yield           L10-CB1 {'rot': 0.00497}
  t=   2.15  cb_yield           L11-CB1 {'rot': 0.00493}
  t=   2.15  cb_yield           L11-CB3 {'rot': 0.00503}
  t=   2.15  cb_yield           L12-CB3 {'rot': 0.00497}
  t=   2.20  cb_yield           L12-CB1 {'rot': 0.00503}
  t=   2.20  cb_yield           L13-CB1 {'rot': 0.00496}
  t=   2.20  cb_yield           L13-CB3 {'rot': 0.00508}
  t=   2.20  cb_yield           L14-CB3 {'rot': 0.00498}
  t=   2.25  cb_yield           L14-CB1 {'rot': 0.005}
  t=   2.25  cb_yield           L15-CB3 {'rot': 0.00503}
  t=   2.30  cb_yield           L15-CB1 {'rot': 0.00499}
  t=   2.30  cb_yield           L16-CB3 {'rot': 0.00506}
  t=   2.35  cb_yield           L16-CB1 {'rot': 0.00504}
  t=   2.45  cb_yield           L17-CB3 {'rot': 0.00557}
  t=   2.45  cb_yield           L18-CB1 {'rot': 0.00546}
  t=   2.45  cb_yield           L18-CB3 {'rot': 0.00566}
  t=   2.45  cb_yield           L19-CB1 {'rot': 0.00549}
  t=   2.45  cb_yield           L19-CB3 {'rot': 0.0057}
  t=   2.45  cb_yield           L20-CB1 {'rot': 0.00549}
  t=   2.45  cb_yield           L20-CB3 {'rot': 0.00571}
  t=   2.45  cb_yield           L21-CB1 {'rot': 0.00545}
  t=   2.45  cb_yield           L21-CB3 {'rot': 0.00569}
  t=   2.45  cb_yield           L22-CB3 {'rot': 0.00562}
  t=   2.45  cb_yield           L23-CB3 {'rot': 0.0055}
  t=   2.50  cb_yield           L17-CB1 {'rot': 0.00561}
  t=   2.50  cb_yield           L22-CB1 {'rot': 0.0058}
  t=   2.50  cb_yield           L23-CB1 {'rot': 0.00568}
  t=   2.50  cb_yield           L24-CB1 {'rot': 0.00551}
  t=   2.50  cb_yield           L24-CB3 {'rot': 0.00575}
  t=   2.50  cb_yield           L25-CB3 {'rot': 0.00554}
  t=   2.55  cb_yield           L25-CB1 {'rot': 0.00563}
  t=   2.55  cb_yield           L26-CB3 {'rot': 0.00557}
  t=   2.60  cb_yield           L26-CB1 {'rot': 0.00553}
  t=   3.90  cb_yield           L9-CB0 {'rot': 0.00492}
  t=   3.95  cb_yield           L5-CB0 {'rot': 0.00517}
  t=   3.95  cb_yield           L5-CB1 {'rot': 0.00506}
  t=   3.95  cb_yield           L6-CB0 {'rot': 0.00539}
  t=   3.95  cb_yield           L6-CB1 {'rot': 0.00527}
  t=   3.95  cb_yield           L7-CB0 {'rot': 0.0055}
  t=   3.95  cb_yield           L7-CB1 {'rot': 0.00536}
  t=   3.95  cb_yield           L8-CB0 {'rot': 0.00552}
  t=   3.95  cb_yield           L10-CB0 {'rot': 0.00538}
  t=   3.95  cb_yield           L11-CB0 {'rot': 0.00524}
  t=   3.95  cb_yield           L12-CB0 {'rot': 0.00509}
  t=   4.00  cb_yield           L4-CB0 {'rot': 0.00548}
  t=   4.00  cb_yield           L4-CB1 {'rot': 0.00535}
  t=   4.00  cb_yield           L6-CB2 {'rot': 0.00501}
  t=   4.00  cb_yield           L7-CB2 {'rot': 0.00498}
  t=   4.00  cb_yield           L13-CB0 {'rot': 0.00508}
  t=   4.05  cb_yield           L3-CB0 {'rot': 0.00551}
  t=   4.05  cb_yield           L3-CB1 {'rot': 0.00536}
  t=   4.05  cb_yield           L4-CB2 {'rot': 0.00528}
  t=   4.05  cb_yield           L4-CB3 {'rot': 0.00509}
  t=   4.05  cb_yield           L5-CB2 {'rot': 0.00553}
  t=   4.05  cb_yield           L5-CB3 {'rot': 0.00532}
  t=   4.05  cb_yield           L6-CB3 {'rot': 0.00535}
  t=   4.05  cb_yield           L7-CB3 {'rot': 0.00524}
  t=   4.05  cb_yield           L8-CB2 {'rot': 0.00531}
  t=   4.05  cb_yield           L9-CB2 {'rot': 0.00504}
  t=   4.10  cb_yield           L2-CB0 {'rot': 0.00504}
  t=   4.10  cb_yield           L3-CB2 {'rot': 0.0053}
  t=   4.10  cb_yield           L3-CB3 {'rot': 0.00512}
  t=   4.15  cb_yield           L2-CB1 {'rot': 0.00522}
  t=   4.15  cb_yield           L10-CB2 {'rot': 0.00502}
  t=   4.20  cb_yield           L2-CB2 {'rot': 0.00502}
  t=   4.25  cb_yield           L2-CB3 {'rot': 0.00493}
  t=   8.30  cb_yield           L27-CB1 {'rot': 0.00556}
  t=   8.35  cb_yield           L28-CB1 {'rot': 0.00549}
  t=   8.40  cb_yield           L11-CB2 {'rot': 0.00509}
  t=   8.40  cb_yield           L12-CB2 {'rot': 0.005}
  t=   8.40  cb_yield           L13-CB2 {'rot': 0.00493}
  t=   8.40  cb_yield           L27-CB3 {'rot': 0.00568}
  t=   8.45  cb_yield           L14-CB2 {'rot': 0.00546}
  t=   8.45  cb_yield           L15-CB2 {'rot': 0.00536}
  t=   8.45  cb_yield           L16-CB2 {'rot': 0.00528}
  t=   8.45  cb_yield           L28-CB3 {'rot': 0.00599}
  t=   8.45  cb_yield           L29-CB3 {'rot': 0.00561}
  t=   8.50  cb_yield           L17-CB2 {'rot': 0.00582}
  t=   8.50  cb_yield           L18-CB2 {'rot': 0.00568}
  t=   8.50  cb_yield           L19-CB2 {'rot': 0.00555}
  t=   8.50  cb_yield           L30-CB3 {'rot': 0.00566}
  t=   8.55  cb_yield           L20-CB2 {'rot': 0.00601}
  t=   8.55  cb_yield           L21-CB2 {'rot': 0.00582}
  t=   8.55  cb_yield           L22-CB2 {'rot': 0.00562}
  t=   8.55  cb_yield           L31-CB3 {'rot': 0.00545}
  t=   8.60  cb_yield           L23-CB2 {'rot': 0.00577}
  t=   8.65  cb_yield           L24-CB2 {'rot': 0.00562}
  t=   8.85  cb_yield           L32-CB3 {'rot': 0.00552}
  t=   8.90  cb_yield           L33-CB3 {'rot': 0.00568}
  progress t=  10.0s  max corner drift so far=0.0034  wall clock=257s
  t=  10.35  cb_yield           L1-CB2 {'rot': 0.00558}
  t=  10.35  cb_yield           L1-CB3 {'rot': 0.00549}
  t=  10.35  cb_yield           L29-CB1 {'rot': 0.00648}
  t=  10.35  cb_yield           L30-CB1 {'rot': 0.00625}
  t=  10.35  cb_yield           L31-CB1 {'rot': 0.00601}
  t=  10.35  cb_yield           L32-CB1 {'rot': 0.00578}
  t=  10.35  cb_yield           L33-CB1 {'rot': 0.00559}
  t=  10.40  cb_yield           L19-CB0 {'rot': 0.00551}
  t=  10.40  cb_yield           L20-CB0 {'rot': 0.00568}
  t=  10.40  cb_yield           L21-CB0 {'rot': 0.00578}
  t=  10.40  cb_yield           L22-CB0 {'rot': 0.00581}
  t=  10.40  cb_yield           L23-CB0 {'rot': 0.00578}
  t=  10.40  cb_yield           L24-CB0 {'rot': 0.0057}
  t=  10.40  cb_yield           L25-CB0 {'rot': 0.00558}
  t=  10.45  cb_yield           L26-CB0 {'rot': 0.00609}
  t=  10.45  cb_yield           L27-CB0 {'rot': 0.00581}
  t=  10.45  cb_yield           L28-CB0 {'rot': 0.0055}
  t=  10.50  cb_yield           L1-CB0 {'rot': 0.00505}
  t=  10.55  cb_yield           L1-CB1 {'rot': 0.0053}
  t=  10.55  cb_yield           L29-CB0 {'rot': 0.00547}
  t=  10.80  cb_yield           L14-CB0 {'rot': 0.00516}
  t=  10.85  cb_yield           L15-CB0 {'rot': 0.00528}
  t=  10.90  cb_yield           L16-CB0 {'rot': 0.00571}
  t=  10.95  cb_yield           L17-CB0 {'rot': 0.00608}
  t=  11.00  cb_yield           L18-CB0 {'rot': 0.00666}
  t=  11.15  cb_failure         L8-CB1 {'rot': 0.01892}
  t=  11.15  cb_failure         L9-CB1 {'rot': 0.01893}
  t=  11.15  cb_failure         L10-CB1 {'rot': 0.01891}
  t=  11.20  cb_failure         L7-CB1 {'rot': 0.01893}
  t=  11.20  cb_failure         L11-CB1 {'rot': 0.01986}
  t=  11.20  cb_failure         L12-CB1 {'rot': 0.01984}
  t=  11.20  cb_failure         L13-CB1 {'rot': 0.01973}
  t=  11.20  cb_failure         L14-CB1 {'rot': 0.01952}
  t=  11.20  cb_failure         L15-CB1 {'rot': 0.01926}
  t=  11.20  cb_failure         L16-CB1 {'rot': 0.01894}
  t=  11.25  cb_failure         L17-CB1 {'rot': 0.02105}
  t=  11.25  cb_failure         L18-CB1 {'rot': 0.0206}
  t=  11.25  cb_failure         L19-CB1 {'rot': 0.02001}
  t=  11.30  cb_failure         L11-CB0 {'rot': 0.01911}
  t=  11.30  cb_failure         L12-CB0 {'rot': 0.01956}
  t=  11.30  cb_failure         L13-CB0 {'rot': 0.01994}
  t=  11.30  cb_failure         L14-CB0 {'rot': 0.02017}
  t=  11.30  cb_failure         L15-CB0 {'rot': 0.02027}
  t=  11.30  cb_failure         L16-CB0 {'rot': 0.02023}
  t=  11.30  cb_failure         L17-CB0 {'rot': 0.01998}
  t=  11.30  cb_failure         L18-CB0 {'rot': 0.01954}
  t=  11.30  cb_failure         L20-CB1 {'rot': 0.02133}
  t=  11.30  cb_failure         L21-CB1 {'rot': 0.02037}
  t=  11.35  cb_failure         L10-CB0 {'rot': 0.01948}
  t=  11.35  cb_failure         L19-CB0 {'rot': 0.02076}
  t=  11.35  cb_failure         L20-CB0 {'rot': 0.01997}
  t=  11.35  cb_failure         L22-CB1 {'rot': 0.02046}
  t=  11.40  cb_failure         L9-CB0 {'rot': 0.01908}
  t=  11.40  cb_failure         L15-CB3 {'rot': 0.01892}
  t=  11.40  cb_failure         L16-CB3 {'rot': 0.01892}
  t=  11.40  cb_failure         L21-CB0 {'rot': 0.01968}
  t=  11.40  cb_failure         L23-CB1 {'rot': 0.01951}
  t= 11.440  solver fallback: Newton
  t=  11.45  cb_failure         L13-CB3 {'rot': 0.01897}
  t=  11.45  cb_failure         L14-CB3 {'rot': 0.01942}
  t=  11.45  cb_failure         L17-CB3 {'rot': 0.01955}
  t= 11.450  solver fallback: Newton
  t= 11.460  solver fallback: Newton
  t=  11.55  cb_failure         L12-CB3 {'rot': 0.01892}
  t=  11.55  cb_failure         L18-CB3 {'rot': 0.0195}
  t=  11.55  cb_yield           L25-CB2 {'rot': 0.00562}
  t=  11.80  cb_yield           L26-CB2 {'rot': 0.0055}
  t=  14.00  cb_yield           L27-CB2 {'rot': 0.00545}
  t=  14.05  cb_yield           L28-CB2 {'rot': 0.00618}
  t=  14.05  cb_yield           L29-CB2 {'rot': 0.00582}
  t=  14.10  cb_failure         L21-CB3 {'rot': 0.01956}
  t=  14.10  cb_failure         L22-CB3 {'rot': 0.0198}
  t=  14.10  cb_failure         L23-CB3 {'rot': 0.01979}
  t=  14.10  cb_failure         L24-CB3 {'rot': 0.01979}
  t=  14.10  cb_failure         L25-CB3 {'rot': 0.01979}
  t=  14.10  cb_failure         L26-CB3 {'rot': 0.0198}
  t=  14.10  cb_failure         L27-CB3 {'rot': 0.01958}
  t=  14.10  cb_yield           L30-CB2 {'rot': 0.00575}
  t=  14.15  cb_failure         L19-CB3 {'rot': 0.01976}
  t=  14.15  cb_failure         L20-CB3 {'rot': 0.01974}
  t=  14.15  cb_failure         L28-CB3 {'rot': 0.01979}
  t=  14.15  cb_failure         L29-CB3 {'rot': 0.01971}
  t=  14.40  cb_failure         L11-CB3 {'rot': 0.01948}
  t=  14.45  cb_failure         L10-CB3 {'rot': 0.01893}
  t=  14.60  cb_failure         L9-CB3 {'rot': 0.01911}
  t=  14.60  cb_failure         L24-CB1 {'rot': 0.01965}
  t=  14.65  cb_failure         L8-CB3 {'rot': 0.01907}
  t=  14.70  cb_failure         L6-CB1 {'rot': 0.01891}
  t=  14.70  cb_failure         L7-CB3 {'rot': 0.01909}
  t=  14.75  cb_failure         L25-CB1 {'rot': 0.01955}
  t=  14.80  cb_failure         L6-CB3 {'rot': 0.01892}
  t=  14.80  cb_failure         L30-CB3 {'rot': 0.01958}
  t=  15.20  cb_failure         L26-CB1 {'rot': 0.01947}
  t=  15.35  cb_failure         L27-CB1 {'rot': 0.01974}
  t=  15.40  cb_failure         L28-CB1 {'rot': 0.0195}
  t=  16.95  cb_failure         L5-CB1 {'rot': 0.01922}
  t=  16.95  cb_failure         L6-CB0 {'rot': 0.01894}
  t=  16.95  cb_failure         L7-CB0 {'rot': 0.01918}
  t=  16.95  cb_failure         L8-CB0 {'rot': 0.01914}
  t=  17.00  cb_failure         L4-CB1 {'rot': 0.01898}
  t=  17.00  cb_failure         L5-CB0 {'rot': 0.01953}
  t=  17.00  cb_failure         L8-CB2 {'rot': 0.01892}
  t=  17.00  cb_failure         L9-CB2 {'rot': 0.01892}
  t=  17.05  cb_failure         L4-CB0 {'rot': 0.01896}
  t=  17.05  cb_failure         L6-CB2 {'rot': 0.01892}
  t=  17.05  cb_failure         L7-CB2 {'rot': 0.01947}
  t=  17.05  cb_failure         L10-CB2 {'rot': 0.01992}
  t=  17.05  cb_failure         L11-CB2 {'rot': 0.01975}
  t=  17.05  cb_failure         L12-CB2 {'rot': 0.01948}
  t=  17.05  cb_failure         L13-CB2 {'rot': 0.01906}
  t=  17.10  cb_failure         L5-CB3 {'rot': 0.01891}
  t=  17.10  cb_failure         L14-CB2 {'rot': 0.01958}
  t=  17.10  cb_failure         L15-CB2 {'rot': 0.01893}
  t=  17.15  cb_failure         L3-CB1 {'rot': 0.01892}
  t=  17.15  cb_failure         L5-CB2 {'rot': 0.01906}
  t=  17.15  cb_failure         L16-CB2 {'rot': 0.01924}
  t=  17.15  cb_failure         L17-CB2 {'rot': 0.01954}
  t=  17.20  cb_failure         L18-CB2 {'rot': 0.01955}
  t=  17.25  cb_failure         L3-CB0 {'rot': 0.01932}
  t=  17.25  cb_failure         L4-CB3 {'rot': 0.01906}
  t=  17.25  cb_failure         L19-CB2 {'rot': 0.01958}
  t=  17.30  cb_failure         L4-CB2 {'rot': 0.01947}
  t=  17.30  cb_failure         L20-CB2 {'rot': 0.01961}
  t=  17.65  cb_failure         L22-CB0 {'rot': 0.01947}
  t=  17.65  cb_yield           L30-CB0 {'rot': 0.00614}
  t=  17.70  cb_yield           L31-CB0 {'rot': 0.00562}
  t=  17.75  cb_failure         L23-CB0 {'rot': 0.01954}
  t=  17.80  cb_failure         L24-CB0 {'rot': 0.01963}
  t=  19.15  cb_yield           L31-CB2 {'rot': 0.00556}
  t=  19.20  cb_yield           L32-CB2 {'rot': 0.00581}
  t=  19.20  cb_yield           L33-CB2 {'rot': 0.00565}
  t=  19.55  cb_failure         L3-CB3 {'rot': 0.01891}
  t=  19.85  cb_failure         L2-CB3 {'rot': 0.01896}
  t=  19.90  cb_failure         L2-CB1 {'rot': 0.0196}
  t=  19.90  cb_failure         L29-CB1 {'rot': 0.01953}
  t=  19.95  cb_failure         L30-CB1 {'rot': 0.01979}
  t=  19.95  cb_failure         L31-CB1 {'rot': 0.01982}
  t=  19.95  cb_failure         L32-CB1 {'rot': 0.01983}
  t=  20.00  cb_failure         L2-CB0 {'rot': 0.01975}
  t=  20.00  cb_failure         L3-CB2 {'rot': 0.01927}
  t=  20.00  cb_failure         L32-CB3 {'rot': 0.01981}
  t=  20.00  cb_failure         L33-CB1 {'rot': 0.02015}
  t=  20.00  cb_failure         L33-CB3 {'rot': 0.02016}
  progress t=  20.0s  max corner drift so far=0.0097  wall clock=513s
  t=  20.05  cb_failure         L1-CB1 {'rot': 0.021}
  t=  20.05  cb_failure         L31-CB3 {'rot': 0.02099}
  t=  20.09  wall_axial_failure S1-F {'gamma': 0.00076, 'eps': -0.00669, 'cause': 'crushing'}
  t=  20.10  cb_failure         L1-CB0 {'rot': 0.01905}
  t=  20.10  cb_failure         L1-CB3 {'rot': 0.02172}
  t=  20.15  cb_failure         L2-CB2 {'rot': 0.01941}
  t=  20.15  cb_yield           L32-CB0 {'rot': 0.00666}
  t=  20.15  cb_yield           L33-CB0 {'rot': 0.00633}
  t=  20.20  cb_failure         L25-CB0 {'rot': 0.01976}
  t=  20.40  cb_failure         L26-CB0 {'rot': 0.01958}
  t= 20.460  solver fallback: Newton
  t= 20.470  solver fallback: Newton
  t=  20.50  cb_failure         L27-CB0 {'rot': 0.01954}
  t=  20.55  cb_failure         L33-CB0 {'rot': 0.0198}
  t=  20.60  cb_failure         L21-CB2 {'rot': 0.01961}
  t=  20.70  cb_failure         L23-CB2 {'rot': 0.01973}
  t=  20.75  cb_failure         L22-CB2 {'rot': 0.01969}
  t=  20.75  cb_failure         L24-CB2 {'rot': 0.01974}
  t=  20.75  cb_failure         L28-CB0 {'rot': 0.01945}
  t=  20.90  cb_failure         L25-CB2 {'rot': 0.01968}
  t=  20.90  cb_failure         L29-CB0 {'rot': 0.01947}
  t=  20.95  cb_failure         L26-CB2 {'rot': 0.01974}
  t=  20.95  cb_failure         L30-CB0 {'rot': 0.01955}
  t=  20.95  cb_failure         L32-CB0 {'rot': 0.0196}
  t=  21.00  cb_failure         L27-CB2 {'rot': 0.01974}
  t=  21.00  cb_failure         L31-CB0 {'rot': 0.02136}
  t=  21.05  cb_failure         L28-CB2 {'rot': 0.01971}
  t=  21.15  cb_failure         L29-CB2 {'rot': 0.02135}
  t=  21.15  cb_failure         L30-CB2 {'rot': 0.02084}
  t=  21.15  cb_failure         L31-CB2 {'rot': 0.02036}
  t=  21.15  cb_failure         L32-CB2 {'rot': 0.02002}
  t=  21.15  cb_failure         L33-CB2 {'rot': 0.0199}
