  t=   2.95  cb_yield           L8-CB3 {'rot': 0.00591}
  t=   2.95  cb_yield           L9-CB3 {'rot': 0.00597}
  t=   2.95  cb_yield           L10-CB3 {'rot': 0.006}
  t=   2.95  cb_yield           L11-CB3 {'rot': 0.00602}
  t=   2.95  cb_yield           L12-CB3 {'rot': 0.00602}
  t=   2.95  cb_yield           L13-CB3 {'rot': 0.00601}
  t=   2.95  cb_yield           L14-CB3 {'rot': 0.00598}
  t=   2.95  cb_yield           L15-CB3 {'rot': 0.00594}
  t=   2.95  cb_yield           L16-CB3 {'rot': 0.00589}
  t=   3.00  cb_yield           L7-CB3 {'rot': 0.00606}
  t=   3.05  cb_yield           L6-CB3 {'rot': 0.00615}
  t=   3.10  cb_yield           L5-CB3 {'rot': 0.00614}
  t=   3.15  cb_yield           L4-CB3 {'rot': 0.00594}
  t=   3.15  cb_yield           L6-CB1 {'rot': 0.00595}
  t=   3.15  cb_yield           L6-CB2 {'rot': 0.00603}
  t=   3.15  cb_yield           L7-CB1 {'rot': 0.00609}
  t=   3.15  cb_yield           L7-CB2 {'rot': 0.00615}
  t=   3.15  cb_yield           L8-CB1 {'rot': 0.00614}
  t=   3.15  cb_yield           L8-CB2 {'rot': 0.00618}
  t=   3.15  cb_yield           L9-CB1 {'rot': 0.00613}
  t=   3.15  cb_yield           L9-CB2 {'rot': 0.00614}
  t=   3.15  cb_yield           L10-CB1 {'rot': 0.00608}
  t=   3.15  cb_yield           L10-CB2 {'rot': 0.00606}
  t=   3.15  cb_yield           L11-CB1 {'rot': 0.006}
  t=   3.15  cb_yield           L11-CB2 {'rot': 0.00595}
  t=   3.15  cb_yield           L12-CB1 {'rot': 0.00592}
  t=   3.15  cb_yield           L17-CB3 {'rot': 0.00664}
  t=   3.20  cb_yield           L5-CB1 {'rot': 0.00594}
  t=   3.20  cb_yield           L5-CB2 {'rot': 0.00607}
  t=   3.20  cb_yield           L12-CB2 {'rot': 0.00609}
  t=   3.20  cb_yield           L13-CB1 {'rot': 0.00605}
  t=   3.20  cb_yield           L13-CB2 {'rot': 0.00594}
  t=   3.20  cb_yield           L14-CB1 {'rot': 0.00591}
  t=   3.20  cb_yield           L18-CB3 {'rot': 0.00661}
  t=   3.25  cb_yield           L14-CB2 {'rot': 0.00596}
  t=   3.25  cb_yield           L15-CB1 {'rot': 0.00597}
  t=   3.30  cb_yield           L4-CB2 {'rot': 0.0061}
  t=   3.30  cb_yield           L7-CB0 {'rot': 0.00591}
  t=   3.30  cb_yield           L8-CB0 {'rot': 0.0059}
  t=   3.30  cb_yield           L16-CB1 {'rot': 0.00599}
  t=   3.35  cb_yield           L3-CB3 {'rot': 0.00606}
  t=   3.35  cb_yield           L4-CB1 {'rot': 0.00601}
  t=   3.35  cb_yield           L6-CB0 {'rot': 0.00599}
  t=   3.35  cb_yield           L9-CB0 {'rot': 0.006}
  t=   3.35  cb_yield           L15-CB2 {'rot': 0.00603}
  t=   3.40  cb_yield           L5-CB0 {'rot': 0.0059}
  t=   3.40  cb_yield           L10-CB0 {'rot': 0.00604}
  t=   3.40  cb_yield           L19-CB3 {'rot': 0.00654}
  t=   3.45  cb_yield           L11-CB0 {'rot': 0.00602}
  t=   3.45  cb_yield           L16-CB2 {'rot': 0.00594}
  t=   3.50  cb_yield           L12-CB0 {'rot': 0.00597}
  t=   3.60  cb_yield           L13-CB0 {'rot': 0.00594}
  t=   3.60  cb_yield           L17-CB1 {'rot': 0.0066}
  t=   5.10  cb_yield           L14-CB0 {'rot': 0.00613}
  t=   5.10  cb_yield           L15-CB0 {'rot': 0.00604}
  t=   5.10  cb_yield           L16-CB0 {'rot': 0.00593}
  t=   5.20  cb_yield           L17-CB0 {'rot': 0.00653}
  t=   5.25  cb_yield           L18-CB0 {'rot': 0.00655}
  t=   5.25  cb_yield           L18-CB1 {'rot': 0.00662}
  t=   5.30  cb_yield           L19-CB1 {'rot': 0.00656}
  t=   5.35  cb_yield           L4-CB0 {'rot': 0.00607}
  t=   5.35  cb_yield           L17-CB2 {'rot': 0.00657}
  t=   5.35  cb_yield           L19-CB0 {'rot': 0.00654}
  t=   5.45  cb_yield           L3-CB0 {'rot': 0.00596}
  t=   5.45  cb_yield           L3-CB1 {'rot': 0.00601}
  t=   5.45  cb_yield           L3-CB2 {'rot': 0.00596}
  t=   5.45  cb_yield           L18-CB2 {'rot': 0.00672}
  t=   5.50  cb_yield           L19-CB2 {'rot': 0.00661}
  t=   5.50  cb_yield           L20-CB3 {'rot': 0.00664}
  t=   5.60  cb_yield           L2-CB3 {'rot': 0.00605}
  t=   5.65  cb_yield           L2-CB0 {'rot': 0.00604}
  t=   5.65  cb_yield           L2-CB1 {'rot': 0.00609}
  t=   5.65  cb_yield           L2-CB2 {'rot': 0.00593}
  t=   9.00  cb_yield           L20-CB1 {'rot': 0.00671}
  t=   9.00  cb_yield           L21-CB1 {'rot': 0.00682}
  t=   9.00  cb_yield           L22-CB1 {'rot': 0.00685}
  t=   9.00  cb_yield           L23-CB1 {'rot': 0.00679}
  t=   9.00  cb_yield           L24-CB1 {'rot': 0.00664}
  t=   9.05  cb_yield           L25-CB1 {'rot': 0.0073}
  t=   9.05  cb_yield           L26-CB1 {'rot': 0.00705}
  t=   9.05  cb_yield           L27-CB1 {'rot': 0.00674}
  t=   9.10  cb_yield           L28-CB1 {'rot': 0.00715}
  t=   9.10  cb_yield           L29-CB1 {'rot': 0.00677}
  t=   9.15  cb_yield           L30-CB1 {'rot': 0.00689}
  t=   9.20  cb_yield           L31-CB1 {'rot': 0.00662}
  t=   9.85  cb_yield           L1-CB0 {'rot': 0.00627}
  t=   9.85  cb_yield           L1-CB1 {'rot': 0.00651}
  t=   9.90  cb_yield           L1-CB3 {'rot': 0.006}
  t=   9.95  cb_yield           L1-CB2 {'rot': 0.00603}
  progress t=  10.0s  max corner drift so far=0.0037  wall clock=262s
  t=  10.30  cb_yield           L21-CB3 {'rot': 0.0068}
  t=  10.35  cb_yield           L22-CB3 {'rot': 0.00731}
  t=  10.35  cb_yield           L23-CB3 {'rot': 0.00673}
  t=  10.40  cb_yield           L20-CB2 {'rot': 0.0067}
  t=  10.40  cb_yield           L24-CB3 {'rot': 0.00731}
  t=  10.40  cb_yield           L25-CB3 {'rot': 0.0067}
  t=  10.45  cb_yield           L21-CB2 {'rot': 0.00719}
  t=  10.45  cb_yield           L22-CB2 {'rot': 0.00657}
  t=  10.45  cb_yield           L26-CB3 {'rot': 0.00726}
  t=  10.45  cb_yield           L27-CB3 {'rot': 0.00664}
  t=  10.50  cb_yield           L23-CB2 {'rot': 0.00712}
  t=  10.50  cb_yield           L28-CB3 {'rot': 0.00718}
  t=  10.50  cb_yield           L29-CB3 {'rot': 0.00656}
  t=  10.55  cb_yield           L24-CB2 {'rot': 0.00771}
  t=  10.55  cb_yield           L25-CB2 {'rot': 0.007}
  t=  10.55  cb_yield           L30-CB3 {'rot': 0.00685}
  t=  10.60  cb_yield           L26-CB2 {'rot': 0.00733}
  t=  10.60  cb_yield           L31-CB3 {'rot': 0.00694}
  t=  10.65  cb_failure         L20-CB3 {'rot': 0.02105}
  t=  10.65  cb_yield           L27-CB2 {'rot': 0.00735}
  t=  10.65  cb_yield           L32-CB3 {'rot': 0.00717}
  t=  10.70  cb_yield           L28-CB2 {'rot': 0.00704}
  t=  10.70  cb_yield           L33-CB3 {'rot': 0.00728}
  t=  12.10  cb_yield           L20-CB0 {'rot': 0.00697}
  t=  12.10  cb_yield           L21-CB0 {'rot': 0.00729}
  t=  12.10  cb_yield           L22-CB0 {'rot': 0.00751}
  t=  12.10  cb_yield           L23-CB0 {'rot': 0.00764}
  t=  12.10  cb_yield           L24-CB0 {'rot': 0.00766}
  t=  12.10  cb_yield           L25-CB0 {'rot': 0.00756}
  t=  12.10  cb_yield           L26-CB0 {'rot': 0.00734}
  t=  12.10  cb_yield           L27-CB0 {'rot': 0.00703}
  t=  12.10  cb_yield           L28-CB0 {'rot': 0.00666}
  t=  12.10  cb_yield           L32-CB1 {'rot': 0.00802}
  t=  12.10  cb_yield           L33-CB1 {'rot': 0.00752}
  t=  12.15  cb_yield           L29-CB0 {'rot': 0.00749}
  t=  12.15  cb_yield           L30-CB0 {'rot': 0.00687}
  t=  12.20  cb_yield           L31-CB0 {'rot': 0.00695}
  t= 12.320  solver fallback: Newton
  t= 12.330  solver fallback: Newton
  t= 12.340  solver fallback: Newton
  t=  12.55  cb_failure         L4-CB2 {'rot': 0.02005}
  t=  12.65  cb_failure         L3-CB2 {'rot': 0.02002}
  t=  13.00  cb_failure         L10-CB2 {'rot': 0.02011}
  t=  13.00  cb_failure         L11-CB2 {'rot': 0.02017}
  t=  13.00  cb_failure         L12-CB2 {'rot': 0.02108}
  t=  13.05  cb_failure         L14-CB2 {'rot': 0.02104}
  t=  13.10  cb_failure         L10-CB3 {'rot': 0.01994}
  t=  13.10  cb_failure         L11-CB3 {'rot': 0.02034}
  t=  13.10  cb_failure         L12-CB3 {'rot': 0.02056}
  t=  13.10  cb_failure         L13-CB3 {'rot': 0.02058}
  t=  13.10  cb_failure         L14-CB3 {'rot': 0.02036}
  t=  13.10  cb_failure         L15-CB3 {'rot': 0.01995}
  t=  13.15  cb_failure         L16-CB3 {'rot': 0.02164}
  t=  13.15  cb_failure         L17-CB3 {'rot': 0.02102}
  t=  13.20  cb_failure         L13-CB2 {'rot': 0.02008}
  t=  13.20  cb_failure         L15-CB2 {'rot': 0.0211}
  t=  13.20  cb_failure         L16-CB2 {'rot': 0.02122}
  t=  13.20  cb_failure         L17-CB2 {'rot': 0.02105}
  t=  13.20  cb_failure         L18-CB2 {'rot': 0.02058}
  t=  13.20  cb_failure         L18-CB3 {'rot': 0.02284}
  t=  13.20  cb_failure         L19-CB3 {'rot': 0.02199}
  t=  13.25  cb_failure         L19-CB2 {'rot': 0.02233}
  t=  13.25  cb_failure         L20-CB2 {'rot': 0.02143}
  t=  13.25  cb_failure         L21-CB3 {'rot': 0.02227}
  t=  13.25  cb_failure         L22-CB3 {'rot': 0.02064}
  t=  13.30  cb_failure         L21-CB2 {'rot': 0.02268}
  t=  13.30  cb_failure         L22-CB2 {'rot': 0.02098}
  t=  13.30  cb_failure         L23-CB3 {'rot': 0.02063}
  t=  13.35  cb_failure         L23-CB2 {'rot': 0.02087}
  t=  13.45  cb_failure         L24-CB2 {'rot': 0.02058}
  t=  13.45  cb_failure         L24-CB3 {'rot': 0.02088}
  t=  13.45  cb_yield           L29-CB2 {'rot': 0.00702}
  t=  13.55  cb_yield           L30-CB2 {'rot': 0.00672}
  t=  14.20  cb_failure         L5-CB0 {'rot': 0.02031}
  t=  14.20  cb_yield           L31-CB2 {'rot': 0.00752}
  t=  14.20  cb_yield           L32-CB2 {'rot': 0.00679}
  t=  14.25  cb_failure         L7-CB0 {'rot': 0.02111}
  t=  14.25  cb_failure         L8-CB0 {'rot': 0.02033}
  t=  14.25  cb_failure         L26-CB3 {'rot': 0.02085}
  t=  14.25  cb_failure         L27-CB3 {'rot': 0.02111}
  t=  14.25  cb_failure         L28-CB3 {'rot': 0.02113}
  t=  14.25  cb_failure         L29-CB3 {'rot': 0.02082}
  t=  14.25  cb_yield           L33-CB2 {'rot': 0.00723}
  t=  14.30  cb_failure         L9-CB0 {'rot': 0.02021}
  t=  14.30  cb_failure         L25-CB3 {'rot': 0.02235}
  t=  14.30  cb_failure         L30-CB3 {'rot': 0.02195}
  t=  14.30  cb_failure         L31-CB3 {'rot': 0.02108}
  t=  14.35  cb_failure         L32-CB3 {'rot': 0.02072}
  t=  15.20  cb_failure         L6-CB3 {'rot': 0.02012}
  t=  15.25  cb_failure         L5-CB3 {'rot': 0.0201}
  t=  15.25  cb_failure         L7-CB3 {'rot': 0.02051}
  t=  15.40  cb_failure         L4-CB3 {'rot': 0.02032}
  t=  15.40  cb_failure         L8-CB3 {'rot': 0.02062}
  t= 15.430  solver fallback: Newton
  t=  15.45  cb_failure         L2-CB3 {'rot': 0.0215}
  t=  15.45  cb_failure         L3-CB3 {'rot': 0.02301}
  t=  15.45  cb_failure         L5-CB1 {'rot': 0.02}
  t=  15.45  cb_failure         L9-CB3 {'rot': 0.02261}
  t=  15.46  wall_axial_failure S1-F {'gamma': 0.00062, 'eps': -0.00639, 'cause': 'crushing'}
  t=  15.50  cb_failure         L1-CB3 {'rot': 0.03608}
  t=  15.50  cb_failure         L2-CB1 {'rot': 0.0227}
  t=  15.50  cb_failure         L3-CB1 {'rot': 0.02521}
  t=  15.50  cb_failure         L4-CB1 {'rot': 0.02665}
  t=  15.50  cb_failure         L6-CB1 {'rot': 0.02671}
  t=  15.50  cb_failure         L7-CB1 {'rot': 0.0258}
  t=  15.50  cb_failure         L8-CB1 {'rot': 0.02453}
  t=  15.50  cb_failure         L9-CB1 {'rot': 0.02308}
  t=  15.50  cb_failure         L10-CB1 {'rot': 0.02157}
  t=  15.50  cb_failure         L11-CB1 {'rot': 0.02015}
  t=  15.55  cb_failure         L1-CB1 {'rot': 0.03901}
  t=  15.55  cb_failure         L12-CB1 {'rot': 0.03926}
  t=  15.55  cb_failure         L13-CB1 {'rot': 0.03776}
  t=  15.55  cb_failure         L14-CB1 {'rot': 0.03661}
  t=  15.55  cb_failure         L15-CB1 {'rot': 0.03564}
  t=  15.55  cb_failure         L16-CB1 {'rot': 0.03481}
  t=  15.55  cb_failure         L17-CB1 {'rot': 0.03362}
  t=  15.55  cb_failure         L18-CB1 {'rot': 0.03229}
  t=  15.55  cb_failure         L19-CB1 {'rot': 0.03117}
  t=  15.55  cb_failure         L20-CB1 {'rot': 0.03009}
  t=  15.55  cb_failure         L21-CB1 {'rot': 0.02884}
  t=  15.55  cb_failure         L22-CB1 {'rot': 0.02785}
  t=  15.55  cb_failure         L23-CB1 {'rot': 0.02674}
  t=  15.55  cb_failure         L24-CB1 {'rot': 0.0258}
  t=  15.55  cb_failure         L25-CB1 {'rot': 0.02499}
  t=  15.55  cb_failure         L26-CB1 {'rot': 0.02432}
  t=  15.55  cb_failure         L27-CB1 {'rot': 0.02371}
  t=  15.55  cb_failure         L28-CB1 {'rot': 0.02322}
  t=  15.55  cb_failure         L29-CB1 {'rot': 0.02287}
  t=  15.55  cb_failure         L30-CB1 {'rot': 0.0227}
  t=  15.55  cb_failure         L31-CB1 {'rot': 0.02264}
  t=  15.55  cb_failure         L32-CB1 {'rot': 0.02267}
  t=  15.55  cb_failure         L33-CB1 {'rot': 0.02268}
  t=  15.55  cb_failure         L33-CB3 {'rot': 0.0245}
