  t=   2.20  cb_yield           L9-CB3 {'rot': 0.00702}
  t=   2.25  cb_yield           L10-CB3 {'rot': 0.00707}
  t=   2.25  cb_yield           L11-CB3 {'rot': 0.00709}
  t=   2.25  cb_yield           L12-CB3 {'rot': 0.00708}
  t=   2.30  cb_yield           L12-CB1 {'rot': 0.00702}
  t=   2.30  cb_yield           L13-CB3 {'rot': 0.00716}
  t=   2.30  cb_yield           L14-CB3 {'rot': 0.00708}
  t=   2.35  cb_yield           L15-CB3 {'rot': 0.00707}
  t=   2.40  cb_yield           L16-CB3 {'rot': 0.00709}
  t=   2.50  cb_yield           L16-CB1 {'rot': 0.00704}
  t=   2.50  cb_yield           L19-CB3 {'rot': 0.00766}
  t=   2.50  cb_yield           L20-CB3 {'rot': 0.00771}
  t=   2.50  cb_yield           L21-CB3 {'rot': 0.0077}
  t=   2.55  cb_yield           L18-CB1 {'rot': 0.00761}
  t=   2.55  cb_yield           L18-CB3 {'rot': 0.00786}
  t=   2.55  cb_yield           L19-CB1 {'rot': 0.00778}
  t=   2.55  cb_yield           L20-CB1 {'rot': 0.00788}
  t=   2.55  cb_yield           L21-CB1 {'rot': 0.0079}
  t=   2.55  cb_yield           L22-CB1 {'rot': 0.00784}
  t=   2.55  cb_yield           L22-CB3 {'rot': 0.00813}
  t=   2.55  cb_yield           L23-CB1 {'rot': 0.0077}
  t=   2.55  cb_yield           L23-CB3 {'rot': 0.008}
  t=   2.55  cb_yield           L24-CB3 {'rot': 0.00777}
  t=   2.60  cb_yield           L17-CB3 {'rot': 0.00778}
  t=   2.60  cb_yield           L24-CB1 {'rot': 0.00795}
  t=   2.60  cb_yield           L25-CB3 {'rot': 0.00789}
  t=   2.65  cb_yield           L17-CB1 {'rot': 0.00762}
  t=   2.65  cb_yield           L25-CB1 {'rot': 0.00792}
  t=   2.65  cb_yield           L26-CB3 {'rot': 0.0077}
  t=   4.00  cb_yield           L6-CB0 {'rot': 0.00702}
  t=   4.00  cb_yield           L6-CB1 {'rot': 0.00711}
  t=   4.00  cb_yield           L7-CB0 {'rot': 0.00707}
  t=   4.00  cb_yield           L7-CB1 {'rot': 0.00717}
  t=   4.00  cb_yield           L8-CB1 {'rot': 0.00713}
  t=   4.05  cb_yield           L4-CB0 {'rot': 0.00748}
  t=   4.05  cb_yield           L4-CB1 {'rot': 0.00748}
  t=   4.05  cb_yield           L5-CB0 {'rot': 0.00789}
  t=   4.05  cb_yield           L5-CB1 {'rot': 0.00792}
  t=   4.05  cb_yield           L8-CB0 {'rot': 0.00797}
  t=   4.05  cb_yield           L9-CB0 {'rot': 0.00778}
  t=   4.05  cb_yield           L9-CB1 {'rot': 0.00785}
  t=   4.05  cb_yield           L10-CB0 {'rot': 0.00751}
  t=   4.05  cb_yield           L10-CB1 {'rot': 0.00757}
  t=   4.05  cb_yield           L11-CB0 {'rot': 0.0072}
  t=   4.05  cb_yield           L11-CB1 {'rot': 0.00724}
  t=   4.10  cb_yield           L3-CB0 {'rot': 0.00771}
  t=   4.10  cb_yield           L3-CB1 {'rot': 0.00764}
  t=   4.10  cb_yield           L4-CB2 {'rot': 0.00731}
  t=   4.10  cb_yield           L4-CB3 {'rot': 0.00725}
  t=   4.10  cb_yield           L5-CB2 {'rot': 0.00758}
  t=   4.10  cb_yield           L5-CB3 {'rot': 0.00752}
  t=   4.10  cb_yield           L6-CB2 {'rot': 0.00758}
  t=   4.10  cb_yield           L6-CB3 {'rot': 0.00753}
  t=   4.10  cb_yield           L7-CB2 {'rot': 0.00739}
  t=   4.10  cb_yield           L7-CB3 {'rot': 0.00735}
  t=   4.10  cb_yield           L8-CB2 {'rot': 0.00706}
  t=   4.10  cb_yield           L8-CB3 {'rot': 0.00702}
  t=   4.10  cb_yield           L12-CB0 {'rot': 0.00737}
  t=   4.15  cb_yield           L2-CB0 {'rot': 0.00719}
  t=   4.15  cb_yield           L2-CB1 {'rot': 0.00708}
  t=   4.15  cb_yield           L3-CB2 {'rot': 0.00751}
  t=   4.15  cb_yield           L3-CB3 {'rot': 0.00742}
  t=   4.15  cb_yield           L9-CB2 {'rot': 0.0073}
  t=   4.15  cb_yield           L13-CB0 {'rot': 0.00713}
  t=   4.20  cb_yield           L10-CB2 {'rot': 0.00711}
  t=   4.20  cb_yield           L13-CB1 {'rot': 0.00705}
  t=   4.25  cb_yield           L2-CB2 {'rot': 0.00744}
  t=   4.25  cb_yield           L2-CB3 {'rot': 0.0073}
  t=   8.05  cb_yield           L11-CB2 {'rot': 0.00709}
  t=   8.15  cb_yield           L12-CB2 {'rot': 0.00709}
  t=   8.15  cb_yield           L14-CB1 {'rot': 0.00734}
  t=   8.20  cb_yield           L15-CB1 {'rot': 0.00712}
  t=   8.40  cb_yield           L13-CB2 {'rot': 0.0071}
  t=   8.45  cb_yield           L14-CB2 {'rot': 0.0071}
  t=   8.50  cb_yield           L15-CB2 {'rot': 0.00754}
  t=   8.50  cb_yield           L16-CB2 {'rot': 0.00734}
  t=   8.55  cb_yield           L17-CB2 {'rot': 0.00817}
  t=   8.55  cb_yield           L18-CB2 {'rot': 0.00798}
  t=   8.55  cb_yield           L19-CB2 {'rot': 0.0078}
  t=   8.55  cb_yield           L20-CB2 {'rot': 0.00764}
  t=   8.55  cb_yield           L27-CB3 {'rot': 0.00876}
  t=   8.55  cb_yield           L28-CB3 {'rot': 0.0082}
  t=   8.60  cb_yield           L21-CB2 {'rot': 0.00851}
  t=   8.60  cb_yield           L22-CB2 {'rot': 0.00825}
  t=   8.60  cb_yield           L23-CB2 {'rot': 0.00796}
  t=   8.60  cb_yield           L29-CB3 {'rot': 0.00907}
  t=   8.60  cb_yield           L30-CB3 {'rot': 0.0083}
  t=   8.65  cb_yield           L24-CB2 {'rot': 0.00864}
  t=   8.65  cb_yield           L25-CB2 {'rot': 0.00817}
  t=   8.65  cb_yield           L26-CB2 {'rot': 0.00767}
  t=   8.65  cb_yield           L31-CB3 {'rot': 0.00858}
  t=   8.65  cb_yield           L32-CB3 {'rot': 0.00788}
  t=   8.70  cb_yield           L27-CB2 {'rot': 0.00773}
  t=   8.75  cb_yield           L33-CB3 {'rot': 0.00796}
  t=   8.90  cb_yield           L28-CB2 {'rot': 0.00765}
  progress t=  10.0s  max corner drift so far=0.0055  wall clock=235s
  t=  10.30  cb_yield           L21-CB0 {'rot': 0.00766}
  t=  10.30  cb_yield           L22-CB0 {'rot': 0.00772}
  t=  10.30  cb_yield           L23-CB0 {'rot': 0.00773}
  t=  10.30  cb_yield           L24-CB0 {'rot': 0.00767}
  t=  10.30  cb_yield           L26-CB1 {'rot': 0.00985}
  t=  10.30  cb_yield           L27-CB1 {'rot': 0.00954}
  t=  10.30  cb_yield           L28-CB1 {'rot': 0.00916}
  t=  10.30  cb_yield           L29-CB1 {'rot': 0.00867}
  t=  10.30  cb_yield           L30-CB1 {'rot': 0.0081}
  t=  10.35  cb_yield           L1-CB2 {'rot': 0.00888}
  t=  10.35  cb_yield           L1-CB3 {'rot': 0.00874}
  t=  10.35  cb_yield           L16-CB0 {'rot': 0.00717}
  t=  10.35  cb_yield           L18-CB0 {'rot': 0.00801}
  t=  10.35  cb_yield           L19-CB0 {'rot': 0.0084}
  t=  10.35  cb_yield           L20-CB0 {'rot': 0.00878}
  t=  10.35  cb_yield           L25-CB0 {'rot': 0.00922}
  t=  10.35  cb_yield           L26-CB0 {'rot': 0.00889}
  t=  10.35  cb_yield           L27-CB0 {'rot': 0.00844}
  t=  10.35  cb_yield           L28-CB0 {'rot': 0.00792}
  t=  10.35  cb_yield           L31-CB1 {'rot': 0.00934}
  t=  10.35  cb_yield           L32-CB1 {'rot': 0.00876}
  t=  10.35  cb_yield           L33-CB1 {'rot': 0.00791}
  t=  10.40  cb_yield           L1-CB0 {'rot': 0.0074}
  t=  10.40  cb_yield           L17-CB0 {'rot': 0.00817}
  t=  10.40  cb_yield           L29-CB0 {'rot': 0.00863}
  t=  10.40  cb_yield           L30-CB0 {'rot': 0.00786}
  t=  10.45  cb_yield           L1-CB1 {'rot': 0.00763}
  t=  10.45  cb_yield           L31-CB0 {'rot': 0.00795}
  t=  11.00  cb_yield           L14-CB0 {'rot': 0.0084}
  t=  11.00  cb_yield           L15-CB0 {'rot': 0.00711}
  t=  11.35  cb_failure         L12-CB1 {'rot': 0.03109}
  t=  11.35  cb_failure         L13-CB1 {'rot': 0.03138}
  t=  11.35  cb_failure         L14-CB1 {'rot': 0.03146}
  t=  11.35  cb_failure         L15-CB1 {'rot': 0.03142}
  t=  11.35  cb_failure         L16-CB1 {'rot': 0.03123}
  t=  11.40  cb_failure         L10-CB1 {'rot': 0.0314}
  t=  11.40  cb_failure         L11-CB1 {'rot': 0.03226}
  t=  11.40  cb_failure         L17-CB1 {'rot': 0.03438}
  t=  11.40  cb_failure         L18-CB1 {'rot': 0.03381}
  t=  11.40  cb_failure         L19-CB1 {'rot': 0.03294}
  t=  11.40  cb_failure         L20-CB1 {'rot': 0.03184}
  t=  11.45  cb_failure         L21-CB1 {'rot': 0.03282}
  t=  11.50  cb_failure         L15-CB0 {'rot': 0.0312}
  t=  11.50  cb_failure         L16-CB0 {'rot': 0.03151}
  t=  11.50  cb_failure         L16-CB3 {'rot': 0.03128}
  t=  11.50  cb_failure         L17-CB0 {'rot': 0.03162}
  t=  11.50  cb_failure         L17-CB3 {'rot': 0.03163}
  t=  11.50  cb_failure         L22-CB1 {'rot': 0.03203}
  t=  11.55  cb_failure         L14-CB0 {'rot': 0.03218}
  t=  11.55  cb_failure         L15-CB3 {'rot': 0.03148}
  t=  11.55  cb_failure         L18-CB0 {'rot': 0.03341}
  t=  11.55  cb_failure         L18-CB3 {'rot': 0.03252}
  t=  11.55  cb_failure         L19-CB0 {'rot': 0.03244}
  t=  11.55  cb_failure         L19-CB3 {'rot': 0.03188}
  t=  11.60  cb_failure         L13-CB0 {'rot': 0.03231}
  t=  11.60  cb_failure         L20-CB0 {'rot': 0.03262}
  t=  11.60  cb_failure         L20-CB3 {'rot': 0.03161}
  t=  11.65  cb_failure         L14-CB3 {'rot': 0.03106}
  t=  12.75  cb_yield           L29-CB2 {'rot': 0.00807}
  t=  12.80  cb_yield           L30-CB2 {'rot': 0.00782}
  t=  14.50  cb_failure         L21-CB3 {'rot': 0.03214}
  t=  14.50  cb_failure         L22-CB3 {'rot': 0.03173}
  t=  14.50  cb_failure         L23-CB3 {'rot': 0.03162}
  t=  14.55  cb_failure         L24-CB3 {'rot': 0.03212}
  t=  14.55  cb_failure         L25-CB3 {'rot': 0.03163}
  t=  14.60  cb_failure         L26-CB3 {'rot': 0.03165}
  t=  14.70  cb_failure         L13-CB3 {'rot': 0.0314}
  t=  14.70  cb_failure         L27-CB3 {'rot': 0.03166}
  t=  14.75  cb_failure         L12-CB3 {'rot': 0.03142}
  t=  14.80  cb_failure         L10-CB3 {'rot': 0.03139}
  t=  14.80  cb_failure         L11-CB3 {'rot': 0.03213}
  t=  14.85  cb_failure         L9-CB3 {'rot': 0.03172}
  t=  14.90  cb_failure         L8-CB3 {'rot': 0.03104}
  t=  15.10  cb_failure         L7-CB3 {'rot': 0.03104}
  t=  17.20  cb_failure         L6-CB0 {'rot': 0.03155}
  t=  17.20  cb_failure         L6-CB1 {'rot': 0.03206}
  t=  17.20  cb_failure         L7-CB0 {'rot': 0.03204}
  t=  17.20  cb_failure         L7-CB1 {'rot': 0.03281}
  t=  17.20  cb_failure         L8-CB0 {'rot': 0.03197}
  t=  17.20  cb_failure         L8-CB1 {'rot': 0.03308}
  t=  17.20  cb_failure         L9-CB0 {'rot': 0.03138}
  t=  17.20  cb_failure         L9-CB1 {'rot': 0.03302}
  t=  17.25  cb_failure         L5-CB0 {'rot': 0.03174}
  t=  17.25  cb_failure         L5-CB1 {'rot': 0.03227}
  t=  17.25  cb_failure         L6-CB3 {'rot': 0.03158}
  t=  17.25  cb_failure         L10-CB0 {'rot': 0.03343}
  t=  17.25  cb_failure         L11-CB0 {'rot': 0.0327}
  t=  17.25  cb_failure         L12-CB0 {'rot': 0.03203}
  t=  17.30  cb_failure         L7-CB2 {'rot': 0.03139}
  t=  17.30  cb_failure         L8-CB2 {'rot': 0.03197}
  t=  17.30  cb_failure         L9-CB2 {'rot': 0.0322}
  t=  17.30  cb_failure         L10-CB2 {'rot': 0.03217}
  t=  17.30  cb_failure         L11-CB2 {'rot': 0.03202}
  t=  17.30  cb_failure         L12-CB2 {'rot': 0.03189}
  t=  17.30  cb_failure         L13-CB2 {'rot': 0.03166}
  t=  17.30  cb_failure         L14-CB2 {'rot': 0.03124}
  t=  17.35  cb_failure         L15-CB2 {'rot': 0.03179}
  t=  17.35  cb_failure         L16-CB2 {'rot': 0.03111}
  t=  17.45  cb_failure         L17-CB2 {'rot': 0.0325}
  t=  17.50  cb_failure         L18-CB2 {'rot': 0.0318}
  t=  17.60  cb_failure         L21-CB0 {'rot': 0.03169}
  t=  17.80  cb_failure         L22-CB0 {'rot': 0.03164}
  t=  17.85  cb_failure         L4-CB1 {'rot': 0.03121}
  t=  17.85  cb_failure         L23-CB1 {'rot': 0.03163}
  t=  17.90  cb_failure         L4-CB0 {'rot': 0.03114}
  t=  18.10  cb_failure         L3-CB1 {'rot': 0.03145}
  t=  18.15  cb_failure         L3-CB0 {'rot': 0.03145}
  progress t=  20.0s  max corner drift so far=0.0187  wall clock=476s
  t=  20.20  cb_failure         L4-CB3 {'rot': 0.03129}
  t=  20.20  cb_failure         L5-CB3 {'rot': 0.03295}
  t=  20.35  cb_failure         L3-CB3 {'rot': 0.03107}
  t=  20.35  cb_failure         L24-CB1 {'rot': 0.03211}
  t=  20.40  cb_failure         L25-CB1 {'rot': 0.0346}
  t=  20.40  cb_failure         L26-CB1 {'rot': 0.03254}
  t=  20.45  cb_failure         L27-CB1 {'rot': 0.03317}
  t=  20.45  cb_failure         L28-CB1 {'rot': 0.03165}
  t=  20.50  cb_failure         L29-CB1 {'rot': 0.03167}
  t=  20.55  cb_failure         L30-CB1 {'rot': 0.03171}
  t=  20.60  cb_failure         L31-CB1 {'rot': 0.03212}
  t=  20.60  cb_failure         L32-CB1 {'rot': 0.03168}
  t=  20.60  cb_failure         L33-CB1 {'rot': 0.03263}
  t=  20.80  cb_yield           L32-CB0 {'rot': 0.00808}
  t=  20.85  cb_failure         L23-CB0 {'rot': 0.03193}
  t=  20.85  cb_yield           L33-CB0 {'rot': 0.00841}
  t=  20.95  cb_failure         L24-CB0 {'rot': 0.03382}
  t=  21.00  cb_failure         L25-CB0 {'rot': 0.03181}
  t=  21.20  cb_failure         L26-CB0 {'rot': 0.03188}
  t=  21.40  cb_failure         L2-CB1 {'rot': 0.03132}
  t=  21.65  cb_failure         L2-CB0 {'rot': 0.03132}
  t=  23.20  cb_yield           L31-CB2 {'rot': 0.00773}
  t=  23.25  cb_yield           L32-CB2 {'rot': 0.00771}
  t=  23.30  cb_yield           L33-CB2 {'rot': 0.00778}
  t=  23.85  cb_failure         L19-CB2 {'rot': 0.03198}
  t=  23.90  cb_failure         L20-CB2 {'rot': 0.03306}
  t=  23.95  cb_failure         L21-CB2 {'rot': 0.03249}
  t=  24.40  cb_failure         L6-CB2 {'rot': 0.03108}
  t=  24.50  cb_failure         L5-CB2 {'rot': 0.03159}
  t=  26.85  cb_failure         L28-CB3 {'rot': 0.03164}
  t=  26.90  cb_failure         L29-CB3 {'rot': 0.03212}
  t=  26.95  cb_failure         L30-CB3 {'rot': 0.0333}
  t=  26.95  cb_failure         L31-CB3 {'rot': 0.03173}
  t=  26.95  cb_failure         L33-CB3 {'rot': 0.03222}
  t=  27.00  cb_failure         L32-CB3 {'rot': 0.0325}
  t= 27.870  solver fallback: ModifiedNewton
  t=  27.90  wall_axial_failure S2-F {'gamma': 0.00016, 'eps': -0.00928, 'cause': 'crushing'}
  t=  27.95  cb_failure         L2-CB3 {'rot': 0.03894}
  t=  28.35  cb_failure         L27-CB0 {'rot': 0.03352}
  t=  28.35  cb_failure         L28-CB0 {'rot': 0.03268}
  t=  28.35  cb_failure         L29-CB0 {'rot': 0.0317}
  t=  28.40  cb_failure         L30-CB0 {'rot': 0.03341}
  t=  28.40  cb_failure         L31-CB0 {'rot': 0.03211}
  t=  28.45  cb_failure         L32-CB0 {'rot': 0.03208}
  t=  28.45  cb_failure         L33-CB0 {'rot': 0.03162}
  progress t=  30.0s  max corner drift so far=0.0223  wall clock=724s
