  t=   4.12  cb_yield           L5-CB0 {'rot': 0.00704}
  t=   4.12  cb_yield           L6-CB0 {'rot': 0.00719}
  t=   4.12  cb_yield           L6-CB1 {'rot': 0.00705}
  t=   4.12  cb_yield           L7-CB0 {'rot': 0.00717}
  t=   4.12  cb_yield           L7-CB1 {'rot': 0.00702}
  t=   4.25  cb_yield           L3-CB0 {'rot': 0.00709}
  t=   4.25  cb_yield           L4-CB0 {'rot': 0.00783}
  t=   4.25  cb_yield           L4-CB1 {'rot': 0.00764}
  t=   4.25  cb_yield           L5-CB1 {'rot': 0.00802}
  t=   4.25  cb_yield           L8-CB0 {'rot': 0.00794}
  t=   4.25  cb_yield           L8-CB1 {'rot': 0.00769}
  t=   4.25  cb_yield           L9-CB0 {'rot': 0.00754}
  t=   4.25  cb_yield           L9-CB1 {'rot': 0.00726}
  t=   4.25  cb_yield           L10-CB0 {'rot': 0.00705}
  t=   8.00  cb_yield           L5-CB3 {'rot': 0.00702}
  t=   8.00  cb_yield           L6-CB3 {'rot': 0.0071}
  t=   8.50  cb_yield           L11-CB3 {'rot': 0.00714}
  t=   8.50  cb_yield           L12-CB3 {'rot': 0.00728}
  t=   8.50  cb_yield           L13-CB3 {'rot': 0.0074}
  t=   8.50  cb_yield           L14-CB3 {'rot': 0.00751}
  t=   8.50  cb_yield           L15-CB3 {'rot': 0.00762}
  t=   8.50  cb_yield           L16-CB3 {'rot': 0.00773}
  t=   8.50  cb_yield           L17-CB3 {'rot': 0.00788}
  t=   8.50  cb_yield           L18-CB3 {'rot': 0.00801}
  t=   8.50  cb_yield           L19-CB3 {'rot': 0.00811}
  t=   8.50  cb_yield           L20-CB3 {'rot': 0.0082}
  t=   8.50  cb_yield           L21-CB3 {'rot': 0.00825}
  t=   8.50  cb_yield           L22-CB3 {'rot': 0.00823}
  t=   8.50  cb_yield           L23-CB3 {'rot': 0.00815}
  t=   8.50  cb_yield           L24-CB3 {'rot': 0.00799}
  t=   8.50  cb_yield           L25-CB3 {'rot': 0.00776}
  t=   8.63  cb_yield           L9-CB3 {'rot': 0.00726}
  t=   8.63  cb_yield           L10-CB3 {'rot': 0.00778}
  t=   8.63  cb_yield           L14-CB2 {'rot': 0.00718}
  t=   8.63  cb_yield           L15-CB2 {'rot': 0.00731}
  t=   8.63  cb_yield           L16-CB2 {'rot': 0.0074}
  t=   8.63  cb_yield           L26-CB3 {'rot': 0.00944}
  t=   8.63  cb_yield           L27-CB3 {'rot': 0.00907}
  t=   8.63  cb_yield           L28-CB3 {'rot': 0.00867}
  t=   8.63  cb_yield           L29-CB3 {'rot': 0.00821}
  t=   8.63  cb_yield           L30-CB3 {'rot': 0.00764}
  t=   8.75  cb_yield           L12-CB2 {'rot': 0.00742}
  t=   8.75  cb_yield           L13-CB2 {'rot': 0.00789}
  t=   8.75  cb_yield           L17-CB2 {'rot': 0.00917}
  t=   8.75  cb_yield           L18-CB2 {'rot': 0.00929}
  t=   8.75  cb_yield           L19-CB2 {'rot': 0.00928}
  t=   8.75  cb_yield           L20-CB2 {'rot': 0.00918}
  t=   8.75  cb_yield           L21-CB2 {'rot': 0.00897}
  t=   8.75  cb_yield           L22-CB2 {'rot': 0.00864}
  t=   8.75  cb_yield           L23-CB2 {'rot': 0.00822}
  t=   8.75  cb_yield           L24-CB2 {'rot': 0.00772}
  t=   8.88  cb_yield           L11-CB2 {'rot': 0.00712}
  progress t=  10.0s  max corner drift so far=0.0039  wall clock=105s
  t=  10.38  cb_yield           L1-CB3 {'rot': 0.00703}
  t=  10.38  cb_yield           L2-CB2 {'rot': 0.00943}
  t=  10.38  cb_yield           L2-CB3 {'rot': 0.00946}
  t=  10.38  cb_yield           L3-CB2 {'rot': 0.01067}
  t=  10.38  cb_yield           L3-CB3 {'rot': 0.01062}
  t=  10.38  cb_yield           L4-CB2 {'rot': 0.01107}
  t=  10.38  cb_yield           L4-CB3 {'rot': 0.01091}
  t=  10.38  cb_yield           L5-CB2 {'rot': 0.01072}
  t=  10.38  cb_yield           L6-CB2 {'rot': 0.00993}
  t=  10.38  cb_yield           L7-CB2 {'rot': 0.00886}
  t=  10.38  cb_yield           L7-CB3 {'rot': 0.00835}
  t=  10.38  cb_yield           L8-CB2 {'rot': 0.00768}
  t=  10.38  cb_yield           L8-CB3 {'rot': 0.00703}
  t=  10.38  cb_yield           L21-CB1 {'rot': 0.00786}
  t=  10.38  cb_yield           L22-CB1 {'rot': 0.00804}
  t=  10.38  cb_yield           L23-CB1 {'rot': 0.00813}
  t=  10.38  cb_yield           L24-CB1 {'rot': 0.00813}
  t=  10.38  cb_yield           L25-CB1 {'rot': 0.00805}
  t=  10.38  cb_yield           L26-CB1 {'rot': 0.0079}
  t=  10.38  cb_yield           L27-CB1 {'rot': 0.00772}
  t=  10.50  cb_yield           L1-CB2 {'rot': 0.008}
  t=  10.50  cb_yield           L2-CB0 {'rot': 0.00811}
  t=  10.50  cb_yield           L2-CB1 {'rot': 0.00813}
  t=  10.50  cb_yield           L3-CB1 {'rot': 0.00914}
  t=  10.50  cb_yield           L9-CB2 {'rot': 0.00956}
  t=  10.50  cb_yield           L10-CB2 {'rot': 0.00815}
  t=  10.50  cb_yield           L20-CB1 {'rot': 0.00819}
  t=  10.50  cb_yield           L28-CB1 {'rot': 0.00822}
  t=  10.50  cb_yield           L29-CB1 {'rot': 0.00784}
  t=  10.63  cb_yield           L1-CB0 {'rot': 0.00737}
  t=  10.63  cb_yield           L1-CB1 {'rot': 0.00732}
  t=  10.75  cb_yield           L10-CB1 {'rot': 0.00834}
  t=  10.75  cb_yield           L11-CB1 {'rot': 0.00712}
  t=  10.88  cb_yield           L11-CB0 {'rot': 0.00898}
  t=  10.88  cb_yield           L12-CB0 {'rot': 0.0081}
  t=  10.88  cb_yield           L12-CB1 {'rot': 0.00895}
  t=  10.88  cb_yield           L13-CB0 {'rot': 0.00722}
  t=  10.88  cb_yield           L13-CB1 {'rot': 0.008}
  t=  10.88  cb_yield           L14-CB1 {'rot': 0.00709}
  t=  11.00  cb_yield           L14-CB0 {'rot': 0.00982}
  t=  11.00  cb_yield           L15-CB0 {'rot': 0.00918}
  t=  11.00  cb_yield           L15-CB1 {'rot': 0.0103}
  t=  11.00  cb_yield           L16-CB0 {'rot': 0.00857}
  t=  11.00  cb_yield           L16-CB1 {'rot': 0.00965}
  t=  11.00  cb_yield           L17-CB0 {'rot': 0.00786}
  t=  11.00  cb_yield           L17-CB1 {'rot': 0.00888}
  t=  11.00  cb_yield           L18-CB1 {'rot': 0.00816}
  t=  11.13  cb_yield           L18-CB0 {'rot': 0.01101}
  t=  11.13  cb_yield           L19-CB0 {'rot': 0.01052}
  t=  11.13  cb_yield           L19-CB1 {'rot': 0.01242}
  t=  11.13  cb_yield           L20-CB0 {'rot': 0.0101}
  t=  11.13  cb_yield           L21-CB0 {'rot': 0.00969}
  t=  11.13  cb_yield           L22-CB0 {'rot': 0.00927}
  t=  11.13  cb_yield           L23-CB0 {'rot': 0.00884}
  t=  11.13  cb_yield           L24-CB0 {'rot': 0.00837}
  t=  11.13  cb_yield           L25-CB0 {'rot': 0.00785}
  t=  11.25  cb_yield           L26-CB0 {'rot': 0.00878}
  t=  11.38  cb_yield           L27-CB0 {'rot': 0.00766}
  t=  12.50  cb_yield           L30-CB1 {'rot': 0.00764}
  t=  14.00  cb_yield           L31-CB3 {'rot': 0.00791}
  t=  14.13  cb_yield           L32-CB3 {'rot': 0.00856}
  t=  14.25  cb_yield           L25-CB2 {'rot': 0.0078}
  t=  15.38  cb_yield           L31-CB1 {'rot': 0.00882}
  t=  15.38  cb_yield           L32-CB1 {'rot': 0.00834}
  t=  17.75  cb_yield           L28-CB0 {'rot': 0.00798}
  t=  19.25  cb_yield           L33-CB3 {'rot': 0.00831}
  progress t=  20.0s  max corner drift so far=0.0094  wall clock=224s
  t=  20.12  cb_failure         L7-CB1 {'rot': 0.03106}
  t=  20.12  cb_failure         L8-CB1 {'rot': 0.03105}
  t=  20.12  cb_yield           L33-CB1 {'rot': 0.01046}
  t=  20.22  wall_axial_failure S1-F {'gamma': 0.00058, 'eps': -0.00757, 'cause': 'crushing'}
  t=  20.25  cb_failure         L1-CB1 {'rot': 0.03412}
  t=  20.25  cb_failure         L2-CB1 {'rot': 0.03698}
  t=  20.25  cb_failure         L3-CB1 {'rot': 0.03932}
  t=  20.25  cb_failure         L4-CB1 {'rot': 0.04123}
  t=  20.25  cb_failure         L5-CB1 {'rot': 0.04258}
  t=  20.25  cb_failure         L5-CB3 {'rot': 0.03117}
  t=  20.25  cb_failure         L6-CB1 {'rot': 0.04339}
  t=  20.25  cb_failure         L6-CB3 {'rot': 0.03205}
  t=  20.25  cb_failure         L7-CB3 {'rot': 0.03258}
  t=  20.25  cb_failure         L8-CB3 {'rot': 0.03257}
  t=  20.25  cb_failure         L9-CB1 {'rot': 0.04328}
  t=  20.25  cb_failure         L9-CB3 {'rot': 0.03219}
  t=  20.25  cb_failure         L10-CB1 {'rot': 0.04275}
  t=  20.25  cb_failure         L10-CB3 {'rot': 0.03164}
  t=  20.25  cb_failure         L11-CB1 {'rot': 0.04214}
  t=  20.25  cb_failure         L11-CB3 {'rot': 0.03104}
  t=  20.25  cb_failure         L12-CB1 {'rot': 0.0415}
  t=  20.25  cb_failure         L13-CB1 {'rot': 0.04078}
  t=  20.25  cb_failure         L14-CB1 {'rot': 0.03995}
  t=  20.25  cb_failure         L15-CB1 {'rot': 0.03907}
  t=  20.25  cb_failure         L16-CB1 {'rot': 0.03815}
  t=  20.25  cb_failure         L17-CB1 {'rot': 0.03699}
  t=  20.25  cb_failure         L18-CB1 {'rot': 0.03586}
  t=  20.25  cb_failure         L19-CB1 {'rot': 0.03476}
  t=  20.25  cb_failure         L20-CB1 {'rot': 0.03373}
  t=  20.25  cb_failure         L21-CB1 {'rot': 0.03264}
  t=  20.25  cb_failure         L22-CB1 {'rot': 0.03165}
  t=  20.37  cb_failure         L1-CB3 {'rot': 0.05854}
  t=  20.37  cb_failure         L2-CB3 {'rot': 0.06294}
  t=  20.37  cb_failure         L3-CB3 {'rot': 0.06699}
  t=  20.37  cb_failure         L4-CB3 {'rot': 0.07044}
  t=  20.37  cb_failure         L12-CB3 {'rot': 0.0745}
  t=  20.37  cb_failure         L13-CB3 {'rot': 0.07356}
  t=  20.37  cb_failure         L14-CB3 {'rot': 0.07245}
  t=  20.37  cb_failure         L15-CB3 {'rot': 0.07124}
  t=  20.37  cb_failure         L16-CB3 {'rot': 0.07004}
  t=  20.37  cb_failure         L17-CB3 {'rot': 0.06868}
  t=  20.37  cb_failure         L18-CB3 {'rot': 0.06751}
  t=  20.37  cb_failure         L19-CB3 {'rot': 0.06651}
  t=  20.37  cb_failure         L20-CB3 {'rot': 0.0657}
  t=  20.37  cb_failure         L21-CB3 {'rot': 0.06494}
  t=  20.37  cb_failure         L22-CB3 {'rot': 0.06418}
  t=  20.37  cb_failure         L23-CB1 {'rot': 0.07502}
  t=  20.37  cb_failure         L23-CB3 {'rot': 0.06336}
  t=  20.37  cb_failure         L24-CB1 {'rot': 0.07312}
  t=  20.37  cb_failure         L24-CB3 {'rot': 0.06244}
  t=  20.37  cb_failure         L25-CB1 {'rot': 0.07104}
  t=  20.37  cb_failure         L25-CB3 {'rot': 0.06143}
  t=  20.37  cb_failure         L26-CB1 {'rot': 0.06875}
  t=  20.37  cb_failure         L26-CB3 {'rot': 0.06033}
  t=  20.37  cb_failure         L27-CB1 {'rot': 0.06644}
  t=  20.37  cb_failure         L27-CB3 {'rot': 0.0592}
  t=  20.37  cb_failure         L28-CB1 {'rot': 0.06473}
  t=  20.37  cb_failure         L28-CB3 {'rot': 0.0582}
  t=  20.37  cb_failure         L29-CB1 {'rot': 0.0631}
  t=  20.37  cb_failure         L29-CB3 {'rot': 0.05735}
  t=  20.37  cb_failure         L30-CB1 {'rot': 0.06163}
  t=  20.37  cb_failure         L30-CB3 {'rot': 0.05672}
  t=  20.37  cb_failure         L31-CB1 {'rot': 0.06088}
  t=  20.37  cb_failure         L31-CB3 {'rot': 0.05637}
  t=  20.37  cb_failure         L32-CB1 {'rot': 0.06061}
  t=  20.37  cb_failure         L32-CB3 {'rot': 0.05621}
  t=  20.37  cb_failure         L33-CB1 {'rot': 0.05869}
  t=  20.37  cb_failure         L33-CB3 {'rot': 0.05432}
  t=  20.50  cb_failure         L8-CB0 {'rot': 0.03118}
  t=  20.50  cb_failure         L9-CB0 {'rot': 0.03172}
  t=  20.50  cb_failure         L10-CB0 {'rot': 0.03185}
  t=  20.50  cb_failure         L11-CB0 {'rot': 0.03165}
  t=  20.50  cb_failure         L12-CB0 {'rot': 0.03119}
  t=  20.62  cb_failure         L13-CB0 {'rot': 0.03182}
  t=  20.75  cb_yield           L29-CB0 {'rot': 0.00794}
  t=  20.87  cb_yield           L30-CB0 {'rot': 0.00985}
  t=  20.87  cb_yield           L31-CB0 {'rot': 0.009}
  t=  20.87  cb_yield           L32-CB0 {'rot': 0.00838}
  t=  20.87  cb_yield           L33-CB0 {'rot': 0.0081}
  t=  22.70  wall_axial_failure S1-M {'gamma': 0.00043, 'eps': -0.00629, 'cause': 'crushing'}
  t=  22.75  cb_yield           L26-CB2 {'rot': 0.00887}
  t=  22.75  cb_yield           L27-CB2 {'rot': 0.009}
  t=  22.75  cb_yield           L28-CB2 {'rot': 0.00904}
  t=  22.75  cb_yield           L29-CB2 {'rot': 0.00899}
  t=  22.75  cb_yield           L30-CB2 {'rot': 0.00889}
  t=  22.75  cb_yield           L31-CB2 {'rot': 0.00874}
  t=  22.75  cb_yield           L32-CB2 {'rot': 0.00858}
  t=  22.75  cb_yield           L33-CB2 {'rot': 0.00844}
  t=  22.87  cb_failure         L1-CB0 {'rot': 0.03738}
  t=  22.87  cb_failure         L2-CB0 {'rot': 0.03172}
  t=  23.00  cb_failure         L3-CB0 {'rot': 0.03144}
  t=  23.00  cb_failure         L21-CB2 {'rot': 0.03217}
  t=  23.00  cb_failure         L22-CB2 {'rot': 0.03321}
  t=  23.00  cb_failure         L23-CB2 {'rot': 0.03412}
  t=  23.00  cb_failure         L24-CB2 {'rot': 0.03492}
  t=  23.00  cb_failure         L25-CB0 {'rot': 0.03168}
  t=  23.00  cb_failure         L25-CB2 {'rot': 0.0356}
  t=  23.00  cb_failure         L26-CB0 {'rot': 0.03245}
  t=  23.00  cb_failure         L26-CB2 {'rot': 0.03623}
  t=  23.00  cb_failure         L27-CB0 {'rot': 0.03321}
  t=  23.00  cb_failure         L27-CB2 {'rot': 0.03683}
  t=  23.00  cb_failure         L28-CB0 {'rot': 0.03385}
  t=  23.00  cb_failure         L28-CB2 {'rot': 0.0373}
  t=  23.00  cb_failure         L29-CB0 {'rot': 0.0344}
  t=  23.00  cb_failure         L29-CB2 {'rot': 0.03769}
  t=  23.00  cb_failure         L30-CB0 {'rot': 0.03487}
  t=  23.00  cb_failure         L30-CB2 {'rot': 0.038}
  t=  23.00  cb_failure         L31-CB0 {'rot': 0.03516}
  t=  23.00  cb_failure         L31-CB2 {'rot': 0.03817}
  t=  23.00  cb_failure         L32-CB0 {'rot': 0.03528}
  t=  23.00  cb_failure         L32-CB2 {'rot': 0.03822}
  t=  23.00  cb_failure         L33-CB0 {'rot': 0.03527}
  t=  23.00  cb_failure         L33-CB2 {'rot': 0.03818}
  t=  23.25  cb_failure         L1-CB2 {'rot': 0.03264}
  t=  23.37  cb_failure         L2-CB2 {'rot': 0.03428}
  t=  23.50  cb_failure         L3-CB2 {'rot': 0.03599}
  t=  23.50  cb_failure         L4-CB0 {'rot': 0.03148}
  t=  23.50  cb_failure         L4-CB2 {'rot': 0.033}
  t=  23.62  cb_failure         L5-CB2 {'rot': 0.03609}
  t=  23.62  cb_failure         L6-CB2 {'rot': 0.03417}
  t=  23.62  cb_failure         L7-CB2 {'rot': 0.03291}
  t=  23.62  cb_failure         L8-CB2 {'rot': 0.03213}
  t=  23.62  cb_failure         L9-CB2 {'rot': 0.03165}
  t=  23.62  cb_failure         L10-CB2 {'rot': 0.03137}
  t=  23.62  cb_failure         L11-CB2 {'rot': 0.03121}
  t=  23.75  cb_failure         L5-CB0 {'rot': 0.03768}
  t=  23.75  cb_failure         L6-CB0 {'rot': 0.03604}
  t=  23.75  cb_failure         L7-CB0 {'rot': 0.03491}
  t=  23.75  cb_failure         L12-CB2 {'rot': 0.03846}
  t=  23.75  cb_failure         L13-CB2 {'rot': 0.0378}
  t=  23.75  cb_failure         L14-CB0 {'rot': 0.03258}
  t=  23.75  cb_failure         L14-CB2 {'rot': 0.03734}
  t=  23.75  cb_failure         L15-CB0 {'rot': 0.03266}
  t=  23.75  cb_failure         L15-CB2 {'rot': 0.03696}
  t=  23.75  cb_failure         L16-CB0 {'rot': 0.03278}
  t=  23.75  cb_failure         L16-CB2 {'rot': 0.03663}
  t=  23.75  cb_failure         L17-CB0 {'rot': 0.03298}
  t=  23.75  cb_failure         L17-CB2 {'rot': 0.03615}
  t=  23.75  cb_failure         L18-CB0 {'rot': 0.03321}
  t=  23.75  cb_failure         L18-CB2 {'rot': 0.03575}
  t=  23.75  cb_failure         L19-CB0 {'rot': 0.03347}
  t=  23.75  cb_failure         L19-CB2 {'rot': 0.03541}
  t=  23.75  cb_failure         L20-CB0 {'rot': 0.03361}
  t=  23.75  cb_failure         L20-CB2 {'rot': 0.03499}
  t=  23.75  cb_failure         L21-CB0 {'rot': 0.03371}
  t=  23.75  cb_failure         L22-CB0 {'rot': 0.03389}
  t=  23.75  cb_failure         L23-CB0 {'rot': 0.03411}
  t=  23.75  cb_failure         L24-CB0 {'rot': 0.03445}
