  progress t=  10.0s  max corner drift so far=0.0015  wall clock=96s
  t=  10.63  cb_yield           L5-CB2 {'rot': 0.005}
  t=  10.63  cb_yield           L6-CB2 {'rot': 0.00498}
  t=  10.75  cb_yield           L4-CB0 {'rot': 0.0051}
  t=  10.75  cb_yield           L4-CB1 {'rot': 0.00494}
  t=  10.75  cb_yield           L5-CB0 {'rot': 0.00524}
  t=  10.75  cb_yield           L5-CB1 {'rot': 0.00509}
  t=  10.75  cb_yield           L6-CB0 {'rot': 0.00519}
  t=  10.75  cb_yield           L6-CB1 {'rot': 0.00503}
  t=  10.75  cb_yield           L7-CB0 {'rot': 0.00499}
  t=  10.88  cb_yield           L7-CB1 {'rot': 0.00516}
  t=  10.88  cb_yield           L8-CB0 {'rot': 0.00512}
  t=  10.88  cb_yield           L8-CB1 {'rot': 0.00495}
  t=  11.00  cb_yield           L9-CB0 {'rot': 0.0053}
  t=  11.00  cb_yield           L9-CB1 {'rot': 0.00515}
  t=  11.00  cb_yield           L10-CB0 {'rot': 0.00521}
  t=  11.00  cb_yield           L10-CB1 {'rot': 0.00504}
  t=  11.00  cb_yield           L11-CB0 {'rot': 0.00508}
  t=  11.00  cb_yield           L12-CB0 {'rot': 0.00493}
  t=  11.13  cb_yield           L11-CB1 {'rot': 0.00539}
  t=  11.13  cb_yield           L12-CB1 {'rot': 0.00548}
  t=  11.13  cb_yield           L13-CB0 {'rot': 0.00561}
  t=  11.13  cb_yield           L13-CB1 {'rot': 0.00556}
  t=  11.13  cb_yield           L14-CB0 {'rot': 0.00569}
  t=  11.13  cb_yield           L14-CB1 {'rot': 0.00563}
  t=  11.13  cb_yield           L15-CB0 {'rot': 0.00576}
  t=  11.13  cb_yield           L15-CB1 {'rot': 0.00568}
  t=  11.13  cb_yield           L16-CB0 {'rot': 0.00581}
  t=  11.13  cb_yield           L16-CB1 {'rot': 0.00572}
  t=  11.13  cb_yield           L17-CB0 {'rot': 0.00586}
  t=  11.13  cb_yield           L17-CB1 {'rot': 0.00575}
  t=  11.13  cb_yield           L18-CB0 {'rot': 0.00588}
  t=  11.13  cb_yield           L18-CB1 {'rot': 0.00574}
  t=  11.13  cb_yield           L19-CB0 {'rot': 0.00585}
  t=  11.13  cb_yield           L19-CB1 {'rot': 0.0057}
  t=  11.13  cb_yield           L20-CB0 {'rot': 0.0058}
  t=  11.13  cb_yield           L20-CB1 {'rot': 0.00563}
  t=  11.13  cb_yield           L21-CB0 {'rot': 0.0057}
  t=  11.13  cb_yield           L21-CB1 {'rot': 0.00551}
  t=  11.13  cb_yield           L22-CB0 {'rot': 0.00554}
  t=  11.25  cb_yield           L22-CB1 {'rot': 0.00684}
  t=  11.25  cb_yield           L23-CB0 {'rot': 0.00631}
  t=  11.25  cb_yield           L23-CB1 {'rot': 0.0064}
  t=  11.25  cb_yield           L24-CB0 {'rot': 0.00582}
  t=  11.25  cb_yield           L24-CB1 {'rot': 0.00589}
  t=  11.38  cb_yield           L25-CB1 {'rot': 0.0055}
  t=  12.63  cb_yield           L13-CB3 {'rot': 0.00493}
  t=  12.63  cb_yield           L14-CB3 {'rot': 0.00506}
  t=  12.63  cb_yield           L15-CB3 {'rot': 0.00514}
  t=  12.63  cb_yield           L16-CB3 {'rot': 0.00516}
  t=  12.75  cb_yield           L12-CB3 {'rot': 0.00497}
  t=  12.88  cb_yield           L3-CB1 {'rot': 0.00507}
  t=  12.88  cb_yield           L19-CB3 {'rot': 0.00547}
  t=  12.88  cb_yield           L20-CB3 {'rot': 0.00553}
  t=  12.88  cb_yield           L21-CB3 {'rot': 0.00555}
  t=  12.88  cb_yield           L22-CB3 {'rot': 0.00551}
  t=  13.00  cb_yield           L5-CB3 {'rot': 0.005}
  t=  13.00  cb_yield           L6-CB3 {'rot': 0.00524}
  t=  13.00  cb_yield           L7-CB3 {'rot': 0.00539}
  t=  13.00  cb_yield           L8-CB3 {'rot': 0.00546}
  t=  13.00  cb_yield           L9-CB3 {'rot': 0.00549}
  t=  13.00  cb_yield           L10-CB3 {'rot': 0.00549}
  t=  13.00  cb_yield           L11-CB3 {'rot': 0.00548}
  t=  13.13  cb_yield           L4-CB3 {'rot': 0.00502}
  t=  13.13  cb_yield           L7-CB2 {'rot': 0.00544}
  t=  13.13  cb_yield           L8-CB2 {'rot': 0.00552}
  t=  13.13  cb_yield           L9-CB2 {'rot': 0.00552}
  t=  13.13  cb_yield           L10-CB2 {'rot': 0.00547}
  t=  13.13  cb_yield           L11-CB2 {'rot': 0.00536}
  t=  13.13  cb_yield           L12-CB2 {'rot': 0.00522}
  t=  13.13  cb_yield           L13-CB2 {'rot': 0.00503}
  t=  13.13  cb_yield           L17-CB3 {'rot': 0.00558}
  t=  13.25  cb_yield           L4-CB2 {'rot': 0.0053}
  t=  13.25  cb_yield           L14-CB2 {'rot': 0.00524}
  t=  13.25  cb_yield           L15-CB2 {'rot': 0.00494}
  t=  13.38  cb_yield           L3-CB2 {'rot': 0.00547}
  t=  13.38  cb_yield           L3-CB3 {'rot': 0.00552}
  t=  18.75  cb_yield           L18-CB3 {'rot': 0.00562}
  progress t=  20.0s  max corner drift so far=0.0035  wall clock=197s
  t=  20.37  cb_yield           L3-CB0 {'rot': 0.00501}
  t=  20.75  cb_yield           L26-CB1 {'rot': 0.00587}
  t=  20.75  cb_yield           L27-CB1 {'rot': 0.00555}
  t=  20.87  cb_yield           L28-CB1 {'rot': 0.00601}
  t=  20.87  cb_yield           L29-CB1 {'rot': 0.0057}
  t=  21.00  cb_yield           L30-CB1 {'rot': 0.00603}
  t=  21.00  cb_yield           L31-CB1 {'rot': 0.00584}
  t=  21.00  cb_yield           L32-CB1 {'rot': 0.00566}
  t=  21.00  cb_yield           L33-CB1 {'rot': 0.00552}
  t=  22.12  cb_yield           L2-CB0 {'rot': 0.00502}
  t=  22.12  cb_yield           L2-CB1 {'rot': 0.00549}
  t=  22.37  cb_yield           L1-CB1 {'rot': 0.00524}
  t=  24.50  cb_yield           L2-CB3 {'rot': 0.00576}
  t=  24.62  cb_yield           L2-CB2 {'rot': 0.00523}
  t=  24.75  cb_yield           L16-CB2 {'rot': 0.00544}
  t=  24.75  cb_yield           L23-CB3 {'rot': 0.00625}
  t=  24.75  cb_yield           L24-CB3 {'rot': 0.00598}
  t=  24.75  cb_yield           L25-CB3 {'rot': 0.0057}
  t=  24.87  cb_yield           L17-CB2 {'rot': 0.0059}
  t=  24.87  cb_yield           L18-CB2 {'rot': 0.00552}
  t=  24.87  cb_yield           L26-CB3 {'rot': 0.00546}
  t=  25.00  cb_yield           L19-CB2 {'rot': 0.00562}
  t=  25.12  cb_yield           L20-CB2 {'rot': 0.00552}
  t=  25.12  cb_yield           L25-CB0 {'rot': 0.00609}
  t=  25.12  cb_yield           L26-CB0 {'rot': 0.00545}
  t=  25.25  cb_yield           L27-CB0 {'rot': 0.00556}
  t=  25.25  cb_yield           L27-CB3 {'rot': 0.00586}
  t=  25.37  cb_yield           L28-CB3 {'rot': 0.00606}
  t=  25.37  cb_yield           L29-CB3 {'rot': 0.00562}
  t=  26.75  cb_yield           L30-CB3 {'rot': 0.00646}
  t=  26.75  cb_yield           L31-CB3 {'rot': 0.00602}
  t=  26.75  cb_yield           L32-CB3 {'rot': 0.00566}
  t=  26.87  cb_yield           L33-CB3 {'rot': 0.00564}
  t=  27.37  cb_yield           L28-CB0 {'rot': 0.00696}
  t=  27.37  cb_yield           L29-CB0 {'rot': 0.00627}
  t=  27.37  cb_yield           L30-CB0 {'rot': 0.00546}
  t=  27.50  cb_yield           L21-CB2 {'rot': 0.00548}
  t=  27.50  cb_yield           L22-CB2 {'rot': 0.00566}
  t=  27.50  cb_yield           L23-CB2 {'rot': 0.00569}
  t=  27.50  cb_yield           L24-CB2 {'rot': 0.00556}
  t=  28.00  cb_yield           L31-CB0 {'rot': 0.00545}
  t=  28.12  cb_yield           L1-CB2 {'rot': 0.00513}
  t=  28.12  cb_yield           L1-CB3 {'rot': 0.00493}
  t=  28.12  cb_yield           L32-CB0 {'rot': 0.00602}
  t=  28.12  cb_yield           L33-CB0 {'rot': 0.00575}
  t=  29.50  cb_yield           L25-CB2 {'rot': 0.00627}
  t=  29.50  cb_yield           L26-CB2 {'rot': 0.00587}
  t= 29.575  solver fallback: Newton
  t=  29.62  cb_yield           L27-CB2 {'rot': 0.00576}
  progress t=  30.0s  max corner drift so far=0.0051  wall clock=300s
  t=  34.00  cb_failure         L26-CB1 {'rot': 0.01972}
  t=  34.00  cb_failure         L27-CB1 {'rot': 0.01972}
  t=  34.00  cb_failure         L28-CB1 {'rot': 0.01972}
  t=  34.12  cb_failure         L19-CB3 {'rot': 0.01956}
  t=  34.12  cb_failure         L20-CB3 {'rot': 0.01956}
  t=  34.12  cb_yield           L28-CB2 {'rot': 0.00565}
  t=  34.12  cb_failure         L30-CB3 {'rot': 0.01977}
  t=  39.62  cb_failure         L18-CB3 {'rot': 0.01975}
  t=  39.75  cb_failure         L18-CB1 {'rot': 0.01972}
  t=  39.75  cb_failure         L31-CB3 {'rot': 0.01961}
  t= 39.775  solver fallback: Newton
  t= 39.800  solver fallback: Newton
  t= 39.850  solver fallback: Newton
  t=  39.87  cb_failure         L17-CB3 {'rot': 0.01946}
  t=  39.87  cb_failure         L21-CB3 {'rot': 0.02009}
  t=  39.87  cb_failure         L22-CB1 {'rot': 0.01951}
  t=  39.87  cb_failure         L22-CB3 {'rot': 0.02009}
  t=  39.87  cb_failure         L23-CB1 {'rot': 0.01947}
  t=  39.87  cb_failure         L23-CB3 {'rot': 0.01999}
  t=  39.87  cb_failure         L24-CB1 {'rot': 0.01953}
  t=  39.87  cb_failure         L24-CB3 {'rot': 0.01975}
  t=  39.87  cb_failure         L25-CB3 {'rot': 0.01952}
  t=  39.87  cb_failure         L31-CB1 {'rot': 0.01976}
  t=  39.87  cb_failure         L32-CB1 {'rot': 0.01981}
  t=  39.87  cb_failure         L32-CB3 {'rot': 0.01982}
  t= 39.875  solver fallback: Newton
  t= 39.900  solver fallback: Newton
  t= 39.925  solver fallback: Newton
  t= 39.975  solver fallback: Newton
  t=  40.00  cb_failure         L15-CB3 {'rot': 0.019}
  t=  40.00  cb_failure         L16-CB3 {'rot': 0.01941}
  t=  40.00  cb_failure         L20-CB1 {'rot': 0.01946}
  t=  40.00  cb_failure         L21-CB1 {'rot': 0.0197}
  t=  40.00  cb_failure         L25-CB1 {'rot': 0.01953}
  t=  40.00  cb_failure         L26-CB3 {'rot': 0.01951}
  t=  40.00  cb_failure         L33-CB1 {'rot': 0.02017}
  t=  40.00  cb_failure         L33-CB3 {'rot': 0.01991}
  progress t=  40.0s  max corner drift so far=0.0051  wall clock=410s
  t= 40.050  solver fallback: Newton
  t=  40.12  cb_failure         L13-CB3 {'rot': 0.01904}
  t=  40.12  cb_failure         L14-CB3 {'rot': 0.01962}
  t=  40.12  cb_failure         L19-CB1 {'rot': 0.01964}
  t=  40.25  cb_failure         L16-CB1 {'rot': 0.01911}
  t=  40.25  cb_failure         L17-CB1 {'rot': 0.01947}
  t=  46.75  cb_yield           L29-CB2 {'rot': 0.00629}
  t=  46.87  cb_yield           L30-CB2 {'rot': 0.00561}
  t=  48.25  cb_yield           L1-CB0 {'rot': 0.0061}
  t=  48.87  cb_failure         L11-CB3 {'rot': 0.01927}
  t=  48.87  cb_failure         L12-CB3 {'rot': 0.02015}
  t=  48.87  cb_failure         L27-CB3 {'rot': 0.02198}
  t=  48.87  cb_failure         L28-CB3 {'rot': 0.02147}
  t=  48.87  cb_failure         L29-CB3 {'rot': 0.02091}
  t=  49.00  cb_failure         L10-CB3 {'rot': 0.0192}
  t=  49.00  cb_failure         L15-CB1 {'rot': 0.01901}
  t=  49.00  cb_failure         L17-CB2 {'rot': 0.01974}
  t=  49.00  cb_yield           L31-CB2 {'rot': 0.00726}
  t=  49.00  cb_yield           L32-CB2 {'rot': 0.0066}
  t=  49.00  cb_yield           L33-CB2 {'rot': 0.00631}
  t=  49.12  cb_failure         L29-CB1 {'rot': 0.02049}
  t=  49.12  cb_failure         L30-CB1 {'rot': 0.01964}
  progress t=  50.0s  max corner drift so far=0.0058  wall clock=514s
  t=  58.75  cb_failure         L14-CB1 {'rot': 0.01903}
  t=  58.87  cb_failure         L8-CB1 {'rot': 0.01921}
  t=  58.87  cb_failure         L8-CB3 {'rot': 0.01892}
  t=  58.87  cb_failure         L9-CB1 {'rot': 0.01991}
  t=  58.87  cb_failure         L9-CB3 {'rot': 0.01972}
  t=  58.87  cb_failure         L10-CB1 {'rot': 0.02049}
  t=  58.87  cb_failure         L11-CB1 {'rot': 0.021}
  t=  58.87  cb_failure         L12-CB1 {'rot': 0.02147}
  t=  58.87  cb_failure         L13-CB1 {'rot': 0.02187}
  t=  59.00  cb_failure         L6-CB1 {'rot': 0.01904}
  t=  59.00  cb_failure         L6-CB3 {'rot': 0.0193}
  t=  59.00  cb_failure         L7-CB1 {'rot': 0.02027}
  t=  59.00  cb_failure         L7-CB3 {'rot': 0.02078}
  t=  59.12  cb_failure         L5-CB1 {'rot': 0.01968}
  t=  59.12  cb_failure         L5-CB3 {'rot': 0.02097}
  t=  59.12  cb_failure         L7-CB2 {'rot': 0.01933}
  t=  59.12  cb_failure         L8-CB2 {'rot': 0.02011}
  t=  59.12  cb_failure         L9-CB2 {'rot': 0.02063}
  t=  59.12  cb_failure         L10-CB2 {'rot': 0.02094}
  t=  59.12  cb_failure         L11-CB2 {'rot': 0.02107}
  t=  59.12  cb_failure         L12-CB2 {'rot': 0.02107}
  t=  59.12  cb_failure         L13-CB2 {'rot': 0.0209}
  t=  59.12  cb_failure         L14-CB2 {'rot': 0.02051}
  t=  59.12  cb_failure         L15-CB2 {'rot': 0.01996}
  t=  59.12  cb_failure         L16-CB2 {'rot': 0.01926}
  t=  59.25  cb_failure         L4-CB1 {'rot': 0.01934}
  t=  59.25  cb_failure         L4-CB3 {'rot': 0.02184}
  t=  59.25  cb_failure         L5-CB2 {'rot': 0.02024}
  t=  59.25  cb_failure         L6-CB2 {'rot': 0.02169}
  t=  59.25  cb_failure         L8-CB0 {'rot': 0.01907}
  t=  59.25  cb_failure         L9-CB0 {'rot': 0.0192}
  t=  59.25  cb_failure         L10-CB0 {'rot': 0.01909}
  t=  59.37  cb_failure         L3-CB3 {'rot': 0.02084}
  t=  59.37  cb_failure         L4-CB2 {'rot': 0.02022}
  t=  59.37  cb_failure         L6-CB0 {'rot': 0.01932}
  t=  59.37  cb_failure         L7-CB0 {'rot': 0.01983}
  t=  59.37  cb_failure         L11-CB0 {'rot': 0.01913}
  progress t=  60.0s  max corner drift so far=0.0069  wall clock=617s
  t=  62.12  cb_failure         L12-CB0 {'rot': 0.01945}
  t=  62.12  cb_failure         L13-CB0 {'rot': 0.01891}
  t=  64.75  cb_failure         L2-CB3 {'rot': 0.01895}
  t=  64.87  cb_failure         L17-CB0 {'rot': 0.01973}
  t=  64.87  cb_failure         L18-CB2 {'rot': 0.0199}
  t=  64.87  cb_failure         L19-CB0 {'rot': 0.01975}
  t=  65.00  cb_failure         L14-CB0 {'rot': 0.02086}
  t=  65.00  cb_failure         L15-CB0 {'rot': 0.02041}
  t=  65.00  cb_failure         L16-CB0 {'rot': 0.01986}
  t=  65.00  cb_failure         L19-CB2 {'rot': 0.02021}
  t=  65.12  cb_failure         L18-CB0 {'rot': 0.02054}
  t=  65.12  cb_failure         L20-CB2 {'rot': 0.01972}
  t=  65.25  cb_failure         L5-CB0 {'rot': 0.01901}
  t=  65.25  cb_failure         L20-CB0 {'rot': 0.01992}
  t=  65.25  cb_failure         L23-CB0 {'rot': 0.01976}
  t=  65.37  cb_failure         L3-CB1 {'rot': 0.01892}
  t=  65.50  cb_failure         L4-CB0 {'rot': 0.01902}
  progress t=  70.0s  max corner drift so far=0.0069  wall clock=722s
  progress t=  80.0s  max corner drift so far=0.0069  wall clock=823s
  progress t=  90.0s  max corner drift so far=0.0069  wall clock=923s
  progress t= 100.0s  max corner drift so far=0.0069  wall clock=1021s
