  t=   1.87  cb_yield           L4-CB3 {'rot': 0.00494}
  t=   1.87  cb_yield           L5-CB1 {'rot': 0.00504}
  t=   1.87  cb_yield           L5-CB3 {'rot': 0.00516}
  t=   1.87  cb_yield           L6-CB1 {'rot': 0.00507}
  t=   1.87  cb_yield           L6-CB3 {'rot': 0.00519}
  t=   1.87  cb_yield           L7-CB1 {'rot': 0.00497}
  t=   1.87  cb_yield           L7-CB3 {'rot': 0.0051}
  t=   1.87  cb_yield           L8-CB3 {'rot': 0.00491}
  t=   2.00  cb_yield           L3-CB3 {'rot': 0.00494}
  t=   2.00  cb_yield           L4-CB0 {'rot': 0.00507}
  t=   2.00  cb_yield           L4-CB1 {'rot': 0.0055}
  t=   2.00  cb_yield           L4-CB2 {'rot': 0.00515}
  t=   2.00  cb_yield           L5-CB0 {'rot': 0.00537}
  t=   2.00  cb_yield           L5-CB2 {'rot': 0.00546}
  t=   2.00  cb_yield           L6-CB0 {'rot': 0.00549}
  t=   2.00  cb_yield           L6-CB2 {'rot': 0.00559}
  t=   2.00  cb_yield           L7-CB0 {'rot': 0.00546}
  t=   2.00  cb_yield           L7-CB2 {'rot': 0.00557}
  t=   2.00  cb_yield           L8-CB0 {'rot': 0.00532}
  t=   2.00  cb_yield           L8-CB1 {'rot': 0.00604}
  t=   2.00  cb_yield           L8-CB2 {'rot': 0.00544}
  t=   2.00  cb_yield           L9-CB0 {'rot': 0.00508}
  t=   2.00  cb_yield           L9-CB1 {'rot': 0.00587}
  t=   2.00  cb_yield           L9-CB2 {'rot': 0.0052}
  t=   2.00  cb_yield           L9-CB3 {'rot': 0.006}
  t=   2.00  cb_yield           L10-CB1 {'rot': 0.00563}
  t=   2.00  cb_yield           L10-CB3 {'rot': 0.00577}
  t=   2.00  cb_yield           L11-CB1 {'rot': 0.00536}
  t=   2.00  cb_yield           L11-CB3 {'rot': 0.00549}
  t=   2.00  cb_yield           L12-CB1 {'rot': 0.00506}
  t=   2.00  cb_yield           L12-CB3 {'rot': 0.00519}
  t=   2.12  cb_yield           L10-CB0 {'rot': 0.00561}
  t=   2.12  cb_yield           L10-CB2 {'rot': 0.00572}
  t=   2.12  cb_yield           L11-CB0 {'rot': 0.00536}
  t=   2.12  cb_yield           L11-CB2 {'rot': 0.00547}
  t=   2.12  cb_yield           L12-CB0 {'rot': 0.00507}
  t=   2.12  cb_yield           L12-CB2 {'rot': 0.0052}
  t=   2.12  cb_yield           L13-CB1 {'rot': 0.00602}
  t=   2.12  cb_yield           L13-CB3 {'rot': 0.00617}
  t=   2.12  cb_yield           L14-CB1 {'rot': 0.00571}
  t=   2.12  cb_yield           L14-CB3 {'rot': 0.00587}
  t=   2.12  cb_yield           L15-CB1 {'rot': 0.0054}
  t=   2.12  cb_yield           L15-CB3 {'rot': 0.00556}
  t=   2.12  cb_yield           L16-CB1 {'rot': 0.00509}
  t=   2.12  cb_yield           L16-CB3 {'rot': 0.00525}
  t=   2.25  cb_yield           L13-CB0 {'rot': 0.00543}
  t=   2.25  cb_yield           L13-CB2 {'rot': 0.00559}
  t=   2.25  cb_yield           L14-CB0 {'rot': 0.00517}
  t=   2.25  cb_yield           L14-CB2 {'rot': 0.00534}
  t=   2.25  cb_yield           L15-CB2 {'rot': 0.00507}
  t=   2.25  cb_yield           L17-CB1 {'rot': 0.00587}
  t=   2.25  cb_yield           L17-CB3 {'rot': 0.00608}
  t=   2.25  cb_yield           L18-CB1 {'rot': 0.0055}
  t=   2.25  cb_yield           L18-CB3 {'rot': 0.00573}
  t=   2.37  cb_yield           L15-CB0 {'rot': 0.00517}
  t=   2.37  cb_yield           L16-CB0 {'rot': 0.00499}
  t=   2.37  cb_yield           L16-CB2 {'rot': 0.0052}
  t=   2.37  cb_yield           L19-CB1 {'rot': 0.00633}
  t=   2.37  cb_yield           L19-CB3 {'rot': 0.00661}
  t=   2.37  cb_yield           L20-CB1 {'rot': 0.00611}
  t=   2.37  cb_yield           L20-CB3 {'rot': 0.00641}
  t=   2.37  cb_yield           L21-CB1 {'rot': 0.00588}
  t=   2.37  cb_yield           L21-CB3 {'rot': 0.0062}
  t=   2.37  cb_yield           L22-CB1 {'rot': 0.00564}
  t=   2.37  cb_yield           L22-CB3 {'rot': 0.00597}
  t=   2.37  cb_yield           L23-CB3 {'rot': 0.00573}
  t=   2.37  cb_yield           L24-CB3 {'rot': 0.00549}
  t=   2.50  cb_yield           L17-CB2 {'rot': 0.00548}
  t=   2.50  cb_yield           L18-CB2 {'rot': 0.00552}
  t=   2.50  cb_yield           L19-CB2 {'rot': 0.0055}
  t=   2.50  cb_yield           L20-CB2 {'rot': 0.00546}
  t=   2.50  cb_yield           L23-CB1 {'rot': 0.0075}
  t=   2.50  cb_yield           L24-CB1 {'rot': 0.00719}
  t=   2.50  cb_yield           L25-CB1 {'rot': 0.00682}
  t=   2.50  cb_yield           L25-CB3 {'rot': 0.00715}
  t=   2.50  cb_yield           L26-CB1 {'rot': 0.0064}
  t=   2.50  cb_yield           L26-CB3 {'rot': 0.00673}
  t=   2.50  cb_yield           L27-CB1 {'rot': 0.00595}
  t=   2.50  cb_yield           L27-CB3 {'rot': 0.00627}
  t=   2.50  cb_yield           L28-CB1 {'rot': 0.0055}
  t=   2.50  cb_yield           L28-CB3 {'rot': 0.00582}
  t=   2.62  cb_yield           L17-CB0 {'rot': 0.00559}
  t=   2.62  cb_yield           L18-CB0 {'rot': 0.00583}
  t=   2.62  cb_yield           L19-CB0 {'rot': 0.00597}
  t=   2.62  cb_yield           L20-CB0 {'rot': 0.00603}
  t=   2.62  cb_yield           L21-CB0 {'rot': 0.00598}
  t=   2.62  cb_yield           L21-CB2 {'rot': 0.00619}
  t=   2.62  cb_yield           L22-CB0 {'rot': 0.00581}
  t=   2.62  cb_yield           L22-CB2 {'rot': 0.00602}
  t=   2.62  cb_yield           L23-CB0 {'rot': 0.00553}
  t=   2.62  cb_yield           L23-CB2 {'rot': 0.00575}
  t=   2.62  cb_yield           L29-CB1 {'rot': 0.00569}
  t=   2.62  cb_yield           L29-CB3 {'rot': 0.00589}
  t=   3.62  cb_yield           L24-CB0 {'rot': 0.0059}
  t=   3.62  cb_yield           L24-CB2 {'rot': 0.0055}
  t=   3.62  cb_yield           L25-CB0 {'rot': 0.00552}
  t=   4.00  cb_yield           L3-CB0 {'rot': 0.00566}
  t=   4.00  cb_yield           L3-CB1 {'rot': 0.00564}
  t=   4.12  cb_yield           L2-CB0 {'rot': 0.00647}
  t=   4.12  cb_yield           L2-CB1 {'rot': 0.00635}
  t=   4.12  cb_yield           L2-CB2 {'rot': 0.00569}
  t=   4.12  cb_yield           L2-CB3 {'rot': 0.00557}
  t=   4.12  cb_yield           L3-CB2 {'rot': 0.00678}
  t=   4.25  cb_yield           L1-CB0 {'rot': 0.00553}
  t=   4.25  cb_yield           L1-CB1 {'rot': 0.00541}
  t=   4.25  cb_yield           L1-CB2 {'rot': 0.00497}
  t=   4.37  cb_yield           L1-CB3 {'rot': 0.00507}
  t=   8.50  cb_yield           L30-CB1 {'rot': 0.00579}
  t=   8.50  cb_yield           L30-CB3 {'rot': 0.00675}
  t=   8.50  cb_yield           L31-CB3 {'rot': 0.00611}
  t=   8.50  cb_yield           L32-CB3 {'rot': 0.00562}
  t=   8.63  cb_failure         L21-CB3 {'rot': 0.01973}
  t=   8.63  cb_yield           L25-CB2 {'rot': 0.00719}
  t=   8.63  cb_yield           L26-CB2 {'rot': 0.00662}
  t=   8.63  cb_yield           L27-CB2 {'rot': 0.00602}
  t=   8.63  cb_yield           L31-CB1 {'rot': 0.00605}
  t=   8.63  cb_yield           L32-CB1 {'rot': 0.00562}
  t=   8.63  cb_yield           L33-CB3 {'rot': 0.0084}
  t=   8.75  cb_failure         L12-CB3 {'rot': 0.01898}
  t=   8.75  cb_failure         L13-CB3 {'rot': 0.0198}
  t=   8.75  cb_failure         L14-CB3 {'rot': 0.02041}
  t=   8.75  cb_failure         L15-CB3 {'rot': 0.02084}
  t=   8.75  cb_failure         L16-CB3 {'rot': 0.02108}
  t=   8.75  cb_failure         L17-CB3 {'rot': 0.02116}
  t=   8.75  cb_failure         L18-CB3 {'rot': 0.02104}
  t=   8.75  cb_failure         L19-CB3 {'rot': 0.02075}
  t=   8.75  cb_failure         L20-CB3 {'rot': 0.02034}
  t=   8.75  cb_failure         L22-CB3 {'rot': 0.01966}
  t=   8.75  cb_yield           L28-CB2 {'rot': 0.00635}
  t=   8.75  cb_yield           L29-CB2 {'rot': 0.00563}
  t=  8.775  solver fallback: Newton
  t=   8.88  cb_failure         L17-CB1 {'rot': 0.01979}
  t=   8.88  cb_failure         L23-CB3 {'rot': 0.01983}
  t=  8.875  solver fallback: Newton
  t=  8.900  solver fallback: Newton
  t=  8.925  solver fallback: Newton
  t=   9.13  cb_yield           L30-CB2 {'rot': 0.00568}
  t=   9.25  cb_yield           L33-CB1 {'rot': 0.00633}
  progress t=  10.0s  max corner drift so far=0.0053  wall clock=111s
  t=  10.38  cb_failure         L22-CB1 {'rot': 0.01963}
  t=  10.38  cb_failure         L23-CB1 {'rot': 0.01978}
  t=  10.38  cb_failure         L24-CB1 {'rot': 0.01978}
  t=  10.38  cb_failure         L25-CB1 {'rot': 0.01978}
  t=  10.38  cb_yield           L26-CB0 {'rot': 0.00828}
  t=  10.38  cb_yield           L27-CB0 {'rot': 0.00789}
  t=  10.38  cb_yield           L28-CB0 {'rot': 0.00745}
  t=  10.38  cb_yield           L29-CB0 {'rot': 0.00696}
  t=  10.38  cb_yield           L30-CB0 {'rot': 0.00639}
  t=  10.38  cb_yield           L31-CB0 {'rot': 0.00583}
  t=  10.50  cb_failure         L19-CB1 {'rot': 0.01951}
  t=  10.50  cb_failure         L20-CB1 {'rot': 0.02031}
  t=  10.50  cb_failure         L21-CB1 {'rot': 0.021}
  t=  10.50  cb_failure         L26-CB1 {'rot': 0.02202}
  t=  10.50  cb_failure         L27-CB1 {'rot': 0.02188}
  t=  10.50  cb_failure         L28-CB1 {'rot': 0.0217}
  t=  10.50  cb_failure         L29-CB1 {'rot': 0.02141}
  t=  10.50  cb_failure         L30-CB1 {'rot': 0.02096}
  t=  10.50  cb_failure         L31-CB1 {'rot': 0.02042}
  t=  10.50  cb_yield           L32-CB0 {'rot': 0.00643}
  t=  10.50  cb_failure         L32-CB1 {'rot': 0.01995}
  t=  10.50  cb_yield           L33-CB0 {'rot': 0.00615}
  t=  10.50  cb_failure         L33-CB1 {'rot': 0.01996}
  t=  10.63  cb_failure         L2-CB2 {'rot': 0.01891}
  t=  10.63  cb_failure         L3-CB2 {'rot': 0.02206}
  t=  10.63  cb_failure         L3-CB3 {'rot': 0.01894}
  t=  10.63  cb_failure         L4-CB0 {'rot': 0.01917}
  t=  10.63  cb_failure         L4-CB2 {'rot': 0.02396}
  t=  10.63  cb_failure         L4-CB3 {'rot': 0.01996}
  t=  10.63  cb_failure         L5-CB2 {'rot': 0.02446}
  t=  10.63  cb_failure         L5-CB3 {'rot': 0.01965}
  t=  10.63  cb_failure         L6-CB2 {'rot': 0.02391}
  t=  10.63  cb_failure         L7-CB2 {'rot': 0.02269}
  t=  10.63  cb_failure         L8-CB2 {'rot': 0.02102}
  t=  10.63  cb_failure         L9-CB2 {'rot': 0.01901}
  t=  10.63  cb_failure         L30-CB3 {'rot': 0.0198}
  t=  10.75  cb_failure         L2-CB0 {'rot': 0.0213}
  t=  10.75  cb_failure         L2-CB3 {'rot': 0.02006}
  t=  10.75  cb_failure         L3-CB0 {'rot': 0.02347}
  t=  10.75  cb_failure         L5-CB0 {'rot': 0.02384}
  t=  10.75  cb_failure         L6-CB0 {'rot': 0.02238}
  t=  10.75  cb_failure         L6-CB3 {'rot': 0.02299}
  t=  10.75  cb_failure         L7-CB0 {'rot': 0.02045}
  t=  10.75  cb_failure         L7-CB3 {'rot': 0.02104}
  t=  10.75  cb_failure         L10-CB2 {'rot': 0.01976}
  t=  10.88  cb_failure         L2-CB1 {'rot': 0.01977}
  t=  10.88  cb_failure         L3-CB1 {'rot': 0.02286}
  t=  10.88  cb_failure         L4-CB1 {'rot': 0.0245}
  t=  10.88  cb_failure         L5-CB1 {'rot': 0.02451}
  t=  10.88  cb_failure         L6-CB1 {'rot': 0.02342}
  t=  10.88  cb_failure         L7-CB1 {'rot': 0.02158}
  t=  10.88  cb_failure         L8-CB0 {'rot': 0.0228}
  t=  10.88  cb_failure         L8-CB1 {'rot': 0.01923}
  t=  10.88  cb_failure         L8-CB3 {'rot': 0.02327}
  t=  10.88  cb_failure         L9-CB0 {'rot': 0.02013}
  t=  10.88  cb_failure         L9-CB3 {'rot': 0.02063}
  t=  10.88  cb_failure         L11-CB2 {'rot': 0.01933}
  t=  11.00  cb_failure         L9-CB1 {'rot': 0.02314}
  t=  11.00  cb_failure         L10-CB0 {'rot': 0.02239}
  t=  11.00  cb_failure         L10-CB1 {'rot': 0.02036}
  t=  11.00  cb_failure         L10-CB3 {'rot': 0.02237}
  t=  11.00  cb_failure         L11-CB0 {'rot': 0.01954}
  t=  11.00  cb_failure         L11-CB3 {'rot': 0.01953}
  t=  11.00  cb_failure         L12-CB2 {'rot': 0.01912}
  t=  11.13  cb_failure         L11-CB1 {'rot': 0.02469}
  t=  11.13  cb_failure         L12-CB0 {'rot': 0.02328}
  t=  11.13  cb_failure         L12-CB1 {'rot': 0.02249}
  t=  11.13  cb_failure         L13-CB0 {'rot': 0.02081}
  t=  11.13  cb_failure         L13-CB1 {'rot': 0.01999}
  t=  11.13  cb_failure         L13-CB2 {'rot': 0.02059}
  t=  11.25  cb_failure         L14-CB0 {'rot': 0.02589}
  t=  11.25  cb_failure         L14-CB1 {'rot': 0.02667}
  t=  11.25  cb_failure         L14-CB2 {'rot': 0.02278}
  t=  11.25  cb_failure         L15-CB0 {'rot': 0.024}
  t=  11.25  cb_failure         L15-CB1 {'rot': 0.02487}
  t=  11.25  cb_failure         L15-CB2 {'rot': 0.02074}
  t=  11.25  cb_failure         L16-CB0 {'rot': 0.02211}
  t=  11.25  cb_failure         L16-CB1 {'rot': 0.02299}
  t=  11.25  cb_failure         L17-CB0 {'rot': 0.01956}
  t=  11.25  cb_failure         L17-CB2 {'rot': 0.01972}
  t=  11.38  cb_failure         L16-CB2 {'rot': 0.0237}
  t=  11.38  cb_failure         L18-CB0 {'rot': 0.02695}
  t=  11.38  cb_failure         L18-CB1 {'rot': 0.03112}
  t=  11.38  cb_failure         L18-CB2 {'rot': 0.02074}
  t=  11.38  cb_failure         L19-CB0 {'rot': 0.02523}
  t=  11.38  cb_failure         L20-CB0 {'rot': 0.02346}
  t=  11.38  cb_failure         L21-CB0 {'rot': 0.02143}
  t=  11.38  cb_failure         L22-CB0 {'rot': 0.02011}
  t= 11.425  solver fallback: Newton
  t=  11.50  cb_failure         L19-CB2 {'rot': 0.02499}
  t=  11.50  cb_failure         L20-CB2 {'rot': 0.02365}
  t=  11.50  cb_failure         L21-CB2 {'rot': 0.02184}
  t=  11.50  cb_failure         L22-CB2 {'rot': 0.01954}
  t=  11.50  cb_failure         L23-CB0 {'rot': 0.02294}
  t=  11.50  cb_failure         L24-CB0 {'rot': 0.01954}
  t=  11.63  cb_failure         L23-CB2 {'rot': 0.02106}
  t=  11.63  cb_failure         L24-CB2 {'rot': 0.01978}
  t=  11.63  cb_failure         L24-CB3 {'rot': 0.02072}
  t= 11.625  solver fallback: Newton
  t= 11.650  solver fallback: Newton
  t= 11.675  solver fallback: Newton
  t=  11.75  cb_failure         L25-CB0 {'rot': 0.01944}
  t=  11.88  cb_failure         L25-CB2 {'rot': 0.01978}
  t=  11.88  cb_failure         L25-CB3 {'rot': 0.01989}
  t=  11.88  cb_failure         L26-CB0 {'rot': 0.02071}
  t=  11.88  cb_failure         L27-CB0 {'rot': 0.01976}
  t=  11.88  cb_failure         L27-CB3 {'rot': 0.01957}
  t= 11.950  solver fallback: Newton
  t=  12.00  cb_failure         L26-CB2 {'rot': 0.01978}
  t=  12.00  cb_failure         L26-CB3 {'rot': 0.0204}
  t= 12.050  solver fallback: Newton
  t=  12.13  cb_failure         L28-CB0 {'rot': 0.02022}
  t=  12.13  cb_failure         L30-CB0 {'rot': 0.01944}
  t=  12.13  cb_yield           L31-CB2 {'rot': 0.00575}
  t=  12.25  cb_failure         L28-CB2 {'rot': 0.01976}
  t=  12.25  cb_yield           L32-CB2 {'rot': 0.00729}
  t=  12.25  cb_yield           L33-CB2 {'rot': 0.00639}
  t=  12.75  cb_failure         L28-CB3 {'rot': 0.02265}
  t=  12.75  cb_failure         L29-CB3 {'rot': 0.02246}
  t=  12.75  cb_failure         L31-CB3 {'rot': 0.02119}
  t=  12.75  cb_failure         L32-CB3 {'rot': 0.02055}
  t=  12.75  cb_failure         L33-CB3 {'rot': 0.01991}
  t=  14.75  cb_failure         L27-CB2 {'rot': 0.02514}
  t=  14.75  cb_failure         L29-CB2 {'rot': 0.02149}
  t=  14.75  cb_failure         L30-CB2 {'rot': 0.01954}
  t=  14.88  cb_failure         L29-CB0 {'rot': 0.01976}
  t=  14.88  cb_failure         L31-CB2 {'rot': 0.02433}
  t=  14.88  cb_failure         L32-CB2 {'rot': 0.02271}
  t=  14.88  cb_failure         L33-CB2 {'rot': 0.02217}
  t=  15.00  cb_failure         L31-CB0 {'rot': 0.02355}
  t=  15.00  cb_failure         L32-CB0 {'rot': 0.02236}
  t=  15.00  cb_failure         L33-CB0 {'rot': 0.02194}
  t=  18.50  cb_failure         L1-CB1 {'rot': 0.02009}
  t=  18.87  cb_failure         L1-CB0 {'rot': 0.01945}
  progress t=  20.0s  max corner drift so far=0.0181  wall clock=244s
  progress t=  30.0s  max corner drift so far=0.0181  wall clock=375s
  progress t=  40.0s  max corner drift so far=0.0181  wall clock=505s
  t=  49.00  cb_failure         L1-CB2 {'rot': 0.02043}
  t=  49.00  cb_failure         L1-CB3 {'rot': 0.02159}
  progress t=  50.0s  max corner drift so far=0.0181  wall clock=638s
  progress t=  60.0s  max corner drift so far=0.0181  wall clock=776s
  progress t=  70.0s  max corner drift so far=0.0181  wall clock=914s
  progress t=  80.0s  max corner drift so far=0.0181  wall clock=1025s
  progress t=  90.0s  max corner drift so far=0.0181  wall clock=1128s
  progress t= 100.0s  max corner drift so far=0.0181  wall clock=1231s
