  t=   2.12  cb_yield           L9-CB3 {'rot': 0.00419}
  t=   2.25  cb_yield           L8-CB3 {'rot': 0.0042}
  t=   2.25  cb_yield           L9-CB1 {'rot': 0.00426}
  t=   2.25  cb_yield           L10-CB1 {'rot': 0.00433}
  t=   2.25  cb_yield           L10-CB3 {'rot': 0.00439}
  t=   2.25  cb_yield           L11-CB1 {'rot': 0.00437}
  t=   2.25  cb_yield           L11-CB3 {'rot': 0.00444}
  t=   2.25  cb_yield           L12-CB1 {'rot': 0.00438}
  t=   2.25  cb_yield           L12-CB3 {'rot': 0.00446}
  t=   2.25  cb_yield           L13-CB1 {'rot': 0.00437}
  t=   2.25  cb_yield           L13-CB3 {'rot': 0.00445}
  t=   2.25  cb_yield           L14-CB1 {'rot': 0.00432}
  t=   2.25  cb_yield           L14-CB3 {'rot': 0.00441}
  t=   2.25  cb_yield           L15-CB1 {'rot': 0.00426}
  t=   2.25  cb_yield           L15-CB3 {'rot': 0.00435}
  t=   2.25  cb_yield           L16-CB3 {'rot': 0.00428}
  t=   2.37  cb_yield           L16-CB1 {'rot': 0.00455}
  t=   2.50  cb_yield           L17-CB1 {'rot': 0.00476}
  t=   2.50  cb_yield           L17-CB3 {'rot': 0.00487}
  t=   2.50  cb_yield           L18-CB1 {'rot': 0.00482}
  t=   2.50  cb_yield           L18-CB3 {'rot': 0.00494}
  t=   2.50  cb_yield           L19-CB1 {'rot': 0.00485}
  t=   2.50  cb_yield           L19-CB3 {'rot': 0.00499}
  t=   2.50  cb_yield           L20-CB1 {'rot': 0.00487}
  t=   2.50  cb_yield           L20-CB3 {'rot': 0.00502}
  t=   2.50  cb_yield           L21-CB1 {'rot': 0.00485}
  t=   2.50  cb_yield           L21-CB3 {'rot': 0.00501}
  t=   2.50  cb_yield           L22-CB1 {'rot': 0.00481}
  t=   2.50  cb_yield           L22-CB3 {'rot': 0.00498}
  t=   2.50  cb_yield           L23-CB1 {'rot': 0.00475}
  t=   2.50  cb_yield           L23-CB3 {'rot': 0.00492}
  t=   2.50  cb_yield           L24-CB1 {'rot': 0.00464}
  t=   2.50  cb_yield           L24-CB3 {'rot': 0.00482}
  t=   2.50  cb_yield           L25-CB3 {'rot': 0.0047}
  t=   2.62  cb_yield           L25-CB1 {'rot': 0.00544}
  t=   2.62  cb_yield           L26-CB1 {'rot': 0.00524}
  t=   2.62  cb_yield           L26-CB3 {'rot': 0.00537}
  t=   2.62  cb_yield           L27-CB1 {'rot': 0.00501}
  t=   2.62  cb_yield           L27-CB3 {'rot': 0.00513}
  t=   2.62  cb_yield           L28-CB1 {'rot': 0.00475}
  t=   2.62  cb_yield           L28-CB3 {'rot': 0.00487}
  t=   2.75  cb_yield           L29-CB3 {'rot': 0.00464}
  t=   4.25  cb_yield           L3-CB0 {'rot': 0.00433}
  t=   4.25  cb_yield           L3-CB1 {'rot': 0.00423}
  t=   4.25  cb_yield           L4-CB0 {'rot': 0.00479}
  t=   4.25  cb_yield           L4-CB1 {'rot': 0.00467}
  t=   4.25  cb_yield           L5-CB0 {'rot': 0.00503}
  t=   4.25  cb_yield           L5-CB1 {'rot': 0.00489}
  t=   4.25  cb_yield           L5-CB2 {'rot': 0.00425}
  t=   4.25  cb_yield           L6-CB0 {'rot': 0.00509}
  t=   4.25  cb_yield           L6-CB1 {'rot': 0.00492}
  t=   4.25  cb_yield           L6-CB2 {'rot': 0.00421}
  t=   4.25  cb_yield           L7-CB0 {'rot': 0.00501}
  t=   4.25  cb_yield           L7-CB1 {'rot': 0.00482}
  t=   4.25  cb_yield           L8-CB0 {'rot': 0.00482}
  t=   4.25  cb_yield           L8-CB1 {'rot': 0.0046}
  t=   4.25  cb_yield           L9-CB0 {'rot': 0.00458}
  t=   4.25  cb_yield           L10-CB0 {'rot': 0.00428}
  t=   4.37  cb_yield           L3-CB2 {'rot': 0.00428}
  t=   4.37  cb_yield           L3-CB3 {'rot': 0.00419}
  t=   4.37  cb_yield           L4-CB2 {'rot': 0.0047}
  t=   4.37  cb_yield           L4-CB3 {'rot': 0.00458}
  t=   4.37  cb_yield           L5-CB3 {'rot': 0.00472}
  t=   4.37  cb_yield           L6-CB3 {'rot': 0.00464}
  t=   4.37  cb_yield           L7-CB2 {'rot': 0.00459}
  t=   4.37  cb_yield           L7-CB3 {'rot': 0.00439}
  t=   4.37  cb_yield           L8-CB2 {'rot': 0.00425}
  t=   4.37  cb_yield           L11-CB0 {'rot': 0.00423}
  t=   5.88  cb_yield           L29-CB1 {'rot': 0.00476}
  t=   8.00  cb_yield           L2-CB3 {'rot': 0.00461}
  t=   8.00  cb_yield           L9-CB2 {'rot': 0.00501}
  t=   8.00  cb_yield           L10-CB2 {'rot': 0.00459}
  t=   8.13  cb_yield           L2-CB1 {'rot': 0.00419}
  t=   8.13  cb_yield           L2-CB2 {'rot': 0.0044}
  t=   8.13  cb_yield           L11-CB2 {'rot': 0.00531}
  t=   8.13  cb_yield           L12-CB0 {'rot': 0.00476}
  t=   8.13  cb_yield           L12-CB2 {'rot': 0.00481}
  t=   8.13  cb_yield           L13-CB0 {'rot': 0.00439}
  t=   8.13  cb_yield           L13-CB2 {'rot': 0.00425}
  t=   8.25  cb_yield           L14-CB0 {'rot': 0.0042}
  t=   8.38  cb_yield           L2-CB0 {'rot': 0.00428}
  t=   8.50  cb_yield           L14-CB2 {'rot': 0.00442}
  t=   8.63  cb_yield           L15-CB2 {'rot': 0.00521}
  t=   8.63  cb_yield           L16-CB2 {'rot': 0.00509}
  t=   8.63  cb_yield           L17-CB2 {'rot': 0.00493}
  t=   8.63  cb_yield           L18-CB2 {'rot': 0.00479}
  t=   8.63  cb_yield           L19-CB2 {'rot': 0.00467}
  t=   8.63  cb_yield           L30-CB3 {'rot': 0.00543}
  t=   8.63  cb_yield           L31-CB3 {'rot': 0.00506}
  t=   8.63  cb_yield           L32-CB3 {'rot': 0.00475}
  t=   8.75  cb_yield           L20-CB2 {'rot': 0.0064}
  t=   8.75  cb_yield           L21-CB2 {'rot': 0.00624}
  t=   8.75  cb_yield           L22-CB2 {'rot': 0.00603}
  t=   8.75  cb_yield           L23-CB2 {'rot': 0.00578}
  t=   8.75  cb_yield           L24-CB2 {'rot': 0.00549}
  t=   8.75  cb_yield           L25-CB2 {'rot': 0.00518}
  t=   8.75  cb_yield           L26-CB2 {'rot': 0.00484}
  t=   8.75  cb_yield           L33-CB3 {'rot': 0.00621}
  t=   8.88  cb_yield           L16-CB0 {'rot': 0.00421}
  t=   8.88  cb_yield           L27-CB2 {'rot': 0.00497}
  t=   9.13  cb_yield           L30-CB1 {'rot': 0.00475}
  t=   9.25  cb_yield           L31-CB1 {'rot': 0.00537}
  t=   9.25  cb_yield           L32-CB1 {'rot': 0.005}
  t=   9.38  cb_yield           L33-CB1 {'rot': 0.00484}
  progress t=  10.0s  max corner drift so far=0.0029  wall clock=119s
  t=  10.38  cb_yield           L21-CB0 {'rot': 0.00465}
  t=  10.38  cb_yield           L22-CB0 {'rot': 0.00486}
  t=  10.38  cb_yield           L23-CB0 {'rot': 0.00501}
  t=  10.38  cb_yield           L24-CB0 {'rot': 0.0051}
  t=  10.38  cb_yield           L25-CB0 {'rot': 0.00511}
  t=  10.38  cb_yield           L26-CB0 {'rot': 0.00502}
  t=  10.38  cb_yield           L27-CB0 {'rot': 0.00485}
  t=  10.50  cb_yield           L1-CB0 {'rot': 0.00495}
  t=  10.50  cb_yield           L1-CB1 {'rot': 0.00435}
  t=  10.50  cb_yield           L1-CB2 {'rot': 0.00598}
  t=  10.50  cb_yield           L1-CB3 {'rot': 0.00607}
  t=  10.50  cb_yield           L19-CB0 {'rot': 0.00523}
  t=  10.50  cb_yield           L20-CB0 {'rot': 0.00577}
  t=  10.50  cb_yield           L28-CB0 {'rot': 0.00578}
  t=  10.50  cb_yield           L29-CB0 {'rot': 0.00541}
  t=  10.50  cb_yield           L30-CB0 {'rot': 0.00496}
  t=  11.00  cb_yield           L15-CB0 {'rot': 0.00489}
  t=  11.13  cb_yield           L17-CB0 {'rot': 0.00629}
  t=  11.13  cb_yield           L18-CB0 {'rot': 0.00557}
  t=  11.50  cb_failure         L16-CB1 {'rot': 0.01862}
  t=  11.50  cb_failure         L17-CB1 {'rot': 0.01897}
  t=  11.50  cb_failure         L18-CB1 {'rot': 0.01909}
  t=  11.50  cb_failure         L19-CB1 {'rot': 0.01899}
  t=  11.50  cb_failure         L20-CB1 {'rot': 0.01873}
  t=  11.63  cb_failure         L21-CB1 {'rot': 0.01889}
  t=  12.75  cb_failure         L24-CB1 {'rot': 0.01873}
  t=  12.75  cb_failure         L25-CB1 {'rot': 0.01877}
  t=  12.75  cb_failure         L26-CB1 {'rot': 0.01869}
  t=  12.75  cb_yield           L28-CB2 {'rot': 0.0049}
  t=  12.88  cb_yield           L29-CB2 {'rot': 0.00491}
  t=  14.13  cb_yield           L30-CB2 {'rot': 0.00471}
  t=  14.25  cb_failure         L15-CB3 {'rot': 0.01859}
  t=  14.25  cb_failure         L16-CB3 {'rot': 0.01912}
  t=  14.25  cb_failure         L17-CB3 {'rot': 0.01975}
  t=  14.25  cb_failure         L18-CB3 {'rot': 0.02035}
  t=  14.25  cb_failure         L19-CB3 {'rot': 0.0209}
  t=  14.25  cb_failure         L20-CB3 {'rot': 0.02142}
  t=  14.25  cb_failure         L21-CB3 {'rot': 0.02185}
  t=  14.25  cb_failure         L22-CB3 {'rot': 0.02216}
  t=  14.25  cb_failure         L23-CB3 {'rot': 0.02234}
  t=  14.25  cb_failure         L24-CB3 {'rot': 0.02238}
  t=  14.25  cb_failure         L25-CB3 {'rot': 0.02229}
  t=  14.25  cb_failure         L26-CB3 {'rot': 0.0221}
  t=  14.25  cb_failure         L27-CB3 {'rot': 0.02181}
  t=  14.25  cb_failure         L28-CB3 {'rot': 0.02151}
  t=  14.25  cb_failure         L29-CB3 {'rot': 0.02114}
  t=  14.25  cb_failure         L30-CB3 {'rot': 0.02062}
  t=  14.25  cb_failure         L31-CB3 {'rot': 0.02007}
  t=  14.25  cb_failure         L32-CB3 {'rot': 0.01962}
  t=  14.25  cb_failure         L33-CB3 {'rot': 0.0193}
  t=  14.38  cb_failure         L12-CB3 {'rot': 0.01847}
  t=  14.38  cb_failure         L13-CB3 {'rot': 0.01944}
  t=  14.38  cb_failure         L14-CB3 {'rot': 0.02033}
  t=  14.38  cb_failure         L22-CB1 {'rot': 0.01997}
  t=  14.38  cb_failure         L23-CB1 {'rot': 0.01982}
  t=  14.50  cb_failure         L11-CB3 {'rot': 0.0182}
  t=  14.50  cb_failure         L13-CB1 {'rot': 0.01862}
  t=  14.50  cb_failure         L14-CB1 {'rot': 0.01946}
  t=  14.50  cb_failure         L15-CB1 {'rot': 0.02015}
  t=  14.63  cb_failure         L12-CB1 {'rot': 0.0184}
  t=  14.63  cb_failure         L27-CB1 {'rot': 0.01866}
  t=  14.75  cb_failure         L10-CB1 {'rot': 0.0184}
  t=  14.75  cb_failure         L11-CB1 {'rot': 0.01883}
  t=  14.88  cb_failure         L9-CB1 {'rot': 0.01849}
  t=  17.25  cb_failure         L7-CB1 {'rot': 0.01826}
  t=  17.25  cb_failure         L8-CB1 {'rot': 0.01855}
  t=  17.38  cb_failure         L6-CB1 {'rot': 0.0185}
  t=  17.50  cb_failure         L10-CB0 {'rot': 0.0182}
  t=  17.50  cb_failure         L11-CB0 {'rot': 0.0185}
  t=  17.50  cb_failure         L12-CB0 {'rot': 0.01872}
  t=  17.50  cb_failure         L13-CB0 {'rot': 0.01872}
  t=  17.50  cb_failure         L14-CB0 {'rot': 0.01844}
  t=  17.63  cb_failure         L15-CB0 {'rot': 0.01895}
  t=  17.63  cb_failure         L16-CB0 {'rot': 0.01844}
  t=  19.25  cb_yield           L31-CB2 {'rot': 0.00515}
  t=  19.25  cb_yield           L32-CB2 {'rot': 0.00491}
  t=  19.25  cb_yield           L33-CB2 {'rot': 0.00478}
  t=  19.50  cb_failure         L4-CB3 {'rot': 0.01823}
  t=  19.50  cb_failure         L5-CB3 {'rot': 0.0194}
  t=  19.50  cb_failure         L6-CB3 {'rot': 0.02001}
  t=  19.50  cb_failure         L7-CB3 {'rot': 0.02021}
  t=  19.50  cb_failure         L8-CB3 {'rot': 0.02011}
  t=  19.50  cb_failure         L9-CB3 {'rot': 0.01983}
  t=  19.50  cb_failure         L10-CB3 {'rot': 0.01943}
  t=  19.62  cb_failure         L5-CB1 {'rot': 0.01934}
  t=  19.75  cb_failure         L4-CB1 {'rot': 0.01874}
  t=  19.87  cb_failure         L6-CB0 {'rot': 0.01821}
  t=  19.87  cb_failure         L7-CB0 {'rot': 0.01877}
  t=  19.87  cb_failure         L8-CB0 {'rot': 0.01908}
  t=  19.87  cb_failure         L9-CB0 {'rot': 0.01915}
  t=  19.87  cb_failure         L28-CB1 {'rot': 0.01866}
  t=  20.00  cb_failure         L3-CB1 {'rot': 0.01988}
  t=  20.00  cb_failure         L3-CB3 {'rot': 0.01835}
  t=  20.00  cb_failure         L5-CB0 {'rot': 0.01955}
  t=  20.00  cb_failure         L29-CB1 {'rot': 0.02149}
  t=  20.00  cb_failure         L30-CB1 {'rot': 0.02066}
  t=  20.00  cb_failure         L31-CB1 {'rot': 0.02002}
  t=  20.00  cb_failure         L32-CB1 {'rot': 0.01961}
  t=  20.00  cb_failure         L33-CB1 {'rot': 0.01938}
  progress t=  20.0s  max corner drift so far=0.0066  wall clock=250s
  t=  20.12  cb_failure         L2-CB1 {'rot': 0.01884}
  t=  20.12  cb_failure         L3-CB0 {'rot': 0.01874}
  t=  20.12  cb_failure         L4-CB0 {'rot': 0.02085}
  t=  20.12  cb_failure         L17-CB0 {'rot': 0.02014}
  t=  20.12  cb_failure         L18-CB0 {'rot': 0.01927}
  t=  20.12  cb_yield           L31-CB0 {'rot': 0.00468}
  t=  20.25  cb_failure         L5-CB2 {'rot': 0.01832}
  t=  20.25  cb_failure         L6-CB2 {'rot': 0.01863}
  t=  20.25  cb_failure         L7-CB2 {'rot': 0.01853}
  t=  20.25  cb_failure         L19-CB0 {'rot': 0.02024}
  t=  20.25  cb_failure         L20-CB0 {'rot': 0.01929}
  t=  20.25  cb_yield           L32-CB0 {'rot': 0.00638}
  t=  20.25  cb_yield           L33-CB0 {'rot': 0.00604}
  t=  20.37  cb_failure         L8-CB2 {'rot': 0.01974}
  t=  20.37  cb_failure         L9-CB2 {'rot': 0.01932}
  t=  20.37  cb_failure         L10-CB2 {'rot': 0.01867}
  t=  20.37  cb_failure         L21-CB0 {'rot': 0.01985}
  t=  20.37  cb_failure         L22-CB0 {'rot': 0.01892}
  t=  20.50  cb_failure         L11-CB2 {'rot': 0.0196}
  t=  20.50  cb_failure         L12-CB2 {'rot': 0.01903}
  t=  20.50  cb_failure         L13-CB2 {'rot': 0.01828}
  t=  20.50  cb_failure         L23-CB0 {'rot': 0.0187}
  t=  20.62  cb_failure         L14-CB2 {'rot': 0.0197}
  t=  20.62  cb_failure         L15-CB2 {'rot': 0.01905}
  t=  20.62  cb_failure         L16-CB2 {'rot': 0.01826}
  t=  20.87  cb_failure         L24-CB0 {'rot': 0.01916}
  t=  23.25  cb_failure         L17-CB2 {'rot': 0.01901}
  t=  23.37  cb_failure         L18-CB2 {'rot': 0.02005}
  t=  23.37  cb_failure         L19-CB2 {'rot': 0.01913}
  t=  23.50  cb_failure         L20-CB2 {'rot': 0.01875}
  t=  23.62  cb_failure         L4-CB2 {'rot': 0.01852}
  t=  26.00  cb_failure         L2-CB3 {'rot': 0.01824}
  t=  26.00  cb_failure         L3-CB2 {'rot': 0.01875}
  t=  26.12  cb_failure         L2-CB0 {'rot': 0.01894}
  t=  26.75  cb_failure         L21-CB2 {'rot': 0.01959}
  t=  26.75  cb_failure         L25-CB0 {'rot': 0.02117}
  t=  26.75  cb_failure         L26-CB0 {'rot': 0.01952}
  t=  26.87  cb_failure         L22-CB2 {'rot': 0.02056}
  t=  26.87  cb_failure         L23-CB2 {'rot': 0.01994}
  t=  26.87  cb_failure         L24-CB2 {'rot': 0.01918}
  t=  26.87  cb_failure         L27-CB0 {'rot': 0.02166}
  t=  26.87  cb_failure         L28-CB0 {'rot': 0.02017}
  t=  27.00  cb_failure         L25-CB2 {'rot': 0.01919}
  t=  27.00  cb_failure         L29-CB0 {'rot': 0.0201}
  progress t=  30.0s  max corner drift so far=0.0111  wall clock=382s
  progress t=  40.0s  max corner drift so far=0.0111  wall clock=506s
  t=  40.12  cb_failure         L26-CB2 {'rot': 0.01872}
  t=  40.25  cb_failure         L2-CB2 {'rot': 0.01999}
  t=  40.25  cb_failure         L27-CB2 {'rot': 0.0201}
  t=  40.25  cb_failure         L28-CB2 {'rot': 0.01956}
  t=  40.25  cb_failure         L29-CB2 {'rot': 0.01878}
  t=  40.25  cb_failure         L30-CB0 {'rot': 0.02079}
  t=  40.25  cb_failure         L31-CB0 {'rot': 0.01919}
  t=  40.37  cb_failure         L32-CB0 {'rot': 0.01917}
  t=  40.37  cb_failure         L33-CB0 {'rot': 0.01868}
  t=  48.62  cb_failure         L1-CB1 {'rot': 0.0183}
  t=  48.62  cb_failure         L1-CB3 {'rot': 0.01829}
  t=  48.75  cb_failure         L1-CB0 {'rot': 0.01888}
  t=  48.75  cb_failure         L1-CB2 {'rot': 0.01831}
  t=  49.75  cb_failure         L30-CB2 {'rot': 0.02022}
  t=  49.87  cb_failure         L31-CB2 {'rot': 0.01885}
  progress t=  50.0s  max corner drift so far=0.0111  wall clock=631s
  t=  56.12  cb_failure         L32-CB2 {'rot': 0.01864}
  progress t=  60.0s  max corner drift so far=0.0111  wall clock=754s
  progress t=  70.0s  max corner drift so far=0.0111  wall clock=875s
  progress t=  80.0s  max corner drift so far=0.0111  wall clock=992s
  progress t=  90.0s  max corner drift so far=0.0111  wall clock=1110s
  progress t= 100.0s  max corner drift so far=0.0111  wall clock=1225s
