  t=   1.87  cb_yield           L4-CB1 {'rot': 0.00419}
  t=   1.87  cb_yield           L4-CB3 {'rot': 0.00428}
  t=   1.87  cb_yield           L5-CB1 {'rot': 0.00438}
  t=   1.87  cb_yield           L5-CB3 {'rot': 0.00447}
  t=   1.87  cb_yield           L6-CB1 {'rot': 0.00441}
  t=   1.87  cb_yield           L6-CB3 {'rot': 0.00451}
  t=   1.87  cb_yield           L7-CB1 {'rot': 0.00435}
  t=   1.87  cb_yield           L7-CB3 {'rot': 0.00445}
  t=   1.87  cb_yield           L8-CB1 {'rot': 0.0042}
  t=   1.87  cb_yield           L8-CB3 {'rot': 0.0043}
  t=   2.00  cb_yield           L3-CB1 {'rot': 0.00424}
  t=   2.00  cb_yield           L3-CB3 {'rot': 0.0043}
  t=   2.00  cb_yield           L4-CB0 {'rot': 0.00431}
  t=   2.00  cb_yield           L4-CB2 {'rot': 0.00439}
  t=   2.00  cb_yield           L5-CB0 {'rot': 0.00457}
  t=   2.00  cb_yield           L5-CB2 {'rot': 0.00465}
  t=   2.00  cb_yield           L6-CB0 {'rot': 0.00467}
  t=   2.00  cb_yield           L6-CB2 {'rot': 0.00476}
  t=   2.00  cb_yield           L7-CB0 {'rot': 0.00464}
  t=   2.00  cb_yield           L7-CB2 {'rot': 0.00474}
  t=   2.00  cb_yield           L8-CB0 {'rot': 0.00453}
  t=   2.00  cb_yield           L8-CB2 {'rot': 0.00463}
  t=   2.00  cb_yield           L9-CB0 {'rot': 0.00432}
  t=   2.00  cb_yield           L9-CB1 {'rot': 0.00518}
  t=   2.00  cb_yield           L9-CB2 {'rot': 0.00441}
  t=   2.00  cb_yield           L9-CB3 {'rot': 0.00528}
  t=   2.00  cb_yield           L10-CB1 {'rot': 0.00499}
  t=   2.00  cb_yield           L10-CB3 {'rot': 0.0051}
  t=   2.00  cb_yield           L11-CB1 {'rot': 0.00478}
  t=   2.00  cb_yield           L11-CB3 {'rot': 0.00488}
  t=   2.00  cb_yield           L12-CB1 {'rot': 0.00454}
  t=   2.00  cb_yield           L12-CB3 {'rot': 0.00463}
  t=   2.00  cb_yield           L13-CB1 {'rot': 0.00427}
  t=   2.00  cb_yield           L13-CB3 {'rot': 0.00436}
  t=   2.12  cb_yield           L10-CB0 {'rot': 0.00481}
  t=   2.12  cb_yield           L10-CB2 {'rot': 0.0049}
  t=   2.12  cb_yield           L11-CB0 {'rot': 0.0046}
  t=   2.12  cb_yield           L11-CB2 {'rot': 0.00469}
  t=   2.12  cb_yield           L12-CB0 {'rot': 0.00436}
  t=   2.12  cb_yield           L12-CB2 {'rot': 0.00446}
  t=   2.12  cb_yield           L14-CB1 {'rot': 0.00523}
  t=   2.12  cb_yield           L14-CB3 {'rot': 0.00534}
  t=   2.12  cb_yield           L15-CB1 {'rot': 0.00496}
  t=   2.12  cb_yield           L15-CB3 {'rot': 0.00507}
  t=   2.12  cb_yield           L16-CB1 {'rot': 0.0047}
  t=   2.12  cb_yield           L16-CB3 {'rot': 0.00481}
  t=   2.25  cb_yield           L13-CB0 {'rot': 0.00471}
  t=   2.25  cb_yield           L13-CB2 {'rot': 0.00483}
  t=   2.25  cb_yield           L14-CB0 {'rot': 0.00449}
  t=   2.25  cb_yield           L14-CB2 {'rot': 0.00461}
  t=   2.25  cb_yield           L15-CB0 {'rot': 0.00425}
  t=   2.25  cb_yield           L15-CB2 {'rot': 0.00438}
  t=   2.25  cb_yield           L17-CB1 {'rot': 0.00555}
  t=   2.25  cb_yield           L17-CB3 {'rot': 0.00571}
  t=   2.25  cb_yield           L18-CB1 {'rot': 0.00525}
  t=   2.25  cb_yield           L18-CB3 {'rot': 0.00541}
  t=   2.25  cb_yield           L19-CB1 {'rot': 0.00493}
  t=   2.25  cb_yield           L19-CB3 {'rot': 0.0051}
  t=   2.25  cb_yield           L20-CB3 {'rot': 0.00478}
  t=   2.37  cb_yield           L16-CB0 {'rot': 0.00448}
  t=   2.37  cb_yield           L16-CB2 {'rot': 0.00464}
  t=   2.37  cb_yield           L20-CB1 {'rot': 0.00569}
  t=   2.37  cb_yield           L21-CB1 {'rot': 0.00542}
  t=   2.37  cb_yield           L21-CB3 {'rot': 0.00566}
  t=   2.37  cb_yield           L22-CB1 {'rot': 0.00516}
  t=   2.37  cb_yield           L22-CB3 {'rot': 0.0054}
  t=   2.37  cb_yield           L23-CB1 {'rot': 0.0049}
  t=   2.37  cb_yield           L23-CB3 {'rot': 0.00515}
  t=   2.37  cb_yield           L24-CB1 {'rot': 0.00466}
  t=   2.37  cb_yield           L24-CB3 {'rot': 0.00491}
  t=   2.37  cb_yield           L25-CB3 {'rot': 0.00469}
  t=   2.50  cb_yield           L25-CB1 {'rot': 0.00632}
  t=   2.50  cb_yield           L26-CB1 {'rot': 0.00603}
  t=   2.50  cb_yield           L26-CB3 {'rot': 0.0063}
  t=   2.50  cb_yield           L27-CB1 {'rot': 0.00571}
  t=   2.50  cb_yield           L27-CB3 {'rot': 0.00597}
  t=   2.50  cb_yield           L28-CB1 {'rot': 0.00539}
  t=   2.50  cb_yield           L28-CB3 {'rot': 0.00564}
  t=   2.50  cb_yield           L29-CB1 {'rot': 0.00505}
  t=   2.50  cb_yield           L29-CB3 {'rot': 0.0053}
  t=   2.50  cb_yield           L30-CB1 {'rot': 0.00469}
  t=   2.50  cb_yield           L30-CB3 {'rot': 0.00493}
  t=   2.62  cb_yield           L17-CB0 {'rot': 0.00463}
  t=   2.62  cb_yield           L17-CB2 {'rot': 0.00478}
  t=   2.62  cb_yield           L18-CB0 {'rot': 0.00478}
  t=   2.62  cb_yield           L18-CB2 {'rot': 0.00494}
  t=   2.62  cb_yield           L19-CB0 {'rot': 0.00487}
  t=   2.62  cb_yield           L19-CB2 {'rot': 0.00504}
  t=   2.62  cb_yield           L20-CB0 {'rot': 0.00492}
  t=   2.62  cb_yield           L20-CB2 {'rot': 0.00509}
  t=   2.62  cb_yield           L21-CB0 {'rot': 0.0049}
  t=   2.62  cb_yield           L21-CB2 {'rot': 0.00507}
  t=   2.62  cb_yield           L22-CB0 {'rot': 0.00479}
  t=   2.62  cb_yield           L22-CB2 {'rot': 0.00497}
  t=   2.62  cb_yield           L23-CB2 {'rot': 0.00479}
  t=   2.62  cb_yield           L31-CB1 {'rot': 0.00526}
  t=   2.62  cb_yield           L31-CB3 {'rot': 0.00543}
  t=   2.62  cb_yield           L32-CB1 {'rot': 0.00489}
  t=   2.62  cb_yield           L32-CB3 {'rot': 0.00505}
  t=   2.62  cb_yield           L33-CB3 {'rot': 0.00467}
  t=   2.75  cb_yield           L23-CB0 {'rot': 0.00493}
  t=   2.75  cb_yield           L24-CB0 {'rot': 0.00466}
  t=   2.75  cb_yield           L24-CB2 {'rot': 0.00474}
  t=   2.75  cb_yield           L33-CB1 {'rot': 0.00521}
  t=   4.12  cb_yield           L3-CB0 {'rot': 0.00457}
  t=   4.25  cb_yield           L2-CB0 {'rot': 0.00506}
  t=   4.25  cb_yield           L2-CB1 {'rot': 0.00495}
  t=   4.25  cb_yield           L2-CB2 {'rot': 0.00445}
  t=   4.25  cb_yield           L2-CB3 {'rot': 0.00434}
  t=   4.25  cb_yield           L3-CB2 {'rot': 0.0053}
  t=   4.50  cb_yield           L1-CB0 {'rot': 0.00439}
  t=   4.50  cb_yield           L1-CB1 {'rot': 0.00428}
  t=   8.00  cb_yield           L1-CB2 {'rot': 0.00427}
  t=   8.00  cb_yield           L1-CB3 {'rot': 0.00484}
  t=   8.75  cb_yield           L25-CB2 {'rot': 0.00615}
  t=   8.75  cb_yield           L26-CB2 {'rot': 0.00567}
  t=   8.75  cb_yield           L27-CB2 {'rot': 0.0052}
  t=   8.75  cb_yield           L28-CB2 {'rot': 0.00476}
  t=   8.88  cb_failure         L13-CB3 {'rot': 0.0185}
  t=   8.88  cb_failure         L14-CB3 {'rot': 0.01903}
  t=   8.88  cb_failure         L15-CB3 {'rot': 0.01941}
  t=   8.88  cb_failure         L16-CB3 {'rot': 0.01963}
  t=   8.88  cb_failure         L17-CB3 {'rot': 0.01976}
  t=   8.88  cb_failure         L18-CB3 {'rot': 0.01976}
  t=   8.88  cb_failure         L19-CB3 {'rot': 0.01967}
  t=   8.88  cb_failure         L20-CB3 {'rot': 0.01949}
  t=   8.88  cb_failure         L21-CB3 {'rot': 0.0192}
  t=   8.88  cb_failure         L22-CB3 {'rot': 0.01877}
  t=   8.88  cb_yield           L29-CB2 {'rot': 0.00482}
  t=   9.00  cb_failure         L23-CB3 {'rot': 0.02023}
  t=   9.00  cb_failure         L24-CB3 {'rot': 0.01946}
  t=   9.00  cb_failure         L25-CB3 {'rot': 0.01866}
  t=   9.13  cb_failure         L26-CB3 {'rot': 0.01943}
  t=   9.13  cb_failure         L27-CB3 {'rot': 0.01866}
  t=   9.13  cb_yield           L30-CB2 {'rot': 0.00488}
  t=   9.25  cb_yield           L25-CB0 {'rot': 0.00516}
  t=   9.25  cb_yield           L26-CB0 {'rot': 0.00464}
  t=   9.25  cb_failure         L28-CB3 {'rot': 0.01971}
  t=   9.25  cb_failure         L29-CB3 {'rot': 0.01907}
  t=   9.38  cb_yield           L27-CB0 {'rot': 0.00553}
  t=   9.38  cb_yield           L28-CB0 {'rot': 0.00535}
  t=   9.38  cb_yield           L29-CB0 {'rot': 0.00504}
  t=   9.38  cb_failure         L30-CB3 {'rot': 0.01897}
  t=   9.38  cb_yield           L31-CB2 {'rot': 0.00545}
  t=   9.38  cb_yield           L32-CB2 {'rot': 0.00489}
  t=   9.50  cb_yield           L30-CB0 {'rot': 0.00542}
  t=   9.50  cb_yield           L31-CB0 {'rot': 0.00498}
  progress t=  10.0s  max corner drift so far=0.0043  wall clock=123s
  t=  10.50  cb_yield           L32-CB0 {'rot': 0.00573}
  t=  10.50  cb_yield           L33-CB0 {'rot': 0.00551}
  t=  10.63  cb_failure         L24-CB1 {'rot': 0.01909}
  t=  10.63  cb_failure         L25-CB1 {'rot': 0.01957}
  t=  10.63  cb_failure         L26-CB1 {'rot': 0.01986}
  t=  10.63  cb_failure         L27-CB1 {'rot': 0.01996}
  t=  10.63  cb_failure         L28-CB1 {'rot': 0.01993}
  t=  10.63  cb_failure         L29-CB1 {'rot': 0.01975}
  t=  10.63  cb_failure         L30-CB1 {'rot': 0.01935}
  t=  10.63  cb_failure         L31-CB1 {'rot': 0.01884}
  t=  10.75  cb_failure         L3-CB2 {'rot': 0.01959}
  t=  10.75  cb_failure         L4-CB0 {'rot': 0.01883}
  t=  10.75  cb_failure         L4-CB2 {'rot': 0.0211}
  t=  10.75  cb_failure         L4-CB3 {'rot': 0.01895}
  t=  10.75  cb_failure         L5-CB0 {'rot': 0.0186}
  t=  10.75  cb_failure         L5-CB2 {'rot': 0.02148}
  t=  10.75  cb_failure         L5-CB3 {'rot': 0.01876}
  t=  10.75  cb_failure         L6-CB2 {'rot': 0.02101}
  t=  10.75  cb_failure         L7-CB2 {'rot': 0.01991}
  t=  10.75  cb_failure         L8-CB2 {'rot': 0.01834}
  t=  10.88  cb_failure         L2-CB0 {'rot': 0.01992}
  t=  10.88  cb_failure         L2-CB2 {'rot': 0.02001}
  t=  10.88  cb_failure         L2-CB3 {'rot': 0.01959}
  t=  10.88  cb_failure         L3-CB0 {'rot': 0.02247}
  t=  10.88  cb_failure         L3-CB1 {'rot': 0.02026}
  t=  10.88  cb_failure         L3-CB3 {'rot': 0.022}
  t=  10.88  cb_failure         L4-CB1 {'rot': 0.02135}
  t=  10.88  cb_failure         L5-CB1 {'rot': 0.02125}
  t=  10.88  cb_failure         L6-CB0 {'rot': 0.02256}
  t=  10.88  cb_failure         L6-CB1 {'rot': 0.02029}
  t=  10.88  cb_failure         L6-CB3 {'rot': 0.02175}
  t=  10.88  cb_failure         L7-CB0 {'rot': 0.02102}
  t=  10.88  cb_failure         L7-CB1 {'rot': 0.01862}
  t=  10.88  cb_failure         L7-CB3 {'rot': 0.02004}
  t=  10.88  cb_failure         L8-CB0 {'rot': 0.0191}
  t=  10.88  cb_failure         L9-CB2 {'rot': 0.01908}
  t=  11.00  cb_failure         L2-CB1 {'rot': 0.02021}
  t=  11.00  cb_failure         L8-CB1 {'rot': 0.02147}
  t=  11.00  cb_failure         L8-CB3 {'rot': 0.02153}
  t=  11.00  cb_failure         L9-CB0 {'rot': 0.0207}
  t=  11.00  cb_failure         L9-CB1 {'rot': 0.01893}
  t=  11.00  cb_failure         L9-CB3 {'rot': 0.01895}
  t=  11.00  cb_failure         L10-CB2 {'rot': 0.01836}
  t=  11.13  cb_failure         L10-CB0 {'rot': 0.02106}
  t=  11.13  cb_failure         L10-CB1 {'rot': 0.02013}
  t=  11.13  cb_failure         L10-CB3 {'rot': 0.01876}
  t=  11.13  cb_failure         L11-CB0 {'rot': 0.01877}
  t=  11.25  cb_failure         L11-CB1 {'rot': 0.02203}
  t=  11.25  cb_failure         L11-CB2 {'rot': 0.01904}
  t=  11.25  cb_failure         L11-CB3 {'rot': 0.0194}
  t=  11.25  cb_failure         L12-CB0 {'rot': 0.01993}
  t=  11.25  cb_failure         L12-CB1 {'rot': 0.02055}
  t=  11.25  cb_failure         L13-CB0 {'rot': 0.01824}
  t=  11.25  cb_failure         L13-CB1 {'rot': 0.01881}
  t=  11.38  cb_failure         L12-CB2 {'rot': 0.01825}
  t=  11.38  cb_failure         L12-CB3 {'rot': 0.021}
  t=  11.38  cb_failure         L14-CB0 {'rot': 0.02062}
  t=  11.38  cb_failure         L14-CB1 {'rot': 0.02357}
  t=  11.38  cb_failure         L15-CB0 {'rot': 0.01968}
  t=  11.38  cb_failure         L15-CB1 {'rot': 0.02262}
  t=  11.38  cb_failure         L16-CB0 {'rot': 0.01865}
  t=  11.38  cb_failure         L16-CB1 {'rot': 0.02158}
  t=  11.38  cb_failure         L17-CB1 {'rot': 0.02016}
  t=  11.38  cb_failure         L18-CB1 {'rot': 0.01866}
  t=  11.50  cb_failure         L13-CB2 {'rot': 0.01895}
  t=  11.50  cb_failure         L14-CB2 {'rot': 0.01907}
  t=  11.50  cb_failure         L15-CB2 {'rot': 0.019}
  t=  11.50  cb_failure         L16-CB2 {'rot': 0.01874}
  t=  11.50  cb_failure         L17-CB0 {'rot': 0.02286}
  t=  11.50  cb_failure         L18-CB0 {'rot': 0.02191}
  t=  11.50  cb_failure         L19-CB0 {'rot': 0.02069}
  t=  11.50  cb_failure         L19-CB1 {'rot': 0.02577}
  t=  11.50  cb_failure         L20-CB0 {'rot': 0.01938}
  t=  11.50  cb_failure         L20-CB1 {'rot': 0.02448}
  t=  11.50  cb_failure         L21-CB1 {'rot': 0.02297}
  t=  11.50  cb_failure         L22-CB1 {'rot': 0.02122}
  t=  11.50  cb_failure         L23-CB1 {'rot': 0.0193}
  t=  11.63  cb_failure         L17-CB2 {'rot': 0.02211}
  t=  11.63  cb_failure         L18-CB2 {'rot': 0.02196}
  t=  11.63  cb_failure         L19-CB2 {'rot': 0.02145}
  t=  11.63  cb_failure         L20-CB2 {'rot': 0.0207}
  t=  11.63  cb_failure         L21-CB0 {'rot': 0.0242}
  t=  11.63  cb_failure         L21-CB2 {'rot': 0.01958}
  t=  11.63  cb_failure         L22-CB0 {'rot': 0.02235}
  t=  11.63  cb_failure         L23-CB0 {'rot': 0.0201}
  t=  11.75  cb_failure         L22-CB2 {'rot': 0.02139}
  t=  11.75  cb_failure         L23-CB2 {'rot': 0.01951}
  t=  11.75  cb_failure         L24-CB0 {'rot': 0.02107}
  t=  11.88  cb_failure         L24-CB2 {'rot': 0.01895}
  t=  11.88  cb_failure         L25-CB0 {'rot': 0.02074}
  t=  12.00  cb_failure         L26-CB0 {'rot': 0.02062}
  t=  12.13  cb_yield           L33-CB2 {'rot': 0.00595}
  t=  12.63  cb_failure         L32-CB1 {'rot': 0.01869}
  t=  12.63  cb_failure         L33-CB1 {'rot': 0.01866}
  t=  12.75  cb_failure         L31-CB3 {'rot': 0.02517}
  t=  12.75  cb_failure         L32-CB3 {'rot': 0.02415}
  t=  12.75  cb_failure         L33-CB3 {'rot': 0.02367}
  t=  14.63  cb_failure         L25-CB2 {'rot': 0.01989}
  t=  14.75  cb_failure         L26-CB2 {'rot': 0.02484}
  t=  14.75  cb_failure         L27-CB2 {'rot': 0.02307}
  t=  14.75  cb_failure         L28-CB2 {'rot': 0.02138}
  t=  14.75  cb_failure         L29-CB2 {'rot': 0.01951}
  t=  14.88  cb_failure         L27-CB0 {'rot': 0.02081}
  t=  14.88  cb_failure         L28-CB0 {'rot': 0.01892}
  t=  14.88  cb_failure         L30-CB2 {'rot': 0.02068}
  t=  15.00  cb_failure         L29-CB0 {'rot': 0.02052}
  t=  15.00  cb_failure         L31-CB2 {'rot': 0.02219}
  t=  15.00  cb_failure         L32-CB2 {'rot': 0.02055}
  t=  15.00  cb_failure         L33-CB2 {'rot': 0.01995}
  t=  15.13  cb_failure         L30-CB0 {'rot': 0.01937}
  t=  18.63  cb_failure         L1-CB1 {'rot': 0.0184}
  t=  19.97  wall_axial_failure S1-F {'gamma': 0.00058, 'eps': -0.0073, 'cause': 'crushing'}
  t=  20.00  cb_failure         L1-CB3 {'rot': 0.0234}
  progress t=  20.0s  max corner drift so far=0.0143  wall clock=267s
  t=  20.35  wall_axial_failure S2-M {'gamma': 0.00038, 'eps': -0.00689, 'cause': 'crushing'}
  t=  20.50  cb_failure         L31-CB0 {'rot': 0.04763}
  t=  20.50  cb_failure         L32-CB0 {'rot': 0.04694}
  t=  20.50  cb_failure         L33-CB0 {'rot': 0.04672}
