  t=   1.87  cb_yield           L3-CB1 {'rot': 0.00612}
  t=   1.87  cb_yield           L3-CB2 {'rot': 0.00592}
  t=   1.87  cb_yield           L3-CB3 {'rot': 0.00625}
  t=   1.87  cb_yield           L4-CB0 {'rot': 0.00631}
  t=   1.87  cb_yield           L4-CB1 {'rot': 0.00671}
  t=   1.87  cb_yield           L4-CB2 {'rot': 0.00645}
  t=   1.87  cb_yield           L4-CB3 {'rot': 0.00686}
  t=   1.87  cb_yield           L5-CB0 {'rot': 0.00649}
  t=   1.87  cb_yield           L5-CB1 {'rot': 0.00697}
  t=   1.87  cb_yield           L5-CB2 {'rot': 0.00665}
  t=   1.87  cb_yield           L5-CB3 {'rot': 0.00713}
  t=   1.87  cb_yield           L6-CB0 {'rot': 0.00643}
  t=   1.87  cb_yield           L6-CB1 {'rot': 0.00696}
  t=   1.87  cb_yield           L6-CB2 {'rot': 0.00659}
  t=   1.87  cb_yield           L6-CB3 {'rot': 0.00714}
  t=   1.87  cb_yield           L7-CB0 {'rot': 0.00618}
  t=   1.87  cb_yield           L7-CB1 {'rot': 0.00677}
  t=   1.87  cb_yield           L7-CB2 {'rot': 0.00635}
  t=   1.87  cb_yield           L7-CB3 {'rot': 0.00695}
  t=   1.87  cb_yield           L8-CB1 {'rot': 0.00645}
  t=   1.87  cb_yield           L8-CB2 {'rot': 0.00598}
  t=   1.87  cb_yield           L8-CB3 {'rot': 0.00663}
  t=   1.87  cb_yield           L9-CB1 {'rot': 0.00604}
  t=   1.87  cb_yield           L9-CB3 {'rot': 0.00621}
  t=   2.00  cb_yield           L3-CB0 {'rot': 0.00642}
  t=   2.00  cb_yield           L8-CB0 {'rot': 0.0075}
  t=   2.00  cb_yield           L9-CB0 {'rot': 0.00711}
  t=   2.00  cb_yield           L9-CB2 {'rot': 0.00728}
  t=   2.00  cb_yield           L10-CB0 {'rot': 0.00663}
  t=   2.00  cb_yield           L10-CB1 {'rot': 0.00759}
  t=   2.00  cb_yield           L10-CB2 {'rot': 0.0068}
  t=   2.00  cb_yield           L10-CB3 {'rot': 0.00778}
  t=   2.00  cb_yield           L11-CB0 {'rot': 0.00611}
  t=   2.00  cb_yield           L11-CB1 {'rot': 0.00712}
  t=   2.00  cb_yield           L11-CB2 {'rot': 0.00627}
  t=   2.00  cb_yield           L11-CB3 {'rot': 0.0073}
  t=   2.00  cb_yield           L12-CB1 {'rot': 0.00663}
  t=   2.00  cb_yield           L12-CB3 {'rot': 0.0068}
  t=   2.00  cb_yield           L13-CB1 {'rot': 0.00611}
  t=   2.00  cb_yield           L13-CB3 {'rot': 0.00628}
  t=   2.12  cb_yield           L12-CB0 {'rot': 0.00716}
  t=   2.12  cb_yield           L12-CB2 {'rot': 0.00734}
  t=   2.12  cb_yield           L13-CB0 {'rot': 0.00663}
  t=   2.12  cb_yield           L13-CB2 {'rot': 0.00682}
  t=   2.12  cb_yield           L14-CB0 {'rot': 0.00607}
  t=   2.12  cb_yield           L14-CB1 {'rot': 0.00749}
  t=   2.12  cb_yield           L14-CB2 {'rot': 0.00626}
  t=   2.12  cb_yield           L14-CB3 {'rot': 0.0077}
  t=   2.12  cb_yield           L15-CB1 {'rot': 0.00696}
  t=   2.12  cb_yield           L15-CB3 {'rot': 0.00718}
  t=   2.12  cb_yield           L16-CB1 {'rot': 0.00646}
  t=   2.12  cb_yield           L16-CB3 {'rot': 0.00667}
  t=   2.25  cb_yield           L15-CB0 {'rot': 0.00694}
  t=   2.25  cb_yield           L15-CB2 {'rot': 0.0072}
  t=   2.25  cb_yield           L16-CB0 {'rot': 0.00645}
  t=   2.25  cb_yield           L16-CB2 {'rot': 0.00672}
  t=   2.25  cb_yield           L17-CB1 {'rot': 0.00761}
  t=   2.25  cb_yield           L17-CB3 {'rot': 0.00791}
  t=   2.25  cb_yield           L18-CB1 {'rot': 0.00701}
  t=   2.25  cb_yield           L18-CB3 {'rot': 0.00731}
  t=   2.25  cb_yield           L19-CB3 {'rot': 0.00672}
  t=   2.37  cb_yield           L17-CB0 {'rot': 0.00676}
  t=   2.37  cb_yield           L17-CB2 {'rot': 0.00708}
  t=   2.37  cb_yield           L18-CB2 {'rot': 0.00659}
  t=   2.37  cb_yield           L19-CB1 {'rot': 0.00797}
  t=   2.37  cb_yield           L20-CB1 {'rot': 0.00751}
  t=   2.37  cb_yield           L20-CB3 {'rot': 0.00792}
  t=   2.37  cb_yield           L21-CB1 {'rot': 0.00707}
  t=   2.37  cb_yield           L21-CB3 {'rot': 0.00749}
  t=   2.37  cb_yield           L22-CB1 {'rot': 0.00664}
  t=   2.37  cb_yield           L22-CB3 {'rot': 0.00708}
  t=   2.37  cb_yield           L23-CB3 {'rot': 0.0067}
  t=   2.50  cb_yield           L18-CB0 {'rot': 0.00738}
  t=   2.50  cb_yield           L19-CB0 {'rot': 0.0072}
  t=   2.50  cb_yield           L19-CB2 {'rot': 0.00757}
  t=   2.50  cb_yield           L20-CB0 {'rot': 0.007}
  t=   2.50  cb_yield           L20-CB2 {'rot': 0.0074}
  t=   2.50  cb_yield           L21-CB0 {'rot': 0.00675}
  t=   2.50  cb_yield           L21-CB2 {'rot': 0.00717}
  t=   2.50  cb_yield           L22-CB2 {'rot': 0.00687}
  t=   2.50  cb_yield           L23-CB1 {'rot': 0.00919}
  t=   2.50  cb_yield           L24-CB1 {'rot': 0.00876}
  t=   2.50  cb_yield           L24-CB3 {'rot': 0.00924}
  t=   2.50  cb_yield           L25-CB1 {'rot': 0.00827}
  t=   2.50  cb_yield           L25-CB3 {'rot': 0.00875}
  t=   2.50  cb_yield           L26-CB1 {'rot': 0.00774}
  t=   2.50  cb_yield           L26-CB3 {'rot': 0.00821}
  t=   2.50  cb_yield           L27-CB1 {'rot': 0.00717}
  t=   2.50  cb_yield           L27-CB3 {'rot': 0.00764}
  t=   2.50  cb_yield           L28-CB1 {'rot': 0.00662}
  t=   2.50  cb_yield           L28-CB3 {'rot': 0.00708}
  t=   2.62  cb_yield           L22-CB0 {'rot': 0.00831}
  t=   2.62  cb_yield           L23-CB0 {'rot': 0.0079}
  t=   2.62  cb_yield           L23-CB2 {'rot': 0.00823}
  t=   2.62  cb_yield           L24-CB0 {'rot': 0.00735}
  t=   2.62  cb_yield           L24-CB2 {'rot': 0.00767}
  t=   2.62  cb_yield           L25-CB0 {'rot': 0.0067}
  t=   2.62  cb_yield           L25-CB2 {'rot': 0.00702}
  t=   2.62  cb_yield           L29-CB1 {'rot': 0.00782}
  t=   2.62  cb_yield           L29-CB3 {'rot': 0.00815}
  t=   2.62  cb_yield           L30-CB1 {'rot': 0.00694}
  t=   2.62  cb_yield           L30-CB3 {'rot': 0.00725}
  t=   2.75  cb_yield           L26-CB0 {'rot': 0.00668}
  t=   2.75  cb_yield           L26-CB2 {'rot': 0.0068}
  t=   2.75  cb_yield           L31-CB1 {'rot': 0.00687}
  t=   2.75  cb_yield           L31-CB3 {'rot': 0.00698}
  t=   3.75  cb_yield           L27-CB0 {'rot': 0.00672}
  t=   4.12  cb_yield           L2-CB0 {'rot': 0.00656}
  t=   4.12  cb_yield           L2-CB1 {'rot': 0.0064}
  t=   4.25  cb_yield           L1-CB0 {'rot': 0.00611}
  t=   4.25  cb_yield           L1-CB1 {'rot': 0.00592}
  t=   4.25  cb_yield           L2-CB2 {'rot': 0.0076}
  t=   4.25  cb_yield           L2-CB3 {'rot': 0.00732}
  t=   4.37  cb_yield           L1-CB2 {'rot': 0.0065}
  t=   4.37  cb_yield           L1-CB3 {'rot': 0.00625}
  t=   4.37  cb_failure         L5-CB1 {'rot': 0.02014}
  t=   7.63  cb_yield           L32-CB3 {'rot': 0.00721}
  t=   7.63  cb_yield           L33-CB3 {'rot': 0.00671}
  t=   8.13  cb_failure         L5-CB3 {'rot': 0.0207}
  t=   8.13  cb_failure         L6-CB3 {'rot': 0.02179}
  t=   8.13  cb_failure         L7-CB3 {'rot': 0.02236}
  t=   8.13  cb_failure         L8-CB3 {'rot': 0.02252}
  t=   8.13  cb_failure         L9-CB1 {'rot': 0.01993}
  t=   8.13  cb_failure         L9-CB3 {'rot': 0.02235}
  t=   8.13  cb_failure         L10-CB3 {'rot': 0.02189}
  t=   8.13  cb_failure         L11-CB3 {'rot': 0.02118}
  t=   8.13  cb_failure         L12-CB3 {'rot': 0.02027}
  t=   8.25  cb_failure         L4-CB3 {'rot': 0.02178}
  t=   8.25  cb_failure         L5-CB2 {'rot': 0.02126}
  t=   8.25  cb_failure         L6-CB1 {'rot': 0.02169}
  t=   8.25  cb_failure         L6-CB2 {'rot': 0.02222}
  t=   8.25  cb_failure         L7-CB1 {'rot': 0.02238}
  t=   8.25  cb_failure         L7-CB2 {'rot': 0.02259}
  t=   8.25  cb_failure         L8-CB1 {'rot': 0.02269}
  t=   8.25  cb_failure         L8-CB2 {'rot': 0.02249}
  t=   8.25  cb_failure         L9-CB2 {'rot': 0.02198}
  t=   8.25  cb_failure         L10-CB1 {'rot': 0.02256}
  t=   8.25  cb_failure         L10-CB2 {'rot': 0.02117}
  t=   8.25  cb_failure         L11-CB1 {'rot': 0.02218}
  t=   8.25  cb_failure         L11-CB2 {'rot': 0.02009}
  t=   8.25  cb_failure         L12-CB1 {'rot': 0.02161}
  t=   8.25  cb_failure         L13-CB1 {'rot': 0.02079}
  t=   8.25  cb_failure         L13-CB3 {'rot': 0.02199}
  t=   8.25  cb_failure         L14-CB3 {'rot': 0.02031}
  t=   8.25  cb_yield           L32-CB1 {'rot': 0.00653}
  t=   8.38  cb_failure         L3-CB2 {'rot': 0.02027}
  t=   8.38  cb_failure         L3-CB3 {'rot': 0.02206}
  t=   8.38  cb_failure         L4-CB1 {'rot': 0.02241}
  t=   8.38  cb_failure         L4-CB2 {'rot': 0.02302}
  t=   8.38  cb_failure         L5-CB0 {'rot': 0.02101}
  t=   8.38  cb_failure         L6-CB0 {'rot': 0.02177}
  t=   8.38  cb_failure         L7-CB0 {'rot': 0.02196}
  t=   8.38  cb_failure         L8-CB0 {'rot': 0.02172}
  t=   8.38  cb_failure         L9-CB0 {'rot': 0.02116}
  t=   8.38  cb_failure         L10-CB0 {'rot': 0.02038}
  t=   8.38  cb_failure         L12-CB2 {'rot': 0.02039}
  t=   8.38  cb_failure         L14-CB1 {'rot': 0.02036}
  t=   8.38  cb_failure         L15-CB3 {'rot': 0.02002}
  t=   8.50  cb_failure         L3-CB1 {'rot': 0.02243}
  t=   8.50  cb_failure         L4-CB0 {'rot': 0.02246}
  t=   8.50  cb_failure         L11-CB0 {'rot': 0.02004}
  t=   8.50  cb_failure         L16-CB3 {'rot': 0.02003}
  t=   8.63  cb_failure         L3-CB0 {'rot': 0.0204}
  t=   8.63  cb_failure         L12-CB0 {'rot': 0.01993}
  t=   8.63  cb_failure         L13-CB2 {'rot': 0.02215}
  t=   8.63  cb_failure         L14-CB2 {'rot': 0.02053}
  t=   8.63  cb_failure         L17-CB3 {'rot': 0.0215}
  t=   8.75  cb_failure         L13-CB0 {'rot': 0.0204}
  t=   8.75  cb_failure         L14-CB0 {'rot': 0.02033}
  t=   8.75  cb_failure         L15-CB1 {'rot': 0.0228}
  t=   8.75  cb_failure         L15-CB2 {'rot': 0.02272}
  t=   8.75  cb_failure         L16-CB1 {'rot': 0.02114}
  t=   8.75  cb_failure         L16-CB2 {'rot': 0.0214}
  t=   8.75  cb_failure         L17-CB1 {'rot': 0.02148}
  t=   8.75  cb_failure         L18-CB3 {'rot': 0.025}
  t=   8.75  cb_failure         L19-CB3 {'rot': 0.02373}
  t=   8.75  cb_failure         L20-CB3 {'rot': 0.02264}
  t=   8.75  cb_failure         L21-CB3 {'rot': 0.02166}
  t=   8.75  cb_failure         L22-CB3 {'rot': 0.0207}
  t=   8.75  cb_failure         L26-CB3 {'rot': 0.02289}
  t=   8.75  cb_yield           L27-CB2 {'rot': 0.00821}
  t=   8.75  cb_yield           L28-CB2 {'rot': 0.00741}
  t=   8.75  cb_yield           L29-CB2 {'rot': 0.00663}
  t=   8.88  cb_failure         L17-CB2 {'rot': 0.02422}
  t=   8.88  cb_failure         L18-CB2 {'rot': 0.02281}
  t=   8.88  cb_failure         L19-CB1 {'rot': 0.02199}
  t=   8.88  cb_failure         L19-CB2 {'rot': 0.02138}
  t=   8.88  cb_failure         L23-CB3 {'rot': 0.02356}
  t=   8.88  cb_failure         L24-CB3 {'rot': 0.02237}
  t=   8.88  cb_failure         L25-CB3 {'rot': 0.02113}
  t=   8.88  cb_yield           L30-CB2 {'rot': 0.0071}
  t=   9.00  cb_failure         L15-CB0 {'rot': 0.02118}
  t=   9.00  cb_failure         L16-CB0 {'rot': 0.02062}
  t=   9.00  cb_failure         L18-CB1 {'rot': 0.02442}
  t=   9.00  cb_failure         L20-CB1 {'rot': 0.02115}
  t=   9.00  cb_failure         L20-CB2 {'rot': 0.02505}
  t=   9.00  cb_failure         L21-CB2 {'rot': 0.02332}
  t=   9.00  cb_failure         L22-CB2 {'rot': 0.02142}
  t=   9.00  cb_failure         L27-CB3 {'rot': 0.02075}
  t=   9.00  cb_yield           L31-CB2 {'rot': 0.00772}
  t=   9.00  cb_yield           L32-CB2 {'rot': 0.00704}
  t=   9.00  cb_yield           L33-CB2 {'rot': 0.00673}
  t=   9.13  cb_failure         L21-CB1 {'rot': 0.0238}
  t=   9.13  cb_failure         L22-CB1 {'rot': 0.02198}
  t=   9.13  cb_failure         L23-CB2 {'rot': 0.02315}
  t=   9.13  cb_failure         L24-CB2 {'rot': 0.02077}
  t=   9.13  cb_failure         L28-CB3 {'rot': 0.02081}
  t=   9.25  cb_failure         L23-CB1 {'rot': 0.02517}
  t=   9.25  cb_failure         L24-CB1 {'rot': 0.02404}
  t=   9.25  cb_failure         L25-CB1 {'rot': 0.02245}
  t=   9.25  cb_failure         L25-CB2 {'rot': 0.02236}
  t=   9.25  cb_yield           L28-CB0 {'rot': 0.0071}
  t=   9.25  cb_failure         L29-CB3 {'rot': 0.02217}
  t=   9.25  cb_yield           L33-CB1 {'rot': 0.0089}
  t=   9.38  cb_failure         L26-CB1 {'rot': 0.02681}
  t=   9.38  cb_failure         L26-CB2 {'rot': 0.02054}
  t=   9.38  cb_failure         L27-CB1 {'rot': 0.02573}
  t=   9.38  cb_failure         L28-CB1 {'rot': 0.02439}
  t=   9.38  cb_yield           L29-CB0 {'rot': 0.0105}
  t=   9.38  cb_failure         L29-CB1 {'rot': 0.02264}
  t=   9.38  cb_yield           L30-CB0 {'rot': 0.00835}
  t=   9.38  cb_failure         L30-CB1 {'rot': 0.0206}
  t=   9.38  cb_failure         L30-CB3 {'rot': 0.02521}
  t=   9.38  cb_failure         L31-CB3 {'rot': 0.02352}
  t=   9.38  cb_failure         L32-CB3 {'rot': 0.02243}
  t=   9.38  cb_failure         L33-CB3 {'rot': 0.02202}
  t=   9.50  cb_yield           L31-CB0 {'rot': 0.01656}
  t=   9.50  cb_failure         L31-CB1 {'rot': 0.0269}
  t=   9.50  cb_yield           L32-CB0 {'rot': 0.01568}
  t=   9.50  cb_failure         L32-CB1 {'rot': 0.02606}
  t=   9.50  cb_yield           L33-CB0 {'rot': 0.01531}
  t=   9.50  cb_failure         L33-CB1 {'rot': 0.02571}
  t=   9.63  cb_failure         L26-CB0 {'rot': 0.02121}
  progress t=  10.0s  max corner drift so far=0.0075  wall clock=95s
  t=  10.75  cb_failure         L24-CB0 {'rot': 0.02192}
  t=  10.75  cb_failure         L25-CB0 {'rot': 0.02302}
  t=  10.75  cb_failure         L27-CB0 {'rot': 0.02394}
  t=  10.75  cb_failure         L28-CB0 {'rot': 0.02404}
  t=  10.75  cb_failure         L29-CB0 {'rot': 0.02388}
  t=  10.75  cb_failure         L30-CB0 {'rot': 0.02327}
  t=  10.75  cb_failure         L31-CB0 {'rot': 0.02242}
  t=  10.75  cb_failure         L32-CB0 {'rot': 0.02167}
  t=  10.75  cb_failure         L33-CB0 {'rot': 0.02138}
  t=  10.88  cb_failure         L2-CB0 {'rot': 0.02294}
  t=  10.88  cb_failure         L2-CB2 {'rot': 0.02646}
  t=  10.88  cb_failure         L2-CB3 {'rot': 0.02577}
  t=  10.88  cb_failure         L27-CB2 {'rot': 0.02265}
  t=  10.88  cb_failure         L28-CB2 {'rot': 0.0234}
  t=  10.88  cb_failure         L29-CB2 {'rot': 0.02374}
  t=  10.88  cb_failure         L30-CB2 {'rot': 0.02352}
  t=  10.88  cb_failure         L31-CB2 {'rot': 0.02292}
  t=  10.88  cb_failure         L32-CB2 {'rot': 0.02225}
  t=  10.88  cb_failure         L33-CB2 {'rot': 0.02198}
  t=  11.00  cb_failure         L1-CB0 {'rot': 0.02209}
  t=  11.00  cb_failure         L1-CB1 {'rot': 0.02114}
  t=  11.00  cb_failure         L1-CB2 {'rot': 0.02439}
  t=  11.00  cb_failure         L1-CB3 {'rot': 0.02459}
  t=  11.00  cb_failure         L2-CB1 {'rot': 0.02847}
  t= 11.425  solver fallback: Newton
  t= 11.450  solver fallback: Newton
  t=  11.63  cb_failure         L17-CB0 {'rot': 0.0323}
  t=  11.63  cb_failure         L18-CB0 {'rot': 0.02808}
  t=  11.63  cb_failure         L19-CB0 {'rot': 0.02403}
  t=  11.63  cb_failure         L20-CB0 {'rot': 0.02059}
  t=  11.75  cb_failure         L21-CB0 {'rot': 0.0296}
  t=  11.75  cb_failure         L22-CB0 {'rot': 0.02513}
  t=  11.75  cb_failure         L23-CB0 {'rot': 0.02114}
  t= 12.050  solver fallback: Newton
  t= 12.075  solver fallback: Newton
  t=  16.35  wall_axial_failure S1-F {'gamma': 0.00051, 'eps': -0.00633, 'cause': 'crushing'}
