  t=   8.63  cb_yield           L13-CB3 {'rot': 0.00608}
  t=   8.63  cb_yield           L14-CB3 {'rot': 0.00631}
  t=   8.63  cb_yield           L15-CB3 {'rot': 0.0065}
  t=   8.63  cb_yield           L16-CB3 {'rot': 0.00665}
  t=   8.63  cb_yield           L17-CB3 {'rot': 0.0068}
  t=   8.63  cb_yield           L18-CB3 {'rot': 0.0069}
  t=   8.63  cb_yield           L19-CB3 {'rot': 0.00696}
  t=   8.63  cb_yield           L20-CB3 {'rot': 0.007}
  t=   8.63  cb_yield           L21-CB3 {'rot': 0.00701}
  t=   8.63  cb_yield           L22-CB3 {'rot': 0.00698}
  t=   8.63  cb_yield           L23-CB3 {'rot': 0.00691}
  t=   8.63  cb_yield           L24-CB3 {'rot': 0.00679}
  t=   8.63  cb_yield           L25-CB3 {'rot': 0.00662}
  t=   8.75  cb_yield           L12-CB3 {'rot': 0.00622}
  t=   8.75  cb_yield           L15-CB2 {'rot': 0.00609}
  t=   8.75  cb_yield           L16-CB2 {'rot': 0.00633}
  t=   8.75  cb_yield           L17-CB2 {'rot': 0.00654}
  t=   8.75  cb_yield           L18-CB2 {'rot': 0.00667}
  t=   8.75  cb_yield           L19-CB2 {'rot': 0.00673}
  t=   8.75  cb_yield           L20-CB2 {'rot': 0.00671}
  t=   8.75  cb_yield           L21-CB2 {'rot': 0.00663}
  t=   8.75  cb_yield           L26-CB3 {'rot': 0.00717}
  t=   8.75  cb_yield           L27-CB3 {'rot': 0.00677}
  t=   8.88  cb_yield           L14-CB2 {'rot': 0.00624}
  t=   8.88  cb_yield           L22-CB2 {'rot': 0.007}
  t=   8.88  cb_yield           L23-CB2 {'rot': 0.00668}
  progress t=  10.0s  max corner drift so far=0.0028  wall clock=86s
  t=  10.38  cb_yield           L2-CB2 {'rot': 0.00657}
  t=  10.38  cb_yield           L2-CB3 {'rot': 0.00642}
  t=  10.38  cb_yield           L3-CB2 {'rot': 0.00756}
  t=  10.38  cb_yield           L3-CB3 {'rot': 0.00737}
  t=  10.38  cb_yield           L4-CB2 {'rot': 0.00797}
  t=  10.38  cb_yield           L4-CB3 {'rot': 0.00776}
  t=  10.38  cb_yield           L5-CB2 {'rot': 0.00792}
  t=  10.38  cb_yield           L5-CB3 {'rot': 0.00768}
  t=  10.38  cb_yield           L6-CB2 {'rot': 0.00752}
  t=  10.38  cb_yield           L6-CB3 {'rot': 0.00726}
  t=  10.38  cb_yield           L7-CB2 {'rot': 0.00688}
  t=  10.38  cb_yield           L7-CB3 {'rot': 0.00661}
  t=  10.38  cb_yield           L8-CB2 {'rot': 0.00612}
  t=  10.38  cb_yield           L24-CB1 {'rot': 0.00655}
  t=  10.50  cb_yield           L3-CB1 {'rot': 0.00594}
  t=  10.50  cb_yield           L4-CB1 {'rot': 0.00616}
  t=  10.50  cb_yield           L5-CB1 {'rot': 0.00599}
  t=  10.50  cb_yield           L8-CB3 {'rot': 0.00786}
  t=  10.50  cb_yield           L9-CB2 {'rot': 0.00733}
  t=  10.50  cb_yield           L9-CB3 {'rot': 0.00693}
  t=  10.50  cb_yield           L10-CB2 {'rot': 0.00637}
  t=  10.50  cb_yield           L10-CB3 {'rot': 0.0059}
  t=  10.50  cb_yield           L20-CB1 {'rot': 0.00655}
  t=  10.50  cb_yield           L21-CB1 {'rot': 0.00689}
  t=  10.50  cb_yield           L22-CB1 {'rot': 0.00711}
  t=  10.50  cb_yield           L23-CB1 {'rot': 0.00722}
  t=  10.50  cb_yield           L25-CB1 {'rot': 0.00715}
  t=  10.50  cb_yield           L26-CB1 {'rot': 0.00701}
  t=  10.50  cb_yield           L27-CB1 {'rot': 0.00679}
  t=  10.50  cb_yield           L28-CB1 {'rot': 0.00655}
  t=  10.63  cb_yield           L1-CB2 {'rot': 0.00594}
  t=  10.63  cb_yield           L2-CB1 {'rot': 0.00604}
  t=  10.63  cb_yield           L3-CB0 {'rot': 0.00616}
  t=  10.63  cb_yield           L4-CB0 {'rot': 0.00651}
  t=  10.63  cb_yield           L5-CB0 {'rot': 0.00643}
  t=  10.63  cb_yield           L6-CB0 {'rot': 0.00605}
  t=  10.63  cb_yield           L6-CB1 {'rot': 0.00673}
  t=  10.63  cb_yield           L7-CB1 {'rot': 0.00608}
  t=  10.63  cb_yield           L11-CB2 {'rot': 0.0062}
  t=  10.75  cb_yield           L2-CB0 {'rot': 0.00609}
  t=  10.75  cb_yield           L7-CB0 {'rot': 0.0063}
  t=  10.75  cb_yield           L8-CB1 {'rot': 0.00618}
  t=  10.75  cb_yield           L11-CB3 {'rot': 0.00619}
  t=  10.88  cb_yield           L8-CB0 {'rot': 0.00673}
  t=  10.88  cb_yield           L9-CB0 {'rot': 0.00605}
  t=  10.88  cb_yield           L9-CB1 {'rot': 0.00636}
  t=  10.88  cb_yield           L12-CB2 {'rot': 0.006}
  t=  11.00  cb_yield           L10-CB0 {'rot': 0.00665}
  t=  11.00  cb_yield           L10-CB1 {'rot': 0.00678}
  t=  11.00  cb_yield           L11-CB0 {'rot': 0.00626}
  t=  11.00  cb_yield           L11-CB1 {'rot': 0.0064}
  t=  11.00  cb_yield           L12-CB0 {'rot': 0.00592}
  t=  11.00  cb_yield           L12-CB1 {'rot': 0.00605}
  t=  11.00  cb_yield           L13-CB2 {'rot': 0.00592}
  t=  11.13  cb_yield           L13-CB0 {'rot': 0.00749}
  t=  11.13  cb_yield           L13-CB1 {'rot': 0.00765}
  t=  11.13  cb_yield           L14-CB0 {'rot': 0.00738}
  t=  11.13  cb_yield           L14-CB1 {'rot': 0.00754}
  t=  11.13  cb_yield           L15-CB0 {'rot': 0.00725}
  t=  11.13  cb_yield           L15-CB1 {'rot': 0.0074}
  t=  11.13  cb_yield           L16-CB0 {'rot': 0.0071}
  t=  11.13  cb_yield           L16-CB1 {'rot': 0.00724}
  t=  11.13  cb_yield           L17-CB0 {'rot': 0.0069}
  t=  11.13  cb_yield           L17-CB1 {'rot': 0.00701}
  t=  11.13  cb_yield           L18-CB0 {'rot': 0.00668}
  t=  11.13  cb_yield           L18-CB1 {'rot': 0.00678}
  t=  11.13  cb_yield           L19-CB1 {'rot': 0.00654}
  t=  11.25  cb_yield           L19-CB0 {'rot': 0.00957}
  t=  11.25  cb_yield           L20-CB0 {'rot': 0.00947}
  t=  11.25  cb_yield           L21-CB0 {'rot': 0.00927}
  t=  11.25  cb_yield           L22-CB0 {'rot': 0.00894}
  t=  11.25  cb_yield           L23-CB0 {'rot': 0.00849}
  t=  11.25  cb_yield           L24-CB0 {'rot': 0.00794}
  t=  11.25  cb_yield           L25-CB0 {'rot': 0.00729}
  t=  11.25  cb_yield           L26-CB0 {'rot': 0.00658}
  t=  14.13  cb_yield           L28-CB3 {'rot': 0.00689}
  t=  14.13  cb_yield           L29-CB3 {'rot': 0.00662}
  t=  16.88  cb_yield           L1-CB0 {'rot': 0.00592}
  t=  19.12  cb_yield           L1-CB3 {'rot': 0.00609}
  t=  19.25  cb_yield           L1-CB1 {'rot': 0.00647}
  t=  19.50  cb_failure         L8-CB0 {'rot': 0.01995}
  t=  19.62  cb_failure         L8-CB3 {'rot': 0.02014}
  t=  19.62  cb_failure         L9-CB3 {'rot': 0.02025}
  t=  19.62  cb_failure         L10-CB3 {'rot': 0.02007}
  t=  20.00  cb_failure         L7-CB1 {'rot': 0.02006}
  t=  20.00  cb_yield           L29-CB1 {'rot': 0.00678}
  progress t=  20.0s  max corner drift so far=0.0054  wall clock=176s
  t=  20.12  cb_failure         L6-CB1 {'rot': 0.02007}
  t=  20.12  cb_failure         L8-CB1 {'rot': 0.02062}
  t=  20.12  cb_failure         L9-CB1 {'rot': 0.02058}
  t=  20.12  cb_failure         L10-CB1 {'rot': 0.02042}
  t=  20.12  cb_failure         L11-CB1 {'rot': 0.02023}
  t=  20.12  cb_failure         L12-CB1 {'rot': 0.02004}
  t=  20.12  cb_yield           L30-CB1 {'rot': 0.0077}
  t=  20.12  cb_yield           L30-CB3 {'rot': 0.00659}
  t=  20.12  cb_yield           L31-CB1 {'rot': 0.00688}
  t=  20.25  cb_failure         L4-CB1 {'rot': 0.02039}
  t=  20.25  cb_failure         L5-CB1 {'rot': 0.02027}
  t=  20.25  cb_failure         L9-CB0 {'rot': 0.02035}
  t=  20.25  cb_failure         L13-CB1 {'rot': 0.0224}
  t=  20.25  cb_failure         L14-CB1 {'rot': 0.02194}
  t=  20.25  cb_failure         L15-CB1 {'rot': 0.02136}
  t=  20.25  cb_failure         L16-CB1 {'rot': 0.02065}
  t=  20.25  cb_yield           L32-CB1 {'rot': 0.00708}
  t=  20.37  cb_failure         L5-CB0 {'rot': 0.02048}
  t=  20.37  cb_failure         L7-CB0 {'rot': 0.02067}
  t=  20.37  cb_failure         L10-CB0 {'rot': 0.02159}
  t=  20.37  cb_failure         L11-CB0 {'rot': 0.02134}
  t=  20.37  cb_failure         L12-CB0 {'rot': 0.02094}
  t=  20.37  cb_failure         L13-CB0 {'rot': 0.02033}
  t=  20.37  cb_failure         L17-CB1 {'rot': 0.02137}
  t=  20.50  cb_failure         L14-CB0 {'rot': 0.02274}
  t=  20.50  cb_failure         L15-CB0 {'rot': 0.02192}
  t=  20.50  cb_failure         L16-CB0 {'rot': 0.0209}
  t=  20.50  cb_failure         L18-CB1 {'rot': 0.0222}
  t=  20.50  cb_failure         L19-CB1 {'rot': 0.02078}
  t=  20.62  cb_failure         L17-CB0 {'rot': 0.02155}
  t=  20.75  cb_failure         L20-CB1 {'rot': 0.02062}
  t=  20.75  cb_yield           L27-CB0 {'rot': 0.00699}
  t=  20.87  cb_failure         L24-CB1 {'rot': 0.02174}
  t=  20.87  cb_yield           L28-CB0 {'rot': 0.0083}
  t=  20.87  cb_yield           L29-CB0 {'rot': 0.00737}
  t=  20.87  cb_yield           L30-CB0 {'rot': 0.00652}
  t=  20.87  cb_yield           L33-CB1 {'rot': 0.00724}
  t=  21.00  cb_yield           L31-CB0 {'rot': 0.00815}
  t=  21.00  cb_yield           L32-CB0 {'rot': 0.00751}
  t=  21.00  cb_yield           L33-CB0 {'rot': 0.00719}
  t=  22.62  cb_failure         L6-CB0 {'rot': 0.02098}
  t=  23.12  cb_failure         L19-CB0 {'rot': 0.02265}
  t=  25.25  cb_failure         L16-CB3 {'rot': 0.02037}
  t=  25.37  cb_failure         L17-CB3 {'rot': 0.02204}
  t=  25.50  cb_yield           L24-CB2 {'rot': 0.00702}
  t=  25.50  cb_yield           L31-CB3 {'rot': 0.00707}
  t=  25.50  cb_yield           L32-CB3 {'rot': 0.00663}
  t=  25.62  cb_yield           L25-CB2 {'rot': 0.00801}
  t=  25.62  cb_yield           L26-CB2 {'rot': 0.00735}
  t=  25.62  cb_yield           L27-CB2 {'rot': 0.00665}
  t=  25.62  cb_yield           L33-CB3 {'rot': 0.00876}
  t=  25.75  cb_failure         L5-CB3 {'rot': 0.02051}
  t=  25.75  cb_failure         L6-CB3 {'rot': 0.02124}
  t=  25.75  cb_failure         L7-CB3 {'rot': 0.02149}
  t=  25.75  cb_failure         L11-CB3 {'rot': 0.02025}
  t=  25.75  cb_failure         L12-CB3 {'rot': 0.0199}
  t=  25.75  cb_yield           L28-CB2 {'rot': 0.00666}
  t=  25.87  cb_failure         L4-CB3 {'rot': 0.02163}
  t=  25.87  cb_failure         L5-CB2 {'rot': 0.02025}
  t=  25.87  cb_failure         L13-CB3 {'rot': 0.02176}
  t=  25.87  cb_failure         L14-CB3 {'rot': 0.0213}
  t=  25.87  cb_failure         L15-CB3 {'rot': 0.02086}
  t=  26.00  cb_failure         L3-CB3 {'rot': 0.01995}
  t=  26.00  cb_failure         L4-CB0 {'rot': 0.0203}
  t=  26.00  cb_failure         L6-CB2 {'rot': 0.02127}
  t=  26.00  cb_failure         L7-CB2 {'rot': 0.02152}
  t=  26.00  cb_failure         L8-CB2 {'rot': 0.02131}
  t=  26.00  cb_failure         L9-CB2 {'rot': 0.02079}
  t=  26.00  cb_failure         L10-CB2 {'rot': 0.02008}
  t=  26.12  cb_failure         L11-CB2 {'rot': 0.02264}
  t=  26.12  cb_failure         L12-CB2 {'rot': 0.02188}
  t=  26.12  cb_failure         L13-CB2 {'rot': 0.02088}
  t=  26.12  cb_failure         L18-CB3 {'rot': 0.0214}
  t=  26.25  cb_failure         L14-CB2 {'rot': 0.02197}
  t=  26.25  cb_failure         L15-CB2 {'rot': 0.02074}
  t=  26.25  cb_failure         L19-CB3 {'rot': 0.02102}
  t=  26.37  cb_failure         L16-CB2 {'rot': 0.02031}
  t=  26.37  cb_failure         L21-CB1 {'rot': 0.02077}
  t=  26.50  cb_failure         L22-CB1 {'rot': 0.02103}
  t=  26.62  cb_failure         L18-CB0 {'rot': 0.02069}
  t=  26.62  cb_failure         L20-CB3 {'rot': 0.02115}
  t=  26.62  cb_failure         L23-CB1 {'rot': 0.02257}
  t=  26.75  cb_failure         L21-CB3 {'rot': 0.02138}
  t=  26.75  cb_failure         L22-CB3 {'rot': 0.0211}
  t=  26.75  cb_failure         L23-CB3 {'rot': 0.02068}
  t=  26.75  cb_failure         L25-CB1 {'rot': 0.02375}
  t=  26.75  cb_failure         L26-CB1 {'rot': 0.02266}
  t=  26.75  cb_failure         L27-CB1 {'rot': 0.02148}
  t=  26.87  cb_failure         L24-CB3 {'rot': 0.02187}
  t=  26.87  cb_failure         L25-CB3 {'rot': 0.02146}
  t=  26.87  cb_failure         L26-CB3 {'rot': 0.02088}
  t=  26.87  cb_failure         L28-CB1 {'rot': 0.02372}
  t=  26.87  cb_failure         L29-CB1 {'rot': 0.02272}
  t=  26.87  cb_failure         L30-CB1 {'rot': 0.02157}
  t=  26.87  cb_failure         L31-CB1 {'rot': 0.02056}
  t=  26.87  cb_failure         L32-CB3 {'rot': 0.02157}
  t=  26.87  cb_failure         L33-CB3 {'rot': 0.02094}
  t=  27.00  cb_failure         L32-CB1 {'rot': 0.02079}
  progress t=  30.0s  max corner drift so far=0.0095  wall clock=269s
  t=  32.87  cb_failure         L27-CB3 {'rot': 0.02083}
  t=  32.87  cb_yield           L29-CB2 {'rot': 0.00685}
  t=  33.00  cb_failure         L28-CB3 {'rot': 0.02478}
  t=  33.00  cb_failure         L29-CB3 {'rot': 0.02439}
  t=  33.00  cb_yield           L30-CB2 {'rot': 0.00936}
  t=  33.00  cb_failure         L30-CB3 {'rot': 0.02365}
  t=  33.00  cb_yield           L31-CB2 {'rot': 0.00838}
  t=  33.00  cb_failure         L31-CB3 {'rot': 0.02278}
  t=  33.00  cb_yield           L32-CB2 {'rot': 0.00754}
  t=  33.00  cb_failure         L33-CB1 {'rot': 0.02055}
  t=  33.00  cb_yield           L33-CB2 {'rot': 0.00714}
  t=  39.62  cb_failure         L17-CB2 {'rot': 0.02254}
  t=  39.62  cb_failure         L18-CB2 {'rot': 0.02195}
  t=  39.62  cb_failure         L19-CB2 {'rot': 0.02116}
  t=  39.75  cb_failure         L20-CB2 {'rot': 0.02187}
  t=  39.75  cb_failure         L21-CB2 {'rot': 0.02068}
  t=  40.00  cb_failure         L4-CB2 {'rot': 0.02026}
  progress t=  40.0s  max corner drift so far=0.0095  wall clock=360s
  t=  40.25  cb_failure         L3-CB2 {'rot': 0.02013}
  t=  47.62  cb_failure         L20-CB0 {'rot': 0.02333}
  t=  47.62  cb_failure         L21-CB0 {'rot': 0.02285}
  t=  47.62  cb_failure         L22-CB0 {'rot': 0.02214}
  t=  47.62  cb_failure         L23-CB0 {'rot': 0.02123}
  t=  47.75  cb_failure         L24-CB0 {'rot': 0.02301}
  t=  47.75  cb_failure         L25-CB0 {'rot': 0.0218}
  t=  47.87  cb_failure         L26-CB0 {'rot': 0.02244}
  t=  47.87  cb_failure         L27-CB0 {'rot': 0.02144}
  t=  48.00  cb_failure         L28-CB0 {'rot': 0.02151}
  t=  48.00  cb_failure         L29-CB0 {'rot': 0.02089}
  t=  48.62  cb_failure         L3-CB1 {'rot': 0.02123}
  t=  48.75  cb_failure         L3-CB0 {'rot': 0.02085}
  t=  48.87  cb_failure         L2-CB3 {'rot': 0.0199}
  t=  49.25  cb_failure         L22-CB2 {'rot': 0.02523}
  t=  49.25  cb_failure         L23-CB2 {'rot': 0.02439}
  t=  49.25  cb_failure         L24-CB2 {'rot': 0.0234}
  t=  49.25  cb_failure         L25-CB2 {'rot': 0.0223}
  t=  49.25  cb_failure         L26-CB2 {'rot': 0.02108}
  t=  49.37  cb_failure         L27-CB2 {'rot': 0.02298}
  t=  49.37  cb_failure         L28-CB2 {'rot': 0.02174}
  t=  49.50  cb_failure         L29-CB2 {'rot': 0.02388}
  t=  49.50  cb_failure         L30-CB2 {'rot': 0.02285}
  t=  49.50  cb_failure         L31-CB2 {'rot': 0.0219}
  t=  49.50  cb_failure         L32-CB2 {'rot': 0.02119}
  t=  49.50  cb_failure         L33-CB2 {'rot': 0.02093}
  progress t=  50.0s  max corner drift so far=0.0095  wall clock=453s
  t=  60.00  cb_failure         L30-CB0 {'rot': 0.02217}
  t=  60.00  cb_failure         L31-CB0 {'rot': 0.02088}
  progress t=  60.0s  max corner drift so far=0.0095  wall clock=543s
  t=  60.12  cb_failure         L32-CB0 {'rot': 0.02071}
  t=  63.50  cb_failure         L2-CB0 {'rot': 0.02109}
  progress t=  70.0s  max corner drift so far=0.0095  wall clock=631s
  progress t=  80.0s  max corner drift so far=0.0095  wall clock=716s
  progress t=  90.0s  max corner drift so far=0.0095  wall clock=802s
  progress t= 100.0s  max corner drift so far=0.0095  wall clock=888s
