  t=   2.12  cb_yield           L7-CB1 {'rot': 0.00491}
  t=   2.12  cb_yield           L7-CB3 {'rot': 0.00499}
  t=   2.12  cb_yield           L8-CB1 {'rot': 0.00497}
  t=   2.12  cb_yield           L8-CB3 {'rot': 0.00505}
  t=   2.12  cb_yield           L9-CB1 {'rot': 0.00497}
  t=   2.12  cb_yield           L9-CB3 {'rot': 0.00506}
  t=   2.12  cb_yield           L10-CB1 {'rot': 0.00492}
  t=   2.12  cb_yield           L10-CB3 {'rot': 0.00502}
  t=   2.12  cb_yield           L11-CB3 {'rot': 0.00494}
  t=   2.25  cb_yield           L11-CB1 {'rot': 0.00514}
  t=   2.25  cb_yield           L12-CB1 {'rot': 0.00513}
  t=   2.25  cb_yield           L12-CB3 {'rot': 0.00524}
  t=   2.25  cb_yield           L13-CB1 {'rot': 0.00508}
  t=   2.25  cb_yield           L13-CB3 {'rot': 0.0052}
  t=   2.25  cb_yield           L14-CB1 {'rot': 0.00499}
  t=   2.25  cb_yield           L14-CB3 {'rot': 0.00512}
  t=   2.25  cb_yield           L15-CB3 {'rot': 0.00501}
  t=   2.37  cb_yield           L15-CB1 {'rot': 0.0051}
  t=   2.37  cb_yield           L16-CB1 {'rot': 0.00507}
  t=   2.37  cb_yield           L16-CB3 {'rot': 0.00523}
  t=   2.50  cb_yield           L17-CB1 {'rot': 0.00548}
  t=   2.50  cb_yield           L17-CB3 {'rot': 0.00565}
  t=   2.50  cb_yield           L18-CB1 {'rot': 0.0056}
  t=   2.50  cb_yield           L18-CB3 {'rot': 0.00579}
  t=   2.50  cb_yield           L19-CB1 {'rot': 0.00567}
  t=   2.50  cb_yield           L19-CB3 {'rot': 0.00588}
  t=   2.50  cb_yield           L20-CB1 {'rot': 0.00571}
  t=   2.50  cb_yield           L20-CB3 {'rot': 0.00593}
  t=   2.50  cb_yield           L21-CB1 {'rot': 0.0057}
  t=   2.50  cb_yield           L21-CB3 {'rot': 0.00593}
  t=   2.50  cb_yield           L22-CB1 {'rot': 0.00563}
  t=   2.50  cb_yield           L22-CB3 {'rot': 0.00587}
  t=   2.50  cb_yield           L23-CB1 {'rot': 0.00551}
  t=   2.50  cb_yield           L23-CB3 {'rot': 0.00576}
  t=   2.50  cb_yield           L24-CB3 {'rot': 0.00559}
  t=   2.62  cb_yield           L24-CB1 {'rot': 0.00612}
  t=   2.62  cb_yield           L25-CB1 {'rot': 0.00585}
  t=   2.62  cb_yield           L25-CB3 {'rot': 0.00601}
  t=   2.62  cb_yield           L26-CB1 {'rot': 0.00553}
  t=   2.62  cb_yield           L26-CB3 {'rot': 0.00569}
  t=   4.00  cb_yield           L4-CB0 {'rot': 0.00527}
  t=   4.00  cb_yield           L4-CB1 {'rot': 0.00522}
  t=   4.00  cb_yield           L5-CB0 {'rot': 0.00562}
  t=   4.00  cb_yield           L5-CB1 {'rot': 0.00556}
  t=   4.00  cb_yield           L6-CB0 {'rot': 0.00579}
  t=   4.00  cb_yield           L6-CB1 {'rot': 0.00573}
  t=   4.00  cb_yield           L7-CB0 {'rot': 0.00584}
  t=   4.00  cb_yield           L8-CB0 {'rot': 0.00579}
  t=   4.00  cb_yield           L9-CB0 {'rot': 0.00568}
  t=   4.00  cb_yield           L10-CB0 {'rot': 0.00551}
  t=   4.00  cb_yield           L11-CB0 {'rot': 0.0053}
  t=   4.00  cb_yield           L12-CB0 {'rot': 0.00507}
  t=   4.12  cb_yield           L2-CB0 {'rot': 0.00519}
  t=   4.12  cb_yield           L2-CB1 {'rot': 0.00508}
  t=   4.12  cb_yield           L3-CB0 {'rot': 0.00626}
  t=   4.12  cb_yield           L3-CB1 {'rot': 0.00614}
  t=   4.12  cb_yield           L3-CB2 {'rot': 0.00548}
  t=   4.12  cb_yield           L3-CB3 {'rot': 0.00537}
  t=   4.12  cb_yield           L4-CB2 {'rot': 0.00604}
  t=   4.12  cb_yield           L4-CB3 {'rot': 0.00592}
  t=   4.12  cb_yield           L5-CB2 {'rot': 0.0063}
  t=   4.12  cb_yield           L5-CB3 {'rot': 0.00616}
  t=   4.12  cb_yield           L6-CB2 {'rot': 0.00631}
  t=   4.12  cb_yield           L6-CB3 {'rot': 0.00615}
  t=   4.12  cb_yield           L7-CB2 {'rot': 0.00612}
  t=   4.12  cb_yield           L8-CB2 {'rot': 0.0058}
  t=   4.12  cb_yield           L9-CB2 {'rot': 0.00538}
  t=   4.12  cb_yield           L13-CB0 {'rot': 0.00518}
  t=   4.25  cb_yield           L2-CB2 {'rot': 0.00531}
  t=   4.25  cb_yield           L2-CB3 {'rot': 0.00517}
  t=   4.25  cb_yield           L10-CB2 {'rot': 0.00518}
  t=   8.38  cb_yield           L27-CB1 {'rot': 0.00551}
  t=   8.50  cb_yield           L11-CB2 {'rot': 0.00591}
  t=   8.50  cb_yield           L12-CB2 {'rot': 0.00585}
  t=   8.50  cb_yield           L13-CB2 {'rot': 0.00579}
  t=   8.50  cb_yield           L14-CB2 {'rot': 0.00573}
  t=   8.50  cb_yield           L15-CB2 {'rot': 0.00568}
  t=   8.50  cb_yield           L16-CB2 {'rot': 0.00564}
  t=   8.50  cb_yield           L17-CB2 {'rot': 0.00561}
  t=   8.50  cb_yield           L18-CB2 {'rot': 0.00558}
  t=   8.50  cb_yield           L19-CB2 {'rot': 0.00555}
  t=   8.50  cb_yield           L20-CB2 {'rot': 0.00553}
  t=   8.50  cb_yield           L21-CB2 {'rot': 0.00548}
  t=   8.50  cb_yield           L27-CB3 {'rot': 0.00688}
  t=   8.50  cb_yield           L28-CB3 {'rot': 0.00646}
  t=   8.50  cb_yield           L29-CB3 {'rot': 0.006}
  t=   8.50  cb_yield           L30-CB3 {'rot': 0.00549}
  t=   8.63  cb_yield           L22-CB2 {'rot': 0.00675}
  t=   8.63  cb_yield           L23-CB2 {'rot': 0.00651}
  t=   8.63  cb_yield           L24-CB2 {'rot': 0.00623}
  t=   8.63  cb_yield           L25-CB2 {'rot': 0.0059}
  t=   8.63  cb_yield           L26-CB2 {'rot': 0.00553}
  t=   8.63  cb_yield           L31-CB3 {'rot': 0.00631}
  t=   8.63  cb_yield           L32-CB3 {'rot': 0.00587}
  t=   8.63  cb_yield           L33-CB3 {'rot': 0.00556}
  t=   8.88  cb_yield           L14-CB0 {'rot': 0.00495}
  progress t=  10.0s  max corner drift so far=0.0037  wall clock=106s
  t=  10.25  cb_yield           L15-CB0 {'rot': 0.00577}
  t=  10.25  cb_yield           L16-CB0 {'rot': 0.00579}
  t=  10.25  cb_yield           L17-CB0 {'rot': 0.00573}
  t=  10.25  cb_yield           L18-CB0 {'rot': 0.00562}
  t=  10.25  cb_yield           L19-CB0 {'rot': 0.00549}
  t=  10.38  cb_yield           L1-CB2 {'rot': 0.00678}
  t=  10.38  cb_yield           L1-CB3 {'rot': 0.00653}
  t=  10.38  cb_yield           L20-CB0 {'rot': 0.00701}
  t=  10.38  cb_yield           L21-CB0 {'rot': 0.00705}
  t=  10.38  cb_yield           L22-CB0 {'rot': 0.007}
  t=  10.38  cb_yield           L23-CB0 {'rot': 0.00688}
  t=  10.38  cb_yield           L24-CB0 {'rot': 0.00669}
  t=  10.38  cb_yield           L25-CB0 {'rot': 0.00645}
  t=  10.38  cb_yield           L26-CB0 {'rot': 0.00616}
  t=  10.38  cb_yield           L27-CB0 {'rot': 0.00584}
  t=  10.38  cb_yield           L28-CB0 {'rot': 0.00552}
  t=  10.38  cb_yield           L28-CB1 {'rot': 0.00821}
  t=  10.38  cb_yield           L29-CB1 {'rot': 0.00791}
  t=  10.38  cb_yield           L30-CB1 {'rot': 0.00756}
  t=  10.38  cb_yield           L31-CB1 {'rot': 0.00721}
  t=  10.38  cb_yield           L32-CB1 {'rot': 0.00689}
  t=  10.38  cb_yield           L33-CB1 {'rot': 0.00664}
  t=  10.50  cb_yield           L1-CB0 {'rot': 0.00543}
  t=  10.50  cb_yield           L29-CB0 {'rot': 0.00595}
  t=  10.63  cb_yield           L1-CB1 {'rot': 0.00597}
  t=  11.13  cb_failure         L7-CB1 {'rot': 0.01891}
  t=  11.13  cb_failure         L8-CB1 {'rot': 0.01893}
  t=  11.13  cb_failure         L9-CB1 {'rot': 0.01892}
  t=  11.25  cb_failure         L6-CB1 {'rot': 0.01909}
  t=  11.25  cb_failure         L10-CB0 {'rot': 0.01893}
  t=  11.25  cb_failure         L10-CB1 {'rot': 0.0217}
  t=  11.25  cb_failure         L11-CB0 {'rot': 0.01893}
  t=  11.25  cb_failure         L11-CB1 {'rot': 0.02191}
  t=  11.25  cb_failure         L12-CB0 {'rot': 0.01893}
  t=  11.25  cb_failure         L12-CB1 {'rot': 0.02206}
  t=  11.25  cb_failure         L13-CB1 {'rot': 0.02207}
  t=  11.25  cb_failure         L14-CB1 {'rot': 0.02191}
  t=  11.25  cb_failure         L15-CB1 {'rot': 0.02165}
  t=  11.25  cb_failure         L16-CB1 {'rot': 0.02128}
  t=  11.25  cb_failure         L17-CB1 {'rot': 0.02071}
  t=  11.25  cb_failure         L18-CB1 {'rot': 0.02006}
  t=  11.25  cb_failure         L19-CB1 {'rot': 0.0195}
  t=  11.38  cb_failure         L9-CB0 {'rot': 0.01966}
  t=  11.38  cb_failure         L13-CB0 {'rot': 0.02217}
  t=  11.38  cb_failure         L14-CB0 {'rot': 0.02248}
  t=  11.38  cb_failure         L15-CB0 {'rot': 0.02263}
  t=  11.38  cb_failure         L16-CB0 {'rot': 0.0226}
  t=  11.38  cb_failure         L17-CB0 {'rot': 0.02233}
  t=  11.38  cb_failure         L18-CB0 {'rot': 0.02182}
  t=  11.38  cb_failure         L19-CB0 {'rot': 0.02106}
  t=  11.38  cb_failure         L20-CB0 {'rot': 0.02014}
  t=  11.38  cb_failure         L20-CB1 {'rot': 0.02376}
  t=  11.38  cb_failure         L21-CB1 {'rot': 0.02258}
  t=  11.38  cb_failure         L22-CB1 {'rot': 0.02113}
  t=  11.38  cb_failure         L23-CB1 {'rot': 0.01963}
  t= 11.425  solver fallback: Newton
  t=  11.50  cb_failure         L14-CB3 {'rot': 0.01892}
  t=  11.50  cb_failure         L15-CB3 {'rot': 0.01925}
  t=  11.50  cb_failure         L16-CB3 {'rot': 0.01948}
  t=  11.50  cb_failure         L17-CB3 {'rot': 0.01948}
  t=  11.50  cb_failure         L21-CB0 {'rot': 0.0209}
  t=  12.75  cb_yield           L27-CB2 {'rot': 0.00548}
  t=  12.88  cb_failure         L24-CB3 {'rot': 0.01967}
  t=  12.88  cb_failure         L25-CB3 {'rot': 0.01967}
  t=  14.13  cb_failure         L18-CB3 {'rot': 0.01977}
  t=  14.13  cb_yield           L28-CB2 {'rot': 0.00737}
  t=  14.13  cb_yield           L29-CB2 {'rot': 0.00697}
  t=  14.13  cb_failure         L29-CB3 {'rot': 0.01972}
  t=  14.13  cb_yield           L30-CB2 {'rot': 0.00639}
  t=  14.13  cb_failure         L30-CB3 {'rot': 0.01978}
  t=  14.13  cb_yield           L31-CB2 {'rot': 0.00571}
  t=  14.13  cb_failure         L31-CB3 {'rot': 0.01979}
  t=  14.13  cb_failure         L32-CB3 {'rot': 0.01984}
  t=  14.25  cb_failure         L13-CB3 {'rot': 0.01922}
  t=  14.25  cb_failure         L19-CB3 {'rot': 0.02202}
  t=  14.25  cb_failure         L20-CB3 {'rot': 0.02247}
  t=  14.25  cb_failure         L21-CB3 {'rot': 0.02284}
  t=  14.25  cb_failure         L22-CB3 {'rot': 0.02306}
  t=  14.25  cb_failure         L23-CB3 {'rot': 0.02314}
  t=  14.25  cb_failure         L25-CB1 {'rot': 0.0196}
  t=  14.25  cb_failure         L26-CB3 {'rot': 0.02237}
  t=  14.25  cb_failure         L27-CB3 {'rot': 0.02186}
  t=  14.25  cb_failure         L28-CB3 {'rot': 0.02133}
  t=  14.25  cb_failure         L33-CB3 {'rot': 0.02026}
  t=  14.38  cb_failure         L8-CB3 {'rot': 0.01892}
  t=  14.38  cb_failure         L9-CB3 {'rot': 0.0199}
  t=  14.38  cb_failure         L10-CB3 {'rot': 0.02088}
  t=  14.38  cb_failure         L11-CB3 {'rot': 0.02178}
  t=  14.38  cb_failure         L12-CB3 {'rot': 0.02264}
  t=  14.50  cb_failure         L24-CB1 {'rot': 0.01947}
  t=  14.50  cb_failure         L28-CB1 {'rot': 0.01976}
  t=  14.50  cb_failure         L29-CB1 {'rot': 0.01978}
  t=  14.50  cb_failure         L30-CB1 {'rot': 0.01979}
  t=  14.50  cb_failure         L31-CB1 {'rot': 0.01981}
  t=  14.50  cb_failure         L32-CB1 {'rot': 0.01968}
  t=  14.63  cb_failure         L7-CB3 {'rot': 0.01893}
  t=  14.75  cb_failure         L6-CB3 {'rot': 0.01955}
  t=  14.75  cb_failure         L26-CB1 {'rot': 0.02042}
  t=  14.75  cb_failure         L27-CB1 {'rot': 0.01957}
  t=  14.75  cb_failure         L33-CB1 {'rot': 0.02009}
  t=  17.00  cb_failure         L4-CB1 {'rot': 0.01894}
  t=  17.00  cb_failure         L5-CB0 {'rot': 0.01986}
  t=  17.00  cb_failure         L5-CB1 {'rot': 0.02031}
  t=  17.00  cb_failure         L6-CB0 {'rot': 0.02066}
  t=  17.00  cb_failure         L7-CB0 {'rot': 0.02106}
  t=  17.00  cb_failure         L8-CB0 {'rot': 0.02115}
  t=  17.13  cb_failure         L3-CB1 {'rot': 0.01905}
  t=  17.13  cb_failure         L4-CB0 {'rot': 0.02079}
  t=  17.25  cb_failure         L3-CB0 {'rot': 0.01985}
  t=  17.25  cb_failure         L4-CB3 {'rot': 0.01892}
  t=  17.25  cb_failure         L5-CB2 {'rot': 0.01917}
  t=  17.25  cb_failure         L5-CB3 {'rot': 0.02048}
  t=  17.25  cb_failure         L6-CB2 {'rot': 0.02024}
  t=  17.25  cb_failure         L7-CB2 {'rot': 0.0209}
  t=  17.25  cb_failure         L8-CB2 {'rot': 0.02123}
  t=  17.25  cb_failure         L9-CB2 {'rot': 0.02132}
  t=  17.25  cb_failure         L10-CB2 {'rot': 0.02124}
  t=  17.25  cb_failure         L11-CB2 {'rot': 0.02103}
  t=  17.25  cb_failure         L12-CB2 {'rot': 0.0208}
  t=  17.25  cb_failure         L13-CB2 {'rot': 0.02048}
  t=  17.25  cb_failure         L14-CB2 {'rot': 0.02003}
  t=  17.25  cb_failure         L15-CB2 {'rot': 0.01953}
  t=  17.25  cb_failure         L16-CB2 {'rot': 0.01898}
  t=  17.38  cb_failure         L17-CB2 {'rot': 0.02075}
  t=  17.38  cb_failure         L18-CB2 {'rot': 0.01972}
  t=  17.50  cb_failure         L19-CB2 {'rot': 0.01954}
  t=  17.50  cb_failure         L22-CB0 {'rot': 0.02096}
  t=  17.50  cb_failure         L23-CB0 {'rot': 0.01955}
  t=  18.00  cb_yield           L30-CB0 {'rot': 0.0056}
  t=  18.13  cb_failure         L2-CB1 {'rot': 0.01922}
  t=  19.25  cb_yield           L32-CB2 {'rot': 0.00721}
  t=  19.25  cb_yield           L33-CB2 {'rot': 0.0071}
  t=  19.50  cb_failure         L3-CB3 {'rot': 0.01919}
  t=  19.75  cb_failure         L2-CB3 {'rot': 0.01892}
  t=  20.00  cb_failure         L4-CB2 {'rot': 0.01951}
  progress t=  20.0s  max corner drift so far=0.0098  wall clock=223s
  t=  20.12  cb_failure         L2-CB0 {'rot': 0.01977}
  t=  20.25  cb_failure         L1-CB1 {'rot': 0.01985}
  t=  20.25  cb_failure         L3-CB2 {'rot': 0.01914}
  t=  20.25  cb_yield           L31-CB0 {'rot': 0.00841}
  t=  20.25  cb_yield           L32-CB0 {'rot': 0.00742}
  t=  20.25  cb_yield           L33-CB0 {'rot': 0.00703}
  t=  20.37  cb_failure         L24-CB0 {'rot': 0.02202}
  t=  20.37  cb_failure         L25-CB0 {'rot': 0.02067}
  t=  20.50  cb_failure         L26-CB0 {'rot': 0.02194}
  t=  20.50  cb_failure         L27-CB0 {'rot': 0.02007}
  t=  20.62  cb_failure         L20-CB2 {'rot': 0.02171}
  t=  20.62  cb_failure         L21-CB2 {'rot': 0.01967}
  t=  20.87  cb_failure         L22-CB2 {'rot': 0.02134}
  t=  20.87  cb_failure         L28-CB0 {'rot': 0.02007}
  t=  20.87  cb_failure         L32-CB0 {'rot': 0.01948}
  t=  21.00  cb_failure         L23-CB2 {'rot': 0.0198}
  t=  21.00  cb_failure         L29-CB0 {'rot': 0.02184}
  t=  21.00  cb_failure         L30-CB0 {'rot': 0.01998}
  t=  21.00  cb_failure         L31-CB0 {'rot': 0.01956}
  t=  21.12  cb_failure         L25-CB2 {'rot': 0.01964}
  t=  21.12  cb_failure         L26-CB2 {'rot': 0.01975}
  t=  21.12  cb_failure         L33-CB0 {'rot': 0.02338}
  t=  21.25  cb_failure         L1-CB0 {'rot': 0.01935}
  t=  23.50  cb_failure         L24-CB2 {'rot': 0.01978}
  t=  23.75  cb_failure         L27-CB2 {'rot': 0.01971}
  t=  26.87  cb_failure         L28-CB2 {'rot': 0.0227}
  t=  26.87  cb_failure         L29-CB2 {'rot': 0.02142}
  t=  26.87  cb_failure         L30-CB2 {'rot': 0.01989}
  t=  27.00  cb_failure         L31-CB2 {'rot': 0.02526}
  t=  27.00  cb_failure         L32-CB2 {'rot': 0.02426}
  t=  27.00  cb_failure         L33-CB2 {'rot': 0.02389}
  t=  28.12  cb_failure         L2-CB2 {'rot': 0.01947}
  progress t=  30.0s  max corner drift so far=0.0172  wall clock=349s
  t=  37.87  cb_failure         L1-CB3 {'rot': 0.01896}
  t= 38.900  solver fallback: Newton
  progress t=  40.0s  max corner drift so far=0.0172  wall clock=469s
  t=  48.87  cb_failure         L1-CB2 {'rot': 0.01901}
  progress t=  50.0s  max corner drift so far=0.0172  wall clock=597s
  progress t=  60.0s  max corner drift so far=0.0172  wall clock=721s
  progress t=  70.0s  max corner drift so far=0.0172  wall clock=840s
  progress t=  80.0s  max corner drift so far=0.0172  wall clock=949s
  progress t=  90.0s  max corner drift so far=0.0172  wall clock=1053s
  progress t= 100.0s  max corner drift so far=0.0172  wall clock=1156s
