  t=   2.15  cb_yield           L9-CB3 {'rot': 0.00498}
  t=   2.15  cb_yield           L10-CB3 {'rot': 0.00502}
  t=   2.15  cb_yield           L11-CB3 {'rot': 0.00501}
  t=   2.15  cb_yield           L12-CB3 {'rot': 0.00497}
  t=   2.20  cb_yield           L9-CB1 {'rot': 0.00495}
  t=   2.20  cb_yield           L10-CB1 {'rot': 0.00501}
  t=   2.20  cb_yield           L11-CB1 {'rot': 0.00502}
  t=   2.20  cb_yield           L12-CB1 {'rot': 0.005}
  t=   2.20  cb_yield           L13-CB1 {'rot': 0.00493}
  t=   2.20  cb_yield           L13-CB3 {'rot': 0.00506}
  t=   2.20  cb_yield           L14-CB3 {'rot': 0.00497}
  t=   2.25  cb_yield           L14-CB1 {'rot': 0.00495}
  t=   2.25  cb_yield           L15-CB3 {'rot': 0.005}
  t=   2.30  cb_yield           L15-CB1 {'rot': 0.00496}
  t=   2.30  cb_yield           L16-CB3 {'rot': 0.00506}
  t=   2.35  cb_yield           L16-CB1 {'rot': 0.00506}
  t=   2.40  cb_yield           L18-CB3 {'rot': 0.00549}
  t=   2.40  cb_yield           L19-CB3 {'rot': 0.0055}
  t=   2.40  cb_yield           L20-CB3 {'rot': 0.00549}
  t=   2.45  cb_yield           L17-CB1 {'rot': 0.00548}
  t=   2.45  cb_yield           L17-CB3 {'rot': 0.00566}
  t=   2.45  cb_yield           L18-CB1 {'rot': 0.00558}
  t=   2.45  cb_yield           L19-CB1 {'rot': 0.00562}
  t=   2.45  cb_yield           L20-CB1 {'rot': 0.00564}
  t=   2.45  cb_yield           L21-CB1 {'rot': 0.0056}
  t=   2.45  cb_yield           L21-CB3 {'rot': 0.00584}
  t=   2.45  cb_yield           L22-CB1 {'rot': 0.00552}
  t=   2.45  cb_yield           L22-CB3 {'rot': 0.00577}
  t=   2.45  cb_yield           L23-CB3 {'rot': 0.00566}
  t=   2.45  cb_yield           L24-CB3 {'rot': 0.0055}
  t=   2.50  cb_yield           L23-CB1 {'rot': 0.00579}
  t=   2.50  cb_yield           L24-CB1 {'rot': 0.00561}
  t=   2.50  cb_yield           L25-CB3 {'rot': 0.00564}
  t=   2.55  cb_yield           L25-CB1 {'rot': 0.00565}
  t=   2.55  cb_yield           L26-CB3 {'rot': 0.00558}
  t=   2.60  cb_yield           L26-CB1 {'rot': 0.00546}
  t=   3.85  cb_yield           L7-CB0 {'rot': 0.00494}
  t=   3.85  cb_yield           L8-CB0 {'rot': 0.00505}
  t=   3.85  cb_yield           L9-CB0 {'rot': 0.00511}
  t=   3.85  cb_yield           L10-CB0 {'rot': 0.00513}
  t=   3.85  cb_yield           L11-CB0 {'rot': 0.00511}
  t=   3.85  cb_yield           L12-CB0 {'rot': 0.00509}
  t=   3.85  cb_yield           L13-CB0 {'rot': 0.00503}
  t=   3.85  cb_yield           L14-CB0 {'rot': 0.00494}
  t=   3.90  cb_yield           L5-CB0 {'rot': 0.00514}
  t=   3.90  cb_yield           L5-CB1 {'rot': 0.00497}
  t=   3.90  cb_yield           L6-CB0 {'rot': 0.0054}
  t=   3.90  cb_yield           L6-CB1 {'rot': 0.00521}
  t=   3.90  cb_yield           L7-CB1 {'rot': 0.00534}
  t=   3.90  cb_yield           L8-CB1 {'rot': 0.00538}
  t=   3.95  cb_yield           L4-CB0 {'rot': 0.00536}
  t=   3.95  cb_yield           L4-CB1 {'rot': 0.00517}
  t=   3.95  cb_yield           L6-CB2 {'rot': 0.005}
  t=   3.95  cb_yield           L7-CB2 {'rot': 0.00502}
  t=   3.95  cb_yield           L8-CB2 {'rot': 0.00495}
  t=   4.00  cb_yield           L3-CB0 {'rot': 0.0053}
  t=   4.00  cb_yield           L3-CB1 {'rot': 0.00509}
  t=   4.00  cb_yield           L4-CB2 {'rot': 0.0051}
  t=   4.00  cb_yield           L5-CB2 {'rot': 0.00539}
  t=   4.00  cb_yield           L5-CB3 {'rot': 0.0051}
  t=   4.00  cb_yield           L6-CB3 {'rot': 0.00518}
  t=   4.00  cb_yield           L7-CB3 {'rot': 0.00511}
  t=   4.00  cb_yield           L8-CB3 {'rot': 0.00494}
  t=   4.00  cb_yield           L9-CB2 {'rot': 0.0051}
  t=   4.05  cb_yield           L3-CB2 {'rot': 0.00505}
  t=   4.05  cb_yield           L4-CB3 {'rot': 0.00531}
  t=   4.05  cb_yield           L10-CB2 {'rot': 0.00494}
  t=   4.10  cb_yield           L2-CB0 {'rot': 0.00516}
  t=   4.10  cb_yield           L2-CB1 {'rot': 0.00494}
  t=   4.10  cb_yield           L3-CB3 {'rot': 0.00516}
  t=   6.80  cb_yield           L27-CB1 {'rot': 0.0055}
  t=   8.35  cb_yield           L11-CB2 {'rot': 0.0052}
  t=   8.35  cb_yield           L12-CB2 {'rot': 0.00511}
  t=   8.35  cb_yield           L13-CB2 {'rot': 0.005}
  t=   8.40  cb_yield           L14-CB2 {'rot': 0.0054}
  t=   8.40  cb_yield           L15-CB2 {'rot': 0.00523}
  t=   8.40  cb_yield           L16-CB2 {'rot': 0.00506}
  t=   8.50  cb_yield           L17-CB2 {'rot': 0.00591}
  t=   8.50  cb_yield           L18-CB2 {'rot': 0.0056}
  t=   8.55  cb_yield           L19-CB2 {'rot': 0.0058}
  t=   8.60  cb_yield           L20-CB2 {'rot': 0.00589}
  t=   8.60  cb_yield           L21-CB2 {'rot': 0.00546}
  t=   8.60  cb_yield           L27-CB3 {'rot': 0.00556}
  t=   8.70  cb_yield           L22-CB2 {'rot': 0.00559}
  t=   8.70  cb_yield           L28-CB3 {'rot': 0.00559}
  t=   8.75  cb_yield           L29-CB3 {'rot': 0.00551}
  t=   8.80  cb_yield           L23-CB2 {'rot': 0.00547}
  t=   8.80  cb_yield           L30-CB3 {'rot': 0.00549}
  t=   8.85  cb_yield           L31-CB3 {'rot': 0.00557}
  t=   8.90  cb_yield           L32-CB3 {'rot': 0.00569}
  t=   8.90  cb_yield           L33-CB3 {'rot': 0.00557}
  t=   9.00  cb_yield           L24-CB2 {'rot': 0.00547}
  t=   9.25  cb_yield           L28-CB1 {'rot': 0.00572}
  t=   9.25  cb_yield           L29-CB1 {'rot': 0.00547}
  progress t=  10.0s  max corner drift so far=0.0031  wall clock=243s
  t=  10.30  cb_yield           L2-CB2 {'rot': 0.00542}
  t=  10.30  cb_yield           L2-CB3 {'rot': 0.00521}
  t=  10.35  cb_yield           L30-CB1 {'rot': 0.00632}
  t=  10.35  cb_yield           L31-CB1 {'rot': 0.00607}
  t=  10.35  cb_yield           L32-CB1 {'rot': 0.00584}
  t=  10.35  cb_yield           L33-CB1 {'rot': 0.00558}
  t=  10.40  cb_yield           L19-CB0 {'rot': 0.00547}
  t=  10.40  cb_yield           L20-CB0 {'rot': 0.00579}
  t=  10.40  cb_yield           L21-CB0 {'rot': 0.00601}
  t=  10.40  cb_yield           L22-CB0 {'rot': 0.00612}
  t=  10.40  cb_yield           L23-CB0 {'rot': 0.00612}
  t=  10.40  cb_yield           L24-CB0 {'rot': 0.00603}
  t=  10.40  cb_yield           L25-CB0 {'rot': 0.00587}
  t=  10.40  cb_yield           L26-CB0 {'rot': 0.00564}
  t=  10.45  cb_yield           L1-CB2 {'rot': 0.00523}
  t=  10.45  cb_yield           L1-CB3 {'rot': 0.00506}
  t=  10.45  cb_yield           L27-CB0 {'rot': 0.00612}
  t=  10.45  cb_yield           L28-CB0 {'rot': 0.00575}
  t=  10.50  cb_yield           L29-CB0 {'rot': 0.0057}
  t=  10.55  cb_yield           L1-CB0 {'rot': 0.00605}
  t=  10.55  cb_yield           L1-CB1 {'rot': 0.00558}
  t=  10.80  cb_yield           L15-CB0 {'rot': 0.00503}
  t=  10.85  cb_yield           L16-CB0 {'rot': 0.00521}
  t=  10.95  cb_yield           L17-CB0 {'rot': 0.00693}
  t=  10.95  cb_yield           L18-CB0 {'rot': 0.00598}
  t=  11.20  cb_failure         L11-CB1 {'rot': 0.01895}
  t=  11.20  cb_failure         L12-CB1 {'rot': 0.01917}
  t=  11.20  cb_failure         L13-CB1 {'rot': 0.01942}
  t=  11.20  cb_failure         L14-CB1 {'rot': 0.01959}
  t=  11.20  cb_failure         L15-CB1 {'rot': 0.0197}
  t=  11.20  cb_failure         L16-CB1 {'rot': 0.01972}
  t=  11.20  cb_failure         L17-CB1 {'rot': 0.01962}
  t=  11.20  cb_failure         L18-CB1 {'rot': 0.01949}
  t=  11.25  cb_failure         L9-CB1 {'rot': 0.01894}
  t=  11.25  cb_failure         L10-CB1 {'rot': 0.01937}
  t=  11.25  cb_failure         L16-CB0 {'rot': 0.01894}
  t=  11.25  cb_failure         L19-CB1 {'rot': 0.02113}
  t=  11.25  cb_failure         L20-CB1 {'rot': 0.02058}
  t=  11.25  cb_failure         L21-CB1 {'rot': 0.01981}
  t=  11.30  cb_failure         L12-CB0 {'rot': 0.01922}
  t=  11.30  cb_failure         L13-CB0 {'rot': 0.01978}
  t=  11.30  cb_failure         L14-CB0 {'rot': 0.02017}
  t=  11.30  cb_failure         L15-CB0 {'rot': 0.02042}
  t=  11.30  cb_failure         L17-CB0 {'rot': 0.02044}
  t=  11.30  cb_failure         L18-CB0 {'rot': 0.02016}
  t=  11.30  cb_failure         L19-CB0 {'rot': 0.01967}
  t=  11.30  cb_failure         L22-CB1 {'rot': 0.01993}
  t= 11.340  solver fallback: Newton
  t=  11.35  cb_failure         L11-CB0 {'rot': 0.0194}
  t=  11.35  cb_failure         L20-CB0 {'rot': 0.01979}
  t=  11.40  cb_failure         L10-CB0 {'rot': 0.01923}
  t=  11.40  cb_failure         L23-CB1 {'rot': 0.01996}
  t=  11.45  cb_yield           L30-CB0 {'rot': 0.00553}
  t=  11.50  cb_failure         L14-CB3 {'rot': 0.01904}
  t=  11.50  cb_failure         L15-CB3 {'rot': 0.01925}
  t=  11.50  cb_failure         L16-CB3 {'rot': 0.01925}
  t=  11.50  cb_yield           L25-CB2 {'rot': 0.00596}
  t=  11.55  cb_failure         L17-CB3 {'rot': 0.01947}
  t=  11.60  cb_failure         L21-CB0 {'rot': 0.01954}
  t=  11.65  cb_failure         L23-CB3 {'rot': 0.01984}
  t=  11.65  cb_yield           L26-CB2 {'rot': 0.00583}
  t=  11.85  cb_yield           L27-CB2 {'rot': 0.00549}
  t=  14.00  cb_yield           L28-CB2 {'rot': 0.00574}
  t=  14.05  cb_yield           L29-CB2 {'rot': 0.00577}
  t=  14.10  cb_failure         L20-CB3 {'rot': 0.01948}
  t=  14.10  cb_failure         L21-CB3 {'rot': 0.0196}
  t=  14.10  cb_failure         L22-CB3 {'rot': 0.0196}
  t=  14.15  cb_failure         L18-CB3 {'rot': 0.01984}
  t=  14.15  cb_failure         L19-CB3 {'rot': 0.01984}
  t=  14.15  cb_failure         L24-CB3 {'rot': 0.01985}
  t=  14.15  cb_failure         L25-CB3 {'rot': 0.01966}
  t=  14.45  cb_failure         L13-CB3 {'rot': 0.01893}
  t=  14.65  cb_failure         L7-CB1 {'rot': 0.01909}
  t=  14.65  cb_failure         L8-CB1 {'rot': 0.01935}
  t=  14.70  cb_failure         L6-CB1 {'rot': 0.01902}
  t=  15.25  cb_failure         L24-CB1 {'rot': 0.0197}
  t=  15.35  cb_failure         L25-CB1 {'rot': 0.01951}
  t= 16.830  solver fallback: Newton
  t=  16.95  cb_failure         L5-CB1 {'rot': 0.01894}
  t=  16.95  cb_failure         L6-CB0 {'rot': 0.01947}
  t=  16.95  cb_failure         L6-CB3 {'rot': 0.01895}
  t=  16.95  cb_failure         L7-CB0 {'rot': 0.01983}
  t=  16.95  cb_failure         L7-CB3 {'rot': 0.01947}
  t=  16.95  cb_failure         L8-CB0 {'rot': 0.0199}
  t=  16.95  cb_failure         L8-CB2 {'rot': 0.01898}
  t=  16.95  cb_failure         L8-CB3 {'rot': 0.01975}
  t=  16.95  cb_failure         L9-CB0 {'rot': 0.01978}
  t=  16.95  cb_failure         L9-CB2 {'rot': 0.01902}
  t=  16.95  cb_failure         L9-CB3 {'rot': 0.01983}
  t=  16.95  cb_failure         L10-CB2 {'rot': 0.01895}
  t=  16.95  cb_failure         L10-CB3 {'rot': 0.01977}
  t=  16.95  cb_failure         L11-CB3 {'rot': 0.0196}
  t=  16.95  cb_failure         L12-CB3 {'rot': 0.01937}
  t=  17.00  cb_failure         L5-CB0 {'rot': 0.01959}
  t=  17.00  cb_failure         L6-CB2 {'rot': 0.01904}
  t=  17.00  cb_failure         L7-CB2 {'rot': 0.01969}
  t=  17.00  cb_failure         L11-CB2 {'rot': 0.02007}
  t=  17.00  cb_failure         L12-CB2 {'rot': 0.0198}
  t=  17.00  cb_failure         L13-CB2 {'rot': 0.01938}
  t=  17.00  cb_failure         L14-CB2 {'rot': 0.01893}
  t=  17.05  cb_failure         L4-CB1 {'rot': 0.01894}
  t=  17.05  cb_failure         L5-CB3 {'rot': 0.01895}
  t=  17.05  cb_failure         L15-CB2 {'rot': 0.01914}
  t=  17.05  cb_failure         L17-CB2 {'rot': 0.01964}
  t=  17.10  cb_failure         L4-CB0 {'rot': 0.01922}
  t=  17.10  cb_failure         L16-CB2 {'rot': 0.01922}
  t=  17.10  cb_failure         L18-CB2 {'rot': 0.01957}
  t=  17.15  cb_failure         L5-CB2 {'rot': 0.01929}
  t=  17.15  cb_failure         L20-CB2 {'rot': 0.01981}
  t=  17.20  cb_failure         L19-CB2 {'rot': 0.01966}
  t=  17.25  cb_failure         L3-CB1 {'rot': 0.01928}
  t=  17.25  cb_failure         L4-CB3 {'rot': 0.01926}
  t=  17.30  cb_failure         L3-CB0 {'rot': 0.01901}
  t=  17.30  cb_failure         L4-CB2 {'rot': 0.01895}
  t=  17.60  cb_yield           L31-CB0 {'rot': 0.00554}
  t=  17.65  cb_failure         L22-CB0 {'rot': 0.01959}
  t=  17.65  cb_yield           L32-CB0 {'rot': 0.00548}
  t=  17.70  cb_failure         L23-CB0 {'rot': 0.01957}
  t=  17.70  cb_yield           L33-CB0 {'rot': 0.00553}
  t=  19.45  cb_failure         L3-CB3 {'rot': 0.01911}
  t=  19.75  cb_failure         L2-CB3 {'rot': 0.01899}
  t=  19.80  cb_failure         L2-CB1 {'rot': 0.01905}
  t=  19.85  cb_failure         L26-CB1 {'rot': 0.01984}
  t=  19.85  cb_failure         L27-CB1 {'rot': 0.01987}
  t=  19.85  cb_failure         L28-CB1 {'rot': 0.01963}
  t=  19.90  cb_failure         L26-CB3 {'rot': 0.01985}
  t=  19.90  cb_failure         L27-CB3 {'rot': 0.01988}
  t=  19.90  cb_failure         L29-CB1 {'rot': 0.01984}
  t=  19.90  cb_failure         L30-CB1 {'rot': 0.01989}
  t=  19.90  cb_failure         L31-CB1 {'rot': 0.01981}
  t=  19.95  cb_failure         L2-CB0 {'rot': 0.01901}
  t=  19.95  cb_failure         L28-CB3 {'rot': 0.01982}
  t=  19.95  cb_failure         L30-CB3 {'rot': 0.01989}
  t=  19.95  cb_failure         L32-CB1 {'rot': 0.01984}
  t=  19.95  cb_failure         L33-CB1 {'rot': 0.02031}
  t= 19.950  solver fallback: Newton
  t=  20.00  cb_failure         L29-CB3 {'rot': 0.01968}
  t=  20.00  cb_failure         L31-CB3 {'rot': 0.01985}
  t=  20.00  cb_failure         L32-CB3 {'rot': 0.01985}
  t=  20.00  cb_failure         L33-CB3 {'rot': 0.02018}
  progress t=  20.0s  max corner drift so far=0.0090  wall clock=496s
  t=  20.05  cb_failure         L1-CB1 {'rot': 0.01895}
  t= 20.140  solver fallback: Newton
  t=  20.15  cb_failure         L1-CB0 {'rot': 0.01895}
  t= 20.150  solver fallback: Newton
  t=  20.20  cb_failure         L1-CB3 {'rot': 0.01908}
  t=  20.23  wall_axial_failure S1-F {'gamma': 0.00092, 'eps': -0.00671, 'cause': 'crushing'}
  t=  20.25  cb_failure         L26-CB0 {'rot': 0.01983}
  t=  20.25  cb_yield           L30-CB2 {'rot': 0.00562}
  t= 20.340  solver fallback: Newton
  t=  20.35  cb_failure         L24-CB0 {'rot': 0.02032}
  t=  20.40  cb_failure         L25-CB0 {'rot': 0.0207}
  t=  20.45  cb_failure         L21-CB2 {'rot': 0.01981}
  t=  20.70  cb_failure         L27-CB0 {'rot': 0.01951}
  t=  20.70  cb_failure         L31-CB0 {'rot': 0.0196}
  t=  20.75  cb_failure         L23-CB2 {'rot': 0.01982}
  t=  20.75  cb_failure         L28-CB0 {'rot': 0.01955}
  t=  20.75  cb_failure         L33-CB0 {'rot': 0.01986}
  t=  20.80  cb_failure         L30-CB0 {'rot': 0.01962}
  t=  20.80  cb_yield           L31-CB2 {'rot': 0.00609}
  t=  20.80  cb_yield           L32-CB2 {'rot': 0.00562}
  t=  20.85  cb_failure         L24-CB2 {'rot': 0.01973}
  t=  20.85  cb_failure         L29-CB0 {'rot': 0.02018}
  t=  20.85  cb_failure         L32-CB0 {'rot': 0.01965}
  t=  20.85  cb_yield           L33-CB2 {'rot': 0.00704}
  t=  20.90  cb_failure         L22-CB2 {'rot': 0.0206}
  t=  20.90  cb_failure         L25-CB2 {'rot': 0.01979}
  t=  20.90  cb_failure         L26-CB2 {'rot': 0.01982}
  t=  21.10  cb_failure         L27-CB2 {'rot': 0.01986}
  t=  21.10  cb_failure         L28-CB2 {'rot': 0.01949}
  t=  21.15  cb_failure         L29-CB2 {'rot': 0.0201}
  t=  21.15  cb_failure         L30-CB2 {'rot': 0.01974}
  t=  21.20  cb_failure         L31-CB2 {'rot': 0.02016}
  t=  21.20  cb_failure         L32-CB2 {'rot': 0.01986}
  t=  21.20  cb_failure         L33-CB2 {'rot': 0.01976}
  t=  25.85  cb_failure         L3-CB2 {'rot': 0.02026}
  t=  25.90  cb_failure         L2-CB2 {'rot': 0.01911}
