  t=   4.00  cb_yield           L6-CB0 {'rot': 0.00412}
  t=   4.00  cb_yield           L7-CB0 {'rot': 0.00414}
  t=   4.12  cb_yield           L5-CB0 {'rot': 0.00425}
  t=   4.12  cb_yield           L6-CB1 {'rot': 0.00414}
  t=   4.12  cb_yield           L7-CB1 {'rot': 0.00412}
  t=   4.12  cb_yield           L8-CB0 {'rot': 0.00427}
  t=   4.12  cb_yield           L9-CB0 {'rot': 0.00412}
  t=   8.25  cb_yield           L6-CB3 {'rot': 0.00419}
  t=   8.25  cb_yield           L7-CB3 {'rot': 0.00432}
  t=   8.25  cb_yield           L8-CB3 {'rot': 0.00438}
  t=   8.25  cb_yield           L9-CB3 {'rot': 0.00439}
  t=   8.25  cb_yield           L10-CB3 {'rot': 0.00434}
  t=   8.25  cb_yield           L11-CB3 {'rot': 0.00425}
  t=   8.25  cb_yield           L12-CB3 {'rot': 0.00413}
  t=   8.38  cb_yield           L3-CB3 {'rot': 0.0044}
  t=   8.38  cb_yield           L4-CB2 {'rot': 0.00463}
  t=   8.38  cb_yield           L4-CB3 {'rot': 0.00502}
  t=   8.38  cb_yield           L5-CB2 {'rot': 0.00498}
  t=   8.38  cb_yield           L5-CB3 {'rot': 0.00544}
  t=   8.38  cb_yield           L6-CB2 {'rot': 0.00516}
  t=   8.38  cb_yield           L7-CB2 {'rot': 0.0052}
  t=   8.38  cb_yield           L8-CB2 {'rot': 0.00514}
  t=   8.38  cb_yield           L9-CB2 {'rot': 0.00499}
  t=   8.38  cb_yield           L10-CB2 {'rot': 0.00478}
  t=   8.38  cb_yield           L11-CB2 {'rot': 0.00453}
  t=   8.38  cb_yield           L12-CB2 {'rot': 0.00425}
  t=   8.38  cb_yield           L13-CB3 {'rot': 0.00481}
  t=   8.38  cb_yield           L14-CB3 {'rot': 0.00454}
  t=   8.38  cb_yield           L15-CB3 {'rot': 0.00427}
  t=   8.50  cb_yield           L3-CB1 {'rot': 0.00428}
  t=   8.50  cb_yield           L3-CB2 {'rot': 0.00458}
  t=   8.50  cb_yield           L4-CB0 {'rot': 0.00439}
  t=   8.50  cb_yield           L4-CB1 {'rot': 0.00484}
  t=   8.50  cb_yield           L5-CB1 {'rot': 0.00519}
  t=   8.50  cb_yield           L8-CB1 {'rot': 0.00526}
  t=   8.50  cb_yield           L9-CB1 {'rot': 0.00505}
  t=   8.50  cb_yield           L10-CB1 {'rot': 0.00476}
  t=   8.50  cb_yield           L11-CB1 {'rot': 0.00442}
  t=   8.50  cb_yield           L13-CB2 {'rot': 0.00493}
  t=   8.50  cb_yield           L14-CB2 {'rot': 0.00458}
  t=   8.50  cb_yield           L15-CB2 {'rot': 0.00424}
  t=   8.50  cb_yield           L16-CB3 {'rot': 0.0049}
  t=   8.50  cb_yield           L17-CB3 {'rot': 0.00455}
  t=   8.63  cb_yield           L10-CB0 {'rot': 0.00464}
  t=   8.63  cb_yield           L11-CB0 {'rot': 0.00433}
  t=   8.63  cb_yield           L12-CB1 {'rot': 0.00491}
  t=   8.63  cb_yield           L13-CB1 {'rot': 0.00454}
  t=   8.63  cb_yield           L14-CB1 {'rot': 0.00412}
  t=   8.63  cb_yield           L16-CB2 {'rot': 0.005}
  t=   8.63  cb_yield           L17-CB2 {'rot': 0.00464}
  t=   8.63  cb_yield           L18-CB3 {'rot': 0.00541}
  t=   8.63  cb_yield           L19-CB3 {'rot': 0.0051}
  t=   8.63  cb_yield           L20-CB3 {'rot': 0.0048}
  t=   8.75  cb_yield           L12-CB0 {'rot': 0.00419}
  t=   8.75  cb_yield           L15-CB1 {'rot': 0.00441}
  t=   8.75  cb_yield           L18-CB2 {'rot': 0.00549}
  t=   8.75  cb_yield           L19-CB2 {'rot': 0.00524}
  t=   8.75  cb_yield           L20-CB2 {'rot': 0.00498}
  t=   8.75  cb_yield           L21-CB2 {'rot': 0.0047}
  t=   8.75  cb_yield           L21-CB3 {'rot': 0.00595}
  t=   8.75  cb_yield           L22-CB3 {'rot': 0.00568}
  t=   8.75  cb_yield           L23-CB3 {'rot': 0.0054}
  t=   8.75  cb_yield           L24-CB3 {'rot': 0.00512}
  t=   8.75  cb_yield           L25-CB3 {'rot': 0.00484}
  t=   8.75  cb_yield           L26-CB3 {'rot': 0.00458}
  t=   8.88  cb_yield           L16-CB1 {'rot': 0.00464}
  t=   8.88  cb_yield           L22-CB2 {'rot': 0.00547}
  t=   8.88  cb_yield           L23-CB2 {'rot': 0.00517}
  t=   8.88  cb_yield           L24-CB2 {'rot': 0.00485}
  t=   8.88  cb_yield           L27-CB3 {'rot': 0.00529}
  t=   8.88  cb_yield           L28-CB3 {'rot': 0.00498}
  t=   8.88  cb_yield           L29-CB3 {'rot': 0.00469}
  t=   9.00  cb_yield           L17-CB1 {'rot': 0.00467}
  t=   9.00  cb_yield           L18-CB1 {'rot': 0.00477}
  t=   9.00  cb_yield           L19-CB1 {'rot': 0.0048}
  t=   9.00  cb_yield           L20-CB1 {'rot': 0.00478}
  t=   9.00  cb_yield           L21-CB1 {'rot': 0.0047}
  t=   9.00  cb_yield           L22-CB1 {'rot': 0.00455}
  t=   9.00  cb_yield           L25-CB2 {'rot': 0.0051}
  t=   9.00  cb_yield           L26-CB2 {'rot': 0.00475}
  t=   9.00  cb_yield           L30-CB3 {'rot': 0.00489}
  t=   9.00  cb_yield           L31-CB3 {'rot': 0.00459}
  t=   9.13  cb_yield           L23-CB1 {'rot': 0.00557}
  t=   9.13  cb_yield           L24-CB1 {'rot': 0.00553}
  t=   9.13  cb_yield           L25-CB1 {'rot': 0.0054}
  t=   9.13  cb_yield           L26-CB1 {'rot': 0.00519}
  t=   9.13  cb_yield           L27-CB1 {'rot': 0.00491}
  t=   9.13  cb_yield           L28-CB1 {'rot': 0.00461}
  t=   9.25  cb_yield           L29-CB1 {'rot': 0.00488}
  t=   9.25  cb_yield           L30-CB1 {'rot': 0.00456}
  t=   9.75  cb_yield           L3-CB0 {'rot': 0.00481}
  t=   9.88  cb_yield           L2-CB0 {'rot': 0.0048}
  t=   9.88  cb_yield           L2-CB1 {'rot': 0.00431}
  progress t=  10.0s  max corner drift so far=0.0023  wall clock=104s
  t=  10.38  cb_yield           L2-CB2 {'rot': 0.00493}
  t=  10.38  cb_yield           L2-CB3 {'rot': 0.00473}
  t=  10.38  cb_yield           L18-CB0 {'rot': 0.00469}
  t=  10.38  cb_yield           L19-CB0 {'rot': 0.00524}
  t=  10.38  cb_yield           L20-CB0 {'rot': 0.0057}
  t=  10.38  cb_yield           L21-CB0 {'rot': 0.00605}
  t=  10.38  cb_yield           L22-CB0 {'rot': 0.00629}
  t=  10.38  cb_yield           L23-CB0 {'rot': 0.0064}
  t=  10.38  cb_yield           L24-CB0 {'rot': 0.00641}
  t=  10.38  cb_yield           L25-CB0 {'rot': 0.00631}
  t=  10.38  cb_yield           L26-CB0 {'rot': 0.00612}
  t=  10.38  cb_yield           L27-CB0 {'rot': 0.00586}
  t=  10.38  cb_yield           L28-CB0 {'rot': 0.00556}
  t=  10.38  cb_yield           L29-CB0 {'rot': 0.00522}
  t=  10.38  cb_yield           L30-CB0 {'rot': 0.00486}
  t=  10.38  cb_yield           L31-CB1 {'rot': 0.00631}
  t=  10.38  cb_yield           L32-CB1 {'rot': 0.00604}
  t=  10.38  cb_yield           L33-CB1 {'rot': 0.00589}
  t=  10.50  cb_yield           L1-CB2 {'rot': 0.00413}
  t=  10.50  cb_yield           L31-CB0 {'rot': 0.00523}
  t=  10.50  cb_yield           L32-CB0 {'rot': 0.0049}
  t=  10.50  cb_yield           L33-CB0 {'rot': 0.00472}
  t=  10.63  cb_yield           L1-CB0 {'rot': 0.00468}
  t=  10.63  cb_yield           L1-CB1 {'rot': 0.00454}
  t=  10.63  cb_yield           L1-CB3 {'rot': 0.00428}
  t=  10.75  cb_yield           L13-CB0 {'rot': 0.00433}
  t=  10.88  cb_yield           L14-CB0 {'rot': 0.006}
  t=  10.88  cb_yield           L15-CB0 {'rot': 0.00552}
  t=  10.88  cb_yield           L16-CB0 {'rot': 0.00506}
  t=  11.00  cb_yield           L17-CB0 {'rot': 0.00813}
  t=  14.00  cb_yield           L32-CB3 {'rot': 0.00461}
  t=  17.13  cb_yield           L27-CB2 {'rot': 0.00466}
  t=  19.00  cb_yield           L33-CB3 {'rot': 0.00467}
  progress t=  20.0s  max corner drift so far=0.0051  wall clock=212s
  t=  20.37  cb_failure         L9-CB1 {'rot': 0.01849}
  t=  20.37  cb_failure         L10-CB1 {'rot': 0.01887}
  t=  20.37  cb_failure         L11-CB1 {'rot': 0.01907}
  t=  20.37  cb_failure         L12-CB1 {'rot': 0.01912}
  t=  20.37  cb_failure         L13-CB1 {'rot': 0.019}
  t=  20.37  cb_failure         L14-CB1 {'rot': 0.0187}
  t=  20.37  cb_failure         L15-CB1 {'rot': 0.01826}
  t=  20.50  cb_failure         L8-CB0 {'rot': 0.01856}
  t=  20.50  cb_failure         L8-CB1 {'rot': 0.01849}
  t=  20.50  cb_failure         L9-CB0 {'rot': 0.01911}
  t=  20.50  cb_failure         L10-CB0 {'rot': 0.01938}
  t=  20.50  cb_failure         L11-CB0 {'rot': 0.01941}
  t=  20.50  cb_failure         L12-CB0 {'rot': 0.01924}
  t=  20.50  cb_failure         L13-CB0 {'rot': 0.01886}
  t=  20.50  cb_failure         L14-CB0 {'rot': 0.01828}
  t=  20.50  cb_failure         L16-CB1 {'rot': 0.01816}
  t=  20.62  cb_failure         L15-CB0 {'rot': 0.01832}
  t=  22.12  cb_yield           L28-CB2 {'rot': 0.00482}
  t=  22.12  cb_yield           L29-CB2 {'rot': 0.00479}
  t=  22.12  cb_yield           L30-CB2 {'rot': 0.00476}
  t=  22.12  cb_yield           L31-CB2 {'rot': 0.00473}
  t=  22.12  cb_yield           L32-CB2 {'rot': 0.00471}
  t=  22.12  cb_yield           L33-CB2 {'rot': 0.00468}
  t=  22.62  cb_failure         L6-CB1 {'rot': 0.01878}
  t=  22.62  cb_failure         L7-CB1 {'rot': 0.01918}
  t=  23.00  cb_failure         L16-CB0 {'rot': 0.01822}
  t=  23.00  cb_failure         L17-CB1 {'rot': 0.01917}
  t=  23.12  cb_failure         L17-CB0 {'rot': 0.01866}
  t=  23.12  cb_failure         L18-CB0 {'rot': 0.01856}
  t=  23.12  cb_failure         L18-CB1 {'rot': 0.01913}
  t=  23.12  cb_failure         L19-CB1 {'rot': 0.01882}
  t=  25.12  cb_failure         L9-CB3 {'rot': 0.01823}
  t=  25.12  cb_failure         L10-CB3 {'rot': 0.01891}
  t=  25.12  cb_failure         L11-CB3 {'rot': 0.01938}
  t=  25.12  cb_failure         L12-CB3 {'rot': 0.01967}
  t=  25.12  cb_failure         L13-CB3 {'rot': 0.01979}
  t=  25.12  cb_failure         L14-CB3 {'rot': 0.01971}
  t=  25.12  cb_failure         L15-CB3 {'rot': 0.01945}
  t=  25.12  cb_failure         L16-CB3 {'rot': 0.01902}
  t=  25.25  cb_failure         L17-CB3 {'rot': 0.01929}
  t=  25.25  cb_failure         L18-CB3 {'rot': 0.01873}
  t=  25.37  cb_failure         L19-CB3 {'rot': 0.01869}
  t=  25.37  cb_failure         L20-CB1 {'rot': 0.01972}
  t=  25.37  cb_failure         L21-CB1 {'rot': 0.01954}
  t=  25.37  cb_failure         L22-CB1 {'rot': 0.01925}
  t=  25.37  cb_failure         L23-CB1 {'rot': 0.01885}
  t=  25.50  cb_failure         L20-CB3 {'rot': 0.0193}
  t=  25.50  cb_failure         L21-CB3 {'rot': 0.01918}
  t=  25.50  cb_failure         L22-CB3 {'rot': 0.01903}
  t=  25.50  cb_failure         L23-CB3 {'rot': 0.01886}
  t=  25.50  cb_failure         L24-CB1 {'rot': 0.02044}
  t=  25.50  cb_failure         L24-CB3 {'rot': 0.01866}
  t=  25.50  cb_failure         L25-CB1 {'rot': 0.02022}
  t=  25.50  cb_failure         L26-CB1 {'rot': 0.01993}
  t=  25.50  cb_failure         L27-CB1 {'rot': 0.01955}
  t=  25.50  cb_failure         L28-CB1 {'rot': 0.01916}
  t=  25.50  cb_failure         L29-CB1 {'rot': 0.01869}
  t=  25.62  cb_failure         L25-CB3 {'rot': 0.019}
  t=  25.62  cb_failure         L26-CB3 {'rot': 0.01879}
  t=  25.62  cb_failure         L27-CB3 {'rot': 0.01855}
  t=  25.87  cb_failure         L8-CB3 {'rot': 0.0184}
  t=  26.00  cb_failure         L4-CB1 {'rot': 0.01859}
  t=  26.00  cb_failure         L5-CB0 {'rot': 0.01864}
  t=  26.00  cb_failure         L5-CB1 {'rot': 0.02067}
  t=  26.00  cb_failure         L6-CB0 {'rot': 0.01976}
  t=  26.00  cb_failure         L6-CB3 {'rot': 0.01899}
  t=  26.00  cb_failure         L7-CB0 {'rot': 0.02044}
  t=  26.00  cb_failure         L7-CB3 {'rot': 0.01985}
  t=  26.12  cb_failure         L4-CB0 {'rot': 0.01874}
  t=  26.12  cb_failure         L5-CB3 {'rot': 0.01905}
  t=  26.12  cb_failure         L7-CB2 {'rot': 0.0185}
  t=  26.12  cb_failure         L8-CB2 {'rot': 0.01886}
  t=  26.12  cb_failure         L9-CB2 {'rot': 0.01898}
  t=  26.12  cb_failure         L10-CB2 {'rot': 0.0189}
  t=  26.12  cb_failure         L11-CB2 {'rot': 0.01866}
  t=  26.12  cb_failure         L12-CB2 {'rot': 0.01829}
  t=  26.25  cb_failure         L6-CB2 {'rot': 0.01836}
  t=  26.62  cb_failure         L30-CB1 {'rot': 0.01857}
  t=  26.75  cb_failure         L31-CB1 {'rot': 0.01885}
  t=  26.75  cb_failure         L32-CB1 {'rot': 0.01855}
  t=  26.87  cb_failure         L33-CB1 {'rot': 0.01873}
  progress t=  30.0s  max corner drift so far=0.0077  wall clock=330s
  t=  32.75  cb_failure         L28-CB3 {'rot': 0.01889}
  t=  32.87  cb_failure         L29-CB3 {'rot': 0.02225}
  t=  32.87  cb_failure         L30-CB3 {'rot': 0.02197}
  t=  32.87  cb_failure         L31-CB3 {'rot': 0.02159}
  t=  32.87  cb_failure         L32-CB3 {'rot': 0.02126}
  t=  32.87  cb_failure         L33-CB3 {'rot': 0.02113}
  progress t=  40.0s  max corner drift so far=0.0077  wall clock=442s
  t=  40.12  cb_failure         L13-CB2 {'rot': 0.01952}
  t=  40.12  cb_failure         L14-CB2 {'rot': 0.01951}
  t=  40.12  cb_failure         L15-CB2 {'rot': 0.01941}
  t=  40.12  cb_failure         L16-CB2 {'rot': 0.01921}
  t=  40.12  cb_failure         L17-CB2 {'rot': 0.01883}
  t=  40.25  cb_failure         L18-CB2 {'rot': 0.01969}
  t=  40.25  cb_failure         L19-CB0 {'rot': 0.01875}
  t=  40.25  cb_failure         L19-CB2 {'rot': 0.01908}
  t=  47.50  cb_failure         L20-CB0 {'rot': 0.01979}
  t=  47.50  cb_failure         L21-CB0 {'rot': 0.01976}
  t=  47.50  cb_failure         L22-CB0 {'rot': 0.01955}
  t=  47.50  cb_failure         L23-CB0 {'rot': 0.01917}
  t=  47.50  cb_failure         L24-CB0 {'rot': 0.01862}
  t=  47.62  cb_failure         L25-CB0 {'rot': 0.02141}
  t=  47.62  cb_failure         L26-CB0 {'rot': 0.02116}
  t=  47.62  cb_failure         L27-CB0 {'rot': 0.0208}
  t=  47.62  cb_failure         L28-CB0 {'rot': 0.02041}
  t=  47.62  cb_failure         L29-CB0 {'rot': 0.01993}
  t=  47.62  cb_failure         L30-CB0 {'rot': 0.01934}
  t=  47.62  cb_failure         L31-CB0 {'rot': 0.01877}
  t=  47.75  cb_failure         L25-CB2 {'rot': 0.01898}
  t=  47.75  cb_failure         L26-CB2 {'rot': 0.0193}
  t=  47.75  cb_failure         L27-CB2 {'rot': 0.01946}
  t=  47.75  cb_failure         L28-CB2 {'rot': 0.01954}
  t=  47.75  cb_failure         L29-CB2 {'rot': 0.0195}
  t=  47.75  cb_failure         L30-CB2 {'rot': 0.01926}
  t=  47.75  cb_failure         L31-CB2 {'rot': 0.01892}
  t=  47.75  cb_failure         L32-CB0 {'rot': 0.02131}
  t=  47.75  cb_failure         L32-CB2 {'rot': 0.01861}
  t=  47.75  cb_failure         L33-CB0 {'rot': 0.02117}
  t=  48.50  cb_failure         L3-CB3 {'rot': 0.01916}
  t=  48.50  cb_failure         L4-CB2 {'rot': 0.01915}
  t=  48.50  cb_failure         L4-CB3 {'rot': 0.02147}
  t=  48.50  cb_failure         L5-CB2 {'rot': 0.02039}
  t=  48.62  cb_failure         L2-CB3 {'rot': 0.01846}
  t=  48.62  cb_failure         L3-CB0 {'rot': 0.01908}
  t=  48.62  cb_failure         L3-CB1 {'rot': 0.0198}
  t=  48.62  cb_failure         L3-CB2 {'rot': 0.02008}
  t=  49.12  cb_failure         L20-CB2 {'rot': 0.02211}
  t=  49.12  cb_failure         L21-CB2 {'rot': 0.02127}
  t=  49.12  cb_failure         L22-CB2 {'rot': 0.0203}
  t=  49.12  cb_failure         L23-CB2 {'rot': 0.01923}
  t=  49.25  cb_failure         L24-CB2 {'rot': 0.02303}
  t=  49.37  cb_failure         L33-CB2 {'rot': 0.02078}
  progress t=  50.0s  max corner drift so far=0.0077  wall clock=556s
  progress t=  60.0s  max corner drift so far=0.0092  wall clock=665s
  t=  65.87  cb_failure         L2-CB1 {'rot': 0.01889}
  progress t=  70.0s  max corner drift so far=0.0092  wall clock=771s
  progress t=  80.0s  max corner drift so far=0.0092  wall clock=877s
  progress t=  90.0s  max corner drift so far=0.0092  wall clock=983s
  progress t= 100.0s  max corner drift so far=0.0092  wall clock=1087s
