  t=   2.00  cb_yield           L6-CB1 {'rot': 0.0042}
  t=   2.00  cb_yield           L6-CB3 {'rot': 0.00427}
  t=   2.00  cb_yield           L7-CB1 {'rot': 0.00427}
  t=   2.00  cb_yield           L7-CB3 {'rot': 0.00435}
  t=   2.00  cb_yield           L8-CB1 {'rot': 0.00427}
  t=   2.00  cb_yield           L8-CB3 {'rot': 0.00436}
  t=   2.00  cb_yield           L9-CB1 {'rot': 0.00421}
  t=   2.00  cb_yield           L9-CB3 {'rot': 0.0043}
  t=   2.00  cb_yield           L10-CB3 {'rot': 0.0042}
  t=   2.12  cb_yield           L5-CB1 {'rot': 0.00413}
  t=   2.12  cb_yield           L5-CB3 {'rot': 0.00418}
  t=   2.12  cb_yield           L10-CB1 {'rot': 0.00466}
  t=   2.12  cb_yield           L11-CB1 {'rot': 0.0046}
  t=   2.12  cb_yield           L11-CB3 {'rot': 0.0047}
  t=   2.12  cb_yield           L12-CB1 {'rot': 0.00451}
  t=   2.12  cb_yield           L12-CB3 {'rot': 0.00462}
  t=   2.12  cb_yield           L13-CB1 {'rot': 0.00439}
  t=   2.12  cb_yield           L13-CB3 {'rot': 0.00451}
  t=   2.12  cb_yield           L14-CB1 {'rot': 0.00424}
  t=   2.12  cb_yield           L14-CB3 {'rot': 0.00436}
  t=   2.12  cb_yield           L15-CB3 {'rot': 0.0042}
  t=   2.25  cb_yield           L15-CB1 {'rot': 0.00462}
  t=   2.25  cb_yield           L16-CB1 {'rot': 0.00449}
  t=   2.25  cb_yield           L16-CB3 {'rot': 0.00464}
  t=   2.37  cb_yield           L17-CB1 {'rot': 0.00495}
  t=   2.37  cb_yield           L17-CB3 {'rot': 0.00513}
  t=   2.37  cb_yield           L18-CB1 {'rot': 0.00493}
  t=   2.37  cb_yield           L18-CB3 {'rot': 0.00513}
  t=   2.37  cb_yield           L19-CB1 {'rot': 0.00488}
  t=   2.37  cb_yield           L19-CB3 {'rot': 0.0051}
  t=   2.37  cb_yield           L20-CB1 {'rot': 0.00482}
  t=   2.37  cb_yield           L20-CB3 {'rot': 0.00505}
  t=   2.37  cb_yield           L21-CB1 {'rot': 0.00473}
  t=   2.37  cb_yield           L21-CB3 {'rot': 0.00497}
  t=   2.37  cb_yield           L22-CB1 {'rot': 0.00461}
  t=   2.37  cb_yield           L22-CB3 {'rot': 0.00485}
  t=   2.37  cb_yield           L23-CB3 {'rot': 0.00472}
  t=   2.50  cb_yield           L23-CB1 {'rot': 0.0056}
  t=   2.50  cb_yield           L24-CB1 {'rot': 0.00539}
  t=   2.50  cb_yield           L24-CB3 {'rot': 0.00563}
  t=   2.50  cb_yield           L25-CB1 {'rot': 0.00513}
  t=   2.50  cb_yield           L25-CB3 {'rot': 0.00537}
  t=   2.50  cb_yield           L26-CB1 {'rot': 0.00483}
  t=   2.50  cb_yield           L26-CB3 {'rot': 0.00507}
  t=   2.50  cb_yield           L27-CB3 {'rot': 0.00475}
  t=   2.62  cb_yield           L27-CB1 {'rot': 0.00471}
  t=   3.62  cb_yield           L14-CB0 {'rot': 0.00428}
  t=   3.62  cb_yield           L15-CB0 {'rot': 0.00446}
  t=   3.62  cb_yield           L16-CB0 {'rot': 0.0046}
  t=   3.62  cb_yield           L17-CB0 {'rot': 0.00473}
  t=   3.62  cb_yield           L18-CB0 {'rot': 0.0048}
  t=   3.62  cb_yield           L19-CB0 {'rot': 0.00481}
  t=   3.62  cb_yield           L20-CB0 {'rot': 0.00478}
  t=   3.62  cb_yield           L21-CB0 {'rot': 0.00469}
  t=   3.75  cb_yield           L9-CB0 {'rot': 0.00425}
  t=   3.75  cb_yield           L10-CB0 {'rot': 0.00437}
  t=   3.75  cb_yield           L11-CB0 {'rot': 0.00447}
  t=   3.75  cb_yield           L12-CB0 {'rot': 0.00457}
  t=   3.75  cb_yield           L13-CB0 {'rot': 0.00465}
  t=   3.87  cb_yield           L4-CB0 {'rot': 0.00459}
  t=   3.87  cb_yield           L4-CB1 {'rot': 0.00448}
  t=   3.87  cb_yield           L5-CB0 {'rot': 0.00498}
  t=   3.87  cb_yield           L5-CB2 {'rot': 0.00418}
  t=   3.87  cb_yield           L6-CB0 {'rot': 0.00523}
  t=   3.87  cb_yield           L6-CB2 {'rot': 0.00435}
  t=   3.87  cb_yield           L7-CB0 {'rot': 0.00539}
  t=   3.87  cb_yield           L7-CB2 {'rot': 0.00442}
  t=   3.87  cb_yield           L8-CB0 {'rot': 0.00545}
  t=   3.87  cb_yield           L8-CB2 {'rot': 0.00441}
  t=   3.87  cb_yield           L9-CB2 {'rot': 0.00436}
  t=   3.87  cb_yield           L10-CB2 {'rot': 0.00426}
  t=   3.87  cb_yield           L11-CB2 {'rot': 0.00413}
  t=   4.00  cb_yield           L2-CB0 {'rot': 0.00434}
  t=   4.00  cb_yield           L2-CB1 {'rot': 0.0042}
  t=   4.00  cb_yield           L3-CB0 {'rot': 0.00529}
  t=   4.00  cb_yield           L3-CB1 {'rot': 0.00514}
  t=   4.00  cb_yield           L3-CB2 {'rot': 0.00459}
  t=   4.00  cb_yield           L3-CB3 {'rot': 0.00443}
  t=   4.00  cb_yield           L4-CB2 {'rot': 0.00514}
  t=   4.00  cb_yield           L4-CB3 {'rot': 0.00494}
  t=   4.12  cb_yield           L2-CB2 {'rot': 0.00455}
  t=   4.12  cb_yield           L2-CB3 {'rot': 0.00438}
  t=   8.25  cb_yield           L12-CB2 {'rot': 0.00431}
  t=   8.25  cb_yield           L13-CB2 {'rot': 0.00422}
  t=   8.25  cb_yield           L14-CB2 {'rot': 0.00411}
  t=   8.38  cb_yield           L15-CB2 {'rot': 0.00511}
  t=   8.38  cb_yield           L16-CB2 {'rot': 0.00484}
  t=   8.50  cb_yield           L17-CB2 {'rot': 0.00576}
  t=   8.50  cb_yield           L18-CB2 {'rot': 0.00534}
  t=   8.50  cb_yield           L19-CB2 {'rot': 0.00495}
  t=   8.50  cb_yield           L20-CB2 {'rot': 0.00458}
  t=   8.63  cb_yield           L21-CB2 {'rot': 0.0054}
  t=   8.63  cb_yield           L22-CB2 {'rot': 0.00492}
  t=   8.63  cb_yield           L28-CB3 {'rot': 0.005}
  t=   8.63  cb_yield           L29-CB3 {'rot': 0.00472}
  t=   8.75  cb_yield           L23-CB2 {'rot': 0.00536}
  t=   8.75  cb_yield           L24-CB2 {'rot': 0.00485}
  t=   8.75  cb_yield           L30-CB3 {'rot': 0.00521}
  t=   8.75  cb_yield           L31-CB3 {'rot': 0.005}
  t=   8.75  cb_yield           L32-CB3 {'rot': 0.00485}
  t=   8.75  cb_yield           L33-CB3 {'rot': 0.00477}
  t=   8.88  cb_yield           L25-CB2 {'rot': 0.00494}
  t=   9.00  cb_yield           L26-CB2 {'rot': 0.00499}
  t=   9.13  cb_yield           L27-CB2 {'rot': 0.00464}
  t=   9.13  cb_yield           L28-CB1 {'rot': 0.00471}
  t=   9.25  cb_yield           L29-CB1 {'rot': 0.00613}
  t=   9.25  cb_yield           L30-CB1 {'rot': 0.00571}
  t=   9.25  cb_yield           L31-CB1 {'rot': 0.00526}
  t=   9.25  cb_yield           L32-CB1 {'rot': 0.00487}
  t=   9.25  cb_yield           L33-CB1 {'rot': 0.00456}
  t=   9.88  cb_yield           L1-CB0 {'rot': 0.00519}
  t=  10.00  cb_yield           L1-CB1 {'rot': 0.00415}
  progress t=  10.0s  max corner drift so far=0.0033  wall clock=96s
  t=  10.38  cb_yield           L1-CB2 {'rot': 0.0049}
  t=  10.38  cb_yield           L1-CB3 {'rot': 0.00466}
  t=  10.38  cb_yield           L22-CB0 {'rot': 0.00711}
  t=  10.38  cb_yield           L23-CB0 {'rot': 0.00707}
  t=  10.38  cb_yield           L24-CB0 {'rot': 0.00695}
  t=  10.38  cb_yield           L25-CB0 {'rot': 0.00676}
  t=  10.38  cb_yield           L26-CB0 {'rot': 0.00652}
  t=  10.38  cb_yield           L27-CB0 {'rot': 0.00624}
  t=  10.38  cb_yield           L28-CB0 {'rot': 0.00594}
  t=  10.38  cb_yield           L29-CB0 {'rot': 0.00562}
  t=  10.38  cb_yield           L30-CB0 {'rot': 0.00527}
  t=  10.38  cb_yield           L31-CB0 {'rot': 0.00493}
  t=  10.38  cb_yield           L32-CB0 {'rot': 0.00464}
  t=  10.50  cb_yield           L33-CB0 {'rot': 0.00473}
  t=  11.13  cb_failure         L7-CB1 {'rot': 0.01827}
  t=  11.13  cb_failure         L8-CB1 {'rot': 0.01857}
  t=  11.13  cb_failure         L9-CB1 {'rot': 0.01866}
  t=  11.13  cb_failure         L10-CB1 {'rot': 0.01858}
  t=  11.13  cb_failure         L11-CB1 {'rot': 0.0184}
  t=  11.13  cb_failure         L12-CB1 {'rot': 0.01817}
  t=  11.25  cb_failure         L10-CB0 {'rot': 0.01845}
  t=  11.25  cb_failure         L11-CB0 {'rot': 0.01879}
  t=  11.25  cb_failure         L12-CB0 {'rot': 0.01913}
  t=  11.25  cb_failure         L13-CB0 {'rot': 0.01942}
  t=  11.25  cb_failure         L13-CB1 {'rot': 0.02172}
  t=  11.25  cb_failure         L14-CB0 {'rot': 0.01959}
  t=  11.25  cb_failure         L14-CB1 {'rot': 0.02195}
  t=  11.25  cb_failure         L15-CB0 {'rot': 0.01967}
  t=  11.25  cb_failure         L15-CB1 {'rot': 0.02208}
  t=  11.25  cb_failure         L16-CB0 {'rot': 0.01964}
  t=  11.25  cb_failure         L16-CB1 {'rot': 0.02209}
  t=  11.25  cb_failure         L17-CB0 {'rot': 0.01946}
  t=  11.25  cb_failure         L17-CB1 {'rot': 0.02192}
  t=  11.25  cb_failure         L18-CB0 {'rot': 0.01913}
  t=  11.25  cb_failure         L18-CB1 {'rot': 0.0216}
  t=  11.25  cb_failure         L19-CB0 {'rot': 0.01865}
  t=  11.25  cb_failure         L19-CB1 {'rot': 0.02112}
  t=  11.25  cb_failure         L20-CB1 {'rot': 0.02049}
  t=  11.25  cb_failure         L21-CB1 {'rot': 0.01969}
  t=  11.25  cb_failure         L22-CB1 {'rot': 0.01865}
  t=  11.38  cb_failure         L9-CB0 {'rot': 0.01907}
  t=  11.38  cb_failure         L20-CB0 {'rot': 0.02138}
  t=  11.38  cb_failure         L21-CB0 {'rot': 0.02033}
  t=  11.38  cb_failure         L22-CB0 {'rot': 0.01897}
  t=  11.38  cb_failure         L23-CB1 {'rot': 0.01986}
  t=  11.50  cb_failure         L24-CB1 {'rot': 0.01908}
  t=  11.63  cb_failure         L16-CB3 {'rot': 0.01832}
  t=  11.63  cb_failure         L23-CB0 {'rot': 0.01931}
  t=  11.63  cb_failure         L25-CB1 {'rot': 0.0188}
  t=  11.75  cb_yield           L28-CB2 {'rot': 0.00479}
  t=  11.88  cb_yield           L29-CB2 {'rot': 0.0046}
  t=  12.00  cb_yield           L30-CB2 {'rot': 0.00477}
  t=  14.00  cb_yield           L31-CB2 {'rot': 0.00543}
  t=  14.00  cb_yield           L32-CB2 {'rot': 0.00498}
  t=  14.00  cb_yield           L33-CB2 {'rot': 0.00475}
  t=  14.25  cb_failure         L12-CB3 {'rot': 0.01844}
  t=  14.25  cb_failure         L13-CB3 {'rot': 0.01894}
  t=  14.25  cb_failure         L14-CB3 {'rot': 0.01934}
  t=  14.25  cb_failure         L15-CB3 {'rot': 0.01969}
  t=  14.25  cb_failure         L17-CB3 {'rot': 0.02021}
  t=  14.25  cb_failure         L18-CB3 {'rot': 0.02039}
  t=  14.25  cb_failure         L19-CB3 {'rot': 0.02048}
  t=  14.25  cb_failure         L20-CB3 {'rot': 0.02051}
  t=  14.25  cb_failure         L21-CB3 {'rot': 0.02043}
  t=  14.25  cb_failure         L22-CB3 {'rot': 0.02024}
  t=  14.25  cb_failure         L23-CB3 {'rot': 0.01993}
  t=  14.25  cb_failure         L24-CB3 {'rot': 0.0195}
  t=  14.25  cb_failure         L25-CB3 {'rot': 0.01897}
  t=  14.38  cb_failure         L10-CB3 {'rot': 0.01865}
  t=  14.38  cb_failure         L11-CB3 {'rot': 0.01975}
  t=  14.63  cb_failure         L8-CB3 {'rot': 0.01848}
  t=  14.63  cb_failure         L9-CB3 {'rot': 0.01927}
  t=  14.75  cb_failure         L5-CB1 {'rot': 0.01872}
  t=  14.75  cb_failure         L6-CB1 {'rot': 0.02012}
  t=  14.75  cb_failure         L6-CB3 {'rot': 0.01842}
  t=  14.75  cb_failure         L7-CB3 {'rot': 0.01937}
  t=  14.75  cb_failure         L26-CB1 {'rot': 0.01861}
  t=  14.88  cb_failure         L27-CB1 {'rot': 0.01924}
  t=  14.88  cb_failure         L28-CB1 {'rot': 0.01906}
  t=  14.88  cb_failure         L29-CB1 {'rot': 0.01883}
  t=  14.88  cb_failure         L30-CB1 {'rot': 0.01855}
  t=  17.00  cb_failure         L5-CB0 {'rot': 0.01934}
  t=  17.00  cb_failure         L6-CB0 {'rot': 0.02022}
  t=  17.00  cb_failure         L6-CB2 {'rot': 0.0184}
  t=  17.00  cb_failure         L7-CB0 {'rot': 0.02069}
  t=  17.00  cb_failure         L7-CB2 {'rot': 0.01894}
  t=  17.00  cb_failure         L8-CB0 {'rot': 0.02087}
  t=  17.00  cb_failure         L8-CB2 {'rot': 0.01921}
  t=  17.00  cb_failure         L9-CB2 {'rot': 0.01928}
  t=  17.00  cb_failure         L10-CB2 {'rot': 0.01919}
  t=  17.00  cb_failure         L11-CB2 {'rot': 0.01898}
  t=  17.00  cb_failure         L12-CB2 {'rot': 0.01872}
  t=  17.00  cb_failure         L13-CB2 {'rot': 0.01836}
  t=  17.13  cb_failure         L4-CB0 {'rot': 0.01985}
  t=  17.13  cb_failure         L4-CB1 {'rot': 0.02025}
  t=  17.13  cb_failure         L5-CB2 {'rot': 0.01856}
  t=  17.13  cb_failure         L5-CB3 {'rot': 0.01907}
  t=  17.13  cb_failure         L14-CB2 {'rot': 0.02081}
  t=  17.13  cb_failure         L15-CB2 {'rot': 0.02023}
  t=  17.13  cb_failure         L16-CB2 {'rot': 0.01956}
  t=  17.13  cb_failure         L17-CB2 {'rot': 0.01865}
  t=  17.25  cb_failure         L3-CB0 {'rot': 0.01882}
  t=  17.25  cb_failure         L3-CB1 {'rot': 0.01931}
  t=  17.25  cb_failure         L4-CB2 {'rot': 0.01831}
  t=  17.25  cb_failure         L4-CB3 {'rot': 0.01876}
  t=  17.25  cb_failure         L18-CB2 {'rot': 0.02062}
  t=  17.25  cb_failure         L19-CB2 {'rot': 0.01956}
  t=  17.38  cb_failure         L20-CB2 {'rot': 0.02017}
  t=  17.38  cb_failure         L21-CB2 {'rot': 0.01867}
  t=  17.75  cb_failure         L24-CB0 {'rot': 0.02002}
  t=  17.88  cb_failure         L25-CB0 {'rot': 0.0187}
  t=  19.87  cb_failure         L2-CB1 {'rot': 0.01812}
  t=  19.87  cb_failure         L3-CB3 {'rot': 0.02005}
  t=  20.00  cb_failure         L2-CB0 {'rot': 0.01842}
  t=  20.00  cb_failure         L2-CB3 {'rot': 0.01911}
  t=  20.00  cb_failure         L26-CB3 {'rot': 0.02035}
  t=  20.00  cb_failure         L27-CB3 {'rot': 0.01948}
  t=  20.00  cb_failure         L28-CB3 {'rot': 0.01872}
  t=  20.00  cb_failure         L31-CB1 {'rot': 0.02111}
  t=  20.00  cb_failure         L32-CB1 {'rot': 0.02061}
  t=  20.00  cb_failure         L33-CB1 {'rot': 0.01983}
  progress t=  20.0s  max corner drift so far=0.0089  wall clock=202s
  t=  20.12  cb_failure         L1-CB1 {'rot': 0.0189}
  t=  20.12  cb_failure         L3-CB2 {'rot': 0.01831}
  t=  20.12  cb_failure         L29-CB3 {'rot': 0.0246}
  t=  20.12  cb_failure         L30-CB3 {'rot': 0.02392}
  t=  20.12  cb_failure         L31-CB3 {'rot': 0.02321}
  t=  20.12  cb_failure         L32-CB3 {'rot': 0.02266}
  t=  20.12  cb_failure         L33-CB3 {'rot': 0.02191}
  t=  20.25  cb_failure         L26-CB0 {'rot': 0.02171}
  t=  20.25  cb_failure         L27-CB0 {'rot': 0.02085}
  t=  20.25  cb_failure         L28-CB0 {'rot': 0.02005}
  t=  20.25  cb_failure         L29-CB0 {'rot': 0.01916}
  t=  20.37  cb_failure         L30-CB0 {'rot': 0.0194}
  t=  20.62  cb_failure         L22-CB2 {'rot': 0.02037}
  t=  20.75  cb_failure         L23-CB2 {'rot': 0.01942}
  t=  20.87  cb_failure         L24-CB2 {'rot': 0.01901}
  t=  20.87  cb_failure         L31-CB0 {'rot': 0.02078}
  t=  20.87  cb_failure         L32-CB0 {'rot': 0.02013}
  t=  20.87  cb_failure         L33-CB0 {'rot': 0.01992}
  t=  21.00  cb_failure         L25-CB2 {'rot': 0.01884}
  t=  21.12  cb_failure         L26-CB2 {'rot': 0.0187}
  t=  21.25  cb_failure         L1-CB0 {'rot': 0.01882}
  t=  23.62  cb_failure         L27-CB2 {'rot': 0.02216}
  t=  23.62  cb_failure         L28-CB2 {'rot': 0.02114}
  t=  23.62  cb_failure         L29-CB2 {'rot': 0.01992}
  t=  23.62  cb_failure         L30-CB2 {'rot': 0.01859}
  t=  23.75  cb_failure         L31-CB2 {'rot': 0.01978}
  t=  23.75  cb_failure         L32-CB2 {'rot': 0.01887}
  t=  23.75  cb_failure         L33-CB2 {'rot': 0.01861}
  progress t=  30.0s  max corner drift so far=0.0165  wall clock=320s
  t=  30.87  cb_failure         L2-CB2 {'rot': 0.01854}
  t=  37.87  cb_failure         L1-CB3 {'rot': 0.01846}
  progress t=  40.0s  max corner drift so far=0.0165  wall clock=440s
  t=  46.12  cb_failure         L1-CB2 {'rot': 0.01831}
  progress t=  50.0s  max corner drift so far=0.0165  wall clock=561s
  progress t=  60.0s  max corner drift so far=0.0165  wall clock=677s
  progress t=  70.0s  max corner drift so far=0.0165  wall clock=783s
  progress t=  80.0s  max corner drift so far=0.0165  wall clock=883s
  progress t=  90.0s  max corner drift so far=0.0165  wall clock=982s
  progress t= 100.0s  max corner drift so far=0.0165  wall clock=1080s
