  progress t=  10.0s  max corner drift so far=0.0015  wall clock=99s
  t=  10.50  cb_yield           L6-CB2 {'rot': 0.00495}
  t=  10.63  cb_yield           L4-CB0 {'rot': 0.0052}
  t=  10.63  cb_yield           L4-CB1 {'rot': 0.00495}
  t=  10.63  cb_yield           L4-CB2 {'rot': 0.00514}
  t=  10.63  cb_yield           L5-CB0 {'rot': 0.00531}
  t=  10.63  cb_yield           L5-CB1 {'rot': 0.00504}
  t=  10.63  cb_yield           L5-CB2 {'rot': 0.00529}
  t=  10.63  cb_yield           L6-CB0 {'rot': 0.00522}
  t=  10.63  cb_yield           L7-CB0 {'rot': 0.00497}
  t=  10.63  cb_yield           L7-CB2 {'rot': 0.00505}
  t=  10.75  cb_yield           L3-CB0 {'rot': 0.00503}
  t=  10.75  cb_yield           L6-CB1 {'rot': 0.00547}
  t=  10.75  cb_yield           L7-CB1 {'rot': 0.00529}
  t=  10.75  cb_yield           L8-CB0 {'rot': 0.00531}
  t=  10.75  cb_yield           L8-CB1 {'rot': 0.00497}
  t=  10.75  cb_yield           L9-CB0 {'rot': 0.00495}
  t=  10.88  cb_yield           L10-CB0 {'rot': 0.00504}
  t=  11.00  cb_yield           L11-CB0 {'rot': 0.00517}
  t=  11.00  cb_yield           L12-CB0 {'rot': 0.00515}
  t=  11.00  cb_yield           L13-CB0 {'rot': 0.00511}
  t=  11.00  cb_yield           L14-CB0 {'rot': 0.00505}
  t=  11.00  cb_yield           L15-CB0 {'rot': 0.00498}
  t=  11.13  cb_yield           L10-CB1 {'rot': 0.00493}
  t=  11.13  cb_yield           L11-CB1 {'rot': 0.00517}
  t=  11.13  cb_yield           L12-CB1 {'rot': 0.00545}
  t=  11.13  cb_yield           L13-CB1 {'rot': 0.00575}
  t=  11.13  cb_yield           L14-CB1 {'rot': 0.00604}
  t=  11.13  cb_yield           L15-CB1 {'rot': 0.00631}
  t=  11.13  cb_yield           L16-CB0 {'rot': 0.00661}
  t=  11.13  cb_yield           L16-CB1 {'rot': 0.00654}
  t=  11.13  cb_yield           L17-CB0 {'rot': 0.00686}
  t=  11.13  cb_yield           L17-CB1 {'rot': 0.00676}
  t=  11.13  cb_yield           L18-CB0 {'rot': 0.00702}
  t=  11.13  cb_yield           L18-CB1 {'rot': 0.0069}
  t=  11.13  cb_yield           L19-CB0 {'rot': 0.00709}
  t=  11.13  cb_yield           L19-CB1 {'rot': 0.00695}
  t=  11.13  cb_yield           L20-CB0 {'rot': 0.00708}
  t=  11.13  cb_yield           L20-CB1 {'rot': 0.00692}
  t=  11.13  cb_yield           L21-CB0 {'rot': 0.00697}
  t=  11.13  cb_yield           L21-CB1 {'rot': 0.00679}
  t=  11.13  cb_yield           L22-CB0 {'rot': 0.00676}
  t=  11.13  cb_yield           L22-CB1 {'rot': 0.00656}
  t=  11.13  cb_yield           L23-CB0 {'rot': 0.00647}
  t=  11.13  cb_yield           L23-CB1 {'rot': 0.00624}
  t=  11.13  cb_yield           L24-CB0 {'rot': 0.00609}
  t=  11.13  cb_yield           L24-CB1 {'rot': 0.00585}
  t=  11.13  cb_yield           L25-CB0 {'rot': 0.00565}
  t=  11.25  cb_yield           L9-CB1 {'rot': 0.00513}
  t=  11.25  cb_yield           L25-CB1 {'rot': 0.00638}
  t=  11.25  cb_yield           L26-CB0 {'rot': 0.00581}
  t=  11.25  cb_yield           L26-CB1 {'rot': 0.00584}
  t=  12.63  cb_yield           L9-CB3 {'rot': 0.00502}
  t=  12.63  cb_yield           L10-CB3 {'rot': 0.00521}
  t=  12.63  cb_yield           L11-CB3 {'rot': 0.00535}
  t=  12.63  cb_yield           L12-CB3 {'rot': 0.00546}
  t=  12.63  cb_yield           L13-CB3 {'rot': 0.00551}
  t=  12.63  cb_yield           L14-CB3 {'rot': 0.0055}
  t=  12.63  cb_yield           L15-CB3 {'rot': 0.00545}
  t=  12.63  cb_yield           L16-CB3 {'rot': 0.00536}
  t=  12.75  cb_yield           L7-CB3 {'rot': 0.00504}
  t=  12.75  cb_yield           L8-CB3 {'rot': 0.0052}
  t=  12.75  cb_yield           L17-CB3 {'rot': 0.00561}
  t=  12.75  cb_yield           L18-CB3 {'rot': 0.00559}
  t=  12.75  cb_yield           L19-CB3 {'rot': 0.00554}
  t=  12.75  cb_yield           L20-CB3 {'rot': 0.00548}
  t=  12.88  cb_yield           L6-CB3 {'rot': 0.00523}
  t=  12.88  cb_yield           L21-CB3 {'rot': 0.0061}
  t=  12.88  cb_yield           L22-CB3 {'rot': 0.00603}
  t=  12.88  cb_yield           L23-CB3 {'rot': 0.00592}
  t=  12.88  cb_yield           L24-CB3 {'rot': 0.00576}
  t=  12.88  cb_yield           L25-CB3 {'rot': 0.00556}
  t=  13.00  cb_yield           L8-CB2 {'rot': 0.00495}
  t=  13.00  cb_yield           L9-CB2 {'rot': 0.00506}
  t=  13.00  cb_yield           L10-CB2 {'rot': 0.00515}
  t=  13.00  cb_yield           L11-CB2 {'rot': 0.00519}
  t=  13.00  cb_yield           L12-CB2 {'rot': 0.00521}
  t=  13.00  cb_yield           L13-CB2 {'rot': 0.0052}
  t=  13.00  cb_yield           L14-CB2 {'rot': 0.00514}
  t=  13.00  cb_yield           L15-CB2 {'rot': 0.00506}
  t=  13.00  cb_yield           L16-CB2 {'rot': 0.00495}
  t=  13.13  cb_yield           L5-CB3 {'rot': 0.00522}
  t=  13.25  cb_yield           L4-CB3 {'rot': 0.00553}
  t=  13.38  cb_yield           L3-CB2 {'rot': 0.00522}
  t=  13.38  cb_yield           L3-CB3 {'rot': 0.0055}
  progress t=  20.0s  max corner drift so far=0.0034  wall clock=212s
  t=  20.37  cb_yield           L3-CB1 {'rot': 0.00522}
  t=  20.87  cb_yield           L27-CB1 {'rot': 0.00609}
  t=  20.87  cb_yield           L28-CB1 {'rot': 0.00592}
  t=  20.87  cb_yield           L29-CB1 {'rot': 0.00574}
  t=  20.87  cb_yield           L30-CB1 {'rot': 0.00555}
  t=  22.25  cb_yield           L2-CB0 {'rot': 0.00532}
  t=  22.25  cb_yield           L2-CB1 {'rot': 0.00536}
  t=  24.62  cb_yield           L2-CB3 {'rot': 0.00505}
  t=  24.87  cb_yield           L17-CB2 {'rot': 0.0059}
  t=  24.87  cb_yield           L18-CB2 {'rot': 0.00549}
  t=  25.00  cb_yield           L31-CB1 {'rot': 0.00709}
  t=  25.00  cb_yield           L32-CB1 {'rot': 0.00678}
  t=  25.00  cb_yield           L33-CB1 {'rot': 0.00652}
  t=  25.12  cb_yield           L26-CB3 {'rot': 0.00566}
  t=  25.12  cb_yield           L27-CB0 {'rot': 0.00547}
  t=  25.25  cb_yield           L27-CB3 {'rot': 0.00589}
  t=  25.37  cb_yield           L28-CB3 {'rot': 0.0059}
  t=  25.37  cb_yield           L29-CB3 {'rot': 0.00562}
  t=  26.75  cb_yield           L30-CB3 {'rot': 0.00593}
  t=  26.75  cb_yield           L31-CB3 {'rot': 0.00563}
  t=  27.25  cb_yield           L28-CB0 {'rot': 0.00585}
  t=  27.37  cb_yield           L21-CB2 {'rot': 0.00556}
  t=  27.37  cb_yield           L22-CB2 {'rot': 0.00563}
  t=  27.37  cb_yield           L23-CB2 {'rot': 0.00558}
  t=  27.37  cb_yield           L29-CB0 {'rot': 0.00587}
  t=  27.87  cb_yield           L2-CB2 {'rot': 0.0051}
  t=  28.00  cb_yield           L30-CB0 {'rot': 0.00619}
  t=  28.00  cb_yield           L31-CB0 {'rot': 0.00562}
  t=  28.12  cb_yield           L32-CB0 {'rot': 0.00562}
  t=  29.25  cb_yield           L32-CB3 {'rot': 0.00549}
  t=  29.37  cb_yield           L19-CB2 {'rot': 0.00664}
  t=  29.37  cb_yield           L20-CB2 {'rot': 0.00697}
  t=  29.37  cb_yield           L24-CB2 {'rot': 0.00678}
  t=  29.37  cb_yield           L25-CB2 {'rot': 0.00641}
  t=  29.37  cb_yield           L26-CB2 {'rot': 0.00595}
  t=  29.37  cb_yield           L33-CB3 {'rot': 0.00628}
  t=  29.50  cb_yield           L27-CB2 {'rot': 0.00616}
  t=  29.50  cb_yield           L28-CB2 {'rot': 0.00561}
  progress t=  30.0s  max corner drift so far=0.0046  wall clock=319s
  t=  33.00  cb_yield           L1-CB1 {'rot': 0.00542}
  t=  33.12  cb_yield           L1-CB0 {'rot': 0.00545}
  t= 33.700  solver fallback: Newton
  t=  33.75  cb_failure         L26-CB1 {'rot': 0.01962}
  t=  33.87  cb_failure         L23-CB1 {'rot': 0.01951}
  t=  33.87  cb_failure         L24-CB1 {'rot': 0.01987}
  t=  33.87  cb_failure         L25-CB1 {'rot': 0.02003}
  t=  33.87  cb_failure         L27-CB1 {'rot': 0.01981}
  t=  33.87  cb_failure         L27-CB3 {'rot': 0.01976}
  t=  33.87  cb_failure         L28-CB1 {'rot': 0.01974}
  t=  33.87  cb_failure         L28-CB3 {'rot': 0.01979}
  t=  33.87  cb_failure         L29-CB1 {'rot': 0.01946}
  t=  33.87  cb_failure         L29-CB3 {'rot': 0.01977}
  t=  33.87  cb_failure         L30-CB1 {'rot': 0.01975}
  t=  33.87  cb_failure         L30-CB3 {'rot': 0.01985}
  t=  33.87  cb_failure         L31-CB1 {'rot': 0.01983}
  t=  33.87  cb_failure         L31-CB3 {'rot': 0.01986}
  t=  33.87  cb_failure         L32-CB1 {'rot': 0.01982}
  t=  33.87  cb_failure         L32-CB3 {'rot': 0.01983}
  t=  33.87  cb_failure         L33-CB1 {'rot': 0.02036}
  t=  34.00  cb_failure         L33-CB3 {'rot': 0.01972}
  t=  39.50  cb_failure         L17-CB3 {'rot': 0.01982}
  t= 39.600  solver fallback: Newton
  t=  39.62  cb_failure         L20-CB3 {'rot': 0.01949}
  t=  39.62  cb_failure         L21-CB3 {'rot': 0.01959}
  t=  39.62  cb_failure         L22-CB3 {'rot': 0.0196}
  t=  39.62  cb_failure         L23-CB3 {'rot': 0.01949}
  t=  39.62  cb_failure         L24-CB3 {'rot': 0.01955}
  t= 39.625  solver fallback: Newton
  t= 39.650  solver fallback: Newton
  t= 39.725  solver fallback: Newton
  t=  39.75  cb_failure         L19-CB3 {'rot': 0.01957}
  t= 39.750  solver fallback: Newton
  t= 39.775  solver fallback: Newton
  t=  39.87  cb_failure         L25-CB3 {'rot': 0.01965}
  progress t=  40.0s  max corner drift so far=0.0046  wall clock=440s
  t=  40.25  cb_yield           L1-CB3 {'rot': 0.00567}
  t=  40.37  cb_yield           L1-CB2 {'rot': 0.00528}
  t=  46.62  cb_yield           L29-CB2 {'rot': 0.0056}
  t=  48.75  cb_failure         L14-CB3 {'rot': 0.01911}
  t=  48.75  cb_failure         L15-CB3 {'rot': 0.01947}
  t=  48.75  cb_failure         L16-CB3 {'rot': 0.01979}
  t=  48.75  cb_failure         L18-CB3 {'rot': 0.02039}
  t= 48.750  solver fallback: Newton
  t=  48.87  cb_failure         L11-CB3 {'rot': 0.01911}
  t=  48.87  cb_failure         L12-CB3 {'rot': 0.02003}
  t=  48.87  cb_failure         L13-CB3 {'rot': 0.0209}
  t=  48.87  cb_failure         L18-CB1 {'rot': 0.01955}
  t=  48.87  cb_failure         L26-CB3 {'rot': 0.0235}
  t=  48.87  cb_yield           L30-CB2 {'rot': 0.007}
  t=  48.87  cb_yield           L31-CB2 {'rot': 0.00622}
  t=  48.87  cb_yield           L32-CB2 {'rot': 0.00563}
  t= 48.900  solver fallback: Newton
  t=  49.00  cb_failure         L10-CB3 {'rot': 0.01893}
  t=  49.00  cb_failure         L16-CB1 {'rot': 0.01904}
  t=  49.00  cb_failure         L17-CB1 {'rot': 0.01962}
  t=  49.00  cb_failure         L19-CB1 {'rot': 0.02041}
  t=  49.00  cb_failure         L20-CB1 {'rot': 0.02063}
  t=  49.00  cb_failure         L21-CB1 {'rot': 0.02073}
  t=  49.00  cb_failure         L22-CB1 {'rot': 0.02069}
  t=  49.00  cb_yield           L33-CB2 {'rot': 0.00715}
  t=  49.25  cb_failure         L9-CB3 {'rot': 0.01894}
  progress t=  50.0s  max corner drift so far=0.0060  wall clock=550s
  t=  58.75  cb_failure         L8-CB1 {'rot': 0.01895}
  t=  58.75  cb_failure         L9-CB1 {'rot': 0.01926}
  t=  58.75  cb_failure         L10-CB1 {'rot': 0.01954}
  t=  58.75  cb_failure         L11-CB1 {'rot': 0.01976}
  t=  58.75  cb_failure         L12-CB1 {'rot': 0.01997}
  t=  58.75  cb_failure         L13-CB1 {'rot': 0.02016}
  t=  58.75  cb_failure         L14-CB1 {'rot': 0.02033}
  t=  58.75  cb_failure         L15-CB1 {'rot': 0.02049}
  t=  58.87  cb_failure         L6-CB1 {'rot': 0.01986}
  t=  58.87  cb_failure         L7-CB1 {'rot': 0.02083}
  t=  58.87  cb_failure         L7-CB3 {'rot': 0.01982}
  t=  58.87  cb_failure         L8-CB3 {'rot': 0.02077}
  t=  59.00  cb_failure         L5-CB1 {'rot': 0.02002}
  t=  59.00  cb_failure         L5-CB3 {'rot': 0.01985}
  t=  59.00  cb_failure         L6-CB3 {'rot': 0.02164}
  t=  59.00  cb_failure         L9-CB2 {'rot': 0.01922}
  t=  59.00  cb_failure         L10-CB2 {'rot': 0.01942}
  t=  59.00  cb_failure         L11-CB2 {'rot': 0.01945}
  t=  59.00  cb_failure         L12-CB2 {'rot': 0.01934}
  t=  59.00  cb_failure         L13-CB2 {'rot': 0.01905}
  t=  59.12  cb_failure         L4-CB1 {'rot': 0.01966}
  t=  59.12  cb_failure         L4-CB3 {'rot': 0.0207}
  t=  59.12  cb_failure         L5-CB2 {'rot': 0.01972}
  t=  59.12  cb_failure         L6-CB2 {'rot': 0.02103}
  t=  59.12  cb_failure         L7-CB2 {'rot': 0.02193}
  t=  59.12  cb_failure         L8-CB2 {'rot': 0.02249}
  t=  59.12  cb_failure         L14-CB2 {'rot': 0.02091}
  t=  59.12  cb_failure         L15-CB2 {'rot': 0.01996}
  t=  59.12  cb_failure         L16-CB2 {'rot': 0.01893}
  t=  59.25  cb_failure         L3-CB1 {'rot': 0.01894}
  t=  59.25  cb_failure         L3-CB3 {'rot': 0.02035}
  t=  59.25  cb_failure         L4-CB2 {'rot': 0.02041}
  t=  59.25  cb_failure         L6-CB0 {'rot': 0.01949}
  t=  59.25  cb_failure         L7-CB0 {'rot': 0.01989}
  t=  59.25  cb_failure         L8-CB0 {'rot': 0.02001}
  t=  59.25  cb_failure         L9-CB0 {'rot': 0.01986}
  t=  59.25  cb_failure         L10-CB0 {'rot': 0.01951}
  t=  59.25  cb_failure         L11-CB0 {'rot': 0.01899}
  t=  59.37  cb_failure         L3-CB2 {'rot': 0.01893}
  t=  59.37  cb_failure         L5-CB0 {'rot': 0.01904}
  t=  59.62  cb_failure         L17-CB2 {'rot': 0.0195}
  t=  59.62  cb_failure         L18-CB2 {'rot': 0.01955}
  progress t=  60.0s  max corner drift so far=0.0070  wall clock=652s
  t=  62.00  cb_failure         L12-CB0 {'rot': 0.01894}
  t=  64.87  cb_failure         L13-CB0 {'rot': 0.01987}
  t=  64.87  cb_failure         L14-CB0 {'rot': 0.01963}
  t=  64.87  cb_failure         L15-CB0 {'rot': 0.01932}
  t=  64.87  cb_failure         L16-CB0 {'rot': 0.01894}
  t=  64.87  cb_failure         L17-CB0 {'rot': 0.01963}
  t=  64.87  cb_failure         L19-CB2 {'rot': 0.02059}
  t=  64.87  cb_failure         L20-CB2 {'rot': 0.01978}
  t=  65.00  cb_failure         L18-CB0 {'rot': 0.01994}
  t=  65.12  cb_failure         L19-CB0 {'rot': 0.02058}
  t=  65.12  cb_failure         L20-CB0 {'rot': 0.01948}
  t=  65.12  cb_failure         L23-CB0 {'rot': 0.01981}
  t=  65.37  cb_yield           L33-CB0 {'rot': 0.00616}
  progress t=  70.0s  max corner drift so far=0.0070  wall clock=754s
  progress t=  80.0s  max corner drift so far=0.0070  wall clock=859s
  progress t=  90.0s  max corner drift so far=0.0070  wall clock=964s
  progress t= 100.0s  max corner drift so far=0.0070  wall clock=1063s
