  t=   2.37  cb_yield           L15-CB3 {'rot': 0.00419}
  t=   2.37  cb_yield           L16-CB1 {'rot': 0.00413}
  t=   2.37  cb_yield           L16-CB3 {'rot': 0.00426}
  t=   2.50  cb_yield           L15-CB1 {'rot': 0.00418}
  t=   2.50  cb_yield           L17-CB3 {'rot': 0.00466}
  t=   2.50  cb_yield           L18-CB1 {'rot': 0.00465}
  t=   2.50  cb_yield           L18-CB3 {'rot': 0.00481}
  t=   2.50  cb_yield           L19-CB1 {'rot': 0.00474}
  t=   2.50  cb_yield           L19-CB3 {'rot': 0.0049}
  t=   2.50  cb_yield           L20-CB1 {'rot': 0.00478}
  t=   2.50  cb_yield           L20-CB3 {'rot': 0.00496}
  t=   2.50  cb_yield           L21-CB1 {'rot': 0.00478}
  t=   2.50  cb_yield           L21-CB3 {'rot': 0.00496}
  t=   2.50  cb_yield           L22-CB1 {'rot': 0.00473}
  t=   2.50  cb_yield           L22-CB3 {'rot': 0.00492}
  t=   2.50  cb_yield           L23-CB1 {'rot': 0.00463}
  t=   2.50  cb_yield           L23-CB3 {'rot': 0.00482}
  t=   2.50  cb_yield           L24-CB3 {'rot': 0.00468}
  t=   2.62  cb_yield           L24-CB1 {'rot': 0.00456}
  t=   3.75  cb_yield           L11-CB0 {'rot': 0.00415}
  t=   3.75  cb_yield           L12-CB0 {'rot': 0.00418}
  t=   3.75  cb_yield           L13-CB0 {'rot': 0.00419}
  t=   3.75  cb_yield           L14-CB0 {'rot': 0.00417}
  t=   3.75  cb_yield           L15-CB0 {'rot': 0.00412}
  t=   3.87  cb_yield           L4-CB0 {'rot': 0.00415}
  t=   3.87  cb_yield           L5-CB0 {'rot': 0.0045}
  t=   3.87  cb_yield           L5-CB1 {'rot': 0.00432}
  t=   3.87  cb_yield           L6-CB0 {'rot': 0.00472}
  t=   3.87  cb_yield           L6-CB1 {'rot': 0.00451}
  t=   3.87  cb_yield           L7-CB0 {'rot': 0.00483}
  t=   3.87  cb_yield           L7-CB1 {'rot': 0.0046}
  t=   3.87  cb_yield           L8-CB0 {'rot': 0.00487}
  t=   3.87  cb_yield           L8-CB1 {'rot': 0.00462}
  t=   3.87  cb_yield           L9-CB0 {'rot': 0.00485}
  t=   3.87  cb_yield           L9-CB1 {'rot': 0.00456}
  t=   3.87  cb_yield           L10-CB0 {'rot': 0.00477}
  t=   3.87  cb_yield           L10-CB1 {'rot': 0.00445}
  t=   3.87  cb_yield           L11-CB1 {'rot': 0.00431}
  t=   3.87  cb_yield           L12-CB1 {'rot': 0.00416}
  t=   4.00  cb_yield           L3-CB0 {'rot': 0.00447}
  t=   4.00  cb_yield           L3-CB1 {'rot': 0.00429}
  t=   4.00  cb_yield           L4-CB1 {'rot': 0.00483}
  t=   4.00  cb_yield           L4-CB2 {'rot': 0.00431}
  t=   4.00  cb_yield           L5-CB2 {'rot': 0.00456}
  t=   4.00  cb_yield           L5-CB3 {'rot': 0.0043}
  t=   4.00  cb_yield           L6-CB2 {'rot': 0.00466}
  t=   4.00  cb_yield           L6-CB3 {'rot': 0.00436}
  t=   4.00  cb_yield           L7-CB2 {'rot': 0.00462}
  t=   4.00  cb_yield           L7-CB3 {'rot': 0.00429}
  t=   4.00  cb_yield           L8-CB2 {'rot': 0.00448}
  t=   4.00  cb_yield           L8-CB3 {'rot': 0.00412}
  t=   4.00  cb_yield           L9-CB2 {'rot': 0.00427}
  t=   4.12  cb_yield           L4-CB3 {'rot': 0.00432}
  t=   8.25  cb_yield           L9-CB3 {'rot': 0.00525}
  t=   8.25  cb_yield           L10-CB2 {'rot': 0.00419}
  t=   8.25  cb_yield           L10-CB3 {'rot': 0.00523}
  t=   8.25  cb_yield           L11-CB3 {'rot': 0.00516}
  t=   8.25  cb_yield           L12-CB3 {'rot': 0.00504}
  t=   8.25  cb_yield           L13-CB3 {'rot': 0.00489}
  t=   8.25  cb_yield           L14-CB3 {'rot': 0.0047}
  t=   8.38  cb_yield           L2-CB3 {'rot': 0.00419}
  t=   8.38  cb_yield           L3-CB2 {'rot': 0.00473}
  t=   8.38  cb_yield           L3-CB3 {'rot': 0.00519}
  t=   8.38  cb_yield           L11-CB2 {'rot': 0.00533}
  t=   8.38  cb_yield           L12-CB2 {'rot': 0.00501}
  t=   8.38  cb_yield           L13-CB2 {'rot': 0.00467}
  t=   8.38  cb_yield           L14-CB2 {'rot': 0.00432}
  t=   8.50  cb_yield           L2-CB1 {'rot': 0.00427}
  t=   8.50  cb_yield           L2-CB2 {'rot': 0.00452}
  t=   8.50  cb_yield           L13-CB1 {'rot': 0.00455}
  t=   8.50  cb_yield           L15-CB2 {'rot': 0.00511}
  t=   8.50  cb_yield           L16-CB2 {'rot': 0.00471}
  t=   8.63  cb_yield           L14-CB1 {'rot': 0.00518}
  t=   8.63  cb_yield           L17-CB2 {'rot': 0.00551}
  t=   8.63  cb_yield           L18-CB2 {'rot': 0.00506}
  t=   8.63  cb_yield           L19-CB2 {'rot': 0.00463}
  t=   8.75  cb_yield           L17-CB1 {'rot': 0.00458}
  t=   8.75  cb_yield           L20-CB2 {'rot': 0.00557}
  t=   8.75  cb_yield           L21-CB2 {'rot': 0.00519}
  t=   8.75  cb_yield           L22-CB2 {'rot': 0.0048}
  t=   8.75  cb_yield           L25-CB3 {'rot': 0.00591}
  t=   8.75  cb_yield           L26-CB3 {'rot': 0.00557}
  t=   8.75  cb_yield           L27-CB3 {'rot': 0.00527}
  t=   8.75  cb_yield           L28-CB3 {'rot': 0.00499}
  t=   8.75  cb_yield           L29-CB3 {'rot': 0.00474}
  t=   8.88  cb_yield           L23-CB2 {'rot': 0.00546}
  t=   8.88  cb_yield           L24-CB2 {'rot': 0.00505}
  t=   8.88  cb_yield           L25-CB2 {'rot': 0.00464}
  t=   8.88  cb_yield           L30-CB3 {'rot': 0.0054}
  t=   8.88  cb_yield           L31-CB3 {'rot': 0.00515}
  t=   8.88  cb_yield           L32-CB3 {'rot': 0.00497}
  t=   8.88  cb_yield           L33-CB3 {'rot': 0.00486}
  t=   9.00  cb_yield           L25-CB1 {'rot': 0.00464}
  t=   9.00  cb_yield           L26-CB2 {'rot': 0.00483}
  t=   9.13  cb_yield           L26-CB1 {'rot': 0.00669}
  t=   9.13  cb_yield           L27-CB1 {'rot': 0.00636}
  t=   9.13  cb_yield           L28-CB1 {'rot': 0.006}
  t=   9.13  cb_yield           L29-CB1 {'rot': 0.00557}
  t=   9.13  cb_yield           L30-CB1 {'rot': 0.0051}
  t=   9.13  cb_yield           L31-CB1 {'rot': 0.00465}
  t=   9.25  cb_yield           L32-CB1 {'rot': 0.00556}
  t=   9.25  cb_yield           L33-CB1 {'rot': 0.00497}
  t=   9.75  cb_yield           L2-CB0 {'rot': 0.00509}
  t=   9.88  cb_yield           L1-CB0 {'rot': 0.0043}
  progress t=  10.0s  max corner drift so far=0.0029  wall clock=111s
  t=  10.38  cb_yield           L1-CB2 {'rot': 0.00412}
  t=  10.38  cb_yield           L18-CB0 {'rot': 0.00493}
  t=  10.38  cb_yield           L19-CB0 {'rot': 0.00548}
  t=  10.38  cb_yield           L20-CB0 {'rot': 0.00592}
  t=  10.38  cb_yield           L21-CB0 {'rot': 0.00624}
  t=  10.38  cb_yield           L22-CB0 {'rot': 0.00643}
  t=  10.38  cb_yield           L23-CB0 {'rot': 0.0065}
  t=  10.38  cb_yield           L24-CB0 {'rot': 0.00645}
  t=  10.38  cb_yield           L25-CB0 {'rot': 0.0063}
  t=  10.38  cb_yield           L26-CB0 {'rot': 0.00607}
  t=  10.38  cb_yield           L27-CB0 {'rot': 0.00577}
  t=  10.38  cb_yield           L28-CB0 {'rot': 0.00543}
  t=  10.38  cb_yield           L29-CB0 {'rot': 0.00506}
  t=  10.38  cb_yield           L30-CB0 {'rot': 0.00466}
  t=  10.50  cb_yield           L1-CB1 {'rot': 0.00464}
  t=  10.50  cb_yield           L1-CB3 {'rot': 0.00502}
  t=  10.50  cb_yield           L31-CB0 {'rot': 0.00499}
  t=  10.50  cb_yield           L32-CB0 {'rot': 0.00459}
  t=  10.88  cb_yield           L16-CB0 {'rot': 0.00651}
  t=  10.88  cb_yield           L17-CB0 {'rot': 0.00564}
  t=  11.25  cb_failure         L15-CB1 {'rot': 0.01818}
  t=  11.25  cb_failure         L16-CB1 {'rot': 0.01854}
  t=  11.25  cb_failure         L17-CB1 {'rot': 0.01879}
  t=  11.25  cb_failure         L18-CB1 {'rot': 0.01887}
  t=  11.25  cb_failure         L19-CB1 {'rot': 0.01879}
  t=  11.25  cb_failure         L20-CB1 {'rot': 0.01857}
  t=  11.25  cb_yield           L33-CB0 {'rot': 0.00498}
  t=  11.38  cb_failure         L12-CB1 {'rot': 0.01826}
  t=  11.38  cb_failure         L13-CB1 {'rot': 0.01908}
  t=  11.38  cb_failure         L14-CB1 {'rot': 0.01968}
  t=  11.38  cb_failure         L21-CB1 {'rot': 0.0195}
  t=  11.38  cb_failure         L22-CB1 {'rot': 0.01891}
  t=  11.63  cb_yield           L27-CB2 {'rot': 0.0046}
  t=  17.00  cb_yield           L28-CB2 {'rot': 0.00542}
  t=  17.00  cb_yield           L29-CB2 {'rot': 0.0048}
  t=  17.13  cb_failure         L9-CB1 {'rot': 0.01824}
  t=  17.13  cb_failure         L10-CB1 {'rot': 0.01829}
  t=  17.13  cb_failure         L11-CB1 {'rot': 0.0182}
  t=  17.25  cb_failure         L6-CB1 {'rot': 0.01828}
  t=  17.25  cb_failure         L7-CB0 {'rot': 0.01827}
  t=  17.25  cb_failure         L7-CB1 {'rot': 0.01894}
  t=  17.25  cb_failure         L8-CB0 {'rot': 0.01858}
  t=  17.25  cb_failure         L8-CB1 {'rot': 0.01933}
  t=  17.25  cb_failure         L9-CB0 {'rot': 0.01869}
  t=  17.25  cb_failure         L10-CB0 {'rot': 0.01865}
  t=  17.25  cb_failure         L11-CB0 {'rot': 0.01849}
  t=  17.25  cb_failure         L12-CB0 {'rot': 0.01829}
  t=  17.38  cb_failure         L13-CB0 {'rot': 0.02019}
  t=  17.38  cb_failure         L14-CB0 {'rot': 0.01998}
  t=  17.38  cb_failure         L15-CB0 {'rot': 0.01965}
  t=  17.38  cb_failure         L16-CB0 {'rot': 0.0192}
  t=  17.38  cb_failure         L17-CB0 {'rot': 0.01855}
  t=  17.50  cb_failure         L18-CB0 {'rot': 0.01908}
  t=  17.63  cb_failure         L19-CB0 {'rot': 0.01893}
  t=  19.50  cb_failure         L5-CB3 {'rot': 0.01932}
  t=  19.50  cb_failure         L6-CB3 {'rot': 0.02041}
  t=  19.50  cb_failure         L7-CB3 {'rot': 0.02104}
  t=  19.50  cb_failure         L8-CB3 {'rot': 0.02131}
  t=  19.50  cb_failure         L9-CB3 {'rot': 0.02133}
  t=  19.50  cb_failure         L10-CB3 {'rot': 0.02111}
  t=  19.50  cb_failure         L11-CB3 {'rot': 0.02071}
  t=  19.50  cb_failure         L12-CB3 {'rot': 0.02016}
  t=  19.50  cb_failure         L13-CB3 {'rot': 0.01945}
  t=  19.50  cb_failure         L14-CB3 {'rot': 0.01859}
  t=  19.62  cb_failure         L5-CB1 {'rot': 0.01812}
  t=  19.62  cb_failure         L8-CB2 {'rot': 0.01855}
  t=  19.62  cb_failure         L9-CB2 {'rot': 0.0188}
  t=  19.62  cb_failure         L10-CB2 {'rot': 0.01881}
  t=  19.62  cb_failure         L11-CB2 {'rot': 0.01857}
  t=  19.62  cb_failure         L15-CB3 {'rot': 0.01984}
  t=  19.62  cb_failure         L16-CB3 {'rot': 0.0184}
  t=  19.87  cb_failure         L4-CB1 {'rot': 0.01967}
  t=  19.87  cb_failure         L4-CB3 {'rot': 0.01918}
  t=  19.87  cb_failure         L17-CB3 {'rot': 0.01957}
  t=  19.87  cb_failure         L18-CB3 {'rot': 0.01913}
  t=  19.87  cb_failure         L19-CB3 {'rot': 0.01868}
  t=  19.87  cb_failure         L23-CB1 {'rot': 0.01906}
  t=  20.00  cb_failure         L3-CB1 {'rot': 0.01883}
  t=  20.00  cb_failure         L3-CB3 {'rot': 0.01815}
  t=  20.00  cb_failure         L5-CB0 {'rot': 0.01836}
  t=  20.00  cb_failure         L6-CB0 {'rot': 0.01889}
  t=  20.00  cb_failure         L20-CB3 {'rot': 0.0206}
  t=  20.00  cb_failure         L21-CB3 {'rot': 0.02032}
  t=  20.00  cb_failure         L22-CB3 {'rot': 0.01994}
  t=  20.00  cb_failure         L23-CB3 {'rot': 0.01945}
  t=  20.00  cb_failure         L24-CB1 {'rot': 0.02305}
  t=  20.00  cb_failure         L24-CB3 {'rot': 0.01885}
  t=  20.00  cb_failure         L25-CB1 {'rot': 0.02218}
  t=  20.00  cb_failure         L26-CB1 {'rot': 0.02119}
  t=  20.00  cb_failure         L27-CB1 {'rot': 0.02016}
  t=  20.00  cb_failure         L28-CB1 {'rot': 0.01922}
  progress t=  20.0s  max corner drift so far=0.0068  wall clock=234s
  t=  20.12  cb_failure         L4-CB0 {'rot': 0.0182}
  t=  20.12  cb_failure         L25-CB3 {'rot': 0.01994}
  t=  20.12  cb_failure         L26-CB3 {'rot': 0.0199}
  t=  20.12  cb_failure         L27-CB3 {'rot': 0.01986}
  t=  20.12  cb_failure         L28-CB3 {'rot': 0.01986}
  t=  20.12  cb_failure         L29-CB1 {'rot': 0.02409}
  t=  20.12  cb_failure         L29-CB3 {'rot': 0.01979}
  t=  20.12  cb_failure         L30-CB1 {'rot': 0.02368}
  t=  20.12  cb_failure         L30-CB3 {'rot': 0.01958}
  t=  20.12  cb_failure         L31-CB1 {'rot': 0.02323}
  t=  20.12  cb_failure         L31-CB3 {'rot': 0.01929}
  t=  20.12  cb_failure         L32-CB1 {'rot': 0.02287}
  t=  20.12  cb_failure         L32-CB3 {'rot': 0.01904}
  t=  20.12  cb_failure         L33-CB1 {'rot': 0.0223}
  t=  20.12  cb_failure         L33-CB3 {'rot': 0.01871}
  t=  20.37  cb_failure         L20-CB0 {'rot': 0.01927}
  t=  20.50  cb_failure         L21-CB0 {'rot': 0.02072}
  t=  20.50  cb_failure         L22-CB0 {'rot': 0.01892}
  t=  20.62  cb_failure         L23-CB0 {'rot': 0.019}
  t=  20.75  cb_failure         L24-CB0 {'rot': 0.02001}
  t=  20.75  cb_failure         L25-CB0 {'rot': 0.01856}
  t=  20.87  cb_failure         L26-CB0 {'rot': 0.02025}
  t=  20.87  cb_failure         L27-CB0 {'rot': 0.0191}
  t=  21.00  cb_failure         L28-CB0 {'rot': 0.02023}
  t=  21.00  cb_failure         L29-CB0 {'rot': 0.0194}
  t=  21.00  cb_failure         L30-CB0 {'rot': 0.01857}
  t=  21.00  cb_yield           L30-CB2 {'rot': 0.00534}
  t=  21.00  cb_yield           L31-CB2 {'rot': 0.00485}
  t=  21.12  cb_failure         L31-CB0 {'rot': 0.01919}
  t=  21.12  cb_failure         L32-CB0 {'rot': 0.01883}
  t=  21.12  cb_yield           L32-CB2 {'rot': 0.00607}
  t=  21.12  cb_failure         L33-CB0 {'rot': 0.01868}
  t=  21.12  cb_yield           L33-CB2 {'rot': 0.00596}
  t=  22.62  cb_failure         L3-CB0 {'rot': 0.01881}
  t=  23.00  cb_failure         L7-CB2 {'rot': 0.01897}
  t=  23.00  cb_failure         L12-CB2 {'rot': 0.02058}
  t=  23.00  cb_failure         L13-CB2 {'rot': 0.02039}
  t=  23.00  cb_failure         L14-CB2 {'rot': 0.01999}
  t=  23.00  cb_failure         L15-CB2 {'rot': 0.01944}
  t=  23.00  cb_failure         L16-CB2 {'rot': 0.01876}
  t=  23.12  cb_failure         L5-CB2 {'rot': 0.01879}
  t=  23.12  cb_failure         L6-CB2 {'rot': 0.02006}
  t=  23.12  cb_failure         L17-CB2 {'rot': 0.0208}
  t=  23.12  cb_failure         L18-CB2 {'rot': 0.02007}
  t=  23.12  cb_failure         L19-CB2 {'rot': 0.0191}
  t=  23.25  cb_failure         L4-CB2 {'rot': 0.0188}
  t=  23.25  cb_failure         L20-CB2 {'rot': 0.02116}
  t=  23.25  cb_failure         L21-CB2 {'rot': 0.02051}
  t=  23.25  cb_failure         L22-CB2 {'rot': 0.01958}
  t=  23.37  cb_failure         L23-CB2 {'rot': 0.01956}
  t=  26.00  cb_failure         L2-CB1 {'rot': 0.01819}
  t=  26.12  cb_failure         L2-CB0 {'rot': 0.01846}
  t=  26.12  cb_failure         L3-CB2 {'rot': 0.01876}
  t=  26.75  cb_failure         L24-CB2 {'rot': 0.02139}
  t=  26.75  cb_failure         L25-CB2 {'rot': 0.02054}
  t=  26.75  cb_failure         L26-CB2 {'rot': 0.01958}
  t=  26.75  cb_failure         L27-CB2 {'rot': 0.01855}
  t=  26.87  cb_failure         L28-CB2 {'rot': 0.0202}
  t=  26.87  cb_failure         L29-CB2 {'rot': 0.01949}
  t=  26.87  cb_failure         L30-CB2 {'rot': 0.01865}
  t=  27.00  cb_failure         L31-CB2 {'rot': 0.01864}
  progress t=  30.0s  max corner drift so far=0.0109  wall clock=369s
  t=  32.87  cb_failure         L32-CB2 {'rot': 0.02089}
  t=  32.87  cb_failure         L33-CB2 {'rot': 0.02072}
  t=  40.00  cb_failure         L2-CB3 {'rot': 0.01827}
  progress t=  40.0s  max corner drift so far=0.0109  wall clock=498s
  t=  40.12  cb_failure         L2-CB2 {'rot': 0.01846}
  t=  48.62  cb_failure         L1-CB1 {'rot': 0.01823}
  t=  48.62  cb_failure         L1-CB3 {'rot': 0.01838}
  t=  48.75  cb_failure         L1-CB0 {'rot': 0.01915}
  t=  48.75  cb_failure         L1-CB2 {'rot': 0.01848}
  progress t=  50.0s  max corner drift so far=0.0109  wall clock=630s
  progress t=  60.0s  max corner drift so far=0.0109  wall clock=756s
  progress t=  70.0s  max corner drift so far=0.0109  wall clock=874s
  progress t=  80.0s  max corner drift so far=0.0109  wall clock=985s
  progress t=  90.0s  max corner drift so far=0.0109  wall clock=1094s
  progress t= 100.0s  max corner drift so far=0.0109  wall clock=1204s
