  t=   1.75  cb_yield           L3-CB1 {'rot': 0.00423}
  t=   1.75  cb_yield           L3-CB3 {'rot': 0.00433}
  t=   1.75  cb_yield           L4-CB0 {'rot': 0.00427}
  t=   1.75  cb_yield           L4-CB1 {'rot': 0.00457}
  t=   1.75  cb_yield           L4-CB2 {'rot': 0.00437}
  t=   1.75  cb_yield           L4-CB3 {'rot': 0.0047}
  t=   1.75  cb_yield           L5-CB0 {'rot': 0.00433}
  t=   1.75  cb_yield           L5-CB1 {'rot': 0.00469}
  t=   1.75  cb_yield           L5-CB2 {'rot': 0.00444}
  t=   1.75  cb_yield           L5-CB3 {'rot': 0.00482}
  t=   1.75  cb_yield           L6-CB0 {'rot': 0.00421}
  t=   1.75  cb_yield           L6-CB1 {'rot': 0.00462}
  t=   1.75  cb_yield           L6-CB2 {'rot': 0.00432}
  t=   1.75  cb_yield           L6-CB3 {'rot': 0.00476}
  t=   1.75  cb_yield           L7-CB1 {'rot': 0.00443}
  t=   1.75  cb_yield           L7-CB3 {'rot': 0.00456}
  t=   1.75  cb_yield           L8-CB1 {'rot': 0.00415}
  t=   1.75  cb_yield           L8-CB3 {'rot': 0.00428}
  t=   1.87  cb_yield           L2-CB0 {'rot': 0.00423}
  t=   1.87  cb_yield           L2-CB1 {'rot': 0.00449}
  t=   1.87  cb_yield           L2-CB2 {'rot': 0.00431}
  t=   1.87  cb_yield           L2-CB3 {'rot': 0.00457}
  t=   1.87  cb_yield           L3-CB0 {'rot': 0.00507}
  t=   1.87  cb_yield           L3-CB2 {'rot': 0.00517}
  t=   1.87  cb_yield           L7-CB0 {'rot': 0.00576}
  t=   1.87  cb_yield           L7-CB2 {'rot': 0.0059}
  t=   1.87  cb_yield           L8-CB0 {'rot': 0.00548}
  t=   1.87  cb_yield           L8-CB2 {'rot': 0.00562}
  t=   1.87  cb_yield           L9-CB0 {'rot': 0.0051}
  t=   1.87  cb_yield           L9-CB1 {'rot': 0.00585}
  t=   1.87  cb_yield           L9-CB2 {'rot': 0.00524}
  t=   1.87  cb_yield           L9-CB3 {'rot': 0.006}
  t=   1.87  cb_yield           L10-CB0 {'rot': 0.00465}
  t=   1.87  cb_yield           L10-CB1 {'rot': 0.00546}
  t=   1.87  cb_yield           L10-CB2 {'rot': 0.00478}
  t=   1.87  cb_yield           L10-CB3 {'rot': 0.00561}
  t=   1.87  cb_yield           L11-CB0 {'rot': 0.00418}
  t=   1.87  cb_yield           L11-CB1 {'rot': 0.00503}
  t=   1.87  cb_yield           L11-CB2 {'rot': 0.0043}
  t=   1.87  cb_yield           L11-CB3 {'rot': 0.00517}
  t=   1.87  cb_yield           L12-CB1 {'rot': 0.0046}
  t=   1.87  cb_yield           L12-CB3 {'rot': 0.00473}
  t=   1.87  cb_yield           L13-CB1 {'rot': 0.00416}
  t=   1.87  cb_yield           L13-CB3 {'rot': 0.00428}
  t=   2.00  cb_yield           L12-CB0 {'rot': 0.0055}
  t=   2.00  cb_yield           L12-CB2 {'rot': 0.00564}
  t=   2.00  cb_yield           L13-CB0 {'rot': 0.00497}
  t=   2.00  cb_yield           L13-CB2 {'rot': 0.00511}
  t=   2.00  cb_yield           L14-CB0 {'rot': 0.00443}
  t=   2.00  cb_yield           L14-CB1 {'rot': 0.00567}
  t=   2.00  cb_yield           L14-CB2 {'rot': 0.00457}
  t=   2.00  cb_yield           L14-CB3 {'rot': 0.00583}
  t=   2.00  cb_yield           L15-CB1 {'rot': 0.00518}
  t=   2.00  cb_yield           L15-CB3 {'rot': 0.00534}
  t=   2.00  cb_yield           L16-CB1 {'rot': 0.00473}
  t=   2.00  cb_yield           L16-CB3 {'rot': 0.00487}
  t=   2.12  cb_yield           L15-CB0 {'rot': 0.00554}
  t=   2.12  cb_yield           L15-CB2 {'rot': 0.00574}
  t=   2.12  cb_yield           L16-CB0 {'rot': 0.00502}
  t=   2.12  cb_yield           L16-CB2 {'rot': 0.00523}
  t=   2.12  cb_yield           L17-CB1 {'rot': 0.00608}
  t=   2.12  cb_yield           L17-CB2 {'rot': 0.00459}
  t=   2.12  cb_yield           L17-CB3 {'rot': 0.00631}
  t=   2.12  cb_yield           L18-CB1 {'rot': 0.00549}
  t=   2.12  cb_yield           L18-CB3 {'rot': 0.00572}
  t=   2.12  cb_yield           L19-CB1 {'rot': 0.00493}
  t=   2.12  cb_yield           L19-CB3 {'rot': 0.00515}
  t=   2.12  cb_yield           L20-CB3 {'rot': 0.00462}
  t=   2.25  cb_yield           L17-CB0 {'rot': 0.00555}
  t=   2.25  cb_yield           L18-CB0 {'rot': 0.00495}
  t=   2.25  cb_yield           L18-CB2 {'rot': 0.00525}
  t=   2.25  cb_yield           L19-CB2 {'rot': 0.0047}
  t=   2.25  cb_yield           L20-CB1 {'rot': 0.00618}
  t=   2.25  cb_yield           L21-CB1 {'rot': 0.00573}
  t=   2.25  cb_yield           L21-CB3 {'rot': 0.00608}
  t=   2.25  cb_yield           L22-CB1 {'rot': 0.00532}
  t=   2.25  cb_yield           L22-CB3 {'rot': 0.00567}
  t=   2.25  cb_yield           L23-CB1 {'rot': 0.00495}
  t=   2.25  cb_yield           L23-CB3 {'rot': 0.0053}
  t=   2.25  cb_yield           L24-CB1 {'rot': 0.00461}
  t=   2.25  cb_yield           L24-CB3 {'rot': 0.00496}
  t=   2.25  cb_yield           L25-CB3 {'rot': 0.00465}
  t=   2.37  cb_yield           L19-CB0 {'rot': 0.00618}
  t=   2.37  cb_yield           L20-CB0 {'rot': 0.00578}
  t=   2.37  cb_yield           L20-CB2 {'rot': 0.00617}
  t=   2.37  cb_yield           L21-CB0 {'rot': 0.00535}
  t=   2.37  cb_yield           L21-CB2 {'rot': 0.00576}
  t=   2.37  cb_yield           L22-CB0 {'rot': 0.00491}
  t=   2.37  cb_yield           L22-CB2 {'rot': 0.00533}
  t=   2.37  cb_yield           L23-CB2 {'rot': 0.00489}
  t=   2.37  cb_yield           L25-CB1 {'rot': 0.00683}
  t=   2.37  cb_yield           L26-CB1 {'rot': 0.00634}
  t=   2.37  cb_yield           L26-CB3 {'rot': 0.0068}
  t=   2.37  cb_yield           L27-CB1 {'rot': 0.00585}
  t=   2.37  cb_yield           L27-CB3 {'rot': 0.00631}
  t=   2.37  cb_yield           L28-CB1 {'rot': 0.00538}
  t=   2.37  cb_yield           L28-CB3 {'rot': 0.00583}
  t=   2.37  cb_yield           L29-CB1 {'rot': 0.00492}
  t=   2.37  cb_yield           L29-CB3 {'rot': 0.00536}
  t=   2.37  cb_yield           L30-CB3 {'rot': 0.0049}
  t=   2.50  cb_yield           L23-CB0 {'rot': 0.00613}
  t=   2.50  cb_yield           L24-CB0 {'rot': 0.00545}
  t=   2.50  cb_yield           L24-CB2 {'rot': 0.00588}
  t=   2.50  cb_yield           L25-CB0 {'rot': 0.00474}
  t=   2.50  cb_yield           L25-CB2 {'rot': 0.00517}
  t=   2.50  cb_yield           L30-CB1 {'rot': 0.0061}
  t=   2.50  cb_yield           L31-CB1 {'rot': 0.0056}
  t=   2.50  cb_yield           L31-CB3 {'rot': 0.00602}
  t=   2.50  cb_yield           L32-CB1 {'rot': 0.00523}
  t=   2.50  cb_yield           L32-CB3 {'rot': 0.00564}
  t=   2.50  cb_yield           L33-CB3 {'rot': 0.00487}
  t=   2.62  cb_yield           L26-CB0 {'rot': 0.00498}
  t=   2.62  cb_yield           L26-CB2 {'rot': 0.00524}
  t=   2.62  cb_yield           L33-CB1 {'rot': 0.00489}
  t=   2.75  cb_yield           L27-CB0 {'rot': 0.00473}
  t=   2.75  cb_yield           L27-CB2 {'rot': 0.00473}
  t=   3.50  cb_yield           L28-CB0 {'rot': 0.00478}
  t=   3.50  cb_yield           L28-CB2 {'rot': 0.00485}
  t=   3.62  cb_yield           L29-CB0 {'rot': 0.00484}
  t=   4.12  cb_yield           L1-CB0 {'rot': 0.00523}
  t=   4.12  cb_yield           L1-CB1 {'rot': 0.0051}
  t=   4.12  cb_yield           L1-CB2 {'rot': 0.0045}
  t=   4.12  cb_yield           L1-CB3 {'rot': 0.00434}
  t=   8.13  cb_failure         L6-CB3 {'rot': 0.01884}
  t=   8.13  cb_failure         L7-CB3 {'rot': 0.01931}
  t=   8.13  cb_failure         L8-CB3 {'rot': 0.01944}
  t=   8.13  cb_failure         L9-CB3 {'rot': 0.01929}
  t=   8.13  cb_failure         L10-CB3 {'rot': 0.01891}
  t=   8.13  cb_failure         L11-CB3 {'rot': 0.01833}
  t=   8.25  cb_failure         L4-CB3 {'rot': 0.01823}
  t=   8.25  cb_failure         L5-CB3 {'rot': 0.01971}
  t=   8.25  cb_failure         L12-CB3 {'rot': 0.01992}
  t=   8.25  cb_failure         L13-CB3 {'rot': 0.01928}
  t=   8.25  cb_failure         L14-CB3 {'rot': 0.01852}
  t=   8.38  cb_failure         L5-CB1 {'rot': 0.01815}
  t=   8.38  cb_failure         L5-CB2 {'rot': 0.0183}
  t=   8.38  cb_failure         L6-CB1 {'rot': 0.01883}
  t=   8.38  cb_failure         L6-CB2 {'rot': 0.01893}
  t=   8.38  cb_failure         L7-CB1 {'rot': 0.01913}
  t=   8.38  cb_failure         L7-CB2 {'rot': 0.01914}
  t=   8.38  cb_failure         L8-CB1 {'rot': 0.01918}
  t=   8.38  cb_failure         L8-CB2 {'rot': 0.01903}
  t=   8.38  cb_failure         L9-CB1 {'rot': 0.01907}
  t=   8.38  cb_failure         L9-CB2 {'rot': 0.01867}
  t=   8.38  cb_failure         L10-CB1 {'rot': 0.01885}
  t=   8.38  cb_failure         L10-CB2 {'rot': 0.01814}
  t=   8.38  cb_failure         L11-CB1 {'rot': 0.01856}
  t=   8.38  cb_failure         L12-CB1 {'rot': 0.01824}
  t=   8.38  cb_failure         L15-CB3 {'rot': 0.02067}
  t=   8.38  cb_failure         L16-CB3 {'rot': 0.01993}
  t=   8.38  cb_failure         L17-CB3 {'rot': 0.01898}
  t=   8.50  cb_failure         L11-CB2 {'rot': 0.02058}
  t=   8.50  cb_failure         L12-CB2 {'rot': 0.02}
  t=   8.50  cb_failure         L13-CB1 {'rot': 0.02003}
  t=   8.50  cb_failure         L13-CB2 {'rot': 0.01925}
  t=   8.50  cb_failure         L14-CB1 {'rot': 0.01932}
  t=   8.50  cb_failure         L14-CB2 {'rot': 0.01837}
  t=   8.50  cb_failure         L15-CB1 {'rot': 0.0186}
  t=   8.50  cb_failure         L18-CB3 {'rot': 0.0221}
  t=   8.50  cb_failure         L19-CB3 {'rot': 0.02131}
  t=   8.50  cb_failure         L20-CB3 {'rot': 0.02055}
  t=   8.50  cb_failure         L21-CB3 {'rot': 0.01978}
  t=   8.50  cb_failure         L22-CB3 {'rot': 0.01897}
  t=   8.63  cb_failure         L15-CB2 {'rot': 0.02178}
  t=   8.63  cb_failure         L16-CB1 {'rot': 0.0204}
  t=   8.63  cb_failure         L16-CB2 {'rot': 0.02105}
  t=   8.63  cb_failure         L17-CB1 {'rot': 0.0193}
  t=   8.63  cb_failure         L17-CB2 {'rot': 0.01998}
  t=   8.63  cb_failure         L18-CB2 {'rot': 0.01883}
  t=   8.63  cb_failure         L23-CB3 {'rot': 0.02205}
  t=   8.63  cb_failure         L24-CB3 {'rot': 0.02115}
  t=   8.63  cb_failure         L25-CB3 {'rot': 0.02024}
  t=   8.63  cb_failure         L26-CB3 {'rot': 0.01933}
  t=   8.63  cb_yield           L29-CB2 {'rot': 0.0072}
  t=   8.63  cb_yield           L30-CB2 {'rot': 0.00637}
  t=   8.63  cb_yield           L31-CB2 {'rot': 0.00566}
  t=   8.63  cb_yield           L32-CB2 {'rot': 0.00516}
  t=   8.63  cb_yield           L33-CB2 {'rot': 0.00493}
  t=   8.75  cb_failure         L10-CB0 {'rot': 0.01812}
  t=   8.75  cb_failure         L11-CB0 {'rot': 0.01811}
  t=   8.75  cb_failure         L18-CB1 {'rot': 0.02085}
  t=   8.75  cb_failure         L19-CB1 {'rot': 0.01965}
  t=   8.75  cb_failure         L19-CB2 {'rot': 0.02266}
  t=   8.75  cb_failure         L20-CB2 {'rot': 0.02156}
  t=   8.75  cb_failure         L21-CB2 {'rot': 0.02027}
  t=   8.75  cb_failure         L22-CB2 {'rot': 0.01887}
  t=   8.75  cb_failure         L27-CB3 {'rot': 0.02135}
  t=   8.75  cb_failure         L28-CB3 {'rot': 0.02051}
  t=   8.75  cb_failure         L29-CB3 {'rot': 0.01975}
  t=   8.75  cb_failure         L30-CB3 {'rot': 0.019}
  t=   8.88  cb_failure         L12-CB0 {'rot': 0.01844}
  t=   8.88  cb_failure         L13-CB0 {'rot': 0.01855}
  t=   8.88  cb_failure         L14-CB0 {'rot': 0.01838}
  t=   8.88  cb_failure         L20-CB1 {'rot': 0.02059}
  t=   8.88  cb_failure         L21-CB1 {'rot': 0.01937}
  t=   8.88  cb_failure         L23-CB2 {'rot': 0.02177}
  t=   8.88  cb_failure         L24-CB2 {'rot': 0.02037}
  t=   8.88  cb_failure         L25-CB2 {'rot': 0.01894}
  t=   8.88  cb_failure         L31-CB3 {'rot': 0.02041}
  t=   8.88  cb_failure         L32-CB3 {'rot': 0.01996}
  t=   8.88  cb_failure         L33-CB3 {'rot': 0.01909}
  t=   9.00  cb_failure         L22-CB1 {'rot': 0.021}
  t=   9.00  cb_failure         L23-CB1 {'rot': 0.01984}
  t=   9.00  cb_failure         L24-CB1 {'rot': 0.01863}
  t=   9.00  cb_failure         L26-CB2 {'rot': 0.0196}
  t=   9.13  cb_failure         L25-CB1 {'rot': 0.02344}
  t=   9.13  cb_failure         L26-CB1 {'rot': 0.02262}
  t=   9.13  cb_failure         L27-CB1 {'rot': 0.02175}
  t=   9.13  cb_failure         L28-CB1 {'rot': 0.02097}
  t=   9.13  cb_failure         L29-CB1 {'rot': 0.02016}
  t=   9.13  cb_yield           L30-CB0 {'rot': 0.00653}
  t=   9.13  cb_failure         L30-CB1 {'rot': 0.01931}
  t=   9.13  cb_yield           L31-CB0 {'rot': 0.00568}
  t=   9.13  cb_failure         L31-CB1 {'rot': 0.01859}
  t=   9.13  cb_yield           L32-CB0 {'rot': 0.00509}
  t=   9.13  cb_yield           L33-CB0 {'rot': 0.00485}
  t=   9.25  cb_failure         L27-CB2 {'rot': 0.0188}
  t=   9.25  cb_failure         L32-CB1 {'rot': 0.02159}
  t=   9.25  cb_failure         L33-CB1 {'rot': 0.02089}
  t=   9.88  cb_failure         L7-CB0 {'rot': 0.01827}
  t=   9.88  cb_failure         L8-CB0 {'rot': 0.01822}
  t=  10.00  cb_failure         L4-CB0 {'rot': 0.01966}
  t=  10.00  cb_failure         L4-CB1 {'rot': 0.01814}
  t=  10.00  cb_failure         L5-CB0 {'rot': 0.0213}
  t=  10.00  cb_failure         L6-CB0 {'rot': 0.0223}
  t=  10.00  cb_failure         L9-CB0 {'rot': 0.02275}
  progress t=  10.0s  max corner drift so far=0.0072  wall clock=100s
  t=  10.63  cb_failure         L3-CB2 {'rot': 0.02095}
  t=  10.63  cb_failure         L4-CB2 {'rot': 0.02273}
  t=  10.63  cb_failure         L21-CB0 {'rot': 0.01891}
  t=  10.63  cb_failure         L22-CB0 {'rot': 0.02009}
  t=  10.63  cb_failure         L23-CB0 {'rot': 0.02097}
  t=  10.63  cb_failure         L24-CB0 {'rot': 0.02159}
  t=  10.63  cb_failure         L25-CB0 {'rot': 0.02196}
  t=  10.63  cb_failure         L26-CB0 {'rot': 0.02212}
  t=  10.63  cb_failure         L27-CB0 {'rot': 0.02208}
  t=  10.63  cb_failure         L28-CB0 {'rot': 0.02194}
  t=  10.63  cb_failure         L29-CB0 {'rot': 0.02167}
  t=  10.63  cb_failure         L30-CB0 {'rot': 0.02122}
  t=  10.63  cb_failure         L31-CB0 {'rot': 0.02071}
  t=  10.63  cb_failure         L32-CB0 {'rot': 0.02031}
  t=  10.63  cb_failure         L33-CB0 {'rot': 0.02016}
  t=  10.75  cb_failure         L2-CB0 {'rot': 0.02152}
  t=  10.75  cb_failure         L2-CB2 {'rot': 0.02394}
  t=  10.75  cb_failure         L2-CB3 {'rot': 0.02186}
  t=  10.75  cb_failure         L3-CB0 {'rot': 0.0239}
  t=  10.75  cb_failure         L3-CB1 {'rot': 0.0193}
  t=  10.75  cb_failure         L3-CB3 {'rot': 0.02497}
  t=  10.88  cb_failure         L1-CB0 {'rot': 0.021}
  t=  10.88  cb_failure         L1-CB1 {'rot': 0.01921}
  t=  10.88  cb_failure         L1-CB2 {'rot': 0.02109}
  t=  10.88  cb_failure         L1-CB3 {'rot': 0.02089}
  t=  10.88  cb_failure         L2-CB1 {'rot': 0.02591}
  t=  11.25  cb_failure         L15-CB0 {'rot': 0.02461}
  t=  11.25  cb_failure         L16-CB0 {'rot': 0.02148}
  t=  11.38  cb_failure         L17-CB0 {'rot': 0.02714}
  t=  11.38  cb_failure         L18-CB0 {'rot': 0.02448}
  t=  11.38  cb_failure         L19-CB0 {'rot': 0.02202}
  t=  11.38  cb_failure         L20-CB0 {'rot': 0.01993}
  t=  12.00  cb_failure         L28-CB2 {'rot': 0.02014}
  t=  12.13  cb_failure         L29-CB2 {'rot': 0.02618}
  t=  12.13  cb_failure         L30-CB2 {'rot': 0.02407}
  t=  12.13  cb_failure         L31-CB2 {'rot': 0.02239}
  t=  12.13  cb_failure         L32-CB2 {'rot': 0.02136}
  t=  12.13  cb_failure         L33-CB2 {'rot': 0.02108}
  progress t=  20.0s  max corner drift so far=0.0242  wall clock=224s
  progress t=  30.0s  max corner drift so far=0.0242  wall clock=360s
  progress t=  40.0s  max corner drift so far=0.0242  wall clock=494s
  progress t=  50.0s  max corner drift so far=0.0242  wall clock=628s
  progress t=  60.0s  max corner drift so far=0.0242  wall clock=770s
  progress t=  70.0s  max corner drift so far=0.0242  wall clock=897s
  progress t=  80.0s  max corner drift so far=0.0242  wall clock=1002s
  progress t=  90.0s  max corner drift so far=0.0242  wall clock=1100s
  progress t= 100.0s  max corner drift so far=0.0242  wall clock=1196s
