  t=   8.50  cb_yield           L6-CB3 {'rot': 0.00508}
  t=   8.50  cb_yield           L7-CB3 {'rot': 0.00535}
  t=   8.50  cb_yield           L8-CB3 {'rot': 0.00553}
  t=   8.50  cb_yield           L9-CB3 {'rot': 0.00565}
  t=   8.50  cb_yield           L10-CB3 {'rot': 0.00571}
  t=   8.50  cb_yield           L11-CB3 {'rot': 0.00572}
  t=   8.50  cb_yield           L12-CB3 {'rot': 0.0057}
  t=   8.50  cb_yield           L13-CB3 {'rot': 0.00564}
  t=   8.50  cb_yield           L14-CB3 {'rot': 0.00554}
  t=   8.50  cb_yield           L15-CB3 {'rot': 0.00542}
  t=   8.50  cb_yield           L16-CB3 {'rot': 0.0053}
  t=   8.63  cb_yield           L5-CB3 {'rot': 0.0052}
  t=   8.63  cb_yield           L6-CB2 {'rot': 0.00497}
  t=   8.63  cb_yield           L7-CB2 {'rot': 0.00519}
  t=   8.63  cb_yield           L8-CB2 {'rot': 0.00533}
  t=   8.63  cb_yield           L9-CB2 {'rot': 0.0054}
  t=   8.63  cb_yield           L10-CB2 {'rot': 0.00542}
  t=   8.63  cb_yield           L11-CB2 {'rot': 0.0054}
  t=   8.63  cb_yield           L12-CB2 {'rot': 0.00534}
  t=   8.63  cb_yield           L13-CB2 {'rot': 0.00524}
  t=   8.63  cb_yield           L14-CB2 {'rot': 0.00511}
  t=   8.63  cb_yield           L15-CB2 {'rot': 0.00495}
  t=   8.63  cb_yield           L17-CB3 {'rot': 0.00603}
  t=   8.63  cb_yield           L18-CB3 {'rot': 0.00583}
  t=   8.63  cb_yield           L19-CB3 {'rot': 0.00561}
  t=   8.75  cb_yield           L8-CB1 {'rot': 0.00501}
  t=   8.75  cb_yield           L9-CB1 {'rot': 0.00504}
  t=   8.75  cb_yield           L10-CB1 {'rot': 0.00498}
  t=   8.75  cb_yield           L16-CB2 {'rot': 0.00525}
  t=   8.75  cb_yield           L20-CB3 {'rot': 0.00586}
  t=   8.75  cb_yield           L21-CB3 {'rot': 0.0056}
  t=   8.88  cb_yield           L22-CB3 {'rot': 0.00558}
  t=   9.00  cb_yield           L23-CB3 {'rot': 0.00571}
  t=   9.00  cb_yield           L24-CB3 {'rot': 0.0055}
  t=   9.88  cb_yield           L5-CB0 {'rot': 0.00513}
  t=   9.88  cb_yield           L5-CB1 {'rot': 0.00507}
  t=   9.88  cb_yield           L6-CB0 {'rot': 0.00517}
  t=   9.88  cb_yield           L6-CB1 {'rot': 0.00522}
  t=   9.88  cb_yield           L7-CB0 {'rot': 0.00507}
  t=   9.88  cb_yield           L7-CB1 {'rot': 0.00522}
  progress t=  10.0s  max corner drift so far=0.0021  wall clock=99s
  t=  10.38  cb_yield           L3-CB2 {'rot': 0.0053}
  t=  10.38  cb_yield           L3-CB3 {'rot': 0.00528}
  t=  10.38  cb_yield           L4-CB2 {'rot': 0.00565}
  t=  10.38  cb_yield           L4-CB3 {'rot': 0.00562}
  t=  10.38  cb_yield           L5-CB2 {'rot': 0.00569}
  t=  10.38  cb_yield           L23-CB1 {'rot': 0.00553}
  t=  10.38  cb_yield           L24-CB1 {'rot': 0.00555}
  t=  10.38  cb_yield           L25-CB1 {'rot': 0.00551}
  t=  10.50  cb_yield           L2-CB2 {'rot': 0.00554}
  t=  10.50  cb_yield           L2-CB3 {'rot': 0.00549}
  t=  10.50  cb_yield           L3-CB0 {'rot': 0.00561}
  t=  10.50  cb_yield           L3-CB1 {'rot': 0.00518}
  t=  10.50  cb_yield           L4-CB0 {'rot': 0.00605}
  t=  10.50  cb_yield           L4-CB1 {'rot': 0.00554}
  t=  10.50  cb_yield           L8-CB0 {'rot': 0.0053}
  t=  10.50  cb_yield           L20-CB1 {'rot': 0.00563}
  t=  10.50  cb_yield           L21-CB1 {'rot': 0.00622}
  t=  10.50  cb_yield           L22-CB1 {'rot': 0.00666}
  t=  10.50  cb_yield           L26-CB1 {'rot': 0.00694}
  t=  10.50  cb_yield           L27-CB1 {'rot': 0.00673}
  t=  10.50  cb_yield           L28-CB1 {'rot': 0.00646}
  t=  10.50  cb_yield           L29-CB1 {'rot': 0.00615}
  t=  10.50  cb_yield           L30-CB1 {'rot': 0.00581}
  t=  10.50  cb_yield           L31-CB1 {'rot': 0.00548}
  t=  10.63  cb_yield           L2-CB0 {'rot': 0.00671}
  t=  10.63  cb_yield           L2-CB1 {'rot': 0.00631}
  t=  10.63  cb_yield           L9-CB0 {'rot': 0.00656}
  t=  10.63  cb_yield           L10-CB0 {'rot': 0.00574}
  t=  10.75  cb_yield           L1-CB0 {'rot': 0.00518}
  t=  10.75  cb_yield           L1-CB1 {'rot': 0.00497}
  t=  10.75  cb_yield           L11-CB0 {'rot': 0.00637}
  t=  10.75  cb_yield           L11-CB1 {'rot': 0.00551}
  t=  10.75  cb_yield           L12-CB0 {'rot': 0.00551}
  t=  10.88  cb_yield           L12-CB1 {'rot': 0.00652}
  t=  10.88  cb_yield           L13-CB0 {'rot': 0.00655}
  t=  10.88  cb_yield           L13-CB1 {'rot': 0.00589}
  t=  10.88  cb_yield           L14-CB0 {'rot': 0.00592}
  t=  10.88  cb_yield           L14-CB1 {'rot': 0.00524}
  t=  10.88  cb_yield           L15-CB0 {'rot': 0.00531}
  t=  11.00  cb_yield           L15-CB1 {'rot': 0.00722}
  t=  11.00  cb_yield           L16-CB0 {'rot': 0.00705}
  t=  11.00  cb_yield           L16-CB1 {'rot': 0.00693}
  t=  11.00  cb_yield           L17-CB0 {'rot': 0.00674}
  t=  11.00  cb_yield           L17-CB1 {'rot': 0.00659}
  t=  11.00  cb_yield           L18-CB0 {'rot': 0.00645}
  t=  11.00  cb_yield           L18-CB1 {'rot': 0.00628}
  t=  11.00  cb_yield           L19-CB0 {'rot': 0.00619}
  t=  11.00  cb_yield           L19-CB1 {'rot': 0.00599}
  t=  11.00  cb_yield           L20-CB0 {'rot': 0.00597}
  t=  11.00  cb_yield           L21-CB0 {'rot': 0.00577}
  t=  11.00  cb_yield           L22-CB0 {'rot': 0.00558}
  t=  11.13  cb_yield           L23-CB0 {'rot': 0.00874}
  t=  11.13  cb_yield           L24-CB0 {'rot': 0.00818}
  t=  11.13  cb_yield           L25-CB0 {'rot': 0.00752}
  t=  11.13  cb_yield           L26-CB0 {'rot': 0.00677}
  t=  11.13  cb_yield           L27-CB0 {'rot': 0.00599}
  t=  11.25  cb_yield           L18-CB2 {'rot': 0.00552}
  t=  11.25  cb_yield           L19-CB2 {'rot': 0.0055}
  t=  11.25  cb_yield           L28-CB0 {'rot': 0.0061}
  t=  11.38  cb_yield           L17-CB2 {'rot': 0.00615}
  t=  11.38  cb_yield           L20-CB2 {'rot': 0.00587}
  t=  11.38  cb_yield           L21-CB2 {'rot': 0.00558}
  t=  11.38  cb_yield           L29-CB0 {'rot': 0.00565}
  t=  12.75  cb_yield           L25-CB3 {'rot': 0.00601}
  t=  12.75  cb_yield           L26-CB3 {'rot': 0.00575}
  t=  12.75  cb_yield           L27-CB3 {'rot': 0.00546}
  t=  17.13  cb_yield           L22-CB2 {'rot': 0.00579}
  t=  17.13  cb_yield           L23-CB2 {'rot': 0.00551}
  t=  19.00  cb_yield           L28-CB3 {'rot': 0.00561}
  t=  19.12  cb_yield           L29-CB3 {'rot': 0.0067}
  t=  19.12  cb_yield           L30-CB3 {'rot': 0.00646}
  t=  19.12  cb_yield           L31-CB3 {'rot': 0.00619}
  t=  19.12  cb_yield           L32-CB3 {'rot': 0.00593}
  t=  19.12  cb_yield           L33-CB3 {'rot': 0.00574}
  t=  19.25  cb_yield           L1-CB3 {'rot': 0.00494}
  t=  19.37  cb_yield           L1-CB2 {'rot': 0.00499}
  t=  20.00  cb_yield           L32-CB1 {'rot': 0.00648}
  t=  20.00  cb_yield           L33-CB1 {'rot': 0.00575}
  progress t=  20.0s  max corner drift so far=0.0050  wall clock=205s
  t=  20.37  cb_failure         L17-CB1 {'rot': 0.01984}
  t=  20.75  cb_failure         L19-CB1 {'rot': 0.01983}
  t=  20.75  cb_yield           L30-CB0 {'rot': 0.00571}
  t=  20.87  cb_yield           L31-CB0 {'rot': 0.00647}
  t=  20.87  cb_yield           L32-CB0 {'rot': 0.00612}
  t=  20.87  cb_yield           L33-CB0 {'rot': 0.00596}
  t= 23.000  solver fallback: Newton
  t=  24.87  cb_failure         L8-CB3 {'rot': 0.01913}
  t=  24.87  cb_failure         L9-CB3 {'rot': 0.01951}
  t=  24.87  cb_failure         L10-CB3 {'rot': 0.0197}
  t=  24.87  cb_failure         L11-CB3 {'rot': 0.01975}
  t=  24.87  cb_failure         L12-CB3 {'rot': 0.01968}
  t=  24.87  cb_failure         L13-CB3 {'rot': 0.01947}
  t=  24.87  cb_failure         L14-CB3 {'rot': 0.01911}
  t=  24.87  cb_failure         L18-CB3 {'rot': 0.01981}
  t=  25.00  cb_failure         L10-CB1 {'rot': 0.01944}
  t=  25.00  cb_failure         L11-CB1 {'rot': 0.02}
  t=  25.00  cb_failure         L12-CB1 {'rot': 0.02038}
  t=  25.00  cb_failure         L13-CB1 {'rot': 0.02055}
  t=  25.00  cb_failure         L14-CB1 {'rot': 0.0205}
  t=  25.00  cb_failure         L15-CB1 {'rot': 0.02025}
  t=  25.00  cb_failure         L15-CB3 {'rot': 0.02146}
  t=  25.00  cb_failure         L16-CB1 {'rot': 0.01983}
  t=  25.00  cb_failure         L16-CB3 {'rot': 0.02094}
  t=  25.00  cb_failure         L17-CB3 {'rot': 0.02012}
  t= 25.050  solver fallback: Newton
  t=  25.12  cb_failure         L18-CB1 {'rot': 0.02059}
  t=  25.12  cb_failure         L19-CB3 {'rot': 0.01963}
  t=  25.12  cb_failure         L24-CB1 {'rot': 0.01988}
  t=  25.12  cb_yield           L24-CB2 {'rot': 0.00594}
  t=  25.25  cb_failure         L20-CB1 {'rot': 0.02192}
  t=  25.25  cb_failure         L20-CB3 {'rot': 0.02002}
  t=  25.25  cb_failure         L21-CB1 {'rot': 0.02142}
  t=  25.25  cb_failure         L21-CB3 {'rot': 0.01965}
  t=  25.25  cb_failure         L22-CB1 {'rot': 0.02073}
  t=  25.25  cb_failure         L23-CB1 {'rot': 0.01991}
  t=  25.25  cb_yield           L25-CB2 {'rot': 0.0061}
  t=  25.25  cb_failure         L27-CB1 {'rot': 0.01986}
  t=  25.25  cb_failure         L28-CB1 {'rot': 0.01989}
  t= 25.300  solver fallback: Newton
  t=  25.37  cb_failure         L25-CB1 {'rot': 0.02057}
  t=  25.37  cb_failure         L26-CB1 {'rot': 0.01966}
  t=  25.37  cb_yield           L26-CB2 {'rot': 0.00592}
  t=  25.37  cb_failure         L27-CB3 {'rot': 0.01986}
  t=  25.37  cb_failure         L29-CB1 {'rot': 0.01981}
  t=  25.37  cb_failure         L30-CB1 {'rot': 0.01985}
  t=  25.37  cb_failure         L31-CB1 {'rot': 0.01987}
  t=  25.37  cb_failure         L32-CB1 {'rot': 0.0199}
  t=  25.50  cb_failure         L22-CB3 {'rot': 0.01952}
  t=  25.50  cb_yield           L27-CB2 {'rot': 0.00593}
  t=  25.50  cb_failure         L28-CB3 {'rot': 0.01978}
  t=  25.50  cb_failure         L29-CB3 {'rot': 0.01979}
  t=  25.50  cb_failure         L30-CB3 {'rot': 0.0198}
  t=  25.50  cb_failure         L31-CB3 {'rot': 0.01981}
  t=  25.50  cb_failure         L32-CB3 {'rot': 0.01984}
  t=  25.50  cb_failure         L33-CB1 {'rot': 0.02019}
  t=  25.50  cb_failure         L33-CB3 {'rot': 0.02005}
  t=  25.62  cb_yield           L28-CB2 {'rot': 0.00591}
  t=  25.62  cb_yield           L29-CB2 {'rot': 0.0055}
  t=  25.75  cb_failure         L9-CB1 {'rot': 0.01895}
  t=  25.87  cb_failure         L6-CB1 {'rot': 0.01894}
  t=  25.87  cb_failure         L7-CB1 {'rot': 0.01947}
  t=  25.87  cb_failure         L8-CB1 {'rot': 0.01987}
  t=  26.00  cb_failure         L5-CB1 {'rot': 0.01939}
  t=  26.12  cb_failure         L6-CB0 {'rot': 0.01902}
  t=  26.12  cb_failure         L7-CB0 {'rot': 0.01962}
  t=  26.12  cb_failure         L7-CB3 {'rot': 0.01949}
  t=  26.12  cb_failure         L8-CB0 {'rot': 0.01984}
  t=  26.12  cb_failure         L9-CB0 {'rot': 0.01977}
  t=  26.12  cb_failure         L10-CB0 {'rot': 0.01946}
  t=  27.00  cb_yield           L30-CB2 {'rot': 0.00559}
  t=  28.37  cb_failure         L6-CB2 {'rot': 0.01926}
  t=  28.37  cb_failure         L7-CB2 {'rot': 0.01951}
  t=  28.37  cb_failure         L8-CB2 {'rot': 0.01931}
  progress t=  30.0s  max corner drift so far=0.0075  wall clock=321s
  t=  32.87  cb_yield           L31-CB2 {'rot': 0.00646}
  t=  32.87  cb_yield           L32-CB2 {'rot': 0.006}
  t=  32.87  cb_yield           L33-CB2 {'rot': 0.00578}
  t=  39.87  cb_failure         L23-CB3 {'rot': 0.01967}
  t= 39.875  solver fallback: Newton
  t= 39.900  solver fallback: Newton
  t=  40.00  cb_failure         L24-CB3 {'rot': 0.01946}
  progress t=  40.0s  max corner drift so far=0.0075  wall clock=437s
  t=  40.25  cb_failure         L6-CB3 {'rot': 0.01909}
  t=  40.37  cb_failure         L5-CB3 {'rot': 0.01896}
  t=  40.62  cb_failure         L4-CB1 {'rot': 0.01932}
  t=  40.62  cb_failure         L4-CB3 {'rot': 0.01896}
  t=  47.50  cb_failure         L25-CB3 {'rot': 0.02145}
  t=  47.50  cb_failure         L26-CB3 {'rot': 0.02144}
  t=  48.37  cb_failure         L5-CB0 {'rot': 0.01898}
  t=  48.50  cb_failure         L3-CB1 {'rot': 0.01918}
  t=  48.50  cb_failure         L3-CB3 {'rot': 0.0191}
  t=  48.50  cb_failure         L4-CB0 {'rot': 0.01961}
  t=  48.50  cb_failure         L4-CB2 {'rot': 0.01894}
  t=  48.50  cb_failure         L5-CB2 {'rot': 0.01928}
  t=  48.62  cb_failure         L2-CB1 {'rot': 0.01902}
  t=  48.62  cb_failure         L2-CB3 {'rot': 0.01895}
  t=  49.12  cb_failure         L14-CB2 {'rot': 0.01914}
  t=  49.12  cb_failure         L15-CB2 {'rot': 0.01973}
  t=  49.12  cb_failure         L16-CB2 {'rot': 0.02015}
  t=  49.12  cb_failure         L17-CB2 {'rot': 0.02047}
  t=  49.12  cb_failure         L18-CB2 {'rot': 0.02061}
  t=  49.12  cb_failure         L19-CB2 {'rot': 0.02058}
  t=  49.12  cb_failure         L20-CB2 {'rot': 0.02043}
  t=  49.12  cb_failure         L21-CB2 {'rot': 0.02013}
  t=  49.12  cb_failure         L22-CB2 {'rot': 0.01974}
  t=  49.25  cb_failure         L13-CB2 {'rot': 0.01908}
  t=  49.25  cb_failure         L23-CB2 {'rot': 0.02363}
  t=  49.25  cb_failure         L24-CB2 {'rot': 0.02285}
  t=  49.25  cb_failure         L25-CB0 {'rot': 0.01978}
  t=  49.25  cb_failure         L25-CB2 {'rot': 0.02185}
  t=  49.25  cb_failure         L26-CB2 {'rot': 0.02062}
  t=  49.37  cb_failure         L17-CB0 {'rot': 0.01959}
  t=  49.37  cb_failure         L19-CB0 {'rot': 0.01961}
  t=  49.37  cb_failure         L20-CB0 {'rot': 0.01993}
  t=  49.37  cb_failure         L21-CB0 {'rot': 0.02004}
  t=  49.37  cb_failure         L22-CB0 {'rot': 0.01994}
  t=  49.37  cb_failure         L23-CB0 {'rot': 0.01967}
  t=  49.37  cb_failure         L27-CB0 {'rot': 0.01977}
  t=  49.37  cb_failure         L27-CB2 {'rot': 0.02251}
  t=  49.37  cb_failure         L28-CB2 {'rot': 0.02144}
  t=  49.37  cb_failure         L29-CB0 {'rot': 0.01982}
  t=  49.37  cb_failure         L29-CB2 {'rot': 0.0203}
  t=  49.37  cb_failure         L31-CB2 {'rot': 0.01974}
  t=  49.50  cb_failure         L24-CB0 {'rot': 0.01986}
  t=  49.50  cb_failure         L30-CB2 {'rot': 0.02107}
  progress t=  50.0s  max corner drift so far=0.0075  wall clock=552s
  t=  50.87  cb_failure         L9-CB2 {'rot': 0.01989}
  t=  50.87  cb_failure         L10-CB2 {'rot': 0.01961}
  t=  50.87  cb_failure         L11-CB0 {'rot': 0.02015}
  t=  50.87  cb_failure         L11-CB2 {'rot': 0.01909}
  t=  50.87  cb_failure         L12-CB0 {'rot': 0.01954}
  t=  54.00  cb_failure         L13-CB0 {'rot': 0.01908}
  t=  54.00  cb_failure         L14-CB0 {'rot': 0.01951}
  t=  54.00  cb_failure         L15-CB0 {'rot': 0.01982}
  t=  54.00  cb_failure         L16-CB0 {'rot': 0.02003}
  t=  54.00  cb_failure         L18-CB0 {'rot': 0.02024}
  t=  54.12  cb_failure         L26-CB0 {'rot': 0.02061}
  t=  54.12  cb_failure         L28-CB0 {'rot': 0.01953}
  t=  57.00  cb_failure         L12-CB2 {'rot': 0.0197}
  t=  59.37  cb_failure         L3-CB2 {'rot': 0.01924}
  t=  59.50  cb_failure         L32-CB2 {'rot': 0.02182}
  t=  59.50  cb_failure         L33-CB2 {'rot': 0.02155}
  t=  59.62  cb_failure         L30-CB0 {'rot': 0.02018}
  progress t=  60.0s  max corner drift so far=0.0096  wall clock=664s
  t=  62.37  cb_failure         L3-CB0 {'rot': 0.01947}
  t=  62.50  cb_failure         L2-CB2 {'rot': 0.0193}
  t=  62.75  cb_failure         L2-CB0 {'rot': 0.01894}
  progress t=  70.0s  max corner drift so far=0.0096  wall clock=770s
  progress t=  80.0s  max corner drift so far=0.0096  wall clock=869s
  progress t=  90.0s  max corner drift so far=0.0096  wall clock=970s
  progress t= 100.0s  max corner drift so far=0.0096  wall clock=1070s
