  t=   8.50  cb_yield           L6-CB3 {'rot': 0.00434}
  t=   8.50  cb_yield           L7-CB3 {'rot': 0.00448}
  t=   8.50  cb_yield           L8-CB3 {'rot': 0.00453}
  t=   8.50  cb_yield           L9-CB3 {'rot': 0.00451}
  t=   8.50  cb_yield           L10-CB3 {'rot': 0.00444}
  t=   8.50  cb_yield           L11-CB3 {'rot': 0.00433}
  t=   8.50  cb_yield           L12-CB3 {'rot': 0.00419}
  t=   8.63  cb_yield           L13-CB3 {'rot': 0.00459}
  t=   8.63  cb_yield           L14-CB3 {'rot': 0.00449}
  t=   8.63  cb_yield           L15-CB3 {'rot': 0.00437}
  t=   8.63  cb_yield           L16-CB3 {'rot': 0.00424}
  t=   8.75  cb_yield           L17-CB3 {'rot': 0.00474}
  t=   8.75  cb_yield           L18-CB3 {'rot': 0.00467}
  t=   8.75  cb_yield           L19-CB3 {'rot': 0.00458}
  t=   8.88  cb_yield           L20-CB3 {'rot': 0.00504}
  t=   8.88  cb_yield           L21-CB3 {'rot': 0.00497}
  t=   8.88  cb_yield           L22-CB3 {'rot': 0.00486}
  t=   8.88  cb_yield           L23-CB3 {'rot': 0.00473}
  t=   8.88  cb_yield           L24-CB3 {'rot': 0.00456}
  t=   9.00  cb_yield           L25-CB3 {'rot': 0.00475}
  t=   9.00  cb_yield           L26-CB3 {'rot': 0.00457}
  progress t=  10.0s  max corner drift so far=0.0015  wall clock=104s
  t=  10.38  cb_yield           L3-CB2 {'rot': 0.00424}
  t=  10.38  cb_yield           L4-CB2 {'rot': 0.00464}
  t=  10.38  cb_yield           L4-CB3 {'rot': 0.00426}
  t=  10.38  cb_yield           L5-CB2 {'rot': 0.00481}
  t=  10.38  cb_yield           L5-CB3 {'rot': 0.00438}
  t=  10.38  cb_yield           L6-CB2 {'rot': 0.0048}
  t=  10.38  cb_yield           L7-CB2 {'rot': 0.00465}
  t=  10.38  cb_yield           L8-CB2 {'rot': 0.00437}
  t=  10.38  cb_yield           L21-CB1 {'rot': 0.00489}
  t=  10.38  cb_yield           L22-CB1 {'rot': 0.00517}
  t=  10.38  cb_yield           L23-CB1 {'rot': 0.00535}
  t=  10.38  cb_yield           L24-CB1 {'rot': 0.00545}
  t=  10.38  cb_yield           L25-CB1 {'rot': 0.00546}
  t=  10.38  cb_yield           L26-CB1 {'rot': 0.0054}
  t=  10.38  cb_yield           L27-CB1 {'rot': 0.00528}
  t=  10.38  cb_yield           L28-CB1 {'rot': 0.00511}
  t=  10.38  cb_yield           L29-CB1 {'rot': 0.00491}
  t=  10.38  cb_yield           L30-CB1 {'rot': 0.00468}
  t=  10.50  cb_yield           L3-CB0 {'rot': 0.00438}
  t=  10.50  cb_yield           L3-CB1 {'rot': 0.00417}
  t=  10.50  cb_yield           L3-CB3 {'rot': 0.00421}
  t=  10.50  cb_yield           L4-CB0 {'rot': 0.00472}
  t=  10.50  cb_yield           L4-CB1 {'rot': 0.0045}
  t=  10.50  cb_yield           L5-CB0 {'rot': 0.00483}
  t=  10.50  cb_yield           L5-CB1 {'rot': 0.00459}
  t=  10.50  cb_yield           L6-CB0 {'rot': 0.00475}
  t=  10.50  cb_yield           L6-CB1 {'rot': 0.00449}
  t=  10.50  cb_yield           L7-CB0 {'rot': 0.00451}
  t=  10.50  cb_yield           L7-CB1 {'rot': 0.00424}
  t=  10.50  cb_yield           L8-CB0 {'rot': 0.00417}
  t=  10.50  cb_yield           L9-CB2 {'rot': 0.00434}
  t=  10.50  cb_yield           L31-CB1 {'rot': 0.00472}
  t=  10.63  cb_yield           L8-CB1 {'rot': 0.00434}
  t=  10.63  cb_yield           L9-CB0 {'rot': 0.00422}
  t=  10.88  cb_yield           L10-CB0 {'rot': 0.00432}
  t=  10.88  cb_yield           L11-CB0 {'rot': 0.00427}
  t=  10.88  cb_yield           L12-CB0 {'rot': 0.00422}
  t=  10.88  cb_yield           L13-CB0 {'rot': 0.00416}
  t=  11.00  cb_yield           L10-CB1 {'rot': 0.00425}
  t=  11.00  cb_yield           L11-CB1 {'rot': 0.00448}
  t=  11.00  cb_yield           L12-CB1 {'rot': 0.00472}
  t=  11.00  cb_yield           L13-CB1 {'rot': 0.00496}
  t=  11.00  cb_yield           L14-CB0 {'rot': 0.00552}
  t=  11.00  cb_yield           L14-CB1 {'rot': 0.00518}
  t=  11.00  cb_yield           L15-CB0 {'rot': 0.00573}
  t=  11.00  cb_yield           L15-CB1 {'rot': 0.00538}
  t=  11.00  cb_yield           L16-CB0 {'rot': 0.00592}
  t=  11.00  cb_yield           L16-CB1 {'rot': 0.00556}
  t=  11.00  cb_yield           L17-CB0 {'rot': 0.00612}
  t=  11.00  cb_yield           L17-CB1 {'rot': 0.00575}
  t=  11.00  cb_yield           L18-CB0 {'rot': 0.00627}
  t=  11.00  cb_yield           L18-CB1 {'rot': 0.00589}
  t=  11.00  cb_yield           L19-CB0 {'rot': 0.00637}
  t=  11.00  cb_yield           L19-CB1 {'rot': 0.00598}
  t=  11.00  cb_yield           L20-CB0 {'rot': 0.00641}
  t=  11.00  cb_yield           L20-CB1 {'rot': 0.00602}
  t=  11.00  cb_yield           L21-CB0 {'rot': 0.00639}
  t=  11.00  cb_yield           L22-CB0 {'rot': 0.00629}
  t=  11.00  cb_yield           L23-CB0 {'rot': 0.0061}
  t=  11.00  cb_yield           L24-CB0 {'rot': 0.00583}
  t=  11.00  cb_yield           L25-CB0 {'rot': 0.00548}
  t=  11.00  cb_yield           L26-CB0 {'rot': 0.00507}
  t=  11.00  cb_yield           L27-CB0 {'rot': 0.00461}
  t=  11.13  cb_yield           L9-CB1 {'rot': 0.00439}
  t=  11.13  cb_yield           L28-CB0 {'rot': 0.00496}
  t=  12.75  cb_yield           L16-CB2 {'rot': 0.00418}
  t=  12.75  cb_yield           L27-CB3 {'rot': 0.00511}
  t=  12.75  cb_yield           L28-CB3 {'rot': 0.0048}
  t=  12.88  cb_yield           L12-CB2 {'rot': 0.0042}
  t=  12.88  cb_yield           L13-CB2 {'rot': 0.0044}
  t=  12.88  cb_yield           L14-CB2 {'rot': 0.00458}
  t=  12.88  cb_yield           L15-CB2 {'rot': 0.00475}
  t=  12.88  cb_yield           L17-CB2 {'rot': 0.00503}
  t=  12.88  cb_yield           L18-CB2 {'rot': 0.00512}
  t=  12.88  cb_yield           L19-CB2 {'rot': 0.00516}
  t=  12.88  cb_yield           L20-CB2 {'rot': 0.00516}
  t=  12.88  cb_yield           L21-CB2 {'rot': 0.00509}
  t=  12.88  cb_yield           L22-CB2 {'rot': 0.00496}
  t=  12.88  cb_yield           L23-CB2 {'rot': 0.00476}
  t=  12.88  cb_yield           L29-CB3 {'rot': 0.00464}
  t=  13.00  cb_yield           L10-CB2 {'rot': 0.00441}
  t=  13.00  cb_yield           L11-CB2 {'rot': 0.00468}
  t=  13.38  cb_yield           L2-CB2 {'rot': 0.00462}
  t=  13.38  cb_yield           L2-CB3 {'rot': 0.00453}
  progress t=  20.0s  max corner drift so far=0.0034  wall clock=212s
  t=  20.25  cb_yield           L2-CB0 {'rot': 0.00453}
  t=  20.25  cb_yield           L2-CB1 {'rot': 0.00444}
  t=  20.75  cb_yield           L29-CB0 {'rot': 0.00464}
  t=  20.75  cb_yield           L32-CB1 {'rot': 0.00487}
  t=  20.75  cb_yield           L33-CB1 {'rot': 0.00479}
  t=  20.87  cb_yield           L30-CB0 {'rot': 0.00659}
  t=  20.87  cb_yield           L31-CB0 {'rot': 0.00634}
  t=  20.87  cb_yield           L32-CB0 {'rot': 0.00614}
  t=  20.87  cb_yield           L33-CB0 {'rot': 0.00602}
  t=  22.12  cb_yield           L30-CB3 {'rot': 0.00467}
  t=  22.12  cb_yield           L31-CB3 {'rot': 0.00461}
  t=  22.12  cb_yield           L32-CB3 {'rot': 0.00455}
  t=  22.25  cb_yield           L33-CB3 {'rot': 0.0048}
  t=  22.37  cb_yield           L1-CB1 {'rot': 0.00413}
  t=  26.62  cb_yield           L24-CB2 {'rot': 0.00485}
  t=  26.62  cb_yield           L25-CB2 {'rot': 0.00467}
  t=  26.75  cb_yield           L26-CB2 {'rot': 0.00482}
  t=  26.75  cb_yield           L27-CB2 {'rot': 0.00469}
  t=  28.00  cb_yield           L1-CB2 {'rot': 0.00428}
  t=  28.12  cb_yield           L1-CB3 {'rot': 0.0042}
  t=  28.75  cb_yield           L1-CB0 {'rot': 0.0042}
  t=  29.37  cb_yield           L28-CB2 {'rot': 0.00552}
  t=  29.37  cb_yield           L29-CB2 {'rot': 0.00505}
  t=  29.37  cb_yield           L30-CB2 {'rot': 0.00456}
  t=  29.50  cb_yield           L31-CB2 {'rot': 0.00514}
  t=  29.50  cb_yield           L32-CB2 {'rot': 0.00468}
  progress t=  30.0s  max corner drift so far=0.0048  wall clock=321s
  t=  39.62  cb_yield           L33-CB2 {'rot': 0.00477}
  t=  39.75  cb_failure         L19-CB3 {'rot': 0.01873}
  t=  39.75  cb_failure         L20-CB3 {'rot': 0.01901}
  t=  39.75  cb_failure         L21-CB3 {'rot': 0.01917}
  t=  39.75  cb_failure         L22-CB3 {'rot': 0.01919}
  t=  39.75  cb_failure         L23-CB3 {'rot': 0.01908}
  t=  39.75  cb_failure         L24-CB3 {'rot': 0.01884}
  t=  39.87  cb_failure         L18-CB3 {'rot': 0.01866}
  t=  40.00  cb_failure         L14-CB3 {'rot': 0.01834}
  t=  40.00  cb_failure         L15-CB3 {'rot': 0.01855}
  t=  40.00  cb_failure         L16-CB3 {'rot': 0.01867}
  t=  40.00  cb_failure         L17-CB3 {'rot': 0.01873}
  progress t=  40.0s  max corner drift so far=0.0048  wall clock=432s
  t=  40.12  cb_failure         L12-CB3 {'rot': 0.01846}
  t=  40.12  cb_failure         L13-CB3 {'rot': 0.0187}
  t=  40.25  cb_failure         L11-CB3 {'rot': 0.01813}
  t=  48.87  cb_failure         L25-CB3 {'rot': 0.02099}
  t=  48.87  cb_failure         L26-CB3 {'rot': 0.02062}
  t=  48.87  cb_failure         L27-CB3 {'rot': 0.02015}
  t=  48.87  cb_failure         L28-CB3 {'rot': 0.01967}
  t=  48.87  cb_failure         L29-CB3 {'rot': 0.01911}
  t=  49.00  cb_failure         L30-CB3 {'rot': 0.021}
  t=  49.00  cb_failure         L31-CB3 {'rot': 0.02032}
  t=  49.00  cb_failure         L32-CB3 {'rot': 0.01982}
  t=  49.00  cb_failure         L33-CB3 {'rot': 0.01964}
  t=  49.12  cb_failure         L18-CB1 {'rot': 0.01865}
  t=  49.12  cb_failure         L19-CB1 {'rot': 0.01913}
  t=  49.12  cb_failure         L20-CB1 {'rot': 0.0195}
  t=  49.12  cb_failure         L21-CB1 {'rot': 0.01973}
  t=  49.12  cb_failure         L22-CB1 {'rot': 0.01981}
  t=  49.12  cb_failure         L23-CB1 {'rot': 0.01975}
  t=  49.12  cb_failure         L24-CB1 {'rot': 0.01954}
  t=  49.12  cb_failure         L25-CB1 {'rot': 0.01918}
  t=  49.12  cb_failure         L26-CB1 {'rot': 0.0187}
  progress t=  50.0s  max corner drift so far=0.0053  wall clock=539s
  t=  53.87  cb_failure         L27-CB1 {'rot': 0.0186}
  t=  58.87  cb_failure         L8-CB1 {'rot': 0.01852}
  t=  58.87  cb_failure         L9-CB1 {'rot': 0.01897}
  t=  58.87  cb_failure         L9-CB3 {'rot': 0.01836}
  t=  58.87  cb_failure         L10-CB1 {'rot': 0.01927}
  t=  58.87  cb_failure         L10-CB3 {'rot': 0.01887}
  t=  58.87  cb_failure         L11-CB1 {'rot': 0.01945}
  t=  58.87  cb_failure         L12-CB1 {'rot': 0.01956}
  t=  58.87  cb_failure         L13-CB1 {'rot': 0.01958}
  t=  58.87  cb_failure         L14-CB1 {'rot': 0.01951}
  t=  58.87  cb_failure         L15-CB1 {'rot': 0.01939}
  t=  58.87  cb_failure         L16-CB1 {'rot': 0.01921}
  t=  58.87  cb_failure         L17-CB1 {'rot': 0.01894}
  t=  59.00  cb_failure         L6-CB1 {'rot': 0.01865}
  t=  59.00  cb_failure         L6-CB3 {'rot': 0.019}
  t=  59.00  cb_failure         L7-CB1 {'rot': 0.01984}
  t=  59.00  cb_failure         L7-CB3 {'rot': 0.02039}
  t=  59.00  cb_failure         L8-CB3 {'rot': 0.02148}
  t=  59.00  cb_failure         L9-CB2 {'rot': 0.01847}
  t=  59.00  cb_failure         L10-CB2 {'rot': 0.01875}
  t=  59.00  cb_failure         L11-CB2 {'rot': 0.01883}
  t=  59.00  cb_failure         L12-CB2 {'rot': 0.01876}
  t=  59.00  cb_failure         L13-CB2 {'rot': 0.01851}
  t=  59.12  cb_failure         L5-CB1 {'rot': 0.0188}
  t=  59.12  cb_failure         L5-CB2 {'rot': 0.01817}
  t=  59.12  cb_failure         L5-CB3 {'rot': 0.0203}
  t=  59.12  cb_failure         L6-CB2 {'rot': 0.01963}
  t=  59.12  cb_failure         L7-CB2 {'rot': 0.02069}
  t=  59.12  cb_failure         L8-CB0 {'rot': 0.01838}
  t=  59.12  cb_failure         L8-CB2 {'rot': 0.02141}
  t=  59.12  cb_failure         L9-CB0 {'rot': 0.01875}
  t=  59.12  cb_failure         L10-CB0 {'rot': 0.0189}
  t=  59.12  cb_failure         L11-CB0 {'rot': 0.01888}
  t=  59.12  cb_failure         L12-CB0 {'rot': 0.01872}
  t=  59.12  cb_failure         L13-CB0 {'rot': 0.01838}
  t=  59.12  cb_failure         L14-CB2 {'rot': 0.02085}
  t=  59.12  cb_failure         L15-CB2 {'rot': 0.02013}
  t=  59.12  cb_failure         L16-CB2 {'rot': 0.01928}
  t=  59.25  cb_failure         L4-CB1 {'rot': 0.01818}
  t=  59.25  cb_failure         L4-CB2 {'rot': 0.01891}
  t=  59.25  cb_failure         L4-CB3 {'rot': 0.02071}
  t=  59.25  cb_failure         L6-CB0 {'rot': 0.01834}
  t=  59.25  cb_failure         L7-CB0 {'rot': 0.019}
  t=  59.25  cb_failure         L14-CB0 {'rot': 0.01837}
  t=  59.25  cb_failure         L17-CB2 {'rot': 0.01951}
  t=  59.37  cb_failure         L3-CB3 {'rot': 0.01883}
  t=  59.37  cb_failure         L18-CB2 {'rot': 0.01938}
  t=  59.50  cb_failure         L19-CB2 {'rot': 0.01981}
  t=  59.50  cb_failure         L20-CB2 {'rot': 0.01887}
  t=  59.62  cb_failure         L21-CB2 {'rot': 0.02017}
  t=  59.62  cb_failure         L22-CB2 {'rot': 0.01916}
  t=  59.75  cb_failure         L23-CB2 {'rot': 0.02058}
  t=  59.75  cb_failure         L24-CB2 {'rot': 0.01938}
  t=  59.87  cb_failure         L25-CB2 {'rot': 0.01913}
  progress t=  60.0s  max corner drift so far=0.0063  wall clock=646s
  t=  64.75  cb_failure         L28-CB1 {'rot': 0.02089}
  t=  64.75  cb_failure         L29-CB1 {'rot': 0.02026}
  t=  64.75  cb_failure         L30-CB1 {'rot': 0.01958}
  t=  64.75  cb_failure         L31-CB1 {'rot': 0.01894}
  t=  64.87  cb_failure         L15-CB0 {'rot': 0.0197}
  t=  64.87  cb_failure         L16-CB0 {'rot': 0.01973}
  t=  64.87  cb_failure         L17-CB0 {'rot': 0.01968}
  t=  64.87  cb_failure         L18-CB0 {'rot': 0.01956}
  t=  64.87  cb_failure         L19-CB0 {'rot': 0.01935}
  t=  64.87  cb_failure         L20-CB0 {'rot': 0.01906}
  t=  64.87  cb_failure         L21-CB0 {'rot': 0.01867}
  t=  64.87  cb_failure         L26-CB2 {'rot': 0.01975}
  t=  64.87  cb_failure         L27-CB2 {'rot': 0.0186}
  t=  64.87  cb_failure         L32-CB1 {'rot': 0.01919}
  t=  64.87  cb_failure         L33-CB1 {'rot': 0.01903}
  t=  65.00  cb_failure         L22-CB0 {'rot': 0.01929}
  t=  65.12  cb_failure         L23-CB0 {'rot': 0.01903}
  t=  65.37  cb_failure         L5-CB0 {'rot': 0.01914}
  t=  65.50  cb_failure         L4-CB0 {'rot': 0.01864}
  t=  65.62  cb_failure         L3-CB1 {'rot': 0.01868}
  progress t=  70.0s  max corner drift so far=0.0063  wall clock=756s
  progress t=  80.0s  max corner drift so far=0.0063  wall clock=862s
  progress t=  90.0s  max corner drift so far=0.0063  wall clock=965s
  progress t= 100.0s  max corner drift so far=0.0063  wall clock=1070s
