  t=   2.12  cb_yield           L8-CB3 {'rot': 0.00498}
  t=   2.12  cb_yield           L9-CB3 {'rot': 0.00501}
  t=   2.12  cb_yield           L10-CB3 {'rot': 0.00499}
  t=   2.25  cb_yield           L9-CB1 {'rot': 0.00499}
  t=   2.25  cb_yield           L10-CB1 {'rot': 0.00507}
  t=   2.25  cb_yield           L11-CB1 {'rot': 0.00511}
  t=   2.25  cb_yield           L11-CB3 {'rot': 0.00521}
  t=   2.25  cb_yield           L12-CB1 {'rot': 0.00511}
  t=   2.25  cb_yield           L12-CB3 {'rot': 0.00523}
  t=   2.25  cb_yield           L13-CB1 {'rot': 0.00507}
  t=   2.25  cb_yield           L13-CB3 {'rot': 0.0052}
  t=   2.25  cb_yield           L14-CB1 {'rot': 0.00499}
  t=   2.25  cb_yield           L14-CB3 {'rot': 0.00513}
  t=   2.25  cb_yield           L15-CB3 {'rot': 0.00503}
  t=   2.37  cb_yield           L15-CB1 {'rot': 0.0051}
  t=   2.37  cb_yield           L16-CB1 {'rot': 0.0051}
  t=   2.37  cb_yield           L16-CB3 {'rot': 0.00526}
  t=   2.50  cb_yield           L17-CB1 {'rot': 0.00559}
  t=   2.50  cb_yield           L17-CB3 {'rot': 0.00577}
  t=   2.50  cb_yield           L18-CB1 {'rot': 0.00573}
  t=   2.50  cb_yield           L18-CB3 {'rot': 0.00592}
  t=   2.50  cb_yield           L19-CB1 {'rot': 0.00582}
  t=   2.50  cb_yield           L19-CB3 {'rot': 0.00602}
  t=   2.50  cb_yield           L20-CB1 {'rot': 0.00586}
  t=   2.50  cb_yield           L20-CB3 {'rot': 0.00608}
  t=   2.50  cb_yield           L21-CB1 {'rot': 0.00585}
  t=   2.50  cb_yield           L21-CB3 {'rot': 0.00608}
  t=   2.50  cb_yield           L22-CB1 {'rot': 0.00579}
  t=   2.50  cb_yield           L22-CB3 {'rot': 0.00602}
  t=   2.50  cb_yield           L23-CB1 {'rot': 0.00566}
  t=   2.50  cb_yield           L23-CB3 {'rot': 0.00591}
  t=   2.50  cb_yield           L24-CB1 {'rot': 0.00549}
  t=   2.50  cb_yield           L24-CB3 {'rot': 0.00573}
  t=   2.50  cb_yield           L25-CB3 {'rot': 0.00552}
  t=   2.62  cb_yield           L25-CB1 {'rot': 0.00577}
  t=   2.62  cb_yield           L26-CB3 {'rot': 0.00562}
  t=   3.87  cb_yield           L8-CB0 {'rot': 0.00496}
  t=   3.87  cb_yield           L9-CB0 {'rot': 0.00498}
  t=   3.87  cb_yield           L10-CB0 {'rot': 0.00496}
  t=   4.00  cb_yield           L3-CB0 {'rot': 0.00514}
  t=   4.00  cb_yield           L3-CB1 {'rot': 0.00501}
  t=   4.00  cb_yield           L4-CB0 {'rot': 0.00577}
  t=   4.00  cb_yield           L4-CB1 {'rot': 0.00563}
  t=   4.00  cb_yield           L4-CB2 {'rot': 0.00493}
  t=   4.00  cb_yield           L5-CB0 {'rot': 0.00617}
  t=   4.00  cb_yield           L5-CB1 {'rot': 0.00601}
  t=   4.00  cb_yield           L5-CB2 {'rot': 0.0052}
  t=   4.00  cb_yield           L5-CB3 {'rot': 0.005}
  t=   4.00  cb_yield           L6-CB0 {'rot': 0.00638}
  t=   4.00  cb_yield           L6-CB1 {'rot': 0.00621}
  t=   4.00  cb_yield           L6-CB2 {'rot': 0.0053}
  t=   4.00  cb_yield           L6-CB3 {'rot': 0.00508}
  t=   4.00  cb_yield           L7-CB0 {'rot': 0.00645}
  t=   4.00  cb_yield           L7-CB1 {'rot': 0.00627}
  t=   4.00  cb_yield           L7-CB2 {'rot': 0.00527}
  t=   4.00  cb_yield           L7-CB3 {'rot': 0.00502}
  t=   4.00  cb_yield           L8-CB1 {'rot': 0.0062}
  t=   4.00  cb_yield           L8-CB2 {'rot': 0.00514}
  t=   4.00  cb_yield           L11-CB0 {'rot': 0.00584}
  t=   4.00  cb_yield           L12-CB0 {'rot': 0.00557}
  t=   4.00  cb_yield           L13-CB0 {'rot': 0.00526}
  t=   4.12  cb_yield           L2-CB0 {'rot': 0.00534}
  t=   4.12  cb_yield           L2-CB1 {'rot': 0.00516}
  t=   4.12  cb_yield           L3-CB2 {'rot': 0.00563}
  t=   4.12  cb_yield           L3-CB3 {'rot': 0.00544}
  t=   4.12  cb_yield           L4-CB3 {'rot': 0.006}
  t=   4.12  cb_yield           L9-CB2 {'rot': 0.00558}
  t=   4.12  cb_yield           L10-CB2 {'rot': 0.00507}
  t=   4.25  cb_yield           L2-CB2 {'rot': 0.00511}
  t=   6.88  cb_yield           L26-CB1 {'rot': 0.00566}
  t=   8.50  cb_yield           L11-CB2 {'rot': 0.00669}
  t=   8.50  cb_yield           L12-CB2 {'rot': 0.00661}
  t=   8.50  cb_yield           L13-CB2 {'rot': 0.00649}
  t=   8.50  cb_yield           L14-CB2 {'rot': 0.00634}
  t=   8.50  cb_yield           L15-CB2 {'rot': 0.00617}
  t=   8.50  cb_yield           L16-CB2 {'rot': 0.00601}
  t=   8.50  cb_yield           L17-CB2 {'rot': 0.00582}
  t=   8.50  cb_yield           L18-CB2 {'rot': 0.00564}
  t=   8.50  cb_yield           L19-CB2 {'rot': 0.00548}
  t=   8.50  cb_yield           L27-CB3 {'rot': 0.00639}
  t=   8.50  cb_yield           L28-CB3 {'rot': 0.00606}
  t=   8.50  cb_yield           L29-CB3 {'rot': 0.0057}
  t=   8.63  cb_yield           L20-CB2 {'rot': 0.00673}
  t=   8.63  cb_yield           L21-CB2 {'rot': 0.00637}
  t=   8.63  cb_yield           L22-CB2 {'rot': 0.00598}
  t=   8.63  cb_yield           L23-CB2 {'rot': 0.00558}
  t=   8.63  cb_yield           L30-CB3 {'rot': 0.00559}
  t=   8.75  cb_yield           L24-CB2 {'rot': 0.00556}
  t=   9.00  cb_yield           L31-CB3 {'rot': 0.00621}
  t=   9.00  cb_yield           L32-CB3 {'rot': 0.00599}
  t=   9.00  cb_yield           L33-CB3 {'rot': 0.00585}
  progress t=  10.0s  max corner drift so far=0.0033  wall clock=111s
  t=  10.13  cb_yield           L14-CB0 {'rot': 0.00563}
  t=  10.13  cb_yield           L15-CB0 {'rot': 0.0054}
  t=  10.13  cb_yield           L16-CB0 {'rot': 0.00514}
  t=  10.25  cb_yield           L17-CB0 {'rot': 0.0057}
  t=  10.38  cb_yield           L1-CB2 {'rot': 0.00573}
  t=  10.38  cb_yield           L1-CB3 {'rot': 0.00553}
  t=  10.38  cb_yield           L2-CB3 {'rot': 0.00752}
  t=  10.38  cb_yield           L18-CB0 {'rot': 0.00605}
  t=  10.38  cb_yield           L19-CB0 {'rot': 0.00612}
  t=  10.38  cb_yield           L20-CB0 {'rot': 0.00614}
  t=  10.38  cb_yield           L21-CB0 {'rot': 0.00612}
  t=  10.38  cb_yield           L22-CB0 {'rot': 0.00605}
  t=  10.38  cb_yield           L23-CB0 {'rot': 0.00595}
  t=  10.38  cb_yield           L24-CB0 {'rot': 0.00581}
  t=  10.38  cb_yield           L25-CB0 {'rot': 0.00566}
  t=  10.38  cb_yield           L26-CB0 {'rot': 0.00549}
  t=  10.38  cb_yield           L27-CB1 {'rot': 0.00758}
  t=  10.38  cb_yield           L28-CB1 {'rot': 0.00742}
  t=  10.38  cb_yield           L29-CB1 {'rot': 0.00723}
  t=  10.38  cb_yield           L30-CB1 {'rot': 0.00699}
  t=  10.38  cb_yield           L31-CB1 {'rot': 0.00673}
  t=  10.38  cb_yield           L32-CB1 {'rot': 0.00648}
  t=  10.38  cb_yield           L33-CB1 {'rot': 0.0063}
  t=  10.50  cb_yield           L27-CB0 {'rot': 0.00676}
  t=  10.50  cb_yield           L28-CB0 {'rot': 0.00636}
  t=  10.50  cb_yield           L29-CB0 {'rot': 0.00592}
  t=  10.63  cb_yield           L1-CB0 {'rot': 0.00606}
  t=  10.63  cb_yield           L1-CB1 {'rot': 0.00581}
  t=  11.25  cb_failure         L7-CB1 {'rot': 0.01905}
  t=  11.25  cb_failure         L8-CB1 {'rot': 0.01976}
  t=  11.25  cb_failure         L9-CB1 {'rot': 0.02027}
  t=  11.25  cb_failure         L10-CB1 {'rot': 0.02065}
  t=  11.25  cb_failure         L11-CB1 {'rot': 0.02093}
  t=  11.25  cb_failure         L12-CB1 {'rot': 0.02118}
  t=  11.25  cb_failure         L13-CB1 {'rot': 0.02134}
  t=  11.25  cb_failure         L14-CB1 {'rot': 0.02136}
  t=  11.25  cb_failure         L15-CB1 {'rot': 0.0213}
  t=  11.25  cb_failure         L16-CB1 {'rot': 0.02112}
  t=  11.25  cb_failure         L17-CB1 {'rot': 0.02078}
  t=  11.25  cb_failure         L18-CB1 {'rot': 0.02032}
  t=  11.25  cb_failure         L19-CB1 {'rot': 0.01974}
  t=  11.38  cb_failure         L10-CB0 {'rot': 0.01963}
  t=  11.38  cb_failure         L11-CB0 {'rot': 0.02031}
  t=  11.38  cb_failure         L12-CB0 {'rot': 0.021}
  t=  11.38  cb_failure         L13-CB0 {'rot': 0.02158}
  t=  11.38  cb_failure         L14-CB0 {'rot': 0.02196}
  t=  11.38  cb_failure         L15-CB0 {'rot': 0.02218}
  t=  11.38  cb_failure         L16-CB0 {'rot': 0.02224}
  t=  11.38  cb_failure         L17-CB0 {'rot': 0.02208}
  t=  11.38  cb_failure         L18-CB0 {'rot': 0.02168}
  t=  11.38  cb_failure         L19-CB0 {'rot': 0.02102}
  t=  11.38  cb_failure         L20-CB0 {'rot': 0.02018}
  t=  11.38  cb_failure         L20-CB1 {'rot': 0.02297}
  t=  11.38  cb_failure         L21-CB1 {'rot': 0.02181}
  t=  11.38  cb_failure         L22-CB1 {'rot': 0.02032}
  t=  11.50  cb_failure         L9-CB0 {'rot': 0.01949}
  t=  11.50  cb_failure         L21-CB0 {'rot': 0.02028}
  t=  11.75  cb_yield           L25-CB2 {'rot': 0.00605}
  t=  11.88  cb_yield           L26-CB2 {'rot': 0.00556}
  t=  14.00  cb_yield           L27-CB2 {'rot': 0.00695}
  t=  14.00  cb_yield           L28-CB2 {'rot': 0.00656}
  t=  14.00  cb_yield           L29-CB2 {'rot': 0.00607}
  t=  14.13  cb_failure         L20-CB3 {'rot': 0.01978}
  t=  14.13  cb_failure         L23-CB3 {'rot': 0.01977}
  t=  14.13  cb_failure         L27-CB3 {'rot': 0.01979}
  t=  14.13  cb_failure         L28-CB3 {'rot': 0.01975}
  t=  14.13  cb_failure         L29-CB3 {'rot': 0.01979}
  t=  14.13  cb_yield           L30-CB2 {'rot': 0.00702}
  t=  14.13  cb_failure         L30-CB3 {'rot': 0.0198}
  t=  14.13  cb_yield           L31-CB2 {'rot': 0.00639}
  t=  14.13  cb_failure         L31-CB3 {'rot': 0.01986}
  t=  14.13  cb_yield           L32-CB2 {'rot': 0.00584}
  t=  14.13  cb_yield           L33-CB2 {'rot': 0.00557}
  t= 14.175  solver fallback: Newton
  t=  14.25  cb_failure         L16-CB3 {'rot': 0.01895}
  t=  14.25  cb_failure         L17-CB3 {'rot': 0.01958}
  t=  14.25  cb_failure         L18-CB3 {'rot': 0.01951}
  t=  14.25  cb_failure         L19-CB3 {'rot': 0.01971}
  t=  14.25  cb_failure         L21-CB3 {'rot': 0.01994}
  t=  14.25  cb_failure         L22-CB3 {'rot': 0.01989}
  t=  14.25  cb_failure         L24-CB3 {'rot': 0.01946}
  t=  14.38  cb_failure         L10-CB3 {'rot': 0.01914}
  t=  14.38  cb_failure         L11-CB3 {'rot': 0.02002}
  t=  14.38  cb_failure         L12-CB3 {'rot': 0.0208}
  t=  14.38  cb_failure         L13-CB3 {'rot': 0.02145}
  t=  14.38  cb_failure         L14-CB3 {'rot': 0.02192}
  t=  14.38  cb_failure         L15-CB3 {'rot': 0.02224}
  t= 14.450  solver fallback: Newton
  t=  14.75  cb_failure         L6-CB1 {'rot': 0.01922}
  t=  14.75  cb_failure         L7-CB3 {'rot': 0.01894}
  t=  14.75  cb_failure         L8-CB3 {'rot': 0.01937}
  t=  14.75  cb_failure         L9-CB3 {'rot': 0.01975}
  t=  14.88  cb_failure         L27-CB1 {'rot': 0.01985}
  t=  14.88  cb_failure         L28-CB1 {'rot': 0.01984}
  t=  14.88  cb_failure         L29-CB1 {'rot': 0.01948}
  t=  15.00  cb_failure         L23-CB1 {'rot': 0.01967}
  t=  15.00  cb_failure         L24-CB1 {'rot': 0.01972}
  t= 15.050  solver fallback: Newton
  t=  15.50  cb_yield           L30-CB0 {'rot': 0.00546}
  t=  17.00  cb_failure         L4-CB1 {'rot': 0.01896}
  t=  17.00  cb_failure         L5-CB0 {'rot': 0.02007}
  t=  17.00  cb_failure         L5-CB1 {'rot': 0.02028}
  t=  17.00  cb_failure         L6-CB0 {'rot': 0.0208}
  t=  17.00  cb_failure         L7-CB0 {'rot': 0.02113}
  t=  17.00  cb_failure         L8-CB0 {'rot': 0.02114}
  t=  17.13  cb_failure         L4-CB0 {'rot': 0.02093}
  t=  17.13  cb_failure         L5-CB3 {'rot': 0.01936}
  t=  17.13  cb_failure         L6-CB2 {'rot': 0.01972}
  t=  17.13  cb_failure         L6-CB3 {'rot': 0.02037}
  t=  17.13  cb_failure         L7-CB2 {'rot': 0.02035}
  t=  17.13  cb_failure         L8-CB2 {'rot': 0.02072}
  t=  17.13  cb_failure         L9-CB2 {'rot': 0.0209}
  t=  17.13  cb_failure         L10-CB2 {'rot': 0.02091}
  t=  17.13  cb_failure         L11-CB2 {'rot': 0.02076}
  t=  17.13  cb_failure         L12-CB2 {'rot': 0.0205}
  t=  17.13  cb_failure         L13-CB2 {'rot': 0.02005}
  t=  17.13  cb_failure         L14-CB2 {'rot': 0.01942}
  t=  17.25  cb_failure         L3-CB0 {'rot': 0.01963}
  t=  17.25  cb_failure         L3-CB1 {'rot': 0.02003}
  t=  17.25  cb_failure         L4-CB3 {'rot': 0.01916}
  t=  17.25  cb_failure         L5-CB2 {'rot': 0.02045}
  t=  17.25  cb_failure         L15-CB2 {'rot': 0.02105}
  t=  17.25  cb_failure         L16-CB2 {'rot': 0.02033}
  t=  17.25  cb_failure         L17-CB2 {'rot': 0.01954}
  t=  17.25  cb_failure         L18-CB2 {'rot': 0.0196}
  t=  17.25  cb_failure         L19-CB2 {'rot': 0.01966}
  t=  17.38  cb_failure         L20-CB2 {'rot': 0.0197}
  t=  17.63  cb_failure         L22-CB0 {'rot': 0.01953}
  t=  17.88  cb_failure         L23-CB0 {'rot': 0.01956}
  t=  19.50  cb_failure         L3-CB3 {'rot': 0.02015}
  t=  19.50  cb_failure         L4-CB2 {'rot': 0.01944}
  t=  19.87  cb_failure         L2-CB1 {'rot': 0.01893}
  t=  19.87  cb_failure         L2-CB3 {'rot': 0.01894}
  t=  20.00  cb_failure         L25-CB1 {'rot': 0.0267}
  t=  20.00  cb_failure         L25-CB3 {'rot': 0.02155}
  t=  20.00  cb_failure         L26-CB1 {'rot': 0.02533}
  t=  20.00  cb_failure         L26-CB3 {'rot': 0.02052}
  t=  20.00  cb_failure         L30-CB1 {'rot': 0.02073}
  t=  20.00  cb_failure         L31-CB1 {'rot': 0.01993}
  t=  20.00  cb_failure         L32-CB1 {'rot': 0.01974}
  t=  20.00  cb_failure         L33-CB1 {'rot': 0.02011}
  t=  20.00  cb_failure         L33-CB3 {'rot': 0.0202}
  progress t=  20.0s  max corner drift so far=0.0086  wall clock=226s
  t= 20.025  solver fallback: Newton
  t=  20.12  cb_failure         L2-CB0 {'rot': 0.02115}
  t=  20.12  cb_yield           L31-CB0 {'rot': 0.00692}
  t=  20.12  cb_yield           L32-CB0 {'rot': 0.00624}
  t=  20.12  cb_failure         L32-CB3 {'rot': 0.02225}
  t=  20.12  cb_yield           L33-CB0 {'rot': 0.00596}
  t=  20.25  cb_failure         L1-CB1 {'rot': 0.0193}
  t=  20.25  cb_failure         L25-CB0 {'rot': 0.01973}
  t=  20.37  cb_failure         L24-CB0 {'rot': 0.02275}
  t=  20.37  cb_failure         L26-CB0 {'rot': 0.02035}
  t= 20.375  solver fallback: Newton
  t= 20.425  solver fallback: Newton
  t=  20.62  cb_failure         L21-CB2 {'rot': 0.01962}
  t=  20.62  cb_failure         L27-CB0 {'rot': 0.0196}
  t=  20.87  cb_failure         L22-CB2 {'rot': 0.01963}
  t=  20.87  cb_failure         L28-CB0 {'rot': 0.01975}
  t=  21.00  cb_failure         L24-CB2 {'rot': 0.01977}
  t=  21.00  cb_failure         L29-CB0 {'rot': 0.02277}
  t=  21.00  cb_failure         L30-CB0 {'rot': 0.02119}
  t=  21.00  cb_failure         L31-CB0 {'rot': 0.02001}
  t=  21.00  cb_failure         L32-CB0 {'rot': 0.01955}
  t=  21.00  cb_failure         L33-CB0 {'rot': 0.01948}
  t=  21.12  cb_failure         L26-CB2 {'rot': 0.01984}
  t=  21.25  cb_failure         L28-CB2 {'rot': 0.01982}
  t=  23.37  cb_failure         L23-CB2 {'rot': 0.01974}
  t=  23.62  cb_failure         L25-CB2 {'rot': 0.02013}
  t=  26.00  cb_failure         L3-CB2 {'rot': 0.02}
  t=  26.87  cb_failure         L27-CB2 {'rot': 0.0266}
  t=  26.87  cb_failure         L29-CB2 {'rot': 0.02475}
  t=  26.87  cb_failure         L30-CB2 {'rot': 0.02349}
  t=  26.87  cb_failure         L31-CB2 {'rot': 0.02223}
  t=  26.87  cb_failure         L32-CB2 {'rot': 0.02128}
  t=  26.87  cb_failure         L33-CB2 {'rot': 0.02097}
  t=  27.25  cb_failure         L1-CB0 {'rot': 0.01893}
  progress t=  30.0s  max corner drift so far=0.0164  wall clock=349s
  t=  34.00  cb_failure         L2-CB2 {'rot': 0.02036}
  t=  37.75  cb_failure         L1-CB3 {'rot': 0.01901}
  t= 37.750  solver fallback: Newton
  progress t=  40.0s  max corner drift so far=0.0164  wall clock=475s
  t=  46.25  cb_failure         L1-CB2 {'rot': 0.01955}
  progress t=  50.0s  max corner drift so far=0.0164  wall clock=600s
  progress t=  60.0s  max corner drift so far=0.0164  wall clock=720s
  progress t=  70.0s  max corner drift so far=0.0164  wall clock=832s
  progress t=  80.0s  max corner drift so far=0.0164  wall clock=944s
  progress t=  90.0s  max corner drift so far=0.0164  wall clock=1051s
  progress t= 100.0s  max corner drift so far=0.0164  wall clock=1159s
