  t=   2.12  cb_yield           L9-CB3 {'rot': 0.00494}
  t=   2.12  cb_yield           L10-CB3 {'rot': 0.00495}
  t=   2.25  cb_yield           L10-CB1 {'rot': 0.005}
  t=   2.25  cb_yield           L11-CB1 {'rot': 0.00505}
  t=   2.25  cb_yield           L11-CB3 {'rot': 0.00515}
  t=   2.25  cb_yield           L12-CB1 {'rot': 0.00506}
  t=   2.25  cb_yield           L12-CB3 {'rot': 0.00517}
  t=   2.25  cb_yield           L13-CB1 {'rot': 0.00503}
  t=   2.25  cb_yield           L13-CB3 {'rot': 0.00515}
  t=   2.25  cb_yield           L14-CB1 {'rot': 0.00496}
  t=   2.25  cb_yield           L14-CB3 {'rot': 0.00509}
  t=   2.25  cb_yield           L15-CB3 {'rot': 0.00501}
  t=   2.37  cb_yield           L15-CB1 {'rot': 0.0051}
  t=   2.37  cb_yield           L16-CB1 {'rot': 0.00513}
  t=   2.37  cb_yield           L16-CB3 {'rot': 0.00529}
  t=   2.50  cb_yield           L17-CB1 {'rot': 0.00566}
  t=   2.50  cb_yield           L17-CB3 {'rot': 0.00584}
  t=   2.50  cb_yield           L18-CB1 {'rot': 0.00581}
  t=   2.50  cb_yield           L18-CB3 {'rot': 0.006}
  t=   2.50  cb_yield           L19-CB1 {'rot': 0.00591}
  t=   2.50  cb_yield           L19-CB3 {'rot': 0.00612}
  t=   2.50  cb_yield           L20-CB1 {'rot': 0.00596}
  t=   2.50  cb_yield           L20-CB3 {'rot': 0.00618}
  t=   2.50  cb_yield           L21-CB1 {'rot': 0.00596}
  t=   2.50  cb_yield           L21-CB3 {'rot': 0.00619}
  t=   2.50  cb_yield           L22-CB1 {'rot': 0.00589}
  t=   2.50  cb_yield           L22-CB3 {'rot': 0.00613}
  t=   2.50  cb_yield           L23-CB1 {'rot': 0.00577}
  t=   2.50  cb_yield           L23-CB3 {'rot': 0.00601}
  t=   2.50  cb_yield           L24-CB1 {'rot': 0.0056}
  t=   2.50  cb_yield           L24-CB3 {'rot': 0.00584}
  t=   2.50  cb_yield           L25-CB3 {'rot': 0.00562}
  t=   2.62  cb_yield           L25-CB1 {'rot': 0.00575}
  t=   2.62  cb_yield           L26-CB3 {'rot': 0.0056}
  t=   3.87  cb_yield           L6-CB0 {'rot': 0.00507}
  t=   3.87  cb_yield           L7-CB0 {'rot': 0.00524}
  t=   3.87  cb_yield           L7-CB1 {'rot': 0.00505}
  t=   3.87  cb_yield           L8-CB0 {'rot': 0.00532}
  t=   3.87  cb_yield           L8-CB1 {'rot': 0.00511}
  t=   3.87  cb_yield           L9-CB0 {'rot': 0.00536}
  t=   3.87  cb_yield           L9-CB1 {'rot': 0.00511}
  t=   3.87  cb_yield           L10-CB0 {'rot': 0.00534}
  t=   3.87  cb_yield           L11-CB0 {'rot': 0.00528}
  t=   3.87  cb_yield           L12-CB0 {'rot': 0.00521}
  t=   3.87  cb_yield           L13-CB0 {'rot': 0.00511}
  t=   3.87  cb_yield           L14-CB0 {'rot': 0.00498}
  t=   4.00  cb_yield           L3-CB0 {'rot': 0.00528}
  t=   4.00  cb_yield           L3-CB1 {'rot': 0.00508}
  t=   4.00  cb_yield           L4-CB0 {'rot': 0.00593}
  t=   4.00  cb_yield           L4-CB1 {'rot': 0.00571}
  t=   4.00  cb_yield           L4-CB2 {'rot': 0.00508}
  t=   4.00  cb_yield           L5-CB0 {'rot': 0.00635}
  t=   4.00  cb_yield           L5-CB1 {'rot': 0.00611}
  t=   4.00  cb_yield           L5-CB2 {'rot': 0.00537}
  t=   4.00  cb_yield           L5-CB3 {'rot': 0.00508}
  t=   4.00  cb_yield           L6-CB1 {'rot': 0.00631}
  t=   4.00  cb_yield           L6-CB2 {'rot': 0.00548}
  t=   4.00  cb_yield           L6-CB3 {'rot': 0.00516}
  t=   4.00  cb_yield           L7-CB2 {'rot': 0.00545}
  t=   4.00  cb_yield           L7-CB3 {'rot': 0.0051}
  t=   4.00  cb_yield           L8-CB2 {'rot': 0.00531}
  t=   4.00  cb_yield           L8-CB3 {'rot': 0.00494}
  t=   4.00  cb_yield           L9-CB2 {'rot': 0.0051}
  t=   4.12  cb_yield           L2-CB0 {'rot': 0.00527}
  t=   4.12  cb_yield           L2-CB1 {'rot': 0.00505}
  t=   4.12  cb_yield           L3-CB2 {'rot': 0.00552}
  t=   4.12  cb_yield           L3-CB3 {'rot': 0.00526}
  t=   4.12  cb_yield           L4-CB3 {'rot': 0.00579}
  t=   4.12  cb_yield           L10-CB2 {'rot': 0.00502}
  t=   6.75  cb_yield           L26-CB1 {'rot': 0.00549}
  t=   8.38  cb_yield           L11-CB2 {'rot': 0.00545}
  t=   8.38  cb_yield           L12-CB2 {'rot': 0.00534}
  t=   8.38  cb_yield           L13-CB2 {'rot': 0.0052}
  t=   8.38  cb_yield           L14-CB2 {'rot': 0.00506}
  t=   8.50  cb_yield           L15-CB2 {'rot': 0.00641}
  t=   8.50  cb_yield           L16-CB2 {'rot': 0.00616}
  t=   8.50  cb_yield           L17-CB2 {'rot': 0.00585}
  t=   8.50  cb_yield           L18-CB2 {'rot': 0.00555}
  t=   8.63  cb_yield           L19-CB2 {'rot': 0.00656}
  t=   8.63  cb_yield           L20-CB2 {'rot': 0.00613}
  t=   8.63  cb_yield           L21-CB2 {'rot': 0.00567}
  t=   8.63  cb_yield           L27-CB3 {'rot': 0.00567}
  t=   8.75  cb_yield           L22-CB2 {'rot': 0.00588}
  t=   8.75  cb_yield           L28-CB3 {'rot': 0.00578}
  t=   8.88  cb_yield           L23-CB2 {'rot': 0.00559}
  t=   8.88  cb_yield           L29-CB3 {'rot': 0.00618}
  t=   8.88  cb_yield           L30-CB3 {'rot': 0.00592}
  t=   8.88  cb_yield           L31-CB3 {'rot': 0.0057}
  t=   8.88  cb_yield           L32-CB3 {'rot': 0.00554}
  t=   9.00  cb_yield           L33-CB3 {'rot': 0.00578}
  t=   9.25  cb_yield           L27-CB1 {'rot': 0.00582}
  t=   9.25  cb_yield           L28-CB1 {'rot': 0.00565}
  progress t=  10.0s  max corner drift so far=0.0031  wall clock=97s
  t=  10.38  cb_yield           L2-CB2 {'rot': 0.00668}
  t=  10.38  cb_yield           L2-CB3 {'rot': 0.00642}
  t=  10.38  cb_yield           L21-CB0 {'rot': 0.00554}
  t=  10.38  cb_yield           L22-CB0 {'rot': 0.0056}
  t=  10.38  cb_yield           L23-CB0 {'rot': 0.00559}
  t=  10.38  cb_yield           L24-CB0 {'rot': 0.00551}
  t=  10.38  cb_yield           L29-CB1 {'rot': 0.0071}
  t=  10.38  cb_yield           L30-CB1 {'rot': 0.00683}
  t=  10.38  cb_yield           L31-CB1 {'rot': 0.00656}
  t=  10.38  cb_yield           L32-CB1 {'rot': 0.00631}
  t=  10.38  cb_yield           L33-CB1 {'rot': 0.00607}
  t=  10.50  cb_yield           L1-CB2 {'rot': 0.00576}
  t=  10.50  cb_yield           L1-CB3 {'rot': 0.00558}
  t=  10.50  cb_yield           L19-CB0 {'rot': 0.00547}
  t=  10.50  cb_yield           L20-CB0 {'rot': 0.00618}
  t=  10.50  cb_yield           L25-CB0 {'rot': 0.00715}
  t=  10.50  cb_yield           L26-CB0 {'rot': 0.00689}
  t=  10.50  cb_yield           L27-CB0 {'rot': 0.00654}
  t=  10.50  cb_yield           L28-CB0 {'rot': 0.00614}
  t=  10.50  cb_yield           L29-CB0 {'rot': 0.00568}
  t=  10.63  cb_yield           L1-CB0 {'rot': 0.00739}
  t=  10.63  cb_yield           L1-CB1 {'rot': 0.00688}
  t=  10.88  cb_yield           L15-CB0 {'rot': 0.00689}
  t=  10.88  cb_yield           L16-CB0 {'rot': 0.00586}
  t=  11.00  cb_yield           L17-CB0 {'rot': 0.00859}
  t=  11.00  cb_yield           L18-CB0 {'rot': 0.00772}
  t=  11.25  cb_failure         L10-CB1 {'rot': 0.01927}
  t=  11.25  cb_failure         L11-CB1 {'rot': 0.01979}
  t=  11.25  cb_failure         L12-CB1 {'rot': 0.02032}
  t=  11.25  cb_failure         L13-CB1 {'rot': 0.02081}
  t=  11.25  cb_failure         L14-CB1 {'rot': 0.02116}
  t=  11.25  cb_failure         L15-CB1 {'rot': 0.02141}
  t=  11.25  cb_failure         L16-CB1 {'rot': 0.02153}
  t=  11.25  cb_failure         L17-CB1 {'rot': 0.0215}
  t=  11.25  cb_failure         L18-CB1 {'rot': 0.02131}
  t=  11.25  cb_failure         L19-CB1 {'rot': 0.02093}
  t=  11.25  cb_failure         L20-CB1 {'rot': 0.0204}
  t=  11.25  cb_failure         L21-CB1 {'rot': 0.01967}
  t=  11.38  cb_failure         L9-CB1 {'rot': 0.01957}
  t=  11.38  cb_failure         L10-CB0 {'rot': 0.01893}
  t=  11.38  cb_failure         L11-CB0 {'rot': 0.01973}
  t=  11.38  cb_failure         L12-CB0 {'rot': 0.02054}
  t=  11.38  cb_failure         L13-CB0 {'rot': 0.02122}
  t=  11.38  cb_failure         L14-CB0 {'rot': 0.02166}
  t=  11.38  cb_failure         L15-CB0 {'rot': 0.02192}
  t=  11.38  cb_failure         L16-CB0 {'rot': 0.022}
  t=  11.38  cb_failure         L17-CB0 {'rot': 0.02188}
  t=  11.38  cb_failure         L18-CB0 {'rot': 0.02153}
  t=  11.38  cb_failure         L19-CB0 {'rot': 0.02095}
  t=  11.38  cb_failure         L20-CB0 {'rot': 0.02019}
  t=  11.38  cb_failure         L22-CB1 {'rot': 0.0211}
  t=  11.38  cb_failure         L23-CB1 {'rot': 0.0196}
  t=  11.38  cb_yield           L24-CB2 {'rot': 0.00646}
  t= 11.400  solver fallback: Newton
  t= 11.425  solver fallback: Newton
  t=  11.50  cb_yield           L25-CB2 {'rot': 0.00553}
  t=  11.75  cb_yield           L26-CB2 {'rot': 0.00607}
  t=  14.00  cb_yield           L27-CB2 {'rot': 0.00599}
  t=  14.00  cb_yield           L28-CB2 {'rot': 0.00568}
  t=  14.13  cb_failure         L20-CB3 {'rot': 0.01982}
  t=  14.13  cb_failure         L21-CB3 {'rot': 0.01984}
  t=  14.13  cb_failure         L22-CB3 {'rot': 0.01985}
  t=  14.13  cb_failure         L24-CB3 {'rot': 0.01985}
  t=  14.13  cb_yield           L29-CB2 {'rot': 0.00551}
  t=  14.38  cb_failure         L14-CB3 {'rot': 0.01894}
  t=  14.38  cb_failure         L15-CB3 {'rot': 0.01911}
  t=  14.38  cb_failure         L16-CB3 {'rot': 0.01917}
  t=  14.50  cb_failure         L13-CB3 {'rot': 0.01897}
  t=  14.63  cb_failure         L8-CB1 {'rot': 0.01895}
  t=  14.75  cb_failure         L6-CB1 {'rot': 0.01896}
  t=  14.75  cb_failure         L7-CB1 {'rot': 0.01958}
  t=  17.00  cb_failure         L5-CB0 {'rot': 0.01986}
  t=  17.00  cb_failure         L5-CB1 {'rot': 0.02006}
  t=  17.00  cb_failure         L6-CB0 {'rot': 0.02087}
  t=  17.00  cb_failure         L6-CB2 {'rot': 0.01912}
  t=  17.00  cb_failure         L6-CB3 {'rot': 0.01975}
  t=  17.00  cb_failure         L7-CB0 {'rot': 0.02145}
  t=  17.00  cb_failure         L7-CB2 {'rot': 0.01974}
  t=  17.00  cb_failure         L7-CB3 {'rot': 0.02046}
  t=  17.00  cb_failure         L8-CB0 {'rot': 0.0217}
  t=  17.00  cb_failure         L8-CB2 {'rot': 0.02009}
  t=  17.00  cb_failure         L8-CB3 {'rot': 0.02089}
  t=  17.00  cb_failure         L9-CB0 {'rot': 0.02171}
  t=  17.00  cb_failure         L9-CB2 {'rot': 0.02023}
  t=  17.00  cb_failure         L9-CB3 {'rot': 0.02108}
  t=  17.00  cb_failure         L10-CB2 {'rot': 0.0202}
  t=  17.00  cb_failure         L10-CB3 {'rot': 0.02108}
  t=  17.00  cb_failure         L11-CB2 {'rot': 0.02002}
  t=  17.00  cb_failure         L11-CB3 {'rot': 0.02092}
  t=  17.00  cb_failure         L12-CB2 {'rot': 0.01974}
  t=  17.00  cb_failure         L12-CB3 {'rot': 0.02065}
  t=  17.00  cb_failure         L13-CB2 {'rot': 0.01933}
  t=  17.00  cb_failure         L17-CB2 {'rot': 0.01966}
  t=  17.13  cb_failure         L4-CB0 {'rot': 0.01979}
  t=  17.13  cb_failure         L4-CB1 {'rot': 0.0203}
  t=  17.13  cb_failure         L5-CB2 {'rot': 0.01903}
  t=  17.13  cb_failure         L5-CB3 {'rot': 0.0197}
  t=  17.13  cb_failure         L14-CB2 {'rot': 0.02114}
  t=  17.13  cb_failure         L15-CB2 {'rot': 0.0204}
  t=  17.13  cb_failure         L16-CB2 {'rot': 0.01953}
  t=  17.13  cb_failure         L17-CB3 {'rot': 0.01968}
  t=  17.13  cb_failure         L18-CB2 {'rot': 0.01967}
  t=  17.25  cb_failure         L3-CB1 {'rot': 0.01932}
  t=  17.25  cb_failure         L4-CB3 {'rot': 0.01922}
  t=  17.25  cb_failure         L18-CB3 {'rot': 0.02005}
  t=  17.38  cb_failure         L19-CB3 {'rot': 0.01948}
  t=  17.50  cb_failure         L21-CB0 {'rot': 0.01949}
  t=  17.63  cb_yield           L30-CB0 {'rot': 0.00671}
  t=  17.63  cb_yield           L31-CB0 {'rot': 0.00579}
  t= 17.725  solver fallback: Newton
  t=  17.75  cb_failure         L22-CB0 {'rot': 0.02056}
  t=  17.75  cb_failure         L23-CB0 {'rot': 0.01999}
  t=  17.75  cb_yield           L32-CB0 {'rot': 0.00568}
  t=  19.50  cb_failure         L3-CB3 {'rot': 0.01972}
  t=  19.50  cb_failure         L4-CB2 {'rot': 0.01972}
  t=  19.75  cb_failure         L2-CB3 {'rot': 0.01903}
  t= 19.750  solver fallback: Newton
  t=  19.87  cb_failure         L2-CB1 {'rot': 0.0197}
  t=  19.87  cb_failure         L3-CB0 {'rot': 0.02052}
  t=  19.87  cb_failure         L26-CB1 {'rot': 0.01976}
  t=  19.87  cb_failure         L27-CB1 {'rot': 0.01984}
  t=  19.87  cb_failure         L28-CB1 {'rot': 0.01977}
  t= 19.925  solver fallback: Newton
  t= 19.950  solver fallback: Newton
  t=  20.00  cb_failure         L2-CB0 {'rot': 0.01898}
  t=  20.00  cb_failure         L23-CB3 {'rot': 0.02155}
  t=  20.00  cb_failure         L24-CB1 {'rot': 0.024}
  t=  20.00  cb_failure         L25-CB1 {'rot': 0.02281}
  t=  20.00  cb_failure         L25-CB3 {'rot': 0.01951}
  t=  20.00  cb_failure         L26-CB3 {'rot': 0.01977}
  t=  20.00  cb_failure         L27-CB3 {'rot': 0.01979}
  t=  20.00  cb_failure         L28-CB3 {'rot': 0.01977}
  t=  20.00  cb_failure         L29-CB1 {'rot': 0.0198}
  t=  20.00  cb_failure         L29-CB3 {'rot': 0.01985}
  t=  20.00  cb_failure         L30-CB3 {'rot': 0.01968}
  t=  20.00  cb_failure         L32-CB1 {'rot': 0.01982}
  t=  20.00  cb_failure         L33-CB1 {'rot': 0.01993}
  progress t=  20.0s  max corner drift so far=0.0087  wall clock=211s
  t=  20.12  cb_failure         L1-CB1 {'rot': 0.01933}
  t=  20.12  cb_failure         L3-CB2 {'rot': 0.01895}
  t=  20.12  cb_failure         L30-CB1 {'rot': 0.0263}
  t=  20.12  cb_failure         L31-CB1 {'rot': 0.02562}
  t=  20.12  cb_failure         L31-CB3 {'rot': 0.02256}
  t=  20.12  cb_failure         L32-CB3 {'rot': 0.02219}
  t=  20.12  cb_failure         L33-CB3 {'rot': 0.02158}
  t=  20.25  cb_yield           L30-CB2 {'rot': 0.00602}
  t=  20.25  cb_yield           L33-CB0 {'rot': 0.00881}
  t=  20.32  wall_axial_failure S1-F {'gamma': 0.00096, 'eps': -0.00721, 'cause': 'crushing'}
  t=  20.37  cb_failure         L1-CB3 {'rot': 0.03297}
  t=  20.37  cb_failure         L24-CB0 {'rot': 0.02034}
  t= 20.425  solver fallback: 4 sub-steps
  t= 20.475  solver fallback: Newton
  t=  20.50  cb_failure         L25-CB0 {'rot': 0.02085}
  t=  20.62  cb_failure         L19-CB2 {'rot': 0.02161}
  t=  20.62  cb_failure         L20-CB2 {'rot': 0.01994}
  t=  20.75  cb_failure         L26-CB0 {'rot': 0.02046}
  t= 20.750  solver fallback: NewtonLineSearch
