  t=   8.50  cb_yield           L8-CB3 {'rot': 0.00412}
  t=   8.50  cb_yield           L9-CB3 {'rot': 0.00413}
  t=   8.63  cb_yield           L6-CB3 {'rot': 0.00413}
  t=   8.63  cb_yield           L7-CB3 {'rot': 0.0043}
  t=   8.63  cb_yield           L10-CB3 {'rot': 0.00448}
  t=   8.63  cb_yield           L11-CB3 {'rot': 0.00447}
  t=   8.63  cb_yield           L12-CB3 {'rot': 0.00442}
  t=   8.63  cb_yield           L13-CB3 {'rot': 0.00435}
  t=   8.63  cb_yield           L14-CB3 {'rot': 0.00426}
  t=   8.63  cb_yield           L15-CB3 {'rot': 0.00415}
  t=   8.75  cb_yield           L16-CB3 {'rot': 0.00449}
  t=   8.88  cb_yield           L17-CB3 {'rot': 0.00466}
  t=   8.88  cb_yield           L18-CB3 {'rot': 0.0046}
  t=   9.00  cb_yield           L19-CB3 {'rot': 0.00463}
  t=   9.00  cb_yield           L20-CB3 {'rot': 0.00465}
  t=   9.00  cb_yield           L21-CB3 {'rot': 0.00463}
  t=   9.00  cb_yield           L22-CB3 {'rot': 0.00456}
  progress t=  10.0s  max corner drift so far=0.0015  wall clock=94s
  t=  10.38  cb_yield           L3-CB2 {'rot': 0.00424}
  t=  10.38  cb_yield           L4-CB2 {'rot': 0.00461}
  t=  10.38  cb_yield           L4-CB3 {'rot': 0.00422}
  t=  10.38  cb_yield           L5-CB2 {'rot': 0.00474}
  t=  10.38  cb_yield           L5-CB3 {'rot': 0.0043}
  t=  10.38  cb_yield           L6-CB2 {'rot': 0.0047}
  t=  10.38  cb_yield           L7-CB2 {'rot': 0.00451}
  t=  10.38  cb_yield           L8-CB2 {'rot': 0.00422}
  t=  10.38  cb_yield           L22-CB1 {'rot': 0.00459}
  t=  10.38  cb_yield           L23-CB1 {'rot': 0.00468}
  t=  10.38  cb_yield           L24-CB1 {'rot': 0.00472}
  t=  10.38  cb_yield           L25-CB1 {'rot': 0.00469}
  t=  10.38  cb_yield           L26-CB1 {'rot': 0.00462}
  t=  10.50  cb_yield           L3-CB0 {'rot': 0.00422}
  t=  10.50  cb_yield           L3-CB3 {'rot': 0.00449}
  t=  10.50  cb_yield           L4-CB0 {'rot': 0.00454}
  t=  10.50  cb_yield           L4-CB1 {'rot': 0.00437}
  t=  10.50  cb_yield           L5-CB0 {'rot': 0.00464}
  t=  10.50  cb_yield           L5-CB1 {'rot': 0.00445}
  t=  10.50  cb_yield           L6-CB0 {'rot': 0.00455}
  t=  10.50  cb_yield           L6-CB1 {'rot': 0.00433}
  t=  10.50  cb_yield           L7-CB0 {'rot': 0.00432}
  t=  10.50  cb_yield           L9-CB2 {'rot': 0.00467}
  t=  10.50  cb_yield           L10-CB2 {'rot': 0.00425}
  t=  10.50  cb_yield           L21-CB1 {'rot': 0.00466}
  t=  10.50  cb_yield           L27-CB1 {'rot': 0.00528}
  t=  10.50  cb_yield           L28-CB1 {'rot': 0.00507}
  t=  10.50  cb_yield           L29-CB1 {'rot': 0.00481}
  t=  10.63  cb_yield           L2-CB0 {'rot': 0.00444}
  t=  10.63  cb_yield           L2-CB1 {'rot': 0.00424}
  t=  10.63  cb_yield           L2-CB2 {'rot': 0.00422}
  t=  10.63  cb_yield           L3-CB1 {'rot': 0.00497}
  t=  10.63  cb_yield           L7-CB1 {'rot': 0.00499}
  t=  10.63  cb_yield           L8-CB0 {'rot': 0.00487}
  t=  10.63  cb_yield           L8-CB1 {'rot': 0.00453}
  t=  10.63  cb_yield           L9-CB0 {'rot': 0.00437}
  t=  10.75  cb_yield           L9-CB1 {'rot': 0.00457}
  t=  10.75  cb_yield           L10-CB0 {'rot': 0.00445}
  t=  10.88  cb_yield           L10-CB1 {'rot': 0.00455}
  t=  10.88  cb_yield           L11-CB0 {'rot': 0.00468}
  t=  10.88  cb_yield           L11-CB1 {'rot': 0.00432}
  t=  10.88  cb_yield           L12-CB0 {'rot': 0.00447}
  t=  10.88  cb_yield           L13-CB0 {'rot': 0.00425}
  t=  11.00  cb_yield           L12-CB1 {'rot': 0.00494}
  t=  11.00  cb_yield           L13-CB1 {'rot': 0.00499}
  t=  11.00  cb_yield           L14-CB0 {'rot': 0.00532}
  t=  11.00  cb_yield           L14-CB1 {'rot': 0.00502}
  t=  11.00  cb_yield           L15-CB0 {'rot': 0.00536}
  t=  11.00  cb_yield           L15-CB1 {'rot': 0.00505}
  t=  11.00  cb_yield           L16-CB0 {'rot': 0.0054}
  t=  11.00  cb_yield           L16-CB1 {'rot': 0.00507}
  t=  11.00  cb_yield           L17-CB0 {'rot': 0.00544}
  t=  11.00  cb_yield           L17-CB1 {'rot': 0.00509}
  t=  11.00  cb_yield           L18-CB0 {'rot': 0.00547}
  t=  11.00  cb_yield           L18-CB1 {'rot': 0.0051}
  t=  11.00  cb_yield           L19-CB0 {'rot': 0.00548}
  t=  11.00  cb_yield           L19-CB1 {'rot': 0.00509}
  t=  11.00  cb_yield           L20-CB0 {'rot': 0.00548}
  t=  11.00  cb_yield           L20-CB1 {'rot': 0.00508}
  t=  11.00  cb_yield           L21-CB0 {'rot': 0.00544}
  t=  11.00  cb_yield           L22-CB0 {'rot': 0.00535}
  t=  11.00  cb_yield           L23-CB0 {'rot': 0.00521}
  t=  11.00  cb_yield           L24-CB0 {'rot': 0.005}
  t=  11.00  cb_yield           L25-CB0 {'rot': 0.00473}
  t=  11.13  cb_yield           L26-CB0 {'rot': 0.0058}
  t=  11.13  cb_yield           L27-CB0 {'rot': 0.00518}
  t=  11.13  cb_yield           L28-CB0 {'rot': 0.00461}
  t=  12.75  cb_yield           L23-CB3 {'rot': 0.00508}
  t=  12.75  cb_yield           L24-CB3 {'rot': 0.00495}
  t=  12.75  cb_yield           L25-CB3 {'rot': 0.00479}
  t=  12.75  cb_yield           L26-CB3 {'rot': 0.00461}
  t=  12.88  cb_yield           L27-CB3 {'rot': 0.00499}
  t=  12.88  cb_yield           L28-CB3 {'rot': 0.00467}
  t=  13.00  cb_yield           L11-CB2 {'rot': 0.00491}
  t=  13.00  cb_yield           L12-CB2 {'rot': 0.00501}
  t=  13.00  cb_yield           L13-CB2 {'rot': 0.00506}
  t=  13.00  cb_yield           L14-CB2 {'rot': 0.00506}
  t=  13.00  cb_yield           L15-CB2 {'rot': 0.00503}
  t=  13.00  cb_yield           L16-CB2 {'rot': 0.00495}
  t=  13.00  cb_yield           L17-CB2 {'rot': 0.00482}
  t=  13.00  cb_yield           L18-CB2 {'rot': 0.00466}
  t=  13.38  cb_yield           L2-CB3 {'rot': 0.00473}
  t=  19.12  cb_yield           L29-CB3 {'rot': 0.00455}
  t=  20.00  cb_yield           L30-CB1 {'rot': 0.00478}
  progress t=  20.0s  max corner drift so far=0.0036  wall clock=191s
  t=  20.50  cb_yield           L1-CB0 {'rot': 0.00425}
  t=  20.75  cb_yield           L31-CB1 {'rot': 0.00482}
  t=  20.75  cb_yield           L32-CB1 {'rot': 0.0047}
  t=  20.75  cb_yield           L33-CB1 {'rot': 0.00463}
  t=  20.87  cb_yield           L29-CB0 {'rot': 0.00533}
  t=  20.87  cb_yield           L30-CB0 {'rot': 0.00505}
  t=  20.87  cb_yield           L31-CB0 {'rot': 0.00479}
  t=  20.87  cb_yield           L32-CB0 {'rot': 0.0046}
  t=  21.00  cb_yield           L33-CB0 {'rot': 0.00499}
  t=  21.87  cb_yield           L30-CB3 {'rot': 0.00466}
  t=  21.87  cb_yield           L31-CB3 {'rot': 0.00465}
  t=  21.87  cb_yield           L32-CB3 {'rot': 0.00462}
  t=  21.87  cb_yield           L33-CB3 {'rot': 0.00458}
  t=  22.37  cb_yield           L1-CB1 {'rot': 0.0043}
  t=  25.12  cb_yield           L19-CB2 {'rot': 0.0051}
  t=  25.12  cb_yield           L20-CB2 {'rot': 0.00455}
  t=  25.25  cb_yield           L21-CB2 {'rot': 0.00464}
  t=  25.37  cb_yield           L22-CB2 {'rot': 0.00459}
  t=  25.50  cb_yield           L23-CB2 {'rot': 0.00462}
  t=  26.00  cb_yield           L1-CB3 {'rot': 0.00414}
  t=  26.12  cb_yield           L1-CB2 {'rot': 0.00433}
  t=  26.62  cb_yield           L24-CB2 {'rot': 0.00494}
  t=  26.62  cb_yield           L25-CB2 {'rot': 0.00465}
  t=  26.75  cb_yield           L26-CB2 {'rot': 0.00519}
  t=  26.75  cb_yield           L27-CB2 {'rot': 0.00495}
  t=  26.75  cb_yield           L28-CB2 {'rot': 0.00467}
  t=  27.50  cb_yield           L29-CB2 {'rot': 0.00523}
  t=  29.50  cb_yield           L30-CB2 {'rot': 0.00525}
  t=  29.50  cb_yield           L31-CB2 {'rot': 0.0046}
  progress t=  30.0s  max corner drift so far=0.0049  wall clock=289s
  t=  33.87  cb_yield           L32-CB2 {'rot': 0.00516}
  t=  33.87  cb_yield           L33-CB2 {'rot': 0.00484}
  t=  34.00  cb_failure         L23-CB3 {'rot': 0.01855}
  t=  34.00  cb_failure         L24-CB3 {'rot': 0.01881}
  t=  34.00  cb_failure         L25-CB3 {'rot': 0.01888}
  t=  34.00  cb_failure         L26-CB3 {'rot': 0.01879}
  t=  34.00  cb_failure         L27-CB3 {'rot': 0.01857}
  t=  39.75  cb_failure         L17-CB3 {'rot': 0.01855}
  t=  39.75  cb_failure         L18-CB3 {'rot': 0.01898}
  t=  39.75  cb_failure         L19-CB3 {'rot': 0.01937}
  t=  39.75  cb_failure         L20-CB3 {'rot': 0.01965}
  t=  39.75  cb_failure         L21-CB3 {'rot': 0.01979}
  t=  39.75  cb_failure         L22-CB3 {'rot': 0.01979}
  t=  39.87  cb_failure         L13-CB3 {'rot': 0.01818}
  t=  39.87  cb_failure         L14-CB3 {'rot': 0.01878}
  t=  39.87  cb_failure         L15-CB3 {'rot': 0.0193}
  t=  39.87  cb_failure         L16-CB3 {'rot': 0.01973}
  t=  39.87  cb_failure         L18-CB1 {'rot': 0.01859}
  t=  39.87  cb_failure         L19-CB1 {'rot': 0.019}
  t=  39.87  cb_failure         L20-CB1 {'rot': 0.01933}
  t=  39.87  cb_failure         L21-CB1 {'rot': 0.01955}
  t=  39.87  cb_failure         L22-CB1 {'rot': 0.01964}
  t=  39.87  cb_failure         L23-CB1 {'rot': 0.01961}
  t=  39.87  cb_failure         L24-CB1 {'rot': 0.01946}
  t=  39.87  cb_failure         L25-CB1 {'rot': 0.01918}
  t=  39.87  cb_failure         L26-CB1 {'rot': 0.0188}
  t=  39.87  cb_failure         L28-CB3 {'rot': 0.01903}
  t=  40.00  cb_failure         L11-CB3 {'rot': 0.01846}
  t=  40.00  cb_failure         L12-CB3 {'rot': 0.0192}
  t=  40.00  cb_failure         L15-CB1 {'rot': 0.01823}
  t=  40.00  cb_failure         L16-CB1 {'rot': 0.01878}
  t=  40.00  cb_failure         L17-CB1 {'rot': 0.01931}
  t=  40.00  cb_failure         L27-CB1 {'rot': 0.0186}
  progress t=  40.0s  max corner drift so far=0.0049  wall clock=390s
  t=  40.12  cb_failure         L9-CB3 {'rot': 0.01882}
  t=  40.12  cb_failure         L10-CB3 {'rot': 0.0196}
  t=  40.12  cb_failure         L14-CB1 {'rot': 0.01862}
  t=  40.25  cb_failure         L7-CB3 {'rot': 0.01827}
  t=  40.25  cb_failure         L8-CB3 {'rot': 0.01913}
  t=  40.25  cb_failure         L13-CB1 {'rot': 0.01842}
  t=  40.37  cb_failure         L6-CB3 {'rot': 0.01818}
  t=  40.62  cb_failure         L8-CB1 {'rot': 0.01839}
  t=  40.62  cb_failure         L9-CB1 {'rot': 0.01844}
  t=  40.62  cb_failure         L10-CB1 {'rot': 0.01827}
  t=  48.87  cb_failure         L29-CB3 {'rot': 0.01885}
  t=  49.00  cb_failure         L30-CB3 {'rot': 0.02153}
  t=  49.00  cb_failure         L31-CB3 {'rot': 0.02084}
  t=  49.00  cb_failure         L32-CB3 {'rot': 0.02033}
  t=  49.00  cb_failure         L33-CB3 {'rot': 0.01969}
  t=  49.12  cb_failure         L15-CB2 {'rot': 0.01815}
  t=  49.12  cb_failure         L16-CB2 {'rot': 0.01872}
  t=  49.12  cb_failure         L17-CB2 {'rot': 0.01922}
  t=  49.12  cb_failure         L18-CB2 {'rot': 0.01955}
  t=  49.12  cb_failure         L19-CB2 {'rot': 0.0197}
  t=  49.12  cb_failure         L20-CB2 {'rot': 0.01972}
  t=  49.12  cb_failure         L21-CB2 {'rot': 0.01956}
  t=  49.12  cb_failure         L22-CB2 {'rot': 0.01921}
  t=  49.12  cb_failure         L23-CB2 {'rot': 0.0187}
  t=  49.12  cb_failure         L28-CB1 {'rot': 0.019}
  t=  49.25  cb_failure         L24-CB2 {'rot': 0.01897}
  t=  49.25  cb_failure         L29-CB1 {'rot': 0.02074}
  t=  49.25  cb_failure         L30-CB1 {'rot': 0.01977}
  t=  49.25  cb_failure         L31-CB1 {'rot': 0.01888}
  t=  49.37  cb_failure         L32-CB1 {'rot': 0.01939}
  t=  49.37  cb_failure         L33-CB1 {'rot': 0.01878}
  progress t=  50.0s  max corner drift so far=0.0055  wall clock=493s
  t=  58.87  cb_failure         L11-CB1 {'rot': 0.01894}
  t=  58.87  cb_failure         L12-CB1 {'rot': 0.01937}
  t=  59.00  cb_failure         L7-CB1 {'rot': 0.01836}
  t=  59.12  cb_failure         L5-CB3 {'rot': 0.02016}
  t=  59.12  cb_failure         L6-CB1 {'rot': 0.01912}
  t=  59.12  cb_failure         L6-CB2 {'rot': 0.01823}
  t=  59.12  cb_failure         L7-CB2 {'rot': 0.01929}
  t=  59.12  cb_failure         L8-CB2 {'rot': 0.02005}
  t=  59.12  cb_failure         L9-CB2 {'rot': 0.02055}
  t=  59.12  cb_failure         L10-CB2 {'rot': 0.0208}
  t=  59.12  cb_failure         L11-CB0 {'rot': 0.01824}
  t=  59.12  cb_failure         L11-CB2 {'rot': 0.02086}
  t=  59.12  cb_failure         L12-CB0 {'rot': 0.01833}
  t=  59.12  cb_failure         L12-CB2 {'rot': 0.02079}
  t=  59.12  cb_failure         L13-CB0 {'rot': 0.01826}
  t=  59.12  cb_failure         L13-CB2 {'rot': 0.02053}
  t=  59.12  cb_failure         L14-CB2 {'rot': 0.02007}
  t=  59.25  cb_failure         L4-CB2 {'rot': 0.01821}
  t=  59.25  cb_failure         L4-CB3 {'rot': 0.02072}
  t=  59.25  cb_failure         L5-CB1 {'rot': 0.0194}
  t=  59.25  cb_failure         L5-CB2 {'rot': 0.02026}
  t=  59.25  cb_failure         L7-CB0 {'rot': 0.01843}
  t=  59.25  cb_failure         L8-CB0 {'rot': 0.01907}
  t=  59.25  cb_failure         L9-CB0 {'rot': 0.01948}
  t=  59.25  cb_failure         L10-CB0 {'rot': 0.0197}
  t=  59.25  cb_failure         L14-CB0 {'rot': 0.01894}
  t=  59.25  cb_failure         L15-CB0 {'rot': 0.01837}
  t=  59.37  cb_failure         L3-CB3 {'rot': 0.01938}
  t=  59.37  cb_failure         L4-CB1 {'rot': 0.01875}
  t=  59.37  cb_failure         L6-CB0 {'rot': 0.01874}
  progress t=  60.0s  max corner drift so far=0.0061  wall clock=594s
  t=  64.87  cb_failure         L16-CB0 {'rot': 0.01931}
  t=  64.87  cb_failure         L17-CB0 {'rot': 0.01898}
  t=  64.87  cb_failure         L18-CB0 {'rot': 0.01858}
  t=  65.00  cb_failure         L19-CB0 {'rot': 0.02028}
  t=  65.00  cb_failure         L20-CB0 {'rot': 0.01953}
  t=  65.00  cb_failure         L21-CB0 {'rot': 0.01869}
  t=  65.12  cb_failure         L22-CB0 {'rot': 0.01906}
  t=  65.25  cb_failure         L5-CB0 {'rot': 0.01914}
  t=  65.25  cb_failure         L23-CB0 {'rot': 0.01865}
  t=  65.37  cb_failure         L3-CB1 {'rot': 0.01846}
  t=  65.37  cb_failure         L4-CB0 {'rot': 0.01897}
  t=  65.62  cb_failure         L3-CB0 {'rot': 0.01869}
  progress t=  70.0s  max corner drift so far=0.0061  wall clock=694s
  progress t=  80.0s  max corner drift so far=0.0061  wall clock=790s
  progress t=  90.0s  max corner drift so far=0.0061  wall clock=886s
  progress t= 100.0s  max corner drift so far=0.0061  wall clock=983s
