  t=   1.87  cb_yield           L4-CB1 {'rot': 0.00444}
  t=   1.87  cb_yield           L4-CB2 {'rot': 0.0042}
  t=   1.87  cb_yield           L4-CB3 {'rot': 0.00454}
  t=   1.87  cb_yield           L5-CB0 {'rot': 0.00429}
  t=   1.87  cb_yield           L5-CB1 {'rot': 0.00469}
  t=   1.87  cb_yield           L5-CB2 {'rot': 0.00438}
  t=   1.87  cb_yield           L5-CB3 {'rot': 0.00479}
  t=   1.87  cb_yield           L6-CB0 {'rot': 0.00431}
  t=   1.87  cb_yield           L6-CB1 {'rot': 0.00477}
  t=   1.87  cb_yield           L6-CB2 {'rot': 0.00441}
  t=   1.87  cb_yield           L6-CB3 {'rot': 0.00488}
  t=   1.87  cb_yield           L7-CB0 {'rot': 0.00421}
  t=   1.87  cb_yield           L7-CB1 {'rot': 0.00472}
  t=   1.87  cb_yield           L7-CB2 {'rot': 0.00431}
  t=   1.87  cb_yield           L7-CB3 {'rot': 0.00484}
  t=   1.87  cb_yield           L8-CB1 {'rot': 0.00459}
  t=   1.87  cb_yield           L8-CB2 {'rot': 0.00413}
  t=   1.87  cb_yield           L8-CB3 {'rot': 0.00471}
  t=   1.87  cb_yield           L9-CB1 {'rot': 0.00439}
  t=   1.87  cb_yield           L9-CB3 {'rot': 0.00451}
  t=   1.87  cb_yield           L10-CB1 {'rot': 0.00415}
  t=   1.87  cb_yield           L10-CB3 {'rot': 0.00426}
  t=   2.00  cb_yield           L3-CB1 {'rot': 0.00441}
  t=   2.00  cb_yield           L3-CB2 {'rot': 0.00412}
  t=   2.00  cb_yield           L3-CB3 {'rot': 0.00446}
  t=   2.00  cb_yield           L4-CB0 {'rot': 0.00461}
  t=   2.00  cb_yield           L8-CB0 {'rot': 0.00508}
  t=   2.00  cb_yield           L9-CB0 {'rot': 0.00489}
  t=   2.00  cb_yield           L9-CB2 {'rot': 0.00499}
  t=   2.00  cb_yield           L10-CB0 {'rot': 0.00464}
  t=   2.00  cb_yield           L10-CB2 {'rot': 0.00475}
  t=   2.00  cb_yield           L11-CB0 {'rot': 0.00434}
  t=   2.00  cb_yield           L11-CB1 {'rot': 0.00524}
  t=   2.00  cb_yield           L11-CB2 {'rot': 0.00445}
  t=   2.00  cb_yield           L11-CB3 {'rot': 0.00537}
  t=   2.00  cb_yield           L12-CB1 {'rot': 0.00497}
  t=   2.00  cb_yield           L12-CB2 {'rot': 0.00413}
  t=   2.00  cb_yield           L12-CB3 {'rot': 0.0051}
  t=   2.00  cb_yield           L13-CB1 {'rot': 0.00467}
  t=   2.00  cb_yield           L13-CB3 {'rot': 0.00479}
  t=   2.00  cb_yield           L14-CB1 {'rot': 0.00435}
  t=   2.00  cb_yield           L14-CB3 {'rot': 0.00447}
  t=   2.00  cb_yield           L15-CB3 {'rot': 0.00416}
  t=   2.12  cb_yield           L12-CB0 {'rot': 0.00497}
  t=   2.12  cb_yield           L13-CB0 {'rot': 0.00469}
  t=   2.12  cb_yield           L13-CB2 {'rot': 0.00483}
  t=   2.12  cb_yield           L14-CB0 {'rot': 0.00437}
  t=   2.12  cb_yield           L14-CB2 {'rot': 0.00452}
  t=   2.12  cb_yield           L15-CB1 {'rot': 0.00535}
  t=   2.12  cb_yield           L15-CB2 {'rot': 0.00419}
  t=   2.12  cb_yield           L16-CB1 {'rot': 0.00505}
  t=   2.12  cb_yield           L16-CB3 {'rot': 0.00522}
  t=   2.12  cb_yield           L17-CB1 {'rot': 0.00468}
  t=   2.12  cb_yield           L17-CB3 {'rot': 0.00485}
  t=   2.25  cb_yield           L15-CB0 {'rot': 0.00474}
  t=   2.25  cb_yield           L16-CB0 {'rot': 0.00445}
  t=   2.25  cb_yield           L16-CB2 {'rot': 0.00464}
  t=   2.25  cb_yield           L18-CB1 {'rot': 0.00537}
  t=   2.25  cb_yield           L18-CB3 {'rot': 0.0056}
  t=   2.25  cb_yield           L19-CB1 {'rot': 0.00505}
  t=   2.25  cb_yield           L19-CB3 {'rot': 0.00529}
  t=   2.25  cb_yield           L20-CB1 {'rot': 0.00475}
  t=   2.25  cb_yield           L20-CB3 {'rot': 0.005}
  t=   2.25  cb_yield           L21-CB3 {'rot': 0.00472}
  t=   2.37  cb_yield           L17-CB0 {'rot': 0.00482}
  t=   2.37  cb_yield           L17-CB2 {'rot': 0.00506}
  t=   2.37  cb_yield           L18-CB0 {'rot': 0.00465}
  t=   2.37  cb_yield           L18-CB2 {'rot': 0.00491}
  t=   2.37  cb_yield           L19-CB2 {'rot': 0.00473}
  t=   2.37  cb_yield           L20-CB2 {'rot': 0.00455}
  t=   2.37  cb_yield           L21-CB1 {'rot': 0.00632}
  t=   2.37  cb_yield           L22-CB1 {'rot': 0.0061}
  t=   2.37  cb_yield           L22-CB3 {'rot': 0.00643}
  t=   2.37  cb_yield           L23-CB1 {'rot': 0.00585}
  t=   2.37  cb_yield           L23-CB3 {'rot': 0.0062}
  t=   2.37  cb_yield           L24-CB1 {'rot': 0.00557}
  t=   2.37  cb_yield           L24-CB3 {'rot': 0.00592}
  t=   2.37  cb_yield           L25-CB1 {'rot': 0.00526}
  t=   2.37  cb_yield           L25-CB3 {'rot': 0.00561}
  t=   2.37  cb_yield           L26-CB1 {'rot': 0.00494}
  t=   2.37  cb_yield           L26-CB3 {'rot': 0.00528}
  t=   2.37  cb_yield           L27-CB1 {'rot': 0.0046}
  t=   2.37  cb_yield           L27-CB3 {'rot': 0.00494}
  t=   2.37  cb_yield           L28-CB3 {'rot': 0.00461}
  t=   2.50  cb_yield           L19-CB0 {'rot': 0.00563}
  t=   2.50  cb_yield           L20-CB0 {'rot': 0.00553}
  t=   2.50  cb_yield           L21-CB0 {'rot': 0.00535}
  t=   2.50  cb_yield           L21-CB2 {'rot': 0.00565}
  t=   2.50  cb_yield           L22-CB0 {'rot': 0.00509}
  t=   2.50  cb_yield           L22-CB2 {'rot': 0.0054}
  t=   2.50  cb_yield           L23-CB0 {'rot': 0.00475}
  t=   2.50  cb_yield           L23-CB2 {'rot': 0.00507}
  t=   2.50  cb_yield           L24-CB2 {'rot': 0.00468}
  t=   2.50  cb_yield           L28-CB1 {'rot': 0.00529}
  t=   2.50  cb_yield           L29-CB1 {'rot': 0.00481}
  t=   2.50  cb_yield           L29-CB3 {'rot': 0.00512}
  t=   2.50  cb_yield           L30-CB3 {'rot': 0.00465}
  t=   2.62  cb_yield           L24-CB0 {'rot': 0.0048}
  t=   2.62  cb_yield           L30-CB1 {'rot': 0.00472}
  t=   3.50  cb_yield           L25-CB0 {'rot': 0.00503}
  t=   3.50  cb_yield           L25-CB2 {'rot': 0.00497}
  t=   3.50  cb_yield           L26-CB0 {'rot': 0.00459}
  t=   3.50  cb_yield           L26-CB2 {'rot': 0.00456}
  t=   3.87  cb_yield           L3-CB0 {'rot': 0.00446}
  t=   4.00  cb_yield           L2-CB0 {'rot': 0.00516}
  t=   4.00  cb_yield           L2-CB1 {'rot': 0.00501}
  t=   4.00  cb_yield           L2-CB2 {'rot': 0.00444}
  t=   4.00  cb_yield           L2-CB3 {'rot': 0.0043}
  t=   4.12  cb_yield           L1-CB0 {'rot': 0.00469}
  t=   4.12  cb_yield           L1-CB1 {'rot': 0.00457}
  t=   4.12  cb_yield           L1-CB2 {'rot': 0.00415}
  t=   4.25  cb_yield           L1-CB3 {'rot': 0.00422}
  t=   8.25  cb_yield           L31-CB1 {'rot': 0.00481}
  t=   8.38  cb_yield           L31-CB3 {'rot': 0.00467}
  t=   8.38  cb_yield           L32-CB1 {'rot': 0.00456}
  t=   8.50  cb_yield           L32-CB3 {'rot': 0.00637}
  t=   8.50  cb_yield           L33-CB3 {'rot': 0.00598}
  t=   8.63  cb_yield           L27-CB2 {'rot': 0.00511}
  t=   8.75  cb_failure         L11-CB3 {'rot': 0.01812}
  t=   8.75  cb_failure         L12-CB3 {'rot': 0.01856}
  t=   8.75  cb_failure         L13-CB3 {'rot': 0.01885}
  t=   8.75  cb_failure         L14-CB3 {'rot': 0.01897}
  t=   8.75  cb_failure         L15-CB3 {'rot': 0.01895}
  t=   8.75  cb_failure         L16-CB3 {'rot': 0.01879}
  t=   8.75  cb_yield           L28-CB2 {'rot': 0.00525}
  t=   8.75  cb_yield           L29-CB2 {'rot': 0.0047}
  t=   8.88  cb_failure         L17-CB3 {'rot': 0.0189}
  t=   8.88  cb_yield           L30-CB2 {'rot': 0.00494}
  t=   9.00  cb_yield           L31-CB2 {'rot': 0.00525}
  t=   9.00  cb_yield           L32-CB2 {'rot': 0.0049}
  t=   9.00  cb_yield           L33-CB2 {'rot': 0.00472}
  t=   9.13  cb_yield           L33-CB1 {'rot': 0.0049}
  t=   9.38  cb_yield           L27-CB0 {'rot': 0.00464}
  progress t=  10.0s  max corner drift so far=0.0045  wall clock=101s
  t=  10.38  cb_yield           L28-CB0 {'rot': 0.00758}
  t=  10.38  cb_yield           L29-CB0 {'rot': 0.00732}
  t=  10.38  cb_yield           L30-CB0 {'rot': 0.00702}
  t=  10.38  cb_yield           L31-CB0 {'rot': 0.00671}
  t=  10.38  cb_yield           L32-CB0 {'rot': 0.00645}
  t=  10.38  cb_yield           L33-CB0 {'rot': 0.0063}
  t=  10.50  cb_failure         L22-CB1 {'rot': 0.01856}
  t=  10.50  cb_failure         L23-CB1 {'rot': 0.01874}
  t=  10.50  cb_failure         L24-CB1 {'rot': 0.01879}
  t=  10.50  cb_failure         L25-CB1 {'rot': 0.01872}
  t=  10.50  cb_failure         L26-CB1 {'rot': 0.01857}
  t=  10.63  cb_failure         L4-CB2 {'rot': 0.01826}
  t=  10.63  cb_failure         L5-CB2 {'rot': 0.01874}
  t=  10.63  cb_failure         L6-CB2 {'rot': 0.01842}
  t=  10.63  cb_failure         L27-CB1 {'rot': 0.01927}
  t=  10.63  cb_failure         L28-CB1 {'rot': 0.01886}
  t=  10.75  cb_failure         L3-CB0 {'rot': 0.01939}
  t=  10.75  cb_failure         L3-CB2 {'rot': 0.01945}
  t=  10.75  cb_failure         L4-CB0 {'rot': 0.02063}
  t=  10.75  cb_failure         L4-CB1 {'rot': 0.01822}
  t=  10.75  cb_failure         L4-CB3 {'rot': 0.01913}
  t=  10.75  cb_failure         L5-CB0 {'rot': 0.02068}
  t=  10.75  cb_failure         L5-CB1 {'rot': 0.01812}
  t=  10.75  cb_failure         L5-CB3 {'rot': 0.01938}
  t=  10.75  cb_failure         L6-CB0 {'rot': 0.01986}
  t=  10.75  cb_failure         L6-CB3 {'rot': 0.0188}
  t=  10.75  cb_failure         L7-CB0 {'rot': 0.01849}
  t=  10.75  cb_failure         L7-CB2 {'rot': 0.02052}
  t=  10.75  cb_failure         L8-CB2 {'rot': 0.01927}
  t=  10.88  cb_failure         L2-CB0 {'rot': 0.0191}
  t=  10.88  cb_failure         L3-CB1 {'rot': 0.02088}
  t=  10.88  cb_failure         L3-CB3 {'rot': 0.02013}
  t=  10.88  cb_failure         L6-CB1 {'rot': 0.02316}
  t=  10.88  cb_failure         L7-CB1 {'rot': 0.0221}
  t=  10.88  cb_failure         L7-CB3 {'rot': 0.02145}
  t=  10.88  cb_failure         L8-CB0 {'rot': 0.02239}
  t=  10.88  cb_failure         L8-CB1 {'rot': 0.02047}
  t=  10.88  cb_failure         L8-CB3 {'rot': 0.02006}
  t=  10.88  cb_failure         L9-CB0 {'rot': 0.02018}
  t=  10.88  cb_failure         L9-CB1 {'rot': 0.01843}
  t=  10.88  cb_failure         L9-CB2 {'rot': 0.02019}
  t=  10.88  cb_failure         L9-CB3 {'rot': 0.01831}
  t=  10.88  cb_failure         L10-CB2 {'rot': 0.01833}
  t=  11.00  cb_failure         L2-CB1 {'rot': 0.01906}
  t=  11.00  cb_failure         L10-CB0 {'rot': 0.02384}
  t=  11.00  cb_failure         L10-CB1 {'rot': 0.02297}
  t=  11.00  cb_failure         L10-CB3 {'rot': 0.02041}
  t=  11.00  cb_failure         L11-CB0 {'rot': 0.02209}
  t=  11.00  cb_failure         L11-CB1 {'rot': 0.02114}
  t=  11.00  cb_failure         L11-CB2 {'rot': 0.01932}
  t=  11.00  cb_failure         L12-CB0 {'rot': 0.02008}
  t=  11.00  cb_failure         L12-CB1 {'rot': 0.01904}
  t=  11.13  cb_failure         L12-CB2 {'rot': 0.01911}
  t=  11.13  cb_failure         L13-CB0 {'rot': 0.0234}
  t=  11.13  cb_failure         L13-CB1 {'rot': 0.02404}
  t=  11.13  cb_failure         L14-CB0 {'rot': 0.02168}
  t=  11.13  cb_failure         L14-CB1 {'rot': 0.02235}
  t=  11.13  cb_failure         L15-CB0 {'rot': 0.01978}
  t=  11.13  cb_failure         L15-CB1 {'rot': 0.02047}
  t=  11.13  cb_failure         L16-CB1 {'rot': 0.01851}
  t=  11.25  cb_failure         L13-CB2 {'rot': 0.01821}
  t=  11.25  cb_failure         L16-CB0 {'rot': 0.02435}
  t=  11.25  cb_failure         L17-CB0 {'rot': 0.02303}
  t=  11.25  cb_failure         L17-CB1 {'rot': 0.02618}
  t=  11.25  cb_failure         L18-CB0 {'rot': 0.02168}
  t=  11.25  cb_failure         L18-CB1 {'rot': 0.02489}
  t=  11.25  cb_failure         L19-CB0 {'rot': 0.02027}
  t=  11.25  cb_failure         L19-CB1 {'rot': 0.02353}
  t=  11.25  cb_failure         L20-CB0 {'rot': 0.01889}
  t=  11.25  cb_failure         L20-CB1 {'rot': 0.02215}
  t=  11.25  cb_failure         L21-CB1 {'rot': 0.02069}
  t=  11.38  cb_failure         L14-CB2 {'rot': 0.02096}
  t=  11.38  cb_failure         L15-CB2 {'rot': 0.02073}
  t=  11.38  cb_failure         L16-CB2 {'rot': 0.02039}
  t=  11.38  cb_failure         L17-CB2 {'rot': 0.01977}
  t=  11.38  cb_failure         L18-CB2 {'rot': 0.01897}
  t=  11.38  cb_failure         L18-CB3 {'rot': 0.02228}
  t=  11.38  cb_failure         L19-CB3 {'rot': 0.0212}
  t=  11.38  cb_failure         L20-CB3 {'rot': 0.01992}
  t=  11.38  cb_failure         L21-CB0 {'rot': 0.02599}
  t=  11.38  cb_failure         L22-CB0 {'rot': 0.02402}
  t=  11.38  cb_failure         L23-CB0 {'rot': 0.02176}
  t=  11.38  cb_failure         L24-CB0 {'rot': 0.01931}
  t=  11.50  cb_failure         L19-CB2 {'rot': 0.02369}
  t=  11.50  cb_failure         L20-CB2 {'rot': 0.02251}
  t=  11.50  cb_failure         L21-CB2 {'rot': 0.02073}
  t=  11.50  cb_failure         L21-CB3 {'rot': 0.02247}
  t=  11.50  cb_failure         L22-CB3 {'rot': 0.02011}
  t=  11.50  cb_failure         L25-CB0 {'rot': 0.0191}
  t=  11.63  cb_failure         L22-CB2 {'rot': 0.02099}
  t=  11.63  cb_failure         L23-CB3 {'rot': 0.01962}
  t=  11.63  cb_failure         L26-CB0 {'rot': 0.01929}
  t=  11.75  cb_failure         L23-CB2 {'rot': 0.02215}
  t=  11.75  cb_failure         L24-CB2 {'rot': 0.01973}
  t=  11.75  cb_failure         L24-CB3 {'rot': 0.02137}
  t=  11.75  cb_failure         L25-CB3 {'rot': 0.01878}
  t=  11.75  cb_failure         L27-CB0 {'rot': 0.02028}
  t=  11.88  cb_failure         L25-CB2 {'rot': 0.02136}
  t=  11.88  cb_failure         L26-CB2 {'rot': 0.01886}
  t=  11.88  cb_failure         L26-CB3 {'rot': 0.02025}
  t=  11.88  cb_failure         L28-CB0 {'rot': 0.02107}
  t=  11.88  cb_failure         L29-CB1 {'rot': 0.01947}
  t=  12.00  cb_failure         L27-CB2 {'rot': 0.01951}
  t=  12.00  cb_failure         L27-CB3 {'rot': 0.02087}
  t=  12.00  cb_failure         L28-CB3 {'rot': 0.019}
  t=  12.00  cb_failure         L29-CB0 {'rot': 0.02122}
  t=  12.00  cb_failure         L30-CB0 {'rot': 0.01883}
  t=  12.00  cb_failure         L30-CB1 {'rot': 0.0203}
  t=  12.13  cb_failure         L28-CB2 {'rot': 0.02046}
  t=  12.13  cb_failure         L29-CB2 {'rot': 0.01973}
  t=  12.13  cb_failure         L29-CB3 {'rot': 0.02055}
  t=  12.13  cb_failure         L30-CB2 {'rot': 0.01865}
  t=  12.13  cb_failure         L30-CB3 {'rot': 0.01952}
  t=  12.13  cb_failure         L31-CB0 {'rot': 0.01965}
  t=  12.13  cb_failure         L31-CB1 {'rot': 0.02058}
  t=  12.13  cb_failure         L32-CB0 {'rot': 0.01874}
  t=  12.13  cb_failure         L32-CB1 {'rot': 0.01966}
  t=  12.13  cb_failure         L33-CB1 {'rot': 0.01929}
  t=  12.75  cb_failure         L31-CB3 {'rot': 0.02332}
  t=  12.75  cb_failure         L32-CB3 {'rot': 0.02275}
  t=  12.75  cb_failure         L33-CB3 {'rot': 0.02243}
  t=  13.88  cb_failure         L2-CB2 {'rot': 0.01815}
  t=  13.88  cb_failure         L2-CB3 {'rot': 0.01825}
  t=  14.88  cb_failure         L31-CB2 {'rot': 0.0223}
  t=  14.88  cb_failure         L32-CB2 {'rot': 0.02142}
  t=  14.88  cb_failure         L33-CB2 {'rot': 0.02113}
  t=  15.00  cb_failure         L33-CB0 {'rot': 0.02159}
  t=  18.38  cb_failure         L1-CB1 {'rot': 0.01823}
  t=  18.63  cb_failure         L1-CB0 {'rot': 0.02104}
  progress t=  20.0s  max corner drift so far=0.0169  wall clock=222s
  t=  20.12  cb_failure         L1-CB3 {'rot': 0.01865}
  progress t=  30.0s  max corner drift so far=0.0193  wall clock=345s
  progress t=  40.0s  max corner drift so far=0.0193  wall clock=472s
  t=  49.12  cb_failure         L1-CB2 {'rot': 0.01858}
  progress t=  50.0s  max corner drift so far=0.0193  wall clock=596s
  progress t=  60.0s  max corner drift so far=0.0193  wall clock=725s
  progress t=  70.0s  max corner drift so far=0.0193  wall clock=842s
  progress t=  80.0s  max corner drift so far=0.0193  wall clock=940s
  progress t=  90.0s  max corner drift so far=0.0193  wall clock=1039s
  progress t= 100.0s  max corner drift so far=0.0193  wall clock=1134s
