  t=   4.00  cb_yield           L6-CB0 {'rot': 0.00507}
  t=   4.00  cb_yield           L7-CB0 {'rot': 0.00512}
  t=   4.00  cb_yield           L8-CB0 {'rot': 0.00507}
  t=   4.00  cb_yield           L9-CB0 {'rot': 0.00497}
  t=   4.05  cb_yield           L4-CB0 {'rot': 0.00501}
  t=   4.05  cb_yield           L5-CB0 {'rot': 0.00532}
  t=   4.05  cb_yield           L5-CB1 {'rot': 0.00513}
  t=   4.05  cb_yield           L6-CB1 {'rot': 0.00525}
  t=   4.05  cb_yield           L7-CB1 {'rot': 0.00524}
  t=   4.05  cb_yield           L8-CB1 {'rot': 0.00513}
  t=   4.05  cb_yield           L9-CB1 {'rot': 0.00494}
  t=   4.05  cb_yield           L10-CB0 {'rot': 0.00501}
  t=   4.10  cb_yield           L4-CB1 {'rot': 0.00516}
  t=   4.15  cb_yield           L3-CB0 {'rot': 0.00499}
  t=   4.20  cb_yield           L11-CB0 {'rot': 0.00493}
  t=   6.15  cb_yield           L10-CB1 {'rot': 0.00504}
  t=   8.30  cb_yield           L11-CB3 {'rot': 0.00497}
  t=   8.30  cb_yield           L12-CB3 {'rot': 0.00501}
  t=   8.30  cb_yield           L13-CB3 {'rot': 0.00502}
  t=   8.30  cb_yield           L14-CB3 {'rot': 0.00501}
  t=   8.30  cb_yield           L15-CB3 {'rot': 0.00499}
  t=   8.30  cb_yield           L16-CB3 {'rot': 0.00495}
  t=   8.35  cb_yield           L6-CB3 {'rot': 0.00499}
  t=   8.35  cb_yield           L7-CB3 {'rot': 0.00523}
  t=   8.35  cb_yield           L8-CB3 {'rot': 0.00539}
  t=   8.35  cb_yield           L9-CB3 {'rot': 0.00549}
  t=   8.35  cb_yield           L10-CB3 {'rot': 0.00554}
  t=   8.40  cb_yield           L5-CB3 {'rot': 0.00521}
  t=   8.40  cb_yield           L7-CB2 {'rot': 0.0051}
  t=   8.40  cb_yield           L8-CB2 {'rot': 0.0052}
  t=   8.40  cb_yield           L9-CB2 {'rot': 0.00521}
  t=   8.40  cb_yield           L10-CB2 {'rot': 0.00518}
  t=   8.40  cb_yield           L11-CB2 {'rot': 0.0051}
  t=   8.40  cb_yield           L12-CB2 {'rot': 0.005}
  t=   8.40  cb_yield           L17-CB3 {'rot': 0.00559}
  t=   8.45  cb_yield           L4-CB3 {'rot': 0.00511}
  t=   8.45  cb_yield           L5-CB2 {'rot': 0.00511}
  t=   8.45  cb_yield           L6-CB2 {'rot': 0.00544}
  t=   8.45  cb_yield           L13-CB2 {'rot': 0.00542}
  t=   8.45  cb_yield           L14-CB2 {'rot': 0.00525}
  t=   8.45  cb_yield           L15-CB2 {'rot': 0.00508}
  t=   8.45  cb_yield           L18-CB3 {'rot': 0.0058}
  t=   8.45  cb_yield           L19-CB3 {'rot': 0.0056}
  t=   8.50  cb_yield           L4-CB2 {'rot': 0.00498}
  t=   8.50  cb_yield           L16-CB2 {'rot': 0.00537}
  t=   8.50  cb_yield           L20-CB3 {'rot': 0.00572}
  t=   8.50  cb_yield           L21-CB3 {'rot': 0.00548}
  t=   8.55  cb_yield           L11-CB1 {'rot': 0.0051}
  t=   8.55  cb_yield           L17-CB2 {'rot': 0.00554}
  t=   8.55  cb_yield           L22-CB3 {'rot': 0.00548}
  t=   8.60  cb_yield           L3-CB3 {'rot': 0.00502}
  t=   8.60  cb_yield           L12-CB1 {'rot': 0.00533}
  t=   8.60  cb_yield           L13-CB1 {'rot': 0.00504}
  t=   8.60  cb_yield           L18-CB2 {'rot': 0.00561}
  t=   8.65  cb_yield           L14-CB1 {'rot': 0.00506}
  t=   8.65  cb_yield           L19-CB2 {'rot': 0.00562}
  t=   8.65  cb_yield           L23-CB3 {'rot': 0.00566}
  t=   8.70  cb_yield           L20-CB2 {'rot': 0.00557}
  t=   8.70  cb_yield           L24-CB3 {'rot': 0.00553}
  t=   8.75  cb_yield           L12-CB0 {'rot': 0.00498}
  t=   8.75  cb_yield           L15-CB1 {'rot': 0.00499}
  t=   8.80  cb_yield           L21-CB2 {'rot': 0.00567}
  t=   8.80  cb_yield           L25-CB3 {'rot': 0.00562}
  t=   8.85  cb_yield           L26-CB3 {'rot': 0.00554}
  t=   8.90  cb_yield           L22-CB2 {'rot': 0.00559}
  t=   8.90  cb_yield           L27-CB3 {'rot': 0.00549}
  t=   9.00  cb_yield           L23-CB2 {'rot': 0.00559}
  t=   9.00  cb_yield           L28-CB3 {'rot': 0.00553}
  t=   9.90  cb_yield           L3-CB1 {'rot': 0.00518}
  t=   9.95  cb_yield           L2-CB0 {'rot': 0.00498}
  progress t=  10.0s  max corner drift so far=0.0026  wall clock=227s
  t=  10.15  cb_yield           L13-CB0 {'rot': 0.00496}
  t=  10.30  cb_yield           L3-CB2 {'rot': 0.00509}
  t=  10.30  cb_yield           L16-CB1 {'rot': 0.00503}
  t=  10.35  cb_yield           L2-CB2 {'rot': 0.0053}
  t=  10.35  cb_yield           L2-CB3 {'rot': 0.00524}
  t=  10.35  cb_yield           L18-CB1 {'rot': 0.00569}
  t=  10.35  cb_yield           L19-CB1 {'rot': 0.00593}
  t=  10.35  cb_yield           L20-CB1 {'rot': 0.00611}
  t=  10.35  cb_yield           L21-CB1 {'rot': 0.00625}
  t=  10.35  cb_yield           L22-CB1 {'rot': 0.00633}
  t=  10.35  cb_yield           L23-CB1 {'rot': 0.00637}
  t=  10.35  cb_yield           L24-CB1 {'rot': 0.00636}
  t=  10.35  cb_yield           L25-CB1 {'rot': 0.00631}
  t=  10.35  cb_yield           L26-CB1 {'rot': 0.00622}
  t=  10.35  cb_yield           L27-CB1 {'rot': 0.00609}
  t=  10.35  cb_yield           L28-CB1 {'rot': 0.00593}
  t=  10.35  cb_yield           L29-CB1 {'rot': 0.00575}
  t=  10.35  cb_yield           L30-CB1 {'rot': 0.00554}
  t=  10.40  cb_yield           L17-CB1 {'rot': 0.00563}
  t=  10.40  cb_yield           L20-CB0 {'rot': 0.00572}
  t=  10.40  cb_yield           L21-CB0 {'rot': 0.00595}
  t=  10.40  cb_yield           L22-CB0 {'rot': 0.00608}
  t=  10.40  cb_yield           L23-CB0 {'rot': 0.00613}
  t=  10.40  cb_yield           L24-CB0 {'rot': 0.00609}
  t=  10.40  cb_yield           L25-CB0 {'rot': 0.00599}
  t=  10.40  cb_yield           L26-CB0 {'rot': 0.00582}
  t=  10.40  cb_yield           L27-CB0 {'rot': 0.0056}
  t=  10.40  cb_yield           L31-CB1 {'rot': 0.00618}
  t=  10.40  cb_yield           L32-CB1 {'rot': 0.00594}
  t=  10.40  cb_yield           L33-CB1 {'rot': 0.00579}
  t=  10.45  cb_yield           L19-CB0 {'rot': 0.00566}
  t=  10.45  cb_yield           L28-CB0 {'rot': 0.00601}
  t=  10.45  cb_yield           L29-CB0 {'rot': 0.00565}
  t=  10.50  cb_yield           L30-CB0 {'rot': 0.00557}
  t=  10.55  cb_yield           L1-CB2 {'rot': 0.00546}
  t=  10.55  cb_yield           L1-CB3 {'rot': 0.00541}
  t=  10.55  cb_yield           L2-CB1 {'rot': 0.00595}
  t=  10.60  cb_yield           L1-CB0 {'rot': 0.0056}
  t=  10.60  cb_yield           L1-CB1 {'rot': 0.00511}
  t=  10.60  cb_yield           L31-CB0 {'rot': 0.00555}
  t=  10.85  cb_yield           L14-CB0 {'rot': 0.00524}
  t=  10.90  cb_yield           L15-CB0 {'rot': 0.00558}
  t=  10.95  cb_yield           L16-CB0 {'rot': 0.00615}
  t=  11.00  cb_yield           L17-CB0 {'rot': 0.00692}
  t=  11.00  cb_yield           L18-CB0 {'rot': 0.00625}
  t=  11.35  cb_failure         L14-CB1 {'rot': 0.01915}
  t=  11.35  cb_failure         L15-CB1 {'rot': 0.01952}
  t=  11.35  cb_failure         L16-CB1 {'rot': 0.01971}
  t=  11.35  cb_failure         L17-CB1 {'rot': 0.01972}
  t=  11.35  cb_failure         L18-CB1 {'rot': 0.01953}
  t=  11.40  cb_failure         L13-CB1 {'rot': 0.01913}
  t=  11.40  cb_yield           L24-CB2 {'rot': 0.00552}
  t=  11.45  cb_failure         L16-CB0 {'rot': 0.01894}
  t=  12.75  cb_yield           L29-CB3 {'rot': 0.00589}
  t=  12.80  cb_yield           L30-CB3 {'rot': 0.00563}
  t=  13.90  cb_yield           L25-CB2 {'rot': 0.00553}
  t=  13.95  cb_yield           L26-CB2 {'rot': 0.00602}
  t=  13.95  cb_yield           L27-CB2 {'rot': 0.00571}
  t=  13.95  cb_yield           L31-CB3 {'rot': 0.00673}
  t=  13.95  cb_yield           L32-CB3 {'rot': 0.00634}
  t=  13.95  cb_yield           L33-CB3 {'rot': 0.00615}
  t=  14.00  cb_yield           L28-CB2 {'rot': 0.00611}
  t=  14.00  cb_yield           L29-CB2 {'rot': 0.00576}
  t=  14.05  cb_yield           L30-CB2 {'rot': 0.00572}
  t=  17.10  cb_failure         L9-CB0 {'rot': 0.01893}
  t=  17.10  cb_failure         L10-CB0 {'rot': 0.01893}
  t=  17.15  cb_failure         L8-CB0 {'rot': 0.01903}
  t=  17.15  cb_failure         L11-CB0 {'rot': 0.01895}
  t=  17.20  cb_failure         L7-CB0 {'rot': 0.01911}
  t=  17.20  cb_failure         L7-CB1 {'rot': 0.01893}
  t=  17.20  cb_failure         L8-CB1 {'rot': 0.01923}
  t=  17.20  cb_failure         L9-CB1 {'rot': 0.01931}
  t=  17.20  cb_failure         L10-CB1 {'rot': 0.01921}
  t=  17.20  cb_failure         L11-CB1 {'rot': 0.01895}
  t=  17.20  cb_failure         L12-CB0 {'rot': 0.01895}
  t=  17.25  cb_failure         L6-CB0 {'rot': 0.01894}
  t=  17.25  cb_failure         L12-CB1 {'rot': 0.01901}
  t=  17.25  cb_failure         L13-CB0 {'rot': 0.01894}
  t=  17.30  cb_failure         L14-CB0 {'rot': 0.01894}
  t=  17.35  cb_failure         L15-CB0 {'rot': 0.01906}
  t=  17.50  cb_failure         L17-CB0 {'rot': 0.01994}
  t=  17.55  cb_failure         L18-CB0 {'rot': 0.01948}
  t=  17.65  cb_failure         L19-CB0 {'rot': 0.01952}
  t=  19.40  cb_failure         L5-CB3 {'rot': 0.01906}
  t=  19.40  cb_failure         L6-CB3 {'rot': 0.01953}
  t=  19.40  cb_failure         L7-CB3 {'rot': 0.0196}
  t=  19.40  cb_failure         L8-CB3 {'rot': 0.01939}
  t=  19.40  cb_failure         L9-CB3 {'rot': 0.01898}
  t=  19.45  cb_failure         L4-CB3 {'rot': 0.01904}
  t=  19.45  cb_failure         L6-CB2 {'rot': 0.01908}
  t=  19.45  cb_failure         L7-CB2 {'rot': 0.01904}
  t=  19.45  cb_failure         L10-CB3 {'rot': 0.01978}
  t=  19.45  cb_failure         L11-CB3 {'rot': 0.01915}
  t=  19.50  cb_failure         L5-CB2 {'rot': 0.01919}
  t=  19.50  cb_failure         L6-CB1 {'rot': 0.01901}
  t=  19.50  cb_failure         L8-CB2 {'rot': 0.01995}
  t=  19.50  cb_failure         L9-CB2 {'rot': 0.01947}
  t=  19.50  cb_failure         L12-CB3 {'rot': 0.01995}
  t=  19.50  cb_failure         L13-CB3 {'rot': 0.01909}
  t=  19.55  cb_failure         L10-CB2 {'rot': 0.02016}
  t=  19.55  cb_failure         L11-CB2 {'rot': 0.0194}
  t=  19.55  cb_failure         L14-CB3 {'rot': 0.01952}
  t=  19.60  cb_failure         L5-CB1 {'rot': 0.01893}
  t=  19.60  cb_failure         L12-CB2 {'rot': 0.0197}
  t=  19.60  cb_failure         L15-CB3 {'rot': 0.01963}
  t=  19.65  cb_failure         L13-CB2 {'rot': 0.01946}
  t=  19.65  cb_failure         L16-CB3 {'rot': 0.01943}
  t=  19.75  cb_failure         L17-CB3 {'rot': 0.01947}
  t=  19.85  cb_failure         L4-CB1 {'rot': 0.01915}
  t=  19.85  cb_failure         L20-CB3 {'rot': 0.01969}
  t=  19.85  cb_failure         L21-CB1 {'rot': 0.01977}
  t=  19.85  cb_failure         L22-CB1 {'rot': 0.01957}
  t=  19.90  cb_failure         L18-CB3 {'rot': 0.01966}
  t=  19.90  cb_failure         L19-CB1 {'rot': 0.02131}
  t=  19.90  cb_failure         L20-CB1 {'rot': 0.02055}
  t=  19.90  cb_failure         L21-CB3 {'rot': 0.01968}
  t=  19.90  cb_failure         L22-CB3 {'rot': 0.01972}
  t=  19.90  cb_failure         L25-CB1 {'rot': 0.01956}
  t=  19.95  cb_failure         L5-CB0 {'rot': 0.01898}
  t=  19.95  cb_failure         L19-CB3 {'rot': 0.02003}
  t=  19.95  cb_failure         L23-CB1 {'rot': 0.02064}
  t=  19.95  cb_failure         L24-CB1 {'rot': 0.0195}
  t=  19.95  cb_failure         L25-CB3 {'rot': 0.01978}
  t=  19.95  cb_failure         L27-CB1 {'rot': 0.01958}
  t=  20.00  cb_failure         L3-CB1 {'rot': 0.01912}
  t=  20.00  cb_failure         L23-CB3 {'rot': 0.01951}
  t=  20.00  cb_failure         L26-CB3 {'rot': 0.01976}
  t=  20.00  cb_failure         L27-CB3 {'rot': 0.01953}
  t=  20.00  cb_failure         L28-CB1 {'rot': 0.01979}
  progress t=  20.0s  max corner drift so far=0.0069  wall clock=459s
  t= 20.000  solver fallback: Newton
  t=  20.05  cb_failure         L24-CB3 {'rot': 0.01952}
  t=  20.05  cb_failure         L26-CB1 {'rot': 0.02064}
  t=  20.05  cb_failure         L28-CB3 {'rot': 0.01982}
  t=  20.05  cb_failure         L29-CB1 {'rot': 0.01979}
  t=  20.05  cb_failure         L30-CB1 {'rot': 0.01984}
  t=  20.10  cb_failure         L3-CB3 {'rot': 0.01904}
  t=  20.10  cb_failure         L4-CB0 {'rot': 0.01908}
  t=  20.10  cb_failure         L29-CB3 {'rot': 0.01979}
  t=  20.10  cb_failure         L30-CB3 {'rot': 0.01982}
  t=  20.10  cb_failure         L31-CB1 {'rot': 0.01979}
  t=  20.10  cb_failure         L31-CB3 {'rot': 0.01982}
  t=  20.10  cb_failure         L32-CB1 {'rot': 0.0198}
  t=  20.10  cb_failure         L32-CB3 {'rot': 0.01986}
  t=  20.10  cb_failure         L33-CB1 {'rot': 0.01986}
  t=  20.10  cb_failure         L33-CB3 {'rot': 0.01985}
  t=  20.20  cb_yield           L32-CB0 {'rot': 0.00629}
  t=  20.20  cb_yield           L33-CB0 {'rot': 0.00606}
  t=  20.35  cb_failure         L21-CB0 {'rot': 0.0196}
  t=  20.35  cb_failure         L23-CB0 {'rot': 0.0197}
  t=  20.40  cb_failure         L20-CB0 {'rot': 0.02046}
  t=  20.40  cb_failure         L24-CB0 {'rot': 0.01972}
  t=  20.40  cb_failure         L25-CB0 {'rot': 0.01984}
  t=  20.50  cb_failure         L22-CB0 {'rot': 0.0201}
  t=  20.60  cb_failure         L17-CB2 {'rot': 0.01964}
  t=  20.60  cb_failure         L26-CB0 {'rot': 0.01983}
  t=  20.70  cb_failure         L27-CB0 {'rot': 0.01983}
  t=  20.80  cb_failure         L28-CB0 {'rot': 0.01976}
  t=  20.85  cb_failure         L29-CB0 {'rot': 0.01982}
  t=  20.85  cb_failure         L30-CB0 {'rot': 0.01959}
  t=  20.90  cb_failure         L31-CB0 {'rot': 0.01982}
  t=  20.90  cb_failure         L32-CB0 {'rot': 0.01983}
  t=  20.90  cb_failure         L33-CB0 {'rot': 0.01986}
  t=  20.95  cb_failure         L3-CB0 {'rot': 0.01919}
  t=  21.00  cb_yield           L31-CB2 {'rot': 0.00587}
  t=  21.00  cb_yield           L32-CB2 {'rot': 0.00553}
  t=  21.05  cb_yield           L33-CB2 {'rot': 0.00593}
  t=  23.30  cb_failure         L18-CB2 {'rot': 0.01959}
  t=  23.35  cb_failure         L19-CB2 {'rot': 0.01975}
  t=  23.40  cb_failure         L14-CB2 {'rot': 0.019}
  t=  23.40  cb_failure         L15-CB2 {'rot': 0.01899}
  t=  23.40  cb_failure         L16-CB2 {'rot': 0.01894}
  t= 23.430  solver fallback: Newton
  t= 23.440  solver fallback: Newton
  t=  23.45  cb_failure         L21-CB2 {'rot': 0.01964}
  t= 23.450  solver fallback: Newton
  t=  23.50  cb_failure         L20-CB2 {'rot': 0.01993}
  t=  23.50  cb_failure         L25-CB2 {'rot': 0.01985}
  t= 23.550  solver fallback: Newton
  t= 23.560  solver fallback: Newton
  t= 23.570  solver fallback: Newton
  t=  23.60  cb_failure         L22-CB2 {'rot': 0.01959}
  t=  25.85  cb_failure         L2-CB3 {'rot': 0.01903}
  t=  25.90  cb_failure         L4-CB2 {'rot': 0.01946}
  t=  26.00  cb_failure         L3-CB2 {'rot': 0.01893}
  t=  26.55  cb_failure         L23-CB2 {'rot': 0.01981}
  t=  26.70  cb_failure         L24-CB2 {'rot': 0.02034}
  t=  26.75  cb_failure         L26-CB2 {'rot': 0.02111}
  t=  26.75  cb_failure         L27-CB2 {'rot': 0.01983}
  t=  26.80  cb_failure         L28-CB2 {'rot': 0.02168}
  t=  26.80  cb_failure         L29-CB2 {'rot': 0.02064}
  t=  26.80  cb_failure         L30-CB2 {'rot': 0.01951}
  t=  26.85  cb_failure         L31-CB2 {'rot': 0.0214}
  t=  26.85  cb_failure         L32-CB2 {'rot': 0.02082}
  t=  26.85  cb_failure         L33-CB2 {'rot': 0.02062}
  t=  27.30  cb_failure         L2-CB0 {'rot': 0.01935}
  progress t=  30.0s  max corner drift so far=0.0124  wall clock=695s
  t=  33.90  cb_failure         L2-CB1 {'rot': 0.01903}
  progress t=  40.0s  max corner drift so far=0.0124  wall clock=928s
  t=  40.15  cb_failure         L2-CB2 {'rot': 0.01896}
  t=  41.15  cb_failure         L1-CB1 {'rot': 0.01895}
  t=  48.60  cb_failure         L1-CB0 {'rot': 0.01895}
  t=  48.60  cb_failure         L1-CB3 {'rot': 0.01909}
  t=  48.65  cb_failure         L1-CB2 {'rot': 0.01909}
  progress t=  50.0s  max corner drift so far=0.0125  wall clock=1163s
  progress t=  60.0s  max corner drift so far=0.0125  wall clock=1397s
  progress t=  70.0s  max corner drift so far=0.0125  wall clock=1627s
  progress t=  80.0s  max corner drift so far=0.0125  wall clock=1857s
  progress t=  90.0s  max corner drift so far=0.0125  wall clock=2079s
  progress t= 100.0s  max corner drift so far=0.0125  wall clock=2298s
