  t=   4.00  cb_yield           L5-CB0 {'rot': 0.00423}
  t=   4.00  cb_yield           L6-CB0 {'rot': 0.00434}
  t=   4.00  cb_yield           L6-CB1 {'rot': 0.00417}
  t=   4.00  cb_yield           L7-CB0 {'rot': 0.00436}
  t=   4.00  cb_yield           L7-CB1 {'rot': 0.00416}
  t=   4.00  cb_yield           L8-CB0 {'rot': 0.00429}
  t=   4.00  cb_yield           L9-CB0 {'rot': 0.00417}
  t=   4.12  cb_yield           L4-CB0 {'rot': 0.00445}
  t=   4.12  cb_yield           L4-CB1 {'rot': 0.00429}
  t=   4.12  cb_yield           L5-CB1 {'rot': 0.00452}
  t=   4.12  cb_yield           L8-CB1 {'rot': 0.00436}
  t=   4.12  cb_yield           L9-CB1 {'rot': 0.00413}
  t=   4.12  cb_yield           L10-CB0 {'rot': 0.00418}
  t=   6.13  cb_yield           L10-CB1 {'rot': 0.00421}
  t=   8.38  cb_yield           L4-CB3 {'rot': 0.00411}
  t=   8.38  cb_yield           L5-CB3 {'rot': 0.0045}
  t=   8.38  cb_yield           L6-CB2 {'rot': 0.00417}
  t=   8.38  cb_yield           L6-CB3 {'rot': 0.00476}
  t=   8.38  cb_yield           L7-CB2 {'rot': 0.00425}
  t=   8.38  cb_yield           L7-CB3 {'rot': 0.00492}
  t=   8.38  cb_yield           L8-CB2 {'rot': 0.00425}
  t=   8.38  cb_yield           L8-CB3 {'rot': 0.00498}
  t=   8.38  cb_yield           L9-CB2 {'rot': 0.00418}
  t=   8.38  cb_yield           L9-CB3 {'rot': 0.00498}
  t=   8.38  cb_yield           L10-CB3 {'rot': 0.00492}
  t=   8.38  cb_yield           L11-CB3 {'rot': 0.00482}
  t=   8.38  cb_yield           L12-CB3 {'rot': 0.0047}
  t=   8.38  cb_yield           L13-CB3 {'rot': 0.00454}
  t=   8.38  cb_yield           L14-CB3 {'rot': 0.00437}
  t=   8.38  cb_yield           L15-CB3 {'rot': 0.0042}
  t=   8.50  cb_yield           L3-CB3 {'rot': 0.00434}
  t=   8.50  cb_yield           L4-CB2 {'rot': 0.0046}
  t=   8.50  cb_yield           L5-CB2 {'rot': 0.00501}
  t=   8.50  cb_yield           L10-CB2 {'rot': 0.0052}
  t=   8.50  cb_yield           L11-CB2 {'rot': 0.00501}
  t=   8.50  cb_yield           L12-CB2 {'rot': 0.00478}
  t=   8.50  cb_yield           L13-CB2 {'rot': 0.00453}
  t=   8.50  cb_yield           L14-CB2 {'rot': 0.00425}
  t=   8.50  cb_yield           L16-CB3 {'rot': 0.00489}
  t=   8.50  cb_yield           L17-CB3 {'rot': 0.00462}
  t=   8.63  cb_yield           L3-CB2 {'rot': 0.00419}
  t=   8.63  cb_yield           L11-CB1 {'rot': 0.00475}
  t=   8.63  cb_yield           L12-CB1 {'rot': 0.00444}
  t=   8.63  cb_yield           L15-CB2 {'rot': 0.00491}
  t=   8.63  cb_yield           L16-CB2 {'rot': 0.00465}
  t=   8.63  cb_yield           L18-CB3 {'rot': 0.00537}
  t=   8.63  cb_yield           L19-CB3 {'rot': 0.00508}
  t=   8.63  cb_yield           L20-CB3 {'rot': 0.0048}
  t=   8.75  cb_yield           L13-CB1 {'rot': 0.00461}
  t=   8.75  cb_yield           L14-CB1 {'rot': 0.00427}
  t=   8.75  cb_yield           L17-CB2 {'rot': 0.00507}
  t=   8.75  cb_yield           L18-CB2 {'rot': 0.00478}
  t=   8.75  cb_yield           L21-CB3 {'rot': 0.00544}
  t=   8.75  cb_yield           L22-CB3 {'rot': 0.00516}
  t=   8.75  cb_yield           L23-CB3 {'rot': 0.00488}
  t=   8.75  cb_yield           L24-CB3 {'rot': 0.0046}
  t=   8.88  cb_yield           L15-CB1 {'rot': 0.00414}
  t=   8.88  cb_yield           L19-CB2 {'rot': 0.00505}
  t=   8.88  cb_yield           L20-CB2 {'rot': 0.00479}
  t=   8.88  cb_yield           L25-CB3 {'rot': 0.00515}
  t=   8.88  cb_yield           L26-CB3 {'rot': 0.00489}
  t=   8.88  cb_yield           L27-CB3 {'rot': 0.00464}
  t=   9.00  cb_yield           L21-CB2 {'rot': 0.00498}
  t=   9.00  cb_yield           L22-CB2 {'rot': 0.00477}
  t=   9.00  cb_yield           L28-CB3 {'rot': 0.00487}
  t=   9.00  cb_yield           L29-CB3 {'rot': 0.00459}
  t=   9.25  cb_yield           L22-CB1 {'rot': 0.00466}
  t=   9.25  cb_yield           L23-CB1 {'rot': 0.00485}
  t=   9.25  cb_yield           L24-CB1 {'rot': 0.00497}
  t=   9.25  cb_yield           L25-CB1 {'rot': 0.00501}
  t=   9.25  cb_yield           L26-CB1 {'rot': 0.00497}
  t=   9.25  cb_yield           L27-CB1 {'rot': 0.00484}
  t=   9.25  cb_yield           L28-CB1 {'rot': 0.00466}
  t=   9.75  cb_yield           L3-CB0 {'rot': 0.00412}
  t=   9.75  cb_yield           L3-CB1 {'rot': 0.0042}
  t=   9.88  cb_yield           L2-CB0 {'rot': 0.00487}
  t=   9.88  cb_yield           L2-CB1 {'rot': 0.0042}
  t=   9.88  cb_yield           L11-CB0 {'rot': 0.00447}
  progress t=  10.0s  max corner drift so far=0.0023  wall clock=99s
  t=  10.13  cb_yield           L12-CB0 {'rot': 0.00415}
  t=  10.38  cb_yield           L2-CB2 {'rot': 0.00507}
  t=  10.38  cb_yield           L2-CB3 {'rot': 0.0048}
  t=  10.38  cb_yield           L17-CB1 {'rot': 0.00466}
  t=  10.38  cb_yield           L18-CB1 {'rot': 0.00523}
  t=  10.38  cb_yield           L19-CB1 {'rot': 0.00571}
  t=  10.38  cb_yield           L20-CB0 {'rot': 0.00477}
  t=  10.38  cb_yield           L20-CB1 {'rot': 0.00609}
  t=  10.38  cb_yield           L21-CB0 {'rot': 0.00496}
  t=  10.38  cb_yield           L21-CB1 {'rot': 0.00638}
  t=  10.38  cb_yield           L22-CB0 {'rot': 0.00506}
  t=  10.38  cb_yield           L23-CB0 {'rot': 0.00507}
  t=  10.38  cb_yield           L24-CB0 {'rot': 0.005}
  t=  10.38  cb_yield           L25-CB0 {'rot': 0.00486}
  t=  10.38  cb_yield           L26-CB0 {'rot': 0.00468}
  t=  10.38  cb_yield           L29-CB1 {'rot': 0.0058}
  t=  10.38  cb_yield           L30-CB1 {'rot': 0.00553}
  t=  10.38  cb_yield           L31-CB1 {'rot': 0.00525}
  t=  10.38  cb_yield           L32-CB1 {'rot': 0.00501}
  t=  10.38  cb_yield           L33-CB1 {'rot': 0.00486}
  t=  10.50  cb_yield           L1-CB2 {'rot': 0.0043}
  t=  10.50  cb_yield           L1-CB3 {'rot': 0.00414}
  t=  10.50  cb_yield           L27-CB0 {'rot': 0.00543}
  t=  10.50  cb_yield           L28-CB0 {'rot': 0.00504}
  t=  10.50  cb_yield           L29-CB0 {'rot': 0.00462}
  t=  10.63  cb_yield           L1-CB0 {'rot': 0.00498}
  t=  10.63  cb_yield           L1-CB1 {'rot': 0.00492}
  t=  10.75  cb_yield           L13-CB0 {'rot': 0.00429}
  t=  10.88  cb_yield           L14-CB0 {'rot': 0.006}
  t=  10.88  cb_yield           L15-CB0 {'rot': 0.00538}
  t=  10.88  cb_yield           L16-CB0 {'rot': 0.0048}
  t=  10.88  cb_yield           L16-CB1 {'rot': 0.00415}
  t=  11.00  cb_yield           L17-CB0 {'rot': 0.00736}
  t=  11.00  cb_yield           L18-CB0 {'rot': 0.00713}
  t=  11.00  cb_yield           L19-CB0 {'rot': 0.0069}
  t=  11.25  cb_yield           L23-CB2 {'rot': 0.00459}
  t=  11.25  cb_yield           L30-CB0 {'rot': 0.0048}
  t=  17.00  cb_yield           L24-CB2 {'rot': 0.00505}
  t=  17.00  cb_yield           L25-CB2 {'rot': 0.00469}
  t=  17.13  cb_yield           L26-CB2 {'rot': 0.00484}
  t=  19.12  cb_yield           L30-CB3 {'rot': 0.00658}
  t=  19.12  cb_yield           L31-CB3 {'rot': 0.0063}
  t=  19.12  cb_yield           L32-CB3 {'rot': 0.00604}
  t=  19.12  cb_yield           L33-CB3 {'rot': 0.00587}
  progress t=  20.0s  max corner drift so far=0.0052  wall clock=200s
  t=  20.12  cb_failure         L8-CB1 {'rot': 0.01815}
  t=  20.12  cb_failure         L9-CB1 {'rot': 0.01851}
  t=  20.12  cb_failure         L10-CB1 {'rot': 0.01872}
  t=  20.12  cb_failure         L11-CB1 {'rot': 0.01879}
  t=  20.12  cb_failure         L12-CB1 {'rot': 0.01875}
  t=  20.12  cb_failure         L13-CB1 {'rot': 0.01855}
  t=  20.12  cb_failure         L14-CB1 {'rot': 0.01818}
  t=  20.25  cb_failure         L6-CB1 {'rot': 0.01843}
  t=  20.25  cb_failure         L7-CB1 {'rot': 0.01945}
  t=  20.25  cb_failure         L15-CB1 {'rot': 0.01903}
  t=  20.25  cb_failure         L16-CB1 {'rot': 0.01841}
  t=  20.37  cb_failure         L8-CB0 {'rot': 0.01862}
  t=  20.37  cb_failure         L9-CB0 {'rot': 0.01893}
  t=  20.37  cb_failure         L10-CB0 {'rot': 0.01904}
  t=  20.37  cb_failure         L11-CB0 {'rot': 0.01898}
  t=  20.37  cb_failure         L12-CB0 {'rot': 0.01877}
  t=  20.37  cb_failure         L13-CB0 {'rot': 0.01839}
  t=  20.37  cb_failure         L17-CB1 {'rot': 0.0192}
  t=  20.50  cb_failure         L6-CB0 {'rot': 0.01838}
  t=  20.50  cb_failure         L7-CB0 {'rot': 0.01938}
  t=  20.50  cb_failure         L14-CB0 {'rot': 0.01976}
  t=  20.50  cb_failure         L15-CB0 {'rot': 0.01903}
  t=  20.50  cb_failure         L16-CB0 {'rot': 0.01816}
  t=  20.50  cb_failure         L18-CB1 {'rot': 0.01924}
  t=  20.62  cb_failure         L19-CB1 {'rot': 0.01887}
  t=  20.62  cb_yield           L31-CB0 {'rot': 0.00484}
  t=  20.75  cb_failure         L17-CB0 {'rot': 0.01908}
  t=  20.75  cb_failure         L20-CB1 {'rot': 0.0196}
  t=  20.75  cb_failure         L21-CB1 {'rot': 0.01885}
  t=  20.75  cb_yield           L32-CB0 {'rot': 0.00684}
  t=  20.75  cb_yield           L33-CB0 {'rot': 0.00666}
  t=  20.87  cb_failure         L22-CB1 {'rot': 0.01911}
  t=  20.87  cb_failure         L23-CB1 {'rot': 0.01861}
  t=  22.00  cb_yield           L28-CB2 {'rot': 0.00464}
  t=  22.00  cb_yield           L29-CB2 {'rot': 0.00477}
  t=  22.00  cb_yield           L30-CB2 {'rot': 0.00486}
  t=  22.00  cb_yield           L31-CB2 {'rot': 0.0049}
  t=  22.00  cb_yield           L32-CB2 {'rot': 0.00487}
  t=  22.00  cb_yield           L33-CB2 {'rot': 0.00484}
  t=  22.12  cb_yield           L27-CB2 {'rot': 0.00546}
  t=  22.50  cb_failure         L5-CB1 {'rot': 0.01913}
  t=  22.62  cb_failure         L4-CB1 {'rot': 0.01896}
  t=  23.00  cb_failure         L18-CB0 {'rot': 0.01883}
  t=  23.12  cb_failure         L19-CB0 {'rot': 0.01878}
  t=  25.00  cb_failure         L7-CB3 {'rot': 0.01819}
  t=  25.00  cb_failure         L8-CB3 {'rot': 0.01884}
  t=  25.00  cb_failure         L9-CB3 {'rot': 0.01926}
  t=  25.00  cb_failure         L10-CB3 {'rot': 0.01948}
  t=  25.00  cb_failure         L11-CB3 {'rot': 0.01952}
  t=  25.00  cb_failure         L12-CB3 {'rot': 0.01942}
  t=  25.00  cb_failure         L13-CB3 {'rot': 0.01914}
  t=  25.00  cb_failure         L14-CB3 {'rot': 0.01864}
  t=  25.12  cb_failure         L15-CB3 {'rot': 0.01979}
  t=  25.12  cb_failure         L16-CB3 {'rot': 0.01904}
  t=  25.25  cb_failure         L17-CB3 {'rot': 0.01878}
  t=  25.37  cb_failure         L18-CB3 {'rot': 0.01892}
  t=  25.37  cb_failure         L19-CB3 {'rot': 0.01856}
  t=  25.37  cb_failure         L24-CB1 {'rot': 0.01959}
  t=  25.37  cb_failure         L25-CB1 {'rot': 0.01892}
  t=  25.50  cb_failure         L20-CB3 {'rot': 0.01999}
  t=  25.50  cb_failure         L21-CB3 {'rot': 0.01983}
  t=  25.50  cb_failure         L22-CB3 {'rot': 0.01961}
  t=  25.50  cb_failure         L23-CB3 {'rot': 0.01933}
  t=  25.50  cb_failure         L24-CB3 {'rot': 0.01897}
  t=  25.50  cb_failure         L25-CB3 {'rot': 0.01857}
  t=  25.50  cb_failure         L26-CB1 {'rot': 0.02132}
  t=  25.50  cb_failure         L27-CB1 {'rot': 0.02079}
  t=  25.50  cb_failure         L28-CB1 {'rot': 0.02028}
  t=  25.50  cb_failure         L29-CB1 {'rot': 0.0197}
  t=  25.50  cb_failure         L30-CB1 {'rot': 0.01902}
  t=  25.62  cb_failure         L26-CB3 {'rot': 0.0204}
  t=  25.62  cb_failure         L27-CB3 {'rot': 0.02007}
  t=  25.62  cb_failure         L28-CB3 {'rot': 0.01976}
  t=  25.62  cb_failure         L29-CB3 {'rot': 0.01941}
  t=  25.62  cb_failure         L30-CB3 {'rot': 0.01895}
  t=  25.62  cb_failure         L31-CB1 {'rot': 0.01982}
  t=  25.62  cb_failure         L31-CB3 {'rot': 0.01855}
  t=  25.62  cb_failure         L32-CB1 {'rot': 0.01943}
  t=  25.62  cb_failure         L33-CB1 {'rot': 0.01917}
  t=  25.75  cb_failure         L32-CB3 {'rot': 0.01866}
  t=  25.87  cb_failure         L4-CB0 {'rot': 0.01834}
  t=  25.87  cb_failure         L5-CB0 {'rot': 0.01967}
  t=  26.00  cb_failure         L3-CB1 {'rot': 0.01898}
  t=  26.00  cb_failure         L5-CB3 {'rot': 0.01898}
  t=  26.00  cb_failure         L6-CB3 {'rot': 0.0202}
  t=  26.12  cb_failure         L3-CB0 {'rot': 0.01852}
  t=  26.12  cb_failure         L4-CB3 {'rot': 0.01889}
  t=  26.12  cb_failure         L6-CB2 {'rot': 0.0191}
  t=  26.12  cb_failure         L7-CB2 {'rot': 0.01984}
  t=  26.12  cb_failure         L8-CB2 {'rot': 0.02022}
  t=  26.12  cb_failure         L9-CB2 {'rot': 0.02033}
  t=  26.12  cb_failure         L10-CB2 {'rot': 0.02024}
  t=  26.12  cb_failure         L11-CB2 {'rot': 0.02}
  t=  26.12  cb_failure         L12-CB2 {'rot': 0.01965}
  t=  26.12  cb_failure         L13-CB2 {'rot': 0.01914}
  t=  26.12  cb_failure         L14-CB2 {'rot': 0.01848}
  t=  26.25  cb_failure         L5-CB2 {'rot': 0.01897}
  t=  27.12  cb_failure         L33-CB3 {'rot': 0.01856}
  progress t=  30.0s  max corner drift so far=0.0080  wall clock=308s
  t=  33.00  cb_failure         L28-CB2 {'rot': 0.01858}
  t=  33.00  cb_failure         L29-CB2 {'rot': 0.01858}
  progress t=  40.0s  max corner drift so far=0.0080  wall clock=411s
  t=  40.25  cb_failure         L15-CB2 {'rot': 0.01973}
  t=  40.25  cb_failure         L16-CB2 {'rot': 0.01982}
  t=  40.25  cb_failure         L17-CB2 {'rot': 0.01977}
  t=  40.25  cb_failure         L18-CB2 {'rot': 0.01956}
  t=  40.25  cb_failure         L19-CB2 {'rot': 0.01921}
  t=  40.25  cb_failure         L20-CB2 {'rot': 0.01875}
  t=  47.75  cb_failure         L23-CB0 {'rot': 0.01855}
  t=  47.75  cb_failure         L24-CB0 {'rot': 0.01899}
  t=  47.75  cb_failure         L24-CB2 {'rot': 0.01912}
  t=  47.75  cb_failure         L25-CB0 {'rot': 0.01926}
  t=  47.75  cb_failure         L25-CB2 {'rot': 0.01969}
  t=  47.75  cb_failure         L26-CB0 {'rot': 0.01933}
  t=  47.75  cb_failure         L26-CB2 {'rot': 0.02}
  t=  47.75  cb_failure         L27-CB0 {'rot': 0.01924}
  t=  47.75  cb_failure         L27-CB2 {'rot': 0.02009}
  t=  47.75  cb_failure         L28-CB0 {'rot': 0.0191}
  t=  47.75  cb_failure         L29-CB0 {'rot': 0.01882}
  t=  47.75  cb_failure         L30-CB2 {'rot': 0.01946}
  t=  47.75  cb_failure         L31-CB2 {'rot': 0.01889}
  t=  47.87  cb_failure         L30-CB0 {'rot': 0.01878}
  t=  48.50  cb_failure         L3-CB3 {'rot': 0.01813}
  t=  48.50  cb_failure         L4-CB2 {'rot': 0.01836}
  t=  48.62  cb_failure         L2-CB3 {'rot': 0.01819}
  t=  48.62  cb_failure         L3-CB2 {'rot': 0.0199}
  t=  48.75  cb_failure         L2-CB1 {'rot': 0.01923}
  t=  49.25  cb_failure         L21-CB2 {'rot': 0.02229}
  t=  49.25  cb_failure         L22-CB2 {'rot': 0.02155}
  t=  49.25  cb_failure         L23-CB2 {'rot': 0.02067}
  t=  49.37  cb_failure         L20-CB0 {'rot': 0.01999}
  t=  49.37  cb_failure         L21-CB0 {'rot': 0.0198}
  t=  49.37  cb_failure         L22-CB0 {'rot': 0.01946}
  t=  49.50  cb_failure         L31-CB0 {'rot': 0.0189}
  t=  49.50  cb_failure         L32-CB2 {'rot': 0.02143}
  t=  49.50  cb_failure         L33-CB2 {'rot': 0.02119}
  t=  49.62  cb_failure         L32-CB0 {'rot': 0.02096}
  t=  49.62  cb_failure         L33-CB0 {'rot': 0.02072}
  progress t=  50.0s  max corner drift so far=0.0080  wall clock=515s
  t=  59.62  cb_failure         L2-CB2 {'rot': 0.01868}
  progress t=  60.0s  max corner drift so far=0.0091  wall clock=617s
  t=  65.87  cb_failure         L2-CB0 {'rot': 0.01813}
  progress t=  70.0s  max corner drift so far=0.0091  wall clock=719s
  progress t=  80.0s  max corner drift so far=0.0091  wall clock=815s
  progress t=  90.0s  max corner drift so far=0.0091  wall clock=913s
  progress t= 100.0s  max corner drift so far=0.0091  wall clock=1008s
