  t=   4.00  cb_yield           L5-CB0 {'rot': 0.00523}
  t=   4.00  cb_yield           L5-CB1 {'rot': 0.00503}
  t=   4.00  cb_yield           L6-CB0 {'rot': 0.00541}
  t=   4.00  cb_yield           L6-CB1 {'rot': 0.00518}
  t=   4.00  cb_yield           L7-CB0 {'rot': 0.00546}
  t=   4.00  cb_yield           L7-CB1 {'rot': 0.00521}
  t=   4.00  cb_yield           L8-CB0 {'rot': 0.00542}
  t=   4.00  cb_yield           L8-CB1 {'rot': 0.00514}
  t=   4.00  cb_yield           L9-CB0 {'rot': 0.00531}
  t=   4.00  cb_yield           L9-CB1 {'rot': 0.005}
  t=   4.00  cb_yield           L10-CB0 {'rot': 0.00514}
  t=   4.12  cb_yield           L3-CB0 {'rot': 0.00518}
  t=   4.12  cb_yield           L3-CB1 {'rot': 0.00496}
  t=   4.12  cb_yield           L4-CB0 {'rot': 0.00577}
  t=   4.12  cb_yield           L4-CB1 {'rot': 0.00553}
  t=   4.12  cb_yield           L4-CB2 {'rot': 0.00493}
  t=   4.12  cb_yield           L5-CB2 {'rot': 0.00514}
  t=   4.12  cb_yield           L6-CB2 {'rot': 0.00516}
  t=   4.12  cb_yield           L7-CB2 {'rot': 0.00502}
  t=   4.12  cb_yield           L10-CB1 {'rot': 0.00509}
  t=   4.12  cb_yield           L11-CB0 {'rot': 0.00516}
  t=   6.25  cb_yield           L11-CB1 {'rot': 0.00494}
  t=   8.38  cb_yield           L6-CB3 {'rot': 0.00511}
  t=   8.38  cb_yield           L7-CB3 {'rot': 0.00535}
  t=   8.38  cb_yield           L8-CB3 {'rot': 0.00552}
  t=   8.38  cb_yield           L9-CB3 {'rot': 0.00562}
  t=   8.38  cb_yield           L10-CB3 {'rot': 0.00567}
  t=   8.38  cb_yield           L11-CB3 {'rot': 0.00567}
  t=   8.38  cb_yield           L12-CB3 {'rot': 0.00566}
  t=   8.38  cb_yield           L13-CB3 {'rot': 0.00562}
  t=   8.38  cb_yield           L14-CB3 {'rot': 0.00556}
  t=   8.38  cb_yield           L15-CB3 {'rot': 0.00548}
  t=   8.38  cb_yield           L16-CB3 {'rot': 0.00541}
  t=   8.50  cb_yield           L4-CB3 {'rot': 0.00525}
  t=   8.50  cb_yield           L5-CB3 {'rot': 0.00586}
  t=   8.50  cb_yield           L8-CB2 {'rot': 0.00591}
  t=   8.50  cb_yield           L9-CB2 {'rot': 0.00596}
  t=   8.50  cb_yield           L10-CB2 {'rot': 0.00593}
  t=   8.50  cb_yield           L11-CB2 {'rot': 0.00585}
  t=   8.50  cb_yield           L12-CB2 {'rot': 0.00573}
  t=   8.50  cb_yield           L13-CB2 {'rot': 0.00557}
  t=   8.50  cb_yield           L14-CB2 {'rot': 0.00537}
  t=   8.50  cb_yield           L15-CB2 {'rot': 0.00516}
  t=   8.50  cb_yield           L16-CB2 {'rot': 0.00495}
  t=   8.50  cb_yield           L17-CB3 {'rot': 0.00639}
  t=   8.50  cb_yield           L18-CB3 {'rot': 0.00618}
  t=   8.50  cb_yield           L19-CB3 {'rot': 0.00596}
  t=   8.50  cb_yield           L20-CB3 {'rot': 0.00575}
  t=   8.50  cb_yield           L21-CB3 {'rot': 0.00553}
  t=   8.63  cb_yield           L3-CB3 {'rot': 0.00494}
  t=   8.63  cb_yield           L12-CB1 {'rot': 0.00535}
  t=   8.63  cb_yield           L13-CB1 {'rot': 0.00508}
  t=   8.63  cb_yield           L17-CB2 {'rot': 0.00583}
  t=   8.63  cb_yield           L18-CB2 {'rot': 0.00549}
  t=   8.63  cb_yield           L22-CB3 {'rot': 0.00602}
  t=   8.63  cb_yield           L23-CB3 {'rot': 0.00567}
  t=   8.75  cb_yield           L14-CB1 {'rot': 0.00537}
  t=   8.75  cb_yield           L15-CB1 {'rot': 0.00497}
  t=   8.75  cb_yield           L19-CB2 {'rot': 0.00577}
  t=   8.75  cb_yield           L24-CB3 {'rot': 0.0059}
  t=   8.75  cb_yield           L25-CB3 {'rot': 0.00553}
  t=   8.88  cb_yield           L20-CB2 {'rot': 0.00557}
  t=   8.88  cb_yield           L26-CB3 {'rot': 0.00571}
  t=   9.00  cb_yield           L27-CB3 {'rot': 0.00585}
  t=   9.00  cb_yield           L28-CB3 {'rot': 0.0056}
  progress t=  10.0s  max corner drift so far=0.0027  wall clock=96s
  t=  10.38  cb_yield           L2-CB2 {'rot': 0.00559}
  t=  10.38  cb_yield           L2-CB3 {'rot': 0.00554}
  t=  10.38  cb_yield           L3-CB2 {'rot': 0.00646}
  t=  10.38  cb_yield           L19-CB1 {'rot': 0.00577}
  t=  10.38  cb_yield           L20-CB1 {'rot': 0.00608}
  t=  10.38  cb_yield           L21-CB1 {'rot': 0.0063}
  t=  10.38  cb_yield           L22-CB1 {'rot': 0.00644}
  t=  10.38  cb_yield           L23-CB1 {'rot': 0.00651}
  t=  10.38  cb_yield           L24-CB1 {'rot': 0.00651}
  t=  10.38  cb_yield           L25-CB1 {'rot': 0.00646}
  t=  10.38  cb_yield           L26-CB1 {'rot': 0.00635}
  t=  10.38  cb_yield           L27-CB1 {'rot': 0.0062}
  t=  10.38  cb_yield           L28-CB1 {'rot': 0.00601}
  t=  10.38  cb_yield           L29-CB1 {'rot': 0.0058}
  t=  10.38  cb_yield           L30-CB1 {'rot': 0.00557}
  t=  10.50  cb_yield           L2-CB0 {'rot': 0.00571}
  t=  10.50  cb_yield           L2-CB1 {'rot': 0.00547}
  t=  10.50  cb_yield           L21-CB0 {'rot': 0.0057}
  t=  10.50  cb_yield           L22-CB0 {'rot': 0.00609}
  t=  10.50  cb_yield           L23-CB0 {'rot': 0.00631}
  t=  10.50  cb_yield           L24-CB0 {'rot': 0.00637}
  t=  10.50  cb_yield           L25-CB0 {'rot': 0.00628}
  t=  10.50  cb_yield           L26-CB0 {'rot': 0.00606}
  t=  10.50  cb_yield           L27-CB0 {'rot': 0.00576}
  t=  10.50  cb_yield           L31-CB1 {'rot': 0.00653}
  t=  10.50  cb_yield           L32-CB1 {'rot': 0.00622}
  t=  10.50  cb_yield           L33-CB1 {'rot': 0.00601}
  t=  10.63  cb_yield           L1-CB0 {'rot': 0.0061}
  t=  10.63  cb_yield           L1-CB1 {'rot': 0.00585}
  t=  10.63  cb_yield           L1-CB2 {'rot': 0.0059}
  t=  10.63  cb_yield           L1-CB3 {'rot': 0.0059}
  t=  10.75  cb_yield           L12-CB0 {'rot': 0.00676}
  t=  10.75  cb_yield           L13-CB0 {'rot': 0.00564}
  t=  10.88  cb_yield           L14-CB0 {'rot': 0.00713}
  t=  10.88  cb_yield           L15-CB0 {'rot': 0.00623}
  t=  10.88  cb_yield           L16-CB0 {'rot': 0.00541}
  t=  11.00  cb_yield           L16-CB1 {'rot': 0.00853}
  t=  11.00  cb_yield           L17-CB0 {'rot': 0.00781}
  t=  11.00  cb_yield           L17-CB1 {'rot': 0.00787}
  t=  11.00  cb_yield           L18-CB0 {'rot': 0.00725}
  t=  11.00  cb_yield           L18-CB1 {'rot': 0.00728}
  t=  11.00  cb_yield           L19-CB0 {'rot': 0.00675}
  t=  11.00  cb_yield           L20-CB0 {'rot': 0.00634}
  t=  11.13  cb_yield           L28-CB0 {'rot': 0.00572}
  t=  11.25  cb_yield           L21-CB2 {'rot': 0.00654}
  t=  11.25  cb_yield           L22-CB2 {'rot': 0.00603}
  t=  11.25  cb_yield           L29-CB0 {'rot': 0.00548}
  t=  11.38  cb_failure         L14-CB1 {'rot': 0.01896}
  t=  11.38  cb_failure         L15-CB1 {'rot': 0.01937}
  t=  11.38  cb_failure         L16-CB1 {'rot': 0.01959}
  t=  11.38  cb_failure         L17-CB1 {'rot': 0.01965}
  t=  11.38  cb_failure         L18-CB1 {'rot': 0.01951}
  t=  11.38  cb_yield           L23-CB2 {'rot': 0.006}
  t=  11.50  cb_yield           L24-CB2 {'rot': 0.00554}
  t=  12.75  cb_yield           L29-CB3 {'rot': 0.00604}
  t=  12.75  cb_yield           L30-CB3 {'rot': 0.00561}
  t=  14.00  cb_yield           L31-CB3 {'rot': 0.00675}
  t=  14.00  cb_yield           L32-CB3 {'rot': 0.00643}
  t=  14.00  cb_yield           L33-CB3 {'rot': 0.00584}
  t=  17.00  cb_yield           L25-CB2 {'rot': 0.0055}
  t=  17.13  cb_yield           L26-CB2 {'rot': 0.00556}
  t=  17.38  cb_failure         L10-CB1 {'rot': 0.01895}
  t=  17.38  cb_failure         L11-CB1 {'rot': 0.01903}
  t=  17.38  cb_failure         L12-CB1 {'rot': 0.01903}
  t=  17.50  cb_failure         L11-CB0 {'rot': 0.01895}
  t=  17.50  cb_failure         L12-CB0 {'rot': 0.01925}
  t=  17.50  cb_failure         L13-CB0 {'rot': 0.01937}
  t=  17.50  cb_failure         L13-CB1 {'rot': 0.0204}
  t=  17.50  cb_failure         L14-CB0 {'rot': 0.01926}
  t=  17.50  cb_failure         L15-CB0 {'rot': 0.01897}
  t=  19.50  cb_failure         L5-CB3 {'rot': 0.01898}
  t=  19.50  cb_failure         L6-CB1 {'rot': 0.01937}
  t=  19.50  cb_failure         L6-CB3 {'rot': 0.01986}
  t=  19.50  cb_failure         L7-CB1 {'rot': 0.01991}
  t=  19.50  cb_failure         L7-CB3 {'rot': 0.0204}
  t=  19.50  cb_failure         L8-CB1 {'rot': 0.0201}
  t=  19.50  cb_failure         L8-CB3 {'rot': 0.02061}
  t=  19.50  cb_failure         L9-CB1 {'rot': 0.01999}
  t=  19.50  cb_failure         L9-CB3 {'rot': 0.02056}
  t=  19.50  cb_failure         L10-CB3 {'rot': 0.0203}
  t=  19.50  cb_failure         L11-CB3 {'rot': 0.01986}
  t=  19.50  cb_failure         L12-CB3 {'rot': 0.0193}
  t=  19.50  cb_failure         L17-CB3 {'rot': 0.01985}
  t=  19.62  cb_failure         L13-CB3 {'rot': 0.02124}
  t=  19.62  cb_failure         L14-CB3 {'rot': 0.0204}
  t=  19.62  cb_failure         L15-CB3 {'rot': 0.0193}
  t= 19.700  solver fallback: Newton
  t= 19.725  solver fallback: Newton
  t=  19.75  cb_failure         L16-CB3 {'rot': 0.01896}
  t=  19.75  cb_failure         L18-CB3 {'rot': 0.01985}
  t=  19.87  cb_failure         L4-CB1 {'rot': 0.01893}
  t=  19.87  cb_failure         L5-CB1 {'rot': 0.01986}
  t=  19.87  cb_failure         L19-CB1 {'rot': 0.01985}
  t=  19.87  cb_failure         L19-CB3 {'rot': 0.0198}
  t=  19.87  cb_failure         L20-CB3 {'rot': 0.0198}
  t=  19.87  cb_failure         L22-CB1 {'rot': 0.0198}
  t=  20.00  cb_failure         L3-CB1 {'rot': 0.01894}
  t=  20.00  cb_failure         L20-CB1 {'rot': 0.0229}
  t=  20.00  cb_failure         L21-CB1 {'rot': 0.02261}
  t=  20.00  cb_failure         L23-CB1 {'rot': 0.02158}
  t=  20.00  cb_failure         L24-CB1 {'rot': 0.02077}
  t=  20.00  cb_failure         L25-CB1 {'rot': 0.01975}
  t=  20.00  cb_failure         L27-CB1 {'rot': 0.01985}
  progress t=  20.0s  max corner drift so far=0.0067  wall clock=203s
  t= 20.075  solver fallback: Newton
  t=  20.12  cb_failure         L4-CB3 {'rot': 0.019}
  t=  20.12  cb_failure         L6-CB0 {'rot': 0.01908}
  t=  20.12  cb_failure         L7-CB0 {'rot': 0.01924}
  t=  20.12  cb_failure         L8-CB0 {'rot': 0.01913}
  t=  20.12  cb_failure         L26-CB1 {'rot': 0.02241}
  t=  20.12  cb_failure         L28-CB1 {'rot': 0.02116}
  t=  20.12  cb_failure         L29-CB1 {'rot': 0.02055}
  t=  20.12  cb_failure         L30-CB1 {'rot': 0.01988}
  t=  20.12  cb_failure         L31-CB1 {'rot': 0.01975}
  t=  20.12  cb_failure         L32-CB1 {'rot': 0.0198}
  t=  20.12  cb_failure         L32-CB3 {'rot': 0.01984}
  t=  20.12  cb_failure         L33-CB1 {'rot': 0.02028}
  t=  20.25  cb_failure         L5-CB0 {'rot': 0.01983}
  t=  20.25  cb_failure         L9-CB0 {'rot': 0.02196}
  t=  20.25  cb_failure         L10-CB0 {'rot': 0.02179}
  t=  20.25  cb_yield           L30-CB0 {'rot': 0.00766}
  t=  20.25  cb_yield           L31-CB0 {'rot': 0.00712}
  t=  20.25  cb_yield           L32-CB0 {'rot': 0.00667}
  t=  20.25  cb_yield           L33-CB0 {'rot': 0.00645}
  t=  20.25  cb_failure         L33-CB3 {'rot': 0.01989}
  t=  20.37  cb_failure         L16-CB0 {'rot': 0.02052}
  t=  20.37  cb_failure         L19-CB0 {'rot': 0.01967}
  t=  20.50  cb_failure         L17-CB0 {'rot': 0.02311}
  t=  20.50  cb_failure         L18-CB0 {'rot': 0.02202}
  t=  20.50  cb_failure         L20-CB0 {'rot': 0.01949}
  t=  20.50  cb_failure         L21-CB3 {'rot': 0.01946}
  t= 20.600  solver fallback: Newton
  t=  20.62  cb_failure         L21-CB0 {'rot': 0.01965}
  t=  20.87  cb_failure         L22-CB0 {'rot': 0.02038}
  t=  20.87  cb_failure         L23-CB0 {'rot': 0.01953}
  t=  20.87  cb_failure         L25-CB0 {'rot': 0.01968}
  t=  20.87  cb_failure         L26-CB0 {'rot': 0.01976}
  t=  21.00  cb_failure         L24-CB0 {'rot': 0.01946}
  t=  22.50  cb_failure         L3-CB0 {'rot': 0.01927}
  t=  22.50  cb_failure         L4-CB0 {'rot': 0.02108}
  t=  23.00  cb_failure         L7-CB2 {'rot': 0.01893}
  t=  23.00  cb_failure         L8-CB2 {'rot': 0.01944}
  t=  23.00  cb_failure         L9-CB2 {'rot': 0.01979}
  t=  23.00  cb_failure         L10-CB2 {'rot': 0.02}
  t=  23.00  cb_failure         L11-CB2 {'rot': 0.02008}
  t=  23.00  cb_failure         L12-CB2 {'rot': 0.02008}
  t=  23.00  cb_failure         L13-CB2 {'rot': 0.01993}
  t=  23.00  cb_failure         L14-CB2 {'rot': 0.01956}
  t=  23.00  cb_failure         L15-CB2 {'rot': 0.01902}
  t= 23.025  solver fallback: Newton
  t= 23.050  solver fallback: Newton
  t=  23.12  cb_failure         L6-CB2 {'rot': 0.01938}
  t=  23.12  cb_failure         L16-CB2 {'rot': 0.01933}
  t= 23.150  solver fallback: Newton
  t= 23.175  solver fallback: Newton
  t= 23.200  solver fallback: Newton
  t=  23.25  cb_failure         L5-CB2 {'rot': 0.01901}
  t= 23.250  solver fallback: Newton
  t= 23.350  solver fallback: Newton
  t=  23.37  cb_failure         L17-CB2 {'rot': 0.01965}
  t=  23.37  cb_failure         L18-CB2 {'rot': 0.0195}
  t=  23.37  cb_failure         L21-CB2 {'rot': 0.01974}
  t=  23.37  cb_failure         L23-CB3 {'rot': 0.01968}
  t=  23.37  cb_yield           L27-CB2 {'rot': 0.0069}
  t=  23.50  cb_failure         L4-CB2 {'rot': 0.01943}
  t=  23.50  cb_yield           L28-CB2 {'rot': 0.00651}
  t=  23.62  cb_yield           L29-CB2 {'rot': 0.00579}
  t=  25.37  cb_failure         L22-CB3 {'rot': 0.0207}
  t= 25.450  solver fallback: Newton
  t=  25.50  cb_failure         L24-CB3 {'rot': 0.02063}
  t=  25.50  cb_failure         L25-CB3 {'rot': 0.02004}
  t=  25.50  cb_failure         L26-CB3 {'rot': 0.0195}
  t= 25.575  solver fallback: Newton
  t=  25.62  cb_failure         L27-CB3 {'rot': 0.02075}
  t=  25.62  cb_failure         L28-CB3 {'rot': 0.02048}
  t=  25.62  cb_failure         L29-CB3 {'rot': 0.02016}
  t=  25.62  cb_yield           L30-CB2 {'rot': 0.00667}
  t=  25.62  cb_failure         L30-CB3 {'rot': 0.01973}
  t=  25.62  cb_yield           L31-CB2 {'rot': 0.00615}
  t=  25.62  cb_yield           L32-CB2 {'rot': 0.00573}
  t=  25.62  cb_yield           L33-CB2 {'rot': 0.00553}
  t=  25.75  cb_failure         L3-CB3 {'rot': 0.01972}
  t=  25.75  cb_failure         L31-CB3 {'rot': 0.02069}
  t=  25.87  cb_failure         L2-CB1 {'rot': 0.01925}
  t=  25.87  cb_failure         L2-CB3 {'rot': 0.01925}
  t=  26.00  cb_failure         L3-CB2 {'rot': 0.01922}
  t=  26.25  cb_failure         L19-CB2 {'rot': 0.01979}
  t=  26.50  cb_failure         L20-CB2 {'rot': 0.01973}
  t=  26.62  cb_failure         L22-CB2 {'rot': 0.01981}
  t=  26.75  cb_failure         L27-CB0 {'rot': 0.02197}
  t=  26.75  cb_failure         L28-CB0 {'rot': 0.02095}
  t=  26.75  cb_failure         L29-CB0 {'rot': 0.01982}
  t=  26.75  cb_failure         L33-CB0 {'rot': 0.0198}
  t=  26.87  cb_failure         L23-CB2 {'rot': 0.01963}
  t=  26.87  cb_failure         L24-CB2 {'rot': 0.0195}
  t=  26.87  cb_failure         L30-CB0 {'rot': 0.02138}
  t=  26.87  cb_failure         L31-CB0 {'rot': 0.02044}
  t=  26.87  cb_failure         L32-CB0 {'rot': 0.01972}
  progress t=  30.0s  max corner drift so far=0.0109  wall clock=323s
  t=  32.87  cb_failure         L25-CB2 {'rot': 0.01978}
  t=  32.87  cb_failure         L26-CB2 {'rot': 0.0199}
  t=  32.87  cb_failure         L27-CB2 {'rot': 0.0199}
  t=  32.87  cb_failure         L28-CB2 {'rot': 0.01983}
  t=  32.87  cb_failure         L29-CB2 {'rot': 0.0196}
  t=  33.00  cb_failure         L30-CB2 {'rot': 0.02185}
  t=  33.00  cb_failure         L31-CB2 {'rot': 0.0213}
  t=  33.00  cb_failure         L32-CB2 {'rot': 0.02076}
  t=  33.00  cb_failure         L33-CB2 {'rot': 0.02056}
  progress t=  40.0s  max corner drift so far=0.0109  wall clock=438s
  t=  48.62  cb_failure         L1-CB1 {'rot': 0.01902}
  t=  48.62  cb_failure         L1-CB3 {'rot': 0.01908}
  t=  48.62  cb_failure         L2-CB0 {'rot': 0.02231}
  t=  48.62  cb_failure         L2-CB2 {'rot': 0.02102}
  t=  48.75  cb_failure         L1-CB0 {'rot': 0.01897}
  progress t=  50.0s  max corner drift so far=0.0109  wall clock=550s
  t= 50.400  solver fallback: Newton
  progress t=  60.0s  max corner drift so far=0.0109  wall clock=665s
  progress t=  70.0s  max corner drift so far=0.0109  wall clock=771s
  progress t=  80.0s  max corner drift so far=0.0109  wall clock=871s
  progress t=  90.0s  max corner drift so far=0.0109  wall clock=976s
  progress t= 100.0s  max corner drift so far=0.0109  wall clock=1080s
