  t=   2.00  cb_yield           L6-CB3 {'rot': 0.00414}
  t=   2.00  cb_yield           L7-CB1 {'rot': 0.00417}
  t=   2.00  cb_yield           L7-CB3 {'rot': 0.00424}
  t=   2.00  cb_yield           L8-CB1 {'rot': 0.00419}
  t=   2.00  cb_yield           L8-CB3 {'rot': 0.00427}
  t=   2.00  cb_yield           L9-CB1 {'rot': 0.00416}
  t=   2.00  cb_yield           L9-CB3 {'rot': 0.00425}
  t=   2.00  cb_yield           L10-CB3 {'rot': 0.00417}
  t=   2.12  cb_yield           L6-CB1 {'rot': 0.00423}
  t=   2.12  cb_yield           L10-CB1 {'rot': 0.0046}
  t=   2.12  cb_yield           L11-CB1 {'rot': 0.00457}
  t=   2.12  cb_yield           L11-CB3 {'rot': 0.00467}
  t=   2.12  cb_yield           L12-CB1 {'rot': 0.00451}
  t=   2.12  cb_yield           L12-CB3 {'rot': 0.00462}
  t=   2.12  cb_yield           L13-CB1 {'rot': 0.00441}
  t=   2.12  cb_yield           L13-CB3 {'rot': 0.00452}
  t=   2.12  cb_yield           L14-CB1 {'rot': 0.00427}
  t=   2.12  cb_yield           L14-CB3 {'rot': 0.00439}
  t=   2.12  cb_yield           L15-CB1 {'rot': 0.00412}
  t=   2.12  cb_yield           L15-CB3 {'rot': 0.00424}
  t=   2.25  cb_yield           L16-CB1 {'rot': 0.00449}
  t=   2.25  cb_yield           L16-CB3 {'rot': 0.00464}
  t=   2.37  cb_yield           L17-CB1 {'rot': 0.00504}
  t=   2.37  cb_yield           L17-CB3 {'rot': 0.00523}
  t=   2.37  cb_yield           L18-CB1 {'rot': 0.00505}
  t=   2.37  cb_yield           L18-CB3 {'rot': 0.00525}
  t=   2.37  cb_yield           L19-CB1 {'rot': 0.00502}
  t=   2.37  cb_yield           L19-CB3 {'rot': 0.00524}
  t=   2.37  cb_yield           L20-CB1 {'rot': 0.00497}
  t=   2.37  cb_yield           L20-CB3 {'rot': 0.0052}
  t=   2.37  cb_yield           L21-CB1 {'rot': 0.00489}
  t=   2.37  cb_yield           L21-CB3 {'rot': 0.00513}
  t=   2.37  cb_yield           L22-CB1 {'rot': 0.00478}
  t=   2.37  cb_yield           L22-CB3 {'rot': 0.00503}
  t=   2.37  cb_yield           L23-CB1 {'rot': 0.00464}
  t=   2.37  cb_yield           L23-CB3 {'rot': 0.00489}
  t=   2.37  cb_yield           L24-CB3 {'rot': 0.00473}
  t=   2.50  cb_yield           L24-CB1 {'rot': 0.00546}
  t=   2.50  cb_yield           L25-CB1 {'rot': 0.00521}
  t=   2.50  cb_yield           L25-CB3 {'rot': 0.00544}
  t=   2.50  cb_yield           L26-CB1 {'rot': 0.00492}
  t=   2.50  cb_yield           L26-CB3 {'rot': 0.00515}
  t=   2.50  cb_yield           L27-CB1 {'rot': 0.00461}
  t=   2.50  cb_yield           L27-CB3 {'rot': 0.00484}
  t=   3.50  cb_yield           L15-CB0 {'rot': 0.00418}
  t=   3.50  cb_yield           L16-CB0 {'rot': 0.00434}
  t=   3.50  cb_yield           L18-CB0 {'rot': 0.0046}
  t=   3.50  cb_yield           L19-CB0 {'rot': 0.00465}
  t=   3.50  cb_yield           L20-CB0 {'rot': 0.00466}
  t=   3.50  cb_yield           L21-CB0 {'rot': 0.00461}
  t=   3.62  cb_yield           L12-CB0 {'rot': 0.00428}
  t=   3.62  cb_yield           L13-CB0 {'rot': 0.00447}
  t=   3.62  cb_yield           L14-CB0 {'rot': 0.00462}
  t=   3.62  cb_yield           L15-CB2 {'rot': 0.00411}
  t=   3.62  cb_yield           L16-CB2 {'rot': 0.00421}
  t=   3.62  cb_yield           L17-CB0 {'rot': 0.00492}
  t=   3.75  cb_yield           L7-CB0 {'rot': 0.00433}
  t=   3.75  cb_yield           L8-CB0 {'rot': 0.00452}
  t=   3.75  cb_yield           L9-CB0 {'rot': 0.00468}
  t=   3.75  cb_yield           L10-CB0 {'rot': 0.0048}
  t=   3.75  cb_yield           L11-CB0 {'rot': 0.0049}
  t=   3.87  cb_yield           L3-CB0 {'rot': 0.00422}
  t=   3.87  cb_yield           L4-CB0 {'rot': 0.00482}
  t=   3.87  cb_yield           L4-CB1 {'rot': 0.00464}
  t=   3.87  cb_yield           L4-CB2 {'rot': 0.00412}
  t=   3.87  cb_yield           L5-CB0 {'rot': 0.00526}
  t=   3.87  cb_yield           L5-CB1 {'rot': 0.00506}
  t=   3.87  cb_yield           L5-CB2 {'rot': 0.00445}
  t=   3.87  cb_yield           L5-CB3 {'rot': 0.00418}
  t=   3.87  cb_yield           L6-CB0 {'rot': 0.00555}
  t=   3.87  cb_yield           L6-CB2 {'rot': 0.00464}
  t=   3.87  cb_yield           L7-CB2 {'rot': 0.00472}
  t=   3.87  cb_yield           L8-CB2 {'rot': 0.00472}
  t=   3.87  cb_yield           L9-CB2 {'rot': 0.00464}
  t=   3.87  cb_yield           L10-CB2 {'rot': 0.00452}
  t=   3.87  cb_yield           L11-CB2 {'rot': 0.00435}
  t=   3.87  cb_yield           L12-CB2 {'rot': 0.00417}
  t=   4.00  cb_yield           L2-CB0 {'rot': 0.00438}
  t=   4.00  cb_yield           L2-CB1 {'rot': 0.00419}
  t=   4.00  cb_yield           L3-CB1 {'rot': 0.00511}
  t=   4.00  cb_yield           L3-CB2 {'rot': 0.00461}
  t=   4.00  cb_yield           L3-CB3 {'rot': 0.00438}
  t=   4.00  cb_yield           L4-CB3 {'rot': 0.00487}
  t=   4.12  cb_yield           L2-CB2 {'rot': 0.00426}
  t=   8.25  cb_yield           L13-CB2 {'rot': 0.00462}
  t=   8.25  cb_yield           L14-CB2 {'rot': 0.00437}
  t=   8.38  cb_yield           L2-CB3 {'rot': 0.00493}
  t=   8.50  cb_yield           L17-CB2 {'rot': 0.00547}
  t=   8.50  cb_yield           L18-CB2 {'rot': 0.00499}
  t=   8.63  cb_yield           L19-CB2 {'rot': 0.00585}
  t=   8.63  cb_yield           L20-CB2 {'rot': 0.00535}
  t=   8.63  cb_yield           L21-CB2 {'rot': 0.00488}
  t=   8.63  cb_yield           L28-CB3 {'rot': 0.00486}
  t=   8.63  cb_yield           L29-CB3 {'rot': 0.00464}
  t=   8.75  cb_yield           L22-CB2 {'rot': 0.00573}
  t=   8.75  cb_yield           L23-CB2 {'rot': 0.00525}
  t=   8.75  cb_yield           L24-CB2 {'rot': 0.00479}
  t=   8.75  cb_yield           L30-CB3 {'rot': 0.00559}
  t=   8.75  cb_yield           L31-CB3 {'rot': 0.00539}
  t=   8.75  cb_yield           L32-CB3 {'rot': 0.00525}
  t=   8.75  cb_yield           L33-CB3 {'rot': 0.00517}
  t=   8.88  cb_yield           L25-CB2 {'rot': 0.00526}
  t=   8.88  cb_yield           L26-CB2 {'rot': 0.00478}
  t=   9.00  cb_yield           L27-CB2 {'rot': 0.00492}
  t=   9.13  cb_yield           L28-CB1 {'rot': 0.0068}
  t=   9.13  cb_yield           L28-CB2 {'rot': 0.00462}
  t=   9.13  cb_yield           L29-CB1 {'rot': 0.00631}
  t=   9.13  cb_yield           L30-CB1 {'rot': 0.00576}
  t=   9.13  cb_yield           L31-CB1 {'rot': 0.00526}
  t=   9.13  cb_yield           L32-CB1 {'rot': 0.00488}
  t=   9.25  cb_yield           L22-CB0 {'rot': 0.00459}
  t=   9.25  cb_yield           L23-CB0 {'rot': 0.00474}
  t=   9.25  cb_yield           L24-CB0 {'rot': 0.0048}
  t=   9.25  cb_yield           L25-CB0 {'rot': 0.00477}
  t=   9.25  cb_yield           L26-CB0 {'rot': 0.00466}
  t=   9.25  cb_yield           L33-CB1 {'rot': 0.00572}
  t=   9.88  cb_yield           L1-CB0 {'rot': 0.00497}
  t=   9.88  cb_yield           L1-CB1 {'rot': 0.00444}
  progress t=  10.0s  max corner drift so far=0.0034  wall clock=112s
  t=  10.38  cb_yield           L1-CB2 {'rot': 0.00456}
  t=  10.38  cb_yield           L1-CB3 {'rot': 0.00433}
  t=  10.38  cb_yield           L27-CB0 {'rot': 0.00626}
  t=  10.38  cb_yield           L28-CB0 {'rot': 0.00592}
  t=  10.38  cb_yield           L29-CB0 {'rot': 0.00553}
  t=  10.38  cb_yield           L30-CB0 {'rot': 0.00511}
  t=  10.38  cb_yield           L31-CB0 {'rot': 0.00471}
  t=  10.50  cb_yield           L32-CB0 {'rot': 0.00518}
  t=  10.50  cb_yield           L33-CB0 {'rot': 0.00498}
  t=  11.25  cb_failure         L9-CB1 {'rot': 0.01832}
  t=  11.25  cb_failure         L10-CB1 {'rot': 0.01907}
  t=  11.25  cb_failure         L11-CB1 {'rot': 0.01976}
  t=  11.25  cb_failure         L12-CB0 {'rot': 0.01842}
  t=  11.25  cb_failure         L12-CB1 {'rot': 0.02043}
  t=  11.25  cb_failure         L13-CB0 {'rot': 0.01894}
  t=  11.25  cb_failure         L13-CB1 {'rot': 0.02105}
  t=  11.25  cb_failure         L14-CB0 {'rot': 0.01931}
  t=  11.25  cb_failure         L14-CB1 {'rot': 0.02152}
  t=  11.25  cb_failure         L15-CB0 {'rot': 0.01958}
  t=  11.25  cb_failure         L15-CB1 {'rot': 0.02188}
  t=  11.25  cb_failure         L16-CB0 {'rot': 0.01971}
  t=  11.25  cb_failure         L16-CB1 {'rot': 0.02211}
  t=  11.25  cb_failure         L17-CB0 {'rot': 0.01972}
  t=  11.25  cb_failure         L17-CB1 {'rot': 0.0222}
  t=  11.25  cb_failure         L18-CB0 {'rot': 0.01957}
  t=  11.25  cb_failure         L18-CB1 {'rot': 0.02213}
  t=  11.25  cb_failure         L19-CB0 {'rot': 0.01926}
  t=  11.25  cb_failure         L19-CB1 {'rot': 0.02187}
  t=  11.25  cb_failure         L20-CB0 {'rot': 0.01883}
  t=  11.25  cb_failure         L20-CB1 {'rot': 0.02147}
  t=  11.25  cb_failure         L21-CB1 {'rot': 0.02089}
  t=  11.25  cb_failure         L22-CB1 {'rot': 0.02009}
  t=  11.25  cb_failure         L23-CB1 {'rot': 0.01907}
  t=  11.38  cb_failure         L8-CB1 {'rot': 0.01824}
  t=  11.38  cb_failure         L10-CB0 {'rot': 0.0189}
  t=  11.38  cb_failure         L11-CB0 {'rot': 0.01982}
  t=  11.38  cb_failure         L21-CB0 {'rot': 0.02009}
  t=  11.38  cb_failure         L22-CB0 {'rot': 0.01914}
  t=  11.38  cb_failure         L24-CB1 {'rot': 0.02068}
  t=  11.38  cb_failure         L25-CB1 {'rot': 0.01923}
  t=  11.50  cb_failure         L13-CB3 {'rot': 0.0185}
  t=  11.50  cb_failure         L14-CB3 {'rot': 0.0191}
  t=  11.50  cb_failure         L15-CB3 {'rot': 0.01949}
  t=  11.50  cb_failure         L16-CB3 {'rot': 0.01968}
  t=  11.50  cb_failure         L17-CB3 {'rot': 0.01968}
  t=  11.50  cb_failure         L18-CB3 {'rot': 0.01946}
  t=  11.50  cb_failure         L19-CB3 {'rot': 0.01905}
  t=  11.50  cb_failure         L23-CB0 {'rot': 0.01865}
  t=  11.50  cb_failure         L26-CB1 {'rot': 0.01942}
  t=  11.63  cb_failure         L20-CB3 {'rot': 0.02019}
  t=  11.63  cb_failure         L21-CB3 {'rot': 0.01977}
  t=  11.63  cb_failure         L22-CB3 {'rot': 0.01912}
  t=  11.75  cb_failure         L23-CB3 {'rot': 0.01899}
  t=  11.75  cb_yield           L29-CB2 {'rot': 0.00496}
  t=  11.88  cb_yield           L30-CB2 {'rot': 0.00515}
  t=  12.00  cb_yield           L31-CB2 {'rot': 0.00503}
  t=  14.13  cb_yield           L32-CB2 {'rot': 0.00461}
  t=  14.38  cb_failure         L12-CB3 {'rot': 0.01855}
  t=  14.50  cb_failure         L10-CB3 {'rot': 0.01815}
  t=  14.50  cb_failure         L11-CB3 {'rot': 0.01896}
  t=  14.63  cb_failure         L6-CB1 {'rot': 0.01872}
  t=  14.63  cb_failure         L7-CB1 {'rot': 0.0196}
  t=  14.63  cb_failure         L8-CB3 {'rot': 0.01813}
  t=  14.63  cb_failure         L9-CB3 {'rot': 0.01866}
  t=  14.75  cb_failure         L5-CB1 {'rot': 0.01876}
  t=  14.75  cb_failure         L7-CB3 {'rot': 0.01868}
  t=  17.00  cb_failure         L5-CB0 {'rot': 0.01906}
  t=  17.00  cb_failure         L5-CB3 {'rot': 0.01838}
  t=  17.00  cb_failure         L6-CB0 {'rot': 0.02022}
  t=  17.00  cb_failure         L6-CB2 {'rot': 0.01868}
  t=  17.00  cb_failure         L6-CB3 {'rot': 0.0196}
  t=  17.00  cb_failure         L7-CB0 {'rot': 0.02094}
  t=  17.00  cb_failure         L7-CB2 {'rot': 0.01945}
  t=  17.00  cb_failure         L8-CB0 {'rot': 0.02132}
  t=  17.00  cb_failure         L8-CB2 {'rot': 0.01995}
  t=  17.00  cb_failure         L9-CB0 {'rot': 0.02147}
  t=  17.00  cb_failure         L9-CB2 {'rot': 0.02024}
  t=  17.00  cb_failure         L10-CB2 {'rot': 0.02035}
  t=  17.00  cb_failure         L11-CB2 {'rot': 0.02031}
  t=  17.00  cb_failure         L12-CB2 {'rot': 0.02016}
  t=  17.00  cb_failure         L13-CB2 {'rot': 0.01986}
  t=  17.00  cb_failure         L14-CB2 {'rot': 0.01941}
  t=  17.00  cb_failure         L15-CB2 {'rot': 0.01889}
  t=  17.00  cb_failure         L16-CB2 {'rot': 0.01832}
  t=  17.13  cb_failure         L4-CB0 {'rot': 0.01931}
  t=  17.13  cb_failure         L4-CB1 {'rot': 0.01968}
  t=  17.13  cb_failure         L5-CB2 {'rot': 0.01876}
  t=  17.13  cb_failure         L17-CB2 {'rot': 0.0197}
  t=  17.13  cb_failure         L18-CB2 {'rot': 0.01867}
  t=  17.25  cb_failure         L3-CB0 {'rot': 0.01872}
  t=  17.25  cb_failure         L3-CB1 {'rot': 0.0193}
  t=  17.25  cb_failure         L4-CB2 {'rot': 0.01851}
  t=  17.25  cb_failure         L4-CB3 {'rot': 0.01943}
  t=  17.25  cb_failure         L19-CB2 {'rot': 0.01987}
  t=  17.25  cb_failure         L20-CB2 {'rot': 0.01886}
  t=  17.63  cb_failure         L24-CB0 {'rot': 0.01867}
  t=  17.75  cb_failure         L25-CB0 {'rot': 0.01862}
  t=  19.62  cb_failure         L3-CB3 {'rot': 0.01836}
  t=  19.87  cb_failure         L2-CB1 {'rot': 0.01922}
  t=  19.87  cb_failure         L2-CB3 {'rot': 0.01878}
  t=  20.00  cb_failure         L2-CB0 {'rot': 0.01909}
  t=  20.00  cb_failure         L24-CB3 {'rot': 0.02443}
  t=  20.00  cb_failure         L25-CB3 {'rot': 0.0236}
  t=  20.00  cb_failure         L26-CB3 {'rot': 0.02265}
  t=  20.00  cb_failure         L27-CB1 {'rot': 0.02548}
  t=  20.00  cb_failure         L27-CB3 {'rot': 0.02167}
  t=  20.00  cb_failure         L28-CB1 {'rot': 0.02446}
  t=  20.00  cb_failure         L28-CB3 {'rot': 0.02082}
  t=  20.00  cb_failure         L29-CB1 {'rot': 0.02351}
  t=  20.00  cb_failure         L29-CB3 {'rot': 0.02002}
  t=  20.00  cb_failure         L30-CB1 {'rot': 0.02259}
  t=  20.00  cb_failure         L30-CB3 {'rot': 0.01926}
  t=  20.00  cb_failure         L31-CB1 {'rot': 0.02188}
  t=  20.00  cb_failure         L31-CB3 {'rot': 0.01869}
  t=  20.00  cb_failure         L32-CB1 {'rot': 0.02145}
  t=  20.00  cb_failure         L33-CB1 {'rot': 0.02079}
  t=  20.00  cb_failure         L33-CB3 {'rot': 0.01856}
  progress t=  20.0s  max corner drift so far=0.0084  wall clock=234s
  t=  20.12  cb_failure         L1-CB0 {'rot': 0.01821}
  t=  20.12  cb_failure         L1-CB1 {'rot': 0.02177}
  t=  20.12  cb_failure         L1-CB3 {'rot': 0.01821}
  t=  20.12  cb_failure         L3-CB2 {'rot': 0.0184}
  t=  20.12  cb_failure         L32-CB3 {'rot': 0.02406}
  t=  20.12  cb_yield           L33-CB2 {'rot': 0.00483}
  t=  20.22  wall_axial_failure S1-F {'gamma': 0.00099, 'eps': -0.00611, 'cause': 'crushing'}
  t=  20.25  cb_failure         L26-CB0 {'rot': 0.01902}
  t= 20.300  solver fallback: ModifiedNewton
