  t=   2.50  cb_yield           L16-CB3 {'rot': 0.00622}
  t=   2.50  cb_yield           L18-CB3 {'rot': 0.00666}
  t=   2.50  cb_yield           L19-CB3 {'rot': 0.00678}
  t=   2.50  cb_yield           L20-CB3 {'rot': 0.00685}
  t=   2.50  cb_yield           L21-CB3 {'rot': 0.00685}
  t=   2.50  cb_yield           L22-CB3 {'rot': 0.00678}
  t=   2.50  cb_yield           L23-CB3 {'rot': 0.00665}
  t=   2.62  cb_yield           L19-CB1 {'rot': 0.00676}
  t=   2.62  cb_yield           L20-CB1 {'rot': 0.00689}
  t=   2.62  cb_yield           L21-CB1 {'rot': 0.00693}
  t=   2.62  cb_yield           L22-CB1 {'rot': 0.00689}
  t=   2.62  cb_yield           L23-CB1 {'rot': 0.00677}
  t=   2.62  cb_yield           L24-CB3 {'rot': 0.00674}
  t=   3.87  cb_yield           L7-CB0 {'rot': 0.0062}
  t=   3.87  cb_yield           L8-CB0 {'rot': 0.0063}
  t=   3.87  cb_yield           L8-CB1 {'rot': 0.00616}
  t=   3.87  cb_yield           L9-CB0 {'rot': 0.00633}
  t=   3.87  cb_yield           L9-CB1 {'rot': 0.00617}
  t=   3.87  cb_yield           L10-CB0 {'rot': 0.0063}
  t=   3.87  cb_yield           L10-CB1 {'rot': 0.00612}
  t=   3.87  cb_yield           L11-CB0 {'rot': 0.00623}
  t=   3.87  cb_yield           L12-CB0 {'rot': 0.00614}
  t=   4.00  cb_yield           L3-CB0 {'rot': 0.00631}
  t=   4.00  cb_yield           L4-CB0 {'rot': 0.00704}
  t=   4.00  cb_yield           L4-CB1 {'rot': 0.00683}
  t=   4.00  cb_yield           L5-CB0 {'rot': 0.00751}
  t=   4.00  cb_yield           L5-CB1 {'rot': 0.00729}
  t=   4.00  cb_yield           L5-CB2 {'rot': 0.00636}
  t=   4.00  cb_yield           L6-CB0 {'rot': 0.00776}
  t=   4.00  cb_yield           L6-CB1 {'rot': 0.00753}
  t=   4.00  cb_yield           L6-CB2 {'rot': 0.00647}
  t=   4.00  cb_yield           L6-CB3 {'rot': 0.00619}
  t=   4.00  cb_yield           L7-CB1 {'rot': 0.00759}
  t=   4.00  cb_yield           L7-CB2 {'rot': 0.00643}
  t=   4.00  cb_yield           L7-CB3 {'rot': 0.00612}
  t=   4.00  cb_yield           L8-CB2 {'rot': 0.00626}
  t=   4.00  cb_yield           L11-CB1 {'rot': 0.00672}
  t=   4.00  cb_yield           L12-CB1 {'rot': 0.00635}
  t=   4.00  cb_yield           L13-CB0 {'rot': 0.00634}
  t=   4.12  cb_yield           L2-CB0 {'rot': 0.00633}
  t=   4.12  cb_yield           L2-CB1 {'rot': 0.00611}
  t=   4.12  cb_yield           L3-CB1 {'rot': 0.00729}
  t=   4.12  cb_yield           L3-CB2 {'rot': 0.00656}
  t=   4.12  cb_yield           L3-CB3 {'rot': 0.00632}
  t=   4.12  cb_yield           L4-CB2 {'rot': 0.00718}
  t=   4.12  cb_yield           L4-CB3 {'rot': 0.00692}
  t=   4.12  cb_yield           L5-CB3 {'rot': 0.00719}
  t=   4.12  cb_yield           L8-CB3 {'rot': 0.00658}
  t=   4.12  cb_yield           L9-CB2 {'rot': 0.00645}
  t=   8.38  cb_yield           L9-CB3 {'rot': 0.0075}
  t=   8.38  cb_yield           L10-CB2 {'rot': 0.00619}
  t=   8.38  cb_yield           L10-CB3 {'rot': 0.00757}
  t=   8.38  cb_yield           L11-CB3 {'rot': 0.00758}
  t=   8.38  cb_yield           L12-CB3 {'rot': 0.00756}
  t=   8.38  cb_yield           L13-CB3 {'rot': 0.00751}
  t=   8.38  cb_yield           L14-CB3 {'rot': 0.00744}
  t=   8.38  cb_yield           L15-CB3 {'rot': 0.00735}
  t=   8.38  cb_yield           L17-CB3 {'rot': 0.00714}
  t=   8.50  cb_yield           L11-CB2 {'rot': 0.00807}
  t=   8.50  cb_yield           L12-CB2 {'rot': 0.00792}
  t=   8.50  cb_yield           L13-CB2 {'rot': 0.00771}
  t=   8.50  cb_yield           L14-CB2 {'rot': 0.00746}
  t=   8.50  cb_yield           L15-CB2 {'rot': 0.00719}
  t=   8.50  cb_yield           L16-CB2 {'rot': 0.00692}
  t=   8.63  cb_yield           L13-CB1 {'rot': 0.00704}
  t=   8.63  cb_yield           L14-CB1 {'rot': 0.00665}
  t=   8.63  cb_yield           L15-CB1 {'rot': 0.00624}
  t=   8.63  cb_yield           L17-CB2 {'rot': 0.00839}
  t=   8.63  cb_yield           L18-CB2 {'rot': 0.00796}
  t=   8.63  cb_yield           L19-CB2 {'rot': 0.00748}
  t=   8.63  cb_yield           L20-CB2 {'rot': 0.00698}
  t=   8.63  cb_yield           L25-CB3 {'rot': 0.00694}
  t=   8.75  cb_yield           L16-CB1 {'rot': 0.00644}
  t=   8.75  cb_yield           L21-CB2 {'rot': 0.00735}
  t=   8.75  cb_yield           L22-CB2 {'rot': 0.00674}
  t=   8.75  cb_yield           L26-CB3 {'rot': 0.00702}
  t=   8.88  cb_yield           L27-CB3 {'rot': 0.0073}
  t=   8.88  cb_yield           L28-CB3 {'rot': 0.00694}
  t=   9.00  cb_yield           L23-CB2 {'rot': 0.00667}
  t=   9.00  cb_yield           L29-CB3 {'rot': 0.00723}
  t=   9.00  cb_yield           L30-CB3 {'rot': 0.0069}
  progress t=  10.0s  max corner drift so far=0.0035  wall clock=100s
  t=  10.38  cb_yield           L2-CB2 {'rot': 0.00805}
  t=  10.38  cb_yield           L2-CB3 {'rot': 0.00773}
  t=  10.38  cb_yield           L17-CB1 {'rot': 0.00686}
  t=  10.38  cb_yield           L18-CB1 {'rot': 0.00737}
  t=  10.38  cb_yield           L24-CB1 {'rot': 0.00858}
  t=  10.38  cb_yield           L25-CB1 {'rot': 0.0085}
  t=  10.38  cb_yield           L26-CB1 {'rot': 0.00836}
  t=  10.38  cb_yield           L27-CB1 {'rot': 0.00818}
  t=  10.38  cb_yield           L28-CB1 {'rot': 0.00797}
  t=  10.38  cb_yield           L29-CB1 {'rot': 0.00772}
  t=  10.38  cb_yield           L30-CB1 {'rot': 0.0074}
  t=  10.38  cb_yield           L31-CB1 {'rot': 0.00708}
  t=  10.38  cb_yield           L32-CB1 {'rot': 0.00679}
  t=  10.50  cb_yield           L1-CB2 {'rot': 0.00685}
  t=  10.50  cb_yield           L1-CB3 {'rot': 0.00666}
  t=  10.50  cb_yield           L20-CB0 {'rot': 0.00732}
  t=  10.50  cb_yield           L21-CB0 {'rot': 0.00794}
  t=  10.50  cb_yield           L22-CB0 {'rot': 0.00835}
  t=  10.50  cb_yield           L23-CB0 {'rot': 0.00856}
  t=  10.50  cb_yield           L24-CB0 {'rot': 0.00859}
  t=  10.50  cb_yield           L25-CB0 {'rot': 0.00845}
  t=  10.50  cb_yield           L26-CB0 {'rot': 0.00817}
  t=  10.50  cb_yield           L27-CB0 {'rot': 0.00778}
  t=  10.50  cb_yield           L28-CB0 {'rot': 0.00732}
  t=  10.50  cb_yield           L29-CB0 {'rot': 0.00679}
  t=  10.50  cb_yield           L33-CB1 {'rot': 0.00747}
  t=  10.63  cb_yield           L1-CB0 {'rot': 0.00852}
  t=  10.63  cb_yield           L1-CB1 {'rot': 0.00802}
  t=  10.88  cb_yield           L14-CB0 {'rot': 0.00829}
  t=  10.88  cb_yield           L15-CB0 {'rot': 0.00705}
  t=  11.00  cb_yield           L16-CB0 {'rot': 0.01005}
  t=  11.00  cb_yield           L17-CB0 {'rot': 0.00894}
  t=  11.00  cb_yield           L18-CB0 {'rot': 0.00802}
  t=  11.00  cb_yield           L19-CB0 {'rot': 0.00727}
  t=  11.50  cb_yield           L24-CB2 {'rot': 0.00663}
  t=  12.75  cb_yield           L31-CB3 {'rot': 0.00719}
  t=  12.75  cb_yield           L32-CB3 {'rot': 0.00662}
  t=  14.00  cb_yield           L25-CB2 {'rot': 0.008}
  t=  14.00  cb_yield           L26-CB2 {'rot': 0.00772}
  t=  14.00  cb_yield           L27-CB2 {'rot': 0.00734}
  t=  14.00  cb_yield           L28-CB2 {'rot': 0.0069}
  t=  14.00  cb_yield           L33-CB3 {'rot': 0.00758}
  t=  14.13  cb_yield           L29-CB2 {'rot': 0.00672}
  t=  15.38  cb_yield           L30-CB0 {'rot': 0.00777}
  t=  15.38  cb_yield           L31-CB0 {'rot': 0.00718}
  t=  15.38  cb_yield           L32-CB0 {'rot': 0.00664}
  t=  17.38  cb_failure         L8-CB1 {'rot': 0.03011}
  t=  17.38  cb_failure         L9-CB1 {'rot': 0.03033}
  t=  17.38  cb_failure         L10-CB1 {'rot': 0.03031}
  t=  17.38  cb_failure         L11-CB1 {'rot': 0.03012}
  t=  17.50  cb_failure         L12-CB1 {'rot': 0.03104}
  t=  17.50  cb_failure         L13-CB1 {'rot': 0.03091}
  t=  17.50  cb_failure         L14-CB1 {'rot': 0.0305}
  t=  17.63  cb_failure         L15-CB1 {'rot': 0.03031}
  t=  19.62  cb_failure         L7-CB3 {'rot': 0.03024}
  t=  19.62  cb_failure         L8-CB3 {'rot': 0.0306}
  t=  19.62  cb_failure         L9-CB3 {'rot': 0.03064}
  t=  19.62  cb_failure         L10-CB3 {'rot': 0.03033}
  t=  20.00  cb_failure         L5-CB1 {'rot': 0.0302}
  t=  20.00  cb_failure         L6-CB1 {'rot': 0.03114}
  t=  20.00  cb_failure         L7-CB1 {'rot': 0.03179}
  progress t=  20.0s  max corner drift so far=0.0113  wall clock=215s
  t=  20.12  cb_failure         L4-CB1 {'rot': 0.03059}
  t=  20.12  cb_failure         L16-CB1 {'rot': 0.03288}
  t=  20.12  cb_failure         L17-CB1 {'rot': 0.03234}
  t=  20.12  cb_failure         L18-CB1 {'rot': 0.0318}
  t=  20.12  cb_failure         L19-CB1 {'rot': 0.03127}
  t=  20.12  cb_failure         L20-CB1 {'rot': 0.03077}
  t=  20.25  cb_failure         L2-CB1 {'rot': 0.03307}
  t=  20.25  cb_failure         L3-CB1 {'rot': 0.03674}
  t=  20.25  cb_failure         L4-CB3 {'rot': 0.03044}
  t=  20.25  cb_failure         L5-CB3 {'rot': 0.03244}
  t=  20.25  cb_failure         L6-CB0 {'rot': 0.03011}
  t=  20.25  cb_failure         L6-CB3 {'rot': 0.03378}
  t=  20.25  cb_failure         L7-CB0 {'rot': 0.03047}
  t=  20.25  cb_failure         L8-CB0 {'rot': 0.03043}
  t=  20.25  cb_failure         L11-CB3 {'rot': 0.03365}
  t=  20.25  cb_failure         L12-CB3 {'rot': 0.03318}
  t=  20.25  cb_failure         L13-CB3 {'rot': 0.03265}
  t=  20.25  cb_failure         L14-CB3 {'rot': 0.03204}
  t=  20.25  cb_failure         L15-CB3 {'rot': 0.0314}
  t=  20.25  cb_failure         L16-CB3 {'rot': 0.03069}
  t=  20.25  cb_failure         L21-CB1 {'rot': 0.0358}
  t=  20.25  cb_failure         L22-CB1 {'rot': 0.03481}
  t=  20.25  cb_failure         L23-CB1 {'rot': 0.03378}
  t=  20.25  cb_failure         L24-CB1 {'rot': 0.03265}
  t=  20.25  cb_failure         L25-CB1 {'rot': 0.03137}
  t=  20.27  wall_axial_failure S1-F {'gamma': 0.00086, 'eps': -0.0068, 'cause': 'crushing'}
  t=  20.37  cb_failure         L1-CB1 {'rot': 0.072}
  t=  20.37  cb_failure         L1-CB3 {'rot': 0.0487}
  t=  20.37  cb_failure         L2-CB3 {'rot': 0.0539}
  t=  20.37  cb_failure         L3-CB3 {'rot': 0.05865}
  t=  20.37  cb_failure         L5-CB0 {'rot': 0.03233}
  t=  20.37  cb_failure         L9-CB0 {'rot': 0.03494}
  t=  20.37  cb_failure         L10-CB0 {'rot': 0.03458}
  t=  20.37  cb_failure         L11-CB0 {'rot': 0.03399}
  t=  20.37  cb_failure         L12-CB0 {'rot': 0.0332}
  t=  20.37  cb_failure         L13-CB0 {'rot': 0.03216}
  t=  20.37  cb_failure         L14-CB0 {'rot': 0.03088}
  t=  20.37  cb_failure         L17-CB3 {'rot': 0.05943}
  t=  20.37  cb_failure         L18-CB3 {'rot': 0.05779}
  t=  20.37  cb_failure         L19-CB3 {'rot': 0.05619}
  t=  20.37  cb_failure         L20-CB3 {'rot': 0.05477}
  t=  20.37  cb_failure         L21-CB3 {'rot': 0.05324}
  t=  20.37  cb_failure         L22-CB3 {'rot': 0.05173}
  t=  20.37  cb_failure         L23-CB3 {'rot': 0.05015}
  t=  20.37  cb_failure         L24-CB3 {'rot': 0.04853}
  t=  20.37  cb_failure         L25-CB3 {'rot': 0.04688}
  t=  20.37  cb_failure         L26-CB1 {'rot': 0.05356}
  t=  20.37  cb_failure         L26-CB3 {'rot': 0.04525}
  t=  20.37  cb_failure         L27-CB1 {'rot': 0.0509}
  t=  20.37  cb_failure         L27-CB3 {'rot': 0.04371}
  t=  20.37  cb_failure         L28-CB1 {'rot': 0.04918}
  t=  20.37  cb_failure         L28-CB3 {'rot': 0.04243}
  t=  20.37  cb_failure         L29-CB1 {'rot': 0.04731}
  t=  20.37  cb_failure         L29-CB3 {'rot': 0.04129}
  t=  20.37  cb_failure         L30-CB1 {'rot': 0.04572}
  t=  20.37  cb_failure         L30-CB3 {'rot': 0.04033}
  t=  20.37  cb_failure         L31-CB1 {'rot': 0.04473}
  t=  20.37  cb_failure         L31-CB3 {'rot': 0.03962}
  t=  20.37  cb_failure         L32-CB1 {'rot': 0.0442}
  t=  20.37  cb_failure         L32-CB3 {'rot': 0.03915}
  t=  20.37  cb_failure         L33-CB1 {'rot': 0.04043}
  t=  20.37  cb_failure         L33-CB3 {'rot': 0.0354}
  t= 20.375  solver fallback: 4 sub-steps
  t=  20.50  cb_failure         L15-CB0 {'rot': 0.03392}
  t=  20.50  cb_failure         L16-CB0 {'rot': 0.03254}
  t=  20.50  cb_failure         L17-CB0 {'rot': 0.03068}
  t=  20.50  cb_yield           L33-CB0 {'rot': 0.0068}
  t=  20.75  cb_failure         L18-CB0 {'rot': 0.03124}
  t=  20.87  cb_failure         L19-CB0 {'rot': 0.03166}
  t=  21.12  cb_failure         L20-CB0 {'rot': 0.03124}
  t=  21.12  cb_yield           L30-CB2 {'rot': 0.008}
  t=  21.12  cb_yield           L31-CB2 {'rot': 0.00733}
  t=  21.12  cb_yield           L32-CB2 {'rot': 0.00677}
  t=  22.25  cb_yield           L33-CB2 {'rot': 0.00724}
  t=  25.87  cb_failure         L4-CB2 {'rot': 0.03035}
  t=  25.87  cb_failure         L5-CB2 {'rot': 0.03081}
  t=  26.00  cb_failure         L3-CB2 {'rot': 0.03068}
  t=  26.00  cb_failure         L6-CB2 {'rot': 0.03609}
  t=  26.00  cb_failure         L7-CB2 {'rot': 0.0354}
  t=  26.00  cb_failure         L8-CB2 {'rot': 0.03396}
  t=  26.00  cb_failure         L9-CB2 {'rot': 0.03188}
  t=  26.12  cb_failure         L4-CB0 {'rot': 0.03203}
  t=  26.12  cb_failure         L10-CB2 {'rot': 0.03684}
  t=  26.12  cb_failure         L11-CB2 {'rot': 0.03442}
  t=  26.12  cb_failure         L12-CB2 {'rot': 0.03158}
  t=  26.25  cb_failure         L13-CB2 {'rot': 0.03604}
  t=  26.25  cb_failure         L14-CB2 {'rot': 0.03281}
  t=  26.37  cb_failure         L15-CB2 {'rot': 0.03386}
  t=  26.37  cb_failure         L16-CB2 {'rot': 0.03055}
  t=  26.62  cb_failure         L17-CB2 {'rot': 0.03122}
  t=  26.87  cb_failure         L21-CB0 {'rot': 0.03222}
  t=  26.87  cb_failure         L22-CB0 {'rot': 0.03139}
  t=  26.87  cb_failure         L23-CB0 {'rot': 0.03064}
  t=  27.00  cb_failure         L24-CB0 {'rot': 0.03563}
  t=  27.00  cb_failure         L25-CB0 {'rot': 0.03518}
  t=  27.00  cb_failure         L26-CB0 {'rot': 0.03447}
  t=  27.00  cb_failure         L27-CB0 {'rot': 0.03351}
  t=  27.00  cb_failure         L28-CB0 {'rot': 0.03256}
  t=  27.00  cb_failure         L29-CB0 {'rot': 0.0315}
  t=  27.25  cb_failure         L3-CB0 {'rot': 0.03029}
