  t=   2.00  cb_yield           L4-CB3 {'rot': 0.00618}
  t=   2.00  cb_yield           L5-CB1 {'rot': 0.0065}
  t=   2.00  cb_yield           L5-CB3 {'rot': 0.00661}
  t=   2.00  cb_yield           L6-CB1 {'rot': 0.00672}
  t=   2.00  cb_yield           L6-CB2 {'rot': 0.00618}
  t=   2.00  cb_yield           L6-CB3 {'rot': 0.00684}
  t=   2.00  cb_yield           L7-CB1 {'rot': 0.00678}
  t=   2.00  cb_yield           L7-CB2 {'rot': 0.00618}
  t=   2.00  cb_yield           L7-CB3 {'rot': 0.00692}
  t=   2.00  cb_yield           L8-CB1 {'rot': 0.00672}
  t=   2.00  cb_yield           L8-CB3 {'rot': 0.00686}
  t=   2.00  cb_yield           L9-CB1 {'rot': 0.00657}
  t=   2.00  cb_yield           L9-CB3 {'rot': 0.00671}
  t=   2.00  cb_yield           L10-CB1 {'rot': 0.00634}
  t=   2.00  cb_yield           L10-CB3 {'rot': 0.00649}
  t=   2.00  cb_yield           L11-CB3 {'rot': 0.00622}
  t=   2.12  cb_yield           L4-CB1 {'rot': 0.00621}
  t=   2.12  cb_yield           L5-CB2 {'rot': 0.00615}
  t=   2.12  cb_yield           L6-CB0 {'rot': 0.00637}
  t=   2.12  cb_yield           L7-CB0 {'rot': 0.0065}
  t=   2.12  cb_yield           L8-CB0 {'rot': 0.00652}
  t=   2.12  cb_yield           L8-CB2 {'rot': 0.00662}
  t=   2.12  cb_yield           L9-CB0 {'rot': 0.00641}
  t=   2.12  cb_yield           L9-CB2 {'rot': 0.00653}
  t=   2.12  cb_yield           L10-CB0 {'rot': 0.00623}
  t=   2.12  cb_yield           L10-CB2 {'rot': 0.00636}
  t=   2.12  cb_yield           L11-CB1 {'rot': 0.00723}
  t=   2.12  cb_yield           L11-CB2 {'rot': 0.00613}
  t=   2.12  cb_yield           L12-CB1 {'rot': 0.00702}
  t=   2.12  cb_yield           L12-CB3 {'rot': 0.00719}
  t=   2.12  cb_yield           L13-CB1 {'rot': 0.00677}
  t=   2.12  cb_yield           L13-CB3 {'rot': 0.00695}
  t=   2.12  cb_yield           L14-CB1 {'rot': 0.00647}
  t=   2.12  cb_yield           L14-CB3 {'rot': 0.00665}
  t=   2.12  cb_yield           L15-CB1 {'rot': 0.00616}
  t=   2.12  cb_yield           L15-CB3 {'rot': 0.00635}
  t=   2.25  cb_yield           L11-CB0 {'rot': 0.00638}
  t=   2.25  cb_yield           L12-CB0 {'rot': 0.00625}
  t=   2.25  cb_yield           L12-CB2 {'rot': 0.00643}
  t=   2.25  cb_yield           L13-CB2 {'rot': 0.00625}
  t=   2.25  cb_yield           L16-CB1 {'rot': 0.00696}
  t=   2.25  cb_yield           L16-CB3 {'rot': 0.00721}
  t=   2.25  cb_yield           L17-CB3 {'rot': 0.00687}
  t=   2.37  cb_yield           L17-CB1 {'rot': 0.00761}
  t=   2.37  cb_yield           L18-CB1 {'rot': 0.00746}
  t=   2.37  cb_yield           L18-CB3 {'rot': 0.00777}
  t=   2.37  cb_yield           L19-CB1 {'rot': 0.00729}
  t=   2.37  cb_yield           L19-CB3 {'rot': 0.00762}
  t=   2.37  cb_yield           L20-CB1 {'rot': 0.0071}
  t=   2.37  cb_yield           L20-CB3 {'rot': 0.00745}
  t=   2.37  cb_yield           L21-CB1 {'rot': 0.00689}
  t=   2.37  cb_yield           L21-CB3 {'rot': 0.00726}
  t=   2.37  cb_yield           L22-CB1 {'rot': 0.00666}
  t=   2.37  cb_yield           L22-CB3 {'rot': 0.00704}
  t=   2.37  cb_yield           L23-CB3 {'rot': 0.00679}
  t=   2.50  cb_yield           L16-CB2 {'rot': 0.00622}
  t=   2.50  cb_yield           L23-CB1 {'rot': 0.00858}
  t=   2.50  cb_yield           L24-CB1 {'rot': 0.00823}
  t=   2.50  cb_yield           L24-CB3 {'rot': 0.00862}
  t=   2.50  cb_yield           L25-CB1 {'rot': 0.00781}
  t=   2.50  cb_yield           L25-CB3 {'rot': 0.0082}
  t=   2.50  cb_yield           L26-CB1 {'rot': 0.00734}
  t=   2.50  cb_yield           L26-CB3 {'rot': 0.00772}
  t=   2.50  cb_yield           L27-CB1 {'rot': 0.00683}
  t=   2.50  cb_yield           L27-CB3 {'rot': 0.00721}
  t=   2.50  cb_yield           L28-CB3 {'rot': 0.00671}
  t=   2.62  cb_yield           L18-CB2 {'rot': 0.00683}
  t=   2.62  cb_yield           L19-CB0 {'rot': 0.00676}
  t=   2.62  cb_yield           L19-CB2 {'rot': 0.007}
  t=   2.62  cb_yield           L20-CB0 {'rot': 0.00684}
  t=   2.62  cb_yield           L20-CB2 {'rot': 0.00708}
  t=   2.62  cb_yield           L21-CB0 {'rot': 0.00679}
  t=   2.62  cb_yield           L21-CB2 {'rot': 0.00704}
  t=   2.62  cb_yield           L22-CB0 {'rot': 0.00661}
  t=   2.62  cb_yield           L22-CB2 {'rot': 0.00686}
  t=   2.62  cb_yield           L28-CB1 {'rot': 0.00698}
  t=   3.50  cb_yield           L16-CB0 {'rot': 0.00619}
  t=   3.50  cb_yield           L18-CB0 {'rot': 0.00687}
  t=   3.50  cb_yield           L23-CB0 {'rot': 0.00697}
  t=   3.50  cb_yield           L23-CB2 {'rot': 0.00693}
  t=   3.50  cb_yield           L24-CB0 {'rot': 0.00665}
  t=   3.50  cb_yield           L24-CB2 {'rot': 0.00667}
  t=   3.62  cb_yield           L15-CB0 {'rot': 0.00652}
  t=   3.62  cb_yield           L17-CB0 {'rot': 0.0073}
  t=   3.62  cb_yield           L25-CB0 {'rot': 0.00681}
  t=   3.75  cb_yield           L13-CB0 {'rot': 0.00634}
  t=   3.75  cb_yield           L14-CB0 {'rot': 0.00666}
  t=   3.87  cb_yield           L5-CB0 {'rot': 0.00643}
  t=   4.00  cb_yield           L2-CB0 {'rot': 0.00629}
  t=   4.00  cb_yield           L2-CB1 {'rot': 0.00616}
  t=   4.00  cb_yield           L3-CB0 {'rot': 0.00758}
  t=   4.00  cb_yield           L3-CB1 {'rot': 0.00745}
  t=   4.00  cb_yield           L3-CB2 {'rot': 0.00649}
  t=   4.00  cb_yield           L3-CB3 {'rot': 0.00635}
  t=   4.00  cb_yield           L4-CB0 {'rot': 0.00853}
  t=   4.00  cb_yield           L4-CB2 {'rot': 0.00722}
  t=   4.12  cb_yield           L2-CB2 {'rot': 0.00728}
  t=   4.12  cb_yield           L2-CB3 {'rot': 0.00714}
  t=   4.25  cb_yield           L1-CB0 {'rot': 0.00687}
  t=   4.25  cb_yield           L1-CB1 {'rot': 0.00672}
  t=   8.25  cb_yield           L14-CB2 {'rot': 0.00649}
  t=   8.25  cb_yield           L15-CB2 {'rot': 0.00627}
  t=   8.38  cb_yield           L17-CB2 {'rot': 0.00747}
  t=   8.38  cb_yield           L29-CB1 {'rot': 0.0069}
  t=   8.50  cb_yield           L25-CB2 {'rot': 0.00688}
  t=   8.50  cb_yield           L29-CB3 {'rot': 0.00919}
  t=   8.50  cb_yield           L30-CB3 {'rot': 0.00844}
  t=   8.50  cb_yield           L31-CB3 {'rot': 0.0077}
  t=   8.50  cb_yield           L32-CB3 {'rot': 0.00711}
  t=   8.63  cb_yield           L26-CB2 {'rot': 0.00774}
  t=   8.63  cb_yield           L27-CB2 {'rot': 0.00705}
  t=   8.63  cb_yield           L33-CB3 {'rot': 0.00737}
  t=   8.88  cb_yield           L28-CB2 {'rot': 0.00717}
  t=   9.00  cb_yield           L29-CB2 {'rot': 0.00766}
  t=   9.00  cb_yield           L30-CB2 {'rot': 0.00704}
  progress t=  10.0s  max corner drift so far=0.0057  wall clock=102s
  t=  10.38  cb_yield           L1-CB2 {'rot': 0.00975}
  t=  10.38  cb_yield           L1-CB3 {'rot': 0.00905}
  t=  10.38  cb_yield           L26-CB0 {'rot': 0.00908}
  t=  10.38  cb_yield           L27-CB0 {'rot': 0.00871}
  t=  10.38  cb_yield           L28-CB0 {'rot': 0.00834}
  t=  10.38  cb_yield           L29-CB0 {'rot': 0.00794}
  t=  10.38  cb_yield           L30-CB0 {'rot': 0.00748}
  t=  10.38  cb_yield           L30-CB1 {'rot': 0.0124}
  t=  10.38  cb_yield           L31-CB0 {'rot': 0.00701}
  t=  10.38  cb_yield           L31-CB1 {'rot': 0.01194}
  t=  10.38  cb_yield           L32-CB1 {'rot': 0.01153}
  t=  10.38  cb_yield           L33-CB1 {'rot': 0.01045}
  t=  10.50  cb_yield           L32-CB0 {'rot': 0.00871}
  t=  10.50  cb_yield           L33-CB0 {'rot': 0.00841}
  t=  11.13  cb_failure         L5-CB1 {'rot': 0.03121}
  t=  11.13  cb_failure         L6-CB1 {'rot': 0.03187}
  t=  11.13  cb_failure         L7-CB1 {'rot': 0.03181}
  t=  11.13  cb_failure         L8-CB1 {'rot': 0.03116}
  t=  11.25  cb_failure         L6-CB0 {'rot': 0.03035}
  t=  11.25  cb_failure         L6-CB3 {'rot': 0.03024}
  t=  11.25  cb_failure         L7-CB0 {'rot': 0.03093}
  t=  11.25  cb_failure         L7-CB3 {'rot': 0.03073}
  t=  11.25  cb_failure         L8-CB0 {'rot': 0.03099}
  t=  11.25  cb_failure         L8-CB3 {'rot': 0.03074}
  t=  11.25  cb_failure         L9-CB0 {'rot': 0.03065}
  t=  11.25  cb_failure         L9-CB1 {'rot': 0.03518}
  t=  11.25  cb_failure         L9-CB3 {'rot': 0.03038}
  t=  11.25  cb_failure         L10-CB0 {'rot': 0.03011}
  t=  11.25  cb_failure         L10-CB1 {'rot': 0.03484}
  t=  11.25  cb_failure         L11-CB1 {'rot': 0.0343}
  t=  11.25  cb_failure         L12-CB1 {'rot': 0.03363}
  t=  11.25  cb_failure         L13-CB1 {'rot': 0.03276}
  t=  11.25  cb_failure         L14-CB1 {'rot': 0.03172}
  t=  11.25  cb_failure         L15-CB1 {'rot': 0.03067}
  t=  11.38  cb_failure         L10-CB3 {'rot': 0.03121}
  t=  11.38  cb_failure         L11-CB0 {'rot': 0.03289}
  t=  11.38  cb_failure         L11-CB3 {'rot': 0.03149}
  t=  11.38  cb_failure         L12-CB0 {'rot': 0.03312}
  t=  11.38  cb_failure         L12-CB3 {'rot': 0.0317}
  t=  11.38  cb_failure         L13-CB0 {'rot': 0.03315}
  t=  11.38  cb_failure         L13-CB3 {'rot': 0.03174}
  t=  11.38  cb_failure         L14-CB0 {'rot': 0.0329}
  t=  11.38  cb_failure         L14-CB3 {'rot': 0.03156}
  t=  11.38  cb_failure         L15-CB0 {'rot': 0.03248}
  t=  11.38  cb_failure         L15-CB3 {'rot': 0.03123}
  t=  11.38  cb_failure         L16-CB0 {'rot': 0.03186}
  t=  11.38  cb_failure         L16-CB1 {'rot': 0.03957}
  t=  11.38  cb_failure         L16-CB3 {'rot': 0.03075}
  t=  11.38  cb_failure         L17-CB0 {'rot': 0.03079}
  t=  11.38  cb_failure         L17-CB1 {'rot': 0.03869}
  t=  11.38  cb_failure         L18-CB1 {'rot': 0.03753}
  t=  11.38  cb_failure         L19-CB1 {'rot': 0.03609}
  t=  11.38  cb_failure         L20-CB1 {'rot': 0.03448}
  t=  11.38  cb_failure         L21-CB1 {'rot': 0.03263}
  t=  11.38  cb_failure         L22-CB1 {'rot': 0.03061}
  t=  11.50  cb_failure         L17-CB3 {'rot': 0.03465}
  t=  11.50  cb_failure         L18-CB0 {'rot': 0.03847}
  t=  11.50  cb_failure         L18-CB3 {'rot': 0.03379}
  t=  11.50  cb_failure         L19-CB0 {'rot': 0.03655}
  t=  11.50  cb_failure         L19-CB3 {'rot': 0.03232}
  t=  11.50  cb_failure         L20-CB0 {'rot': 0.03403}
  t=  11.50  cb_failure         L21-CB0 {'rot': 0.03064}
  t=  11.63  cb_failure         L13-CB2 {'rot': 0.03031}
  t=  11.63  cb_failure         L14-CB2 {'rot': 0.03139}
  t=  11.63  cb_failure         L15-CB2 {'rot': 0.03189}
  t=  11.63  cb_failure         L16-CB2 {'rot': 0.03189}
  t=  11.63  cb_failure         L17-CB2 {'rot': 0.0313}
  t=  11.63  cb_failure         L20-CB3 {'rot': 0.03105}
  t=  11.88  cb_failure         L23-CB1 {'rot': 0.03062}
  t=  12.75  cb_yield           L31-CB2 {'rot': 0.00742}
  t=  12.88  cb_yield           L32-CB2 {'rot': 0.00764}
  t=  12.88  cb_yield           L33-CB2 {'rot': 0.00719}
  t=  14.50  cb_failure         L21-CB3 {'rot': 0.03697}
  t=  14.50  cb_failure         L22-CB3 {'rot': 0.03665}
  t=  14.50  cb_failure         L23-CB3 {'rot': 0.03606}
  t=  14.50  cb_failure         L24-CB3 {'rot': 0.03522}
  t=  14.50  cb_failure         L25-CB3 {'rot': 0.03415}
  t=  14.50  cb_failure         L26-CB3 {'rot': 0.03281}
  t=  14.50  cb_failure         L27-CB3 {'rot': 0.03127}
  t=  14.63  cb_failure         L28-CB3 {'rot': 0.03524}
  t=  14.63  cb_failure         L29-CB3 {'rot': 0.03378}
  t=  14.63  cb_failure         L30-CB3 {'rot': 0.03228}
  t=  14.63  cb_failure         L31-CB3 {'rot': 0.03094}
  t=  14.75  cb_failure         L24-CB1 {'rot': 0.03314}
  t=  14.75  cb_failure         L25-CB1 {'rot': 0.0318}
  t=  14.75  cb_failure         L32-CB3 {'rot': 0.03357}
  t=  14.75  cb_failure         L33-CB3 {'rot': 0.0315}
  t=  14.88  cb_failure         L26-CB1 {'rot': 0.03398}
  t=  14.88  cb_failure         L27-CB1 {'rot': 0.03276}
  t=  14.88  cb_failure         L28-CB1 {'rot': 0.03164}
  t=  15.00  cb_failure         L5-CB3 {'rot': 0.03042}
  t=  15.00  cb_failure         L29-CB1 {'rot': 0.03335}
  t=  15.00  cb_failure         L30-CB1 {'rot': 0.03238}
  t=  15.00  cb_failure         L31-CB1 {'rot': 0.03136}
  t=  15.00  cb_failure         L32-CB1 {'rot': 0.03065}
  t=  15.13  cb_failure         L4-CB3 {'rot': 0.03169}
  t=  15.25  cb_failure         L3-CB3 {'rot': 0.03121}
  t=  17.25  cb_failure         L5-CB0 {'rot': 0.03289}
  t=  17.25  cb_failure         L6-CB2 {'rot': 0.03063}
  t=  17.25  cb_failure         L7-CB2 {'rot': 0.03206}
  t=  17.25  cb_failure         L8-CB2 {'rot': 0.03297}
  t=  17.25  cb_failure         L9-CB2 {'rot': 0.03345}
  t=  17.25  cb_failure         L10-CB2 {'rot': 0.03367}
  t=  17.25  cb_failure         L11-CB2 {'rot': 0.03368}
  t=  17.25  cb_failure         L12-CB2 {'rot': 0.03354}
  t=  17.38  cb_failure         L4-CB0 {'rot': 0.03093}
  t=  17.38  cb_failure         L4-CB1 {'rot': 0.03012}
  t=  17.38  cb_failure         L18-CB2 {'rot': 0.03221}
  t=  17.50  cb_failure         L19-CB2 {'rot': 0.03517}
  t=  17.50  cb_failure         L20-CB2 {'rot': 0.03196}
  t=  17.63  cb_failure         L22-CB0 {'rot': 0.03479}
  t=  17.75  cb_failure         L23-CB0 {'rot': 0.03389}
  t=  17.88  cb_failure         L24-CB0 {'rot': 0.03103}
  t=  18.00  cb_failure         L3-CB1 {'rot': 0.03111}
  t=  18.13  cb_failure         L3-CB0 {'rot': 0.03233}
  t=  18.25  cb_failure         L2-CB1 {'rot': 0.03203}
  t=  18.75  cb_failure         L2-CB0 {'rot': 0.03087}
  progress t=  20.0s  max corner drift so far=0.0234  wall clock=227s
  t=  20.62  cb_failure         L33-CB1 {'rot': 0.03073}
  t=  20.87  cb_failure         L25-CB0 {'rot': 0.03352}
  t=  21.00  cb_failure         L21-CB2 {'rot': 0.03112}
  t=  21.00  cb_failure         L26-CB0 {'rot': 0.04008}
  t=  21.00  cb_failure         L27-CB0 {'rot': 0.03575}
  t=  21.00  cb_failure         L28-CB0 {'rot': 0.03193}
  t=  21.12  cb_failure         L22-CB2 {'rot': 0.03162}
  t=  21.12  cb_failure         L29-CB0 {'rot': 0.03553}
  t=  21.12  cb_failure         L30-CB0 {'rot': 0.0323}
  t=  21.25  cb_failure         L31-CB0 {'rot': 0.03624}
  t=  21.25  cb_failure         L32-CB0 {'rot': 0.03476}
  t=  21.25  cb_failure         L33-CB0 {'rot': 0.03422}
  t=  24.62  cb_failure         L5-CB2 {'rot': 0.03131}
  t=  25.00  cb_failure         L1-CB0 {'rot': 0.03017}
  t=  25.00  cb_failure         L4-CB2 {'rot': 0.03018}
  t=  27.00  cb_failure         L23-CB2 {'rot': 0.03299}
  t=  27.00  cb_failure         L24-CB2 {'rot': 0.03357}
  t=  27.00  cb_failure         L25-CB2 {'rot': 0.03375}
  t=  27.00  cb_failure         L26-CB2 {'rot': 0.03358}
  t=  27.00  cb_failure         L27-CB2 {'rot': 0.03313}
  t=  27.00  cb_failure         L28-CB2 {'rot': 0.03259}
  t=  27.00  cb_failure         L29-CB2 {'rot': 0.03174}
  progress t=  30.0s  max corner drift so far=0.0236  wall clock=360s
  progress t=  40.0s  max corner drift so far=0.0236  wall clock=497s
  t=  40.50  cb_failure         L3-CB2 {'rot': 0.03231}
  t=  46.25  cb_failure         L2-CB2 {'rot': 0.03389}
  t=  48.87  cb_failure         L2-CB3 {'rot': 0.03107}
  t=  49.00  cb_failure         L1-CB1 {'rot': 0.03242}
  t=  49.75  cb_failure         L30-CB2 {'rot': 0.03241}
  t=  49.87  cb_failure         L31-CB2 {'rot': 0.03427}
  t=  49.87  cb_failure         L32-CB2 {'rot': 0.03276}
  t=  49.87  cb_failure         L33-CB2 {'rot': 0.03225}
  progress t=  50.0s  max corner drift so far=0.0236  wall clock=628s
  progress t=  60.0s  max corner drift so far=0.0236  wall clock=776s
  t=  61.00  cb_failure         L1-CB3 {'rot': 0.03018}
  progress t=  70.0s  max corner drift so far=0.0236  wall clock=906s
  progress t=  80.0s  max corner drift so far=0.0236  wall clock=1013s
  progress t=  90.0s  max corner drift so far=0.0236  wall clock=1119s
  progress t= 100.0s  max corner drift so far=0.0236  wall clock=1225s
