  t=   1.87  cb_yield           L4-CB1 {'rot': 0.00613}
  t=   1.87  cb_yield           L4-CB3 {'rot': 0.00626}
  t=   1.87  cb_yield           L5-CB1 {'rot': 0.00639}
  t=   1.87  cb_yield           L5-CB3 {'rot': 0.00654}
  t=   1.87  cb_yield           L6-CB1 {'rot': 0.00645}
  t=   1.87  cb_yield           L6-CB3 {'rot': 0.0066}
  t=   1.87  cb_yield           L7-CB1 {'rot': 0.00634}
  t=   1.87  cb_yield           L7-CB3 {'rot': 0.0065}
  t=   1.87  cb_yield           L8-CB1 {'rot': 0.00612}
  t=   1.87  cb_yield           L8-CB3 {'rot': 0.00628}
  t=   2.00  cb_yield           L3-CB1 {'rot': 0.00625}
  t=   2.00  cb_yield           L3-CB3 {'rot': 0.00633}
  t=   2.00  cb_yield           L4-CB0 {'rot': 0.00647}
  t=   2.00  cb_yield           L4-CB2 {'rot': 0.00657}
  t=   2.00  cb_yield           L5-CB0 {'rot': 0.00687}
  t=   2.00  cb_yield           L5-CB2 {'rot': 0.00698}
  t=   2.00  cb_yield           L6-CB0 {'rot': 0.00704}
  t=   2.00  cb_yield           L6-CB2 {'rot': 0.00716}
  t=   2.00  cb_yield           L7-CB0 {'rot': 0.00702}
  t=   2.00  cb_yield           L7-CB2 {'rot': 0.00716}
  t=   2.00  cb_yield           L8-CB0 {'rot': 0.00686}
  t=   2.00  cb_yield           L8-CB2 {'rot': 0.007}
  t=   2.00  cb_yield           L9-CB0 {'rot': 0.00656}
  t=   2.00  cb_yield           L9-CB1 {'rot': 0.00755}
  t=   2.00  cb_yield           L9-CB2 {'rot': 0.00671}
  t=   2.00  cb_yield           L9-CB3 {'rot': 0.00772}
  t=   2.00  cb_yield           L10-CB0 {'rot': 0.0062}
  t=   2.00  cb_yield           L10-CB1 {'rot': 0.00725}
  t=   2.00  cb_yield           L10-CB2 {'rot': 0.00635}
  t=   2.00  cb_yield           L10-CB3 {'rot': 0.00742}
  t=   2.00  cb_yield           L11-CB1 {'rot': 0.0069}
  t=   2.00  cb_yield           L11-CB3 {'rot': 0.00707}
  t=   2.00  cb_yield           L12-CB1 {'rot': 0.00651}
  t=   2.00  cb_yield           L12-CB3 {'rot': 0.00668}
  t=   2.00  cb_yield           L13-CB3 {'rot': 0.00626}
  t=   2.12  cb_yield           L11-CB0 {'rot': 0.00698}
  t=   2.12  cb_yield           L11-CB2 {'rot': 0.00713}
  t=   2.12  cb_yield           L12-CB0 {'rot': 0.00662}
  t=   2.12  cb_yield           L12-CB2 {'rot': 0.00679}
  t=   2.12  cb_yield           L13-CB0 {'rot': 0.00622}
  t=   2.12  cb_yield           L13-CB1 {'rot': 0.00777}
  t=   2.12  cb_yield           L13-CB2 {'rot': 0.0064}
  t=   2.12  cb_yield           L14-CB1 {'rot': 0.00737}
  t=   2.12  cb_yield           L14-CB3 {'rot': 0.00759}
  t=   2.12  cb_yield           L15-CB1 {'rot': 0.00697}
  t=   2.12  cb_yield           L15-CB3 {'rot': 0.00719}
  t=   2.12  cb_yield           L16-CB1 {'rot': 0.00656}
  t=   2.12  cb_yield           L16-CB3 {'rot': 0.00678}
  t=   2.25  cb_yield           L14-CB0 {'rot': 0.00677}
  t=   2.25  cb_yield           L14-CB2 {'rot': 0.00701}
  t=   2.25  cb_yield           L15-CB0 {'rot': 0.00637}
  t=   2.25  cb_yield           L15-CB2 {'rot': 0.00663}
  t=   2.25  cb_yield           L16-CB2 {'rot': 0.00623}
  t=   2.25  cb_yield           L17-CB1 {'rot': 0.0075}
  t=   2.25  cb_yield           L17-CB3 {'rot': 0.00779}
  t=   2.25  cb_yield           L18-CB1 {'rot': 0.00701}
  t=   2.25  cb_yield           L18-CB3 {'rot': 0.00732}
  t=   2.25  cb_yield           L19-CB3 {'rot': 0.00685}
  t=   2.37  cb_yield           L16-CB0 {'rot': 0.00661}
  t=   2.37  cb_yield           L17-CB2 {'rot': 0.00665}
  t=   2.37  cb_yield           L19-CB1 {'rot': 0.00836}
  t=   2.37  cb_yield           L20-CB1 {'rot': 0.0081}
  t=   2.37  cb_yield           L20-CB3 {'rot': 0.0085}
  t=   2.37  cb_yield           L21-CB1 {'rot': 0.00782}
  t=   2.37  cb_yield           L21-CB3 {'rot': 0.00824}
  t=   2.37  cb_yield           L22-CB1 {'rot': 0.00751}
  t=   2.37  cb_yield           L22-CB3 {'rot': 0.00794}
  t=   2.37  cb_yield           L23-CB1 {'rot': 0.00718}
  t=   2.37  cb_yield           L23-CB3 {'rot': 0.00763}
  t=   2.37  cb_yield           L24-CB1 {'rot': 0.00684}
  t=   2.37  cb_yield           L24-CB3 {'rot': 0.00729}
  t=   2.37  cb_yield           L25-CB3 {'rot': 0.00693}
  t=   2.50  cb_yield           L17-CB0 {'rot': 0.00724}
  t=   2.50  cb_yield           L18-CB0 {'rot': 0.00728}
  t=   2.50  cb_yield           L18-CB2 {'rot': 0.00762}
  t=   2.50  cb_yield           L19-CB0 {'rot': 0.00723}
  t=   2.50  cb_yield           L19-CB2 {'rot': 0.0076}
  t=   2.50  cb_yield           L20-CB0 {'rot': 0.00712}
  t=   2.50  cb_yield           L20-CB2 {'rot': 0.0075}
  t=   2.50  cb_yield           L21-CB0 {'rot': 0.00691}
  t=   2.50  cb_yield           L21-CB2 {'rot': 0.00732}
  t=   2.50  cb_yield           L22-CB0 {'rot': 0.00662}
  t=   2.50  cb_yield           L22-CB2 {'rot': 0.00703}
  t=   2.50  cb_yield           L23-CB2 {'rot': 0.00666}
  t=   2.50  cb_yield           L25-CB1 {'rot': 0.00889}
  t=   2.50  cb_yield           L26-CB1 {'rot': 0.00831}
  t=   2.50  cb_yield           L26-CB3 {'rot': 0.00875}
  t=   2.50  cb_yield           L27-CB1 {'rot': 0.00767}
  t=   2.50  cb_yield           L27-CB3 {'rot': 0.00811}
  t=   2.50  cb_yield           L28-CB1 {'rot': 0.00707}
  t=   2.50  cb_yield           L28-CB3 {'rot': 0.0075}
  t=   2.50  cb_yield           L29-CB3 {'rot': 0.00684}
  t=   2.62  cb_yield           L23-CB0 {'rot': 0.00729}
  t=   2.62  cb_yield           L24-CB0 {'rot': 0.00675}
  t=   2.62  cb_yield           L24-CB2 {'rot': 0.00704}
  t=   2.62  cb_yield           L29-CB1 {'rot': 0.00707}
  t=   3.50  cb_yield           L25-CB0 {'rot': 0.00698}
  t=   3.50  cb_yield           L25-CB2 {'rot': 0.00707}
  t=   3.62  cb_yield           L26-CB0 {'rot': 0.00723}
  t=   3.62  cb_yield           L26-CB2 {'rot': 0.00667}
  t=   4.00  cb_yield           L2-CB0 {'rot': 0.00658}
  t=   4.00  cb_yield           L2-CB1 {'rot': 0.0065}
  t=   4.00  cb_yield           L3-CB0 {'rot': 0.00795}
  t=   4.00  cb_yield           L3-CB2 {'rot': 0.00671}
  t=   4.12  cb_yield           L1-CB0 {'rot': 0.00644}
  t=   4.12  cb_yield           L1-CB1 {'rot': 0.00634}
  t=   4.12  cb_yield           L2-CB2 {'rot': 0.00788}
  t=   4.12  cb_yield           L2-CB3 {'rot': 0.00779}
  t=   4.25  cb_yield           L1-CB2 {'rot': 0.00672}
  t=   4.25  cb_yield           L1-CB3 {'rot': 0.00673}
  t=   8.38  cb_yield           L30-CB1 {'rot': 0.00664}
  t=   8.50  cb_yield           L30-CB3 {'rot': 0.00923}
  t=   8.50  cb_yield           L31-CB3 {'rot': 0.00839}
  t=   8.50  cb_yield           L32-CB3 {'rot': 0.00775}
  t=   8.63  cb_yield           L27-CB2 {'rot': 0.00853}
  t=   8.63  cb_yield           L28-CB2 {'rot': 0.00774}
  t=   8.63  cb_yield           L29-CB2 {'rot': 0.00691}
  t=   8.63  cb_yield           L33-CB3 {'rot': 0.0089}
  t=   8.75  cb_yield           L30-CB2 {'rot': 0.00674}
  t=   8.88  cb_yield           L31-CB2 {'rot': 0.00662}
  t=   9.00  cb_yield           L32-CB2 {'rot': 0.0077}
  t=   9.00  cb_yield           L33-CB2 {'rot': 0.00744}
  t=   9.25  cb_yield           L31-CB1 {'rot': 0.00841}
  t=   9.25  cb_yield           L32-CB1 {'rot': 0.0077}
  progress t=  10.0s  max corner drift so far=0.0068  wall clock=103s
  t=  10.38  cb_yield           L27-CB0 {'rot': 0.01043}
  t=  10.38  cb_yield           L28-CB0 {'rot': 0.00986}
  t=  10.38  cb_yield           L29-CB0 {'rot': 0.00926}
  t=  10.38  cb_yield           L30-CB0 {'rot': 0.00861}
  t=  10.38  cb_yield           L31-CB0 {'rot': 0.00798}
  t=  10.38  cb_yield           L32-CB0 {'rot': 0.00749}
  t=  10.38  cb_yield           L33-CB0 {'rot': 0.00725}
  t=  10.38  cb_yield           L33-CB1 {'rot': 0.01221}
  t=  10.63  cb_failure         L5-CB2 {'rot': 0.03051}
  t=  10.75  cb_failure         L3-CB2 {'rot': 0.03244}
  t=  10.75  cb_failure         L4-CB2 {'rot': 0.03447}
  t=  10.75  cb_failure         L4-CB3 {'rot': 0.03128}
  t=  10.75  cb_failure         L5-CB3 {'rot': 0.03101}
  t=  10.75  cb_failure         L6-CB2 {'rot': 0.03351}
  t=  10.75  cb_failure         L7-CB2 {'rot': 0.0315}
  t=  10.88  cb_failure         L2-CB2 {'rot': 0.03113}
  t=  10.88  cb_failure         L3-CB0 {'rot': 0.03306}
  t=  10.88  cb_failure         L3-CB3 {'rot': 0.03389}
  t=  10.88  cb_failure         L4-CB0 {'rot': 0.03451}
  t=  10.88  cb_failure         L4-CB1 {'rot': 0.03131}
  t=  10.88  cb_failure         L5-CB0 {'rot': 0.03405}
  t=  10.88  cb_failure         L5-CB1 {'rot': 0.03106}
  t=  10.88  cb_failure         L6-CB0 {'rot': 0.03216}
  t=  10.88  cb_failure         L6-CB3 {'rot': 0.03479}
  t=  10.88  cb_failure         L7-CB3 {'rot': 0.03239}
  t=  10.88  cb_failure         L8-CB2 {'rot': 0.03221}
  t=  11.00  cb_failure         L2-CB0 {'rot': 0.03187}
  t=  11.00  cb_failure         L2-CB3 {'rot': 0.0315}
  t=  11.00  cb_failure         L3-CB1 {'rot': 0.03389}
  t=  11.00  cb_failure         L6-CB1 {'rot': 0.03642}
  t=  11.00  cb_failure         L7-CB0 {'rot': 0.03479}
  t=  11.00  cb_failure         L7-CB1 {'rot': 0.03439}
  t=  11.00  cb_failure         L8-CB0 {'rot': 0.03193}
  t=  11.00  cb_failure         L8-CB1 {'rot': 0.03148}
  t=  11.00  cb_failure         L8-CB3 {'rot': 0.03465}
  t=  11.00  cb_failure         L9-CB2 {'rot': 0.03158}
  t=  11.00  cb_failure         L9-CB3 {'rot': 0.03119}
  t=  11.13  cb_failure         L9-CB0 {'rot': 0.03374}
  t=  11.13  cb_failure         L9-CB1 {'rot': 0.03536}
  t=  11.13  cb_failure         L10-CB0 {'rot': 0.03024}
  t=  11.13  cb_failure         L10-CB1 {'rot': 0.0322}
  t=  11.13  cb_failure         L10-CB2 {'rot': 0.03113}
  t=  11.13  cb_failure         L10-CB3 {'rot': 0.0325}
  t=  11.25  cb_failure         L11-CB0 {'rot': 0.03546}
  t=  11.25  cb_failure         L11-CB1 {'rot': 0.0386}
  t=  11.25  cb_failure         L11-CB2 {'rot': 0.03225}
  t=  11.25  cb_failure         L11-CB3 {'rot': 0.03562}
  t=  11.25  cb_failure         L12-CB0 {'rot': 0.03301}
  t=  11.25  cb_failure         L12-CB1 {'rot': 0.03628}
  t=  11.25  cb_failure         L12-CB3 {'rot': 0.03323}
  t=  11.25  cb_failure         L13-CB0 {'rot': 0.03019}
  t=  11.25  cb_failure         L13-CB1 {'rot': 0.03369}
  t=  11.25  cb_failure         L13-CB3 {'rot': 0.03059}
  t=  11.25  cb_failure         L14-CB1 {'rot': 0.03103}
  t=  11.38  cb_failure         L12-CB2 {'rot': 0.03427}
  t=  11.38  cb_failure         L13-CB2 {'rot': 0.03287}
  t=  11.38  cb_failure         L14-CB0 {'rot': 0.03836}
  t=  11.38  cb_failure         L14-CB2 {'rot': 0.03115}
  t=  11.38  cb_failure         L14-CB3 {'rot': 0.03842}
  t=  11.38  cb_failure         L15-CB0 {'rot': 0.03654}
  t=  11.38  cb_failure         L15-CB1 {'rot': 0.04321}
  t=  11.38  cb_failure         L15-CB3 {'rot': 0.0368}
  t=  11.38  cb_failure         L16-CB0 {'rot': 0.0346}
  t=  11.38  cb_failure         L16-CB1 {'rot': 0.04145}
  t=  11.38  cb_failure         L16-CB3 {'rot': 0.03507}
  t=  11.38  cb_failure         L17-CB0 {'rot': 0.03205}
  t=  11.38  cb_failure         L17-CB1 {'rot': 0.0392}
  t=  11.38  cb_failure         L17-CB3 {'rot': 0.03291}
  t=  11.38  cb_failure         L18-CB1 {'rot': 0.03695}
  t=  11.38  cb_failure         L18-CB3 {'rot': 0.03078}
  t=  11.38  cb_failure         L19-CB1 {'rot': 0.03478}
  t=  11.38  cb_failure         L20-CB1 {'rot': 0.03287}
  t=  11.38  cb_failure         L21-CB1 {'rot': 0.03116}
  t=  11.50  cb_failure         L15-CB2 {'rot': 0.03594}
  t=  11.50  cb_failure         L16-CB2 {'rot': 0.03518}
  t=  11.50  cb_failure         L17-CB2 {'rot': 0.0337}
  t=  11.50  cb_failure         L18-CB0 {'rot': 0.04172}
  t=  11.50  cb_failure         L18-CB2 {'rot': 0.03173}
  t=  11.50  cb_failure         L19-CB0 {'rot': 0.03873}
  t=  11.50  cb_failure         L19-CB3 {'rot': 0.03715}
  t=  11.50  cb_failure         L20-CB0 {'rot': 0.0353}
  t=  11.50  cb_failure         L20-CB3 {'rot': 0.03423}
  t=  11.50  cb_failure         L21-CB0 {'rot': 0.03116}
  t=  11.50  cb_failure         L21-CB3 {'rot': 0.03083}
  t=  11.50  cb_failure         L22-CB1 {'rot': 0.03444}
  t=  11.63  cb_failure         L19-CB2 {'rot': 0.0361}
  t=  11.63  cb_failure         L20-CB2 {'rot': 0.03237}
  t=  11.63  cb_failure         L22-CB0 {'rot': 0.03209}
  t=  11.63  cb_failure         L23-CB1 {'rot': 0.03231}
  t=  11.88  cb_failure         L23-CB0 {'rot': 0.03125}
  t=  11.88  cb_failure         L24-CB1 {'rot': 0.03093}
  t=  14.63  cb_failure         L22-CB3 {'rot': 0.03902}
  t=  14.63  cb_failure         L23-CB3 {'rot': 0.03818}
  t=  14.63  cb_failure         L24-CB3 {'rot': 0.03711}
  t=  14.63  cb_failure         L25-CB3 {'rot': 0.03594}
  t=  14.63  cb_failure         L26-CB3 {'rot': 0.03465}
  t=  14.63  cb_failure         L27-CB3 {'rot': 0.03332}
  t=  14.63  cb_failure         L28-CB3 {'rot': 0.03217}
  t=  14.63  cb_failure         L29-CB3 {'rot': 0.03089}
  t=  14.75  cb_failure         L21-CB2 {'rot': 0.0308}
  t=  14.75  cb_failure         L22-CB2 {'rot': 0.03084}
  t=  14.75  cb_failure         L25-CB1 {'rot': 0.03365}
  t=  14.75  cb_failure         L26-CB1 {'rot': 0.03197}
  t=  14.75  cb_failure         L30-CB3 {'rot': 0.04102}
  t=  14.75  cb_failure         L31-CB3 {'rot': 0.03921}
  t=  14.75  cb_failure         L32-CB3 {'rot': 0.03793}
  t=  14.75  cb_failure         L33-CB3 {'rot': 0.03545}
  t=  14.88  cb_failure         L23-CB2 {'rot': 0.0336}
  t=  14.88  cb_failure         L24-CB2 {'rot': 0.0333}
  t=  14.88  cb_failure         L25-CB2 {'rot': 0.03258}
  t=  14.88  cb_failure         L26-CB2 {'rot': 0.03139}
  t=  14.88  cb_failure         L27-CB1 {'rot': 0.04142}
  t=  14.88  cb_failure         L28-CB1 {'rot': 0.03976}
  t=  14.88  cb_failure         L29-CB1 {'rot': 0.03767}
  t=  14.88  cb_failure         L30-CB1 {'rot': 0.0354}
  t=  14.88  cb_failure         L31-CB1 {'rot': 0.03344}
  t=  14.88  cb_failure         L32-CB1 {'rot': 0.03211}
  t=  14.88  cb_failure         L33-CB1 {'rot': 0.03102}
  t= 15.425  solver fallback: Newton
  t=  15.63  cb_failure         L1-CB1 {'rot': 0.03091}
  t=  15.63  cb_failure         L2-CB1 {'rot': 0.0364}
  t=  16.18  wall_axial_failure S1-F {'gamma': 0.00041, 'eps': -0.00619, 'cause': 'crushing'}
  t=  16.25  cb_failure         L1-CB3 {'rot': 0.03014}
  t=  18.25  cb_failure         L24-CB0 {'rot': 0.03202}
  t=  18.38  cb_failure         L25-CB0 {'rot': 0.03239}
  progress t=  20.0s  max corner drift so far=0.0299  wall clock=239s
  t=  21.12  cb_failure         L26-CB0 {'rot': 0.03901}
  t=  21.12  cb_failure         L27-CB0 {'rot': 0.03695}
  t=  21.12  cb_failure         L28-CB0 {'rot': 0.03497}
  t=  21.12  cb_failure         L29-CB0 {'rot': 0.03293}
  t=  21.12  cb_failure         L30-CB0 {'rot': 0.03069}
  t=  21.25  cb_failure         L27-CB2 {'rot': 0.03372}
  t=  21.25  cb_failure         L28-CB2 {'rot': 0.03312}
  t=  21.25  cb_failure         L29-CB2 {'rot': 0.03237}
  t=  21.25  cb_failure         L30-CB2 {'rot': 0.03134}
  t=  21.25  cb_failure         L31-CB0 {'rot': 0.04454}
  t=  21.25  cb_failure         L32-CB0 {'rot': 0.04344}
  t=  21.25  cb_failure         L33-CB0 {'rot': 0.04301}
  t=  21.50  cb_failure         L31-CB2 {'rot': 0.03164}
  t=  21.50  cb_failure         L32-CB2 {'rot': 0.03065}
