  t=   2.12  cb_yield           L7-CB1 {'rot': 0.00611}
  t=   2.12  cb_yield           L7-CB3 {'rot': 0.0062}
  t=   2.12  cb_yield           L8-CB1 {'rot': 0.00619}
  t=   2.12  cb_yield           L8-CB3 {'rot': 0.00629}
  t=   2.12  cb_yield           L9-CB1 {'rot': 0.00619}
  t=   2.12  cb_yield           L9-CB3 {'rot': 0.00631}
  t=   2.12  cb_yield           L10-CB1 {'rot': 0.00613}
  t=   2.12  cb_yield           L10-CB3 {'rot': 0.00625}
  t=   2.12  cb_yield           L11-CB3 {'rot': 0.00615}
  t=   2.25  cb_yield           L11-CB1 {'rot': 0.00637}
  t=   2.25  cb_yield           L12-CB1 {'rot': 0.00635}
  t=   2.25  cb_yield           L12-CB3 {'rot': 0.0065}
  t=   2.25  cb_yield           L13-CB1 {'rot': 0.00627}
  t=   2.25  cb_yield           L13-CB3 {'rot': 0.00644}
  t=   2.25  cb_yield           L14-CB1 {'rot': 0.00614}
  t=   2.25  cb_yield           L14-CB3 {'rot': 0.00632}
  t=   2.25  cb_yield           L15-CB3 {'rot': 0.00617}
  t=   2.37  cb_yield           L15-CB1 {'rot': 0.00622}
  t=   2.37  cb_yield           L16-CB1 {'rot': 0.0062}
  t=   2.37  cb_yield           L16-CB3 {'rot': 0.00642}
  t=   2.50  cb_yield           L17-CB1 {'rot': 0.00681}
  t=   2.50  cb_yield           L17-CB3 {'rot': 0.00706}
  t=   2.50  cb_yield           L18-CB1 {'rot': 0.00699}
  t=   2.50  cb_yield           L18-CB3 {'rot': 0.00725}
  t=   2.50  cb_yield           L19-CB1 {'rot': 0.00709}
  t=   2.50  cb_yield           L19-CB3 {'rot': 0.00738}
  t=   2.50  cb_yield           L20-CB1 {'rot': 0.00714}
  t=   2.50  cb_yield           L20-CB3 {'rot': 0.00744}
  t=   2.50  cb_yield           L21-CB1 {'rot': 0.00711}
  t=   2.50  cb_yield           L21-CB3 {'rot': 0.00744}
  t=   2.50  cb_yield           L22-CB1 {'rot': 0.00701}
  t=   2.50  cb_yield           L22-CB3 {'rot': 0.00735}
  t=   2.50  cb_yield           L23-CB1 {'rot': 0.00685}
  t=   2.50  cb_yield           L23-CB3 {'rot': 0.00719}
  t=   2.50  cb_yield           L24-CB1 {'rot': 0.00661}
  t=   2.50  cb_yield           L24-CB3 {'rot': 0.00696}
  t=   2.50  cb_yield           L25-CB3 {'rot': 0.00666}
  t=   2.62  cb_yield           L25-CB1 {'rot': 0.0072}
  t=   2.62  cb_yield           L26-CB1 {'rot': 0.00678}
  t=   2.62  cb_yield           L26-CB3 {'rot': 0.007}
  t=   4.00  cb_yield           L3-CB0 {'rot': 0.00633}
  t=   4.00  cb_yield           L3-CB1 {'rot': 0.00615}
  t=   4.00  cb_yield           L4-CB0 {'rot': 0.00708}
  t=   4.00  cb_yield           L4-CB1 {'rot': 0.0069}
  t=   4.00  cb_yield           L5-CB0 {'rot': 0.00757}
  t=   4.00  cb_yield           L5-CB1 {'rot': 0.00739}
  t=   4.00  cb_yield           L5-CB2 {'rot': 0.00624}
  t=   4.00  cb_yield           L6-CB0 {'rot': 0.00784}
  t=   4.00  cb_yield           L6-CB1 {'rot': 0.00766}
  t=   4.00  cb_yield           L6-CB2 {'rot': 0.00636}
  t=   4.00  cb_yield           L6-CB3 {'rot': 0.00616}
  t=   4.00  cb_yield           L7-CB0 {'rot': 0.00796}
  t=   4.00  cb_yield           L7-CB2 {'rot': 0.00634}
  t=   4.00  cb_yield           L8-CB0 {'rot': 0.00793}
  t=   4.00  cb_yield           L8-CB2 {'rot': 0.00619}
  t=   4.00  cb_yield           L9-CB0 {'rot': 0.00781}
  t=   4.00  cb_yield           L10-CB0 {'rot': 0.00761}
  t=   4.00  cb_yield           L11-CB0 {'rot': 0.00734}
  t=   4.00  cb_yield           L12-CB0 {'rot': 0.00705}
  t=   4.00  cb_yield           L13-CB0 {'rot': 0.0067}
  t=   4.00  cb_yield           L14-CB0 {'rot': 0.00631}
  t=   4.12  cb_yield           L2-CB0 {'rot': 0.00685}
  t=   4.12  cb_yield           L2-CB1 {'rot': 0.00663}
  t=   4.12  cb_yield           L3-CB2 {'rot': 0.00712}
  t=   4.12  cb_yield           L3-CB3 {'rot': 0.00689}
  t=   4.12  cb_yield           L4-CB2 {'rot': 0.00783}
  t=   4.12  cb_yield           L4-CB3 {'rot': 0.00758}
  t=   4.12  cb_yield           L5-CB3 {'rot': 0.00792}
  t=   4.12  cb_yield           L9-CB2 {'rot': 0.0071}
  t=   4.12  cb_yield           L10-CB2 {'rot': 0.00648}
  t=   4.25  cb_yield           L2-CB2 {'rot': 0.00678}
  t=   4.25  cb_yield           L2-CB3 {'rot': 0.00657}
  t=   8.38  cb_yield           L11-CB2 {'rot': 0.00688}
  t=   8.38  cb_yield           L12-CB2 {'rot': 0.00672}
  t=   8.38  cb_yield           L13-CB2 {'rot': 0.00659}
  t=   8.38  cb_yield           L14-CB2 {'rot': 0.00646}
  t=   8.38  cb_yield           L15-CB2 {'rot': 0.00637}
  t=   8.38  cb_yield           L16-CB2 {'rot': 0.0063}
  t=   8.38  cb_yield           L27-CB1 {'rot': 0.00675}
  t=   8.50  cb_yield           L17-CB2 {'rot': 0.00796}
  t=   8.50  cb_yield           L18-CB2 {'rot': 0.00777}
  t=   8.50  cb_yield           L19-CB2 {'rot': 0.00759}
  t=   8.50  cb_yield           L20-CB2 {'rot': 0.00742}
  t=   8.50  cb_yield           L21-CB2 {'rot': 0.00725}
  t=   8.50  cb_yield           L22-CB2 {'rot': 0.00705}
  t=   8.50  cb_yield           L23-CB2 {'rot': 0.00682}
  t=   8.50  cb_yield           L27-CB3 {'rot': 0.00768}
  t=   8.50  cb_yield           L28-CB3 {'rot': 0.00721}
  t=   8.50  cb_yield           L29-CB3 {'rot': 0.00667}
  t=   8.63  cb_yield           L15-CB0 {'rot': 0.00629}
  t=   8.63  cb_yield           L24-CB2 {'rot': 0.00784}
  t=   8.63  cb_yield           L25-CB2 {'rot': 0.00728}
  t=   8.63  cb_yield           L26-CB2 {'rot': 0.00671}
  t=   8.63  cb_yield           L30-CB3 {'rot': 0.00685}
  t=   8.75  cb_yield           L16-CB0 {'rot': 0.00703}
  t=   9.00  cb_yield           L27-CB2 {'rot': 0.00733}
  t=   9.00  cb_yield           L28-CB2 {'rot': 0.00688}
  t=   9.00  cb_yield           L31-CB3 {'rot': 0.00804}
  t=   9.00  cb_yield           L32-CB3 {'rot': 0.00773}
  t=   9.00  cb_yield           L33-CB3 {'rot': 0.00756}
  progress t=  10.0s  max corner drift so far=0.0049  wall clock=106s
  t=  10.25  cb_yield           L17-CB0 {'rot': 0.00719}
  t=  10.25  cb_yield           L18-CB0 {'rot': 0.00694}
  t=  10.25  cb_yield           L19-CB0 {'rot': 0.00666}
  t=  10.38  cb_yield           L1-CB2 {'rot': 0.00789}
  t=  10.38  cb_yield           L1-CB3 {'rot': 0.00761}
  t=  10.38  cb_yield           L20-CB0 {'rot': 0.00864}
  t=  10.38  cb_yield           L21-CB0 {'rot': 0.00866}
  t=  10.38  cb_yield           L22-CB0 {'rot': 0.00861}
  t=  10.38  cb_yield           L23-CB0 {'rot': 0.0085}
  t=  10.38  cb_yield           L24-CB0 {'rot': 0.00834}
  t=  10.38  cb_yield           L25-CB0 {'rot': 0.00814}
  t=  10.38  cb_yield           L26-CB0 {'rot': 0.00791}
  t=  10.38  cb_yield           L27-CB0 {'rot': 0.00765}
  t=  10.38  cb_yield           L28-CB0 {'rot': 0.00737}
  t=  10.38  cb_yield           L28-CB1 {'rot': 0.0097}
  t=  10.38  cb_yield           L29-CB0 {'rot': 0.00706}
  t=  10.38  cb_yield           L29-CB1 {'rot': 0.00942}
  t=  10.38  cb_yield           L30-CB0 {'rot': 0.0067}
  t=  10.38  cb_yield           L30-CB1 {'rot': 0.00909}
  t=  10.38  cb_yield           L31-CB1 {'rot': 0.00873}
  t=  10.38  cb_yield           L32-CB1 {'rot': 0.00841}
  t=  10.38  cb_yield           L33-CB1 {'rot': 0.00822}
  t=  10.50  cb_yield           L1-CB0 {'rot': 0.0063}
  t=  10.50  cb_yield           L31-CB0 {'rot': 0.00855}
  t=  10.50  cb_yield           L32-CB0 {'rot': 0.00804}
  t=  10.50  cb_yield           L33-CB0 {'rot': 0.00776}
  t=  10.63  cb_yield           L1-CB1 {'rot': 0.00655}
  t=  11.38  cb_failure         L13-CB1 {'rot': 0.03041}
  t=  11.38  cb_failure         L14-CB1 {'rot': 0.03088}
  t=  11.38  cb_failure         L15-CB1 {'rot': 0.03113}
  t=  11.38  cb_failure         L16-CB1 {'rot': 0.03117}
  t=  11.38  cb_failure         L17-CB1 {'rot': 0.03094}
  t=  11.50  cb_failure         L11-CB1 {'rot': 0.0318}
  t=  11.50  cb_failure         L12-CB0 {'rot': 0.03068}
  t=  11.50  cb_failure         L12-CB1 {'rot': 0.03356}
  t=  11.50  cb_failure         L13-CB0 {'rot': 0.03213}
  t=  11.50  cb_failure         L14-CB0 {'rot': 0.03319}
  t=  11.50  cb_failure         L15-CB0 {'rot': 0.03392}
  t=  11.50  cb_failure         L16-CB0 {'rot': 0.03431}
  t=  11.50  cb_failure         L16-CB3 {'rot': 0.03026}
  t=  11.50  cb_failure         L17-CB0 {'rot': 0.03438}
  t=  11.50  cb_failure         L18-CB0 {'rot': 0.03399}
  t=  11.50  cb_failure         L18-CB1 {'rot': 0.03705}
  t=  11.50  cb_failure         L19-CB0 {'rot': 0.03305}
  t=  11.50  cb_failure         L19-CB1 {'rot': 0.03617}
  t=  11.50  cb_failure         L20-CB0 {'rot': 0.03161}
  t=  11.50  cb_failure         L20-CB1 {'rot': 0.03476}
  t=  11.50  cb_failure         L21-CB1 {'rot': 0.03261}
  t=  11.63  cb_failure         L14-CB3 {'rot': 0.03051}
  t=  11.63  cb_failure         L15-CB3 {'rot': 0.03151}
  t=  11.63  cb_failure         L17-CB3 {'rot': 0.03208}
  t=  11.63  cb_failure         L18-CB3 {'rot': 0.03158}
  t=  11.63  cb_failure         L21-CB0 {'rot': 0.03138}
  t=  12.63  cb_yield           L29-CB2 {'rot': 0.007}
  t=  12.75  cb_yield           L30-CB2 {'rot': 0.00893}
  t=  12.75  cb_yield           L31-CB2 {'rot': 0.00781}
  t=  12.75  cb_yield           L32-CB2 {'rot': 0.00686}
  t=  12.88  cb_yield           L33-CB2 {'rot': 0.00712}
  t=  14.75  cb_failure         L19-CB3 {'rot': 0.0311}
  t=  14.75  cb_failure         L20-CB3 {'rot': 0.03111}
  t=  14.75  cb_failure         L21-CB3 {'rot': 0.03092}
  t=  14.88  cb_failure         L11-CB3 {'rot': 0.03069}
  t=  14.88  cb_failure         L12-CB3 {'rot': 0.03133}
  t=  14.88  cb_failure         L13-CB3 {'rot': 0.03162}
  t=  15.00  cb_failure         L10-CB3 {'rot': 0.03029}
  t=  17.25  cb_failure         L9-CB2 {'rot': 0.03061}
  t=  17.25  cb_failure         L9-CB3 {'rot': 0.03122}
  t=  17.25  cb_failure         L10-CB2 {'rot': 0.03141}
  t=  17.25  cb_failure         L11-CB2 {'rot': 0.03199}
  t=  17.25  cb_failure         L12-CB2 {'rot': 0.03244}
  t=  17.25  cb_failure         L13-CB2 {'rot': 0.03267}
  t=  17.25  cb_failure         L14-CB2 {'rot': 0.03256}
  t=  17.25  cb_failure         L15-CB2 {'rot': 0.03221}
  t=  17.25  cb_failure         L16-CB2 {'rot': 0.03168}
  t=  17.25  cb_failure         L17-CB2 {'rot': 0.03069}
  t=  17.38  cb_failure         L7-CB2 {'rot': 0.03026}
  t=  17.38  cb_failure         L7-CB3 {'rot': 0.03073}
  t=  17.38  cb_failure         L8-CB0 {'rot': 0.03055}
  t=  17.38  cb_failure         L8-CB1 {'rot': 0.03068}
  t=  17.38  cb_failure         L8-CB2 {'rot': 0.03216}
  t=  17.38  cb_failure         L8-CB3 {'rot': 0.03278}
  t=  17.38  cb_failure         L9-CB0 {'rot': 0.03096}
  t=  17.38  cb_failure         L9-CB1 {'rot': 0.0318}
  t=  17.38  cb_failure         L10-CB0 {'rot': 0.03135}
  t=  17.38  cb_failure         L10-CB1 {'rot': 0.03257}
  t=  17.38  cb_failure         L11-CB0 {'rot': 0.0316}
  t=  17.38  cb_failure         L18-CB2 {'rot': 0.03378}
  t=  17.38  cb_failure         L19-CB2 {'rot': 0.03209}
  t=  17.50  cb_failure         L20-CB2 {'rot': 0.03155}
  t=  17.63  cb_failure         L7-CB0 {'rot': 0.03055}
  t=  17.63  cb_failure         L7-CB1 {'rot': 0.03122}
  t=  17.75  cb_failure         L22-CB0 {'rot': 0.03185}
  t=  17.75  cb_failure         L22-CB1 {'rot': 0.03238}
  t=  17.88  cb_failure         L5-CB0 {'rot': 0.03052}
  t=  17.88  cb_failure         L6-CB0 {'rot': 0.03398}
  t=  17.88  cb_failure         L6-CB1 {'rot': 0.03366}
  t=  17.88  cb_failure         L23-CB1 {'rot': 0.03104}
  t=  18.00  cb_failure         L4-CB1 {'rot': 0.03014}
  t=  18.00  cb_failure         L5-CB1 {'rot': 0.03412}
  t=  18.13  cb_failure         L4-CB0 {'rot': 0.03253}
  t=  18.25  cb_failure         L3-CB1 {'rot': 0.03232}
  t=  18.63  cb_failure         L2-CB1 {'rot': 0.03073}
  progress t=  20.0s  max corner drift so far=0.0196  wall clock=235s
  t=  20.25  cb_failure         L6-CB3 {'rot': 0.03011}
  t=  20.37  cb_failure         L5-CB3 {'rot': 0.03146}
  t=  20.50  cb_failure         L24-CB1 {'rot': 0.03193}
  t=  20.62  cb_failure         L25-CB1 {'rot': 0.03259}
  t=  20.75  cb_failure         L23-CB0 {'rot': 0.03189}
  t=  20.75  cb_failure         L26-CB1 {'rot': 0.03128}
  t=  20.87  cb_failure         L24-CB0 {'rot': 0.03464}
  t=  21.00  cb_failure         L25-CB0 {'rot': 0.03681}
  t=  21.00  cb_failure         L26-CB0 {'rot': 0.03278}
  t=  21.00  cb_failure         L27-CB1 {'rot': 0.03276}
  t=  21.12  cb_failure         L27-CB0 {'rot': 0.03369}
  t=  21.12  cb_failure         L28-CB0 {'rot': 0.03079}
  t=  21.12  cb_failure         L28-CB1 {'rot': 0.03309}
  t=  21.25  cb_failure         L3-CB0 {'rot': 0.0319}
  t=  21.25  cb_failure         L29-CB0 {'rot': 0.03256}
  t=  21.25  cb_failure         L29-CB1 {'rot': 0.03555}
  t=  21.25  cb_failure         L30-CB1 {'rot': 0.03353}
  t=  21.25  cb_failure         L31-CB1 {'rot': 0.03183}
  t=  21.25  cb_failure         L32-CB1 {'rot': 0.03068}
  t=  21.37  cb_failure         L30-CB0 {'rot': 0.03161}
  t=  21.37  cb_failure         L33-CB1 {'rot': 0.03207}
  t=  21.50  cb_failure         L2-CB0 {'rot': 0.03133}
  t=  23.87  cb_failure         L22-CB3 {'rot': 0.03063}
  t=  24.00  cb_failure         L21-CB2 {'rot': 0.03322}
  t=  24.50  cb_failure         L5-CB2 {'rot': 0.03083}
  t=  24.50  cb_failure         L6-CB2 {'rot': 0.03263}
  t=  26.75  cb_failure         L23-CB3 {'rot': 0.03168}
  t=  26.75  cb_failure         L24-CB3 {'rot': 0.03089}
  t=  26.87  cb_failure         L25-CB3 {'rot': 0.03852}
  t=  26.87  cb_failure         L26-CB3 {'rot': 0.03769}
  t=  26.87  cb_failure         L27-CB3 {'rot': 0.03642}
  t=  26.87  cb_failure         L28-CB3 {'rot': 0.03509}
  t=  26.87  cb_failure         L29-CB3 {'rot': 0.03355}
  t=  26.87  cb_failure         L30-CB3 {'rot': 0.03175}
  t=  27.00  cb_failure         L22-CB2 {'rot': 0.03158}
  t=  27.00  cb_failure         L23-CB2 {'rot': 0.03208}
  t=  27.00  cb_failure         L24-CB2 {'rot': 0.03225}
  t=  27.00  cb_failure         L25-CB2 {'rot': 0.03218}
  t=  27.00  cb_failure         L26-CB2 {'rot': 0.03189}
  t=  27.00  cb_failure         L27-CB2 {'rot': 0.03132}
  t=  27.00  cb_failure         L28-CB2 {'rot': 0.03066}
  t=  27.00  cb_failure         L31-CB3 {'rot': 0.0363}
  t=  27.00  cb_failure         L32-CB3 {'rot': 0.03522}
  t=  27.00  cb_failure         L33-CB3 {'rot': 0.03439}
  t=  28.25  cb_failure         L31-CB0 {'rot': 0.03189}
  t=  28.25  cb_failure         L32-CB0 {'rot': 0.03107}
  t=  28.25  cb_failure         L33-CB0 {'rot': 0.03079}
  progress t=  30.0s  max corner drift so far=0.0206  wall clock=368s
  progress t=  40.0s  max corner drift so far=0.0206  wall clock=508s
  t=  40.50  cb_failure         L4-CB2 {'rot': 0.03016}
  t=  40.62  cb_failure         L4-CB3 {'rot': 0.03065}
  t=  46.25  cb_failure         L3-CB2 {'rot': 0.03062}
  t=  48.75  cb_failure         L3-CB3 {'rot': 0.03169}
  t=  48.87  cb_failure         L2-CB3 {'rot': 0.03168}
  t=  49.00  cb_failure         L2-CB2 {'rot': 0.03497}
  t=  49.12  cb_failure         L1-CB0 {'rot': 0.03026}
  t=  49.12  cb_failure         L1-CB1 {'rot': 0.03064}
  t=  49.75  cb_failure         L29-CB2 {'rot': 0.03468}
  t=  49.75  cb_failure         L30-CB2 {'rot': 0.03196}
  t=  49.87  cb_failure         L31-CB2 {'rot': 0.0332}
  t=  49.87  cb_failure         L32-CB2 {'rot': 0.03192}
  t=  49.87  cb_failure         L33-CB2 {'rot': 0.03149}
  progress t=  50.0s  max corner drift so far=0.0206  wall clock=635s
  progress t=  60.0s  max corner drift so far=0.0206  wall clock=789s
  progress t=  70.0s  max corner drift so far=0.0206  wall clock=919s
  progress t=  80.0s  max corner drift so far=0.0206  wall clock=1025s
  progress t=  90.0s  max corner drift so far=0.0206  wall clock=1128s
  progress t= 100.0s  max corner drift so far=0.0206  wall clock=1239s
