  t=   4.00  cb_yield           L5-CB0 {'rot': 0.00633}
  t=   4.00  cb_yield           L5-CB1 {'rot': 0.00612}
  t=   4.00  cb_yield           L6-CB0 {'rot': 0.00653}
  t=   4.00  cb_yield           L6-CB1 {'rot': 0.00631}
  t=   4.00  cb_yield           L7-CB0 {'rot': 0.00659}
  t=   4.00  cb_yield           L7-CB1 {'rot': 0.00635}
  t=   4.00  cb_yield           L8-CB0 {'rot': 0.00654}
  t=   4.00  cb_yield           L8-CB1 {'rot': 0.00628}
  t=   4.00  cb_yield           L9-CB0 {'rot': 0.0064}
  t=   4.00  cb_yield           L9-CB1 {'rot': 0.00612}
  t=   4.00  cb_yield           L10-CB0 {'rot': 0.0062}
  t=   4.12  cb_yield           L3-CB0 {'rot': 0.00633}
  t=   4.12  cb_yield           L4-CB0 {'rot': 0.00702}
  t=   4.12  cb_yield           L4-CB1 {'rot': 0.00676}
  t=   4.12  cb_yield           L5-CB2 {'rot': 0.00623}
  t=   4.12  cb_yield           L6-CB2 {'rot': 0.00623}
  t=   4.12  cb_yield           L10-CB1 {'rot': 0.00623}
  t=   4.12  cb_yield           L11-CB0 {'rot': 0.00622}
  t=   8.38  cb_yield           L8-CB3 {'rot': 0.00628}
  t=   8.38  cb_yield           L9-CB3 {'rot': 0.00638}
  t=   8.38  cb_yield           L10-CB3 {'rot': 0.00643}
  t=   8.38  cb_yield           L11-CB3 {'rot': 0.00643}
  t=   8.38  cb_yield           L12-CB3 {'rot': 0.00641}
  t=   8.38  cb_yield           L13-CB3 {'rot': 0.00637}
  t=   8.38  cb_yield           L14-CB3 {'rot': 0.0063}
  t=   8.38  cb_yield           L15-CB3 {'rot': 0.00622}
  t=   8.38  cb_yield           L16-CB3 {'rot': 0.00613}
  t=   8.50  cb_yield           L5-CB3 {'rot': 0.00677}
  t=   8.50  cb_yield           L6-CB3 {'rot': 0.0073}
  t=   8.50  cb_yield           L7-CB2 {'rot': 0.00675}
  t=   8.50  cb_yield           L7-CB3 {'rot': 0.00769}
  t=   8.50  cb_yield           L8-CB2 {'rot': 0.0069}
  t=   8.50  cb_yield           L9-CB2 {'rot': 0.00695}
  t=   8.50  cb_yield           L10-CB2 {'rot': 0.00692}
  t=   8.50  cb_yield           L11-CB2 {'rot': 0.00683}
  t=   8.50  cb_yield           L12-CB2 {'rot': 0.00669}
  t=   8.50  cb_yield           L13-CB2 {'rot': 0.00651}
  t=   8.50  cb_yield           L14-CB2 {'rot': 0.00629}
  t=   8.50  cb_yield           L17-CB3 {'rot': 0.00734}
  t=   8.50  cb_yield           L18-CB3 {'rot': 0.0071}
  t=   8.50  cb_yield           L19-CB3 {'rot': 0.00685}
  t=   8.63  cb_yield           L4-CB2 {'rot': 0.00617}
  t=   8.63  cb_yield           L4-CB3 {'rot': 0.00675}
  t=   8.63  cb_yield           L11-CB1 {'rot': 0.00632}
  t=   8.63  cb_yield           L15-CB2 {'rot': 0.00752}
  t=   8.63  cb_yield           L16-CB2 {'rot': 0.00727}
  t=   8.63  cb_yield           L17-CB2 {'rot': 0.00692}
  t=   8.63  cb_yield           L20-CB3 {'rot': 0.00779}
  t=   8.63  cb_yield           L21-CB3 {'rot': 0.00739}
  t=   8.63  cb_yield           L22-CB3 {'rot': 0.00697}
  t=   8.75  cb_yield           L12-CB1 {'rot': 0.00689}
  t=   8.75  cb_yield           L13-CB1 {'rot': 0.00654}
  t=   8.75  cb_yield           L14-CB1 {'rot': 0.00611}
  t=   8.75  cb_yield           L18-CB2 {'rot': 0.00733}
  t=   8.75  cb_yield           L19-CB2 {'rot': 0.0069}
  t=   8.75  cb_yield           L23-CB3 {'rot': 0.00722}
  t=   8.75  cb_yield           L24-CB3 {'rot': 0.00676}
  t=   8.88  cb_yield           L20-CB2 {'rot': 0.00662}
  t=   8.88  cb_yield           L25-CB3 {'rot': 0.00684}
  t=   9.00  cb_yield           L26-CB3 {'rot': 0.00699}
  t=   9.00  cb_yield           L27-CB3 {'rot': 0.00667}
  progress t=  10.0s  max corner drift so far=0.0031  wall clock=105s
  t=  10.38  cb_yield           L2-CB2 {'rot': 0.00687}
  t=  10.38  cb_yield           L2-CB3 {'rot': 0.00674}
  t=  10.38  cb_yield           L3-CB2 {'rot': 0.0079}
  t=  10.38  cb_yield           L3-CB3 {'rot': 0.00769}
  t=  10.38  cb_yield           L20-CB1 {'rot': 0.00691}
  t=  10.38  cb_yield           L21-CB1 {'rot': 0.00717}
  t=  10.38  cb_yield           L22-CB1 {'rot': 0.00733}
  t=  10.38  cb_yield           L23-CB1 {'rot': 0.0074}
  t=  10.38  cb_yield           L24-CB1 {'rot': 0.0074}
  t=  10.38  cb_yield           L25-CB1 {'rot': 0.00732}
  t=  10.38  cb_yield           L26-CB1 {'rot': 0.00719}
  t=  10.38  cb_yield           L27-CB1 {'rot': 0.00702}
  t=  10.38  cb_yield           L28-CB1 {'rot': 0.00681}
  t=  10.50  cb_yield           L2-CB0 {'rot': 0.00677}
  t=  10.50  cb_yield           L2-CB1 {'rot': 0.00651}
  t=  10.50  cb_yield           L3-CB1 {'rot': 0.00754}
  t=  10.50  cb_yield           L19-CB1 {'rot': 0.00715}
  t=  10.50  cb_yield           L21-CB0 {'rot': 0.00681}
  t=  10.50  cb_yield           L22-CB0 {'rot': 0.00722}
  t=  10.50  cb_yield           L23-CB0 {'rot': 0.00745}
  t=  10.50  cb_yield           L24-CB0 {'rot': 0.0075}
  t=  10.50  cb_yield           L25-CB0 {'rot': 0.0074}
  t=  10.50  cb_yield           L26-CB0 {'rot': 0.00716}
  t=  10.50  cb_yield           L27-CB0 {'rot': 0.00681}
  t=  10.50  cb_yield           L29-CB1 {'rot': 0.00838}
  t=  10.50  cb_yield           L30-CB1 {'rot': 0.00787}
  t=  10.50  cb_yield           L31-CB1 {'rot': 0.00738}
  t=  10.50  cb_yield           L32-CB1 {'rot': 0.00698}
  t=  10.63  cb_yield           L1-CB0 {'rot': 0.00744}
  t=  10.63  cb_yield           L1-CB1 {'rot': 0.00711}
  t=  10.63  cb_yield           L1-CB2 {'rot': 0.00729}
  t=  10.63  cb_yield           L1-CB3 {'rot': 0.00732}
  t=  10.75  cb_yield           L12-CB0 {'rot': 0.00746}
  t=  10.75  cb_yield           L13-CB0 {'rot': 0.00617}
  t=  10.88  cb_yield           L14-CB0 {'rot': 0.00781}
  t=  10.88  cb_yield           L15-CB0 {'rot': 0.00677}
  t=  10.88  cb_yield           L15-CB1 {'rot': 0.00648}
  t=  11.00  cb_yield           L16-CB0 {'rot': 0.00944}
  t=  11.00  cb_yield           L16-CB1 {'rot': 0.01004}
  t=  11.00  cb_yield           L17-CB0 {'rot': 0.00866}
  t=  11.00  cb_yield           L17-CB1 {'rot': 0.00924}
  t=  11.00  cb_yield           L18-CB0 {'rot': 0.00797}
  t=  11.00  cb_yield           L18-CB1 {'rot': 0.0085}
  t=  11.00  cb_yield           L19-CB0 {'rot': 0.00735}
  t=  11.00  cb_yield           L20-CB0 {'rot': 0.00686}
  t=  11.25  cb_yield           L21-CB2 {'rot': 0.00742}
  t=  11.25  cb_yield           L22-CB2 {'rot': 0.00683}
  t=  11.25  cb_yield           L28-CB0 {'rot': 0.00675}
  t=  11.50  cb_yield           L29-CB0 {'rot': 0.00688}
  t=  11.50  cb_yield           L33-CB1 {'rot': 0.00692}
  t=  11.63  cb_yield           L23-CB2 {'rot': 0.00688}
  t=  12.75  cb_yield           L28-CB3 {'rot': 0.00739}
  t=  12.75  cb_yield           L29-CB3 {'rot': 0.00695}
  t=  14.00  cb_yield           L30-CB3 {'rot': 0.00836}
  t=  14.00  cb_yield           L31-CB3 {'rot': 0.00786}
  t=  14.00  cb_yield           L32-CB3 {'rot': 0.00744}
  t=  17.13  cb_yield           L24-CB2 {'rot': 0.00722}
  t=  17.13  cb_yield           L25-CB2 {'rot': 0.0066}
  t=  19.12  cb_yield           L33-CB3 {'rot': 0.0076}
  progress t=  20.0s  max corner drift so far=0.0078  wall clock=218s
  t=  20.12  cb_yield           L30-CB0 {'rot': 0.00739}
  t=  20.37  cb_failure         L8-CB1 {'rot': 0.0304}
  t=  20.37  cb_failure         L9-CB1 {'rot': 0.03112}
  t=  20.37  cb_failure         L10-CB1 {'rot': 0.03151}
  t=  20.37  cb_failure         L11-CB1 {'rot': 0.03163}
  t=  20.37  cb_failure         L12-CB1 {'rot': 0.0315}
  t=  20.37  cb_failure         L13-CB1 {'rot': 0.03113}
  t=  20.37  cb_failure         L14-CB1 {'rot': 0.03054}
  t=  20.50  cb_failure         L15-CB1 {'rot': 0.03156}
  t=  20.50  cb_failure         L16-CB1 {'rot': 0.03052}
  t=  20.75  cb_yield           L31-CB0 {'rot': 0.00743}
  t=  20.75  cb_yield           L32-CB0 {'rot': 0.00697}
  t=  20.75  cb_yield           L33-CB0 {'rot': 0.00676}
  t=  22.75  cb_failure         L7-CB1 {'rot': 0.03013}
  t=  25.37  cb_yield           L26-CB2 {'rot': 0.00825}
  t=  25.37  cb_yield           L27-CB2 {'rot': 0.00723}
  t=  25.50  cb_yield           L28-CB2 {'rot': 0.00842}
  t=  25.50  cb_yield           L29-CB2 {'rot': 0.00743}
  t=  25.62  cb_yield           L30-CB2 {'rot': 0.00669}
  t=  26.00  cb_failure         L5-CB1 {'rot': 0.03027}
  t=  26.00  cb_failure         L6-CB1 {'rot': 0.03205}
  t=  26.00  cb_failure         L7-CB3 {'rot': 0.03012}
  t=  26.00  cb_failure         L8-CB3 {'rot': 0.03042}
  t=  26.00  cb_failure         L9-CB3 {'rot': 0.03047}
  t=  26.00  cb_failure         L10-CB3 {'rot': 0.03022}
  t=  26.12  cb_failure         L4-CB1 {'rot': 0.0302}
  t=  26.12  cb_failure         L5-CB0 {'rot': 0.03014}
  t=  26.12  cb_failure         L6-CB0 {'rot': 0.03182}
  t=  26.12  cb_failure         L6-CB3 {'rot': 0.03075}
  t=  26.12  cb_failure         L7-CB0 {'rot': 0.03267}
  t=  26.12  cb_failure         L8-CB0 {'rot': 0.03297}
  t=  26.12  cb_failure         L9-CB0 {'rot': 0.0328}
  t=  26.12  cb_failure         L10-CB0 {'rot': 0.03222}
  t=  26.12  cb_failure         L11-CB0 {'rot': 0.03126}
  t=  26.12  cb_failure         L11-CB3 {'rot': 0.03126}
  t=  26.12  cb_failure         L12-CB3 {'rot': 0.03025}
  t=  26.25  cb_failure         L12-CB0 {'rot': 0.03146}
  t=  26.62  cb_failure         L17-CB1 {'rot': 0.03119}
  progress t=  30.0s  max corner drift so far=0.0131  wall clock=354s
  t=  32.87  cb_yield           L31-CB2 {'rot': 0.00844}
  t=  32.87  cb_yield           L32-CB2 {'rot': 0.00742}
  t=  32.87  cb_yield           L33-CB2 {'rot': 0.00694}
  t=  39.87  cb_failure         L13-CB3 {'rot': 0.03216}
  t=  39.87  cb_failure         L14-CB3 {'rot': 0.03165}
  t=  39.87  cb_failure         L15-CB3 {'rot': 0.03111}
  t=  39.87  cb_failure         L16-CB3 {'rot': 0.03059}
  t=  40.00  cb_failure         L5-CB3 {'rot': 0.03107}
  t=  40.00  cb_failure         L17-CB3 {'rot': 0.03212}
  t=  40.00  cb_failure         L18-CB3 {'rot': 0.03124}
  progress t=  40.0s  max corner drift so far=0.0131  wall clock=483s
  t=  40.12  cb_failure         L7-CB2 {'rot': 0.03043}
  t=  40.12  cb_failure         L8-CB2 {'rot': 0.03119}
  t=  40.12  cb_failure         L9-CB2 {'rot': 0.0315}
  t=  40.12  cb_failure         L10-CB2 {'rot': 0.03148}
  t=  40.12  cb_failure         L11-CB2 {'rot': 0.03118}
  t=  40.12  cb_failure         L12-CB2 {'rot': 0.03066}
  t=  40.12  cb_failure         L19-CB3 {'rot': 0.0317}
  t=  40.25  cb_failure         L6-CB2 {'rot': 0.03016}
  t=  40.25  cb_failure         L13-CB2 {'rot': 0.03231}
  t=  40.25  cb_failure         L14-CB2 {'rot': 0.03122}
  t=  40.25  cb_failure         L18-CB1 {'rot': 0.03349}
  t=  40.25  cb_failure         L19-CB1 {'rot': 0.03217}
  t=  40.25  cb_failure         L20-CB1 {'rot': 0.03081}
  t=  40.25  cb_failure         L20-CB3 {'rot': 0.03074}
  t=  40.37  cb_failure         L4-CB3 {'rot': 0.03042}
  t=  40.37  cb_failure         L13-CB0 {'rot': 0.0312}
  t=  40.37  cb_failure         L14-CB0 {'rot': 0.03058}
  t=  40.37  cb_failure         L15-CB2 {'rot': 0.03032}
  t=  40.50  cb_failure         L5-CB2 {'rot': 0.03201}
  t=  47.62  cb_failure         L21-CB1 {'rot': 0.03102}
  t=  47.62  cb_failure         L22-CB1 {'rot': 0.0311}
  t=  47.62  cb_failure         L23-CB1 {'rot': 0.031}
  t=  47.62  cb_failure         L24-CB1 {'rot': 0.03071}
  t=  47.75  cb_failure         L25-CB1 {'rot': 0.03171}
  t=  47.75  cb_failure         L26-CB1 {'rot': 0.03131}
  t=  47.75  cb_failure         L27-CB1 {'rot': 0.03064}
  t=  48.37  cb_failure         L4-CB0 {'rot': 0.03128}
  t=  48.50  cb_failure         L3-CB0 {'rot': 0.03123}
  t=  48.50  cb_failure         L3-CB1 {'rot': 0.03112}
  t=  48.50  cb_failure         L3-CB3 {'rot': 0.03231}
  t=  48.50  cb_failure         L4-CB2 {'rot': 0.03119}
  t=  48.62  cb_failure         L2-CB0 {'rot': 0.0302}
  t=  48.62  cb_failure         L2-CB1 {'rot': 0.03016}
  t=  48.62  cb_failure         L2-CB3 {'rot': 0.03087}
  t=  48.62  cb_failure         L3-CB2 {'rot': 0.03156}
  t=  49.12  cb_failure         L15-CB0 {'rot': 0.03012}
  t=  49.12  cb_failure         L16-CB2 {'rot': 0.03033}
  t=  49.12  cb_failure         L21-CB3 {'rot': 0.035}
  t=  49.12  cb_failure         L22-CB3 {'rot': 0.03359}
  t=  49.12  cb_failure         L23-CB3 {'rot': 0.03223}
  t=  49.12  cb_failure         L24-CB3 {'rot': 0.03095}
  t=  49.25  cb_failure         L16-CB0 {'rot': 0.0312}
  t=  49.25  cb_failure         L17-CB2 {'rot': 0.0341}
  t=  49.25  cb_failure         L18-CB2 {'rot': 0.03328}
  t=  49.25  cb_failure         L19-CB2 {'rot': 0.0322}
  t=  49.25  cb_failure         L20-CB2 {'rot': 0.03094}
  t=  49.25  cb_failure         L25-CB3 {'rot': 0.03526}
  t=  49.25  cb_failure         L26-CB3 {'rot': 0.03346}
  t=  49.25  cb_failure         L27-CB3 {'rot': 0.03162}
  t=  49.37  cb_failure         L17-CB0 {'rot': 0.03164}
  t=  49.37  cb_failure         L18-CB0 {'rot': 0.03106}
  t=  49.37  cb_failure         L21-CB2 {'rot': 0.03404}
  t=  49.37  cb_failure         L22-CB2 {'rot': 0.03243}
  t=  49.37  cb_failure         L28-CB3 {'rot': 0.03296}
  t=  49.37  cb_failure         L29-CB3 {'rot': 0.03107}
  t=  49.50  cb_failure         L19-CB0 {'rot': 0.03066}
  t=  49.50  cb_failure         L23-CB2 {'rot': 0.03283}
  t=  49.50  cb_failure         L24-CB2 {'rot': 0.03092}
  t=  49.50  cb_failure         L30-CB3 {'rot': 0.03122}
  t=  49.62  cb_failure         L28-CB1 {'rot': 0.03138}
  progress t=  50.0s  max corner drift so far=0.0131  wall clock=610s
  t=  59.75  cb_failure         L20-CB0 {'rot': 0.03096}
  t=  59.75  cb_failure         L29-CB1 {'rot': 0.03276}
  t=  59.75  cb_failure         L30-CB1 {'rot': 0.03081}
  t=  59.87  cb_failure         L21-CB0 {'rot': 0.03234}
  t=  59.87  cb_failure         L22-CB0 {'rot': 0.03141}
  t=  59.87  cb_failure         L31-CB1 {'rot': 0.03075}
  t=  59.87  cb_failure         L31-CB3 {'rot': 0.03181}
  t=  59.87  cb_failure         L32-CB3 {'rot': 0.03068}
  t=  60.00  cb_failure         L33-CB3 {'rot': 0.03064}
  progress t=  60.0s  max corner drift so far=0.0131  wall clock=732s
  progress t=  70.0s  max corner drift so far=0.0131  wall clock=842s
  progress t=  80.0s  max corner drift so far=0.0131  wall clock=948s
  progress t=  90.0s  max corner drift so far=0.0131  wall clock=1050s
  progress t= 100.0s  max corner drift so far=0.0131  wall clock=1149s
