  t=   2.12  cb_yield           L7-CB3 {'rot': 0.00616}
  t=   2.12  cb_yield           L8-CB1 {'rot': 0.00618}
  t=   2.12  cb_yield           L8-CB3 {'rot': 0.00628}
  t=   2.12  cb_yield           L9-CB1 {'rot': 0.00622}
  t=   2.12  cb_yield           L9-CB3 {'rot': 0.00633}
  t=   2.12  cb_yield           L10-CB1 {'rot': 0.00619}
  t=   2.12  cb_yield           L10-CB3 {'rot': 0.00632}
  t=   2.12  cb_yield           L11-CB1 {'rot': 0.00611}
  t=   2.12  cb_yield           L11-CB3 {'rot': 0.00625}
  t=   2.12  cb_yield           L12-CB3 {'rot': 0.00615}
  t=   2.25  cb_yield           L12-CB1 {'rot': 0.00646}
  t=   2.25  cb_yield           L13-CB1 {'rot': 0.00639}
  t=   2.25  cb_yield           L13-CB3 {'rot': 0.00656}
  t=   2.25  cb_yield           L14-CB1 {'rot': 0.00627}
  t=   2.25  cb_yield           L14-CB3 {'rot': 0.00646}
  t=   2.25  cb_yield           L15-CB1 {'rot': 0.00612}
  t=   2.25  cb_yield           L15-CB3 {'rot': 0.00632}
  t=   2.25  cb_yield           L16-CB3 {'rot': 0.00616}
  t=   2.37  cb_yield           L16-CB1 {'rot': 0.00649}
  t=   2.37  cb_yield           L17-CB3 {'rot': 0.00673}
  t=   2.37  cb_yield           L18-CB3 {'rot': 0.00671}
  t=   2.37  cb_yield           L19-CB3 {'rot': 0.00667}
  t=   2.50  cb_yield           L17-CB1 {'rot': 0.00728}
  t=   2.50  cb_yield           L18-CB1 {'rot': 0.00747}
  t=   2.50  cb_yield           L19-CB1 {'rot': 0.00758}
  t=   2.50  cb_yield           L20-CB1 {'rot': 0.00763}
  t=   2.50  cb_yield           L20-CB3 {'rot': 0.00792}
  t=   2.50  cb_yield           L21-CB1 {'rot': 0.0076}
  t=   2.50  cb_yield           L21-CB3 {'rot': 0.0079}
  t=   2.50  cb_yield           L22-CB1 {'rot': 0.00748}
  t=   2.50  cb_yield           L22-CB3 {'rot': 0.0078}
  t=   2.50  cb_yield           L23-CB1 {'rot': 0.0073}
  t=   2.50  cb_yield           L23-CB3 {'rot': 0.00762}
  t=   2.50  cb_yield           L24-CB1 {'rot': 0.00705}
  t=   2.50  cb_yield           L24-CB3 {'rot': 0.00737}
  t=   2.50  cb_yield           L25-CB1 {'rot': 0.00674}
  t=   2.50  cb_yield           L25-CB3 {'rot': 0.00707}
  t=   2.50  cb_yield           L26-CB3 {'rot': 0.00672}
  t=   2.62  cb_yield           L26-CB1 {'rot': 0.0069}
  t=   2.62  cb_yield           L27-CB3 {'rot': 0.00664}
  t=   3.62  cb_yield           L16-CB0 {'rot': 0.00616}
  t=   3.62  cb_yield           L19-CB0 {'rot': 0.00669}
  t=   3.62  cb_yield           L20-CB0 {'rot': 0.00672}
  t=   3.62  cb_yield           L21-CB0 {'rot': 0.00668}
  t=   3.75  cb_yield           L13-CB0 {'rot': 0.00615}
  t=   3.75  cb_yield           L14-CB0 {'rot': 0.00626}
  t=   3.75  cb_yield           L15-CB0 {'rot': 0.00635}
  t=   3.87  cb_yield           L5-CB0 {'rot': 0.00639}
  t=   3.87  cb_yield           L5-CB1 {'rot': 0.00626}
  t=   3.87  cb_yield           L6-CB0 {'rot': 0.00673}
  t=   3.87  cb_yield           L6-CB1 {'rot': 0.0066}
  t=   3.87  cb_yield           L7-CB0 {'rot': 0.00694}
  t=   3.87  cb_yield           L7-CB1 {'rot': 0.00681}
  t=   3.87  cb_yield           L8-CB0 {'rot': 0.00707}
  t=   3.87  cb_yield           L9-CB0 {'rot': 0.00712}
  t=   3.87  cb_yield           L10-CB0 {'rot': 0.00711}
  t=   3.87  cb_yield           L11-CB0 {'rot': 0.00705}
  t=   3.87  cb_yield           L12-CB0 {'rot': 0.00697}
  t=   4.00  cb_yield           L3-CB0 {'rot': 0.00713}
  t=   4.00  cb_yield           L3-CB1 {'rot': 0.00691}
  t=   4.00  cb_yield           L3-CB2 {'rot': 0.00618}
  t=   4.00  cb_yield           L4-CB0 {'rot': 0.00798}
  t=   4.00  cb_yield           L4-CB1 {'rot': 0.00775}
  t=   4.00  cb_yield           L4-CB2 {'rot': 0.00684}
  t=   4.00  cb_yield           L4-CB3 {'rot': 0.00657}
  t=   4.00  cb_yield           L5-CB2 {'rot': 0.00722}
  t=   4.00  cb_yield           L5-CB3 {'rot': 0.00693}
  t=   4.00  cb_yield           L6-CB2 {'rot': 0.00737}
  t=   4.00  cb_yield           L6-CB3 {'rot': 0.00706}
  t=   4.00  cb_yield           L7-CB2 {'rot': 0.00733}
  t=   4.00  cb_yield           L8-CB2 {'rot': 0.00715}
  t=   4.00  cb_yield           L9-CB2 {'rot': 0.00687}
  t=   4.00  cb_yield           L10-CB2 {'rot': 0.00649}
  t=   4.12  cb_yield           L2-CB0 {'rot': 0.00728}
  t=   4.12  cb_yield           L2-CB1 {'rot': 0.00707}
  t=   4.12  cb_yield           L2-CB2 {'rot': 0.00636}
  t=   4.12  cb_yield           L2-CB3 {'rot': 0.0062}
  t=   4.12  cb_yield           L3-CB3 {'rot': 0.00729}
  t=   6.88  cb_yield           L27-CB1 {'rot': 0.00667}
  t=   8.38  cb_yield           L11-CB2 {'rot': 0.00716}
  t=   8.38  cb_yield           L12-CB2 {'rot': 0.00699}
  t=   8.38  cb_yield           L13-CB2 {'rot': 0.00681}
  t=   8.38  cb_yield           L14-CB2 {'rot': 0.00662}
  t=   8.38  cb_yield           L15-CB2 {'rot': 0.00644}
  t=   8.38  cb_yield           L16-CB2 {'rot': 0.00627}
  t=   8.50  cb_yield           L17-CB2 {'rot': 0.00782}
  t=   8.50  cb_yield           L18-CB2 {'rot': 0.00746}
  t=   8.50  cb_yield           L19-CB2 {'rot': 0.0071}
  t=   8.50  cb_yield           L20-CB2 {'rot': 0.00677}
  t=   8.50  cb_yield           L28-CB3 {'rot': 0.0068}
  t=   8.63  cb_yield           L21-CB2 {'rot': 0.00796}
  t=   8.63  cb_yield           L22-CB2 {'rot': 0.00733}
  t=   8.63  cb_yield           L23-CB2 {'rot': 0.00669}
  t=   8.75  cb_yield           L24-CB2 {'rot': 0.00685}
  t=   8.75  cb_yield           L29-CB3 {'rot': 0.00694}
  t=   8.88  cb_yield           L30-CB3 {'rot': 0.00763}
  t=   8.88  cb_yield           L31-CB3 {'rot': 0.00731}
  t=   8.88  cb_yield           L32-CB3 {'rot': 0.00708}
  t=   8.88  cb_yield           L33-CB3 {'rot': 0.00687}
  t=   9.00  cb_yield           L25-CB2 {'rot': 0.00684}
  t=   9.25  cb_yield           L28-CB1 {'rot': 0.00667}
  progress t=  10.0s  max corner drift so far=0.0042  wall clock=101s
  t=  10.38  cb_yield           L1-CB2 {'rot': 0.00685}
  t=  10.38  cb_yield           L1-CB3 {'rot': 0.00653}
  t=  10.38  cb_yield           L22-CB0 {'rot': 0.00721}
  t=  10.38  cb_yield           L23-CB0 {'rot': 0.00719}
  t=  10.38  cb_yield           L24-CB0 {'rot': 0.00711}
  t=  10.38  cb_yield           L25-CB0 {'rot': 0.00696}
  t=  10.38  cb_yield           L26-CB0 {'rot': 0.00676}
  t=  10.38  cb_yield           L29-CB1 {'rot': 0.00922}
  t=  10.38  cb_yield           L30-CB1 {'rot': 0.00889}
  t=  10.38  cb_yield           L31-CB1 {'rot': 0.00853}
  t=  10.38  cb_yield           L32-CB1 {'rot': 0.00821}
  t=  10.38  cb_yield           L33-CB1 {'rot': 0.00758}
  t=  10.50  cb_yield           L1-CB0 {'rot': 0.00653}
  t=  10.50  cb_yield           L18-CB0 {'rot': 0.00662}
  t=  10.50  cb_yield           L27-CB0 {'rot': 0.00885}
  t=  10.50  cb_yield           L28-CB0 {'rot': 0.00836}
  t=  10.50  cb_yield           L29-CB0 {'rot': 0.0078}
  t=  10.50  cb_yield           L30-CB0 {'rot': 0.00715}
  t=  10.63  cb_yield           L1-CB1 {'rot': 0.0087}
  t=  10.63  cb_yield           L31-CB0 {'rot': 0.00685}
  t=  11.00  cb_yield           L17-CB0 {'rot': 0.00884}
  t=  11.38  cb_failure         L12-CB1 {'rot': 0.03022}
  t=  11.38  cb_failure         L13-CB1 {'rot': 0.03122}
  t=  11.38  cb_failure         L14-CB1 {'rot': 0.03194}
  t=  11.38  cb_failure         L15-CB1 {'rot': 0.03243}
  t=  11.38  cb_failure         L16-CB1 {'rot': 0.03269}
  t=  11.38  cb_failure         L17-CB1 {'rot': 0.0327}
  t=  11.38  cb_failure         L18-CB1 {'rot': 0.03237}
  t=  11.38  cb_failure         L19-CB1 {'rot': 0.03169}
  t=  11.38  cb_failure         L20-CB1 {'rot': 0.03066}
  t=  11.50  cb_failure         L11-CB1 {'rot': 0.03046}
  t=  11.50  cb_failure         L14-CB0 {'rot': 0.03064}
  t=  11.50  cb_failure         L15-CB0 {'rot': 0.03104}
  t=  11.50  cb_failure         L16-CB0 {'rot': 0.03111}
  t=  11.50  cb_failure         L17-CB0 {'rot': 0.03081}
  t=  11.63  cb_failure         L13-CB0 {'rot': 0.03089}
  t=  11.63  cb_failure         L18-CB0 {'rot': 0.03107}
  t=  12.75  cb_yield           L26-CB2 {'rot': 0.00695}
  t=  12.88  cb_yield           L27-CB2 {'rot': 0.00741}
  t=  12.88  cb_yield           L28-CB2 {'rot': 0.00679}
  t=  14.00  cb_yield           L29-CB2 {'rot': 0.00691}
  t=  14.13  cb_yield           L30-CB2 {'rot': 0.00791}
  t=  14.13  cb_yield           L31-CB2 {'rot': 0.00703}
  t=  17.13  cb_failure         L5-CB1 {'rot': 0.03016}
  t=  17.13  cb_failure         L6-CB0 {'rot': 0.03026}
  t=  17.13  cb_failure         L6-CB1 {'rot': 0.03199}
  t=  17.13  cb_failure         L7-CB0 {'rot': 0.03133}
  t=  17.13  cb_failure         L7-CB1 {'rot': 0.03316}
  t=  17.13  cb_failure         L8-CB0 {'rot': 0.03192}
  t=  17.13  cb_failure         L8-CB1 {'rot': 0.03382}
  t=  17.13  cb_failure         L9-CB0 {'rot': 0.0322}
  t=  17.13  cb_failure         L9-CB1 {'rot': 0.0341}
  t=  17.13  cb_failure         L10-CB0 {'rot': 0.03222}
  t=  17.13  cb_failure         L10-CB1 {'rot': 0.03408}
  t=  17.13  cb_failure         L10-CB3 {'rot': 0.03014}
  t=  17.13  cb_failure         L11-CB0 {'rot': 0.03196}
  t=  17.13  cb_failure         L11-CB3 {'rot': 0.03016}
  t=  17.13  cb_failure         L12-CB0 {'rot': 0.03142}
  t=  17.25  cb_failure         L4-CB1 {'rot': 0.03015}
  t=  17.25  cb_failure         L5-CB0 {'rot': 0.03213}
  t=  17.25  cb_failure         L6-CB3 {'rot': 0.03018}
  t=  17.25  cb_failure         L7-CB3 {'rot': 0.03145}
  t=  17.25  cb_failure         L8-CB3 {'rot': 0.03216}
  t=  17.25  cb_failure         L9-CB3 {'rot': 0.0325}
  t=  17.25  cb_failure         L12-CB3 {'rot': 0.0321}
  t=  17.25  cb_failure         L13-CB3 {'rot': 0.03157}
  t=  17.25  cb_failure         L14-CB3 {'rot': 0.03078}
  t=  17.38  cb_failure         L8-CB2 {'rot': 0.03012}
  t=  17.38  cb_failure         L9-CB2 {'rot': 0.0305}
  t=  17.38  cb_failure         L10-CB2 {'rot': 0.03057}
  t=  17.38  cb_failure         L11-CB2 {'rot': 0.03039}
  t=  17.38  cb_failure         L12-CB2 {'rot': 0.03011}
  t=  17.38  cb_failure         L15-CB3 {'rot': 0.03133}
  t=  17.38  cb_failure         L16-CB3 {'rot': 0.03013}
  t=  17.50  cb_failure         L13-CB2 {'rot': 0.03085}
  t=  17.63  cb_failure         L19-CB0 {'rot': 0.03068}
  t=  17.88  cb_failure         L21-CB1 {'rot': 0.03133}
  t=  19.87  cb_failure         L5-CB3 {'rot': 0.03133}
  t=  20.00  cb_failure         L4-CB3 {'rot': 0.03138}
  progress t=  20.0s  max corner drift so far=0.0164  wall clock=220s
  t=  20.12  cb_failure         L3-CB1 {'rot': 0.03308}
  t=  20.12  cb_failure         L3-CB3 {'rot': 0.03345}
  t=  20.20  wall_axial_failure S1-F {'gamma': 0.00114, 'eps': -0.00646, 'cause': 'crushing'}
  t=  20.25  cb_failure         L1-CB1 {'rot': 0.05966}
  t=  20.25  cb_failure         L1-CB3 {'rot': 0.04338}
  t=  20.25  cb_failure         L2-CB1 {'rot': 0.06295}
  t=  20.25  cb_failure         L2-CB3 {'rot': 0.05068}
  t=  20.25  cb_failure         L4-CB0 {'rot': 0.03175}
  t=  20.25  cb_failure         L17-CB3 {'rot': 0.04667}
  t=  20.25  cb_failure         L18-CB3 {'rot': 0.04609}
  t=  20.25  cb_failure         L19-CB3 {'rot': 0.04564}
  t=  20.25  cb_failure         L20-CB3 {'rot': 0.04534}
  t=  20.25  cb_failure         L21-CB3 {'rot': 0.04507}
  t=  20.25  cb_failure         L22-CB1 {'rot': 0.0479}
  t=  20.25  cb_failure         L22-CB3 {'rot': 0.04479}
  t=  20.25  cb_failure         L23-CB1 {'rot': 0.04681}
  t=  20.25  cb_failure         L23-CB3 {'rot': 0.0445}
  t=  20.25  cb_failure         L24-CB1 {'rot': 0.04567}
  t=  20.25  cb_failure         L24-CB3 {'rot': 0.04415}
  t=  20.25  cb_failure         L25-CB1 {'rot': 0.0445}
  t=  20.25  cb_failure         L25-CB3 {'rot': 0.04375}
  t=  20.25  cb_failure         L26-CB1 {'rot': 0.04335}
  t=  20.25  cb_failure         L26-CB3 {'rot': 0.04329}
  t=  20.25  cb_failure         L27-CB1 {'rot': 0.04223}
  t=  20.25  cb_failure         L27-CB3 {'rot': 0.04278}
  t=  20.25  cb_failure         L28-CB1 {'rot': 0.04137}
  t=  20.25  cb_failure         L28-CB3 {'rot': 0.04234}
  t=  20.25  cb_failure         L29-CB1 {'rot': 0.04049}
  t=  20.25  cb_failure         L29-CB3 {'rot': 0.04181}
  t=  20.25  cb_failure         L30-CB1 {'rot': 0.03955}
  t=  20.25  cb_failure         L30-CB3 {'rot': 0.04113}
  t=  20.25  cb_failure         L31-CB1 {'rot': 0.0387}
  t=  20.25  cb_failure         L31-CB3 {'rot': 0.04043}
  t=  20.25  cb_failure         L32-CB1 {'rot': 0.03804}
  t=  20.25  cb_failure         L32-CB3 {'rot': 0.03986}
  t=  20.25  cb_failure         L33-CB1 {'rot': 0.03348}
  t=  20.25  cb_failure         L33-CB3 {'rot': 0.03533}
  t=  20.37  cb_failure         L3-CB0 {'rot': 0.03087}
  t=  20.50  cb_yield           L32-CB0 {'rot': 0.00705}
  t=  20.50  cb_yield           L33-CB0 {'rot': 0.00682}
  t=  20.75  cb_failure         L14-CB2 {'rot': 0.03109}
  t=  20.75  cb_failure         L20-CB0 {'rot': 0.0337}
  t=  20.87  cb_failure         L21-CB0 {'rot': 0.03739}
  t=  20.87  cb_failure         L22-CB0 {'rot': 0.03423}
  t=  20.87  cb_failure         L23-CB0 {'rot': 0.03106}
  t=  21.00  cb_failure         L24-CB0 {'rot': 0.03282}
  t=  21.12  cb_failure         L25-CB0 {'rot': 0.03544}
  t=  21.12  cb_failure         L26-CB0 {'rot': 0.03328}
  t=  21.12  cb_failure         L27-CB0 {'rot': 0.03114}
  t=  21.12  cb_yield           L32-CB2 {'rot': 0.00961}
  t=  21.12  cb_yield           L33-CB2 {'rot': 0.00934}
  t=  21.25  cb_failure         L28-CB0 {'rot': 0.03519}
  t=  21.25  cb_failure         L29-CB0 {'rot': 0.03405}
  t=  21.25  cb_failure         L30-CB0 {'rot': 0.03286}
  t=  21.25  cb_failure         L31-CB0 {'rot': 0.03181}
  t=  21.25  cb_failure         L32-CB0 {'rot': 0.03105}
  t=  21.25  cb_failure         L33-CB0 {'rot': 0.03073}
  t=  25.12  wall_axial_failure S1-M {'gamma': 0.00076, 'eps': -0.00612, 'cause': 'crushing'}
  t=  25.25  cb_failure         L1-CB2 {'rot': 0.03898}
  t=  25.25  cb_failure         L2-CB2 {'rot': 0.03574}
  t=  25.25  cb_failure         L3-CB2 {'rot': 0.03243}
  t=  25.25  cb_failure         L15-CB2 {'rot': 0.0308}
  t=  25.25  cb_failure         L16-CB2 {'rot': 0.03122}
  t=  25.25  cb_failure         L17-CB2 {'rot': 0.03163}
  t=  25.25  cb_failure         L18-CB2 {'rot': 0.03187}
  t=  25.25  cb_failure         L19-CB2 {'rot': 0.03208}
  t=  25.25  cb_failure         L20-CB2 {'rot': 0.03222}
  t=  25.25  cb_failure         L21-CB2 {'rot': 0.0322}
  t=  25.25  cb_failure         L22-CB2 {'rot': 0.03209}
  t=  25.25  cb_failure         L23-CB2 {'rot': 0.03185}
  t=  25.25  cb_failure         L24-CB2 {'rot': 0.03147}
  t=  25.25  cb_failure         L25-CB2 {'rot': 0.03104}
  t=  25.25  cb_failure         L26-CB2 {'rot': 0.03062}
  t=  25.37  cb_failure         L1-CB0 {'rot': 0.05706}
  t=  25.37  cb_failure         L2-CB0 {'rot': 0.05484}
  t=  25.37  cb_failure         L4-CB2 {'rot': 0.07956}
  t=  25.37  cb_failure         L5-CB2 {'rot': 0.07837}
  t=  25.37  cb_failure         L6-CB2 {'rot': 0.0777}
  t=  25.37  cb_failure         L7-CB2 {'rot': 0.07749}
  t=  25.37  cb_failure         L27-CB2 {'rot': 0.07728}
  t=  25.37  cb_failure         L28-CB2 {'rot': 0.07687}
  t=  25.37  cb_failure         L29-CB2 {'rot': 0.07648}
  t=  25.37  cb_failure         L30-CB2 {'rot': 0.07611}
  t=  25.37  cb_failure         L31-CB2 {'rot': 0.0758}
  t=  25.37  cb_failure         L32-CB2 {'rot': 0.0756}
  t=  25.37  cb_failure         L33-CB2 {'rot': 0.07549}
