  t=   8.50  cb_yield           L6-CB3 {'rot': 0.00627}
  t=   8.50  cb_yield           L7-CB3 {'rot': 0.00657}
  t=   8.50  cb_yield           L8-CB3 {'rot': 0.00678}
  t=   8.50  cb_yield           L9-CB3 {'rot': 0.0069}
  t=   8.50  cb_yield           L10-CB3 {'rot': 0.00696}
  t=   8.50  cb_yield           L11-CB3 {'rot': 0.00696}
  t=   8.50  cb_yield           L12-CB3 {'rot': 0.00691}
  t=   8.50  cb_yield           L13-CB3 {'rot': 0.00682}
  t=   8.50  cb_yield           L14-CB3 {'rot': 0.00669}
  t=   8.50  cb_yield           L15-CB3 {'rot': 0.00654}
  t=   8.50  cb_yield           L16-CB3 {'rot': 0.00638}
  t=   8.63  cb_yield           L5-CB3 {'rot': 0.0064}
  t=   8.63  cb_yield           L6-CB2 {'rot': 0.00631}
  t=   8.63  cb_yield           L7-CB2 {'rot': 0.0066}
  t=   8.63  cb_yield           L8-CB2 {'rot': 0.0068}
  t=   8.63  cb_yield           L9-CB2 {'rot': 0.00692}
  t=   8.63  cb_yield           L10-CB2 {'rot': 0.00696}
  t=   8.63  cb_yield           L11-CB2 {'rot': 0.00695}
  t=   8.63  cb_yield           L12-CB2 {'rot': 0.0069}
  t=   8.63  cb_yield           L13-CB2 {'rot': 0.0068}
  t=   8.63  cb_yield           L14-CB2 {'rot': 0.00664}
  t=   8.63  cb_yield           L15-CB2 {'rot': 0.00646}
  t=   8.63  cb_yield           L16-CB2 {'rot': 0.00625}
  t=   8.63  cb_yield           L17-CB3 {'rot': 0.00725}
  t=   8.63  cb_yield           L18-CB3 {'rot': 0.00698}
  t=   8.63  cb_yield           L19-CB3 {'rot': 0.00669}
  t=   8.75  cb_yield           L8-CB1 {'rot': 0.00617}
  t=   8.75  cb_yield           L9-CB1 {'rot': 0.00618}
  t=   8.75  cb_yield           L17-CB2 {'rot': 0.00668}
  t=   8.75  cb_yield           L20-CB3 {'rot': 0.00695}
  t=   8.75  cb_yield           L21-CB3 {'rot': 0.00662}
  t=   8.88  cb_yield           L18-CB2 {'rot': 0.00665}
  t=   9.00  cb_yield           L22-CB3 {'rot': 0.007}
  t=   9.00  cb_yield           L23-CB3 {'rot': 0.00678}
  progress t=  10.0s  max corner drift so far=0.0026  wall clock=88s
  t=  10.38  cb_yield           L3-CB2 {'rot': 0.00684}
  t=  10.38  cb_yield           L3-CB3 {'rot': 0.00681}
  t=  10.38  cb_yield           L4-CB2 {'rot': 0.00726}
  t=  10.38  cb_yield           L4-CB3 {'rot': 0.00722}
  t=  10.38  cb_yield           L5-CB2 {'rot': 0.00725}
  t=  10.38  cb_yield           L23-CB1 {'rot': 0.00664}
  t=  10.38  cb_yield           L24-CB1 {'rot': 0.00666}
  t=  10.38  cb_yield           L25-CB1 {'rot': 0.00662}
  t=  10.50  cb_yield           L2-CB2 {'rot': 0.00717}
  t=  10.50  cb_yield           L2-CB3 {'rot': 0.00713}
  t=  10.50  cb_yield           L4-CB0 {'rot': 0.00658}
  t=  10.50  cb_yield           L4-CB1 {'rot': 0.0063}
  t=  10.50  cb_yield           L5-CB0 {'rot': 0.00669}
  t=  10.50  cb_yield           L5-CB1 {'rot': 0.00632}
  t=  10.50  cb_yield           L6-CB0 {'rot': 0.00646}
  t=  10.50  cb_yield           L20-CB1 {'rot': 0.00721}
  t=  10.50  cb_yield           L21-CB0 {'rot': 0.00663}
  t=  10.50  cb_yield           L21-CB1 {'rot': 0.00784}
  t=  10.50  cb_yield           L22-CB0 {'rot': 0.00703}
  t=  10.50  cb_yield           L22-CB1 {'rot': 0.00829}
  t=  10.50  cb_yield           L23-CB0 {'rot': 0.00725}
  t=  10.50  cb_yield           L24-CB0 {'rot': 0.00732}
  t=  10.50  cb_yield           L25-CB0 {'rot': 0.00723}
  t=  10.50  cb_yield           L26-CB0 {'rot': 0.00703}
  t=  10.50  cb_yield           L26-CB1 {'rot': 0.00848}
  t=  10.50  cb_yield           L27-CB0 {'rot': 0.00674}
  t=  10.50  cb_yield           L27-CB1 {'rot': 0.00822}
  t=  10.50  cb_yield           L28-CB1 {'rot': 0.00791}
  t=  10.50  cb_yield           L29-CB1 {'rot': 0.00754}
  t=  10.50  cb_yield           L30-CB1 {'rot': 0.00712}
  t=  10.50  cb_yield           L31-CB1 {'rot': 0.00672}
  t=  10.63  cb_yield           L1-CB2 {'rot': 0.00624}
  t=  10.63  cb_yield           L1-CB3 {'rot': 0.00624}
  t=  10.63  cb_yield           L2-CB0 {'rot': 0.00817}
  t=  10.63  cb_yield           L2-CB1 {'rot': 0.00769}
  t=  10.63  cb_yield           L3-CB0 {'rot': 0.00937}
  t=  10.63  cb_yield           L3-CB1 {'rot': 0.00886}
  t=  10.63  cb_yield           L6-CB1 {'rot': 0.00887}
  t=  10.63  cb_yield           L7-CB0 {'rot': 0.00861}
  t=  10.63  cb_yield           L7-CB1 {'rot': 0.00817}
  t=  10.63  cb_yield           L8-CB0 {'rot': 0.00774}
  t=  10.63  cb_yield           L9-CB0 {'rot': 0.00674}
  t=  10.75  cb_yield           L1-CB0 {'rot': 0.00677}
  t=  10.75  cb_yield           L1-CB1 {'rot': 0.00647}
  t=  10.75  cb_yield           L10-CB0 {'rot': 0.00765}
  t=  10.75  cb_yield           L10-CB1 {'rot': 0.00719}
  t=  10.75  cb_yield           L11-CB0 {'rot': 0.00644}
  t=  10.88  cb_yield           L11-CB1 {'rot': 0.00833}
  t=  10.88  cb_yield           L12-CB0 {'rot': 0.00782}
  t=  10.88  cb_yield           L12-CB1 {'rot': 0.00736}
  t=  10.88  cb_yield           L13-CB0 {'rot': 0.00682}
  t=  10.88  cb_yield           L13-CB1 {'rot': 0.00638}
  t=  11.00  cb_yield           L14-CB0 {'rot': 0.00898}
  t=  11.00  cb_yield           L14-CB1 {'rot': 0.00877}
  t=  11.00  cb_yield           L15-CB0 {'rot': 0.00837}
  t=  11.00  cb_yield           L15-CB1 {'rot': 0.00817}
  t=  11.00  cb_yield           L16-CB0 {'rot': 0.0078}
  t=  11.00  cb_yield           L16-CB1 {'rot': 0.00761}
  t=  11.00  cb_yield           L17-CB0 {'rot': 0.00717}
  t=  11.00  cb_yield           L17-CB1 {'rot': 0.00699}
  t=  11.00  cb_yield           L18-CB0 {'rot': 0.00663}
  t=  11.13  cb_yield           L18-CB1 {'rot': 0.01204}
  t=  11.13  cb_yield           L19-CB0 {'rot': 0.01122}
  t=  11.13  cb_yield           L19-CB1 {'rot': 0.01184}
  t=  11.13  cb_yield           L20-CB0 {'rot': 0.01095}
  t=  11.25  cb_yield           L19-CB2 {'rot': 0.00685}
  t=  11.25  cb_yield           L20-CB2 {'rot': 0.00667}
  t=  11.38  cb_yield           L21-CB2 {'rot': 0.00666}
  t=  11.38  cb_yield           L28-CB0 {'rot': 0.00688}
  t=  12.75  cb_yield           L24-CB3 {'rot': 0.00687}
  t=  12.75  cb_yield           L25-CB3 {'rot': 0.00661}
  t=  12.88  cb_yield           L26-CB3 {'rot': 0.00688}
  t=  14.00  cb_yield           L27-CB3 {'rot': 0.00727}
  t=  14.00  cb_yield           L28-CB3 {'rot': 0.00708}
  t=  14.00  cb_yield           L29-CB3 {'rot': 0.00684}
  t=  17.25  cb_yield           L22-CB2 {'rot': 0.00742}
  t=  17.25  cb_yield           L23-CB2 {'rot': 0.00686}
  t=  19.12  cb_yield           L30-CB3 {'rot': 0.00769}
  t=  19.12  cb_yield           L31-CB3 {'rot': 0.00734}
  t=  19.12  cb_yield           L32-CB3 {'rot': 0.00704}
  t=  19.12  cb_yield           L33-CB3 {'rot': 0.00688}
  t=  19.25  cb_yield           L24-CB2 {'rot': 0.00674}
  t=  20.00  cb_yield           L32-CB1 {'rot': 0.00708}
  t=  20.00  cb_yield           L33-CB1 {'rot': 0.00676}
  progress t=  20.0s  max corner drift so far=0.0066  wall clock=185s
  t=  20.75  cb_yield           L29-CB0 {'rot': 0.00825}
  t=  20.75  cb_yield           L30-CB0 {'rot': 0.0076}
  t=  20.75  cb_yield           L31-CB0 {'rot': 0.00705}
  t=  20.75  cb_yield           L32-CB0 {'rot': 0.00667}
  t=  20.87  cb_yield           L33-CB0 {'rot': 0.00814}
  t=  25.25  cb_yield           L25-CB2 {'rot': 0.00791}
  t=  25.25  cb_yield           L26-CB2 {'rot': 0.00681}
  t=  25.37  cb_yield           L27-CB2 {'rot': 0.00822}
  t=  25.37  cb_yield           L28-CB2 {'rot': 0.00722}
  t=  25.50  cb_yield           L29-CB2 {'rot': 0.00821}
  t=  25.50  cb_yield           L30-CB2 {'rot': 0.00712}
  t=  25.62  cb_yield           L31-CB2 {'rot': 0.00674}
  progress t=  30.0s  max corner drift so far=0.0105  wall clock=287s
  t=  39.50  cb_yield           L32-CB2 {'rot': 0.00682}
  t=  39.50  cb_yield           L33-CB2 {'rot': 0.0067}
  progress t=  40.0s  max corner drift so far=0.0105  wall clock=383s
  t=  49.00  cb_failure         L14-CB3 {'rot': 0.03013}
  t=  49.00  cb_failure         L15-CB3 {'rot': 0.03025}
  t=  49.00  cb_failure         L16-CB3 {'rot': 0.03024}
  t=  49.12  cb_failure         L11-CB3 {'rot': 0.0309}
  t=  49.12  cb_failure         L12-CB3 {'rot': 0.03192}
  t=  49.12  cb_failure         L13-CB3 {'rot': 0.03286}
  t=  49.12  cb_failure         L17-CB3 {'rot': 0.03541}
  t=  49.12  cb_failure         L18-CB3 {'rot': 0.03572}
  t=  49.12  cb_failure         L19-CB3 {'rot': 0.03585}
  t=  49.12  cb_failure         L20-CB3 {'rot': 0.03585}
  t=  49.12  cb_failure         L21-CB3 {'rot': 0.03567}
  t=  49.12  cb_failure         L22-CB3 {'rot': 0.03525}
  t=  49.12  cb_failure         L23-CB3 {'rot': 0.03455}
  t=  49.12  cb_failure         L24-CB3 {'rot': 0.03356}
  t=  49.12  cb_failure         L25-CB3 {'rot': 0.03234}
  t=  49.12  cb_failure         L26-CB3 {'rot': 0.03084}
  t=  49.25  cb_failure         L16-CB2 {'rot': 0.03052}
  t=  49.25  cb_failure         L17-CB2 {'rot': 0.03122}
  t=  49.25  cb_failure         L18-CB2 {'rot': 0.03166}
  t=  49.25  cb_failure         L19-CB2 {'rot': 0.03187}
  t=  49.25  cb_failure         L20-CB2 {'rot': 0.03189}
  t=  49.25  cb_failure         L21-CB2 {'rot': 0.03167}
  t=  49.25  cb_failure         L22-CB2 {'rot': 0.03116}
  t=  49.25  cb_failure         L27-CB3 {'rot': 0.03244}
  t=  49.25  cb_failure         L28-CB3 {'rot': 0.03063}
  t=  49.37  cb_failure         L15-CB2 {'rot': 0.03084}
  t=  49.37  cb_failure         L23-CB2 {'rot': 0.03109}
  progress t=  50.0s  max corner drift so far=0.0105  wall clock=484s
  t=  54.25  cb_failure         L19-CB1 {'rot': 0.03124}
  t=  54.25  cb_failure         L20-CB1 {'rot': 0.03186}
  t=  54.25  cb_failure         L21-CB1 {'rot': 0.03218}
  t=  54.25  cb_failure         L22-CB1 {'rot': 0.03223}
  t=  54.25  cb_failure         L23-CB1 {'rot': 0.03205}
  t=  54.25  cb_failure         L24-CB1 {'rot': 0.03164}
  t=  54.25  cb_failure         L25-CB1 {'rot': 0.03097}
  t=  59.12  cb_failure         L9-CB1 {'rot': 0.03111}
  t=  59.12  cb_failure         L10-CB1 {'rot': 0.03193}
  t=  59.12  cb_failure         L11-CB1 {'rot': 0.03248}
  t=  59.12  cb_failure         L12-CB1 {'rot': 0.03283}
  t=  59.12  cb_failure         L13-CB1 {'rot': 0.03294}
  t=  59.12  cb_failure         L14-CB1 {'rot': 0.03281}
  t=  59.12  cb_failure         L15-CB1 {'rot': 0.03245}
  t=  59.12  cb_failure         L16-CB1 {'rot': 0.03184}
  t=  59.12  cb_failure         L17-CB1 {'rot': 0.03078}
  t=  59.25  cb_failure         L7-CB1 {'rot': 0.03179}
  t=  59.25  cb_failure         L8-CB1 {'rot': 0.03326}
  t=  59.25  cb_failure         L8-CB3 {'rot': 0.0314}
  t=  59.25  cb_failure         L9-CB3 {'rot': 0.03257}
  t=  59.25  cb_failure         L10-CB3 {'rot': 0.03342}
  t=  59.25  cb_failure         L18-CB1 {'rot': 0.0322}
  t=  59.37  cb_failure         L6-CB1 {'rot': 0.03202}
  t=  59.37  cb_failure         L6-CB3 {'rot': 0.03179}
  t=  59.37  cb_failure         L7-CB3 {'rot': 0.03388}
  t=  59.37  cb_failure         L8-CB0 {'rot': 0.03011}
  t=  59.37  cb_failure         L8-CB2 {'rot': 0.03085}
  t=  59.37  cb_failure         L9-CB0 {'rot': 0.03057}
  t=  59.37  cb_failure         L9-CB2 {'rot': 0.03144}
  t=  59.37  cb_failure         L10-CB0 {'rot': 0.03072}
  t=  59.37  cb_failure         L10-CB2 {'rot': 0.03173}
  t=  59.37  cb_failure         L11-CB0 {'rot': 0.03063}
  t=  59.37  cb_failure         L11-CB2 {'rot': 0.03179}
  t=  59.37  cb_failure         L12-CB0 {'rot': 0.0304}
  t=  59.37  cb_failure         L12-CB2 {'rot': 0.0317}
  t=  59.37  cb_failure         L13-CB2 {'rot': 0.03146}
  t=  59.37  cb_failure         L14-CB2 {'rot': 0.03105}
  t=  59.50  cb_failure         L5-CB3 {'rot': 0.03067}
  t=  59.50  cb_failure         L7-CB2 {'rot': 0.03082}
  t=  59.62  cb_failure         L26-CB1 {'rot': 0.03478}
  t=  59.62  cb_failure         L27-CB1 {'rot': 0.03332}
  t=  59.62  cb_failure         L28-CB1 {'rot': 0.03193}
  t=  59.62  cb_failure         L29-CB3 {'rot': 0.03446}
  t=  59.62  cb_failure         L30-CB3 {'rot': 0.03262}
  t=  59.62  cb_failure         L31-CB3 {'rot': 0.03092}
  t=  59.75  cb_failure         L13-CB0 {'rot': 0.03049}
  t=  59.75  cb_failure         L14-CB0 {'rot': 0.0309}
  t=  59.75  cb_failure         L15-CB0 {'rot': 0.03133}
  t=  59.75  cb_failure         L16-CB0 {'rot': 0.03173}
  t=  59.75  cb_failure         L17-CB0 {'rot': 0.03212}
  t=  59.75  cb_failure         L18-CB0 {'rot': 0.03233}
  t=  59.75  cb_failure         L19-CB0 {'rot': 0.03232}
  t=  59.75  cb_failure         L20-CB0 {'rot': 0.03212}
  t=  59.75  cb_failure         L21-CB0 {'rot': 0.03166}
  t=  59.75  cb_failure         L22-CB0 {'rot': 0.03083}
  t=  59.75  cb_failure         L24-CB2 {'rot': 0.03294}
  t=  59.75  cb_failure         L25-CB2 {'rot': 0.03108}
  progress t=  60.0s  max corner drift so far=0.0105  wall clock=581s
  t=  60.12  cb_failure         L6-CB2 {'rot': 0.03161}
  t=  60.25  cb_failure         L5-CB2 {'rot': 0.03043}
  t=  63.25  cb_failure         L7-CB0 {'rot': 0.03045}
  t=  65.75  cb_failure         L5-CB1 {'rot': 0.03197}
  t=  65.87  cb_failure         L4-CB3 {'rot': 0.03061}
  t=  65.87  cb_failure         L6-CB0 {'rot': 0.0311}
  progress t=  70.0s  max corner drift so far=0.0105  wall clock=674s
  progress t=  80.0s  max corner drift so far=0.0105  wall clock=760s
  progress t=  90.0s  max corner drift so far=0.0105  wall clock=848s
  progress t= 100.0s  max corner drift so far=0.0105  wall clock=934s
