  t=   2.20  cb_yield           L10-CB3 {'rot': 0.00537}
  t=   2.20  cb_yield           L11-CB3 {'rot': 0.00537}
  t=   2.20  cb_yield           L12-CB3 {'rot': 0.00535}
  t=   2.25  cb_yield           L13-CB3 {'rot': 0.00533}
  t=   2.30  cb_yield           L14-CB3 {'rot': 0.00534}
  t=   2.30  cb_yield           L15-CB3 {'rot': 0.00533}
  t=   2.35  cb_yield           L16-CB3 {'rot': 0.00551}
  t=   2.40  cb_yield           L15-CB1 {'rot': 0.0054}
  t=   2.40  cb_yield           L16-CB1 {'rot': 0.00551}
  t=   2.40  cb_yield           L17-CB3 {'rot': 0.00582}
  t=   2.40  cb_yield           L18-CB3 {'rot': 0.0059}
  t=   2.40  cb_yield           L19-CB3 {'rot': 0.00593}
  t=   2.40  cb_yield           L20-CB3 {'rot': 0.00593}
  t=   2.40  cb_yield           L21-CB3 {'rot': 0.00587}
  t=   2.40  cb_yield           L22-CB3 {'rot': 0.00577}
  t=   2.45  cb_yield           L17-CB1 {'rot': 0.00584}
  t=   2.45  cb_yield           L18-CB1 {'rot': 0.00596}
  t=   2.45  cb_yield           L19-CB1 {'rot': 0.00603}
  t=   2.45  cb_yield           L20-CB1 {'rot': 0.00605}
  t=   2.45  cb_yield           L21-CB1 {'rot': 0.00601}
  t=   2.45  cb_yield           L22-CB1 {'rot': 0.0059}
  t=   2.45  cb_yield           L23-CB3 {'rot': 0.00604}
  t=   2.45  cb_yield           L24-CB3 {'rot': 0.00584}
  t=   2.50  cb_yield           L23-CB1 {'rot': 0.00609}
  t=   2.50  cb_yield           L24-CB1 {'rot': 0.00587}
  t=   2.50  cb_yield           L25-CB3 {'rot': 0.00588}
  t=   2.55  cb_yield           L25-CB1 {'rot': 0.00577}
  t=   3.55  cb_yield           L16-CB0 {'rot': 0.00539}
  t=   3.60  cb_yield           L14-CB0 {'rot': 0.00535}
  t=   3.60  cb_yield           L15-CB0 {'rot': 0.00549}
  t=   3.65  cb_yield           L13-CB0 {'rot': 0.00548}
  t=   3.65  cb_yield           L14-CB1 {'rot': 0.00543}
  t=   3.65  cb_yield           L17-CB0 {'rot': 0.00577}
  t=   3.70  cb_yield           L10-CB0 {'rot': 0.00537}
  t=   3.70  cb_yield           L11-CB0 {'rot': 0.00551}
  t=   3.70  cb_yield           L11-CB1 {'rot': 0.00536}
  t=   3.70  cb_yield           L12-CB0 {'rot': 0.00564}
  t=   3.70  cb_yield           L12-CB1 {'rot': 0.00548}
  t=   3.70  cb_yield           L13-CB1 {'rot': 0.00556}
  t=   3.75  cb_yield           L8-CB0 {'rot': 0.00553}
  t=   3.75  cb_yield           L8-CB1 {'rot': 0.0054}
  t=   3.75  cb_yield           L9-CB0 {'rot': 0.00568}
  t=   3.75  cb_yield           L9-CB1 {'rot': 0.00554}
  t=   3.75  cb_yield           L10-CB1 {'rot': 0.00564}
  t=   3.80  cb_yield           L5-CB0 {'rot': 0.00539}
  t=   3.80  cb_yield           L6-CB0 {'rot': 0.00571}
  t=   3.80  cb_yield           L6-CB1 {'rot': 0.00557}
  t=   3.80  cb_yield           L7-CB0 {'rot': 0.00593}
  t=   3.80  cb_yield           L7-CB1 {'rot': 0.00579}
  t=   3.85  cb_yield           L4-CB0 {'rot': 0.0056}
  t=   3.85  cb_yield           L4-CB1 {'rot': 0.00544}
  t=   3.85  cb_yield           L5-CB1 {'rot': 0.00591}
  t=   3.85  cb_yield           L6-CB2 {'rot': 0.00537}
  t=   3.85  cb_yield           L7-CB2 {'rot': 0.00546}
  t=   3.85  cb_yield           L8-CB2 {'rot': 0.00547}
  t=   3.85  cb_yield           L9-CB2 {'rot': 0.00541}
  t=   3.90  cb_yield           L3-CB0 {'rot': 0.00551}
  t=   3.90  cb_yield           L4-CB2 {'rot': 0.00536}
  t=   3.90  cb_yield           L5-CB2 {'rot': 0.00572}
  t=   3.90  cb_yield           L5-CB3 {'rot': 0.00546}
  t=   3.90  cb_yield           L6-CB3 {'rot': 0.00562}
  t=   3.90  cb_yield           L7-CB3 {'rot': 0.00564}
  t=   3.90  cb_yield           L8-CB3 {'rot': 0.00555}
  t=   3.90  cb_yield           L9-CB3 {'rot': 0.00537}
  t=   3.90  cb_yield           L10-CB2 {'rot': 0.00551}
  t=   3.95  cb_yield           L3-CB1 {'rot': 0.00582}
  t=   3.95  cb_yield           L4-CB3 {'rot': 0.00558}
  t=   4.00  cb_yield           L2-CB0 {'rot': 0.00538}
  t=   4.00  cb_yield           L3-CB2 {'rot': 0.00562}
  t=   4.00  cb_yield           L3-CB3 {'rot': 0.00538}
  t=   4.05  cb_yield           L2-CB1 {'rot': 0.00549}
  t=   8.25  cb_yield           L11-CB2 {'rot': 0.00547}
  t=   8.30  cb_yield           L12-CB2 {'rot': 0.0059}
  t=   8.30  cb_yield           L13-CB2 {'rot': 0.00557}
  t=   8.35  cb_yield           L2-CB3 {'rot': 0.0054}
  t=   8.35  cb_yield           L14-CB2 {'rot': 0.00569}
  t=   8.40  cb_yield           L2-CB2 {'rot': 0.00578}
  t=   8.40  cb_yield           L15-CB2 {'rot': 0.0058}
  t=   8.40  cb_yield           L16-CB2 {'rot': 0.00538}
  t=   8.50  cb_yield           L17-CB2 {'rot': 0.006}
  t=   8.55  cb_yield           L18-CB2 {'rot': 0.00606}
  t=   8.60  cb_yield           L19-CB2 {'rot': 0.00615}
  t=   8.65  cb_yield           L20-CB2 {'rot': 0.00625}
  t=   8.65  cb_yield           L26-CB3 {'rot': 0.00578}
  t=   8.70  cb_yield           L21-CB2 {'rot': 0.00641}
  t=   8.70  cb_yield           L22-CB2 {'rot': 0.00586}
  t=   8.70  cb_yield           L27-CB3 {'rot': 0.00606}
  t=   8.75  cb_yield           L23-CB2 {'rot': 0.00604}
  t=   8.75  cb_yield           L28-CB3 {'rot': 0.00627}
  t=   8.75  cb_yield           L29-CB3 {'rot': 0.00594}
  t=   8.80  cb_yield           L24-CB2 {'rot': 0.00612}
  t=   8.80  cb_yield           L30-CB3 {'rot': 0.00607}
  t=   8.80  cb_yield           L31-CB3 {'rot': 0.00581}
  t=   8.85  cb_yield           L25-CB2 {'rot': 0.00606}
  t=   8.85  cb_yield           L32-CB3 {'rot': 0.00601}
  t=   8.85  cb_yield           L33-CB3 {'rot': 0.00589}
  t=   8.90  cb_yield           L26-CB2 {'rot': 0.00591}
  t=   9.00  cb_yield           L27-CB2 {'rot': 0.00604}
  t=   9.05  cb_yield           L26-CB1 {'rot': 0.0063}
  t=   9.05  cb_yield           L27-CB1 {'rot': 0.00582}
  t=   9.10  cb_yield           L28-CB1 {'rot': 0.00674}
  t=   9.10  cb_yield           L28-CB2 {'rot': 0.00577}
  t=   9.10  cb_yield           L29-CB1 {'rot': 0.00614}
  t=   9.15  cb_yield           L30-CB1 {'rot': 0.00658}
  t=   9.15  cb_yield           L31-CB1 {'rot': 0.00593}
  t=   9.20  cb_yield           L32-CB1 {'rot': 0.00623}
  t=   9.80  cb_yield           L1-CB0 {'rot': 0.00552}
  progress t=  10.0s  max corner drift so far=0.0039  wall clock=279s
  t=  10.30  cb_yield           L18-CB0 {'rot': 0.006}
  t=  10.30  cb_yield           L19-CB0 {'rot': 0.00628}
  t=  10.30  cb_yield           L20-CB0 {'rot': 0.00649}
  t=  10.30  cb_yield           L21-CB0 {'rot': 0.00662}
  t=  10.30  cb_yield           L22-CB0 {'rot': 0.00665}
  t=  10.30  cb_yield           L23-CB0 {'rot': 0.0066}
  t=  10.30  cb_yield           L24-CB0 {'rot': 0.00646}
  t=  10.30  cb_yield           L25-CB0 {'rot': 0.00625}
  t=  10.30  cb_yield           L26-CB0 {'rot': 0.00599}
  t=  10.30  cb_yield           L33-CB1 {'rot': 0.00618}
  t=  10.35  cb_yield           L1-CB2 {'rot': 0.00535}
  t=  10.35  cb_yield           L27-CB0 {'rot': 0.00709}
  t=  10.35  cb_yield           L28-CB0 {'rot': 0.00669}
  t=  10.35  cb_yield           L29-CB0 {'rot': 0.00625}
  t=  10.35  cb_yield           L30-CB0 {'rot': 0.00576}
  t=  10.40  cb_yield           L1-CB3 {'rot': 0.0057}
  t=  10.40  cb_yield           L31-CB0 {'rot': 0.00609}
  t=  10.45  cb_yield           L32-CB0 {'rot': 0.00614}
  t=  10.45  cb_yield           L33-CB0 {'rot': 0.0059}
  t=  10.50  cb_yield           L1-CB1 {'rot': 0.00635}
  t=  13.95  cb_yield           L29-CB2 {'rot': 0.00621}
  t=  14.00  cb_yield           L30-CB2 {'rot': 0.00663}
  t=  14.00  cb_yield           L31-CB2 {'rot': 0.006}
  t=  14.05  cb_yield           L32-CB2 {'rot': 0.00581}
  t=  17.35  cb_failure         L9-CB1 {'rot': 0.02935}
  t=  17.35  cb_failure         L10-CB1 {'rot': 0.02947}
  t=  17.35  cb_failure         L11-CB1 {'rot': 0.02943}
  t=  17.40  cb_failure         L12-CB1 {'rot': 0.03041}
  t=  17.40  cb_failure         L13-CB1 {'rot': 0.03024}
  t=  17.40  cb_failure         L14-CB1 {'rot': 0.02986}
  t=  17.40  cb_failure         L15-CB1 {'rot': 0.02934}
  t=  17.45  cb_failure         L8-CB1 {'rot': 0.02934}
  t=  17.45  cb_failure         L16-CB1 {'rot': 0.02991}
  t=  17.50  cb_failure         L17-CB1 {'rot': 0.02975}
  t=  19.20  cb_yield           L33-CB2 {'rot': 0.00583}
  t=  19.95  cb_failure         L7-CB1 {'rot': 0.02933}
  t=  20.00  cb_failure         L6-CB1 {'rot': 0.02957}
  progress t=  20.0s  max corner drift so far=0.0100  wall clock=568s
  t=  20.05  cb_failure         L5-CB1 {'rot': 0.02933}
  t=  20.10  cb_failure         L18-CB1 {'rot': 0.03041}
  t=  20.10  cb_failure         L19-CB1 {'rot': 0.02982}
  t=  20.15  cb_failure         L20-CB1 {'rot': 0.03034}
  t=  20.20  cb_failure         L4-CB1 {'rot': 0.03021}
  t=  20.20  cb_failure         L21-CB1 {'rot': 0.03043}
  t=  20.25  cb_failure         L6-CB0 {'rot': 0.03007}
  t=  20.25  cb_failure         L7-CB0 {'rot': 0.03086}
  t=  20.25  cb_failure         L8-CB0 {'rot': 0.03124}
  t=  20.25  cb_failure         L9-CB0 {'rot': 0.03125}
  t=  20.25  cb_failure         L10-CB0 {'rot': 0.03101}
  t=  20.25  cb_failure         L11-CB0 {'rot': 0.03058}
  t=  20.25  cb_failure         L12-CB0 {'rot': 0.03001}
  t=  20.25  cb_failure         L22-CB1 {'rot': 0.0305}
  t=  20.30  cb_failure         L3-CB1 {'rot': 0.0317}
  t=  20.30  cb_failure         L5-CB0 {'rot': 0.03014}
  t=  20.30  cb_failure         L7-CB3 {'rot': 0.02941}
  t=  20.30  cb_failure         L8-CB3 {'rot': 0.02999}
  t=  20.30  cb_failure         L9-CB3 {'rot': 0.03021}
  t=  20.30  cb_failure         L10-CB3 {'rot': 0.03013}
  t=  20.30  cb_failure         L11-CB3 {'rot': 0.02982}
  t=  20.30  cb_failure         L12-CB3 {'rot': 0.02936}
  t=  20.30  cb_failure         L13-CB0 {'rot': 0.0311}
  t=  20.30  cb_failure         L14-CB0 {'rot': 0.03012}
  t=  20.30  cb_failure         L23-CB1 {'rot': 0.03071}
  t=  20.35  cb_failure         L2-CB1 {'rot': 0.0313}
  t=  20.35  cb_failure         L6-CB3 {'rot': 0.03047}
  t=  20.35  cb_failure         L13-CB3 {'rot': 0.03234}
  t=  20.35  cb_failure         L14-CB3 {'rot': 0.0317}
  t=  20.35  cb_failure         L15-CB0 {'rot': 0.03102}
  t=  20.35  cb_failure         L15-CB3 {'rot': 0.03099}
  t=  20.35  cb_failure         L16-CB0 {'rot': 0.02988}
  t=  20.35  cb_failure         L16-CB3 {'rot': 0.03023}
  t=  20.35  cb_failure         L24-CB1 {'rot': 0.03252}
  t=  20.35  cb_failure         L25-CB1 {'rot': 0.03068}
  t=  20.39  wall_axial_failure S1-F {'gamma': 0.00088, 'eps': -0.00604, 'cause': 'crushing'}
  t=  20.40  cb_failure         L1-CB1 {'rot': 0.03262}
  t=  20.40  cb_failure         L17-CB0 {'rot': 0.03051}
  t=  20.40  cb_failure         L17-CB3 {'rot': 0.03155}
  t=  20.40  cb_failure         L18-CB3 {'rot': 0.03035}
  t=  20.40  cb_failure         L26-CB1 {'rot': 0.02999}
  t=  20.45  cb_failure         L1-CB3 {'rot': 0.03058}
  t=  20.45  cb_failure         L2-CB3 {'rot': 0.03482}
  t=  20.45  cb_failure         L3-CB3 {'rot': 0.03866}
  t=  20.45  cb_failure         L4-CB0 {'rot': 0.02956}
  t=  20.45  cb_failure         L4-CB3 {'rot': 0.04175}
  t=  20.45  cb_failure         L5-CB3 {'rot': 0.04388}
  t=  20.45  cb_failure         L18-CB0 {'rot': 0.03036}
  t=  20.45  cb_failure         L19-CB3 {'rot': 0.03703}
  t=  20.45  cb_failure         L20-CB3 {'rot': 0.03492}
  t=  20.45  cb_failure         L21-CB3 {'rot': 0.03266}
  t=  20.45  cb_failure         L22-CB3 {'rot': 0.03046}
  t=  20.45  cb_failure         L27-CB1 {'rot': 0.03043}
  t=  20.50  cb_failure         L23-CB3 {'rot': 0.04646}
  t=  20.50  cb_failure         L24-CB3 {'rot': 0.04417}
  t=  20.50  cb_failure         L25-CB3 {'rot': 0.04221}
  t=  20.50  cb_failure         L26-CB3 {'rot': 0.04053}
  t=  20.50  cb_failure         L27-CB3 {'rot': 0.03903}
  t=  20.50  cb_failure         L28-CB1 {'rot': 0.04772}
  t=  20.50  cb_failure         L28-CB3 {'rot': 0.03774}
  t=  20.50  cb_failure         L29-CB1 {'rot': 0.04579}
  t=  20.50  cb_failure         L29-CB3 {'rot': 0.03664}
  t=  20.50  cb_failure         L30-CB1 {'rot': 0.04396}
  t=  20.50  cb_failure         L30-CB3 {'rot': 0.03573}
  t=  20.50  cb_failure         L31-CB1 {'rot': 0.043}
  t=  20.50  cb_failure         L31-CB3 {'rot': 0.03511}
  t=  20.50  cb_failure         L32-CB1 {'rot': 0.04259}
  t=  20.50  cb_failure         L32-CB3 {'rot': 0.0348}
  t=  20.50  cb_failure         L33-CB1 {'rot': 0.0378}
  t=  20.50  cb_failure         L33-CB3 {'rot': 0.03102}
  t=  20.55  cb_failure         L19-CB0 {'rot': 0.02998}
  t=  20.95  cb_failure         L20-CB0 {'rot': 0.03027}
  t=  21.00  cb_failure         L21-CB0 {'rot': 0.02982}
  t=  25.90  cb_failure         L4-CB2 {'rot': 0.02933}
  t=  25.90  cb_failure         L5-CB2 {'rot': 0.03032}
  t=  25.90  cb_failure         L6-CB2 {'rot': 0.03015}
  t=  25.95  cb_failure         L7-CB2 {'rot': 0.03172}
  t=  25.95  cb_failure         L8-CB2 {'rot': 0.03038}
  t=  26.00  cb_failure         L9-CB2 {'rot': 0.03138}
  t=  26.00  cb_failure         L10-CB2 {'rot': 0.02938}
  t=  26.05  cb_failure         L11-CB2 {'rot': 0.03015}
  t=  26.10  cb_failure         L3-CB2 {'rot': 0.02935}
  t=  26.10  cb_failure         L12-CB2 {'rot': 0.03063}
  t=  26.15  cb_failure         L13-CB2 {'rot': 0.03051}
  t=  26.20  cb_failure         L14-CB2 {'rot': 0.03015}
  t=  26.25  cb_failure         L15-CB2 {'rot': 0.02941}
  t=  26.35  cb_failure         L16-CB2 {'rot': 0.02933}
  t=  26.80  cb_failure         L22-CB0 {'rot': 0.03188}
  t=  26.80  cb_failure         L23-CB0 {'rot': 0.03092}
  t=  26.80  cb_failure         L24-CB0 {'rot': 0.02986}
  t=  26.85  cb_failure         L25-CB0 {'rot': 0.03309}
  t=  26.85  cb_failure         L26-CB0 {'rot': 0.03208}
  t=  26.85  cb_failure         L27-CB0 {'rot': 0.03089}
  t=  26.90  cb_failure         L28-CB0 {'rot': 0.03374}
  t=  26.90  cb_failure         L29-CB0 {'rot': 0.03261}
  t=  26.90  cb_failure         L30-CB0 {'rot': 0.03135}
  t=  26.90  cb_failure         L31-CB0 {'rot': 0.03025}
  t=  26.95  cb_failure         L32-CB0 {'rot': 0.03196}
  t=  26.95  cb_failure         L33-CB0 {'rot': 0.03168}
  t=  27.05  cb_failure         L24-CB2 {'rot': 0.03005}
  t=  27.05  cb_failure         L25-CB2 {'rot': 0.03034}
  t=  27.05  cb_failure         L26-CB2 {'rot': 0.03046}
  t=  27.05  cb_failure         L27-CB2 {'rot': 0.03041}
  t=  27.05  cb_failure         L28-CB2 {'rot': 0.03031}
  t=  27.05  cb_failure         L29-CB2 {'rot': 0.03006}
  t=  27.10  cb_failure         L30-CB2 {'rot': 0.02985}
  t=  27.35  cb_failure         L3-CB0 {'rot': 0.02991}
