  t=   2.00  cb_yield           L6-CB3 {'rot': 0.00535}
  t=   2.00  cb_yield           L7-CB1 {'rot': 0.00536}
  t=   2.00  cb_yield           L7-CB3 {'rot': 0.00546}
  t=   2.00  cb_yield           L8-CB1 {'rot': 0.00537}
  t=   2.00  cb_yield           L8-CB3 {'rot': 0.00548}
  t=   2.00  cb_yield           L9-CB3 {'rot': 0.00542}
  t=   2.12  cb_yield           L6-CB1 {'rot': 0.00549}
  t=   2.12  cb_yield           L9-CB1 {'rot': 0.00588}
  t=   2.12  cb_yield           L10-CB1 {'rot': 0.00587}
  t=   2.12  cb_yield           L10-CB3 {'rot': 0.006}
  t=   2.12  cb_yield           L11-CB1 {'rot': 0.00581}
  t=   2.12  cb_yield           L11-CB3 {'rot': 0.00594}
  t=   2.12  cb_yield           L12-CB1 {'rot': 0.0057}
  t=   2.12  cb_yield           L12-CB3 {'rot': 0.00585}
  t=   2.12  cb_yield           L13-CB1 {'rot': 0.00556}
  t=   2.12  cb_yield           L13-CB3 {'rot': 0.00571}
  t=   2.12  cb_yield           L14-CB1 {'rot': 0.00536}
  t=   2.12  cb_yield           L14-CB3 {'rot': 0.00552}
  t=   2.25  cb_yield           L15-CB1 {'rot': 0.00576}
  t=   2.25  cb_yield           L15-CB3 {'rot': 0.00596}
  t=   2.25  cb_yield           L16-CB1 {'rot': 0.00562}
  t=   2.25  cb_yield           L16-CB3 {'rot': 0.00582}
  t=   2.37  cb_yield           L17-CB1 {'rot': 0.00634}
  t=   2.37  cb_yield           L17-CB3 {'rot': 0.00659}
  t=   2.37  cb_yield           L18-CB1 {'rot': 0.00634}
  t=   2.37  cb_yield           L18-CB3 {'rot': 0.00661}
  t=   2.37  cb_yield           L19-CB1 {'rot': 0.00629}
  t=   2.37  cb_yield           L19-CB3 {'rot': 0.00658}
  t=   2.37  cb_yield           L20-CB1 {'rot': 0.00621}
  t=   2.37  cb_yield           L20-CB3 {'rot': 0.00652}
  t=   2.37  cb_yield           L21-CB1 {'rot': 0.0061}
  t=   2.37  cb_yield           L21-CB3 {'rot': 0.00642}
  t=   2.37  cb_yield           L22-CB1 {'rot': 0.00594}
  t=   2.37  cb_yield           L22-CB3 {'rot': 0.00627}
  t=   2.37  cb_yield           L23-CB3 {'rot': 0.00609}
  t=   2.37  cb_yield           L24-CB3 {'rot': 0.00586}
  t=   2.50  cb_yield           L23-CB1 {'rot': 0.00712}
  t=   2.50  cb_yield           L24-CB1 {'rot': 0.00684}
  t=   2.50  cb_yield           L25-CB1 {'rot': 0.0065}
  t=   2.50  cb_yield           L25-CB3 {'rot': 0.00681}
  t=   2.50  cb_yield           L26-CB1 {'rot': 0.00611}
  t=   2.50  cb_yield           L26-CB3 {'rot': 0.00642}
  t=   2.50  cb_yield           L27-CB3 {'rot': 0.00601}
  t=   2.62  cb_yield           L27-CB1 {'rot': 0.00587}
  t=   3.50  cb_yield           L14-CB0 {'rot': 0.00541}
  t=   3.50  cb_yield           L15-CB0 {'rot': 0.00567}
  t=   3.50  cb_yield           L16-CB0 {'rot': 0.00589}
  t=   3.50  cb_yield           L16-CB2 {'rot': 0.0054}
  t=   3.50  cb_yield           L17-CB0 {'rot': 0.00611}
  t=   3.50  cb_yield           L18-CB0 {'rot': 0.00625}
  t=   3.50  cb_yield           L18-CB2 {'rot': 0.00584}
  t=   3.50  cb_yield           L19-CB0 {'rot': 0.00633}
  t=   3.50  cb_yield           L19-CB2 {'rot': 0.00595}
  t=   3.50  cb_yield           L20-CB0 {'rot': 0.00634}
  t=   3.50  cb_yield           L20-CB2 {'rot': 0.00599}
  t=   3.50  cb_yield           L21-CB0 {'rot': 0.00627}
  t=   3.50  cb_yield           L21-CB2 {'rot': 0.00597}
  t=   3.50  cb_yield           L22-CB0 {'rot': 0.00612}
  t=   3.50  cb_yield           L22-CB2 {'rot': 0.00585}
  t=   3.50  cb_yield           L23-CB0 {'rot': 0.0059}
  t=   3.62  cb_yield           L11-CB0 {'rot': 0.00546}
  t=   3.62  cb_yield           L12-CB0 {'rot': 0.00575}
  t=   3.62  cb_yield           L13-CB0 {'rot': 0.00603}
  t=   3.62  cb_yield           L14-CB2 {'rot': 0.00542}
  t=   3.62  cb_yield           L15-CB2 {'rot': 0.00561}
  t=   3.62  cb_yield           L17-CB2 {'rot': 0.00589}
  t=   3.75  cb_yield           L6-CB0 {'rot': 0.00547}
  t=   3.75  cb_yield           L7-CB0 {'rot': 0.00578}
  t=   3.75  cb_yield           L8-CB0 {'rot': 0.00604}
  t=   3.75  cb_yield           L9-CB0 {'rot': 0.00626}
  t=   3.75  cb_yield           L10-CB0 {'rot': 0.00643}
  t=   3.75  cb_yield           L11-CB2 {'rot': 0.00539}
  t=   3.75  cb_yield           L12-CB2 {'rot': 0.00548}
  t=   3.75  cb_yield           L13-CB2 {'rot': 0.00554}
  t=   3.87  cb_yield           L3-CB0 {'rot': 0.0057}
  t=   3.87  cb_yield           L3-CB1 {'rot': 0.00552}
  t=   3.87  cb_yield           L4-CB0 {'rot': 0.00649}
  t=   3.87  cb_yield           L4-CB1 {'rot': 0.0063}
  t=   3.87  cb_yield           L4-CB2 {'rot': 0.00555}
  t=   3.87  cb_yield           L5-CB0 {'rot': 0.00706}
  t=   3.87  cb_yield           L5-CB1 {'rot': 0.00687}
  t=   3.87  cb_yield           L5-CB2 {'rot': 0.00598}
  t=   3.87  cb_yield           L5-CB3 {'rot': 0.00571}
  t=   3.87  cb_yield           L6-CB2 {'rot': 0.00624}
  t=   3.87  cb_yield           L7-CB2 {'rot': 0.00637}
  t=   3.87  cb_yield           L8-CB2 {'rot': 0.00638}
  t=   3.87  cb_yield           L9-CB2 {'rot': 0.0063}
  t=   3.87  cb_yield           L10-CB2 {'rot': 0.00615}
  t=   4.00  cb_yield           L2-CB0 {'rot': 0.00603}
  t=   4.00  cb_yield           L2-CB1 {'rot': 0.00584}
  t=   4.00  cb_yield           L3-CB2 {'rot': 0.00629}
  t=   4.00  cb_yield           L3-CB3 {'rot': 0.00605}
  t=   4.00  cb_yield           L4-CB3 {'rot': 0.00671}
  t=   4.12  cb_yield           L2-CB2 {'rot': 0.00595}
  t=   4.12  cb_yield           L2-CB3 {'rot': 0.00581}
  t=   8.63  cb_yield           L28-CB3 {'rot': 0.00585}
  t=   8.75  cb_yield           L23-CB2 {'rot': 0.0069}
  t=   8.75  cb_yield           L24-CB2 {'rot': 0.00627}
  t=   8.75  cb_yield           L29-CB3 {'rot': 0.00687}
  t=   8.75  cb_yield           L30-CB3 {'rot': 0.00653}
  t=   8.75  cb_yield           L31-CB3 {'rot': 0.00627}
  t=   8.75  cb_yield           L32-CB3 {'rot': 0.00608}
  t=   8.75  cb_yield           L33-CB3 {'rot': 0.00597}
  t=   8.88  cb_yield           L25-CB2 {'rot': 0.0069}
  t=   8.88  cb_yield           L26-CB2 {'rot': 0.00628}
  t=   9.00  cb_yield           L27-CB2 {'rot': 0.00663}
  t=   9.00  cb_yield           L28-CB2 {'rot': 0.00605}
  t=   9.13  cb_yield           L28-CB1 {'rot': 0.00766}
  t=   9.13  cb_yield           L29-CB1 {'rot': 0.00699}
  t=   9.13  cb_yield           L30-CB1 {'rot': 0.00628}
  t=   9.25  cb_yield           L24-CB0 {'rot': 0.00583}
  t=   9.25  cb_yield           L25-CB0 {'rot': 0.00585}
  t=   9.25  cb_yield           L26-CB0 {'rot': 0.00575}
  t=   9.25  cb_yield           L31-CB1 {'rot': 0.00788}
  t=   9.25  cb_yield           L32-CB1 {'rot': 0.00735}
  t=   9.88  cb_yield           L1-CB0 {'rot': 0.00635}
  t=   9.88  cb_yield           L1-CB1 {'rot': 0.00552}
  progress t=  10.0s  max corner drift so far=0.0043  wall clock=113s
  t=  10.38  cb_yield           L1-CB2 {'rot': 0.00624}
  t=  10.38  cb_yield           L1-CB3 {'rot': 0.00589}
  t=  10.38  cb_yield           L27-CB0 {'rot': 0.00828}
  t=  10.38  cb_yield           L28-CB0 {'rot': 0.00787}
  t=  10.38  cb_yield           L29-CB0 {'rot': 0.00739}
  t=  10.38  cb_yield           L30-CB0 {'rot': 0.00685}
  t=  10.38  cb_yield           L31-CB0 {'rot': 0.00633}
  t=  10.38  cb_yield           L32-CB0 {'rot': 0.0059}
  t=  10.38  cb_yield           L33-CB1 {'rot': 0.00866}
  t=  10.50  cb_yield           L33-CB0 {'rot': 0.0071}
  t=  11.38  cb_failure         L12-CB1 {'rot': 0.03018}
  t=  11.38  cb_failure         L13-CB1 {'rot': 0.03137}
  t=  11.38  cb_failure         L14-CB1 {'rot': 0.03225}
  t=  11.38  cb_failure         L15-CB1 {'rot': 0.03288}
  t=  11.38  cb_failure         L16-CB1 {'rot': 0.03324}
  t=  11.38  cb_failure         L17-CB1 {'rot': 0.03334}
  t=  11.38  cb_failure         L18-CB1 {'rot': 0.03311}
  t=  11.38  cb_failure         L19-CB1 {'rot': 0.03255}
  t=  11.38  cb_failure         L20-CB1 {'rot': 0.03165}
  t=  11.38  cb_failure         L21-CB1 {'rot': 0.03032}
  t=  11.50  cb_failure         L11-CB1 {'rot': 0.03025}
  t=  11.50  cb_failure         L13-CB0 {'rot': 0.02976}
  t=  11.50  cb_failure         L14-CB0 {'rot': 0.03053}
  t=  11.50  cb_failure         L15-CB0 {'rot': 0.03097}
  t=  11.50  cb_failure         L16-CB0 {'rot': 0.0311}
  t=  11.50  cb_failure         L17-CB0 {'rot': 0.03092}
  t=  11.50  cb_failure         L18-CB0 {'rot': 0.03035}
  t=  11.63  cb_failure         L19-CB0 {'rot': 0.03024}
  t=  11.63  cb_failure         L22-CB1 {'rot': 0.03017}
  t=  12.88  cb_yield           L29-CB2 {'rot': 0.00617}
  t=  13.50  cb_yield           L30-CB2 {'rot': 0.00574}
  t=  14.00  cb_yield           L31-CB2 {'rot': 0.00647}
  t=  14.00  cb_yield           L32-CB2 {'rot': 0.00589}
  t=  14.13  cb_yield           L33-CB2 {'rot': 0.00689}
  t=  17.13  cb_failure         L6-CB1 {'rot': 0.03122}
  t=  17.13  cb_failure         L7-CB0 {'rot': 0.03027}
  t=  17.13  cb_failure         L7-CB1 {'rot': 0.03263}
  t=  17.13  cb_failure         L8-CB0 {'rot': 0.03104}
  t=  17.13  cb_failure         L8-CB1 {'rot': 0.0335}
  t=  17.13  cb_failure         L9-CB0 {'rot': 0.03148}
  t=  17.13  cb_failure         L9-CB1 {'rot': 0.03398}
  t=  17.13  cb_failure         L10-CB0 {'rot': 0.03163}
  t=  17.13  cb_failure         L10-CB1 {'rot': 0.03414}
  t=  17.13  cb_failure         L10-CB3 {'rot': 0.02967}
  t=  17.13  cb_failure         L11-CB0 {'rot': 0.03154}
  t=  17.13  cb_failure         L11-CB3 {'rot': 0.02983}
  t=  17.13  cb_failure         L12-CB0 {'rot': 0.03119}
  t=  17.13  cb_failure         L12-CB3 {'rot': 0.02979}
  t=  17.13  cb_failure         L13-CB3 {'rot': 0.02949}
  t=  17.25  cb_failure         L4-CB1 {'rot': 0.02937}
  t=  17.25  cb_failure         L5-CB0 {'rot': 0.03054}
  t=  17.25  cb_failure         L5-CB1 {'rot': 0.0328}
  t=  17.25  cb_failure         L6-CB0 {'rot': 0.03267}
  t=  17.25  cb_failure         L7-CB3 {'rot': 0.03011}
  t=  17.25  cb_failure         L8-CB3 {'rot': 0.03082}
  t=  17.25  cb_failure         L9-CB3 {'rot': 0.0312}
  t=  17.25  cb_failure         L14-CB3 {'rot': 0.03039}
  t=  17.25  cb_failure         L15-CB3 {'rot': 0.02974}
  t=  17.38  cb_failure         L6-CB3 {'rot': 0.02988}
  t=  17.38  cb_failure         L16-CB3 {'rot': 0.03029}
  t=  17.50  cb_failure         L9-CB2 {'rot': 0.02996}
  t=  17.50  cb_failure         L10-CB2 {'rot': 0.03033}
  t=  17.50  cb_failure         L11-CB2 {'rot': 0.03043}
  t=  17.50  cb_failure         L12-CB2 {'rot': 0.03031}
  t=  17.50  cb_failure         L13-CB2 {'rot': 0.02986}
  t=  17.75  cb_failure         L20-CB0 {'rot': 0.03175}
  t=  17.88  cb_failure         L21-CB0 {'rot': 0.03004}
  t=  19.87  cb_failure         L5-CB3 {'rot': 0.02953}
  progress t=  20.0s  max corner drift so far=0.0150  wall clock=247s
  t=  20.12  cb_failure         L2-CB1 {'rot': 0.02971}
  t=  20.12  cb_failure         L3-CB1 {'rot': 0.03293}
  t=  20.12  cb_failure         L3-CB3 {'rot': 0.0314}
  t=  20.12  cb_failure         L4-CB3 {'rot': 0.03353}
  t= 20.125  solver fallback: Newton
  t=  20.20  wall_axial_failure S1-F {'gamma': 0.00117, 'eps': -0.0081, 'cause': 'crushing'}
  t=  20.25  cb_failure         L1-CB1 {'rot': 0.05916}
  t=  20.25  cb_failure         L1-CB3 {'rot': 0.04056}
  t=  20.25  cb_failure         L2-CB3 {'rot': 0.04676}
  t=  20.25  cb_failure         L4-CB0 {'rot': 0.03022}
  t=  20.25  cb_failure         L17-CB3 {'rot': 0.04761}
  t=  20.25  cb_failure         L18-CB3 {'rot': 0.04698}
  t=  20.25  cb_failure         L19-CB3 {'rot': 0.0464}
  t=  20.25  cb_failure         L20-CB3 {'rot': 0.0459}
  t=  20.25  cb_failure         L21-CB3 {'rot': 0.04537}
  t=  20.25  cb_failure         L22-CB3 {'rot': 0.04481}
  t=  20.25  cb_failure         L23-CB1 {'rot': 0.04875}
  t=  20.25  cb_failure         L23-CB3 {'rot': 0.04422}
  t=  20.25  cb_failure         L24-CB1 {'rot': 0.04744}
  t=  20.25  cb_failure         L24-CB3 {'rot': 0.04358}
  t=  20.25  cb_failure         L25-CB1 {'rot': 0.04608}
  t=  20.25  cb_failure         L25-CB3 {'rot': 0.0429}
  t=  20.25  cb_failure         L26-CB1 {'rot': 0.04475}
  t=  20.25  cb_failure         L26-CB3 {'rot': 0.04221}
  t=  20.25  cb_failure         L27-CB1 {'rot': 0.0435}
  t=  20.25  cb_failure         L27-CB3 {'rot': 0.04153}
  t=  20.25  cb_failure         L28-CB1 {'rot': 0.04261}
  t=  20.25  cb_failure         L28-CB3 {'rot': 0.041}
  t=  20.25  cb_failure         L29-CB1 {'rot': 0.04172}
  t=  20.25  cb_failure         L29-CB3 {'rot': 0.04042}
  t=  20.25  cb_failure         L30-CB1 {'rot': 0.04079}
  t=  20.25  cb_failure         L30-CB3 {'rot': 0.03976}
  t=  20.25  cb_failure         L31-CB1 {'rot': 0.03996}
  t=  20.25  cb_failure         L31-CB3 {'rot': 0.03908}
  t=  20.25  cb_failure         L32-CB1 {'rot': 0.03935}
  t=  20.25  cb_failure         L32-CB3 {'rot': 0.03853}
  t=  20.25  cb_failure         L33-CB1 {'rot': 0.03351}
  t=  20.25  cb_failure         L33-CB3 {'rot': 0.03272}
  t= 20.275  solver fallback: Newton
  t= 20.300  solver fallback: 4 sub-steps
