  t=   2.25  cb_yield           L11-CB3 {'rot': 0.00535}
  t=   2.25  cb_yield           L12-CB3 {'rot': 0.00536}
  t=   2.25  cb_yield           L13-CB3 {'rot': 0.00534}
  t=   2.37  cb_yield           L14-CB3 {'rot': 0.00541}
  t=   2.37  cb_yield           L15-CB1 {'rot': 0.00534}
  t=   2.37  cb_yield           L15-CB3 {'rot': 0.00551}
  t=   2.37  cb_yield           L16-CB1 {'rot': 0.00541}
  t=   2.37  cb_yield           L16-CB3 {'rot': 0.0056}
  t=   2.50  cb_yield           L17-CB1 {'rot': 0.00601}
  t=   2.50  cb_yield           L17-CB3 {'rot': 0.00621}
  t=   2.50  cb_yield           L18-CB1 {'rot': 0.00618}
  t=   2.50  cb_yield           L18-CB3 {'rot': 0.0064}
  t=   2.50  cb_yield           L19-CB1 {'rot': 0.00629}
  t=   2.50  cb_yield           L19-CB3 {'rot': 0.00652}
  t=   2.50  cb_yield           L20-CB1 {'rot': 0.00634}
  t=   2.50  cb_yield           L20-CB3 {'rot': 0.00658}
  t=   2.50  cb_yield           L21-CB1 {'rot': 0.00632}
  t=   2.50  cb_yield           L21-CB3 {'rot': 0.00657}
  t=   2.50  cb_yield           L22-CB1 {'rot': 0.00623}
  t=   2.50  cb_yield           L22-CB3 {'rot': 0.00649}
  t=   2.50  cb_yield           L23-CB1 {'rot': 0.00607}
  t=   2.50  cb_yield           L23-CB3 {'rot': 0.00634}
  t=   2.50  cb_yield           L24-CB1 {'rot': 0.00586}
  t=   2.50  cb_yield           L24-CB3 {'rot': 0.00613}
  t=   2.50  cb_yield           L25-CB3 {'rot': 0.00587}
  t=   3.62  cb_yield           L14-CB0 {'rot': 0.00546}
  t=   3.62  cb_yield           L15-CB0 {'rot': 0.00559}
  t=   3.62  cb_yield           L16-CB0 {'rot': 0.00567}
  t=   3.62  cb_yield           L18-CB0 {'rot': 0.00575}
  t=   3.75  cb_yield           L8-CB0 {'rot': 0.00552}
  t=   3.75  cb_yield           L8-CB1 {'rot': 0.00539}
  t=   3.75  cb_yield           L9-CB0 {'rot': 0.00568}
  t=   3.75  cb_yield           L9-CB1 {'rot': 0.00553}
  t=   3.75  cb_yield           L10-CB0 {'rot': 0.00579}
  t=   3.75  cb_yield           L10-CB1 {'rot': 0.00563}
  t=   3.75  cb_yield           L11-CB0 {'rot': 0.00588}
  t=   3.75  cb_yield           L11-CB1 {'rot': 0.0057}
  t=   3.75  cb_yield           L12-CB0 {'rot': 0.00594}
  t=   3.75  cb_yield           L12-CB1 {'rot': 0.00574}
  t=   3.75  cb_yield           L13-CB0 {'rot': 0.00596}
  t=   3.75  cb_yield           L13-CB1 {'rot': 0.00575}
  t=   3.75  cb_yield           L14-CB1 {'rot': 0.0057}
  t=   3.87  cb_yield           L4-CB0 {'rot': 0.0059}
  t=   3.87  cb_yield           L4-CB1 {'rot': 0.00572}
  t=   3.87  cb_yield           L5-CB0 {'rot': 0.00638}
  t=   3.87  cb_yield           L5-CB1 {'rot': 0.00619}
  t=   3.87  cb_yield           L5-CB2 {'rot': 0.00543}
  t=   3.87  cb_yield           L6-CB0 {'rot': 0.00669}
  t=   3.87  cb_yield           L6-CB1 {'rot': 0.00649}
  t=   3.87  cb_yield           L6-CB2 {'rot': 0.00562}
  t=   3.87  cb_yield           L6-CB3 {'rot': 0.00535}
  t=   3.87  cb_yield           L7-CB0 {'rot': 0.00686}
  t=   3.87  cb_yield           L7-CB1 {'rot': 0.00665}
  t=   3.87  cb_yield           L7-CB2 {'rot': 0.0057}
  t=   3.87  cb_yield           L7-CB3 {'rot': 0.00541}
  t=   3.87  cb_yield           L8-CB2 {'rot': 0.00567}
  t=   3.87  cb_yield           L8-CB3 {'rot': 0.00536}
  t=   3.87  cb_yield           L9-CB2 {'rot': 0.00557}
  t=   3.87  cb_yield           L10-CB2 {'rot': 0.00541}
  t=   4.00  cb_yield           L2-CB0 {'rot': 0.00536}
  t=   4.00  cb_yield           L3-CB0 {'rot': 0.00646}
  t=   4.00  cb_yield           L3-CB1 {'rot': 0.00623}
  t=   4.00  cb_yield           L3-CB2 {'rot': 0.00561}
  t=   4.00  cb_yield           L3-CB3 {'rot': 0.00537}
  t=   4.00  cb_yield           L4-CB2 {'rot': 0.00622}
  t=   4.00  cb_yield           L4-CB3 {'rot': 0.00595}
  t=   4.00  cb_yield           L5-CB3 {'rot': 0.00626}
  t=   4.00  cb_yield           L9-CB3 {'rot': 0.00574}
  t=   4.00  cb_yield           L10-CB3 {'rot': 0.00534}
  t=   4.00  cb_yield           L11-CB2 {'rot': 0.00533}
  t=   4.12  cb_yield           L2-CB1 {'rot': 0.00572}
  t=   8.38  cb_yield           L2-CB2 {'rot': 0.00538}
  t=   8.38  cb_yield           L2-CB3 {'rot': 0.00563}
  t=   8.38  cb_yield           L12-CB2 {'rot': 0.00682}
  t=   8.38  cb_yield           L13-CB2 {'rot': 0.00638}
  t=   8.38  cb_yield           L14-CB2 {'rot': 0.00594}
  t=   8.38  cb_yield           L15-CB2 {'rot': 0.00551}
  t=   8.50  cb_yield           L16-CB2 {'rot': 0.00659}
  t=   8.50  cb_yield           L17-CB2 {'rot': 0.006}
  t=   8.63  cb_yield           L18-CB2 {'rot': 0.00711}
  t=   8.63  cb_yield           L19-CB2 {'rot': 0.00651}
  t=   8.63  cb_yield           L20-CB2 {'rot': 0.00594}
  t=   8.75  cb_yield           L21-CB2 {'rot': 0.00711}
  t=   8.75  cb_yield           L22-CB2 {'rot': 0.00656}
  t=   8.75  cb_yield           L23-CB2 {'rot': 0.00601}
  t=   8.75  cb_yield           L26-CB3 {'rot': 0.00708}
  t=   8.75  cb_yield           L27-CB3 {'rot': 0.00665}
  t=   8.75  cb_yield           L28-CB3 {'rot': 0.00628}
  t=   8.75  cb_yield           L29-CB3 {'rot': 0.00595}
  t=   8.88  cb_yield           L24-CB2 {'rot': 0.00682}
  t=   8.88  cb_yield           L25-CB2 {'rot': 0.00625}
  t=   8.88  cb_yield           L30-CB3 {'rot': 0.0068}
  t=   8.88  cb_yield           L31-CB3 {'rot': 0.00647}
  t=   8.88  cb_yield           L32-CB3 {'rot': 0.00624}
  t=   8.88  cb_yield           L33-CB3 {'rot': 0.00611}
  t=   9.00  cb_yield           L26-CB2 {'rot': 0.00657}
  t=   9.00  cb_yield           L27-CB2 {'rot': 0.006}
  t=   9.13  cb_yield           L25-CB1 {'rot': 0.00848}
  t=   9.13  cb_yield           L26-CB1 {'rot': 0.00814}
  t=   9.13  cb_yield           L27-CB1 {'rot': 0.0077}
  t=   9.13  cb_yield           L28-CB1 {'rot': 0.00722}
  t=   9.13  cb_yield           L29-CB1 {'rot': 0.00662}
  t=   9.13  cb_yield           L30-CB1 {'rot': 0.00597}
  t=   9.25  cb_yield           L31-CB1 {'rot': 0.00716}
  t=   9.25  cb_yield           L32-CB1 {'rot': 0.00666}
  t=   9.88  cb_yield           L1-CB0 {'rot': 0.00585}
  progress t=  10.0s  max corner drift so far=0.0039  wall clock=107s
  t=  10.38  cb_yield           L1-CB2 {'rot': 0.00569}
  t=  10.38  cb_yield           L1-CB3 {'rot': 0.00543}
  t=  10.38  cb_yield           L17-CB0 {'rot': 0.00606}
  t=  10.38  cb_yield           L19-CB0 {'rot': 0.00739}
  t=  10.38  cb_yield           L20-CB0 {'rot': 0.00786}
  t=  10.38  cb_yield           L21-CB0 {'rot': 0.00822}
  t=  10.38  cb_yield           L22-CB0 {'rot': 0.00842}
  t=  10.38  cb_yield           L23-CB0 {'rot': 0.00849}
  t=  10.38  cb_yield           L24-CB0 {'rot': 0.00842}
  t=  10.38  cb_yield           L25-CB0 {'rot': 0.00824}
  t=  10.38  cb_yield           L26-CB0 {'rot': 0.00795}
  t=  10.38  cb_yield           L27-CB0 {'rot': 0.00758}
  t=  10.38  cb_yield           L28-CB0 {'rot': 0.00716}
  t=  10.38  cb_yield           L29-CB0 {'rot': 0.00669}
  t=  10.38  cb_yield           L30-CB0 {'rot': 0.00616}
  t=  10.38  cb_yield           L33-CB1 {'rot': 0.00776}
  t=  10.50  cb_yield           L1-CB1 {'rot': 0.00629}
  t=  10.50  cb_yield           L31-CB0 {'rot': 0.00686}
  t=  10.50  cb_yield           L32-CB0 {'rot': 0.00631}
  t=  10.50  cb_yield           L33-CB0 {'rot': 0.00606}
  t=  14.00  cb_yield           L28-CB2 {'rot': 0.00746}
  t=  14.00  cb_yield           L29-CB2 {'rot': 0.00703}
  t=  14.00  cb_yield           L30-CB2 {'rot': 0.00646}
  t=  14.00  cb_yield           L31-CB2 {'rot': 0.00583}
  t=  17.38  cb_failure         L9-CB1 {'rot': 0.02938}
  t=  17.38  cb_failure         L10-CB1 {'rot': 0.02959}
  t=  17.38  cb_failure         L11-CB1 {'rot': 0.02963}
  t=  17.38  cb_failure         L12-CB1 {'rot': 0.02954}
  t=  17.50  cb_failure         L13-CB1 {'rot': 0.03178}
  t=  17.50  cb_failure         L14-CB1 {'rot': 0.03163}
  t=  17.50  cb_failure         L15-CB1 {'rot': 0.03123}
  t=  17.50  cb_failure         L16-CB1 {'rot': 0.03057}
  t=  17.63  cb_failure         L17-CB1 {'rot': 0.03027}
  t=  19.25  cb_yield           L32-CB2 {'rot': 0.00582}
  t=  20.00  cb_failure         L6-CB1 {'rot': 0.02952}
  t=  20.00  cb_failure         L7-CB1 {'rot': 0.03019}
  t=  20.00  cb_failure         L8-CB1 {'rot': 0.03038}
  progress t=  20.0s  max corner drift so far=0.0099  wall clock=236s
  t=  20.12  cb_failure         L5-CB1 {'rot': 0.0305}
  t=  20.12  cb_failure         L18-CB1 {'rot': 0.03078}
  t=  20.12  cb_failure         L19-CB1 {'rot': 0.0301}
  t=  20.25  cb_failure         L4-CB1 {'rot': 0.03116}
  t=  20.25  cb_failure         L6-CB0 {'rot': 0.0299}
  t=  20.25  cb_failure         L7-CB0 {'rot': 0.03068}
  t=  20.25  cb_failure         L8-CB0 {'rot': 0.03104}
  t=  20.25  cb_failure         L9-CB0 {'rot': 0.03106}
  t=  20.25  cb_failure         L10-CB0 {'rot': 0.03082}
  t=  20.25  cb_failure         L11-CB0 {'rot': 0.03041}
  t=  20.25  cb_failure         L12-CB0 {'rot': 0.02987}
  t=  20.25  cb_failure         L20-CB1 {'rot': 0.03189}
  t=  20.25  cb_failure         L21-CB1 {'rot': 0.03097}
  t=  20.25  cb_failure         L22-CB1 {'rot': 0.03004}
  t=  20.37  cb_failure         L2-CB1 {'rot': 0.03154}
  t=  20.37  cb_failure         L3-CB1 {'rot': 0.03563}
  t=  20.37  cb_failure         L5-CB0 {'rot': 0.03131}
  t=  20.37  cb_failure         L6-CB3 {'rot': 0.03011}
  t=  20.37  cb_failure         L7-CB3 {'rot': 0.03162}
  t=  20.37  cb_failure         L8-CB3 {'rot': 0.03257}
  t=  20.37  cb_failure         L9-CB3 {'rot': 0.03307}
  t=  20.37  cb_failure         L10-CB3 {'rot': 0.03325}
  t=  20.37  cb_failure         L11-CB3 {'rot': 0.03319}
  t=  20.37  cb_failure         L12-CB3 {'rot': 0.03295}
  t=  20.37  cb_failure         L13-CB0 {'rot': 0.03382}
  t=  20.37  cb_failure         L13-CB3 {'rot': 0.03252}
  t=  20.37  cb_failure         L14-CB0 {'rot': 0.03288}
  t=  20.37  cb_failure         L14-CB3 {'rot': 0.03191}
  t=  20.37  cb_failure         L15-CB0 {'rot': 0.03181}
  t=  20.37  cb_failure         L15-CB3 {'rot': 0.0312}
  t=  20.37  cb_failure         L16-CB0 {'rot': 0.03064}
  t=  20.37  cb_failure         L16-CB3 {'rot': 0.03041}
  t=  20.37  cb_failure         L23-CB1 {'rot': 0.03412}
  t=  20.37  cb_failure         L24-CB1 {'rot': 0.03224}
  t=  20.37  cb_failure         L25-CB1 {'rot': 0.03033}
  t=  20.42  wall_axial_failure S1-F {'gamma': 0.00086, 'eps': -0.00614, 'cause': 'crushing'}
  t=  20.50  cb_failure         L1-CB1 {'rot': 0.05301}
  t=  20.50  cb_failure         L1-CB3 {'rot': 0.03021}
  t=  20.50  cb_failure         L2-CB3 {'rot': 0.03418}
  t=  20.50  cb_failure         L3-CB3 {'rot': 0.03788}
  t=  20.50  cb_failure         L4-CB0 {'rot': 0.02933}
  t=  20.50  cb_failure         L4-CB3 {'rot': 0.04093}
  t=  20.50  cb_failure         L5-CB3 {'rot': 0.04316}
  t=  20.50  cb_failure         L17-CB0 {'rot': 0.03355}
  t=  20.50  cb_failure         L17-CB3 {'rot': 0.04131}
  t=  20.50  cb_failure         L18-CB0 {'rot': 0.03137}
  t=  20.50  cb_failure         L18-CB3 {'rot': 0.03905}
  t=  20.50  cb_failure         L19-CB3 {'rot': 0.03665}
  t=  20.50  cb_failure         L20-CB3 {'rot': 0.0343}
  t=  20.50  cb_failure         L21-CB3 {'rot': 0.03182}
  t=  20.50  cb_failure         L22-CB3 {'rot': 0.02975}
  t=  20.50  cb_failure         L26-CB1 {'rot': 0.03317}
  t=  20.50  cb_failure         L27-CB1 {'rot': 0.03072}
  t= 20.500  solver fallback: 4 sub-steps
  t= 20.525  solver fallback: NewtonLineSearch
  t= 20.550  solver fallback: 4 sub-steps
  t=  20.62  wall_flexure_strength_loss S20-F {'rot_x': 0.0, 'rot_y': 0.01237}
  t=  20.62  wall_axial_failure S20-F {'gamma': 0.00213, 'eps': -0.00824, 'cause': 'crushing'}
  t=  20.62  cb_failure         L19-CB0 {'rot': 0.03041}
  t=  20.62  cb_failure         L23-CB3 {'rot': 0.05649}
  t=  20.62  cb_failure         L24-CB3 {'rot': 0.05503}
  t=  20.62  cb_failure         L25-CB3 {'rot': 0.05374}
  t=  20.62  cb_failure         L26-CB3 {'rot': 0.05259}
  t=  20.62  cb_failure         L27-CB3 {'rot': 0.05161}
  t=  20.62  cb_failure         L28-CB1 {'rot': 0.06221}
  t=  20.62  cb_failure         L28-CB3 {'rot': 0.05084}
  t=  20.62  cb_failure         L29-CB1 {'rot': 0.0609}
  t=  20.62  cb_failure         L29-CB3 {'rot': 0.05016}
  t=  20.62  cb_failure         L30-CB1 {'rot': 0.0596}
  t=  20.62  cb_failure         L30-CB3 {'rot': 0.04957}
  t=  20.62  cb_failure         L31-CB1 {'rot': 0.05871}
  t=  20.62  cb_failure         L31-CB3 {'rot': 0.04914}
  t=  20.62  cb_failure         L32-CB1 {'rot': 0.05833}
  t=  20.62  cb_failure         L32-CB3 {'rot': 0.04897}
  t=  20.62  cb_failure         L33-CB1 {'rot': 0.05667}
  t=  20.62  cb_failure         L33-CB3 {'rot': 0.04738}
  t= 20.625  solver fallback: NewtonLineSearch
