  t=   8.38  cb_yield           L7-CB3 {'rot': 0.00541}
  t=   8.38  cb_yield           L8-CB3 {'rot': 0.00541}
  t=   8.38  cb_yield           L9-CB3 {'rot': 0.00534}
  t=   8.50  cb_yield           L4-CB3 {'rot': 0.00534}
  t=   8.50  cb_yield           L5-CB3 {'rot': 0.0058}
  t=   8.50  cb_yield           L6-CB2 {'rot': 0.00553}
  t=   8.50  cb_yield           L6-CB3 {'rot': 0.0061}
  t=   8.50  cb_yield           L7-CB2 {'rot': 0.00562}
  t=   8.50  cb_yield           L8-CB2 {'rot': 0.0056}
  t=   8.50  cb_yield           L9-CB2 {'rot': 0.00548}
  t=   8.50  cb_yield           L10-CB3 {'rot': 0.00615}
  t=   8.50  cb_yield           L11-CB3 {'rot': 0.00599}
  t=   8.50  cb_yield           L12-CB3 {'rot': 0.00578}
  t=   8.50  cb_yield           L13-CB3 {'rot': 0.00554}
  t=   8.63  cb_yield           L10-CB2 {'rot': 0.00571}
  t=   8.63  cb_yield           L11-CB2 {'rot': 0.00562}
  t=   8.63  cb_yield           L12-CB2 {'rot': 0.00548}
  t=   8.63  cb_yield           L14-CB3 {'rot': 0.00623}
  t=   8.63  cb_yield           L15-CB3 {'rot': 0.00603}
  t=   8.63  cb_yield           L16-CB3 {'rot': 0.00582}
  t=   8.75  cb_yield           L13-CB2 {'rot': 0.00555}
  t=   8.75  cb_yield           L14-CB2 {'rot': 0.00549}
  t=   8.75  cb_yield           L15-CB2 {'rot': 0.00541}
  t=   8.75  cb_yield           L17-CB3 {'rot': 0.00653}
  t=   8.75  cb_yield           L18-CB3 {'rot': 0.00638}
  t=   8.75  cb_yield           L19-CB3 {'rot': 0.00621}
  t=   8.75  cb_yield           L20-CB3 {'rot': 0.00601}
  t=   8.75  cb_yield           L21-CB3 {'rot': 0.00578}
  t=   8.88  cb_yield           L16-CB2 {'rot': 0.00551}
  t=   8.88  cb_yield           L22-CB3 {'rot': 0.0066}
  t=   8.88  cb_yield           L23-CB3 {'rot': 0.00638}
  t=   8.88  cb_yield           L24-CB3 {'rot': 0.00613}
  t=   8.88  cb_yield           L25-CB3 {'rot': 0.00586}
  t=   9.00  cb_yield           L26-CB3 {'rot': 0.00615}
  t=   9.00  cb_yield           L27-CB3 {'rot': 0.00584}
  t=   9.75  cb_yield           L5-CB1 {'rot': 0.00541}
  t=   9.75  cb_yield           L6-CB1 {'rot': 0.00549}
  t=   9.75  cb_yield           L7-CB1 {'rot': 0.00542}
  t=   9.88  cb_yield           L4-CB0 {'rot': 0.00559}
  t=   9.88  cb_yield           L4-CB1 {'rot': 0.00549}
  t=   9.88  cb_yield           L5-CB0 {'rot': 0.00574}
  t=   9.88  cb_yield           L6-CB0 {'rot': 0.00571}
  t=   9.88  cb_yield           L7-CB0 {'rot': 0.00552}
  t=   9.88  cb_yield           L8-CB1 {'rot': 0.00551}
  progress t=  10.0s  max corner drift so far=0.0023  wall clock=101s
  t=  10.38  cb_yield           L2-CB2 {'rot': 0.00546}
  t=  10.38  cb_yield           L2-CB3 {'rot': 0.00539}
  t=  10.38  cb_yield           L3-CB2 {'rot': 0.00641}
  t=  10.38  cb_yield           L3-CB3 {'rot': 0.00627}
  t=  10.38  cb_yield           L4-CB2 {'rot': 0.00693}
  t=  10.38  cb_yield           L5-CB2 {'rot': 0.00708}
  t=  10.38  cb_yield           L20-CB1 {'rot': 0.00621}
  t=  10.38  cb_yield           L21-CB1 {'rot': 0.00666}
  t=  10.38  cb_yield           L22-CB1 {'rot': 0.007}
  t=  10.38  cb_yield           L23-CB1 {'rot': 0.00721}
  t=  10.38  cb_yield           L24-CB1 {'rot': 0.0073}
  t=  10.38  cb_yield           L25-CB1 {'rot': 0.00728}
  t=  10.38  cb_yield           L26-CB1 {'rot': 0.00717}
  t=  10.38  cb_yield           L27-CB1 {'rot': 0.00697}
  t=  10.38  cb_yield           L28-CB1 {'rot': 0.00672}
  t=  10.38  cb_yield           L29-CB1 {'rot': 0.00643}
  t=  10.38  cb_yield           L30-CB1 {'rot': 0.00609}
  t=  10.50  cb_yield           L2-CB0 {'rot': 0.00616}
  t=  10.50  cb_yield           L2-CB1 {'rot': 0.00574}
  t=  10.50  cb_yield           L3-CB0 {'rot': 0.0072}
  t=  10.50  cb_yield           L3-CB1 {'rot': 0.00662}
  t=  10.50  cb_yield           L8-CB0 {'rot': 0.00663}
  t=  10.50  cb_yield           L9-CB0 {'rot': 0.00587}
  t=  10.50  cb_yield           L24-CB0 {'rot': 0.00578}
  t=  10.50  cb_yield           L25-CB0 {'rot': 0.00585}
  t=  10.50  cb_yield           L26-CB0 {'rot': 0.00578}
  t=  10.50  cb_yield           L31-CB1 {'rot': 0.00624}
  t=  10.50  cb_yield           L32-CB1 {'rot': 0.0059}
  t=  10.63  cb_yield           L9-CB1 {'rot': 0.00617}
  t=  10.63  cb_yield           L10-CB0 {'rot': 0.00613}
  t=  10.75  cb_yield           L10-CB1 {'rot': 0.00631}
  t=  10.75  cb_yield           L11-CB0 {'rot': 0.00638}
  t=  10.75  cb_yield           L11-CB1 {'rot': 0.00566}
  t=  10.75  cb_yield           L12-CB0 {'rot': 0.00573}
  t=  10.88  cb_yield           L12-CB1 {'rot': 0.00655}
  t=  10.88  cb_yield           L13-CB0 {'rot': 0.00678}
  t=  10.88  cb_yield           L13-CB1 {'rot': 0.00632}
  t=  10.88  cb_yield           L14-CB0 {'rot': 0.00653}
  t=  10.88  cb_yield           L14-CB1 {'rot': 0.00606}
  t=  10.88  cb_yield           L15-CB0 {'rot': 0.00628}
  t=  10.88  cb_yield           L15-CB1 {'rot': 0.0058}
  t=  10.88  cb_yield           L16-CB0 {'rot': 0.00603}
  t=  10.88  cb_yield           L16-CB1 {'rot': 0.00554}
  t=  10.88  cb_yield           L17-CB0 {'rot': 0.00575}
  t=  11.00  cb_yield           L17-CB1 {'rot': 0.00901}
  t=  11.00  cb_yield           L18-CB0 {'rot': 0.00895}
  t=  11.00  cb_yield           L18-CB1 {'rot': 0.00912}
  t=  11.00  cb_yield           L19-CB0 {'rot': 0.00901}
  t=  11.00  cb_yield           L19-CB1 {'rot': 0.00917}
  t=  11.00  cb_yield           L20-CB0 {'rot': 0.00902}
  t=  11.00  cb_yield           L21-CB0 {'rot': 0.00894}
  t=  11.00  cb_yield           L22-CB0 {'rot': 0.00876}
  t=  11.00  cb_yield           L23-CB0 {'rot': 0.00848}
  t=  11.00  cb_yield           L27-CB0 {'rot': 0.00642}
  t=  11.00  cb_yield           L28-CB0 {'rot': 0.00583}
  t=  11.13  cb_yield           L29-CB0 {'rot': 0.00597}
  t=  12.88  cb_yield           L28-CB3 {'rot': 0.00645}
  t=  12.88  cb_yield           L29-CB3 {'rot': 0.006}
  t=  13.00  cb_yield           L17-CB2 {'rot': 0.00639}
  t=  13.00  cb_yield           L18-CB2 {'rot': 0.0062}
  t=  13.00  cb_yield           L19-CB2 {'rot': 0.00598}
  progress t=  20.0s  max corner drift so far=0.0050  wall clock=212s
  t=  20.75  cb_yield           L33-CB1 {'rot': 0.00589}
  t=  20.87  cb_yield           L30-CB0 {'rot': 0.00707}
  t=  20.87  cb_yield           L31-CB0 {'rot': 0.00671}
  t=  20.87  cb_yield           L32-CB0 {'rot': 0.00641}
  t=  20.87  cb_yield           L33-CB0 {'rot': 0.00626}
  t=  22.12  cb_yield           L1-CB1 {'rot': 0.00552}
  t=  22.25  cb_yield           L1-CB0 {'rot': 0.00606}
  t=  22.25  cb_yield           L30-CB3 {'rot': 0.006}
  t=  22.25  cb_yield           L31-CB3 {'rot': 0.00596}
  t=  22.25  cb_yield           L32-CB3 {'rot': 0.00587}
  t=  22.25  cb_yield           L33-CB3 {'rot': 0.00578}
  t=  23.00  cb_yield           L20-CB2 {'rot': 0.00586}
  t=  24.62  cb_yield           L1-CB3 {'rot': 0.00575}
  t=  24.62  cb_yield           L21-CB2 {'rot': 0.00616}
  t=  24.62  cb_yield           L22-CB2 {'rot': 0.00588}
  t=  24.75  cb_yield           L23-CB2 {'rot': 0.00668}
  t=  24.75  cb_yield           L24-CB2 {'rot': 0.00612}
  t=  24.87  cb_yield           L25-CB2 {'rot': 0.00601}
  t=  26.75  cb_yield           L26-CB2 {'rot': 0.00599}
  t=  26.75  cb_yield           L27-CB2 {'rot': 0.0058}
  t=  27.87  cb_yield           L1-CB2 {'rot': 0.00547}
  t=  29.37  cb_yield           L28-CB2 {'rot': 0.00585}
  t=  29.50  cb_yield           L29-CB2 {'rot': 0.00694}
  t=  29.50  cb_yield           L30-CB2 {'rot': 0.00611}
  t=  29.62  cb_yield           L31-CB2 {'rot': 0.00576}
  progress t=  30.0s  max corner drift so far=0.0068  wall clock=327s
  t=  39.50  cb_yield           L32-CB2 {'rot': 0.00588}
  t=  39.62  cb_yield           L33-CB2 {'rot': 0.00634}
  progress t=  40.0s  max corner drift so far=0.0068  wall clock=446s
  t=  49.00  cb_failure         L20-CB3 {'rot': 0.02992}
  t=  49.00  cb_failure         L21-CB3 {'rot': 0.03005}
  t=  49.00  cb_failure         L22-CB3 {'rot': 0.02999}
  t=  49.00  cb_failure         L23-CB3 {'rot': 0.02977}
  t=  49.12  cb_failure         L16-CB3 {'rot': 0.02934}
  t=  49.12  cb_failure         L17-CB3 {'rot': 0.03031}
  t=  49.12  cb_failure         L18-CB3 {'rot': 0.03107}
  t=  49.12  cb_failure         L19-CB3 {'rot': 0.03159}
  t=  49.12  cb_failure         L24-CB3 {'rot': 0.03091}
  t=  49.12  cb_failure         L25-CB3 {'rot': 0.03}
  progress t=  50.0s  max corner drift so far=0.0071  wall clock=564s
  t=  59.00  cb_failure         L7-CB1 {'rot': 0.03038}
  t=  59.00  cb_failure         L7-CB3 {'rot': 0.03024}
  t=  59.00  cb_failure         L8-CB1 {'rot': 0.03143}
  t=  59.00  cb_failure         L8-CB3 {'rot': 0.03159}
  t=  59.00  cb_failure         L9-CB1 {'rot': 0.03206}
  t=  59.00  cb_failure         L9-CB3 {'rot': 0.03253}
  t=  59.00  cb_failure         L10-CB1 {'rot': 0.03234}
  t=  59.00  cb_failure         L10-CB3 {'rot': 0.03312}
  t=  59.00  cb_failure         L11-CB1 {'rot': 0.03229}
  t=  59.00  cb_failure         L11-CB3 {'rot': 0.03338}
  t=  59.00  cb_failure         L12-CB1 {'rot': 0.03201}
  t=  59.00  cb_failure         L12-CB3 {'rot': 0.03338}
  t=  59.00  cb_failure         L13-CB1 {'rot': 0.03147}
  t=  59.00  cb_failure         L13-CB3 {'rot': 0.03309}
  t=  59.00  cb_failure         L14-CB1 {'rot': 0.03067}
  t=  59.00  cb_failure         L14-CB3 {'rot': 0.0325}
  t=  59.00  cb_failure         L15-CB1 {'rot': 0.02971}
  t=  59.00  cb_failure         L15-CB3 {'rot': 0.03172}
  t=  59.12  cb_failure         L5-CB1 {'rot': 0.02982}
  t=  59.12  cb_failure         L5-CB3 {'rot': 0.03082}
  t=  59.12  cb_failure         L6-CB1 {'rot': 0.03182}
  t=  59.12  cb_failure         L6-CB3 {'rot': 0.03317}
  t=  59.12  cb_failure         L7-CB2 {'rot': 0.02945}
  t=  59.12  cb_failure         L8-CB2 {'rot': 0.03}
  t=  59.12  cb_failure         L9-CB2 {'rot': 0.03015}
  t=  59.12  cb_failure         L10-CB2 {'rot': 0.02997}
  t=  59.12  cb_failure         L11-CB2 {'rot': 0.02952}
  t=  59.25  cb_failure         L4-CB3 {'rot': 0.03147}
  t=  59.25  cb_failure         L5-CB2 {'rot': 0.03024}
  t=  59.25  cb_failure         L6-CB2 {'rot': 0.03146}
  t=  59.25  cb_failure         L12-CB2 {'rot': 0.03015}
  t=  59.50  cb_failure         L13-CB2 {'rot': 0.0311}
  t=  59.50  cb_failure         L14-CB2 {'rot': 0.02977}
  t=  59.62  cb_failure         L15-CB2 {'rot': 0.03077}
  t=  59.62  cb_failure         L16-CB1 {'rot': 0.03078}
  t=  59.62  cb_failure         L16-CB2 {'rot': 0.02982}
  t=  59.62  cb_failure         L17-CB1 {'rot': 0.02999}
  t=  59.75  cb_failure         L17-CB2 {'rot': 0.03002}
  t=  59.75  cb_failure         L18-CB1 {'rot': 0.02996}
  progress t=  60.0s  max corner drift so far=0.0091  wall clock=677s
  t=  64.75  cb_failure         L19-CB1 {'rot': 0.03121}
  t=  64.75  cb_failure         L20-CB1 {'rot': 0.03052}
  t=  64.75  cb_failure         L26-CB3 {'rot': 0.0298}
  t=  64.87  cb_failure         L18-CB2 {'rot': 0.03}
  t=  64.87  cb_failure         L21-CB1 {'rot': 0.03258}
  t=  64.87  cb_failure         L22-CB1 {'rot': 0.03138}
  t=  64.87  cb_failure         L23-CB1 {'rot': 0.03002}
  t=  64.87  cb_failure         L27-CB3 {'rot': 0.03036}
  t=  65.12  cb_failure         L11-CB0 {'rot': 0.02941}
  t=  65.12  cb_failure         L12-CB0 {'rot': 0.02945}
  t=  65.25  cb_failure         L9-CB0 {'rot': 0.02939}
  t=  65.25  cb_failure         L10-CB0 {'rot': 0.02965}
  t=  65.25  cb_failure         L13-CB0 {'rot': 0.02948}
  t=  65.37  cb_failure         L8-CB0 {'rot': 0.02972}
  t=  65.50  cb_failure         L7-CB0 {'rot': 0.02966}
  progress t=  70.0s  max corner drift so far=0.0091  wall clock=789s
  progress t=  80.0s  max corner drift so far=0.0091  wall clock=891s
  progress t=  90.0s  max corner drift so far=0.0091  wall clock=994s
  progress t= 100.0s  max corner drift so far=0.0091  wall clock=1096s
