  t=   2.75  cb_yield           L8-CB3 {'rot': 0.00535}
  t=   2.75  cb_yield           L9-CB3 {'rot': 0.0054}
  t=   2.75  cb_yield           L10-CB3 {'rot': 0.00541}
  t=   2.75  cb_yield           L11-CB3 {'rot': 0.00541}
  t=   2.75  cb_yield           L12-CB3 {'rot': 0.0054}
  t=   2.75  cb_yield           L13-CB3 {'rot': 0.00537}
  t=   2.87  cb_yield           L5-CB3 {'rot': 0.00554}
  t=   2.87  cb_yield           L6-CB3 {'rot': 0.00582}
  t=   2.87  cb_yield           L7-CB3 {'rot': 0.006}
  t=   2.87  cb_yield           L14-CB3 {'rot': 0.00599}
  t=   2.87  cb_yield           L15-CB3 {'rot': 0.00592}
  t=   2.87  cb_yield           L16-CB3 {'rot': 0.00584}
  t=   3.00  cb_yield           L4-CB3 {'rot': 0.00583}
  t=   3.00  cb_yield           L5-CB1 {'rot': 0.00561}
  t=   3.00  cb_yield           L5-CB2 {'rot': 0.00567}
  t=   3.00  cb_yield           L6-CB1 {'rot': 0.00585}
  t=   3.00  cb_yield           L6-CB2 {'rot': 0.0059}
  t=   3.00  cb_yield           L7-CB1 {'rot': 0.00597}
  t=   3.00  cb_yield           L7-CB2 {'rot': 0.00601}
  t=   3.00  cb_yield           L8-CB1 {'rot': 0.006}
  t=   3.00  cb_yield           L8-CB2 {'rot': 0.00604}
  t=   3.00  cb_yield           L9-CB1 {'rot': 0.00596}
  t=   3.00  cb_yield           L9-CB2 {'rot': 0.006}
  t=   3.00  cb_yield           L10-CB1 {'rot': 0.00588}
  t=   3.00  cb_yield           L10-CB2 {'rot': 0.00591}
  t=   3.00  cb_yield           L11-CB1 {'rot': 0.00576}
  t=   3.00  cb_yield           L11-CB2 {'rot': 0.00579}
  t=   3.00  cb_yield           L12-CB1 {'rot': 0.00563}
  t=   3.00  cb_yield           L12-CB2 {'rot': 0.00566}
  t=   3.00  cb_yield           L13-CB1 {'rot': 0.00548}
  t=   3.00  cb_yield           L13-CB2 {'rot': 0.00551}
  t=   3.00  cb_yield           L14-CB2 {'rot': 0.00535}
  t=   3.00  cb_yield           L17-CB3 {'rot': 0.00631}
  t=   3.00  cb_yield           L18-CB3 {'rot': 0.00613}
  t=   3.00  cb_yield           L19-CB3 {'rot': 0.00594}
  t=   3.12  cb_yield           L3-CB2 {'rot': 0.00533}
  t=   3.12  cb_yield           L3-CB3 {'rot': 0.00583}
  t=   3.12  cb_yield           L4-CB1 {'rot': 0.00586}
  t=   3.12  cb_yield           L4-CB2 {'rot': 0.00602}
  t=   3.12  cb_yield           L5-CB0 {'rot': 0.00559}
  t=   3.12  cb_yield           L6-CB0 {'rot': 0.00577}
  t=   3.12  cb_yield           L7-CB0 {'rot': 0.00582}
  t=   3.12  cb_yield           L8-CB0 {'rot': 0.00576}
  t=   3.12  cb_yield           L9-CB0 {'rot': 0.00562}
  t=   3.12  cb_yield           L10-CB0 {'rot': 0.00543}
  t=   3.12  cb_yield           L14-CB1 {'rot': 0.0059}
  t=   3.12  cb_yield           L15-CB1 {'rot': 0.00567}
  t=   3.12  cb_yield           L15-CB2 {'rot': 0.00564}
  t=   3.12  cb_yield           L16-CB1 {'rot': 0.00544}
  t=   3.12  cb_yield           L16-CB2 {'rot': 0.0054}
  t=   3.12  cb_yield           L20-CB3 {'rot': 0.00594}
  t=   3.25  cb_yield           L3-CB1 {'rot': 0.00563}
  t=   3.25  cb_yield           L4-CB0 {'rot': 0.00571}
  t=   3.25  cb_yield           L11-CB0 {'rot': 0.0058}
  t=   3.25  cb_yield           L12-CB0 {'rot': 0.00552}
  t=   3.37  cb_yield           L2-CB3 {'rot': 0.00563}
  t=   3.37  cb_yield           L3-CB0 {'rot': 0.00536}
  t=   3.37  cb_yield           L13-CB0 {'rot': 0.00569}
  t=   3.37  cb_yield           L14-CB0 {'rot': 0.00534}
  t=   3.37  cb_yield           L17-CB1 {'rot': 0.00599}
  t=   3.50  cb_yield           L18-CB1 {'rot': 0.00585}
  t=   3.62  cb_yield           L15-CB0 {'rot': 0.00537}
  t=   3.75  cb_yield           L19-CB1 {'rot': 0.00587}
  t=   4.88  cb_yield           L16-CB0 {'rot': 0.00564}
  t=   5.00  cb_yield           L17-CB0 {'rot': 0.00742}
  t=   5.00  cb_yield           L17-CB2 {'rot': 0.00631}
  t=   5.00  cb_yield           L18-CB0 {'rot': 0.00706}
  t=   5.00  cb_yield           L18-CB2 {'rot': 0.00584}
  t=   5.00  cb_yield           L19-CB0 {'rot': 0.00667}
  t=   5.00  cb_yield           L20-CB0 {'rot': 0.00629}
  t=   5.00  cb_yield           L20-CB1 {'rot': 0.00624}
  t=   5.00  cb_yield           L21-CB0 {'rot': 0.0059}
  t=   5.00  cb_yield           L21-CB1 {'rot': 0.00584}
  t=   5.13  cb_yield           L19-CB2 {'rot': 0.00624}
  t=   5.13  cb_yield           L22-CB0 {'rot': 0.0064}
  t=   5.13  cb_yield           L22-CB1 {'rot': 0.00667}
  t=   5.13  cb_yield           L23-CB0 {'rot': 0.00589}
  t=   5.13  cb_yield           L23-CB1 {'rot': 0.00615}
  t=   5.25  cb_yield           L2-CB0 {'rot': 0.00574}
  t=   5.25  cb_yield           L2-CB1 {'rot': 0.00596}
  t=   5.25  cb_yield           L2-CB2 {'rot': 0.00569}
  t=   5.25  cb_yield           L20-CB2 {'rot': 0.00645}
  t=   5.25  cb_yield           L21-CB2 {'rot': 0.0058}
  t=   5.25  cb_yield           L21-CB3 {'rot': 0.00661}
  t=   5.25  cb_yield           L22-CB3 {'rot': 0.0059}
  t=   5.25  cb_yield           L24-CB1 {'rot': 0.00617}
  t=   5.38  cb_yield           L22-CB2 {'rot': 0.00591}
  t=   5.38  cb_yield           L23-CB3 {'rot': 0.00599}
  t=   5.50  cb_yield           L1-CB1 {'rot': 0.00538}
  t=   5.50  cb_yield           L1-CB3 {'rot': 0.00549}
  t=   5.63  cb_yield           L1-CB0 {'rot': 0.00552}
  t=   5.75  cb_yield           L1-CB2 {'rot': 0.00588}
  t=   7.25  cb_yield           L25-CB3 {'rot': 0.00585}
  t=   7.25  cb_yield           L26-CB3 {'rot': 0.00587}
  t=   7.25  cb_yield           L27-CB3 {'rot': 0.00581}
  progress t=  10.0s  max corner drift so far=0.0040  wall clock=93s
  t=  10.38  cb_yield           L24-CB3 {'rot': 0.00664}
  t=  10.38  cb_yield           L25-CB1 {'rot': 0.00596}
  t=  10.50  cb_yield           L23-CB2 {'rot': 0.00718}
  t=  10.50  cb_yield           L24-CB2 {'rot': 0.00659}
  t=  10.50  cb_yield           L25-CB2 {'rot': 0.00599}
  t=  10.50  cb_yield           L26-CB1 {'rot': 0.00775}
  t=  10.50  cb_yield           L27-CB1 {'rot': 0.00736}
  t=  10.50  cb_yield           L28-CB1 {'rot': 0.00697}
  t=  10.50  cb_yield           L28-CB3 {'rot': 0.00791}
  t=  10.50  cb_yield           L29-CB1 {'rot': 0.00651}
  t=  10.50  cb_yield           L29-CB3 {'rot': 0.00723}
  t=  10.50  cb_yield           L30-CB1 {'rot': 0.00596}
  t=  10.50  cb_yield           L30-CB3 {'rot': 0.0065}
  t=  10.50  cb_yield           L31-CB3 {'rot': 0.00585}
  t=  10.63  cb_yield           L26-CB2 {'rot': 0.00827}
  t=  10.63  cb_yield           L27-CB2 {'rot': 0.00729}
  t=  10.63  cb_yield           L28-CB2 {'rot': 0.00634}
  t=  10.63  cb_yield           L32-CB3 {'rot': 0.00697}
  t=  10.75  cb_yield           L29-CB2 {'rot': 0.00659}
  t=  10.75  cb_yield           L33-CB3 {'rot': 0.00713}
  t=  10.88  cb_yield           L30-CB2 {'rot': 0.00611}
  t=  11.13  cb_yield           L31-CB2 {'rot': 0.00782}
  t=  11.13  cb_yield           L32-CB2 {'rot': 0.00737}
  t=  11.13  cb_yield           L33-CB2 {'rot': 0.00716}
  t=  11.50  cb_yield           L25-CB0 {'rot': 0.00575}
  t=  11.50  cb_yield           L26-CB0 {'rot': 0.00589}
  t=  11.50  cb_yield           L27-CB0 {'rot': 0.00589}
  t=  11.50  cb_yield           L28-CB0 {'rot': 0.00583}
  t=  12.00  cb_yield           L24-CB0 {'rot': 0.00743}
  t=  12.00  cb_yield           L29-CB0 {'rot': 0.00576}
  t=  12.00  cb_yield           L31-CB1 {'rot': 0.00818}
  t=  12.00  cb_yield           L32-CB1 {'rot': 0.00787}
  t=  12.00  cb_yield           L33-CB1 {'rot': 0.00722}
  t=  12.13  cb_yield           L30-CB0 {'rot': 0.00856}
  t=  12.13  cb_yield           L31-CB0 {'rot': 0.00796}
  t=  12.13  cb_yield           L32-CB0 {'rot': 0.00744}
  t=  12.13  cb_yield           L33-CB0 {'rot': 0.00718}
  t=  13.13  cb_failure         L14-CB3 {'rot': 0.0298}
  t=  13.13  cb_failure         L15-CB3 {'rot': 0.03018}
  t=  13.13  cb_failure         L16-CB3 {'rot': 0.03033}
  t=  13.13  cb_failure         L17-CB3 {'rot': 0.0302}
  t=  13.13  cb_failure         L18-CB3 {'rot': 0.02977}
  t=  13.25  cb_failure         L13-CB3 {'rot': 0.03075}
  t=  13.25  cb_failure         L19-CB3 {'rot': 0.03327}
  t=  13.25  cb_failure         L20-CB3 {'rot': 0.03241}
  t=  13.25  cb_failure         L21-CB3 {'rot': 0.03108}
  t=  13.38  cb_failure         L16-CB2 {'rot': 0.02994}
  t=  13.38  cb_failure         L17-CB2 {'rot': 0.03041}
  t=  13.38  cb_failure         L18-CB2 {'rot': 0.03043}
  t=  13.38  cb_failure         L19-CB2 {'rot': 0.02998}
  t=  16.50  cb_failure         L4-CB2 {'rot': 0.02966}
  t=  16.50  cb_failure         L4-CB3 {'rot': 0.03224}
  t=  16.50  cb_failure         L5-CB2 {'rot': 0.03113}
  t=  16.50  cb_failure         L5-CB3 {'rot': 0.03373}
  t=  16.50  cb_failure         L6-CB2 {'rot': 0.03116}
  t=  16.50  cb_failure         L6-CB3 {'rot': 0.03391}
  t=  16.50  cb_failure         L7-CB2 {'rot': 0.0301}
  t=  16.50  cb_failure         L7-CB3 {'rot': 0.0331}
  t=  16.50  cb_failure         L8-CB3 {'rot': 0.03171}
  t=  16.50  cb_failure         L9-CB3 {'rot': 0.02995}
  t=  16.63  cb_failure         L3-CB3 {'rot': 0.02967}
  t=  18.75  cb_failure         L10-CB3 {'rot': 0.02963}
  progress t=  20.0s  max corner drift so far=0.0097  wall clock=201s
  t=  21.37  cb_failure         L3-CB2 {'rot': 0.0301}
  t=  21.37  cb_failure         L8-CB2 {'rot': 0.03164}
  t=  21.37  cb_failure         L9-CB2 {'rot': 0.02977}
  t=  21.50  cb_failure         L10-CB2 {'rot': 0.03205}
  t=  21.50  cb_failure         L11-CB2 {'rot': 0.02946}
  t=  21.50  cb_failure         L11-CB3 {'rot': 0.03042}
  t=  21.62  cb_failure         L12-CB2 {'rot': 0.03023}
  t=  21.62  cb_failure         L12-CB3 {'rot': 0.03288}
  t=  21.75  cb_failure         L13-CB2 {'rot': 0.03073}
  t=  21.87  cb_failure         L14-CB2 {'rot': 0.0312}
  t=  21.87  cb_failure         L15-CB2 {'rot': 0.03026}
  t=  22.00  cb_failure         L22-CB3 {'rot': 0.03398}
  t=  22.00  cb_failure         L23-CB3 {'rot': 0.03275}
  t=  22.00  cb_failure         L24-CB3 {'rot': 0.03142}
  t=  22.00  cb_failure         L25-CB3 {'rot': 0.02999}
  t=  22.12  cb_failure         L26-CB3 {'rot': 0.03219}
  t=  22.12  cb_failure         L27-CB3 {'rot': 0.03064}
  t=  22.25  cb_failure         L28-CB3 {'rot': 0.03157}
  t=  22.25  cb_failure         L29-CB3 {'rot': 0.03026}
  t=  24.37  cb_failure         L5-CB0 {'rot': 0.03006}
  t=  24.37  cb_failure         L5-CB1 {'rot': 0.03063}
  t=  24.37  cb_failure         L6-CB0 {'rot': 0.03054}
  t=  24.37  cb_failure         L6-CB1 {'rot': 0.03113}
  t=  24.37  cb_failure         L7-CB0 {'rot': 0.03039}
  t=  24.37  cb_failure         L7-CB1 {'rot': 0.03102}
  t=  24.37  cb_failure         L8-CB0 {'rot': 0.02964}
  t=  24.37  cb_failure         L8-CB1 {'rot': 0.03038}
  t=  24.50  cb_failure         L4-CB0 {'rot': 0.03246}
  t=  24.50  cb_failure         L4-CB1 {'rot': 0.03297}
  t=  24.50  cb_failure         L9-CB0 {'rot': 0.03558}
  t=  24.50  cb_failure         L9-CB1 {'rot': 0.03616}
  t=  24.50  cb_failure         L10-CB0 {'rot': 0.03431}
  t=  24.50  cb_failure         L10-CB1 {'rot': 0.03492}
  t=  24.50  cb_failure         L11-CB0 {'rot': 0.03259}
  t=  24.50  cb_failure         L11-CB1 {'rot': 0.03322}
  t=  24.50  cb_failure         L12-CB0 {'rot': 0.03062}
  t=  24.50  cb_failure         L12-CB1 {'rot': 0.03119}
  t=  24.62  cb_failure         L3-CB0 {'rot': 0.02989}
  t=  24.62  cb_failure         L3-CB1 {'rot': 0.03041}
  t=  24.62  cb_failure         L13-CB0 {'rot': 0.03307}
  t=  24.62  cb_failure         L13-CB1 {'rot': 0.03388}
  t=  24.62  cb_failure         L14-CB0 {'rot': 0.03035}
  t=  24.62  cb_failure         L14-CB1 {'rot': 0.03117}
  t=  24.75  cb_failure         L15-CB0 {'rot': 0.03027}
  t=  24.75  cb_failure         L15-CB1 {'rot': 0.03192}
  t=  24.75  cb_failure         L16-CB1 {'rot': 0.02933}
  t=  24.87  cb_failure         L16-CB0 {'rot': 0.02994}
  t=  24.87  cb_failure         L17-CB1 {'rot': 0.02986}
  t=  25.00  cb_failure         L17-CB0 {'rot': 0.02984}
  t=  25.00  cb_failure         L18-CB1 {'rot': 0.03172}
  t=  25.12  cb_failure         L18-CB0 {'rot': 0.03084}
  t=  25.12  cb_failure         L19-CB1 {'rot': 0.03443}
  t=  25.12  cb_failure         L20-CB1 {'rot': 0.03263}
  t=  25.12  cb_failure         L21-CB1 {'rot': 0.0305}
  t=  25.25  cb_failure         L19-CB0 {'rot': 0.03191}
  t=  25.25  cb_failure         L20-CB0 {'rot': 0.03061}
  t=  25.25  cb_failure         L22-CB1 {'rot': 0.03272}
  t=  25.25  cb_failure         L23-CB1 {'rot': 0.03031}
  t=  25.37  cb_failure         L21-CB0 {'rot': 0.03033}
  progress t=  30.0s  max corner drift so far=0.0115  wall clock=304s
  progress t=  40.0s  max corner drift so far=0.0115  wall clock=410s
  t=  43.75  cb_failure         L24-CB1 {'rot': 0.03047}
  t=  46.87  cb_failure         L2-CB3 {'rot': 0.02959}
  t=  47.12  cb_failure         L20-CB2 {'rot': 0.03258}
  t=  47.25  cb_failure         L21-CB2 {'rot': 0.03105}
  t=  47.50  cb_failure         L22-CB2 {'rot': 0.03031}
  progress t=  50.0s  max corner drift so far=0.0133  wall clock=510s
  t=  50.12  cb_failure         L2-CB1 {'rot': 0.02958}
  t=  50.25  cb_failure         L25-CB1 {'rot': 0.03122}
  t=  50.37  cb_failure         L26-CB1 {'rot': 0.03159}
  t=  50.37  cb_failure         L27-CB1 {'rot': 0.03004}
  t=  50.50  cb_failure         L28-CB1 {'rot': 0.03}
  t=  50.62  cb_failure         L29-CB1 {'rot': 0.03083}
  t=  50.75  cb_failure         L30-CB1 {'rot': 0.03149}
  t=  50.75  cb_failure         L31-CB1 {'rot': 0.03029}
  t=  57.62  cb_failure         L30-CB3 {'rot': 0.0314}
  t=  57.62  cb_failure         L31-CB3 {'rot': 0.03012}
  t=  57.87  cb_failure         L22-CB0 {'rot': 0.03106}
  t=  58.00  cb_failure         L23-CB0 {'rot': 0.03018}
  t=  58.50  cb_failure         L2-CB0 {'rot': 0.03104}
  progress t=  60.0s  max corner drift so far=0.0133  wall clock=621s
  progress t=  70.0s  max corner drift so far=0.0133  wall clock=725s
  progress t=  80.0s  max corner drift so far=0.0133  wall clock=829s
  progress t=  90.0s  max corner drift so far=0.0133  wall clock=923s
  progress t= 100.0s  max corner drift so far=0.0133  wall clock=1017s
