  t=   4.20  cb_yield           L8-CB2 {'rot': 0.00534}
  t=   4.20  cb_yield           L8-CB3 {'rot': 0.00534}
  t=   4.20  cb_yield           L9-CB2 {'rot': 0.0054}
  t=   4.20  cb_yield           L9-CB3 {'rot': 0.00536}
  t=   4.20  cb_yield           L10-CB2 {'rot': 0.00543}
  t=   4.20  cb_yield           L10-CB3 {'rot': 0.00536}
  t=   4.20  cb_yield           L11-CB2 {'rot': 0.00544}
  t=   4.20  cb_yield           L11-CB3 {'rot': 0.00535}
  t=   4.20  cb_yield           L12-CB2 {'rot': 0.00545}
  t=   4.20  cb_yield           L12-CB3 {'rot': 0.00533}
  t=   4.20  cb_yield           L13-CB2 {'rot': 0.00545}
  t=   4.20  cb_yield           L14-CB2 {'rot': 0.00543}
  t=   4.20  cb_yield           L15-CB2 {'rot': 0.00539}
  t=   4.20  cb_yield           L16-CB2 {'rot': 0.00533}
  t=   4.25  cb_yield           L4-CB3 {'rot': 0.00535}
  t=   4.25  cb_yield           L5-CB2 {'rot': 0.00554}
  t=   4.25  cb_yield           L5-CB3 {'rot': 0.00562}
  t=   4.25  cb_yield           L6-CB2 {'rot': 0.00569}
  t=   4.25  cb_yield           L6-CB3 {'rot': 0.00575}
  t=   4.25  cb_yield           L7-CB2 {'rot': 0.00576}
  t=   4.25  cb_yield           L7-CB3 {'rot': 0.0058}
  t=   4.25  cb_yield           L13-CB3 {'rot': 0.00554}
  t=   4.25  cb_yield           L14-CB3 {'rot': 0.00547}
  t=   4.25  cb_yield           L15-CB3 {'rot': 0.0054}
  t=   4.30  cb_yield           L3-CB2 {'rot': 0.00548}
  t=   4.30  cb_yield           L3-CB3 {'rot': 0.00561}
  t=   4.30  cb_yield           L4-CB2 {'rot': 0.00601}
  t=   4.30  cb_yield           L16-CB3 {'rot': 0.00551}
  t=   4.40  cb_yield           L2-CB2 {'rot': 0.00559}
  t=   4.40  cb_yield           L2-CB3 {'rot': 0.00573}
  t=   4.45  cb_yield           L17-CB2 {'rot': 0.00591}
  t=   4.45  cb_yield           L17-CB3 {'rot': 0.00577}
  t=   4.55  cb_yield           L18-CB2 {'rot': 0.00597}
  t=   4.55  cb_yield           L18-CB3 {'rot': 0.00582}
  t=   4.65  cb_yield           L19-CB2 {'rot': 0.00607}
  t=   4.65  cb_yield           L19-CB3 {'rot': 0.00585}
  t=   4.70  cb_yield           L20-CB2 {'rot': 0.00581}
  t=   4.75  cb_yield           L20-CB3 {'rot': 0.00596}
  t=   4.80  cb_yield           L21-CB2 {'rot': 0.00591}
  t=   4.85  cb_yield           L21-CB3 {'rot': 0.0058}
  t=   5.85  cb_yield           L4-CB0 {'rot': 0.00546}
  t=   5.85  cb_yield           L5-CB0 {'rot': 0.00569}
  t=   5.85  cb_yield           L6-CB0 {'rot': 0.00567}
  t=   5.85  cb_yield           L7-CB0 {'rot': 0.00544}
  t=   5.90  cb_yield           L5-CB1 {'rot': 0.00541}
  t=   5.90  cb_yield           L6-CB1 {'rot': 0.00554}
  t=   5.90  cb_yield           L7-CB1 {'rot': 0.00546}
  t=   5.90  cb_yield           L8-CB0 {'rot': 0.00563}
  t=   5.95  cb_yield           L8-CB1 {'rot': 0.00548}
  t=   5.95  cb_yield           L9-CB0 {'rot': 0.0057}
  t=   5.95  cb_yield           L10-CB0 {'rot': 0.00538}
  t=   6.00  cb_yield           L9-CB1 {'rot': 0.00536}
  t=   6.00  cb_yield           L11-CB0 {'rot': 0.00543}
  t=   6.05  cb_yield           L12-CB0 {'rot': 0.00534}
  t=   6.35  cb_yield           L1-CB2 {'rot': 0.00533}
  t=   6.40  cb_yield           L1-CB3 {'rot': 0.00582}
  t=   6.45  cb_yield           L4-CB1 {'rot': 0.00561}
  t=   6.50  cb_yield           L3-CB0 {'rot': 0.00602}
  t=   6.50  cb_yield           L3-CB1 {'rot': 0.00589}
  t=   6.50  cb_yield           L10-CB1 {'rot': 0.00623}
  t=   6.50  cb_yield           L11-CB1 {'rot': 0.00589}
  t=   6.50  cb_yield           L12-CB1 {'rot': 0.0055}
  t=   6.55  cb_yield           L2-CB0 {'rot': 0.0056}
  t=   6.55  cb_yield           L13-CB0 {'rot': 0.00546}
  t=   6.55  cb_yield           L13-CB1 {'rot': 0.00643}
  t=   6.55  cb_yield           L14-CB1 {'rot': 0.0058}
  t=   6.60  cb_yield           L14-CB0 {'rot': 0.00559}
  t=   6.60  cb_yield           L15-CB1 {'rot': 0.00589}
  t=   6.65  cb_yield           L2-CB1 {'rot': 0.00537}
  t=   6.70  cb_yield           L16-CB1 {'rot': 0.00548}
  t=   6.75  cb_yield           L22-CB3 {'rot': 0.006}
  t=   6.80  cb_yield           L23-CB3 {'rot': 0.0069}
  t=   6.80  cb_yield           L24-CB3 {'rot': 0.00639}
  t=   6.80  cb_yield           L25-CB3 {'rot': 0.00594}
  t=   6.85  cb_yield           L17-CB1 {'rot': 0.00601}
  t=   6.85  cb_yield           L22-CB2 {'rot': 0.00624}
  t=   6.85  cb_yield           L26-CB3 {'rot': 0.00699}
  t=   6.85  cb_yield           L27-CB3 {'rot': 0.00649}
  t=   6.85  cb_yield           L28-CB3 {'rot': 0.00605}
  t=   6.90  cb_yield           L15-CB0 {'rot': 0.00559}
  t=   6.90  cb_yield           L18-CB1 {'rot': 0.00683}
  t=   6.90  cb_yield           L19-CB1 {'rot': 0.00653}
  t=   6.90  cb_yield           L20-CB1 {'rot': 0.00626}
  t=   6.90  cb_yield           L21-CB1 {'rot': 0.00599}
  t=   6.90  cb_yield           L23-CB2 {'rot': 0.00713}
  t=   6.90  cb_yield           L24-CB2 {'rot': 0.00653}
  t=   6.90  cb_yield           L25-CB2 {'rot': 0.00593}
  t=   6.90  cb_yield           L29-CB3 {'rot': 0.00668}
  t=   6.90  cb_yield           L30-CB3 {'rot': 0.00604}
  t=   6.95  cb_yield           L16-CB0 {'rot': 0.00591}
  t=   6.95  cb_yield           L22-CB1 {'rot': 0.00757}
  t=   6.95  cb_yield           L23-CB1 {'rot': 0.00725}
  t=   6.95  cb_yield           L24-CB1 {'rot': 0.00688}
  t=   6.95  cb_yield           L25-CB1 {'rot': 0.00645}
  t=   6.95  cb_yield           L26-CB1 {'rot': 0.00598}
  t=   6.95  cb_yield           L26-CB2 {'rot': 0.00645}
  t=   6.95  cb_yield           L31-CB3 {'rot': 0.0062}
  t=   7.00  cb_yield           L17-CB0 {'rot': 0.00661}
  t=   7.00  cb_yield           L18-CB0 {'rot': 0.00657}
  t=   7.00  cb_yield           L19-CB0 {'rot': 0.00646}
  t=   7.00  cb_yield           L20-CB0 {'rot': 0.0063}
  t=   7.00  cb_yield           L21-CB0 {'rot': 0.00606}
  t=   7.00  cb_yield           L27-CB1 {'rot': 0.00682}
  t=   7.00  cb_yield           L27-CB2 {'rot': 0.0065}
  t=   7.00  cb_yield           L28-CB1 {'rot': 0.00619}
  t=   7.00  cb_yield           L32-CB3 {'rot': 0.0066}
  t=   7.05  cb_yield           L22-CB0 {'rot': 0.00691}
  t=   7.05  cb_yield           L23-CB0 {'rot': 0.00643}
  t=   7.05  cb_yield           L24-CB0 {'rot': 0.00583}
  t=   7.05  cb_yield           L28-CB2 {'rot': 0.0063}
  t=   7.05  cb_yield           L29-CB1 {'rot': 0.00646}
  t=   7.05  cb_yield           L33-CB3 {'rot': 0.00574}
  t=   7.10  cb_yield           L25-CB0 {'rot': 0.00587}
  t=   7.10  cb_yield           L29-CB2 {'rot': 0.00579}
  t=   7.10  cb_yield           L30-CB1 {'rot': 0.00623}
  t=   7.15  cb_yield           L31-CB1 {'rot': 0.00586}
  t=   7.20  cb_yield           L26-CB0 {'rot': 0.00581}
  t=   7.25  cb_yield           L30-CB2 {'rot': 0.00596}
  t=   7.30  cb_yield           L32-CB1 {'rot': 0.00586}
  t=   7.40  cb_yield           L1-CB1 {'rot': 0.00573}
  t=   7.45  cb_yield           L1-CB0 {'rot': 0.00622}
  t=   7.70  cb_failure         L7-CB3 {'rot': 0.02975}
  t=   7.70  cb_failure         L8-CB3 {'rot': 0.03018}
  t=   7.70  cb_failure         L9-CB3 {'rot': 0.0302}
  t=   7.70  cb_failure         L10-CB3 {'rot': 0.0299}
  t=   7.70  cb_failure         L11-CB3 {'rot': 0.02935}
  t=   7.75  cb_failure         L6-CB3 {'rot': 0.0297}
  t=   7.75  cb_failure         L12-CB3 {'rot': 0.02969}
  t=   7.85  cb_failure         L8-CB2 {'rot': 0.02949}
  t=   7.85  cb_failure         L9-CB2 {'rot': 0.02949}
  t=   7.85  cb_failure         L13-CB3 {'rot': 0.0297}
  t=   8.30  cb_yield           L27-CB0 {'rot': 0.00599}
  t=   8.30  cb_yield           L33-CB1 {'rot': 0.00576}
  t=   8.35  cb_yield           L28-CB0 {'rot': 0.00603}
  t=   8.65  cb_yield           L29-CB0 {'rot': 0.00598}
  t=   8.75  cb_yield           L30-CB0 {'rot': 0.00598}
  t=   9.30  cb_yield           L31-CB2 {'rot': 0.00584}
  t=   9.40  cb_yield           L32-CB2 {'rot': 0.00577}
  t=   9.70  cb_yield           L31-CB0 {'rot': 0.00692}
  t=   9.70  cb_yield           L32-CB0 {'rot': 0.00662}
  t=   9.70  cb_yield           L33-CB0 {'rot': 0.00647}
  progress t=  10.0s  max corner drift so far=0.0110  wall clock=236s
  t=  11.20  cb_failure         L6-CB1 {'rot': 0.02937}
  t=  11.20  cb_failure         L7-CB1 {'rot': 0.02997}
  t=  11.20  cb_failure         L8-CB1 {'rot': 0.03007}
  t=  11.20  cb_failure         L9-CB1 {'rot': 0.02976}
  t=  11.25  cb_failure         L8-CB0 {'rot': 0.02946}
  t=  11.25  cb_failure         L10-CB1 {'rot': 0.03012}
  t=  11.30  cb_failure         L9-CB0 {'rot': 0.02998}
  t=  11.30  cb_failure         L10-CB0 {'rot': 0.02961}
  t=  11.30  cb_failure         L11-CB1 {'rot': 0.03021}
  t=  11.35  cb_failure         L11-CB0 {'rot': 0.02962}
  t=  11.35  cb_failure         L12-CB1 {'rot': 0.03008}
  t=  11.40  cb_failure         L12-CB0 {'rot': 0.02939}
  t=  11.40  cb_failure         L13-CB1 {'rot': 0.02974}
  t=  12.20  cb_failure         L6-CB2 {'rot': 0.02947}
  t=  12.20  cb_failure         L7-CB2 {'rot': 0.02994}
  t=  12.20  cb_yield           L33-CB2 {'rot': 0.00588}
  t=  12.25  cb_failure         L5-CB2 {'rot': 0.03057}
  t=  12.25  cb_failure         L5-CB3 {'rot': 0.02963}
  t=  12.25  cb_failure         L10-CB2 {'rot': 0.0322}
  t=  12.25  cb_failure         L11-CB2 {'rot': 0.03136}
  t=  12.25  cb_failure         L12-CB2 {'rot': 0.0303}
  t=  12.25  cb_failure         L14-CB3 {'rot': 0.02935}
  t=  12.30  cb_failure         L4-CB2 {'rot': 0.03026}
  t=  12.30  cb_failure         L4-CB3 {'rot': 0.02974}
  t=  12.30  cb_failure         L13-CB2 {'rot': 0.03199}
  t=  12.30  cb_failure         L14-CB2 {'rot': 0.03045}
  t=  12.30  cb_failure         L15-CB3 {'rot': 0.03151}
  t=  12.30  cb_failure         L16-CB3 {'rot': 0.03018}
  t=  12.35  cb_failure         L15-CB2 {'rot': 0.03172}
  t=  12.35  cb_failure         L16-CB2 {'rot': 0.03028}
  t=  12.35  cb_failure         L17-CB3 {'rot': 0.03243}
  t=  12.35  cb_failure         L18-CB3 {'rot': 0.031}
  t=  12.40  cb_failure         L3-CB2 {'rot': 0.03109}
  t=  12.40  cb_failure         L3-CB3 {'rot': 0.0317}
  t=  12.40  cb_failure         L17-CB2 {'rot': 0.03144}
  t=  12.40  cb_failure         L18-CB2 {'rot': 0.02986}
  t=  12.40  cb_failure         L19-CB3 {'rot': 0.03386}
  t=  12.40  cb_failure         L20-CB3 {'rot': 0.0325}
  t=  12.40  cb_failure         L21-CB3 {'rot': 0.03104}
  t=  12.45  cb_failure         L5-CB1 {'rot': 0.03039}
  t=  12.45  cb_failure         L19-CB2 {'rot': 0.03131}
  t=  12.45  cb_failure         L22-CB3 {'rot': 0.03316}
  t=  12.45  cb_failure         L23-CB3 {'rot': 0.03127}
  t=  12.50  cb_failure         L2-CB2 {'rot': 0.02996}
  t=  12.50  cb_failure         L2-CB3 {'rot': 0.03166}
  t=  12.50  cb_failure         L4-CB1 {'rot': 0.03156}
  t=  12.50  cb_failure         L6-CB0 {'rot': 0.0295}
  t=  12.50  cb_failure         L20-CB2 {'rot': 0.03236}
  t=  12.50  cb_failure         L21-CB2 {'rot': 0.03055}
  t=  12.50  cb_failure         L24-CB3 {'rot': 0.03202}
  t=  12.50  cb_failure         L25-CB3 {'rot': 0.02975}
  t=  12.55  cb_failure         L3-CB1 {'rot': 0.03067}
  t=  12.55  cb_failure         L4-CB0 {'rot': 0.02958}
  t=  12.55  cb_failure         L5-CB0 {'rot': 0.03139}
  t=  12.55  cb_failure         L7-CB0 {'rot': 0.03206}
  t=  12.55  cb_failure         L14-CB1 {'rot': 0.03163}
  t=  12.55  cb_failure         L15-CB1 {'rot': 0.03049}
  t=  12.55  cb_failure         L16-CB1 {'rot': 0.02941}
  t=  12.55  cb_failure         L22-CB2 {'rot': 0.03017}
  t=  12.60  cb_failure         L13-CB0 {'rot': 0.02958}
  t=  12.60  cb_failure         L17-CB1 {'rot': 0.03333}
  t=  12.60  cb_failure         L18-CB1 {'rot': 0.03189}
  t=  12.60  cb_failure         L19-CB1 {'rot': 0.03042}
  t=  12.60  cb_failure         L26-CB3 {'rot': 0.03148}
  t=  12.65  cb_failure         L14-CB0 {'rot': 0.03257}
  t=  12.65  cb_failure         L15-CB0 {'rot': 0.03114}
  t=  12.65  cb_failure         L16-CB0 {'rot': 0.02965}
  t=  12.65  cb_failure         L20-CB1 {'rot': 0.03285}
  t=  12.65  cb_failure         L21-CB1 {'rot': 0.03086}
  t=  12.65  cb_failure         L27-CB3 {'rot': 0.02995}
  t=  12.70  cb_failure         L2-CB1 {'rot': 0.02976}
  t=  12.70  cb_failure         L3-CB0 {'rot': 0.02976}
  t=  12.70  cb_failure         L17-CB0 {'rot': 0.03144}
  t=  12.70  cb_failure         L22-CB1 {'rot': 0.03161}
  t=  12.75  cb_failure         L1-CB3 {'rot': 0.02935}
  t=  12.75  cb_failure         L18-CB0 {'rot': 0.03243}
  t=  12.75  cb_failure         L23-CB1 {'rot': 0.03182}
  t=  12.80  cb_failure         L19-CB0 {'rot': 0.03226}
  t=  12.80  cb_failure         L24-CB1 {'rot': 0.03234}
  t=  12.80  cb_failure         L25-CB1 {'rot': 0.02992}
  t=  12.85  cb_failure         L20-CB0 {'rot': 0.03146}
  t=  12.85  cb_failure         L26-CB1 {'rot': 0.03115}
  t=  12.85  cb_failure         L28-CB3 {'rot': 0.02988}
  t=  12.90  cb_failure         L21-CB0 {'rot': 0.0306}
  t=  12.90  cb_failure         L27-CB1 {'rot': 0.0322}
  t=  12.90  cb_failure         L28-CB1 {'rot': 0.03043}
  t=  12.95  cb_failure         L22-CB0 {'rot': 0.02975}
  t=  12.95  cb_failure         L29-CB1 {'rot': 0.0311}
  t=  13.00  cb_failure         L30-CB1 {'rot': 0.0311}
  t=  13.00  cb_failure         L31-CB1 {'rot': 0.02977}
  t=  13.05  cb_failure         L23-CB0 {'rot': 0.03002}
  t=  13.10  cb_failure         L32-CB1 {'rot': 0.03}
  t=  13.20  cb_failure         L23-CB2 {'rot': 0.02975}
  t=  13.25  cb_failure         L29-CB3 {'rot': 0.03005}
  t=  13.30  cb_failure         L30-CB3 {'rot': 0.02992}
  t=  13.35  cb_failure         L24-CB2 {'rot': 0.02981}
  t=  13.35  cb_failure         L31-CB3 {'rot': 0.02979}
  t=  13.40  cb_failure         L24-CB0 {'rot': 0.0306}
  t=  13.40  cb_failure         L32-CB3 {'rot': 0.0298}
  t=  13.50  cb_failure         L25-CB2 {'rot': 0.0314}
  t=  13.50  cb_failure         L33-CB3 {'rot': 0.03032}
  t=  13.60  cb_failure         L25-CB0 {'rot': 0.03002}
  t=  13.60  cb_failure         L26-CB2 {'rot': 0.03013}
  t=  13.65  cb_failure         L33-CB1 {'rot': 0.02986}
  t=  13.75  cb_failure         L2-CB0 {'rot': 0.03043}
  t=  19.80  cb_failure         L27-CB2 {'rot': 0.03003}
  t=  19.85  cb_failure         L28-CB2 {'rot': 0.03052}
  t=  19.90  cb_failure         L26-CB0 {'rot': 0.03042}
  t=  19.90  cb_failure         L29-CB2 {'rot': 0.03203}
  t=  19.95  cb_failure         L30-CB2 {'rot': 0.0333}
  t=  19.95  cb_failure         L31-CB2 {'rot': 0.03136}
  t=  19.95  cb_failure         L32-CB2 {'rot': 0.02997}
  t=  20.00  cb_failure         L33-CB2 {'rot': 0.03074}
  progress t=  20.0s  max corner drift so far=0.0194  wall clock=484s
  t=  20.20  cb_failure         L1-CB2 {'rot': 0.03094}
  t=  20.25  cb_failure         L1-CB1 {'rot': 0.03169}
  t=  20.30  cb_failure         L1-CB0 {'rot': 0.02951}
  t=  21.40  cb_failure         L27-CB0 {'rot': 0.03073}
  t=  21.45  cb_failure         L28-CB0 {'rot': 0.03086}
  t=  21.50  cb_failure         L29-CB0 {'rot': 0.03125}
  t=  21.55  cb_failure         L30-CB0 {'rot': 0.03039}
  t=  22.30  cb_failure         L31-CB0 {'rot': 0.03017}
  t=  22.35  cb_failure         L32-CB0 {'rot': 0.03098}
  t=  22.35  cb_failure         L33-CB0 {'rot': 0.03057}
  progress t=  30.0s  max corner drift so far=0.0259  wall clock=733s
  progress t=  40.0s  max corner drift so far=0.0259  wall clock=980s
  progress t=  50.0s  max corner drift so far=0.0259  wall clock=1223s
  progress t=  60.0s  max corner drift so far=0.0259  wall clock=1464s
