  t=   6.50  cb_yield           L5-CB3 {'rot': 0.00556}
  t=   6.50  cb_yield           L6-CB3 {'rot': 0.00583}
  t=   6.50  cb_yield           L7-CB3 {'rot': 0.00597}
  t=   6.50  cb_yield           L8-CB3 {'rot': 0.00602}
  t=   6.50  cb_yield           L9-CB3 {'rot': 0.00599}
  t=   6.50  cb_yield           L10-CB3 {'rot': 0.0059}
  t=   6.50  cb_yield           L11-CB3 {'rot': 0.00576}
  t=   6.50  cb_yield           L12-CB3 {'rot': 0.00559}
  t=   6.50  cb_yield           L13-CB3 {'rot': 0.00537}
  t=   6.63  cb_yield           L4-CB3 {'rot': 0.00567}
  t=   6.63  cb_yield           L5-CB2 {'rot': 0.00554}
  t=   6.63  cb_yield           L6-CB2 {'rot': 0.00585}
  t=   6.63  cb_yield           L7-CB2 {'rot': 0.00603}
  t=   6.63  cb_yield           L8-CB2 {'rot': 0.00609}
  t=   6.63  cb_yield           L9-CB2 {'rot': 0.00603}
  t=   6.63  cb_yield           L10-CB2 {'rot': 0.00589}
  t=   6.63  cb_yield           L11-CB2 {'rot': 0.00567}
  t=   6.63  cb_yield           L12-CB2 {'rot': 0.00541}
  t=   6.63  cb_yield           L14-CB3 {'rot': 0.00584}
  t=   6.63  cb_yield           L15-CB3 {'rot': 0.00547}
  t=   6.75  cb_yield           L16-CB3 {'rot': 0.00536}
  t=   6.88  cb_yield           L17-CB3 {'rot': 0.00594}
  t=   6.88  cb_yield           L18-CB3 {'rot': 0.00584}
  t=   7.00  cb_yield           L19-CB3 {'rot': 0.00715}
  t=   7.00  cb_yield           L20-CB3 {'rot': 0.0071}
  t=   7.00  cb_yield           L21-CB3 {'rot': 0.00699}
  t=   7.00  cb_yield           L22-CB3 {'rot': 0.00681}
  t=   7.00  cb_yield           L23-CB3 {'rot': 0.00657}
  t=   7.00  cb_yield           L24-CB3 {'rot': 0.00628}
  t=   7.00  cb_yield           L25-CB3 {'rot': 0.00595}
  t=   7.13  cb_yield           L15-CB2 {'rot': 0.00545}
  t=   7.13  cb_yield           L16-CB2 {'rot': 0.00563}
  t=   7.13  cb_yield           L17-CB2 {'rot': 0.0058}
  t=   7.13  cb_yield           L18-CB2 {'rot': 0.0059}
  t=   7.13  cb_yield           L19-CB2 {'rot': 0.00591}
  t=   7.13  cb_yield           L20-CB2 {'rot': 0.00587}
  t=   7.13  cb_yield           L21-CB2 {'rot': 0.00575}
  t=   7.13  cb_yield           L26-CB3 {'rot': 0.00625}
  t=   7.13  cb_yield           L27-CB3 {'rot': 0.00582}
  t=   7.50  cb_yield           L3-CB3 {'rot': 0.00571}
  t=   7.50  cb_yield           L4-CB2 {'rot': 0.00598}
  t=   7.63  cb_yield           L3-CB2 {'rot': 0.00602}
  t=   7.63  cb_yield           L4-CB1 {'rot': 0.00536}
  t=   7.63  cb_yield           L5-CB1 {'rot': 0.0057}
  t=   7.63  cb_yield           L6-CB1 {'rot': 0.00587}
  t=   7.63  cb_yield           L7-CB1 {'rot': 0.00589}
  t=   7.63  cb_yield           L8-CB1 {'rot': 0.00579}
  t=   7.63  cb_yield           L9-CB1 {'rot': 0.00559}
  t=   7.63  cb_yield           L13-CB2 {'rot': 0.00604}
  t=   7.63  cb_yield           L14-CB2 {'rot': 0.00557}
  t=   7.75  cb_yield           L10-CB1 {'rot': 0.0056}
  t=   8.88  cb_yield           L22-CB2 {'rot': 0.00575}
  t=   9.00  cb_yield           L23-CB2 {'rot': 0.00726}
  t=   9.00  cb_yield           L24-CB2 {'rot': 0.007}
  t=   9.00  cb_yield           L25-CB2 {'rot': 0.00667}
  t=   9.00  cb_yield           L26-CB2 {'rot': 0.00629}
  t=   9.00  cb_yield           L27-CB2 {'rot': 0.00586}
  t=   9.13  cb_yield           L28-CB2 {'rot': 0.00597}
  t=   9.50  cb_yield           L2-CB2 {'rot': 0.00554}
  t=   9.50  cb_yield           L2-CB3 {'rot': 0.00565}
  t=   9.63  cb_yield           L3-CB0 {'rot': 0.00599}
  t=   9.63  cb_yield           L3-CB1 {'rot': 0.0057}
  t=   9.63  cb_yield           L4-CB0 {'rot': 0.00657}
  t=   9.63  cb_yield           L5-CB0 {'rot': 0.0068}
  t=   9.63  cb_yield           L6-CB0 {'rot': 0.00677}
  t=   9.63  cb_yield           L7-CB0 {'rot': 0.00655}
  t=   9.63  cb_yield           L8-CB0 {'rot': 0.00617}
  t=   9.63  cb_yield           L9-CB0 {'rot': 0.00568}
  t=   9.75  cb_yield           L2-CB0 {'rot': 0.00536}
  t=   9.75  cb_yield           L10-CB0 {'rot': 0.00538}
  progress t=  10.0s  max corner drift so far=0.0038  wall clock=115s
  t=  11.00  cb_yield           L28-CB3 {'rot': 0.0061}
  t=  11.00  cb_yield           L29-CB3 {'rot': 0.00578}
  t=  11.50  cb_yield           L19-CB0 {'rot': 0.00585}
  t=  11.50  cb_yield           L20-CB0 {'rot': 0.00603}
  t=  11.50  cb_yield           L21-CB0 {'rot': 0.00611}
  t=  11.50  cb_yield           L22-CB0 {'rot': 0.00609}
  t=  11.50  cb_yield           L23-CB0 {'rot': 0.00598}
  t=  11.50  cb_yield           L24-CB0 {'rot': 0.00579}
  t=  11.63  cb_yield           L1-CB2 {'rot': 0.00596}
  t=  11.63  cb_yield           L1-CB3 {'rot': 0.00563}
  t=  11.63  cb_yield           L18-CB0 {'rot': 0.00602}
  t=  11.63  cb_yield           L20-CB1 {'rot': 0.00595}
  t=  11.63  cb_yield           L21-CB1 {'rot': 0.00618}
  t=  11.63  cb_yield           L22-CB1 {'rot': 0.00627}
  t=  11.63  cb_yield           L23-CB1 {'rot': 0.00623}
  t=  11.63  cb_yield           L24-CB1 {'rot': 0.00607}
  t=  11.63  cb_yield           L25-CB0 {'rot': 0.00686}
  t=  11.63  cb_yield           L25-CB1 {'rot': 0.0058}
  t=  11.63  cb_yield           L26-CB0 {'rot': 0.0065}
  t=  11.63  cb_yield           L27-CB0 {'rot': 0.00608}
  t=  11.75  cb_yield           L28-CB0 {'rot': 0.00584}
  t=  12.13  cb_yield           L30-CB3 {'rot': 0.00627}
  t=  12.13  cb_yield           L31-CB3 {'rot': 0.00582}
  t=  12.25  cb_yield           L11-CB1 {'rot': 0.00627}
  t=  12.25  cb_yield           L12-CB1 {'rot': 0.00666}
  t=  12.25  cb_yield           L13-CB1 {'rot': 0.00708}
  t=  12.25  cb_yield           L14-CB1 {'rot': 0.0075}
  t=  12.25  cb_yield           L15-CB1 {'rot': 0.00792}
  t=  12.25  cb_yield           L16-CB1 {'rot': 0.00831}
  t=  12.25  cb_yield           L17-CB1 {'rot': 0.00873}
  t=  12.25  cb_yield           L18-CB1 {'rot': 0.00907}
  t=  12.25  cb_yield           L19-CB1 {'rot': 0.00932}
  t=  12.25  cb_yield           L26-CB1 {'rot': 0.00798}
  t=  12.25  cb_yield           L27-CB1 {'rot': 0.00739}
  t=  12.25  cb_yield           L28-CB1 {'rot': 0.00682}
  t=  12.25  cb_yield           L29-CB1 {'rot': 0.00619}
  t=  12.25  cb_yield           L32-CB3 {'rot': 0.00687}
  t=  12.38  cb_yield           L11-CB0 {'rot': 0.0058}
  t=  12.38  cb_yield           L12-CB0 {'rot': 0.00607}
  t=  12.38  cb_yield           L13-CB0 {'rot': 0.00639}
  t=  12.38  cb_yield           L14-CB0 {'rot': 0.00672}
  t=  12.38  cb_yield           L15-CB0 {'rot': 0.00707}
  t=  12.38  cb_yield           L16-CB0 {'rot': 0.00741}
  t=  12.38  cb_yield           L17-CB0 {'rot': 0.00778}
  t=  12.38  cb_yield           L30-CB1 {'rot': 0.00701}
  t=  12.38  cb_yield           L31-CB1 {'rot': 0.00617}
  t=  12.38  cb_yield           L33-CB3 {'rot': 0.00588}
  t=  12.50  cb_yield           L2-CB1 {'rot': 0.00618}
  t=  12.50  cb_yield           L32-CB1 {'rot': 0.00652}
  t=  12.63  cb_yield           L1-CB1 {'rot': 0.00544}
  t=  12.75  cb_yield           L1-CB0 {'rot': 0.00604}
  t=  17.25  cb_yield           L33-CB1 {'rot': 0.00626}
  t=  17.63  cb_yield           L29-CB0 {'rot': 0.00579}
  t=  17.88  cb_yield           L30-CB0 {'rot': 0.00651}
  t=  17.88  cb_yield           L31-CB0 {'rot': 0.00589}
  t=  18.75  cb_yield           L29-CB2 {'rot': 0.00609}
  progress t=  20.0s  max corner drift so far=0.0063  wall clock=240s
  t=  21.87  cb_yield           L32-CB0 {'rot': 0.00735}
  t=  21.87  cb_yield           L33-CB0 {'rot': 0.00716}
  t=  25.00  cb_yield           L30-CB2 {'rot': 0.00621}
  t=  25.12  cb_yield           L31-CB2 {'rot': 0.00675}
  t=  25.12  cb_yield           L32-CB2 {'rot': 0.00609}
  t=  25.12  cb_yield           L33-CB2 {'rot': 0.00579}
  progress t=  30.0s  max corner drift so far=0.0066  wall clock=363s
  progress t=  40.0s  max corner drift so far=0.0066  wall clock=493s
  t=  45.62  cb_failure         L6-CB3 {'rot': 0.02954}
  t=  45.62  cb_failure         L7-CB3 {'rot': 0.02936}
  t=  45.75  cb_failure         L4-CB2 {'rot': 0.03043}
  t=  45.75  cb_failure         L4-CB3 {'rot': 0.03143}
  t=  45.75  cb_failure         L5-CB2 {'rot': 0.03241}
  t=  45.75  cb_failure         L5-CB3 {'rot': 0.03338}
  t=  45.75  cb_failure         L6-CB2 {'rot': 0.03327}
  t=  45.75  cb_failure         L7-CB2 {'rot': 0.03321}
  t=  45.75  cb_failure         L8-CB2 {'rot': 0.03244}
  t=  45.75  cb_failure         L8-CB3 {'rot': 0.03319}
  t=  45.75  cb_failure         L9-CB2 {'rot': 0.03106}
  t=  45.75  cb_failure         L9-CB3 {'rot': 0.03176}
  t=  45.75  cb_failure         L10-CB3 {'rot': 0.02992}
  t=  45.87  cb_failure         L3-CB3 {'rot': 0.02937}
  t=  45.87  cb_failure         L10-CB2 {'rot': 0.03094}
  t=  45.87  cb_failure         L11-CB3 {'rot': 0.02958}
  t=  48.25  cb_failure         L5-CB1 {'rot': 0.02968}
  t=  48.25  cb_failure         L6-CB1 {'rot': 0.03066}
  t=  48.25  cb_failure         L7-CB1 {'rot': 0.03084}
  t=  48.25  cb_failure         L8-CB1 {'rot': 0.0304}
  t=  48.25  cb_failure         L9-CB1 {'rot': 0.02957}
  t=  48.37  cb_failure         L10-CB1 {'rot': 0.02966}
  t=  48.37  cb_failure         L12-CB3 {'rot': 0.03107}
  t=  48.37  cb_failure         L13-CB3 {'rot': 0.02933}
  t=  48.50  cb_failure         L14-CB3 {'rot': 0.02942}
  t=  48.87  cb_failure         L15-CB3 {'rot': 0.02958}
  t=  49.00  cb_failure         L16-CB3 {'rot': 0.03247}
  t=  49.00  cb_failure         L17-CB3 {'rot': 0.03212}
  t=  49.00  cb_failure         L18-CB3 {'rot': 0.03167}
  t=  49.00  cb_failure         L19-CB3 {'rot': 0.03112}
  t=  49.00  cb_failure         L20-CB3 {'rot': 0.03053}
  t=  49.00  cb_failure         L21-CB3 {'rot': 0.02985}
  t=  49.12  cb_failure         L13-CB2 {'rot': 0.02936}
  t=  49.12  cb_failure         L14-CB2 {'rot': 0.03006}
  t=  49.12  cb_failure         L15-CB2 {'rot': 0.03054}
  t=  49.12  cb_failure         L16-CB2 {'rot': 0.03083}
  t=  49.12  cb_failure         L17-CB2 {'rot': 0.03092}
  t=  49.12  cb_failure         L18-CB2 {'rot': 0.03074}
  t=  49.12  cb_failure         L19-CB2 {'rot': 0.0303}
  t=  49.12  cb_failure         L22-CB3 {'rot': 0.0337}
  t=  49.12  cb_failure         L23-CB3 {'rot': 0.03253}
  t=  49.12  cb_failure         L24-CB3 {'rot': 0.03117}
  t=  49.12  cb_failure         L25-CB3 {'rot': 0.02975}
  t=  49.25  cb_failure         L20-CB2 {'rot': 0.03151}
  t=  49.25  cb_failure         L21-CB2 {'rot': 0.0309}
  t=  49.25  cb_failure         L22-CB2 {'rot': 0.02994}
  t=  49.25  cb_failure         L26-CB3 {'rot': 0.03049}
  progress t=  50.0s  max corner drift so far=0.0097  wall clock=628s
  progress t=  60.0s  max corner drift so far=0.0097  wall clock=759s
  t=  66.37  cb_failure         L7-CB0 {'rot': 0.02948}
  t=  66.37  cb_failure         L8-CB0 {'rot': 0.02984}
  t=  66.37  cb_failure         L9-CB0 {'rot': 0.02965}
  progress t=  70.0s  max corner drift so far=0.0097  wall clock=884s
  progress t=  80.0s  max corner drift so far=0.0097  wall clock=1005s
  progress t=  90.0s  max corner drift so far=0.0097  wall clock=1124s
  progress t= 100.0s  max corner drift so far=0.0097  wall clock=1244s
