  t=   4.37  cb_yield           L5-CB2 {'rot': 0.00544}
  t=   4.37  cb_yield           L5-CB3 {'rot': 0.00534}
  t=   4.37  cb_yield           L6-CB2 {'rot': 0.00558}
  t=   4.37  cb_yield           L6-CB3 {'rot': 0.00547}
  t=   4.37  cb_yield           L7-CB2 {'rot': 0.00561}
  t=   4.37  cb_yield           L7-CB3 {'rot': 0.00548}
  t=   4.37  cb_yield           L8-CB2 {'rot': 0.00555}
  t=   4.37  cb_yield           L8-CB3 {'rot': 0.0054}
  t=   4.37  cb_yield           L9-CB2 {'rot': 0.00544}
  t=   4.50  cb_yield           L4-CB2 {'rot': 0.00607}
  t=   4.50  cb_yield           L4-CB3 {'rot': 0.00595}
  t=   4.50  cb_yield           L9-CB3 {'rot': 0.0068}
  t=   4.50  cb_yield           L10-CB2 {'rot': 0.00683}
  t=   4.50  cb_yield           L10-CB3 {'rot': 0.00661}
  t=   4.50  cb_yield           L11-CB2 {'rot': 0.0066}
  t=   4.50  cb_yield           L11-CB3 {'rot': 0.00635}
  t=   4.50  cb_yield           L12-CB2 {'rot': 0.00634}
  t=   4.50  cb_yield           L12-CB3 {'rot': 0.00607}
  t=   4.50  cb_yield           L13-CB2 {'rot': 0.00604}
  t=   4.50  cb_yield           L13-CB3 {'rot': 0.00575}
  t=   4.50  cb_yield           L14-CB2 {'rot': 0.00571}
  t=   4.50  cb_yield           L14-CB3 {'rot': 0.0054}
  t=   4.50  cb_yield           L15-CB2 {'rot': 0.00539}
  t=   4.62  cb_yield           L15-CB3 {'rot': 0.00607}
  t=   4.62  cb_yield           L16-CB2 {'rot': 0.00598}
  t=   4.62  cb_yield           L16-CB3 {'rot': 0.0056}
  t=   4.75  cb_yield           L17-CB2 {'rot': 0.0061}
  t=   6.38  cb_yield           L2-CB2 {'rot': 0.00581}
  t=   6.38  cb_yield           L2-CB3 {'rot': 0.00604}
  t=   6.38  cb_yield           L3-CB2 {'rot': 0.00691}
  t=   6.38  cb_yield           L3-CB3 {'rot': 0.00729}
  t=   6.50  cb_yield           L5-CB1 {'rot': 0.00554}
  t=   6.50  cb_yield           L6-CB1 {'rot': 0.00566}
  t=   6.50  cb_yield           L7-CB1 {'rot': 0.00566}
  t=   6.50  cb_yield           L8-CB1 {'rot': 0.00557}
  t=   6.50  cb_yield           L9-CB1 {'rot': 0.00542}
  t=   6.50  cb_yield           L17-CB3 {'rot': 0.00707}
  t=   6.50  cb_yield           L18-CB3 {'rot': 0.00621}
  t=   6.63  cb_yield           L1-CB3 {'rot': 0.00548}
  t=   6.63  cb_yield           L3-CB0 {'rot': 0.00559}
  t=   6.63  cb_yield           L3-CB1 {'rot': 0.00545}
  t=   6.63  cb_yield           L4-CB0 {'rot': 0.00637}
  t=   6.63  cb_yield           L4-CB1 {'rot': 0.00648}
  t=   6.63  cb_yield           L5-CB0 {'rot': 0.0069}
  t=   6.63  cb_yield           L6-CB0 {'rot': 0.00722}
  t=   6.63  cb_yield           L7-CB0 {'rot': 0.00735}
  t=   6.63  cb_yield           L8-CB0 {'rot': 0.00732}
  t=   6.63  cb_yield           L9-CB0 {'rot': 0.00713}
  t=   6.63  cb_yield           L10-CB0 {'rot': 0.00681}
  t=   6.63  cb_yield           L10-CB1 {'rot': 0.00766}
  t=   6.63  cb_yield           L11-CB0 {'rot': 0.00638}
  t=   6.63  cb_yield           L11-CB1 {'rot': 0.00731}
  t=   6.63  cb_yield           L12-CB0 {'rot': 0.00585}
  t=   6.63  cb_yield           L12-CB1 {'rot': 0.00686}
  t=   6.63  cb_yield           L13-CB1 {'rot': 0.0063}
  t=   6.63  cb_yield           L14-CB1 {'rot': 0.00566}
  t=   6.63  cb_yield           L19-CB3 {'rot': 0.0061}
  t=   6.75  cb_yield           L13-CB0 {'rot': 0.00545}
  t=   6.75  cb_yield           L18-CB2 {'rot': 0.00591}
  t=   6.75  cb_yield           L20-CB3 {'rot': 0.00641}
  t=   6.75  cb_yield           L21-CB3 {'rot': 0.00586}
  t=   6.88  cb_yield           L15-CB1 {'rot': 0.00589}
  t=   6.88  cb_yield           L16-CB1 {'rot': 0.00566}
  t=   6.88  cb_yield           L19-CB2 {'rot': 0.00729}
  t=   6.88  cb_yield           L20-CB2 {'rot': 0.00685}
  t=   6.88  cb_yield           L21-CB2 {'rot': 0.00641}
  t=   6.88  cb_yield           L22-CB2 {'rot': 0.00597}
  t=   6.88  cb_yield           L22-CB3 {'rot': 0.00848}
  t=   6.88  cb_yield           L23-CB3 {'rot': 0.00805}
  t=   6.88  cb_yield           L24-CB3 {'rot': 0.0076}
  t=   6.88  cb_yield           L25-CB3 {'rot': 0.00714}
  t=   6.88  cb_yield           L26-CB3 {'rot': 0.00668}
  t=   6.88  cb_yield           L27-CB3 {'rot': 0.00623}
  t=   6.88  cb_yield           L28-CB3 {'rot': 0.00581}
  t=   7.00  cb_yield           L17-CB1 {'rot': 0.00761}
  t=   7.00  cb_yield           L18-CB1 {'rot': 0.00775}
  t=   7.00  cb_yield           L19-CB1 {'rot': 0.00781}
  t=   7.00  cb_yield           L20-CB1 {'rot': 0.00781}
  t=   7.00  cb_yield           L21-CB1 {'rot': 0.00772}
  t=   7.00  cb_yield           L22-CB1 {'rot': 0.00754}
  t=   7.00  cb_yield           L23-CB1 {'rot': 0.00727}
  t=   7.00  cb_yield           L23-CB2 {'rot': 0.00823}
  t=   7.00  cb_yield           L24-CB1 {'rot': 0.00691}
  t=   7.00  cb_yield           L24-CB2 {'rot': 0.00761}
  t=   7.00  cb_yield           L25-CB1 {'rot': 0.00648}
  t=   7.00  cb_yield           L25-CB2 {'rot': 0.00692}
  t=   7.00  cb_yield           L26-CB1 {'rot': 0.006}
  t=   7.00  cb_yield           L26-CB2 {'rot': 0.0062}
  t=   7.00  cb_yield           L29-CB3 {'rot': 0.00719}
  t=   7.00  cb_yield           L30-CB3 {'rot': 0.00642}
  t=   7.00  cb_yield           L31-CB3 {'rot': 0.00574}
  t=   7.13  cb_yield           L15-CB0 {'rot': 0.00544}
  t=   7.13  cb_yield           L16-CB0 {'rot': 0.00575}
  t=   7.13  cb_yield           L17-CB0 {'rot': 0.00607}
  t=   7.13  cb_yield           L18-CB0 {'rot': 0.00631}
  t=   7.13  cb_yield           L19-CB0 {'rot': 0.00644}
  t=   7.13  cb_yield           L20-CB0 {'rot': 0.00648}
  t=   7.13  cb_yield           L21-CB0 {'rot': 0.00639}
  t=   7.13  cb_yield           L22-CB0 {'rot': 0.00616}
  t=   7.13  cb_yield           L23-CB0 {'rot': 0.00581}
  t=   7.13  cb_yield           L27-CB1 {'rot': 0.00695}
  t=   7.13  cb_yield           L27-CB2 {'rot': 0.00675}
  t=   7.13  cb_yield           L28-CB1 {'rot': 0.00626}
  t=   7.13  cb_yield           L28-CB2 {'rot': 0.00581}
  t=   7.13  cb_yield           L32-CB3 {'rot': 0.00631}
  t=   7.25  cb_yield           L29-CB1 {'rot': 0.00583}
  t=   7.25  cb_yield           L33-CB3 {'rot': 0.0059}
  t=   7.50  cb_yield           L1-CB1 {'rot': 0.00556}
  t=   7.50  cb_yield           L1-CB2 {'rot': 0.007}
  t=   7.50  cb_yield           L2-CB0 {'rot': 0.00705}
  t=   7.50  cb_yield           L2-CB1 {'rot': 0.00787}
  t=   7.63  cb_yield           L1-CB0 {'rot': 0.00592}
  t=   7.63  cb_yield           L14-CB0 {'rot': 0.00653}
  t=   8.25  cb_yield           L30-CB1 {'rot': 0.00689}
  t=   8.25  cb_yield           L31-CB1 {'rot': 0.00629}
  t=   8.25  cb_yield           L32-CB1 {'rot': 0.00581}
  t=   8.38  cb_yield           L24-CB0 {'rot': 0.00693}
  t=   8.38  cb_yield           L25-CB0 {'rot': 0.00641}
  t=   8.38  cb_yield           L26-CB0 {'rot': 0.00585}
  t=   9.13  cb_yield           L29-CB2 {'rot': 0.00776}
  t=   9.13  cb_yield           L30-CB2 {'rot': 0.00665}
  t=   9.25  cb_yield           L31-CB2 {'rot': 0.00581}
  t=   9.75  cb_yield           L27-CB0 {'rot': 0.00724}
  t=   9.75  cb_yield           L28-CB0 {'rot': 0.00713}
  t=   9.75  cb_yield           L29-CB0 {'rot': 0.00687}
  t=   9.75  cb_yield           L30-CB0 {'rot': 0.00649}
  t=   9.75  cb_yield           L31-CB0 {'rot': 0.00606}
  t=   9.75  cb_yield           L33-CB1 {'rot': 0.00641}
  progress t=  10.0s  max corner drift so far=0.0080  wall clock=121s
  t=  11.75  cb_yield           L32-CB0 {'rot': 0.00597}
  t=  11.75  cb_yield           L33-CB0 {'rot': 0.00579}
  t=  12.25  cb_failure         L7-CB3 {'rot': 0.02969}
  t=  12.25  cb_failure         L8-CB3 {'rot': 0.03036}
  t=  12.25  cb_failure         L9-CB3 {'rot': 0.03068}
  t=  12.25  cb_failure         L10-CB3 {'rot': 0.03071}
  t=  12.25  cb_failure         L11-CB3 {'rot': 0.03052}
  t=  12.25  cb_failure         L12-CB3 {'rot': 0.03013}
  t=  12.25  cb_failure         L13-CB3 {'rot': 0.02951}
  t=  12.38  cb_failure         L5-CB3 {'rot': 0.03069}
  t=  12.38  cb_failure         L6-CB2 {'rot': 0.02989}
  t=  12.38  cb_failure         L6-CB3 {'rot': 0.03234}
  t=  12.38  cb_failure         L7-CB2 {'rot': 0.03053}
  t=  12.38  cb_failure         L8-CB2 {'rot': 0.03081}
  t=  12.38  cb_failure         L9-CB2 {'rot': 0.03085}
  t=  12.38  cb_failure         L10-CB2 {'rot': 0.03073}
  t=  12.38  cb_failure         L11-CB2 {'rot': 0.03049}
  t=  12.38  cb_failure         L12-CB2 {'rot': 0.03018}
  t=  12.38  cb_failure         L13-CB2 {'rot': 0.02975}
  t=  12.38  cb_failure         L14-CB3 {'rot': 0.03458}
  t=  12.38  cb_failure         L15-CB3 {'rot': 0.03415}
  t=  12.38  cb_failure         L16-CB3 {'rot': 0.03359}
  t=  12.38  cb_failure         L17-CB3 {'rot': 0.03274}
  t=  12.38  cb_failure         L18-CB3 {'rot': 0.03173}
  t=  12.38  cb_failure         L19-CB3 {'rot': 0.03055}
  t=  12.50  cb_failure         L4-CB2 {'rot': 0.02941}
  t=  12.50  cb_failure         L4-CB3 {'rot': 0.03221}
  t=  12.50  cb_failure         L5-CB2 {'rot': 0.03183}
  t=  12.50  cb_failure         L7-CB1 {'rot': 0.02961}
  t=  12.50  cb_failure         L8-CB1 {'rot': 0.0301}
  t=  12.50  cb_failure         L9-CB1 {'rot': 0.0303}
  t=  12.50  cb_failure         L10-CB1 {'rot': 0.03033}
  t=  12.50  cb_failure         L11-CB1 {'rot': 0.03026}
  t=  12.50  cb_failure         L12-CB1 {'rot': 0.03016}
  t=  12.50  cb_failure         L13-CB1 {'rot': 0.02999}
  t=  12.50  cb_failure         L14-CB1 {'rot': 0.02972}
  t=  12.50  cb_failure         L14-CB2 {'rot': 0.03248}
  t=  12.50  cb_failure         L15-CB1 {'rot': 0.0294}
  t=  12.50  cb_failure         L15-CB2 {'rot': 0.03192}
  t=  12.50  cb_failure         L16-CB2 {'rot': 0.0313}
  t=  12.50  cb_failure         L17-CB2 {'rot': 0.03041}
  t=  12.50  cb_failure         L20-CB3 {'rot': 0.03587}
  t=  12.50  cb_failure         L21-CB3 {'rot': 0.03433}
  t=  12.50  cb_failure         L22-CB3 {'rot': 0.03249}
  t=  12.50  cb_failure         L23-CB3 {'rot': 0.03039}
  t=  12.63  cb_failure         L3-CB3 {'rot': 0.03037}
  t=  12.63  cb_failure         L5-CB1 {'rot': 0.03241}
  t=  12.63  cb_failure         L6-CB1 {'rot': 0.03474}
  t=  12.63  cb_failure         L7-CB0 {'rot': 0.02966}
  t=  12.63  cb_failure         L8-CB0 {'rot': 0.03043}
  t=  12.63  cb_failure         L9-CB0 {'rot': 0.03081}
  t=  12.63  cb_failure         L10-CB0 {'rot': 0.03093}
  t=  12.63  cb_failure         L11-CB0 {'rot': 0.03081}
  t=  12.63  cb_failure         L12-CB0 {'rot': 0.03054}
  t=  12.63  cb_failure         L13-CB0 {'rot': 0.03004}
  t=  12.63  cb_failure         L16-CB1 {'rot': 0.03714}
  t=  12.63  cb_failure         L17-CB1 {'rot': 0.03611}
  t=  12.63  cb_failure         L18-CB1 {'rot': 0.03495}
  t=  12.63  cb_failure         L18-CB2 {'rot': 0.03137}
  t=  12.63  cb_failure         L19-CB1 {'rot': 0.03364}
  t=  12.63  cb_failure         L20-CB1 {'rot': 0.03224}
  t=  12.63  cb_failure         L21-CB1 {'rot': 0.03062}
  t=  12.63  cb_failure         L24-CB3 {'rot': 0.03084}
  t=  12.75  cb_failure         L4-CB1 {'rot': 0.03275}
  t=  12.75  cb_failure         L5-CB0 {'rot': 0.03041}
  t=  12.75  cb_failure         L6-CB0 {'rot': 0.03311}
  t=  12.75  cb_failure         L14-CB0 {'rot': 0.03642}
  t=  12.75  cb_failure         L15-CB0 {'rot': 0.03527}
  t=  12.75  cb_failure         L16-CB0 {'rot': 0.03389}
  t=  12.75  cb_failure         L17-CB0 {'rot': 0.03196}
  t=  12.75  cb_failure         L18-CB0 {'rot': 0.02989}
  t=  12.75  cb_failure         L19-CB2 {'rot': 0.03005}
  t=  12.75  cb_failure         L22-CB1 {'rot': 0.03437}
  t=  12.75  cb_failure         L23-CB1 {'rot': 0.03239}
  t=  12.75  cb_failure         L24-CB1 {'rot': 0.03041}
  t=  12.88  cb_failure         L3-CB1 {'rot': 0.02952}
  t=  12.88  cb_failure         L3-CB2 {'rot': 0.0294}
  t=  12.88  cb_failure         L4-CB0 {'rot': 0.02945}
  t=  12.88  cb_failure         L19-CB0 {'rot': 0.03293}
  t=  12.88  cb_failure         L20-CB0 {'rot': 0.03049}
  t=  12.88  cb_failure         L25-CB1 {'rot': 0.03364}
  t=  12.88  cb_failure         L26-CB1 {'rot': 0.03171}
  t=  12.88  cb_failure         L27-CB1 {'rot': 0.02985}
  t=  13.00  cb_failure         L20-CB2 {'rot': 0.03109}
  t=  13.00  cb_failure         L21-CB0 {'rot': 0.03177}
  t=  13.00  cb_failure         L28-CB1 {'rot': 0.03014}
  t=  13.13  cb_failure         L22-CB0 {'rot': 0.02978}
  t=  13.13  cb_failure         L25-CB3 {'rot': 0.03038}
  t=  13.25  cb_failure         L21-CB2 {'rot': 0.03109}
  t=  13.25  cb_failure         L26-CB3 {'rot': 0.03035}
  t=  13.38  cb_failure         L27-CB3 {'rot': 0.03026}
  t=  13.63  cb_yield           L32-CB2 {'rot': 0.00615}
  t=  19.50  cb_failure         L22-CB2 {'rot': 0.0308}
  t=  19.50  cb_yield           L33-CB2 {'rot': 0.00641}
  t=  19.62  cb_failure         L23-CB2 {'rot': 0.03129}
  t=  19.62  cb_failure         L28-CB3 {'rot': 0.03206}
  t=  19.62  cb_failure         L29-CB3 {'rot': 0.03019}
  t=  19.75  cb_failure         L24-CB2 {'rot': 0.03174}
  t=  19.75  cb_failure         L30-CB3 {'rot': 0.03074}
  t=  19.87  cb_failure         L31-CB3 {'rot': 0.03137}
  t=  19.87  cb_failure         L32-CB3 {'rot': 0.03001}
  progress t=  20.0s  max corner drift so far=0.0120  wall clock=257s
  t=  20.12  cb_failure         L2-CB3 {'rot': 0.03083}
  t=  20.25  cb_failure         L2-CB2 {'rot': 0.03326}
  t=  20.25  cb_failure         L3-CB0 {'rot': 0.03021}
  t=  20.37  cb_failure         L2-CB1 {'rot': 0.03003}
  t=  21.37  cb_failure         L29-CB1 {'rot': 0.03272}
  t=  21.37  cb_failure         L30-CB1 {'rot': 0.03119}
  t=  21.37  cb_failure         L31-CB1 {'rot': 0.0298}
  t=  21.50  cb_failure         L23-CB0 {'rot': 0.03053}
  t=  23.62  cb_failure         L2-CB0 {'rot': 0.02938}
  t=  24.25  cb_failure         L24-CB0 {'rot': 0.03212}
  t=  24.37  cb_failure         L25-CB0 {'rot': 0.0298}
  progress t=  30.0s  max corner drift so far=0.0147  wall clock=400s
  t=  32.50  cb_failure         L25-CB2 {'rot': 0.03109}
  t=  33.25  cb_failure         L1-CB2 {'rot': 0.03087}
  t=  33.37  cb_failure         L1-CB3 {'rot': 0.03289}
  t=  34.37  cb_failure         L26-CB2 {'rot': 0.03346}
  t=  34.37  cb_failure         L27-CB2 {'rot': 0.03003}
  t=  34.50  cb_failure         L26-CB0 {'rot': 0.03062}
  t=  34.62  cb_failure         L27-CB0 {'rot': 0.03116}
  t=  37.87  cb_failure         L32-CB1 {'rot': 0.0306}
  t=  38.00  cb_failure         L28-CB0 {'rot': 0.03704}
  t=  38.00  cb_failure         L28-CB2 {'rot': 0.03384}
  t=  38.00  cb_failure         L29-CB0 {'rot': 0.03591}
  t=  38.00  cb_failure         L29-CB2 {'rot': 0.03275}
  t=  38.00  cb_failure         L30-CB0 {'rot': 0.03395}
  t=  38.00  cb_failure         L30-CB2 {'rot': 0.0308}
  t=  38.00  cb_failure         L31-CB0 {'rot': 0.03183}
  t=  38.00  cb_failure         L32-CB0 {'rot': 0.0303}
  t=  38.00  cb_failure         L33-CB0 {'rot': 0.02975}
  t=  38.00  cb_failure         L33-CB1 {'rot': 0.04264}
  t=  38.00  cb_failure         L33-CB3 {'rot': 0.03962}
  t=  38.12  cb_failure         L31-CB2 {'rot': 0.03866}
  t=  38.12  cb_failure         L32-CB2 {'rot': 0.03769}
  t=  38.12  cb_failure         L33-CB2 {'rot': 0.03726}
  progress t=  40.0s  max corner drift so far=0.0176  wall clock=554s
  progress t=  50.0s  max corner drift so far=0.0176  wall clock=700s
  progress t=  60.0s  max corner drift so far=0.0176  wall clock=843s
  progress t=  70.0s  max corner drift so far=0.0197  wall clock=991s
  progress t=  80.0s  max corner drift so far=0.0197  wall clock=1114s
  progress t=  90.0s  max corner drift so far=0.0197  wall clock=1231s
  progress t= 100.0s  max corner drift so far=0.0197  wall clock=1345s
