  t=   2.50  cb_yield           L5-CB3 {'rot': 0.00541}
  t=   2.50  cb_yield           L6-CB3 {'rot': 0.0056}
  t=   2.50  cb_yield           L7-CB3 {'rot': 0.00569}
  t=   2.50  cb_yield           L8-CB3 {'rot': 0.0057}
  t=   2.50  cb_yield           L9-CB3 {'rot': 0.00565}
  t=   2.50  cb_yield           L10-CB3 {'rot': 0.00556}
  t=   2.50  cb_yield           L11-CB3 {'rot': 0.00544}
  t=   2.62  cb_yield           L4-CB3 {'rot': 0.00547}
  t=   2.62  cb_yield           L6-CB1 {'rot': 0.00542}
  t=   2.62  cb_yield           L6-CB2 {'rot': 0.00544}
  t=   2.62  cb_yield           L7-CB1 {'rot': 0.00553}
  t=   2.62  cb_yield           L7-CB2 {'rot': 0.00551}
  t=   2.62  cb_yield           L8-CB1 {'rot': 0.00556}
  t=   2.62  cb_yield           L8-CB2 {'rot': 0.00551}
  t=   2.62  cb_yield           L9-CB1 {'rot': 0.00553}
  t=   2.62  cb_yield           L9-CB2 {'rot': 0.00544}
  t=   2.62  cb_yield           L10-CB1 {'rot': 0.00547}
  t=   2.62  cb_yield           L10-CB2 {'rot': 0.00534}
  t=   2.62  cb_yield           L11-CB1 {'rot': 0.00539}
  t=   2.62  cb_yield           L12-CB3 {'rot': 0.00626}
  t=   2.62  cb_yield           L13-CB3 {'rot': 0.00617}
  t=   2.62  cb_yield           L14-CB3 {'rot': 0.00604}
  t=   2.62  cb_yield           L15-CB3 {'rot': 0.00591}
  t=   2.62  cb_yield           L16-CB3 {'rot': 0.00578}
  t=   2.75  cb_yield           L3-CB3 {'rot': 0.00538}
  t=   2.75  cb_yield           L4-CB1 {'rot': 0.0055}
  t=   2.75  cb_yield           L4-CB2 {'rot': 0.00547}
  t=   2.75  cb_yield           L5-CB1 {'rot': 0.0059}
  t=   2.75  cb_yield           L5-CB2 {'rot': 0.00585}
  t=   2.75  cb_yield           L6-CB0 {'rot': 0.00535}
  t=   2.75  cb_yield           L7-CB0 {'rot': 0.00538}
  t=   2.75  cb_yield           L8-CB0 {'rot': 0.00534}
  t=   2.75  cb_yield           L11-CB2 {'rot': 0.00601}
  t=   2.75  cb_yield           L12-CB1 {'rot': 0.00609}
  t=   2.75  cb_yield           L12-CB2 {'rot': 0.00589}
  t=   2.75  cb_yield           L13-CB1 {'rot': 0.00597}
  t=   2.75  cb_yield           L13-CB2 {'rot': 0.00576}
  t=   2.75  cb_yield           L14-CB1 {'rot': 0.00583}
  t=   2.75  cb_yield           L14-CB2 {'rot': 0.0056}
  t=   2.75  cb_yield           L15-CB1 {'rot': 0.00569}
  t=   2.75  cb_yield           L15-CB2 {'rot': 0.00544}
  t=   2.75  cb_yield           L16-CB1 {'rot': 0.00554}
  t=   2.75  cb_yield           L17-CB3 {'rot': 0.00676}
  t=   2.75  cb_yield           L18-CB3 {'rot': 0.00658}
  t=   2.75  cb_yield           L19-CB3 {'rot': 0.00638}
  t=   2.75  cb_yield           L20-CB3 {'rot': 0.00616}
  t=   2.75  cb_yield           L21-CB3 {'rot': 0.00593}
  t=   2.87  cb_yield           L3-CB1 {'rot': 0.00557}
  t=   2.87  cb_yield           L3-CB2 {'rot': 0.00552}
  t=   2.87  cb_yield           L4-CB0 {'rot': 0.00559}
  t=   2.87  cb_yield           L5-CB0 {'rot': 0.00596}
  t=   2.87  cb_yield           L9-CB0 {'rot': 0.00605}
  t=   2.87  cb_yield           L10-CB0 {'rot': 0.00586}
  t=   2.87  cb_yield           L11-CB0 {'rot': 0.00565}
  t=   2.87  cb_yield           L12-CB0 {'rot': 0.00542}
  t=   2.87  cb_yield           L16-CB2 {'rot': 0.00609}
  t=   2.87  cb_yield           L17-CB1 {'rot': 0.00597}
  t=   2.87  cb_yield           L17-CB2 {'rot': 0.00585}
  t=   2.87  cb_yield           L22-CB3 {'rot': 0.00654}
  t=   2.87  cb_yield           L23-CB3 {'rot': 0.00623}
  t=   2.87  cb_yield           L24-CB3 {'rot': 0.00589}
  t=   3.00  cb_yield           L2-CB3 {'rot': 0.00575}
  t=   3.00  cb_yield           L3-CB0 {'rot': 0.00572}
  t=   3.00  cb_yield           L13-CB0 {'rot': 0.00596}
  t=   3.00  cb_yield           L14-CB0 {'rot': 0.00562}
  t=   3.00  cb_yield           L18-CB1 {'rot': 0.00623}
  t=   3.00  cb_yield           L18-CB2 {'rot': 0.00619}
  t=   3.00  cb_yield           L19-CB1 {'rot': 0.00588}
  t=   3.00  cb_yield           L19-CB2 {'rot': 0.00583}
  t=   3.00  cb_yield           L25-CB3 {'rot': 0.00586}
  t=   3.12  cb_yield           L2-CB0 {'rot': 0.00546}
  t=   3.12  cb_yield           L2-CB1 {'rot': 0.00603}
  t=   3.12  cb_yield           L2-CB2 {'rot': 0.00614}
  t=   3.12  cb_yield           L15-CB0 {'rot': 0.00597}
  t=   3.12  cb_yield           L16-CB0 {'rot': 0.00555}
  t=   3.12  cb_yield           L20-CB1 {'rot': 0.00586}
  t=   3.37  cb_yield           L1-CB2 {'rot': 0.00542}
  t=   3.37  cb_yield           L1-CB3 {'rot': 0.00575}
  t=   3.37  cb_yield           L17-CB0 {'rot': 0.00591}
  t=   3.37  cb_yield           L21-CB1 {'rot': 0.00597}
  t=   3.50  cb_yield           L22-CB1 {'rot': 0.00578}
  t=   3.62  cb_yield           L18-CB0 {'rot': 0.00595}
  t=   3.75  cb_yield           L23-CB1 {'rot': 0.00612}
  t=   3.87  cb_yield           L19-CB0 {'rot': 0.00585}
  t=   3.87  cb_yield           L20-CB2 {'rot': 0.00584}
  t=   3.87  cb_yield           L24-CB1 {'rot': 0.00603}
  t=   5.00  cb_yield           L20-CB0 {'rot': 0.00771}
  t=   5.00  cb_yield           L21-CB0 {'rot': 0.00712}
  t=   5.00  cb_yield           L22-CB0 {'rot': 0.00653}
  t=   5.00  cb_yield           L23-CB0 {'rot': 0.00594}
  t=   5.13  cb_yield           L21-CB2 {'rot': 0.00625}
  t=   5.13  cb_yield           L24-CB0 {'rot': 0.00643}
  t=   5.13  cb_yield           L25-CB1 {'rot': 0.00655}
  t=   5.13  cb_yield           L26-CB1 {'rot': 0.00585}
  t=   5.25  cb_yield           L1-CB1 {'rot': 0.00534}
  t=   5.25  cb_yield           L22-CB2 {'rot': 0.00657}
  t=   5.25  cb_yield           L25-CB0 {'rot': 0.00618}
  t=   5.25  cb_yield           L27-CB1 {'rot': 0.00583}
  t=   5.38  cb_yield           L1-CB0 {'rot': 0.0059}
  t=   5.38  cb_yield           L23-CB2 {'rot': 0.00671}
  t=   5.50  cb_yield           L24-CB2 {'rot': 0.00658}
  t=   5.50  cb_yield           L26-CB3 {'rot': 0.00622}
  t=   5.63  cb_yield           L25-CB2 {'rot': 0.00604}
  t=   9.00  cb_yield           L28-CB1 {'rot': 0.00654}
  t=   9.00  cb_yield           L29-CB1 {'rot': 0.00611}
  t=   9.13  cb_yield           L26-CB0 {'rot': 0.00625}
  t=   9.13  cb_yield           L27-CB0 {'rot': 0.00597}
  t=   9.13  cb_yield           L30-CB1 {'rot': 0.00777}
  t=   9.13  cb_yield           L31-CB1 {'rot': 0.00726}
  t=   9.13  cb_yield           L32-CB1 {'rot': 0.00682}
  t=   9.13  cb_yield           L33-CB1 {'rot': 0.0065}
  t=   9.25  cb_yield           L28-CB0 {'rot': 0.00584}
  progress t=  10.0s  max corner drift so far=0.0056  wall clock=98s
  t=  10.38  cb_yield           L27-CB3 {'rot': 0.00732}
  t=  10.38  cb_yield           L28-CB3 {'rot': 0.00646}
  t=  10.50  cb_yield           L26-CB2 {'rot': 0.00704}
  t=  10.50  cb_yield           L27-CB2 {'rot': 0.00597}
  t=  10.50  cb_yield           L29-CB3 {'rot': 0.00982}
  t=  10.50  cb_yield           L30-CB3 {'rot': 0.00887}
  t=  10.50  cb_yield           L31-CB3 {'rot': 0.00804}
  t=  10.50  cb_yield           L32-CB3 {'rot': 0.00745}
  t=  10.63  cb_yield           L28-CB2 {'rot': 0.00859}
  t=  10.63  cb_yield           L29-CB2 {'rot': 0.00733}
  t=  10.63  cb_yield           L30-CB2 {'rot': 0.00604}
  t=  10.63  cb_yield           L33-CB3 {'rot': 0.00875}
  t=  10.75  cb_yield           L31-CB2 {'rot': 0.00731}
  t=  10.75  cb_yield           L32-CB2 {'rot': 0.00638}
  t=  10.75  cb_yield           L33-CB2 {'rot': 0.006}
  t=  11.50  cb_failure         L5-CB3 {'rot': 0.02976}
  t=  11.50  cb_failure         L6-CB3 {'rot': 0.02995}
  t=  11.50  cb_failure         L7-CB3 {'rot': 0.02933}
  t=  11.50  cb_yield           L29-CB0 {'rot': 0.00584}
  t=  12.13  cb_yield           L30-CB0 {'rot': 0.00794}
  t=  12.13  cb_yield           L31-CB0 {'rot': 0.00733}
  t=  12.13  cb_yield           L32-CB0 {'rot': 0.00682}
  t=  12.13  cb_yield           L33-CB0 {'rot': 0.00659}
  t=  12.75  cb_failure         L4-CB3 {'rot': 0.03162}
  t=  12.75  cb_failure         L8-CB3 {'rot': 0.03024}
  t=  12.88  cb_failure         L9-CB3 {'rot': 0.03184}
  t=  12.88  cb_failure         L10-CB3 {'rot': 0.03004}
  t=  13.00  cb_failure         L7-CB2 {'rot': 0.02941}
  t=  13.00  cb_failure         L8-CB2 {'rot': 0.02964}
  t=  13.00  cb_failure         L9-CB2 {'rot': 0.02948}
  t=  13.00  cb_failure         L11-CB3 {'rot': 0.03442}
  t=  13.00  cb_failure         L12-CB3 {'rot': 0.03329}
  t=  13.00  cb_failure         L13-CB3 {'rot': 0.03187}
  t=  13.00  cb_failure         L14-CB3 {'rot': 0.03021}
  t=  13.13  cb_failure         L10-CB2 {'rot': 0.03152}
  t=  13.13  cb_failure         L11-CB2 {'rot': 0.03205}
  t=  13.13  cb_failure         L12-CB2 {'rot': 0.03237}
  t=  13.13  cb_failure         L13-CB2 {'rot': 0.03243}
  t=  13.13  cb_failure         L14-CB2 {'rot': 0.03218}
  t=  13.13  cb_failure         L15-CB2 {'rot': 0.03163}
  t=  13.13  cb_failure         L15-CB3 {'rot': 0.03858}
  t=  13.13  cb_failure         L16-CB2 {'rot': 0.03076}
  t=  13.13  cb_failure         L16-CB3 {'rot': 0.03769}
  t=  13.13  cb_failure         L17-CB3 {'rot': 0.03619}
  t=  13.13  cb_failure         L18-CB3 {'rot': 0.03436}
  t=  13.13  cb_failure         L19-CB3 {'rot': 0.03232}
  t=  13.13  cb_failure         L20-CB3 {'rot': 0.03024}
  t=  13.25  cb_failure         L15-CB1 {'rot': 0.02965}
  t=  13.25  cb_failure         L16-CB1 {'rot': 0.02987}
  t=  13.25  cb_failure         L17-CB2 {'rot': 0.0383}
  t=  13.25  cb_failure         L18-CB2 {'rot': 0.03745}
  t=  13.25  cb_failure         L19-CB2 {'rot': 0.03583}
  t=  13.25  cb_failure         L20-CB2 {'rot': 0.03363}
  t=  13.25  cb_failure         L21-CB2 {'rot': 0.03051}
  t=  13.25  cb_failure         L21-CB3 {'rot': 0.03973}
  t=  13.25  cb_failure         L22-CB3 {'rot': 0.03632}
  t=  13.25  cb_failure         L23-CB3 {'rot': 0.03266}
  t=  13.38  cb_failure         L13-CB1 {'rot': 0.03189}
  t=  13.38  cb_failure         L14-CB1 {'rot': 0.03411}
  t=  13.38  cb_failure         L17-CB1 {'rot': 0.03677}
  t=  13.38  cb_failure         L18-CB1 {'rot': 0.03662}
  t=  13.38  cb_failure         L19-CB1 {'rot': 0.03591}
  t=  13.38  cb_failure         L20-CB1 {'rot': 0.03456}
  t=  13.38  cb_failure         L21-CB1 {'rot': 0.03235}
  t=  13.38  cb_failure         L22-CB2 {'rot': 0.03566}
  t=  13.38  cb_failure         L23-CB2 {'rot': 0.03113}
  t=  13.38  cb_failure         L24-CB3 {'rot': 0.03469}
  t=  13.38  cb_failure         L25-CB3 {'rot': 0.02981}
  t=  13.50  cb_failure         L15-CB0 {'rot': 0.03035}
  t=  13.50  cb_failure         L16-CB0 {'rot': 0.03204}
  t=  13.50  cb_failure         L17-CB0 {'rot': 0.03321}
  t=  13.50  cb_failure         L18-CB0 {'rot': 0.03359}
  t=  13.50  cb_failure         L19-CB0 {'rot': 0.0333}
  t=  13.50  cb_failure         L20-CB0 {'rot': 0.03227}
  t=  13.50  cb_failure         L21-CB0 {'rot': 0.03006}
  t=  13.50  cb_failure         L22-CB1 {'rot': 0.03408}
  t=  13.50  cb_failure         L23-CB1 {'rot': 0.03026}
  t=  13.50  cb_failure         L24-CB2 {'rot': 0.0299}
  t=  13.63  cb_failure         L22-CB0 {'rot': 0.03069}
  t=  14.25  cb_failure         L5-CB2 {'rot': 0.02975}
  t=  14.25  cb_failure         L6-CB2 {'rot': 0.03029}
  t=  14.38  cb_failure         L5-CB0 {'rot': 0.03037}
  t=  14.38  cb_failure         L6-CB0 {'rot': 0.03186}
  t=  14.38  cb_failure         L6-CB1 {'rot': 0.03026}
  t=  14.38  cb_failure         L7-CB0 {'rot': 0.03244}
  t=  14.38  cb_failure         L7-CB1 {'rot': 0.03054}
  t=  14.38  cb_failure         L8-CB0 {'rot': 0.03225}
  t=  14.38  cb_failure         L8-CB1 {'rot': 0.03008}
  t=  14.38  cb_failure         L9-CB0 {'rot': 0.03138}
  t=  14.38  cb_failure         L10-CB0 {'rot': 0.03013}
  t=  14.50  cb_failure         L9-CB1 {'rot': 0.02996}
  t=  14.50  cb_failure         L11-CB0 {'rot': 0.0294}
  progress t=  20.0s  max corner drift so far=0.0135  wall clock=218s
  t=  21.75  cb_failure         L4-CB2 {'rot': 0.03072}
  t=  22.12  cb_failure         L26-CB3 {'rot': 0.03168}
  t=  22.12  cb_failure         L27-CB3 {'rot': 0.02999}
  t=  22.25  cb_failure         L25-CB2 {'rot': 0.03117}
  t=  22.25  cb_failure         L28-CB3 {'rot': 0.03533}
  t=  22.25  cb_failure         L29-CB3 {'rot': 0.03384}
  t=  22.25  cb_failure         L30-CB3 {'rot': 0.03216}
  t=  22.25  cb_failure         L31-CB3 {'rot': 0.03062}
  t=  22.37  cb_failure         L26-CB2 {'rot': 0.03244}
  t=  22.37  cb_failure         L27-CB2 {'rot': 0.03007}
  t=  22.37  cb_failure         L32-CB3 {'rot': 0.03174}
  t=  22.37  cb_failure         L33-CB3 {'rot': 0.0298}
  t=  22.50  cb_failure         L24-CB1 {'rot': 0.03146}
  t=  24.50  cb_failure         L3-CB2 {'rot': 0.02947}
  t=  24.62  cb_failure         L3-CB0 {'rot': 0.03124}
  t=  24.62  cb_failure         L3-CB1 {'rot': 0.02986}
  t=  24.62  cb_failure         L3-CB3 {'rot': 0.03273}
  t=  24.62  cb_failure         L4-CB0 {'rot': 0.03553}
  t=  24.62  cb_failure         L4-CB1 {'rot': 0.0344}
  t=  24.62  cb_failure         L5-CB1 {'rot': 0.03717}
  t=  24.62  cb_failure         L10-CB1 {'rot': 0.03588}
  t=  24.62  cb_failure         L11-CB1 {'rot': 0.0339}
  t=  24.62  cb_failure         L12-CB0 {'rot': 0.03319}
  t=  24.62  cb_failure         L12-CB1 {'rot': 0.03156}
  t=  24.62  cb_failure         L13-CB0 {'rot': 0.03058}
  t=  24.75  cb_failure         L14-CB0 {'rot': 0.03474}
  t=  25.25  cb_failure         L23-CB0 {'rot': 0.02978}
  t=  25.25  cb_failure         L25-CB1 {'rot': 0.0308}
  t=  25.37  cb_failure         L24-CB0 {'rot': 0.03293}
  t=  25.37  cb_failure         L25-CB0 {'rot': 0.02979}
  t=  25.37  cb_failure         L26-CB1 {'rot': 0.0358}
  t=  25.37  cb_failure         L27-CB1 {'rot': 0.03206}
  t=  25.62  cb_failure         L28-CB1 {'rot': 0.02992}
  t=  25.75  cb_failure         L26-CB0 {'rot': 0.03233}
  t=  28.62  cb_failure         L29-CB1 {'rot': 0.03226}
  t=  28.62  cb_failure         L30-CB1 {'rot': 0.03149}
  t=  28.62  cb_failure         L31-CB1 {'rot': 0.0305}
  progress t=  30.0s  max corner drift so far=0.0139  wall clock=339s
  t=  30.50  cb_failure         L32-CB1 {'rot': 0.03389}
  t=  30.50  cb_failure         L33-CB1 {'rot': 0.03081}
  t=  37.00  cb_failure         L27-CB0 {'rot': 0.0306}
  t=  37.00  cb_failure         L28-CB0 {'rot': 0.03058}
  t=  37.00  cb_failure         L28-CB2 {'rot': 0.03125}
  t=  37.00  cb_failure         L29-CB0 {'rot': 0.0302}
  t=  37.00  cb_failure         L29-CB2 {'rot': 0.03091}
  t=  37.00  cb_failure         L30-CB2 {'rot': 0.02994}
  t=  39.25  cb_failure         L31-CB2 {'rot': 0.02981}
  progress t=  40.0s  max corner drift so far=0.0139  wall clock=459s
  t=  43.87  cb_failure         L30-CB0 {'rot': 0.0304}
  t=  44.00  cb_failure         L31-CB0 {'rot': 0.03601}
  t=  44.00  cb_failure         L32-CB0 {'rot': 0.0346}
  t=  44.00  cb_failure         L32-CB2 {'rot': 0.0321}
  t=  44.00  cb_failure         L33-CB0 {'rot': 0.03408}
  t=  44.00  cb_failure         L33-CB2 {'rot': 0.0316}
  progress t=  50.0s  max corner drift so far=0.0190  wall clock=578s
  t=  58.75  cb_failure         L2-CB1 {'rot': 0.03133}
  progress t=  60.0s  max corner drift so far=0.0190  wall clock=705s
  progress t=  70.0s  max corner drift so far=0.0190  wall clock=821s
  progress t=  80.0s  max corner drift so far=0.0190  wall clock=934s
  progress t=  90.0s  max corner drift so far=0.0190  wall clock=1042s
  progress t= 100.0s  max corner drift so far=0.0190  wall clock=1140s
