  t=   2.00  cb_yield           L6-CB1 {'rot': 0.00543}
  t=   2.00  cb_yield           L6-CB3 {'rot': 0.00552}
  t=   2.00  cb_yield           L7-CB1 {'rot': 0.0055}
  t=   2.00  cb_yield           L7-CB3 {'rot': 0.00561}
  t=   2.00  cb_yield           L8-CB1 {'rot': 0.00547}
  t=   2.00  cb_yield           L8-CB3 {'rot': 0.00559}
  t=   2.00  cb_yield           L9-CB1 {'rot': 0.00538}
  t=   2.00  cb_yield           L9-CB3 {'rot': 0.0055}
  t=   2.00  cb_yield           L10-CB3 {'rot': 0.00534}
  t=   2.12  cb_yield           L5-CB1 {'rot': 0.00538}
  t=   2.12  cb_yield           L5-CB3 {'rot': 0.00544}
  t=   2.12  cb_yield           L10-CB1 {'rot': 0.00595}
  t=   2.12  cb_yield           L11-CB1 {'rot': 0.00585}
  t=   2.12  cb_yield           L11-CB3 {'rot': 0.00598}
  t=   2.12  cb_yield           L12-CB1 {'rot': 0.00572}
  t=   2.12  cb_yield           L12-CB3 {'rot': 0.00586}
  t=   2.12  cb_yield           L13-CB1 {'rot': 0.00554}
  t=   2.12  cb_yield           L13-CB3 {'rot': 0.0057}
  t=   2.12  cb_yield           L14-CB1 {'rot': 0.00533}
  t=   2.12  cb_yield           L14-CB3 {'rot': 0.00549}
  t=   2.25  cb_yield           L15-CB1 {'rot': 0.0058}
  t=   2.25  cb_yield           L15-CB3 {'rot': 0.006}
  t=   2.25  cb_yield           L16-CB1 {'rot': 0.00562}
  t=   2.25  cb_yield           L16-CB3 {'rot': 0.00583}
  t=   2.37  cb_yield           L17-CB1 {'rot': 0.00623}
  t=   2.37  cb_yield           L17-CB3 {'rot': 0.00647}
  t=   2.37  cb_yield           L18-CB1 {'rot': 0.00619}
  t=   2.37  cb_yield           L18-CB3 {'rot': 0.00645}
  t=   2.37  cb_yield           L19-CB1 {'rot': 0.00611}
  t=   2.37  cb_yield           L19-CB3 {'rot': 0.0064}
  t=   2.37  cb_yield           L20-CB1 {'rot': 0.00602}
  t=   2.37  cb_yield           L20-CB3 {'rot': 0.00632}
  t=   2.37  cb_yield           L21-CB1 {'rot': 0.00589}
  t=   2.37  cb_yield           L21-CB3 {'rot': 0.00621}
  t=   2.37  cb_yield           L22-CB3 {'rot': 0.00605}
  t=   2.37  cb_yield           L23-CB3 {'rot': 0.00587}
  t=   2.50  cb_yield           L22-CB1 {'rot': 0.00726}
  t=   2.50  cb_yield           L23-CB1 {'rot': 0.00705}
  t=   2.50  cb_yield           L24-CB1 {'rot': 0.00675}
  t=   2.50  cb_yield           L24-CB3 {'rot': 0.00708}
  t=   2.50  cb_yield           L25-CB1 {'rot': 0.0064}
  t=   2.50  cb_yield           L25-CB3 {'rot': 0.00672}
  t=   2.50  cb_yield           L26-CB1 {'rot': 0.006}
  t=   2.50  cb_yield           L26-CB3 {'rot': 0.00632}
  t=   2.50  cb_yield           L27-CB3 {'rot': 0.0059}
  t=   2.62  cb_yield           L27-CB1 {'rot': 0.00586}
  t=   3.50  cb_yield           L15-CB0 {'rot': 0.00534}
  t=   3.50  cb_yield           L16-CB0 {'rot': 0.00557}
  t=   3.50  cb_yield           L17-CB0 {'rot': 0.00582}
  t=   3.50  cb_yield           L18-CB0 {'rot': 0.006}
  t=   3.50  cb_yield           L19-CB0 {'rot': 0.0061}
  t=   3.50  cb_yield           L19-CB2 {'rot': 0.00578}
  t=   3.50  cb_yield           L20-CB0 {'rot': 0.00616}
  t=   3.50  cb_yield           L20-CB2 {'rot': 0.00588}
  t=   3.50  cb_yield           L21-CB0 {'rot': 0.00614}
  t=   3.50  cb_yield           L21-CB2 {'rot': 0.0059}
  t=   3.50  cb_yield           L22-CB0 {'rot': 0.00602}
  t=   3.50  cb_yield           L22-CB2 {'rot': 0.00583}
  t=   3.50  cb_yield           L23-CB0 {'rot': 0.00583}
  t=   3.62  cb_yield           L13-CB0 {'rot': 0.00554}
  t=   3.62  cb_yield           L14-CB0 {'rot': 0.00582}
  t=   3.62  cb_yield           L16-CB2 {'rot': 0.00547}
  t=   3.62  cb_yield           L18-CB2 {'rot': 0.00581}
  t=   3.75  cb_yield           L8-CB0 {'rot': 0.00548}
  t=   3.75  cb_yield           L9-CB0 {'rot': 0.00569}
  t=   3.75  cb_yield           L10-CB0 {'rot': 0.00587}
  t=   3.75  cb_yield           L11-CB0 {'rot': 0.00603}
  t=   3.75  cb_yield           L12-CB0 {'rot': 0.00619}
  t=   3.87  cb_yield           L3-CB0 {'rot': 0.00543}
  t=   3.87  cb_yield           L4-CB0 {'rot': 0.00616}
  t=   3.87  cb_yield           L4-CB1 {'rot': 0.00606}
  t=   3.87  cb_yield           L5-CB0 {'rot': 0.00668}
  t=   3.87  cb_yield           L5-CB2 {'rot': 0.00562}
  t=   3.87  cb_yield           L6-CB0 {'rot': 0.00704}
  t=   3.87  cb_yield           L6-CB2 {'rot': 0.00585}
  t=   3.87  cb_yield           L7-CB0 {'rot': 0.00726}
  t=   3.87  cb_yield           L7-CB2 {'rot': 0.00597}
  t=   3.87  cb_yield           L8-CB2 {'rot': 0.00598}
  t=   3.87  cb_yield           L9-CB2 {'rot': 0.00592}
  t=   3.87  cb_yield           L10-CB2 {'rot': 0.0058}
  t=   3.87  cb_yield           L11-CB2 {'rot': 0.00564}
  t=   3.87  cb_yield           L12-CB2 {'rot': 0.00546}
  t=   4.00  cb_yield           L2-CB0 {'rot': 0.00594}
  t=   4.00  cb_yield           L2-CB1 {'rot': 0.00577}
  t=   4.00  cb_yield           L3-CB1 {'rot': 0.00701}
  t=   4.00  cb_yield           L3-CB2 {'rot': 0.00624}
  t=   4.00  cb_yield           L3-CB3 {'rot': 0.00605}
  t=   4.00  cb_yield           L4-CB2 {'rot': 0.00695}
  t=   4.00  cb_yield           L4-CB3 {'rot': 0.00674}
  t=   4.12  cb_yield           L2-CB2 {'rot': 0.00633}
  t=   4.12  cb_yield           L2-CB3 {'rot': 0.00616}
  t=   8.25  cb_yield           L13-CB2 {'rot': 0.00544}
  t=   8.38  cb_yield           L14-CB2 {'rot': 0.00695}
  t=   8.38  cb_yield           L15-CB2 {'rot': 0.00663}
  t=   8.38  cb_yield           L17-CB2 {'rot': 0.00595}
  t=   8.63  cb_yield           L23-CB2 {'rot': 0.00614}
  t=   8.63  cb_yield           L28-CB3 {'rot': 0.00635}
  t=   8.63  cb_yield           L29-CB3 {'rot': 0.00596}
  t=   8.75  cb_yield           L24-CB2 {'rot': 0.00669}
  t=   8.75  cb_yield           L25-CB2 {'rot': 0.006}
  t=   8.75  cb_yield           L30-CB3 {'rot': 0.00636}
  t=   8.75  cb_yield           L31-CB3 {'rot': 0.00606}
  t=   8.75  cb_yield           L32-CB3 {'rot': 0.00586}
  t=   8.88  cb_yield           L26-CB2 {'rot': 0.00622}
  t=   8.88  cb_yield           L33-CB3 {'rot': 0.00691}
  t=   9.00  cb_yield           L27-CB2 {'rot': 0.00637}
  t=   9.00  cb_yield           L28-CB2 {'rot': 0.00586}
  t=   9.25  cb_yield           L28-CB1 {'rot': 0.00776}
  t=   9.25  cb_yield           L29-CB1 {'rot': 0.00728}
  t=   9.25  cb_yield           L30-CB1 {'rot': 0.0067}
  t=   9.25  cb_yield           L31-CB1 {'rot': 0.0061}
  t=   9.88  cb_yield           L1-CB0 {'rot': 0.00674}
  t=  10.00  cb_yield           L1-CB1 {'rot': 0.00578}
  progress t=  10.0s  max corner drift so far=0.0041  wall clock=133s
  t=  10.25  cb_yield           L32-CB1 {'rot': 0.00582}
  t=  10.38  cb_yield           L1-CB2 {'rot': 0.00687}
  t=  10.38  cb_yield           L1-CB3 {'rot': 0.00646}
  t=  10.38  cb_yield           L24-CB0 {'rot': 0.00934}
  t=  10.38  cb_yield           L25-CB0 {'rot': 0.00916}
  t=  10.38  cb_yield           L26-CB0 {'rot': 0.00892}
  t=  10.38  cb_yield           L27-CB0 {'rot': 0.00864}
  t=  10.38  cb_yield           L28-CB0 {'rot': 0.00833}
  t=  10.38  cb_yield           L29-CB0 {'rot': 0.00798}
  t=  10.38  cb_yield           L30-CB0 {'rot': 0.00756}
  t=  10.38  cb_yield           L31-CB0 {'rot': 0.00712}
  t=  10.38  cb_yield           L32-CB0 {'rot': 0.00675}
  t=  10.38  cb_yield           L33-CB0 {'rot': 0.00654}
  t=  10.38  cb_yield           L33-CB1 {'rot': 0.00953}
  t=  11.38  cb_failure         L10-CB1 {'rot': 0.02945}
  t=  11.38  cb_failure         L11-CB1 {'rot': 0.03066}
  t=  11.38  cb_failure         L12-CB1 {'rot': 0.0318}
  t=  11.38  cb_failure         L13-CB1 {'rot': 0.03276}
  t=  11.38  cb_failure         L14-CB1 {'rot': 0.03344}
  t=  11.38  cb_failure         L15-CB1 {'rot': 0.03388}
  t=  11.38  cb_failure         L16-CB1 {'rot': 0.03408}
  t=  11.38  cb_failure         L17-CB1 {'rot': 0.03399}
  t=  11.38  cb_failure         L18-CB1 {'rot': 0.03356}
  t=  11.38  cb_failure         L19-CB1 {'rot': 0.03278}
  t=  11.38  cb_failure         L20-CB1 {'rot': 0.03166}
  t=  11.38  cb_failure         L21-CB1 {'rot': 0.03008}
  t=  11.50  cb_failure         L12-CB0 {'rot': 0.03021}
  t=  11.50  cb_failure         L13-CB0 {'rot': 0.03142}
  t=  11.50  cb_failure         L14-CB0 {'rot': 0.0322}
  t=  11.50  cb_failure         L15-CB0 {'rot': 0.03267}
  t=  11.50  cb_failure         L16-CB0 {'rot': 0.03284}
  t=  11.50  cb_failure         L17-CB0 {'rot': 0.03267}
  t=  11.50  cb_failure         L18-CB0 {'rot': 0.03204}
  t=  11.50  cb_failure         L19-CB0 {'rot': 0.03093}
  t=  11.63  cb_failure         L20-CB0 {'rot': 0.03042}
  t=  12.75  cb_yield           L29-CB2 {'rot': 0.0062}
  t=  12.88  cb_yield           L30-CB2 {'rot': 0.00721}
  t=  12.88  cb_yield           L31-CB2 {'rot': 0.00635}
  t=  14.00  cb_yield           L32-CB2 {'rot': 0.00586}
  t=  14.13  cb_yield           L33-CB2 {'rot': 0.00919}
  t=  17.13  cb_failure         L5-CB1 {'rot': 0.03016}
  t=  17.13  cb_failure         L6-CB0 {'rot': 0.02957}
  t=  17.13  cb_failure         L6-CB1 {'rot': 0.03206}
  t=  17.13  cb_failure         L7-CB0 {'rot': 0.03071}
  t=  17.13  cb_failure         L7-CB1 {'rot': 0.03334}
  t=  17.13  cb_failure         L8-CB0 {'rot': 0.03141}
  t=  17.13  cb_failure         L8-CB1 {'rot': 0.03415}
  t=  17.13  cb_failure         L9-CB0 {'rot': 0.03179}
  t=  17.13  cb_failure         L9-CB1 {'rot': 0.0346}
  t=  17.13  cb_failure         L10-CB0 {'rot': 0.03193}
  t=  17.13  cb_failure         L11-CB0 {'rot': 0.03186}
  t=  17.25  cb_failure         L4-CB1 {'rot': 0.03086}
  t=  17.25  cb_failure         L5-CB0 {'rot': 0.03176}
  t=  17.25  cb_failure         L7-CB3 {'rot': 0.02997}
  t=  17.25  cb_failure         L8-CB3 {'rot': 0.03069}
  t=  17.25  cb_failure         L9-CB3 {'rot': 0.03103}
  t=  17.25  cb_failure         L10-CB3 {'rot': 0.0311}
  t=  17.25  cb_failure         L11-CB3 {'rot': 0.03096}
  t=  17.25  cb_failure         L12-CB3 {'rot': 0.03069}
  t=  17.25  cb_failure         L13-CB3 {'rot': 0.03025}
  t=  17.25  cb_failure         L14-CB3 {'rot': 0.02959}
  t=  17.38  cb_failure         L4-CB0 {'rot': 0.03004}
  t=  17.38  cb_failure         L6-CB3 {'rot': 0.03034}
  t=  17.38  cb_failure         L9-CB2 {'rot': 0.02938}
  t=  17.38  cb_failure         L10-CB2 {'rot': 0.02953}
  t=  17.38  cb_failure         L11-CB2 {'rot': 0.0294}
  t=  17.38  cb_failure         L15-CB3 {'rot': 0.03085}
  t=  17.38  cb_failure         L16-CB3 {'rot': 0.0297}
  t=  17.50  cb_failure         L12-CB2 {'rot': 0.03077}
  t=  17.50  cb_failure         L13-CB2 {'rot': 0.03039}
  t=  17.50  cb_failure         L14-CB2 {'rot': 0.02957}
  t=  17.75  cb_failure         L21-CB0 {'rot': 0.02992}
  t=  17.75  cb_failure         L22-CB1 {'rot': 0.03106}
  t=  20.00  cb_failure         L5-CB3 {'rot': 0.03069}
  progress t=  20.0s  max corner drift so far=0.0146  wall clock=281s
  t=  20.12  cb_failure         L3-CB3 {'rot': 0.02986}
  t=  20.12  cb_failure         L4-CB3 {'rot': 0.03209}
  t=  20.25  cb_failure         L3-CB1 {'rot': 0.03352}
  t=  20.25  cb_failure         L23-CB1 {'rot': 0.03214}
  t=  20.25  cb_failure         L24-CB1 {'rot': 0.0314}
  t=  20.25  cb_failure         L25-CB1 {'rot': 0.03055}
  t=  20.37  cb_failure         L17-CB3 {'rot': 0.03071}
  t=  20.37  cb_failure         L18-CB3 {'rot': 0.03012}
  t=  20.37  cb_failure         L26-CB1 {'rot': 0.03384}
  t=  20.37  cb_failure         L27-CB1 {'rot': 0.03224}
  t=  20.37  cb_failure         L28-CB1 {'rot': 0.0308}
  t=  20.50  cb_failure         L19-CB3 {'rot': 0.03215}
  t=  20.50  cb_failure         L20-CB3 {'rot': 0.03096}
  t=  20.50  cb_failure         L21-CB3 {'rot': 0.02978}
  t=  20.50  cb_failure         L29-CB1 {'rot': 0.03018}
  t=  20.75  cb_failure         L22-CB0 {'rot': 0.03512}
  t=  20.75  cb_failure         L23-CB0 {'rot': 0.03135}
  t=  20.87  cb_failure         L24-CB0 {'rot': 0.03421}
  t=  20.87  cb_failure         L25-CB0 {'rot': 0.03032}
  t=  21.00  cb_failure         L3-CB0 {'rot': 0.0331}
  t=  21.00  cb_failure         L26-CB0 {'rot': 0.0335}
  t=  21.00  cb_failure         L27-CB0 {'rot': 0.03011}
  t=  21.12  cb_failure         L2-CB0 {'rot': 0.02958}
  t=  21.12  cb_failure         L2-CB1 {'rot': 0.03152}
  t=  21.12  cb_failure         L28-CB0 {'rot': 0.03377}
  t=  21.12  cb_failure         L29-CB0 {'rot': 0.03162}
  t=  21.12  cb_failure         L30-CB1 {'rot': 0.03492}
  t=  21.12  cb_failure         L31-CB1 {'rot': 0.03324}
  t=  21.12  cb_failure         L32-CB1 {'rot': 0.0322}
  t=  21.25  cb_failure         L30-CB0 {'rot': 0.03567}
  t=  21.25  cb_failure         L31-CB0 {'rot': 0.03425}
  t=  21.25  cb_failure         L32-CB0 {'rot': 0.03324}
  t=  21.25  cb_failure         L33-CB0 {'rot': 0.03285}
  t=  21.25  cb_failure         L33-CB1 {'rot': 0.03339}
  t=  23.75  cb_failure         L15-CB2 {'rot': 0.02951}
  t=  23.75  cb_failure         L16-CB2 {'rot': 0.02993}
  t=  23.75  cb_failure         L17-CB2 {'rot': 0.03034}
  t=  23.75  cb_failure         L18-CB2 {'rot': 0.0306}
  t=  23.75  cb_failure         L19-CB2 {'rot': 0.03064}
  t=  23.75  cb_failure         L20-CB2 {'rot': 0.03047}
  t=  23.75  cb_failure         L21-CB2 {'rot': 0.02989}
  t=  23.75  cb_failure         L22-CB3 {'rot': 0.03412}
  t=  23.75  cb_failure         L23-CB3 {'rot': 0.03274}
  t=  23.75  cb_failure         L24-CB3 {'rot': 0.03087}
  t=  24.12  cb_failure         L8-CB2 {'rot': 0.02935}
  t=  24.37  cb_failure         L7-CB2 {'rot': 0.0301}
  t=  26.12  cb_failure         L5-CB2 {'rot': 0.02975}
  t=  26.12  cb_failure         L6-CB2 {'rot': 0.03073}
  t=  26.87  cb_failure         L25-CB3 {'rot': 0.03118}
  t=  26.87  cb_failure         L26-CB3 {'rot': 0.03045}
  t=  27.00  cb_failure         L27-CB3 {'rot': 0.03257}
  t=  27.00  cb_failure         L28-CB3 {'rot': 0.03191}
  t=  27.00  cb_failure         L29-CB3 {'rot': 0.03097}
  t=  27.00  cb_failure         L30-CB3 {'rot': 0.02975}
  progress t=  30.0s  max corner drift so far=0.0222  wall clock=444s
  progress t=  40.0s  max corner drift so far=0.0222  wall clock=606s
  t=  41.37  cb_failure         L31-CB3 {'rot': 0.032}
  t=  41.37  cb_failure         L32-CB3 {'rot': 0.03107}
  t=  46.12  cb_failure         L3-CB2 {'rot': 0.03012}
  t=  46.12  cb_failure         L4-CB2 {'rot': 0.03394}
  t=  48.87  cb_failure         L2-CB3 {'rot': 0.03111}
  t=  49.00  cb_failure         L1-CB1 {'rot': 0.03202}
  t=  49.00  cb_failure         L2-CB2 {'rot': 0.03235}
  t=  49.50  cb_failure         L22-CB2 {'rot': 0.03774}
  t=  49.50  cb_failure         L23-CB2 {'rot': 0.03484}
  t=  49.50  cb_failure         L24-CB2 {'rot': 0.03218}
  t=  49.50  cb_failure         L25-CB2 {'rot': 0.02982}
  t=  49.62  cb_failure         L26-CB2 {'rot': 0.03867}
  t=  49.62  cb_failure         L27-CB2 {'rot': 0.03639}
  t=  49.62  cb_failure         L28-CB2 {'rot': 0.03437}
  t=  49.62  cb_failure         L29-CB2 {'rot': 0.03243}
  t=  49.62  cb_failure         L30-CB2 {'rot': 0.03038}
  t=  49.62  cb_failure         L33-CB3 {'rot': 0.03132}
  t=  49.75  cb_failure         L31-CB2 {'rot': 0.03245}
  t=  49.75  cb_failure         L32-CB2 {'rot': 0.03115}
  t=  49.75  cb_failure         L33-CB2 {'rot': 0.03071}
  progress t=  50.0s  max corner drift so far=0.0222  wall clock=765s
  progress t=  60.0s  max corner drift so far=0.0222  wall clock=936s
  progress t=  70.0s  max corner drift so far=0.0222  wall clock=1096s
  progress t=  80.0s  max corner drift so far=0.0222  wall clock=1233s
  progress t=  90.0s  max corner drift so far=0.0222  wall clock=1365s
  progress t= 100.0s  max corner drift so far=0.0222  wall clock=1493s
