  t=   3.87  cb_yield           L6-CB0 {'rot': 0.00546}
  t=   3.87  cb_yield           L6-CB1 {'rot': 0.00537}
  t=   3.87  cb_yield           L7-CB0 {'rot': 0.00558}
  t=   3.87  cb_yield           L7-CB1 {'rot': 0.00548}
  t=   3.87  cb_yield           L8-CB0 {'rot': 0.00562}
  t=   3.87  cb_yield           L8-CB1 {'rot': 0.00551}
  t=   3.87  cb_yield           L9-CB0 {'rot': 0.0056}
  t=   3.87  cb_yield           L9-CB1 {'rot': 0.00547}
  t=   3.87  cb_yield           L10-CB0 {'rot': 0.00552}
  t=   3.87  cb_yield           L10-CB1 {'rot': 0.00537}
  t=   3.87  cb_yield           L11-CB0 {'rot': 0.00541}
  t=   4.00  cb_yield           L3-CB0 {'rot': 0.00553}
  t=   4.00  cb_yield           L3-CB1 {'rot': 0.00538}
  t=   4.00  cb_yield           L4-CB0 {'rot': 0.00617}
  t=   4.00  cb_yield           L4-CB1 {'rot': 0.00602}
  t=   4.00  cb_yield           L5-CB0 {'rot': 0.00657}
  t=   4.00  cb_yield           L5-CB1 {'rot': 0.00641}
  t=   4.00  cb_yield           L5-CB2 {'rot': 0.00558}
  t=   4.00  cb_yield           L5-CB3 {'rot': 0.00538}
  t=   4.00  cb_yield           L6-CB2 {'rot': 0.00564}
  t=   4.00  cb_yield           L6-CB3 {'rot': 0.00543}
  t=   4.00  cb_yield           L7-CB2 {'rot': 0.00557}
  t=   4.00  cb_yield           L7-CB3 {'rot': 0.00534}
  t=   4.00  cb_yield           L8-CB2 {'rot': 0.00537}
  t=   4.00  cb_yield           L11-CB1 {'rot': 0.00566}
  t=   4.00  cb_yield           L12-CB0 {'rot': 0.00559}
  t=   4.12  cb_yield           L3-CB2 {'rot': 0.00544}
  t=   4.12  cb_yield           L4-CB2 {'rot': 0.00596}
  t=   4.12  cb_yield           L4-CB3 {'rot': 0.00577}
  t=   4.12  cb_yield           L8-CB3 {'rot': 0.0054}
  t=   8.38  cb_yield           L9-CB2 {'rot': 0.00609}
  t=   8.38  cb_yield           L9-CB3 {'rot': 0.00716}
  t=   8.38  cb_yield           L10-CB2 {'rot': 0.00592}
  t=   8.38  cb_yield           L10-CB3 {'rot': 0.00706}
  t=   8.38  cb_yield           L11-CB2 {'rot': 0.0057}
  t=   8.38  cb_yield           L11-CB3 {'rot': 0.00691}
  t=   8.38  cb_yield           L12-CB2 {'rot': 0.00546}
  t=   8.38  cb_yield           L12-CB3 {'rot': 0.00673}
  t=   8.38  cb_yield           L13-CB3 {'rot': 0.00651}
  t=   8.38  cb_yield           L14-CB3 {'rot': 0.00627}
  t=   8.38  cb_yield           L15-CB3 {'rot': 0.00602}
  t=   8.38  cb_yield           L16-CB3 {'rot': 0.00577}
  t=   8.50  cb_yield           L3-CB3 {'rot': 0.00631}
  t=   8.50  cb_yield           L13-CB2 {'rot': 0.00676}
  t=   8.50  cb_yield           L14-CB2 {'rot': 0.00636}
  t=   8.50  cb_yield           L15-CB2 {'rot': 0.00596}
  t=   8.50  cb_yield           L16-CB2 {'rot': 0.00558}
  t=   8.50  cb_yield           L17-CB3 {'rot': 0.00669}
  t=   8.50  cb_yield           L18-CB3 {'rot': 0.00631}
  t=   8.50  cb_yield           L19-CB3 {'rot': 0.00594}
  t=   8.63  cb_yield           L2-CB3 {'rot': 0.00546}
  t=   8.63  cb_yield           L12-CB1 {'rot': 0.0065}
  t=   8.63  cb_yield           L13-CB1 {'rot': 0.00599}
  t=   8.63  cb_yield           L14-CB1 {'rot': 0.00544}
  t=   8.63  cb_yield           L17-CB2 {'rot': 0.00659}
  t=   8.63  cb_yield           L18-CB2 {'rot': 0.00611}
  t=   8.63  cb_yield           L20-CB3 {'rot': 0.00697}
  t=   8.63  cb_yield           L21-CB3 {'rot': 0.00652}
  t=   8.63  cb_yield           L22-CB3 {'rot': 0.00609}
  t=   8.75  cb_yield           L15-CB1 {'rot': 0.00562}
  t=   8.75  cb_yield           L19-CB2 {'rot': 0.00677}
  t=   8.75  cb_yield           L20-CB2 {'rot': 0.00631}
  t=   8.75  cb_yield           L21-CB2 {'rot': 0.00585}
  t=   8.75  cb_yield           L23-CB3 {'rot': 0.00692}
  t=   8.75  cb_yield           L24-CB3 {'rot': 0.00648}
  t=   8.75  cb_yield           L25-CB3 {'rot': 0.00606}
  t=   8.88  cb_yield           L16-CB1 {'rot': 0.0055}
  t=   8.88  cb_yield           L22-CB2 {'rot': 0.00624}
  t=   8.88  cb_yield           L23-CB2 {'rot': 0.0058}
  t=   8.88  cb_yield           L26-CB3 {'rot': 0.00671}
  t=   8.88  cb_yield           L27-CB3 {'rot': 0.00633}
  t=   8.88  cb_yield           L28-CB3 {'rot': 0.00598}
  t=   9.00  cb_yield           L24-CB2 {'rot': 0.00609}
  t=   9.00  cb_yield           L29-CB3 {'rot': 0.00626}
  t=   9.00  cb_yield           L30-CB3 {'rot': 0.00588}
  t=   9.13  cb_yield           L21-CB1 {'rot': 0.00589}
  t=   9.13  cb_yield           L22-CB1 {'rot': 0.00597}
  t=   9.13  cb_yield           L23-CB1 {'rot': 0.00594}
  t=   9.13  cb_yield           L24-CB1 {'rot': 0.0058}
  t=   9.13  cb_yield           L25-CB2 {'rot': 0.00579}
  t=   9.25  cb_yield           L25-CB1 {'rot': 0.00666}
  t=   9.25  cb_yield           L26-CB1 {'rot': 0.00658}
  t=   9.25  cb_yield           L27-CB1 {'rot': 0.00639}
  t=   9.25  cb_yield           L28-CB1 {'rot': 0.00613}
  t=   9.25  cb_yield           L29-CB1 {'rot': 0.00576}
  t=   9.88  cb_yield           L1-CB0 {'rot': 0.00549}
  t=   9.88  cb_yield           L2-CB0 {'rot': 0.00764}
  t=   9.88  cb_yield           L2-CB1 {'rot': 0.00622}
  t=  10.00  cb_yield           L13-CB0 {'rot': 0.00568}
  progress t=  10.0s  max corner drift so far=0.0033  wall clock=120s
  t=  10.13  cb_yield           L14-CB0 {'rot': 0.006}
  t=  10.13  cb_yield           L15-CB0 {'rot': 0.00556}
  t=  10.25  cb_yield           L16-CB0 {'rot': 0.0055}
  t=  10.25  cb_yield           L17-CB1 {'rot': 0.0059}
  t=  10.25  cb_yield           L18-CB1 {'rot': 0.00576}
  t=  10.38  cb_yield           L2-CB2 {'rot': 0.0074}
  t=  10.38  cb_yield           L17-CB0 {'rot': 0.0058}
  t=  10.38  cb_yield           L18-CB0 {'rot': 0.00633}
  t=  10.38  cb_yield           L19-CB0 {'rot': 0.00675}
  t=  10.38  cb_yield           L19-CB1 {'rot': 0.00843}
  t=  10.38  cb_yield           L20-CB0 {'rot': 0.00707}
  t=  10.38  cb_yield           L20-CB1 {'rot': 0.00886}
  t=  10.38  cb_yield           L21-CB0 {'rot': 0.00729}
  t=  10.38  cb_yield           L22-CB0 {'rot': 0.00738}
  t=  10.38  cb_yield           L23-CB0 {'rot': 0.00737}
  t=  10.38  cb_yield           L24-CB0 {'rot': 0.00726}
  t=  10.38  cb_yield           L25-CB0 {'rot': 0.00707}
  t=  10.38  cb_yield           L26-CB0 {'rot': 0.00682}
  t=  10.38  cb_yield           L27-CB0 {'rot': 0.00652}
  t=  10.38  cb_yield           L28-CB0 {'rot': 0.00619}
  t=  10.38  cb_yield           L29-CB0 {'rot': 0.00583}
  t=  10.38  cb_yield           L30-CB1 {'rot': 0.00787}
  t=  10.38  cb_yield           L31-CB1 {'rot': 0.00749}
  t=  10.38  cb_yield           L32-CB1 {'rot': 0.00715}
  t=  10.38  cb_yield           L33-CB1 {'rot': 0.00685}
  t=  10.50  cb_yield           L1-CB2 {'rot': 0.00638}
  t=  10.50  cb_yield           L1-CB3 {'rot': 0.00618}
  t=  10.50  cb_yield           L30-CB0 {'rot': 0.00618}
  t=  10.63  cb_yield           L1-CB1 {'rot': 0.0074}
  t=  12.75  cb_yield           L31-CB3 {'rot': 0.00617}
  t=  13.88  cb_yield           L26-CB2 {'rot': 0.0066}
  t=  13.88  cb_yield           L27-CB2 {'rot': 0.00593}
  t=  13.88  cb_yield           L32-CB3 {'rot': 0.00631}
  t=  14.00  cb_yield           L28-CB2 {'rot': 0.00712}
  t=  14.00  cb_yield           L29-CB2 {'rot': 0.00661}
  t=  14.00  cb_yield           L30-CB2 {'rot': 0.00601}
  t=  14.00  cb_yield           L33-CB3 {'rot': 0.00837}
  progress t=  20.0s  max corner drift so far=0.0080  wall clock=252s
  t=  20.12  cb_yield           L31-CB0 {'rot': 0.0075}
  t=  20.12  cb_yield           L32-CB0 {'rot': 0.00672}
  t=  20.12  cb_yield           L33-CB0 {'rot': 0.00638}
  t=  20.25  cb_failure         L7-CB1 {'rot': 0.03068}
  t=  20.25  cb_failure         L8-CB1 {'rot': 0.03164}
  t=  20.25  cb_failure         L9-CB1 {'rot': 0.03219}
  t=  20.25  cb_failure         L10-CB1 {'rot': 0.03244}
  t=  20.25  cb_failure         L11-CB1 {'rot': 0.03242}
  t=  20.25  cb_failure         L12-CB1 {'rot': 0.03222}
  t=  20.25  cb_failure         L13-CB1 {'rot': 0.03182}
  t=  20.25  cb_failure         L14-CB1 {'rot': 0.03123}
  t=  20.25  cb_failure         L15-CB1 {'rot': 0.03054}
  t=  20.25  cb_failure         L16-CB1 {'rot': 0.02976}
  t=  20.37  cb_failure         L6-CB1 {'rot': 0.03095}
  t=  20.37  cb_failure         L7-CB0 {'rot': 0.03032}
  t=  20.37  cb_failure         L8-CB0 {'rot': 0.03124}
  t=  20.37  cb_failure         L9-CB0 {'rot': 0.03164}
  t=  20.37  cb_failure         L10-CB0 {'rot': 0.03165}
  t=  20.37  cb_failure         L11-CB0 {'rot': 0.03134}
  t=  20.37  cb_failure         L12-CB0 {'rot': 0.03076}
  t=  20.37  cb_failure         L13-CB0 {'rot': 0.02992}
  t=  20.37  cb_failure         L17-CB1 {'rot': 0.03054}
  t=  20.50  cb_failure         L6-CB0 {'rot': 0.03029}
  t=  20.50  cb_failure         L14-CB0 {'rot': 0.03245}
  t=  20.50  cb_failure         L15-CB0 {'rot': 0.03121}
  t=  20.50  cb_failure         L16-CB0 {'rot': 0.02972}
  t=  20.50  cb_failure         L18-CB1 {'rot': 0.03027}
  t=  22.12  cb_yield           L31-CB2 {'rot': 0.00594}
  t=  22.12  cb_yield           L32-CB2 {'rot': 0.00583}
  t=  22.12  cb_yield           L33-CB2 {'rot': 0.00576}
  t=  22.75  cb_failure         L5-CB1 {'rot': 0.02972}
  t=  23.12  cb_failure         L19-CB1 {'rot': 0.03022}
  t=  23.25  cb_failure         L20-CB1 {'rot': 0.03057}
  t=  23.25  cb_failure         L21-CB1 {'rot': 0.02983}
  t=  26.12  cb_failure         L4-CB1 {'rot': 0.03064}
  t=  26.12  cb_failure         L5-CB0 {'rot': 0.03192}
  t=  26.12  cb_failure         L6-CB3 {'rot': 0.03062}
  t=  26.12  cb_failure         L7-CB3 {'rot': 0.03178}
  t=  26.12  cb_failure         L8-CB3 {'rot': 0.03232}
  t=  26.12  cb_failure         L9-CB3 {'rot': 0.03241}
  t=  26.12  cb_failure         L10-CB3 {'rot': 0.03215}
  t=  26.12  cb_failure         L11-CB3 {'rot': 0.03158}
  t=  26.12  cb_failure         L12-CB3 {'rot': 0.03072}
  t=  26.12  cb_failure         L13-CB3 {'rot': 0.02947}
  t=  26.25  cb_failure         L4-CB0 {'rot': 0.03076}
  t=  26.25  cb_failure         L5-CB3 {'rot': 0.02964}
  t=  26.25  cb_failure         L8-CB2 {'rot': 0.02956}
  t=  26.25  cb_failure         L9-CB2 {'rot': 0.02944}
  t=  26.62  cb_failure         L22-CB1 {'rot': 0.03007}
  t=  26.75  cb_failure         L23-CB1 {'rot': 0.03162}
  t=  26.75  cb_failure         L24-CB1 {'rot': 0.03042}
  progress t=  30.0s  max corner drift so far=0.0128  wall clock=394s
  t=  33.37  cb_failure         L14-CB3 {'rot': 0.03192}
  t=  33.37  cb_failure         L15-CB3 {'rot': 0.03101}
  t=  33.37  cb_failure         L16-CB3 {'rot': 0.02978}
  t=  39.75  cb_failure         L17-CB3 {'rot': 0.03063}
  t=  39.75  cb_failure         L18-CB3 {'rot': 0.02981}
  t=  39.87  cb_failure         L7-CB2 {'rot': 0.02998}
  t=  39.87  cb_failure         L10-CB2 {'rot': 0.03084}
  t=  39.87  cb_failure         L11-CB2 {'rot': 0.03057}
  t=  39.87  cb_failure         L12-CB2 {'rot': 0.0301}
  t=  39.87  cb_failure         L13-CB2 {'rot': 0.02941}
  t=  39.87  cb_failure         L19-CB3 {'rot': 0.02978}
  t=  40.00  cb_failure         L4-CB3 {'rot': 0.02975}
  t=  40.00  cb_failure         L5-CB2 {'rot': 0.0302}
  t=  40.00  cb_failure         L6-CB2 {'rot': 0.03224}
  t=  40.00  cb_failure         L14-CB2 {'rot': 0.02983}
  progress t=  40.0s  max corner drift so far=0.0128  wall clock=534s
  t=  40.12  cb_failure         L15-CB2 {'rot': 0.03037}
  t=  40.12  cb_failure         L20-CB3 {'rot': 0.0299}
  t=  40.25  cb_failure         L16-CB2 {'rot': 0.0316}
  t=  40.37  cb_failure         L4-CB2 {'rot': 0.03011}
  t=  40.37  cb_failure         L17-CB0 {'rot': 0.03125}
  t=  40.37  cb_failure         L17-CB2 {'rot': 0.03168}
  t=  40.37  cb_failure         L21-CB3 {'rot': 0.03104}
  t=  40.75  cb_failure         L3-CB1 {'rot': 0.0303}
  t=  40.87  cb_failure         L22-CB3 {'rot': 0.03002}
  t=  47.50  cb_failure         L18-CB0 {'rot': 0.03108}
  t=  47.50  cb_failure         L19-CB0 {'rot': 0.03009}
  t=  47.62  cb_failure         L20-CB0 {'rot': 0.03072}
  t=  47.62  cb_failure         L21-CB0 {'rot': 0.02981}
  t=  47.75  cb_failure         L22-CB0 {'rot': 0.03066}
  t=  47.75  cb_failure         L23-CB0 {'rot': 0.03023}
  t=  47.75  cb_failure         L25-CB1 {'rot': 0.03213}
  t=  47.75  cb_failure         L26-CB1 {'rot': 0.03125}
  t=  47.75  cb_failure         L27-CB1 {'rot': 0.03009}
  t=  47.87  cb_failure         L24-CB0 {'rot': 0.03037}
  t=  47.87  cb_failure         L25-CB0 {'rot': 0.02979}
  t=  48.50  cb_failure         L3-CB0 {'rot': 0.03088}
  t=  48.50  cb_failure         L3-CB3 {'rot': 0.03208}
  t=  48.62  cb_failure         L2-CB0 {'rot': 0.02981}
  t=  48.62  cb_failure         L2-CB1 {'rot': 0.03221}
  t=  48.62  cb_failure         L2-CB3 {'rot': 0.03193}
  t=  48.62  cb_failure         L3-CB2 {'rot': 0.03275}
  t=  48.75  cb_failure         L2-CB2 {'rot': 0.02968}
  t=  49.12  cb_failure         L18-CB2 {'rot': 0.03343}
  t=  49.12  cb_failure         L19-CB2 {'rot': 0.03132}
  t=  49.12  cb_failure         L23-CB3 {'rot': 0.03383}
  t=  49.12  cb_failure         L24-CB3 {'rot': 0.0323}
  t=  49.12  cb_failure         L25-CB3 {'rot': 0.03091}
  t=  49.25  cb_failure         L20-CB2 {'rot': 0.03618}
  t=  49.25  cb_failure         L21-CB2 {'rot': 0.03397}
  t=  49.25  cb_failure         L22-CB2 {'rot': 0.03159}
  t=  49.25  cb_failure         L26-CB3 {'rot': 0.03185}
  t=  49.37  cb_failure         L23-CB2 {'rot': 0.03348}
  t=  49.37  cb_failure         L24-CB2 {'rot': 0.03052}
  t=  49.37  cb_failure         L27-CB3 {'rot': 0.03161}
  t=  49.50  cb_failure         L25-CB2 {'rot': 0.03074}
  t=  49.50  cb_failure         L28-CB3 {'rot': 0.03213}
  t=  49.50  cb_failure         L29-CB3 {'rot': 0.02983}
  t=  49.62  cb_failure         L26-CB2 {'rot': 0.0306}
  t=  49.62  cb_failure         L28-CB1 {'rot': 0.03075}
  t=  49.75  cb_failure         L29-CB1 {'rot': 0.03061}
  t=  49.75  cb_failure         L30-CB3 {'rot': 0.03066}
  progress t=  50.0s  max corner drift so far=0.0128  wall clock=675s
  t=  60.00  cb_failure         L31-CB3 {'rot': 0.03067}
  progress t=  60.0s  max corner drift so far=0.0128  wall clock=812s
  progress t=  70.0s  max corner drift so far=0.0128  wall clock=948s
  progress t=  80.0s  max corner drift so far=0.0128  wall clock=1073s
  progress t=  90.0s  max corner drift so far=0.0128  wall clock=1201s
  progress t= 100.0s  max corner drift so far=0.0128  wall clock=1328s
