  t=   4.62  cb_yield           L7-CB2 {'rot': 0.0054}
  t=   4.62  cb_yield           L8-CB2 {'rot': 0.00553}
  t=   4.62  cb_yield           L8-CB3 {'rot': 0.00536}
  t=   4.62  cb_yield           L9-CB2 {'rot': 0.00559}
  t=   4.62  cb_yield           L9-CB3 {'rot': 0.0054}
  t=   4.62  cb_yield           L10-CB2 {'rot': 0.00558}
  t=   4.62  cb_yield           L10-CB3 {'rot': 0.00536}
  t=   4.62  cb_yield           L11-CB2 {'rot': 0.00549}
  t=   4.62  cb_yield           L12-CB2 {'rot': 0.00536}
  t=   6.38  cb_yield           L3-CB2 {'rot': 0.00536}
  t=   6.38  cb_yield           L3-CB3 {'rot': 0.00566}
  t=   6.38  cb_yield           L4-CB2 {'rot': 0.00599}
  t=   6.38  cb_yield           L4-CB3 {'rot': 0.00637}
  t=   6.38  cb_yield           L5-CB2 {'rot': 0.00637}
  t=   6.38  cb_yield           L5-CB3 {'rot': 0.00682}
  t=   6.38  cb_yield           L6-CB2 {'rot': 0.00655}
  t=   6.38  cb_yield           L6-CB3 {'rot': 0.00705}
  t=   6.38  cb_yield           L7-CB3 {'rot': 0.00711}
  t=   6.38  cb_yield           L11-CB3 {'rot': 0.0063}
  t=   6.38  cb_yield           L12-CB3 {'rot': 0.00597}
  t=   6.38  cb_yield           L13-CB3 {'rot': 0.00561}
  t=   6.50  cb_yield           L2-CB3 {'rot': 0.00554}
  t=   6.50  cb_yield           L13-CB2 {'rot': 0.00688}
  t=   6.50  cb_yield           L14-CB2 {'rot': 0.0064}
  t=   6.50  cb_yield           L14-CB3 {'rot': 0.00726}
  t=   6.50  cb_yield           L15-CB2 {'rot': 0.00589}
  t=   6.50  cb_yield           L15-CB3 {'rot': 0.00676}
  t=   6.50  cb_yield           L16-CB2 {'rot': 0.00537}
  t=   6.50  cb_yield           L16-CB3 {'rot': 0.00623}
  t=   6.63  cb_yield           L2-CB2 {'rot': 0.00558}
  t=   6.63  cb_yield           L6-CB0 {'rot': 0.00543}
  t=   6.63  cb_yield           L6-CB1 {'rot': 0.00556}
  t=   6.63  cb_yield           L7-CB0 {'rot': 0.00554}
  t=   6.63  cb_yield           L7-CB1 {'rot': 0.00573}
  t=   6.63  cb_yield           L8-CB0 {'rot': 0.00553}
  t=   6.63  cb_yield           L8-CB1 {'rot': 0.00578}
  t=   6.63  cb_yield           L9-CB0 {'rot': 0.00541}
  t=   6.63  cb_yield           L9-CB1 {'rot': 0.00571}
  t=   6.63  cb_yield           L10-CB1 {'rot': 0.00554}
  t=   6.63  cb_yield           L17-CB3 {'rot': 0.0062}
  t=   6.75  cb_yield           L5-CB0 {'rot': 0.00544}
  t=   6.75  cb_yield           L5-CB1 {'rot': 0.00534}
  t=   6.75  cb_yield           L10-CB0 {'rot': 0.00533}
  t=   6.75  cb_yield           L18-CB3 {'rot': 0.00606}
  t=   6.88  cb_yield           L17-CB2 {'rot': 0.00675}
  t=   6.88  cb_yield           L18-CB2 {'rot': 0.00644}
  t=   6.88  cb_yield           L19-CB2 {'rot': 0.00614}
  t=   6.88  cb_yield           L19-CB3 {'rot': 0.00739}
  t=   6.88  cb_yield           L20-CB2 {'rot': 0.00584}
  t=   6.88  cb_yield           L20-CB3 {'rot': 0.00711}
  t=   6.88  cb_yield           L21-CB3 {'rot': 0.00683}
  t=   6.88  cb_yield           L22-CB3 {'rot': 0.00652}
  t=   6.88  cb_yield           L23-CB3 {'rot': 0.0062}
  t=   6.88  cb_yield           L24-CB3 {'rot': 0.00586}
  t=   7.00  cb_yield           L21-CB2 {'rot': 0.00755}
  t=   7.00  cb_yield           L22-CB2 {'rot': 0.0072}
  t=   7.00  cb_yield           L23-CB2 {'rot': 0.00678}
  t=   7.00  cb_yield           L24-CB2 {'rot': 0.00631}
  t=   7.00  cb_yield           L25-CB2 {'rot': 0.00581}
  t=   7.00  cb_yield           L25-CB3 {'rot': 0.00736}
  t=   7.00  cb_yield           L26-CB3 {'rot': 0.00683}
  t=   7.00  cb_yield           L27-CB3 {'rot': 0.00629}
  t=   7.00  cb_yield           L28-CB3 {'rot': 0.00579}
  t=   7.13  cb_yield           L16-CB1 {'rot': 0.00536}
  t=   7.13  cb_yield           L18-CB1 {'rot': 0.00602}
  t=   7.13  cb_yield           L19-CB1 {'rot': 0.00623}
  t=   7.13  cb_yield           L20-CB1 {'rot': 0.00635}
  t=   7.13  cb_yield           L21-CB1 {'rot': 0.00637}
  t=   7.13  cb_yield           L22-CB1 {'rot': 0.00628}
  t=   7.13  cb_yield           L23-CB1 {'rot': 0.00609}
  t=   7.13  cb_yield           L24-CB1 {'rot': 0.00581}
  t=   7.13  cb_yield           L26-CB2 {'rot': 0.00642}
  t=   7.13  cb_yield           L29-CB3 {'rot': 0.00609}
  t=   7.25  cb_yield           L27-CB2 {'rot': 0.00612}
  t=   7.25  cb_yield           L30-CB3 {'rot': 0.00583}
  t=   7.50  cb_yield           L3-CB0 {'rot': 0.00582}
  t=   7.50  cb_yield           L3-CB1 {'rot': 0.00621}
  t=   7.50  cb_yield           L4-CB0 {'rot': 0.00642}
  t=   7.50  cb_yield           L4-CB1 {'rot': 0.0069}
  t=   7.50  cb_yield           L11-CB1 {'rot': 0.00586}
  t=   7.50  cb_yield           L12-CB1 {'rot': 0.0054}
  t=   7.63  cb_yield           L1-CB2 {'rot': 0.00554}
  t=   7.63  cb_yield           L1-CB3 {'rot': 0.00568}
  t=   7.63  cb_yield           L2-CB0 {'rot': 0.00587}
  t=   7.63  cb_yield           L2-CB1 {'rot': 0.00629}
  t=   7.63  cb_yield           L11-CB0 {'rot': 0.00678}
  t=   7.63  cb_yield           L12-CB0 {'rot': 0.00613}
  t=   7.63  cb_yield           L13-CB0 {'rot': 0.00543}
  t=   7.63  cb_yield           L13-CB1 {'rot': 0.00659}
  t=   7.63  cb_yield           L14-CB1 {'rot': 0.0059}
  t=   7.75  cb_yield           L14-CB0 {'rot': 0.00563}
  t=   7.75  cb_yield           L15-CB1 {'rot': 0.00609}
  t=   8.38  cb_yield           L17-CB1 {'rot': 0.00674}
  t=   8.38  cb_yield           L19-CB0 {'rot': 0.00582}
  t=   8.38  cb_yield           L20-CB0 {'rot': 0.00591}
  t=   8.38  cb_yield           L21-CB0 {'rot': 0.0059}
  t=   8.38  cb_yield           L22-CB0 {'rot': 0.00579}
  t=   8.38  cb_yield           L25-CB1 {'rot': 0.00647}
  t=   8.38  cb_yield           L26-CB1 {'rot': 0.00604}
  t=   8.50  cb_yield           L23-CB0 {'rot': 0.00591}
  t=   9.13  cb_yield           L28-CB2 {'rot': 0.00744}
  t=   9.13  cb_yield           L29-CB2 {'rot': 0.00654}
  t=   9.63  cb_yield           L27-CB0 {'rot': 0.00585}
  t=   9.63  cb_yield           L27-CB1 {'rot': 0.00662}
  t=   9.63  cb_yield           L28-CB0 {'rot': 0.00587}
  t=   9.63  cb_yield           L28-CB1 {'rot': 0.00664}
  t=   9.63  cb_yield           L29-CB0 {'rot': 0.00579}
  t=   9.63  cb_yield           L29-CB1 {'rot': 0.00654}
  t=   9.63  cb_yield           L30-CB1 {'rot': 0.00633}
  t=   9.63  cb_yield           L31-CB1 {'rot': 0.00604}
  t=   9.63  cb_yield           L32-CB1 {'rot': 0.00577}
  t=   9.75  cb_yield           L24-CB0 {'rot': 0.00662}
  t=   9.75  cb_yield           L25-CB0 {'rot': 0.0069}
  t=   9.75  cb_yield           L26-CB0 {'rot': 0.007}
  t=   9.75  cb_yield           L30-CB0 {'rot': 0.00614}
  t=   9.75  cb_yield           L33-CB1 {'rot': 0.00621}
  progress t=  10.0s  max corner drift so far=0.0064  wall clock=122s
  t=  11.00  cb_yield           L1-CB1 {'rot': 0.00574}
  t=  11.00  cb_yield           L15-CB0 {'rot': 0.00642}
  t=  11.00  cb_yield           L16-CB0 {'rot': 0.0055}
  t=  11.38  cb_yield           L17-CB0 {'rot': 0.0063}
  t=  11.50  cb_yield           L18-CB0 {'rot': 0.00729}
  t=  12.13  cb_yield           L31-CB3 {'rot': 0.00594}
  t=  12.25  cb_yield           L30-CB2 {'rot': 0.00602}
  t=  12.25  cb_yield           L32-CB3 {'rot': 0.00772}
  t=  12.25  cb_yield           L33-CB3 {'rot': 0.00752}
  t=  12.38  cb_yield           L1-CB0 {'rot': 0.0059}
  t=  12.38  cb_yield           L31-CB2 {'rot': 0.00582}
  t=  12.50  cb_yield           L32-CB2 {'rot': 0.00609}
  t=  12.50  cb_yield           L33-CB2 {'rot': 0.00575}
  t=  12.63  cb_failure         L7-CB3 {'rot': 0.0305}
  t=  12.63  cb_failure         L8-CB3 {'rot': 0.03153}
  t=  12.63  cb_failure         L9-CB3 {'rot': 0.03223}
  t=  12.63  cb_failure         L10-CB3 {'rot': 0.03269}
  t=  12.63  cb_failure         L11-CB3 {'rot': 0.03296}
  t=  12.63  cb_failure         L12-CB3 {'rot': 0.03312}
  t=  12.63  cb_failure         L13-CB3 {'rot': 0.03313}
  t=  12.63  cb_failure         L14-CB3 {'rot': 0.03296}
  t=  12.63  cb_failure         L15-CB3 {'rot': 0.03267}
  t=  12.63  cb_failure         L16-CB3 {'rot': 0.03226}
  t=  12.63  cb_failure         L17-CB3 {'rot': 0.03159}
  t=  12.63  cb_failure         L18-CB3 {'rot': 0.03082}
  t=  12.63  cb_failure         L19-CB3 {'rot': 0.02993}
  t=  12.75  cb_failure         L5-CB3 {'rot': 0.03002}
  t=  12.75  cb_failure         L6-CB2 {'rot': 0.02937}
  t=  12.75  cb_failure         L6-CB3 {'rot': 0.03275}
  t=  12.75  cb_failure         L7-CB2 {'rot': 0.03096}
  t=  12.75  cb_failure         L8-CB1 {'rot': 0.0297}
  t=  12.75  cb_failure         L8-CB2 {'rot': 0.03201}
  t=  12.75  cb_failure         L9-CB1 {'rot': 0.03072}
  t=  12.75  cb_failure         L9-CB2 {'rot': 0.03264}
  t=  12.75  cb_failure         L10-CB1 {'rot': 0.03146}
  t=  12.75  cb_failure         L10-CB2 {'rot': 0.03291}
  t=  12.75  cb_failure         L11-CB1 {'rot': 0.03196}
  t=  12.75  cb_failure         L11-CB2 {'rot': 0.03288}
  t=  12.75  cb_failure         L12-CB1 {'rot': 0.03227}
  t=  12.75  cb_failure         L12-CB2 {'rot': 0.03264}
  t=  12.75  cb_failure         L13-CB1 {'rot': 0.03237}
  t=  12.75  cb_failure         L13-CB2 {'rot': 0.03214}
  t=  12.75  cb_failure         L14-CB1 {'rot': 0.03221}
  t=  12.75  cb_failure         L14-CB2 {'rot': 0.03137}
  t=  12.75  cb_failure         L15-CB1 {'rot': 0.03187}
  t=  12.75  cb_failure         L15-CB2 {'rot': 0.03042}
  t=  12.75  cb_failure         L16-CB1 {'rot': 0.03134}
  t=  12.75  cb_failure         L17-CB1 {'rot': 0.03051}
  t=  12.88  cb_failure         L6-CB1 {'rot': 0.0304}
  t=  12.88  cb_failure         L7-CB1 {'rot': 0.03273}
  t=  12.88  cb_failure         L8-CB0 {'rot': 0.02994}
  t=  12.88  cb_failure         L9-CB0 {'rot': 0.03083}
  t=  12.88  cb_failure         L10-CB0 {'rot': 0.03139}
  t=  12.88  cb_failure         L11-CB0 {'rot': 0.03167}
  t=  12.88  cb_failure         L12-CB0 {'rot': 0.03176}
  t=  12.88  cb_failure         L13-CB0 {'rot': 0.03161}
  t=  12.88  cb_failure         L14-CB0 {'rot': 0.03117}
  t=  12.88  cb_failure         L15-CB0 {'rot': 0.03054}
  t=  12.88  cb_failure         L16-CB0 {'rot': 0.02972}
  t=  12.88  cb_failure         L16-CB2 {'rot': 0.03231}
  t=  12.88  cb_failure         L17-CB2 {'rot': 0.03038}
  t=  12.88  cb_failure         L18-CB1 {'rot': 0.03369}
  t=  12.88  cb_failure         L19-CB1 {'rot': 0.03235}
  t=  12.88  cb_failure         L20-CB1 {'rot': 0.03096}
  t=  12.88  cb_failure         L20-CB3 {'rot': 0.03105}
  t=  13.00  cb_failure         L7-CB0 {'rot': 0.03115}
  t=  13.00  cb_failure         L17-CB0 {'rot': 0.03172}
  t=  13.00  cb_failure         L18-CB0 {'rot': 0.0299}
  t=  13.00  cb_failure         L18-CB2 {'rot': 0.02992}
  t=  13.00  cb_failure         L21-CB1 {'rot': 0.03071}
  t=  13.63  cb_yield           L31-CB0 {'rot': 0.00583}
  t=  15.75  cb_failure         L6-CB0 {'rot': 0.02947}
  t=  16.13  cb_failure         L5-CB1 {'rot': 0.02986}
  t=  18.75  cb_failure         L4-CB1 {'rot': 0.03126}
  t=  18.75  cb_failure         L5-CB0 {'rot': 0.03122}
  t=  18.75  cb_yield           L32-CB0 {'rot': 0.00586}
  t=  18.87  cb_yield           L33-CB0 {'rot': 0.00731}
  t=  19.00  cb_failure         L22-CB1 {'rot': 0.03045}
  t=  19.12  cb_failure         L19-CB0 {'rot': 0.03012}
  t=  19.12  cb_failure         L23-CB1 {'rot': 0.02997}
  t=  19.25  cb_failure         L19-CB2 {'rot': 0.03048}
  t=  19.25  cb_failure         L20-CB0 {'rot': 0.0304}
  t=  19.25  cb_failure         L21-CB3 {'rot': 0.03311}
  t=  19.25  cb_failure         L22-CB3 {'rot': 0.03021}
  t=  19.37  cb_failure         L20-CB2 {'rot': 0.03045}
  t=  19.37  cb_failure         L23-CB3 {'rot': 0.02992}
  t=  19.50  cb_failure         L24-CB3 {'rot': 0.03001}
  progress t=  20.0s  max corner drift so far=0.0091  wall clock=252s
  t=  20.25  cb_failure         L4-CB2 {'rot': 0.02945}
  t=  20.25  cb_failure         L5-CB2 {'rot': 0.03209}
  t=  20.37  cb_failure         L4-CB3 {'rot': 0.02963}
  t=  23.25  cb_failure         L4-CB0 {'rot': 0.03125}
  t=  23.37  cb_failure         L3-CB2 {'rot': 0.03078}
  t=  23.37  cb_failure         L3-CB3 {'rot': 0.03066}
  t=  23.50  cb_failure         L3-CB0 {'rot': 0.03009}
  t=  23.50  cb_failure         L3-CB1 {'rot': 0.03057}
  t=  24.12  cb_failure         L21-CB0 {'rot': 0.03036}
  t=  25.25  cb_failure         L25-CB3 {'rot': 0.03109}
  t=  25.25  cb_failure         L26-CB3 {'rot': 0.02988}
  t=  25.37  cb_failure         L27-CB3 {'rot': 0.03287}
  t=  25.37  cb_failure         L28-CB3 {'rot': 0.03178}
  t=  25.37  cb_failure         L29-CB3 {'rot': 0.0304}
  progress t=  30.0s  max corner drift so far=0.0111  wall clock=396s
  progress t=  40.0s  max corner drift so far=0.0111  wall clock=534s
  t=  40.87  cb_failure         L21-CB2 {'rot': 0.03125}
  t=  43.50  cb_failure         L2-CB1 {'rot': 0.02947}
  t=  43.87  cb_failure         L24-CB1 {'rot': 0.03015}
  t=  44.00  cb_failure         L25-CB1 {'rot': 0.03074}
  t=  44.12  cb_failure         L22-CB2 {'rot': 0.03246}
  t=  44.12  cb_failure         L23-CB2 {'rot': 0.03015}
  t=  44.12  cb_failure         L26-CB1 {'rot': 0.03174}
  t=  44.12  cb_failure         L27-CB1 {'rot': 0.02992}
  t=  44.25  cb_failure         L24-CB2 {'rot': 0.03059}
  t=  44.25  cb_failure         L28-CB1 {'rot': 0.02985}
  t=  44.25  cb_failure         L30-CB3 {'rot': 0.03009}
  t=  47.00  cb_failure         L25-CB2 {'rot': 0.03515}
  t=  47.00  cb_failure         L26-CB2 {'rot': 0.03093}
  t=  49.62  cb_failure         L31-CB3 {'rot': 0.03237}
  t=  49.62  cb_failure         L32-CB3 {'rot': 0.03173}
  t=  49.62  cb_failure         L33-CB3 {'rot': 0.03082}
  progress t=  50.0s  max corner drift so far=0.0164  wall clock=675s
  t=  51.62  cb_failure         L29-CB1 {'rot': 0.03006}
  t=  51.75  cb_failure         L22-CB0 {'rot': 0.03142}
  t=  51.75  cb_failure         L23-CB0 {'rot': 0.03109}
  t=  51.75  cb_failure         L24-CB0 {'rot': 0.03056}
  t=  51.75  cb_failure         L25-CB0 {'rot': 0.02987}
  t=  51.75  cb_failure         L30-CB1 {'rot': 0.03138}
  t=  51.75  cb_failure         L31-CB1 {'rot': 0.03024}
  progress t=  60.0s  max corner drift so far=0.0164  wall clock=813s
  t=  63.87  cb_failure         L26-CB0 {'rot': 0.03483}
  t=  63.87  cb_failure         L27-CB0 {'rot': 0.03329}
  t=  63.87  cb_failure         L28-CB0 {'rot': 0.03179}
  t=  63.87  cb_failure         L29-CB0 {'rot': 0.03022}
  t=  64.00  cb_failure         L30-CB0 {'rot': 0.03286}
  t=  64.00  cb_failure         L31-CB0 {'rot': 0.03141}
  t=  64.00  cb_failure         L32-CB0 {'rot': 0.03044}
  t=  64.00  cb_failure         L33-CB0 {'rot': 0.03009}
  t=  64.12  cb_failure         L32-CB1 {'rot': 0.0329}
  t=  64.12  cb_failure         L33-CB1 {'rot': 0.03229}
  progress t=  70.0s  max corner drift so far=0.0164  wall clock=951s
  progress t=  80.0s  max corner drift so far=0.0164  wall clock=1069s
  progress t=  90.0s  max corner drift so far=0.0164  wall clock=1187s
  progress t= 100.0s  max corner drift so far=0.0164  wall clock=1302s
