  t=   2.25  cb_yield           L4-CB3 {'rot': 0.00538}
  t=   2.25  cb_yield           L5-CB3 {'rot': 0.00568}
  t=   2.25  cb_yield           L6-CB3 {'rot': 0.0058}
  t=   2.25  cb_yield           L7-CB3 {'rot': 0.00579}
  t=   2.25  cb_yield           L8-CB3 {'rot': 0.00569}
  t=   2.25  cb_yield           L9-CB3 {'rot': 0.00552}
  t=   2.37  cb_yield           L3-CB3 {'rot': 0.00558}
  t=   2.37  cb_yield           L4-CB1 {'rot': 0.00551}
  t=   2.37  cb_yield           L4-CB2 {'rot': 0.00564}
  t=   2.37  cb_yield           L5-CB1 {'rot': 0.00583}
  t=   2.37  cb_yield           L5-CB2 {'rot': 0.00593}
  t=   2.37  cb_yield           L6-CB0 {'rot': 0.00539}
  t=   2.37  cb_yield           L6-CB1 {'rot': 0.00598}
  t=   2.37  cb_yield           L6-CB2 {'rot': 0.00604}
  t=   2.37  cb_yield           L7-CB0 {'rot': 0.00534}
  t=   2.37  cb_yield           L7-CB1 {'rot': 0.006}
  t=   2.37  cb_yield           L7-CB2 {'rot': 0.006}
  t=   2.37  cb_yield           L8-CB1 {'rot': 0.00593}
  t=   2.37  cb_yield           L8-CB2 {'rot': 0.00585}
  t=   2.37  cb_yield           L9-CB1 {'rot': 0.00579}
  t=   2.37  cb_yield           L9-CB2 {'rot': 0.00562}
  t=   2.37  cb_yield           L10-CB1 {'rot': 0.00561}
  t=   2.37  cb_yield           L10-CB2 {'rot': 0.00534}
  t=   2.37  cb_yield           L10-CB3 {'rot': 0.00638}
  t=   2.37  cb_yield           L11-CB1 {'rot': 0.00541}
  t=   2.37  cb_yield           L11-CB3 {'rot': 0.00613}
  t=   2.37  cb_yield           L12-CB3 {'rot': 0.00586}
  t=   2.37  cb_yield           L13-CB3 {'rot': 0.00558}
  t=   2.50  cb_yield           L3-CB1 {'rot': 0.00557}
  t=   2.50  cb_yield           L3-CB2 {'rot': 0.0056}
  t=   2.50  cb_yield           L4-CB0 {'rot': 0.00559}
  t=   2.50  cb_yield           L5-CB0 {'rot': 0.00589}
  t=   2.50  cb_yield           L8-CB0 {'rot': 0.00589}
  t=   2.50  cb_yield           L9-CB0 {'rot': 0.0057}
  t=   2.50  cb_yield           L10-CB0 {'rot': 0.00546}
  t=   2.50  cb_yield           L11-CB2 {'rot': 0.00599}
  t=   2.50  cb_yield           L12-CB1 {'rot': 0.00617}
  t=   2.50  cb_yield           L12-CB2 {'rot': 0.00571}
  t=   2.50  cb_yield           L13-CB1 {'rot': 0.00596}
  t=   2.50  cb_yield           L13-CB2 {'rot': 0.00541}
  t=   2.50  cb_yield           L14-CB1 {'rot': 0.00575}
  t=   2.50  cb_yield           L14-CB3 {'rot': 0.00663}
  t=   2.50  cb_yield           L15-CB1 {'rot': 0.00555}
  t=   2.50  cb_yield           L15-CB3 {'rot': 0.00638}
  t=   2.50  cb_yield           L16-CB1 {'rot': 0.00537}
  t=   2.50  cb_yield           L16-CB3 {'rot': 0.00613}
  t=   2.50  cb_yield           L17-CB3 {'rot': 0.00586}
  t=   2.62  cb_yield           L2-CB3 {'rot': 0.00547}
  t=   2.62  cb_yield           L3-CB0 {'rot': 0.00545}
  t=   2.62  cb_yield           L11-CB0 {'rot': 0.0061}
  t=   2.62  cb_yield           L12-CB0 {'rot': 0.00584}
  t=   2.62  cb_yield           L13-CB0 {'rot': 0.00557}
  t=   2.62  cb_yield           L14-CB2 {'rot': 0.00639}
  t=   2.62  cb_yield           L15-CB2 {'rot': 0.00611}
  t=   2.62  cb_yield           L16-CB2 {'rot': 0.00583}
  t=   2.62  cb_yield           L17-CB1 {'rot': 0.00621}
  t=   2.62  cb_yield           L18-CB1 {'rot': 0.00595}
  t=   2.62  cb_yield           L18-CB3 {'rot': 0.00717}
  t=   2.62  cb_yield           L19-CB3 {'rot': 0.00687}
  t=   2.62  cb_yield           L20-CB3 {'rot': 0.00658}
  t=   2.62  cb_yield           L21-CB3 {'rot': 0.00629}
  t=   2.62  cb_yield           L22-CB3 {'rot': 0.00598}
  t=   2.75  cb_yield           L2-CB1 {'rot': 0.00574}
  t=   2.75  cb_yield           L2-CB2 {'rot': 0.00561}
  t=   2.75  cb_yield           L14-CB0 {'rot': 0.00624}
  t=   2.75  cb_yield           L15-CB0 {'rot': 0.00592}
  t=   2.75  cb_yield           L16-CB0 {'rot': 0.00559}
  t=   2.75  cb_yield           L17-CB2 {'rot': 0.00689}
  t=   2.75  cb_yield           L18-CB2 {'rot': 0.0065}
  t=   2.75  cb_yield           L19-CB1 {'rot': 0.00667}
  t=   2.75  cb_yield           L19-CB2 {'rot': 0.00611}
  t=   2.75  cb_yield           L20-CB1 {'rot': 0.00633}
  t=   2.75  cb_yield           L21-CB1 {'rot': 0.00598}
  t=   2.75  cb_yield           L23-CB3 {'rot': 0.00705}
  t=   2.75  cb_yield           L24-CB3 {'rot': 0.00664}
  t=   2.75  cb_yield           L25-CB3 {'rot': 0.00623}
  t=   2.75  cb_yield           L26-CB3 {'rot': 0.00582}
  t=   2.87  cb_yield           L2-CB0 {'rot': 0.00591}
  t=   2.87  cb_yield           L17-CB0 {'rot': 0.00594}
  t=   2.87  cb_yield           L20-CB2 {'rot': 0.00687}
  t=   2.87  cb_yield           L21-CB2 {'rot': 0.00639}
  t=   2.87  cb_yield           L22-CB1 {'rot': 0.00623}
  t=   2.87  cb_yield           L22-CB2 {'rot': 0.00589}
  t=   2.87  cb_yield           L23-CB1 {'rot': 0.00575}
  t=   2.87  cb_yield           L27-CB3 {'rot': 0.0061}
  t=   3.00  cb_yield           L1-CB1 {'rot': 0.0054}
  t=   3.00  cb_yield           L1-CB2 {'rot': 0.00539}
  t=   3.00  cb_yield           L1-CB3 {'rot': 0.00581}
  t=   3.00  cb_yield           L18-CB0 {'rot': 0.00601}
  t=   3.00  cb_yield           L23-CB2 {'rot': 0.00574}
  t=   3.00  cb_yield           L28-CB3 {'rot': 0.00589}
  t=   3.12  cb_yield           L1-CB0 {'rot': 0.00573}
  t=   3.25  cb_yield           L19-CB0 {'rot': 0.00615}
  t=   3.25  cb_yield           L24-CB1 {'rot': 0.00582}
  t=   3.37  cb_yield           L20-CB0 {'rot': 0.00586}
  t=   3.50  cb_yield           L25-CB1 {'rot': 0.00626}
  t=   3.62  cb_yield           L21-CB0 {'rot': 0.00618}
  t=   3.62  cb_yield           L26-CB1 {'rot': 0.00614}
  t=   3.75  cb_yield           L22-CB0 {'rot': 0.00605}
  t=   3.75  cb_yield           L27-CB1 {'rot': 0.00597}
  t=   3.87  cb_yield           L23-CB0 {'rot': 0.00601}
  t=   3.87  cb_yield           L28-CB1 {'rot': 0.00592}
  t=   4.00  cb_yield           L24-CB2 {'rot': 0.00621}
  t=   4.00  cb_yield           L29-CB1 {'rot': 0.00601}
  t=   4.00  cb_yield           L29-CB3 {'rot': 0.00662}
  t=   4.00  cb_yield           L30-CB3 {'rot': 0.00599}
  t=   4.12  cb_yield           L24-CB0 {'rot': 0.00585}
  t=   4.12  cb_yield           L30-CB1 {'rot': 0.00595}
  t=   4.12  cb_yield           L31-CB3 {'rot': 0.00581}
  t=   5.13  cb_yield           L25-CB0 {'rot': 0.00649}
  t=   5.25  cb_yield           L26-CB0 {'rot': 0.00683}
  t=   5.38  cb_yield           L25-CB2 {'rot': 0.00669}
  t=   5.38  cb_yield           L27-CB0 {'rot': 0.00592}
  t=   5.50  cb_yield           L26-CB2 {'rot': 0.00686}
  t=   5.63  cb_yield           L27-CB2 {'rot': 0.00635}
  t=   5.75  cb_failure         L10-CB3 {'rot': 0.02933}
  t=   5.88  cb_failure         L6-CB3 {'rot': 0.02969}
  t=   5.88  cb_failure         L7-CB3 {'rot': 0.03106}
  t=   5.88  cb_failure         L8-CB2 {'rot': 0.02943}
  t=   5.88  cb_failure         L8-CB3 {'rot': 0.03185}
  t=   5.88  cb_failure         L9-CB2 {'rot': 0.02969}
  t=   5.88  cb_failure         L9-CB3 {'rot': 0.03218}
  t=   5.88  cb_failure         L10-CB2 {'rot': 0.02958}
  t=   5.88  cb_failure         L11-CB3 {'rot': 0.03191}
  t=   5.88  cb_failure         L12-CB3 {'rot': 0.03144}
  t=   5.88  cb_failure         L13-CB3 {'rot': 0.03069}
  t=   5.88  cb_failure         L14-CB3 {'rot': 0.02964}
  t=   6.00  cb_failure         L5-CB3 {'rot': 0.02967}
  t=   6.00  cb_failure         L6-CB2 {'rot': 0.02998}
  t=   6.00  cb_failure         L7-CB2 {'rot': 0.03127}
  t=   6.00  cb_failure         L11-CB2 {'rot': 0.03143}
  t=   6.00  cb_failure         L12-CB2 {'rot': 0.03064}
  t=   6.00  cb_failure         L13-CB2 {'rot': 0.02951}
  t=   6.13  cb_failure         L5-CB2 {'rot': 0.02935}
  t=   9.00  cb_yield           L28-CB0 {'rot': 0.00676}
  t=   9.00  cb_yield           L29-CB0 {'rot': 0.00616}
  t=   9.00  cb_yield           L31-CB1 {'rot': 0.00826}
  t=   9.00  cb_yield           L32-CB1 {'rot': 0.00785}
  t=   9.00  cb_yield           L33-CB1 {'rot': 0.00721}
  t=   9.13  cb_yield           L30-CB0 {'rot': 0.00991}
  t=   9.13  cb_yield           L31-CB0 {'rot': 0.00891}
  t=   9.13  cb_yield           L32-CB0 {'rot': 0.00808}
  t=   9.13  cb_yield           L33-CB0 {'rot': 0.00771}
  t=   9.25  cb_yield           L32-CB3 {'rot': 0.00722}
  t=   9.88  cb_failure         L3-CB0 {'rot': 0.02969}
  t=   9.88  cb_failure         L3-CB1 {'rot': 0.03362}
  t=   9.88  cb_failure         L3-CB3 {'rot': 0.0297}
  t=   9.88  cb_failure         L4-CB0 {'rot': 0.03238}
  t=   9.88  cb_failure         L4-CB1 {'rot': 0.03647}
  t=   9.88  cb_failure         L4-CB3 {'rot': 0.03225}
  t=   9.88  cb_failure         L5-CB0 {'rot': 0.03338}
  t=   9.88  cb_failure         L5-CB1 {'rot': 0.03765}
  t=   9.88  cb_failure         L6-CB0 {'rot': 0.03302}
  t=   9.88  cb_failure         L6-CB1 {'rot': 0.03759}
  t=   9.88  cb_failure         L7-CB0 {'rot': 0.03181}
  t=   9.88  cb_failure         L7-CB1 {'rot': 0.03664}
  t=   9.88  cb_failure         L8-CB0 {'rot': 0.02992}
  t=   9.88  cb_failure         L8-CB1 {'rot': 0.03497}
  t=   9.88  cb_failure         L9-CB1 {'rot': 0.03271}
  t=   9.88  cb_failure         L10-CB1 {'rot': 0.03013}
  t=  10.00  cb_failure         L2-CB0 {'rot': 0.02973}
  t=  10.00  cb_failure         L2-CB1 {'rot': 0.03432}
  t=  10.00  cb_failure         L2-CB3 {'rot': 0.0314}
  t=  10.00  cb_failure         L3-CB2 {'rot': 0.03234}
  t=  10.00  cb_failure         L4-CB2 {'rot': 0.03445}
  t=  10.00  cb_failure         L9-CB0 {'rot': 0.03231}
  t=  10.00  cb_failure         L11-CB1 {'rot': 0.03172}
  t=  10.00  cb_yield           L33-CB3 {'rot': 0.00592}
  progress t=  10.0s  max corner drift so far=0.0083  wall clock=102s
  t=  10.13  cb_failure         L2-CB2 {'rot': 0.03301}
  t=  10.13  cb_failure         L10-CB0 {'rot': 0.0311}
  t=  10.13  cb_failure         L12-CB1 {'rot': 0.03211}
  t=  10.25  cb_failure         L11-CB0 {'rot': 0.03029}
  t=  10.25  cb_failure         L13-CB1 {'rot': 0.03134}
  t=  10.25  cb_failure         L15-CB3 {'rot': 0.02977}
  t=  10.38  cb_failure         L12-CB0 {'rot': 0.02963}
  t=  10.38  cb_failure         L14-CB1 {'rot': 0.03086}
  t=  10.38  cb_failure         L14-CB2 {'rot': 0.03044}
  t=  10.38  cb_failure         L16-CB3 {'rot': 0.03193}
  t=  10.50  cb_failure         L15-CB1 {'rot': 0.03031}
  t=  10.50  cb_failure         L15-CB2 {'rot': 0.03276}
  t=  10.50  cb_failure         L16-CB2 {'rot': 0.0297}
  t=  10.50  cb_failure         L17-CB3 {'rot': 0.03479}
  t=  10.50  cb_failure         L18-CB3 {'rot': 0.03161}
  t=  10.63  cb_failure         L16-CB1 {'rot': 0.03135}
  t=  10.63  cb_failure         L17-CB2 {'rot': 0.0321}
  t=  10.63  cb_failure         L19-CB3 {'rot': 0.03545}
  t=  10.63  cb_failure         L20-CB3 {'rot': 0.03279}
  t=  10.63  cb_failure         L21-CB3 {'rot': 0.0302}
  t=  10.63  cb_yield           L28-CB2 {'rot': 0.00744}
  t=  10.63  cb_yield           L29-CB2 {'rot': 0.00645}
  t=  10.75  cb_failure         L13-CB0 {'rot': 0.0299}
  t=  10.75  cb_failure         L17-CB1 {'rot': 0.03261}
  t=  10.75  cb_failure         L18-CB1 {'rot': 0.03089}
  t=  10.75  cb_failure         L18-CB2 {'rot': 0.03592}
  t=  10.75  cb_failure         L19-CB2 {'rot': 0.03309}
  t=  10.75  cb_failure         L20-CB2 {'rot': 0.03026}
  t=  10.75  cb_failure         L22-CB3 {'rot': 0.03397}
  t=  10.75  cb_failure         L23-CB3 {'rot': 0.0315}
  t=  10.75  cb_yield           L30-CB2 {'rot': 0.00792}
  t=  10.75  cb_yield           L31-CB2 {'rot': 0.00669}
  t=  10.75  cb_yield           L32-CB2 {'rot': 0.00585}
  t=  10.88  cb_failure         L14-CB0 {'rot': 0.03004}
  t=  10.88  cb_failure         L15-CB0 {'rot': 0.02991}
  t=  10.88  cb_failure         L16-CB0 {'rot': 0.02963}
  t=  10.88  cb_failure         L19-CB1 {'rot': 0.03331}
  t=  10.88  cb_failure         L20-CB1 {'rot': 0.0319}
  t=  10.88  cb_failure         L21-CB1 {'rot': 0.03011}
  t=  10.88  cb_failure         L21-CB2 {'rot': 0.03565}
  t=  10.88  cb_failure         L22-CB2 {'rot': 0.03254}
  t=  10.88  cb_failure         L24-CB3 {'rot': 0.0342}
  t=  10.88  cb_failure         L25-CB3 {'rot': 0.03129}
  t=  10.88  cb_yield           L33-CB2 {'rot': 0.00912}
  t=  11.00  cb_failure         L22-CB1 {'rot': 0.03316}
  t=  11.00  cb_failure         L23-CB1 {'rot': 0.03124}
  t=  11.00  cb_failure         L23-CB2 {'rot': 0.03574}
  t=  11.00  cb_failure         L24-CB2 {'rot': 0.03247}
  t=  11.00  cb_failure         L26-CB3 {'rot': 0.03533}
  t=  11.00  cb_failure         L27-CB3 {'rot': 0.03231}
  t=  11.00  cb_failure         L28-CB3 {'rot': 0.02984}
  t=  11.13  cb_failure         L24-CB1 {'rot': 0.03116}
  t=  11.13  cb_failure         L25-CB2 {'rot': 0.03516}
  t=  11.13  cb_failure         L26-CB2 {'rot': 0.03211}
  t=  11.13  cb_failure         L29-CB3 {'rot': 0.03349}
  t=  11.13  cb_failure         L30-CB3 {'rot': 0.0309}
  t=  11.25  cb_failure         L27-CB2 {'rot': 0.0343}
  t=  11.25  cb_failure         L28-CB2 {'rot': 0.03232}
  t=  11.25  cb_failure         L29-CB2 {'rot': 0.03045}
  t=  11.25  cb_failure         L31-CB3 {'rot': 0.03692}
  t=  11.25  cb_failure         L32-CB3 {'rot': 0.03582}
  t=  11.25  cb_failure         L33-CB3 {'rot': 0.03336}
  t=  11.38  cb_failure         L30-CB2 {'rot': 0.03295}
  t=  11.38  cb_failure         L31-CB2 {'rot': 0.03156}
  t=  11.38  cb_failure         L32-CB2 {'rot': 0.03051}
  t=  11.38  cb_failure         L33-CB2 {'rot': 0.03009}
  t=  11.63  cb_failure         L1-CB3 {'rot': 0.0299}
  t=  13.63  cb_failure         L18-CB0 {'rot': 0.03038}
  t=  13.63  cb_failure         L19-CB0 {'rot': 0.03113}
  t=  13.63  cb_failure         L20-CB0 {'rot': 0.03119}
  t=  13.63  cb_failure         L21-CB0 {'rot': 0.03034}
  t=  13.63  cb_failure         L25-CB1 {'rot': 0.02987}
  t=  13.75  cb_failure         L22-CB0 {'rot': 0.03463}
  t=  13.75  cb_failure         L23-CB0 {'rot': 0.03326}
  t=  13.75  cb_failure         L24-CB0 {'rot': 0.03077}
  t=  13.75  cb_failure         L26-CB1 {'rot': 0.03643}
  t=  13.75  cb_failure         L27-CB1 {'rot': 0.03119}
  t=  13.88  cb_failure         L25-CB0 {'rot': 0.03468}
  t=  13.88  cb_failure         L26-CB0 {'rot': 0.03235}
  t=  13.88  cb_failure         L28-CB1 {'rot': 0.03648}
  t=  13.88  cb_failure         L29-CB1 {'rot': 0.03253}
  t=  14.00  cb_failure         L27-CB0 {'rot': 0.03443}
  t=  14.00  cb_failure         L28-CB0 {'rot': 0.03344}
  t=  14.00  cb_failure         L29-CB0 {'rot': 0.03188}
  t=  14.00  cb_failure         L30-CB0 {'rot': 0.02981}
  t=  14.00  cb_failure         L30-CB1 {'rot': 0.03454}
  t=  14.00  cb_failure         L31-CB1 {'rot': 0.0321}
  t=  14.00  cb_failure         L32-CB1 {'rot': 0.03047}
  t=  14.00  cb_failure         L33-CB1 {'rot': 0.02981}
  t=  14.63  cb_failure         L17-CB0 {'rot': 0.03092}
  progress t=  20.0s  max corner drift so far=0.0177  wall clock=238s
  t=  26.00  cb_failure         L31-CB0 {'rot': 0.03169}
  t=  26.00  cb_failure         L32-CB0 {'rot': 0.03032}
  t=  26.12  cb_failure         L33-CB0 {'rot': 0.0311}
  progress t=  30.0s  max corner drift so far=0.0177  wall clock=372s
  progress t=  40.0s  max corner drift so far=0.0177  wall clock=503s
  progress t=  50.0s  max corner drift so far=0.0204  wall clock=639s
  progress t=  60.0s  max corner drift so far=0.0204  wall clock=782s
  progress t=  70.0s  max corner drift so far=0.0204  wall clock=909s
  progress t=  80.0s  max corner drift so far=0.0204  wall clock=1026s
  progress t=  90.0s  max corner drift so far=0.0204  wall clock=1132s
  progress t= 100.0s  max corner drift so far=0.0204  wall clock=1235s
