  t=   1.87  cb_yield           L3-CB3 {'rot': 0.00539}
  t=   1.87  cb_yield           L4-CB0 {'rot': 0.00543}
  t=   1.87  cb_yield           L4-CB1 {'rot': 0.00583}
  t=   1.87  cb_yield           L4-CB2 {'rot': 0.00555}
  t=   1.87  cb_yield           L4-CB3 {'rot': 0.00595}
  t=   1.87  cb_yield           L5-CB0 {'rot': 0.00564}
  t=   1.87  cb_yield           L5-CB1 {'rot': 0.00611}
  t=   1.87  cb_yield           L5-CB2 {'rot': 0.00577}
  t=   1.87  cb_yield           L5-CB3 {'rot': 0.00625}
  t=   1.87  cb_yield           L6-CB0 {'rot': 0.00565}
  t=   1.87  cb_yield           L6-CB1 {'rot': 0.00618}
  t=   1.87  cb_yield           L6-CB2 {'rot': 0.00579}
  t=   1.87  cb_yield           L6-CB3 {'rot': 0.00633}
  t=   1.87  cb_yield           L7-CB0 {'rot': 0.0055}
  t=   1.87  cb_yield           L7-CB1 {'rot': 0.00609}
  t=   1.87  cb_yield           L7-CB2 {'rot': 0.00565}
  t=   1.87  cb_yield           L7-CB3 {'rot': 0.00625}
  t=   1.87  cb_yield           L8-CB1 {'rot': 0.00589}
  t=   1.87  cb_yield           L8-CB2 {'rot': 0.00539}
  t=   1.87  cb_yield           L8-CB3 {'rot': 0.00604}
  t=   1.87  cb_yield           L9-CB1 {'rot': 0.0056}
  t=   1.87  cb_yield           L9-CB3 {'rot': 0.00576}
  t=   1.87  cb_yield           L10-CB3 {'rot': 0.00542}
  t=   2.00  cb_yield           L3-CB0 {'rot': 0.00547}
  t=   2.00  cb_yield           L3-CB1 {'rot': 0.00589}
  t=   2.00  cb_yield           L3-CB2 {'rot': 0.00554}
  t=   2.00  cb_yield           L8-CB0 {'rot': 0.00667}
  t=   2.00  cb_yield           L9-CB0 {'rot': 0.00641}
  t=   2.00  cb_yield           L9-CB2 {'rot': 0.00655}
  t=   2.00  cb_yield           L10-CB0 {'rot': 0.00606}
  t=   2.00  cb_yield           L10-CB1 {'rot': 0.00703}
  t=   2.00  cb_yield           L10-CB2 {'rot': 0.0062}
  t=   2.00  cb_yield           L11-CB0 {'rot': 0.00565}
  t=   2.00  cb_yield           L11-CB1 {'rot': 0.00668}
  t=   2.00  cb_yield           L11-CB2 {'rot': 0.0058}
  t=   2.00  cb_yield           L11-CB3 {'rot': 0.00685}
  t=   2.00  cb_yield           L12-CB1 {'rot': 0.0063}
  t=   2.00  cb_yield           L12-CB2 {'rot': 0.00537}
  t=   2.00  cb_yield           L12-CB3 {'rot': 0.00647}
  t=   2.00  cb_yield           L13-CB1 {'rot': 0.00588}
  t=   2.00  cb_yield           L13-CB3 {'rot': 0.00605}
  t=   2.00  cb_yield           L14-CB1 {'rot': 0.00546}
  t=   2.00  cb_yield           L14-CB3 {'rot': 0.00562}
  t=   2.12  cb_yield           L12-CB0 {'rot': 0.0065}
  t=   2.12  cb_yield           L13-CB0 {'rot': 0.00612}
  t=   2.12  cb_yield           L13-CB2 {'rot': 0.0063}
  t=   2.12  cb_yield           L14-CB0 {'rot': 0.00568}
  t=   2.12  cb_yield           L14-CB2 {'rot': 0.00587}
  t=   2.12  cb_yield           L15-CB1 {'rot': 0.00675}
  t=   2.12  cb_yield           L15-CB2 {'rot': 0.00544}
  t=   2.12  cb_yield           L15-CB3 {'rot': 0.00697}
  t=   2.12  cb_yield           L16-CB1 {'rot': 0.00633}
  t=   2.12  cb_yield           L16-CB3 {'rot': 0.00655}
  t=   2.12  cb_yield           L17-CB1 {'rot': 0.00583}
  t=   2.12  cb_yield           L17-CB3 {'rot': 0.00606}
  t=   2.25  cb_yield           L15-CB0 {'rot': 0.00619}
  t=   2.25  cb_yield           L16-CB0 {'rot': 0.00579}
  t=   2.25  cb_yield           L16-CB2 {'rot': 0.00606}
  t=   2.25  cb_yield           L18-CB1 {'rot': 0.00673}
  t=   2.25  cb_yield           L18-CB3 {'rot': 0.00704}
  t=   2.25  cb_yield           L19-CB1 {'rot': 0.00629}
  t=   2.25  cb_yield           L19-CB3 {'rot': 0.00661}
  t=   2.25  cb_yield           L20-CB1 {'rot': 0.00589}
  t=   2.25  cb_yield           L20-CB3 {'rot': 0.00622}
  t=   2.25  cb_yield           L21-CB3 {'rot': 0.00585}
  t=   2.37  cb_yield           L17-CB0 {'rot': 0.00636}
  t=   2.37  cb_yield           L17-CB2 {'rot': 0.00668}
  t=   2.37  cb_yield           L18-CB0 {'rot': 0.00612}
  t=   2.37  cb_yield           L18-CB2 {'rot': 0.00646}
  t=   2.37  cb_yield           L19-CB0 {'rot': 0.00585}
  t=   2.37  cb_yield           L19-CB2 {'rot': 0.00622}
  t=   2.37  cb_yield           L20-CB2 {'rot': 0.00596}
  t=   2.37  cb_yield           L21-CB1 {'rot': 0.00794}
  t=   2.37  cb_yield           L22-CB1 {'rot': 0.00764}
  t=   2.37  cb_yield           L22-CB3 {'rot': 0.00808}
  t=   2.37  cb_yield           L23-CB1 {'rot': 0.0073}
  t=   2.37  cb_yield           L23-CB3 {'rot': 0.00775}
  t=   2.37  cb_yield           L24-CB1 {'rot': 0.00692}
  t=   2.37  cb_yield           L24-CB3 {'rot': 0.00738}
  t=   2.37  cb_yield           L25-CB1 {'rot': 0.00651}
  t=   2.37  cb_yield           L25-CB3 {'rot': 0.00697}
  t=   2.37  cb_yield           L26-CB1 {'rot': 0.00608}
  t=   2.37  cb_yield           L26-CB3 {'rot': 0.00653}
  t=   2.37  cb_yield           L27-CB3 {'rot': 0.00609}
  t=   2.50  cb_yield           L20-CB0 {'rot': 0.00738}
  t=   2.50  cb_yield           L21-CB0 {'rot': 0.00712}
  t=   2.50  cb_yield           L21-CB2 {'rot': 0.00752}
  t=   2.50  cb_yield           L22-CB0 {'rot': 0.00674}
  t=   2.50  cb_yield           L22-CB2 {'rot': 0.00716}
  t=   2.50  cb_yield           L23-CB0 {'rot': 0.00628}
  t=   2.50  cb_yield           L23-CB2 {'rot': 0.0067}
  t=   2.50  cb_yield           L24-CB2 {'rot': 0.00616}
  t=   2.50  cb_yield           L27-CB1 {'rot': 0.00716}
  t=   2.50  cb_yield           L28-CB1 {'rot': 0.00653}
  t=   2.50  cb_yield           L28-CB3 {'rot': 0.00695}
  t=   2.50  cb_yield           L29-CB1 {'rot': 0.00585}
  t=   2.50  cb_yield           L29-CB3 {'rot': 0.00627}
  t=   2.62  cb_yield           L24-CB0 {'rot': 0.00645}
  t=   2.62  cb_yield           L25-CB0 {'rot': 0.00581}
  t=   2.62  cb_yield           L25-CB2 {'rot': 0.00606}
  t=   2.62  cb_yield           L30-CB3 {'rot': 0.00584}
  t=   2.75  cb_yield           L30-CB1 {'rot': 0.00592}
  t=   3.50  cb_yield           L26-CB0 {'rot': 0.00624}
  t=   3.50  cb_yield           L26-CB2 {'rot': 0.00621}
  t=   3.62  cb_yield           L27-CB0 {'rot': 0.00575}
  t=   4.00  cb_yield           L2-CB0 {'rot': 0.00681}
  t=   4.00  cb_yield           L2-CB1 {'rot': 0.0067}
  t=   4.00  cb_yield           L2-CB2 {'rot': 0.00582}
  t=   4.00  cb_yield           L2-CB3 {'rot': 0.00572}
  t=   4.12  cb_yield           L1-CB0 {'rot': 0.00651}
  t=   4.12  cb_yield           L1-CB1 {'rot': 0.0064}
  t=   4.12  cb_yield           L1-CB2 {'rot': 0.00565}
  t=   4.12  cb_yield           L1-CB3 {'rot': 0.0056}
  t=   8.38  cb_yield           L31-CB1 {'rot': 0.00579}
  t=   8.50  cb_yield           L27-CB2 {'rot': 0.00609}
  t=   8.50  cb_yield           L31-CB3 {'rot': 0.00794}
  t=   8.50  cb_yield           L32-CB3 {'rot': 0.00744}
  t=   8.50  cb_yield           L33-CB3 {'rot': 0.00608}
  t=   8.63  cb_yield           L28-CB2 {'rot': 0.00663}
  t=   8.63  cb_yield           L29-CB2 {'rot': 0.00585}
  t=   8.75  cb_yield           L30-CB2 {'rot': 0.00623}
  t=   8.88  cb_yield           L31-CB2 {'rot': 0.00707}
  t=   8.88  cb_yield           L32-CB2 {'rot': 0.00664}
  t=   8.88  cb_yield           L33-CB2 {'rot': 0.00646}
  t=   9.25  cb_yield           L32-CB1 {'rot': 0.00812}
  t=   9.25  cb_yield           L33-CB1 {'rot': 0.00654}
  progress t=  10.0s  max corner drift so far=0.0062  wall clock=134s
  t=  10.38  cb_yield           L28-CB0 {'rot': 0.01042}
  t=  10.38  cb_yield           L29-CB0 {'rot': 0.01004}
  t=  10.38  cb_yield           L30-CB0 {'rot': 0.00959}
  t=  10.38  cb_yield           L31-CB0 {'rot': 0.00913}
  t=  10.38  cb_yield           L32-CB0 {'rot': 0.00874}
  t=  10.38  cb_yield           L33-CB0 {'rot': 0.00855}
  t=  10.75  cb_failure         L4-CB2 {'rot': 0.03063}
  t=  10.75  cb_failure         L5-CB2 {'rot': 0.03126}
  t=  10.75  cb_failure         L6-CB2 {'rot': 0.03061}
  t=  10.88  cb_failure         L3-CB0 {'rot': 0.03068}
  t=  10.88  cb_failure         L3-CB2 {'rot': 0.03112}
  t=  10.88  cb_failure         L3-CB3 {'rot': 0.03039}
  t=  10.88  cb_failure         L4-CB0 {'rot': 0.03254}
  t=  10.88  cb_failure         L4-CB1 {'rot': 0.03086}
  t=  10.88  cb_failure         L4-CB3 {'rot': 0.03274}
  t=  10.88  cb_failure         L5-CB0 {'rot': 0.03255}
  t=  10.88  cb_failure         L5-CB1 {'rot': 0.03085}
  t=  10.88  cb_failure         L5-CB3 {'rot': 0.03332}
  t=  10.88  cb_failure         L6-CB0 {'rot': 0.03115}
  t=  10.88  cb_failure         L6-CB1 {'rot': 0.02946}
  t=  10.88  cb_failure         L6-CB3 {'rot': 0.0325}
  t=  10.88  cb_failure         L7-CB2 {'rot': 0.03209}
  t=  10.88  cb_failure         L7-CB3 {'rot': 0.03074}
  t=  10.88  cb_failure         L8-CB2 {'rot': 0.02992}
  t=  11.00  cb_failure         L3-CB1 {'rot': 0.03249}
  t=  11.00  cb_failure         L7-CB0 {'rot': 0.03389}
  t=  11.00  cb_failure         L7-CB1 {'rot': 0.03425}
  t=  11.00  cb_failure         L8-CB0 {'rot': 0.03149}
  t=  11.00  cb_failure         L8-CB1 {'rot': 0.03187}
  t=  11.00  cb_failure         L8-CB3 {'rot': 0.03274}
  t=  11.00  cb_failure         L9-CB2 {'rot': 0.02937}
  t=  11.00  cb_failure         L9-CB3 {'rot': 0.02998}
  t=  11.13  cb_failure         L9-CB0 {'rot': 0.03417}
  t=  11.13  cb_failure         L9-CB1 {'rot': 0.03618}
  t=  11.13  cb_failure         L10-CB0 {'rot': 0.03147}
  t=  11.13  cb_failure         L10-CB1 {'rot': 0.0337}
  t=  11.13  cb_failure         L10-CB2 {'rot': 0.02964}
  t=  11.13  cb_failure         L10-CB3 {'rot': 0.03175}
  t=  11.13  cb_failure         L11-CB1 {'rot': 0.03093}
  t=  11.25  cb_failure         L11-CB0 {'rot': 0.03661}
  t=  11.25  cb_failure         L11-CB2 {'rot': 0.03118}
  t=  11.25  cb_failure         L11-CB3 {'rot': 0.03563}
  t=  11.25  cb_failure         L12-CB0 {'rot': 0.03493}
  t=  11.25  cb_failure         L12-CB1 {'rot': 0.03913}
  t=  11.25  cb_failure         L12-CB3 {'rot': 0.03381}
  t=  11.25  cb_failure         L13-CB0 {'rot': 0.03279}
  t=  11.25  cb_failure         L13-CB1 {'rot': 0.03723}
  t=  11.25  cb_failure         L13-CB3 {'rot': 0.03167}
  t=  11.25  cb_failure         L14-CB0 {'rot': 0.03051}
  t=  11.25  cb_failure         L14-CB1 {'rot': 0.03512}
  t=  11.25  cb_failure         L14-CB3 {'rot': 0.02936}
  t=  11.25  cb_failure         L15-CB1 {'rot': 0.03308}
  t=  11.25  cb_failure         L16-CB1 {'rot': 0.03122}
  t=  11.38  cb_failure         L12-CB2 {'rot': 0.0315}
  t=  11.38  cb_failure         L13-CB2 {'rot': 0.03066}
  t=  11.38  cb_failure         L14-CB2 {'rot': 0.02956}
  t=  11.38  cb_failure         L15-CB0 {'rot': 0.03842}
  t=  11.38  cb_failure         L15-CB3 {'rot': 0.03693}
  t=  11.38  cb_failure         L16-CB0 {'rot': 0.03707}
  t=  11.38  cb_failure         L16-CB3 {'rot': 0.03566}
  t=  11.38  cb_failure         L17-CB0 {'rot': 0.03499}
  t=  11.38  cb_failure         L17-CB1 {'rot': 0.04296}
  t=  11.38  cb_failure         L17-CB3 {'rot': 0.03381}
  t=  11.38  cb_failure         L18-CB0 {'rot': 0.03271}
  t=  11.38  cb_failure         L18-CB1 {'rot': 0.04088}
  t=  11.38  cb_failure         L18-CB3 {'rot': 0.03177}
  t=  11.38  cb_failure         L19-CB0 {'rot': 0.03022}
  t=  11.38  cb_failure         L19-CB1 {'rot': 0.0386}
  t=  11.38  cb_failure         L20-CB1 {'rot': 0.03627}
  t=  11.38  cb_failure         L21-CB1 {'rot': 0.03392}
  t=  11.38  cb_failure         L22-CB1 {'rot': 0.03162}
  t=  11.50  cb_failure         L15-CB2 {'rot': 0.03539}
  t=  11.50  cb_failure         L16-CB2 {'rot': 0.03498}
  t=  11.50  cb_failure         L17-CB2 {'rot': 0.03392}
  t=  11.50  cb_failure         L18-CB2 {'rot': 0.03221}
  t=  11.50  cb_failure         L19-CB2 {'rot': 0.02978}
  t=  11.50  cb_failure         L19-CB3 {'rot': 0.03733}
  t=  11.50  cb_failure         L20-CB0 {'rot': 0.03856}
  t=  11.50  cb_failure         L20-CB3 {'rot': 0.03436}
  t=  11.50  cb_failure         L21-CB0 {'rot': 0.03427}
  t=  11.50  cb_failure         L21-CB3 {'rot': 0.03069}
  t=  11.50  cb_failure         L22-CB0 {'rot': 0.02975}
  t=  11.50  cb_failure         L23-CB1 {'rot': 0.03225}
  t=  11.63  cb_failure         L20-CB2 {'rot': 0.03157}
  t=  11.75  cb_failure         L23-CB0 {'rot': 0.03104}
  t=  11.75  cb_failure         L24-CB1 {'rot': 0.03076}
  t=  12.00  cb_failure         L22-CB3 {'rot': 0.02976}
  t=  12.00  cb_failure         L24-CB0 {'rot': 0.03162}
  t=  12.00  cb_failure         L25-CB1 {'rot': 0.03199}
  t=  14.63  cb_failure         L23-CB3 {'rot': 0.04114}
  t=  14.63  cb_failure         L24-CB3 {'rot': 0.04027}
  t=  14.63  cb_failure         L25-CB3 {'rot': 0.03923}
  t=  14.63  cb_failure         L26-CB3 {'rot': 0.03798}
  t=  14.63  cb_failure         L27-CB3 {'rot': 0.0366}
  t=  14.63  cb_failure         L28-CB3 {'rot': 0.03537}
  t=  14.63  cb_failure         L29-CB3 {'rot': 0.03396}
  t=  14.63  cb_failure         L30-CB3 {'rot': 0.03246}
  t=  14.63  cb_failure         L31-CB3 {'rot': 0.03112}
  t=  14.63  cb_failure         L32-CB3 {'rot': 0.03015}
  t=  14.75  cb_failure         L21-CB2 {'rot': 0.03285}
  t=  14.75  cb_failure         L22-CB2 {'rot': 0.03283}
  t=  14.75  cb_failure         L23-CB2 {'rot': 0.03239}
  t=  14.75  cb_failure         L24-CB2 {'rot': 0.03149}
  t=  14.75  cb_failure         L25-CB2 {'rot': 0.03016}
  t=  14.75  cb_failure         L26-CB1 {'rot': 0.03249}
  t=  14.75  cb_failure         L27-CB1 {'rot': 0.0304}
  t=  14.75  cb_failure         L33-CB3 {'rot': 0.03555}
  t=  14.88  cb_failure         L26-CB2 {'rot': 0.02977}
  t=  14.88  cb_failure         L28-CB1 {'rot': 0.04026}
  t=  14.88  cb_failure         L29-CB1 {'rot': 0.03841}
  t=  14.88  cb_failure         L30-CB1 {'rot': 0.03642}
  t=  14.88  cb_failure         L31-CB1 {'rot': 0.03471}
  t=  14.88  cb_failure         L32-CB1 {'rot': 0.03356}
  t=  14.88  cb_failure         L33-CB1 {'rot': 0.03134}
  t=  15.50  cb_failure         L2-CB3 {'rot': 0.0303}
  t=  17.88  cb_failure         L25-CB0 {'rot': 0.03222}
  t=  18.00  cb_failure         L26-CB0 {'rot': 0.03047}
  t=  18.13  cb_failure         L27-CB0 {'rot': 0.02983}
  t=  18.25  cb_failure         L2-CB1 {'rot': 0.03363}
  t=  18.38  cb_failure         L2-CB0 {'rot': 0.03121}
  t=  18.50  cb_failure         L1-CB1 {'rot': 0.03006}
  progress t=  20.0s  max corner drift so far=0.0279  wall clock=292s
  t=  21.00  cb_failure         L28-CB0 {'rot': 0.03975}
  t=  21.00  cb_failure         L29-CB0 {'rot': 0.03743}
  t=  21.00  cb_failure         L30-CB0 {'rot': 0.03499}
  t=  21.00  cb_failure         L31-CB0 {'rot': 0.033}
  t=  21.00  cb_failure         L32-CB0 {'rot': 0.03176}
  t=  21.00  cb_failure         L33-CB0 {'rot': 0.03134}
  t=  21.12  cb_failure         L27-CB2 {'rot': 0.03028}
  t=  21.25  cb_failure         L28-CB2 {'rot': 0.03694}
  t=  21.25  cb_failure         L29-CB2 {'rot': 0.03629}
  t=  21.25  cb_failure         L30-CB2 {'rot': 0.03511}
  t=  21.25  cb_failure         L31-CB2 {'rot': 0.03378}
  t=  21.25  cb_failure         L32-CB2 {'rot': 0.03269}
  t=  21.25  cb_failure         L33-CB2 {'rot': 0.03228}
  t=  25.12  cb_failure         L1-CB0 {'rot': 0.03105}
  progress t=  30.0s  max corner drift so far=0.0279  wall clock=460s
  t=  37.87  cb_failure         L2-CB2 {'rot': 0.03062}
  progress t=  40.0s  max corner drift so far=0.0279  wall clock=636s
  t= 46.075  solver fallback: ModifiedNewton
  progress t=  50.0s  max corner drift so far=0.0279  wall clock=819s
  t=  51.25  cb_failure         L1-CB2 {'rot': 0.02945}
  t=  51.25  cb_failure         L1-CB3 {'rot': 0.03057}
  progress t=  60.0s  max corner drift so far=0.0279  wall clock=1003s
  progress t=  70.0s  max corner drift so far=0.0279  wall clock=1168s
  progress t=  80.0s  max corner drift so far=0.0279  wall clock=1298s
  progress t=  90.0s  max corner drift so far=0.0279  wall clock=1425s
  progress t= 100.0s  max corner drift so far=0.0279  wall clock=1549s
