  t=   2.37  cb_yield           L5-CB3 {'rot': 0.00561}
  t=   2.37  cb_yield           L6-CB3 {'rot': 0.00578}
  t=   2.37  cb_yield           L7-CB3 {'rot': 0.00582}
  t=   2.37  cb_yield           L8-CB3 {'rot': 0.00576}
  t=   2.37  cb_yield           L9-CB3 {'rot': 0.00563}
  t=   2.37  cb_yield           L10-CB3 {'rot': 0.00546}
  t=   2.50  cb_yield           L4-CB2 {'rot': 0.00534}
  t=   2.50  cb_yield           L4-CB3 {'rot': 0.00579}
  t=   2.50  cb_yield           L5-CB1 {'rot': 0.00546}
  t=   2.50  cb_yield           L5-CB2 {'rot': 0.00566}
  t=   2.50  cb_yield           L6-CB1 {'rot': 0.00562}
  t=   2.50  cb_yield           L6-CB2 {'rot': 0.00582}
  t=   2.50  cb_yield           L7-CB1 {'rot': 0.00567}
  t=   2.50  cb_yield           L7-CB2 {'rot': 0.00585}
  t=   2.50  cb_yield           L8-CB1 {'rot': 0.00563}
  t=   2.50  cb_yield           L8-CB2 {'rot': 0.00579}
  t=   2.50  cb_yield           L9-CB1 {'rot': 0.00553}
  t=   2.50  cb_yield           L9-CB2 {'rot': 0.00565}
  t=   2.50  cb_yield           L10-CB1 {'rot': 0.0054}
  t=   2.50  cb_yield           L10-CB2 {'rot': 0.00547}
  t=   2.50  cb_yield           L11-CB3 {'rot': 0.00615}
  t=   2.50  cb_yield           L12-CB3 {'rot': 0.00598}
  t=   2.50  cb_yield           L13-CB3 {'rot': 0.0058}
  t=   2.50  cb_yield           L14-CB3 {'rot': 0.0056}
  t=   2.50  cb_yield           L15-CB3 {'rot': 0.0054}
  t=   2.62  cb_yield           L3-CB3 {'rot': 0.00554}
  t=   2.62  cb_yield           L4-CB1 {'rot': 0.00563}
  t=   2.62  cb_yield           L5-CB0 {'rot': 0.0055}
  t=   2.62  cb_yield           L6-CB0 {'rot': 0.00567}
  t=   2.62  cb_yield           L7-CB0 {'rot': 0.00573}
  t=   2.62  cb_yield           L8-CB0 {'rot': 0.00569}
  t=   2.62  cb_yield           L9-CB0 {'rot': 0.00558}
  t=   2.62  cb_yield           L10-CB0 {'rot': 0.00542}
  t=   2.62  cb_yield           L11-CB1 {'rot': 0.00612}
  t=   2.62  cb_yield           L11-CB2 {'rot': 0.00619}
  t=   2.62  cb_yield           L12-CB1 {'rot': 0.00597}
  t=   2.62  cb_yield           L12-CB2 {'rot': 0.00602}
  t=   2.62  cb_yield           L13-CB1 {'rot': 0.0058}
  t=   2.62  cb_yield           L13-CB2 {'rot': 0.00583}
  t=   2.62  cb_yield           L14-CB1 {'rot': 0.00562}
  t=   2.62  cb_yield           L14-CB2 {'rot': 0.00562}
  t=   2.62  cb_yield           L15-CB1 {'rot': 0.00545}
  t=   2.62  cb_yield           L15-CB2 {'rot': 0.00542}
  t=   2.62  cb_yield           L16-CB3 {'rot': 0.00647}
  t=   2.62  cb_yield           L17-CB3 {'rot': 0.00626}
  t=   2.62  cb_yield           L18-CB3 {'rot': 0.00604}
  t=   2.62  cb_yield           L19-CB3 {'rot': 0.00581}
  t=   2.75  cb_yield           L3-CB1 {'rot': 0.00564}
  t=   2.75  cb_yield           L3-CB2 {'rot': 0.00567}
  t=   2.75  cb_yield           L4-CB0 {'rot': 0.00575}
  t=   2.75  cb_yield           L11-CB0 {'rot': 0.00601}
  t=   2.75  cb_yield           L12-CB0 {'rot': 0.00582}
  t=   2.75  cb_yield           L13-CB0 {'rot': 0.00561}
  t=   2.75  cb_yield           L14-CB0 {'rot': 0.00538}
  t=   2.75  cb_yield           L16-CB1 {'rot': 0.00622}
  t=   2.75  cb_yield           L16-CB2 {'rot': 0.0064}
  t=   2.75  cb_yield           L17-CB1 {'rot': 0.00596}
  t=   2.75  cb_yield           L17-CB2 {'rot': 0.00613}
  t=   2.75  cb_yield           L18-CB2 {'rot': 0.00586}
  t=   2.75  cb_yield           L20-CB3 {'rot': 0.00689}
  t=   2.75  cb_yield           L21-CB3 {'rot': 0.00661}
  t=   2.75  cb_yield           L22-CB3 {'rot': 0.00631}
  t=   2.75  cb_yield           L23-CB3 {'rot': 0.006}
  t=   2.87  cb_yield           L2-CB3 {'rot': 0.00572}
  t=   2.87  cb_yield           L3-CB0 {'rot': 0.00585}
  t=   2.87  cb_yield           L15-CB0 {'rot': 0.00589}
  t=   2.87  cb_yield           L16-CB0 {'rot': 0.00559}
  t=   2.87  cb_yield           L18-CB1 {'rot': 0.00648}
  t=   2.87  cb_yield           L19-CB1 {'rot': 0.00614}
  t=   2.87  cb_yield           L19-CB2 {'rot': 0.00661}
  t=   2.87  cb_yield           L20-CB1 {'rot': 0.00581}
  t=   2.87  cb_yield           L20-CB2 {'rot': 0.00627}
  t=   2.87  cb_yield           L21-CB2 {'rot': 0.00591}
  t=   2.87  cb_yield           L24-CB3 {'rot': 0.00658}
  t=   2.87  cb_yield           L25-CB3 {'rot': 0.00616}
  t=   3.00  cb_yield           L2-CB0 {'rot': 0.00562}
  t=   3.00  cb_yield           L2-CB1 {'rot': 0.00616}
  t=   3.00  cb_yield           L2-CB2 {'rot': 0.0062}
  t=   3.00  cb_yield           L17-CB0 {'rot': 0.00592}
  t=   3.00  cb_yield           L21-CB1 {'rot': 0.00585}
  t=   3.00  cb_yield           L22-CB2 {'rot': 0.00605}
  t=   3.00  cb_yield           L26-CB3 {'rot': 0.00605}
  t=   3.12  cb_yield           L1-CB3 {'rot': 0.00547}
  t=   3.12  cb_yield           L18-CB0 {'rot': 0.00602}
  t=   3.25  cb_yield           L1-CB1 {'rot': 0.00557}
  t=   3.25  cb_yield           L1-CB2 {'rot': 0.00593}
  t=   3.25  cb_yield           L19-CB0 {'rot': 0.00578}
  t=   3.25  cb_yield           L22-CB1 {'rot': 0.00586}
  t=   3.37  cb_yield           L1-CB0 {'rot': 0.00571}
  t=   3.50  cb_yield           L20-CB0 {'rot': 0.00589}
  t=   3.50  cb_yield           L23-CB1 {'rot': 0.00598}
  t=   3.62  cb_yield           L24-CB1 {'rot': 0.00583}
  t=   3.75  cb_yield           L21-CB0 {'rot': 0.00623}
  t=   3.87  cb_yield           L22-CB0 {'rot': 0.00606}
  t=   3.87  cb_yield           L23-CB2 {'rot': 0.00601}
  t=   3.87  cb_yield           L25-CB1 {'rot': 0.00621}
  t=   4.00  cb_yield           L24-CB2 {'rot': 0.00575}
  t=   4.00  cb_yield           L26-CB1 {'rot': 0.00599}
  t=   4.00  cb_yield           L27-CB3 {'rot': 0.00611}
  t=   4.12  cb_yield           L23-CB0 {'rot': 0.00599}
  t=   4.12  cb_yield           L27-CB1 {'rot': 0.00575}
  t=   5.13  cb_yield           L24-CB0 {'rot': 0.00648}
  t=   5.25  cb_yield           L25-CB0 {'rot': 0.00675}
  t=   5.25  cb_yield           L26-CB0 {'rot': 0.00592}
  t=   5.38  cb_yield           L28-CB1 {'rot': 0.00586}
  t=   5.50  cb_yield           L25-CB2 {'rot': 0.00624}
  t=   9.00  cb_yield           L27-CB0 {'rot': 0.00629}
  t=   9.00  cb_yield           L29-CB1 {'rot': 0.00698}
  t=   9.00  cb_yield           L30-CB1 {'rot': 0.00637}
  t=   9.00  cb_yield           L31-CB1 {'rot': 0.00587}
  t=   9.13  cb_yield           L28-CB0 {'rot': 0.00996}
  t=   9.13  cb_yield           L28-CB3 {'rot': 0.00606}
  t=   9.13  cb_yield           L29-CB0 {'rot': 0.00931}
  t=   9.13  cb_yield           L30-CB0 {'rot': 0.00849}
  t=   9.13  cb_yield           L31-CB0 {'rot': 0.00764}
  t=   9.13  cb_yield           L32-CB0 {'rot': 0.00693}
  t=   9.13  cb_yield           L32-CB1 {'rot': 0.00957}
  t=   9.13  cb_yield           L33-CB0 {'rot': 0.00659}
  t=   9.13  cb_yield           L33-CB1 {'rot': 0.00926}
  t=   9.25  cb_yield           L29-CB3 {'rot': 0.00585}
  t=   9.88  cb_failure         L3-CB1 {'rot': 0.03067}
  t=   9.88  cb_failure         L4-CB0 {'rot': 0.03021}
  t=   9.88  cb_failure         L4-CB1 {'rot': 0.0335}
  t=   9.88  cb_failure         L5-CB0 {'rot': 0.03138}
  t=   9.88  cb_failure         L5-CB1 {'rot': 0.03474}
  t=   9.88  cb_failure         L6-CB0 {'rot': 0.0311}
  t=   9.88  cb_failure         L6-CB1 {'rot': 0.03462}
  t=   9.88  cb_failure         L7-CB0 {'rot': 0.02979}
  t=   9.88  cb_failure         L7-CB1 {'rot': 0.03344}
  t=   9.88  cb_failure         L8-CB1 {'rot': 0.0316}
  t=   9.88  cb_failure         L9-CB1 {'rot': 0.02935}
  t=  10.00  cb_failure         L2-CB1 {'rot': 0.03029}
  t=  10.00  cb_failure         L3-CB0 {'rot': 0.03125}
  t=  10.00  cb_failure         L3-CB3 {'rot': 0.02998}
  t=  10.00  cb_failure         L4-CB2 {'rot': 0.02944}
  t=  10.00  cb_failure         L4-CB3 {'rot': 0.03269}
  t=  10.00  cb_failure         L5-CB2 {'rot': 0.03029}
  t=  10.00  cb_failure         L5-CB3 {'rot': 0.03391}
  t=  10.00  cb_failure         L6-CB2 {'rot': 0.02993}
  t=  10.00  cb_failure         L6-CB3 {'rot': 0.03389}
  t=  10.00  cb_failure         L7-CB3 {'rot': 0.0329}
  t=  10.00  cb_failure         L8-CB0 {'rot': 0.0325}
  t=  10.00  cb_failure         L8-CB3 {'rot': 0.03122}
  t=  10.00  cb_failure         L9-CB0 {'rot': 0.02995}
  t=  10.00  cb_failure         L10-CB1 {'rot': 0.03104}
  progress t=  10.0s  max corner drift so far=0.0082  wall clock=111s
  t=  10.13  cb_failure         L3-CB2 {'rot': 0.02989}
  t=  10.13  cb_failure         L7-CB2 {'rot': 0.03223}
  t=  10.13  cb_failure         L8-CB2 {'rot': 0.03076}
  t=  10.13  cb_failure         L9-CB3 {'rot': 0.03365}
  t=  10.13  cb_failure         L10-CB0 {'rot': 0.0295}
  t=  10.13  cb_failure         L10-CB3 {'rot': 0.03157}
  t=  10.13  cb_failure         L11-CB1 {'rot': 0.03134}
  t=  10.25  cb_failure         L9-CB2 {'rot': 0.03271}
  t=  10.25  cb_failure         L10-CB2 {'rot': 0.0305}
  t=  10.25  cb_failure         L11-CB3 {'rot': 0.03311}
  t=  10.25  cb_failure         L12-CB1 {'rot': 0.03}
  t=  10.25  cb_failure         L12-CB3 {'rot': 0.03079}
  t=  10.38  cb_failure         L11-CB2 {'rot': 0.03214}
  t=  10.38  cb_failure         L12-CB2 {'rot': 0.02978}
  t=  10.38  cb_failure         L13-CB3 {'rot': 0.03223}
  t=  10.38  cb_failure         L14-CB3 {'rot': 0.02947}
  t=  10.50  cb_failure         L13-CB2 {'rot': 0.03027}
  t=  10.50  cb_failure         L15-CB3 {'rot': 0.03107}
  t=  10.50  cb_yield           L30-CB3 {'rot': 0.00691}
  t=  10.50  cb_yield           L31-CB3 {'rot': 0.00619}
  t=  10.63  cb_failure         L14-CB2 {'rot': 0.03129}
  t=  10.63  cb_failure         L15-CB2 {'rot': 0.02944}
  t=  10.63  cb_failure         L16-CB3 {'rot': 0.03288}
  t=  10.63  cb_failure         L17-CB3 {'rot': 0.0307}
  t=  10.63  cb_yield           L26-CB2 {'rot': 0.00943}
  t=  10.63  cb_yield           L27-CB2 {'rot': 0.00817}
  t=  10.63  cb_yield           L28-CB2 {'rot': 0.00708}
  t=  10.63  cb_yield           L29-CB2 {'rot': 0.00609}
  t=  10.63  cb_yield           L32-CB3 {'rot': 0.00879}
  t=  10.63  cb_yield           L33-CB3 {'rot': 0.00841}
  t=  10.75  cb_failure         L16-CB2 {'rot': 0.03233}
  t=  10.75  cb_failure         L17-CB2 {'rot': 0.03063}
  t=  10.75  cb_failure         L18-CB3 {'rot': 0.03355}
  t=  10.75  cb_failure         L19-CB3 {'rot': 0.0318}
  t=  10.75  cb_failure         L20-CB3 {'rot': 0.03011}
  t=  10.75  cb_yield           L30-CB2 {'rot': 0.00804}
  t=  10.75  cb_yield           L31-CB2 {'rot': 0.00681}
  t=  10.75  cb_yield           L32-CB2 {'rot': 0.00595}
  t=  10.88  cb_failure         L18-CB2 {'rot': 0.03535}
  t=  10.88  cb_failure         L19-CB2 {'rot': 0.03401}
  t=  10.88  cb_failure         L20-CB2 {'rot': 0.03233}
  t=  10.88  cb_failure         L21-CB2 {'rot': 0.03027}
  t=  10.88  cb_failure         L21-CB3 {'rot': 0.03376}
  t=  10.88  cb_failure         L22-CB3 {'rot': 0.03148}
  t=  10.88  cb_yield           L33-CB2 {'rot': 0.00891}
  t=  11.00  cb_failure         L22-CB2 {'rot': 0.03392}
  t=  11.00  cb_failure         L23-CB2 {'rot': 0.03161}
  t=  11.00  cb_failure         L23-CB3 {'rot': 0.03516}
  t=  11.00  cb_failure         L24-CB3 {'rot': 0.03254}
  t=  11.00  cb_failure         L25-CB3 {'rot': 0.0298}
  t=  11.13  cb_failure         L24-CB2 {'rot': 0.03269}
  t=  11.13  cb_failure         L25-CB2 {'rot': 0.0302}
  t=  11.13  cb_failure         L26-CB3 {'rot': 0.03238}
  t=  11.25  cb_failure         L26-CB2 {'rot': 0.03027}
  t=  11.25  cb_failure         L27-CB3 {'rot': 0.03327}
  t=  11.25  cb_failure         L28-CB3 {'rot': 0.03146}
  t=  11.25  cb_failure         L29-CB3 {'rot': 0.02976}
  t=  11.38  cb_failure         L27-CB2 {'rot': 0.03082}
  t=  11.38  cb_failure         L28-CB2 {'rot': 0.02981}
  t=  11.38  cb_failure         L30-CB3 {'rot': 0.03418}
  t=  11.38  cb_failure         L31-CB3 {'rot': 0.03317}
  t=  11.38  cb_failure         L32-CB3 {'rot': 0.03247}
  t=  11.38  cb_failure         L33-CB3 {'rot': 0.03212}
  t=  11.50  cb_failure         L2-CB3 {'rot': 0.0297}
  t=  11.75  cb_failure         L13-CB1 {'rot': 0.03112}
  t=  11.88  cb_failure         L14-CB1 {'rot': 0.03039}
  t=  13.63  cb_failure         L17-CB1 {'rot': 0.03036}
  t=  13.63  cb_failure         L18-CB1 {'rot': 0.03174}
  t=  13.63  cb_failure         L19-CB1 {'rot': 0.03235}
  t=  13.63  cb_failure         L20-CB1 {'rot': 0.03235}
  t=  13.63  cb_failure         L21-CB1 {'rot': 0.03151}
  t=  13.75  cb_failure         L22-CB1 {'rot': 0.03317}
  t=  13.75  cb_failure         L23-CB1 {'rot': 0.03179}
  t=  13.88  cb_failure         L24-CB1 {'rot': 0.03088}
  t=  14.50  cb_failure         L11-CB0 {'rot': 0.03336}
  t=  14.50  cb_failure         L12-CB0 {'rot': 0.03221}
  t=  14.50  cb_failure         L13-CB0 {'rot': 0.0307}
  t=  14.63  cb_failure         L14-CB0 {'rot': 0.0347}
  t=  14.63  cb_failure         L15-CB0 {'rot': 0.03167}
  t=  14.63  cb_failure         L15-CB1 {'rot': 0.0305}
  t=  14.75  cb_failure         L16-CB0 {'rot': 0.02945}
  t=  15.50  cb_failure         L17-CB0 {'rot': 0.03083}
  t=  15.50  cb_failure         L18-CB0 {'rot': 0.03138}
  t=  15.50  cb_failure         L19-CB0 {'rot': 0.03181}
  t=  15.50  cb_failure         L20-CB0 {'rot': 0.0321}
  t=  15.50  cb_failure         L21-CB0 {'rot': 0.03225}
  t=  15.50  cb_failure         L22-CB0 {'rot': 0.03227}
  t=  15.50  cb_failure         L23-CB0 {'rot': 0.03214}
  t=  15.50  cb_failure         L24-CB0 {'rot': 0.0318}
  t=  15.50  cb_failure         L25-CB0 {'rot': 0.03109}
  t=  15.50  cb_failure         L25-CB1 {'rot': 0.03}
  t=  15.50  cb_failure         L26-CB0 {'rot': 0.02985}
  t=  15.63  cb_failure         L16-CB1 {'rot': 0.03251}
  progress t=  20.0s  max corner drift so far=0.0177  wall clock=260s
  t=  22.62  cb_failure         L29-CB2 {'rot': 0.03488}
  t=  22.62  cb_failure         L30-CB2 {'rot': 0.03307}
  t=  22.62  cb_failure         L31-CB2 {'rot': 0.03163}
  t=  22.62  cb_failure         L32-CB2 {'rot': 0.03071}
  t=  22.62  cb_failure         L33-CB2 {'rot': 0.03037}
  t=  25.75  cb_failure         L26-CB1 {'rot': 0.03618}
  t=  25.75  cb_failure         L27-CB0 {'rot': 0.03189}
  t=  25.75  cb_failure         L27-CB1 {'rot': 0.03281}
  t=  25.87  cb_failure         L28-CB0 {'rot': 0.03716}
  t=  25.87  cb_failure         L28-CB1 {'rot': 0.0352}
  t=  25.87  cb_failure         L29-CB0 {'rot': 0.03315}
  t=  25.87  cb_failure         L29-CB1 {'rot': 0.03095}
  t=  26.00  cb_failure         L30-CB0 {'rot': 0.03015}
  t=  26.00  cb_failure         L30-CB1 {'rot': 0.03123}
  t=  26.12  cb_failure         L31-CB1 {'rot': 0.03017}
  t=  26.75  cb_failure         L2-CB2 {'rot': 0.03385}
  t=  28.25  cb_failure         L2-CB0 {'rot': 0.02937}
  progress t=  30.0s  max corner drift so far=0.0177  wall clock=409s
  t=  37.00  cb_failure         L31-CB0 {'rot': 0.03397}
  t=  37.00  cb_failure         L32-CB0 {'rot': 0.03333}
  t=  37.00  cb_failure         L33-CB0 {'rot': 0.03307}
  t=  37.12  cb_failure         L32-CB1 {'rot': 0.03035}
  t=  37.12  cb_failure         L33-CB1 {'rot': 0.03014}
  progress t=  40.0s  max corner drift so far=0.0177  wall clock=567s
  progress t=  50.0s  max corner drift so far=0.0181  wall clock=714s
  progress t=  60.0s  max corner drift so far=0.0181  wall clock=878s
  progress t=  70.0s  max corner drift so far=0.0181  wall clock=1022s
  progress t=  80.0s  max corner drift so far=0.0181  wall clock=1151s
  progress t=  90.0s  max corner drift so far=0.0181  wall clock=1267s
  progress t= 100.0s  max corner drift so far=0.0181  wall clock=1379s
