  t=   8.50  cb_yield           L5-CB3 {'rot': 0.00537}
  t=   8.50  cb_yield           L6-CB3 {'rot': 0.00566}
  t=   8.50  cb_yield           L7-CB3 {'rot': 0.00583}
  t=   8.50  cb_yield           L8-CB3 {'rot': 0.00591}
  t=   8.50  cb_yield           L9-CB3 {'rot': 0.0059}
  t=   8.50  cb_yield           L10-CB3 {'rot': 0.00583}
  t=   8.50  cb_yield           L11-CB3 {'rot': 0.00571}
  t=   8.50  cb_yield           L12-CB3 {'rot': 0.00556}
  t=   8.50  cb_yield           L13-CB3 {'rot': 0.00538}
  t=   8.63  cb_yield           L6-CB2 {'rot': 0.00547}
  t=   8.63  cb_yield           L7-CB2 {'rot': 0.00563}
  t=   8.63  cb_yield           L8-CB2 {'rot': 0.00571}
  t=   8.63  cb_yield           L9-CB2 {'rot': 0.0057}
  t=   8.63  cb_yield           L10-CB2 {'rot': 0.00563}
  t=   8.63  cb_yield           L11-CB2 {'rot': 0.00551}
  t=   8.63  cb_yield           L12-CB2 {'rot': 0.00537}
  t=   8.63  cb_yield           L14-CB3 {'rot': 0.00603}
  t=   8.63  cb_yield           L15-CB3 {'rot': 0.00585}
  t=   8.63  cb_yield           L16-CB3 {'rot': 0.00566}
  t=   8.75  cb_yield           L13-CB2 {'rot': 0.00561}
  t=   8.75  cb_yield           L14-CB2 {'rot': 0.00548}
  t=   8.75  cb_yield           L17-CB3 {'rot': 0.00616}
  t=   8.75  cb_yield           L18-CB3 {'rot': 0.00596}
  t=   8.88  cb_yield           L15-CB2 {'rot': 0.00549}
  t=   8.88  cb_yield           L16-CB2 {'rot': 0.00543}
  t=   8.88  cb_yield           L19-CB3 {'rot': 0.00631}
  t=   8.88  cb_yield           L20-CB3 {'rot': 0.00613}
  t=   8.88  cb_yield           L21-CB3 {'rot': 0.00593}
  t=   9.00  cb_yield           L22-CB3 {'rot': 0.00633}
  t=   9.00  cb_yield           L23-CB3 {'rot': 0.00615}
  t=   9.00  cb_yield           L24-CB3 {'rot': 0.00592}
  t=   9.88  cb_yield           L3-CB0 {'rot': 0.00551}
  t=   9.88  cb_yield           L4-CB0 {'rot': 0.00594}
  t=   9.88  cb_yield           L4-CB1 {'rot': 0.00545}
  t=   9.88  cb_yield           L5-CB0 {'rot': 0.00612}
  t=   9.88  cb_yield           L5-CB1 {'rot': 0.00576}
  t=   9.88  cb_yield           L6-CB0 {'rot': 0.00611}
  t=   9.88  cb_yield           L6-CB1 {'rot': 0.00587}
  t=   9.88  cb_yield           L7-CB0 {'rot': 0.00594}
  t=   9.88  cb_yield           L7-CB1 {'rot': 0.0058}
  t=   9.88  cb_yield           L8-CB0 {'rot': 0.00563}
  t=   9.88  cb_yield           L8-CB1 {'rot': 0.00558}
  progress t=  10.0s  max corner drift so far=0.0022  wall clock=120s
  t=  10.38  cb_yield           L2-CB2 {'rot': 0.00552}
  t=  10.38  cb_yield           L3-CB2 {'rot': 0.00642}
  t=  10.38  cb_yield           L3-CB3 {'rot': 0.00614}
  t=  10.38  cb_yield           L4-CB2 {'rot': 0.00688}
  t=  10.38  cb_yield           L4-CB3 {'rot': 0.00654}
  t=  10.38  cb_yield           L5-CB2 {'rot': 0.00695}
  t=  10.38  cb_yield           L20-CB1 {'rot': 0.00579}
  t=  10.38  cb_yield           L21-CB1 {'rot': 0.00609}
  t=  10.38  cb_yield           L22-CB1 {'rot': 0.0063}
  t=  10.38  cb_yield           L23-CB1 {'rot': 0.00641}
  t=  10.38  cb_yield           L24-CB1 {'rot': 0.00643}
  t=  10.38  cb_yield           L25-CB1 {'rot': 0.00637}
  t=  10.38  cb_yield           L26-CB1 {'rot': 0.00624}
  t=  10.38  cb_yield           L27-CB1 {'rot': 0.00606}
  t=  10.38  cb_yield           L28-CB1 {'rot': 0.00585}
  t=  10.50  cb_yield           L2-CB1 {'rot': 0.00543}
  t=  10.50  cb_yield           L2-CB3 {'rot': 0.00618}
  t=  10.50  cb_yield           L3-CB1 {'rot': 0.00625}
  t=  10.50  cb_yield           L22-CB0 {'rot': 0.00575}
  t=  10.50  cb_yield           L23-CB0 {'rot': 0.00601}
  t=  10.50  cb_yield           L24-CB0 {'rot': 0.0061}
  t=  10.50  cb_yield           L25-CB0 {'rot': 0.00603}
  t=  10.50  cb_yield           L26-CB0 {'rot': 0.00583}
  t=  10.50  cb_yield           L29-CB1 {'rot': 0.00644}
  t=  10.50  cb_yield           L30-CB1 {'rot': 0.00602}
  t=  10.63  cb_yield           L2-CB0 {'rot': 0.00711}
  t=  10.63  cb_yield           L9-CB0 {'rot': 0.00639}
  t=  10.63  cb_yield           L9-CB1 {'rot': 0.00606}
  t=  10.63  cb_yield           L10-CB0 {'rot': 0.00548}
  t=  10.75  cb_yield           L10-CB1 {'rot': 0.00643}
  t=  10.75  cb_yield           L11-CB0 {'rot': 0.00598}
  t=  10.75  cb_yield           L11-CB1 {'rot': 0.00554}
  t=  10.88  cb_yield           L12-CB0 {'rot': 0.00695}
  t=  10.88  cb_yield           L12-CB1 {'rot': 0.00664}
  t=  10.88  cb_yield           L13-CB0 {'rot': 0.00648}
  t=  10.88  cb_yield           L13-CB1 {'rot': 0.00614}
  t=  10.88  cb_yield           L14-CB0 {'rot': 0.00599}
  t=  10.88  cb_yield           L14-CB1 {'rot': 0.00562}
  t=  10.88  cb_yield           L15-CB0 {'rot': 0.00551}
  t=  11.00  cb_yield           L15-CB1 {'rot': 0.00798}
  t=  11.00  cb_yield           L16-CB0 {'rot': 0.00774}
  t=  11.00  cb_yield           L16-CB1 {'rot': 0.00789}
  t=  11.00  cb_yield           L17-CB0 {'rot': 0.00765}
  t=  11.00  cb_yield           L17-CB1 {'rot': 0.00777}
  t=  11.00  cb_yield           L18-CB0 {'rot': 0.00754}
  t=  11.00  cb_yield           L18-CB1 {'rot': 0.00763}
  t=  11.00  cb_yield           L19-CB0 {'rot': 0.00742}
  t=  11.00  cb_yield           L19-CB1 {'rot': 0.00749}
  t=  11.00  cb_yield           L20-CB0 {'rot': 0.0073}
  t=  11.00  cb_yield           L21-CB0 {'rot': 0.00716}
  t=  11.13  cb_yield           L27-CB0 {'rot': 0.00671}
  t=  11.13  cb_yield           L28-CB0 {'rot': 0.00584}
  t=  11.38  cb_yield           L29-CB0 {'rot': 0.00593}
  t=  12.88  cb_yield           L25-CB3 {'rot': 0.00621}
  t=  12.88  cb_yield           L26-CB3 {'rot': 0.00586}
  t=  19.12  cb_yield           L27-CB3 {'rot': 0.00609}
  t=  19.12  cb_yield           L28-CB3 {'rot': 0.00598}
  t=  19.12  cb_yield           L29-CB3 {'rot': 0.00582}
  t=  19.37  cb_yield           L17-CB2 {'rot': 0.00575}
  progress t=  20.0s  max corner drift so far=0.0051  wall clock=250s
  t=  20.75  cb_yield           L31-CB1 {'rot': 0.00577}
  t=  20.87  cb_yield           L30-CB0 {'rot': 0.00699}
  t=  20.87  cb_yield           L31-CB0 {'rot': 0.00653}
  t=  20.87  cb_yield           L32-CB0 {'rot': 0.0062}
  t=  20.87  cb_yield           L32-CB1 {'rot': 0.00741}
  t=  20.87  cb_yield           L33-CB0 {'rot': 0.00604}
  t=  20.87  cb_yield           L33-CB1 {'rot': 0.00725}
  t=  22.12  cb_yield           L1-CB0 {'rot': 0.00541}
  t=  22.12  cb_yield           L1-CB1 {'rot': 0.00564}
  t=  24.62  cb_yield           L18-CB2 {'rot': 0.0067}
  t=  24.62  cb_yield           L19-CB2 {'rot': 0.0064}
  t=  24.62  cb_yield           L20-CB2 {'rot': 0.00613}
  t=  24.62  cb_yield           L21-CB2 {'rot': 0.00586}
  t=  24.62  cb_yield           L30-CB3 {'rot': 0.00624}
  t=  24.62  cb_yield           L31-CB3 {'rot': 0.00603}
  t=  24.62  cb_yield           L32-CB3 {'rot': 0.00585}
  t=  24.75  cb_yield           L22-CB2 {'rot': 0.00685}
  t=  24.75  cb_yield           L23-CB2 {'rot': 0.00631}
  t=  24.75  cb_yield           L24-CB2 {'rot': 0.00575}
  t=  24.87  cb_yield           L1-CB3 {'rot': 0.00536}
  t=  25.25  cb_yield           L25-CB2 {'rot': 0.00593}
  t=  26.75  cb_yield           L26-CB2 {'rot': 0.00711}
  t=  26.75  cb_yield           L27-CB2 {'rot': 0.00658}
  t=  26.75  cb_yield           L28-CB2 {'rot': 0.00601}
  t=  26.87  cb_yield           L29-CB2 {'rot': 0.0068}
  t=  26.87  cb_yield           L30-CB2 {'rot': 0.00635}
  t=  26.87  cb_yield           L31-CB2 {'rot': 0.00586}
  t=  26.87  cb_yield           L33-CB3 {'rot': 0.00725}
  t=  28.00  cb_yield           L1-CB2 {'rot': 0.00697}
  progress t=  30.0s  max corner drift so far=0.0077  wall clock=387s
  t=  32.87  cb_yield           L32-CB2 {'rot': 0.00636}
  t=  32.87  cb_yield           L33-CB2 {'rot': 0.0061}
  progress t=  40.0s  max corner drift so far=0.0077  wall clock=522s
  t=  49.12  cb_failure         L18-CB3 {'rot': 0.03051}
  t=  49.12  cb_failure         L19-CB3 {'rot': 0.03114}
  t=  49.12  cb_failure         L20-CB3 {'rot': 0.03159}
  t=  49.12  cb_failure         L21-CB3 {'rot': 0.03182}
  t=  49.12  cb_failure         L22-CB3 {'rot': 0.03181}
  t=  49.12  cb_failure         L23-CB3 {'rot': 0.03157}
  t=  49.12  cb_failure         L24-CB3 {'rot': 0.03109}
  t=  49.12  cb_failure         L25-CB3 {'rot': 0.03035}
  t=  49.25  cb_failure         L16-CB3 {'rot': 0.02985}
  t=  49.25  cb_failure         L17-CB3 {'rot': 0.03102}
  progress t=  50.0s  max corner drift so far=0.0077  wall clock=656s
  t=  59.00  cb_failure         L9-CB3 {'rot': 0.02941}
  t=  59.00  cb_failure         L10-CB1 {'rot': 0.02951}
  t=  59.00  cb_failure         L10-CB3 {'rot': 0.03052}
  t=  59.00  cb_failure         L11-CB1 {'rot': 0.03015}
  t=  59.00  cb_failure         L11-CB3 {'rot': 0.03145}
  t=  59.00  cb_failure         L12-CB1 {'rot': 0.03069}
  t=  59.00  cb_failure         L12-CB3 {'rot': 0.03227}
  t=  59.00  cb_failure         L13-CB1 {'rot': 0.03103}
  t=  59.00  cb_failure         L13-CB3 {'rot': 0.03285}
  t=  59.00  cb_failure         L14-CB1 {'rot': 0.03109}
  t=  59.00  cb_failure         L14-CB3 {'rot': 0.03312}
  t=  59.00  cb_failure         L15-CB1 {'rot': 0.03094}
  t=  59.00  cb_failure         L15-CB3 {'rot': 0.03313}
  t=  59.00  cb_failure         L16-CB1 {'rot': 0.03062}
  t=  59.00  cb_failure         L17-CB1 {'rot': 0.03003}
  t=  59.12  cb_failure         L6-CB3 {'rot': 0.03007}
  t=  59.12  cb_failure         L7-CB1 {'rot': 0.02991}
  t=  59.12  cb_failure         L7-CB3 {'rot': 0.03212}
  t=  59.12  cb_failure         L8-CB1 {'rot': 0.03124}
  t=  59.12  cb_failure         L8-CB3 {'rot': 0.0337}
  t=  59.12  cb_failure         L9-CB1 {'rot': 0.03217}
  t=  59.25  cb_failure         L5-CB3 {'rot': 0.03204}
  t=  59.25  cb_failure         L6-CB1 {'rot': 0.03053}
  t=  59.25  cb_failure         L7-CB2 {'rot': 0.03031}
  t=  59.25  cb_failure         L8-CB2 {'rot': 0.03111}
  t=  59.25  cb_failure         L9-CB2 {'rot': 0.03136}
  t=  59.25  cb_failure         L10-CB2 {'rot': 0.0312}
  t=  59.25  cb_failure         L11-CB2 {'rot': 0.0307}
  t=  59.25  cb_failure         L12-CB2 {'rot': 0.02995}
  t=  59.37  cb_failure         L4-CB3 {'rot': 0.03167}
  t=  59.37  cb_failure         L5-CB2 {'rot': 0.03038}
  t=  59.37  cb_failure         L6-CB2 {'rot': 0.03219}
  t=  59.37  cb_failure         L13-CB2 {'rot': 0.03052}
  t=  59.50  cb_failure         L14-CB2 {'rot': 0.03092}
  t=  59.50  cb_failure         L15-CB2 {'rot': 0.02958}
  t=  59.62  cb_failure         L16-CB2 {'rot': 0.03075}
  t=  59.75  cb_failure         L17-CB2 {'rot': 0.03132}
  t=  59.87  cb_failure         L18-CB2 {'rot': 0.02998}
  progress t=  60.0s  max corner drift so far=0.0091  wall clock=793s
  t=  64.87  cb_failure         L18-CB1 {'rot': 0.03299}
  t=  64.87  cb_failure         L19-CB1 {'rot': 0.03228}
  t=  64.87  cb_failure         L20-CB1 {'rot': 0.03146}
  t=  64.87  cb_failure         L21-CB1 {'rot': 0.03049}
  t=  64.87  cb_failure         L26-CB3 {'rot': 0.03005}
  t=  65.00  cb_failure         L22-CB1 {'rot': 0.0316}
  t=  65.00  cb_failure         L23-CB1 {'rot': 0.0302}
  t=  65.12  cb_failure         L12-CB0 {'rot': 0.02956}
  t=  65.12  cb_failure         L13-CB0 {'rot': 0.02963}
  t=  65.12  cb_failure         L14-CB0 {'rot': 0.02939}
  t=  65.12  cb_failure         L19-CB2 {'rot': 0.03019}
  t=  65.25  cb_failure         L10-CB0 {'rot': 0.02956}
  t=  65.25  cb_failure         L11-CB0 {'rot': 0.03006}
  t=  65.25  cb_failure         L15-CB0 {'rot': 0.02979}
  t=  65.25  cb_failure         L24-CB1 {'rot': 0.03007}
  t=  65.37  cb_failure         L5-CB1 {'rot': 0.02964}
  t=  65.37  cb_failure         L9-CB0 {'rot': 0.02959}
  t=  65.50  cb_failure         L7-CB0 {'rot': 0.02978}
  t=  65.50  cb_failure         L8-CB0 {'rot': 0.03041}
  t=  65.62  cb_failure         L6-CB0 {'rot': 0.03018}
  progress t=  70.0s  max corner drift so far=0.0091  wall clock=924s
  progress t=  80.0s  max corner drift so far=0.0091  wall clock=1049s
  progress t=  90.0s  max corner drift so far=0.0091  wall clock=1175s
  progress t= 100.0s  max corner drift so far=0.0091  wall clock=1299s
